test : data/iris_test.dat train : data/iris_training.dat validate : data/iris_validation.dat
weights matrix:
 -0.0395811 -0.286224 -0.18007
 0.468825 0.362254 0.33298
 -0.141128 -0.368551 0.253744
 0.1372 -0.468997 -0.327973
 0.448594 -0.444178 0.28505
sample_count 75 Sample index 38
 i 0:0.397609 i 1:0.798551 i 2:0.128226 i 3:0.208478 bias 1
 test_print 2.53286
net matrix:
 0.817744 -0.413738 0.443515
outputs matrix:
 0.83692 0.304179 0.708277
error matrix:
 0.16308 -0.304179 -0.708277
delta matrix:
 0.0445159 -0.128762 -0.292689
weights_delta matrix:
 0.00176999 -0.00511968 -0.0116376
 0.00355482 -0.0102823 -0.0233727
 0.00057081 -0.00165106 -0.00375304
 0.000928059 -0.0026844 -0.00610193
 0.00445159 -0.0128762 -0.0292689
weights matrix:
 -0.0378111 -0.291343 -0.191707
 0.472379 0.351972 0.309607
 -0.140558 -0.370202 0.249991
 0.138128 -0.471681 -0.334075
 0.453046 -0.457054 0.255781
regression_error on 'test' 0.325681
classification_error on 'test' 0.684211
Save,1,0.325681,0.684211
sample_count 75 Sample index 15
 i 0:0.720948 i 1:0.410364 i 2:0.65746 i 3:0.573489 bias 1
 test_print 3.36226
net matrix:
 0.606438 -1.03656 0.217392
outputs matrix:
 0.770807 0.111737 0.607016
error matrix:
 -0.770807 0.888263 -0.607016
delta matrix:
 -0.272347 0.176324 -0.289604
weights_delta matrix:
 -0.0196348 0.012712 -0.020879
 -0.0111761 0.0072357 -0.0118843
 -0.0179057 0.0115926 -0.0190403
 -0.0156188 0.010112 -0.0166085
 -0.0272347 0.0176324 -0.0289604
weights matrix:
 -0.0574459 -0.278631 -0.212586
 0.461203 0.359208 0.297723
 -0.158463 -0.358609 0.230951
 0.122509 -0.461569 -0.350684
 0.425811 -0.439422 0.22682
regression_error on 'test' 0.315486
classification_error on 'test' 0.684211
Save,2,0.315486,0.684211
sample_count 75 Sample index 21
 i 0:0.836426 i 1:0.445654 i 2:0.884274 i 3:0.719493 bias 1
 test_print 3.88585
net matrix:
 0.531319 -1.1616 0.133598
outputs matrix:
 0.743194 0.08922 0.566405
error matrix:
 -0.743194 -0.08922 0.433595
delta matrix:
 -0.283687 -0.0145 0.212974
weights_delta matrix:
 -0.0237283 -0.00121282 0.0178137
 -0.0126426 -0.000646198 0.00949126
 -0.0250857 -0.0012822 0.0188327
 -0.0204111 -0.00104326 0.0153233
 -0.0283687 -0.00145 0.0212974
weights matrix:
 -0.0811742 -0.279844 -0.194773
 0.448561 0.358562 0.307214
 -0.183549 -0.359891 0.249784
 0.102098 -0.462612 -0.33536
 0.397443 -0.440872 0.248118
regression_error on 'test' 0.307249
classification_error on 'test' 0.684211
Save,3,0.307249,0.684211
sample_count 75 Sample index 36
 i 0:0.744044 i 1:0.516233 i 2:0.702823 i 3:0.901998 bias 1
 test_print 3.8651
net matrix:
 0.531697 -1.1342 0.134852
outputs matrix:
 0.743339 0.0937738 0.56702
error matrix:
 -0.743339 -0.0937738 0.43298
delta matrix:
 -0.283638 -0.0159378 0.2126
weights_delta matrix:
 -0.0211039 -0.00118584 0.0158184
 -0.0146423 -0.000822764 0.0109751
 -0.0199347 -0.00112015 0.014942
 -0.0255841 -0.00143759 0.0191765
 -0.0283638 -0.00159378 0.02126
weights matrix:
 -0.102278 -0.28103 -0.178954
 0.433918 0.357739 0.318189
 -0.203484 -0.361011 0.264726
 0.0765144 -0.46405 -0.316184
 0.369079 -0.442465 0.269378
regression_error on 'test' 0.299297
classification_error on 'test' 0.684211
Save,4,0.299297,0.684211
sample_count 75 Sample index 51
 i 0:0.628566 i 1:0.516233 i 2:0.763306 i 3:0.719493 bias 1
 test_print 3.6276
net matrix:
 0.428524 -1.04388 0.295728
outputs matrix:
 0.702044 0.110293 0.643699
error matrix:
 -0.702044 -0.110293 0.356301
delta matrix:
 -0.293705 -0.0216456 0.163436
weights_delta matrix:
 -0.0184613 -0.00136057 0.010273
 -0.015162 -0.00111742 0.00843709
 -0.0224187 -0.00165222 0.0124751
 -0.0211318 -0.00155739 0.0117591
 -0.0293705 -0.00216456 0.0163436
weights matrix:
 -0.120739 -0.282391 -0.168681
 0.418756 0.356621 0.326626
 -0.225902 -0.362664 0.277201
 0.0553825 -0.465607 -0.304425
 0.339708 -0.44463 0.285721
regression_error on 'test' 0.291367
classification_error on 'test' 0.605263
Save,5,0.291367,0.605263
sample_count 75 Sample index 71
 i 0:0.143558 i 1:0.480944 i 2:0.0979839 i 3:0.0989754 bias 1
 test_print 1.82146
net matrix:
 0.50712 -0.395273 0.415625
outputs matrix:
 0.733849 0.312051 0.696619
error matrix:
 0.266151 -0.312051 -0.696619
delta matrix:
 0.103966 -0.133979 -0.294448
weights_delta matrix:
 0.00149252 -0.00192338 -0.00422704
 0.00500019 -0.00644366 -0.0141613
 0.0010187 -0.00131278 -0.00288512
 0.00102901 -0.00132607 -0.00291431
 0.0103966 -0.0133979 -0.0294448
weights matrix:
 -0.119247 -0.284314 -0.172908
 0.423756 0.350178 0.312465
 -0.224884 -0.363976 0.274316
 0.0564115 -0.466934 -0.307339
 0.350105 -0.458028 0.256276
regression_error on 'test' 0.290638
classification_error on 'test' 0.684211
Save,6,0.290638,0.684211
sample_count 75 Sample index 12
 i 0:0.166653 i 1:0.480944 i 2:0.128226 i 3:0.135476 bias 1
 test_print 1.9113
net matrix:
 0.512842 -0.446923 0.371276
outputs matrix:
 0.736078 0.290317 0.677554
error matrix:
 0.263922 -0.290317 -0.677554
delta matrix:
 0.102543 -0.11963 -0.296057
weights_delta matrix:
 0.0017089 -0.00199366 -0.00493387
 0.00493173 -0.00575351 -0.0142387
 0.00131486 -0.00153396 -0.00379622
 0.00138921 -0.00162069 -0.00401086
 0.0102543 -0.011963 -0.0296057
weights matrix:
 -0.117538 -0.286308 -0.177842
 0.428688 0.344424 0.298226
 -0.223569 -0.36551 0.27052
 0.0578007 -0.468554 -0.31135
 0.360359 -0.469991 0.226671
regression_error on 'test' 0.290132
classification_error on 'test' 0.684211
Save,7,0.290132,0.684211
sample_count 75 Sample index 50
 i 0:0.489992 i 1:0.833841 i 2:0.113105 i 3:0.135476 bias 1
 test_print 2.57241
net matrix:
 0.642768 -0.427903 0.37662
outputs matrix:
 0.783391 0.298216 0.679884
error matrix:
 0.216609 -0.298216 -0.679884
delta matrix:
 0.0735127 -0.124823 -0.295942
weights_delta matrix:
 0.00360206 -0.00611625 -0.0145009
 0.00612979 -0.0104083 -0.0246769
 0.000831466 -0.00141182 -0.00334726
 0.000995921 -0.00169106 -0.00400931
 0.00735127 -0.0124823 -0.0295942
weights matrix:
 -0.113936 -0.292424 -0.192343
 0.434818 0.334016 0.27355
 -0.222737 -0.366922 0.267172
 0.0587966 -0.470245 -0.315359
 0.367711 -0.482473 0.197077
regression_error on 'test' 0.289205
classification_error on 'test' 0.684211
Save,8,0.289205,0.684211
sample_count 75 Sample index 44
 i 0:0.536183 i 1:0.375074 i 2:0.702823 i 3:0.646491 bias 1
 test_print 3.26057
net matrix:
 0.351176 -1.07588 0.180445
outputs matrix:
 0.668709 0.104168 0.589256
error matrix:
 -0.668709 0.895832 -0.589256
delta matrix:
 -0.296288 0.167192 -0.285239
weights_delta matrix:
 -0.0158865 0.00896457 -0.015294
 -0.011113 0.00627095 -0.0106986
 -0.0208238 0.0117507 -0.0200473
 -0.0191547 0.0108088 -0.0184405
 -0.0296288 0.0167192 -0.0285239
weights matrix:
 -0.129822 -0.283459 -0.207637
 0.423705 0.340287 0.262851
 -0.243561 -0.355171 0.247125
 0.0396419 -0.459436 -0.3338
 0.338082 -0.465754 0.168553
regression_error on 'test' 0.278425
classification_error on 'test' 0.684211
Save,9,0.278425,0.684211
sample_count 75 Sample index 10
 i 0:0.697853 i 1:0.304495 i 2:0.808669 i 3:0.719493 bias 1
 test_print 3.53051
net matrix:
 0.208063 -1.17773 0.0633651
outputs matrix:
 0.602556 0.086633 0.53164
error matrix:
 -0.602556 -0.086633 0.46836
delta matrix:
 -0.288603 -0.0137101 0.233242
weights_delta matrix:
 -0.0201402 -0.000956766 0.0162769
 -0.00878781 -0.000417467 0.00710211
 -0.0233384 -0.0011087 0.0188616
 -0.0207648 -0.000986435 0.0167816
 -0.0288603 -0.00137101 0.0233242
weights matrix:
 -0.149963 -0.284416 -0.19136
 0.414917 0.33987 0.269953
 -0.2669 -0.35628 0.265987
 0.0188771 -0.460423 -0.317018
 0.309221 -0.467125 0.191877
regression_error on 'test' 0.270336
classification_error on 'test' 0.657895
Save,10,0.270336,0.657895
sample_count 75 Sample index 43
 i 0:0.582374 i 1:0.198626 i 2:0.612097 i 3:0.60999 bias 1
 test_print 3.00309
net matrix:
 0.152447 -1.06419 0.103485
outputs matrix:
 0.575638 0.10637 0.551559
error matrix:
 -0.575638 0.89363 -0.551559
delta matrix:
 -0.281233 0.169888 -0.272847
weights_delta matrix:
 -0.0163783 0.00989385 -0.0158899
 -0.00558601 0.00337442 -0.00541945
 -0.0172142 0.0103988 -0.0167009
 -0.0171549 0.010363 -0.0166434
 -0.0281233 0.0169888 -0.0272847
weights matrix:
 -0.166341 -0.274522 -0.20725
 0.409331 0.343244 0.264534
 -0.284114 -0.345881 0.249286
 0.00172221 -0.45006 -0.333661
 0.281098 -0.450136 0.164592
regression_error on 'test' 0.261192
classification_error on 'test' 0.657895
Save,11,0.261192,0.657895
sample_count 75 Sample index 39
 i 0:0.397609 i 1:0.622103 i 2:0.18871 i 3:0.135476 bias 1
 test_print 2.3439
net matrix:
 0.416224 -0.471999 0.248594
outputs matrix:
 0.696872 0.280093 0.621798
error matrix:
 0.303128 -0.280093 -0.621798
delta matrix:
 0.128066 -0.112957 -0.292451
weights_delta matrix:
 0.00509203 -0.00449126 -0.0116281
 0.00796704 -0.00702707 -0.0181934
 0.00241674 -0.00213161 -0.00551884
 0.00173499 -0.00153029 -0.003962
 0.0128066 -0.0112957 -0.0292451
weights matrix:
 -0.161249 -0.279013 -0.218878
 0.417298 0.336217 0.24634
 -0.281697 -0.348013 0.243767
 0.0034572 -0.45159 -0.337623
 0.293905 -0.461432 0.135347
regression_error on 'test' 0.26212
classification_error on 'test' 0.684211
Save,12,0.26212,0.684211
sample_count 75 Sample index 62
 i 0:0.582374 i 1:0.622103 i 2:0.748185 i 3:0.901998 bias 1
 test_print 3.85466
net matrix:
 0.251957 -1.08247 0.0389741
outputs matrix:
 0.623379 0.102943 0.519477
error matrix:
 -0.623379 -0.102943 0.480523
delta matrix:
 -0.292711 -0.0190127 0.239897
weights_delta matrix:
 -0.0170467 -0.00110725 0.013971
 -0.0182096 -0.00118279 0.0149241
 -0.0219002 -0.0014225 0.0179487
 -0.0264025 -0.00171494 0.0216386
 -0.0292711 -0.00190127 0.0239897
weights matrix:
 -0.178296 -0.280121 -0.204907
 0.399089 0.335034 0.261264
 -0.303597 -0.349435 0.261716
 -0.0229453 -0.453305 -0.315985
 0.264634 -0.463333 0.159337
regression_error on 'test' 0.253951
classification_error on 'test' 0.447368
Save,13,0.253951,0.447368
sample_count 75 Sample index 32
 i 0:0.697853 i 1:0.516233 i 2:0.642339 i 3:0.60999 bias 1
 test_print 3.46642
net matrix:
 0.137224 -0.986828 0.126577
outputs matrix:
 0.568184 0.121997 0.562953
error matrix:
 -0.568184 0.878003 -0.562953
delta matrix:
 -0.278809 0.188092 -0.277014
weights_delta matrix:
 -0.0194568 0.0131261 -0.0193315
 -0.014393 0.00970993 -0.0143004
 -0.017909 0.0120819 -0.0177937
 -0.0170071 0.0114734 -0.0168976
 -0.0278809 0.0188092 -0.0277014
weights matrix:
 -0.197752 -0.266995 -0.224239
 0.384696 0.344744 0.246964
 -0.321506 -0.337354 0.243922
 -0.0399523 -0.441832 -0.332882
 0.236753 -0.444524 0.131635
regression_error on 'test' 0.245136
classification_error on 'test' 0.447368
Save,14,0.245136,0.447368
sample_count 75 Sample index 60
 i 0:0.559279 i 1:0.410364 i 2:0.536492 i 3:0.536988 bias 1
 test_print 3.04312
net matrix:
 0.0900799 -0.870624 0.0596766
outputs matrix:
 0.544919 0.149155 0.529803
error matrix:
 -0.544919 0.850845 -0.529803
delta matrix:
 -0.27026 0.215957 -0.26396
weights_delta matrix:
 -0.0151151 0.012078 -0.0147627
 -0.0110905 0.00886211 -0.010832
 -0.0144993 0.0115859 -0.0141613
 -0.0145127 0.0115966 -0.0141744
 -0.027026 0.0215957 -0.026396
weights matrix:
 -0.212867 -0.254917 -0.239002
 0.373605 0.353606 0.236132
 -0.336005 -0.325768 0.229761
 -0.054465 -0.430235 -0.347057
 0.209727 -0.422928 0.105239
regression_error on 'test' 0.23841
classification_error on 'test' 0.447368
Save,15,0.23841,0.447368
sample_count 75 Sample index 51
 i 0:0.628566 i 1:0.516233 i 2:0.763306 i 3:0.719493 bias 1
 test_print 3.6276
net matrix:
 -0.0268693 -0.958828 0.00258285
outputs matrix:
 0.486569 0.128123 0.501291
error matrix:
 -0.486569 -0.128123 0.498709
delta matrix:
 -0.243109 -0.0286246 0.249353
weights_delta matrix:
 -0.015281 -0.00179925 0.0156735
 -0.0125501 -0.0014777 0.0128724
 -0.0185566 -0.00218494 0.0190332
 -0.0174915 -0.00205952 0.0179407
 -0.0243109 -0.00286246 0.0249353
weights matrix:
 -0.228148 -0.256716 -0.223328
 0.361055 0.352128 0.249004
 -0.354562 -0.327953 0.248794
 -0.0719565 -0.432295 -0.329116
 0.185416 -0.425791 0.130175
regression_error on 'test' 0.23343
classification_error on 'test' 0.263158
Save,16,0.23343,0.263158
sample_count 75 Sample index 0
 i 0:0.282131 i 1:0.269205 i 2:0.430645 i 3:0.427485 bias 1
 test_print 2.40947
net matrix:
 0.0347953 -0.729454 0.10065
outputs matrix:
 0.517391 0.188634 0.550156
error matrix:
 -0.517391 0.811366 -0.550156
delta matrix:
 -0.258382 0.248361 -0.27231
weights_delta matrix:
 -0.00728977 0.00700704 -0.00768271
 -0.00695578 0.00668601 -0.00733072
 -0.0111271 0.0106956 -0.0117269
 -0.0110455 0.0106171 -0.0116408
 -0.0258382 0.0248361 -0.027231
weights matrix:
 -0.235438 -0.249709 -0.231011
 0.354099 0.358814 0.241674
 -0.365689 -0.317257 0.237067
 -0.0830019 -0.421677 -0.340757
 0.159578 -0.400955 0.102944
regression_error on 'test' 0.228774
classification_error on 'test' 0.263158
Save,17,0.228774,0.263158
sample_count 75 Sample index 19
 i 0:0.674757 i 1:0.480944 i 2:0.596976 i 3:0.573489 bias 1
 test_print 3.32617
net matrix:
 -0.0948923 -0.8281 0.00940184
outputs matrix:
 0.452696 0.160273 0.504701
error matrix:
 -0.452696 0.839727 -0.504701
delta matrix:
 -0.224322 0.22603 -0.252328
weights_delta matrix:
 -0.0151363 0.0152515 -0.017026
 -0.0107886 0.0108708 -0.0121356
 -0.0133915 0.0134935 -0.0150634
 -0.0128646 0.0129626 -0.0144707
 -0.0224322 0.022603 -0.0252328
weights matrix:
 -0.250574 -0.234457 -0.248037
 0.343311 0.369685 0.229538
 -0.379081 -0.303764 0.222004
 -0.0958666 -0.408715 -0.355228
 0.137145 -0.378352 0.0777107
regression_error on 'test' 0.224612
classification_error on 'test' 0.263158
Save,18,0.224612,0.263158
sample_count 75 Sample index 47
 i 0:0.282131 i 1:0.516233 i 2:0.158468 i 3:0.0989754 bias 1
 test_print 2.05581
net matrix:
 0.174118 -0.342245 0.126249
outputs matrix:
 0.58619 0.33526 0.562791
error matrix:
 0.41381 -0.33526 -0.562791
delta matrix:
 0.200757 -0.149433 -0.276958
weights_delta matrix:
 0.00566397 -0.00421595 -0.00781383
 0.0103637 -0.0077142 -0.0142975
 0.00318135 -0.00236803 -0.00438889
 0.001987 -0.00147901 -0.0027412
 0.0200757 -0.0149433 -0.0276958
weights matrix:
 -0.24491 -0.238673 -0.255851
 0.353674 0.361971 0.215241
 -0.375899 -0.306132 0.217615
 -0.0938796 -0.410194 -0.357969
 0.157221 -0.393295 0.050015
regression_error on 'test' 0.225815
classification_error on 'test' 0.263158
Save,19,0.225815,0.263158
sample_count 75 Sample index 50
 i 0:0.489992 i 1:0.833841 i 2:0.113105 i 3:0.135476 bias 1
 test_print 2.57241
net matrix:
 0.276891 -0.298613 0.0802437
outputs matrix:
 0.635012 0.354979 0.540036
error matrix:
 0.364988 -0.354979 -0.540036
delta matrix:
 0.169188 -0.162558 -0.268287
weights_delta matrix:
 0.00829005 -0.00796522 -0.0131458
 0.0141076 -0.0135548 -0.0223708
 0.0019136 -0.00183861 -0.00303446
 0.00229209 -0.00220227 -0.00363464
 0.0169188 -0.0162558 -0.0268287
weights matrix:
 -0.23662 -0.246638 -0.268996
 0.367782 0.348416 0.19287
 -0.373986 -0.30797 0.21458
 -0.0915875 -0.412396 -0.361603
 0.17414 -0.409551 0.0231863
regression_error on 'test' 0.227402
classification_error on 'test' 0.552632
Save,20,0.227402,0.552632
sample_count 75 Sample index 60
 i 0:0.559279 i 1:0.410364 i 2:0.536492 i 3:0.536988 bias 1
 test_print 3.04312
net matrix:
 -0.0570941 -0.791188 -0.127167
outputs matrix:
 0.471484 0.170459 0.436757
error matrix:
 -0.471484 0.829541 -0.436757
delta matrix:
 -0.234975 0.234599 -0.214885
weights_delta matrix:
 -0.0131417 0.0131206 -0.0120181
 -0.00964253 0.00962709 -0.0088181
 -0.0126062 0.012586 -0.0115284
 -0.0126179 0.0125977 -0.0115391
 -0.0234975 0.0234599 -0.0214885
weights matrix:
 -0.249762 -0.233518 -0.281015
 0.358139 0.358043 0.184052
 -0.386592 -0.295384 0.203052
 -0.104205 -0.399798 -0.373143
 0.150642 -0.386091 0.00169782
regression_error on 'test' 0.224065
classification_error on 'test' 0.526316
Save,21,0.224065,0.526316
sample_count 75 Sample index 18
 i 0:0.513088 i 1:0.480944 i 2:0.566734 i 3:0.60999 bias 1
 test_print 3.17076
net matrix:
 -0.0879215 -0.744984 -0.166506
outputs matrix:
 0.456152 0.183926 0.417508
error matrix:
 -0.456152 0.816074 -0.417508
delta matrix:
 -0.226322 0.244981 -0.203072
weights_delta matrix:
 -0.0116123 0.0125697 -0.0104194
 -0.0108848 0.0117822 -0.00976662
 -0.0128264 0.0138839 -0.0115088
 -0.0138054 0.0149436 -0.0123872
 -0.0226322 0.0244981 -0.0203072
weights matrix:
 -0.261374 -0.220948 -0.291434
 0.347254 0.369826 0.174285
 -0.399418 -0.2815 0.191543
 -0.118011 -0.384855 -0.38553
 0.12801 -0.361593 -0.0186094
regression_error on 'test' 0.221513
classification_error on 'test' 0.5
Save,22,0.221513,0.5
sample_count 75 Sample index 39
 i 0:0.397609 i 1:0.622103 i 2:0.18871 i 3:0.135476 bias 1
 test_print 2.3439
net matrix:
 0.148752 -0.324634 -0.0421468
outputs matrix:
 0.573832 0.343154 0.478939
error matrix:
 0.426168 -0.343154 -0.478939
delta matrix:
 0.208438 -0.154694 -0.239045
weights_delta matrix:
 0.00828767 -0.00615076 -0.00950463
 0.012967 -0.00962353 -0.014871
 0.00393343 -0.00291922 -0.00451101
 0.00282383 -0.00209573 -0.00323848
 0.0208438 -0.0154694 -0.0239045
weights matrix:
 -0.253087 -0.227099 -0.300939
 0.360221 0.360202 0.159414
 -0.395485 -0.284419 0.187032
 -0.115187 -0.386951 -0.388768
 0.148854 -0.377062 -0.0425138
regression_error on 'test' 0.223731
classification_error on 'test' 0.657895
Save,23,0.223731,0.657895
sample_count 75 Sample index 39
 i 0:0.397609 i 1:0.622103 i 2:0.18871 i 3:0.135476 bias 1
 test_print 2.3439
net matrix:
 0.182082 -0.349371 -0.0803718
outputs matrix:
 0.590048 0.332091 0.4599
error matrix:
 0.409952 -0.332091 -0.4599
delta matrix:
 0.198328 -0.14732 -0.228471
weights_delta matrix:
 0.00788568 -0.00585758 -0.00908422
 0.012338 -0.00916483 -0.0142133
 0.00374264 -0.00278008 -0.00431148
 0.00268686 -0.00199583 -0.00309524
 0.0198328 -0.014732 -0.0228471
weights matrix:
 -0.245201 -0.232956 -0.310023
 0.372559 0.351037 0.145201
 -0.391742 -0.2872 0.182721
 -0.1125 -0.388946 -0.391863
 0.168687 -0.391794 -0.0653609
regression_error on 'test' 0.226278
classification_error on 'test' 0.684211
Save,24,0.226278,0.684211
sample_count 75 Sample index 59
 i 0:0.60547 i 1:0.233915 i 2:0.596976 i 3:0.536988 bias 1
 test_print 2.97335
net matrix:
 -0.1869 -0.83104 -0.320452
outputs matrix:
 0.407623 0.159483 0.345042
error matrix:
 -0.407623 0.840517 -0.345042
delta matrix:
 -0.196855 0.22534 -0.155951
weights_delta matrix:
 -0.011919 0.0136436 -0.00944236
 -0.00460473 0.00527103 -0.00364793
 -0.0117518 0.0134522 -0.00930989
 -0.0105709 0.0121005 -0.00837438
 -0.0196855 0.022534 -0.0155951
weights matrix:
 -0.25712 -0.219313 -0.319465
 0.367955 0.356308 0.141553
 -0.403494 -0.273747 0.173411
 -0.123071 -0.376846 -0.400238
 0.149001 -0.36926 -0.080956
regression_error on 'test' 0.224143
classification_error on 'test' 0.684211
Save,25,0.224143,0.684211
sample_count 75 Sample index 73
 i 0:0.582374 i 1:0.410364 i 2:0.65746 i 3:0.719493 bias 1
 test_print 3.36969
net matrix:
 -0.203573 -0.801882 -0.382874
outputs matrix:
 0.399597 0.167456 0.3174
error matrix:
 -0.399597 -0.167456 0.6826
delta matrix:
 -0.191742 -0.0466917 0.29578
weights_delta matrix:
 -0.0111665 -0.0027192 0.0172255
 -0.00786839 -0.00191606 0.0121378
 -0.0126063 -0.00306979 0.0194464
 -0.0137957 -0.00335943 0.0212812
 -0.0191742 -0.00466917 0.029578
weights matrix:
 -0.268287 -0.222032 -0.30224
 0.360086 0.354392 0.15369
 -0.4161 -0.276817 0.192857
 -0.136867 -0.380205 -0.378957
 0.129827 -0.373929 -0.051378
regression_error on 'test' 0.21928
classification_error on 'test' 0.605263
Save,26,0.21928,0.605263
sample_count 75 Sample index 20
 i 0:0.489992 i 1:0.375074 i 2:0.521371 i 3:0.500487 bias 1
 test_print 2.88692
net matrix:
 -0.152015 -0.684412 -0.23094
outputs matrix:
 0.424573 0.20281 0.38654
error matrix:
 -0.424573 0.79719 -0.38654
delta matrix:
 -0.207455 0.257776 -0.183318
weights_delta matrix:
 -0.0101651 0.0126308 -0.00898243
 -0.00778111 0.00966852 -0.00687578
 -0.0108161 0.0134397 -0.00955766
 -0.0103829 0.0129014 -0.00917482
 -0.0207455 0.0257776 -0.0183318
weights matrix:
 -0.278452 -0.209401 -0.311222
 0.352305 0.364061 0.146815
 -0.426916 -0.263377 0.183299
 -0.14725 -0.367304 -0.388131
 0.109082 -0.348152 -0.0697098
regression_error on 'test' 0.21795
classification_error on 'test' 0.578947
Save,27,0.21795,0.578947
sample_count 75 Sample index 53
 i 0:0.489992 i 1:0.410364 i 2:0.702823 i 3:0.938499 bias 1
 test_print 3.54168
net matrix:
 -0.321024 -0.831181 -0.397392
outputs matrix:
 0.344784 0.159445 0.311142
error matrix:
 -0.344784 -0.159445 0.688858
delta matrix:
 -0.155779 -0.0427384 0.29529
weights_delta matrix:
 -0.00763303 -0.00209415 0.014469
 -0.0063926 -0.00175383 0.0121176
 -0.0109485 -0.00300376 0.0207536
 -0.0146198 -0.004011 0.0277129
 -0.0155779 -0.00427384 0.029529
weights matrix:
 -0.286085 -0.211495 -0.296753
 0.345913 0.362307 0.158932
 -0.437865 -0.266381 0.204053
 -0.161869 -0.371315 -0.360419
 0.0935037 -0.352425 -0.0401808
regression_error on 'test' 0.213942
classification_error on 'test' 0.263158
Save,28,0.213942,0.263158
sample_count 75 Sample index 59
 i 0:0.60547 i 1:0.233915 i 2:0.596976 i 3:0.536988 bias 1
 test_print 2.97335
net matrix:
 -0.347115 -0.754145 -0.254405
outputs matrix:
 0.333093 0.181192 0.375473
error matrix:
 -0.333093 0.818808 -0.375473
delta matrix:
 -0.147988 0.242959 -0.176091
weights_delta matrix:
 -0.00896022 0.0147105 -0.0106618
 -0.00346166 0.00568318 -0.00411904
 -0.00883452 0.0145041 -0.0105122
 -0.00794677 0.0130466 -0.00945589
 -0.0147988 0.0242959 -0.0176091
weights matrix:
 -0.295045 -0.196785 -0.307415
 0.342451 0.36799 0.154813
 -0.446699 -0.251877 0.193541
 -0.169816 -0.358268 -0.369874
 0.0787049 -0.328129 -0.0577899
regression_error on 'test' 0.213604
classification_error on 'test' 0.263158
Save,29,0.213604,0.263158
sample_count 75 Sample index 48
 i 0:0.744044 i 1:0.516233 i 2:0.748185 i 3:0.828996 bias 1
 test_print 3.83746
net matrix:
 -0.439028 -0.770031 -0.36842
outputs matrix:
 0.293581 0.176526 0.323695
error matrix:
 -0.293581 -0.176526 0.676305
delta matrix:
 -0.121772 -0.0513214 0.296109
weights_delta matrix:
 -0.00906039 -0.00381854 0.0220318
 -0.00628628 -0.00264938 0.0152861
 -0.00911081 -0.00383979 0.0221544
 -0.0100949 -0.00425452 0.0245473
 -0.0121772 -0.00513214 0.0296109
weights matrix:
 -0.304105 -0.200603 -0.285383
 0.336165 0.365341 0.170099
 -0.45581 -0.255717 0.215695
 -0.179911 -0.362523 -0.345327
 0.0665277 -0.333262 -0.0281791
regression_error on 'test' 0.210443
classification_error on 'test' 0.263158
Save,30,0.210443,0.263158
sample_count 75 Sample index 41
 i 0:0.674757 i 1:0.445654 i 2:0.627218 i 3:0.536988 bias 1
 test_print 3.28462
net matrix:
 -0.371359 -0.660865 -0.195086
outputs matrix:
 0.32241 0.210531 0.403676
error matrix:
 -0.32241 0.789469 -0.403676
delta matrix:
 -0.140869 0.262431 -0.194347
weights_delta matrix:
 -0.00950521 0.0177077 -0.0131137
 -0.00627787 0.0116954 -0.00866115
 -0.00883554 0.0164602 -0.0121898
 -0.00756448 0.0140922 -0.0104362
 -0.0140869 0.0262431 -0.0194347
weights matrix:
 -0.313611 -0.182896 -0.298497
 0.329887 0.377036 0.161438
 -0.464646 -0.239257 0.203505
 -0.187475 -0.348431 -0.355763
 0.0524408 -0.307018 -0.0476138
regression_error on 'test' 0.210638
classification_error on 'test' 0.263158
Save,31,0.210638,0.263158
sample_count 75 Sample index 74
 i 0:0.443801 i 1:0.480944 i 2:0.551613 i 3:0.536988 bias 1
 test_print 3.01335
net matrix:
 -0.285059 -0.525935 -0.181229
outputs matrix:
 0.361209 0.258866 0.410365
error matrix:
 -0.361209 0.741134 -0.410365
delta matrix:
 -0.166689 0.28438 -0.198588
weights_delta matrix:
 -0.00739767 0.0126208 -0.00881337
 -0.0080168 0.0136771 -0.00955099
 -0.00919477 0.0156868 -0.0109544
 -0.00895099 0.0152709 -0.010664
 -0.0166689 0.028438 -0.0198588
weights matrix:
 -0.321008 -0.170275 -0.30731
 0.32187 0.390713 0.151887
 -0.473841 -0.22357 0.192551
 -0.196426 -0.33316 -0.366427
 0.0357719 -0.27858 -0.0674726
regression_error on 'test' 0.211344
classification_error on 'test' 0.263158
Save,32,0.211344,0.263158
sample_count 75 Sample index 64
 i 0:0.282131 i 1:0.516233 i 2:0.158468 i 3:0.0989754 bias 1
 test_print 2.05581
net matrix:
 0.0168356 -0.193325 -0.0815192
outputs matrix:
 0.508417 0.404524 0.45933
error matrix:
 0.491583 -0.404524 -0.45933
delta matrix:
 0.245722 -0.194887 -0.228146
weights_delta matrix:
 0.00693258 -0.00549837 -0.0064367
 0.012685 -0.0100607 -0.0117776
 0.00389391 -0.00308834 -0.00361538
 0.00243204 -0.0019289 -0.00225808
 0.0245722 -0.0194887 -0.0228146
weights matrix:
 -0.314076 -0.175773 -0.313747
 0.334555 0.380652 0.14011
 -0.469947 -0.226658 0.188936
 -0.193994 -0.335089 -0.368685
 0.0603441 -0.298069 -0.0902872
regression_error on 'test' 0.211792
classification_error on 'test' 0.263158
Save,33,0.211792,0.263158
sample_count 75 Sample index 39
 i 0:0.397609 i 1:0.622103 i 2:0.18871 i 3:0.135476 bias 1
 test_print 2.3439
net matrix:
 0.0286273 -0.219322 -0.142167
outputs matrix:
 0.51431 0.392064 0.429392
error matrix:
 0.48569 -0.392064 -0.429392
delta matrix:
 0.242646 -0.186897 -0.210414
weights_delta matrix:
 0.00964783 -0.00743118 -0.00836626
 0.0150951 -0.0116269 -0.0130899
 0.00457898 -0.00352693 -0.00397073
 0.00328727 -0.002532 -0.00285061
 0.0242646 -0.0186897 -0.0210414
weights matrix:
 -0.304428 -0.183204 -0.322113
 0.34965 0.369026 0.12702
 -0.465368 -0.230185 0.184965
 -0.190707 -0.337621 -0.371536
 0.0846088 -0.316759 -0.111329
regression_error on 'test' 0.212873
classification_error on 'test' 0.342105
Save,34,0.212873,0.342105
sample_count 75 Sample index 13
 i 0:0.420705 i 1:0.269205 i 2:0.491129 i 3:0.427485 bias 1
 test_print 2.60852
net matrix:
 -0.259418 -0.551869 -0.280633
outputs matrix:
 0.373124 0.24904 0.363254
error matrix:
 -0.373124 0.75096 -0.363254
delta matrix:
 -0.17455 0.280888 -0.168042
weights_delta matrix:
 -0.00734339 0.0118171 -0.00706961
 -0.00469896 0.00756164 -0.00452377
 -0.00857264 0.0137952 -0.00825303
 -0.00746173 0.0120075 -0.00718354
 -0.017455 0.0280888 -0.0168042
weights matrix:
 -0.311771 -0.171387 -0.329183
 0.344951 0.376587 0.122496
 -0.47394 -0.21639 0.176712
 -0.198169 -0.325613 -0.378719
 0.0671538 -0.28867 -0.128133
regression_error on 'test' 0.213274
classification_error on 'test' 0.342105
Save,35,0.213274,0.342105
sample_count 75 Sample index 17
 i 0:0.443801 i 1:0.304495 i 2:0.521371 i 3:0.463986 bias 1
 test_print 2.73365
net matrix:
 -0.305221 -0.513962 -0.320513
outputs matrix:
 0.351958 0.263487 0.345015
error matrix:
 -0.351958 0.736513 -0.345015
delta matrix:
 -0.160552 0.285858 -0.155932
weights_delta matrix:
 -0.00712531 0.0126864 -0.0069203
 -0.00488873 0.00870422 -0.00474807
 -0.00837071 0.0149038 -0.00812987
 -0.00744939 0.0132634 -0.00723505
 -0.0160552 0.0285858 -0.0155932
weights matrix:
 -0.318896 -0.158701 -0.336103
 0.340062 0.385291 0.117748
 -0.482311 -0.201486 0.168582
 -0.205618 -0.31235 -0.385955
 0.0510986 -0.260084 -0.143726
regression_error on 'test' 0.214181
classification_error on 'test' 0.342105
Save,36,0.214181,0.342105
sample_count 75 Sample index 35
 i 0:0.189749 i 1:0.233915 i 2:0.128226 i 3:0.171977 bias 1
 test_print 1.72387
net matrix:
 -0.0270724 -0.279625 -0.224717
outputs matrix:
 0.486467 0.363721 0.389495
error matrix:
 0.513533 -0.363721 -0.389495
delta matrix:
 0.256578 -0.16835 -0.185235
weights_delta matrix:
 0.00486855 -0.00319443 -0.00351482
 0.00600175 -0.00393797 -0.00433293
 0.00329 -0.00215869 -0.0023752
 0.00441256 -0.00289524 -0.00318562
 0.0256578 -0.016835 -0.0185235
weights matrix:
 -0.314028 -0.161895 -0.339618
 0.346064 0.381353 0.113415
 -0.479021 -0.203645 0.166207
 -0.201206 -0.315245 -0.38914
 0.0767564 -0.276919 -0.16225
regression_error on 'test' 0.214987
classification_error on 'test' 0.552632
Save,37,0.214987,0.552632
sample_count 75 Sample index 25
 i 0:0.628566 i 1:0.410364 i 2:0.778427 i 3:0.865497 bias 1
 test_print 3.68285
net matrix:
 -0.525644 -0.653554 -0.5366
outputs matrix:
 0.258978 0.212971 0.254795
error matrix:
 -0.258978 -0.212971 0.745205
delta matrix:
 -0.0993999 -0.0713941 0.282991
weights_delta matrix:
 -0.00624794 -0.00448759 0.0177878
 -0.00407902 -0.00292976 0.0116129
 -0.00773756 -0.00555751 0.0220288
 -0.00860303 -0.00617914 0.0244928
 -0.00993999 -0.00713941 0.0282991
weights matrix:
 -0.320276 -0.166383 -0.32183
 0.341985 0.378424 0.125028
 -0.486759 -0.209202 0.188236
 -0.209809 -0.321424 -0.364647
 0.0668164 -0.284059 -0.13395
regression_error on 'test' 0.211204
classification_error on 'test' 0.263158
Save,38,0.211204,0.263158
sample_count 75 Sample index 68
 i 0:0.305227 i 1:0.657392 i 2:0.173589 i 3:0.281481 bias 1
 test_print 2.41769
net matrix:
 0.0503248 -0.212861 -0.219955
outputs matrix:
 0.525141 0.395148 0.391762
error matrix:
 0.474859 -0.395148 -0.391762
delta matrix:
 0.236829 -0.188886 -0.186702
weights_delta matrix:
 0.00722866 -0.00576531 -0.00569865
 0.015569 -0.0124172 -0.0122736
 0.00411109 -0.00327885 -0.00324094
 0.00666629 -0.00531678 -0.0052553
 0.0236829 -0.0188886 -0.0186702
weights matrix:
 -0.313047 -0.172148 -0.327529
 0.357554 0.366006 0.112754
 -0.482647 -0.212481 0.184995
 -0.203142 -0.326741 -0.369903
 0.0904994 -0.302947 -0.152621
regression_error on 'test' 0.212298
classification_error on 'test' 0.421053
Save,39,0.212298,0.421053
sample_count 75 Sample index 56
 i 0:0.328323 i 1:0.727972 i 2:0.158468 i 3:0.208478 bias 1
 test_print 2.42324
net matrix:
 0.129173 -0.194815 -0.225875
outputs matrix:
 0.56423 0.403806 0.388945
error matrix:
 0.43577 -0.403806 -0.388945
delta matrix:
 0.21429 -0.19443 -0.184879
weights_delta matrix:
 0.00703562 -0.00638359 -0.00606999
 0.0155997 -0.014154 -0.0134586
 0.0033958 -0.0030811 -0.00292973
 0.00446747 -0.00405344 -0.00385431
 0.021429 -0.019443 -0.0184879
weights matrix:
 -0.306012 -0.178532 -0.333599
 0.373154 0.351852 0.0992956
 -0.479252 -0.215562 0.182065
 -0.198675 -0.330794 -0.373757
 0.111928 -0.32239 -0.171109
regression_error on 'test' 0.213628
classification_error on 'test' 0.631579
Save,40,0.213628,0.631579
sample_count 75 Sample index 35
 i 0:0.189749 i 1:0.233915 i 2:0.128226 i 3:0.171977 bias 1
 test_print 1.72387
net matrix:
 0.0455291 -0.358493 -0.252114
outputs matrix:
 0.522749 0.328057 0.376548
error matrix:
 0.477251 -0.328057 -0.376548
delta matrix:
 0.238132 -0.144631 -0.176796
weights_delta matrix:
 0.00451852 -0.00274436 -0.00335469
 0.00557026 -0.00338314 -0.00413553
 0.00305347 -0.00185455 -0.00226699
 0.00409532 -0.00248732 -0.00304049
 0.0238132 -0.0144631 -0.0176796
weights matrix:
 -0.301493 -0.181276 -0.336953
 0.378724 0.348469 0.09516
 -0.476198 -0.217417 0.179798
 -0.19458 -0.333282 -0.376797
 0.135741 -0.336853 -0.188788
regression_error on 'test' 0.21522
classification_error on 'test' 0.657895
Save,41,0.21522,0.657895
sample_count 75 Sample index 13
 i 0:0.420705 i 1:0.269205 i 2:0.491129 i 3:0.427485 bias 1
 test_print 2.60852
net matrix:
 -0.206198 -0.56856 -0.3777
outputs matrix:
 0.398338 0.242849 0.319646
error matrix:
 -0.398338 0.757151 -0.319646
delta matrix:
 -0.190935 0.27844 -0.139028
weights_delta matrix:
 -0.00803273 0.0117141 -0.00584899
 -0.00514006 0.00749574 -0.00374271
 -0.00937737 0.013675 -0.00682808
 -0.00816218 0.0119029 -0.00594325
 -0.0190935 0.027844 -0.0139028
weights matrix:
 -0.309526 -0.169562 -0.342802
 0.373584 0.355965 0.0914173
 -0.485576 -0.203742 0.17297
 -0.202742 -0.321379 -0.382741
 0.116648 -0.309009 -0.202691
regression_error on 'test' 0.215033
classification_error on 'test' 0.657895
Save,42,0.215033,0.657895
sample_count 75 Sample index 73
 i 0:0.582374 i 1:0.410364 i 2:0.65746 i 3:0.719493 bias 1
 test_print 3.36969
net matrix:
 -0.375424 -0.626865 -0.526474
outputs matrix:
 0.320636 0.222055 0.258659
error matrix:
 -0.320636 -0.222055 0.741341
delta matrix:
 -0.139688 -0.0767186 0.284311
weights_delta matrix:
 -0.00813505 -0.00446789 0.0165575
 -0.00573228 -0.00314826 0.0116671
 -0.00918391 -0.00504394 0.0186923
 -0.0100504 -0.00551985 0.020456
 -0.0139688 -0.00767186 0.0284311
weights matrix:
 -0.317661 -0.17403 -0.326245
 0.367852 0.352817 0.103084
 -0.494759 -0.208786 0.191662
 -0.212792 -0.326899 -0.362285
 0.102679 -0.316681 -0.17426
regression_error on 'test' 0.211056
classification_error on 'test' 0.473684
Save,43,0.211056,0.473684
sample_count 75 Sample index 0
 i 0:0.282131 i 1:0.269205 i 2:0.430645 i 3:0.427485 bias 1
 test_print 2.40947
net matrix:
 -0.191946 -0.500457 -0.310886
outputs matrix:
 0.405188 0.268762 0.349379
error matrix:
 -0.405188 0.731238 -0.349379
delta matrix:
 -0.195309 0.287419 -0.158837
weights_delta matrix:
 -0.00551029 0.00810898 -0.00448128
 -0.00525783 0.00773746 -0.00427597
 -0.00841091 0.0123775 -0.00684023
 -0.00834919 0.0122867 -0.00679003
 -0.0195309 0.0287419 -0.0158837
weights matrix:
 -0.323171 -0.165921 -0.330726
 0.362594 0.360554 0.0988085
 -0.50317 -0.196408 0.184822
 -0.221141 -0.314612 -0.369075
 0.0831483 -0.287939 -0.190144
regression_error on 'test' 0.211547
classification_error on 'test' 0.473684
Save,44,0.211547,0.473684
sample_count 75 Sample index 45
 i 0:0.697853 i 1:0.586813 i 2:0.793548 i 3:0.975 bias 1
 test_print 4.05321
net matrix:
 -0.544506 -0.654756 -0.576142
outputs matrix:
 0.251805 0.212568 0.240072
error matrix:
 -0.251805 -0.212568 0.759928
delta matrix:
 -0.0948794 -0.0711608 0.277279
weights_delta matrix:
 -0.00662119 -0.00496597 0.01935
 -0.00556765 -0.00417581 0.0162711
 -0.00752914 -0.00564695 0.0220034
 -0.00925075 -0.00693817 0.0270347
 -0.00948794 -0.00711608 0.0277279
weights matrix:
 -0.329792 -0.170887 -0.311376
 0.357026 0.356378 0.11508
 -0.5107 -0.202055 0.206825
 -0.230392 -0.32155 -0.34204
 0.0736603 -0.295056 -0.162416
regression_error on 'test' 0.207567
classification_error on 'test' 0.263158
Save,45,0.207567,0.263158
sample_count 75 Sample index 58
 i 0:0.282131 i 1:0.516233 i 2:0.158468 i 3:0.0989754 bias 1
 test_print 2.05581
net matrix:
 0.0611917 -0.223139 -0.191935
outputs matrix:
 0.530558 0.390246 0.405194
error matrix:
 0.469442 -0.390246 -0.405194
delta matrix:
 0.233844 -0.185721 -0.195313
weights_delta matrix:
 0.00659748 -0.00523978 -0.00551038
 0.0120718 -0.00958755 -0.0100827
 0.00370569 -0.00294309 -0.00309509
 0.00231448 -0.00183819 -0.00193312
 0.0233844 -0.0185721 -0.0195313
weights matrix:
 -0.323195 -0.176127 -0.316886
 0.369098 0.346791 0.104997
 -0.506994 -0.204998 0.20373
 -0.228078 -0.323388 -0.343973
 0.0970448 -0.313628 -0.181947
regression_error on 'test' 0.208405
classification_error on 'test' 0.315789
Save,46,0.208405,0.315789
sample_count 75 Sample index 28
 i 0:0.305227 i 1:0.551523 i 2:0.113105 i 3:0.135476 bias 1
 test_print 2.10533
net matrix:
 0.11372 -0.243121 -0.244318
outputs matrix:
 0.556616 0.380779 0.380215
error matrix:
 0.443384 -0.380779 -0.380215
delta matrix:
 0.218849 -0.179565 -0.179196
weights_delta matrix:
 0.00667987 -0.00548081 -0.00546956
 0.01207 -0.00990343 -0.00988309
 0.0024753 -0.00203097 -0.0020268
 0.00296488 -0.00243268 -0.00242768
 0.0218849 -0.0179565 -0.0179196
weights matrix:
 -0.316515 -0.181608 -0.322356
 0.381168 0.336887 0.0951137
 -0.504519 -0.207029 0.201704
 -0.225113 -0.325821 -0.346401
 0.11893 -0.331584 -0.199867
regression_error on 'test' 0.209527
classification_error on 'test' 0.5
Save,47,0.209527,0.5
sample_count 75 Sample index 22
 i 0:0.305227 i 1:0.233915 i 2:0.430645 i 3:0.427485 bias 1
 test_print 2.39727
net matrix:
 -0.202019 -0.536652 -0.337228
outputs matrix:
 0.400343 0.254775 0.3375
error matrix:
 -0.400343 0.745225 -0.3375
delta matrix:
 -0.192219 0.282984 -0.150926
weights_delta matrix:
 -0.00586705 0.00863743 -0.00460665
 -0.0044963 0.00661942 -0.00353037
 -0.00827782 0.0121866 -0.00649953
 -0.00821708 0.0120971 -0.00645184
 -0.0192219 0.0282984 -0.0150926
weights matrix:
 -0.322382 -0.17297 -0.326963
 0.376672 0.343507 0.0915834
 -0.512796 -0.194843 0.195204
 -0.23333 -0.313724 -0.352853
 0.0997078 -0.303286 -0.214959
regression_error on 'test' 0.209813
classification_error on 'test' 0.5
Save,48,0.209813,0.5
sample_count 75 Sample index 54
 i 0:0.305227 i 1:0.622103 i 2:0.158468 i 3:0.135476 bias 1
 test_print 2.22127
net matrix:
 0.122764 -0.215763 -0.274652
outputs matrix:
 0.561076 0.393762 0.366026
error matrix:
 0.438924 -0.393762 -0.366026
delta matrix:
 0.216188 -0.187993 -0.169873
weights_delta matrix:
 0.00659863 -0.00573804 -0.00518499
 0.0134491 -0.0116951 -0.0105679
 0.00342588 -0.00297908 -0.00269195
 0.00292882 -0.00254685 -0.00230137
 0.0216188 -0.0187993 -0.0169873
weights matrix:
 -0.315783 -0.178708 -0.332148
 0.390121 0.331812 0.0810155
 -0.50937 -0.197822 0.192512
 -0.230401 -0.316271 -0.355154
 0.121327 -0.322085 -0.231947
regression_error on 'test' 0.210993
classification_error on 'test' 0.631579
Save,49,0.210993,0.631579
sample_count 75 Sample index 0
 i 0:0.282131 i 1:0.269205 i 2:0.430645 i 3:0.427485 bias 1
 test_print 2.40947
net matrix:
 -0.180594 -0.503571 -0.372765
outputs matrix:
 0.410672 0.26754 0.321796
error matrix:
 -0.410672 0.73246 -0.321796
delta matrix:
 -0.198782 0.287069 -0.14046
weights_delta matrix:
 -0.00560826 0.00809911 -0.00396281
 -0.00535131 0.00772804 -0.00378125
 -0.00856045 0.0123625 -0.00604883
 -0.00849764 0.0122718 -0.00600445
 -0.0198782 0.0287069 -0.014046
weights matrix:
 -0.321392 -0.170609 -0.336111
 0.38477 0.33954 0.0772343
 -0.517931 -0.185459 0.186463
 -0.238899 -0.303999 -0.361159
 0.101448 -0.293378 -0.245992
regression_error on 'test' 0.211318
classification_error on 'test' 0.631579
Save,50,0.211318,0.631579
sample_count 75 Sample index 50
 i 0:0.489992 i 1:0.833841 i 2:0.113105 i 3:0.135476 bias 1
 test_print 2.57241
net matrix:
 0.17386 -0.156014 -0.374121
outputs matrix:
 0.586065 0.42262 0.321204
error matrix:
 0.413935 -0.42262 -0.321204
delta matrix:
 0.200836 -0.206249 -0.140066
weights_delta matrix:
 0.00984078 -0.010106 -0.00686311
 0.0167465 -0.0171979 -0.0116793
 0.00227155 -0.00233278 -0.00158421
 0.00272084 -0.00279418 -0.00189755
 0.0200836 -0.0206249 -0.0140066
weights matrix:
 -0.311551 -0.180715 -0.342974
 0.401516 0.322342 0.065555
 -0.515659 -0.187792 0.184879
 -0.236178 -0.306793 -0.363056
 0.121532 -0.314003 -0.259999
regression_error on 'test' 0.212349
classification_error on 'test' 0.657895
Save,51,0.212349,0.657895
sample_count 75 Sample index 17
 i 0:0.443801 i 1:0.304495 i 2:0.521371 i 3:0.463986 bias 1
 test_print 2.73365
net matrix:
 -0.272908 -0.53631 -0.464312
outputs matrix:
 0.366836 0.254905 0.283204
error matrix:
 -0.366836 0.745095 -0.283204
delta matrix:
 -0.170408 0.283029 -0.11498
weights_delta matrix:
 -0.00756272 0.0125609 -0.00510284
 -0.00518883 0.00861811 -0.0035011
 -0.00888457 0.0147563 -0.00599475
 -0.00790668 0.0131322 -0.00533493
 -0.0170408 0.0283029 -0.011498
weights matrix:
 -0.319114 -0.168154 -0.348076
 0.396327 0.33096 0.0620539
 -0.524544 -0.173036 0.178884
 -0.244085 -0.293661 -0.368391
 0.104491 -0.2857 -0.271497
regression_error on 'test' 0.212688
classification_error on 'test' 0.657895
Save,52,0.212688,0.657895
sample_count 75 Sample index 71
 i 0:0.143558 i 1:0.480944 i 2:0.0979839 i 3:0.0989754 bias 1
 test_print 1.82146
net matrix:
 0.173736 -0.196687 -0.310556
outputs matrix:
 0.586004 0.402906 0.349529
error matrix:
 0.413996 -0.402906 -0.349529
delta matrix:
 0.200873 -0.193856 -0.158937
weights_delta matrix:
 0.0028837 -0.00278296 -0.00228166
 0.00966089 -0.00932339 -0.00764396
 0.00196824 -0.00189948 -0.00155732
 0.00198815 -0.0019187 -0.00157308
 0.0200873 -0.0193856 -0.0158937
weights matrix:
 -0.31623 -0.170937 -0.350358
 0.405988 0.321637 0.0544099
 -0.522576 -0.174935 0.177327
 -0.242096 -0.29558 -0.369964
 0.124578 -0.305086 -0.287391
regression_error on 'test' 0.213529
classification_error on 'test' 0.657895
Save,53,0.213529,0.657895
sample_count 75 Sample index 14
 i 0:0.697853 i 1:0.516233 i 2:0.778427 i 3:0.938499 bias 1
 test_print 3.93101
net matrix:
 -0.520513 -0.671911 -0.712976
outputs matrix:
 0.260952 0.206882 0.19373
error matrix:
 -0.260952 -0.206882 0.80627
delta matrix:
 -0.100652 -0.0678913 0.251877
weights_delta matrix:
 -0.00702405 -0.00473782 0.0175773
 -0.005196 -0.00350477 0.0130027
 -0.00783505 -0.00528484 0.0196068
 -0.00944621 -0.00637159 0.0236386
 -0.0100652 -0.00678913 0.0251877
weights matrix:
 -0.323254 -0.175675 -0.332781
 0.400792 0.318132 0.0674127
 -0.530411 -0.18022 0.196934
 -0.251543 -0.301951 -0.346326
 0.114513 -0.311875 -0.262203
regression_error on 'test' 0.209346
classification_error on 'test' 0.631579
Save,54,0.209346,0.631579
sample_count 75 Sample index 33
 i 0:0.559279 i 1:0.480944 i 2:0.672581 i 3:0.719493 bias 1
 test_print 3.4323
net matrix:
 -0.411245 -0.595587 -0.532624
outputs matrix:
 0.305235 0.233049 0.256308
error matrix:
 -0.305235 -0.233049 0.743692
delta matrix:
 -0.129461 -0.0833091 0.283517
weights_delta matrix:
 -0.00724046 -0.0046593 0.0158565
 -0.00622633 -0.0040067 0.0136356
 -0.00870728 -0.00560321 0.0190688
 -0.0093146 -0.00599403 0.0203988
 -0.0129461 -0.00833091 0.0283517
weights matrix:
 -0.330494 -0.180334 -0.316924
 0.394566 0.314125 0.0810482
 -0.539118 -0.185823 0.216002
 -0.260857 -0.307945 -0.325927
 0.101567 -0.320206 -0.233851
regression_error on 'test' 0.205461
classification_error on 'test' 0.315789
Save,55,0.205461,0.315789
sample_count 75 Sample index 55
 i 0:0.628566 i 1:0.551523 i 2:0.612097 i 3:0.60999 bias 1
 test_print 3.40218
net matrix:
 -0.377671 -0.561896 -0.454957
outputs matrix:
 0.319658 0.245309 0.287017
error matrix:
 -0.319658 0.754691 -0.287017
delta matrix:
 -0.139037 0.279436 -0.11747
weights_delta matrix:
 -0.00873937 0.0175644 -0.00738374
 -0.00766819 0.0154115 -0.00647872
 -0.00851039 0.0171042 -0.00719028
 -0.0084811 0.0170453 -0.00716553
 -0.0139037 0.0279436 -0.011747
weights matrix:
 -0.339234 -0.16277 -0.324308
 0.386898 0.329537 0.0745695
 -0.547628 -0.168719 0.208812
 -0.269338 -0.2909 -0.333092
 0.0876635 -0.292262 -0.245598
regression_error on 'test' 0.206385
classification_error on 'test' 0.289474
Save,56,0.206385,0.289474
sample_count 75 Sample index 64
 i 0:0.282131 i 1:0.516233 i 2:0.158468 i 3:0.0989754 bias 1
 test_print 2.05581
net matrix:
 0.078245 -0.223595 -0.298478
outputs matrix:
 0.539043 0.390029 0.35504
error matrix:
 0.460957 -0.390029 -0.35504
delta matrix:
 0.229073 -0.185581 -0.162599
weights_delta matrix:
 0.00646287 -0.00523581 -0.00458742
 0.0118255 -0.00958029 -0.00839389
 0.00363008 -0.00294086 -0.00257667
 0.00226726 -0.00183679 -0.00160933
 0.0229073 -0.0185581 -0.0162599
weights matrix:
 -0.332771 -0.168006 -0.328895
 0.398723 0.319956 0.0661756
 -0.543998 -0.17166 0.206236
 -0.267071 -0.292737 -0.334702
 0.110571 -0.31082 -0.261858
regression_error on 'test' 0.207154
classification_error on 'test' 0.5
Save,57,0.207154,0.5
sample_count 75 Sample index 30
 i 0:0.559279 i 1:0.410364 i 2:0.642339 i 3:0.500487 bias 1
 test_print 3.11247
net matrix:
 -0.395016 -0.530259 -0.453687
outputs matrix:
 0.312162 0.257211 0.287537
error matrix:
 -0.312162 0.742789 -0.287537
delta matrix:
 -0.134053 0.283825 -0.11781
weights_delta matrix:
 -0.00749729 0.0158737 -0.00658884
 -0.00550104 0.0116471 -0.00483448
 -0.00861073 0.0182312 -0.00756737
 -0.00670916 0.0142051 -0.00589622
 -0.0134053 0.0283825 -0.011781
weights matrix:
 -0.340268 -0.152132 -0.335484
 0.393222 0.331604 0.0613411
 -0.552609 -0.153429 0.198668
 -0.27378 -0.278532 -0.340598
 0.0971656 -0.282438 -0.273639
regression_error on 'test' 0.20822
classification_error on 'test' 0.605263
Save,58,0.20822,0.605263
sample_count 75 Sample index 10
 i 0:0.697853 i 1:0.304495 i 2:0.808669 i 3:0.719493 bias 1
 test_print 3.53051
net matrix:
 -0.664418 -0.612107 -0.573481
outputs matrix:
 0.209352 0.227196 0.241044
error matrix:
 -0.209352 -0.227196 0.758956
delta matrix:
 -0.0693054 -0.0797811 0.27769
weights_delta matrix:
 -0.0048365 -0.00556755 0.0193787
 -0.00211031 -0.0024293 0.00845551
 -0.00560451 -0.00645165 0.0224559
 -0.00498647 -0.0057402 0.0199796
 -0.00693054 -0.00797811 0.027769
weights matrix:
 -0.345105 -0.1577 -0.316106
 0.391112 0.329174 0.0697966
 -0.558214 -0.15988 0.221124
 -0.278767 -0.284272 -0.320618
 0.090235 -0.290416 -0.24587
regression_error on 'test' 0.2044
classification_error on 'test' 0.263158
Save,59,0.2044,0.263158
sample_count 75 Sample index 26
 i 0:0.489992 i 1:0.339785 i 2:0.536492 i 3:0.500487 bias 1
 test_print 2.86676
net matrix:
 -0.384966 -0.483888 -0.418878
outputs matrix:
 0.316494 0.275324 0.302008
error matrix:
 -0.316494 0.724676 -0.302008
delta matrix:
 -0.136931 0.289176 -0.127326
weights_delta matrix:
 -0.00670953 0.0141694 -0.00623887
 -0.00465272 0.00982576 -0.00432634
 -0.00734626 0.015514 -0.00683093
 -0.00685324 0.0144729 -0.0063725
 -0.0136931 0.0289176 -0.0127326
weights matrix:
 -0.351814 -0.14353 -0.322345
 0.386459 0.339 0.0654703
 -0.56556 -0.144366 0.214293
 -0.28562 -0.269799 -0.326991
 0.0765419 -0.261498 -0.258603
regression_error on 'test' 0.205914
classification_error on 'test' 0.394737
Save,60,0.205914,0.394737
sample_count 75 Sample index 56
 i 0:0.328323 i 1:0.727972 i 2:0.158468 i 3:0.208478 bias 1
 test_print 2.42324
net matrix:
 0.0931959 -0.140965 -0.350987
outputs matrix:
 0.546464 0.429981 0.331375
error matrix:
 0.453536 -0.429981 -0.331375
delta matrix:
 0.22481 -0.210774 -0.146842
weights_delta matrix:
 0.00738103 -0.0069202 -0.00482117
 0.0163655 -0.0153438 -0.0106897
 0.00356252 -0.0033401 -0.00232698
 0.00468679 -0.00439418 -0.00306134
 0.022481 -0.0210774 -0.0146842
weights matrix:
 -0.344433 -0.15045 -0.327166
 0.402825 0.323656 0.0547806
 -0.561997 -0.147707 0.211966
 -0.280933 -0.274193 -0.330052
 0.0990229 -0.282576 -0.273287
regression_error on 'test' 0.206214
classification_error on 'test' 0.526316
Save,61,0.206214,0.526316
sample_count 75 Sample index 29
 i 0:0.420705 i 1:0.304495 i 2:0.536492 i 3:0.536988 bias 1
 test_print 2.79868
net matrix:
 -0.375589 -0.473801 -0.457763
outputs matrix:
 0.320565 0.279367 0.28587
error matrix:
 -0.320565 0.720633 -0.28587
delta matrix:
 -0.13964 0.290157 -0.11672
weights_delta matrix:
 -0.00587472 0.0122071 -0.00491047
 -0.00425197 0.00883514 -0.00355407
 -0.00749157 0.0155667 -0.00626194
 -0.0074985 0.0155811 -0.00626773
 -0.013964 0.0290157 -0.011672
weights matrix:
 -0.350308 -0.138243 -0.332076
 0.398573 0.332491 0.0512265
 -0.569489 -0.13214 0.205704
 -0.288432 -0.258612 -0.33632
 0.0850589 -0.25356 -0.284959
regression_error on 'test' 0.207701
classification_error on 'test' 0.526316
Save,62,0.207701,0.526316
sample_count 75 Sample index 25
 i 0:0.628566 i 1:0.410364 i 2:0.778427 i 3:0.865497 bias 1
 test_print 3.68285
net matrix:
 -0.664515 -0.530702 -0.603627
outputs matrix:
 0.20932 0.257041 0.230187
error matrix:
 -0.20932 -0.257041 0.769813
delta matrix:
 -0.069287 -0.0981749 0.272823
weights_delta matrix:
 -0.00435514 -0.00617094 0.0171487
 -0.00284329 -0.00402874 0.0111957
 -0.00539348 -0.0076422 0.0212373
 -0.00599677 -0.00849701 0.0236128
 -0.0069287 -0.00981749 0.0272823
weights matrix:
 -0.354663 -0.144414 -0.314927
 0.395729 0.328463 0.0624222
 -0.574882 -0.139782 0.226941
 -0.294428 -0.267109 -0.312707
 0.0781302 -0.263378 -0.257677
regression_error on 'test' 0.203659
classification_error on 'test' 0.263158
Save,63,0.203659,0.263158
sample_count 75 Sample index 22
 i 0:0.305227 i 1:0.233915 i 2:0.430645 i 3:0.427485 bias 1
 test_print 2.39727
net matrix:
 -0.310989 -0.405006 -0.375146
outputs matrix:
 0.349332 0.307888 0.320758
error matrix:
 -0.349332 0.692112 -0.320758
delta matrix:
 -0.158805 0.294968 -0.139768
weights_delta matrix:
 -0.00484717 0.00900323 -0.00426611
 -0.0037147 0.00689975 -0.00326939
 -0.00683888 0.0127027 -0.00601905
 -0.00678869 0.0126095 -0.00597489
 -0.0158805 0.0294968 -0.0139768
weights matrix:
 -0.35951 -0.135411 -0.319194
 0.392015 0.335362 0.0591528
 -0.581721 -0.127079 0.220922
 -0.301217 -0.2545 -0.318682
 0.0622496 -0.233881 -0.271654
regression_error on 'test' 0.205522
classification_error on 'test' 0.447368
Save,64,0.205522,0.447368
sample_count 75 Sample index 68
 i 0:0.305227 i 1:0.657392 i 2:0.173589 i 3:0.281481 bias 1
 test_print 2.41769
net matrix:
 0.0244574 -0.148444 -0.381547
outputs matrix:
 0.512226 0.426319 0.317975
error matrix:
 0.487774 -0.426319 -0.317975
delta matrix:
 0.243741 -0.20853 -0.137917
weights_delta matrix:
 0.00743963 -0.00636491 -0.00420958
 0.0160233 -0.0137086 -0.00906652
 0.00423108 -0.00361986 -0.00239408
 0.00686085 -0.00586973 -0.00388209
 0.0243741 -0.020853 -0.0137917
weights matrix:
 -0.352071 -0.141776 -0.323403
 0.408038 0.321654 0.0500863
 -0.57749 -0.130699 0.218528
 -0.294356 -0.260369 -0.322564
 0.0866237 -0.254734 -0.285445
regression_error on 'test' 0.205518
classification_error on 'test' 0.526316
Save,65,0.205518,0.526316
sample_count 75 Sample index 38
 i 0:0.397609 i 1:0.798551 i 2:0.128226 i 3:0.208478 bias 1
 test_print 2.53286
net matrix:
 0.13706 -0.125288 -0.413263
outputs matrix:
 0.568104 0.437681 0.30438
error matrix:
 0.431896 -0.437681 -0.30438
delta matrix:
 0.211941 -0.215441 -0.128894
weights_delta matrix:
 0.00842698 -0.00856614 -0.00512496
 0.0169246 -0.0172041 -0.0102929
 0.00271764 -0.00276252 -0.00165276
 0.00441851 -0.00449147 -0.00268717
 0.0211941 -0.0215441 -0.0128894
weights matrix:
 -0.343644 -0.150342 -0.328528
 0.424963 0.30445 0.0397934
 -0.574773 -0.133462 0.216876
 -0.289938 -0.264861 -0.325251
 0.107818 -0.276278 -0.298335
regression_error on 'test' 0.205739
classification_error on 'test' 0.631579
Save,66,0.205739,0.631579
sample_count 75 Sample index 39
 i 0:0.397609 i 1:0.622103 i 2:0.18871 i 3:0.135476 bias 1
 test_print 2.3439
net matrix:
 0.0878077 -0.207724 -0.407342
outputs matrix:
 0.543791 0.397607 0.306893
error matrix:
 0.456209 -0.397607 -0.306893
delta matrix:
 0.226355 -0.190466 -0.130558
weights_delta matrix:
 0.00900006 -0.0075731 -0.00519112
 0.0140816 -0.0118489 -0.00812208
 0.00427154 -0.00359428 -0.00246377
 0.00306656 -0.00258036 -0.00176875
 0.0226355 -0.0190466 -0.0130558
weights matrix:
 -0.334644 -0.157915 -0.333719
 0.439044 0.292601 0.0316713
 -0.570501 -0.137056 0.214412
 -0.286871 -0.267441 -0.32702
 0.130453 -0.295324 -0.311391
regression_error on 'test' 0.206538
classification_error on 'test' 0.657895
Save,67,0.206538,0.657895
sample_count 75 Sample index 29
 i 0:0.420705 i 1:0.304495 i 2:0.536492 i 3:0.536988 bias 1
 test_print 2.79868
net matrix:
 -0.336762 -0.489807 -0.50272
outputs matrix:
 0.337708 0.272968 0.267873
error matrix:
 -0.337708 0.727032 -0.267873
delta matrix:
 -0.151065 0.288569 -0.105069
weights_delta matrix:
 -0.00635537 0.0121402 -0.00442031
 -0.00459984 0.00878677 -0.0031993
 -0.0081045 0.0154815 -0.00563688
 -0.00811199 0.0154958 -0.00564209
 -0.0151065 0.0288569 -0.0105069
weights matrix:
 -0.340999 -0.145775 -0.33814
 0.434444 0.301388 0.028472
 -0.578605 -0.121575 0.208775
 -0.294983 -0.251945 -0.332662
 0.115347 -0.266468 -0.321897
regression_error on 'test' 0.207526
classification_error on 'test' 0.684211
Save,68,0.207526,0.684211
sample_count 75 Sample index 63
 i 0:0.420705 i 1:0.904421 i 2:0.143347 i 3:0.135476 bias 1
 test_print 2.60395
net matrix:
 0.241903 -0.106775 -0.453544
outputs matrix:
 0.618646 0.446815 0.287596
error matrix:
 0.381354 -0.446815 -0.287596
delta matrix:
 0.17994 -0.22088 -0.117848
weights_delta matrix:
 0.00757018 -0.00929251 -0.00495792
 0.0162742 -0.0199768 -0.0106584
 0.00257939 -0.00316624 -0.00168931
 0.00243776 -0.00299239 -0.00159656
 0.017994 -0.022088 -0.0117848
weights matrix:
 -0.333429 -0.155067 -0.343097
 0.450719 0.281411 0.0178136
 -0.576026 -0.124741 0.207086
 -0.292545 -0.254938 -0.334259
 0.133341 -0.288556 -0.333682
regression_error on 'test' 0.207934
classification_error on 'test' 0.684211
Save,69,0.207934,0.684211
sample_count 75 Sample index 9
 i 0:0.351418 i 1:0.375074 i 2:0.521371 i 3:0.573489 bias 1
 test_print 2.82135
net matrix:
 -0.282874 -0.448739 -0.531297
outputs matrix:
 0.362219 0.289569 0.256814
error matrix:
 -0.362219 0.710431 -0.256814
delta matrix:
 -0.167357 0.292298 -0.0980315
weights_delta matrix:
 -0.00588122 0.0102719 -0.003445
 -0.00627712 0.0109633 -0.0036769
 -0.00872549 0.0152396 -0.00511108
 -0.00959772 0.016763 -0.005622
 -0.0167357 0.0292298 -0.00980315
weights matrix:
 -0.33931 -0.144796 -0.346542
 0.444441 0.292374 0.0141367
 -0.584752 -0.109501 0.201975
 -0.302143 -0.238175 -0.339881
 0.116605 -0.259326 -0.343485
regression_error on 'test' 0.208928
classification_error on 'test' 0.657895
Save,70,0.208928,0.657895
sample_count 75 Sample index 62
 i 0:0.582374 i 1:0.622103 i 2:0.748185 i 3:0.901998 bias 1
 test_print 3.85466
net matrix:
 -0.514547 -0.458525 -0.691965
outputs matrix:
 0.26326 0.28556 0.200378
error matrix:
 -0.26326 -0.28556 0.799622
delta matrix:
 -0.102121 -0.116517 0.256242
weights_delta matrix:
 -0.00594725 -0.00678565 0.0149229
 -0.00635296 -0.00724856 0.0159409
 -0.00764052 -0.00871763 0.0191716
 -0.00921127 -0.0105098 0.023113
 -0.0102121 -0.0116517 0.0256242
weights matrix:
 -0.345257 -0.151581 -0.33162
 0.438088 0.285126 0.0300776
 -0.592392 -0.118219 0.221146
 -0.311354 -0.248685 -0.316768
 0.106393 -0.270977 -0.317861
regression_error on 'test' 0.204607
classification_error on 'test' 0.684211
Save,71,0.204607,0.684211
sample_count 75 Sample index 1
 i 0:0.582374 i 1:0.445654 i 2:0.581855 i 3:0.536988 bias 1
 test_print 3.14687
net matrix:
 -0.41132 -0.434514 -0.539009
outputs matrix:
 0.305204 0.295457 0.253881
error matrix:
 -0.305204 0.704543 -0.253881
delta matrix:
 -0.12944 0.293318 -0.0961832
weights_delta matrix:
 -0.00753822 0.0170821 -0.00560146
 -0.00576853 0.0130718 -0.00428644
 -0.00753151 0.0170669 -0.00559647
 -0.00695075 0.0157508 -0.00516492
 -0.012944 0.0293318 -0.00961832
weights matrix:
 -0.352795 -0.134499 -0.337221
 0.43232 0.298197 0.0257911
 -0.599924 -0.101152 0.21555
 -0.318305 -0.232934 -0.321933
 0.0934492 -0.241646 -0.32748
regression_error on 'test' 0.206359
classification_error on 'test' 0.473684
Save,72,0.206359,0.473684
sample_count 75 Sample index 22
 i 0:0.305227 i 1:0.233915 i 2:0.430645 i 3:0.427485 bias 1
 test_print 2.39727
net matrix:
 -0.307532 -0.356082 -0.469172
outputs matrix:
 0.350905 0.329121 0.281235
error matrix:
 -0.350905 0.670879 -0.281235
delta matrix:
 -0.159852 0.296261 -0.113699
weights_delta matrix:
 -0.0048791 0.00904268 -0.0034704
 -0.00373917 0.00692998 -0.00265959
 -0.00688393 0.0127583 -0.00489638
 -0.00683342 0.0126647 -0.00486046
 -0.0159852 0.0296261 -0.0113699
weights matrix:
 -0.357675 -0.125456 -0.340691
 0.428581 0.305127 0.0231315
 -0.606808 -0.0883936 0.210653
 -0.325139 -0.220269 -0.326793
 0.077464 -0.21202 -0.338849
regression_error on 'test' 0.208402
classification_error on 'test' 0.447368
Save,73,0.208402,0.447368
sample_count 75 Sample index 60
 i 0:0.559279 i 1:0.410364 i 2:0.536492 i 3:0.536988 bias 1
 test_print 3.04312
net matrix:
 -0.446845 -0.322676 -0.582369
outputs matrix:
 0.290349 0.344038 0.237808
error matrix:
 -0.290349 0.655962 -0.237808
delta matrix:
 -0.119651 0.29607 -0.0862077
weights_delta matrix:
 -0.00669182 0.0165585 -0.00482141
 -0.00491004 0.0121496 -0.00353765
 -0.00641917 0.0158839 -0.00462497
 -0.00642511 0.0158986 -0.00462925
 -0.0119651 0.029607 -0.00862077
weights matrix:
 -0.364366 -0.108898 -0.345513
 0.423671 0.317277 0.0195939
 -0.613227 -0.0725097 0.206028
 -0.331564 -0.204371 -0.331422
 0.065499 -0.182413 -0.34747
regression_error on 'test' 0.211255
classification_error on 'test' 0.421053
Save,74,0.211255,0.421053
sample_count 75 Sample index 1
 i 0:0.582374 i 1:0.445654 i 2:0.581855 i 3:0.536988 bias 1
 test_print 3.14687
net matrix:
 -0.492743 -0.256371 -0.598047
outputs matrix:
 0.271805 0.374551 0.232171
error matrix:
 -0.271805 0.625449 -0.232171
delta matrix:
 -0.107595 0.293039 -0.082777
weights_delta matrix:
 -0.00626605 0.0170658 -0.00482072
 -0.00479501 0.0130594 -0.00368899
 -0.00626046 0.0170506 -0.00481642
 -0.00577772 0.0157358 -0.00444503
 -0.0107595 0.0293039 -0.0082777
weights matrix:
 -0.370632 -0.0918321 -0.350334
 0.418876 0.330336 0.0159049
 -0.619487 -0.0554592 0.201212
 -0.337341 -0.188635 -0.335867
 0.0547395 -0.153109 -0.355748
regression_error on 'test' 0.214847
classification_error on 'test' 0.421053
Save,75,0.214847,0.421053
sample_count 75 Sample index 44
 i 0:0.536183 i 1:0.375074 i 2:0.702823 i 3:0.646491 bias 1
 test_print 3.26057
net matrix:
 -0.640356 -0.239376 -0.613344
outputs matrix:
 0.217429 0.382547 0.226762
error matrix:
 -0.217429 0.617453 -0.226762
delta matrix:
 -0.0739927 0.291691 -0.0795211
weights_delta matrix:
 -0.00396736 0.01564 -0.00426379
 -0.00277527 0.0109406 -0.00298263
 -0.00520038 0.0205007 -0.00558893
 -0.00478356 0.0188575 -0.00514097
 -0.00739927 0.0291691 -0.00795211
weights matrix:
 -0.3746 -0.0761922 -0.354597
 0.4161 0.341277 0.0129223
 -0.624688 -0.0349585 0.195623
 -0.342125 -0.169777 -0.341008
 0.0473402 -0.12394 -0.3637
regression_error on 'test' 0.219183
classification_error on 'test' 0.578947
Save,76,0.219183,0.578947
sample_count 75 Sample index 20
 i 0:0.489992 i 1:0.375074 i 2:0.521371 i 3:0.500487 bias 1
 test_print 2.88692
net matrix:
 -0.477065 -0.136467 -0.601281
outputs matrix:
 0.278055 0.432187 0.23102
error matrix:
 -0.278055 0.567813 -0.23102
delta matrix:
 -0.111634 0.278684 -0.0820811
weights_delta matrix:
 -0.00546996 0.0136553 -0.00402191
 -0.00418709 0.0104527 -0.00307865
 -0.00582026 0.0145298 -0.00427947
 -0.00558712 0.0139478 -0.00410805
 -0.0111634 0.0278684 -0.00820811
weights matrix:
 -0.38007 -0.0625369 -0.358619
 0.411913 0.35173 0.00984362
 -0.630508 -0.0204287 0.191344
 -0.347712 -0.155829 -0.345116
 0.0361768 -0.0960712 -0.371908
regression_error on 'test' 0.22372
classification_error on 'test' 0.710526
Save,77,0.22372,0.710526
sample_count 75 Sample index 6
 i 0:0.305227 i 1:0.657392 i 2:0.128226 i 3:0.171977 bias 1
 test_print 2.26282
net matrix:
 0.0503118 0.0866465 -0.509714
outputs matrix:
 0.525135 0.543215 0.265139
error matrix:
 0.474865 -0.543215 -0.265139
delta matrix:
 0.236833 -0.269579 -0.103319
weights_delta matrix:
 0.00722877 -0.00822827 -0.00315359
 0.0155692 -0.0177219 -0.00679213
 0.00303681 -0.0034567 -0.00132482
 0.00407298 -0.00463613 -0.00177686
 0.0236833 -0.0269579 -0.0103319
weights matrix:
 -0.372841 -0.0707651 -0.361773
 0.427483 0.334008 0.00305149
 -0.627471 -0.0238854 0.190019
 -0.343639 -0.160466 -0.346893
 0.0598601 -0.123029 -0.38224
regression_error on 'test' 0.220697
classification_error on 'test' 0.526316
Save,78,0.220697,0.526316
sample_count 75 Sample index 67
 i 0:0.443801 i 1:0.375074 i 2:0.566734 i 3:0.536988 bias 1
 test_print 2.9226
net matrix:
 -0.485409 -0.128862 -0.620238
outputs matrix:
 0.274718 0.435923 0.224353
error matrix:
 -0.274718 0.564077 -0.224353
delta matrix:
 -0.109474 0.277406 -0.0780833
weights_delta matrix:
 -0.00485846 0.0123113 -0.00346535
 -0.00410608 0.0104048 -0.0029287
 -0.00620425 0.0157216 -0.00442525
 -0.00587861 0.0148964 -0.00419298
 -0.0109474 0.0277406 -0.00780833
weights matrix:
 -0.377699 -0.0584538 -0.365238
 0.423376 0.344413 0.000122784
 -0.633675 -0.00816381 0.185593
 -0.349518 -0.145569 -0.351086
 0.0489127 -0.0952885 -0.390048
regression_error on 'test' 0.22527
classification_error on 'test' 0.684211
Save,79,0.22527,0.684211
sample_count 75 Sample index 52
 i 0:0.443801 i 1:0.410364 i 2:0.672581 i 3:0.792495 bias 1
 test_print 3.31924
net matrix:
 -0.648161 -0.100749 -0.705498
outputs matrix:
 0.214785 0.449795 0.196077
error matrix:
 -0.214785 -0.449795 0.803923
delta matrix:
 -0.0724478 -0.22263 0.253446
weights_delta matrix:
 -0.00321524 -0.00988034 0.011248
 -0.002973 -0.00913594 0.0104005
 -0.0048727 -0.0149737 0.0170463
 -0.00574145 -0.0176433 0.0200855
 -0.00724478 -0.022263 0.0253446
weights matrix:
 -0.380915 -0.0683342 -0.35399
 0.420403 0.335277 0.0105233
 -0.638548 -0.0231375 0.20264
 -0.355259 -0.163213 -0.331001
 0.0416679 -0.117551 -0.364704
regression_error on 'test' 0.219027
classification_error on 'test' 0.684211
Save,80,0.219027,0.684211
sample_count 75 Sample index 6
 i 0:0.305227 i 1:0.657392 i 2:0.128226 i 3:0.171977 bias 1
 test_print 2.26282
net matrix:
 0.0587975 0.0509636 -0.496774
outputs matrix:
 0.529365 0.52546 0.270212
error matrix:
 0.470635 -0.52546 -0.270212
delta matrix:
 0.234506 -0.262049 -0.10657
weights_delta matrix:
 0.00715775 -0.00799843 -0.00325281
 0.0154162 -0.0172269 -0.00700584
 0.00300698 -0.00336015 -0.00136651
 0.00403296 -0.00450663 -0.00183276
 0.0234506 -0.0262049 -0.010657
weights matrix:
 -0.373757 -0.0763326 -0.357243
 0.43582 0.31805 0.00351746
 -0.635541 -0.0264976 0.201273
 -0.351226 -0.167719 -0.332833
 0.0651185 -0.143756 -0.375361
regression_error on 'test' 0.216416
classification_error on 'test' 0.421053
Save,81,0.216416,0.421053
sample_count 75 Sample index 19
 i 0:0.674757 i 1:0.480944 i 2:0.596976 i 3:0.573489 bias 1
 test_print 3.32617
net matrix:
 -0.558299 -0.154302 -0.685442
outputs matrix:
 0.246643 0.423456 0.202477
error matrix:
 -0.246643 0.576544 -0.202477
delta matrix:
 -0.0916576 0.281516 -0.065392
weights_delta matrix:
 -0.00618466 0.0189955 -0.00441237
 -0.00440822 0.0135394 -0.00314499
 -0.00547174 0.0168058 -0.00390374
 -0.00525646 0.0161446 -0.00375016
 -0.00916576 0.0281516 -0.0065392
weights matrix:
 -0.379942 -0.0573371 -0.361655
 0.431411 0.331589 0.000372472
 -0.641013 -0.00969179 0.19737
 -0.356483 -0.151575 -0.336584
 0.0559528 -0.115605 -0.3819
regression_error on 'test' 0.221043
classification_error on 'test' 0.578947
Save,82,0.221043,0.578947
sample_count 75 Sample index 69
 i 0:0.628566 i 1:0.445654 i 2:0.581855 i 3:0.536988 bias 1
 test_print 3.19306
net matrix:
 -0.555009 -0.0909038 -0.674959
outputs matrix:
 0.247868 0.454673 0.205884
error matrix:
 -0.247868 0.545327 -0.205884
delta matrix:
 -0.0924196 0.270423 -0.0673222
weights_delta matrix:
 -0.00580918 0.0169979 -0.00423164
 -0.00411872 0.0120515 -0.00300024
 -0.00537748 0.0157347 -0.00391717
 -0.00496282 0.0145214 -0.00361512
 -0.00924196 0.0270423 -0.00673222
weights matrix:
 -0.385751 -0.0403392 -0.365887
 0.427293 0.343641 -0.00262777
 -0.64639 0.00604289 0.193452
 -0.361445 -0.137053 -0.340199
 0.0467108 -0.0885624 -0.388632
regression_error on 'test' 0.226071
classification_error on 'test' 0.710526
Save,83,0.226071,0.710526
sample_count 75 Sample index 2
 i 0:0.466896 i 1:0.480944 i 2:0.566734 i 3:0.500487 bias 1
 test_print 3.01506
net matrix:
 -0.475121 -0.00729339 -0.621356
outputs matrix:
 0.278836 0.496353 0.223964
error matrix:
 -0.278836 0.503647 -0.223964
delta matrix:
 -0.11214 0.25181 -0.0778518
weights_delta matrix:
 -0.00523579 0.0117569 -0.00363487
 -0.00539333 0.0121106 -0.00374424
 -0.00635538 0.0142709 -0.00441213
 -0.00561248 0.0126028 -0.00389638
 -0.011214 0.025181 -0.00778518
weights matrix:
 -0.390987 -0.0285823 -0.369522
 0.421899 0.355751 -0.00637201
 -0.652746 0.0203138 0.18904
 -0.367058 -0.12445 -0.344095
 0.0354968 -0.0633814 -0.396417
regression_error on 'test' 0.231304
classification_error on 'test' 0.736842
Save,84,0.231304,0.736842
sample_count 75 Sample index 33
 i 0:0.559279 i 1:0.480944 i 2:0.672581 i 3:0.719493 bias 1
 test_print 3.4323
net matrix:
 -0.683384 0.015851 -0.726577
outputs matrix:
 0.203143 0.507925 0.189517
error matrix:
 -0.203143 -0.507925 0.810483
delta matrix:
 -0.0657677 -0.253899 0.248981
weights_delta matrix:
 -0.00367825 -0.0142 0.013925
 -0.00316306 -0.0122111 0.0119746
 -0.00442341 -0.0170767 0.016746
 -0.00473194 -0.0182678 0.017914
 -0.00657677 -0.0253899 0.0248981
weights matrix:
 -0.394665 -0.0427823 -0.355597
 0.418736 0.34354 0.00560257
 -0.657169 0.00323708 0.205786
 -0.37179 -0.142718 -0.326181
 0.02892 -0.0887713 -0.371519
regression_error on 'test' 0.223788
classification_error on 'test' 0.710526
Save,85,0.223788,0.710526
sample_count 75 Sample index 27
 i 0:0.328323 i 1:0.622103 i 2:0.158468 i 3:0.135476 bias 1
 test_print 2.24437
net matrix:
 0.00533075 0.0920777 -0.496364
outputs matrix:
 0.502665 0.545909 0.270374
error matrix:
 0.497335 -0.545909 -0.270374
delta matrix:
 0.24866 -0.270653 -0.106674
weights_delta matrix:
 0.00816409 -0.00888617 -0.00350236
 0.0154692 -0.0168374 -0.00663623
 0.00394047 -0.00428899 -0.00169044
 0.00336875 -0.0036667 -0.00144518
 0.024866 -0.0270653 -0.0106674
weights matrix:
 -0.386501 -0.0516685 -0.359099
 0.434206 0.326703 -0.00103366
 -0.653229 -0.00105191 0.204096
 -0.368421 -0.146385 -0.327626
 0.053786 -0.115837 -0.382187
regression_error on 'test' 0.220354
classification_error on 'test' 0.631579
Save,86,0.220354,0.631579
sample_count 75 Sample index 34
 i 0:0.767139 i 1:0.551523 i 2:0.642339 i 3:0.573489 bias 1
 test_print 3.53449
net matrix:
 -0.634119 -0.0599154 -0.715027
outputs matrix:
 0.219559 0.470078 0.19309
error matrix:
 -0.219559 0.529922 -0.19309
delta matrix:
 -0.0752441 0.264012 -0.0601693
weights_delta matrix:
 -0.00577227 0.0202534 -0.00461582
 -0.00414989 0.0145609 -0.00331848
 -0.00483322 0.0169585 -0.00386491
 -0.00431517 0.0151408 -0.00345065
 -0.00752441 0.0264012 -0.00601693
weights matrix:
 -0.392273 -0.0314151 -0.363715
 0.430056 0.341264 -0.00435214
 -0.658062 0.0159066 0.200231
 -0.372736 -0.131244 -0.331077
 0.0462616 -0.0894354 -0.388204
regression_error on 'test' 0.225756
classification_error on 'test' 0.710526
Save,87,0.225756,0.710526
sample_count 75 Sample index 0
 i 0:0.282131 i 1:0.269205 i 2:0.430645 i 3:0.427485 bias 1
 test_print 2.40947
net matrix:
 -0.391368 -0.0556836 -0.547293
outputs matrix:
 0.313731 0.472187 0.250756
error matrix:
 -0.313731 0.527813 -0.250756
delta matrix:
 -0.135095 0.26309 -0.0942227
weights_delta matrix:
 -0.00381144 0.00742258 -0.00265831
 -0.00363682 0.00708251 -0.00253652
 -0.00581779 0.0113298 -0.00405765
 -0.0057751 0.0112467 -0.00402788
 -0.0135095 0.026309 -0.00942227
weights matrix:
 -0.396084 -0.0239925 -0.366373
 0.426419 0.348346 -0.00688866
 -0.66388 0.0272364 0.196173
 -0.378511 -0.119997 -0.335105
 0.0327521 -0.0631265 -0.397626
regression_error on 'test' 0.230611
classification_error on 'test' 0.736842
Save,88,0.230611,0.736842
sample_count 75 Sample index 34
 i 0:0.767139 i 1:0.551523 i 2:0.642339 i 3:0.573489 bias 1
 test_print 3.53449
net matrix:
 -0.679428 0.0592666 -0.748654
outputs matrix:
 0.204426 0.529599 0.182827
error matrix:
 -0.204426 0.470401 -0.182827
delta matrix:
 -0.0664943 0.234376 -0.0546294
weights_delta matrix:
 -0.00510104 0.0179799 -0.00419083
 -0.00366731 0.0129264 -0.00301294
 -0.00427119 0.0150549 -0.00350906
 -0.00381337 0.0134412 -0.00313294
 -0.00664943 0.0234376 -0.00546294
weights matrix:
 -0.401185 -0.00601262 -0.370564
 0.422752 0.361272 -0.0099016
 -0.668151 0.0422914 0.192664
 -0.382325 -0.106556 -0.338238
 0.0261027 -0.0396888 -0.403089
regression_error on 'test' 0.236429
classification_error on 'test' 0.736842
Save,89,0.236429,0.736842
sample_count 75 Sample index 45
 i 0:0.697853 i 1:0.586813 i 2:0.793548 i 3:0.975 bias 1
 test_print 4.05321
net matrix:
 -0.908766 0.0977826 -0.844392
outputs matrix:
 0.13973 0.548736 0.155936
error matrix:
 -0.13973 -0.548736 0.844064
delta matrix:
 -0.0335928 -0.271761 0.222191
weights_delta matrix:
 -0.00234428 -0.0189649 0.0155057
 -0.00197127 -0.0159473 0.0130385
 -0.00266575 -0.0215656 0.0176319
 -0.00327529 -0.0264967 0.0216636
 -0.00335928 -0.0271761 0.0222191
weights matrix:
 -0.40353 -0.0249776 -0.355059
 0.42078 0.345325 0.00313686
 -0.670816 0.0207258 0.210296
 -0.3856 -0.133053 -0.316574
 0.0227434 -0.0668649 -0.38087
regression_error on 'test' 0.227006
classification_error on 'test' 0.736842
Save,90,0.227006,0.736842
sample_count 75 Sample index 26
 i 0:0.489992 i 1:0.339785 i 2:0.536492 i 3:0.500487 bias 1
 test_print 2.86676
net matrix:
 -0.584884 -0.0172395 -0.599399
outputs matrix:
 0.236897 0.491381 0.231689
error matrix:
 -0.236897 0.508619 -0.231689
delta matrix:
 -0.085651 0.254234 -0.0824856
weights_delta matrix:
 -0.00419683 0.0124573 -0.00404173
 -0.00291029 0.00863849 -0.00280274
 -0.00459511 0.0136394 -0.00442529
 -0.00428672 0.0127241 -0.0041283
 -0.0085651 0.0254234 -0.00824856
weights matrix:
 -0.407727 -0.0125203 -0.3591
 0.41787 0.353964 0.000334126
 -0.675412 0.0343652 0.205871
 -0.389887 -0.120329 -0.320702
 0.0141783 -0.0414416 -0.389118
regression_error on 'test' 0.232519
classification_error on 'test' 0.736842
Save,91,0.232519,0.736842
sample_count 75 Sample index 15
 i 0:0.720948 i 1:0.410364 i 2:0.65746 i 3:0.573489 bias 1
 test_print 3.36226
net matrix:
 -0.775944 0.0483724 -0.696441
outputs matrix:
 0.174814 0.524167 0.198948
error matrix:
 -0.174814 0.475833 -0.198948
delta matrix:
 -0.0504351 0.23736 -0.0634117
weights_delta matrix:
 -0.00363611 0.0171125 -0.00457166
 -0.00206967 0.00974042 -0.00260219
 -0.0033159 0.0156055 -0.00416907
 -0.0028924 0.0136124 -0.00363659
 -0.00504351 0.023736 -0.00634117
weights matrix:
 -0.411363 0.00459215 -0.363672
 0.4158 0.363704 -0.00226806
 -0.678727 0.0499707 0.201702
 -0.392779 -0.106716 -0.324339
 0.00913482 -0.0177055 -0.39546
regression_error on 'test' 0.238527
classification_error on 'test' 0.736842
Save,92,0.238527,0.736842
sample_count 75 Sample index 74
 i 0:0.443801 i 1:0.480944 i 2:0.551613 i 3:0.536988 bias 1
 test_print 3.01335
net matrix:
 -0.558764 0.129513 -0.620853
outputs matrix:
 0.24647 0.564397 0.224139
error matrix:
 -0.24647 0.435603 -0.224139
delta matrix:
 -0.0915501 0.214189 -0.0779559
weights_delta matrix:
 -0.004063 0.00950572 -0.00345969
 -0.00440305 0.0103013 -0.00374924
 -0.00505002 0.0118149 -0.00430015
 -0.00491613 0.0115017 -0.00418614
 -0.00915501 0.0214189 -0.00779559
weights matrix:
 -0.415426 0.0140979 -0.367132
 0.411397 0.374005 -0.00601731
 -0.683778 0.0617857 0.197402
 -0.397695 -0.0952148 -0.328525
 -2.01838e-05 0.00371337 -0.403255
regression_error on 'test' 0.244217
classification_error on 'test' 0.736842
Save,93,0.244217,0.736842
sample_count 75 Sample index 51
 i 0:0.628566 i 1:0.516233 i 2:0.763306 i 3:0.719493 bias 1
 test_print 3.6276
net matrix:
 -0.856836 0.184304 -0.722822
outputs matrix:
 0.152688 0.591122 0.190673
error matrix:
 -0.152688 -0.591122 0.809327
delta matrix:
 -0.0395078 -0.285745 0.249785
weights_delta matrix:
 -0.00248333 -0.0179609 0.0157007
 -0.00203952 -0.0147511 0.0128948
 -0.00301566 -0.0218111 0.0190663
 -0.00284256 -0.0205591 0.0179719
 -0.00395078 -0.0285745 0.0249785
weights matrix:
 -0.417909 -0.00386307 -0.351431
 0.409358 0.359254 0.00687745
 -0.686793 0.0399746 0.216468
 -0.400538 -0.115774 -0.310553
 -0.00397097 -0.0248611 -0.378277
regression_error on 'test' 0.234322
classification_error on 'test' 0.736842
Save,94,0.234322,0.736842
sample_count 75 Sample index 37
 i 0:0.720948 i 1:0.551523 i 2:0.82379 i 3:0.901998 bias 1
 test_print 3.99826
net matrix:
 -1.00655 0.0989937 -0.729641
outputs matrix:
 0.117835 0.549336 0.188577
error matrix:
 -0.117835 -0.549336 0.811423
delta matrix:
 -0.0244977 -0.271994 0.248321
weights_delta matrix:
 -0.00176616 -0.0196093 0.0179027
 -0.0013511 -0.0150011 0.0136955
 -0.0020181 -0.0224066 0.0204564
 -0.00220969 -0.0245338 0.0223985
 -0.00244977 -0.0271994 0.0248321
weights matrix:
 -0.419675 -0.0234724 -0.333528
 0.408007 0.344253 0.0205729
 -0.688811 0.017568 0.236924
 -0.402748 -0.140308 -0.288155
 -0.00642074 -0.0520605 -0.353444
regression_error on 'test' 0.22447
classification_error on 'test' 0.736842
Save,95,0.22447,0.736842
sample_count 75 Sample index 67
 i 0:0.443801 i 1:0.375074 i 2:0.566734 i 3:0.536988 bias 1
 test_print 2.9226
net matrix:
 -0.646284 0.00125574 -0.514211
outputs matrix:
 0.215419 0.500628 0.26339
error matrix:
 -0.215419 0.499372 -0.26339
delta matrix:
 -0.0728173 0.249686 -0.102204
weights_delta matrix:
 -0.00323164 0.0110811 -0.00453581
 -0.00273119 0.00936506 -0.0038334
 -0.0041268 0.0141505 -0.00579223
 -0.0039102 0.0134078 -0.00548822
 -0.00728173 0.0249686 -0.0102204
weights matrix:
 -0.422907 -0.0123913 -0.338064
 0.405275 0.353618 0.0167395
 -0.692938 0.0317186 0.231132
 -0.406658 -0.1269 -0.293643
 -0.0137025 -0.0270919 -0.363665
regression_error on 'test' 0.23033
classification_error on 'test' 0.736842
Save,96,0.23033,0.736842
sample_count 75 Sample index 67
 i 0:0.443801 i 1:0.375074 i 2:0.566734 i 3:0.536988 bias 1
 test_print 2.9226
net matrix:
 -0.660463 0.0498741 -0.534112
outputs matrix:
 0.210664 0.524916 0.255741
error matrix:
 -0.210664 0.475084 -0.255741
delta matrix:
 -0.0700606 0.236952 -0.0973542
weights_delta matrix:
 -0.0031093 0.0105159 -0.00432059
 -0.00262779 0.00888745 -0.0036515
 -0.00397057 0.0134289 -0.0055174
 -0.00376217 0.012724 -0.00522781
 -0.00700606 0.0236952 -0.00973542
weights matrix:
 -0.426016 -0.00187538 -0.342385
 0.402648 0.362506 0.013088
 -0.696909 0.0451474 0.225615
 -0.41042 -0.114176 -0.298871
 -0.0207085 -0.00339671 -0.3734
regression_error on 'test' 0.236271
classification_error on 'test' 0.736842
Save,97,0.236271,0.736842
sample_count 75 Sample index 2
 i 0:0.466896 i 1:0.480944 i 2:0.566734 i 3:0.500487 bias 1
 test_print 3.01506
net matrix:
 -0.626334 0.138516 -0.548681
outputs matrix:
 0.222238 0.568818 0.250234
error matrix:
 -0.222238 0.431182 -0.250234
delta matrix:
 -0.0768272 0.211507 -0.0938965
weights_delta matrix:
 -0.00358703 0.00987517 -0.00438399
 -0.00369496 0.0101723 -0.0045159
 -0.00435406 0.0119868 -0.00532144
 -0.0038451 0.0105856 -0.0046994
 -0.00768272 0.0211507 -0.00938965
weights matrix:
 -0.429603 0.00799979 -0.346769
 0.398953 0.372678 0.00857212
 -0.701263 0.0571342 0.220293
 -0.414265 -0.10359 -0.30357
 -0.0283912 0.017754 -0.38279
regression_error on 'test' 0.242145
classification_error on 'test' 0.736842
Save,98,0.242145,0.736842
sample_count 75 Sample index 73
 i 0:0.582374 i 1:0.410364 i 2:0.65746 i 3:0.719493 bias 1
 test_print 3.36969
net matrix:
 -0.873978 0.138378 -0.654804
outputs matrix:
 0.148305 0.568751 0.212552
error matrix:
 -0.148305 -0.568751 0.787448
delta matrix:
 -0.0374651 -0.278999 0.263596
weights_delta matrix:
 -0.00218187 -0.0162482 0.0153512
 -0.00153743 -0.0114491 0.010817
 -0.00246318 -0.018343 0.0173304
 -0.00269559 -0.0200738 0.0189656
 -0.00374651 -0.0278999 0.0263596
weights matrix:
 -0.431785 -0.00824837 -0.331418
 0.397415 0.361229 0.0193892
 -0.703726 0.0387912 0.237624
 -0.416961 -0.123664 -0.284605
 -0.0321378 -0.0101459 -0.35643
regression_error on 'test' 0.232739
classification_error on 'test' 0.736842
Save,99,0.232739,0.736842
sample_count 75 Sample index 32
 i 0:0.697853 i 1:0.516233 i 2:0.642339 i 3:0.60999 bias 1
 test_print 3.46642
net matrix:
 -0.834674 0.12006 -0.598673
outputs matrix:
 0.158511 0.559743 0.231948
error matrix:
 -0.158511 0.440257 -0.231948
delta matrix:
 -0.0422862 0.216986 -0.0826421
weights_delta matrix:
 -0.00295095 0.0151424 -0.0057672
 -0.00218295 0.0112015 -0.00426626
 -0.00271621 0.0139378 -0.00530842
 -0.00257941 0.0132359 -0.00504108
 -0.00422862 0.0216986 -0.00826421
weights matrix:
 -0.434736 0.00689405 -0.337185
 0.395232 0.37243 0.0151229
 -0.706442 0.052729 0.232315
 -0.41954 -0.110428 -0.289646
 -0.0363664 0.0115527 -0.364695
regression_error on 'test' 0.23902
classification_error on 'test' 0.736842
Save,100,0.23902,0.736842
sample_count 75 Sample index 63
 i 0:0.420705 i 1:0.904421 i 2:0.143347 i 3:0.135476 bias 1
 test_print 2.60395
net matrix:
 -0.0199095 0.343885 -0.498811
outputs matrix:
 0.490047 0.665471 0.269409
error matrix:
 0.509953 -0.665471 -0.269409
delta matrix:
 0.254876 -0.296293 -0.106055
weights_delta matrix:
 0.0107227 -0.0124652 -0.00446177
 0.0230515 -0.0267974 -0.0095918
 0.00365357 -0.00424728 -0.00152026
 0.00345295 -0.00401406 -0.00143678
 0.0254876 -0.0296293 -0.0106055
weights matrix:
 -0.424013 -0.00557117 -0.341647
 0.418284 0.345633 0.00553111
 -0.702789 0.0484818 0.230795
 -0.416087 -0.114442 -0.291082
 -0.0108788 -0.0180767 -0.3753
regression_error on 'test' 0.23248
classification_error on 'test' 0.736842
Save,101,0.23248,0.736842
sample_count 75 Sample index 38
 i 0:0.397609 i 1:0.798551 i 2:0.128226 i 3:0.208478 bias 1
 test_print 2.53286
net matrix:
 -0.0223101 0.238072 -0.537815
outputs matrix:
 0.488847 0.616837 0.254334
error matrix:
 0.511153 -0.616837 -0.254334
delta matrix:
 0.255449 -0.291578 -0.0964679
weights_delta matrix:
 0.0101569 -0.0115934 -0.00383565
 0.0203989 -0.023284 -0.00770345
 0.00327553 -0.00373878 -0.00123697
 0.00532556 -0.00607875 -0.00201114
 0.0255449 -0.0291578 -0.00964679
weights matrix:
 -0.413856 -0.0171646 -0.345482
 0.438683 0.322349 -0.00217234
 -0.699513 0.044743 0.229558
 -0.410762 -0.120521 -0.293094
 0.0146661 -0.0472344 -0.384947
regression_error on 'test' 0.226775
classification_error on 'test' 0.736842
Save,102,0.226775,0.736842
sample_count 75 Sample index 33
 i 0:0.559279 i 1:0.480944 i 2:0.672581 i 3:0.719493 bias 1
 test_print 3.4323
net matrix:
 -0.771832 0.041577 -0.635695
outputs matrix:
 0.176003 0.520777 0.219019
error matrix:
 -0.176003 -0.520777 0.780981
delta matrix:
 -0.0510501 -0.259939 0.267173
weights_delta matrix:
 -0.00285512 -0.0145378 0.0149424
 -0.00245522 -0.0125016 0.0128495
 -0.00343353 -0.017483 0.0179696
 -0.00367302 -0.0187024 0.0192229
 -0.00510501 -0.0259939 0.0267173
weights matrix:
 -0.416711 -0.0317024 -0.33054
 0.436228 0.309847 0.0106772
 -0.702947 0.02726 0.247528
 -0.414435 -0.139223 -0.273871
 0.00956113 -0.0732283 -0.358229
regression_error on 'test' 0.218608
classification_error on 'test' 0.736842
Save,103,0.218608,0.736842
sample_count 75 Sample index 63
 i 0:0.420705 i 1:0.904421 i 2:0.143347 i 3:0.135476 bias 1
 test_print 2.60395
net matrix:
 0.0718707 0.178713 -0.489253
outputs matrix:
 0.535874 0.588417 0.273188
error matrix:
 0.464126 -0.588417 -0.273188
delta matrix:
 0.230869 -0.285009 -0.108487
weights_delta matrix:
 0.00971276 -0.0119905 -0.00456409
 0.0208802 -0.0257768 -0.00981176
 0.00330943 -0.00408551 -0.00155512
 0.00312772 -0.00386118 -0.00146973
 0.0230869 -0.0285009 -0.0108487
weights matrix:
 -0.406999 -0.0436928 -0.335104
 0.457108 0.284071 0.000865446
 -0.699637 0.0231745 0.245972
 -0.411307 -0.143084 -0.27534
 0.032648 -0.101729 -0.369078
regression_error on 'test' 0.214103
classification_error on 'test' 0.684211
Save,104,0.214103,0.684211
sample_count 75 Sample index 23
 i 0:0.975 i 1:0.763262 i 2:0.899395 i 3:0.792495 bias 1
 test_print 4.43015
net matrix:
 -0.970491 -0.02006 -0.692123
outputs matrix:
 0.12554 0.489971 0.200328
error matrix:
 -0.12554 -0.489971 0.799672
delta matrix:
 -0.0275635 -0.244887 0.25621
weights_delta matrix:
 -0.00268744 -0.0238765 0.0249804
 -0.00210381 -0.0186913 0.0195555
 -0.00247904 -0.022025 0.0230434
 -0.00218439 -0.0194072 0.0203045
 -0.00275635 -0.0244887 0.025621
weights matrix:
 -0.409686 -0.0675693 -0.310123
 0.455004 0.265379 0.0204209
 -0.702116 0.00114946 0.269016
 -0.413491 -0.162492 -0.255036
 0.0298916 -0.126218 -0.343457
regression_error on 'test' 0.205714
classification_error on 'test' 0.526316
Save,105,0.205714,0.526316
sample_count 75 Sample index 11
 i 0:0.536183 i 1:0.198626 i 2:0.536492 i 3:0.427485 bias 1
 test_print 2.69879
net matrix:
 -0.65284 -0.178582 -0.470383
outputs matrix:
 0.21321 0.411646 0.280746
error matrix:
 -0.21321 0.588354 -0.280746
delta matrix:
 -0.0715329 0.284991 -0.113381
weights_delta matrix:
 -0.00383547 0.0152807 -0.00607927
 -0.00142083 0.00566066 -0.00225203
 -0.00383768 0.0152895 -0.00608277
 -0.00305792 0.0121829 -0.00484685
 -0.00715329 0.0284991 -0.0113381
weights matrix:
 -0.413522 -0.0522886 -0.316203
 0.453583 0.27104 0.0181689
 -0.705954 0.016439 0.262933
 -0.416549 -0.150309 -0.259883
 0.0227384 -0.0977188 -0.354795
regression_error on 'test' 0.210421
classification_error on 'test' 0.684211
Save,106,0.210421,0.684211
sample_count 75 Sample index 32
 i 0:0.697853 i 1:0.516233 i 2:0.642339 i 3:0.60999 bias 1
 test_print 3.46642
net matrix:
 -0.739237 -0.0754161 -0.555713
outputs matrix:
 0.185658 0.462363 0.247605
error matrix:
 -0.185658 0.537637 -0.247605
delta matrix:
 -0.056139 0.267295 -0.0922562
weights_delta matrix:
 -0.00391768 0.0186533 -0.00643813
 -0.00289808 0.0137987 -0.00476257
 -0.00360603 0.0171694 -0.00592598
 -0.00342442 0.0163047 -0.00562754
 -0.0056139 0.0267295 -0.00922562
weights matrix:
 -0.417439 -0.0336353 -0.322641
 0.450685 0.284839 0.0134063
 -0.70956 0.0336084 0.257007
 -0.419974 -0.134004 -0.26551
 0.0171245 -0.0709893 -0.364021
regression_error on 'test' 0.216292
classification_error on 'test' 0.710526
Save,107,0.216292,0.710526
sample_count 75 Sample index 21
 i 0:0.836426 i 1:0.445654 i 2:0.884274 i 3:0.719493 bias 1
 test_print 3.88585
net matrix:
 -1.0608 -0.0388791 -0.59168
outputs matrix:
 0.107016 0.48057 0.234449
error matrix:
 -0.107016 -0.48057 0.765551
delta matrix:
 -0.0204536 -0.239922 0.274806
weights_delta matrix:
 -0.00171079 -0.0200677 0.0229855
 -0.000911522 -0.0106922 0.0122468
 -0.00180866 -0.0212157 0.0243004
 -0.00147162 -0.0172622 0.0197721
 -0.00204536 -0.0239922 0.0274806
weights matrix:
 -0.41915 -0.053703 -0.299655
 0.449774 0.274146 0.0256532
 -0.711368 0.0123927 0.281307
 -0.421445 -0.151266 -0.245738
 0.0150791 -0.0949815 -0.33654
regression_error on 'test' 0.207998
classification_error on 'test' 0.710526
Save,108,0.207998,0.710526
sample_count 75 Sample index 17
 i 0:0.443801 i 1:0.304495 i 2:0.521371 i 3:0.463986 bias 1
 test_print 2.73365
net matrix:
 -0.600418 -0.0990629 -0.42907
outputs matrix:
 0.231327 0.45063 0.297728
error matrix:
 -0.231327 0.54937 -0.297728
delta matrix:
 -0.0822665 0.272007 -0.124502
weights_delta matrix:
 -0.00365099 0.0120717 -0.0055254
 -0.00250497 0.00828248 -0.00379101
 -0.00428914 0.0141817 -0.00649116
 -0.00381705 0.0126207 -0.0057767
 -0.00822665 0.0272007 -0.0124502
weights matrix:
 -0.422801 -0.0416313 -0.305181
 0.447269 0.282429 0.0218622
 -0.715658 0.0265744 0.274816
 -0.425262 -0.138645 -0.251515
 0.00685245 -0.0677808 -0.34899
regression_error on 'test' 0.213295
classification_error on 'test' 0.710526
Save,109,0.213295,0.710526
sample_count 75 Sample index 1
 i 0:0.582374 i 1:0.445654 i 2:0.581855 i 3:0.536988 bias 1
 test_print 3.14687
net matrix:
 -0.684819 -0.0251487 -0.492134
outputs matrix:
 0.202678 0.487428 0.272046
error matrix:
 -0.202678 0.512572 -0.272046
delta matrix:
 -0.0655057 0.256124 -0.10775
weights_delta matrix:
 -0.00381488 0.014916 -0.00627509
 -0.00291929 0.0114143 -0.00480193
 -0.00381148 0.0149027 -0.0062695
 -0.00351758 0.0137535 -0.00578605
 -0.00655057 0.0256124 -0.010775
weights matrix:
 -0.426616 -0.0267154 -0.311456
 0.444349 0.293843 0.0170602
 -0.719469 0.0414771 0.268547
 -0.42878 -0.124892 -0.257301
 0.000301886 -0.0421684 -0.359765
regression_error on 'test' 0.219263
classification_error on 'test' 0.736842
Save,110,0.219263,0.736842
sample_count 75 Sample index 73
 i 0:0.582374 i 1:0.410364 i 2:0.65746 i 3:0.719493 bias 1
 test_print 3.36969
net matrix:
 -0.847329 0.000266597 -0.542716
outputs matrix:
 0.155164 0.500133 0.25248
error matrix:
 -0.155164 -0.500133 0.74752
delta matrix:
 -0.0406804 -0.250067 0.282164
weights_delta matrix:
 -0.00236912 -0.0145632 0.0164325
 -0.00166938 -0.0102618 0.011579
 -0.00267457 -0.0164409 0.0185512
 -0.00292693 -0.0179921 0.0203015
 -0.00406804 -0.0250067 0.0282164
weights matrix:
 -0.428985 -0.0412786 -0.295023
 0.44268 0.283581 0.0286393
 -0.722144 0.0250362 0.287098
 -0.431707 -0.142884 -0.236999
 -0.00376615 -0.0671751 -0.331549
regression_error on 'test' 0.211368
classification_error on 'test' 0.736842
Save,111,0.211368,0.736842
sample_count 75 Sample index 1
 i 0:0.582374 i 1:0.445654 i 2:0.581855 i 3:0.536988 bias 1
 test_print 3.14687
net matrix:
 -0.708318 -0.0269951 -0.450816
outputs matrix:
 0.195189 0.486506 0.288715
error matrix:
 -0.195189 0.513494 -0.288715
delta matrix:
 -0.0613248 0.25656 -0.11858
weights_delta matrix:
 -0.0035714 0.0149414 -0.00690581
 -0.00273297 0.0114337 -0.00528458
 -0.00356822 0.0149281 -0.00689966
 -0.00329307 0.013777 -0.00636762
 -0.00613248 0.025656 -0.011858
weights matrix:
 -0.432556 -0.0263372 -0.301929
 0.439947 0.295015 0.0233547
 -0.725712 0.0399643 0.280198
 -0.435 -0.129107 -0.243367
 -0.00989864 -0.0415191 -0.343407
regression_error on 'test' 0.21743
classification_error on 'test' 0.736842
Save,112,0.21743,0.736842
sample_count 75 Sample index 20
 i 0:0.489992 i 1:0.375074 i 2:0.521371 i 3:0.500487 bias 1
 test_print 2.88692
net matrix:
 -0.652912 0.0124482 -0.458305
outputs matrix:
 0.213186 0.506224 0.285649
error matrix:
 -0.213186 0.493776 -0.285649
delta matrix:
 -0.0715189 0.24685 -0.116576
weights_delta matrix:
 -0.00350437 0.0120954 -0.00571211
 -0.00268249 0.0092587 -0.00437245
 -0.00372879 0.01287 -0.00607791
 -0.00357943 0.0123545 -0.00583446
 -0.00715189 0.024685 -0.0116576
weights matrix:
 -0.436061 -0.0142418 -0.307641
 0.437264 0.304274 0.0189822
 -0.729441 0.0528343 0.27412
 -0.438579 -0.116753 -0.249201
 -0.0170505 -0.0168341 -0.355065
regression_error on 'test' 0.223409
classification_error on 'test' 0.736842
Save,113,0.223409,0.736842
sample_count 75 Sample index 44
 i 0:0.536183 i 1:0.375074 i 2:0.702823 i 3:0.646491 bias 1
 test_print 3.26057
net matrix:
 -0.883058 0.0513086 -0.481345
outputs matrix:
 0.146026 0.525632 0.27634
error matrix:
 -0.146026 0.474368 -0.27634
delta matrix:
 -0.0364196 0.236561 -0.110523
weights_delta matrix:
 -0.00195276 0.012684 -0.00592604
 -0.00136601 0.00887278 -0.00414542
 -0.00255966 0.016626 -0.00776779
 -0.0023545 0.0152934 -0.0071452
 -0.00364196 0.0236561 -0.0110523
weights matrix:
 -0.438014 -0.00155776 -0.313567
 0.435898 0.313147 0.0148368
 -0.732 0.0694603 0.266353
 -0.440934 -0.101459 -0.256347
 -0.0206925 0.00682201 -0.366117
regression_error on 'test' 0.229971
classification_error on 'test' 0.736842
Save,114,0.229971,0.736842
sample_count 75 Sample index 3
 i 0:0.744044 i 1:0.516233 i 2:0.672581 i 3:0.60999 bias 1
 test_print 3.54285
net matrix:
 -0.882863 0.152148 -0.568991
outputs matrix:
 0.146075 0.575492 0.242691
error matrix:
 -0.146075 0.424508 -0.242691
delta matrix:
 -0.0364417 0.207415 -0.0892095
weights_delta matrix:
 -0.00271143 0.0154326 -0.00663758
 -0.00188124 0.0107075 -0.00460529
 -0.002451 0.0139503 -0.00600006
 -0.00222291 0.0126521 -0.00544169
 -0.00364417 0.0207415 -0.00892095
weights matrix:
 -0.440725 0.0138748 -0.320205
 0.434017 0.323854 0.0102315
 -0.734451 0.0834107 0.260352
 -0.443157 -0.088807 -0.261788
 -0.0243367 0.0275635 -0.375038
regression_error on 'test' 0.236386
classification_error on 'test' 0.736842
Save,115,0.236386,0.736842
sample_count 75 Sample index 31
 i 0:0.559279 i 1:0.339785 i 2:0.778427 i 3:0.573489 bias 1
 test_print 3.25098
net matrix:
 -0.949215 0.159363 -0.498112
outputs matrix:
 0.130286 0.579014 0.269684
error matrix:
 -0.130286 -0.579014 0.730316
delta matrix:
 -0.029526 -0.282277 0.287678
weights_delta matrix:
 -0.00165133 -0.0157872 0.0160892
 -0.00100325 -0.00959135 0.00977487
 -0.00229838 -0.0219732 0.0223936
 -0.00169328 -0.0161883 0.016498
 -0.0029526 -0.0282277 0.0287678
weights matrix:
 -0.442376 -0.00191233 -0.304116
 0.433014 0.314263 0.0200064
 -0.73675 0.0614375 0.282746
 -0.44485 -0.104995 -0.24529
 -0.0272893 -0.000664199 -0.34627
regression_error on 'test' 0.226668
classification_error on 'test' 0.736842
Save,116,0.226668,0.736842
sample_count 75 Sample index 48
 i 0:0.744044 i 1:0.516233 i 2:0.748185 i 3:0.828996 bias 1
 test_print 3.83746
net matrix:
 -1.0529 0.119072 -0.554016
outputs matrix:
 0.108533 0.559256 0.248238
error matrix:
 -0.108533 -0.559256 0.751762
delta matrix:
 -0.0210021 -0.275701 0.280582
weights_delta matrix:
 -0.00156265 -0.0205133 0.0208765
 -0.0010842 -0.0142326 0.0144845
 -0.00157135 -0.0206275 0.0209927
 -0.00174107 -0.0228555 0.0232601
 -0.00210021 -0.0275701 0.0280582
weights matrix:
 -0.443939 -0.0224257 -0.283239
 0.43193 0.30003 0.0344909
 -0.738321 0.04081 0.303739
 -0.446591 -0.127851 -0.22203
 -0.0293895 -0.0282343 -0.318212
regression_error on 'test' 0.216451
classification_error on 'test' 0.736842
Save,117,0.216451,0.736842
sample_count 75 Sample index 38
 i 0:0.397609 i 1:0.798551 i 2:0.128226 i 3:0.208478 bias 1
 test_print 2.53286
net matrix:
 -0.048762 0.181017 -0.410629
outputs matrix:
 0.475638 0.589533 0.305497
error matrix:
 0.524362 -0.589533 -0.305497
delta matrix:
 0.261558 -0.285315 -0.129634
weights_delta matrix:
 0.0103998 -0.0113444 -0.00515435
 0.0208868 -0.0227838 -0.0103519
 0.00335386 -0.00365848 -0.00166224
 0.00545292 -0.00594819 -0.00270258
 0.0261558 -0.0285315 -0.0129634
weights matrix:
 -0.433539 -0.03377 -0.288393
 0.452817 0.277246 0.024139
 -0.734967 0.0371515 0.302077
 -0.441138 -0.133799 -0.224733
 -0.00323363 -0.0567657 -0.331175
regression_error on 'test' 0.211148
classification_error on 'test' 0.736842
Save,118,0.211148,0.736842
sample_count 75 Sample index 31
 i 0:0.559279 i 1:0.339785 i 2:0.778427 i 3:0.573489 bias 1
 test_print 3.25098
net matrix:
 -0.916949 -0.029261 -0.378003
outputs matrix:
 0.137775 0.485374 0.319514
error matrix:
 -0.137775 -0.485374 0.680486
delta matrix:
 -0.0327332 -0.242479 0.295909
weights_delta matrix:
 -0.0018307 -0.0135614 0.0165496
 -0.00111223 -0.00823908 0.0100545
 -0.00254804 -0.0188752 0.0230344
 -0.00187722 -0.0139059 0.0169701
 -0.00327332 -0.0242479 0.0295909
weights matrix:
 -0.43537 -0.0473314 -0.271844
 0.451704 0.269007 0.0341936
 -0.737515 0.0182762 0.325111
 -0.443015 -0.147705 -0.207763
 -0.00650696 -0.0810137 -0.301584
regression_error on 'test' 0.203912
classification_error on 'test' 0.710526
Save,119,0.203912,0.710526
sample_count 75 Sample index 7
 i 0:0.651661 i 1:0.410364 i 2:0.627218 i 3:0.60999 bias 1
 test_print 3.29923
net matrix:
 -0.837675 -0.0801021 -0.38752
outputs matrix:
 0.157712 0.460034 0.31539
error matrix:
 -0.157712 0.539966 -0.31539
delta matrix:
 -0.0419007 0.268258 -0.136197
weights_delta matrix:
 -0.0027305 0.0174813 -0.00887545
 -0.00171945 0.0110083 -0.00558905
 -0.00262809 0.0168256 -0.00854254
 -0.0025559 0.0163635 -0.0083079
 -0.00419007 0.0268258 -0.0136197
weights matrix:
 -0.4381 -0.0298501 -0.280719
 0.449985 0.280015 0.0286045
 -0.740143 0.0351019 0.316568
 -0.445571 -0.131341 -0.216071
 -0.010697 -0.0541879 -0.315204
regression_error on 'test' 0.210158
classification_error on 'test' 0.736842
Save,120,0.210158,0.736842
sample_count 75 Sample index 60
 i 0:0.559279 i 1:0.410364 i 2:0.536492 i 3:0.536988 bias 1
 test_print 3.04312
net matrix:
 -0.707407 -0.00767099 -0.406657
outputs matrix:
 0.195476 0.496165 0.307185
error matrix:
 -0.195476 0.503835 -0.307185
delta matrix:
 -0.061483 0.251903 -0.130752
weights_delta matrix:
 -0.00343862 0.0140884 -0.00731266
 -0.00252304 0.0103372 -0.00536557
 -0.00329852 0.0135144 -0.00701471
 -0.00330156 0.0135269 -0.0070212
 -0.0061483 0.0251903 -0.0130752
weights matrix:
 -0.441539 -0.0157617 -0.288032
 0.447462 0.290353 0.023239
 -0.743442 0.0486163 0.309554
 -0.448873 -0.117814 -0.223092
 -0.0168453 -0.0289976 -0.328279
regression_error on 'test' 0.216334
classification_error on 'test' 0.736842
Save,121,0.216334,0.736842
sample_count 75 Sample index 57
 i 0:0.374514 i 1:0.727972 i 2:0.158468 i 3:0.135476 bias 1
 test_print 2.39643
net matrix:
 -0.0350914 0.168211 -0.400403
outputs matrix:
 0.482461 0.583321 0.309853
error matrix:
 0.517539 -0.583321 -0.309853
delta matrix:
 0.258451 -0.283561 -0.132521
weights_delta matrix:
 0.00967935 -0.0106198 -0.00496308
 0.0188145 -0.0206425 -0.00964713
 0.00409562 -0.00449354 -0.00210003
 0.00350139 -0.00384157 -0.00179534
 0.0258451 -0.0283561 -0.0132521
weights matrix:
 -0.43186 -0.0263814 -0.292995
 0.466276 0.26971 0.0135918
 -0.739346 0.0441227 0.307454
 -0.445371 -0.121656 -0.224887
 0.00899976 -0.0573537 -0.341531
regression_error on 'test' 0.211331
classification_error on 'test' 0.710526
Save,122,0.211331,0.710526
sample_count 75 Sample index 23
 i 0:0.975 i 1:0.763262 i 2:0.899395 i 3:0.792495 bias 1
 test_print 4.43015
net matrix:
 -1.07409 0.0660559 -0.518527
outputs matrix:
 0.104501 0.53298 0.261719
error matrix:
 -0.104501 -0.53298 0.738281
delta matrix:
 -0.0195586 -0.265331 0.285304
weights_delta matrix:
 -0.00190696 -0.0258697 0.0278172
 -0.00149283 -0.0202517 0.0217762
 -0.00175909 -0.0238637 0.0256601
 -0.00155001 -0.0210273 0.0226102
 -0.00195586 -0.0265331 0.0285304
weights matrix:
 -0.433767 -0.0522512 -0.265178
 0.464783 0.249459 0.035368
 -0.741105 0.020259 0.333114
 -0.446921 -0.142683 -0.202277
 0.0070439 -0.0838868 -0.313001
regression_error on 'test' 0.201457
classification_error on 'test' 0.710526
Save,123,0.201457,0.710526
sample_count 75 Sample index 36
 i 0:0.744044 i 1:0.516233 i 2:0.702823 i 3:0.901998 bias 1
 test_print 3.8651
net matrix:
 -0.999749 -0.108447 -0.44038
outputs matrix:
 0.119256 0.445988 0.29302
error matrix:
 -0.119256 -0.445988 0.70698
delta matrix:
 -0.0250517 -0.220392 0.292915
weights_delta matrix:
 -0.00186396 -0.0163981 0.0217942
 -0.00129325 -0.0113774 0.0151212
 -0.00176069 -0.0154897 0.0205867
 -0.00225966 -0.0198793 0.0264209
 -0.00250517 -0.0220392 0.0292915
weights matrix:
 -0.435631 -0.0686493 -0.243384
 0.46349 0.238081 0.0504893
 -0.742866 0.00476936 0.353701
 -0.449181 -0.162563 -0.175856
 0.00453873 -0.105926 -0.283709
regression_error on 'test' 0.194439
classification_error on 'test' 0.684211
Save,124,0.194439,0.684211
sample_count 75 Sample index 10
 i 0:0.697853 i 1:0.304495 i 2:0.808669 i 3:0.719493 bias 1
 test_print 3.53051
net matrix:
 -1.08225 -0.194444 -0.278682
outputs matrix:
 0.102984 0.403985 0.364158
error matrix:
 -0.102984 -0.403985 0.635842
delta matrix:
 -0.0190268 -0.194544 0.294455
weights_delta matrix:
 -0.00132779 -0.0135763 0.0205486
 -0.000579358 -0.00592376 0.008966
 -0.00153864 -0.0157322 0.0238116
 -0.00136897 -0.0139973 0.0211858
 -0.00190268 -0.0194544 0.0294455
weights matrix:
 -0.436958 -0.0822256 -0.222835
 0.462911 0.232157 0.0594553
 -0.744405 -0.0109628 0.377512
 -0.45055 -0.17656 -0.15467
 0.00263605 -0.12538 -0.254264
regression_error on 'test' 0.189162
classification_error on 'test' 0.289474
Save,125,0.189162,0.289474
sample_count 75 Sample index 60
 i 0:0.559279 i 1:0.410364 i 2:0.536492 i 3:0.536988 bias 1
 test_print 3.04312
net matrix:
 -0.693091 -0.17679 -0.235016
outputs matrix:
 0.200018 0.412514 0.384609
error matrix:
 -0.200018 0.587486 -0.384609
delta matrix:
 -0.0640101 0.28475 -0.182062
weights_delta matrix:
 -0.00357995 0.0159255 -0.0101823
 -0.00262674 0.0116851 -0.00747117
 -0.00343409 0.0152766 -0.00976748
 -0.00343727 0.0152907 -0.00977651
 -0.00640101 0.028475 -0.0182062
weights matrix:
 -0.440538 -0.0663001 -0.233017
 0.460284 0.243843 0.0519841
 -0.747839 0.00431381 0.367745
 -0.453987 -0.161269 -0.164447
 -0.00376497 -0.0969054 -0.27247
regression_error on 'test' 0.194127
classification_error on 'test' 0.710526
Save,126,0.194127,0.710526
sample_count 75 Sample index 28
 i 0:0.305227 i 1:0.551523 i 2:0.113105 i 3:0.135476 bias 1
 test_print 2.10533
net matrix:
 -0.0304605 -0.00401738 -0.295608
outputs matrix:
 0.484774 0.497991 0.356356
error matrix:
 0.515226 -0.497991 -0.356356
delta matrix:
 0.257374 -0.248992 -0.163472
weights_delta matrix:
 0.00785575 -0.0075999 -0.00498961
 0.0141948 -0.0137325 -0.00901587
 0.00291103 -0.00281622 -0.00184895
 0.0034868 -0.00337324 -0.00221466
 0.0257374 -0.0248992 -0.0163472
weights matrix:
 -0.432683 -0.0739 -0.238007
 0.474479 0.23011 0.0429682
 -0.744928 0.00149759 0.365896
 -0.4505 -0.164642 -0.166661
 0.0219724 -0.121805 -0.288817
regression_error on 'test' 0.19103
classification_error on 'test' 0.5
Save,127,0.19103,0.5
sample_count 75 Sample index 54
 i 0:0.305227 i 1:0.622103 i 2:0.158468 i 3:0.135476 bias 1
 test_print 2.22127
net matrix:
 0.00600156 -0.0232764 -0.299329
outputs matrix:
 0.503001 0.488364 0.354651
error matrix:
 0.496999 -0.488364 -0.354651
delta matrix:
 0.248491 -0.24405 -0.162341
weights_delta matrix:
 0.00758461 -0.00744906 -0.00495507
 0.0154587 -0.0151824 -0.0100993
 0.00393778 -0.00386741 -0.00257258
 0.00336645 -0.00330629 -0.00219932
 0.0248491 -0.024405 -0.0162341
weights matrix:
 -0.425098 -0.0813491 -0.242962
 0.489938 0.214928 0.032869
 -0.74099 -0.00236981 0.363323
 -0.447134 -0.167949 -0.168861
 0.0468215 -0.146209 -0.305051
regression_error on 'test' 0.188452
classification_error on 'test' 0.421053
Save,128,0.188452,0.421053
sample_count 75 Sample index 39
 i 0:0.397609 i 1:0.622103 i 2:0.18871 i 3:0.135476 bias 1
 test_print 2.3439
net matrix:
 -0.0178178 -0.0680477 -0.335521
outputs matrix:
 0.491092 0.466029 0.338263
error matrix:
 0.508908 -0.466029 -0.338263
delta matrix:
 0.254373 -0.231939 -0.151435
weights_delta matrix:
 0.0101141 -0.00922209 -0.00602118
 0.0158246 -0.014429 -0.0094208
 0.00480028 -0.00437691 -0.00285772
 0.00344615 -0.00314221 -0.00205158
 0.0254373 -0.0231939 -0.0151435
weights matrix:
 -0.414984 -0.0905712 -0.248983
 0.505762 0.200499 0.0234482
 -0.73619 -0.00674673 0.360465
 -0.443688 -0.171091 -0.170912
 0.0722588 -0.169403 -0.320195
regression_error on 'test' 0.186449
classification_error on 'test' 0.394737
Save,129,0.186449,0.394737
sample_count 75 Sample index 4
 i 0:0.212844 i 1:0.516233 i 2:0.158468 i 3:0.135476 bias 1
 test_print 2.02302
net matrix:
 0.0682516 -0.109425 -0.327117
outputs matrix:
 0.534073 0.445505 0.342036
error matrix:
 0.465927 -0.445505 -0.342036
delta matrix:
 0.231882 -0.220106 -0.153949
weights_delta matrix:
 0.00493546 -0.00468483 -0.00327671
 0.0119705 -0.0113626 -0.00794734
 0.00367458 -0.00348798 -0.00243959
 0.00314144 -0.00298191 -0.00208564
 0.0231882 -0.0220106 -0.0153949
weights matrix:
 -0.410048 -0.095256 -0.25226
 0.517733 0.189136 0.0155008
 -0.732515 -0.0102347 0.358026
 -0.440546 -0.174073 -0.172998
 0.095447 -0.191414 -0.33559
regression_error on 'test' 0.185203
classification_error on 'test' 0.394737
Save,130,0.185203,0.394737
sample_count 75 Sample index 12
 i 0:0.166653 i 1:0.480944 i 2:0.128226 i 3:0.135476 bias 1
 test_print 1.9113
net matrix:
 0.122501 -0.14122 -0.347703
outputs matrix:
 0.560946 0.429856 0.332831
error matrix:
 0.439054 -0.429856 -0.332831
delta matrix:
 0.216265 -0.210698 -0.147814
weights_delta matrix:
 0.00360413 -0.00351134 -0.00246336
 0.0104012 -0.0101334 -0.007109
 0.00277309 -0.00270169 -0.00189535
 0.00292988 -0.00285445 -0.00200252
 0.0216265 -0.0210698 -0.0147814
weights matrix:
 -0.406444 -0.0987674 -0.254723
 0.528134 0.179003 0.00839184
 -0.729742 -0.0129364 0.356131
 -0.437617 -0.176927 -0.175
 0.117074 -0.212484 -0.350371
regression_error on 'test' 0.184399
classification_error on 'test' 0.394737
Save,131,0.184399,0.394737
sample_count 75 Sample index 28
 i 0:0.305227 i 1:0.551523 i 2:0.113105 i 3:0.135476 bias 1
 test_print 2.10533
net matrix:
 0.14247 -0.169339 -0.406919
outputs matrix:
 0.570757 0.416131 0.307073
error matrix:
 0.429243 -0.416131 -0.307073
delta matrix:
 0.210324 -0.202211 -0.130678
weights_delta matrix:
 0.00641964 -0.00617203 -0.00398863
 0.0115998 -0.0111524 -0.00720717
 0.00237886 -0.00228711 -0.00147803
 0.00284938 -0.00273948 -0.00177037
 0.0210324 -0.0202211 -0.0130678
weights matrix:
 -0.400025 -0.104939 -0.258712
 0.539734 0.16785 0.00118467
 -0.727363 -0.0152235 0.354652
 -0.434767 -0.179667 -0.176771
 0.138106 -0.232705 -0.363439
regression_error on 'test' 0.183874
classification_error on 'test' 0.342105
Save,132,0.183874,0.342105
sample_count 75 Sample index 42
 i 0:0.651661 i 1:0.551523 i 2:0.702823 i 3:0.792495 bias 1
 test_print 3.6985
net matrix:
 -0.680657 -0.361601 -0.42221
outputs matrix:
 0.204027 0.326688 0.300605
error matrix:
 -0.204027 -0.326688 0.699395
delta matrix:
 -0.0662678 -0.143719 0.294084
weights_delta matrix:
 -0.00431841 -0.00936559 0.0191643
 -0.00365482 -0.00792642 0.0162194
 -0.00465745 -0.0101009 0.0206689
 -0.00525169 -0.0113896 0.023306
 -0.00662678 -0.0143719 0.0294084
weights matrix:
 -0.404343 -0.114305 -0.239548
 0.536079 0.159924 0.0174041
 -0.732021 -0.0253244 0.375321
 -0.440019 -0.191056 -0.153465
 0.131479 -0.247077 -0.33403
regression_error on 'test' 0.179306
classification_error on 'test' 0.263158
Save,133,0.179306,0.263158
sample_count 75 Sample index 22
 i 0:0.305227 i 1:0.233915 i 2:0.430645 i 3:0.427485 bias 1
 test_print 2.39727
net matrix:
 -0.369883 -0.337137 -0.307049
outputs matrix:
 0.323055 0.337541 0.351125
error matrix:
 -0.323055 0.662459 -0.351125
delta matrix:
 -0.141298 0.296261 -0.159998
weights_delta matrix:
 -0.00431281 0.00904269 -0.00488357
 -0.00330518 0.00692999 -0.00374259
 -0.00608494 0.0127583 -0.00689023
 -0.00604029 0.0126647 -0.00683967
 -0.0141298 0.0296261 -0.0159998
weights matrix:
 -0.408656 -0.105262 -0.244431
 0.532774 0.166854 0.0136615
 -0.738106 -0.0125661 0.368431
 -0.446059 -0.178392 -0.160305
 0.117349 -0.217451 -0.35003
regression_error on 'test' 0.18186
classification_error on 'test' 0.157895
Save,134,0.18186,0.157895
sample_count 75 Sample index 68
 i 0:0.305227 i 1:0.657392 i 2:0.173589 i 3:0.281481 bias 1
 test_print 2.41769
net matrix:
 0.0891735 -0.192286 -0.396823
outputs matrix:
 0.544469 0.405024 0.311386
error matrix:
 0.455531 -0.405024 -0.311386
delta matrix:
 0.225964 -0.195205 -0.133538
weights_delta matrix:
 0.00689703 -0.00595819 -0.00407594
 0.0148547 -0.0128326 -0.00877867
 0.00392249 -0.00338855 -0.00231807
 0.00636046 -0.00549466 -0.00375884
 0.0225964 -0.0195205 -0.0133538
weights matrix:
 -0.401759 -0.11122 -0.248507
 0.547628 0.154021 0.00488281
 -0.734183 -0.0159546 0.366113
 -0.439699 -0.183886 -0.164063
 0.139946 -0.236971 -0.363384
regression_error on 'test' 0.181493
classification_error on 'test' 0.0526316
Save,135,0.181493,0.0526316
sample_count 75 Sample index 42
 i 0:0.651661 i 1:0.551523 i 2:0.702823 i 3:0.792495 bias 1
 test_print 3.6985
net matrix:
 -0.684295 -0.381445 -0.39534
outputs matrix:
 0.202848 0.318019 0.312023
error matrix:
 -0.202848 -0.318019 0.687977
delta matrix:
 -0.0656012 -0.137946 0.295369
weights_delta matrix:
 -0.00427497 -0.00898939 0.019248
 -0.00361806 -0.00760803 0.0162903
 -0.0046106 -0.00969515 0.0207592
 -0.00519886 -0.0109321 0.0234078
 -0.00656012 -0.0137946 0.0295369
weights matrix:
 -0.406034 -0.12021 -0.229259
 0.54401 0.146413 0.0211731
 -0.738794 -0.0256498 0.386872
 -0.444898 -0.194819 -0.140656
 0.133386 -0.250766 -0.333847
regression_error on 'test' 0.177134
classification_error on 'test' 0.263158
Save,136,0.177134,0.263158
sample_count 75 Sample index 11
 i 0:0.536183 i 1:0.198626 i 2:0.536492 i 3:0.427485 bias 1
 test_print 2.69879
net matrix:
 -0.562812 -0.383182 -0.305141
outputs matrix:
 0.24497 0.317266 0.351995
error matrix:
 -0.24497 0.682734 -0.351995
delta matrix:
 -0.0906189 0.295772 -0.160576
weights_delta matrix:
 -0.00485883 0.0158588 -0.00860983
 -0.00179993 0.0058748 -0.00318946
 -0.00486163 0.0158679 -0.00861479
 -0.00387382 0.0126438 -0.0068644
 -0.00906189 0.0295772 -0.0160576
weights matrix:
 -0.410893 -0.104351 -0.237869
 0.54221 0.152288 0.0179836
 -0.743655 -0.00978184 0.378257
 -0.448771 -0.182175 -0.14752
 0.124324 -0.221189 -0.349905
regression_error on 'test' 0.179753
classification_error on 'test' 0.0263158
Save,137,0.179753,0.0263158
sample_count 75 Sample index 25
 i 0:0.628566 i 1:0.410364 i 2:0.778427 i 3:0.865497 bias 1
 test_print 3.68285
net matrix:
 -0.878737 -0.389573 -0.325273
outputs matrix:
 0.147107 0.314504 0.342866
error matrix:
 -0.147107 -0.314504 0.657134
delta matrix:
 -0.036914 -0.135609 0.296116
weights_delta matrix:
 -0.00232029 -0.0085239 0.0186129
 -0.00151482 -0.00556489 0.0121515
 -0.00287348 -0.0105561 0.0230505
 -0.00319489 -0.0117369 0.0256288
 -0.0036914 -0.0135609 0.0296116
weights matrix:
 -0.413213 -0.112875 -0.219256
 0.540696 0.146723 0.0301352
 -0.746529 -0.020338 0.401308
 -0.451966 -0.193912 -0.121891
 0.120632 -0.234749 -0.320293
regression_error on 'test' 0.175495
classification_error on 'test' 0.263158
Save,138,0.175495,0.263158
sample_count 75 Sample index 40
 i 0:0.328323 i 1:0.763262 i 2:0.158468 i 3:0.171977 bias 1
 test_print 2.42203
net matrix:
 0.201629 -0.196392 -0.326647
outputs matrix:
 0.59947 0.403047 0.342248
error matrix:
 0.40053 -0.403047 -0.342248
delta matrix:
 0.192339 -0.193946 -0.15409
weights_delta matrix:
 0.00631493 -0.00636771 -0.00505912
 0.0146805 -0.0148032 -0.0117611
 0.00304796 -0.00307343 -0.00244183
 0.00330779 -0.00333543 -0.00264999
 0.0192339 -0.0193946 -0.015409
weights matrix:
 -0.406898 -0.119243 -0.224315
 0.555376 0.13192 0.0183741
 -0.743481 -0.0234114 0.398866
 -0.448658 -0.197247 -0.124541
 0.139866 -0.254144 -0.335702
regression_error on 'test' 0.175124
classification_error on 'test' 0.263158
Save,139,0.175124,0.263158
sample_count 75 Sample index 5
 i 0:0.536183 i 1:0.198626 i 2:0.687702 i 3:0.60999 bias 1
 test_print 3.0325
net matrix:
 -0.752964 -0.428296 -0.253994
outputs matrix:
 0.181543 0.298052 0.375665
error matrix:
 -0.181543 -0.298052 0.624335
delta matrix:
 -0.0539492 -0.124715 0.292864
weights_delta matrix:
 -0.00289267 -0.006687 0.0157029
 -0.00107157 -0.00247716 0.00581704
 -0.0037101 -0.00857667 0.0201403
 -0.00329085 -0.00760749 0.0178644
 -0.00539492 -0.0124715 0.0292864
weights matrix:
 -0.409791 -0.12593 -0.208612
 0.554305 0.129443 0.0241911
 -0.747191 -0.0319881 0.419006
 -0.451949 -0.204855 -0.106677
 0.134471 -0.266616 -0.306416
regression_error on 'test' 0.172116
classification_error on 'test' 0.263158
Save,140,0.172116,0.263158
sample_count 75 Sample index 27
 i 0:0.328323 i 1:0.622103 i 2:0.158468 i 3:0.135476 bias 1
 test_print 2.24437
net matrix:
 0.165128 -0.260257 -0.307911
outputs matrix:
 0.581822 0.372732 0.350732
error matrix:
 0.418178 -0.372732 -0.350732
delta matrix:
 0.20349 -0.174292 -0.159737
weights_delta matrix:
 0.00668104 -0.0057224 -0.00524453
 0.0126592 -0.0108427 -0.00993727
 0.00322466 -0.00276197 -0.00253132
 0.0027568 -0.00236124 -0.00216405
 0.020349 -0.0174292 -0.0159737
weights matrix:
 -0.40311 -0.131652 -0.213857
 0.566964 0.1186 0.0142538
 -0.743966 -0.0347501 0.416475
 -0.449193 -0.207216 -0.108841
 0.15482 -0.284045 -0.322389
regression_error on 'test' 0.172096
classification_error on 'test' 0.263158
Save,141,0.172096,0.263158
sample_count 75 Sample index 15
 i 0:0.720948 i 1:0.410364 i 2:0.65746 i 3:0.573489 bias 1
 test_print 3.36226
net matrix:
 -0.649874 -0.471973 -0.259323
outputs matrix:
 0.214207 0.280104 0.373169
error matrix:
 -0.214207 0.719896 -0.373169
delta matrix:
 -0.0721118 0.290328 -0.174579
weights_delta matrix:
 -0.00519889 0.0209311 -0.0125862
 -0.00295921 0.011914 -0.00716408
 -0.00474107 0.0190879 -0.0114779
 -0.00413554 0.01665 -0.0100119
 -0.00721118 0.0290328 -0.0174579
weights matrix:
 -0.408308 -0.110721 -0.226443
 0.564004 0.130514 0.00708976
 -0.748707 -0.0156622 0.404997
 -0.453328 -0.190566 -0.118853
 0.147609 -0.255012 -0.339847
regression_error on 'test' 0.174586
classification_error on 'test' 0.263158
Save,142,0.174586,0.263158
sample_count 75 Sample index 6
 i 0:0.305227 i 1:0.657392 i 2:0.128226 i 3:0.171977 bias 1
 test_print 2.26282
net matrix:
 0.219789 -0.237789 -0.372812
outputs matrix:
 0.608158 0.383297 0.321776
error matrix:
 0.391842 -0.383297 -0.321776
delta matrix:
 0.186753 -0.181208 -0.140446
weights_delta matrix:
 0.00570021 -0.00553094 -0.0042868
 0.012277 -0.0119124 -0.00923282
 0.00239466 -0.00232355 -0.00180088
 0.00321172 -0.00311635 -0.00241535
 0.0186753 -0.0181208 -0.0140446
weights matrix:
 -0.402608 -0.116252 -0.23073
 0.576281 0.118602 -0.00214305
 -0.746313 -0.0179857 0.403196
 -0.450116 -0.193682 -0.121268
 0.166284 -0.273133 -0.353892
regression_error on 'test' 0.174602
classification_error on 'test' 0.263158
Save,143,0.174602,0.263158
sample_count 75 Sample index 24
 i 0:0.466896 i 1:0.445654 i 2:0.566734 i 3:0.536988 bias 1
 test_print 3.01627
net matrix:
 -0.429537 -0.388753 -0.299188
outputs matrix:
 0.297533 0.314858 0.354715
error matrix:
 -0.297533 0.685142 -0.354715
delta matrix:
 -0.124373 0.295601 -0.162383
weights_delta matrix:
 -0.00580692 0.0138015 -0.00758161
 -0.00554272 0.0131736 -0.00723667
 -0.00704863 0.0167527 -0.00920281
 -0.00667867 0.0158734 -0.00871978
 -0.0124373 0.0295601 -0.0162383
weights matrix:
 -0.408415 -0.10245 -0.238312
 0.570739 0.131775 -0.00937973
 -0.753361 -0.001233 0.393994
 -0.456795 -0.177809 -0.129988
 0.153847 -0.243573 -0.37013
regression_error on 'test' 0.177196
classification_error on 'test' 0.131579
Save,144,0.177196,0.131579
sample_count 75 Sample index 59
 i 0:0.60547 i 1:0.233915 i 2:0.596976 i 3:0.536988 bias 1
 test_print 2.97335
net matrix:
 -0.654964 -0.370996 -0.351212
outputs matrix:
 0.212499 0.322569 0.331275
error matrix:
 -0.212499 0.677431 -0.331275
delta matrix:
 -0.0711205 0.296062 -0.146776
weights_delta matrix:
 -0.00430613 0.0179257 -0.00888685
 -0.00166362 0.00692534 -0.00343331
 -0.00424572 0.0176742 -0.00876218
 -0.00381909 0.0158982 -0.0078817
 -0.00711205 0.0296062 -0.0146776
weights matrix:
 -0.412721 -0.0845248 -0.247198
 0.569075 0.1387 -0.012813
 -0.757607 0.0164412 0.385231
 -0.460614 -0.161911 -0.13787
 0.146735 -0.213966 -0.384808
regression_error on 'test' 0.180337
classification_error on 'test' 0.394737
Save,145,0.180337,0.394737
sample_count 75 Sample index 10
 i 0:0.697853 i 1:0.304495 i 2:0.808669 i 3:0.719493 bias 1
 test_print 3.53051
net matrix:
 -0.912065 -0.333917 -0.348889
outputs matrix:
 0.138939 0.338982 0.332305
error matrix:
 -0.138939 -0.338982 0.667695
delta matrix:
 -0.0332439 -0.151914 0.296294
weights_delta matrix:
 -0.00231994 -0.0106013 0.020677
 -0.00101226 -0.00462569 0.00902201
 -0.00268833 -0.0122848 0.0239604
 -0.00239188 -0.0109301 0.0213182
 -0.00332439 -0.0151914 0.0296294
weights matrix:
 -0.415041 -0.0951261 -0.226521
 0.568063 0.134075 -0.00379103
 -0.760295 0.00415641 0.409192
 -0.463006 -0.172841 -0.116551
 0.143411 -0.229158 -0.355178
regression_error on 'test' 0.17554
classification_error on 'test' 0.184211
Save,146,0.17554,0.184211
sample_count 75 Sample index 32
 i 0:0.697853 i 1:0.516233 i 2:0.642339 i 3:0.60999 bias 1
 test_print 3.46642
net matrix:
 -0.623771 -0.329089 -0.323469
outputs matrix:
 0.223126 0.341149 0.34368
error matrix:
 -0.223126 0.658851 -0.34368
delta matrix:
 -0.0773537 0.296175 -0.155044
weights_delta matrix:
 -0.00539815 0.0206687 -0.0108198
 -0.00399325 0.0152895 -0.00800386
 -0.00496873 0.0190245 -0.00995905
 -0.0047185 0.0180664 -0.0094575
 -0.00773537 0.0296175 -0.0155044
weights matrix:
 -0.420439 -0.0744574 -0.237341
 0.56407 0.149364 -0.0117949
 -0.765264 0.0231809 0.399233
 -0.467724 -0.154774 -0.126009
 0.135675 -0.19954 -0.370683
regression_error on 'test' 0.179476
classification_error on 'test' 0.394737
Save,147,0.179476,0.394737
sample_count 75 Sample index 32
 i 0:0.697853 i 1:0.516233 i 2:0.642339 i 3:0.60999 bias 1
 test_print 3.46642
net matrix:
 -0.643404 -0.253915 -0.362822
outputs matrix:
 0.216393 0.375703 0.326151
error matrix:
 -0.216393 0.624297 -0.326151
delta matrix:
 -0.0733865 0.292858 -0.143361
weights_delta matrix:
 -0.0051213 0.0204372 -0.0100045
 -0.00378845 0.0151183 -0.00740076
 -0.0047139 0.0188114 -0.00920863
 -0.0044765 0.0178641 -0.00874487
 -0.00733865 0.0292858 -0.0143361
weights matrix:
 -0.425561 -0.0540202 -0.247346
 0.560281 0.164483 -0.0191956
 -0.769978 0.0419923 0.390024
 -0.472201 -0.13691 -0.134754
 0.128337 -0.170255 -0.385019
regression_error on 'test' 0.184182
classification_error on 'test' 0.421053
Save,148,0.184182,0.421053
sample_count 75 Sample index 25
 i 0:0.628566 i 1:0.410364 i 2:0.778427 i 3:0.865497 bias 1
 test_print 3.68285
net matrix:
 -0.917297 -0.222519 -0.361393
outputs matrix:
 0.137692 0.390541 0.32678
error matrix:
 -0.137692 -0.390541 0.67322
delta matrix:
 -0.0326971 -0.185912 0.29621
weights_delta matrix:
 -0.00205523 -0.0116858 0.0186187
 -0.00134177 -0.00762916 0.0121554
 -0.00254523 -0.0144719 0.0230578
 -0.00282992 -0.0160906 0.0256369
 -0.00326971 -0.0185912 0.029621
weights matrix:
 -0.427616 -0.065706 -0.228727
 0.558939 0.156853 -0.00704026
 -0.772523 0.0275204 0.413082
 -0.475031 -0.153001 -0.109117
 0.125067 -0.188846 -0.355398
regression_error on 'test' 0.178296
classification_error on 'test' 0.315789
Save,149,0.178296,0.315789
sample_count 75 Sample index 63
 i 0:0.420705 i 1:0.904421 i 2:0.143347 i 3:0.135476 bias 1
 test_print 2.60395
net matrix:
 0.275589 -0.09141 -0.41356
outputs matrix:
 0.634409 0.454422 0.304254
error matrix:
 0.365591 -0.454422 -0.304254
delta matrix:
 0.169586 -0.225323 -0.128811
weights_delta matrix:
 0.00713458 -0.00947945 -0.00541915
 0.0153377 -0.0203787 -0.01165
 0.00243097 -0.00322994 -0.00184647
 0.00229749 -0.00305258 -0.00174508
 0.0169586 -0.0225323 -0.0128811
weights matrix:
 -0.420481 -0.0751855 -0.234146
 0.574277 0.136475 -0.0186902
 -0.770092 0.0242905 0.411235
 -0.472733 -0.156053 -0.110862
 0.142026 -0.211378 -0.368279
regression_error on 'test' 0.176931
classification_error on 'test' 0.236842
Save,150,0.176931,0.236842
sample_count 75 Sample index 40
 i 0:0.328323 i 1:0.763262 i 2:0.158468 i 3:0.171977 bias 1
 test_print 2.42203
net matrix:
 0.238962 -0.154885 -0.413318
outputs matrix:
 0.617257 0.423171 0.304357
error matrix:
 0.382743 -0.423171 -0.304357
delta matrix:
 0.180846 -0.20659 -0.128879
weights_delta matrix:
 0.00593761 -0.00678281 -0.0042314
 0.0138033 -0.0157682 -0.00983686
 0.00286584 -0.00327378 -0.00204232
 0.00311014 -0.00355287 -0.00221643
 0.0180846 -0.020659 -0.0128879
weights matrix:
 -0.414544 -0.0819683 -0.238378
 0.58808 0.120707 -0.0285271
 -0.767226 0.0210167 0.409193
 -0.469623 -0.159606 -0.113078
 0.16011 -0.232037 -0.381167
regression_error on 'test' 0.176238
classification_error on 'test' 0.105263
Save,151,0.176238,0.105263
sample_count 75 Sample index 10
 i 0:0.697853 i 1:0.304495 i 2:0.808669 i 3:0.719493 bias 1
 test_print 3.53051
net matrix:
 -0.908436 -0.350324 -0.306663
outputs matrix:
 0.13981 0.331668 0.351301
error matrix:
 -0.13981 -0.331668 0.648699
delta matrix:
 -0.0336279 -0.147038 0.295662
weights_delta matrix:
 -0.00234673 -0.0102611 0.0206329
 -0.00102395 -0.00447724 0.00900277
 -0.00271938 -0.0118905 0.0239093
 -0.0024195 -0.0105793 0.0212727
 -0.00336279 -0.0147038 0.0295662
weights matrix:
 -0.41689 -0.0922294 -0.217745
 0.587056 0.116229 -0.0195243
 -0.769946 0.00912616 0.433102
 -0.472043 -0.170186 -0.0918057
 0.156747 -0.246741 -0.351601
regression_error on 'test' 0.171727
classification_error on 'test' 0.263158
Save,152,0.171727,0.263158
sample_count 75 Sample index 22
 i 0:0.305227 i 1:0.233915 i 2:0.430645 i 3:0.427485 bias 1
 test_print 2.39727
net matrix:
 -0.366542 -0.316526 -0.275361
outputs matrix:
 0.324518 0.346819 0.365697
error matrix:
 -0.324518 0.653181 -0.365697
delta matrix:
 -0.142273 0.295937 -0.169656
weights_delta matrix:
 -0.00434255 0.00903281 -0.00517836
 -0.00332798 0.00692242 -0.00396851
 -0.00612691 0.0127444 -0.00730615
 -0.00608195 0.0126509 -0.00725254
 -0.0142273 0.0295937 -0.0169656
weights matrix:
 -0.421233 -0.0831966 -0.222923
 0.583729 0.123152 -0.0234928
 -0.776073 0.0218706 0.425796
 -0.478125 -0.157535 -0.0990582
 0.14252 -0.217147 -0.368566
regression_error on 'test' 0.174396
classification_error on 'test' 0
Save,153,0.174396,0
sample_count 75 Sample index 63
 i 0:0.420705 i 1:0.904421 i 2:0.143347 i 3:0.135476 bias 1
 test_print 2.60395
net matrix:
 0.31722 -0.158974 -0.435982
outputs matrix:
 0.653495 0.421176 0.294846
error matrix:
 0.346505 -0.421176 -0.294846
delta matrix:
 0.156924 -0.205354 -0.122604
weights_delta matrix:
 0.00660189 -0.00863935 -0.00515801
 0.0141926 -0.0185727 -0.0110886
 0.00224947 -0.00294369 -0.00175749
 0.00212595 -0.00278206 -0.00166099
 0.0156924 -0.0205354 -0.0122604
weights matrix:
 -0.414631 -0.0918359 -0.228081
 0.597921 0.104579 -0.0345814
 -0.773823 0.0189269 0.424039
 -0.475999 -0.160317 -0.100719
 0.158213 -0.237682 -0.380826
regression_error on 'test' 0.173691
classification_error on 'test' 0.0789474
Save,154,0.173691,0.0789474
sample_count 75 Sample index 46
 i 0:0.928809 i 1:0.480944 i 2:0.854032 i 3:0.901998 bias 1
 test_print 4.16578
net matrix:
 -1.02955 -0.401125 -0.338008
outputs matrix:
 0.113135 0.309544 0.337151
error matrix:
 -0.113135 -0.309544 0.662849
delta matrix:
 -0.022703 -0.132316 0.296267
weights_delta matrix:
 -0.00210868 -0.0122896 0.0275176
 -0.00109189 -0.00636365 0.0142488
 -0.00193891 -0.0113002 0.0253022
 -0.00204781 -0.0119349 0.0267232
 -0.0022703 -0.0132316 0.0296267
weights matrix:
 -0.41674 -0.104126 -0.200563
 0.596829 0.0982154 -0.0203326
 -0.775762 0.00762668 0.449341
 -0.478047 -0.172252 -0.073996
 0.155942 -0.250914 -0.3512
regression_error on 'test' 0.168865
classification_error on 'test' 0.263158
Save,155,0.168865,0.263158
sample_count 75 Sample index 10
 i 0:0.697853 i 1:0.304495 i 2:0.808669 i 3:0.719493 bias 1
 test_print 3.53051
net matrix:
 -0.924435 -0.411439 -0.187226
outputs matrix:
 0.136006 0.305153 0.407466
error matrix:
 -0.136006 -0.305153 0.592534
delta matrix:
 -0.0319635 -0.129406 0.28612
weights_delta matrix:
 -0.00223058 -0.00903065 0.019967
 -0.000973272 -0.00394035 0.00871221
 -0.00258479 -0.0104647 0.0231376
 -0.00229975 -0.00931068 0.0205861
 -0.00319635 -0.0129406 0.028612
weights matrix:
 -0.41897 -0.113156 -0.180596
 0.595856 0.0942751 -0.0116204
 -0.778347 -0.00283799 0.472479
 -0.480346 -0.181562 -0.0534098
 0.152746 -0.263855 -0.322588
regression_error on 'test' 0.165625
classification_error on 'test' 0.263158
Save,156,0.165625,0.263158
sample_count 75 Sample index 48
 i 0:0.744044 i 1:0.516233 i 2:0.748185 i 3:0.828996 bias 1
 test_print 3.83746
net matrix:
 -0.831939 -0.452018 -0.153733
outputs matrix:
 0.159242 0.288222 0.423733
error matrix:
 -0.159242 -0.288222 0.576267
delta matrix:
 -0.04264 -0.118257 0.28143
weights_delta matrix:
 -0.0031726 -0.00879888 0.0209396
 -0.00220122 -0.00610484 0.0145283
 -0.00319026 -0.00884785 0.0210561
 -0.00353484 -0.0098035 0.0233304
 -0.004264 -0.0118257 0.028143
weights matrix:
 -0.422143 -0.121955 -0.159657
 0.593655 0.0881702 0.00290795
 -0.781537 -0.0116858 0.493535
 -0.483881 -0.191366 -0.0300794
 0.148482 -0.27568 -0.294445
regression_error on 'test' 0.163218
classification_error on 'test' 0.263158
Save,157,0.163218,0.263158
sample_count 75 Sample index 51
 i 0:0.628566 i 1:0.516233 i 2:0.763306 i 3:0.719493 bias 1
 test_print 3.6276
net matrix:
 -0.7551 -0.453427 -0.0382225
outputs matrix:
 0.180909 0.287644 0.480898
error matrix:
 -0.180909 -0.287644 0.519102
delta matrix:
 -0.0536146 -0.117879 0.259172
weights_delta matrix:
 -0.00337003 -0.0074095 0.0162907
 -0.00276777 -0.00608532 0.0133793
 -0.00409244 -0.0089978 0.0197828
 -0.00385754 -0.00848134 0.0186473
 -0.00536146 -0.0117879 0.0259172
weights matrix:
 -0.425513 -0.129365 -0.143366
 0.590887 0.0820849 0.0162873
 -0.78563 -0.0206836 0.513317
 -0.487739 -0.199847 -0.0114322
 0.14312 -0.287468 -0.268528
regression_error on 'test' 0.161993
classification_error on 'test' 0.263158
Save,158,0.161993,0.263158
sample_count 75 Sample index 64
 i 0:0.282131 i 1:0.516233 i 2:0.158468 i 3:0.0989754 bias 1
 test_print 2.05581
net matrix:
 0.155334 -0.304649 -0.220355
outputs matrix:
 0.577048 0.352219 0.391572
error matrix:
 0.422952 -0.352219 -0.391572
delta matrix:
 0.206454 -0.160725 -0.186579
weights_delta matrix:
 0.00582471 -0.00453456 -0.00526397
 0.0106578 -0.00829718 -0.00963181
 0.00327164 -0.00254698 -0.00295668
 0.00204339 -0.00159079 -0.00184667
 0.0206454 -0.0160725 -0.0186579
weights matrix:
 -0.419688 -0.133899 -0.14863
 0.601545 0.0737877 0.00665546
 -0.782358 -0.0232306 0.510361
 -0.485695 -0.201438 -0.0132789
 0.163766 -0.303541 -0.287185
regression_error on 'test' 0.16137
classification_error on 'test' 0.263158
Save,159,0.16137,0.263158
sample_count 75 Sample index 65
 i 0:0.928809 i 1:0.410364 i 2:0.944758 i 3:0.792495 bias 1
 test_print 4.07643
net matrix:
 -1.10324 -0.579214 0.0491406
outputs matrix:
 0.0991697 0.238953 0.524551
error matrix:
 -0.0991697 -0.238953 0.475449
delta matrix:
 -0.0177187 -0.0869094 0.237152
weights_delta matrix:
 -0.00164573 -0.00807223 0.0220269
 -0.00072711 -0.00356645 0.00973185
 -0.00167399 -0.00821084 0.0224051
 -0.0014042 -0.00688753 0.0187941
 -0.00177187 -0.00869094 0.0237152
weights matrix:
 -0.421334 -0.141971 -0.126603
 0.600818 0.0702213 0.0163873
 -0.784032 -0.0314415 0.532766
 -0.4871 -0.208325 0.00551529
 0.161994 -0.312232 -0.26347
regression_error on 'test' 0.16052
classification_error on 'test' 0.263158
Save,160,0.16052,0.263158
sample_count 75 Sample index 32
 i 0:0.697853 i 1:0.516233 i 2:0.642339 i 3:0.60999 bias 1
 test_print 3.46642
net matrix:
 -0.622613 -0.522329 0.0022194
outputs matrix:
 0.223527 0.260252 0.50111
error matrix:
 -0.223527 0.739748 -0.50111
delta matrix:
 -0.0775922 0.284834 -0.250554
weights_delta matrix:
 -0.00541479 0.0198772 -0.017485
 -0.00400556 0.0147041 -0.0129344
 -0.00498405 0.018296 -0.016094
 -0.00473305 0.0173746 -0.0152835
 -0.00775922 0.0284834 -0.0250554
weights matrix:
 -0.426749 -0.122094 -0.144088
 0.596812 0.0849254 0.0034529
 -0.789016 -0.0131455 0.516672
 -0.491833 -0.190951 -0.00976823
 0.154235 -0.283748 -0.288526
regression_error on 'test' 0.16132
classification_error on 'test' 0.263158
Save,161,0.16132,0.263158
sample_count 75 Sample index 53
 i 0:0.489992 i 1:0.410364 i 2:0.702823 i 3:0.938499 bias 1
 test_print 3.54168
net matrix:
 -0.826081 -0.497169 -0.00374948
outputs matrix:
 0.160817 0.270056 0.498125
error matrix:
 -0.160817 -0.270056 0.501875
delta matrix:
 -0.043406 -0.10647 0.250934
weights_delta matrix:
 -0.00212686 -0.00521694 0.0122956
 -0.00178123 -0.00436914 0.0102974
 -0.00305067 -0.00748295 0.0176362
 -0.00407365 -0.00999219 0.0235501
 -0.0043406 -0.010647 0.0250934
weights matrix:
 -0.428876 -0.127311 -0.131793
 0.595031 0.0805562 0.0137503
 -0.792067 -0.0206284 0.534308
 -0.495906 -0.200943 0.0137819
 0.149894 -0.294395 -0.263432
regression_error on 'test' 0.160509
classification_error on 'test' 0.263158
Save,162,0.160509,0.263158
sample_count 75 Sample index 70
 i 0:0.259036 i 1:0.622103 i 2:0.173589 i 3:0.135476 bias 1
 test_print 2.1902
net matrix:
 0.204293 -0.308063 -0.1944
outputs matrix:
 0.600749 0.350663 0.404006
error matrix:
 0.399251 -0.350663 -0.404006
delta matrix:
 0.191521 -0.159691 -0.194557
weights_delta matrix:
 0.00496107 -0.00413657 -0.00503974
 0.0119146 -0.00993441 -0.0121035
 0.00332459 -0.00277206 -0.0033773
 0.00259464 -0.00216343 -0.00263579
 0.0191521 -0.0159691 -0.0194557
weights matrix:
 -0.423915 -0.131448 -0.136832
 0.606945 0.0706218 0.00164685
 -0.788742 -0.0234005 0.530931
 -0.493312 -0.203106 0.0111461
 0.169046 -0.310365 -0.282888
regression_error on 'test' 0.159694
classification_error on 'test' 0.263158
Save,163,0.159694,0.263158
sample_count 75 Sample index 51
 i 0:0.628566 i 1:0.516233 i 2:0.763306 i 3:0.719493 bias 1
 test_print 3.6276
net matrix:
 -0.741073 -0.520526 0.045236
outputs matrix:
 0.185104 0.260947 0.522603
error matrix:
 -0.185104 -0.260947 0.477397
delta matrix:
 -0.0558422 -0.100649 0.238211
weights_delta matrix:
 -0.00351005 -0.00632646 0.0149731
 -0.00288276 -0.00519584 0.0122972
 -0.00426247 -0.00768261 0.0181828
 -0.0040178 -0.00724164 0.0171391
 -0.00558422 -0.0100649 0.0238211
weights matrix:
 -0.427425 -0.137774 -0.121859
 0.604063 0.065426 0.0139441
 -0.793005 -0.0310831 0.549114
 -0.497329 -0.210348 0.0282852
 0.163462 -0.320429 -0.259067
regression_error on 'test' 0.159415
classification_error on 'test' 0.263158
Save,164,0.159415,0.263158
sample_count 75 Sample index 1
 i 0:0.582374 i 1:0.445654 i 2:0.581855 i 3:0.536988 bias 1
 test_print 3.14687
net matrix:
 -0.54473 -0.502548 0.0108728
outputs matrix:
 0.25172 0.267941 0.505436
error matrix:
 -0.25172 0.732059 -0.505436
delta matrix:
 -0.0948266 0.287185 -0.252688
weights_delta matrix:
 -0.00552245 0.0167249 -0.0147159
 -0.00422598 0.0127985 -0.0112612
 -0.00551753 0.01671 -0.0147028
 -0.00509207 0.0154215 -0.0135691
 -0.00948266 0.0287185 -0.0252688
weights matrix:
 -0.432947 -0.121049 -0.136575
 0.599837 0.0782245 0.00268293
 -0.798522 -0.0143731 0.534411
 -0.502421 -0.194927 0.0147162
 0.153979 -0.291711 -0.284336
regression_error on 'test' 0.159755
classification_error on 'test' 0.263158
Save,165,0.159755,0.263158
sample_count 75 Sample index 63
 i 0:0.420705 i 1:0.904421 i 2:0.143347 i 3:0.135476 bias 1
 test_print 2.60395
net matrix:
 0.331809 -0.300357 -0.260767
outputs matrix:
 0.660073 0.35418 0.372493
error matrix:
 0.339927 -0.35418 -0.372493
delta matrix:
 0.152543 -0.162028 -0.174135
weights_delta matrix:
 0.00641758 -0.0068166 -0.00732594
 0.0137963 -0.0146541 -0.0157491
 0.00218666 -0.00232262 -0.00249617
 0.0020666 -0.00219509 -0.00235911
 0.0152543 -0.0162028 -0.0174135
weights matrix:
 -0.42653 -0.127866 -0.143901
 0.613633 0.0635703 -0.0130662
 -0.796335 -0.0166957 0.531915
 -0.500355 -0.197122 0.012357
 0.169234 -0.307914 -0.301749
regression_error on 'test' 0.158991
classification_error on 'test' 0.263158
Save,166,0.158991,0.263158
sample_count 75 Sample index 71
 i 0:0.143558 i 1:0.480944 i 2:0.0979839 i 3:0.0989754 bias 1
 test_print 1.82146
net matrix:
 0.275574 -0.316842 -0.275349
outputs matrix:
 0.634402 0.346676 0.365702
error matrix:
 0.365598 -0.346676 -0.365702
delta matrix:
 0.169591 -0.157038 -0.16966
weights_delta matrix:
 0.00243461 -0.00225441 -0.0024356
 0.00815636 -0.00755266 -0.00815968
 0.00166172 -0.00153872 -0.00166239
 0.00167853 -0.00155429 -0.00167921
 0.0169591 -0.0157038 -0.016966
weights matrix:
 -0.424095 -0.13012 -0.146337
 0.621789 0.0560176 -0.0212259
 -0.794674 -0.0182345 0.530252
 -0.498676 -0.198676 0.0106778
 0.186193 -0.323618 -0.318715
regression_error on 'test' 0.158641
classification_error on 'test' 0.263158
Save,167,0.158641,0.263158
sample_count 75 Sample index 64
 i 0:0.282131 i 1:0.516233 i 2:0.158468 i 3:0.0989754 bias 1
 test_print 2.05581
net matrix:
 0.212244 -0.353964 -0.285874
outputs matrix:
 0.604557 0.330057 0.360834
error matrix:
 0.395443 -0.330057 -0.360834
delta matrix:
 0.189076 -0.145964 -0.16644
weights_delta matrix:
 0.00533441 -0.00411809 -0.00469579
 0.00976071 -0.00753514 -0.00859218
 0.00299625 -0.00231306 -0.00263754
 0.00187138 -0.00144468 -0.00164735
 0.0189076 -0.0145964 -0.016644
weights matrix:
 -0.41876 -0.134238 -0.151033
 0.63155 0.0484825 -0.029818
 -0.791677 -0.0205475 0.527615
 -0.496805 -0.200121 0.00903048
 0.2051 -0.338214 -0.335359
regression_error on 'test' 0.158647
classification_error on 'test' 0.263158
Save,168,0.158647,0.263158
sample_count 75 Sample index 13
 i 0:0.420705 i 1:0.269205 i 2:0.491129 i 3:0.427485 bias 1
 test_print 2.60852
net matrix:
 -0.40225 -0.477277 -0.143939
outputs matrix:
 0.309064 0.27797 0.428523
error matrix:
 -0.309064 0.72203 -0.428523
delta matrix:
 -0.131997 0.289827 -0.209883
weights_delta matrix:
 -0.00555318 0.0121932 -0.00882989
 -0.00355342 0.00780228 -0.00565016
 -0.00648275 0.0142342 -0.010308
 -0.00564267 0.0123897 -0.00897219
 -0.0131997 0.0289827 -0.0209883
weights matrix:
 -0.424314 -0.122045 -0.159862
 0.627997 0.0562848 -0.0354682
 -0.79816 -0.00631329 0.517307
 -0.502448 -0.187731 5.82987e-05
 0.191901 -0.309231 -0.356348
regression_error on 'test' 0.159523
classification_error on 'test' 0.263158
Save,169,0.159523,0.263158
sample_count 75 Sample index 36
 i 0:0.744044 i 1:0.516233 i 2:0.702823 i 3:0.901998 bias 1
 test_print 3.8651
net matrix:
 -0.813787 -0.544752 -0.129974
outputs matrix:
 0.164163 0.251712 0.435376
error matrix:
 -0.164163 -0.251712 0.564624
delta matrix:
 -0.0450508 -0.0948212 0.277596
weights_delta matrix:
 -0.00335198 -0.00705511 0.0206544
 -0.00232567 -0.00489498 0.0143304
 -0.00316627 -0.00666425 0.0195101
 -0.00406357 -0.00855285 0.0250391
 -0.00450508 -0.00948212 0.0277596
weights matrix:
 -0.427666 -0.1291 -0.139208
 0.625671 0.0513898 -0.0211378
 -0.801326 -0.0129775 0.536817
 -0.506511 -0.196284 0.0250974
 0.187396 -0.318713 -0.328588
regression_error on 'test' 0.157586
classification_error on 'test' 0.263158
Save,170,0.157586,0.263158
sample_count 75 Sample index 69
 i 0:0.628566 i 1:0.445654 i 2:0.581855 i 3:0.536988 bias 1
 test_print 3.19306
net matrix:
 -0.540834 -0.489913 -0.0996831
outputs matrix:
 0.253191 0.272926 0.450323
error matrix:
 -0.253191 0.727074 -0.450323
delta matrix:
 -0.0957491 0.288557 -0.222939
weights_delta matrix:
 -0.00601846 0.0181377 -0.0140132
 -0.0042671 0.0128597 -0.00993536
 -0.00557121 0.0167899 -0.0129718
 -0.00514161 0.0154952 -0.0119715
 -0.00957491 0.0288557 -0.0222939
weights matrix:
 -0.433684 -0.110963 -0.153221
 0.621404 0.0642495 -0.0310731
 -0.806898 0.00381232 0.523845
 -0.511653 -0.180789 0.0131258
 0.177821 -0.289858 -0.350882
regression_error on 'test' 0.158901
classification_error on 'test' 0.263158
Save,171,0.158901,0.263158
sample_count 75 Sample index 17
 i 0:0.443801 i 1:0.304495 i 2:0.521371 i 3:0.463986 bias 1
 test_print 2.73365
net matrix:
 -0.483527 -0.401435 -0.149135
outputs matrix:
 0.275468 0.309412 0.42598
error matrix:
 -0.275468 0.690588 -0.42598
delta matrix:
 -0.109959 0.295124 -0.208322
weights_delta matrix:
 -0.00487998 0.0130977 -0.00924536
 -0.00334819 0.00898639 -0.00634331
 -0.00573293 0.0153869 -0.0108613
 -0.00510193 0.0136934 -0.00966586
 -0.0109959 0.0295124 -0.0208322
weights matrix:
 -0.438564 -0.0978649 -0.162467
 0.618056 0.0732359 -0.0374165
 -0.812631 0.0191993 0.512984
 -0.516755 -0.167095 0.00345998
 0.166825 -0.260345 -0.371714
regression_error on 'test' 0.160771
classification_error on 'test' 0.263158
Save,172,0.160771,0.263158
sample_count 75 Sample index 52
 i 0:0.443801 i 1:0.410364 i 2:0.672581 i 3:0.792495 bias 1
 test_print 3.31924
net matrix:
 -0.730268 -0.393234 -0.111406
outputs matrix:
 0.188385 0.312928 0.444526
error matrix:
 -0.188385 -0.312928 0.555474
delta matrix:
 -0.0576069 -0.134561 0.274318
weights_delta matrix:
 -0.0025566 -0.00597185 0.0121743
 -0.00236398 -0.00552192 0.011257
 -0.00387453 -0.00905035 0.0184501
 -0.00456531 -0.0106639 0.0217396
 -0.00576069 -0.0134561 0.0274318
weights matrix:
 -0.441121 -0.103837 -0.150292
 0.615692 0.067714 -0.0261594
 -0.816505 0.0101489 0.531434
 -0.52132 -0.177759 0.0251996
 0.161064 -0.273801 -0.344282
regression_error on 'test' 0.158581
classification_error on 'test' 0.263158
Save,173,0.158581,0.263158
sample_count 75 Sample index 1
 i 0:0.582374 i 1:0.445654 i 2:0.581855 i 3:0.536988 bias 1
 test_print 3.14687
net matrix:
 -0.576478 -0.393646 -0.120717
outputs matrix:
 0.23995 0.312751 0.439933
error matrix:
 -0.23995 0.687249 -0.439933
delta matrix:
 -0.0875211 0.295432 -0.216792
weights_delta matrix:
 -0.005097 0.0172052 -0.0126254
 -0.00390041 0.013166 -0.00966141
 -0.00509246 0.0171898 -0.0126141
 -0.00469978 0.0158643 -0.0116415
 -0.00875211 0.0295432 -0.0216792
weights matrix:
 -0.446218 -0.0866316 -0.162918
 0.611791 0.08088 -0.0358208
 -0.821598 0.0273387 0.51882
 -0.52602 -0.161895 0.0135581
 0.152312 -0.244258 -0.365961
regression_error on 'test' 0.160951
classification_error on 'test' 0.263158
Save,174,0.160951,0.263158
sample_count 75 Sample index 19
 i 0:0.674757 i 1:0.480944 i 2:0.596976 i 3:0.573489 bias 1
 test_print 3.32617
net matrix:
 -0.64668 -0.340339 -0.175621
outputs matrix:
 0.215285 0.33611 0.413081
error matrix:
 -0.215285 0.66389 -0.413081
delta matrix:
 -0.0727392 0.296281 -0.200299
weights_delta matrix:
 -0.00490813 0.0199918 -0.0135153
 -0.00349835 0.0142495 -0.00963327
 -0.00434236 0.0176873 -0.0119574
 -0.00417151 0.0169914 -0.0114869
 -0.00727392 0.0296281 -0.0200299
weights matrix:
 -0.451126 -0.0666398 -0.176433
 0.608293 0.0951294 -0.0454541
 -0.82594 0.045026 0.506862
 -0.530191 -0.144904 0.00207116
 0.145038 -0.21463 -0.385991
regression_error on 'test' 0.164386
classification_error on 'test' 0.236842
Save,175,0.164386,0.236842
sample_count 75 Sample index 36
 i 0:0.744044 i 1:0.516233 i 2:0.702823 i 3:0.901998 bias 1
 test_print 3.8651
net matrix:
 -0.93532 -0.314162 -0.182628
outputs matrix:
 0.133468 0.347891 0.409688
error matrix:
 -0.133468 -0.347891 0.590312
delta matrix:
 -0.0308722 -0.157847 0.285527
weights_delta matrix:
 -0.00229703 -0.0117445 0.0212444
 -0.00159373 -0.00814858 0.0147398
 -0.00216977 -0.0110939 0.0200675
 -0.00278467 -0.0142378 0.0257544
 -0.00308722 -0.0157847 0.0285527
weights matrix:
 -0.453423 -0.0783843 -0.155189
 0.606699 0.0869809 -0.0307143
 -0.82811 0.0339322 0.52693
 -0.532976 -0.159141 0.0278256
 0.141951 -0.230415 -0.357439
regression_error on 'test' 0.160825
classification_error on 'test' 0.263158
Save,176,0.160825,0.263158
sample_count 75 Sample index 63
 i 0:0.420705 i 1:0.904421 i 2:0.143347 i 3:0.135476 bias 1
 test_print 2.60395
net matrix:
 0.308993 -0.20142 -0.371202
outputs matrix:
 0.64976 0.40063 0.322478
error matrix:
 0.35024 -0.40063 -0.322478
delta matrix:
 0.159409 -0.192403 -0.140914
weights_delta matrix:
 0.00670644 -0.0080945 -0.00592833
 0.0144173 -0.0174013 -0.0127446
 0.00228509 -0.00275804 -0.00201996
 0.00215962 -0.0026066 -0.00190905
 0.0159409 -0.0192403 -0.0140914
weights matrix:
 -0.446716 -0.0864788 -0.161117
 0.621117 0.0695795 -0.0434589
 -0.825825 0.0311741 0.52491
 -0.530816 -0.161748 0.0259166
 0.157892 -0.249655 -0.37153
regression_error on 'test' 0.159673
classification_error on 'test' 0.263158
Save,177,0.159673,0.263158
sample_count 75 Sample index 51
 i 0:0.628566 i 1:0.516233 i 2:0.763306 i 3:0.719493 bias 1
 test_print 3.6276
net matrix:
 -0.814534 -0.360675 -0.0759241
outputs matrix:
 0.163958 0.327096 0.462111
error matrix:
 -0.163958 -0.327096 0.537889
delta matrix:
 -0.0449494 -0.14399 0.2674
weights_delta matrix:
 -0.00282537 -0.00905074 0.0168079
 -0.00232044 -0.00743326 0.0138041
 -0.00343102 -0.0109909 0.0204108
 -0.00323408 -0.01036 0.0192393
 -0.00449494 -0.014399 0.02674
weights matrix:
 -0.449542 -0.0955296 -0.144309
 0.618796 0.0621463 -0.0296548
 -0.829256 0.0201832 0.545321
 -0.53405 -0.172108 0.0451558
 0.153397 -0.264054 -0.34479
regression_error on 'test' 0.157475
classification_error on 'test' 0.263158
Save,178,0.157475,0.263158
sample_count 75 Sample index 46
 i 0:0.928809 i 1:0.480944 i 2:0.854032 i 3:0.901998 bias 1
 test_print 4.16578
net matrix:
 -1.15646 -0.460898 0.0133637
outputs matrix:
 0.0900588 0.284592 0.506681
error matrix:
 -0.0900588 -0.284592 0.493319
delta matrix:
 -0.0147603 -0.115886 0.246615
weights_delta matrix:
 -0.00137095 -0.0107636 0.0229058
 -0.000709889 -0.00557345 0.0118608
 -0.00126058 -0.009897 0.0210617
 -0.00133138 -0.0104529 0.0222446
 -0.00147603 -0.0115886 0.0246615
weights matrix:
 -0.450913 -0.106293 -0.121403
 0.618086 0.0565728 -0.017794
 -0.830516 0.0102862 0.566382
 -0.535382 -0.182561 0.0674005
 0.151921 -0.275643 -0.320129
regression_error on 'test' 0.156054
classification_error on 'test' 0.263158
Save,179,0.156054,0.263158
sample_count 75 Sample index 65
 i 0:0.928809 i 1:0.410364 i 2:0.944758 i 3:0.792495 bias 1
 test_print 4.07643
net matrix:
 -1.22217 -0.486114 0.148318
outputs matrix:
 0.0798527 0.274437 0.57362
error matrix:
 -0.0798527 -0.274437 0.42638
delta matrix:
 -0.0117346 -0.109292 0.208568
weights_delta matrix:
 -0.00108992 -0.0101512 0.019372
 -0.000481544 -0.00448496 0.00855889
 -0.00110863 -0.0103255 0.0197047
 -0.000929958 -0.00866136 0.0165289
 -0.00117346 -0.0109292 0.0208568
weights matrix:
 -0.452003 -0.116444 -0.102031
 0.617605 0.0520878 -0.00923507
 -0.831625 -3.92381e-05 0.586087
 -0.536312 -0.191222 0.0839294
 0.150747 -0.286572 -0.299272
regression_error on 'test' 0.155594
classification_error on 'test' 0.263158
Save,180,0.155594,0.263158
sample_count 75 Sample index 40
 i 0:0.328323 i 1:0.763262 i 2:0.158468 i 3:0.171977 bias 1
 test_print 2.42203
net matrix:
 0.24972 -0.317939 -0.23251
outputs matrix:
 0.622327 0.346179 0.385796
error matrix:
 0.377673 -0.346179 -0.385796
delta matrix:
 0.177533 -0.156708 -0.182834
weights_delta matrix:
 0.00582883 -0.00514508 -0.00600287
 0.0135504 -0.0119609 -0.013955
 0.00281333 -0.00248332 -0.00289734
 0.00305316 -0.00269501 -0.00314433
 0.0177533 -0.0156708 -0.0182834
weights matrix:
 -0.446174 -0.121589 -0.108034
 0.631155 0.0401269 -0.0231901
 -0.828812 -0.00252255 0.58319
 -0.533259 -0.193917 0.0807851
 0.168501 -0.302243 -0.317555
regression_error on 'test' 0.154378
classification_error on 'test' 0.263158
Save,181,0.154378,0.263158
sample_count 75 Sample index 11
 i 0:0.536183 i 1:0.198626 i 2:0.536492 i 3:0.427485 bias 1
 test_print 2.69879
net matrix:
 -0.617977 -0.443717 -0.0326764
outputs matrix:
 0.225141 0.29164 0.483668
error matrix:
 -0.225141 0.70836 -0.483668
delta matrix:
 -0.0785528 0.292675 -0.241576
weights_delta matrix:
 -0.00421187 0.0156927 -0.0129529
 -0.00156026 0.00581328 -0.00479832
 -0.0042143 0.0157018 -0.0129603
 -0.00335802 0.0125114 -0.010327
 -0.00785528 0.0292675 -0.0241576
weights matrix:
 -0.450386 -0.105897 -0.120987
 0.629595 0.0459402 -0.0279884
 -0.833026 0.0131792 0.570229
 -0.536617 -0.181406 0.0704581
 0.160645 -0.272975 -0.341713
regression_error on 'test' 0.155056
classification_error on 'test' 0.263158
Save,182,0.155056,0.263158
sample_count 75 Sample index 52
 i 0:0.443801 i 1:0.410364 i 2:0.672581 i 3:0.792495 bias 1
 test_print 3.31924
net matrix:
 -0.766416 -0.436019 0.0324707
outputs matrix:
 0.17758 0.29483 0.51623
error matrix:
 -0.17758 -0.29483 0.48377
delta matrix:
 -0.0518692 -0.122594 0.24163
weights_delta matrix:
 -0.00230196 -0.00544072 0.0107236
 -0.00212853 -0.0050308 0.00991564
 -0.00348863 -0.00824542 0.0162516
 -0.00411061 -0.00971548 0.0191491
 -0.00518692 -0.0122594 0.024163
weights matrix:
 -0.452688 -0.111337 -0.110263
 0.627466 0.0409094 -0.0180728
 -0.836514 0.00493379 0.586481
 -0.540727 -0.191121 0.0896071
 0.155458 -0.285235 -0.31755
regression_error on 'test' 0.154537
classification_error on 'test' 0.263158
Save,183,0.154537,0.263158
sample_count 75 Sample index 39
 i 0:0.397609 i 1:0.622103 i 2:0.18871 i 3:0.135476 bias 1
 test_print 2.3439
net matrix:
 0.1347 -0.329015 -0.24982
outputs matrix:
 0.566946 0.341182 0.377625
error matrix:
 0.433054 -0.341182 -0.377625
delta matrix:
 0.212645 -0.15338 -0.177502
weights_delta matrix:
 0.00845497 -0.00609852 -0.00705765
 0.0132287 -0.00954181 -0.0110425
 0.00401283 -0.00289443 -0.00334965
 0.00288084 -0.00207793 -0.00240473
 0.0212645 -0.015338 -0.0177502
weights matrix:
 -0.444233 -0.117436 -0.117321
 0.640695 0.0313676 -0.0291153
 -0.832502 0.00203936 0.583131
 -0.537846 -0.193199 0.0872024
 0.176723 -0.300573 -0.3353
regression_error on 'test' 0.153551
classification_error on 'test' 0.263158
Save,184,0.153551,0.263158
sample_count 75 Sample index 51
 i 0:0.628566 i 1:0.516233 i 2:0.763306 i 3:0.719493 bias 1
 test_print 3.6276
net matrix:
 -0.794189 -0.495645 0.0837748
outputs matrix:
 0.169612 0.270657 0.54179
error matrix:
 -0.169612 -0.270657 0.45821
delta matrix:
 -0.0477777 -0.106857 0.227505
weights_delta matrix:
 -0.00300315 -0.00671665 0.0143002
 -0.00246644 -0.00551629 0.0117445
 -0.0036469 -0.00815643 0.0173656
 -0.00343757 -0.00768826 0.0163688
 -0.00477777 -0.0106857 0.0227505
weights matrix:
 -0.447236 -0.124153 -0.103021
 0.638229 0.0258513 -0.0173707
 -0.836149 -0.00611707 0.600497
 -0.541284 -0.200887 0.103571
 0.171945 -0.311258 -0.312549
regression_error on 'test' 0.15345
classification_error on 'test' 0.263158
Save,185,0.15345,0.263158
sample_count 75 Sample index 0
 i 0:0.282131 i 1:0.269205 i 2:0.430645 i 3:0.427485 bias 1
 test_print 2.40947
net matrix:
 -0.373893 -0.427837 -0.0434151
outputs matrix:
 0.321304 0.298244 0.478306
error matrix:
 -0.321304 0.701756 -0.478306
delta matrix:
 -0.140132 0.293747 -0.238703
weights_delta matrix:
 -0.00395355 0.00828752 -0.00673455
 -0.00377242 0.00790783 -0.006426
 -0.00603471 0.0126501 -0.0102796
 -0.00599043 0.0125573 -0.0102042
 -0.0140132 0.0293747 -0.0238703
weights matrix:
 -0.451189 -0.115865 -0.109755
 0.634456 0.0337591 -0.0237967
 -0.842183 0.00653301 0.590217
 -0.547274 -0.18833 0.093367
 0.157932 -0.281884 -0.33642
regression_error on 'test' 0.153627
classification_error on 'test' 0.263158
Save,186,0.153627,0.263158
sample_count 75 Sample index 49
 i 0:0.397609 i 1:0.480944 i 2:0.612097 i 3:0.60999 bias 1
 test_print 3.10064
net matrix:
 -0.565657 -0.422597 0.0267187
outputs matrix:
 0.243919 0.300442 0.513356
error matrix:
 -0.243919 0.699558 -0.513356
delta matrix:
 -0.0899682 0.294061 -0.256495
weights_delta matrix:
 -0.00357722 0.0116921 -0.0101985
 -0.00432697 0.0141427 -0.012336
 -0.00550693 0.0179994 -0.0157
 -0.00548797 0.0179375 -0.0156459
 -0.00899682 0.0294061 -0.0256495
weights matrix:
 -0.454767 -0.104173 -0.119954
 0.630129 0.0479018 -0.0361327
 -0.84769 0.0245324 0.574517
 -0.552762 -0.170393 0.0777211
 0.148935 -0.252477 -0.362069
regression_error on 'test' 0.154873
classification_error on 'test' 0.263158
Save,187,0.154873,0.263158
sample_count 75 Sample index 1
 i 0:0.582374 i 1:0.445654 i 2:0.581855 i 3:0.536988 bias 1
 test_print 3.14687
net matrix:
 -0.625149 -0.369022 -0.072009
outputs matrix:
 0.222649 0.323432 0.464058
error matrix:
 -0.222649 0.676568 -0.464058
delta matrix:
 -0.0770703 0.296098 -0.23083
weights_delta matrix:
 -0.00448838 0.017244 -0.0134429
 -0.00343467 0.0131957 -0.010287
 -0.00448438 0.0172286 -0.0134309
 -0.00413859 0.0159001 -0.0123953
 -0.00770703 0.0296098 -0.023083
weights matrix:
 -0.459255 -0.0869289 -0.133397
 0.626695 0.0610976 -0.0464197
 -0.852175 0.041761 0.561086
 -0.556901 -0.154493 0.0653258
 0.141228 -0.222868 -0.385152
regression_error on 'test' 0.157185
classification_error on 'test' 0.263158
Save,188,0.157185,0.263158
sample_count 75 Sample index 51
 i 0:0.628566 i 1:0.516233 i 2:0.763306 i 3:0.719493 bias 1
 test_print 3.6276
net matrix:
 -0.87508 -0.325247 -0.0176824
outputs matrix:
 0.148027 0.342878 0.49116
error matrix:
 -0.148027 -0.342878 0.50884
delta matrix:
 -0.0373369 -0.15451 0.254341
weights_delta matrix:
 -0.00234687 -0.00971194 0.015987
 -0.00192745 -0.00797629 0.0131299
 -0.00284995 -0.0117938 0.019414
 -0.00268636 -0.0111169 0.0182996
 -0.00373369 -0.015451 0.0254341
weights matrix:
 -0.461602 -0.0966408 -0.11741
 0.624767 0.0531213 -0.0332898
 -0.855024 0.0299672 0.5805
 -0.559587 -0.165609 0.0836254
 0.137495 -0.238319 -0.359718
regression_error on 'test' 0.155347
classification_error on 'test' 0.263158
Save,189,0.155347,0.263158
sample_count 75 Sample index 39
 i 0:0.397609 i 1:0.622103 i 2:0.18871 i 3:0.135476 bias 1
 test_print 2.3439
net matrix:
 0.105465 -0.260478 -0.306236
outputs matrix:
 0.552538 0.372629 0.351496
error matrix:
 0.447462 -0.372629 -0.351496
delta matrix:
 0.221261 -0.174224 -0.160244
weights_delta matrix:
 0.00879754 -0.00692729 -0.00637146
 0.0137647 -0.0108385 -0.00996885
 0.00417542 -0.00328778 -0.00302397
 0.00299756 -0.00236031 -0.00217093
 0.0221261 -0.0174224 -0.0160244
weights matrix:
 -0.452804 -0.103568 -0.123781
 0.638532 0.0422828 -0.0432587
 -0.850849 0.0266795 0.577476
 -0.55659 -0.16797 0.0814545
 0.159621 -0.255741 -0.375743
regression_error on 'test' 0.154122
classification_error on 'test' 0.263158
Save,190,0.154122,0.263158
sample_count 75 Sample index 66
 i 0:0.60547 i 1:0.304495 i 2:0.672581 i 3:0.60999 bias 1
 test_print 3.19254
net matrix:
 -0.831888 -0.390089 -0.0257746
outputs matrix:
 0.159256 0.314281 0.487116
error matrix:
 -0.159256 0.685719 -0.487116
delta matrix:
 -0.0426466 0.295557 -0.243396
weights_delta matrix:
 -0.00258212 0.0178951 -0.0147369
 -0.00129857 0.00899955 -0.00741129
 -0.00286833 0.0198786 -0.0163704
 -0.0026014 0.0180287 -0.0148469
 -0.00426466 0.0295557 -0.0243396
weights matrix:
 -0.455386 -0.0856731 -0.138518
 0.637233 0.0512823 -0.05067
 -0.853717 0.046558 0.561106
 -0.559191 -0.149941 0.0666076
 0.155356 -0.226185 -0.400082
regression_error on 'test' 0.156624
classification_error on 'test' 0.263158
Save,191,0.156624,0.263158
sample_count 75 Sample index 61
 i 0:0.697853 i 1:0.480944 i 2:0.687702 i 3:0.682992 bias 1
 test_print 3.54949
net matrix:
 -0.82499 -0.331699 -0.0897509
outputs matrix:
 0.161112 0.339977 0.455245
error matrix:
 -0.161112 0.660023 -0.455245
delta matrix:
 -0.0435501 0.296209 -0.225799
weights_delta matrix:
 -0.00303915 0.020671 -0.0157574
 -0.00209451 0.014246 -0.0108596
 -0.00299495 0.0203703 -0.0155282
 -0.00297443 0.0202308 -0.0154219
 -0.00435501 0.0296209 -0.0225799
weights matrix:
 -0.458426 -0.065002 -0.154276
 0.635139 0.0655283 -0.0615296
 -0.856712 0.0669284 0.545578
 -0.562166 -0.12971 0.0511857
 0.151001 -0.196564 -0.422662
regression_error on 'test' 0.160547
classification_error on 'test' 0.236842
Save,192,0.160547,0.236842
sample_count 75 Sample index 17
 i 0:0.443801 i 1:0.304495 i 2:0.521371 i 3:0.463986 bias 1
 test_print 2.73365
net matrix:
 -0.566554 -0.230749 -0.201667
outputs matrix:
 0.243588 0.386631 0.400511
error matrix:
 -0.243588 0.613369 -0.400511
delta matrix:
 -0.0897635 0.290918 -0.192327
weights_delta matrix:
 -0.00398372 0.012911 -0.0085355
 -0.00273326 0.0088583 -0.00585627
 -0.00468001 0.0151676 -0.0100274
 -0.0041649 0.0134982 -0.00892371
 -0.00897635 0.0290918 -0.0192327
weights matrix:
 -0.462409 -0.0520911 -0.162811
 0.632406 0.0743866 -0.0673859
 -0.861392 0.082096 0.53555
 -0.566331 -0.116212 0.042262
 0.142025 -0.167473 -0.441895
regression_error on 'test' 0.164401
classification_error on 'test' 0
Save,193,0.164401,0
sample_count 75 Sample index 61
 i 0:0.697853 i 1:0.480944 i 2:0.687702 i 3:0.682992 bias 1
 test_print 3.54949
net matrix:
 -0.855698 -0.190963 -0.190758
outputs matrix:
 0.152983 0.405662 0.405761
error matrix:
 -0.152983 0.594338 -0.405761
delta matrix:
 -0.0396467 0.28659 -0.195674
weights_delta matrix:
 -0.00276676 0.0199998 -0.0136551
 -0.00190679 0.0137834 -0.0094108
 -0.00272651 0.0197089 -0.0134565
 -0.00270784 0.0195739 -0.0133643
 -0.00396467 0.028659 -0.0195674
weights matrix:
 -0.465176 -0.0320913 -0.176466
 0.630499 0.08817 -0.0767967
 -0.864119 0.101805 0.522094
 -0.569038 -0.0966383 0.0288977
 0.13806 -0.138814 -0.461462
regression_error on 'test' 0.170177
classification_error on 'test' 0.394737
Save,194,0.170177,0.394737
sample_count 75 Sample index 37
 i 0:0.720948 i 1:0.551523 i 2:0.82379 i 3:0.901998 bias 1
 test_print 3.99826
net matrix:
 -1.0747 -0.116624 -0.174879
outputs matrix:
 0.104388 0.441951 0.413441
error matrix:
 -0.104388 -0.441951 0.586559
delta matrix:
 -0.0195186 -0.217997 0.28449
weights_delta matrix:
 -0.00140719 -0.0157165 0.0205102
 -0.0010765 -0.012023 0.0156903
 -0.00160793 -0.0179584 0.023436
 -0.00176058 -0.0196633 0.0256609
 -0.00195186 -0.0217997 0.028449
weights matrix:
 -0.466583 -0.0478078 -0.155956
 0.629422 0.0761469 -0.0611064
 -0.865727 0.0838465 0.54553
 -0.570799 -0.116302 0.0545586
 0.136108 -0.160613 -0.433013
regression_error on 'test' 0.163848
classification_error on 'test' 0.0263158
Save,195,0.163848,0.0263158
sample_count 75 Sample index 70
 i 0:0.259036 i 1:0.622103 i 2:0.173589 i 3:0.135476 bias 1
 test_print 2.1902
net matrix:
 0.179201 -0.126827 -0.409336
outputs matrix:
 0.588654 0.436924 0.306045
error matrix:
 0.411346 -0.436924 -0.306045
delta matrix:
 0.199207 -0.214985 -0.129997
weights_delta matrix:
 0.00516018 -0.0055689 -0.00336739
 0.0123927 -0.0133743 -0.00808714
 0.00345802 -0.00373191 -0.0022566
 0.00269878 -0.00291254 -0.00176115
 0.0199207 -0.0214985 -0.0129997
weights matrix:
 -0.461423 -0.0533767 -0.159323
 0.641815 0.0627726 -0.0691935
 -0.862269 0.0801145 0.543273
 -0.5681 -0.119214 0.0527975
 0.156029 -0.182112 -0.446013
regression_error on 'test' 0.162048
classification_error on 'test' 0.105263
Save,196,0.162048,0.105263
sample_count 75 Sample index 49
 i 0:0.397609 i 1:0.480944 i 2:0.612097 i 3:0.60999 bias 1
 test_print 3.10064
net matrix:
 -0.593088 -0.196826 -0.177898
outputs matrix:
 0.233944 0.402838 0.411978
error matrix:
 -0.233944 0.597162 -0.411978
delta matrix:
 -0.083852 0.287306 -0.199605
weights_delta matrix:
 -0.00333403 0.0114235 -0.00793647
 -0.00403281 0.0138178 -0.00959988
 -0.00513255 0.0175859 -0.0122178
 -0.00511489 0.0175254 -0.0121757
 -0.0083852 0.0287306 -0.0199605
weights matrix:
 -0.464757 -0.0419531 -0.16726
 0.637782 0.0765904 -0.0787934
 -0.867401 0.0977005 0.531055
 -0.573215 -0.101689 0.0406218
 0.147644 -0.153381 -0.465973
regression_error on 'test' 0.166935
classification_error on 'test' 0.342105
Save,197,0.166935,0.342105
sample_count 75 Sample index 33
 i 0:0.559279 i 1:0.480944 i 2:0.672581 i 3:0.719493 bias 1
 test_print 3.4323
net matrix:
 -0.80137 -0.147462 -0.211009
outputs matrix:
 0.167599 0.426799 0.396034
error matrix:
 -0.167599 -0.426799 0.603966
delta matrix:
 -0.0467634 -0.208826 0.288927
weights_delta matrix:
 -0.00261538 -0.0116792 0.0161591
 -0.00224906 -0.0100433 0.0138957
 -0.00314522 -0.0140452 0.0194326
 -0.00336459 -0.0150248 0.0207881
 -0.00467634 -0.0208826 0.0288927
weights matrix:
 -0.467372 -0.0536323 -0.151101
 0.635533 0.0665471 -0.0648977
 -0.870547 0.0836552 0.550488
 -0.57658 -0.116714 0.0614098
 0.142967 -0.174264 -0.437081
regression_error on 'test' 0.161904
classification_error on 'test' 0.131579
Save,198,0.161904,0.131579
sample_count 75 Sample index 59
 i 0:0.60547 i 1:0.233915 i 2:0.596976 i 3:0.536988 bias 1
 test_print 2.97335
net matrix:
 -0.820664 -0.203904 -0.182144
outputs matrix:
 0.162285 0.399438 0.409922
error matrix:
 -0.162285 0.600562 -0.409922
delta matrix:
 -0.0441246 0.288134 -0.198309
weights_delta matrix:
 -0.00267161 0.0174457 -0.012007
 -0.00103214 0.0067399 -0.00463874
 -0.00263413 0.0172009 -0.0118386
 -0.00236944 0.0154725 -0.0106489
 -0.00441246 0.0288134 -0.0198309
weights matrix:
 -0.470044 -0.0361866 -0.163108
 0.634501 0.073287 -0.0695364
 -0.873181 0.100856 0.538649
 -0.578949 -0.101241 0.0507609
 0.138555 -0.14545 -0.456912
regression_error on 'test' 0.166572
classification_error on 'test' 0.210526
Save,199,0.166572,0.210526
sample_count 75 Sample index 40
 i 0:0.328323 i 1:0.763262 i 2:0.158468 i 3:0.171977 bias 1
 test_print 2.42203
net matrix:
 0.230582 -0.102823 -0.46945
outputs matrix:
 0.61329 0.448769 0.281123
error matrix:
 0.38671 -0.448769 -0.281123
delta matrix:
 0.183428 -0.222029 -0.113626
weights_delta matrix:
 0.00602237 -0.00728972 -0.00373059
 0.0140004 -0.0169466 -0.00867262
 0.00290675 -0.00351845 -0.0018006
 0.00315454 -0.00381839 -0.0019541
 0.0183428 -0.0222029 -0.0113626
weights matrix:
 -0.464022 -0.0434763 -0.166838
 0.648501 0.0563404 -0.078209
 -0.870274 0.0973377 0.536849
 -0.575795 -0.105059 0.0488068
 0.156898 -0.167653 -0.468274
regression_error on 'test' 0.164405
classification_error on 'test' 0.0526316
Save,200,0.164405,0.0526316
sample_count 75 Sample index 47
 i 0:0.282131 i 1:0.516233 i 2:0.158468 i 3:0.0989754 bias 1
 test_print 2.05581
net matrix:
 0.16586 -0.145808 -0.465814
outputs matrix:
 0.582178 0.427608 0.282594
error matrix:
 0.417822 -0.427608 -0.282594
delta matrix:
 0.203268 -0.209322 -0.114583
weights_delta matrix:
 0.00573481 -0.00590563 -0.00323275
 0.0104933 -0.0108059 -0.00591517
 0.00322114 -0.00331709 -0.00181578
 0.00201185 -0.00207178 -0.00113409
 0.0203268 -0.0209322 -0.0114583
weights matrix:
 -0.458287 -0.049382 -0.170071
 0.658995 0.0455345 -0.0841242
 -0.867053 0.0940206 0.535033
 -0.573783 -0.107131 0.0476727
 0.177224 -0.188585 -0.479732
regression_error on 'test' 0.162937
classification_error on 'test' 0.0263158
Save,201,0.162937,0.0263158
sample_count 75 Sample index 31
 i 0:0.559279 i 1:0.339785 i 2:0.778427 i 3:0.573489 bias 1
 test_print 3.25098
net matrix:
 -0.859165 -0.188982 -0.15961
outputs matrix:
 0.152086 0.406618 0.420866
error matrix:
 -0.152086 -0.406618 0.579134
delta matrix:
 -0.039225 -0.196217 0.282314
weights_delta matrix:
 -0.00219377 -0.010974 0.0157892
 -0.00133281 -0.00666717 0.0095926
 -0.00305338 -0.0152741 0.0219761
 -0.00224951 -0.0112529 0.0161904
 -0.0039225 -0.0196217 0.0282314
weights matrix:
 -0.460481 -0.060356 -0.154282
 0.657662 0.0388673 -0.0745316
 -0.870106 0.0787466 0.557009
 -0.576032 -0.118384 0.0638631
 0.173302 -0.208207 -0.451501
regression_error on 'test' 0.158539
classification_error on 'test' 0.210526
Save,202,0.158539,0.210526
sample_count 75 Sample index 34
 i 0:0.767139 i 1:0.551523 i 2:0.642339 i 3:0.573489 bias 1
 test_print 3.53449
net matrix:
 -0.706486 -0.250382 -0.216549
outputs matrix:
 0.195766 0.377361 0.393387
error matrix:
 -0.195766 0.622639 -0.393387
delta matrix:
 -0.0616432 0.29259 -0.187751
weights_delta matrix:
 -0.00472889 0.0224457 -0.0144031
 -0.00339977 0.016137 -0.0103549
 -0.00395959 0.0187942 -0.01206
 -0.00353517 0.0167797 -0.0107673
 -0.00616432 0.029259 -0.0187751
weights matrix:
 -0.46521 -0.0379103 -0.168685
 0.654262 0.0550043 -0.0848865
 -0.874066 0.0975408 0.544949
 -0.579567 -0.101604 0.0530958
 0.167138 -0.178948 -0.470276
regression_error on 'test' 0.163355
classification_error on 'test' 0.0263158
Save,203,0.163355,0.0263158
sample_count 75 Sample index 1
 i 0:0.582374 i 1:0.445654 i 2:0.581855 i 3:0.536988 bias 1
 test_print 3.14687
net matrix:
 -0.632014 -0.174319 -0.260751
outputs matrix:
 0.220281 0.413713 0.372501
error matrix:
 -0.220281 0.586287 -0.372501
delta matrix:
 -0.0756699 0.284413 -0.17414
weights_delta matrix:
 -0.00440682 0.0165635 -0.0101415
 -0.00337226 0.012675 -0.00776061
 -0.00440289 0.0165487 -0.0101324
 -0.00406338 0.0152726 -0.0093511
 -0.00756699 0.0284413 -0.017414
weights matrix:
 -0.469616 -0.0213468 -0.178826
 0.65089 0.0676793 -0.0926471
 -0.878469 0.114089 0.534817
 -0.583631 -0.0863318 0.0437447
 0.159571 -0.150507 -0.48769
regression_error on 'test' 0.168499
classification_error on 'test' 0.421053
Save,204,0.168499,0.421053
sample_count 75 Sample index 9
 i 0:0.351418 i 1:0.375074 i 2:0.521371 i 3:0.573489 bias 1
 test_print 2.82135
net matrix:
 -0.554043 -0.122651 -0.281357
outputs matrix:
 0.248228 0.43898 0.36292
error matrix:
 -0.248228 0.56102 -0.36292
delta matrix:
 -0.092644 0.276332 -0.16782
weights_delta matrix:
 -0.00325568 0.00971081 -0.00589751
 -0.00347484 0.0103645 -0.00629451
 -0.00483019 0.0144072 -0.00874967
 -0.00531303 0.0158473 -0.00962432
 -0.0092644 0.0276332 -0.016782
weights matrix:
 -0.472872 -0.011636 -0.184724
 0.647415 0.0780438 -0.0989416
 -0.883299 0.128497 0.526067
 -0.588944 -0.0704844 0.0341204
 0.150306 -0.122874 -0.504472
regression_error on 'test' 0.173844
classification_error on 'test' 0.421053
Save,205,0.173844,0.421053
sample_count 75 Sample index 53
 i 0:0.489992 i 1:0.410364 i 2:0.702823 i 3:0.938499 bias 1
 test_print 3.54168
net matrix:
 -0.989247 -0.072388 -0.233834
outputs matrix:
 0.121479 0.463869 0.385169
error matrix:
 -0.121479 -0.463869 0.614831
delta matrix:
 -0.0259291 -0.230723 0.291201
weights_delta matrix:
 -0.0012705 -0.0113053 0.0142686
 -0.00106404 -0.00946806 0.0119498
 -0.00182236 -0.0162158 0.0204663
 -0.00243344 -0.0216534 0.0273292
 -0.00259291 -0.0230723 0.0291201
weights matrix:
 -0.474143 -0.0229412 -0.170455
 0.646351 0.0685757 -0.0869918
 -0.885121 0.112281 0.546533
 -0.591377 -0.0921378 0.0614495
 0.147713 -0.145946 -0.475352
regression_error on 'test' 0.166821
classification_error on 'test' 0.394737
Save,206,0.166821,0.394737
sample_count 75 Sample index 14
 i 0:0.697853 i 1:0.516233 i 2:0.778427 i 3:0.938499 bias 1
 test_print 3.93101
net matrix:
 -1.09351 -0.125623 -0.156106
outputs matrix:
 0.100922 0.437517 0.422575
error matrix:
 -0.100922 -0.437517 0.577425
delta matrix:
 -0.0183147 -0.215342 0.28179
weights_delta matrix:
 -0.0012781 -0.0150277 0.0196648
 -0.000945467 -0.0111167 0.0145469
 -0.00142567 -0.0167628 0.0219353
 -0.00171884 -0.0202098 0.0264459
 -0.00183147 -0.0215342 0.028179
weights matrix:
 -0.475421 -0.0379689 -0.150791
 0.645406 0.0574591 -0.0724449
 -0.886547 0.0955181 0.568469
 -0.593096 -0.112348 0.0878955
 0.145882 -0.16748 -0.447173
regression_error on 'test' 0.160824
classification_error on 'test' 0.105263
Save,207,0.160824,0.105263
sample_count 75 Sample index 72
 i 0:0.905713 i 1:0.480944 i 2:0.929637 i 3:0.828996 bias 1
 test_print 4.14529
net matrix:
 -1.29015 -0.178573 -0.0172535
outputs matrix:
 0.0704171 0.411651 0.491374
error matrix:
 -0.0704171 -0.411651 0.508626
delta matrix:
 -0.0092188 -0.199399 0.254237
weights_delta matrix:
 -0.000834959 -0.0180598 0.0230266
 -0.000443373 -0.00958997 0.0122274
 -0.000857014 -0.0185369 0.0236348
 -0.000764235 -0.0165301 0.0210762
 -0.00092188 -0.0199399 0.0254237
weights matrix:
 -0.476256 -0.0560288 -0.127764
 0.644962 0.0478691 -0.0602175
 -0.887404 0.0769812 0.592103
 -0.59386 -0.128878 0.108972
 0.14496 -0.18742 -0.421749
regression_error on 'test' 0.156383
classification_error on 'test' 0.263158
Save,208,0.156383,0.263158
sample_count 75 Sample index 7
 i 0:0.651661 i 1:0.410364 i 2:0.627218 i 3:0.60999 bias 1
 test_print 3.29923
net matrix:
 -0.819573 -0.234618 -0.0918697
outputs matrix:
 0.162581 0.384797 0.454194
error matrix:
 -0.162581 0.615203 -0.454194
delta matrix:
 -0.0442705 0.291272 -0.225191
weights_delta matrix:
 -0.00288494 0.0189811 -0.0146748
 -0.0018167 0.0119527 -0.00924103
 -0.00277673 0.0182691 -0.0141244
 -0.00270046 0.0177673 -0.0137364
 -0.00442705 0.0291272 -0.0225191
weights matrix:
 -0.479141 -0.0370477 -0.142439
 0.643145 0.0598219 -0.0694585
 -0.890181 0.0952503 0.577979
 -0.596561 -0.11111 0.0952352
 0.140533 -0.158293 -0.444268
regression_error on 'test' 0.160743
classification_error on 'test' 0.131579
Save,209,0.160743,0.131579
sample_count 75 Sample index 60
 i 0:0.559279 i 1:0.410364 i 2:0.536492 i 3:0.536988 bias 1
 test_print 3.04312
net matrix:
 -0.661437 -0.163028 -0.191213
outputs matrix:
 0.21034 0.419201 0.405542
error matrix:
 -0.21034 0.580799 -0.405542
delta matrix:
 -0.069874 0.282816 -0.195534
weights_delta matrix:
 -0.0039079 0.0158173 -0.0109358
 -0.00286738 0.0116058 -0.00802401
 -0.00374868 0.0151729 -0.0104902
 -0.00375215 0.0151869 -0.0104999
 -0.0069874 0.0282816 -0.0195534
weights matrix:
 -0.483048 -0.0212304 -0.153375
 0.640278 0.0714276 -0.0774825
 -0.893929 0.110423 0.567489
 -0.600313 -0.0959235 0.0847353
 0.133545 -0.130011 -0.463822
regression_error on 'test' 0.165621
classification_error on 'test' 0.184211
Save,210,0.165621,0.184211
sample_count 75 Sample index 39
 i 0:0.397609 i 1:0.622103 i 2:0.18871 i 3:0.135476 bias 1
 test_print 2.3439
net matrix:
 0.0897786 -0.0861747 -0.454437
outputs matrix:
 0.544769 0.457019 0.28723
error matrix:
 0.455231 -0.457019 -0.28723
delta matrix:
 0.225791 -0.226821 -0.117609
weights_delta matrix:
 0.00897764 -0.0090186 -0.00467623
 0.0140465 -0.0141106 -0.00731648
 0.0042609 -0.00428034 -0.0022194
 0.00305892 -0.00307288 -0.00159332
 0.0225791 -0.0226821 -0.0117609
weights matrix:
 -0.474071 -0.030249 -0.158051
 0.654325 0.057317 -0.084799
 -0.889668 0.106143 0.565269
 -0.597254 -0.0989964 0.083142
 0.156125 -0.152693 -0.475583
regression_error on 'test' 0.163038
classification_error on 'test' 0.0263158
Save,211,0.163038,0.0263158
sample_count 75 Sample index 24
 i 0:0.466896 i 1:0.445654 i 2:0.566734 i 3:0.536988 bias 1
 test_print 3.01627
net matrix:
 -0.598538 -0.134278 -0.222163
outputs matrix:
 0.231996 0.433262 0.39071
error matrix:
 -0.231996 0.566738 -0.39071
delta matrix:
 -0.082671 0.278321 -0.186022
weights_delta matrix:
 -0.00385988 0.0129947 -0.00868528
 -0.00368427 0.0124035 -0.00829013
 -0.00468525 0.0157734 -0.0105425
 -0.00443934 0.0149455 -0.00998915
 -0.0082671 0.0278321 -0.0186022
weights matrix:
 -0.477931 -0.0172543 -0.166736
 0.65064 0.0697205 -0.0930891
 -0.894354 0.121916 0.554727
 -0.601693 -0.0840509 0.0731528
 0.147857 -0.124861 -0.494185
regression_error on 'test' 0.168335
classification_error on 'test' 0.394737
Save,212,0.168335,0.394737
sample_count 75 Sample index 48
 i 0:0.744044 i 1:0.516233 i 2:0.748185 i 3:0.828996 bias 1
 test_print 3.83746
net matrix:
 -1.03981 -0.0801693 -0.190618
outputs matrix:
 0.111094 0.460001 0.405829
error matrix:
 -0.111094 -0.460001 0.594171
delta matrix:
 -0.0219417 -0.228529 0.286547
weights_delta matrix:
 -0.00163256 -0.0170035 0.0213204
 -0.0011327 -0.0117974 0.0147925
 -0.00164164 -0.0170982 0.021439
 -0.00181896 -0.0189449 0.0237546
 -0.00219417 -0.0228529 0.0286547
weights matrix:
 -0.479563 -0.0342578 -0.145416
 0.649508 0.0579231 -0.0782966
 -0.895995 0.104818 0.576166
 -0.603512 -0.102996 0.0969074
 0.145663 -0.147714 -0.46553
regression_error on 'test' 0.16185
classification_error on 'test' 0
Save,213,0.16185,0
sample_count 75 Sample index 16
 i 0:0.60547 i 1:0.304495 i 2:0.687702 i 3:0.755994 bias 1
 test_print 3.35366
net matrix:
 -1.01936 -0.1566 -0.107924
outputs matrix:
 0.115198 0.422334 0.446246
error matrix:
 -0.115198 -0.422334 0.553754
delta matrix:
 -0.0234837 -0.206072 0.273677
weights_delta matrix:
 -0.00142187 -0.012477 0.0165703
 -0.000715067 -0.00627479 0.00833332
 -0.00161498 -0.0141716 0.0188208
 -0.00177535 -0.0155789 0.0206898
 -0.00234837 -0.0206072 0.0273677
weights matrix:
 -0.480985 -0.0467349 -0.128845
 0.648793 0.0516483 -0.0699633
 -0.89761 0.0906464 0.594987
 -0.605288 -0.118575 0.117597
 0.143315 -0.168321 -0.438163
regression_error on 'test' 0.157603
classification_error on 'test' 0.236842
Save,214,0.157603,0.236842
sample_count 75 Sample index 63
 i 0:0.420705 i 1:0.904421 i 2:0.143347 i 3:0.135476 bias 1
 test_print 2.60395
net matrix:
 0.317072 -0.144341 -0.454424
outputs matrix:
 0.653429 0.428326 0.287236
error matrix:
 0.346571 -0.428326 -0.287236
delta matrix:
 0.156969 -0.209762 -0.117612
weights_delta matrix:
 0.00660376 -0.00882481 -0.00494801
 0.0141966 -0.0189714 -0.0106371
 0.0022501 -0.00300688 -0.00168594
 0.00212655 -0.00284178 -0.00159337
 0.0156969 -0.0209762 -0.0117612
weights matrix:
 -0.474381 -0.0555597 -0.133794
 0.662989 0.0326769 -0.0806004
 -0.89536 0.0876395 0.593301
 -0.603161 -0.121417 0.116004
 0.159012 -0.189298 -0.449924
regression_error on 'test' 0.155468
classification_error on 'test' 0.236842
Save,215,0.155468,0.236842
sample_count 75 Sample index 24
 i 0:0.466896 i 1:0.445654 i 2:0.566734 i 3:0.536988 bias 1
 test_print 3.01627
net matrix:
 -0.598332 -0.216207 -0.149775
outputs matrix:
 0.232069 0.39355 0.425668
error matrix:
 -0.232069 0.60645 -0.425668
delta matrix:
 -0.0827154 0.289481 -0.20813
weights_delta matrix:
 -0.00386195 0.0135157 -0.0097175
 -0.00368625 0.0129008 -0.00927539
 -0.00468777 0.0164059 -0.0117954
 -0.00444172 0.0155448 -0.0111763
 -0.00827154 0.0289481 -0.020813
weights matrix:
 -0.478243 -0.042044 -0.143511
 0.659303 0.0455778 -0.0898758
 -0.900048 0.104045 0.581505
 -0.607603 -0.105872 0.104828
 0.15074 -0.16035 -0.470737
regression_error on 'test' 0.159683
classification_error on 'test' 0.0263158
Save,216,0.159683,0.0263158
sample_count 75 Sample index 16
 i 0:0.60547 i 1:0.304495 i 2:0.687702 i 3:0.755994 bias 1
 test_print 3.35366
net matrix:
 -1.01638 -0.180414 -0.105844
outputs matrix:
 0.115807 0.410759 0.447275
error matrix:
 -0.115807 -0.410759 0.552725
delta matrix:
 -0.0237162 -0.198837 0.273289
weights_delta matrix:
 -0.00143595 -0.012039 0.0165469
 -0.000722147 -0.00605449 0.00832153
 -0.00163097 -0.0136741 0.0187942
 -0.00179293 -0.015032 0.0206605
 -0.00237162 -0.0198837 0.0273289
weights matrix:
 -0.479679 -0.0540829 -0.126964
 0.658581 0.0395233 -0.0815543
 -0.901679 0.0903713 0.6003
 -0.609396 -0.120904 0.125488
 0.148369 -0.180233 -0.443408
regression_error on 'test' 0.155684
classification_error on 'test' 0.236842
Save,217,0.155684,0.236842
sample_count 75 Sample index 38
 i 0:0.397609 i 1:0.798551 i 2:0.128226 i 3:0.208478 bias 1
 test_print 2.53286
net matrix:
 0.24089 -0.183794 -0.45588
outputs matrix:
 0.618168 0.409124 0.28664
error matrix:
 0.381832 -0.409124 -0.28664
delta matrix:
 0.180252 -0.197805 -0.117223
weights_delta matrix:
 0.007167 -0.00786489 -0.00466089
 0.0143941 -0.0157957 -0.00936084
 0.0023113 -0.00253637 -0.0015031
 0.00375787 -0.00412379 -0.00244384
 0.0180252 -0.0197805 -0.0117223
weights matrix:
 -0.472512 -0.0619478 -0.131625
 0.672975 0.0237276 -0.0909151
 -0.899368 0.087835 0.598796
 -0.605638 -0.125028 0.123044
 0.166394 -0.200014 -0.45513
regression_error on 'test' 0.153858
classification_error on 'test' 0.236842
Save,218,0.153858,0.236842
sample_count 75 Sample index 26
 i 0:0.489992 i 1:0.339785 i 2:0.536492 i 3:0.500487 bias 1
 test_print 2.86676
net matrix:
 -0.622084 -0.237757 -0.167685
outputs matrix:
 0.223711 0.383312 0.416934
error matrix:
 -0.223711 0.616688 -0.416934
delta matrix:
 -0.0777015 0.29155 -0.202714
weights_delta matrix:
 -0.00380731 0.0142857 -0.0099328
 -0.00264018 0.00990644 -0.0068879
 -0.00416862 0.0156414 -0.0108754
 -0.00388886 0.0145917 -0.0101456
 -0.00777015 0.029155 -0.0202714
weights matrix:
 -0.47632 -0.0476621 -0.141558
 0.670335 0.033634 -0.097803
 -0.903536 0.103476 0.587921
 -0.609527 -0.110436 0.112899
 0.158624 -0.170859 -0.475401
regression_error on 'test' 0.157644
classification_error on 'test' 0.131579
Save,219,0.157644,0.131579
sample_count 75 Sample index 44
 i 0:0.536183 i 1:0.375074 i 2:0.702823 i 3:0.646491 bias 1
 test_print 3.26057
net matrix:
 -0.874425 -0.182469 -0.101793
outputs matrix:
 0.148192 0.409765 0.449278
error matrix:
 -0.148192 0.590235 -0.449278
delta matrix:
 -0.037413 0.285506 -0.222328
weights_delta matrix:
 -0.00200602 0.0153083 -0.0119208
 -0.00140326 0.0107086 -0.00833893
 -0.00262947 0.020066 -0.0156257
 -0.00241872 0.0184577 -0.0143733
 -0.0037413 0.0285506 -0.0222328
weights matrix:
 -0.478326 -0.0323538 -0.153479
 0.668931 0.0443426 -0.106142
 -0.906166 0.123542 0.572295
 -0.611945 -0.0919781 0.0985254
 0.154882 -0.142308 -0.497634
regression_error on 'test' 0.162968
classification_error on 'test' 0.210526
Save,220,0.162968,0.210526
sample_count 75 Sample index 54
 i 0:0.305227 i 1:0.622103 i 2:0.158468 i 3:0.135476 bias 1
 test_print 2.22127
net matrix:
 0.198527 -0.117481 -0.506473
outputs matrix:
 0.597979 0.441528 0.266404
error matrix:
 0.402021 -0.441528 -0.266404
delta matrix:
 0.193291 -0.217745 -0.104128
weights_delta matrix:
 0.00589978 -0.00664617 -0.00317827
 0.0120247 -0.013546 -0.00647784
 0.00306305 -0.00345056 -0.0016501
 0.00261864 -0.00294992 -0.00141069
 0.0193291 -0.0217745 -0.0104128
weights matrix:
 -0.472426 -0.0389999 -0.156657
 0.680956 0.0307966 -0.11262
 -0.903103 0.120092 0.570645
 -0.609327 -0.094928 0.0971147
 0.174212 -0.164083 -0.508047
regression_error on 'test' 0.160915
classification_error on 'test' 0.0789474
Save,221,0.160915,0.0789474
sample_count 75 Sample index 17
 i 0:0.443801 i 1:0.304495 i 2:0.521371 i 3:0.463986 bias 1
 test_print 2.73365
net matrix:
 -0.581674 -0.153446 -0.269286
outputs matrix:
 0.238059 0.423873 0.36852
error matrix:
 -0.238059 0.576127 -0.36852
delta matrix:
 -0.0863618 0.281386 -0.171519
weights_delta matrix:
 -0.00383274 0.0124879 -0.00761202
 -0.00262967 0.00856805 -0.00522266
 -0.00450265 0.0146706 -0.00894249
 -0.00400707 0.0130559 -0.00795823
 -0.00863618 0.0281386 -0.0171519
weights matrix:
 -0.476259 -0.026512 -0.164269
 0.678326 0.0393647 -0.117842
 -0.907605 0.134762 0.561703
 -0.613334 -0.0818721 0.0891565
 0.165575 -0.135944 -0.525199
regression_error on 'test' 0.165643
classification_error on 'test' 0.421053
Save,222,0.165643,0.421053
sample_count 75 Sample index 7
 i 0:0.651661 i 1:0.410364 i 2:0.627218 i 3:0.60999 bias 1
 test_print 3.29923
net matrix:
 -0.809817 -0.102483 -0.27391
outputs matrix:
 0.165255 0.448937 0.36637
error matrix:
 -0.165255 0.551063 -0.36637
delta matrix:
 -0.0455927 0.272658 -0.170101
weights_delta matrix:
 -0.0029711 0.017768 -0.0110848
 -0.00187096 0.0111889 -0.00698032
 -0.00285965 0.0171016 -0.010669
 -0.00278111 0.0166318 -0.010376
 -0.00455927 0.0272658 -0.0170101
weights matrix:
 -0.47923 -0.00874397 -0.175354
 0.676456 0.0505536 -0.124823
 -0.910465 0.151864 0.551034
 -0.616115 -0.0652403 0.0787805
 0.161016 -0.108678 -0.542209
regression_error on 'test' 0.171802
classification_error on 'test' 0.421053
Save,223,0.171802,0.421053
sample_count 75 Sample index 48
 i 0:0.744044 i 1:0.516233 i 2:0.748185 i 3:0.828996 bias 1
 test_print 3.83746
net matrix:
 -1.0383 -0.0295483 -0.259534
outputs matrix:
 0.111393 0.48523 0.37307
error matrix:
 -0.111393 -0.48523 0.62693
delta matrix:
 -0.0220523 -0.242403 0.293264
weights_delta matrix:
 -0.00164079 -0.0180359 0.0218201
 -0.00113841 -0.0125137 0.0151392
 -0.00164992 -0.0181363 0.0219416
 -0.00182813 -0.0200951 0.0243114
 -0.00220523 -0.0242403 0.0293264
weights matrix:
 -0.48087 -0.0267798 -0.153534
 0.675317 0.0380399 -0.109684
 -0.912115 0.133728 0.572975
 -0.617943 -0.0853354 0.103092
 0.158811 -0.132919 -0.512883
regression_error on 'test' 0.163909
classification_error on 'test' 0.394737
Save,224,0.163909,0.394737
sample_count 75 Sample index 56
 i 0:0.328323 i 1:0.727972 i 2:0.158468 i 3:0.208478 bias 1
 test_print 2.42324
net matrix:
 0.219173 -0.110618 -0.530847
outputs matrix:
 0.607865 0.444915 0.256986
error matrix:
 0.392135 -0.444915 -0.256986
delta matrix:
 0.186943 -0.219758 -0.0981399
weights_delta matrix:
 0.00613776 -0.00721515 -0.00322216
 0.0136089 -0.0159977 -0.00714431
 0.00296244 -0.00348246 -0.0015552
 0.00389734 -0.00458146 -0.002046
 0.0186943 -0.0219758 -0.00981399
weights matrix:
 -0.474733 -0.033995 -0.156756
 0.688926 0.0220421 -0.116828
 -0.909152 0.130245 0.57142
 -0.614046 -0.0899169 0.101046
 0.177505 -0.154894 -0.522697
regression_error on 'test' 0.161633
classification_error on 'test' 0.368421
Save,225,0.161633,0.368421
sample_count 75 Sample index 45
 i 0:0.697853 i 1:0.586813 i 2:0.793548 i 3:0.975 bias 1
 test_print 4.05321
net matrix:
 -1.06967 -0.149996 -0.148676
outputs matrix:
 0.105332 0.425559 0.426205
error matrix:
 -0.105332 -0.425559 0.573795
delta matrix:
 -0.0198523 -0.208063 0.280648
weights_delta matrix:
 -0.0013854 -0.0145198 0.0195851
 -0.00116496 -0.0122094 0.0164688
 -0.00157538 -0.0165108 0.0222708
 -0.0019356 -0.0202862 0.0273632
 -0.00198523 -0.0208063 0.0280648
weights matrix:
 -0.476118 -0.0485148 -0.137171
 0.687761 0.00983273 -0.100359
 -0.910728 0.113735 0.593691
 -0.615981 -0.110203 0.128409
 0.17552 -0.175701 -0.494632
regression_error on 'test' 0.155642
classification_error on 'test' 0.131579
Save,226,0.155642,0.131579
sample_count 75 Sample index 44
 i 0:0.536183 i 1:0.375074 i 2:0.702823 i 3:0.646491 bias 1
 test_print 3.26057
net matrix:
 -0.860112 -0.189336 -0.105547
outputs matrix:
 0.151842 0.406447 0.447421
error matrix:
 -0.151842 0.593553 -0.447421
delta matrix:
 -0.0391104 0.286387 -0.221237
weights_delta matrix:
 -0.00209703 0.0153556 -0.0118623
 -0.00146693 0.0107416 -0.00829802
 -0.00274877 0.0201279 -0.015549
 -0.00252845 0.0185146 -0.0143028
 -0.00391104 0.0286387 -0.0221237
weights matrix:
 -0.478215 -0.0331592 -0.149033
 0.686294 0.0205743 -0.108657
 -0.913477 0.133862 0.578142
 -0.61851 -0.0916884 0.114106
 0.171609 -0.147062 -0.516755
regression_error on 'test' 0.16087
classification_error on 'test' 0.210526
Save,227,0.16087,0.210526
sample_count 75 Sample index 7
 i 0:0.651661 i 1:0.410364 i 2:0.627218 i 3:0.60999 bias 1
 test_print 3.29923
net matrix:
 -0.808629 -0.132196 -0.226239
outputs matrix:
 0.165583 0.434285 0.388772
error matrix:
 -0.165583 0.565715 -0.388772
delta matrix:
 -0.0457559 0.277972 -0.184766
weights_delta matrix:
 -0.00298173 0.0181143 -0.0120405
 -0.00187766 0.011407 -0.00758215
 -0.00286989 0.0174349 -0.0115889
 -0.00279106 0.016956 -0.0112706
 -0.00457559 0.0277972 -0.0184766
weights matrix:
 -0.481197 -0.0150449 -0.161074
 0.684416 0.0319813 -0.116239
 -0.916346 0.151297 0.566553
 -0.621301 -0.0747324 0.102836
 0.167033 -0.119265 -0.535232
regression_error on 'test' 0.166713
classification_error on 'test' 0.421053
Save,228,0.166713,0.421053
sample_count 75 Sample index 55
 i 0:0.628566 i 1:0.551523 i 2:0.612097 i 3:0.60999 bias 1
 test_print 3.40218
net matrix:
 -0.697839 -0.0640605 -0.291072
outputs matrix:
 0.198503 0.468013 0.358439
error matrix:
 -0.198503 0.531987 -0.358439
delta matrix:
 -0.0631633 0.264905 -0.164854
weights_delta matrix:
 -0.00397023 0.016651 -0.0103622
 -0.0034836 0.0146101 -0.00909207
 -0.00386621 0.0162147 -0.0100907
 -0.0038529 0.0161589 -0.0100559
 -0.00631633 0.0264905 -0.0164854
weights matrix:
 -0.485167 0.00160614 -0.171436
 0.680933 0.0465914 -0.125331
 -0.920213 0.167512 0.556462
 -0.625154 -0.0585735 0.0927799
 0.160717 -0.0927744 -0.551718
regression_error on 'test' 0.173209
classification_error on 'test' 0.421053
Save,229,0.173209,0.421053
sample_count 75 Sample index 5
 i 0:0.536183 i 1:0.198626 i 2:0.687702 i 3:0.60999 bias 1
 test_print 3.0325
net matrix:
 -0.97834 -0.00318984 -0.229257
outputs matrix:
 0.123827 0.498405 0.387338
error matrix:
 -0.123827 -0.498405 0.612662
delta matrix:
 -0.0268689 -0.2492 0.290778
weights_delta matrix:
 -0.00144066 -0.0133617 0.015591
 -0.000533685 -0.00494976 0.00577561
 -0.00184778 -0.0171375 0.0199969
 -0.00163897 -0.015201 0.0177372
 -0.00268689 -0.02492 0.0290778
weights matrix:
 -0.486608 -0.0117555 -0.155845
 0.680399 0.0416416 -0.119556
 -0.92206 0.150375 0.576459
 -0.626793 -0.0737745 0.110517
 0.15803 -0.117694 -0.52264
regression_error on 'test' 0.166299
classification_error on 'test' 0.421053
Save,230,0.166299,0.421053
sample_count 75 Sample index 47
 i 0:0.282131 i 1:0.516233 i 2:0.158468 i 3:0.0989754 bias 1
 test_print 2.05581
net matrix:
 0.163833 -0.0829865 -0.526038
outputs matrix:
 0.581192 0.458602 0.258827
error matrix:
 0.418808 -0.458602 -0.258827
delta matrix:
 0.203883 -0.227729 -0.0993042
weights_delta matrix:
 0.00575216 -0.00642494 -0.00280168
 0.0105251 -0.0117561 -0.00512641
 0.00323089 -0.00360877 -0.00157365
 0.00201794 -0.00225396 -0.000982868
 0.0203883 -0.0227729 -0.00993042
weights matrix:
 -0.480856 -0.0181805 -0.158646
 0.690924 0.0298855 -0.124682
 -0.91883 0.146766 0.574886
 -0.624775 -0.0760284 0.109534
 0.178418 -0.140467 -0.53257
regression_error on 'test' 0.163888
classification_error on 'test' 0.394737
Save,231,0.163888,0.394737
sample_count 75 Sample index 4
 i 0:0.212844 i 1:0.516233 i 2:0.158468 i 3:0.135476 bias 1
 test_print 2.02302
net matrix:
 0.202502 -0.115951 -0.524762
outputs matrix:
 0.599889 0.442283 0.259317
error matrix:
 0.400111 -0.442283 -0.259317
delta matrix:
 0.192071 -0.218195 -0.0996147
weights_delta matrix:
 0.00408811 -0.00464414 -0.00212024
 0.00991533 -0.0112639 -0.00514244
 0.00304371 -0.00345769 -0.00157857
 0.0026021 -0.00295601 -0.00134954
 0.0192071 -0.0218195 -0.00996147
weights matrix:
 -0.476767 -0.0228246 -0.160767
 0.70084 0.0186216 -0.129825
 -0.915786 0.143308 0.573307
 -0.622173 -0.0789844 0.108185
 0.197625 -0.162287 -0.542532
regression_error on 'test' 0.161982
classification_error on 'test' 0.394737
Save,232,0.161982,0.394737
sample_count 75 Sample index 36
 i 0:0.744044 i 1:0.516233 i 2:0.702823 i 3:0.901998 bias 1
 test_print 3.8651
net matrix:
 -1.00015 -0.14018 -0.228653
outputs matrix:
 0.119172 0.430366 0.387625
error matrix:
 -0.119172 -0.430366 0.612375
delta matrix:
 -0.0250189 -0.211009 0.290721
weights_delta matrix:
 -0.00186152 -0.0157 0.0216309
 -0.00129156 -0.010893 0.015008
 -0.00175839 -0.0148302 0.0204326
 -0.0022567 -0.019033 0.026223
 -0.00250189 -0.0211009 0.0290721
weights matrix:
 -0.478629 -0.0385246 -0.139136
 0.699548 0.00772861 -0.114817
 -0.917544 0.128478 0.59374
 -0.624429 -0.0980174 0.134408
 0.195124 -0.183388 -0.513459
regression_error on 'test' 0.155724
classification_error on 'test' 0
Save,233,0.155724,0
sample_count 75 Sample index 59
 i 0:0.60547 i 1:0.233915 i 2:0.596976 i 3:0.536988 bias 1
 test_print 2.97335
net matrix:
 -0.8141 -0.180841 -0.197936
outputs matrix:
 0.164077 0.410552 0.402305
error matrix:
 -0.164077 0.589448 -0.402305
delta matrix:
 -0.0450082 0.285292 -0.193473
weights_delta matrix:
 -0.00272511 0.0172736 -0.0117142
 -0.00105281 0.0066734 -0.00452562
 -0.00268688 0.0170312 -0.0115499
 -0.00241689 0.0153198 -0.0103893
 -0.00450082 0.0285292 -0.0193473
weights matrix:
 -0.481354 -0.0212511 -0.15085
 0.698495 0.014402 -0.119342
 -0.920231 0.145509 0.58219
 -0.626846 -0.0826976 0.124018
 0.190623 -0.154859 -0.532807
regression_error on 'test' 0.160528
classification_error on 'test' 0.368421
Save,234,0.160528,0.368421
sample_count 75 Sample index 5
 i 0:0.536183 i 1:0.198626 i 2:0.687702 i 3:0.60999 bias 1
 test_print 3.0325
net matrix:
 -0.943947 -0.11377 -0.161371
outputs matrix:
 0.131485 0.443359 0.420007
error matrix:
 -0.131485 -0.443359 0.579993
delta matrix:
 -0.0300303 -0.218835 0.282574
weights_delta matrix:
 -0.00161017 -0.0117335 0.0151511
 -0.000596479 -0.00434663 0.00561265
 -0.00206519 -0.0150493 0.0194327
 -0.00183182 -0.0133487 0.0172367
 -0.00300303 -0.0218835 0.0282574
weights matrix:
 -0.482964 -0.0329846 -0.135699
 0.697899 0.0100554 -0.113729
 -0.922296 0.13046 0.601622
 -0.628678 -0.0960463 0.141255
 0.18762 -0.176742 -0.504549
regression_error on 'test' 0.15561
classification_error on 'test' 0.0263158
Save,235,0.15561,0.0263158
sample_count 75 Sample index 45
 i 0:0.697853 i 1:0.586813 i 2:0.793548 i 3:0.975 bias 1
 test_print 4.05321
net matrix:
 -1.08473 -0.183979 -0.0508451
outputs matrix:
 0.102527 0.409035 0.474599
error matrix:
 -0.102527 -0.409035 0.525401
delta matrix:
 -0.018868 -0.197748 0.262022
weights_delta matrix:
 -0.00131671 -0.0137999 0.0182853
 -0.0011072 -0.0116041 0.0153758
 -0.00149727 -0.0156923 0.0207927
 -0.00183963 -0.0192804 0.0255472
 -0.0018868 -0.0197748 0.0262022
weights matrix:
 -0.484281 -0.0467845 -0.117413
 0.696792 -0.00154873 -0.0983537
 -0.923794 0.114768 0.622415
 -0.630518 -0.115327 0.166802
 0.185733 -0.196517 -0.478347
regression_error on 'test' 0.151024
classification_error on 'test' 0.236842
Save,236,0.151024,0.236842
sample_count 75 Sample index 14
 i 0:0.697853 i 1:0.516233 i 2:0.778427 i 3:0.938499 bias 1
 test_print 3.93101
net matrix:
 -1.10336 -0.248861 0.0299906
outputs matrix:
 0.099148 0.378076 0.514991
error matrix:
 -0.099148 -0.378076 0.485009
delta matrix:
 -0.0177114 -0.177798 0.242287
weights_delta matrix:
 -0.00123599 -0.0124077 0.016908
 -0.000914319 -0.0091785 0.0125076
 -0.0013787 -0.0138402 0.0188602
 -0.00166221 -0.0166863 0.0227386
 -0.00177114 -0.0177798 0.0242287
weights matrix:
 -0.485517 -0.0591922 -0.100505
 0.695877 -0.0107272 -0.085846
 -0.925172 0.100927 0.641275
 -0.63218 -0.132013 0.189541
 0.183962 -0.214297 -0.454118
regression_error on 'test' 0.148101
classification_error on 'test' 0.263158
Save,237,0.148101,0.263158
sample_count 75 Sample index 72
 i 0:0.905713 i 1:0.480944 i 2:0.929637 i 3:0.828996 bias 1
 test_print 4.14529
net matrix:
 -1.30525 -0.288679 0.166847
outputs matrix:
 0.0684659 0.359541 0.582658
error matrix:
 -0.0684659 -0.359541 0.417342
delta matrix:
 -0.00873329 -0.165584 0.202968
weights_delta matrix:
 -0.000790985 -0.0149971 0.0183831
 -0.000420022 -0.00796365 0.00976163
 -0.000811879 -0.0153933 0.0188687
 -0.000723986 -0.0137268 0.016826
 -0.000873329 -0.0165584 0.0202968
weights matrix:
 -0.486308 -0.0741893 -0.0821223
 0.695457 -0.0186909 -0.0760844
 -0.925984 0.085534 0.660144
 -0.632904 -0.14574 0.206367
 0.183088 -0.230855 -0.433822
regression_error on 'test' 0.146307
classification_error on 'test' 0.263158
Save,238,0.146307,0.263158
sample_count 75 Sample index 19
 i 0:0.674757 i 1:0.480944 i 2:0.596976 i 3:0.573489 bias 1
 test_print 3.32617
net matrix:
 -0.726329 -0.322422 -0.0133874
outputs matrix:
 0.189593 0.344152 0.493307
error matrix:
 -0.189593 0.655848 -0.493307
delta matrix:
 -0.0582609 0.296065 -0.246609
weights_delta matrix:
 -0.00393119 0.0199772 -0.0166401
 -0.00280202 0.0142391 -0.0118605
 -0.00347803 0.0176744 -0.014722
 -0.0033412 0.016979 -0.0141428
 -0.00582609 0.0296065 -0.0246609
weights matrix:
 -0.490239 -0.0542121 -0.0987624
 0.692655 -0.00445182 -0.0879449
 -0.929462 0.103208 0.645422
 -0.636245 -0.128761 0.192224
 0.177262 -0.201248 -0.458483
regression_error on 'test' 0.148805
classification_error on 'test' 0.263158
Save,239,0.148805,0.263158
sample_count 75 Sample index 21
 i 0:0.836426 i 1:0.445654 i 2:0.884274 i 3:0.719493 bias 1
 test_print 3.88585
net matrix:
 -1.20378 -0.249955 0.128751
outputs matrix:
 0.0825988 0.377562 0.564022
error matrix:
 -0.0825988 -0.377562 0.435978
delta matrix:
 -0.012518 -0.177461 0.214415
weights_delta matrix:
 -0.00104704 -0.0148433 0.0179342
 -0.000557872 -0.00790861 0.00955549
 -0.00110694 -0.0156924 0.0189602
 -0.000900665 -0.0127682 0.015427
 -0.0012518 -0.0177461 0.0214415
weights matrix:
 -0.491286 -0.0690554 -0.0808282
 0.692097 -0.0123604 -0.0783894
 -0.930569 0.087516 0.664382
 -0.637146 -0.141529 0.207651
 0.176011 -0.218995 -0.437041
regression_error on 'test' 0.146879
classification_error on 'test' 0.263158
Save,240,0.146879,0.263158
sample_count 75 Sample index 57
 i 0:0.374514 i 1:0.727972 i 2:0.158468 i 3:0.135476 bias 1
 test_print 2.39643
net matrix:
 0.262061 -0.25916 -0.390963
outputs matrix:
 0.628111 0.373245 0.313905
error matrix:
 0.371889 -0.373245 -0.313905
delta matrix:
 0.173737 -0.174629 -0.135211
weights_delta matrix:
 0.0065067 -0.00654009 -0.00506383
 0.0126476 -0.0127125 -0.00984296
 0.00275318 -0.00276731 -0.00214266
 0.00235372 -0.0023658 -0.00183178
 0.0173737 -0.0174629 -0.0135211
weights matrix:
 -0.484779 -0.0755955 -0.085892
 0.704745 -0.0250729 -0.0882324
 -0.927816 0.0847487 0.662239
 -0.634792 -0.143895 0.205819
 0.193384 -0.236457 -0.450562
regression_error on 'test' 0.145344
classification_error on 'test' 0.263158
Save,241,0.145344,0.263158
sample_count 75 Sample index 58
 i 0:0.282131 i 1:0.516233 i 2:0.158468 i 3:0.0989754 bias 1
 test_print 2.05581
net matrix:
 0.210568 -0.271541 -0.395029
outputs matrix:
 0.603755 0.367471 0.312156
error matrix:
 0.396245 -0.367471 -0.312156
delta matrix:
 0.189591 -0.170827 -0.134049
weights_delta matrix:
 0.00534896 -0.00481956 -0.00378194
 0.00978733 -0.00881865 -0.00692006
 0.00300442 -0.00270706 -0.00212425
 0.00187649 -0.00169077 -0.00132676
 0.0189591 -0.0170827 -0.0134049
weights matrix:
 -0.479431 -0.0804151 -0.0896739
 0.714532 -0.0338916 -0.0951525
 -0.924812 0.0820416 0.660115
 -0.632916 -0.145586 0.204493
 0.212343 -0.25354 -0.463967
regression_error on 'test' 0.144269
classification_error on 'test' 0.263158
Save,242,0.144269,0.263158
sample_count 75 Sample index 22
 i 0:0.305227 i 1:0.233915 i 2:0.430645 i 3:0.427485 bias 1
 test_print 2.39727
net matrix:
 -0.435679 -0.312918 -0.141903
outputs matrix:
 0.294972 0.348456 0.429521
error matrix:
 -0.294972 0.651544 -0.429521
delta matrix:
 -0.122687 0.295846 -0.210493
weights_delta matrix:
 -0.00374473 0.00903001 -0.00642483
 -0.00286982 0.00692028 -0.00492376
 -0.00528344 0.0127405 -0.00906479
 -0.00524467 0.012647 -0.00899828
 -0.0122687 0.0295846 -0.0210493
weights matrix:
 -0.483175 -0.0713851 -0.0960988
 0.711662 -0.0269713 -0.100076
 -0.930095 0.094782 0.65105
 -0.63816 -0.132939 0.195494
 0.200075 -0.223956 -0.485016
regression_error on 'test' 0.146002
classification_error on 'test' 0.263158
Save,243,0.146002,0.263158
sample_count 75 Sample index 31
 i 0:0.559279 i 1:0.339785 i 2:0.778427 i 3:0.573489 bias 1
 test_print 3.25098
net matrix:
 -0.918332 -0.275502 0.0461422
outputs matrix:
 0.137446 0.365631 0.523055
error matrix:
 -0.137446 -0.365631 0.476945
delta matrix:
 -0.0325899 -0.169613 0.237966
weights_delta matrix:
 -0.00182268 -0.00948609 0.0133089
 -0.00110735 -0.00576319 0.00808571
 -0.00253688 -0.0132031 0.0185239
 -0.00186899 -0.00972711 0.0136471
 -0.00325899 -0.0169613 0.0237966
weights matrix:
 -0.484998 -0.0808711 -0.0827899
 0.710555 -0.0327345 -0.0919905
 -0.932632 0.0815789 0.669574
 -0.640029 -0.142666 0.209141
 0.196816 -0.240917 -0.46122
regression_error on 'test' 0.144441
classification_error on 'test' 0.263158
Save,244,0.144441,0.263158
sample_count 75 Sample index 51
 i 0:0.628566 i 1:0.516233 i 2:0.763306 i 3:0.719493 bias 1
 test_print 3.6276
net matrix:
 -0.913606 -0.349026 0.100819
outputs matrix:
 0.138571 0.332244 0.550239
error matrix:
 -0.138571 -0.332244 0.449761
delta matrix:
 -0.0330821 -0.147422 0.22261
weights_delta matrix:
 -0.00207943 -0.00926646 0.0139925
 -0.00170781 -0.00761042 0.0114919
 -0.00252518 -0.0112528 0.016992
 -0.00238024 -0.0106069 0.0160166
 -0.00330821 -0.0147422 0.022261
weights matrix:
 -0.487077 -0.0901376 -0.0687973
 0.708847 -0.0403449 -0.0804986
 -0.935157 0.0703261 0.686566
 -0.642409 -0.153273 0.225158
 0.193508 -0.255659 -0.438959
regression_error on 'test' 0.143664
classification_error on 'test' 0.263158
Save,245,0.143664,0.263158
sample_count 75 Sample index 11
 i 0:0.536183 i 1:0.198626 i 2:0.536492 i 3:0.427485 bias 1
 test_print 2.69879
net matrix:
 -0.703184 -0.339795 -0.0272469
outputs matrix:
 0.196807 0.336353 0.48638
error matrix:
 -0.196807 0.663647 -0.48638
delta matrix:
 -0.0622204 0.296278 -0.243009
weights_delta matrix:
 -0.00333615 0.0158859 -0.0130298
 -0.00123586 0.00588485 -0.0048268
 -0.00333807 0.0158951 -0.0130373
 -0.00265983 0.0126654 -0.0103883
 -0.00622204 0.0296278 -0.0243009
weights matrix:
 -0.490414 -0.0742517 -0.0818271
 0.707611 -0.0344601 -0.0853254
 -0.938495 0.0862212 0.673529
 -0.645069 -0.140607 0.21477
 0.187285 -0.226031 -0.46326
regression_error on 'test' 0.144908
classification_error on 'test' 0.263158
Save,246,0.144908,0.263158
sample_count 75 Sample index 55
 i 0:0.628566 i 1:0.551523 i 2:0.612097 i 3:0.60999 bias 1
 test_print 3.40218
net matrix:
 -0.698644 -0.324702 -0.01848
outputs matrix:
 0.198247 0.343124 0.490761
error matrix:
 -0.198247 0.656876 -0.490761
delta matrix:
 -0.0630207 0.296106 -0.245297
weights_delta matrix:
 -0.00396127 0.0186122 -0.0154185
 -0.00347574 0.016331 -0.0135287
 -0.00385748 0.0181246 -0.0150145
 -0.0038442 0.0180622 -0.0149629
 -0.00630207 0.0296106 -0.0245297
weights matrix:
 -0.494375 -0.0556394 -0.0972456
 0.704136 -0.0181291 -0.0988541
 -0.942353 0.104346 0.658514
 -0.648913 -0.122545 0.199807
 0.180983 -0.196421 -0.487789
regression_error on 'test' 0.147698
classification_error on 'test' 0.263158
Save,247,0.147698,0.263158
sample_count 75 Sample index 44
 i 0:0.536183 i 1:0.375074 i 2:0.702823 i 3:0.646491 bias 1
 test_print 3.26057
net matrix:
 -0.901813 -0.238941 0.0149839
outputs matrix:
 0.14141 0.382752 0.507491
error matrix:
 -0.14141 0.617248 -0.507491
delta matrix:
 -0.0343382 0.291653 -0.253689
weights_delta matrix:
 -0.00184116 0.0156379 -0.0136024
 -0.00128794 0.0109392 -0.00951521
 -0.00241337 0.0204981 -0.0178298
 -0.00221993 0.0188551 -0.0164007
 -0.00343382 0.0291653 -0.0253689
weights matrix:
 -0.496216 -0.0400015 -0.110848
 0.702848 -0.00718995 -0.108369
 -0.944766 0.124844 0.640685
 -0.651133 -0.10369 0.183406
 0.17755 -0.167255 -0.513158
regression_error on 'test' 0.151701
classification_error on 'test' 0.184211
Save,248,0.151701,0.184211
sample_count 75 Sample index 26
 i 0:0.489992 i 1:0.339785 i 2:0.536492 i 3:0.500487 bias 1
 test_print 2.86676
net matrix:
 -0.659518 -0.174216 -0.168781
outputs matrix:
 0.210979 0.413762 0.416402
error matrix:
 -0.210979 0.586238 -0.416402
delta matrix:
 -0.0702418 0.284399 -0.202381
weights_delta matrix:
 -0.00344179 0.0139353 -0.0099165
 -0.00238671 0.00966346 -0.0068766
 -0.00376842 0.0152578 -0.0108576
 -0.00351551 0.0142338 -0.0101289
 -0.00702418 0.0284399 -0.0202381
weights matrix:
 -0.499658 -0.0260662 -0.120764
 0.700461 0.00247351 -0.115246
 -0.948534 0.140102 0.629827
 -0.654649 -0.0894561 0.173277
 0.170525 -0.138815 -0.533396
regression_error on 'test' 0.156025
classification_error on 'test' 0
Save,249,0.156025,0
sample_count 75 Sample index 6
 i 0:0.305227 i 1:0.657392 i 2:0.128226 i 3:0.171977 bias 1
 test_print 2.26282
net matrix:
 0.244282 -0.142565 -0.535459
outputs matrix:
 0.619768 0.429196 0.255229
error matrix:
 0.380232 -0.429196 -0.255229
delta matrix:
 0.179207 -0.210295 -0.0970313
weights_delta matrix:
 0.00546989 -0.00641877 -0.00296166
 0.011781 -0.0138246 -0.00637876
 0.0022979 -0.00269653 -0.00124419
 0.00308196 -0.00361659 -0.00166871
 0.0179207 -0.0210295 -0.00970313
weights matrix:
 -0.494188 -0.0324849 -0.123726
 0.712242 -0.0113511 -0.121625
 -0.946236 0.137405 0.628583
 -0.651567 -0.0930727 0.171608
 0.188446 -0.159845 -0.5431
regression_error on 'test' 0.153885
classification_error on 'test' 0
Save,250,0.153885,0
sample_count 75 Sample index 66
 i 0:0.60547 i 1:0.304495 i 2:0.672581 i 3:0.60999 bias 1
 test_print 3.19254
net matrix:
 -0.927766 -0.147327 -0.127594
outputs matrix:
 0.135225 0.426865 0.436547
error matrix:
 -0.135225 0.573135 -0.436547
delta matrix:
 -0.0316261 0.280436 -0.214758
weights_delta matrix:
 -0.00191487 0.0169796 -0.013003
 -0.000962999 0.00853915 -0.00653928
 -0.00212711 0.0188616 -0.0144442
 -0.00192916 0.0171063 -0.0131
 -0.00316261 0.0280436 -0.0214758
weights matrix:
 -0.496103 -0.0155053 -0.136729
 0.711279 -0.00281197 -0.128164
 -0.948364 0.156267 0.614139
 -0.653496 -0.0759663 0.158508
 0.185284 -0.131801 -0.564575
regression_error on 'test' 0.159334
classification_error on 'test' 0.368421
Save,251,0.159334,0.368421
sample_count 75 Sample index 57
 i 0:0.374514 i 1:0.727972 i 2:0.158468 i 3:0.135476 bias 1
 test_print 2.39643
net matrix:
 0.278459 -0.125184 -0.590287
outputs matrix:
 0.635739 0.437733 0.234949
error matrix:
 0.364261 -0.437733 -0.234949
delta matrix:
 0.168707 -0.215472 -0.0844633
weights_delta matrix:
 0.00631833 -0.00806974 -0.00316327
 0.0122814 -0.0156858 -0.00614869
 0.00267347 -0.00341455 -0.00133847
 0.00228558 -0.00291913 -0.00114427
 0.0168707 -0.0215472 -0.00844633
weights matrix:
 -0.489784 -0.0235751 -0.139892
 0.72356 -0.0184977 -0.134313
 -0.94569 0.152852 0.6128
 -0.651211 -0.0788855 0.157364
 0.202154 -0.153348 -0.573022
regression_error on 'test' 0.157085
classification_error on 'test' 0.236842
Save,252,0.157085,0.236842
sample_count 75 Sample index 1
 i 0:0.582374 i 1:0.445654 i 2:0.581855 i 3:0.536988 bias 1
 test_print 3.14687
net matrix:
 -0.660573 -0.128744 -0.273285
outputs matrix:
 0.210628 0.435981 0.366661
error matrix:
 -0.210628 0.564019 -0.366661
delta matrix:
 -0.0700395 0.277386 -0.170292
weights_delta matrix:
 -0.00407892 0.0161543 -0.00991738
 -0.00312134 0.0123618 -0.00758915
 -0.00407529 0.0161399 -0.00990854
 -0.00376104 0.0148953 -0.00914449
 -0.00700395 0.0277386 -0.0170292
weights matrix:
 -0.493863 -0.00742082 -0.14981
 0.720439 -0.00613592 -0.141902
 -0.949765 0.168992 0.602892
 -0.654972 -0.0639902 0.14822
 0.19515 -0.12561 -0.590051
regression_error on 'test' 0.162606
classification_error on 'test' 0.421053
Save,253,0.162606,0.421053
sample_count 75 Sample index 73
 i 0:0.582374 i 1:0.410364 i 2:0.65746 i 3:0.719493 bias 1
 test_print 3.36969
net matrix:
 -0.892501 -0.0673844 -0.232507
outputs matrix:
 0.143687 0.466359 0.385797
error matrix:
 -0.143687 -0.466359 0.614203
delta matrix:
 -0.0353586 -0.232124 0.29108
weights_delta matrix:
 -0.00205919 -0.0135183 0.0169518
 -0.00145099 -0.00952552 0.0119449
 -0.00232469 -0.0152612 0.0191374
 -0.00254403 -0.0167011 0.020943
 -0.00353586 -0.0232124 0.029108
weights matrix:
 -0.495923 -0.0209391 -0.132858
 0.718988 -0.0156614 -0.129957
 -0.95209 0.153731 0.622029
 -0.657516 -0.0806913 0.169163
 0.191614 -0.148822 -0.560943
regression_error on 'test' 0.15624
classification_error on 'test' 0.0789474
Save,254,0.15624,0.0789474
sample_count 75 Sample index 30
 i 0:0.559279 i 1:0.410364 i 2:0.642339 i 3:0.500487 bias 1
 test_print 3.11247
net matrix:
 -0.73134 -0.108598 -0.20436
outputs matrix:
 0.188058 0.445914 0.399219
error matrix:
 -0.188058 0.554086 -0.399219
delta matrix:
 -0.0574298 0.273801 -0.1915
weights_delta matrix:
 -0.00321193 0.0153131 -0.0107102
 -0.00235671 0.0112358 -0.00785847
 -0.00368894 0.0175873 -0.0123008
 -0.00287429 0.0137034 -0.00958432
 -0.00574298 0.0273801 -0.01915
weights matrix:
 -0.499134 -0.00562597 -0.143568
 0.716631 -0.00442562 -0.137815
 -0.955779 0.171318 0.609728
 -0.66039 -0.0669879 0.159578
 0.185871 -0.121442 -0.580093
regression_error on 'test' 0.16179
classification_error on 'test' 0.421053
Save,255,0.16179,0.421053
sample_count 75 Sample index 57
 i 0:0.374514 i 1:0.727972 i 2:0.158468 i 3:0.135476 bias 1
 test_print 2.39643
net matrix:
 0.279699 -0.108698 -0.615945
outputs matrix:
 0.636313 0.445864 0.225851
error matrix:
 0.363687 -0.445864 -0.225851
delta matrix:
 0.168328 -0.220319 -0.0789764
weights_delta matrix:
 0.00630412 -0.00825125 -0.00295778
 0.0122538 -0.0160386 -0.00574926
 0.00266746 -0.00349135 -0.00125152
 0.00228044 -0.00298479 -0.00106994
 0.0168328 -0.0220319 -0.00789764
weights matrix:
 -0.49283 -0.0138772 -0.146526
 0.728885 -0.0204642 -0.143565
 -0.953112 0.167827 0.608477
 -0.658109 -0.0699727 0.158508
 0.202704 -0.143474 -0.587991
regression_error on 'test' 0.159314
classification_error on 'test' 0.394737
Save,256,0.159314,0.394737
sample_count 75 Sample index 20
 i 0:0.489992 i 1:0.375074 i 2:0.521371 i 3:0.500487 bias 1
 test_print 2.88692
net matrix:
 -0.591693 -0.10547 -0.317061
outputs matrix:
 0.234444 0.44746 0.346577
error matrix:
 -0.234444 0.55254 -0.346577
delta matrix:
 -0.084156 0.27322 -0.156972
weights_delta matrix:
 -0.00412358 0.0133875 -0.00769152
 -0.00315647 0.0102478 -0.00588762
 -0.00438765 0.0142449 -0.00818408
 -0.0042119 0.0136743 -0.00785626
 -0.0084156 0.027322 -0.0156972
weights matrix:
 -0.496954 -0.000489675 -0.154217
 0.725729 -0.0102164 -0.149452
 -0.957499 0.182072 0.600293
 -0.662321 -0.0562984 0.150652
 0.194289 -0.116152 -0.603688
regression_error on 'test' 0.164649
classification_error on 'test' 0.421053
Save,257,0.164649,0.421053
sample_count 75 Sample index 74
 i 0:0.443801 i 1:0.480944 i 2:0.551613 i 3:0.536988 bias 1
 test_print 3.01335
net matrix:
 -0.561053 -0.0510813 -0.33198
outputs matrix:
 0.245621 0.474482 0.339851
error matrix:
 -0.245621 0.525518 -0.339851
delta matrix:
 -0.0910228 0.262075 -0.152492
weights_delta matrix:
 -0.0040396 0.0116309 -0.00676763
 -0.00437769 0.0126043 -0.00733403
 -0.00502094 0.0144564 -0.00841168
 -0.00488782 0.0140731 -0.00818866
 -0.00910228 0.0262075 -0.0152492
weights matrix:
 -0.500994 0.0111412 -0.160985
 0.721351 0.00238788 -0.156786
 -0.96252 0.196528 0.591881
 -0.667209 -0.0422253 0.142464
 0.185186 -0.0899445 -0.618937
regression_error on 'test' 0.170666
classification_error on 'test' 0.421053
Save,258,0.170666,0.421053
sample_count 75 Sample index 64
 i 0:0.282131 i 1:0.516233 i 2:0.158468 i 3:0.0989754 bias 1
 test_print 2.05581
net matrix:
 0.19766 -0.0586043 -0.6374
outputs matrix:
 0.597563 0.470731 0.218437
error matrix:
 0.402437 -0.470731 -0.218437
delta matrix:
 0.193558 -0.234559 -0.074584
weights_delta matrix:
 0.00546086 -0.00661764 -0.00210425
 0.00999208 -0.0121087 -0.00385027
 0.00306727 -0.00371701 -0.00118192
 0.00191574 -0.00232156 -0.000738198
 0.0193558 -0.0234559 -0.0074584
weights matrix:
 -0.495533 0.00452359 -0.163089
 0.731343 -0.00972084 -0.160637
 -0.959453 0.192811 0.590699
 -0.665293 -0.0445469 0.141725
 0.204542 -0.1134 -0.626395
regression_error on 'test' 0.167884
classification_error on 'test' 0.421053
Save,259,0.167884,0.421053
sample_count 75 Sample index 1
 i 0:0.582374 i 1:0.445654 i 2:0.581855 i 3:0.536988 bias 1
 test_print 3.14687
net matrix:
 -0.673634 -0.0268312 -0.373157
outputs matrix:
 0.206317 0.486588 0.321625
error matrix:
 -0.206317 0.513412 -0.321625
delta matrix:
 -0.0675691 0.256521 -0.140346
weights_delta matrix:
 -0.00393505 0.0149391 -0.00817338
 -0.00301124 0.011432 -0.00625457
 -0.00393154 0.0149258 -0.00816609
 -0.00362838 0.0137749 -0.0075364
 -0.00675691 0.0256521 -0.0140346
weights matrix:
 -0.499468 0.0194627 -0.171263
 0.728332 0.00171114 -0.166891
 -0.963384 0.207737 0.582533
 -0.668922 -0.030772 0.134189
 0.197785 -0.0877482 -0.64043
regression_error on 'test' 0.174129
classification_error on 'test' 0.421053
Save,260,0.174129,0.421053
sample_count 75 Sample index 57
 i 0:0.374514 i 1:0.727972 i 2:0.158468 i 3:0.135476 bias 1
 test_print 2.39643
net matrix:
 0.297644 -0.0504627 -0.71557
outputs matrix:
 0.644578 0.47479 0.192921
error matrix:
 0.355422 -0.47479 -0.192921
delta matrix:
 0.162853 -0.236792 -0.0600766
weights_delta matrix:
 0.00609906 -0.00886817 -0.00224995
 0.0118552 -0.0172378 -0.00437341
 0.00258069 -0.00375239 -0.000952022
 0.00220626 -0.00320796 -0.000813894
 0.0162853 -0.0236792 -0.00600766
weights matrix:
 -0.493369 0.0105946 -0.173513
 0.740187 -0.0155266 -0.171265
 -0.960804 0.203984 0.581581
 -0.666716 -0.0339799 0.133375
 0.21407 -0.111427 -0.646438
regression_error on 'test' 0.170924
classification_error on 'test' 0.421053
Save,261,0.170924,0.421053
sample_count 75 Sample index 14
 i 0:0.697853 i 1:0.516233 i 2:0.778427 i 3:0.938499 bias 1
 test_print 3.93101
net matrix:
 -1.12175 0.0148476 -0.278046
outputs matrix:
 0.0959122 0.507423 0.364452
error matrix:
 -0.0959122 -0.507423 0.635548
delta matrix:
 -0.0166337 -0.253656 0.29442
weights_delta matrix:
 -0.00116079 -0.0177014 0.0205462
 -0.000858685 -0.0130945 0.0151989
 -0.00129481 -0.0197452 0.0229184
 -0.00156107 -0.0238056 0.0276313
 -0.00166337 -0.0253656 0.029442
weights matrix:
 -0.494529 -0.00710688 -0.152967
 0.739328 -0.0286212 -0.156066
 -0.962099 0.184239 0.604499
 -0.668277 -0.0577855 0.161006
 0.212407 -0.136793 -0.616996
regression_error on 'test' 0.161611
classification_error on 'test' 0.421053
Save,262,0.161611,0.421053
sample_count 75 Sample index 5
 i 0:0.536183 i 1:0.198626 i 2:0.687702 i 3:0.60999 bias 1
 test_print 3.0325
net matrix:
 -0.97518 -0.0548353 -0.216085
outputs matrix:
 0.124514 0.47261 0.393608
error matrix:
 -0.124514 -0.47261 0.606392
delta matrix:
 -0.0271466 -0.235596 0.289468
weights_delta matrix:
 -0.00145556 -0.0126322 0.0155208
 -0.000539202 -0.00467954 0.00574959
 -0.00186688 -0.016202 0.0199068
 -0.00165592 -0.0143711 0.0176573
 -0.00271466 -0.0235596 0.0289468
weights matrix:
 -0.495985 -0.0197391 -0.137446
 0.738789 -0.0333007 -0.150316
 -0.963965 0.168037 0.624406
 -0.669933 -0.0721566 0.178664
 0.209692 -0.160353 -0.588049
regression_error on 'test' 0.155492
classification_error on 'test' 0.236842
Save,263,0.155492,0.236842
sample_count 75 Sample index 18
 i 0:0.513088 i 1:0.480944 i 2:0.566734 i 3:0.60999 bias 1
 test_print 3.17076
net matrix:
 -0.644439 -0.135279 -0.268009
outputs matrix:
 0.216043 0.43277 0.369114
error matrix:
 -0.216043 0.56723 -0.369114
delta matrix:
 -0.0731815 0.278487 -0.171911
weights_delta matrix:
 -0.00375486 0.0142888 -0.00882052
 -0.00351962 0.0133937 -0.00826793
 -0.00414745 0.0157828 -0.00974275
 -0.004464 0.0169874 -0.0104864
 -0.00731815 0.0278487 -0.0171911
weights matrix:
 -0.49974 -0.00545028 -0.146266
 0.735269 -0.019907 -0.158584
 -0.968113 0.18382 0.614663
 -0.674397 -0.0551692 0.168177
 0.202374 -0.132504 -0.60524
regression_error on 'test' 0.161119
classification_error on 'test' 0.421053
Save,264,0.161119,0.421053
sample_count 75 Sample index 50
 i 0:0.489992 i 1:0.833841 i 2:0.113105 i 3:0.135476 bias 1
 test_print 2.57241
net matrix:
 0.369741 -0.138457 -0.716838
outputs matrix:
 0.676882 0.431211 0.192527
error matrix:
 0.323118 -0.431211 -0.192527
delta matrix:
 0.14134 -0.211524 -0.0598605
weights_delta matrix:
 0.00692554 -0.0103645 -0.00293312
 0.0117855 -0.0176378 -0.00499141
 0.00159862 -0.00239245 -0.000677052
 0.00191481 -0.00286565 -0.000810966
 0.014134 -0.0211524 -0.00598605
weights matrix:
 -0.492814 -0.0158148 -0.149199
 0.747055 -0.0375448 -0.163575
 -0.966514 0.181428 0.613986
 -0.672482 -0.0580348 0.167366
 0.216508 -0.153656 -0.611226
regression_error on 'test' 0.158675
classification_error on 'test' 0.394737
Save,265,0.158675,0.394737
sample_count 75 Sample index 63
 i 0:0.420705 i 1:0.904421 i 2:0.143347 i 3:0.135476 bias 1
 test_print 2.60395
net matrix:
 0.455179 -0.176121 -0.711249
outputs matrix:
 0.713073 0.412839 0.19427
error matrix:
 0.286927 -0.412839 -0.19427
delta matrix:
 0.11741 -0.200147 -0.060818
weights_delta matrix:
 0.00493951 -0.00842027 -0.00255865
 0.0106188 -0.0181017 -0.00550051
 0.00168304 -0.00286904 -0.000871808
 0.00159063 -0.00271151 -0.000823939
 0.011741 -0.0200147 -0.0060818
weights matrix:
 -0.487875 -0.0242351 -0.151758
 0.757674 -0.0556465 -0.169076
 -0.964831 0.178559 0.613114
 -0.670891 -0.0607463 0.166542
 0.228249 -0.173671 -0.617308
regression_error on 'test' 0.156728
classification_error on 'test' 0.394737
Save,266,0.156728,0.394737
sample_count 75 Sample index 64
 i 0:0.282131 i 1:0.516233 i 2:0.158468 i 3:0.0989754 bias 1
 test_print 2.05581
net matrix:
 0.262444 -0.186951 -0.633763
outputs matrix:
 0.62829 0.407598 0.219681
error matrix:
 0.37171 -0.407598 -0.219681
delta matrix:
 0.173619 -0.196839 -0.0753159
weights_delta matrix:
 0.00489834 -0.00555344 -0.0021249
 0.00896281 -0.0101615 -0.00388806
 0.00275131 -0.00311927 -0.00119352
 0.00171841 -0.00194822 -0.000745443
 0.0173619 -0.0196839 -0.00753159
weights matrix:
 -0.482976 -0.0297885 -0.153883
 0.766637 -0.0658079 -0.172964
 -0.96208 0.175439 0.611921
 -0.669173 -0.0626945 0.165797
 0.245611 -0.193355 -0.624839
regression_error on 'test' 0.155436
classification_error on 'test' 0.394737
Save,267,0.155436,0.394737
sample_count 75 Sample index 64
 i 0:0.282131 i 1:0.516233 i 2:0.158468 i 3:0.0989754 bias 1
 test_print 2.05581
net matrix:
 0.286421 -0.214135 -0.644164
outputs matrix:
 0.639419 0.39454 0.216136
error matrix:
 0.360581 -0.39454 -0.216136
delta matrix:
 0.166273 -0.188494 -0.0732359
weights_delta matrix:
 0.00469107 -0.00531799 -0.00206621
 0.00858356 -0.00973067 -0.00378068
 0.00263489 -0.00298702 -0.00116056
 0.00164569 -0.00186562 -0.000724855
 0.0166273 -0.0188494 -0.00732359
weights matrix:
 -0.478285 -0.0351065 -0.155949
 0.77522 -0.0755386 -0.176745
 -0.959445 0.172452 0.61076
 -0.667527 -0.0645601 0.165072
 0.262239 -0.212204 -0.632163
regression_error on 'test' 0.154458
classification_error on 'test' 0.315789
Save,268,0.154458,0.315789
sample_count 75 Sample index 60
 i 0:0.559279 i 1:0.410364 i 2:0.536492 i 3:0.536988 bias 1
 test_print 3.04312
net matrix:
 -0.560323 -0.204986 -0.375602
outputs matrix:
 0.245892 0.398919 0.320559
error matrix:
 -0.245892 0.601081 -0.320559
delta matrix:
 -0.0911909 0.288258 -0.139636
weights_delta matrix:
 -0.00510011 0.0161216 -0.00780956
 -0.00374214 0.0118291 -0.00573016
 -0.00489232 0.0154648 -0.00749137
 -0.00489684 0.0154791 -0.00749829
 -0.00911909 0.0288258 -0.0139636
weights matrix:
 -0.483385 -0.0189849 -0.163759
 0.771478 -0.0637096 -0.182475
 -0.964337 0.187917 0.603269
 -0.672424 -0.0490811 0.157574
 0.253119 -0.183378 -0.646127
regression_error on 'test' 0.159042
classification_error on 'test' 0.421053
Save,269,0.159042,0.421053
sample_count 75 Sample index 60
 i 0:0.559279 i 1:0.410364 i 2:0.536492 i 3:0.536988 bias 1
 test_print 3.04312
net matrix:
 -0.579084 -0.14568 -0.40433
outputs matrix:
 0.239 0.427671 0.308176
error matrix:
 -0.239 0.572329 -0.308176
delta matrix:
 -0.0869384 0.280176 -0.131408
weights_delta matrix:
 -0.00486228 0.0156697 -0.0073494
 -0.00356764 0.0114974 -0.00539253
 -0.00466418 0.0150312 -0.00704996
 -0.00466849 0.0150451 -0.00705648
 -0.00869384 0.0280176 -0.0131408
weights matrix:
 -0.488248 -0.00331518 -0.171108
 0.76791 -0.0522121 -0.187867
 -0.969001 0.202948 0.596219
 -0.677092 -0.0340359 0.150517
 0.244426 -0.155361 -0.659267
regression_error on 'test' 0.164185
classification_error on 'test' 0.421053
Save,270,0.164185,0.421053
sample_count 75 Sample index 63
 i 0:0.420705 i 1:0.904421 i 2:0.143347 i 3:0.135476 bias 1
 test_print 2.60395
net matrix:
 0.502898 -0.179496 -0.795307
outputs matrix:
 0.732197 0.411203 0.169298
error matrix:
 0.267803 -0.411203 -0.169298
delta matrix:
 0.105024 -0.199117 -0.0476186
weights_delta matrix:
 0.00441842 -0.00837696 -0.00200334
 0.00949861 -0.0180086 -0.00430673
 0.00150549 -0.00285429 -0.000682599
 0.00142283 -0.00269756 -0.000645118
 0.0105024 -0.0199117 -0.00476186
weights matrix:
 -0.483829 -0.0116921 -0.173111
 0.777409 -0.0702207 -0.192174
 -0.967496 0.200094 0.595537
 -0.67567 -0.0367335 0.149872
 0.254928 -0.175273 -0.664029
regression_error on 'test' 0.162211
classification_error on 'test' 0.421053
Save,271,0.162211,0.421053
sample_count 75 Sample index 19
 i 0:0.674757 i 1:0.480944 i 2:0.596976 i 3:0.573489 bias 1
 test_print 3.32617
net matrix:
 -0.66271 -0.118549 -0.431791
outputs matrix:
 0.209918 0.441002 0.296591
error matrix:
 -0.209918 0.558998 -0.296591
delta matrix:
 -0.0696308 0.275608 -0.123753
weights_delta matrix:
 -0.00469839 0.0185968 -0.0083503
 -0.00334885 0.0132552 -0.00595181
 -0.00415679 0.0164531 -0.00738774
 -0.00399325 0.0158058 -0.00709708
 -0.00696308 0.0275608 -0.0123753
weights matrix:
 -0.488528 0.00690467 -0.181462
 0.77406 -0.0569655 -0.198126
 -0.971653 0.216547 0.588149
 -0.679663 -0.0209277 0.142775
 0.247965 -0.147712 -0.676405
regression_error on 'test' 0.167926
classification_error on 'test' 0.421053
Save,272,0.167926,0.421053
sample_count 75 Sample index 44
 i 0:0.536183 i 1:0.375074 i 2:0.702823 i 3:0.646491 bias 1
 test_print 3.26057
net matrix:
 -0.845941 -0.0267111 -0.342346
outputs matrix:
 0.155528 0.486648 0.335215
error matrix:
 -0.155528 0.513352 -0.335215
delta matrix:
 -0.040854 0.256493 -0.149403
weights_delta matrix:
 -0.00219052 0.0137527 -0.00801071
 -0.00153233 0.00962039 -0.0056037
 -0.00287131 0.0180269 -0.0105004
 -0.00264117 0.0165821 -0.00965874
 -0.0040854 0.0256493 -0.0149403
weights matrix:
 -0.490718 0.0206574 -0.189472
 0.772528 -0.0473451 -0.20373
 -0.974524 0.234574 0.577648
 -0.682304 -0.00434565 0.133116
 0.24388 -0.122062 -0.691345
regression_error on 'test' 0.174357
classification_error on 'test' 0.421053
Save,273,0.174357,0.421053
sample_count 75 Sample index 10
 i 0:0.697853 i 1:0.304495 i 2:0.808669 i 3:0.719493 bias 1
 test_print 3.53051
net matrix:
 -1.14232 0.0645032 -0.322701
outputs matrix:
 0.0924032 0.532207 0.344027
error matrix:
 -0.0924032 -0.532207 0.655973
delta matrix:
 -0.0154988 -0.264999 0.29607
weights_delta matrix:
 -0.00108159 -0.0184931 0.0206613
 -0.00047193 -0.0080691 0.00901519
 -0.00125334 -0.0214297 0.0239423
 -0.00111513 -0.0190665 0.021302
 -0.00154988 -0.0264999 0.029607
weights matrix:
 -0.4918 0.00216434 -0.168811
 0.772056 -0.0554142 -0.194714
 -0.975777 0.213144 0.601591
 -0.683419 -0.0234122 0.154418
 0.24233 -0.148562 -0.661738
regression_error on 'test' 0.164964
classification_error on 'test' 0.421053
Save,274,0.164964,0.421053
sample_count 75 Sample index 50
 i 0:0.489992 i 1:0.833841 i 2:0.113105 i 3:0.135476 bias 1
 test_print 2.57241
net matrix:
 0.442171 -0.172773 -0.817852
outputs matrix:
 0.707721 0.414463 0.163051
error matrix:
 0.292279 -0.414463 -0.163051
delta matrix:
 0.120917 -0.201167 -0.0445014
weights_delta matrix:
 0.00592482 -0.00985701 -0.00218053
 0.0100825 -0.0167741 -0.00371071
 0.00136763 -0.0022753 -0.000503333
 0.00163813 -0.00272533 -0.000602887
 0.0120917 -0.0201167 -0.00445014
weights matrix:
 -0.485875 -0.00769266 -0.170992
 0.782138 -0.0721883 -0.198425
 -0.97441 0.210869 0.601087
 -0.681781 -0.0261375 0.153815
 0.254421 -0.168679 -0.666188
regression_error on 'test' 0.162806
classification_error on 'test' 0.421053
Save,275,0.162806,0.421053
sample_count 75 Sample index 72
 i 0:0.905713 i 1:0.480944 i 2:0.929637 i 3:0.828996 bias 1
 test_print 4.14529
net matrix:
 -1.28052 -0.0360011 -0.230183
outputs matrix:
 0.0716885 0.482007 0.386899
error matrix:
 -0.0716885 -0.482007 0.613101
delta matrix:
 -0.00954164 -0.240692 0.290865
weights_delta matrix:
 -0.000864199 -0.0217997 0.026344
 -0.0004589 -0.0115759 0.013989
 -0.000887026 -0.0223756 0.0270399
 -0.000790998 -0.0199532 0.0241126
 -0.000954164 -0.0240692 0.0290865
weights matrix:
 -0.486739 -0.0294924 -0.144648
 0.78168 -0.0837643 -0.184436
 -0.975297 0.188494 0.628127
 -0.682572 -0.0460907 0.177928
 0.253467 -0.192748 -0.637101
regression_error on 'test' 0.154221
classification_error on 'test' 0.394737
Save,276,0.154221,0.394737
sample_count 75 Sample index 73
 i 0:0.582374 i 1:0.410364 i 2:0.65746 i 3:0.719493 bias 1
 test_print 3.36969
net matrix:
 -0.841548 -0.153533 -0.25604
outputs matrix:
 0.156686 0.423831 0.374706
error matrix:
 -0.156686 -0.423831 0.625294
delta matrix:
 -0.0414075 -0.206998 0.293015
weights_delta matrix:
 -0.00241146 -0.012055 0.0170644
 -0.00169921 -0.00849444 0.0120243
 -0.00272238 -0.0136093 0.0192645
 -0.00297924 -0.0148933 0.0210822
 -0.00414075 -0.0206998 0.0293015
weights matrix:
 -0.489151 -0.0415474 -0.127583
 0.77998 -0.0922587 -0.172412
 -0.978019 0.174884 0.647392
 -0.685551 -0.0609841 0.19901
 0.249326 -0.213448 -0.6078
regression_error on 'test' 0.148577
classification_error on 'test' 0
Save,277,0.148577,0
sample_count 75 Sample index 8
 i 0:0.489992 i 1:0.375074 i 2:0.702823 i 3:0.755994 bias 1
 test_print 3.32388
net matrix:
 -0.90345 -0.191601 -0.12953
outputs matrix:
 0.141013 0.405355 0.435595
error matrix:
 -0.141013 -0.405355 0.564405
delta matrix:
 -0.0341614 -0.195415 0.27752
weights_delta matrix:
 -0.00167388 -0.0095752 0.0135983
 -0.00128131 -0.00732953 0.0104091
 -0.00240094 -0.0137342 0.0195048
 -0.00258258 -0.0147733 0.0209804
 -0.00341614 -0.0195415 0.027752
weights matrix:
 -0.490825 -0.0511226 -0.113985
 0.778699 -0.0995882 -0.162003
 -0.98042 0.16115 0.666897
 -0.688134 -0.0757574 0.219991
 0.24591 -0.23299 -0.580048
regression_error on 'test' 0.144225
classification_error on 'test' 0.210526
Save,278,0.144225,0.210526
sample_count 75 Sample index 42
 i 0:0.651661 i 1:0.551523 i 2:0.702823 i 3:0.792495 bias 1
 test_print 3.6985
net matrix:
 -0.878875 -0.268007 -0.100624
outputs matrix:
 0.147072 0.369115 0.449857
error matrix:
 -0.147072 -0.369115 0.550143
delta matrix:
 -0.0368981 -0.171911 0.272305
weights_delta matrix:
 -0.00240451 -0.0112028 0.0177451
 -0.00203502 -0.0094813 0.0150182
 -0.00259329 -0.0120823 0.0191382
 -0.00292416 -0.0136239 0.02158
 -0.00368981 -0.0171911 0.0272305
weights matrix:
 -0.493229 -0.0623254 -0.0962399
 0.776664 -0.10907 -0.146985
 -0.983013 0.149068 0.686035
 -0.691058 -0.0893812 0.241571
 0.24222 -0.250181 -0.552817
regression_error on 'test' 0.140826
classification_error on 'test' 0.263158
Save,279,0.140826,0.263158
sample_count 75 Sample index 1
 i 0:0.582374 i 1:0.445654 i 2:0.581855 i 3:0.536988 bias 1
 test_print 3.14687
net matrix:
 -0.641961 -0.296345 -0.145476
outputs matrix:
 0.216883 0.356018 0.427771
error matrix:
 -0.216883 0.643982 -0.427771
delta matrix:
 -0.0736731 0.29529 -0.209422
weights_delta matrix:
 -0.00429053 0.017197 -0.0121962
 -0.00328327 0.0131597 -0.00933297
 -0.00428671 0.0171816 -0.0121853
 -0.00395616 0.0158567 -0.0112457
 -0.00736731 0.029529 -0.0209422
weights matrix:
 -0.49752 -0.0451285 -0.108436
 0.773381 -0.0959098 -0.156318
 -0.9873 0.166249 0.673849
 -0.695014 -0.0735245 0.230325
 0.234853 -0.220652 -0.57376
regression_error on 'test' 0.144171
classification_error on 'test' 0.210526
Save,280,0.144171,0.210526
sample_count 75 Sample index 66
 i 0:0.60547 i 1:0.304495 i 2:0.672581 i 3:0.60999 bias 1
 test_print 3.19254
net matrix:
 -0.91888 -0.210213 -0.0932981
outputs matrix:
 0.137316 0.396415 0.453486
error matrix:
 -0.137316 0.603585 -0.453486
delta matrix:
 -0.0325331 0.28884 -0.224781
weights_delta matrix:
 -0.00196978 0.0174884 -0.0136098
 -0.000990618 0.00879503 -0.00684446
 -0.00218812 0.0194268 -0.0151183
 -0.00198449 0.0176189 -0.0137114
 -0.00325331 0.028884 -0.0224781
weights matrix:
 -0.499489 -0.0276401 -0.122046
 0.77239 -0.0871148 -0.163162
 -0.989488 0.185676 0.658731
 -0.696999 -0.0559056 0.216613
 0.2316 -0.191768 -0.596238
regression_error on 'test' 0.148726
classification_error on 'test' 0
Save,281,0.148726,0
sample_count 75 Sample index 10
 i 0:0.697853 i 1:0.304495 i 2:0.808669 i 3:0.719493 bias 1
 test_print 3.53051
net matrix:
 -1.18344 -0.127655 -0.0425424
outputs matrix:
 0.0857341 0.436517 0.478742
error matrix:
 -0.0857341 -0.436517 0.521258
delta matrix:
 -0.0134403 -0.21474 0.260158
weights_delta matrix:
 -0.000937937 -0.0149857 0.0181552
 -0.000409251 -0.00653872 0.00792168
 -0.00108688 -0.0173654 0.0210382
 -0.000967022 -0.0154504 0.0187182
 -0.00134403 -0.021474 0.0260158
weights matrix:
 -0.500427 -0.0426258 -0.103891
 0.771981 -0.0936535 -0.15524
 -0.990575 0.168311 0.679769
 -0.697966 -0.0713559 0.235332
 0.230256 -0.213242 -0.570222
regression_error on 'test' 0.144151
classification_error on 'test' 0.210526
Save,282,0.144151,0.210526
sample_count 75 Sample index 58
 i 0:0.282131 i 1:0.516233 i 2:0.158468 i 3:0.0989754 bias 1
 test_print 2.05581
net matrix:
 0.261536 -0.254005 -0.548659
outputs matrix:
 0.627866 0.37566 0.250243
error matrix:
 0.372134 -0.37566 -0.250243
delta matrix:
 0.173899 -0.176214 -0.0939017
weights_delta matrix:
 0.00490622 -0.00497155 -0.00264926
 0.00897722 -0.00909676 -0.00484752
 0.00275574 -0.00279243 -0.00148804
 0.00172117 -0.00174409 -0.000929396
 0.0173899 -0.0176214 -0.00939017
weights matrix:
 -0.495521 -0.0475973 -0.10654
 0.780958 -0.10275 -0.160088
 -0.987819 0.165518 0.678281
 -0.696244 -0.0731 0.234402
 0.247646 -0.230863 -0.579612
regression_error on 'test' 0.143138
classification_error on 'test' 0.236842
Save,283,0.143138,0.236842
sample_count 75 Sample index 67
 i 0:0.443801 i 1:0.375074 i 2:0.566734 i 3:0.536988 bias 1
 test_print 2.9226
net matrix:
 -0.613056 -0.235975 -0.176663
outputs matrix:
 0.226863 0.384155 0.412576
error matrix:
 -0.226863 0.615845 -0.412576
delta matrix:
 -0.0795816 0.291393 -0.199981
weights_delta matrix:
 -0.00353184 0.0129321 -0.0088752
 -0.0029849 0.0109294 -0.00750078
 -0.00451016 0.0165142 -0.0113336
 -0.00427344 0.0156475 -0.0107388
 -0.00795816 0.0291393 -0.0199981
weights matrix:
 -0.499053 -0.0346653 -0.115415
 0.777973 -0.0918208 -0.167589
 -0.99233 0.182033 0.666948
 -0.700518 -0.0574526 0.223664
 0.239688 -0.201724 -0.59961
regression_error on 'test' 0.146985
classification_error on 'test' 0.0263158
Save,284,0.146985,0.0263158
sample_count 75 Sample index 8
 i 0:0.489992 i 1:0.375074 i 2:0.702823 i 3:0.755994 bias 1
 test_print 3.32388
net matrix:
 -0.940066 -0.168646 -0.0811864
outputs matrix:
 0.132374 0.416467 0.459496
error matrix:
 -0.132374 -0.416467 0.540504
delta matrix:
 -0.0304065 -0.202422 0.268479
weights_delta matrix:
 -0.00148989 -0.0099185 0.0131552
 -0.00114047 -0.00759231 0.0100699
 -0.00213704 -0.0142267 0.0188693
 -0.00229871 -0.015303 0.0202968
 -0.00304065 -0.0202422 0.0268479
weights matrix:
 -0.500543 -0.0445838 -0.10226
 0.776833 -0.0994132 -0.157519
 -0.994467 0.167806 0.685817
 -0.702817 -0.0727555 0.24396
 0.236647 -0.221966 -0.572762
regression_error on 'test' 0.142943
classification_error on 'test' 0.236842
Save,285,0.142943,0.236842
sample_count 75 Sample index 14
 i 0:0.697853 i 1:0.516233 i 2:0.778427 i 3:0.938499 bias 1
 test_print 3.93101
net matrix:
 -1.14534 -0.242055 0.0373739
outputs matrix:
 0.0918971 0.381282 0.518678
error matrix:
 -0.0918971 -0.381282 0.481322
delta matrix:
 -0.015338 -0.179893 0.240325
weights_delta matrix:
 -0.00107037 -0.0125539 0.0167712
 -0.000791798 -0.00928669 0.0124064
 -0.00119395 -0.0140034 0.0187075
 -0.00143947 -0.016883 0.0225545
 -0.0015338 -0.0179893 0.0240325
weights matrix:
 -0.501613 -0.0571377 -0.0854887
 0.776041 -0.1087 -0.145112
 -0.995661 0.153803 0.704524
 -0.704256 -0.0896385 0.266515
 0.235113 -0.239955 -0.54873
regression_error on 'test' 0.139783
classification_error on 'test' 0.263158
Save,286,0.139783,0.263158
sample_count 75 Sample index 26
 i 0:0.489992 i 1:0.339785 i 2:0.536492 i 3:0.500487 bias 1
 test_print 2.86676
net matrix:
 -0.633621 -0.267236 -0.128567
outputs matrix:
 0.21973 0.369475 0.436069
error matrix:
 -0.21973 0.630525 -0.436069
delta matrix:
 -0.0753447 0.293778 -0.21447
weights_delta matrix:
 -0.00369183 0.0143949 -0.0105088
 -0.0025601 0.00998215 -0.00728736
 -0.00404218 0.015761 -0.0115061
 -0.0037709 0.0147032 -0.0107339
 -0.00753447 0.0293778 -0.021447
weights matrix:
 -0.505305 -0.0427428 -0.0959975
 0.773481 -0.0987177 -0.1524
 -0.999703 0.169564 0.693018
 -0.708027 -0.0749353 0.255781
 0.227579 -0.210577 -0.570177
regression_error on 'test' 0.142764
classification_error on 'test' 0.236842
Save,287,0.142764,0.236842
sample_count 75 Sample index 29
 i 0:0.420705 i 1:0.304495 i 2:0.536492 i 3:0.536988 bias 1
 test_print 2.79868
net matrix:
 -0.666019 -0.207888 -0.147818
outputs matrix:
 0.208822 0.397528 0.426624
error matrix:
 -0.208822 0.602472 -0.426624
delta matrix:
 -0.0690014 0.288584 -0.208718
weights_delta matrix:
 -0.00290292 0.0121409 -0.00878089
 -0.00210106 0.00878722 -0.00635537
 -0.00370187 0.0154823 -0.0111976
 -0.00370529 0.0154966 -0.0112079
 -0.00690014 0.0288584 -0.0208718
weights matrix:
 -0.508208 -0.0306019 -0.104778
 0.77138 -0.0899305 -0.158755
 -1.0034 0.185046 0.681821
 -0.711732 -0.0594387 0.244573
 0.220678 -0.181719 -0.591049
regression_error on 'test' 0.146525
classification_error on 'test' 0.131579
Save,288,0.146525,0.131579
sample_count 75 Sample index 65
 i 0:0.928809 i 1:0.410364 i 2:0.944758 i 3:0.792495 bias 1
 test_print 4.07643
net matrix:
 -1.44682 -0.119328 0.0844633
outputs matrix:
 0.0524687 0.440618 0.542132
error matrix:
 -0.0524687 -0.440618 0.457868
delta matrix:
 -0.00521703 -0.217201 0.227309
weights_delta matrix:
 -0.000484563 -0.0201739 0.0211126
 -0.000214088 -0.00891316 0.00932793
 -0.000492883 -0.0205203 0.0214752
 -0.000413447 -0.0172131 0.0180141
 -0.000521703 -0.0217201 0.0227309
weights matrix:
 -0.508693 -0.0507758 -0.0836658
 0.771166 -0.0988436 -0.149427
 -1.0039 0.164526 0.703296
 -0.712146 -0.0766518 0.262587
 0.220157 -0.203439 -0.568318
regression_error on 'test' 0.142121
classification_error on 'test' 0.236842
Save,289,0.142121,0.236842
sample_count 75 Sample index 16
 i 0:0.60547 i 1:0.304495 i 2:0.687702 i 3:0.755994 bias 1
 test_print 3.35366
net matrix:
 -1.08179 -0.209084 0.0176976
outputs matrix:
 0.10307 0.396955 0.508848
error matrix:
 -0.10307 -0.396955 0.491152
delta matrix:
 -0.0190569 -0.190048 0.245499
weights_delta matrix:
 -0.00115384 -0.0115068 0.0148642
 -0.000580273 -0.00578686 0.00747533
 -0.00131055 -0.0130696 0.016883
 -0.00144069 -0.0143675 0.0185596
 -0.00190569 -0.0190048 0.0245499
weights matrix:
 -0.509846 -0.0622826 -0.0688015
 0.770585 -0.10463 -0.141952
 -1.00521 0.151456 0.720179
 -0.713586 -0.0910193 0.281147
 0.218251 -0.222444 -0.543768
regression_error on 'test' 0.139587
classification_error on 'test' 0.263158
Save,290,0.139587,0.263158
sample_count 75 Sample index 7
 i 0:0.651661 i 1:0.410364 i 2:0.627218 i 3:0.60999 bias 1
 test_print 3.29923
net matrix:
 -0.863541 -0.266493 -0.0236492
outputs matrix:
 0.150961 0.369821 0.488178
error matrix:
 -0.150961 0.630179 -0.488178
delta matrix:
 -0.038698 0.293731 -0.243952
weights_delta matrix:
 -0.0025218 0.0191413 -0.0158974
 -0.00158803 0.0120537 -0.0100109
 -0.00242721 0.0184233 -0.0153011
 -0.00236054 0.0179173 -0.0148808
 -0.0038698 0.0293731 -0.0243952
weights matrix:
 -0.512368 -0.0431413 -0.084699
 0.768997 -0.0925768 -0.151963
 -1.00764 0.169879 0.704878
 -0.715947 -0.073102 0.266266
 0.214381 -0.193071 -0.568163
regression_error on 'test' 0.143019
classification_error on 'test' 0.236842
Save,291,0.143019,0.236842
sample_count 75 Sample index 47
 i 0:0.282131 i 1:0.516233 i 2:0.158468 i 3:0.0989754 bias 1
 test_print 2.05581
net matrix:
 0.236269 -0.233348 -0.532453
outputs matrix:
 0.615984 0.385398 0.256373
error matrix:
 0.384016 -0.385398 -0.256373
delta matrix:
 0.181676 -0.182576 -0.0977529
weights_delta matrix:
 0.00512564 -0.00515103 -0.00275791
 0.00937871 -0.00942517 -0.00504633
 0.00287898 -0.00289324 -0.00154907
 0.00179815 -0.00180705 -0.000967513
 0.0181676 -0.0182576 -0.00977529
weights matrix:
 -0.507243 -0.0482923 -0.0874569
 0.778376 -0.102002 -0.157009
 -1.00476 0.166986 0.703329
 -0.714149 -0.0749091 0.265298
 0.232549 -0.211328 -0.577938
regression_error on 'test' 0.141636
classification_error on 'test' 0.236842
Save,292,0.141636,0.236842
sample_count 75 Sample index 7
 i 0:0.651661 i 1:0.410364 i 2:0.627218 i 3:0.60999 bias 1
 test_print 3.29923
net matrix:
 -0.844409 -0.225614 -0.0963917
outputs matrix:
 0.155931 0.389069 0.451953
error matrix:
 -0.155931 0.610931 -0.451953
delta matrix:
 -0.0410464 0.29043 -0.22389
weights_delta matrix:
 -0.00267483 0.0189262 -0.01459
 -0.0016844 0.0119182 -0.00918763
 -0.0025745 0.0182163 -0.0140428
 -0.00250379 0.0177159 -0.0136571
 -0.00410464 0.029043 -0.022389
weights matrix:
 -0.509917 -0.0293662 -0.102047
 0.776692 -0.0900838 -0.166197
 -1.00733 0.185202 0.689286
 -0.716653 -0.0571931 0.251641
 0.228444 -0.182286 -0.600327
regression_error on 'test' 0.145996
classification_error on 'test' 0.105263
Save,293,0.145996,0.105263
sample_count 75 Sample index 64
 i 0:0.282131 i 1:0.516233 i 2:0.158468 i 3:0.0989754 bias 1
 test_print 2.05581
net matrix:
 0.254974 -0.213387 -0.580778
outputs matrix:
 0.624794 0.394897 0.238385
error matrix:
 0.375206 -0.394897 -0.238385
delta matrix:
 0.175916 -0.188724 -0.086561
weights_delta matrix:
 0.00496314 -0.00532449 -0.00244215
 0.00908138 -0.00974255 -0.00446856
 0.00278771 -0.00299067 -0.00137171
 0.00174114 -0.0018679 -0.000856741
 0.0175916 -0.0188724 -0.0086561
weights matrix:
 -0.504954 -0.0346907 -0.104489
 0.785773 -0.0998264 -0.170665
 -1.00454 0.182212 0.687914
 -0.714911 -0.059061 0.250785
 0.246036 -0.201158 -0.608983
regression_error on 'test' 0.144593
classification_error on 'test' 0.131579
Save,294,0.144593,0.131579
sample_count 75 Sample index 66
 i 0:0.60547 i 1:0.304495 i 2:0.672581 i 3:0.60999 bias 1
 test_print 3.19254
net matrix:
 -0.93216 -0.166033 -0.108561
outputs matrix:
 0.1342 0.417738 0.445932
error matrix:
 -0.1342 0.582262 -0.445932
delta matrix:
 -0.0311856 0.283251 -0.220359
weights_delta matrix:
 -0.0018882 0.01715 -0.0133421
 -0.000949586 0.00862484 -0.00670981
 -0.00209748 0.0190509 -0.0148209
 -0.00190229 0.017278 -0.0134417
 -0.00311856 0.0283251 -0.0220359
weights matrix:
 -0.506842 -0.0175407 -0.117831
 0.784823 -0.0912015 -0.177375
 -1.00664 0.201262 0.673093
 -0.716814 -0.041783 0.237343
 0.242917 -0.172833 -0.631019
regression_error on 'test' 0.149637
classification_error on 'test' 0.0789474
Save,295,0.149637,0.0789474
sample_count 75 Sample index 57
 i 0:0.374514 i 1:0.727972 i 2:0.158468 i 3:0.135476 bias 1
 test_print 2.39643
net matrix:
 0.367796 -0.219561 -0.665455
outputs matrix:
 0.676031 0.39195 0.209009
error matrix:
 0.323969 -0.39195 -0.209009
delta matrix:
 0.141907 -0.186823 -0.0691085
weights_delta matrix:
 0.00531461 -0.00699679 -0.00258821
 0.0103304 -0.0136002 -0.0050309
 0.00224877 -0.00296055 -0.00109515
 0.0019225 -0.00253101 -0.000936254
 0.0141907 -0.0186823 -0.00691085
weights matrix:
 -0.501528 -0.0245375 -0.120419
 0.795154 -0.104802 -0.182406
 -1.00439 0.198302 0.671998
 -0.714891 -0.044314 0.236407
 0.257108 -0.191515 -0.63793
regression_error on 'test' 0.148067
classification_error on 'test' 0.0526316
Save,296,0.148067,0.0526316
sample_count 75 Sample index 52
 i 0:0.443801 i 1:0.410364 i 2:0.672581 i 3:0.792495 bias 1
 test_print 3.31924
net matrix:
 -0.881251 -0.147156 -0.126901
outputs matrix:
 0.146477 0.426948 0.436888
error matrix:
 -0.146477 -0.426948 0.563112
delta matrix:
 -0.0366257 -0.208917 0.27707
weights_delta matrix:
 -0.00162545 -0.00927177 0.0122964
 -0.00150299 -0.00857322 0.01137
 -0.00246338 -0.0140514 0.0186352
 -0.00290257 -0.0165566 0.0219577
 -0.00366257 -0.0208917 0.027707
weights matrix:
 -0.503153 -0.0338092 -0.108123
 0.793651 -0.113375 -0.171036
 -1.00686 0.184251 0.690633
 -0.717794 -0.0608706 0.258364
 0.253445 -0.212407 -0.610223
regression_error on 'test' 0.143323
classification_error on 'test' 0.157895
Save,297,0.143323,0.157895
sample_count 75 Sample index 32
 i 0:0.697853 i 1:0.516233 i 2:0.642339 i 3:0.60999 bias 1
 test_print 3.46642
net matrix:
 -0.772562 -0.213308 -0.172751
outputs matrix:
 0.175792 0.394935 0.414474
error matrix:
 -0.175792 0.605065 -0.414474
delta matrix:
 -0.0509405 0.289174 -0.201173
weights_delta matrix:
 -0.0035549 0.0201801 -0.0140389
 -0.00262972 0.0149281 -0.0103852
 -0.00327211 0.0185748 -0.0129221
 -0.00310732 0.0176393 -0.0122714
 -0.00509405 0.0289174 -0.0201173
weights matrix:
 -0.506708 -0.0136291 -0.122162
 0.791021 -0.0984468 -0.181421
 -1.01013 0.202825 0.677711
 -0.720901 -0.0432313 0.246093
 0.248351 -0.183489 -0.63034
regression_error on 'test' 0.148381
classification_error on 'test' 0.0526316
Save,298,0.148381,0.0526316
sample_count 75 Sample index 23
 i 0:0.975 i 1:0.763262 i 2:0.899395 i 3:0.792495 bias 1
 test_print 4.43015
net matrix:
 -1.12175 -0.123759 -0.0833626
outputs matrix:
 0.0959122 0.438434 0.458415
error matrix:
 -0.0959122 -0.438434 0.541585
delta matrix:
 -0.0166337 -0.215894 0.268919
weights_delta matrix:
 -0.00162178 -0.0210496 0.0262196
 -0.00126959 -0.0164783 0.0205256
 -0.00149603 -0.0194174 0.0241865
 -0.00131821 -0.0171095 0.0213117
 -0.00166337 -0.0215894 0.0268919
weights matrix:
 -0.50833 -0.0346788 -0.0959422
 0.789752 -0.114925 -0.160896
 -1.01162 0.183408 0.701898
 -0.722219 -0.0603408 0.267405
 0.246688 -0.205079 -0.603449
regression_error on 'test' 0.142497
classification_error on 'test' 0.184211
Save,299,0.142497,0.184211
sample_count 75 Sample index 14
 i 0:0.697853 i 1:0.516233 i 2:0.778427 i 3:0.938499 bias 1
 test_print 3.93101
net matrix:
 -1.16563 -0.202468 0.0438734
outputs matrix:
 0.0885665 0.400127 0.521923
error matrix:
 -0.0885665 -0.400127 0.478077
delta matrix:
 -0.0142986 -0.192081 0.238579
weights_delta matrix:
 -0.000997832 -0.0134045 0.0166493
 -0.000738141 -0.00991587 0.0123162
 -0.00111304 -0.0149521 0.0185716
 -0.00134192 -0.0180268 0.0223906
 -0.00142986 -0.0192081 0.0238579
weights matrix:
 -0.509328 -0.0480832 -0.0792929
 0.789013 -0.124841 -0.148579
 -1.01274 0.168456 0.720469
 -0.723561 -0.0783676 0.289795
 0.245258 -0.224287 -0.579591
regression_error on 'test' 0.138955
classification_error on 'test' 0.263158
Save,300,0.138955,0.263158
sample_count 75 Sample index 17
 i 0:0.443801 i 1:0.304495 i 2:0.521371 i 3:0.463986 bias 1
 test_print 2.73365
net matrix:
 -0.604265 -0.232173 -0.14993
outputs matrix:
 0.229961 0.385955 0.425592
error matrix:
 -0.229961 0.614045 -0.425592
delta matrix:
 -0.0814426 0.29105 -0.208083
weights_delta matrix:
 -0.00361443 0.0129168 -0.00923476
 -0.00247989 0.00886231 -0.00633603
 -0.00424618 0.0151745 -0.0108489
 -0.00377882 0.0135043 -0.00965477
 -0.00814426 0.029105 -0.0208083
weights matrix:
 -0.512942 -0.0351664 -0.0885276
 0.786534 -0.115979 -0.154915
 -1.01698 0.18363 0.709621
 -0.72734 -0.0648633 0.28014
 0.237114 -0.195182 -0.600399
regression_error on 'test' 0.142049
classification_error on 'test' 0.184211
Save,301,0.142049,0.184211
sample_count 75 Sample index 11
 i 0:0.536183 i 1:0.198626 i 2:0.536492 i 3:0.427485 bias 1
 test_print 2.69879
net matrix:
 -0.738221 -0.166286 -0.178175
outputs matrix:
 0.185965 0.417615 0.411844
error matrix:
 -0.185965 0.582385 -0.411844
delta matrix:
 -0.0563038 0.283287 -0.19952
weights_delta matrix:
 -0.00301891 0.0151894 -0.0106979
 -0.00111834 0.00562681 -0.003963
 -0.00302065 0.0151981 -0.0107041
 -0.0024069 0.0121101 -0.0085292
 -0.00563038 0.0283287 -0.019952
weights matrix:
 -0.515961 -0.019977 -0.0992256
 0.785415 -0.110352 -0.158878
 -1.02 0.198828 0.698916
 -0.729747 -0.0527532 0.271611
 0.231483 -0.166853 -0.620351
regression_error on 'test' 0.145807
classification_error on 'test' 0.0263158
Save,302,0.145807,0.0263158
sample_count 75 Sample index 34
 i 0:0.767139 i 1:0.551523 i 2:0.642339 i 3:0.573489 bias 1
 test_print 3.53449
net matrix:
 -0.804845 -0.145578 -0.179389
outputs matrix:
 0.166632 0.427721 0.411256
error matrix:
 -0.166632 0.572279 -0.411256
delta matrix:
 -0.0462787 0.28016 -0.19915
weights_delta matrix:
 -0.00355022 0.0214922 -0.0152776
 -0.00255238 0.0154515 -0.0109836
 -0.00297266 0.0179958 -0.0127922
 -0.00265403 0.0160669 -0.011421
 -0.00462787 0.028016 -0.019915
weights matrix:
 -0.519511 0.00151513 -0.114503
 0.782863 -0.0949004 -0.169862
 -1.02298 0.216824 0.686124
 -0.732401 -0.0366863 0.26019
 0.226856 -0.138837 -0.640266
regression_error on 'test' 0.151524
classification_error on 'test' 0.263158
Save,303,0.151524,0.263158
sample_count 75 Sample index 38
 i 0:0.397609 i 1:0.798551 i 2:0.128226 i 3:0.208478 bias 1
 test_print 2.53286
net matrix:
 0.361588 -0.193863 -0.679214
outputs matrix:
 0.673306 0.404265 0.204496
error matrix:
 0.326694 -0.404265 -0.204496
delta matrix:
 0.143723 -0.194722 -0.0665337
weights_delta matrix:
 0.00571454 -0.00774232 -0.00264544
 0.011477 -0.0155495 -0.00531305
 0.0018429 -0.00249684 -0.000853135
 0.0029963 -0.00405952 -0.00138708
 0.0143723 -0.0194722 -0.00665337
weights matrix:
 -0.513797 -0.00622719 -0.117149
 0.79434 -0.11045 -0.175175
 -1.02113 0.214327 0.685271
 -0.729405 -0.0407458 0.258803
 0.241228 -0.158309 -0.646919
regression_error on 'test' 0.149344
classification_error on 'test' 0.105263
Save,304,0.149344,0.105263
sample_count 75 Sample index 74
 i 0:0.443801 i 1:0.480944 i 2:0.551613 i 3:0.536988 bias 1
 test_print 3.01335
net matrix:
 -0.559714 -0.117848 -0.266181
outputs matrix:
 0.246117 0.441347 0.369966
error matrix:
 -0.246117 0.558653 -0.369966
delta matrix:
 -0.0913309 0.275483 -0.172472
weights_delta matrix:
 -0.00405328 0.0122259 -0.00765431
 -0.00439251 0.0132492 -0.00829493
 -0.00503793 0.015196 -0.00951377
 -0.00490436 0.0147931 -0.00926153
 -0.00913309 0.0275483 -0.0172472
weights matrix:
 -0.51785 0.00599876 -0.124803
 0.789947 -0.0972008 -0.18347
 -1.02617 0.229523 0.675757
 -0.734309 -0.0259528 0.249542
 0.232095 -0.130761 -0.664167
regression_error on 'test' 0.154717
classification_error on 'test' 0.421053
Save,305,0.154717,0.421053
sample_count 75 Sample index 61
 i 0:0.697853 i 1:0.480944 i 2:0.687702 i 3:0.682992 bias 1
 test_print 3.54949
net matrix:
 -0.956595 -0.033205 -0.204345
outputs matrix:
 0.128623 0.483404 0.399226
error matrix:
 -0.128623 0.516596 -0.399226
delta matrix:
 -0.0288319 0.258014 -0.191505
weights_delta matrix:
 -0.00201204 0.0180056 -0.0133642
 -0.00138665 0.012409 -0.0092103
 -0.00198277 0.0177436 -0.0131698
 -0.00196919 0.0176221 -0.0130796
 -0.00288319 0.0258014 -0.0191505
weights matrix:
 -0.519862 0.0240043 -0.138167
 0.788561 -0.0847918 -0.19268
 -1.02815 0.247267 0.662588
 -0.736278 -0.00833063 0.236462
 0.229212 -0.10496 -0.683317
regression_error on 'test' 0.161669
classification_error on 'test' 0.421053
Save,306,0.161669,0.421053
sample_count 75 Sample index 36
 i 0:0.744044 i 1:0.516233 i 2:0.702823 i 3:0.901998 bias 1
 test_print 3.8651
net matrix:
 -1.13724 0.0353988 -0.206617
outputs matrix:
 0.0932588 0.517692 0.398137
error matrix:
 -0.0932588 -0.517692 0.601863
delta matrix:
 -0.0157722 -0.258522 0.288442
weights_delta matrix:
 -0.00117352 -0.0192352 0.0214613
 -0.000814215 -0.0133458 0.0148903
 -0.00110851 -0.0181695 0.0202723
 -0.00142265 -0.0233186 0.0260174
 -0.00157722 -0.0258522 0.0288442
weights matrix:
 -0.521036 0.00476915 -0.116706
 0.787746 -0.0981375 -0.17779
 -1.02926 0.229097 0.68286
 -0.737701 -0.0316493 0.262479
 0.227634 -0.130812 -0.654473
regression_error on 'test' 0.153048
classification_error on 'test' 0.394737
Save,307,0.153048,0.394737
sample_count 75 Sample index 49
 i 0:0.397609 i 1:0.480944 i 2:0.612097 i 3:0.60999 bias 1
 test_print 3.10064
net matrix:
 -0.680671 -0.0551903 -0.208297
outputs matrix:
 0.204022 0.472433 0.397332
error matrix:
 -0.204022 0.527567 -0.397332
delta matrix:
 -0.0662654 0.262982 -0.19029
weights_delta matrix:
 -0.00263477 0.0104564 -0.00756609
 -0.00318699 0.0126479 -0.00915187
 -0.00405608 0.016097 -0.0116476
 -0.00404212 0.0160416 -0.0116075
 -0.00662654 0.0262982 -0.019029
weights matrix:
 -0.52367 0.0152255 -0.124272
 0.784559 -0.0854896 -0.186942
 -1.03332 0.245195 0.671212
 -0.741743 -0.0156076 0.250872
 0.221008 -0.104514 -0.673502
regression_error on 'test' 0.159129
classification_error on 'test' 0.421053
Save,308,0.159129,0.421053
sample_count 75 Sample index 69
 i 0:0.628566 i 1:0.445654 i 2:0.581855 i 3:0.536988 bias 1
 test_print 3.19306
net matrix:
 -0.75806 0.00124414 -0.309663
outputs matrix:
 0.180034 0.500622 0.349935
error matrix:
 -0.180034 0.499378 -0.349935
delta matrix:
 -0.0531537 0.249689 -0.159207
weights_delta matrix:
 -0.00334106 0.0156946 -0.0100072
 -0.00236881 0.0111275 -0.00709511
 -0.00309277 0.0145283 -0.00926352
 -0.00285429 0.013408 -0.00854921
 -0.00531537 0.0249689 -0.0159207
weights matrix:
 -0.527011 0.0309201 -0.134279
 0.782191 -0.0743621 -0.194037
 -1.03641 0.259723 0.661949
 -0.744597 -0.00219966 0.242323
 0.215692 -0.079545 -0.689423
regression_error on 'test' 0.165491
classification_error on 'test' 0.421053
Save,309,0.165491,0.421053
sample_count 75 Sample index 55
 i 0:0.628566 i 1:0.551523 i 2:0.612097 i 3:0.60999 bias 1
 test_print 3.40218
net matrix:
 -0.772754 0.0565117 -0.32785
outputs matrix:
 0.175736 0.528226 0.341706
error matrix:
 -0.175736 0.471774 -0.341706
delta matrix:
 -0.0509117 0.235135 -0.153729
weights_delta matrix:
 -0.00320014 0.0147798 -0.00966287
 -0.0028079 0.0129683 -0.0084785
 -0.00311629 0.0143926 -0.00940969
 -0.00310557 0.014343 -0.0093773
 -0.00509117 0.0235135 -0.0153729
weights matrix:
 -0.530212 0.0456999 -0.143942
 0.779383 -0.0613939 -0.202515
 -1.03953 0.274115 0.652539
 -0.747703 0.0121434 0.232945
 0.210601 -0.0560315 -0.704795
regression_error on 'test' 0.172469
classification_error on 'test' 0.421053
Save,310,0.172469,0.421053
sample_count 75 Sample index 51
 i 0:0.628566 i 1:0.516233 i 2:0.763306 i 3:0.719493 bias 1
 test_print 3.6276
net matrix:
 -1.05177 0.158971 -0.234128
outputs matrix:
 0.108753 0.578823 0.385029
error matrix:
 -0.108753 -0.578823 0.614971
delta matrix:
 -0.0210818 -0.282219 0.291228
weights_delta matrix:
 -0.00132513 -0.0177393 0.0183056
 -0.00108831 -0.0145691 0.0150341
 -0.00160919 -0.0215419 0.0222296
 -0.00151682 -0.0203055 0.0209536
 -0.00210818 -0.0282219 0.0291228
weights matrix:
 -0.531537 0.0279606 -0.125636
 0.778294 -0.0759629 -0.187481
 -1.04114 0.252573 0.674769
 -0.74922 -0.00816209 0.253899
 0.208493 -0.0842534 -0.675673
regression_error on 'test' 0.16252
classification_error on 'test' 0.421053
Save,311,0.16252,0.421053
sample_count 75 Sample index 38
 i 0:0.397609 i 1:0.798551 i 2:0.128226 i 3:0.208478 bias 1
 test_print 2.53286
net matrix:
 0.328961 -0.103111 -0.735885
outputs matrix:
 0.658793 0.448626 0.186674
error matrix:
 0.341207 -0.448626 -0.186674
delta matrix:
 0.153396 -0.221945 -0.0566841
weights_delta matrix:
 0.00609917 -0.00882473 -0.00225381
 0.0122495 -0.0177234 -0.00452652
 0.00196694 -0.00284591 -0.000726838
 0.00319797 -0.00462707 -0.00118174
 0.0153396 -0.0221945 -0.00566841
weights matrix:
 -0.525438 0.0191359 -0.12789
 0.790544 -0.0936864 -0.192008
 -1.03917 0.249727 0.674042
 -0.746022 -0.0127892 0.252717
 0.223833 -0.106448 -0.681341
regression_error on 'test' 0.159171
classification_error on 'test' 0.421053
Save,312,0.159171,0.421053
sample_count 75 Sample index 65
 i 0:0.928809 i 1:0.410364 i 2:0.944758 i 3:0.792495 bias 1
 test_print 4.07643
net matrix:
 -1.51277 0.0986769 -0.0418361
outputs matrix:
 0.0462853 0.549179 0.479094
error matrix:
 -0.0462853 -0.549179 0.520906
delta matrix:
 -0.00408634 -0.271933 0.259998
weights_delta matrix:
 -0.000379543 -0.0252574 0.0241488
 -0.000167689 -0.0111592 0.0106694
 -0.000386061 -0.0256911 0.0245635
 -0.000323841 -0.0215506 0.0206047
 -0.000408634 -0.0271933 0.0259998
weights matrix:
 -0.525817 -0.00612152 -0.103741
 0.790376 -0.104846 -0.181338
 -1.03956 0.224036 0.698605
 -0.746346 -0.0343397 0.273322
 0.223424 -0.133641 -0.655341
regression_error on 'test' 0.150594
classification_error on 'test' 0.210526
Save,313,0.150594,0.210526
sample_count 75 Sample index 34
 i 0:0.767139 i 1:0.551523 i 2:0.642339 i 3:0.573489 bias 1
 test_print 3.53449
net matrix:
 -0.839808 -0.0719481 -0.229449
outputs matrix:
 0.157146 0.464088 0.387247
error matrix:
 -0.157146 0.535912 -0.387247
delta matrix:
 -0.0416285 0.266574 -0.183777
weights_delta matrix:
 -0.00319348 0.0204499 -0.0140983
 -0.00229591 0.0147022 -0.0101357
 -0.00267396 0.0171231 -0.0118047
 -0.00238735 0.0152877 -0.0105394
 -0.00416285 0.0266574 -0.0183777
weights matrix:
 -0.529011 0.0143284 -0.11784
 0.78808 -0.0901434 -0.191474
 -1.04223 0.241159 0.686801
 -0.748733 -0.019052 0.262783
 0.219261 -0.106984 -0.673719
regression_error on 'test' 0.157044
classification_error on 'test' 0.421053
Save,314,0.157044,0.421053
sample_count 75 Sample index 30
 i 0:0.559279 i 1:0.410364 i 2:0.642339 i 3:0.500487 bias 1
 test_print 3.11247
net matrix:
 -0.797399 0.00940903 -0.24552
outputs matrix:
 0.16871 0.504704 0.379648
error matrix:
 -0.16871 0.495296 -0.379648
delta matrix:
 -0.047322 0.247626 -0.178826
weights_delta matrix:
 -0.00264662 0.0138492 -0.0100014
 -0.00194193 0.0101617 -0.00733838
 -0.00303968 0.015906 -0.0114867
 -0.00236841 0.0123934 -0.00895002
 -0.0047322 0.0247626 -0.0178826
weights matrix:
 -0.531657 0.0281776 -0.127841
 0.786138 -0.0799817 -0.198813
 -1.04527 0.257065 0.675314
 -0.751101 -0.00665864 0.253833
 0.214529 -0.0822212 -0.691602
regression_error on 'test' 0.163287
classification_error on 'test' 0.421053
Save,315,0.163287,0.421053
sample_count 75 Sample index 50
 i 0:0.489992 i 1:0.833841 i 2:0.113105 i 3:0.135476 bias 1
 test_print 2.57241
net matrix:
 0.389554 -0.106933 -0.809251
outputs matrix:
 0.685488 0.446736 0.165412
error matrix:
 0.314512 -0.446736 -0.165412
delta matrix:
 0.135614 -0.220833 -0.0456703
weights_delta matrix:
 0.00664498 -0.0108207 -0.00223781
 0.011308 -0.018414 -0.00380818
 0.00153386 -0.00249774 -0.000516554
 0.00183724 -0.00299176 -0.000618723
 0.0135614 -0.0220833 -0.00456703
weights matrix:
 -0.525012 0.0173569 -0.130079
 0.797446 -0.0983957 -0.202621
 -1.04374 0.254568 0.674797
 -0.749264 -0.0096504 0.253214
 0.22809 -0.104305 -0.696169
regression_error on 'test' 0.159899
classification_error on 'test' 0.421053
Save,316,0.159899,0.421053
sample_count 75 Sample index 25
 i 0:0.628566 i 1:0.410364 i 2:0.778427 i 3:0.865497 bias 1
 test_print 3.68285
net matrix:
 -1.23563 0.0560374 -0.116644
outputs matrix:
 0.0778979 0.527989 0.441941
error matrix:
 -0.0778979 -0.527989 0.558059
delta matrix:
 -0.0111908 -0.263167 0.275267
weights_delta matrix:
 -0.000703414 -0.0165418 0.0173024
 -0.000459229 -0.0107994 0.011296
 -0.00087112 -0.0204857 0.0214275
 -0.000968558 -0.0227771 0.0238243
 -0.00111908 -0.0263167 0.0275267
weights matrix:
 -0.525716 0.000815124 -0.112776
 0.796987 -0.109195 -0.191325
 -1.04461 0.234082 0.696225
 -0.750233 -0.0324275 0.277038
 0.226971 -0.130621 -0.668642
regression_error on 'test' 0.151737
classification_error on 'test' 0.394737
Save,317,0.151737,0.394737
sample_count 75 Sample index 57
 i 0:0.374514 i 1:0.727972 i 2:0.158468 i 3:0.135476 bias 1
 test_print 2.39643
net matrix:
 0.343093 -0.177106 -0.702296
outputs matrix:
 0.665118 0.412362 0.197088
error matrix:
 0.334882 -0.412362 -0.197088
delta matrix:
 0.149181 -0.199847 -0.0623764
weights_delta matrix:
 0.00558703 -0.00748453 -0.00233608
 0.0108599 -0.0145483 -0.00454082
 0.00236404 -0.00316693 -0.000988466
 0.00202104 -0.00270744 -0.00084505
 0.0149181 -0.0199847 -0.00623764
weights matrix:
 -0.520129 -0.00666941 -0.115113
 0.807847 -0.123743 -0.195866
 -1.04224 0.230915 0.695236
 -0.748212 -0.0351349 0.276193
 0.241889 -0.150606 -0.67488
regression_error on 'test' 0.149491
classification_error on 'test' 0.315789
Save,318,0.149491,0.315789
sample_count 75 Sample index 4
 i 0:0.212844 i 1:0.516233 i 2:0.158468 i 3:0.135476 bias 1
 test_print 2.02302
net matrix:
 0.281694 -0.184073 -0.652903
outputs matrix:
 0.637236 0.408989 0.21319
error matrix:
 0.362764 -0.408989 -0.21319
delta matrix:
 0.167718 -0.197719 -0.0715208
weights_delta matrix:
 0.00356977 -0.00420833 -0.00152228
 0.00865814 -0.0102069 -0.00369214
 0.00265779 -0.00313322 -0.00113338
 0.00227217 -0.00267862 -0.000968935
 0.0167718 -0.0197719 -0.00715208
weights matrix:
 -0.516559 -0.0108777 -0.116635
 0.816505 -0.13395 -0.199558
 -1.03958 0.227782 0.694103
 -0.745939 -0.0378135 0.275224
 0.258661 -0.170378 -0.682032
regression_error on 'test' 0.14781
classification_error on 'test' 0.157895
Save,319,0.14781,0.157895
sample_count 75 Sample index 16
 i 0:0.60547 i 1:0.304495 i 2:0.687702 i 3:0.755994 bias 1
 test_print 3.35366
net matrix:
 -1.08433 -0.0896919 -0.128011
outputs matrix:
 0.102601 0.455274 0.436342
error matrix:
 -0.102601 -0.455274 0.563658
delta matrix:
 -0.0188937 -0.225815 0.277261
weights_delta matrix:
 -0.00114396 -0.0136724 0.0167873
 -0.000575303 -0.00687597 0.00844245
 -0.00129932 -0.0155294 0.0190673
 -0.00142835 -0.0170715 0.0209607
 -0.00188937 -0.0225815 0.0277261
weights matrix:
 -0.517703 -0.0245502 -0.0998475
 0.81593 -0.140826 -0.191115
 -1.04088 0.212253 0.71317
 -0.747368 -0.054885 0.296185
 0.256772 -0.192959 -0.654306
regression_error on 'test' 0.142396
classification_error on 'test' 0.0789474
Save,320,0.142396,0.0789474
sample_count 75 Sample index 50
 i 0:0.489992 i 1:0.833841 i 2:0.113105 i 3:0.135476 bias 1
 test_print 2.57241
net matrix:
 0.464478 -0.305844 -0.741801
outputs matrix:
 0.716863 0.351674 0.184884
error matrix:
 0.283137 -0.351674 -0.184884
delta matrix:
 0.114937 -0.160363 -0.0557248
weights_delta matrix:
 0.0056318 -0.00785766 -0.00273047
 0.00958389 -0.0133717 -0.00464656
 0.00129999 -0.00181379 -0.000630275
 0.00155712 -0.00217253 -0.000754937
 0.0114937 -0.0160363 -0.00557248
weights matrix:
 -0.512071 -0.0324078 -0.102578
 0.825514 -0.154198 -0.195762
 -1.03958 0.210439 0.71254
 -0.745811 -0.0570576 0.29543
 0.268265 -0.208996 -0.659878
regression_error on 'test' 0.14115
classification_error on 'test' 0.131579
Save,321,0.14115,0.131579
sample_count 75 Sample index 63
 i 0:0.420705 i 1:0.904421 i 2:0.143347 i 3:0.135476 bias 1
 test_print 2.60395
net matrix:
 0.549386 -0.339654 -0.73792
outputs matrix:
 0.75003 0.336416 0.186057
error matrix:
 0.24997 -0.336416 -0.186057
delta matrix:
 0.0937313 -0.150203 -0.0563526
weights_delta matrix:
 0.00394332 -0.00631912 -0.00237078
 0.00847725 -0.0135847 -0.00509665
 0.00134361 -0.00215312 -0.000807798
 0.00126983 -0.00203489 -0.000763443
 0.00937313 -0.0150203 -0.00563526
weights matrix:
 -0.508128 -0.038727 -0.104949
 0.833991 -0.167783 -0.200858
 -1.03824 0.208286 0.711732
 -0.744541 -0.0590925 0.294666
 0.277639 -0.224016 -0.665513
regression_error on 'test' 0.140202
classification_error on 'test' 0.131579
Save,322,0.140202,0.131579
sample_count 75 Sample index 40
 i 0:0.328323 i 1:0.763262 i 2:0.158468 i 3:0.171977 bias 1
 test_print 2.42203
net matrix:
 0.454791 -0.341949 -0.689815
outputs matrix:
 0.712914 0.335392 0.201068
error matrix:
 0.287086 -0.335392 -0.201068
delta matrix:
 0.117514 -0.14952 -0.0645992
weights_delta matrix:
 0.00385826 -0.0049091 -0.00212094
 0.00896941 -0.0114123 -0.00493061
 0.00186222 -0.00236942 -0.00102369
 0.00202097 -0.00257141 -0.00111096
 0.0117514 -0.014952 -0.00645992
weights matrix:
 -0.504269 -0.0436361 -0.10707
 0.842961 -0.179195 -0.205789
 -1.03638 0.205916 0.710709
 -0.74252 -0.0616639 0.293556
 0.28939 -0.238968 -0.671973
regression_error on 'test' 0.139519
classification_error on 'test' 0.157895
Save,323,0.139519,0.157895
sample_count 75 Sample index 34
 i 0:0.767139 i 1:0.551523 i 2:0.642339 i 3:0.573489 bias 1
 test_print 3.53449
net matrix:
 -0.724076 -0.274369 -0.242741
outputs matrix:
 0.190286 0.366157 0.380958
error matrix:
 -0.190286 0.633843 -0.380958
delta matrix:
 -0.0586376 0.294212 -0.179682
weights_delta matrix:
 -0.00449832 0.0225702 -0.0137841
 -0.003234 0.0162265 -0.00990988
 -0.00376652 0.0188984 -0.0115417
 -0.0033628 0.0168727 -0.0103046
 -0.00586376 0.0294212 -0.0179682
weights matrix:
 -0.508768 -0.0210659 -0.120854
 0.839727 -0.162969 -0.215699
 -1.04014 0.224815 0.699167
 -0.745883 -0.0447911 0.283251
 0.283526 -0.209547 -0.689941
regression_error on 'test' 0.144112
classification_error on 'test' 0.0526316
Save,324,0.144112,0.0526316
sample_count 75 Sample index 53
 i 0:0.489992 i 1:0.410364 i 2:0.702823 i 3:0.938499 bias 1
 test_print 3.54168
net matrix:
 -1.05222 -0.170777 -0.0804526
outputs matrix:
 0.108666 0.415432 0.45986
error matrix:
 -0.108666 -0.415432 0.54014
delta matrix:
 -0.0210503 -0.201774 0.268329
weights_delta matrix:
 -0.00103145 -0.00988676 0.0131479
 -0.000863828 -0.00828008 0.0110113
 -0.00147946 -0.0141811 0.0188588
 -0.00197557 -0.0189365 0.0251827
 -0.00210503 -0.0201774 0.0268329
weights matrix:
 -0.509799 -0.0309527 -0.107706
 0.838863 -0.171249 -0.204688
 -1.04162 0.210633 0.718026
 -0.747858 -0.0637276 0.308434
 0.281421 -0.229724 -0.663109
regression_error on 'test' 0.139207
classification_error on 'test' 0.157895
Save,325,0.139207,0.157895
sample_count 75 Sample index 8
 i 0:0.489992 i 1:0.375074 i 2:0.702823 i 3:0.755994 bias 1
 test_print 3.32388
net matrix:
 -0.951194 -0.209261 -0.0548376
outputs matrix:
 0.129838 0.39687 0.472609
error matrix:
 -0.129838 -0.39687 0.527391
delta matrix:
 -0.0293384 -0.189993 0.262904
weights_delta matrix:
 -0.00143756 -0.00930951 0.0128821
 -0.00110041 -0.00712615 0.00986086
 -0.00206197 -0.0133532 0.0184775
 -0.00221796 -0.0143634 0.0198754
 -0.00293384 -0.0189993 0.0262904
weights matrix:
 -0.511237 -0.0402622 -0.0948238
 0.837762 -0.178375 -0.194827
 -1.04369 0.19728 0.736503
 -0.750076 -0.078091 0.328309
 0.278487 -0.248724 -0.636818
regression_error on 'test' 0.135722
classification_error on 'test' 0.236842
Save,326,0.135722,0.236842
sample_count 75 Sample index 16
 i 0:0.60547 i 1:0.304495 i 2:0.687702 i 3:0.755994 bias 1
 test_print 3.35366
net matrix:
 -1.06075 -0.250782 0.00113953
outputs matrix:
 0.107024 0.377173 0.50057
error matrix:
 -0.107024 -0.377173 0.49943
delta matrix:
 -0.0204564 -0.177206 0.249715
weights_delta matrix:
 -0.00123858 -0.0107293 0.0151195
 -0.000622888 -0.00539584 0.00760369
 -0.00140679 -0.0121865 0.0171729
 -0.00154649 -0.0133967 0.0188783
 -0.00204564 -0.0177206 0.0249715
weights matrix:
 -0.512475 -0.0509915 -0.0797043
 0.837139 -0.183771 -0.187223
 -1.04509 0.185094 0.753676
 -0.751623 -0.0914877 0.347187
 0.276442 -0.266444 -0.611847
regression_error on 'test' 0.13326
classification_error on 'test' 0.263158
Save,327,0.13326,0.263158
sample_count 75 Sample index 7
 i 0:0.651661 i 1:0.410364 i 2:0.627218 i 3:0.60999 bias 1
 test_print 3.29923
net matrix:
 -0.82797 -0.314799 -0.0561164
outputs matrix:
 0.160308 0.347602 0.471971
error matrix:
 -0.160308 0.652398 -0.471971
delta matrix:
 -0.0431578 0.295895 -0.235244
weights_delta matrix:
 -0.00281243 0.0192823 -0.0153299
 -0.00177104 0.0121425 -0.00965357
 -0.00270693 0.0185591 -0.0147549
 -0.00263258 0.0180493 -0.0143497
 -0.00431578 0.0295895 -0.0235244
weights matrix:
 -0.515288 -0.0317092 -0.0950343
 0.835368 -0.171628 -0.196877
 -1.0478 0.203653 0.738921
 -0.754255 -0.0734384 0.332838
 0.272126 -0.236855 -0.635371
regression_error on 'test' 0.136324
classification_error on 'test' 0.236842
Save,328,0.136324,0.236842
sample_count 75 Sample index 40
 i 0:0.328323 i 1:0.763262 i 2:0.158468 i 3:0.171977 bias 1
 test_print 2.42203
net matrix:
 0.444793 -0.35862 -0.642506
outputs matrix:
 0.708805 0.328001 0.216698
error matrix:
 0.291195 -0.328001 -0.216698
delta matrix:
 0.120206 -0.144594 -0.0735649
weights_delta matrix:
 0.00394663 -0.00474734 -0.0024153
 0.00917485 -0.0110363 -0.00561493
 0.00190488 -0.00229135 -0.00116577
 0.00206726 -0.00248668 -0.00126515
 0.0120206 -0.0144594 -0.00735649
weights matrix:
 -0.511341 -0.0364565 -0.0974496
 0.844543 -0.182664 -0.202492
 -1.04589 0.201362 0.737755
 -0.752188 -0.075925 0.331573
 0.284147 -0.251314 -0.642727
regression_error on 'test' 0.135611
classification_error on 'test' 0.236842
Save,329,0.135611,0.236842
sample_count 75 Sample index 16
 i 0:0.60547 i 1:0.304495 i 2:0.687702 i 3:0.755994 bias 1
 test_print 3.35366
net matrix:
 -1.05621 -0.24793 -0.00536524
outputs matrix:
 0.107896 0.378514 0.497317
error matrix:
 -0.107896 -0.378514 0.502683
delta matrix:
 -0.0207708 -0.178084 0.251334
weights_delta matrix:
 -0.00125761 -0.0107825 0.0152175
 -0.00063246 -0.00542258 0.007653
 -0.00142841 -0.0122469 0.0172843
 -0.00157026 -0.0134631 0.0190007
 -0.00207708 -0.0178084 0.0251334
weights matrix:
 -0.512599 -0.047239 -0.0822321
 0.843911 -0.188087 -0.194839
 -1.04732 0.189115 0.75504
 -0.753758 -0.0893881 0.350573
 0.282069 -0.269122 -0.617594
regression_error on 'test' 0.133041
classification_error on 'test' 0.263158
Save,330,0.133041,0.263158
sample_count 75 Sample index 22
 i 0:0.305227 i 1:0.233915 i 2:0.430645 i 3:0.427485 bias 1
 test_print 2.39727
net matrix:
 -0.450231 -0.284308 -0.21325
outputs matrix:
 0.288956 0.361556 0.394962
error matrix:
 -0.288956 0.638444 -0.394962
delta matrix:
 -0.118738 0.294748 -0.188766
weights_delta matrix:
 -0.0036242 0.00899651 -0.00576165
 -0.00277745 0.0068946 -0.00441552
 -0.00511338 0.0126932 -0.00812911
 -0.00507586 0.0126 -0.00806946
 -0.0118738 0.0294748 -0.0188766
weights matrix:
 -0.516223 -0.0382425 -0.0879937
 0.841133 -0.181192 -0.199254
 -1.05244 0.201808 0.746911
 -0.758834 -0.0767881 0.342504
 0.270196 -0.239648 -0.636471
regression_error on 'test' 0.135118
classification_error on 'test' 0.236842
Save,331,0.135118,0.236842
sample_count 75 Sample index 35
 i 0:0.189749 i 1:0.233915 i 2:0.128226 i 3:0.171977 bias 1
 test_print 1.72387
net matrix:
 0.103545 -0.276617 -0.5451
outputs matrix:
 0.551588 0.365115 0.251581
error matrix:
 0.448412 -0.365115 -0.251581
delta matrix:
 0.221819 -0.169271 -0.0947392
weights_delta matrix:
 0.004209 -0.00321191 -0.00179767
 0.00518868 -0.00395951 -0.00221609
 0.0028443 -0.0021705 -0.0012148
 0.00381478 -0.00291108 -0.0016293
 0.0221819 -0.0169271 -0.00947392
weights matrix:
 -0.512014 -0.0414544 -0.0897914
 0.846322 -0.185152 -0.20147
 -1.04959 0.199637 0.745696
 -0.755019 -0.0796991 0.340874
 0.292378 -0.256575 -0.645945
regression_error on 'test' 0.134505
classification_error on 'test' 0.236842
Save,332,0.134505,0.236842
sample_count 75 Sample index 5
 i 0:0.536183 i 1:0.198626 i 2:0.687702 i 3:0.60999 bias 1
 test_print 3.0325
net matrix:
 -0.996415 -0.226903 -0.0133599
outputs matrix:
 0.119958 0.388456 0.49332
error matrix:
 -0.119958 -0.388456 0.50668
delta matrix:
 -0.0253274 -0.184562 0.253295
weights_delta matrix:
 -0.00135801 -0.00989589 0.0135812
 -0.000503068 -0.00366588 0.00503109
 -0.00174177 -0.0126924 0.0174191
 -0.00154494 -0.0112581 0.0154507
 -0.00253274 -0.0184562 0.0253295
weights matrix:
 -0.513372 -0.0513503 -0.0762101
 0.845819 -0.188818 -0.196439
 -1.05133 0.186945 0.763115
 -0.756564 -0.0909572 0.356325
 0.289845 -0.275031 -0.620615
regression_error on 'test' 0.132282
classification_error on 'test' 0.263158
Save,333,0.132282,0.263158
sample_count 75 Sample index 33
 i 0:0.559279 i 1:0.480944 i 2:0.672581 i 3:0.719493 bias 1
 test_print 3.4323
net matrix:
 -0.841932 -0.334268 0.011916
outputs matrix:
 0.156585 0.338825 0.505958
error matrix:
 -0.156585 -0.338825 0.494042
delta matrix:
 -0.0413589 -0.151809 0.246986
weights_delta matrix:
 -0.00231312 -0.00849034 0.0138134
 -0.00198913 -0.00730115 0.0118786
 -0.00278172 -0.0102104 0.0166118
 -0.00297575 -0.0109225 0.0177705
 -0.00413589 -0.0151809 0.0246986
weights matrix:
 -0.515685 -0.0598406 -0.0623967
 0.84383 -0.196119 -0.184561
 -1.05412 0.176735 0.779727
 -0.75954 -0.10188 0.374096
 0.285709 -0.290212 -0.595917
regression_error on 'test' 0.130877
classification_error on 'test' 0.263158
Save,334,0.130877,0.263158
sample_count 75 Sample index 73
 i 0:0.582374 i 1:0.410364 i 2:0.65746 i 3:0.719493 bias 1
 test_print 3.36969
net matrix:
 -0.907858 -0.362647 0.0738066
outputs matrix:
 0.139949 0.326228 0.536836
error matrix:
 -0.139949 -0.326228 0.463164
delta matrix:
 -0.0336893 -0.143412 0.230325
weights_delta matrix:
 -0.00196198 -0.00835194 0.0134135
 -0.00138249 -0.00588511 0.0094517
 -0.00221494 -0.00942877 0.0151429
 -0.00242392 -0.0103184 0.0165717
 -0.00336893 -0.0143412 0.0230325
weights matrix:
 -0.517647 -0.0681926 -0.0489832
 0.842447 -0.202004 -0.175109
 -1.05633 0.167306 0.79487
 -0.761964 -0.112198 0.390667
 0.28234 -0.304553 -0.572884
regression_error on 'test' 0.130277
classification_error on 'test' 0.263158
Save,335,0.130277,0.263158
sample_count 75 Sample index 56
 i 0:0.328323 i 1:0.727972 i 2:0.158468 i 3:0.208478 bias 1
 test_print 2.42324
net matrix:
 0.399415 -0.470874 -0.509034
outputs matrix:
 0.689724 0.280547 0.265404
error matrix:
 0.310276 -0.280547 -0.265404
delta matrix:
 0.132801 -0.113252 -0.103489
weights_delta matrix:
 0.00436016 -0.00371832 -0.00339778
 0.00966754 -0.00824441 -0.0075337
 0.00210447 -0.00179468 -0.00163997
 0.00276861 -0.00236105 -0.00215751
 0.0132801 -0.0113252 -0.0103489
weights matrix:
 -0.513287 -0.0719109 -0.052381
 0.852115 -0.210248 -0.182643
 -1.05423 0.165511 0.79323
 -0.759195 -0.114559 0.38851
 0.29562 -0.315878 -0.583233
regression_error on 'test' 0.129741
classification_error on 'test' 0.263158
Save,336,0.129741,0.263158
sample_count 75 Sample index 19
 i 0:0.674757 i 1:0.480944 i 2:0.596976 i 3:0.573489 bias 1
 test_print 3.32617
net matrix:
 -0.705642 -0.432411 -0.010073
outputs matrix:
 0.196032 0.296333 0.494964
error matrix:
 -0.196032 0.703667 -0.494964
delta matrix:
 -0.0617904 0.293457 -0.247457
weights_delta matrix:
 -0.00416935 0.0198012 -0.0166973
 -0.00297177 0.0141136 -0.0119013
 -0.00368874 0.0175187 -0.0147726
 -0.00354361 0.0168294 -0.0141914
 -0.00617904 0.0293457 -0.0247457
weights matrix:
 -0.517456 -0.0521097 -0.0690783
 0.849143 -0.196135 -0.194544
 -1.05792 0.18303 0.778457
 -0.762739 -0.0977298 0.374318
 0.289441 -0.286533 -0.607979
regression_error on 'test' 0.130926
classification_error on 'test' 0.263158
Save,337,0.130926,0.263158
sample_count 75 Sample index 11
 i 0:0.536183 i 1:0.198626 i 2:0.536492 i 3:0.427485 bias 1
 test_print 2.69879
net matrix:
 -0.712971 -0.297014 -0.106007
outputs matrix:
 0.193732 0.355711 0.447194
error matrix:
 -0.193732 0.644289 -0.447194
delta matrix:
 -0.0605218 0.295317 -0.221103
weights_delta matrix:
 -0.00324507 0.0158344 -0.0118552
 -0.00120212 0.00586577 -0.00439168
 -0.00324694 0.0158435 -0.011862
 -0.00258721 0.0126244 -0.00945183
 -0.00605218 0.0295317 -0.0221103
weights matrix:
 -0.520701 -0.0362752 -0.0809335
 0.847941 -0.190269 -0.198935
 -1.06116 0.198873 0.766595
 -0.765326 -0.0851054 0.364867
 0.283389 -0.257001 -0.630089
regression_error on 'test' 0.132771
classification_error on 'test' 0.263158
Save,338,0.132771,0.263158
sample_count 75 Sample index 30
 i 0:0.559279 i 1:0.410364 i 2:0.642339 i 3:0.500487 bias 1
 test_print 3.11247
net matrix:
 -0.724526 -0.270218 -0.0819643
outputs matrix:
 0.190148 0.368086 0.459109
error matrix:
 -0.190148 0.631914 -0.459109
delta matrix:
 -0.0585623 0.293965 -0.228019
weights_delta matrix:
 -0.00327526 0.0164408 -0.0127526
 -0.00240318 0.0120633 -0.00935709
 -0.00376168 0.0188825 -0.0146466
 -0.00293096 0.0147126 -0.0114121
 -0.00585623 0.0293965 -0.0228019
weights matrix:
 -0.523977 -0.0198344 -0.0936861
 0.845538 -0.178206 -0.208293
 -1.06492 0.217756 0.751949
 -0.768257 -0.0703928 0.353455
 0.277533 -0.227604 -0.652891
regression_error on 'test' 0.135897
classification_error on 'test' 0.236842
Save,339,0.135897,0.236842
sample_count 75 Sample index 66
 i 0:0.60547 i 1:0.304495 i 2:0.672581 i 3:0.60999 bias 1
 test_print 3.19254
net matrix:
 -0.967134 -0.190357 -0.051689
outputs matrix:
 0.126279 0.405955 0.474179
error matrix:
 -0.126279 0.594045 -0.474179
delta matrix:
 -0.0278654 0.286515 -0.236457
weights_delta matrix:
 -0.00168716 0.0173476 -0.0143168
 -0.000848486 0.00872422 -0.0072
 -0.00187417 0.0192704 -0.0159036
 -0.00169976 0.0174771 -0.0144236
 -0.00278654 0.0286515 -0.0236457
weights matrix:
 -0.525664 -0.00248682 -0.108003
 0.844689 -0.169482 -0.215493
 -1.0668 0.237026 0.736045
 -0.769957 -0.0529157 0.339031
 0.274746 -0.198953 -0.676537
regression_error on 'test' 0.140263
classification_error on 'test' 0.0263158
Save,340,0.140263,0.0263158
sample_count 75 Sample index 43
 i 0:0.582374 i 1:0.198626 i 2:0.612097 i 3:0.60999 bias 1
 test_print 3.00309
net matrix:
 -0.986259 -0.12126 -0.124901
outputs matrix:
 0.122119 0.439666 0.437872
error matrix:
 -0.122119 0.560334 -0.437872
delta matrix:
 -0.0261836 0.276088 -0.215556
weights_delta matrix:
 -0.00152487 0.0160786 -0.0125534
 -0.000520075 0.00548382 -0.0042815
 -0.00160269 0.0168992 -0.0131941
 -0.00159717 0.0168411 -0.0131487
 -0.00261836 0.0276088 -0.0215556
weights matrix:
 -0.527189 0.0135918 -0.120556
 0.844169 -0.163998 -0.219774
 -1.0684 0.253926 0.722851
 -0.771554 -0.0360747 0.325882
 0.272128 -0.171344 -0.698092
regression_error on 'test' 0.145167
classification_error on 'test' 0.105263
Save,341,0.145167,0.105263
sample_count 75 Sample index 6
 i 0:0.305227 i 1:0.657392 i 2:0.128226 i 3:0.171977 bias 1
 test_print 2.26282
net matrix:
 0.396479 -0.248651 -0.730634
outputs matrix:
 0.688466 0.378175 0.188273
error matrix:
 0.311534 -0.378175 -0.188273
delta matrix:
 0.133636 -0.177862 -0.0575463
weights_delta matrix:
 0.00407892 -0.00542884 -0.00175647
 0.00878511 -0.0116925 -0.00378305
 0.00171356 -0.00228066 -0.000737893
 0.00229823 -0.00305882 -0.000989664
 0.0133636 -0.0177862 -0.00575463
weights matrix:
 -0.52311 0.00816297 -0.122313
 0.852954 -0.17569 -0.223557
 -1.06669 0.251645 0.722113
 -0.769256 -0.0391335 0.324893
 0.285491 -0.18913 -0.703847
regression_error on 'test' 0.14367
classification_error on 'test' 0.0789474
Save,342,0.14367,0.0789474
sample_count 75 Sample index 29
 i 0:0.420705 i 1:0.304495 i 2:0.536492 i 3:0.536988 bias 1
 test_print 2.79868
net matrix:
 -0.660213 -0.125202 -0.261505
outputs matrix:
 0.210747 0.437724 0.372149
error matrix:
 -0.210747 0.562276 -0.372149
delta matrix:
 -0.0701084 0.276777 -0.173908
weights_delta matrix:
 -0.0029495 0.0116441 -0.0073164
 -0.00213477 0.00842771 -0.00529541
 -0.00376126 0.0148488 -0.00933003
 -0.00376474 0.0148626 -0.00933865
 -0.00701084 0.0276777 -0.0173908
weights matrix:
 -0.526059 0.0198071 -0.129629
 0.85082 -0.167263 -0.228853
 -1.07045 0.266494 0.712783
 -0.773021 -0.0242709 0.315554
 0.278481 -0.161453 -0.721238
regression_error on 'test' 0.14845
classification_error on 'test' 0.394737
Save,343,0.14845,0.394737
sample_count 75 Sample index 33
 i 0:0.559279 i 1:0.480944 i 2:0.672581 i 3:0.719493 bias 1
 test_print 3.4323
net matrix:
 -0.882683 -0.0690431 -0.197359
outputs matrix:
 0.14612 0.465533 0.402582
error matrix:
 -0.14612 -0.465533 0.597418
delta matrix:
 -0.0364623 -0.231661 0.28737
weights_delta matrix:
 -0.00203926 -0.0129563 0.016072
 -0.00175363 -0.0111416 0.0138209
 -0.00245238 -0.015581 0.0193279
 -0.00262344 -0.0166678 0.020676
 -0.00364623 -0.0231661 0.028737
weights matrix:
 -0.528098 0.00685081 -0.113557
 0.849066 -0.178404 -0.215032
 -1.0729 0.250913 0.732111
 -0.775644 -0.0409387 0.33623
 0.274834 -0.184619 -0.692501
regression_error on 'test' 0.142278
classification_error on 'test' 0.0263158
Save,344,0.142278,0.0263158
sample_count 75 Sample index 18
 i 0:0.513088 i 1:0.480944 i 2:0.566734 i 3:0.60999 bias 1
 test_print 3.17076
net matrix:
 -0.668958 -0.149678 -0.234175
outputs matrix:
 0.207853 0.425715 0.385007
error matrix:
 -0.207853 0.574285 -0.385007
delta matrix:
 -0.0684461 0.280804 -0.182321
weights_delta matrix:
 -0.00351188 0.0144077 -0.00935469
 -0.00329187 0.0135051 -0.00876863
 -0.00387907 0.0159141 -0.0103328
 -0.00417514 0.0171288 -0.0111214
 -0.00684461 0.0280804 -0.0182321
weights matrix:
 -0.53161 0.0212585 -0.122912
 0.845774 -0.164899 -0.2238
 -1.07678 0.266827 0.721778
 -0.779819 -0.0238099 0.325109
 0.26799 -0.156538 -0.710733
regression_error on 'test' 0.147596
classification_error on 'test' 0.368421
Save,345,0.147596,0.368421
sample_count 75 Sample index 36
 i 0:0.744044 i 1:0.516233 i 2:0.702823 i 3:0.901998 bias 1
 test_print 3.8651
net matrix:
 -1.15112 -0.0597919 -0.117188
outputs matrix:
 0.0909382 0.47014 0.441673
error matrix:
 -0.0909382 -0.47014 0.558327
delta matrix:
 -0.0150355 -0.234231 0.275365
weights_delta matrix:
 -0.0011187 -0.0174278 0.0204883
 -0.00077618 -0.0120918 0.0142152
 -0.00105673 -0.0164623 0.0193533
 -0.00135619 -0.0211276 0.0248378
 -0.00150355 -0.0234231 0.0275365
weights matrix:
 -0.532729 0.00383069 -0.102424
 0.844998 -0.176991 -0.209585
 -1.07784 0.250364 0.741131
 -0.781175 -0.0449376 0.349946
 0.266486 -0.179961 -0.683196
regression_error on 'test' 0.141068
classification_error on 'test' 0
Save,346,0.141068,0
sample_count 75 Sample index 61
 i 0:0.697853 i 1:0.480944 i 2:0.687702 i 3:0.682992 bias 1
 test_print 3.54949
net matrix:
 -0.973651 -0.120927 -0.106783
outputs matrix:
 0.124848 0.43983 0.44681
error matrix:
 -0.124848 0.56017 -0.44681
delta matrix:
 -0.027282 0.276029 -0.220877
weights_delta matrix:
 -0.00190388 0.0192628 -0.015414
 -0.00131211 0.0132754 -0.0106229
 -0.00187619 0.0189826 -0.0151898
 -0.00186334 0.0188526 -0.0150857
 -0.0027282 0.0276029 -0.0220877
weights matrix:
 -0.534633 0.0230935 -0.117837
 0.843686 -0.163715 -0.220208
 -1.07971 0.269347 0.725942
 -0.783039 -0.026085 0.334861
 0.263758 -0.152359 -0.705284
regression_error on 'test' 0.147088
classification_error on 'test' 0.315789
Save,347,0.147088,0.315789
sample_count 75 Sample index 43
 i 0:0.582374 i 1:0.198626 i 2:0.612097 i 3:0.60999 bias 1
 test_print 3.00309
net matrix:
 -1.01856 -0.0224727 -0.16904
outputs matrix:
 0.115361 0.488766 0.416276
error matrix:
 -0.115361 0.511234 -0.416276
delta matrix:
 -0.023546 0.255488 -0.202302
weights_delta matrix:
 -0.00137126 0.014879 -0.0117815
 -0.000467684 0.00507466 -0.00401824
 -0.00144124 0.0156384 -0.0123828
 -0.00143628 0.0155845 -0.0123402
 -0.0023546 0.0255488 -0.0202302
weights matrix:
 -0.536004 0.0379724 -0.129619
 0.843218 -0.158641 -0.224226
 -1.08115 0.284985 0.713559
 -0.784475 -0.0105005 0.32252
 0.261403 -0.12681 -0.725514
regression_error on 'test' 0.152813
classification_error on 'test' 0.421053
Save,348,0.152813,0.421053
sample_count 75 Sample index 18
 i 0:0.513088 i 1:0.480944 i 2:0.566734 i 3:0.60999 bias 1
 test_print 3.17076
net matrix:
 -0.699322 -0.0285181 -0.298728
outputs matrix:
 0.198031 0.485745 0.354926
error matrix:
 -0.198031 0.514255 -0.354926
delta matrix:
 -0.0629007 0.256919 -0.162523
weights_delta matrix:
 -0.00322736 0.0131822 -0.00833886
 -0.00302517 0.0123563 -0.00781645
 -0.0035648 0.0145605 -0.00921073
 -0.00383688 0.0156718 -0.00991374
 -0.00629007 0.0256919 -0.0162523
weights matrix:
 -0.539232 0.0511546 -0.137958
 0.840193 -0.146284 -0.232043
 -1.08472 0.299546 0.704348
 -0.788312 0.00517128 0.312607
 0.255113 -0.101118 -0.741766
regression_error on 'test' 0.159105
classification_error on 'test' 0.421053
Save,349,0.159105,0.421053
sample_count 75 Sample index 42
 i 0:0.651661 i 1:0.551523 i 2:0.702823 i 3:0.792495 bias 1
 test_print 3.6985
net matrix:
 -1.02 0.0661643 -0.216874
outputs matrix:
 0.115068 0.533034 0.393232
error matrix:
 -0.115068 -0.533034 0.606768
delta matrix:
 -0.023434 -0.265354 0.28955
weights_delta matrix:
 -0.0015271 -0.0172921 0.0188689
 -0.00129244 -0.0146349 0.0159694
 -0.001647 -0.0186497 0.0203503
 -0.00185713 -0.0210291 0.0229467
 -0.0023434 -0.0265354 0.028955
weights matrix:
 -0.540759 0.0338626 -0.119089
 0.8389 -0.160919 -0.216073
 -1.08637 0.280896 0.724698
 -0.790169 -0.0158579 0.335553
 0.25277 -0.127653 -0.712811
regression_error on 'test' 0.15042
classification_error on 'test' 0.394737
Save,350,0.15042,0.394737
sample_count 75 Sample index 36
 i 0:0.744044 i 1:0.516233 i 2:0.702823 i 3:0.901998 bias 1
 test_print 3.8651
net matrix:
 -1.19276 -0.00241329 -0.10096
outputs matrix:
 0.084283 0.498793 0.449691
error matrix:
 -0.084283 -0.498793 0.550309
delta matrix:
 -0.0130098 -0.249395 0.272369
weights_delta matrix:
 -0.000967987 -0.0185561 0.0202654
 -0.000671609 -0.0128746 0.0140606
 -0.000914359 -0.0175281 0.0191427
 -0.00117348 -0.0224954 0.0245676
 -0.00130098 -0.0249395 0.0272369
weights matrix:
 -0.541727 0.0153065 -0.0988236
 0.838229 -0.173794 -0.202013
 -1.08728 0.263368 0.743841
 -0.791342 -0.0383533 0.360121
 0.251469 -0.152593 -0.685575
regression_error on 'test' 0.143319
classification_error on 'test' 0.0526316
Save,351,0.143319,0.0526316
sample_count 75 Sample index 45
 i 0:0.697853 i 1:0.586813 i 2:0.793548 i 3:0.975 bias 1
 test_print 4.05321
net matrix:
 -1.26906 -0.0722948 0.068309
outputs matrix:
 0.0732285 0.463915 0.534101
error matrix:
 -0.0732285 -0.463915 0.465899
delta matrix:
 -0.00993947 -0.23075 0.231866
weights_delta matrix:
 -0.000693629 -0.0161029 0.0161808
 -0.000583261 -0.0135407 0.0136062
 -0.000788745 -0.0183111 0.0183997
 -0.000969099 -0.0224981 0.0226069
 -0.000993947 -0.023075 0.0231866
weights matrix:
 -0.54242 -0.000796479 -0.0826428
 0.837646 -0.187335 -0.188407
 -1.08807 0.245057 0.762241
 -0.792312 -0.0608513 0.382728
 0.250475 -0.175668 -0.662388
regression_error on 'test' 0.138064
classification_error on 'test' 0.157895
Save,352,0.138064,0.157895
sample_count 75 Sample index 31
 i 0:0.559279 i 1:0.339785 i 2:0.778427 i 3:0.573489 bias 1
 test_print 3.25098
net matrix:
 -1.06963 -0.0839052 0.0402129
outputs matrix:
 0.105338 0.458146 0.520096
error matrix:
 -0.105338 -0.458146 0.479904
delta matrix:
 -0.0198546 -0.227468 0.239565
weights_delta matrix:
 -0.00111043 -0.0127218 0.0133983
 -0.000674631 -0.00772901 0.00814005
 -0.00154554 -0.0177067 0.0186484
 -0.00113864 -0.013045 0.0137388
 -0.00198546 -0.0227468 0.0239565
weights matrix:
 -0.543531 -0.0135183 -0.0692444
 0.836971 -0.195064 -0.180267
 -1.08961 0.22735 0.780889
 -0.79345 -0.0738964 0.396467
 0.24849 -0.198414 -0.638432
regression_error on 'test' 0.134837
classification_error on 'test' 0.236842
Save,353,0.134837,0.236842
sample_count 75 Sample index 2
 i 0:0.466896 i 1:0.480944 i 2:0.566734 i 3:0.500487 bias 1
 test_print 3.01506
net matrix:
 -0.61738 -0.206678 -0.116477
outputs matrix:
 0.22535 0.398108 0.442024
error matrix:
 -0.22535 0.601892 -0.442024
delta matrix:
 -0.0786772 0.288448 -0.21804
weights_delta matrix:
 -0.00367341 0.0134675 -0.0101802
 -0.00378393 0.0138728 -0.0104865
 -0.00445891 0.0163474 -0.0123571
 -0.00393769 0.0144365 -0.0109126
 -0.00786772 0.0288448 -0.021804
weights matrix:
 -0.547204 -5.07265e-05 -0.0794246
 0.833187 -0.181191 -0.190753
 -1.09407 0.243698 0.768532
 -0.797388 -0.0594599 0.385554
 0.240622 -0.16957 -0.660236
regression_error on 'test' 0.138496
classification_error on 'test' 0.157895
Save,354,0.138496,0.157895
sample_count 75 Sample index 4
 i 0:0.212844 i 1:0.516233 i 2:0.158468 i 3:0.135476 bias 1
 test_print 2.02302
net matrix:
 0.272869 -0.232554 -0.601593
outputs matrix:
 0.633146 0.385775 0.230909
error matrix:
 0.366854 -0.385775 -0.230909
delta matrix:
 0.17042 -0.182821 -0.0820143
weights_delta matrix:
 0.00362728 -0.00389123 -0.00174563
 0.00879764 -0.0094378 -0.00423385
 0.00270061 -0.00289712 -0.00129966
 0.00230878 -0.00247678 -0.0011111
 0.017042 -0.0182821 -0.00820143
weights matrix:
 -0.543577 -0.00394195 -0.0811703
 0.841985 -0.190629 -0.194987
 -1.09137 0.240801 0.767232
 -0.795079 -0.0619367 0.384443
 0.257664 -0.187852 -0.668437
regression_error on 'test' 0.136865
classification_error on 'test' 0.184211
Save,355,0.136865,0.184211
sample_count 75 Sample index 9
 i 0:0.351418 i 1:0.375074 i 2:0.521371 i 3:0.573489 bias 1
 test_print 2.82135
net matrix:
 -0.642532 -0.17071 -0.14961
outputs matrix:
 0.21669 0.415464 0.425748
error matrix:
 -0.21669 0.584536 -0.425748
delta matrix:
 -0.0735597 0.283913 -0.20818
weights_delta matrix:
 -0.00258502 0.00997722 -0.00731581
 -0.00275903 0.0106488 -0.00780828
 -0.00383519 0.0148024 -0.0108539
 -0.00421857 0.0162821 -0.0119389
 -0.00735597 0.0283913 -0.020818
weights matrix:
 -0.546162 0.00603527 -0.0884861
 0.839226 -0.17998 -0.202795
 -1.09521 0.255603 0.756378
 -0.799298 -0.0456546 0.372504
 0.250308 -0.15946 -0.689255
regression_error on 'test' 0.14097
classification_error on 'test' 0
Save,356,0.14097,0
sample_count 75 Sample index 10
 i 0:0.697853 i 1:0.304495 i 2:0.808669 i 3:0.719493 bias 1
 test_print 3.53051
net matrix:
 -1.33604 -0.0362015 0.0669185
outputs matrix:
 0.0646408 0.481907 0.533409
error matrix:
 -0.0646408 -0.481907 0.466591
delta matrix:
 -0.00781667 -0.240638 0.232254
weights_delta matrix:
 -0.000545488 -0.016793 0.0162079
 -0.000238014 -0.00732731 0.00707201
 -0.00063211 -0.0194597 0.0187816
 -0.000562404 -0.0173137 0.0167105
 -0.000781667 -0.0240638 0.0232254
weights matrix:
 -0.546707 -0.0107577 -0.0722782
 0.838988 -0.187307 -0.195723
 -1.09584 0.236143 0.77516
 -0.79986 -0.0629683 0.389215
 0.249526 -0.183524 -0.66603
regression_error on 'test' 0.136509
classification_error on 'test' 0.184211
Save,357,0.136509,0.184211
sample_count 75 Sample index 72
 i 0:0.905713 i 1:0.480944 i 2:0.929637 i 3:0.828996 bias 1
 test_print 4.14529
net matrix:
 -1.52394 -0.116025 0.21765
outputs matrix:
 0.0453089 0.442247 0.607139
error matrix:
 -0.0453089 -0.442247 0.392861
delta matrix:
 -0.00391977 -0.218173 0.187412
weights_delta matrix:
 -0.000355018 -0.0197602 0.0169741
 -0.000188519 -0.0104929 0.00901345
 -0.000364396 -0.0202822 0.0174225
 -0.000324947 -0.0180865 0.0155364
 -0.000391977 -0.0218173 0.0187412
weights matrix:
 -0.547062 -0.0305179 -0.055304
 0.838799 -0.1978 -0.18671
 -1.0962 0.215861 0.792582
 -0.800185 -0.0810548 0.404751
 0.249134 -0.205341 -0.647288
regression_error on 'test' 0.133142
classification_error on 'test' 0.263158
Save,358,0.133142,0.263158
sample_count 75 Sample index 16
 i 0:0.60547 i 1:0.304495 i 2:0.687702 i 3:0.755994 bias 1
 test_print 3.35366
net matrix:
 -1.18548 -0.196877 0.113424
outputs matrix:
 0.0854137 0.402814 0.55647
error matrix:
 -0.0854137 -0.402814 0.44353
delta matrix:
 -0.0133447 -0.193798 0.218936
weights_delta matrix:
 -0.000807984 -0.0117339 0.0132559
 -0.00040634 -0.00590104 0.0066665
 -0.00091772 -0.0133275 0.0150563
 -0.00100885 -0.014651 0.0165514
 -0.00133447 -0.0193798 0.0218936
weights matrix:
 -0.54787 -0.0422518 -0.0420481
 0.838393 -0.203701 -0.180043
 -1.09712 0.202534 0.807639
 -0.801194 -0.0957058 0.421302
 0.2478 -0.224721 -0.625395
regression_error on 'test' 0.131339
classification_error on 'test' 0.263158
Save,359,0.131339,0.263158
sample_count 75 Sample index 28
 i 0:0.305227 i 1:0.551523 i 2:0.113105 i 3:0.135476 bias 1
 test_print 2.10533
net matrix:
 0.310335 -0.340022 -0.589103
outputs matrix:
 0.650371 0.336252 0.235375
error matrix:
 0.349629 -0.336252 -0.235375
delta matrix:
 0.159003 -0.150094 -0.0847226
weights_delta matrix:
 0.00485321 -0.00458126 -0.00258596
 0.0087694 -0.00827801 -0.00467265
 0.00179841 -0.00169763 -0.000958255
 0.00215411 -0.00203341 -0.00114779
 0.0159003 -0.0150094 -0.00847226
weights matrix:
 -0.543017 -0.0468331 -0.0446341
 0.847162 -0.211979 -0.184716
 -1.09532 0.200836 0.80668
 -0.79904 -0.0977392 0.420155
 0.2637 -0.239731 -0.633867
regression_error on 'test' 0.130222
classification_error on 'test' 0.263158
Save,360,0.130222,0.263158
sample_count 75 Sample index 66
 i 0:0.60547 i 1:0.304495 i 2:0.672581 i 3:0.60999 bias 1
 test_print 3.19254
net matrix:
 -1.03122 -0.257175 0.0817114
outputs matrix:
 0.112801 0.374175 0.540765
error matrix:
 -0.112801 0.625825 -0.540765
delta matrix:
 -0.0225774 0.293097 -0.268585
weights_delta matrix:
 -0.00136699 0.0177461 -0.016262
 -0.000687471 0.00892464 -0.00817829
 -0.00151851 0.0197131 -0.0180645
 -0.0013772 0.0178786 -0.0163834
 -0.00225774 0.0293097 -0.0268585
weights matrix:
 -0.544384 -0.029087 -0.0608961
 0.846475 -0.203054 -0.192894
 -1.09684 0.220549 0.788616
 -0.800417 -0.0798606 0.403771
 0.261442 -0.210421 -0.660726
regression_error on 'test' 0.132802
classification_error on 'test' 0.236842
Save,361,0.132802,0.236842
sample_count 75 Sample index 15
 i 0:0.720948 i 1:0.410364 i 2:0.65746 i 3:0.573489 bias 1
 test_print 3.36226
net matrix:
 -0.963828 -0.215514 -0.0337435
outputs matrix:
 0.12701 0.393881 0.483135
error matrix:
 -0.12701 0.606119 -0.483135
delta matrix:
 -0.0281655 0.289408 -0.241292
weights_delta matrix:
 -0.00203058 0.0208648 -0.0173959
 -0.00115581 0.0118763 -0.00990177
 -0.00185177 0.0190274 -0.015864
 -0.00161526 0.0165972 -0.0138379
 -0.00281655 0.0289408 -0.0241292
weights matrix:
 -0.546415 -0.00822213 -0.078292
 0.845319 -0.191178 -0.202796
 -1.09869 0.239577 0.772752
 -0.802032 -0.0632633 0.389933
 0.258626 -0.18148 -0.684855
regression_error on 'test' 0.136704
classification_error on 'test' 0.157895
Save,362,0.136704,0.157895
sample_count 75 Sample index 63
 i 0:0.420705 i 1:0.904421 i 2:0.143347 i 3:0.135476 bias 1
 test_print 2.60395
net matrix:
 0.52712 -0.332073 -0.737607
outputs matrix:
 0.741588 0.339809 0.186151
error matrix:
 0.258412 -0.339809 -0.186151
delta matrix:
 0.0990416 -0.152465 -0.0564035
weights_delta matrix:
 0.00416673 -0.00641427 -0.00237292
 0.00895753 -0.0137892 -0.00510125
 0.00141973 -0.00218554 -0.000808527
 0.00134178 -0.00206553 -0.000764132
 0.00990416 -0.0152465 -0.00564035
weights matrix:
 -0.542248 -0.0146364 -0.080665
 0.854276 -0.204967 -0.207897
 -1.09727 0.237391 0.771943
 -0.80069 -0.0653289 0.389169
 0.26853 -0.196727 -0.690495
regression_error on 'test' 0.135337
classification_error on 'test' 0.184211
Save,363,0.135337,0.184211
sample_count 75 Sample index 71
 i 0:0.143558 i 1:0.480944 i 2:0.0979839 i 3:0.0989754 bias 1
 test_print 1.82146
net matrix:
 0.414781 -0.280611 -0.687906
outputs matrix:
 0.696262 0.363265 0.201682
error matrix:
 0.303738 -0.363265 -0.201682
delta matrix:
 0.12847 -0.168049 -0.0649444
weights_delta matrix:
 0.00184428 -0.00241247 -0.000932329
 0.00617867 -0.00808221 -0.00312346
 0.00125879 -0.00164661 -0.000636351
 0.00127153 -0.00166327 -0.00064279
 0.012847 -0.0168049 -0.00649444
weights matrix:
 -0.540404 -0.0170489 -0.0815973
 0.860455 -0.21305 -0.211021
 -1.09602 0.235744 0.771307
 -0.799419 -0.0669921 0.388526
 0.281377 -0.213531 -0.69699
regression_error on 'test' 0.1343
classification_error on 'test' 0.184211
Save,364,0.1343,0.184211
sample_count 75 Sample index 48
 i 0:0.744044 i 1:0.516233 i 2:0.748185 i 3:0.828996 bias 1
 test_print 3.83746
net matrix:
 -1.15925 -0.215356 0.0325298
outputs matrix:
 0.0896024 0.393957 0.516259
error matrix:
 -0.0896024 -0.393957 0.483741
delta matrix:
 -0.0146184 -0.188118 0.241615
weights_delta matrix:
 -0.00108768 -0.0139968 0.0179772
 -0.000754652 -0.00971127 0.0124729
 -0.00109373 -0.0140747 0.0180772
 -0.00121186 -0.0155949 0.0200298
 -0.00146184 -0.0188118 0.0241615
weights matrix:
 -0.541491 -0.0310457 -0.0636201
 0.8597 -0.222761 -0.198548
 -1.09711 0.22167 0.789384
 -0.800631 -0.082587 0.408556
 0.279915 -0.232343 -0.672828
regression_error on 'test' 0.131146
classification_error on 'test' 0.263158
Save,365,0.131146,0.263158
sample_count 75 Sample index 38
 i 0:0.397609 i 1:0.798551 i 2:0.128226 i 3:0.208478 bias 1
 test_print 2.53286
net matrix:
 0.443536 -0.411367 -0.67028
outputs matrix:
 0.708286 0.305184 0.207418
error matrix:
 0.291714 -0.305184 -0.207418
delta matrix:
 0.120546 -0.129426 -0.0681973
weights_delta matrix:
 0.00479303 -0.00514611 -0.00271159
 0.00962625 -0.0103353 -0.0054459
 0.00154572 -0.00165958 -0.000874467
 0.00251313 -0.00269825 -0.00142176
 0.0120546 -0.0129426 -0.00681973
weights matrix:
 -0.536698 -0.0361918 -0.0663317
 0.869327 -0.233096 -0.203994
 -1.09556 0.22001 0.78851
 -0.798118 -0.0852853 0.407134
 0.29197 -0.245286 -0.679648
regression_error on 'test' 0.130366
classification_error on 'test' 0.263158
Save,366,0.130366,0.263158
sample_count 75 Sample index 52
 i 0:0.443801 i 1:0.410364 i 2:0.672581 i 3:0.792495 bias 1
 test_print 3.31924
net matrix:
 -0.958837 -0.276616 0.0601912
outputs matrix:
 0.128121 0.365115 0.530059
error matrix:
 -0.128121 -0.365115 0.469941
delta matrix:
 -0.0286239 -0.169272 0.234121
weights_delta matrix:
 -0.00127033 -0.0075123 0.0103903
 -0.00117462 -0.0069463 0.00960749
 -0.00192519 -0.0113849 0.0157465
 -0.00226843 -0.0134147 0.018554
 -0.00286239 -0.0169272 0.0234121
weights matrix:
 -0.537969 -0.0437041 -0.0559414
 0.868152 -0.240042 -0.194386
 -1.09749 0.208625 0.804256
 -0.800386 -0.0987 0.425688
 0.289107 -0.262213 -0.656236
regression_error on 'test' 0.128646
classification_error on 'test' 0.263158
Save,367,0.128646,0.263158
sample_count 75 Sample index 45
 i 0:0.697853 i 1:0.586813 i 2:0.793548 i 3:0.975 bias 1
 test_print 4.05321
net matrix:
 -1.22816 -0.364251 0.243919
outputs matrix:
 0.0789777 0.325524 0.619597
error matrix:
 -0.0789777 -0.325524 0.380403
delta matrix:
 -0.0114897 -0.142943 0.179319
weights_delta matrix:
 -0.000801813 -0.0099753 0.0125138
 -0.000674231 -0.00838806 0.0105227
 -0.000911764 -0.0113432 0.0142298
 -0.00112025 -0.0139369 0.0174836
 -0.00114897 -0.0142943 0.0179319
weights matrix:
 -0.53877 -0.0536794 -0.0434275
 0.867478 -0.248431 -0.183863
 -1.0984 0.197282 0.818486
 -0.801506 -0.112637 0.443172
 0.287958 -0.276507 -0.638304
regression_error on 'test' 0.127625
classification_error on 'test' 0.263158
Save,368,0.127625,0.263158
sample_count 75 Sample index 50
 i 0:0.489992 i 1:0.833841 i 2:0.113105 i 3:0.135476 bias 1
 test_print 2.57241
net matrix:
 0.514484 -0.502907 -0.660282
outputs matrix:
 0.736716 0.2678 0.210725
error matrix:
 0.263284 -0.2678 -0.210725
delta matrix:
 0.102136 -0.105022 -0.0700953
weights_delta matrix:
 0.00500459 -0.00514599 -0.00343461
 0.00851653 -0.00875716 -0.00584483
 0.00115521 -0.00118785 -0.000792813
 0.0013837 -0.0014228 -0.000949623
 0.0102136 -0.0105022 -0.00700953
weights matrix:
 -0.533766 -0.0588254 -0.0468621
 0.875994 -0.257188 -0.189708
 -1.09725 0.196094 0.817693
 -0.800123 -0.11406 0.442222
 0.298172 -0.28701 -0.645313
regression_error on 'test' 0.127082
classification_error on 'test' 0.263158
Save,369,0.127082,0.263158
sample_count 75 Sample index 7
 i 0:0.651661 i 1:0.410364 i 2:0.627218 i 3:0.60999 bias 1
 test_print 3.29923
net matrix:
 -0.866465 -0.377466 0.0289223
outputs matrix:
 0.150213 0.319748 0.514457
error matrix:
 -0.150213 0.680252 -0.514457
delta matrix:
 -0.0383492 0.295922 -0.257013
weights_delta matrix:
 -0.00249907 0.0192841 -0.0167486
 -0.00157371 0.0121436 -0.0105469
 -0.00240533 0.0185608 -0.0161203
 -0.00233926 0.018051 -0.0156776
 -0.00383492 0.0295922 -0.0257013
weights matrix:
 -0.536265 -0.0395413 -0.0636107
 0.874421 -0.245044 -0.200255
 -1.09965 0.214655 0.801573
 -0.802462 -0.0960087 0.426545
 0.294337 -0.257417 -0.671015
regression_error on 'test' 0.128741
classification_error on 'test' 0.263158
Save,370,0.128741,0.263158
sample_count 75 Sample index 13
 i 0:0.420705 i 1:0.269205 i 2:0.491129 i 3:0.427485 bias 1
 test_print 2.60852
net matrix:
 -0.578985 -0.275639 -0.175668
outputs matrix:
 0.239036 0.365568 0.413058
error matrix:
 -0.239036 0.634432 -0.413058
delta matrix:
 -0.0869605 0.294285 -0.200285
weights_delta matrix:
 -0.00365847 0.0123807 -0.00842607
 -0.00234102 0.0079223 -0.00539176
 -0.00427088 0.0144532 -0.00983656
 -0.00371743 0.0125802 -0.00856187
 -0.00869605 0.0294285 -0.0200285
weights matrix:
 -0.539923 -0.0271606 -0.0720368
 0.87208 -0.237122 -0.205647
 -1.10392 0.229108 0.791737
 -0.806179 -0.0834285 0.417983
 0.285641 -0.227989 -0.691043
regression_error on 'test' 0.130833
classification_error on 'test' 0.236842
Save,371,0.130833,0.236842
sample_count 75 Sample index 18
 i 0:0.513088 i 1:0.480944 i 2:0.566734 i 3:0.60999 bias 1
 test_print 3.17076
net matrix:
 -0.689357 -0.277014 -0.12324
outputs matrix:
 0.201216 0.36493 0.43869
error matrix:
 -0.201216 0.63507 -0.43869
delta matrix:
 -0.0646819 0.294363 -0.216047
weights_delta matrix:
 -0.00331875 0.0151034 -0.0110851
 -0.00311084 0.0141572 -0.0103907
 -0.00366574 0.0166825 -0.0122441
 -0.00394553 0.0179558 -0.0131787
 -0.00646819 0.0294363 -0.0216047
weights matrix:
 -0.543242 -0.0120572 -0.0831219
 0.868969 -0.222965 -0.216038
 -1.10759 0.245791 0.779492
 -0.810125 -0.0654727 0.404804
 0.279173 -0.198553 -0.712648
regression_error on 'test' 0.134364
classification_error on 'test' 0.184211
Save,372,0.134364,0.184211
sample_count 75 Sample index 66
 i 0:0.60547 i 1:0.304495 i 2:0.672581 i 3:0.60999 bias 1
 test_print 3.19254
net matrix:
 -1.02426 -0.148368 -0.0575597
outputs matrix:
 0.114202 0.426356 0.471252
error matrix:
 -0.114202 0.573644 -0.471252
delta matrix:
 -0.0231055 0.2806 -0.234847
weights_delta matrix:
 -0.00139897 0.0169895 -0.0142193
 -0.000703551 0.00854413 -0.00715097
 -0.00155403 0.0188726 -0.0157954
 -0.00140941 0.0171163 -0.0143254
 -0.00231055 0.02806 -0.0234847
weights matrix:
 -0.544641 0.00493231 -0.0973412
 0.868265 -0.21442 -0.223189
 -1.10914 0.264663 0.763697
 -0.811534 -0.0483564 0.390479
 0.276862 -0.170493 -0.736133
regression_error on 'test' 0.139036
classification_error on 'test' 0
Save,373,0.139036,0
sample_count 75 Sample index 42
 i 0:0.651661 i 1:0.551523 i 2:0.702823 i 3:0.792495 bias 1
 test_print 3.6985
net matrix:
 -1.02186 -0.137847 -0.0764633
outputs matrix:
 0.114689 0.43151 0.461843
error matrix:
 -0.114689 -0.43151 0.538157
delta matrix:
 -0.02329 -0.211707 0.267512
weights_delta matrix:
 -0.00151772 -0.0137961 0.0174327
 -0.0012845 -0.0116761 0.0147539
 -0.00163687 -0.0148792 0.0188013
 -0.00184572 -0.0167776 0.0212002
 -0.002329 -0.0211707 0.0267512
weights matrix:
 -0.546159 -0.00886378 -0.0799085
 0.866981 -0.226097 -0.208435
 -1.11078 0.249784 0.782498
 -0.81338 -0.065134 0.411679
 0.274533 -0.191663 -0.709381
regression_error on 'test' 0.134355
classification_error on 'test' 0.184211
Save,374,0.134355,0.184211
sample_count 75 Sample index 29
 i 0:0.420705 i 1:0.304495 i 2:0.536492 i 3:0.536988 bias 1
 test_print 2.79868
net matrix:
 -0.723946 -0.165207 -0.165596
outputs matrix:
 0.190326 0.41814 0.417951
error matrix:
 -0.190326 0.58186 -0.417951
delta matrix:
 -0.0586593 0.283132 -0.203348
weights_delta matrix:
 -0.00246783 0.0119115 -0.00855495
 -0.00178615 0.00862122 -0.00619184
 -0.00314703 0.0151898 -0.0109095
 -0.00314994 0.0152038 -0.0109195
 -0.00586593 0.0283132 -0.0203348
weights matrix:
 -0.548627 0.00304772 -0.0884635
 0.865195 -0.217475 -0.214627
 -1.11393 0.264974 0.771589
 -0.81653 -0.0499302 0.40076
 0.268667 -0.16335 -0.729716
regression_error on 'test' 0.138285
classification_error on 'test' 0
Save,375,0.138285,0
sample_count 75 Sample index 9
 i 0:0.351418 i 1:0.375074 i 2:0.521371 i 3:0.573489 bias 1
 test_print 2.82135
net matrix:
 -0.648657 -0.134333 -0.209189
outputs matrix:
 0.214617 0.433235 0.396905
error matrix:
 -0.214617 0.566765 -0.396905
delta matrix:
 -0.0723504 0.27833 -0.190015
weights_delta matrix:
 -0.00254252 0.00978101 -0.00667748
 -0.00271368 0.0104394 -0.00712698
 -0.00377214 0.0145113 -0.00990684
 -0.00414922 0.0159619 -0.0108972
 -0.00723504 0.027833 -0.0190015
weights matrix:
 -0.551169 0.0128287 -0.0951409
 0.862481 -0.207036 -0.221753
 -1.1177 0.279485 0.761682
 -0.820679 -0.0339682 0.389862
 0.261432 -0.135517 -0.748718
regression_error on 'test' 0.142938
classification_error on 'test' 0.131579
Save,376,0.142938,0.131579
sample_count 75 Sample index 55
 i 0:0.628566 i 1:0.551523 i 2:0.612097 i 3:0.60999 bias 1
 test_print 3.40218
net matrix:
 -0.794081 -0.0912867 -0.226787
outputs matrix:
 0.169643 0.454483 0.388511
error matrix:
 -0.169643 0.545517 -0.388511
delta matrix:
 -0.0477931 0.270498 -0.184598
weights_delta matrix:
 -0.00300411 0.0170026 -0.0116032
 -0.0026359 0.0149186 -0.010181
 -0.0029254 0.0165571 -0.0112992
 -0.00291533 0.0165001 -0.0112603
 -0.00477931 0.0270498 -0.0184598
weights matrix:
 -0.554173 0.0298313 -0.106744
 0.859845 -0.192117 -0.231934
 -1.12062 0.296042 0.750383
 -0.823594 -0.0174681 0.378602
 0.256653 -0.108467 -0.767178
regression_error on 'test' 0.149089
classification_error on 'test' 0.394737
Save,377,0.149089,0.394737
sample_count 75 Sample index 67
 i 0:0.443801 i 1:0.375074 i 2:0.566734 i 3:0.536988 bias 1
 test_print 2.9226
net matrix:
 -0.74414 -0.00888926 -0.272971
outputs matrix:
 0.18418 0.495555 0.366806
error matrix:
 -0.18418 0.504445 -0.366806
delta matrix:
 -0.055349 0.252202 -0.170389
weights_delta matrix:
 -0.0024564 0.0111928 -0.00756186
 -0.002076 0.00945945 -0.00639083
 -0.00313682 0.0142932 -0.0096565
 -0.00297218 0.013543 -0.00914966
 -0.0055349 0.0252202 -0.0170389
weights matrix:
 -0.55663 0.0410241 -0.114306
 0.857769 -0.182658 -0.238325
 -1.12376 0.310335 0.740726
 -0.826567 -0.00392517 0.369452
 0.251118 -0.083247 -0.784216
regression_error on 'test' 0.154858
classification_error on 'test' 0.421053
Save,378,0.154858,0.421053
sample_count 75 Sample index 29
 i 0:0.420705 i 1:0.304495 i 2:0.536492 i 3:0.536988 bias 1
 test_print 2.79868
net matrix:
 -0.768617 0.0427783 -0.309089
outputs matrix:
 0.176938 0.521376 0.350196
error matrix:
 -0.176938 0.478624 -0.350196
delta matrix:
 -0.0515352 0.238875 -0.15938
weights_delta matrix:
 -0.00216811 0.0100496 -0.00670521
 -0.00156922 0.00727361 -0.00485305
 -0.00276482 0.0128154 -0.00855063
 -0.00276738 0.0128273 -0.00855853
 -0.00515352 0.0238875 -0.015938
weights matrix:
 -0.558798 0.0510737 -0.121011
 0.8562 -0.175384 -0.243178
 -1.12652 0.323151 0.732176
 -0.829334 0.00890211 0.360894
 0.245964 -0.0593596 -0.800154
regression_error on 'test' 0.160639
classification_error on 'test' 0.421053
Save,379,0.160639,0.421053
sample_count 75 Sample index 51
 i 0:0.628566 i 1:0.516233 i 2:0.763306 i 3:0.719493 bias 1
 test_print 3.6276
net matrix:
 -1.11986 0.135272 -0.18322
outputs matrix:
 0.0962397 0.567227 0.409402
error matrix:
 -0.0962397 -0.567227 0.590598
delta matrix:
 -0.0167414 -0.278486 0.285604
weights_delta matrix:
 -0.00105231 -0.0175047 0.0179521
 -0.000864247 -0.0143764 0.0147438
 -0.00127788 -0.021257 0.0218003
 -0.00120453 -0.0200369 0.020549
 -0.00167414 -0.0278486 0.0285604
weights matrix:
 -0.55985 0.033569 -0.103059
 0.855336 -0.189761 -0.228435
 -1.1278 0.301894 0.753976
 -0.830539 -0.0111348 0.381443
 0.24429 -0.0872082 -0.771594
regression_error on 'test' 0.151404
classification_error on 'test' 0.421053
Save,380,0.151404,0.421053
sample_count 75 Sample index 34
 i 0:0.767139 i 1:0.551523 i 2:0.642339 i 3:0.573489 bias 1
 test_print 3.53449
net matrix:
 -0.914191 0.021419 -0.27358
outputs matrix:
 0.138431 0.510708 0.366524
error matrix:
 -0.138431 0.489292 -0.366524
delta matrix:
 -0.0330208 0.244534 -0.170202
weights_delta matrix:
 -0.00253315 0.0187591 -0.0130568
 -0.00182117 0.0134866 -0.00938702
 -0.00212105 0.0157074 -0.0109327
 -0.0018937 0.0140237 -0.00976089
 -0.00330208 0.0244534 -0.0170202
weights matrix:
 -0.562383 0.0523281 -0.116116
 0.853514 -0.176274 -0.237822
 -1.12992 0.317601 0.743043
 -0.832432 0.00288897 0.371682
 0.240988 -0.0627548 -0.788614
regression_error on 'test' 0.158268
classification_error on 'test' 0.421053
Save,381,0.158268,0.421053
sample_count 75 Sample index 66
 i 0:0.60547 i 1:0.304495 i 2:0.672581 i 3:0.60999 bias 1
 test_print 3.19254
net matrix:
 -1.10737 0.130629 -0.204855
outputs matrix:
 0.0984351 0.564945 0.398982
error matrix:
 -0.0984351 0.435055 -0.398982
delta matrix:
 -0.0174714 0.213857 -0.191348
weights_delta matrix:
 -0.00105784 0.0129484 -0.0115855
 -0.000531994 0.00651185 -0.00582644
 -0.00117509 0.0143836 -0.0128697
 -0.00106574 0.0130451 -0.011672
 -0.00174714 0.0213857 -0.0191348
weights matrix:
 -0.563441 0.0652765 -0.127701
 0.852982 -0.169762 -0.243648
 -1.1311 0.331985 0.730174
 -0.833498 0.0159341 0.36001
 0.239241 -0.0413691 -0.807749
regression_error on 'test' 0.164884
classification_error on 'test' 0.421053
Save,382,0.164884,0.421053
sample_count 75 Sample index 21
 i 0:0.836426 i 1:0.445654 i 2:0.884274 i 3:0.719493 bias 1
 test_print 3.88585
net matrix:
 -1.4518 0.242605 -0.118446
outputs matrix:
 0.0519761 0.618977 0.441052
error matrix:
 -0.0519761 -0.618977 0.558948
delta matrix:
 -0.00512221 -0.291965 0.275589
weights_delta matrix:
 -0.000428435 -0.0244207 0.023051
 -0.000228273 -0.0130115 0.0122818
 -0.000452944 -0.0258177 0.0243697
 -0.000368539 -0.0210067 0.0198285
 -0.000512221 -0.0291965 0.0275589
weights matrix:
 -0.56387 0.0408558 -0.10465
 0.852754 -0.182774 -0.231366
 -1.13155 0.306167 0.754543
 -0.833867 -0.0050726 0.379838
 0.238729 -0.0705656 -0.78019
regression_error on 'test' 0.154365
classification_error on 'test' 0.421053
Save,383,0.154365,0.421053
sample_count 75 Sample index 65
 i 0:0.928809 i 1:0.410364 i 2:0.944758 i 3:0.792495 bias 1
 test_print 4.07643
net matrix:
 -1.66494 0.177612 0.0415462
outputs matrix:
 0.0345605 0.587884 0.520761
error matrix:
 -0.0345605 -0.587884 0.479239
delta matrix:
 -0.0023063 -0.284861 0.239206
weights_delta matrix:
 -0.000214211 -0.0264581 0.0222177
 -9.46422e-05 -0.0116897 0.00981617
 -0.000217889 -0.0269124 0.0225992
 -0.000182773 -0.0225751 0.018957
 -0.00023063 -0.0284861 0.0239206
weights matrix:
 -0.564084 0.0143977 -0.0824328
 0.852659 -0.194463 -0.22155
 -1.13177 0.279255 0.777143
 -0.834049 -0.0276477 0.398795
 0.238498 -0.0990516 -0.756269
regression_error on 'test' 0.145598
classification_error on 'test' 0.184211
Save,384,0.145598,0.184211
sample_count 75 Sample index 45
 i 0:0.697853 i 1:0.586813 i 2:0.793548 i 3:0.975 bias 1
 test_print 4.05321
net matrix:
 -1.36611 -0.00847222 0.0617216
outputs matrix:
 0.0610988 0.495764 0.530822
error matrix:
 -0.0610988 -0.495764 0.469178
delta matrix:
 -0.00700996 -0.247864 0.233698
weights_delta matrix:
 -0.000489192 -0.0172973 0.0163087
 -0.000411354 -0.014545 0.0137137
 -0.000556274 -0.0196692 0.018545
 -0.000683471 -0.0241668 0.0227855
 -0.000700996 -0.0247864 0.0233698
weights matrix:
 -0.564573 -0.00289956 -0.0661241
 0.852248 -0.209008 -0.207836
 -1.13233 0.259586 0.795688
 -0.834733 -0.0518144 0.421581
 0.237797 -0.123838 -0.7329
regression_error on 'test' 0.139192
classification_error on 'test' 0.0263158
Save,385,0.139192,0.0263158
sample_count 75 Sample index 3
 i 0:0.744044 i 1:0.516233 i 2:0.672581 i 3:0.60999 bias 1
 test_print 3.54285
net matrix:
 -1.01307 -0.0909065 -0.0970664
outputs matrix:
 0.116486 0.454672 0.451619
error matrix:
 -0.116486 0.545328 -0.451619
delta matrix:
 -0.0239766 0.270423 -0.223695
weights_delta matrix:
 -0.00178396 0.0201207 -0.0166439
 -0.00123775 0.0139601 -0.0115479
 -0.00161262 0.0181882 -0.0150453
 -0.00146255 0.0164955 -0.0136452
 -0.00239766 0.0270423 -0.0223695
weights matrix:
 -0.566357 0.0172211 -0.082768
 0.85101 -0.195048 -0.219384
 -1.13394 0.277774 0.780642
 -0.836195 -0.0353189 0.407936
 0.2354 -0.0967957 -0.755269
regression_error on 'test' 0.145107
classification_error on 'test' 0.131579
Save,386,0.145107,0.131579
sample_count 75 Sample index 74
 i 0:0.443801 i 1:0.480944 i 2:0.551613 i 3:0.536988 bias 1
 test_print 3.01335
net matrix:
 -0.681184 -0.0487025 -0.247844
outputs matrix:
 0.203856 0.475668 0.378554
error matrix:
 -0.203856 0.524332 -0.378554
delta matrix:
 -0.066171 0.261545 -0.178111
weights_delta matrix:
 -0.00293668 0.0116074 -0.00790457
 -0.00318246 0.0125789 -0.00856612
 -0.00365008 0.0144272 -0.00982481
 -0.00355331 0.0140447 -0.00956433
 -0.0066171 0.0261545 -0.0178111
weights matrix:
 -0.569294 0.0288285 -0.0906726
 0.847828 -0.182469 -0.22795
 -1.13759 0.292201 0.770817
 -0.839749 -0.0212742 0.398371
 0.228783 -0.0706412 -0.77308
regression_error on 'test' 0.150796
classification_error on 'test' 0.394737
Save,387,0.150796,0.394737
sample_count 75 Sample index 55
 i 0:0.628566 i 1:0.551523 i 2:0.612097 i 3:0.60999 bias 1
 test_print 3.40218
net matrix:
 -0.870012 0.0127216 -0.240976
outputs matrix:
 0.14931 0.50636 0.381791
error matrix:
 -0.14931 0.49364 -0.381791
delta matrix:
 -0.0379296 0.24678 -0.180226
weights_delta matrix:
 -0.00238413 0.0155117 -0.0113284
 -0.00209191 0.0136105 -0.00993987
 -0.00232166 0.0151053 -0.0110316
 -0.00231367 0.0150533 -0.0109936
 -0.00379296 0.024678 -0.0180226
weights matrix:
 -0.571678 0.0443403 -0.102001
 0.845736 -0.168859 -0.23789
 -1.13991 0.307306 0.759786
 -0.842062 -0.0062209 0.387378
 0.22499 -0.0459632 -0.791103
regression_error on 'test' 0.157541
classification_error on 'test' 0.421053
Save,388,0.157541,0.421053
sample_count 75 Sample index 52
 i 0:0.443801 i 1:0.410364 i 2:0.672581 i 3:0.792495 bias 1
 test_print 3.31924
net matrix:
 -1.11567 0.10618 -0.11598
outputs matrix:
 0.0969706 0.552891 0.442269
error matrix:
 -0.0969706 -0.552891 0.557731
delta matrix:
 -0.0169829 -0.273352 0.275148
weights_delta matrix:
 -0.000753703 -0.0121314 0.0122111
 -0.000696917 -0.0112174 0.0112911
 -0.00114224 -0.0183851 0.0185059
 -0.00134589 -0.021663 0.0218053
 -0.00169829 -0.0273352 0.0275148
weights matrix:
 -0.572431 0.0322089 -0.0897898
 0.845039 -0.180076 -0.226599
 -1.14105 0.288921 0.778292
 -0.843408 -0.0278839 0.409183
 0.223291 -0.0732984 -0.763588
regression_error on 'test' 0.149651
classification_error on 'test' 0.368421
Save,389,0.149651,0.368421
sample_count 75 Sample index 68
 i 0:0.305227 i 1:0.657392 i 2:0.173589 i 3:0.281481 bias 1
 test_print 2.41769
net matrix:
 0.168614 -0.139543 -0.689679
outputs matrix:
 0.583517 0.430678 0.201112
error matrix:
 0.416483 -0.430678 -0.201112
delta matrix:
 0.202431 -0.2112 -0.0646239
weights_delta matrix:
 0.00617875 -0.00644638 -0.00197249
 0.0133077 -0.0138841 -0.00424832
 0.00351399 -0.00366619 -0.0011218
 0.00569806 -0.00594487 -0.00181904
 0.0202431 -0.02112 -0.00646239
weights matrix:
 -0.566253 0.0257625 -0.0917623
 0.858347 -0.19396 -0.230848
 -1.13754 0.285255 0.77717
 -0.83771 -0.0338288 0.407364
 0.243534 -0.0944184 -0.77005
regression_error on 'test' 0.146532
classification_error on 'test' 0.315789
Save,390,0.146532,0.315789
sample_count 75 Sample index 60
 i 0:0.559279 i 1:0.410364 i 2:0.536492 i 3:0.536988 bias 1
 test_print 3.04312
net matrix:
 -0.781045 -0.0247331 -0.280407
outputs matrix:
 0.173347 0.487636 0.363359
error matrix:
 -0.173347 0.512364 -0.363359
delta matrix:
 -0.0496805 0.256025 -0.168111
weights_delta matrix:
 -0.00277853 0.014319 -0.0094021
 -0.00203871 0.0105064 -0.00689867
 -0.00266532 0.0137356 -0.00901902
 -0.00266779 0.0137483 -0.00902736
 -0.00496805 0.0256025 -0.0168111
weights matrix:
 -0.569031 0.0400814 -0.101164
 0.856308 -0.183454 -0.237746
 -1.1402 0.29899 0.768151
 -0.840378 -0.0200805 0.398337
 0.238566 -0.0688159 -0.786861
regression_error on 'test' 0.152302
classification_error on 'test' 0.421053
Save,391,0.152302,0.421053
sample_count 75 Sample index 43
 i 0:0.582374 i 1:0.198626 i 2:0.612097 i 3:0.60999 bias 1
 test_print 3.00309
net matrix:
 -1.13327 0.08885 -0.179835
outputs matrix:
 0.0939315 0.544308 0.411039
error matrix:
 -0.0939315 0.455692 -0.411039
delta matrix:
 -0.0159887 0.226057 -0.199014
weights_delta matrix:
 -0.000931141 0.0131649 -0.01159
 -0.000317577 0.00449007 -0.00395293
 -0.000978664 0.0138369 -0.0121816
 -0.000975295 0.0137892 -0.0121396
 -0.00159887 0.0226057 -0.0199014
weights matrix:
 -0.569962 0.0532464 -0.112754
 0.85599 -0.178964 -0.241699
 -1.14118 0.312827 0.755969
 -0.841353 -0.00629132 0.386197
 0.236967 -0.0462102 -0.806763
regression_error on 'test' 0.158425
classification_error on 'test' 0.421053
Save,392,0.158425,0.421053
sample_count 75 Sample index 8
 i 0:0.489992 i 1:0.375074 i 2:0.702823 i 3:0.755994 bias 1
 test_print 3.32388
net matrix:
 -1.15936 0.127861 -0.129391
outputs matrix:
 0.0895849 0.563585 0.435663
error matrix:
 -0.0895849 -0.563585 0.564337
delta matrix:
 -0.014613 -0.277235 0.277497
weights_delta matrix:
 -0.000716025 -0.0135843 0.0135971
 -0.000548096 -0.0103984 0.0104082
 -0.00102704 -0.0194847 0.0195031
 -0.00110473 -0.0209588 0.0209786
 -0.0014613 -0.0277235 0.0277497
weights matrix:
 -0.570678 0.0396621 -0.0991574
 0.855442 -0.189362 -0.231291
 -1.14221 0.293343 0.775472
 -0.842458 -0.0272501 0.407176
 0.235506 -0.0739337 -0.779013
regression_error on 'test' 0.150143
classification_error on 'test' 0.394737
Save,393,0.150143,0.394737
sample_count 75 Sample index 48
 i 0:0.744044 i 1:0.516233 i 2:0.748185 i 3:0.828996 bias 1
 test_print 3.83746
net matrix:
 -1.30047 0.0547058 -0.0544467
outputs matrix:
 0.0690774 0.527326 0.472804
error matrix:
 -0.0690774 -0.527326 0.527196
delta matrix:
 -0.00888415 -0.262875 0.262818
weights_delta matrix:
 -0.00066102 -0.0195591 0.0195548
 -0.000458629 -0.0135705 0.0135676
 -0.000664699 -0.0196679 0.0196637
 -0.000736493 -0.0217923 0.0217875
 -0.000888415 -0.0262875 0.0262818
weights matrix:
 -0.571339 0.020103 -0.0796025
 0.854984 -0.202933 -0.217723
 -1.14287 0.273675 0.795136
 -0.843194 -0.0490424 0.428963
 0.234618 -0.100221 -0.752731
regression_error on 'test' 0.142676
classification_error on 'test' 0.0526316
Save,394,0.142676,0.0526316
sample_count 75 Sample index 39
 i 0:0.397609 i 1:0.622103 i 2:0.18871 i 3:0.135476 bias 1
 test_print 2.3439
net matrix:
 0.209432 -0.173472 -0.711664
outputs matrix:
 0.603211 0.414124 0.19414
error matrix:
 0.396789 -0.414124 -0.19414
delta matrix:
 0.189941 -0.200954 -0.0607465
weights_delta matrix:
 0.00755221 -0.0079901 -0.00241533
 0.0118163 -0.0125014 -0.00377906
 0.00358437 -0.0037922 -0.00114635
 0.00257324 -0.00272244 -0.000822969
 0.0189941 -0.0200954 -0.00607465
weights matrix:
 -0.563787 0.0121129 -0.0820179
 0.8668 -0.215434 -0.221502
 -1.13929 0.269882 0.79399
 -0.840621 -0.0517648 0.42814
 0.253612 -0.120317 -0.758806
regression_error on 'test' 0.140111
classification_error on 'test' 0.0263158
Save,395,0.140111,0.0263158
sample_count 75 Sample index 34
 i 0:0.767139 i 1:0.551523 i 2:0.642339 i 3:0.573489 bias 1
 test_print 3.53449
net matrix:
 -0.914728 -0.0861718 -0.188344
outputs matrix:
 0.138303 0.45702 0.406926
error matrix:
 -0.138303 0.54298 -0.406926
delta matrix:
 -0.0329646 0.269484 -0.196413
weights_delta matrix:
 -0.00252884 0.0206732 -0.0150676
 -0.00181807 0.0148626 -0.0108326
 -0.00211745 0.01731 -0.0126163
 -0.00189048 0.0154546 -0.011264
 -0.00329646 0.0269484 -0.0196413
weights matrix:
 -0.566316 0.0327861 -0.0970854
 0.864982 -0.200572 -0.232335
 -1.14141 0.287192 0.781373
 -0.842512 -0.0363102 0.416876
 0.250315 -0.0933682 -0.778447
regression_error on 'test' 0.14621
classification_error on 'test' 0.315789
Save,396,0.14621,0.315789
sample_count 75 Sample index 64
 i 0:0.282131 i 1:0.516233 i 2:0.158468 i 3:0.0989754 bias 1
 test_print 2.05581
net matrix:
 0.272808 -0.145743 -0.760694
outputs matrix:
 0.633118 0.42764 0.179257
error matrix:
 0.366882 -0.42764 -0.179257
delta matrix:
 0.170439 -0.209342 -0.0527461
weights_delta matrix:
 0.0048086 -0.00590618 -0.00148813
 0.0087986 -0.0108069 -0.00272293
 0.00270091 -0.0033174 -0.000835857
 0.00168692 -0.00207197 -0.000522057
 0.0170439 -0.0209342 -0.00527461
weights matrix:
 -0.561507 0.0268799 -0.0985736
 0.873781 -0.211378 -0.235058
 -1.13871 0.283875 0.780538
 -0.840825 -0.0383822 0.416354
 0.267359 -0.114302 -0.783722
regression_error on 'test' 0.143771
classification_error on 'test' 0.210526
Save,397,0.143771,0.210526
sample_count 75 Sample index 68
 i 0:0.305227 i 1:0.657392 i 2:0.173589 i 3:0.281481 bias 1
 test_print 2.41769
net matrix:
 0.236045 -0.206583 -0.715646
outputs matrix:
 0.615878 0.398153 0.192897
error matrix:
 0.384122 -0.398153 -0.192897
delta matrix:
 0.181745 -0.190817 -0.0600637
weights_delta matrix:
 0.00554735 -0.00582424 -0.00183331
 0.0119478 -0.0125441 -0.00394854
 0.00315489 -0.00331237 -0.00104264
 0.00511577 -0.00537113 -0.00169068
 0.0181745 -0.0190817 -0.00600637
weights matrix:
 -0.55596 0.0210556 -0.100407
 0.885728 -0.223923 -0.239007
 -1.13555 0.280563 0.779495
 -0.835709 -0.0437533 0.414664
 0.285534 -0.133384 -0.789728
regression_error on 'test' 0.141586
classification_error on 'test' 0.131579
Save,398,0.141586,0.131579
sample_count 75 Sample index 4
 i 0:0.212844 i 1:0.516233 i 2:0.158468 i 3:0.135476 bias 1
 test_print 2.02302
net matrix:
 0.331276 -0.205966 -0.75478
outputs matrix:
 0.659833 0.398449 0.181004
error matrix:
 0.340167 -0.398449 -0.181004
delta matrix:
 0.152703 -0.191006 -0.0536646
weights_delta matrix:
 0.00325019 -0.00406546 -0.00114222
 0.00788303 -0.00986038 -0.00277034
 0.00241985 -0.00302684 -0.000850412
 0.00206876 -0.00258768 -0.000727026
 0.0152703 -0.0191006 -0.00536646
weights matrix:
 -0.55271 0.0169902 -0.101549
 0.893611 -0.233783 -0.241777
 -1.13313 0.277536 0.778645
 -0.83364 -0.046341 0.413936
 0.300804 -0.152485 -0.795095
regression_error on 'test' 0.139903
classification_error on 'test' 0.0789474
Save,399,0.139903,0.0789474
sample_count 75 Sample index 16
 i 0:0.60547 i 1:0.304495 i 2:0.687702 i 3:0.755994 bias 1
 test_print 3.35366
net matrix:
 -1.17123 -0.0575551 -0.0817906
outputs matrix:
 0.0876672 0.471254 0.459196
error matrix:
 -0.0876672 -0.471254 0.540804
delta matrix:
 -0.0140235 -0.234848 0.268601
weights_delta matrix:
 -0.000849083 -0.0142194 0.016263
 -0.00042701 -0.00715101 0.00817878
 -0.000964401 -0.0161506 0.0184718
 -0.00106017 -0.0177544 0.0203061
 -0.00140235 -0.0234848 0.0268601
weights matrix:
 -0.553559 0.00277082 -0.0852861
 0.893184 -0.240934 -0.233598
 -1.1341 0.261385 0.797116
 -0.8347 -0.0640954 0.434243
 0.299402 -0.17597 -0.768235
regression_error on 'test' 0.13457
classification_error on 'test' 0.0789474
Save,400,0.13457,0.0789474
sample_count 75 Sample index 53
 i 0:0.489992 i 1:0.410364 i 2:0.702823 i 3:0.938499 bias 1
 test_print 3.54168
net matrix:
 -1.18574 -0.149928 0.0618836
outputs matrix:
 0.0853733 0.425592 0.530902
error matrix:
 -0.0853733 -0.425592 0.469098
delta matrix:
 -0.0133327 -0.208084 0.233653
weights_delta matrix:
 -0.000653292 -0.0101959 0.0114488
 -0.000547126 -0.008539 0.00958827
 -0.000937053 -0.0146246 0.0164217
 -0.00125127 -0.0195286 0.0219283
 -0.00133327 -0.0208084 0.0233653
weights matrix:
 -0.554212 -0.00742511 -0.0738373
 0.892637 -0.249473 -0.22401
 -1.13503 0.246761 0.813538
 -0.835952 -0.083624 0.456171
 0.298068 -0.196778 -0.744869
regression_error on 'test' 0.130669
classification_error on 'test' 0.184211
Save,401,0.130669,0.184211
sample_count 75 Sample index 17
 i 0:0.443801 i 1:0.304495 i 2:0.521371 i 3:0.463986 bias 1
 test_print 2.73365
net matrix:
 -0.655731 -0.186183 -0.210036
outputs matrix:
 0.212242 0.407969 0.396499
error matrix:
 -0.212242 0.592031 -0.396499
delta matrix:
 -0.0709719 0.285987 -0.189755
weights_delta matrix:
 -0.00314974 0.0126921 -0.00842134
 -0.00216106 0.00870815 -0.00577794
 -0.00370027 0.0149105 -0.00989327
 -0.003293 0.0132694 -0.00880436
 -0.00709719 0.0285987 -0.0189755
weights matrix:
 -0.557362 0.00526701 -0.0822586
 0.890476 -0.240765 -0.229788
 -1.13873 0.261671 0.803645
 -0.839245 -0.0703546 0.447367
 0.290971 -0.168179 -0.763845
regression_error on 'test' 0.134118
classification_error on 'test' 0.105263
Save,402,0.134118,0.105263
sample_count 75 Sample index 11
 i 0:0.536183 i 1:0.198626 i 2:0.536492 i 3:0.427485 bias 1
 test_print 2.69879
net matrix:
 -0.800691 -0.102868 -0.231201
outputs matrix:
 0.167789 0.448746 0.386416
error matrix:
 -0.167789 0.551254 -0.386416
delta matrix:
 -0.0468585 0.272731 -0.183238
weights_delta matrix:
 -0.00251248 0.0146233 -0.00982489
 -0.000930732 0.00541714 -0.00363958
 -0.00251392 0.0146318 -0.00983055
 -0.00200313 0.0116588 -0.00783313
 -0.00468585 0.0272731 -0.0183238
weights matrix:
 -0.559874 0.0198904 -0.0920835
 0.889545 -0.235348 -0.233427
 -1.14125 0.276303 0.793814
 -0.841248 -0.0586958 0.439533
 0.286285 -0.140906 -0.782169
regression_error on 'test' 0.138089
classification_error on 'test' 0.0526316
Save,403,0.138089,0.0526316
sample_count 75 Sample index 21
 i 0:0.836426 i 1:0.445654 i 2:0.884274 i 3:0.719493 bias 1
 test_print 3.88585
net matrix:
 -1.40003 -0.0270568 0.054973
outputs matrix:
 0.0573214 0.486475 0.527459
error matrix:
 -0.0573214 -0.486475 0.472541
delta matrix:
 -0.0061948 -0.243059 0.235558
weights_delta matrix:
 -0.000518149 -0.0203301 0.0197027
 -0.000276074 -0.010832 0.0104977
 -0.00054779 -0.0214931 0.0208298
 -0.000445712 -0.017488 0.0169482
 -0.00061948 -0.0243059 0.0235558
weights matrix:
 -0.560393 -0.000439771 -0.0723808
 0.889269 -0.24618 -0.22293
 -1.14179 0.25481 0.814644
 -0.841694 -0.0761838 0.456482
 0.285666 -0.165212 -0.758613
regression_error on 'test' 0.132795
classification_error on 'test' 0.157895
Save,404,0.132795,0.157895
sample_count 75 Sample index 36
 i 0:0.744044 i 1:0.516233 i 2:0.702823 i 3:0.901998 bias 1
 test_print 3.8651
net matrix:
 -1.23391 -0.182257 0.0567452
outputs matrix:
 0.0781457 0.409867 0.528342
error matrix:
 -0.0781457 -0.409867 0.471658
delta matrix:
 -0.0112591 -0.198274 0.235071
weights_delta matrix:
 -0.000837724 -0.0147525 0.0174903
 -0.00058123 -0.0102356 0.0121351
 -0.000791313 -0.0139352 0.0165213
 -0.00101557 -0.0178843 0.0212034
 -0.00112591 -0.0198274 0.0235071
weights matrix:
 -0.56123 -0.0151922 -0.0548905
 0.888688 -0.256415 -0.210794
 -1.14259 0.240875 0.831165
 -0.842709 -0.0940681 0.477685
 0.28454 -0.18504 -0.735106
regression_error on 'test' 0.129284
classification_error on 'test' 0.236842
Save,405,0.129284,0.236842
sample_count 75 Sample index 40
 i 0:0.328323 i 1:0.763262 i 2:0.158468 i 3:0.171977 bias 1
 test_print 2.42203
net matrix:
 0.452587 -0.363746 -0.700155
outputs matrix:
 0.712012 0.325745 0.197767
error matrix:
 0.287988 -0.325745 -0.197767
delta matrix:
 0.118105 -0.14309 -0.0627535
weights_delta matrix:
 0.00387765 -0.00469798 -0.00206034
 0.00901448 -0.0109215 -0.00478974
 0.00187158 -0.00226752 -0.000994442
 0.00203113 -0.00246082 -0.00107922
 0.0118105 -0.014309 -0.00627535
weights matrix:
 -0.557353 -0.0198902 -0.0569508
 0.897703 -0.267337 -0.215584
 -1.14071 0.238607 0.830171
 -0.840678 -0.0965289 0.476606
 0.29635 -0.199349 -0.741381
regression_error on 'test' 0.12824
classification_error on 'test' 0.236842
Save,406,0.12824,0.236842
sample_count 75 Sample index 30
 i 0:0.559279 i 1:0.410364 i 2:0.642339 i 3:0.500487 bias 1
 test_print 3.11247
net matrix:
 -0.800454 -0.215223 -0.0899142
outputs matrix:
 0.167855 0.39402 0.455164
error matrix:
 -0.167855 0.60598 -0.455164
delta matrix:
 -0.0468917 0.289378 -0.225752
weights_delta matrix:
 -0.00262256 0.0161843 -0.0126258
 -0.00192427 0.011875 -0.00926404
 -0.00301204 0.0185879 -0.0145009
 -0.00234687 0.014483 -0.0112986
 -0.00468917 0.0289378 -0.0225752
weights matrix:
 -0.559975 -0.00370595 -0.0695767
 0.895778 -0.255462 -0.224848
 -1.14373 0.257195 0.81567
 -0.843025 -0.0820459 0.465307
 0.291661 -0.170411 -0.763956
regression_error on 'test' 0.131731
classification_error on 'test' 0.157895
Save,407,0.131731,0.157895
sample_count 75 Sample index 16
 i 0:0.60547 i 1:0.304495 i 2:0.687702 i 3:0.755994 bias 1
 test_print 3.35366
net matrix:
 -1.19849 -0.135594 0.0381594
outputs matrix:
 0.083403 0.432615 0.51907
error matrix:
 -0.083403 -0.432615 0.48093
delta matrix:
 -0.0127518 -0.212379 0.240115
weights_delta matrix:
 -0.000772084 -0.0128589 0.0145382
 -0.000388287 -0.00646683 0.00731138
 -0.000876945 -0.0146053 0.0165128
 -0.00096403 -0.0160557 0.0181525
 -0.00127518 -0.0212379 0.0240115
weights matrix:
 -0.560747 -0.0165649 -0.0550384
 0.89539 -0.261929 -0.217537
 -1.1446 0.24259 0.832183
 -0.843989 -0.0981016 0.48346
 0.290386 -0.191649 -0.739945
regression_error on 'test' 0.128553
classification_error on 'test' 0.236842
Save,408,0.128553,0.236842
sample_count 75 Sample index 9
 i 0:0.351418 i 1:0.375074 i 2:0.521371 i 3:0.573489 bias 1
 test_print 2.82135
net matrix:
 -0.651614 -0.225494 -0.129744
outputs matrix:
 0.213622 0.389126 0.43549
error matrix:
 -0.213622 0.610874 -0.43549
delta matrix:
 -0.0717718 0.290418 -0.21412
weights_delta matrix:
 -0.00252219 0.0102058 -0.00752457
 -0.00269197 0.0108928 -0.00803109
 -0.00374197 0.0151416 -0.0111636
 -0.00411603 0.0166552 -0.0122796
 -0.00717718 0.0290418 -0.021412
weights matrix:
 -0.563269 -0.00635904 -0.062563
 0.892698 -0.251036 -0.225568
 -1.14835 0.257731 0.821019
 -0.848105 -0.0814465 0.47118
 0.283209 -0.162607 -0.761357
regression_error on 'test' 0.131808
classification_error on 'test' 0.157895
Save,409,0.131808,0.157895
sample_count 75 Sample index 36
 i 0:0.744044 i 1:0.516233 i 2:0.702823 i 3:0.901998 bias 1
 test_print 3.8651
net matrix:
 -1.24712 -0.189257 0.0776828
outputs matrix:
 0.0762629 0.406486 0.538763
error matrix:
 -0.0762629 -0.406486 0.461237
delta matrix:
 -0.010745 -0.196133 0.229232
weights_delta matrix:
 -0.000799472 -0.0145932 0.0170559
 -0.00055469 -0.0101251 0.0118337
 -0.00075518 -0.0137847 0.016111
 -0.000969193 -0.0176912 0.0206767
 -0.0010745 -0.0196133 0.0229232
weights matrix:
 -0.564069 -0.0209522 -0.0455071
 0.892143 -0.261161 -0.213734
 -1.1491 0.243946 0.83713
 -0.849074 -0.0991377 0.491857
 0.282134 -0.18222 -0.738433
regression_error on 'test' 0.128542
classification_error on 'test' 0.236842
Save,410,0.128542,0.236842
sample_count 75 Sample index 67
 i 0:0.443801 i 1:0.375074 i 2:0.566734 i 3:0.536988 bias 1
 test_print 2.9226
net matrix:
 -0.740757 -0.204457 -0.100244
outputs matrix:
 0.185199 0.399173 0.450045
error matrix:
 -0.185199 0.600827 -0.450045
delta matrix:
 -0.0558931 0.288197 -0.222776
weights_delta matrix:
 -0.00248054 0.0127902 -0.00988684
 -0.0020964 0.0108095 -0.00835576
 -0.00316765 0.0163331 -0.0126255
 -0.00300139 0.0154759 -0.0119628
 -0.00558931 0.0288197 -0.0222776
weights matrix:
 -0.56655 -0.008162 -0.055394
 0.890047 -0.250351 -0.22209
 -1.15227 0.26028 0.824505
 -0.852075 -0.0836618 0.479894
 0.276545 -0.153401 -0.760711
regression_error on 'test' 0.131854
classification_error on 'test' 0.157895
Save,411,0.131854,0.157895
sample_count 75 Sample index 44
 i 0:0.536183 i 1:0.375074 i 2:0.702823 i 3:0.646491 bias 1
 test_print 3.26057
net matrix:
 -1.0541 -0.122833 0.0160154
outputs matrix:
 0.108303 0.43889 0.508007
error matrix:
 -0.108303 0.56111 -0.508007
delta matrix:
 -0.0209185 0.276364 -0.253938
weights_delta matrix:
 -0.00112161 0.0148182 -0.0136157
 -0.000784598 0.0103657 -0.00952457
 -0.0014702 0.0194235 -0.0178474
 -0.00135236 0.0178667 -0.0164169
 -0.00209185 0.0276364 -0.0253938
weights matrix:
 -0.567671 0.00665617 -0.0690097
 0.889262 -0.239986 -0.231615
 -1.15374 0.279703 0.806657
 -0.853428 -0.0657951 0.463477
 0.274453 -0.125764 -0.786105
regression_error on 'test' 0.136668
classification_error on 'test' 0
Save,412,0.136668,0
sample_count 75 Sample index 27
 i 0:0.328323 i 1:0.622103 i 2:0.158468 i 3:0.135476 bias 1
 test_print 2.24437
net matrix:
 0.342837 -0.237464 -0.762231
outputs matrix:
 0.665004 0.38345 0.178805
error matrix:
 0.334996 -0.38345 -0.178805
delta matrix:
 0.149257 -0.181308 -0.0525094
weights_delta matrix:
 0.00490044 -0.00595275 -0.00172401
 0.0092853 -0.0112792 -0.00326663
 0.00236524 -0.00287315 -0.000832106
 0.00202207 -0.00245629 -0.000711377
 0.0149257 -0.0181308 -0.00525094
weights matrix:
 -0.562771 0.000703417 -0.0707337
 0.898548 -0.251265 -0.234881
 -1.15137 0.27683 0.805825
 -0.851406 -0.0682514 0.462766
 0.289379 -0.143895 -0.791356
regression_error on 'test' 0.134895
classification_error on 'test' 0.0263158
Save,413,0.134895,0.0263158
sample_count 75 Sample index 66
 i 0:0.60547 i 1:0.304495 i 2:0.672581 i 3:0.60999 bias 1
 test_print 3.19254
net matrix:
 -1.0715 -0.0754201 -0.081438
outputs matrix:
 0.104987 0.462361 0.459371
error matrix:
 -0.104987 0.537639 -0.459371
delta matrix:
 -0.0197303 0.267296 -0.228169
weights_delta matrix:
 -0.00119461 0.016184 -0.0138149
 -0.000600776 0.00813903 -0.00694763
 -0.00132702 0.0179778 -0.0153462
 -0.00120353 0.0163048 -0.0139181
 -0.00197303 0.0267296 -0.0228169
weights matrix:
 -0.563965 0.0168874 -0.0845486
 0.897947 -0.243126 -0.241829
 -1.1527 0.294808 0.790479
 -0.852609 -0.0519466 0.448848
 0.287406 -0.117165 -0.814173
regression_error on 'test' 0.140211
classification_error on 'test' 0.131579
Save,414,0.140211,0.131579
sample_count 75 Sample index 11
 i 0:0.536183 i 1:0.198626 i 2:0.536492 i 3:0.427485 bias 1
 test_print 2.69879
net matrix:
 -0.819519 -0.0204461 -0.291579
outputs matrix:
 0.162596 0.489778 0.358206
error matrix:
 -0.162596 0.510222 -0.358206
delta matrix:
 -0.0442776 0.255004 -0.164699
weights_delta matrix:
 -0.00237409 0.0136729 -0.00883091
 -0.000879469 0.00506505 -0.00327136
 -0.00237546 0.0136808 -0.008836
 -0.0018928 0.010901 -0.00704066
 -0.00442776 0.0255004 -0.0164699
weights matrix:
 -0.566339 0.0305603 -0.0933795
 0.897067 -0.238061 -0.2451
 -1.15508 0.308489 0.781643
 -0.854502 -0.0410456 0.441807
 0.282978 -0.0916649 -0.830643
regression_error on 'test' 0.144903
classification_error on 'test' 0.342105
Save,415,0.144903,0.342105
sample_count 75 Sample index 72
 i 0:0.905713 i 1:0.480944 i 2:0.929637 i 3:0.828996 bias 1
 test_print 4.14529
net matrix:
 -1.5807 0.0742758 0.0598032
outputs matrix:
 0.0406442 0.53707 0.529866
error matrix:
 -0.0406442 -0.53707 0.470134
delta matrix:
 -0.00316961 -0.267059 0.234228
weights_delta matrix:
 -0.000287076 -0.0241879 0.0212144
 -0.000152441 -0.012844 0.0112651
 -0.000294659 -0.0248268 0.0217747
 -0.00026276 -0.0221391 0.0194174
 -0.000316961 -0.0267059 0.0234228
weights matrix:
 -0.566626 0.00637242 -0.0721652
 0.896915 -0.250905 -0.233835
 -1.15537 0.283662 0.803418
 -0.854765 -0.0631847 0.461224
 0.282661 -0.118371 -0.80722
regression_error on 'test' 0.137389
classification_error on 'test' 0.0526316
Save,416,0.137389,0.0526316
sample_count 75 Sample index 46
 i 0:0.928809 i 1:0.480944 i 2:0.854032 i 3:0.901998 bias 1
 test_print 4.16578
net matrix:
 -1.56998 -0.0478594 0.115459
outputs matrix:
 0.0414887 0.476089 0.557474
error matrix:
 -0.0414887 -0.476089 0.442526
delta matrix:
 -0.0032998 -0.2375 0.218339
weights_delta matrix:
 -0.000306488 -0.0220592 0.0202796
 -0.000158702 -0.0114224 0.0105009
 -0.000281813 -0.0202832 0.0186469
 -0.000297641 -0.0214224 0.0196942
 -0.00032998 -0.02375 0.0218339
weights matrix:
 -0.566933 -0.0156868 -0.0518856
 0.896756 -0.262327 -0.223334
 -1.15565 0.263379 0.822064
 -0.855062 -0.0846071 0.480919
 0.282331 -0.142121 -0.785386
regression_error on 'test' 0.131953
classification_error on 'test' 0.157895
Save,417,0.131953,0.157895
sample_count 75 Sample index 63
 i 0:0.420705 i 1:0.904421 i 2:0.143347 i 3:0.135476 bias 1
 test_print 2.60395
net matrix:
 0.573365 -0.359682 -0.826209
outputs matrix:
 0.758913 0.327533 0.160782
error matrix:
 0.241087 -0.327533 -0.160782
delta matrix:
 0.0882204 -0.144282 -0.0433892
weights_delta matrix:
 0.00371148 -0.00607 -0.0018254
 0.00797884 -0.0130491 -0.00392421
 0.00126461 -0.00206823 -0.000621971
 0.00119517 -0.00195467 -0.000587819
 0.00882204 -0.0144282 -0.00433892
weights matrix:
 -0.563221 -0.0217568 -0.053711
 0.904735 -0.275376 -0.227258
 -1.15439 0.26131 0.821443
 -0.853867 -0.0865618 0.480331
 0.291153 -0.156549 -0.789725
regression_error on 'test' 0.130674
classification_error on 'test' 0.157895
Save,418,0.130674,0.157895
sample_count 75 Sample index 30
 i 0:0.559279 i 1:0.410364 i 2:0.642339 i 3:0.500487 bias 1
 test_print 3.11247
net matrix:
 -0.821432 -0.157195 -0.144979
outputs matrix:
 0.162076 0.422044 0.428014
error matrix:
 -0.162076 0.577956 -0.428014
delta matrix:
 -0.0440222 0.281953 -0.209571
weights_delta matrix:
 -0.00246207 0.0157691 -0.0117209
 -0.00180651 0.0115704 -0.00860005
 -0.00282771 0.018111 -0.0134616
 -0.00220325 0.0141114 -0.0104888
 -0.00440222 0.0281953 -0.0209571
weights matrix:
 -0.565684 -0.00598772 -0.0654319
 0.902929 -0.263806 -0.235858
 -1.15722 0.279421 0.807981
 -0.856071 -0.0724504 0.469842
 0.286751 -0.128354 -0.810682
regression_error on 'test' 0.135008
classification_error on 'test' 0
Save,419,0.135008,0
sample_count 75 Sample index 23
 i 0:0.975 i 1:0.763262 i 2:0.899395 i 3:0.792495 bias 1
 test_print 4.43015
net matrix:
 -1.29484 -0.141651 0.0445417
outputs matrix:
 0.069805 0.429644 0.522256
error matrix:
 -0.069805 -0.429644 0.477744
delta matrix:
 -0.00906519 -0.210569 0.238399
weights_delta matrix:
 -0.000883856 -0.0205305 0.0232439
 -0.000691911 -0.0160719 0.0181961
 -0.000815318 -0.0189384 0.0214415
 -0.000718411 -0.0166875 0.018893
 -0.000906519 -0.0210569 0.0238399
weights matrix:
 -0.566567 -0.0265182 -0.042188
 0.902237 -0.279878 -0.217662
 -1.15803 0.260483 0.829422
 -0.856789 -0.0891378 0.488735
 0.285844 -0.14941 -0.786842
regression_error on 'test' 0.130026
classification_error on 'test' 0.184211
Save,420,0.130026,0.184211
sample_count 75 Sample index 56
 i 0:0.328323 i 1:0.727972 i 2:0.158468 i 3:0.208478 bias 1
 test_print 2.42324
net matrix:
 0.394498 -0.339165 -0.725818
outputs matrix:
 0.687616 0.336634 0.18975
error matrix:
 0.312384 -0.336634 -0.18975
delta matrix:
 0.134201 -0.150348 -0.0583461
weights_delta matrix:
 0.00440611 -0.00493629 -0.00191564
 0.00976942 -0.0109449 -0.00424744
 0.00212665 -0.00238254 -0.0009246
 0.00279779 -0.00313444 -0.00121639
 0.0134201 -0.0150348 -0.00583461
weights matrix:
 -0.562161 -0.0314545 -0.0441037
 0.912006 -0.290823 -0.22191
 -1.1559 0.2581 0.828498
 -0.853991 -0.0922723 0.487519
 0.299265 -0.164445 -0.792677
regression_error on 'test' 0.128845
classification_error on 'test' 0.184211
Save,421,0.128845,0.184211
sample_count 75 Sample index 15
 i 0:0.720948 i 1:0.410364 i 2:0.65746 i 3:0.573489 bias 1
 test_print 3.36226
net matrix:
 -0.981485 -0.189692 -0.0912462
outputs matrix:
 0.123146 0.406275 0.454503
error matrix:
 -0.123146 0.593725 -0.454503
delta matrix:
 -0.0265949 0.286431 -0.22537
weights_delta matrix:
 -0.00191735 0.0206502 -0.016248
 -0.00109136 0.0117541 -0.00924837
 -0.00174851 0.0188317 -0.0148172
 -0.00152519 0.0164265 -0.0129247
 -0.00265949 0.0286431 -0.022537
weights matrix:
 -0.564079 -0.0108042 -0.0603517
 0.910915 -0.279069 -0.231158
 -1.15765 0.276932 0.813681
 -0.855516 -0.0758457 0.474594
 0.296605 -0.135802 -0.815214
regression_error on 'test' 0.133261
classification_error on 'test' 0.0526316
Save,422,0.133261,0.0526316
sample_count 75 Sample index 67
 i 0:0.443801 i 1:0.375074 i 2:0.566734 i 3:0.536988 bias 1
 test_print 2.9226
net matrix:
 -0.727556 -0.12905 -0.212708
outputs matrix:
 0.189216 0.435831 0.395222
error matrix:
 -0.189216 0.564169 -0.395222
delta matrix:
 -0.0580565 0.277438 -0.188933
weights_delta matrix:
 -0.00257655 0.0123127 -0.00838486
 -0.00217755 0.010406 -0.00708638
 -0.00329026 0.0157234 -0.0107075
 -0.00311757 0.0148981 -0.0101455
 -0.00580565 0.0277438 -0.0188933
weights matrix:
 -0.566655 0.0015085 -0.0687365
 0.908737 -0.268663 -0.238245
 -1.16094 0.292655 0.802973
 -0.858634 -0.0609476 0.464448
 0.290799 -0.108058 -0.834107
regression_error on 'test' 0.137816
classification_error on 'test' 0.0526316
Save,423,0.137816,0.0526316
sample_count 75 Sample index 64
 i 0:0.282131 i 1:0.516233 i 2:0.158468 i 3:0.0989754 bias 1
 test_print 2.05581
net matrix:
 0.331093 -0.205981 -0.803275
outputs matrix:
 0.659751 0.398442 0.167068
error matrix:
 0.340249 -0.398442 -0.167068
delta matrix:
 0.152758 -0.191002 -0.0464972
weights_delta matrix:
 0.00430977 -0.00538875 -0.00131183
 0.00788586 -0.00986014 -0.00240034
 0.00242072 -0.00302677 -0.000736832
 0.00151193 -0.00189045 -0.000460208
 0.0152758 -0.0191002 -0.00464972
weights matrix:
 -0.562345 -0.00388025 -0.0700484
 0.916623 -0.278523 -0.240645
 -1.15852 0.289629 0.802236
 -0.857122 -0.0628381 0.463988
 0.306075 -0.127158 -0.838757
regression_error on 'test' 0.136107
classification_error on 'test' 0.0526316
Save,424,0.136107,0.0526316
sample_count 75 Sample index 41
 i 0:0.674757 i 1:0.445654 i 2:0.627218 i 3:0.536988 bias 1
 test_print 3.28462
net matrix:
 -0.851785 -0.105985 -0.240934
outputs matrix:
 0.154 0.447205 0.381811
error matrix:
 -0.154 0.552795 -0.381811
delta matrix:
 -0.0401273 0.273316 -0.180239
weights_delta matrix:
 -0.00270762 0.0184422 -0.0121618
 -0.00178829 0.0121804 -0.00803242
 -0.00251686 0.0171429 -0.0113049
 -0.00215479 0.0146767 -0.00967862
 -0.00401273 0.0273316 -0.0180239
weights matrix:
 -0.565053 0.0145619 -0.0822101
 0.914835 -0.266343 -0.248677
 -1.16104 0.306771 0.790931
 -0.859277 -0.0481613 0.45431
 0.302062 -0.0998269 -0.856781
regression_error on 'test' 0.141581
classification_error on 'test' 0.289474
Save,425,0.141581,0.289474
sample_count 75 Sample index 8
 i 0:0.489992 i 1:0.375074 i 2:0.702823 i 3:0.755994 bias 1
 test_print 3.32388
net matrix:
 -1.09729 -0.0133935 -0.0909952
outputs matrix:
 0.100238 0.493304 0.454628
error matrix:
 -0.100238 -0.493304 0.545372
delta matrix:
 -0.018081 -0.246608 0.270441
weights_delta matrix:
 -0.000885956 -0.0120836 0.0132514
 -0.000678172 -0.00924961 0.0101435
 -0.00127078 -0.0173321 0.0190072
 -0.00136691 -0.0186434 0.0204452
 -0.0018081 -0.0246608 0.0270441
weights matrix:
 -0.565939 0.00247835 -0.0689587
 0.914157 -0.275592 -0.238534
 -1.16231 0.289439 0.809939
 -0.860644 -0.0668047 0.474755
 0.300254 -0.124488 -0.829737
regression_error on 'test' 0.13552
classification_error on 'test' 0.0263158
Save,426,0.13552,0.0263158
sample_count 75 Sample index 23
 i 0:0.975 i 1:0.763262 i 2:0.899395 i 3:0.792495 bias 1
 test_print 4.43015
net matrix:
 -1.28123 -0.125042 0.0256604
outputs matrix:
 0.0715943 0.437803 0.512827
error matrix:
 -0.0715943 -0.437803 0.487173
delta matrix:
 -0.00951755 -0.215514 0.243426
weights_delta matrix:
 -0.000927961 -0.0210126 0.023734
 -0.000726438 -0.0164494 0.0185798
 -0.000856004 -0.0193832 0.0218936
 -0.000754261 -0.0170794 0.0192914
 -0.000951755 -0.0215514 0.0243426
weights matrix:
 -0.566867 -0.0185343 -0.0452247
 0.91343 -0.292041 -0.219954
 -1.16317 0.270056 0.831832
 -0.861398 -0.0838841 0.494046
 0.299303 -0.146039 -0.805394
regression_error on 'test' 0.130109
classification_error on 'test' 0.157895
Save,427,0.130109,0.157895
sample_count 75 Sample index 30
 i 0:0.559279 i 1:0.410364 i 2:0.642339 i 3:0.500487 bias 1
 test_print 3.11247
net matrix:
 -0.82116 -0.144764 -0.139366
outputs matrix:
 0.16215 0.42812 0.430764
error matrix:
 -0.16215 0.57188 -0.430764
delta matrix:
 -0.0440583 0.280031 -0.211252
weights_delta matrix:
 -0.00246409 0.0156615 -0.0118149
 -0.00180799 0.0114914 -0.00866904
 -0.00283004 0.0179875 -0.0135696
 -0.00220506 0.0140152 -0.0105729
 -0.00440583 0.0280031 -0.0211252
weights matrix:
 -0.569331 -0.00287274 -0.0570396
 0.911622 -0.28055 -0.228623
 -1.166 0.288044 0.818263
 -0.863603 -0.0698689 0.483473
 0.294897 -0.118036 -0.826519
regression_error on 'test' 0.13447
classification_error on 'test' 0.0263158
Save,428,0.13447,0.0263158
sample_count 75 Sample index 54
 i 0:0.305227 i 1:0.622103 i 2:0.158468 i 3:0.135476 bias 1
 test_print 2.22127
net matrix:
 0.386474 -0.257264 -0.790989
outputs matrix:
 0.684158 0.374133 0.170516
error matrix:
 0.315842 -0.374133 -0.170516
delta matrix:
 0.136498 -0.175212 -0.0482355
weights_delta matrix:
 0.00416628 -0.00534794 -0.00147228
 0.00849157 -0.0109 -0.00300074
 0.00216305 -0.00277655 -0.000764378
 0.00184922 -0.0023737 -0.000653475
 0.0136498 -0.0175212 -0.00482355
weights matrix:
 -0.565165 -0.00822068 -0.0585119
 0.920114 -0.29145 -0.231624
 -1.16383 0.285267 0.817498
 -0.861754 -0.0722426 0.48282
 0.308547 -0.135557 -0.831343
regression_error on 'test' 0.132925
classification_error on 'test' 0.0263158
Save,429,0.132925,0.0263158
sample_count 75 Sample index 4
 i 0:0.212844 i 1:0.516233 i 2:0.158468 i 3:0.135476 bias 1
 test_print 2.02302
net matrix:
 0.362071 -0.252344 -0.768411
outputs matrix:
 0.673518 0.376439 0.176998
error matrix:
 0.326482 -0.376439 -0.176998
delta matrix:
 0.143581 -0.176725 -0.0515664
weights_delta matrix:
 0.00305604 -0.00376149 -0.00109756
 0.00741213 -0.00912314 -0.00266203
 0.0022753 -0.00280053 -0.000817163
 0.00194518 -0.0023942 -0.000698601
 0.0143581 -0.0176725 -0.00515664
weights matrix:
 -0.562109 -0.0119822 -0.0596095
 0.927526 -0.300573 -0.234286
 -1.16156 0.282466 0.816681
 -0.859809 -0.0746368 0.482121
 0.322905 -0.15323 -0.836499
regression_error on 'test' 0.131664
classification_error on 'test' 0.0526316
Save,430,0.131664,0.0526316
sample_count 75 Sample index 46
 i 0:0.928809 i 1:0.480944 i 2:0.854032 i 3:0.901998 bias 1
 test_print 4.16578
net matrix:
 -1.52065 -0.135005 0.127801
outputs matrix:
 0.0455944 0.432905 0.563555
error matrix:
 -0.0455944 -0.432905 0.436445
delta matrix:
 -0.00396813 -0.212555 0.214697
weights_delta matrix:
 -0.000368564 -0.0197423 0.0199412
 -0.000190845 -0.0102227 0.0103257
 -0.000338891 -0.0181529 0.0183358
 -0.000357925 -0.0191724 0.0193656
 -0.000396813 -0.0212555 0.0214697
weights matrix:
 -0.562477 -0.0317245 -0.0396682
 0.927335 -0.310796 -0.22396
 -1.1619 0.264314 0.835017
 -0.860167 -0.0938092 0.501487
 0.322508 -0.174485 -0.81503
regression_error on 'test' 0.127339
classification_error on 'test' 0.184211
Save,431,0.127339,0.184211
sample_count 75 Sample index 32
 i 0:0.697853 i 1:0.516233 i 2:0.642339 i 3:0.60999 bias 1
 test_print 3.46642
net matrix:
 -0.862322 -0.244511 -0.116062
outputs matrix:
 0.151274 0.380124 0.442228
error matrix:
 -0.151274 0.619876 -0.442228
delta matrix:
 -0.0388442 0.292122 -0.218162
weights_delta matrix:
 -0.00271075 0.0203859 -0.0152245
 -0.00200527 0.0150803 -0.0112622
 -0.00249511 0.0187642 -0.0140134
 -0.00236946 0.0178192 -0.0133077
 -0.00388442 0.0292122 -0.0218162
weights matrix:
 -0.565188 -0.0113386 -0.0548927
 0.92533 -0.295716 -0.235222
 -1.16439 0.283078 0.821004
 -0.862536 -0.0759901 0.488179
 0.318623 -0.145273 -0.836846
regression_error on 'test' 0.131734
classification_error on 'test' 0.0526316
Save,432,0.131734,0.0526316
sample_count 75 Sample index 21
 i 0:0.836426 i 1:0.445654 i 2:0.884274 i 3:0.719493 bias 1
 test_print 3.88585
net matrix:
 -1.39197 -0.0908997 0.0896461
outputs matrix:
 0.0581985 0.454675 0.544703
error matrix:
 -0.0581985 -0.454675 0.455297
delta matrix:
 -0.00637989 -0.225469 0.225829
weights_delta matrix:
 -0.000533631 -0.0188588 0.0188889
 -0.000284323 -0.0100481 0.0100641
 -0.000564157 -0.0199377 0.0199694
 -0.000459029 -0.0162224 0.0162482
 -0.000637989 -0.0225469 0.0225829
weights matrix:
 -0.565722 -0.0301974 -0.0360038
 0.925045 -0.305764 -0.225158
 -1.16496 0.26314 0.840973
 -0.862995 -0.0922124 0.504427
 0.317985 -0.16782 -0.814263
regression_error on 'test' 0.127453
classification_error on 'test' 0.184211
Save,433,0.127453,0.184211
sample_count 75 Sample index 57
 i 0:0.374514 i 1:0.727972 i 2:0.158468 i 3:0.135476 bias 1
 test_print 2.39643
net matrix:
 0.477999 -0.37251 -0.790051
outputs matrix:
 0.72232 0.321907 0.170781
error matrix:
 0.27768 -0.321907 -0.170781
delta matrix:
 0.111391 -0.140534 -0.0483703
weights_delta matrix:
 0.00417174 -0.00526319 -0.00181154
 0.00810894 -0.0102305 -0.00352122
 0.00176519 -0.00222701 -0.000766515
 0.00150908 -0.0019039 -0.000655302
 0.0111391 -0.0140534 -0.00483703
weights matrix:
 -0.56155 -0.0354606 -0.0378154
 0.933154 -0.315994 -0.228679
 -1.16319 0.260913 0.840206
 -0.861486 -0.0941163 0.503772
 0.329125 -0.181873 -0.8191
regression_error on 'test' 0.126586
classification_error on 'test' 0.184211
Save,434,0.126586,0.184211
sample_count 75 Sample index 53
 i 0:0.489992 i 1:0.410364 i 2:0.702823 i 3:0.938499 bias 1
 test_print 3.54168
net matrix:
 -1.18912 -0.233874 0.131835
outputs matrix:
 0.0848474 0.38515 0.565538
error matrix:
 -0.0848474 -0.38515 0.434462
delta matrix:
 -0.0131765 -0.182414 0.213499
weights_delta matrix:
 -0.000645639 -0.00893814 0.0104613
 -0.000540717 -0.00748562 0.00876122
 -0.000926077 -0.0128205 0.0150052
 -0.00123662 -0.0171195 0.0200368
 -0.00131765 -0.0182414 0.0213499
weights matrix:
 -0.562196 -0.0443988 -0.0273541
 0.932614 -0.32348 -0.219918
 -1.16412 0.248093 0.855212
 -0.862723 -0.111236 0.523809
 0.327807 -0.200115 -0.79775
regression_error on 'test' 0.124106
classification_error on 'test' 0.236842
Save,435,0.124106,0.236842
sample_count 75 Sample index 34
 i 0:0.767139 i 1:0.551523 i 2:0.642339 i 3:0.573489 bias 1
 test_print 3.53449
net matrix:
 -0.831637 -0.317014 -0.0902902
outputs matrix:
 0.159323 0.346598 0.454977
error matrix:
 -0.159323 0.653402 -0.454977
delta matrix:
 -0.0426792 0.295949 -0.225644
weights_delta matrix:
 -0.00327409 0.0227034 -0.01731
 -0.00235386 0.0163223 -0.0124448
 -0.00274145 0.01901 -0.014494
 -0.00244761 0.0169724 -0.0129404
 -0.00426792 0.0295949 -0.0225644
weights matrix:
 -0.56547 -0.0216954 -0.0446641
 0.93026 -0.307157 -0.232363
 -1.16686 0.267103 0.840718
 -0.86517 -0.0942635 0.510868
 0.323539 -0.17052 -0.820315
regression_error on 'test' 0.127513
classification_error on 'test' 0.184211
Save,436,0.127513,0.184211
sample_count 75 Sample index 0
 i 0:0.282131 i 1:0.269205 i 2:0.430645 i 3:0.427485 bias 1
 test_print 2.40947
net matrix:
 -0.457916 -0.184599 -0.31503
outputs matrix:
 0.285808 0.408735 0.347497
error matrix:
 -0.285808 0.591265 -0.347497
delta matrix:
 -0.116679 0.285783 -0.157585
weights_delta matrix:
 -0.00329188 0.00806282 -0.00444596
 -0.00314107 0.00769342 -0.00424227
 -0.00502474 0.0123071 -0.00678632
 -0.00498787 0.0122168 -0.00673652
 -0.0116679 0.0285783 -0.0157585
weights matrix:
 -0.568762 -0.0136325 -0.0491101
 0.927119 -0.299464 -0.236605
 -1.17188 0.27941 0.833931
 -0.870158 -0.0820467 0.504132
 0.311871 -0.141941 -0.836073
regression_error on 'test' 0.130438
classification_error on 'test' 0.131579
Save,437,0.130438,0.131579
sample_count 75 Sample index 60
 i 0:0.559279 i 1:0.410364 i 2:0.536492 i 3:0.536988 bias 1
 test_print 3.04312
net matrix:
 -0.721739 -0.166612 -0.242523
outputs matrix:
 0.191007 0.417456 0.381061
error matrix:
 -0.191007 0.582544 -0.381061
delta matrix:
 -0.0590302 0.283334 -0.179749
weights_delta matrix:
 -0.00330144 0.0158463 -0.010053
 -0.00242239 0.011627 -0.00737626
 -0.00316692 0.0152006 -0.0096434
 -0.00316985 0.0152147 -0.00965232
 -0.00590302 0.0283334 -0.0179749
weights matrix:
 -0.572063 0.00221371 -0.0591631
 0.924696 -0.287837 -0.243982
 -1.17505 0.29461 0.824288
 -0.873328 -0.066832 0.49448
 0.305968 -0.113608 -0.854048
regression_error on 'test' 0.134834
classification_error on 'test' 0.0526316
Save,438,0.134834,0.0526316
sample_count 75 Sample index 28
 i 0:0.305227 i 1:0.551523 i 2:0.113105 i 3:0.135476 bias 1
 test_print 2.10533
net matrix:
 0.390131 -0.247413 -0.846446
outputs matrix:
 0.685737 0.378757 0.155396
error matrix:
 0.314263 -0.378757 -0.155396
delta matrix:
 0.135449 -0.178243 -0.0407907
weights_delta matrix:
 0.00413426 -0.00544046 -0.00124504
 0.00747031 -0.00983052 -0.0022497
 0.00153199 -0.00201602 -0.000461364
 0.001835 -0.00241477 -0.000552617
 0.0135449 -0.0178243 -0.00407907
weights matrix:
 -0.567929 -0.00322675 -0.0604081
 0.932167 -0.297668 -0.246231
 -1.17352 0.292594 0.823827
 -0.871493 -0.0692468 0.493927
 0.319513 -0.131432 -0.858127
regression_error on 'test' 0.133298
classification_error on 'test' 0.0263158
Save,439,0.133298,0.0263158
sample_count 75 Sample index 61
 i 0:0.697853 i 1:0.480944 i 2:0.687702 i 3:0.682992 bias 1
 test_print 3.54949
net matrix:
 -1.03075 -0.122923 -0.114811
outputs matrix:
 0.112895 0.438846 0.442845
error matrix:
 -0.112895 0.561154 -0.442845
delta matrix:
 -0.0226129 0.27638 -0.218529
weights_delta matrix:
 -0.00157805 0.0192872 -0.0152501
 -0.00108756 0.0132923 -0.01051
 -0.0015551 0.0190067 -0.0150283
 -0.00154445 0.0188765 -0.0149254
 -0.00226129 0.027638 -0.0218529
weights matrix:
 -0.569507 0.0160605 -0.0756583
 0.931079 -0.284375 -0.256741
 -1.17507 0.311601 0.808798
 -0.873037 -0.0503703 0.479002
 0.317252 -0.103794 -0.87998
regression_error on 'test' 0.139379
classification_error on 'test' 0.184211
Save,440,0.139379,0.184211
sample_count 75 Sample index 21
 i 0:0.836426 i 1:0.445654 i 2:0.884274 i 3:0.719493 bias 1
 test_print 3.88585
net matrix:
 -1.41139 0.0222055 0.00215714
outputs matrix:
 0.0561055 0.511101 0.501079
error matrix:
 -0.0561055 -0.511101 0.498921
delta matrix:
 -0.00594244 -0.255424 0.24946
weights_delta matrix:
 -0.000497041 -0.0213644 0.0208654
 -0.000264827 -0.0113831 0.0111173
 -0.000525475 -0.0225865 0.0220591
 -0.000427555 -0.0183776 0.0179484
 -0.000594244 -0.0255424 0.024946
weights matrix:
 -0.570004 -0.00530388 -0.0547928
 0.930814 -0.295758 -0.245624
 -1.1756 0.289014 0.830857
 -0.873465 -0.0687479 0.49695
 0.316657 -0.129337 -0.855034
regression_error on 'test' 0.132783
classification_error on 'test' 0.0263158
Save,441,0.132783,0.0263158
sample_count 75 Sample index 20
 i 0:0.489992 i 1:0.375074 i 2:0.521371 i 3:0.500487 bias 1
 test_print 2.88692
net matrix:
 -0.663596 -0.126591 -0.292107
outputs matrix:
 0.209624 0.437041 0.357963
error matrix:
 -0.209624 0.562959 -0.357963
delta matrix:
 -0.0694618 0.277017 -0.164538
weights_delta matrix:
 -0.00340357 0.0135736 -0.00806224
 -0.00260533 0.0103902 -0.0061714
 -0.00362154 0.0144428 -0.00857855
 -0.00347647 0.0138643 -0.00823493
 -0.00694618 0.0277017 -0.0164538
weights matrix:
 -0.573407 0.00826971 -0.0628551
 0.928209 -0.285368 -0.251795
 -1.17922 0.303457 0.822279
 -0.876941 -0.0548836 0.488715
 0.309711 -0.101635 -0.871488
regression_error on 'test' 0.137285
classification_error on 'test' 0.131579
Save,442,0.137285,0.131579
sample_count 75 Sample index 30
 i 0:0.559279 i 1:0.410364 i 2:0.642339 i 3:0.500487 bias 1
 test_print 3.11247
net matrix:
 -0.826436 -0.0466611 -0.237192
outputs matrix:
 0.160721 0.476686 0.383579
error matrix:
 -0.160721 0.523314 -0.383579
delta matrix:
 -0.0433593 0.261088 -0.181392
weights_delta matrix:
 -0.00242499 0.0146021 -0.0101449
 -0.00177931 0.0107141 -0.00744366
 -0.00278513 0.0167707 -0.0116515
 -0.00217007 0.0130671 -0.00907842
 -0.00433593 0.0261088 -0.0181392
weights matrix:
 -0.575832 0.0228718 -0.0729999
 0.92643 -0.274654 -0.259239
 -1.182 0.320228 0.810627
 -0.879111 -0.0418165 0.479637
 0.305375 -0.0755265 -0.889627
regression_error on 'test' 0.142777
classification_error on 'test' 0.342105
Save,443,0.142777,0.342105
sample_count 75 Sample index 26
 i 0:0.489992 i 1:0.339785 i 2:0.536492 i 3:0.500487 bias 1
 test_print 2.86676
net matrix:
 -0.736111 -0.00677166 -0.338535
outputs matrix:
 0.186605 0.496614 0.336916
error matrix:
 -0.186605 0.503386 -0.336916
delta matrix:
 -0.0566472 0.251681 -0.150536
weights_delta matrix:
 -0.00277567 0.0123322 -0.00737615
 -0.00192479 0.00855175 -0.00511499
 -0.00303908 0.0135025 -0.00807615
 -0.00283512 0.0125963 -0.00753414
 -0.00566472 0.0251681 -0.0150536
weights matrix:
 -0.578608 0.035204 -0.0803761
 0.924505 -0.266102 -0.264354
 -1.18504 0.33373 0.802551
 -0.881947 -0.0292202 0.472103
 0.29971 -0.0503583 -0.904681
regression_error on 'test' 0.148141
classification_error on 'test' 0.421053
Save,444,0.148141,0.421053
sample_count 75 Sample index 63
 i 0:0.420705 i 1:0.904421 i 2:0.143347 i 3:0.135476 bias 1
 test_print 2.60395
net matrix:
 0.603074 -0.232336 -0.998581
outputs matrix:
 0.769617 0.385878 0.119501
error matrix:
 0.230383 -0.385878 -0.119501
delta matrix:
 0.0816971 -0.182888 -0.025148
weights_delta matrix:
 0.00343704 -0.00769419 -0.00105799
 0.00738886 -0.0165408 -0.00227444
 0.0011711 -0.00262164 -0.000360489
 0.0011068 -0.00247769 -0.000340695
 0.00816971 -0.0182888 -0.0025148
weights matrix:
 -0.575171 0.0275098 -0.0814341
 0.931894 -0.282643 -0.266629
 -1.18387 0.331109 0.802191
 -0.88084 -0.0316978 0.471762
 0.30788 -0.0686471 -0.907196
regression_error on 'test' 0.145587
classification_error on 'test' 0.421053
Save,445,0.145587,0.421053
sample_count 75 Sample index 42
 i 0:0.651661 i 1:0.551523 i 2:0.702823 i 3:0.792495 bias 1
 test_print 3.6985
net matrix:
 -1.08309 0.000986299 -0.169648
outputs matrix:
 0.102829 0.500493 0.415981
error matrix:
 -0.102829 -0.500493 0.584019
delta matrix:
 -0.018973 -0.250246 0.283764
weights_delta matrix:
 -0.0012364 -0.0163076 0.0184918
 -0.00104641 -0.0138017 0.0156502
 -0.00133347 -0.0175879 0.0199436
 -0.0015036 -0.0198319 0.0224882
 -0.0018973 -0.0250246 0.0283764
weights matrix:
 -0.576407 0.0112022 -0.0629423
 0.930847 -0.296445 -0.250978
 -1.18521 0.313521 0.822134
 -0.882343 -0.0515297 0.49425
 0.305983 -0.0936718 -0.878819
regression_error on 'test' 0.137909
classification_error on 'test' 0.131579
Save,446,0.137909,0.131579
sample_count 75 Sample index 0
 i 0:0.282131 i 1:0.269205 i 2:0.430645 i 3:0.427485 bias 1
 test_print 2.40947
net matrix:
 -0.493642 -0.0573276 -0.398809
outputs matrix:
 0.271449 0.471368 0.310535
error matrix:
 -0.271449 0.528632 -0.310535
delta matrix:
 -0.107366 0.263449 -0.132973
weights_delta matrix:
 -0.00302912 0.00743273 -0.00375158
 -0.00289034 0.00709219 -0.0035797
 -0.00462365 0.0113453 -0.00572642
 -0.00458972 0.0112621 -0.0056844
 -0.0107366 0.0263449 -0.0132973
weights matrix:
 -0.579437 0.018635 -0.0666939
 0.927957 -0.289353 -0.254558
 -1.18983 0.324866 0.816408
 -0.886933 -0.0402677 0.488566
 0.295246 -0.0673268 -0.892116
regression_error on 'test' 0.14215
classification_error on 'test' 0.342105
Save,447,0.14215,0.342105
sample_count 75 Sample index 34
 i 0:0.767139 i 1:0.551523 i 2:0.642339 i 3:0.573489 bias 1
 test_print 3.53449
net matrix:
 -0.910393 -0.0270346 -0.279077
outputs matrix:
 0.13934 0.486486 0.363975
error matrix:
 -0.13934 0.513514 -0.363975
delta matrix:
 -0.0334204 0.256569 -0.168518
weights_delta matrix:
 -0.00256381 0.0196824 -0.0129277
 -0.00184321 0.0141504 -0.00929417
 -0.00214672 0.0164805 -0.0108246
 -0.00191662 0.014714 -0.00966434
 -0.00334204 0.0256569 -0.0168518
weights matrix:
 -0.582 0.0383174 -0.0796215
 0.926114 -0.275202 -0.263852
 -1.19198 0.341347 0.805583
 -0.88885 -0.0255537 0.478901
 0.291904 -0.0416699 -0.908968
regression_error on 'test' 0.148808
classification_error on 'test' 0.421053
Save,448,0.148808,0.421053
sample_count 75 Sample index 30
 i 0:0.559279 i 1:0.410364 i 2:0.642339 i 3:0.500487 bias 1
 test_print 3.11247
net matrix:
 -0.864063 0.0732982 -0.304633
outputs matrix:
 0.150827 0.536584 0.352227
error matrix:
 -0.150827 0.463416 -0.352227
delta matrix:
 -0.0386355 0.230468 -0.16073
weights_delta matrix:
 -0.0021608 0.0128896 -0.0089893
 -0.00158546 0.00945757 -0.00659579
 -0.00248171 0.0148038 -0.0103243
 -0.00193366 0.0115346 -0.00804434
 -0.00386355 0.0230468 -0.016073
weights matrix:
 -0.584161 0.051207 -0.0886108
 0.924528 -0.265745 -0.270448
 -1.19446 0.356151 0.795259
 -0.890783 -0.0140191 0.470857
 0.288041 -0.0186231 -0.925041
regression_error on 'test' 0.154924
classification_error on 'test' 0.421053
Save,449,0.154924,0.421053
sample_count 75 Sample index 30
 i 0:0.559279 i 1:0.410364 i 2:0.642339 i 3:0.500487 bias 1
 test_print 3.11247
net matrix:
 -0.872348 0.122717 -0.339098
outputs matrix:
 0.148718 0.561052 0.336664
error matrix:
 -0.148718 0.438948 -0.336664
delta matrix:
 -0.0376555 0.216202 -0.150369
weights_delta matrix:
 -0.00210599 0.0120917 -0.0084098
 -0.00154524 0.00887214 -0.00617058
 -0.00241876 0.0138875 -0.00965876
 -0.00188461 0.0108206 -0.00752575
 -0.00376555 0.0216202 -0.0150369
weights matrix:
 -0.586267 0.0632987 -0.0970206
 0.922983 -0.256872 -0.276619
 -1.19688 0.370038 0.7856
 -0.892668 -0.00319848 0.463331
 0.284275 0.00299707 -0.940078
regression_error on 'test' 0.161121
classification_error on 'test' 0.421053
Save,450,0.161121,0.421053
sample_count 75 Sample index 58
 i 0:0.282131 i 1:0.516233 i 2:0.158468 i 3:0.0989754 bias 1
 test_print 2.05581
net matrix:
 0.317327 -0.0534278 -0.939899
outputs matrix:
 0.653544 0.473311 0.132412
error matrix:
 0.346456 -0.473311 -0.132412
delta matrix:
 0.156892 -0.235981 -0.0304227
weights_delta matrix:
 0.00442642 -0.00665777 -0.00085832
 0.00809929 -0.0121821 -0.00157052
 0.00248624 -0.00373955 -0.000482103
 0.00155285 -0.00233564 -0.00030111
 0.0156892 -0.0235981 -0.00304227
weights matrix:
 -0.581841 0.0566409 -0.097879
 0.931082 -0.269055 -0.278189
 -1.19439 0.366298 0.785118
 -0.891115 -0.00553411 0.46303
 0.299964 -0.0206011 -0.94312
regression_error on 'test' 0.157668
classification_error on 'test' 0.421053
Save,451,0.157668,0.421053
sample_count 75 Sample index 63
 i 0:0.420705 i 1:0.904421 i 2:0.143347 i 3:0.135476 bias 1
 test_print 2.60395
net matrix:
 0.605334 -0.188353 -1.06062
outputs matrix:
 0.770417 0.406922 0.107049
error matrix:
 0.229583 -0.406922 -0.107049
delta matrix:
 0.0812146 -0.19641 -0.0204654
weights_delta matrix:
 0.00341674 -0.00826307 -0.000860988
 0.00734522 -0.0177637 -0.00185093
 0.00116419 -0.00281548 -0.000293365
 0.00110026 -0.00266089 -0.000277257
 0.00812146 -0.019641 -0.00204654
weights matrix:
 -0.578424 0.0483778 -0.09874
 0.938428 -0.286818 -0.28004
 -1.19323 0.363483 0.784825
 -0.890015 -0.008195 0.462753
 0.308086 -0.0402421 -0.945167
regression_error on 'test' 0.154539
classification_error on 'test' 0.421053
Save,452,0.154539,0.421053
sample_count 75 Sample index 23
 i 0:0.975 i 1:0.763262 i 2:0.899395 i 3:0.792495 bias 1
 test_print 4.43015
net matrix:
 -1.31813 0.108429 -0.182586
outputs matrix:
 0.0668415 0.554003 0.409708
error matrix:
 -0.0668415 -0.554003 0.590292
delta matrix:
 -0.0083383 -0.27377 0.285521
weights_delta matrix:
 -0.000812984 -0.0266926 0.0278383
 -0.000636431 -0.0208958 0.0217927
 -0.000749943 -0.0246228 0.0256796
 -0.000660806 -0.0216962 0.0226274
 -0.00083383 -0.027377 0.0285521
weights matrix:
 -0.579237 0.0216852 -0.0709017
 0.937791 -0.307714 -0.258247
 -1.19398 0.33886 0.810504
 -0.890676 -0.0298912 0.48538
 0.307252 -0.0676191 -0.916615
regression_error on 'test' 0.143608
classification_error on 'test' 0.394737
Save,453,0.143608,0.394737
sample_count 75 Sample index 27
 i 0:0.328323 i 1:0.622103 i 2:0.158468 i 3:0.135476 bias 1
 test_print 2.24437
net matrix:
 0.390606 -0.20228 -0.906353
outputs matrix:
 0.685941 0.400217 0.140311
error matrix:
 0.314059 -0.400217 -0.140311
delta matrix:
 0.135313 -0.192139 -0.0338498
weights_delta matrix:
 0.00444263 -0.00630836 -0.00111137
 0.00841785 -0.011953 -0.00210581
 0.00214428 -0.00304479 -0.000536411
 0.00183316 -0.00260302 -0.000458584
 0.0135313 -0.0192139 -0.00338498
weights matrix:
 -0.574794 0.0153769 -0.072013
 0.946209 -0.319667 -0.260353
 -1.19183 0.335815 0.809968
 -0.888843 -0.0324942 0.484922
 0.320783 -0.086833 -0.92
regression_error on 'test' 0.141427
classification_error on 'test' 0.342105
Save,454,0.141427,0.342105
sample_count 75 Sample index 52
 i 0:0.443801 i 1:0.410364 i 2:0.672581 i 3:0.792495 bias 1
 test_print 3.31924
net matrix:
 -1.05203 -0.011077 -0.129732
outputs matrix:
 0.108703 0.494462 0.435496
error matrix:
 -0.108703 -0.494462 0.564504
delta matrix:
 -0.0210638 -0.247201 0.277555
weights_delta matrix:
 -0.000934815 -0.0109708 0.0123179
 -0.000864384 -0.0101442 0.0113898
 -0.00141671 -0.0166262 0.0186678
 -0.0016693 -0.0195905 0.0219961
 -0.00210638 -0.0247201 0.0277555
weights matrix:
 -0.575729 0.0044061 -0.0596951
 0.945345 -0.329811 -0.248963
 -1.19325 0.319189 0.828636
 -0.890512 -0.0520847 0.506918
 0.318677 -0.111553 -0.892244
regression_error on 'test' 0.134914
classification_error on 'test' 0.0526316
Save,455,0.134914,0.0526316
sample_count 75 Sample index 41
 i 0:0.674757 i 1:0.445654 i 2:0.627218 i 3:0.536988 bias 1
 test_print 3.28462
net matrix:
 -0.875125 -0.0833294 -0.251532
outputs matrix:
 0.148016 0.458431 0.376821
error matrix:
 -0.148016 0.541569 -0.376821
delta matrix:
 -0.0373316 0.268913 -0.176976
weights_delta matrix:
 -0.00251898 0.0181451 -0.0119415
 -0.0016637 0.0119842 -0.00788698
 -0.00234151 0.0168667 -0.0111002
 -0.00200466 0.0144403 -0.00950337
 -0.00373316 0.0268913 -0.0176976
weights matrix:
 -0.578248 0.0225512 -0.0716367
 0.943681 -0.317827 -0.25685
 -1.19559 0.336056 0.817535
 -0.892516 -0.0376444 0.497414
 0.314944 -0.0846618 -0.909942
regression_error on 'test' 0.140488
classification_error on 'test' 0.342105
Save,456,0.140488,0.342105
sample_count 75 Sample index 35
 i 0:0.189749 i 1:0.233915 i 2:0.128226 i 3:0.171977 bias 1
 test_print 1.72387
net matrix:
 0.119165 -0.11811 -0.793243
outputs matrix:
 0.559302 0.441218 0.169879
error matrix:
 0.440698 -0.441218 -0.169879
delta matrix:
 0.217249 -0.21756 -0.0479127
weights_delta matrix:
 0.00412229 -0.00412818 -0.000909138
 0.00508179 -0.00508905 -0.00112075
 0.0027857 -0.00278968 -0.000614365
 0.00373619 -0.00374153 -0.000823988
 0.0217249 -0.021756 -0.00479127
weights matrix:
 -0.574126 0.018423 -0.0725458
 0.948763 -0.322916 -0.257971
 -1.1928 0.333266 0.816921
 -0.88878 -0.0413859 0.49659
 0.336669 -0.106418 -0.914733
regression_error on 'test' 0.138599
classification_error on 'test' 0.289474
Save,457,0.138599,0.289474
sample_count 75 Sample index 53
 i 0:0.489992 i 1:0.410364 i 2:0.702823 i 3:0.938499 bias 1
 test_print 3.54168
net matrix:
 -1.22776 -0.0345174 -0.0159415
outputs matrix:
 0.0790358 0.482748 0.49203
error matrix:
 -0.0790358 -0.482748 0.50797
delta matrix:
 -0.0115059 -0.241087 0.253921
weights_delta matrix:
 -0.000563779 -0.0118131 0.0124419
 -0.00047216 -0.00989333 0.01042
 -0.000808661 -0.0169441 0.0178461
 -0.00107983 -0.022626 0.0238304
 -0.00115059 -0.0241087 0.0253921
weights matrix:
 -0.57469 0.00660994 -0.0601039
 0.948291 -0.33281 -0.247551
 -1.19361 0.316322 0.834767
 -0.88986 -0.0640119 0.520421
 0.335518 -0.130526 -0.889341
regression_error on 'test' 0.13244
classification_error on 'test' 0.0263158
Save,458,0.13244,0.0263158
sample_count 75 Sample index 71
 i 0:0.143558 i 1:0.480944 i 2:0.0979839 i 3:0.0989754 bias 1
 test_print 1.82146
net matrix:
 0.504062 -0.264981 -0.883725
outputs matrix:
 0.732653 0.370526 0.14586
error matrix:
 0.267347 -0.370526 -0.14586
delta matrix:
 0.104732 -0.17284 -0.0363438
weights_delta matrix:
 0.00150351 -0.00248126 -0.000521744
 0.00503702 -0.00831264 -0.00174793
 0.0010262 -0.00169355 -0.00035611
 0.00103659 -0.00171069 -0.000359714
 0.0104732 -0.017284 -0.00363438
weights matrix:
 -0.573186 0.00412868 -0.0606256
 0.953328 -0.341122 -0.249299
 -1.19259 0.314629 0.834411
 -0.888824 -0.0657226 0.520061
 0.345991 -0.14781 -0.892975
regression_error on 'test' 0.131268
classification_error on 'test' 0.0263158
Save,459,0.131268,0.0263158
sample_count 75 Sample index 66
 i 0:0.60547 i 1:0.304495 i 2:0.672581 i 3:0.60999 bias 1
 test_print 3.19254
net matrix:
 -1.05506 -0.0776576 -0.127152
outputs matrix:
 0.108118 0.461249 0.436765
error matrix:
 -0.108118 0.538751 -0.436765
delta matrix:
 -0.0208512 0.267757 -0.214889
weights_delta matrix:
 -0.00126248 0.0162119 -0.0130109
 -0.000634908 0.00815308 -0.00654327
 -0.00140241 0.0180089 -0.014453
 -0.0012719 0.0163329 -0.013108
 -0.00208512 0.0267757 -0.0214889
weights matrix:
 -0.574449 0.0203406 -0.0736365
 0.952693 -0.332969 -0.255842
 -1.19399 0.332637 0.819958
 -0.890095 -0.0493897 0.506953
 0.343906 -0.121035 -0.914464
regression_error on 'test' 0.136529
classification_error on 'test' 0.157895
Save,460,0.136529,0.157895
sample_count 75 Sample index 34
 i 0:0.767139 i 1:0.551523 i 2:0.642339 i 3:0.573489 bias 1
 test_print 3.53449
net matrix:
 -0.84875 -0.103729 -0.294634
outputs matrix:
 0.154792 0.448321 0.356803
error matrix:
 -0.154792 0.551679 -0.356803
delta matrix:
 -0.0405034 0.272893 -0.163769
weights_delta matrix:
 -0.00310717 0.0209347 -0.0125633
 -0.00223385 0.0150507 -0.00903222
 -0.00260169 0.017529 -0.0105195
 -0.00232282 0.0156501 -0.00939196
 -0.00405034 0.0272893 -0.0163769
weights matrix:
 -0.577556 0.0412753 -0.0861999
 0.950459 -0.317919 -0.264874
 -1.19659 0.350166 0.809439
 -0.892418 -0.0337395 0.497561
 0.339856 -0.0937454 -0.930841
regression_error on 'test' 0.142653
classification_error on 'test' 0.421053
Save,461,0.142653,0.421053
sample_count 75 Sample index 19
 i 0:0.674757 i 1:0.480944 i 2:0.596976 i 3:0.573489 bias 1
 test_print 3.32617
net matrix:
 -0.818865 -0.029104 -0.347834
outputs matrix:
 0.162774 0.485452 0.332773
error matrix:
 -0.162774 0.514548 -0.332773
delta matrix:
 -0.0443654 0.257056 -0.147775
weights_delta matrix:
 -0.00299358 0.017345 -0.00997122
 -0.00213373 0.012363 -0.00710715
 -0.00264851 0.0153456 -0.00882181
 -0.0025443 0.0147419 -0.00847473
 -0.00443654 0.0257056 -0.0147775
weights matrix:
 -0.580549 0.0586203 -0.0961711
 0.948325 -0.305556 -0.271982
 -1.19924 0.365512 0.800617
 -0.894963 -0.0189977 0.489086
 0.335419 -0.0680398 -0.945619
regression_error on 'test' 0.148834
classification_error on 'test' 0.421053
Save,462,0.148834,0.421053
sample_count 75 Sample index 23
 i 0:0.975 i 1:0.763262 i 2:0.899395 i 3:0.792495 bias 1
 test_print 4.43015
net matrix:
 -1.29464 0.0695802 -0.13931
outputs matrix:
 0.0698316 0.534734 0.430792
error matrix:
 -0.0698316 -0.534734 0.569208
delta matrix:
 -0.00907185 -0.266077 0.279151
weights_delta matrix:
 -0.000884505 -0.0259425 0.0272172
 -0.00069242 -0.0203086 0.0213065
 -0.000815918 -0.0239308 0.0251067
 -0.00071894 -0.0210865 0.0221226
 -0.000907185 -0.0266077 0.0279151
weights matrix:
 -0.581434 0.0326778 -0.0689539
 0.947633 -0.325864 -0.250675
 -1.20006 0.341581 0.825723
 -0.895682 -0.0400841 0.511209
 0.334512 -0.0946475 -0.917704
regression_error on 'test' 0.138944
classification_error on 'test' 0.289474
Save,463,0.138944,0.289474
sample_count 75 Sample index 33
 i 0:0.559279 i 1:0.480944 i 2:0.672581 i 3:0.719493 bias 1
 test_print 3.4323
net matrix:
 -0.986485 -0.0321931 -0.153652
outputs matrix:
 0.12207 0.483909 0.423773
error matrix:
 -0.12207 -0.483909 0.576227
delta matrix:
 -0.0261644 -0.241704 0.281417
weights_delta matrix:
 -0.00146332 -0.013518 0.0157391
 -0.00125836 -0.0116246 0.0135346
 -0.00175976 -0.0162565 0.0189276
 -0.00188251 -0.0173904 0.0202478
 -0.00261644 -0.0241704 0.0281417
weights matrix:
 -0.582897 0.0191598 -0.0532148
 0.946374 -0.337489 -0.23714
 -1.20182 0.325325 0.844651
 -0.897564 -0.0574745 0.531457
 0.331896 -0.118818 -0.889562
regression_error on 'test' 0.132732
classification_error on 'test' 0.0526316
Save,464,0.132732,0.0526316
sample_count 75 Sample index 53
 i 0:0.489992 i 1:0.410364 i 2:0.702823 i 3:0.938499 bias 1
 test_print 3.54168
net matrix:
 -1.25239 -0.0732171 0.0794611
outputs matrix:
 0.0755241 0.463457 0.539647
error matrix:
 -0.0755241 -0.463457 0.460353
delta matrix:
 -0.0105462 -0.230491 0.228729
weights_delta matrix:
 -0.000516756 -0.0112939 0.0112075
 -0.000432779 -0.0094585 0.00938622
 -0.000741212 -0.0161994 0.0160756
 -0.000989761 -0.0216315 0.0214662
 -0.00105462 -0.0230491 0.0228729
weights matrix:
 -0.583414 0.00786598 -0.0420073
 0.945941 -0.346947 -0.227754
 -1.20256 0.309125 0.860727
 -0.898554 -0.0791061 0.552923
 0.330841 -0.141867 -0.866689
regression_error on 'test' 0.128049
classification_error on 'test' 0.131579
Save,465,0.128049,0.131579
sample_count 75 Sample index 53
 i 0:0.489992 i 1:0.410364 i 2:0.702823 i 3:0.938499 bias 1
 test_print 3.54168
net matrix:
 -1.25532 -0.137368 0.143122
outputs matrix:
 0.0751152 0.431745 0.571076
error matrix:
 -0.0751152 -0.431745 0.428924
delta matrix:
 -0.0104369 -0.21185 0.210128
weights_delta matrix:
 -0.000511402 -0.0103805 0.0102961
 -0.000428295 -0.00869355 0.0086229
 -0.000733533 -0.0148893 0.0147683
 -0.000979507 -0.0198821 0.0197205
 -0.00104369 -0.021185 0.0210128
weights matrix:
 -0.583925 -0.00251448 -0.0317111
 0.945513 -0.355641 -0.219131
 -1.20329 0.294236 0.875495
 -0.899533 -0.0989881 0.572643
 0.329797 -0.163052 -0.845676
regression_error on 'test' 0.124687
classification_error on 'test' 0.210526
Save,466,0.124687,0.210526
sample_count 75 Sample index 67
 i 0:0.443801 i 1:0.375074 i 2:0.566734 i 3:0.536988 bias 1
 test_print 2.9226
net matrix:
 -0.739696 -0.183961 -0.138265
outputs matrix:
 0.185519 0.409043 0.431305
error matrix:
 -0.185519 0.590957 -0.431305
delta matrix:
 -0.0560646 0.2857 -0.211582
weights_delta matrix:
 -0.00248815 0.0126794 -0.00939002
 -0.00210284 0.0107159 -0.00793588
 -0.00317737 0.0161916 -0.0119911
 -0.0030106 0.0153418 -0.0113617
 -0.00560646 0.02857 -0.0211582
weights matrix:
 -0.586413 0.0101649 -0.0411012
 0.94341 -0.344925 -0.227067
 -1.20647 0.310428 0.863504
 -0.902544 -0.0836464 0.561282
 0.324191 -0.134482 -0.866834
regression_error on 'test' 0.12817
classification_error on 'test' 0.131579
Save,467,0.12817,0.131579
sample_count 75 Sample index 30
 i 0:0.559279 i 1:0.410364 i 2:0.642339 i 3:0.500487 bias 1
 test_print 3.11247
net matrix:
 -0.843309 -0.112806 -0.147425
outputs matrix:
 0.156221 0.443835 0.426817
error matrix:
 -0.156221 0.556165 -0.426817
delta matrix:
 -0.0411849 0.274574 -0.208837
weights_delta matrix:
 -0.00230339 0.0153563 -0.0116798
 -0.00169008 0.0112675 -0.0085699
 -0.00264547 0.0176369 -0.0134144
 -0.00206125 0.0137421 -0.010452
 -0.00411849 0.0274574 -0.0208837
weights matrix:
 -0.588717 0.0255213 -0.0527809
 0.94172 -0.333657 -0.235637
 -1.20911 0.328065 0.850089
 -0.904605 -0.0699043 0.55083
 0.320072 -0.107025 -0.887718
regression_error on 'test' 0.132658
classification_error on 'test' 0.0263158
Save,468,0.132658,0.0263158
sample_count 75 Sample index 38
 i 0:0.397609 i 1:0.798551 i 2:0.128226 i 3:0.208478 bias 1
 test_print 2.53286
net matrix:
 0.494375 -0.335827 -0.873033
outputs matrix:
 0.728841 0.338127 0.148544
error matrix:
 0.271159 -0.338127 -0.148544
delta matrix:
 0.107179 -0.151344 -0.0375753
weights_delta matrix:
 0.00426155 -0.00601756 -0.00149403
 0.00855881 -0.0120856 -0.00300058
 0.00137432 -0.00194062 -0.000481814
 0.00223445 -0.00315518 -0.000783363
 0.0107179 -0.0151344 -0.00375753
weights matrix:
 -0.584455 0.0195037 -0.054275
 0.950279 -0.345743 -0.238638
 -1.20774 0.326124 0.849608
 -0.902371 -0.0730595 0.550046
 0.33079 -0.122159 -0.891476
regression_error on 'test' 0.1311
classification_error on 'test' 0.0263158
Save,469,0.1311,0.0263158
sample_count 75 Sample index 20
 i 0:0.489992 i 1:0.375074 i 2:0.521371 i 3:0.500487 bias 1
 test_print 2.88692
net matrix:
 -0.680468 -0.108815 -0.289325
outputs matrix:
 0.204088 0.445806 0.359243
error matrix:
 -0.204088 0.554194 -0.359243
delta matrix:
 -0.0663027 0.273842 -0.165387
weights_delta matrix:
 -0.00324878 0.013418 -0.00810382
 -0.00248684 0.0102711 -0.00620323
 -0.00345683 0.0142773 -0.00862278
 -0.00331836 0.0137054 -0.00827739
 -0.00663027 0.0273842 -0.0165387
weights matrix:
 -0.587704 0.0329217 -0.0623788
 0.947792 -0.335472 -0.244841
 -1.2112 0.340401 0.840985
 -0.905689 -0.0593541 0.541769
 0.32416 -0.0947747 -0.908014
regression_error on 'test' 0.135613
classification_error on 'test' 0.131579
Save,470,0.135613,0.131579
sample_count 75 Sample index 17
 i 0:0.443801 i 1:0.304495 i 2:0.521371 i 3:0.463986 bias 1
 test_print 2.73365
net matrix:
 -0.699775 -0.0323777 -0.320412
outputs matrix:
 0.197888 0.483817 0.34506
error matrix:
 -0.197888 0.516183 -0.34506
delta matrix:
 -0.0628206 0.257821 -0.155963
weights_delta matrix:
 -0.00278799 0.0114421 -0.00692164
 -0.00191286 0.00785053 -0.00474899
 -0.00327529 0.0134421 -0.00813145
 -0.00291479 0.0119625 -0.00723645
 -0.00628206 0.0257821 -0.0155963
weights matrix:
 -0.590492 0.0443638 -0.0693004
 0.945879 -0.327621 -0.24959
 -1.21447 0.353843 0.832853
 -0.908604 -0.0473915 0.534533
 0.317878 -0.0689926 -0.923611
regression_error on 'test' 0.140298
classification_error on 'test' 0.342105
Save,471,0.140298,0.342105
sample_count 75 Sample index 37
 i 0:0.720948 i 1:0.551523 i 2:0.82379 i 3:0.901998 bias 1
 test_print 3.99826
net matrix:
 -1.40619 0.0310462 0.0570165
outputs matrix:
 0.0566589 0.515518 0.528477
error matrix:
 -0.0566589 -0.515518 0.471523
delta matrix:
 -0.00605668 -0.257511 0.234997
weights_delta matrix:
 -0.000436655 -0.0185652 0.016942
 -0.00033404 -0.0142023 0.0129606
 -0.000498944 -0.0212135 0.0193588
 -0.000546312 -0.0232274 0.0211966
 -0.000605668 -0.0257511 0.0234997
weights matrix:
 -0.590929 0.0257987 -0.0523584
 0.945545 -0.341824 -0.236629
 -1.21497 0.33263 0.852212
 -0.90915 -0.0706189 0.555729
 0.317272 -0.0947436 -0.900111
regression_error on 'test' 0.13323
classification_error on 'test' 0.0526316
Save,472,0.13323,0.0526316
sample_count 75 Sample index 18
 i 0:0.513088 i 1:0.480944 i 2:0.566734 i 3:0.60999 bias 1
 test_print 3.17076
net matrix:
 -0.774309 -0.100469 -0.218814
outputs matrix:
 0.175286 0.449934 0.392306
error matrix:
 -0.175286 0.550066 -0.392306
delta matrix:
 -0.050679 0.272275 -0.187053
weights_delta matrix:
 -0.00260028 0.0139701 -0.00959748
 -0.00243738 0.0130949 -0.00899622
 -0.00287215 0.0154308 -0.0106009
 -0.00309137 0.0166085 -0.0114101
 -0.0050679 0.0272275 -0.0187053
weights matrix:
 -0.593529 0.0397688 -0.0619559
 0.943108 -0.328729 -0.245625
 -1.21784 0.348061 0.841611
 -0.912242 -0.0540104 0.544319
 0.312204 -0.0675161 -0.918816
regression_error on 'test' 0.138703
classification_error on 'test' 0.210526
Save,473,0.138703,0.210526
sample_count 75 Sample index 47
 i 0:0.282131 i 1:0.516233 i 2:0.158468 i 3:0.0989754 bias 1
 test_print 2.05581
net matrix:
 0.348337 -0.176186 -0.875853
outputs matrix:
 0.66745 0.412807 0.147832
error matrix:
 0.33255 -0.412807 -0.147832
delta matrix:
 0.147626 -0.200127 -0.0372471
weights_delta matrix:
 0.00416499 -0.0056462 -0.00105086
 0.00762095 -0.0103312 -0.00192282
 0.0023394 -0.00317137 -0.000590248
 0.00146114 -0.00198076 -0.000368655
 0.0147626 -0.0200127 -0.00372471
weights matrix:
 -0.589364 0.0341226 -0.0630067
 0.950729 -0.33906 -0.247548
 -1.2155 0.344889 0.841021
 -0.91078 -0.0559912 0.54395
 0.326967 -0.0875288 -0.922541
regression_error on 'test' 0.136545
classification_error on 'test' 0.157895
Save,474,0.136545,0.157895
sample_count 75 Sample index 40
 i 0:0.328323 i 1:0.763262 i 2:0.158468 i 3:0.171977 bias 1
 test_print 2.42203
net matrix:
 0.509869 -0.290092 -0.90535
outputs matrix:
 0.734922 0.35889 0.140554
error matrix:
 0.265078 -0.35889 -0.140554
delta matrix:
 0.103281 -0.165153 -0.0339573
weights_delta matrix:
 0.00339095 -0.00542234 -0.0011149
 0.00788303 -0.0126055 -0.00259183
 0.00163667 -0.00261714 -0.000538114
 0.00177619 -0.00284024 -0.000583987
 0.0103281 -0.0165153 -0.00339573
weights matrix:
 -0.585973 0.0287003 -0.0641216
 0.958612 -0.351665 -0.25014
 -1.21387 0.342272 0.840483
 -0.909004 -0.0588314 0.543366
 0.337295 -0.104044 -0.925937
regression_error on 'test' 0.134776
classification_error on 'test' 0.131579
Save,475,0.134776,0.131579
sample_count 75 Sample index 58
 i 0:0.282131 i 1:0.516233 i 2:0.158468 i 3:0.0989754 bias 1
 test_print 2.05581
net matrix:
 0.384513 -0.229072 -0.886188
outputs matrix:
 0.68331 0.387426 0.145247
error matrix:
 0.31669 -0.387426 -0.145247
delta matrix:
 0.137062 -0.183894 -0.0360649
weights_delta matrix:
 0.00386693 -0.00518821 -0.0010175
 0.00707557 -0.00949319 -0.00186179
 0.00217199 -0.00291412 -0.000571514
 0.00135657 -0.00182009 -0.000356954
 0.0137062 -0.0183894 -0.00360649
weights matrix:
 -0.582106 0.023512 -0.0651391
 0.965688 -0.361159 -0.252002
 -1.21169 0.339358 0.839911
 -0.907648 -0.0606515 0.54301
 0.351001 -0.122433 -0.929543
regression_error on 'test' 0.133177
classification_error on 'test' 0.0526316
Save,476,0.133177,0.0526316
sample_count 75 Sample index 66
 i 0:0.60547 i 1:0.304495 i 2:0.672581 i 3:0.60999 bias 1
 test_print 3.19254
net matrix:
 -1.07602 -0.0269197 -0.149577
outputs matrix:
 0.104141 0.486543 0.425764
error matrix:
 -0.104141 0.513457 -0.425764
delta matrix:
 -0.0194319 0.256542 -0.208189
weights_delta matrix:
 -0.00117654 0.0155329 -0.0126052
 -0.000591691 0.00781159 -0.00633926
 -0.00130695 0.0172546 -0.0140024
 -0.00118532 0.0156488 -0.0126993
 -0.00194319 0.0256542 -0.0208189
weights matrix:
 -0.583283 0.0390449 -0.0777444
 0.965096 -0.353347 -0.258341
 -1.213 0.356612 0.825909
 -0.908833 -0.0450027 0.53031
 0.349058 -0.0967792 -0.950362
regression_error on 'test' 0.138776
classification_error on 'test' 0.342105
Save,477,0.138776,0.342105
sample_count 75 Sample index 40
 i 0:0.328323 i 1:0.763262 i 2:0.158468 i 3:0.171977 bias 1
 test_print 2.42203
net matrix:
 0.545654 -0.304884 -0.950988
outputs matrix:
 0.748628 0.352112 0.129885
error matrix:
 0.251372 -0.352112 -0.129885
delta matrix:
 0.0946085 -0.160654 -0.0293579
weights_delta matrix:
 0.00310621 -0.00527464 -0.000963887
 0.00722111 -0.0122621 -0.00224077
 0.00149924 -0.00254585 -0.000465228
 0.00162705 -0.00276288 -0.000504888
 0.00946085 -0.0160654 -0.00293579
weights matrix:
 -0.580176 0.0337703 -0.0787083
 0.972317 -0.365609 -0.260582
 -1.2115 0.354067 0.825444
 -0.907206 -0.0477656 0.529805
 0.358519 -0.112845 -0.953298
regression_error on 'test' 0.13715
classification_error on 'test' 0.289474
Save,478,0.13715,0.289474
sample_count 75 Sample index 70
 i 0:0.259036 i 1:0.622103 i 2:0.173589 i 3:0.135476 bias 1
 test_print 2.1902
net matrix:
 0.479906 -0.276552 -0.920731
outputs matrix:
 0.723084 0.365144 0.136878
error matrix:
 0.276916 -0.365144 -0.136878
delta matrix:
 0.110896 -0.169291 -0.0323424
weights_delta matrix:
 0.0028726 -0.00438525 -0.000837784
 0.00689885 -0.0105317 -0.00201203
 0.00192503 -0.00293871 -0.000561428
 0.00150237 -0.00229349 -0.000438162
 0.0110896 -0.0169291 -0.00323424
weights matrix:
 -0.577304 0.029385 -0.0795461
 0.979216 -0.376141 -0.262594
 -1.20958 0.351128 0.824882
 -0.905704 -0.0500591 0.529367
 0.369609 -0.129774 -0.956532
regression_error on 'test' 0.135725
classification_error on 'test' 0.184211
Save,479,0.135725,0.184211
sample_count 75 Sample index 73
 i 0:0.582374 i 1:0.410364 i 2:0.65746 i 3:0.719493 bias 1
 test_print 3.36969
net matrix:
 -1.01166 -0.0721799 -0.187414
outputs matrix:
 0.116776 0.463973 0.407375
error matrix:
 -0.116776 -0.463973 0.592625
delta matrix:
 -0.0240886 -0.230782 0.286144
weights_delta matrix:
 -0.00140285 -0.0134401 0.0166643
 -0.000988508 -0.00947046 0.0117423
 -0.00158373 -0.015173 0.0188128
 -0.00173315 -0.0166046 0.0205878
 -0.00240886 -0.0230782 0.0286144
weights matrix:
 -0.578707 0.0159449 -0.0628818
 0.978227 -0.385611 -0.250852
 -1.21116 0.335955 0.843695
 -0.907437 -0.0666636 0.549955
 0.3672 -0.152852 -0.927918
regression_error on 'test' 0.129824
classification_error on 'test' 0.0263158
Save,480,0.129824,0.0263158
sample_count 75 Sample index 48
 i 0:0.744044 i 1:0.516233 i 2:0.748185 i 3:0.828996 bias 1
 test_print 3.83746
net matrix:
 -1.21682 -0.143961 -0.0170519
outputs matrix:
 0.0806427 0.428513 0.491475
error matrix:
 -0.0806427 -0.428513 0.508525
delta matrix:
 -0.0119576 -0.209877 0.254189
weights_delta matrix:
 -0.000889698 -0.0156157 0.0189128
 -0.000617291 -0.0108345 0.0131221
 -0.00089465 -0.0157027 0.019018
 -0.00099128 -0.0173987 0.0210721
 -0.00119576 -0.0209877 0.0254189
weights matrix:
 -0.579596 0.000329142 -0.043969
 0.97761 -0.396446 -0.23773
 -1.21205 0.320252 0.862713
 -0.908428 -0.0840623 0.571027
 0.366004 -0.17384 -0.902499
regression_error on 'test' 0.125055
classification_error on 'test' 0.157895
Save,481,0.125055,0.157895
sample_count 75 Sample index 53
 i 0:0.489992 i 1:0.410364 i 2:0.702823 i 3:0.938499 bias 1
 test_print 3.54168
net matrix:
 -1.22124 -0.190177 0.120644
outputs matrix:
 0.0799907 0.406041 0.560031
error matrix:
 -0.0799907 -0.406041 0.439969
delta matrix:
 -0.0117734 -0.195851 0.216813
weights_delta matrix:
 -0.000576887 -0.00959657 0.0106237
 -0.000483138 -0.00803704 0.00889724
 -0.000827461 -0.0137649 0.0152381
 -0.00110493 -0.0183806 0.0203479
 -0.00117734 -0.0195851 0.0216813
weights matrix:
 -0.580173 -0.00926742 -0.0333453
 0.977127 -0.404483 -0.228832
 -1.21288 0.306487 0.877951
 -0.909533 -0.102443 0.591375
 0.364827 -0.193425 -0.880817
regression_error on 'test' 0.121984
classification_error on 'test' 0.210526
Save,482,0.121984,0.210526
sample_count 75 Sample index 61
 i 0:0.697853 i 1:0.480944 i 2:0.687702 i 3:0.682992 bias 1
 test_print 3.54949
net matrix:
 -1.02541 -0.253621 -0.00646995
outputs matrix:
 0.113969 0.37584 0.496765
error matrix:
 -0.113969 0.62416 -0.496765
delta matrix:
 -0.0230173 0.292836 -0.248372
weights_delta matrix:
 -0.00160627 0.0204357 -0.0173327
 -0.001107 0.0140838 -0.0119453
 -0.00158291 0.0201384 -0.0170806
 -0.00157206 0.0200005 -0.0169636
 -0.00230173 0.0292836 -0.0248372
weights matrix:
 -0.58178 0.0111682 -0.0506781
 0.97602 -0.390399 -0.240778
 -1.21447 0.326626 0.860871
 -0.911105 -0.0824425 0.574411
 0.362525 -0.164141 -0.905655
regression_error on 'test' 0.126137
classification_error on 'test' 0.131579
Save,483,0.126137,0.131579
sample_count 75 Sample index 71
 i 0:0.143558 i 1:0.480944 i 2:0.0979839 i 3:0.0989754 bias 1
 test_print 1.82146
net matrix:
 0.539242 -0.326454 -0.887526
outputs matrix:
 0.746207 0.342335 0.144915
error matrix:
 0.253793 -0.342335 -0.144915
delta matrix:
 0.0961278 -0.154148 -0.0359142
weights_delta matrix:
 0.00137999 -0.00221291 -0.000515577
 0.00462321 -0.00741364 -0.00172727
 0.000941898 -0.0015104 -0.000351901
 0.000951429 -0.00152568 -0.000355462
 0.00961278 -0.0154148 -0.00359142
weights matrix:
 -0.5804 0.00895533 -0.0511936
 0.980643 -0.397813 -0.242505
 -1.21352 0.325115 0.860519
 -0.910154 -0.0839682 0.574056
 0.372138 -0.179556 -0.909246
regression_error on 'test' 0.125346
classification_error on 'test' 0.157895
Save,484,0.125346,0.157895
sample_count 75 Sample index 57
 i 0:0.374514 i 1:0.727972 i 2:0.158468 i 3:0.135476 bias 1
 test_print 2.39643
net matrix:
 0.553042 -0.425654 -0.89082
outputs matrix:
 0.751398 0.299159 0.144101
error matrix:
 0.248602 -0.299159 -0.144101
delta matrix:
 0.092877 -0.125445 -0.0355455
weights_delta matrix:
 0.00347837 -0.00469809 -0.00133123
 0.00676119 -0.00913203 -0.00258761
 0.0014718 -0.0019879 -0.000563283
 0.00125826 -0.00169948 -0.000481556
 0.0092877 -0.0125445 -0.00355455
weights matrix:
 -0.576921 0.00425724 -0.0525249
 0.987404 -0.406945 -0.245093
 -1.21205 0.323127 0.859955
 -0.908895 -0.0856677 0.573574
 0.381425 -0.1921 -0.912801
regression_error on 'test' 0.124682
classification_error on 'test' 0.157895
Save,485,0.124682,0.157895
sample_count 75 Sample index 16
 i 0:0.60547 i 1:0.304495 i 2:0.687702 i 3:0.755994 bias 1
 test_print 3.35366
net matrix:
 -1.18787 -0.155984 0.00577951
outputs matrix:
 0.085041 0.422634 0.50289
error matrix:
 -0.085041 -0.422634 0.49711
delta matrix:
 -0.0132339 -0.206258 0.248547
weights_delta matrix:
 -0.000801273 -0.0124883 0.0150488
 -0.000402966 -0.00628045 0.00756813
 -0.000910098 -0.0141844 0.0170926
 -0.00100048 -0.015593 0.01879
 -0.00132339 -0.0206258 0.0248547
weights matrix:
 -0.577722 -0.00823105 -0.0374761
 0.987001 -0.413225 -0.237524
 -1.21296 0.308943 0.877048
 -0.909896 -0.101261 0.592364
 0.380102 -0.212726 -0.887946
regression_error on 'test' 0.121463
classification_error on 'test' 0.210526
Save,486,0.121463,0.210526
sample_count 75 Sample index 14
 i 0:0.697853 i 1:0.516233 i 2:0.778427 i 3:0.938499 bias 1
 test_print 3.93101
net matrix:
 -1.31168 -0.286334 0.201935
outputs matrix:
 0.0676502 0.360621 0.599617
error matrix:
 -0.0676502 -0.360621 0.400383
delta matrix:
 -0.00853388 -0.1663 0.192245
weights_delta matrix:
 -0.00059554 -0.0116053 0.0134159
 -0.000440547 -0.00858493 0.00992433
 -0.000664301 -0.0129452 0.0149649
 -0.000800904 -0.0156072 0.0180422
 -0.000853388 -0.01663 0.0192245
weights matrix:
 -0.578318 -0.0198363 -0.0240602
 0.986561 -0.42181 -0.2276
 -1.21363 0.295998 0.892013
 -0.910697 -0.116868 0.610407
 0.379249 -0.229356 -0.868721
regression_error on 'test' 0.119342
classification_error on 'test' 0.236842
Save,487,0.119342,0.236842
sample_count 75 Sample index 69
 i 0:0.628566 i 1:0.445654 i 2:0.581855 i 3:0.536988 bias 1
 test_print 3.19306
net matrix:
 -0.739785 -0.320335 -0.138473
outputs matrix:
 0.185492 0.345095 0.431203
error matrix:
 -0.185492 0.654905 -0.431203
delta matrix:
 -0.0560502 0.296023 -0.21152
weights_delta matrix:
 -0.00352312 0.018607 -0.0132954
 -0.0024979 0.0131924 -0.00942646
 -0.00326131 0.0172242 -0.0123074
 -0.00300983 0.0158961 -0.0113583
 -0.00560502 0.0296023 -0.021152
weights matrix:
 -0.581841 -0.00122933 -0.0373556
 0.984063 -0.408618 -0.237027
 -1.21689 0.313222 0.879706
 -0.913706 -0.100972 0.599048
 0.373644 -0.199754 -0.889873
regression_error on 'test' 0.121831
classification_error on 'test' 0.210526
Save,488,0.121831,0.210526
sample_count 75 Sample index 46
 i 0:0.928809 i 1:0.480944 i 2:0.854032 i 3:0.901998 bias 1
 test_print 4.16578
net matrix:
 -1.55692 -0.220992 0.253071
outputs matrix:
 0.0425401 0.391268 0.623902
error matrix:
 -0.0425401 -0.391268 0.376098
delta matrix:
 -0.00346535 -0.186382 0.176502
weights_delta matrix:
 -0.000321865 -0.0173114 0.0163936
 -0.000166664 -0.00896395 0.00848875
 -0.000295952 -0.0159177 0.0150738
 -0.000312574 -0.0168117 0.0159204
 -0.000346535 -0.0186382 0.0176502
weights matrix:
 -0.582163 -0.0185407 -0.020962
 0.983896 -0.417582 -0.228538
 -1.21718 0.297304 0.894779
 -0.914019 -0.117783 0.614969
 0.373297 -0.218392 -0.872223
regression_error on 'test' 0.119459
classification_error on 'test' 0.236842
Save,489,0.119459,0.236842
sample_count 75 Sample index 10
 i 0:0.697853 i 1:0.304495 i 2:0.808669 i 3:0.719493 bias 1
 test_print 3.53051
net matrix:
 -1.3753 -0.202806 0.209606
outputs matrix:
 0.0600523 0.399965 0.603295
error matrix:
 -0.0600523 -0.399965 0.396705
delta matrix:
 -0.00677942 -0.191978 0.189887
weights_delta matrix:
 -0.000473104 -0.0133972 0.0132513
 -0.00020643 -0.00584562 0.00578197
 -0.000548231 -0.0155246 0.0153556
 -0.000487775 -0.0138126 0.0136623
 -0.000677942 -0.0191978 0.0189887
weights matrix:
 -0.582636 -0.0319379 -0.00771065
 0.98369 -0.423427 -0.222756
 -1.21773 0.28178 0.910135
 -0.914507 -0.131596 0.628631
 0.372619 -0.23759 -0.853235
regression_error on 'test' 0.11804
classification_error on 'test' 0.263158
Save,490,0.11804,0.263158
sample_count 75 Sample index 61
 i 0:0.697853 i 1:0.480944 i 2:0.687702 i 3:0.682992 bias 1
 test_print 3.54949
net matrix:
 -1.02291 -0.359621 0.089503
outputs matrix:
 0.114475 0.32756 0.544632
error matrix:
 -0.114475 0.67244 -0.544632
delta matrix:
 -0.0232087 0.296229 -0.270146
weights_delta matrix:
 -0.00161963 0.0206724 -0.0188522
 -0.00111621 0.014247 -0.0129925
 -0.00159607 0.0203717 -0.018578
 -0.00158514 0.0202322 -0.0184508
 -0.00232087 0.0296229 -0.0270146
weights matrix:
 -0.584256 -0.0112655 -0.0265629
 0.982574 -0.40918 -0.235748
 -1.21933 0.302152 0.891557
 -0.916092 -0.111364 0.61018
 0.370298 -0.207967 -0.880249
regression_error on 'test' 0.120346
classification_error on 'test' 0.236842
Save,491,0.120346,0.236842
sample_count 75 Sample index 5
 i 0:0.536183 i 1:0.198626 i 2:0.687702 i 3:0.60999 bias 1
 test_print 3.0325
net matrix:
 -1.14515 -0.155422 0.0440118
outputs matrix:
 0.0919302 0.422909 0.521992
error matrix:
 -0.0919302 -0.422909 0.478008
delta matrix:
 -0.0153485 -0.206428 0.238542
weights_delta matrix:
 -0.000822959 -0.0110683 0.0127902
 -0.000304861 -0.00410019 0.00473806
 -0.00105552 -0.0141961 0.0164046
 -0.000936242 -0.0125919 0.0145508
 -0.00153485 -0.0206428 0.0238542
weights matrix:
 -0.585079 -0.0223338 -0.0137727
 0.982269 -0.413281 -0.23101
 -1.22038 0.287955 0.907962
 -0.917028 -0.123956 0.624731
 0.368763 -0.22861 -0.856395
regression_error on 'test' 0.118622
classification_error on 'test' 0.263158
Save,492,0.118622,0.263158
sample_count 75 Sample index 6
 i 0:0.305227 i 1:0.657392 i 2:0.128226 i 3:0.171977 bias 1
 test_print 2.26282
net matrix:
 0.521725 -0.491508 -0.788599
outputs matrix:
 0.739515 0.272294 0.171193
error matrix:
 0.260485 -0.272294 -0.171193
delta matrix:
 0.100356 -0.10791 -0.0485795
weights_delta matrix:
 0.00306313 -0.0032937 -0.00148278
 0.00659731 -0.00709391 -0.00319358
 0.00128682 -0.00138369 -0.000622916
 0.00172589 -0.0018558 -0.000835456
 0.0100356 -0.010791 -0.00485795
weights matrix:
 -0.582016 -0.0256275 -0.0152555
 0.988866 -0.420374 -0.234204
 -1.2191 0.286572 0.907339
 -0.915302 -0.125812 0.623895
 0.378799 -0.239401 -0.861253
regression_error on 'test' 0.118253
classification_error on 'test' 0.263158
Save,493,0.118253,0.263158
sample_count 75 Sample index 61
 i 0:0.697853 i 1:0.480944 i 2:0.687702 i 3:0.682992 bias 1
 test_print 3.54949
net matrix:
 -1.01529 -0.348314 0.0655562
outputs matrix:
 0.116029 0.33256 0.532731
error matrix:
 -0.116029 0.66744 -0.532731
delta matrix:
 -0.0238013 0.296295 -0.265224
weights_delta matrix:
 -0.00166098 0.020677 -0.0185087
 -0.00114471 0.0142501 -0.0127558
 -0.00163682 0.0203763 -0.0182395
 -0.00162561 0.0202367 -0.0181146
 -0.00238013 0.0296295 -0.0265224
weights matrix:
 -0.583677 -0.00495042 -0.0337642
 0.987721 -0.406124 -0.24696
 -1.22073 0.306948 0.889099
 -0.916928 -0.105575 0.605781
 0.376419 -0.209771 -0.887775
regression_error on 'test' 0.120881
classification_error on 'test' 0.210526
Save,494,0.120881,0.210526
sample_count 75 Sample index 38
 i 0:0.397609 i 1:0.798551 i 2:0.128226 i 3:0.208478 bias 1
 test_print 2.53286
net matrix:
 0.585401 -0.518702 -0.858113
outputs matrix:
 0.76329 0.261651 0.152358
error matrix:
 0.23671 -0.261651 -0.152358
delta matrix:
 0.0855369 -0.101097 -0.0393526
weights_delta matrix:
 0.00340102 -0.0040197 -0.00156469
 0.00683056 -0.00807309 -0.0031425
 0.00109681 -0.00129632 -0.000504602
 0.00178326 -0.00210765 -0.000820415
 0.00855369 -0.0101097 -0.00393526
weights matrix:
 -0.580276 -0.00897012 -0.0353289
 0.994552 -0.414197 -0.250102
 -1.21964 0.305652 0.888595
 -0.915145 -0.107682 0.60496
 0.384973 -0.219881 -0.891711
regression_error on 'test' 0.120471
classification_error on 'test' 0.210526
Save,495,0.120471,0.210526
sample_count 75 Sample index 36
 i 0:0.744044 i 1:0.516233 i 2:0.702823 i 3:0.901998 bias 1
 test_print 3.8651
net matrix:
 -1.216 -0.322688 0.12309
outputs matrix:
 0.0807642 0.344032 0.561236
error matrix:
 -0.0807642 -0.344032 0.438764
delta matrix:
 -0.0119921 -0.155278 0.216091
weights_delta matrix:
 -0.000892264 -0.0115534 0.0160782
 -0.000619071 -0.00801599 0.0111554
 -0.000842831 -0.0109133 0.0151874
 -0.00108168 -0.0140061 0.0194914
 -0.00119921 -0.0155278 0.0216091
weights matrix:
 -0.581168 -0.0205235 -0.0192508
 0.993933 -0.422213 -0.238947
 -1.22048 0.294738 0.903782
 -0.916226 -0.121689 0.624452
 0.383773 -0.235409 -0.870101
regression_error on 'test' 0.118481
classification_error on 'test' 0.263158
Save,496,0.118481,0.263158
sample_count 75 Sample index 40
 i 0:0.328323 i 1:0.763262 i 2:0.158468 i 3:0.171977 bias 1
 test_print 2.42203
net matrix:
 0.600617 -0.538627 -0.808189
outputs matrix:
 0.768744 0.254026 0.165705
error matrix:
 0.231256 -0.254026 -0.165705
delta matrix:
 0.0822237 -0.0962741 -0.0458164
weights_delta matrix:
 0.00269959 -0.0031609 -0.00150426
 0.00627582 -0.00734824 -0.00349699
 0.00130298 -0.00152564 -0.000726043
 0.00141406 -0.00165569 -0.000787936
 0.00822237 -0.00962741 -0.00458164
weights matrix:
 -0.578468 -0.0236844 -0.020755
 1.00021 -0.429562 -0.242444
 -1.21918 0.293213 0.903056
 -0.914812 -0.123344 0.623664
 0.391996 -0.245036 -0.874683
regression_error on 'test' 0.118216
classification_error on 'test' 0.263158
Save,497,0.118216,0.263158
sample_count 75 Sample index 8
 i 0:0.489992 i 1:0.375074 i 2:0.702823 i 3:0.755994 bias 1
 test_print 3.32388
net matrix:
 -1.06475 -0.304929 0.130387
outputs matrix:
 0.106262 0.352091 0.564827
error matrix:
 -0.106262 -0.352091 0.435173
delta matrix:
 -0.0201834 -0.16064 0.213929
weights_delta matrix:
 -0.000988968 -0.00787125 0.0104824
 -0.000757025 -0.0060252 0.00802392
 -0.00141853 -0.0112902 0.0150354
 -0.00152585 -0.0121443 0.0161729
 -0.00201834 -0.016064 0.0213929
weights matrix:
 -0.579457 -0.0315557 -0.0102727
 0.999452 -0.435587 -0.23442
 -1.22059 0.281923 0.918091
 -0.916338 -0.135489 0.639837
 0.389977 -0.2611 -0.85329
regression_error on 'test' 0.117144
classification_error on 'test' 0.263158
Save,498,0.117144,0.263158
sample_count 75 Sample index 67
 i 0:0.443801 i 1:0.375074 i 2:0.566734 i 3:0.536988 bias 1
 test_print 2.9226
net matrix:
 -0.676133 -0.351462 -0.0818758
outputs matrix:
 0.2055 0.331164 0.459153
error matrix:
 -0.2055 0.668836 -0.459153
delta matrix:
 -0.0671039 0.296287 -0.228045
weights_delta matrix:
 -0.00297808 0.0131492 -0.0101206
 -0.00251689 0.0111129 -0.00855336
 -0.00380301 0.0167916 -0.0129241
 -0.0036034 0.0159102 -0.0122457
 -0.00671039 0.0296287 -0.0228045
weights matrix:
 -0.582435 -0.0184064 -0.0203933
 0.996935 -0.424474 -0.242973
 -1.2244 0.298714 0.905167
 -0.919942 -0.119578 0.627591
 0.383267 -0.231471 -0.876095
regression_error on 'test' 0.11849
classification_error on 'test' 0.236842
Save,499,0.11849,0.236842
sample_count 75 Sample index 55
 i 0:0.628566 i 1:0.551523 i 2:0.612097 i 3:0.60999 bias 1
 test_print 3.40218
net matrix:
 -0.743605 -0.367248 -0.0860441
outputs matrix:
 0.184341 0.324209 0.457084
error matrix:
 -0.184341 0.675791 -0.457084
delta matrix:
 -0.0554347 0.296128 -0.226858
weights_delta matrix:
 -0.00348444 0.0186136 -0.0142595
 -0.00305735 0.0163322 -0.0125118
 -0.00339314 0.0181259 -0.0138859
 -0.00338146 0.0180635 -0.0138381
 -0.00554347 0.0296128 -0.0226858
weights matrix:
 -0.58592 0.000207184 -0.0346528
 0.993877 -0.408142 -0.255485
 -1.22779 0.31684 0.891281
 -0.923323 -0.101515 0.613753
 0.377723 -0.201859 -0.89878
regression_error on 'test' 0.121155
classification_error on 'test' 0.210526
Save,500,0.121155,0.210526
sample_count 75 Sample index 5
 i 0:0.536183 i 1:0.198626 i 2:0.687702 i 3:0.60999 bias 1
 test_print 3.0325
net matrix:
 -1.1466 -0.126846 0.0192124
outputs matrix:
 0.0916879 0.436915 0.509605
error matrix:
 -0.0916879 -0.436915 0.490395
delta matrix:
 -0.0152718 -0.21498 0.245107
weights_delta matrix:
 -0.000818846 -0.0115268 0.0131422
 -0.000303337 -0.00427006 0.00486846
 -0.00105024 -0.0147842 0.0168561
 -0.000931562 -0.0131136 0.0149513
 -0.00152718 -0.021498 0.0245107
weights matrix:
 -0.586739 -0.0113197 -0.0215106
 0.993574 -0.412412 -0.250617
 -1.22884 0.302056 0.908137
 -0.924255 -0.114628 0.628704
 0.376196 -0.223357 -0.87427
regression_error on 'test' 0.118919
classification_error on 'test' 0.236842
Save,501,0.118919,0.236842
sample_count 75 Sample index 9
 i 0:0.351418 i 1:0.375074 i 2:0.521371 i 3:0.573489 bias 1
 test_print 2.82135
net matrix:
 -0.628062 -0.290274 -0.141797
outputs matrix:
 0.221642 0.358806 0.429573
error matrix:
 -0.221642 0.641194 -0.429573
delta matrix:
 -0.0764738 0.295032 -0.210525
weights_delta matrix:
 -0.00268743 0.0103679 -0.00739823
 -0.00286833 0.0110659 -0.00789625
 -0.00398712 0.0153821 -0.0109762
 -0.00438569 0.0169197 -0.0120734
 -0.00764738 0.0295032 -0.0210525
weights matrix:
 -0.589426 -0.000951724 -0.0289088
 0.990706 -0.401346 -0.258513
 -1.23283 0.317438 0.897161
 -0.92864 -0.0977086 0.616631
 0.368549 -0.193853 -0.895322
regression_error on 'test' 0.121261
classification_error on 'test' 0.210526
Save,502,0.121261,0.210526
sample_count 75 Sample index 17
 i 0:0.443801 i 1:0.304495 i 2:0.521371 i 3:0.463986 bias 1
 test_print 2.73365
net matrix:
 -0.665011 -0.196316 -0.233006
outputs matrix:
 0.209156 0.403084 0.385561
error matrix:
 -0.209156 0.596916 -0.385561
delta matrix:
 -0.0691928 0.287245 -0.182681
weights_delta matrix:
 -0.00307078 0.0127479 -0.00810742
 -0.00210688 0.00874646 -0.00556256
 -0.00360751 0.0149761 -0.00952448
 -0.00321045 0.0133278 -0.00847616
 -0.00691928 0.0287245 -0.0182681
weights matrix:
 -0.592497 0.0117962 -0.0370163
 0.988599 -0.392599 -0.264075
 -1.23644 0.332414 0.887637
 -0.931851 -0.0843808 0.608155
 0.36163 -0.165129 -0.91359
regression_error on 'test' 0.124161
classification_error on 'test' 0.157895
Save,503,0.124161,0.157895
sample_count 75 Sample index 23
 i 0:0.975 i 1:0.763262 i 2:0.899395 i 3:0.792495 bias 1
 test_print 4.43015
net matrix:
 -1.31203 -0.221184 0.129056
outputs matrix:
 0.0676064 0.391177 0.564172
error matrix:
 -0.0676064 -0.391177 0.435828
delta matrix:
 -0.00852326 -0.186324 0.214325
weights_delta matrix:
 -0.000831017 -0.0181665 0.0208966
 -0.000650548 -0.0142214 0.0163586
 -0.000766577 -0.0167578 0.0192762
 -0.000675464 -0.014766 0.0169851
 -0.000852326 -0.0186324 0.0214325
weights matrix:
 -0.593328 -0.00637032 -0.0161196
 0.987948 -0.406821 -0.247717
 -1.2372 0.315656 0.906913
 -0.932526 -0.0991469 0.62514
 0.360777 -0.183761 -0.892158
regression_error on 'test' 0.120705
classification_error on 'test' 0.210526
Save,504,0.120705,0.210526
sample_count 75 Sample index 33
 i 0:0.559279 i 1:0.480944 i 2:0.672581 i 3:0.719493 bias 1
 test_print 3.4323
net matrix:
 -0.998975 -0.242013 0.0394449
outputs matrix:
 0.119418 0.381302 0.519712
error matrix:
 -0.119418 -0.381302 0.480288
delta matrix:
 -0.0251155 -0.179906 0.239771
weights_delta matrix:
 -0.00140465 -0.0100618 0.0134099
 -0.00120791 -0.00865249 0.0115316
 -0.00168922 -0.0121002 0.0161265
 -0.00180704 -0.0129441 0.0172513
 -0.00251155 -0.0179906 0.0239771
weights matrix:
 -0.594732 -0.0164321 -0.00270975
 0.98674 -0.415473 -0.236185
 -1.23889 0.303556 0.923039
 -0.934333 -0.112091 0.642391
 0.358266 -0.201752 -0.868181
regression_error on 'test' 0.118786
classification_error on 'test' 0.236842
Save,505,0.118786,0.236842
sample_count 75 Sample index 57
 i 0:0.374514 i 1:0.727972 i 2:0.158468 i 3:0.135476 bias 1
 test_print 2.39643
net matrix:
 0.530945 -0.477441 -0.807831
outputs matrix:
 0.743052 0.277904 0.165804
error matrix:
 0.256948 -0.277904 -0.165804
delta matrix:
 0.0981162 -0.111536 -0.0458657
weights_delta matrix:
 0.00367459 -0.00417718 -0.00171773
 0.00714259 -0.00811951 -0.00333889
 0.00155483 -0.00176749 -0.000726824
 0.00132924 -0.00151105 -0.00062137
 0.00981162 -0.0111536 -0.00458657
weights matrix:
 -0.591058 -0.0206093 -0.00442749
 0.993883 -0.423593 -0.239524
 -1.23734 0.301789 0.922313
 -0.933004 -0.113602 0.64177
 0.368077 -0.212905 -0.872767
regression_error on 'test' 0.118211
classification_error on 'test' 0.236842
Save,506,0.118211,0.236842
sample_count 75 Sample index 59
 i 0:0.60547 i 1:0.233915 i 2:0.596976 i 3:0.536988 bias 1
 test_print 2.97335
net matrix:
 -0.996978 -0.205311 -0.0362553
outputs matrix:
 0.119839 0.398763 0.48188
error matrix:
 -0.119839 0.601237 -0.48188
delta matrix:
 -0.0252806 0.288294 -0.240624
weights_delta matrix:
 -0.00153067 0.0174554 -0.014569
 -0.000591351 0.00674364 -0.00562855
 -0.00150919 0.0172105 -0.0143647
 -0.00135754 0.0154811 -0.0129212
 -0.00252806 0.0288294 -0.0240624
weights matrix:
 -0.592588 -0.00315393 -0.0189965
 0.993292 -0.416849 -0.245153
 -1.23885 0.318999 0.907948
 -0.934362 -0.098121 0.628849
 0.365549 -0.184076 -0.89683
regression_error on 'test' 0.120507
classification_error on 'test' 0.210526
Save,507,0.120507,0.210526
sample_count 75 Sample index 2
 i 0:0.466896 i 1:0.480944 i 2:0.566734 i 3:0.500487 bias 1
 test_print 3.01506
net matrix:
 -0.603142 -0.25435 -0.194308
outputs matrix:
 0.230359 0.375498 0.40405
error matrix:
 -0.230359 0.624502 -0.40405
delta matrix:
 -0.0816825 0.29289 -0.194586
weights_delta matrix:
 -0.00381372 0.0136749 -0.00908512
 -0.00392847 0.0140864 -0.00935847
 -0.00462923 0.0165991 -0.0110278
 -0.0040881 0.0146588 -0.00973875
 -0.00816825 0.029289 -0.0194586
weights matrix:
 -0.596402 0.010521 -0.0280817
 0.989363 -0.402763 -0.254511
 -1.24347 0.335598 0.89692
 -0.93845 -0.0834622 0.61911
 0.357381 -0.154787 -0.916288
regression_error on 'test' 0.123651
classification_error on 'test' 0.157895
Save,508,0.123651,0.157895
sample_count 75 Sample index 0
 i 0:0.282131 i 1:0.269205 i 2:0.430645 i 3:0.427485 bias 1
 test_print 2.40947
net matrix:
 -0.48121 -0.1514 -0.341812
outputs matrix:
 0.276394 0.424873 0.335453
error matrix:
 -0.276394 0.575127 -0.335453
delta matrix:
 -0.110558 0.281071 -0.149561
weights_delta matrix:
 -0.00311917 0.00792989 -0.00421958
 -0.00297627 0.00756658 -0.00402626
 -0.00476111 0.0121042 -0.00644077
 -0.00472617 0.0120154 -0.00639351
 -0.0110558 0.0281071 -0.0149561
weights matrix:
 -0.599521 0.0184509 -0.0323012
 0.986387 -0.395196 -0.258537
 -1.24824 0.347702 0.890479
 -0.943176 -0.0714468 0.612716
 0.346325 -0.12668 -0.931245
regression_error on 'test' 0.126688
classification_error on 'test' 0.0526316
Save,509,0.126688,0.0526316
sample_count 75 Sample index 54
 i 0:0.305227 i 1:0.622103 i 2:0.158468 i 3:0.135476 bias 1
 test_print 2.22127
net matrix:
 0.451386 -0.321481 -0.87782
outputs matrix:
 0.711519 0.344577 0.147337
error matrix:
 0.288481 -0.344577 -0.147337
delta matrix:
 0.118427 -0.155641 -0.0370197
weights_delta matrix:
 0.00361472 -0.0047506 -0.00112994
 0.00736739 -0.0096825 -0.00230301
 0.00187669 -0.00246642 -0.000586644
 0.0016044 -0.00210857 -0.000501528
 0.0118427 -0.0155641 -0.00370197
weights matrix:
 -0.595907 0.0137003 -0.0334312
 0.993754 -0.404879 -0.26084
 -1.24636 0.345236 0.889893
 -0.941571 -0.0735554 0.612215
 0.358168 -0.142244 -0.934946
regression_error on 'test' 0.125434
classification_error on 'test' 0.0789474
Save,510,0.125434,0.0789474
sample_count 75 Sample index 0
 i 0:0.282131 i 1:0.269205 i 2:0.430645 i 3:0.427485 bias 1
 test_print 2.40947
net matrix:
 -0.481678 -0.130144 -0.369657
outputs matrix:
 0.276207 0.435293 0.323154
error matrix:
 -0.276207 0.564707 -0.323154
delta matrix:
 -0.110437 0.277625 -0.141364
weights_delta matrix:
 -0.00311576 0.00783265 -0.00398832
 -0.00297301 0.00747379 -0.00380559
 -0.0047559 0.0119558 -0.00608777
 -0.004721 0.011868 -0.0060431
 -0.0110437 0.0277625 -0.0141364
weights matrix:
 -0.599022 0.021533 -0.0374195
 0.990781 -0.397405 -0.264646
 -1.25112 0.357192 0.883805
 -0.946292 -0.0616874 0.606172
 0.347124 -0.114482 -0.949083
regression_error on 'test' 0.128735
classification_error on 'test' 0.0263158
Save,511,0.128735,0.0263158
sample_count 75 Sample index 48
 i 0:0.744044 i 1:0.516233 i 2:0.748185 i 3:0.828996 bias 1
 test_print 3.83746
net matrix:
 -1.30764 -0.0875067 0.05022
outputs matrix:
 0.0681616 0.456358 0.525089
error matrix:
 -0.0681616 -0.456358 0.474911
delta matrix:
 -0.00865865 -0.226441 0.236858
weights_delta matrix:
 -0.000644242 -0.0168482 0.0176233
 -0.000446988 -0.0116896 0.0122274
 -0.000647827 -0.0169419 0.0177213
 -0.000717799 -0.0187718 0.0196354
 -0.000865865 -0.0226441 0.0236858
weights matrix:
 -0.599667 0.00468478 -0.0197962
 0.990334 -0.409095 -0.252419
 -1.25176 0.34025 0.901526
 -0.94701 -0.0804592 0.625807
 0.346258 -0.137126 -0.925397
regression_error on 'test' 0.123997
classification_error on 'test' 0.157895
Save,512,0.123997,0.157895
sample_count 75 Sample index 9
 i 0:0.351418 i 1:0.375074 i 2:0.521371 i 3:0.573489 bias 1
 test_print 2.82135
net matrix:
 -0.688759 -0.157666 -0.198106
outputs matrix:
 0.201408 0.421814 0.402223
error matrix:
 -0.201408 0.578186 -0.402223
delta matrix:
 -0.0647899 0.282024 -0.19342
weights_delta matrix:
 -0.00227683 0.00991084 -0.00679714
 -0.0024301 0.010578 -0.0072547
 -0.00337796 0.0147039 -0.0100844
 -0.00371563 0.0161738 -0.0110925
 -0.00647899 0.0282024 -0.019342
weights matrix:
 -0.601943 0.0145956 -0.0265934
 0.987904 -0.398517 -0.259673
 -1.25514 0.354954 0.891442
 -0.950726 -0.0642854 0.614715
 0.339779 -0.108923 -0.944739
regression_error on 'test' 0.127864
classification_error on 'test' 0.0526316
Save,513,0.127864,0.0526316
sample_count 75 Sample index 62
 i 0:0.582374 i 1:0.622103 i 2:0.748185 i 3:0.901998 bias 1
 test_print 3.85466
net matrix:
 -1.19283 -0.140756 0.0996649
outputs matrix:
 0.0842729 0.430083 0.549668
error matrix:
 -0.0842729 -0.430083 0.450332
delta matrix:
 -0.0130068 -0.210837 0.222944
weights_delta matrix:
 -0.000757484 -0.0122786 0.0129837
 -0.000809159 -0.0131162 0.0138694
 -0.000973152 -0.0157745 0.0166803
 -0.00117321 -0.0190174 0.0201095
 -0.00130068 -0.0210837 0.0222944
weights matrix:
 -0.602701 0.00231703 -0.0136097
 0.987095 -0.411633 -0.245804
 -1.25611 0.339179 0.908122
 -0.951899 -0.0833029 0.634824
 0.338479 -0.130007 -0.922445
regression_error on 'test' 0.123648
classification_error on 'test' 0.157895
Save,514,0.123648,0.157895
sample_count 75 Sample index 21
 i 0:0.836426 i 1:0.445654 i 2:0.884274 i 3:0.719493 bias 1
 test_print 3.88585
net matrix:
 -1.52137 -0.0715231 0.216409
outputs matrix:
 0.0455322 0.464299 0.606546
error matrix:
 -0.0455322 -0.464299 0.393454
delta matrix:
 -0.00395757 -0.230966 0.187794
weights_delta matrix:
 -0.000331022 -0.0193186 0.0157076
 -0.000176371 -0.0102931 0.00836911
 -0.000349958 -0.0204237 0.0166061
 -0.000284744 -0.0166179 0.0135116
 -0.000395757 -0.0230966 0.0187794
weights matrix:
 -0.603032 -0.0170016 0.00209786
 0.986919 -0.421926 -0.237435
 -1.25646 0.318755 0.924728
 -0.952184 -0.0999207 0.648336
 0.338083 -0.153104 -0.903665
regression_error on 'test' 0.120405
classification_error on 'test' 0.210526
Save,515,0.120405,0.210526
sample_count 75 Sample index 66
 i 0:0.60547 i 1:0.304495 i 2:0.672581 i 3:0.60999 bias 1
 test_print 3.19254
net matrix:
 -1.15242 -0.138434 0.0427402
outputs matrix:
 0.090723 0.431222 0.521357
error matrix:
 -0.090723 0.568778 -0.521357
delta matrix:
 -0.0149679 0.279008 -0.260203
weights_delta matrix:
 -0.000906262 0.0168931 -0.0157545
 -0.000455765 0.00849565 -0.00792305
 -0.00100671 0.0187655 -0.0175008
 -0.000913027 0.0170192 -0.0158721
 -0.00149679 0.0279008 -0.0260203
weights matrix:
 -0.603938 -0.000108487 -0.0136566
 0.986463 -0.41343 -0.245358
 -1.25747 0.337521 0.907228
 -0.953097 -0.0829015 0.632464
 0.336586 -0.125203 -0.929686
regression_error on 'test' 0.123902
classification_error on 'test' 0.157895
Save,516,0.123902,0.157895
sample_count 75 Sample index 55
 i 0:0.628566 i 1:0.551523 i 2:0.612097 i 3:0.60999 bias 1
 test_print 3.40218
net matrix:
 -0.850046 -0.197261 -0.132482
outputs matrix:
 0.154453 0.402629 0.434144
error matrix:
 -0.154453 0.597371 -0.434144
delta matrix:
 -0.0403425 0.287358 -0.213306
weights_delta matrix:
 -0.00253579 0.0180623 -0.0134077
 -0.00222498 0.0158485 -0.0117643
 -0.00246935 0.0175891 -0.0130564
 -0.00246085 0.0175285 -0.0130115
 -0.00403425 0.0287358 -0.0213306
weights matrix:
 -0.606474 0.0179539 -0.0270643
 0.984238 -0.397582 -0.257122
 -1.25994 0.35511 0.894171
 -0.955558 -0.065373 0.619452
 0.332552 -0.0964669 -0.951016
regression_error on 'test' 0.128638
classification_error on 'test' 0.0263158
Save,517,0.128638,0.0263158
sample_count 75 Sample index 35
 i 0:0.189749 i 1:0.233915 i 2:0.128226 i 3:0.171977 bias 1
 test_print 1.72387
net matrix:
 0.121811 -0.151769 -0.795109
outputs matrix:
 0.560606 0.424693 0.169353
error matrix:
 0.439394 -0.424693 -0.169353
delta matrix:
 0.216469 -0.207529 -0.0476468
weights_delta matrix:
 0.00410748 -0.00393785 -0.000904093
 0.00506354 -0.00485443 -0.00111453
 0.0027757 -0.00266107 -0.000610956
 0.00372277 -0.00356903 -0.000819415
 0.0216469 -0.0207529 -0.00476468
weights matrix:
 -0.602367 0.014016 -0.0279684
 0.989301 -0.402436 -0.258237
 -1.25716 0.352449 0.89356
 -0.951835 -0.068942 0.618633
 0.354199 -0.11722 -0.955781
regression_error on 'test' 0.126982
classification_error on 'test' 0.0789474
Save,518,0.126982,0.0789474
sample_count 75 Sample index 37
 i 0:0.720948 i 1:0.551523 i 2:0.82379 i 3:0.901998 bias 1
 test_print 3.99826
net matrix:
 -1.42865 -0.100909 0.175743
outputs matrix:
 0.0543056 0.449716 0.586978
error matrix:
 -0.0543056 -0.449716 0.413022
delta matrix:
 -0.00557789 -0.222584 0.200262
weights_delta matrix:
 -0.000402137 -0.0160471 0.0144378
 -0.000307633 -0.012276 0.0110449
 -0.000459501 -0.0183362 0.0164974
 -0.000503124 -0.020077 0.0180636
 -0.000557789 -0.0222584 0.0200262
weights matrix:
 -0.602769 -0.00203112 -0.0135306
 0.988994 -0.414712 -0.247192
 -1.25762 0.334113 0.910058
 -0.952338 -0.089019 0.636696
 0.353641 -0.139478 -0.935755
regression_error on 'test' 0.122692
classification_error on 'test' 0.157895
Save,519,0.122692,0.157895
sample_count 75 Sample index 26
 i 0:0.489992 i 1:0.339785 i 2:0.536492 i 3:0.500487 bias 1
 test_print 2.86676
net matrix:
 -0.757004 -0.14669 -0.21948
outputs matrix:
 0.180346 0.427176 0.391989
error matrix:
 -0.180346 0.572824 -0.391989
delta matrix:
 -0.0533178 0.280336 -0.186848
weights_delta matrix:
 -0.00261253 0.0137362 -0.00915542
 -0.00181166 0.0095254 -0.00634882
 -0.00286046 0.0150398 -0.0100243
 -0.00266849 0.0140305 -0.00935151
 -0.00533178 0.0280336 -0.0186848
weights matrix:
 -0.605381 0.0117051 -0.022686
 0.987182 -0.405187 -0.253541
 -1.26048 0.349153 0.900033
 -0.955006 -0.0749885 0.627345
 0.348309 -0.111445 -0.95444
regression_error on 'test' 0.126313
classification_error on 'test' 0.0526316
Save,520,0.126313,0.0526316
sample_count 75 Sample index 22
 i 0:0.305227 i 1:0.233915 i 2:0.430645 i 3:0.427485 bias 1
 test_print 2.39727
net matrix:
 -0.556625 -0.0843468 -0.364896
outputs matrix:
 0.247266 0.457926 0.325241
error matrix:
 -0.247266 0.542074 -0.325241
delta matrix:
 -0.0920447 0.269118 -0.142754
weights_delta matrix:
 -0.00280945 0.0082142 -0.00435724
 -0.00215306 0.00629507 -0.00333923
 -0.00396386 0.0115894 -0.00614763
 -0.00393477 0.0115044 -0.00610252
 -0.00920447 0.0269118 -0.0142754
weights matrix:
 -0.608191 0.0199193 -0.0270432
 0.985029 -0.398892 -0.25688
 -1.26445 0.360742 0.893886
 -0.958941 -0.0634842 0.621242
 0.339105 -0.0845329 -0.968715
regression_error on 'test' 0.129765
classification_error on 'test' 0.0526316
Save,521,0.129765,0.0526316
sample_count 75 Sample index 23
 i 0:0.975 i 1:0.763262 i 2:0.899395 i 3:0.792495 bias 1
 test_print 4.43015
net matrix:
 -1.39924 -0.0954317 0.105139
outputs matrix:
 0.0574063 0.452428 0.552377
error matrix:
 -0.0574063 -0.452428 0.447623
delta matrix:
 -0.00621261 -0.224167 0.221356
weights_delta matrix:
 -0.000605729 -0.0218562 0.0215822
 -0.000474185 -0.0171098 0.0168952
 -0.000558759 -0.0201614 0.0199086
 -0.000492346 -0.0177651 0.0175423
 -0.000621261 -0.0224167 0.0221356
weights matrix:
 -0.608796 -0.00193691 -0.00546107
 0.984555 -0.416001 -0.239985
 -1.26501 0.340581 0.913794
 -0.959434 -0.0812493 0.638785
 0.338484 -0.10695 -0.946579
regression_error on 'test' 0.124428
classification_error on 'test' 0.157895
Save,522,0.124428,0.157895
sample_count 75 Sample index 31
 i 0:0.559279 i 1:0.339785 i 2:0.778427 i 3:0.573489 bias 1
 test_print 3.25098
net matrix:
 -1.20241 -0.0308622 0.0464814
outputs matrix:
 0.0828064 0.484574 0.523224
error matrix:
 -0.0828064 -0.484574 0.476776
delta matrix:
 -0.0125782 -0.242056 0.237874
weights_delta matrix:
 -0.000703472 -0.0135377 0.0133038
 -0.000427388 -0.00822471 0.00808259
 -0.000979121 -0.0188423 0.0185167
 -0.000721346 -0.0138817 0.0136418
 -0.00125782 -0.0242056 0.0237874
weights matrix:
 -0.6095 -0.0154746 0.00784271
 0.984127 -0.424226 -0.231902
 -1.26599 0.321738 0.932311
 -0.960155 -0.0951309 0.652426
 0.337226 -0.131155 -0.922792
regression_error on 'test' 0.121113
classification_error on 'test' 0.184211
Save,523,0.121113,0.184211
sample_count 75 Sample index 28
 i 0:0.305227 i 1:0.551523 i 2:0.113105 i 3:0.135476 bias 1
 test_print 2.10533
net matrix:
 0.420692 -0.346347 -0.85446
outputs matrix:
 0.698756 0.333434 0.153304
error matrix:
 0.301244 -0.333434 -0.153304
delta matrix:
 0.126821 -0.148215 -0.0397982
weights_delta matrix:
 0.00387092 -0.00452393 -0.00121475
 0.00699447 -0.00817442 -0.00219496
 0.00143441 -0.00167639 -0.000450137
 0.00171812 -0.00200796 -0.00053917
 0.0126821 -0.0148215 -0.00397982
weights matrix:
 -0.605629 -0.0199985 0.00662796
 0.991122 -0.432401 -0.234097
 -1.26455 0.320062 0.931861
 -0.958437 -0.0971389 0.651887
 0.349908 -0.145977 -0.926772
regression_error on 'test' 0.120064
classification_error on 'test' 0.210526
Save,524,0.120064,0.210526
sample_count 75 Sample index 10
 i 0:0.697853 i 1:0.304495 i 2:0.808669 i 3:0.719493 bias 1
 test_print 3.53051
net matrix:
 -1.48313 -0.102663 0.229168
outputs matrix:
 0.0489734 0.448848 0.612619
error matrix:
 -0.0489734 -0.448848 0.387381
delta matrix:
 -0.00456186 -0.222075 0.183864
weights_delta matrix:
 -0.000318351 -0.0154976 0.012831
 -0.000138906 -0.00676208 0.00559857
 -0.000368904 -0.0179585 0.0148685
 -0.000328223 -0.0159782 0.0132289
 -0.000456186 -0.0222075 0.0183864
weights matrix:
 -0.605947 -0.0354961 0.019459
 0.990983 -0.439163 -0.228498
 -1.26492 0.302103 0.94673
 -0.958765 -0.113117 0.665116
 0.349452 -0.168184 -0.908385
regression_error on 'test' 0.11792
classification_error on 'test' 0.236842
Save,525,0.11792,0.236842
sample_count 75 Sample index 47
 i 0:0.282131 i 1:0.516233 i 2:0.158468 i 3:0.0989754 bias 1
 test_print 2.05581
net matrix:
 0.39473 -0.368231 -0.804997
outputs matrix:
 0.687715 0.323778 0.166589
error matrix:
 0.312285 -0.323778 -0.166589
delta matrix:
 0.134134 -0.14178 -0.0462576
weights_delta matrix:
 0.00378435 -0.00400005 -0.00130507
 0.00692446 -0.00731914 -0.00238797
 0.0021256 -0.00224676 -0.000733036
 0.0013276 -0.00140327 -0.000457837
 0.0134134 -0.014178 -0.00462576
weights matrix:
 -0.602163 -0.0394962 0.0181539
 0.997907 -0.446482 -0.230886
 -1.2628 0.299857 0.945996
 -0.957437 -0.11452 0.664658
 0.362865 -0.182362 -0.913011
regression_error on 'test' 0.117175
classification_error on 'test' 0.236842
Save,526,0.117175,0.236842
sample_count 75 Sample index 41
 i 0:0.674757 i 1:0.445654 i 2:0.627218 i 3:0.536988 bias 1
 test_print 3.28462
net matrix:
 -0.904907 -0.281409 -0.0533976
outputs matrix:
 0.140661 0.362895 0.473327
error matrix:
 -0.140661 0.637105 -0.473327
delta matrix:
 -0.0340047 0.2946 -0.23599
weights_delta matrix:
 -0.00229449 0.0198783 -0.0159236
 -0.00151543 0.013129 -0.010517
 -0.00213284 0.0184779 -0.0148017
 -0.00182601 0.0158197 -0.0126724
 -0.00340047 0.02946 -0.023599
weights matrix:
 -0.604457 -0.0196178 0.00223033
 0.996392 -0.433353 -0.241403
 -1.26493 0.318335 0.931195
 -0.959263 -0.0987006 0.651986
 0.359465 -0.152902 -0.93661
regression_error on 'test' 0.119731
classification_error on 'test' 0.210526
Save,527,0.119731,0.210526
sample_count 75 Sample index 27
 i 0:0.328323 i 1:0.622103 i 2:0.158468 i 3:0.135476 bias 1
 test_print 2.24437
net matrix:
 0.450458 -0.391859 -0.850163
outputs matrix:
 0.711138 0.313519 0.154423
error matrix:
 0.288862 -0.313519 -0.154423
delta matrix:
 0.118677 -0.134954 -0.0403279
weights_delta matrix:
 0.00389643 -0.00443086 -0.00132406
 0.00738291 -0.00839554 -0.00250881
 0.00188065 -0.00213859 -0.000639069
 0.00160778 -0.00182831 -0.000546347
 0.0118677 -0.0134954 -0.00403279
weights matrix:
 -0.600561 -0.0240487 0.000906267
 1.00377 -0.441748 -0.243912
 -1.26305 0.316196 0.930556
 -0.957656 -0.100529 0.65144
 0.371332 -0.166398 -0.940643
regression_error on 'test' 0.118927
classification_error on 'test' 0.210526
Save,528,0.118927,0.210526
sample_count 75 Sample index 32
 i 0:0.697853 i 1:0.516233 i 2:0.642339 i 3:0.60999 bias 1
 test_print 3.46642
net matrix:
 -0.925054 -0.269442 -0.0708222
outputs matrix:
 0.13586 0.368447 0.464648
error matrix:
 -0.13586 0.631553 -0.464648
delta matrix:
 -0.0319006 0.293917 -0.231163
weights_delta matrix:
 -0.00222619 0.0205111 -0.0161318
 -0.00164681 0.015173 -0.0119334
 -0.0020491 0.0188794 -0.0148485
 -0.0019459 0.0179286 -0.0141007
 -0.00319006 0.0293917 -0.0231163
weights matrix:
 -0.602787 -0.00353761 -0.0152255
 1.00213 -0.426575 -0.255845
 -1.2651 0.335075 0.915707
 -0.959602 -0.0826003 0.637339
 0.368142 -0.137006 -0.963759
regression_error on 'test' 0.122664
classification_error on 'test' 0.157895
Save,529,0.122664,0.157895
sample_count 75 Sample index 33
 i 0:0.559279 i 1:0.480944 i 2:0.672581 i 3:0.719493 bias 1
 test_print 3.4323
net matrix:
 -1.02832 -0.178208 -0.0208737
outputs matrix:
 0.113383 0.411827 0.489565
error matrix:
 -0.113383 -0.411827 0.510435
delta matrix:
 -0.022796 -0.19951 0.255107
weights_delta matrix:
 -0.00127493 -0.0111582 0.0142676
 -0.00109636 -0.00959532 0.0122692
 -0.00153322 -0.0134187 0.017158
 -0.00164016 -0.0143546 0.0183547
 -0.0022796 -0.019951 0.0255107
weights matrix:
 -0.604062 -0.0146958 -0.000957914
 1.00103 -0.436171 -0.243576
 -1.26663 0.321657 0.932865
 -0.961242 -0.0969549 0.655694
 0.365863 -0.156957 -0.938249
regression_error on 'test' 0.119558
classification_error on 'test' 0.210526
Save,530,0.119558,0.210526
sample_count 75 Sample index 7
 i 0:0.651661 i 1:0.410364 i 2:0.627218 i 3:0.60999 bias 1
 test_print 3.29923
net matrix:
 -0.997794 -0.202915 -0.0537514
outputs matrix:
 0.119667 0.399912 0.47315
error matrix:
 -0.119667 0.600088 -0.47315
delta matrix:
 -0.025213 0.288021 -0.235893
weights_delta matrix:
 -0.00164303 0.0187692 -0.0153722
 -0.00103465 0.0118193 -0.00968019
 -0.00158141 0.0180652 -0.0147956
 -0.00153797 0.017569 -0.0143892
 -0.0025213 0.0288021 -0.0235893
weights matrix:
 -0.605705 0.00407341 -0.0163301
 0.999997 -0.424351 -0.253256
 -1.26821 0.339722 0.91807
 -0.96278 -0.0793859 0.641304
 0.363341 -0.128155 -0.961838
regression_error on 'test' 0.123297
classification_error on 'test' 0.131579
Save,531,0.123297,0.131579
sample_count 75 Sample index 37
 i 0:0.720948 i 1:0.551523 i 2:0.82379 i 3:0.901998 bias 1
 test_print 3.99826
net matrix:
 -1.43498 -0.151004 0.221464
outputs matrix:
 0.0536583 0.425067 0.608957
error matrix:
 -0.0536583 -0.425067 0.391043
delta matrix:
 -0.00544943 -0.20776 0.186237
weights_delta matrix:
 -0.000392876 -0.0149784 0.0134267
 -0.000300549 -0.0114584 0.0102714
 -0.000448919 -0.017115 0.015342
 -0.000491538 -0.0187399 0.0167986
 -0.000544943 -0.020776 0.0186237
weights matrix:
 -0.606098 -0.010905 -0.0029034
 0.999697 -0.43581 -0.242985
 -1.26866 0.322607 0.933412
 -0.963271 -0.0981258 0.658103
 0.362796 -0.148931 -0.943214
regression_error on 'test' 0.119925
classification_error on 'test' 0.184211
Save,532,0.119925,0.184211
sample_count 75 Sample index 19
 i 0:0.674757 i 1:0.480944 i 2:0.596976 i 3:0.573489 bias 1
 test_print 3.32617
net matrix:
 -0.875159 -0.229575 -0.127396
outputs matrix:
 0.148007 0.387188 0.436644
error matrix:
 -0.148007 0.612812 -0.436644
delta matrix:
 -0.0373276 0.290808 -0.214817
weights_delta matrix:
 -0.00251871 0.0196225 -0.0144949
 -0.00179525 0.0139862 -0.0103315
 -0.00222837 0.0173605 -0.012824
 -0.0021407 0.0166775 -0.0123195
 -0.00373276 0.0290808 -0.0214817
weights matrix:
 -0.608617 0.00871749 -0.0173983
 0.997901 -0.421824 -0.253317
 -1.27089 0.339967 0.920588
 -0.965412 -0.0814483 0.645784
 0.359064 -0.11985 -0.964696
regression_error on 'test' 0.123724
classification_error on 'test' 0.131579
Save,533,0.123724,0.131579
sample_count 75 Sample index 25
 i 0:0.628566 i 1:0.410364 i 2:0.778427 i 3:0.865497 bias 1
 test_print 3.68285
net matrix:
 -1.43884 -0.0933252 0.19595
outputs matrix:
 0.0532676 0.453472 0.59674
error matrix:
 -0.0532676 -0.453472 0.40326
delta matrix:
 -0.00537258 -0.224773 0.194082
weights_delta matrix:
 -0.000337702 -0.0141285 0.0121993
 -0.000220471 -0.00922387 0.00796443
 -0.000418216 -0.0174969 0.0151079
 -0.000464996 -0.019454 0.0167977
 -0.000537258 -0.0224773 0.0194082
weights matrix:
 -0.608954 -0.00541096 -0.00519897
 0.997681 -0.431047 -0.245352
 -1.27131 0.32247 0.935695
 -0.965877 -0.100902 0.662581
 0.358526 -0.142327 -0.945288
regression_error on 'test' 0.120266
classification_error on 'test' 0.184211
Save,534,0.120266,0.184211
sample_count 75 Sample index 38
 i 0:0.397609 i 1:0.798551 i 2:0.128226 i 3:0.208478 bias 1
 test_print 2.53286
net matrix:
 0.548721 -0.468379 -0.885167
outputs matrix:
 0.749781 0.281556 0.145501
error matrix:
 0.250219 -0.281556 -0.145501
delta matrix:
 0.0938872 -0.113907 -0.0361803
weights_delta matrix:
 0.00373304 -0.00452906 -0.00143856
 0.00749737 -0.00909608 -0.00288918
 0.00120388 -0.00146059 -0.000463926
 0.00195734 -0.00237472 -0.00075428
 0.00938872 -0.0113907 -0.00361803
weights matrix:
 -0.605221 -0.00994002 -0.00663754
 1.00518 -0.440144 -0.248241
 -1.2701 0.32101 0.935232
 -0.96392 -0.103277 0.661827
 0.367915 -0.153718 -0.948906
regression_error on 'test' 0.119458
classification_error on 'test' 0.184211
Save,535,0.119458,0.184211
sample_count 75 Sample index 30
 i 0:0.559279 i 1:0.410364 i 2:0.642339 i 3:0.500487 bias 1
 test_print 3.11247
net matrix:
 -0.856349 -0.185388 -0.122516
outputs matrix:
 0.152814 0.408354 0.439047
error matrix:
 -0.152814 0.591646 -0.439047
delta matrix:
 -0.0395672 0.285885 -0.216261
weights_delta matrix:
 -0.00221291 0.0159889 -0.012095
 -0.0016237 0.0117317 -0.00887457
 -0.00254156 0.0183635 -0.0138913
 -0.00198029 0.0143082 -0.0108236
 -0.00395672 0.0285885 -0.0216261
weights matrix:
 -0.607434 0.00604891 -0.0187326
 1.00355 -0.428412 -0.257116
 -1.27264 0.339373 0.92134
 -0.9659 -0.0889689 0.651003
 0.363958 -0.12513 -0.970532
regression_error on 'test' 0.122925
classification_error on 'test' 0.131579
Save,536,0.122925,0.131579
sample_count 75 Sample index 59
 i 0:0.60547 i 1:0.233915 i 2:0.596976 i 3:0.536988 bias 1
 test_print 2.97335
net matrix:
 -1.04749 -0.0668566 -0.142418
outputs matrix:
 0.109585 0.466621 0.429269
error matrix:
 -0.109585 0.533379 -0.429269
delta matrix:
 -0.0213858 0.265501 -0.210339
weights_delta matrix:
 -0.00129485 0.0160753 -0.0127354
 -0.000500246 0.00621046 -0.00492015
 -0.00127668 0.0158498 -0.0125567
 -0.00114839 0.0142571 -0.011295
 -0.00213858 0.0265501 -0.0210339
weights matrix:
 -0.608729 0.0221242 -0.031468
 1.00305 -0.422201 -0.262036
 -1.27392 0.355223 0.908783
 -0.967048 -0.0747118 0.639708
 0.36182 -0.0985795 -0.991566
regression_error on 'test' 0.126979
classification_error on 'test' 0.0263158
Save,537,0.126979,0.0263158
sample_count 75 Sample index 22
 i 0:0.305227 i 1:0.233915 i 2:0.430645 i 3:0.427485 bias 1
 test_print 2.39727
net matrix:
 -0.551358 -0.0695489 -0.397636
outputs matrix:
 0.249231 0.465281 0.311038
error matrix:
 -0.249231 0.534719 -0.311038
delta matrix:
 -0.09327 0.26607 -0.133307
weights_delta matrix:
 -0.00284685 0.00812118 -0.00406888
 -0.00218172 0.00622378 -0.00311824
 -0.00401663 0.0114582 -0.00574078
 -0.00398715 0.0113741 -0.00569866
 -0.009327 0.026607 -0.0133307
weights matrix:
 -0.611576 0.0302454 -0.0355368
 1.00087 -0.415978 -0.265154
 -1.27794 0.366681 0.903043
 -0.971035 -0.0633377 0.63401
 0.352493 -0.0719724 -1.0049
regression_error on 'test' 0.130556
classification_error on 'test' 0.0526316
Save,538,0.130556,0.0526316
sample_count 75 Sample index 32
 i 0:0.697853 i 1:0.516233 i 2:0.642339 i 3:0.60999 bias 1
 test_print 3.46642
net matrix:
 -0.970805 -0.0687087 -0.199778
outputs matrix:
 0.125471 0.4657 0.401419
error matrix:
 -0.125471 0.5343 -0.401419
delta matrix:
 -0.0275354 0.265893 -0.192907
weights_delta matrix:
 -0.00192157 0.0185554 -0.0134621
 -0.00142147 0.0137263 -0.00995851
 -0.00176871 0.0170793 -0.0123912
 -0.00167963 0.0162192 -0.0117672
 -0.00275354 0.0265893 -0.0192907
weights matrix:
 -0.613498 0.0488008 -0.0489989
 0.999451 -0.402251 -0.275113
 -1.27971 0.383761 0.890652
 -0.972715 -0.0471185 0.622243
 0.349739 -0.0453831 -1.02419
regression_error on 'test' 0.136645
classification_error on 'test' 0.289474
Save,539,0.136645,0.289474
sample_count 75 Sample index 59
 i 0:0.60547 i 1:0.233915 i 2:0.596976 i 3:0.536988 bias 1
 test_print 2.97335
net matrix:
 -1.07422 0.0938654 -0.252373
outputs matrix:
 0.104477 0.546795 0.376426
error matrix:
 -0.104477 0.453205 -0.376426
delta matrix:
 -0.0195502 0.224617 -0.176717
weights_delta matrix:
 -0.0011837 0.0135999 -0.0106997
 -0.000457308 0.00525414 -0.00413366
 -0.0011671 0.0134091 -0.0105496
 -0.00104982 0.0120617 -0.00948946
 -0.00195502 0.0224617 -0.0176717
weights matrix:
 -0.614681 0.0624007 -0.0596986
 0.998994 -0.396997 -0.279246
 -1.28087 0.39717 0.880102
 -0.973765 -0.0350568 0.612753
 0.347784 -0.0229214 -1.04186
regression_error on 'test' 0.14197
classification_error on 'test' 0.421053
Save,540,0.14197,0.421053
sample_count 75 Sample index 53
 i 0:0.489992 i 1:0.410364 i 2:0.702823 i 3:0.938499 bias 1
 test_print 3.54168
net matrix:
 -1.35756 0.0909803 0.00792085
outputs matrix:
 0.0620872 0.545365 0.50396
error matrix:
 -0.0620872 -0.545365 0.49604
delta matrix:
 -0.00723098 -0.270438 0.248004
weights_delta matrix:
 -0.000354312 -0.0132512 0.012152
 -0.000296733 -0.0110978 0.0101772
 -0.00050821 -0.019007 0.0174303
 -0.000678627 -0.0253806 0.0232752
 -0.000723098 -0.0270438 0.0248004
weights matrix:
 -0.615036 0.0491495 -0.0475466
 0.998697 -0.408095 -0.269069
 -1.28138 0.378163 0.897532
 -0.974444 -0.0604374 0.636028
 0.347061 -0.0499652 -1.01706
regression_error on 'test' 0.134293
classification_error on 'test' 0.157895
Save,541,0.134293,0.157895
sample_count 75 Sample index 9
 i 0:0.351418 i 1:0.375074 i 2:0.521371 i 3:0.573489 bias 1
 test_print 2.82135
net matrix:
 -0.721396 -0.0232561 -0.301985
outputs matrix:
 0.191113 0.488374 0.353436
error matrix:
 -0.191113 0.511626 -0.353436
delta matrix:
 -0.0590881 0.255675 -0.161534
weights_delta matrix:
 -0.00207646 0.00898487 -0.00567658
 -0.00221624 0.00958969 -0.0060587
 -0.00308068 0.0133301 -0.00842189
 -0.00338864 0.0146627 -0.00926377
 -0.00590881 0.0255675 -0.0161534
weights matrix:
 -0.617112 0.0581343 -0.0532232
 0.996481 -0.398505 -0.275128
 -1.28446 0.391493 0.88911
 -0.977832 -0.0457747 0.626765
 0.341152 -0.0243977 -1.03321
regression_error on 'test' 0.139486
classification_error on 'test' 0.342105
Save,542,0.139486,0.342105
sample_count 75 Sample index 32
 i 0:0.697853 i 1:0.516233 i 2:0.642339 i 3:0.60999 bias 1
 test_print 3.46642
net matrix:
 -0.996613 0.0339989 -0.258953
outputs matrix:
 0.119916 0.516993 0.373342
error matrix:
 -0.119916 0.483007 -0.373342
delta matrix:
 -0.025311 0.241225 -0.174692
weights_delta matrix:
 -0.00176633 0.0168339 -0.012191
 -0.00130663 0.0124528 -0.0090182
 -0.00162582 0.0154948 -0.0112212
 -0.00154394 0.0147145 -0.0106561
 -0.0025311 0.0241225 -0.0174692
weights matrix:
 -0.618878 0.0749683 -0.0654141
 0.995174 -0.386053 -0.284146
 -1.28609 0.406988 0.877889
 -0.979376 -0.0310602 0.616108
 0.338621 -0.000275252 -1.05068
regression_error on 'test' 0.146165
classification_error on 'test' 0.421053
Save,543,0.146165,0.421053
sample_count 75 Sample index 62
 i 0:0.582374 i 1:0.622103 i 2:0.748185 i 3:0.901998 bias 1
 test_print 3.85466
net matrix:
 -1.24832 0.0797057 -0.0529924
outputs matrix:
 0.0760936 0.539769 0.473529
error matrix:
 -0.0760936 -0.539769 0.526471
delta matrix:
 -0.0106993 -0.268177 0.262498
weights_delta matrix:
 -0.000623097 -0.0156179 0.0152872
 -0.000665604 -0.0166834 0.0163301
 -0.000800503 -0.0200646 0.0196397
 -0.000965071 -0.0241895 0.0236773
 -0.00106993 -0.0268177 0.0262498
weights matrix:
 -0.619502 0.0593503 -0.0501269
 0.994509 -0.402736 -0.267816
 -1.28689 0.386923 0.897529
 -0.980341 -0.0552498 0.639786
 0.337551 -0.027093 -1.02443
regression_error on 'test' 0.13734
classification_error on 'test' 0.289474
Save,544,0.13734,0.289474
sample_count 75 Sample index 71
 i 0:0.143558 i 1:0.480944 i 2:0.0979839 i 3:0.0989754 bias 1
 test_print 1.82146
net matrix:
 0.503796 -0.179822 -1.00917
outputs matrix:
 0.732549 0.411046 0.117292
error matrix:
 0.267451 -0.411046 -0.117292
delta matrix:
 0.104799 -0.199018 -0.0242874
weights_delta matrix:
 0.00150447 -0.00285706 -0.000348666
 0.00504023 -0.00957164 -0.00116809
 0.00102686 -0.00195005 -0.000237978
 0.00103725 -0.00196979 -0.000240386
 0.0104799 -0.0199018 -0.00242874
weights matrix:
 -0.617997 0.0564933 -0.0504756
 0.999549 -0.412308 -0.268984
 -1.28586 0.384973 0.897291
 -0.979304 -0.0572195 0.639545
 0.348031 -0.0469947 -1.02686
regression_error on 'test' 0.135232
classification_error on 'test' 0.210526
Save,545,0.135232,0.210526
sample_count 75 Sample index 30
 i 0:0.559279 i 1:0.410364 i 2:0.642339 i 3:0.500487 bias 1
 test_print 3.11247
net matrix:
 -0.903511 0.0340502 -0.269022
outputs matrix:
 0.140999 0.517019 0.368643
error matrix:
 -0.140999 0.482981 -0.368643
delta matrix:
 -0.0341549 0.241211 -0.1716
weights_delta matrix:
 -0.00191021 0.0134904 -0.00959721
 -0.00140159 0.00989843 -0.00704183
 -0.0021939 0.0154939 -0.0110225
 -0.00170941 0.0120723 -0.00858834
 -0.00341549 0.0241211 -0.01716
weights matrix:
 -0.619907 0.0699837 -0.0600728
 0.998147 -0.402409 -0.276026
 -1.28806 0.400467 0.886268
 -0.981013 -0.0451472 0.630957
 0.344616 -0.0228736 -1.04402
regression_error on 'test' 0.14083
classification_error on 'test' 0.421053
Save,546,0.14083,0.421053
sample_count 75 Sample index 30
 i 0:0.559279 i 1:0.410364 i 2:0.642339 i 3:0.500487 bias 1
 test_print 3.11247
net matrix:
 -0.910834 0.0857725 -0.305818
outputs matrix:
 0.139234 0.542781 0.351686
error matrix:
 -0.139234 0.457219 -0.351686
delta matrix:
 -0.0333737 0.226936 -0.160371
weights_delta matrix:
 -0.00186652 0.012692 -0.00896921
 -0.00136954 0.00931262 -0.00658105
 -0.00214372 0.014577 -0.0103013
 -0.00167031 0.0113578 -0.00802636
 -0.00333737 0.0226936 -0.0160371
weights matrix:
 -0.621774 0.0826757 -0.069042
 0.996778 -0.393096 -0.282607
 -1.2902 0.415044 0.875967
 -0.982684 -0.0337894 0.622931
 0.341278 -0.000180057 -1.06006
regression_error on 'test' 0.146648
classification_error on 'test' 0.421053
Save,547,0.146648,0.421053
sample_count 75 Sample index 51
 i 0:0.628566 i 1:0.516233 i 2:0.763306 i 3:0.719493 bias 1
 test_print 3.6276
net matrix:
 -1.22683 0.141352 -0.13252
outputs matrix:
 0.0791715 0.570209 0.434125
error matrix:
 -0.0791715 -0.570209 0.565875
delta matrix:
 -0.0115437 -0.279483 0.278026
weights_delta matrix:
 -0.0007256 -0.0175674 0.0174758
 -0.000595926 -0.0144278 0.0143526
 -0.00088114 -0.0213331 0.0212219
 -0.000830564 -0.0201086 0.0200038
 -0.00115437 -0.0279483 0.0278026
weights matrix:
 -0.622499 0.0651084 -0.0515662
 0.996182 -0.407524 -0.268254
 -1.29108 0.393711 0.897189
 -0.983514 -0.053898 0.642934
 0.340124 -0.0281284 -1.03225
regression_error on 'test' 0.137778
classification_error on 'test' 0.342105
Save,548,0.137778,0.342105
sample_count 75 Sample index 65
 i 0:0.928809 i 1:0.410364 i 2:0.944758 i 3:0.792495 bias 1
 test_print 4.07643
net matrix:
 -1.82845 0.194359 0.166917
outputs matrix:
 0.0251629 0.595974 0.582692
error matrix:
 -0.0251629 -0.595974 0.417308
delta matrix:
 -0.00123447 -0.287008 0.202947
weights_delta matrix:
 -0.000114659 -0.0266576 0.0188499
 -5.06584e-05 -0.0117778 0.00832821
 -0.000116628 -0.0271153 0.0191736
 -9.78315e-05 -0.0227452 0.0160834
 -0.000123447 -0.0287008 0.0202947
weights matrix:
 -0.622614 0.0384508 -0.0327163
 0.996131 -0.419302 -0.259926
 -1.2912 0.366595 0.916363
 -0.983612 -0.0766433 0.659018
 0.340001 -0.0568292 -1.01196
regression_error on 'test' 0.13016
classification_error on 'test' 0.0526316
Save,549,0.13016,0.0526316
sample_count 75 Sample index 67
 i 0:0.443801 i 1:0.375074 i 2:0.566734 i 3:0.536988 bias 1
 test_print 2.9226
net matrix:
 -0.822646 -0.0304283 -0.250752
outputs matrix:
 0.161746 0.484791 0.377187
error matrix:
 -0.161746 0.515209 -0.377187
delta matrix:
 -0.0438605 0.257366 -0.177215
weights_delta matrix:
 -0.00194653 0.0114219 -0.00786484
 -0.00164509 0.00965314 -0.00664689
 -0.00248572 0.0145858 -0.0100434
 -0.00235526 0.0138203 -0.00951625
 -0.00438605 0.0257366 -0.0177215
weights matrix:
 -0.624561 0.0498728 -0.0405812
 0.994486 -0.409649 -0.266573
 -1.29368 0.381181 0.906319
 -0.985967 -0.062823 0.649502
 0.335615 -0.0310925 -1.02968
regression_error on 'test' 0.135129
classification_error on 'test' 0.184211
Save,550,0.135129,0.184211
sample_count 75 Sample index 54
 i 0:0.305227 i 1:0.622103 i 2:0.158468 i 3:0.135476 bias 1
 test_print 2.22127
net matrix:
 0.425072 -0.21882 -0.976289
outputs matrix:
 0.700597 0.392304 0.124273
error matrix:
 0.299403 -0.392304 -0.124273
delta matrix:
 0.125606 -0.187051 -0.0270489
weights_delta matrix:
 0.00383383 -0.00570932 -0.000825604
 0.00781397 -0.0116365 -0.00168272
 0.00199045 -0.00296417 -0.000428638
 0.00170166 -0.0025341 -0.000366447
 0.0125606 -0.0187051 -0.00270489
weights matrix:
 -0.620727 0.0441634 -0.0414068
 1.0023 -0.421285 -0.268256
 -1.29169 0.378217 0.905891
 -0.984266 -0.0653571 0.649135
 0.348175 -0.0497977 -1.03239
regression_error on 'test' 0.132903
classification_error on 'test' 0.157895
Save,551,0.132903,0.157895
sample_count 75 Sample index 12
 i 0:0.166653 i 1:0.480944 i 2:0.128226 i 3:0.135476 bias 1
 test_print 1.9113
net matrix:
 0.427806 -0.205409 -0.964202
outputs matrix:
 0.701743 0.398716 0.126927
error matrix:
 0.298257 -0.398716 -0.126927
delta matrix:
 0.12485 -0.191177 -0.0281314
weights_delta matrix:
 0.00208066 -0.00318603 -0.000468818
 0.00600459 -0.00919456 -0.00135296
 0.0016009 -0.00245139 -0.000360718
 0.00169142 -0.00259 -0.000381113
 0.012485 -0.0191177 -0.00281314
weights matrix:
 -0.618646 0.0409774 -0.0418756
 1.0083 -0.43048 -0.269609
 -1.29009 0.375766 0.90553
 -0.982574 -0.0679471 0.648754
 0.36066 -0.0689154 -1.0352
regression_error on 'test' 0.131045
classification_error on 'test' 0.131579
Save,552,0.131045,0.131579
sample_count 75 Sample index 16
 i 0:0.60547 i 1:0.304495 i 2:0.687702 i 3:0.755994 bias 1
 test_print 3.35366
net matrix:
 -1.33691 0.0318634 -0.0294592
outputs matrix:
 0.0645364 0.515926 0.485275
error matrix:
 -0.0645364 -0.515926 0.514725
delta matrix:
 -0.00779231 -0.257701 0.257139
weights_delta matrix:
 -0.000471801 -0.015603 0.015569
 -0.000237272 -0.00784688 0.00782977
 -0.000535879 -0.0177222 0.0176835
 -0.000589094 -0.0194821 0.0194396
 -0.000779231 -0.0257701 0.0257139
weights matrix:
 -0.619118 0.0253744 -0.0263066
 1.00807 -0.438327 -0.261779
 -1.29063 0.358044 0.923213
 -0.983163 -0.0874292 0.668194
 0.359881 -0.0946856 -1.00949
regression_error on 'test' 0.125398
classification_error on 'test' 0.0789474
Save,553,0.125398,0.0789474
sample_count 75 Sample index 63
 i 0:0.420705 i 1:0.904421 i 2:0.143347 i 3:0.135476 bias 1
 test_print 2.60395
net matrix:
 0.692929 -0.440963 -1.03445
outputs matrix:
 0.79993 0.292779 0.112157
error matrix:
 0.20007 -0.292779 -0.112157
delta matrix:
 0.064039 -0.121245 -0.0223367
weights_delta matrix:
 0.00269415 -0.00510085 -0.000939718
 0.00579182 -0.0109657 -0.00202018
 0.00091798 -0.00173802 -0.000320191
 0.000867575 -0.00164258 -0.000302609
 0.0064039 -0.0121245 -0.00223367
weights matrix:
 -0.616424 0.0202735 -0.0272463
 1.01386 -0.449293 -0.263799
 -1.28971 0.356306 0.922893
 -0.982296 -0.0890717 0.667891
 0.366285 -0.10681 -1.01172
regression_error on 'test' 0.124267
classification_error on 'test' 0.0526316
Save,554,0.124267,0.0526316
sample_count 75 Sample index 17
 i 0:0.443801 i 1:0.304495 i 2:0.521371 i 3:0.463986 bias 1
 test_print 2.73365
net matrix:
 -0.726758 -0.0901807 -0.313075
outputs matrix:
 0.189461 0.455031 0.348384
error matrix:
 -0.189461 0.544969 -0.348384
delta matrix:
 -0.0581893 0.27028 -0.158175
weights_delta matrix:
 -0.00258245 0.0119951 -0.00701983
 -0.00177184 0.0082299 -0.00481636
 -0.00303382 0.0140916 -0.0082468
 -0.0026999 0.0125406 -0.00733911
 -0.00581893 0.027028 -0.0158175
weights matrix:
 -0.619006 0.0322686 -0.0342661
 1.01209 -0.441063 -0.268616
 -1.29274 0.370397 0.914646
 -0.984996 -0.0765311 0.660552
 0.360466 -0.0797821 -1.02754
regression_error on 'test' 0.128139
classification_error on 'test' 0.0526316
Save,555,0.128139,0.0526316
sample_count 75 Sample index 3
 i 0:0.744044 i 1:0.516233 i 2:0.672581 i 3:0.60999 bias 1
 test_print 3.54285
net matrix:
 -1.04794 -0.0810251 -0.173596
outputs matrix:
 0.109498 0.459576 0.414063
error matrix:
 -0.109498 0.540424 -0.414063
delta matrix:
 -0.0213538 0.268446 -0.200916
weights_delta matrix:
 -0.00158882 0.0199736 -0.014949
 -0.00110235 0.0138581 -0.0103719
 -0.00143622 0.0180552 -0.0135132
 -0.00130256 0.0163749 -0.0122557
 -0.00213538 0.0268446 -0.0200916
weights matrix:
 -0.620595 0.0522421 -0.0492152
 1.01098 -0.427205 -0.278987
 -1.29418 0.388452 0.901133
 -0.986298 -0.0601562 0.648296
 0.35833 -0.0529375 -1.04763
regression_error on 'test' 0.134193
classification_error on 'test' 0.210526
Save,556,0.134193,0.210526
sample_count 75 Sample index 35
 i 0:0.189749 i 1:0.233915 i 2:0.128226 i 3:0.171977 bias 1
 test_print 1.72387
net matrix:
 0.14149 -0.10349 -0.895185
outputs matrix:
 0.570276 0.448439 0.143027
error matrix:
 0.429724 -0.448439 -0.143027
delta matrix:
 0.210617 -0.221835 -0.0350619
weights_delta matrix:
 0.00399644 -0.0042093 -0.000665295
 0.00492665 -0.00518906 -0.00082015
 0.00270066 -0.0028445 -0.000449584
 0.00362213 -0.00381505 -0.000602983
 0.0210617 -0.0221835 -0.00350619
weights matrix:
 -0.616599 0.0480328 -0.0498805
 1.01591 -0.432394 -0.279808
 -1.29148 0.385608 0.900684
 -0.982676 -0.0639712 0.647693
 0.379392 -0.075121 -1.05113
regression_error on 'test' 0.132163
classification_error on 'test' 0.157895
Save,557,0.132163,0.157895
sample_count 75 Sample index 59
 i 0:0.60547 i 1:0.233915 i 2:0.596976 i 3:0.536988 bias 1
 test_print 2.97335
net matrix:
 -1.05497 0.0486649 -0.261297
outputs matrix:
 0.108134 0.524313 0.372246
error matrix:
 -0.108134 0.475687 -0.372246
delta matrix:
 -0.0208573 0.237281 -0.173972
weights_delta matrix:
 -0.00126285 0.0143667 -0.0105335
 -0.000487883 0.00555036 -0.00406947
 -0.00124513 0.0141651 -0.0103857
 -0.00112001 0.0127417 -0.0093421
 -0.00208573 0.0237281 -0.0173972
weights matrix:
 -0.617861 0.0623995 -0.0604139
 1.01542 -0.426843 -0.283877
 -1.29272 0.399773 0.890298
 -0.983796 -0.0512295 0.638351
 0.377306 -0.0513929 -1.06853
regression_error on 'test' 0.137256
classification_error on 'test' 0.342105
Save,558,0.137256,0.342105
sample_count 75 Sample index 30
 i 0:0.559279 i 1:0.410364 i 2:0.642339 i 3:0.500487 bias 1
 test_print 3.11247
net matrix:
 -0.874301 0.0394947 -0.327453
outputs matrix:
 0.148224 0.519737 0.341885
error matrix:
 -0.148224 0.480263 -0.341885
delta matrix:
 -0.0374274 0.239757 -0.153848
weights_delta matrix:
 -0.00209324 0.0134091 -0.00860439
 -0.00153589 0.00983878 -0.00631336
 -0.00240411 0.0154005 -0.00988225
 -0.00187319 0.0119995 -0.00769989
 -0.00374274 0.0239757 -0.0153848
weights matrix:
 -0.619955 0.0758086 -0.0690183
 1.01389 -0.417005 -0.29019
 -1.29513 0.415173 0.880416
 -0.985669 -0.03923 0.630651
 0.373564 -0.0274172 -1.08392
regression_error on 'test' 0.14292
classification_error on 'test' 0.421053
Save,559,0.14292,0.421053
sample_count 75 Sample index 67
 i 0:0.443801 i 1:0.375074 i 2:0.566734 i 3:0.536988 bias 1
 test_print 2.9226
net matrix:
 -0.784575 0.0640461 -0.385776
outputs matrix:
 0.172337 0.531979 0.316144
error matrix:
 -0.172337 0.468021 -0.316144
delta matrix:
 -0.0491635 0.233053 -0.136698
weights_delta matrix:
 -0.00218188 0.0103429 -0.00606669
 -0.00184399 0.00874121 -0.0051272
 -0.00278626 0.0132079 -0.00774717
 -0.00264002 0.0125147 -0.00734054
 -0.00491635 0.0233053 -0.0136698
weights matrix:
 -0.622137 0.0861515 -0.075085
 1.01204 -0.408263 -0.295318
 -1.29791 0.428381 0.872668
 -0.988309 -0.0267153 0.623311
 0.368647 -0.00411186 -1.09759
regression_error on 'test' 0.148501
classification_error on 'test' 0.421053
Save,560,0.148501,0.421053
sample_count 75 Sample index 69
 i 0:0.628566 i 1:0.445654 i 2:0.581855 i 3:0.536988 bias 1
 test_print 3.19306
net matrix:
 -0.857293 0.103006 -0.433915
outputs matrix:
 0.15257 0.551322 0.295706
error matrix:
 -0.15257 0.448678 -0.295706
delta matrix:
 -0.0394522 0.221976 -0.12317
weights_delta matrix:
 -0.00247983 0.0139526 -0.00774204
 -0.0017582 0.00989243 -0.00548912
 -0.00229554 0.0129158 -0.00716671
 -0.00211853 0.0119198 -0.00661408
 -0.00394522 0.0221976 -0.012317
weights matrix:
 -0.624616 0.100104 -0.0828271
 1.01029 -0.398371 -0.300807
 -1.30021 0.441297 0.865502
 -0.990428 -0.0147955 0.616697
 0.364702 0.0180857 -1.1099
regression_error on 'test' 0.154522
classification_error on 'test' 0.421053
Save,561,0.154522,0.421053
sample_count 75 Sample index 37
 i 0:0.720948 i 1:0.551523 i 2:0.82379 i 3:0.901998 bias 1
 test_print 3.99826
net matrix:
 -1.49288 0.220736 -0.066268
outputs matrix:
 0.0480732 0.60861 0.466914
error matrix:
 -0.0480732 -0.60861 0.533086
delta matrix:
 -0.00439987 -0.289946 0.265376
weights_delta matrix:
 -0.000317207 -0.0209036 0.0191322
 -0.000242663 -0.0159912 0.0146361
 -0.000362457 -0.0238855 0.0218614
 -0.000396867 -0.0261531 0.0239368
 -0.000439987 -0.0289946 0.0265376
weights matrix:
 -0.624934 0.0792005 -0.0636949
 1.01004 -0.414362 -0.286171
 -1.30057 0.417412 0.887363
 -0.990825 -0.0409486 0.640634
 0.364262 -0.0109089 -1.08337
regression_error on 'test' 0.143559
classification_error on 'test' 0.421053
Save,562,0.143559,0.421053
sample_count 75 Sample index 6
 i 0:0.305227 i 1:0.657392 i 2:0.128226 i 3:0.171977 bias 1
 test_print 2.26282
net matrix:
 0.500343 -0.212652 -1.06698
outputs matrix:
 0.731194 0.395248 0.10584
error matrix:
 0.268806 -0.395248 -0.10584
delta matrix:
 0.105668 -0.18895 -0.0200331
weights_delta matrix:
 0.00322526 -0.00576726 -0.000611464
 0.0069465 -0.0124214 -0.00131696
 0.00135493 -0.00242283 -0.000256876
 0.00181724 -0.0032495 -0.000344523
 0.0105668 -0.018895 -0.00200331
weights matrix:
 -0.621708 0.0734333 -0.0643063
 1.01699 -0.426784 -0.287488
 -1.29922 0.414989 0.887106
 -0.989007 -0.0441981 0.640289
 0.374829 -0.0298039 -1.08537
regression_error on 'test' 0.141064
classification_error on 'test' 0.421053
Save,563,0.141064,0.421053
sample_count 75 Sample index 14
 i 0:0.697853 i 1:0.516233 i 2:0.778427 i 3:0.938499 bias 1
 test_print 3.93101
net matrix:
 -1.47356 0.0826806 0.0128023
outputs matrix:
 0.0498731 0.541246 0.506401
error matrix:
 -0.0498731 -0.541246 0.493599
delta matrix:
 -0.00472655 -0.268782 0.246759
weights_delta matrix:
 -0.000329844 -0.018757 0.0172202
 -0.000244 -0.0138754 0.0127385
 -0.000367927 -0.0209227 0.0192084
 -0.000443586 -0.0252251 0.0231583
 -0.000472655 -0.0268782 0.0246759
weights matrix:
 -0.622038 0.0546763 -0.0470862
 1.01675 -0.440659 -0.274749
 -1.29959 0.394066 0.906315
 -0.989451 -0.0694232 0.663447
 0.374356 -0.0566821 -1.06069
regression_error on 'test' 0.132682
classification_error on 'test' 0.157895
Save,564,0.132682,0.157895
sample_count 75 Sample index 39
 i 0:0.397609 i 1:0.622103 i 2:0.18871 i 3:0.135476 bias 1
 test_print 2.3439
net matrix:
 0.380257 -0.244119 -0.989425
outputs matrix:
 0.681465 0.380309 0.121441
error matrix:
 0.318535 -0.380309 -0.121441
delta matrix:
 0.138289 -0.179258 -0.025914
weights_delta matrix:
 0.00549849 -0.00712746 -0.00103036
 0.00860299 -0.0111517 -0.00161212
 0.00260965 -0.00338278 -0.000489023
 0.00187348 -0.00242851 -0.000351073
 0.0138289 -0.0179258 -0.0025914
weights matrix:
 -0.61654 0.0475488 -0.0481165
 1.02535 -0.451811 -0.276361
 -1.29698 0.390683 0.905826
 -0.987578 -0.0718518 0.663096
 0.388185 -0.0746079 -1.06328
regression_error on 'test' 0.130739
classification_error on 'test' 0.157895
Save,565,0.130739,0.157895
sample_count 75 Sample index 44
 i 0:0.536183 i 1:0.375074 i 2:0.702823 i 3:0.646491 bias 1
 test_print 3.26057
net matrix:
 -1.10782 0.00955432 -0.127419
outputs matrix:
 0.0983555 0.504777 0.436633
error matrix:
 -0.0983555 0.495223 -0.436633
delta matrix:
 -0.0174447 0.247589 -0.21481
weights_delta matrix:
 -0.000935354 0.0132753 -0.0115178
 -0.000654305 0.00928642 -0.00805697
 -0.00122605 0.0174011 -0.0150974
 -0.00112778 0.0160064 -0.0138873
 -0.00174447 0.0247589 -0.021481
weights matrix:
 -0.617475 0.0608241 -0.0596343
 1.02469 -0.442524 -0.284418
 -1.2982 0.408085 0.890728
 -0.988705 -0.0558454 0.649209
 0.386441 -0.049849 -1.08477
regression_error on 'test' 0.136788
classification_error on 'test' 0.342105
Save,566,0.136788,0.342105
sample_count 75 Sample index 21
 i 0:0.836426 i 1:0.445654 i 2:0.884274 i 3:0.719493 bias 1
 test_print 3.88585
net matrix:
 -1.5327 0.124491 -0.0066479
outputs matrix:
 0.0445568 0.561926 0.496676
error matrix:
 -0.0445568 -0.561926 0.503324
delta matrix:
 -0.0037937 -0.276653 0.251651
weights_delta matrix:
 -0.000317315 -0.02314 0.0210487
 -0.000169068 -0.0123292 0.0112149
 -0.000335467 -0.0244637 0.0222528
 -0.000272954 -0.019905 0.0181061
 -0.00037937 -0.0276653 0.0251651
weights matrix:
 -0.617792 0.0376841 -0.0385856
 1.02453 -0.454853 -0.273203
 -1.29854 0.383621 0.912981
 -0.988978 -0.0757504 0.667315
 0.386061 -0.0775143 -1.0596
regression_error on 'test' 0.128954
classification_error on 'test' 0.131579
Save,567,0.128954,0.131579
sample_count 75 Sample index 1
 i 0:0.582374 i 1:0.445654 i 2:0.581855 i 3:0.536988 bias 1
 test_print 3.14687
net matrix:
 -0.803771 -0.0757407 -0.314263
outputs matrix:
 0.16693 0.462202 0.347845
error matrix:
 -0.16693 0.537798 -0.347845
delta matrix:
 -0.0464281 0.267362 -0.157816
weights_delta matrix:
 -0.00270385 0.0155705 -0.00919082
 -0.00206909 0.0119151 -0.00703315
 -0.00270144 0.0155566 -0.00918263
 -0.00249313 0.014357 -0.00847455
 -0.00464281 0.0267362 -0.0157816
weights matrix:
 -0.620496 0.0532546 -0.0477764
 1.02246 -0.442938 -0.280236
 -1.30124 0.399177 0.903799
 -0.991471 -0.0613933 0.658841
 0.381418 -0.0507781 -1.07538
regression_error on 'test' 0.13418
classification_error on 'test' 0.289474
Save,568,0.13418,0.289474
sample_count 75 Sample index 43
 i 0:0.582374 i 1:0.198626 i 2:0.612097 i 3:0.60999 bias 1
 test_print 3.00309
net matrix:
 -1.17813 0.0991429 -0.203769
outputs matrix:
 0.0865698 0.54941 0.399502
error matrix:
 -0.0865698 0.45059 -0.399502
delta matrix:
 -0.0136911 0.223095 -0.191681
weights_delta matrix:
 -0.000797334 0.0129925 -0.011163
 -0.000271941 0.00443125 -0.00380729
 -0.000838028 0.0136556 -0.0117328
 -0.000835143 0.0136086 -0.0116924
 -0.00136911 0.0223095 -0.0191681
weights matrix:
 -0.621294 0.0662471 -0.0589394
 1.02218 -0.438507 -0.284044
 -1.30208 0.412833 0.892066
 -0.992307 -0.0477848 0.647148
 0.380049 -0.0284686 -1.09455
regression_error on 'test' 0.139639
classification_error on 'test' 0.421053
Save,569,0.139639,0.421053
sample_count 75 Sample index 53
 i 0:0.489992 i 1:0.410364 i 2:0.702823 i 3:0.938499 bias 1
 test_print 3.54168
net matrix:
 -1.35132 0.069347 -0.00567898
outputs matrix:
 0.0628178 0.534618 0.497161
error matrix:
 -0.0628178 -0.534618 0.502839
delta matrix:
 -0.00739637 -0.266028 0.251412
weights_delta matrix:
 -0.000362416 -0.0130351 0.012319
 -0.000303521 -0.0109168 0.010317
 -0.000519834 -0.018697 0.0176698
 -0.000694149 -0.0249667 0.023595
 -0.000739637 -0.0266028 0.0251412
weights matrix:
 -0.621656 0.0532119 -0.0466204
 1.02188 -0.449424 -0.273727
 -1.3026 0.394136 0.909736
 -0.993001 -0.0727514 0.670743
 0.37931 -0.0550713 -1.06941
regression_error on 'test' 0.132036
classification_error on 'test' 0.157895
Save,570,0.132036,0.157895
sample_count 75 Sample index 37
 i 0:0.720948 i 1:0.551523 i 2:0.82379 i 3:0.901998 bias 1
 test_print 3.99826
net matrix:
 -1.47403 -0.00551228 0.100454
outputs matrix:
 0.0498281 0.497244 0.550059
error matrix:
 -0.0498281 -0.497244 0.449941
delta matrix:
 -0.00471825 -0.248614 0.222716
weights_delta matrix:
 -0.000340161 -0.0179238 0.0160566
 -0.000260222 -0.0137117 0.0122833
 -0.000388685 -0.0204806 0.0183471
 -0.000425585 -0.022425 0.0200889
 -0.000471825 -0.0248614 0.0222716
weights matrix:
 -0.621996 0.0352881 -0.0305638
 1.02162 -0.463135 -0.261443
 -1.30299 0.373655 0.928083
 -0.993426 -0.0951764 0.690832
 0.378838 -0.0799328 -1.04714
regression_error on 'test' 0.125627
classification_error on 'test' 0.0263158
Save,571,0.125627,0.0263158
sample_count 75 Sample index 21
 i 0:0.836426 i 1:0.445654 i 2:0.884274 i 3:0.719493 bias 1
 test_print 3.88585
net matrix:
 -1.55309 0.0051199 0.128513
outputs matrix:
 0.0428534 0.50256 0.563905
error matrix:
 -0.0428534 -0.50256 0.436095
delta matrix:
 -0.00351544 -0.251273 0.214486
weights_delta matrix:
 -0.00029404 -0.0210172 0.0179401
 -0.000156667 -0.0111981 0.00955863
 -0.000310861 -0.0222195 0.0189664
 -0.000252933 -0.0180789 0.0154321
 -0.000351544 -0.0251273 0.0214486
weights matrix:
 -0.62229 0.014271 -0.0126237
 1.02146 -0.474334 -0.251885
 -1.3033 0.351436 0.947049
 -0.993679 -0.113255 0.706264
 0.378486 -0.10506 -1.02569
regression_error on 'test' 0.120689
classification_error on 'test' 0.157895
Save,572,0.120689,0.157895
sample_count 75 Sample index 62
 i 0:0.582374 i 1:0.622103 i 2:0.748185 i 3:0.901998 bias 1
 test_print 3.85466
net matrix:
 -1.21987 -0.23105 0.155878
outputs matrix:
 0.0801926 0.386488 0.577314
error matrix:
 -0.0801926 -0.386488 0.422686
delta matrix:
 -0.0118303 -0.183284 0.20629
weights_delta matrix:
 -0.000688965 -0.010674 0.0120138
 -0.000735965 -0.0114021 0.0128334
 -0.000885124 -0.013713 0.0154343
 -0.00106709 -0.0165322 0.0186073
 -0.00118303 -0.0183284 0.020629
weights matrix:
 -0.622979 0.00359699 -0.000609873
 1.02073 -0.485736 -0.239051
 -1.30418 0.337723 0.962483
 -0.994746 -0.129788 0.724871
 0.377303 -0.123389 -1.00506
regression_error on 'test' 0.117667
classification_error on 'test' 0.184211
Save,573,0.117667,0.184211
sample_count 75 Sample index 70
 i 0:0.259036 i 1:0.622103 i 2:0.173589 i 3:0.135476 bias 1
 test_print 2.1902
net matrix:
 0.489771 -0.383593 -0.888653
outputs matrix:
 0.727017 0.317088 0.144636
error matrix:
 0.272983 -0.317088 -0.144636
delta matrix:
 0.108354 -0.137327 -0.0357877
weights_delta matrix:
 0.00280676 -0.00355726 -0.000927031
 0.00674073 -0.00854314 -0.00222637
 0.0018809 -0.00238384 -0.000621236
 0.00146794 -0.00186045 -0.000484838
 0.0108354 -0.0137327 -0.00357877
weights matrix:
 -0.620172 3.97303e-05 -0.0015369
 1.02747 -0.494279 -0.241278
 -1.3023 0.335339 0.961862
 -0.993278 -0.131648 0.724387
 0.388139 -0.137121 -1.00864
regression_error on 'test' 0.116845
classification_error on 'test' 0.184211
Save,574,0.116845,0.184211
sample_count 75 Sample index 8
 i 0:0.489992 i 1:0.375074 i 2:0.702823 i 3:0.755994 bias 1
 test_print 3.32388
net matrix:
 -1.19656 -0.186334 0.123762
outputs matrix:
 0.0836984 0.407897 0.561567
error matrix:
 -0.0836984 -0.407897 0.438433
delta matrix:
 -0.0128381 -0.197028 0.215893
weights_delta matrix:
 -0.000629059 -0.00965421 0.0105786
 -0.000481526 -0.00739 0.00809757
 -0.000902295 -0.0138476 0.0151734
 -0.000970556 -0.0148952 0.0163214
 -0.00128381 -0.0197028 0.0215893
weights matrix:
 -0.620801 -0.00961448 0.00904167
 1.02699 -0.501669 -0.23318
 -1.3032 0.321491 0.977036
 -0.994249 -0.146543 0.740708
 0.386855 -0.156824 -0.987049
regression_error on 'test' 0.114895
classification_error on 'test' 0.210526
Save,575,0.114895,0.210526
sample_count 75 Sample index 36
 i 0:0.744044 i 1:0.516233 i 2:0.702823 i 3:0.901998 bias 1
 test_print 3.8651
net matrix:
 -1.35762 -0.329186 0.254103
outputs matrix:
 0.0620806 0.341106 0.624386
error matrix:
 -0.0620806 -0.341106 0.375614
delta matrix:
 -0.00722948 -0.153329 0.176184
weights_delta matrix:
 -0.000537905 -0.0114083 0.0131089
 -0.00037321 -0.00791533 0.00909521
 -0.000508105 -0.0107763 0.0123826
 -0.000652098 -0.0138302 0.0158918
 -0.000722948 -0.0153329 0.0176184
weights matrix:
 -0.621339 -0.0210228 0.0221505
 1.02661 -0.509584 -0.224085
 -1.30371 0.310715 0.989418
 -0.994901 -0.160373 0.7566
 0.386132 -0.172157 -0.969431
regression_error on 'test' 0.11375
classification_error on 'test' 0.236842
Save,576,0.11375,0.236842
sample_count 75 Sample index 25
 i 0:0.628566 i 1:0.410364 i 2:0.778427 i 3:0.865497 bias 1
 test_print 3.68285
net matrix:
 -1.45906 -0.29142 0.37756
outputs matrix:
 0.0512648 0.35828 0.680293
error matrix:
 -0.0512648 -0.35828 0.319707
delta matrix:
 -0.0049867 -0.164748 0.139069
weights_delta matrix:
 -0.000313447 -0.0103555 0.00874138
 -0.000204636 -0.00676066 0.00570688
 -0.000388178 -0.0128244 0.0108255
 -0.000431597 -0.0142589 0.0120364
 -0.00049867 -0.0164748 0.0139069
weights matrix:
 -0.621653 -0.0313783 0.0308919
 1.02641 -0.516345 -0.218378
 -1.3041 0.297891 1.00024
 -0.995333 -0.174632 0.768636
 0.385633 -0.188632 -0.955524
regression_error on 'test' 0.113131
classification_error on 'test' 0.263158
Save,577,0.113131,0.263158
sample_count 75 Sample index 38
 i 0:0.397609 i 1:0.798551 i 2:0.128226 i 3:0.208478 bias 1
 test_print 2.53286
net matrix:
 0.583374 -0.611645 -0.829126
outputs matrix:
 0.762557 0.227358 0.159997
error matrix:
 0.237443 -0.227358 -0.159997
delta matrix:
 0.0859848 -0.0798782 -0.0430064
weights_delta matrix:
 0.00341883 -0.00317603 -0.00170997
 0.00686633 -0.00637868 -0.00343428
 0.00110255 -0.00102425 -0.000551454
 0.00179259 -0.00166529 -0.000896589
 0.00859848 -0.00798782 -0.00430064
weights matrix:
 -0.618234 -0.0345543 0.029182
 1.03328 -0.522724 -0.221812
 -1.303 0.296866 0.999692
 -0.99354 -0.176298 0.767739
 0.394232 -0.196619 -0.959825
regression_error on 'test' 0.112763
classification_error on 'test' 0.263158
Save,578,0.112763,0.263158
sample_count 75 Sample index 64
 i 0:0.282131 i 1:0.516233 i 2:0.158468 i 3:0.0989754 bias 1
 test_print 2.05581
net matrix:
 0.4484 -0.446621 -0.831692
outputs matrix:
 0.710292 0.290441 0.159308
error matrix:
 0.289708 -0.290441 -0.159308
delta matrix:
 0.119231 -0.119711 -0.0426721
weights_delta matrix:
 0.00336387 -0.00337743 -0.00120391
 0.00615509 -0.00617989 -0.00220287
 0.00188943 -0.00189704 -0.000676216
 0.00118009 -0.00118485 -0.000422348
 0.0119231 -0.0119711 -0.00426721
weights matrix:
 -0.61487 -0.0379318 0.027978
 1.03943 -0.528903 -0.224015
 -1.30111 0.294969 0.999016
 -0.99236 -0.177482 0.767317
 0.406155 -0.208591 -0.964092
regression_error on 'test' 0.112409
classification_error on 'test' 0.263158
Save,579,0.112409,0.263158
sample_count 75 Sample index 68
 i 0:0.305227 i 1:0.657392 i 2:0.173589 i 3:0.281481 bias 1
 test_print 2.41769
net matrix:
 0.396605 -0.56662 -0.713415
outputs matrix:
 0.68852 0.243564 0.193593
error matrix:
 0.31148 -0.243564 -0.193593
delta matrix:
 0.1336 -0.0897486 -0.0604456
weights_delta matrix:
 0.00407783 -0.00273937 -0.00184496
 0.00878276 -0.0059 -0.00397364
 0.00231915 -0.00155794 -0.00104927
 0.00376059 -0.00252625 -0.00170143
 0.01336 -0.00897486 -0.00604456
weights matrix:
 -0.610792 -0.0406711 0.0261331
 1.04821 -0.534803 -0.227989
 -1.29879 0.293412 0.997967
 -0.988599 -0.180009 0.765616
 0.419515 -0.217565 -0.970136
regression_error on 'test' 0.112125
classification_error on 'test' 0.263158
Save,580,0.112125,0.263158
sample_count 75 Sample index 31
 i 0:0.559279 i 1:0.339785 i 2:0.778427 i 3:0.573489 bias 1
 test_print 3.25098
net matrix:
 -1.14388 -0.296864 0.182929
outputs matrix:
 0.0921412 0.35578 0.590458
error matrix:
 -0.0921412 -0.35578 0.409542
delta matrix:
 -0.0154154 -0.16309 0.198069
weights_delta matrix:
 -0.000862153 -0.00912128 0.0110776
 -0.000523793 -0.00554155 0.00673009
 -0.00119998 -0.0126954 0.0154182
 -0.000884058 -0.00935303 0.011359
 -0.00154154 -0.016309 0.0198069
weights matrix:
 -0.611654 -0.0497924 0.0372107
 1.04769 -0.540345 -0.221259
 -1.29999 0.280716 1.01338
 -0.989483 -0.189362 0.776975
 0.417973 -0.233874 -0.950329
regression_error on 'test' 0.112118
classification_error on 'test' 0.263158
Save,581,0.112118,0.263158
sample_count 75 Sample index 44
 i 0:0.536183 i 1:0.375074 i 2:0.702823 i 3:0.646491 bias 1
 test_print 3.26057
net matrix:
 -1.07038 -0.388369 0.201171
outputs matrix:
 0.105198 0.315024 0.59925
error matrix:
 -0.105198 0.684976 -0.59925
delta matrix:
 -0.019805 0.295614 -0.287819
weights_delta matrix:
 -0.00106191 0.0158503 -0.0154324
 -0.000742833 0.0110877 -0.0107953
 -0.00139194 0.0207764 -0.0202286
 -0.00128037 0.0191111 -0.0186073
 -0.0019805 0.0295614 -0.0287819
weights matrix:
 -0.612716 -0.0339421 0.0217783
 1.04695 -0.529257 -0.232054
 -1.30138 0.301493 0.993156
 -0.990764 -0.170251 0.758367
 0.415993 -0.204313 -0.979111
regression_error on 'test' 0.112405
classification_error on 'test' 0.263158
Save,582,0.112405,0.263158
sample_count 75 Sample index 5
 i 0:0.536183 i 1:0.198626 i 2:0.687702 i 3:0.60999 bias 1
 test_print 3.0325
net matrix:
 -1.2039 -0.224151 0.132066
outputs matrix:
 0.0825796 0.389765 0.565652
error matrix:
 -0.0825796 -0.389765 0.434348
delta matrix:
 -0.0125125 -0.18541 0.21343
weights_delta matrix:
 -0.000670898 -0.00994135 0.0114437
 -0.000248531 -0.00368272 0.00423927
 -0.000860486 -0.0127507 0.0146776
 -0.000763249 -0.0113098 0.013019
 -0.00125125 -0.018541 0.021343
weights matrix:
 -0.613387 -0.0438835 0.033222
 1.0467 -0.53294 -0.227815
 -1.30224 0.288742 1.00783
 -0.991527 -0.18156 0.771387
 0.414742 -0.222854 -0.957768
regression_error on 'test' 0.112103
classification_error on 'test' 0.263158
Save,583,0.112103,0.263158
sample_count 75 Sample index 24
 i 0:0.466896 i 1:0.445654 i 2:0.566734 i 3:0.536988 bias 1
 test_print 3.01627
net matrix:
 -0.675643 -0.414706 -0.0583847
outputs matrix:
 0.20566 0.303769 0.470841
error matrix:
 -0.20566 0.696231 -0.470841
delta matrix:
 -0.067195 0.294497 -0.23462
weights_delta matrix:
 -0.00313731 0.0137499 -0.0109543
 -0.00299457 0.0131244 -0.0104559
 -0.00380817 0.0166901 -0.0132967
 -0.00360829 0.0158141 -0.0125988
 -0.0067195 0.0294497 -0.023462
weights matrix:
 -0.616524 -0.0301335 0.0222677
 1.0437 -0.519816 -0.238271
 -1.30605 0.305432 0.994537
 -0.995135 -0.165746 0.758788
 0.408022 -0.193404 -0.98123
regression_error on 'test' 0.112642
classification_error on 'test' 0.263158
Save,584,0.112642,0.263158
sample_count 75 Sample index 32
 i 0:0.697853 i 1:0.516233 i 2:0.642339 i 3:0.60999 bias 1
 test_print 3.46642
net matrix:
 -0.929375 -0.387692 0.012989
outputs matrix:
 0.134849 0.315316 0.506494
error matrix:
 -0.134849 0.684684 -0.506494
delta matrix:
 -0.0314641 0.295635 -0.253204
weights_delta matrix:
 -0.00219573 0.020631 -0.0176699
 -0.00162428 0.0152617 -0.0130712
 -0.00202106 0.0189898 -0.0162643
 -0.00191928 0.0180335 -0.0154452
 -0.00314641 0.0295635 -0.0253204
weights matrix:
 -0.61872 -0.00950254 0.0045978
 1.04208 -0.504554 -0.251342
 -1.30807 0.324422 0.978273
 -0.997055 -0.147713 0.743342
 0.404876 -0.163841 -1.00655
regression_error on 'test' 0.114443
classification_error on 'test' 0.210526
Save,585,0.114443,0.210526
sample_count 75 Sample index 0
 i 0:0.282131 i 1:0.269205 i 2:0.430645 i 3:0.427485 bias 1
 test_print 2.40947
net matrix:
 -0.478691 -0.225785 -0.33386
outputs matrix:
 0.277403 0.388988 0.339008
error matrix:
 -0.277403 0.611012 -0.339008
delta matrix:
 -0.111211 0.290446 -0.151931
weights_delta matrix:
 -0.00313761 0.00819439 -0.00428643
 -0.00299386 0.00781896 -0.00409005
 -0.00478925 0.0125079 -0.00654282
 -0.0047541 0.0124161 -0.0064948
 -0.0111211 0.0290446 -0.0151931
weights matrix:
 -0.621858 -0.00130815 0.000311369
 1.03909 -0.496735 -0.255432
 -1.31286 0.33693 0.97173
 -1.00181 -0.135297 0.736848
 0.393755 -0.134796 -1.02174
regression_error on 'test' 0.116274
classification_error on 'test' 0.184211
Save,586,0.116274,0.184211
sample_count 75 Sample index 4
 i 0:0.212844 i 1:0.516233 i 2:0.158468 i 3:0.135476 bias 1
 test_print 2.02302
net matrix:
 0.454039 -0.356443 -0.899727
outputs matrix:
 0.712607 0.328962 0.141918
error matrix:
 0.287393 -0.328962 -0.141918
delta matrix:
 0.117715 -0.145234 -0.0345646
weights_delta matrix:
 0.0025055 -0.00309122 -0.000735687
 0.00607686 -0.00749745 -0.00178434
 0.00186541 -0.00230149 -0.000547738
 0.00159476 -0.00196757 -0.000468267
 0.0117715 -0.0145234 -0.00345646
weights matrix:
 -0.619352 -0.00439937 -0.000424317
 1.04516 -0.504232 -0.257216
 -1.31099 0.334628 0.971182
 -1.00021 -0.137264 0.736379
 0.405526 -0.14932 -1.0252
regression_error on 'test' 0.115573
classification_error on 'test' 0.210526
Save,587,0.115573,0.210526
sample_count 75 Sample index 44
 i 0:0.536183 i 1:0.375074 i 2:0.702823 i 3:0.646491 bias 1
 test_print 3.26057
net matrix:
 -1.10257 -0.194359 0.036729
outputs matrix:
 0.0992894 0.404026 0.518356
error matrix:
 -0.0992894 0.595974 -0.518356
delta matrix:
 -0.0177591 0.287008 -0.258829
weights_delta matrix:
 -0.000952214 0.0153889 -0.013878
 -0.000666098 0.0107649 -0.009708
 -0.00124815 0.0201716 -0.0181911
 -0.00114811 0.0185548 -0.016733
 -0.00177591 0.0287008 -0.0258829
weights matrix:
 -0.620305 0.0109895 -0.0143023
 1.0445 -0.493468 -0.266924
 -1.31224 0.3548 0.952991
 -1.00136 -0.118709 0.719646
 0.40375 -0.120619 -1.05108
regression_error on 'test' 0.119143
classification_error on 'test' 0.157895
Save,588,0.119143,0.157895
sample_count 75 Sample index 59
 i 0:0.60547 i 1:0.233915 i 2:0.596976 i 3:0.536988 bias 1
 test_print 2.97335
net matrix:
 -1.0486 -0.081333 -0.166826
outputs matrix:
 0.10937 0.459423 0.417352
error matrix:
 -0.10937 0.540577 -0.417352
delta matrix:
 -0.0213069 0.268508 -0.202975
weights_delta matrix:
 -0.00129007 0.0162574 -0.0122895
 -0.000498401 0.00628081 -0.00474788
 -0.00127197 0.0160293 -0.0121171
 -0.00114416 0.0144186 -0.0108995
 -0.00213069 0.0268508 -0.0202975
weights matrix:
 -0.621595 0.0272469 -0.0265918
 1.044 -0.487187 -0.271672
 -1.31351 0.370829 0.940874
 -1.00251 -0.104291 0.708747
 0.40162 -0.093768 -1.07138
regression_error on 'test' 0.122938
classification_error on 'test' 0.0789474
Save,589,0.122938,0.0789474
sample_count 75 Sample index 34
 i 0:0.767139 i 1:0.551523 i 2:0.642339 i 3:0.573489 bias 1
 test_print 3.53449
net matrix:
 -0.918088 -0.163172 -0.230795
outputs matrix:
 0.137504 0.41913 0.386609
error matrix:
 -0.137504 0.58087 -0.386609
delta matrix:
 -0.0326151 0.282837 -0.183363
weights_delta matrix:
 -0.00250203 0.0216975 -0.0140665
 -0.0017988 0.0155991 -0.0101129
 -0.00209499 0.0181677 -0.0117781
 -0.00187044 0.0162204 -0.0105156
 -0.00326151 0.0282837 -0.0183363
weights matrix:
 -0.624097 0.0489444 -0.0406582
 1.0422 -0.471588 -0.281785
 -1.31561 0.388997 0.929096
 -1.00438 -0.0880704 0.698231
 0.398358 -0.0654843 -1.08972
regression_error on 'test' 0.128285
classification_error on 'test' 0.131579
Save,590,0.128285,0.131579
sample_count 75 Sample index 13
 i 0:0.420705 i 1:0.269205 i 2:0.491129 i 3:0.427485 bias 1
 test_print 2.60852
net matrix:
 -0.659127 -0.018448 -0.427891
outputs matrix:
 0.211109 0.490777 0.298222
error matrix:
 -0.211109 0.509223 -0.298222
delta matrix:
 -0.070317 0.254525 -0.124827
weights_delta matrix:
 -0.00295827 0.010708 -0.00525153
 -0.00189297 0.00685194 -0.0033604
 -0.00345347 0.0125005 -0.00613061
 -0.00300595 0.0108806 -0.00533616
 -0.0070317 0.0254525 -0.0124827
weights matrix:
 -0.627055 0.0596524 -0.0459098
 1.04031 -0.464736 -0.285146
 -1.31906 0.401497 0.922966
 -1.00738 -0.0771898 0.692895
 0.391326 -0.0400318 -1.1022
regression_error on 'test' 0.132348
classification_error on 'test' 0.210526
Save,591,0.132348,0.210526
sample_count 75 Sample index 30
 i 0:0.559279 i 1:0.410364 i 2:0.642339 i 3:0.500487 bias 1
 test_print 3.11247
net matrix:
 -0.883935 0.0218846 -0.305248
outputs matrix:
 0.145807 0.510941 0.351946
error matrix:
 -0.145807 0.489059 -0.351946
delta matrix:
 -0.0363199 0.244413 -0.160544
weights_delta matrix:
 -0.0020313 0.0136695 -0.00897888
 -0.00149044 0.0100298 -0.00658814
 -0.00233297 0.0156996 -0.0103124
 -0.00181777 0.0122325 -0.00803501
 -0.00363199 0.0244413 -0.0160544
weights matrix:
 -0.629086 0.0733219 -0.0548886
 1.03882 -0.454706 -0.291734
 -1.32139 0.417197 0.912653
 -1.0092 -0.0649573 0.68486
 0.387694 -0.0155905 -1.11825
regression_error on 'test' 0.137813
classification_error on 'test' 0.368421
Save,592,0.137813,0.368421
sample_count 75 Sample index 48
 i 0:0.744044 i 1:0.516233 i 2:0.748185 i 3:0.828996 bias 1
 test_print 3.83746
net matrix:
 -1.36937 0.0625211 -0.0591165
outputs matrix:
 0.0607253 0.53122 0.470476
error matrix:
 -0.0607253 -0.53122 0.529524
delta matrix:
 -0.00692728 -0.264574 0.263839
weights_delta matrix:
 -0.00051542 -0.0196855 0.0196308
 -0.000357609 -0.0136582 0.0136202
 -0.000518288 -0.0197951 0.01974
 -0.000574268 -0.0219331 0.0218721
 -0.000692728 -0.0264574 0.0263839
weights matrix:
 -0.629602 0.0536364 -0.0352579
 1.03846 -0.468364 -0.278114
 -1.32191 0.397402 0.932393
 -1.00977 -0.0868904 0.706732
 0.387002 -0.042048 -1.09187
regression_error on 'test' 0.129789
classification_error on 'test' 0.131579
Save,593,0.129789,0.131579
sample_count 75 Sample index 19
 i 0:0.674757 i 1:0.480944 i 2:0.596976 i 3:0.573489 bias 1
 test_print 3.32617
net matrix:
 -0.906631 -0.0437047 -0.287498
outputs matrix:
 0.140244 0.478162 0.360085
error matrix:
 -0.140244 0.521838 -0.360085
delta matrix:
 -0.0338201 0.260421 -0.165944
weights_delta matrix:
 -0.00228204 0.0175721 -0.0111972
 -0.00162656 0.0125248 -0.00798098
 -0.00201898 0.0155465 -0.00990647
 -0.00193955 0.0149349 -0.00951671
 -0.00338201 0.0260421 -0.0165944
weights matrix:
 -0.631884 0.0712085 -0.0464551
 1.03683 -0.455839 -0.286095
 -1.32393 0.412948 0.922487
 -1.01171 -0.0719555 0.697215
 0.38362 -0.0160058 -1.10846
regression_error on 'test' 0.135585
classification_error on 'test' 0.342105
Save,594,0.135585,0.342105
sample_count 75 Sample index 21
 i 0:0.836426 i 1:0.445654 i 2:0.884274 i 3:0.719493 bias 1
 test_print 3.88585
net matrix:
 -1.58148 0.153796 0.0425528
outputs matrix:
 0.0405839 0.576298 0.521264
error matrix:
 -0.0405839 -0.576298 0.478736
delta matrix:
 -0.00316042 -0.281439 0.238935
weights_delta matrix:
 -0.000264346 -0.0235403 0.0199852
 -0.000140846 -0.0125424 0.0106482
 -0.000279468 -0.0248869 0.0211284
 -0.00022739 -0.0202493 0.0171912
 -0.000316042 -0.0281439 0.0238935
weights matrix:
 -0.632148 0.0476682 -0.0264699
 1.03669 -0.468382 -0.275446
 -1.32421 0.388061 0.943615
 -1.01194 -0.0922049 0.714407
 0.383304 -0.0441497 -1.08457
regression_error on 'test' 0.127878
classification_error on 'test' 0.0526316
Save,595,0.127878,0.0526316
sample_count 75 Sample index 65
 i 0:0.928809 i 1:0.410364 i 2:0.944758 i 3:0.792495 bias 1
 test_print 4.07643
net matrix:
 -1.83144 0.10147 0.235462
outputs matrix:
 0.0250167 0.550562 0.615602
error matrix:
 -0.0250167 -0.550562 0.384398
delta matrix:
 -0.00122036 -0.272466 0.181925
weights_delta matrix:
 -0.000113348 -0.0253069 0.0168973
 -5.0079e-05 -0.011181 0.00746553
 -0.000115294 -0.0257414 0.0171875
 -9.67126e-05 -0.0215928 0.0144174
 -0.000122036 -0.0272466 0.0181925
weights matrix:
 -0.632261 0.0223614 -0.00957258
 1.03664 -0.479563 -0.267981
 -1.32433 0.36232 0.960803
 -1.01204 -0.113798 0.728824
 0.383181 -0.0713963 -1.06638
regression_error on 'test' 0.122026
classification_error on 'test' 0.0526316
Save,596,0.122026,0.0526316
sample_count 75 Sample index 64
 i 0:0.282131 i 1:0.516233 i 2:0.158468 i 3:0.0989754 bias 1
 test_print 2.05581
net matrix:
 0.429919 -0.266501 -0.983028
outputs matrix:
 0.702627 0.369817 0.122813
error matrix:
 0.297373 -0.369817 -0.122813
delta matrix:
 0.124268 -0.172374 -0.0264614
weights_delta matrix:
 0.00350598 -0.00486319 -0.000746557
 0.00641512 -0.00889849 -0.00136602
 0.00196925 -0.00273157 -0.000419328
 0.00122995 -0.00170607 -0.000261902
 0.0124268 -0.0172374 -0.00264614
weights matrix:
 -0.628755 0.0174982 -0.0103191
 1.04306 -0.488461 -0.269347
 -1.32236 0.359588 0.960383
 -1.01081 -0.115504 0.728562
 0.395608 -0.0886337 -1.06902
regression_error on 'test' 0.120702
classification_error on 'test' 0.0526316
Save,597,0.120702,0.0526316
sample_count 75 Sample index 42
 i 0:0.651661 i 1:0.551523 i 2:0.702823 i 3:0.792495 bias 1
 test_print 3.6985
net matrix:
 -1.1693 -0.185438 0.0280613
outputs matrix:
 0.0879759 0.40833 0.514027
error matrix:
 -0.0879759 -0.40833 0.485973
delta matrix:
 -0.0141177 -0.197302 0.242795
weights_delta matrix:
 -0.000919995 -0.0128574 0.015822
 -0.000778623 -0.0108817 0.0133907
 -0.000992224 -0.0138668 0.0170642
 -0.00111882 -0.0156361 0.0192414
 -0.00141177 -0.0197302 0.0242795
weights matrix:
 -0.629675 0.00464076 0.00550288
 1.04228 -0.499343 -0.255956
 -1.32335 0.345722 0.977448
 -1.01193 -0.13114 0.747804
 0.394197 -0.108364 -1.04475
regression_error on 'test' 0.117126
classification_error on 'test' 0.157895
Save,598,0.117126,0.157895
sample_count 75 Sample index 66
 i 0:0.60547 i 1:0.304495 i 2:0.672581 i 3:0.60999 bias 1
 test_print 3.19254
net matrix:
 -1.17701 -0.10507 -0.00578525
outputs matrix:
 0.0867467 0.447658 0.497107
error matrix:
 -0.0867467 0.552342 -0.497107
delta matrix:
 -0.0137445 0.273145 -0.248545
weights_delta matrix:
 -0.000832185 0.0165381 -0.0150487
 -0.000418512 0.00831712 -0.00756808
 -0.000924426 0.0183712 -0.0167167
 -0.000838398 0.0166616 -0.015161
 -0.00137445 0.0273145 -0.0248545
weights matrix:
 -0.630508 0.0211788 -0.00954579
 1.04186 -0.491026 -0.263524
 -1.32427 0.364093 0.960731
 -1.01277 -0.114478 0.732643
 0.392822 -0.0810494 -1.0696
regression_error on 'test' 0.121046
classification_error on 'test' 0.0526316
Save,599,0.121046,0.0526316
sample_count 75 Sample index 32
 i 0:0.697853 i 1:0.516233 i 2:0.642339 i 3:0.60999 bias 1
 test_print 3.46642
net matrix:
 -0.977748 -0.155713 -0.148282
outputs matrix:
 0.123955 0.422767 0.426398
error matrix:
 -0.123955 0.577233 -0.426398
delta matrix:
 -0.0269207 0.28173 -0.208579
weights_delta matrix:
 -0.00187867 0.0196606 -0.0145558
 -0.00138974 0.0145438 -0.0107675
 -0.00172922 0.0180966 -0.0133979
 -0.00164214 0.0171853 -0.0127231
 -0.00269207 0.028173 -0.0208579
weights matrix:
 -0.632386 0.0408395 -0.0241016
 1.04047 -0.476482 -0.274292
 -1.326 0.382189 0.947333
 -1.01441 -0.097293 0.71992
 0.39013 -0.0528764 -1.09046
regression_error on 'test' 0.126196
classification_error on 'test' 0.0526316
Save,600,0.126196,0.0526316
sample_count 75 Sample index 20
 i 0:0.489992 i 1:0.375074 i 2:0.521371 i 3:0.500487 bias 1
 test_print 2.88692
net matrix:
 -0.728519 -0.0610128 -0.350925
outputs matrix:
 0.188921 0.469531 0.331402
error matrix:
 -0.188921 0.530469 -0.331402
delta matrix:
 -0.0578965 0.264249 -0.146861
weights_delta matrix:
 -0.00283688 0.012948 -0.00719607
 -0.00217155 0.00991131 -0.00550837
 -0.00301856 0.0137772 -0.0076569
 -0.00289765 0.0132253 -0.0073502
 -0.00578965 0.0264249 -0.0146861
weights matrix:
 -0.635223 0.0537875 -0.0312976
 1.0383 -0.466571 -0.2798
 -1.32902 0.395967 0.939676
 -1.01731 -0.0840677 0.712569
 0.38434 -0.0264514 -1.10514
regression_error on 'test' 0.130769
classification_error on 'test' 0.157895
Save,601,0.130769,0.157895
sample_count 75 Sample index 5
 i 0:0.536183 i 1:0.198626 i 2:0.687702 i 3:0.60999 bias 1
 test_print 3.0325
net matrix:
 -1.28454 0.130742 -0.0966232
outputs matrix:
 0.0711551 0.565001 0.451838
error matrix:
 -0.0711551 -0.565001 0.548162
delta matrix:
 -0.00940558 -0.277726 0.271538
weights_delta matrix:
 -0.000504311 -0.0148912 0.0145594
 -0.000186819 -0.00551636 0.00539345
 -0.000646823 -0.0190993 0.0186737
 -0.000573731 -0.016941 0.0165635
 -0.000940558 -0.0277726 0.0271538
weights matrix:
 -0.635727 0.0388963 -0.0167382
 1.03811 -0.472087 -0.274407
 -1.32967 0.376867 0.95835
 -1.01788 -0.101009 0.729133
 0.3834 -0.0542241 -1.07799
regression_error on 'test' 0.124891
classification_error on 'test' 0.0263158
Save,602,0.124891,0.0263158
sample_count 75 Sample index 31
 i 0:0.559279 i 1:0.339785 i 2:0.778427 i 3:0.573489 bias 1
 test_print 3.25098
net matrix:
 -1.23821 0.0425581 -0.0164354
outputs matrix:
 0.0775282 0.521266 0.491783
error matrix:
 -0.0775282 -0.521266 0.508217
delta matrix:
 -0.0110893 -0.260162 0.25404
weights_delta matrix:
 -0.000620199 -0.0145503 0.0142079
 -0.000376797 -0.0088399 0.00863189
 -0.000863218 -0.0202517 0.0197751
 -0.000635957 -0.01492 0.0145689
 -0.00110893 -0.0260162 0.025404
weights matrix:
 -0.636348 0.024346 -0.0025303
 1.03773 -0.480927 -0.265775
 -1.33053 0.356616 0.978125
 -1.01852 -0.115929 0.743702
 0.382291 -0.0802402 -1.05259
regression_error on 'test' 0.120232
classification_error on 'test' 0.105263
Save,603,0.120232,0.105263
sample_count 75 Sample index 60
 i 0:0.559279 i 1:0.410364 i 2:0.536492 i 3:0.536988 bias 1
 test_print 3.04312
net matrix:
 -0.808507 -0.13491 -0.23895
outputs matrix:
 0.165617 0.432951 0.382748
error matrix:
 -0.165617 0.567049 -0.382748
delta matrix:
 -0.0457727 0.278426 -0.18085
weights_delta matrix:
 -0.00255997 0.0155718 -0.0101146
 -0.00187835 0.0114256 -0.00742143
 -0.00245567 0.0149373 -0.00970245
 -0.00245794 0.0149511 -0.00971142
 -0.00457727 0.0278426 -0.018085
weights matrix:
 -0.638908 0.0399178 -0.0126449
 1.03586 -0.469501 -0.273196
 -1.33299 0.371553 0.968422
 -1.02097 -0.100978 0.73399
 0.377714 -0.0523976 -1.07067
regression_error on 'test' 0.124357
classification_error on 'test' 0.0263158
Save,604,0.124357,0.0263158
sample_count 75 Sample index 0
 i 0:0.282131 i 1:0.269205 i 2:0.430645 i 3:0.427485 bias 1
 test_print 2.40947
net matrix:
 -0.53418 -0.0506866 -0.416968
outputs matrix:
 0.255715 0.474678 0.302813
error matrix:
 -0.255715 0.525322 -0.302813
delta matrix:
 -0.097338 0.261987 -0.127858
weights_delta matrix:
 -0.00274621 0.00739147 -0.00360728
 -0.00262039 0.00705283 -0.00344201
 -0.00419181 0.0112823 -0.00550616
 -0.00416105 0.0111996 -0.00546576
 -0.0097338 0.0261987 -0.0127858
weights matrix:
 -0.641654 0.0473092 -0.0162521
 1.03323 -0.462448 -0.276638
 -1.33718 0.382835 0.962916
 -1.02513 -0.089778 0.728525
 0.36798 -0.0261989 -1.08346
regression_error on 'test' 0.127981
classification_error on 'test' 0.0526316
Save,605,0.127981,0.0526316
sample_count 75 Sample index 39
 i 0:0.397609 i 1:0.622103 i 2:0.18871 i 3:0.135476 bias 1
 test_print 2.3439
net matrix:
 0.364411 -0.234997 -0.981607
outputs matrix:
 0.674547 0.384618 0.12312
error matrix:
 0.325453 -0.384618 -0.12312
delta matrix:
 0.142896 -0.182068 -0.0265843
weights_delta matrix:
 0.00568167 -0.00723919 -0.00105702
 0.00888959 -0.0113265 -0.00165382
 0.00269659 -0.00343581 -0.000501673
 0.0019359 -0.00246658 -0.000360154
 0.0142896 -0.0182068 -0.00265843
weights matrix:
 -0.635972 0.0400701 -0.0173092
 1.04212 -0.473775 -0.278292
 -1.33448 0.3794 0.962415
 -1.0232 -0.0922445 0.728164
 0.382269 -0.0444057 -1.08612
regression_error on 'test' 0.125907
classification_error on 'test' 0.0526316
Save,606,0.125907,0.0526316
sample_count 75 Sample index 73
 i 0:0.582374 i 1:0.410364 i 2:0.65746 i 3:0.719493 bias 1
 test_print 3.36969
net matrix:
 -1.17401 -0.0324194 -0.0537382
outputs matrix:
 0.0872238 0.483796 0.473157
error matrix:
 -0.0872238 -0.483796 0.526843
delta matrix:
 -0.0138888 -0.241644 0.262662
weights_delta matrix:
 -0.000808846 -0.0140727 0.0152968
 -0.000569945 -0.0099162 0.0107787
 -0.000913132 -0.0158871 0.017269
 -0.000999288 -0.0173861 0.0188984
 -0.00138888 -0.0241644 0.0262662
weights matrix:
 -0.636781 0.0259973 -0.00201238
 1.04155 -0.483691 -0.267513
 -1.3354 0.363512 0.979684
 -1.0242 -0.109631 0.747063
 0.38088 -0.0685701 -1.05985
regression_error on 'test' 0.121042
classification_error on 'test' 0.0526316
Save,607,0.121042,0.0526316
sample_count 75 Sample index 3
 i 0:0.744044 i 1:0.516233 i 2:0.672581 i 3:0.60999 bias 1
 test_print 3.54285
net matrix:
 -1.07814 -0.121306 -0.0848279
outputs matrix:
 0.103746 0.439643 0.457687
error matrix:
 -0.103746 0.560357 -0.457687
delta matrix:
 -0.0192931 0.276096 -0.227205
weights_delta matrix:
 -0.00143549 0.0205428 -0.016905
 -0.000995975 0.014253 -0.0117291
 -0.00129762 0.0185697 -0.0152814
 -0.00117686 0.0168416 -0.0138593
 -0.00192931 0.0276096 -0.0227205
weights matrix:
 -0.638216 0.0465401 -0.0189174
 1.04056 -0.469438 -0.279242
 -1.33669 0.382082 0.964402
 -1.02537 -0.0927891 0.733204
 0.378951 -0.0409605 -1.08257
regression_error on 'test' 0.126336
classification_error on 'test' 0.0526316
Save,608,0.126336,0.0526316
sample_count 75 Sample index 55
 i 0:0.628566 i 1:0.551523 i 2:0.612097 i 3:0.60999 bias 1
 test_print 3.40218
net matrix:
 -0.891972 -0.0933421 -0.210914
outputs matrix:
 0.143817 0.453464 0.396079
error matrix:
 -0.143817 0.546536 -0.396079
delta matrix:
 -0.0354173 0.270901 -0.189485
weights_delta matrix:
 -0.00222621 0.0170279 -0.0119104
 -0.00195335 0.0149408 -0.0104505
 -0.00216788 0.0165818 -0.0115983
 -0.00216042 0.0165247 -0.0115584
 -0.00354173 0.0270901 -0.0189485
weights matrix:
 -0.640443 0.063568 -0.0308278
 1.03861 -0.454497 -0.289693
 -1.33886 0.398664 0.952804
 -1.02753 -0.0762644 0.721645
 0.375409 -0.0138704 -1.10152
regression_error on 'test' 0.132172
classification_error on 'test' 0.157895
Save,609,0.132172,0.157895
sample_count 75 Sample index 62
 i 0:0.582374 i 1:0.622103 i 2:0.748185 i 3:0.901998 bias 1
 test_print 3.85466
net matrix:
 -1.28 -0.0301103 0.0641062
outputs matrix:
 0.0717577 0.484949 0.532009
error matrix:
 -0.0717577 -0.484949 0.467991
delta matrix:
 -0.00955935 -0.242255 0.233036
weights_delta matrix:
 -0.000556712 -0.0141083 0.0135714
 -0.00059469 -0.0150708 0.0144973
 -0.000715217 -0.0181252 0.0174354
 -0.000862252 -0.0218514 0.0210198
 -0.000955935 -0.0242255 0.0233036
weights matrix:
 -0.640999 0.0494597 -0.0172564
 1.03801 -0.469568 -0.275196
 -1.33958 0.380539 0.970239
 -1.0284 -0.0981158 0.742665
 0.374454 -0.0380959 -1.07821
regression_error on 'test' 0.12583
classification_error on 'test' 0.0526316
Save,610,0.12583,0.0526316
sample_count 75 Sample index 48
 i 0:0.744044 i 1:0.516233 i 2:0.748185 i 3:0.828996 bias 1
 test_print 3.83746
net matrix:
 -1.42141 -0.0403265 0.108466
outputs matrix:
 0.0550535 0.479848 0.554021
error matrix:
 -0.0550535 -0.479848 0.445979
delta matrix:
 -0.00572806 -0.239534 0.220386
weights_delta matrix:
 -0.000426193 -0.0178224 0.0163977
 -0.000295701 -0.0123655 0.0113771
 -0.000428565 -0.0179216 0.016489
 -0.000474854 -0.0198573 0.0182699
 -0.000572806 -0.0239534 0.0220386
weights matrix:
 -0.641426 0.0316373 -0.000858648
 1.03771 -0.481934 -0.263818
 -1.34001 0.362617 0.986728
 -1.02887 -0.117973 0.760935
 0.373881 -0.0620493 -1.05618
regression_error on 'test' 0.120857
classification_error on 'test' 0.105263
Save,611,0.120857,0.105263
sample_count 75 Sample index 11
 i 0:0.536183 i 1:0.198626 i 2:0.536492 i 3:0.427485 bias 1
 test_print 2.69879
net matrix:
 -0.922653 0.00329897 -0.254377
outputs matrix:
 0.136425 0.501649 0.375486
error matrix:
 -0.136425 0.498351 -0.375486
delta matrix:
 -0.0321453 0.249173 -0.1761
weights_delta matrix:
 -0.00172358 0.0133602 -0.00944218
 -0.00063849 0.00494921 -0.0034978
 -0.00172457 0.0133679 -0.00944762
 -0.00137416 0.0106518 -0.00752801
 -0.00321453 0.0249173 -0.01761
weights matrix:
 -0.643149 0.0449975 -0.0103008
 1.03708 -0.476984 -0.267316
 -1.34173 0.375985 0.977281
 -1.03025 -0.107321 0.753407
 0.370666 -0.0371321 -1.07379
regression_error on 'test' 0.124328
classification_error on 'test' 0.0263158
Save,612,0.124328,0.0263158
sample_count 75 Sample index 8
 i 0:0.489992 i 1:0.375074 i 2:0.702823 i 3:0.755994 bias 1
 test_print 3.32388
net matrix:
 -1.27735 -0.0108715 0.0773302
outputs matrix:
 0.0721114 0.494564 0.538588
error matrix:
 -0.0721114 -0.494564 0.461412
delta matrix:
 -0.00965014 -0.247253 0.229332
weights_delta matrix:
 -0.000472849 -0.0121152 0.0112371
 -0.000361952 -0.00927382 0.00860164
 -0.000678234 -0.0173775 0.016118
 -0.000729545 -0.0186922 0.0173373
 -0.000965014 -0.0247253 0.0229332
weights matrix:
 -0.643622 0.0328823 0.000936248
 1.03671 -0.486258 -0.258715
 -1.34241 0.358608 0.993399
 -1.03098 -0.126013 0.770744
 0.369701 -0.0618574 -1.05085
regression_error on 'test' 0.120069
classification_error on 'test' 0.131579
Save,613,0.120069,0.131579
sample_count 75 Sample index 53
 i 0:0.489992 i 1:0.410364 i 2:0.702823 i 3:0.938499 bias 1
 test_print 3.54168
net matrix:
 -1.43128 -0.111514 0.264965
outputs matrix:
 0.0540354 0.444473 0.629467
error matrix:
 -0.0540354 -0.444473 0.370533
delta matrix:
 -0.0055241 -0.219496 0.172845
weights_delta matrix:
 -0.000270676 -0.0107551 0.00846927
 -0.000226689 -0.00900731 0.00709294
 -0.000388246 -0.0154267 0.0121479
 -0.000518436 -0.0205996 0.0162215
 -0.00055241 -0.0219496 0.0172845
weights matrix:
 -0.643893 0.0221272 0.00940552
 1.03649 -0.495266 -0.251622
 -1.3428 0.343181 1.00555
 -1.03149 -0.146613 0.786966
 0.369149 -0.0838069 -1.03357
regression_error on 'test' 0.117058
classification_error on 'test' 0.184211
Save,614,0.117058,0.184211
sample_count 75 Sample index 12
 i 0:0.166653 i 1:0.480944 i 2:0.128226 i 3:0.135476 bias 1
 test_print 1.9113
net matrix:
 0.44841 -0.294172 -0.917464
outputs matrix:
 0.710296 0.357015 0.137652
error matrix:
 0.289704 -0.357015 -0.137652
delta matrix:
 0.119228 -0.163909 -0.0326798
weights_delta matrix:
 0.00198697 -0.0027316 -0.000544618
 0.00573421 -0.00788312 -0.00157171
 0.00152882 -0.00210174 -0.000419039
 0.00161526 -0.00222058 -0.000442732
 0.0119228 -0.0163909 -0.00326798
weights matrix:
 -0.641906 0.0193956 0.0088609
 1.04222 -0.503149 -0.253193
 -1.34127 0.341079 1.00513
 -1.02988 -0.148834 0.786523
 0.381072 -0.100198 -1.03684
regression_error on 'test' 0.115945
classification_error on 'test' 0.184211
Save,615,0.115945,0.184211
sample_count 75 Sample index 40
 i 0:0.328323 i 1:0.763262 i 2:0.158468 i 3:0.171977 bias 1
 test_print 2.42203
net matrix:
 0.576144 -0.44941 -0.932635
outputs matrix:
 0.759929 0.289293 0.13409
error matrix:
 0.240071 -0.289293 -0.13409
delta matrix:
 0.0875959 -0.118959 -0.0311383
weights_delta matrix:
 0.00287597 -0.00390569 -0.00102234
 0.00668586 -0.00907967 -0.00237667
 0.00138811 -0.00188512 -0.000493443
 0.00150645 -0.00204582 -0.000535507
 0.00875959 -0.0118959 -0.00311383
weights matrix:
 -0.63903 0.0154899 0.00783855
 1.04891 -0.512228 -0.25557
 -1.33988 0.339194 1.00463
 -1.02837 -0.150879 0.785988
 0.389831 -0.112094 -1.03995
regression_error on 'test' 0.115087
classification_error on 'test' 0.210526
Save,616,0.115087,0.210526
sample_count 75 Sample index 30
 i 0:0.559279 i 1:0.410364 i 2:0.642339 i 3:0.500487 bias 1
 test_print 3.11247
net matrix:
 -0.912475 -0.171266 -0.10175
outputs matrix:
 0.138841 0.415194 0.4493
error matrix:
 -0.138841 0.584806 -0.4493
delta matrix:
 -0.0332009 0.283991 -0.22234
weights_delta matrix:
 -0.00185685 0.015883 -0.012435
 -0.00136244 0.011654 -0.00912403
 -0.00213262 0.0182418 -0.0142818
 -0.00166166 0.0142134 -0.0111278
 -0.00332009 0.0283991 -0.022234
weights matrix:
 -0.640887 0.0313729 -0.00459645
 1.04755 -0.500574 -0.264694
 -1.34201 0.357436 0.990352
 -1.03003 -0.136666 0.77486
 0.386511 -0.0836946 -1.06218
regression_error on 'test' 0.118233
classification_error on 'test' 0.157895
Save,617,0.118233,0.157895
sample_count 75 Sample index 16
 i 0:0.60547 i 1:0.304495 i 2:0.687702 i 3:0.755994 bias 1
 test_print 3.35366
net matrix:
 -1.38416 -0.0746311 0.121292
outputs matrix:
 0.0590605 0.462754 0.56035
error matrix:
 -0.0590605 -0.462754 0.43965
delta matrix:
 -0.00656427 -0.230093 0.216622
weights_delta matrix:
 -0.000397447 -0.0139314 0.0131158
 -0.000199879 -0.00700621 0.00659604
 -0.000451426 -0.0158235 0.0148972
 -0.000496255 -0.0173949 0.0163765
 -0.000656427 -0.0230093 0.0216622
weights matrix:
 -0.641284 0.0174415 0.00851938
 1.04735 -0.507581 -0.258098
 -1.34246 0.341612 1.00525
 -1.03053 -0.154061 0.791236
 0.385855 -0.106704 -1.04052
regression_error on 'test' 0.115322
classification_error on 'test' 0.184211
Save,618,0.115322,0.184211
sample_count 75 Sample index 61
 i 0:0.697853 i 1:0.480944 i 2:0.687702 i 3:0.682992 bias 1
 test_print 3.54949
net matrix:
 -1.18501 -0.208945 0.0730132
outputs matrix:
 0.0854873 0.397022 0.536442
error matrix:
 -0.0854873 0.602978 -0.536442
delta matrix:
 -0.0133667 0.288701 -0.266796
weights_delta matrix:
 -0.000932797 0.0201471 -0.0186184
 -0.000642862 0.0138849 -0.0128314
 -0.000919229 0.019854 -0.0183476
 -0.000912933 0.019718 -0.018222
 -0.00133667 0.0288701 -0.0266796
weights matrix:
 -0.642217 0.0375886 -0.0100991
 1.0467 -0.493696 -0.270929
 -1.34338 0.361466 0.986902
 -1.03144 -0.134343 0.773014
 0.384518 -0.0778339 -1.0672
regression_error on 'test' 0.119285
classification_error on 'test' 0.131579
Save,619,0.119285,0.131579
sample_count 75 Sample index 66
 i 0:0.60547 i 1:0.304495 i 2:0.672581 i 3:0.60999 bias 1
 test_print 3.19254
net matrix:
 -1.21831 -0.0442355 -0.02051
outputs matrix:
 0.0804221 0.477897 0.489746
error matrix:
 -0.0804221 0.522103 -0.489746
delta matrix:
 -0.0118951 0.260542 -0.24477
weights_delta matrix:
 -0.000720214 0.015775 -0.0148201
 -0.000362201 0.00793336 -0.00745313
 -0.000800044 0.0175235 -0.0164628
 -0.000725591 0.0158928 -0.0149307
 -0.00118951 0.0260542 -0.024477
weights matrix:
 -0.642937 0.0533636 -0.0249192
 1.04634 -0.485762 -0.278383
 -1.34418 0.37899 0.970439
 -1.03217 -0.11845 0.758084
 0.383328 -0.0517797 -1.09168
regression_error on 'test' 0.123749
classification_error on 'test' 0.0263158
Save,620,0.123749,0.0263158
sample_count 75 Sample index 27
 i 0:0.328323 i 1:0.622103 i 2:0.158468 i 3:0.135476 bias 1
 test_print 2.24437
net matrix:
 0.470325 -0.292443 -1.01656
outputs matrix:
 0.719231 0.357809 0.11577
error matrix:
 0.280769 -0.357809 -0.11577
delta matrix:
 0.113396 -0.164436 -0.0237021
weights_delta matrix:
 0.00372305 -0.00539881 -0.000778193
 0.00705439 -0.0102296 -0.00147451
 0.00179696 -0.00260579 -0.000375602
 0.00153624 -0.00222771 -0.000321106
 0.0113396 -0.0164436 -0.00237021
weights matrix:
 -0.639214 0.0479648 -0.0256974
 1.05339 -0.495992 -0.279857
 -1.34239 0.376384 0.970064
 -1.03063 -0.120678 0.757762
 0.394668 -0.0682233 -1.09405
regression_error on 'test' 0.122212
classification_error on 'test' 0.0789474
Save,621,0.122212,0.0789474
sample_count 75 Sample index 74
 i 0:0.443801 i 1:0.480944 i 2:0.551613 i 3:0.536988 bias 1
 test_print 3.01335
net matrix:
 -0.676307 -0.142665 -0.298039
outputs matrix:
 0.205443 0.429147 0.355241
error matrix:
 -0.205443 0.570853 -0.355241
delta matrix:
 -0.0670717 0.279695 -0.162732
weights_delta matrix:
 -0.00297665 0.0124129 -0.00722208
 -0.00322577 0.0134518 -0.00782652
 -0.00369976 0.0154283 -0.00897653
 -0.00360167 0.0150193 -0.00873854
 -0.00670717 0.0279695 -0.0162732
weights matrix:
 -0.642191 0.0603776 -0.0329194
 1.05017 -0.48254 -0.287684
 -1.34609 0.391812 0.961087
 -1.03423 -0.105659 0.749024
 0.387961 -0.0402538 -1.11032
regression_error on 'test' 0.126775
classification_error on 'test' 0.0526316
Save,622,0.126775,0.0526316
sample_count 75 Sample index 22
 i 0:0.305227 i 1:0.233915 i 2:0.430645 i 3:0.427485 bias 1
 test_print 2.39727
net matrix:
 -0.584207 -0.0111338 -0.453579
outputs matrix:
 0.237142 0.494433 0.287582
error matrix:
 -0.237142 0.505567 -0.287582
delta matrix:
 -0.0858005 0.252752 -0.117839
weights_delta matrix:
 -0.00261886 0.00771467 -0.00359675
 -0.002007 0.00591225 -0.00275642
 -0.00369495 0.0108846 -0.00507466
 -0.00366784 0.0108048 -0.00503742
 -0.00858005 0.0252752 -0.0117839
weights matrix:
 -0.64481 0.0680923 -0.0365162
 1.04816 -0.476628 -0.29044
 -1.34978 0.402697 0.956012
 -1.0379 -0.0948539 0.743986
 0.379381 -0.0149786 -1.12211
regression_error on 'test' 0.13055
classification_error on 'test' 0.157895
Save,623,0.13055,0.157895
sample_count 75 Sample index 0
 i 0:0.282131 i 1:0.269205 i 2:0.430645 i 3:0.427485 bias 1
 test_print 2.40947
net matrix:
 -0.545333 0.00879251 -0.480851
outputs matrix:
 0.251493 0.504396 0.276538
error matrix:
 -0.251493 0.495604 -0.276538
delta matrix:
 -0.0946841 0.247783 -0.110651
weights_delta matrix:
 -0.00267133 0.00699072 -0.0031218
 -0.00254894 0.00667044 -0.00297877
 -0.00407752 0.0106706 -0.00476512
 -0.0040476 0.0105923 -0.00473016
 -0.00946841 0.0247783 -0.0110651
weights matrix:
 -0.647481 0.075083 -0.039638
 1.04561 -0.469958 -0.293419
 -1.35386 0.413368 0.951247
 -1.04195 -0.0842615 0.739256
 0.369912 0.00979963 -1.13317
regression_error on 'test' 0.134638
classification_error on 'test' 0.289474
Save,624,0.134638,0.289474
sample_count 75 Sample index 19
 i 0:0.674757 i 1:0.480944 i 2:0.596976 i 3:0.573489 bias 1
 test_print 3.32617
net matrix:
 -0.969866 0.0328867 -0.309207
outputs matrix:
 0.125677 0.516437 0.350142
error matrix:
 -0.125677 0.483563 -0.350142
delta matrix:
 -0.0276195 0.24152 -0.159344
weights_delta matrix:
 -0.00186364 0.0162967 -0.0107519
 -0.00132834 0.0116158 -0.00766358
 -0.00164882 0.0144182 -0.00951248
 -0.00158395 0.0138509 -0.00913823
 -0.00276195 0.024152 -0.0159344
weights matrix:
 -0.649344 0.0913798 -0.0503899
 1.04428 -0.458342 -0.301082
 -1.35551 0.427786 0.941735
 -1.04353 -0.0704106 0.730118
 0.36715 0.0339516 -1.1491
regression_error on 'test' 0.140763
classification_error on 'test' 0.421053
Save,625,0.140763,0.421053
sample_count 75 Sample index 43
 i 0:0.582374 i 1:0.198626 i 2:0.612097 i 3:0.60999 bias 1
 test_print 3.00309
net matrix:
 -1.26984 0.215027 -0.216456
outputs matrix:
 0.0731235 0.605886 0.393431
error matrix:
 -0.0731235 0.394114 -0.393431
delta matrix:
 -0.0099121 0.188219 -0.187779
weights_delta matrix:
 -0.000577255 0.0109614 -0.0109358
 -0.00019688 0.00373852 -0.00372979
 -0.000606716 0.0115208 -0.0114939
 -0.000604628 0.0114812 -0.0114544
 -0.00099121 0.0188219 -0.0187779
weights matrix:
 -0.649922 0.102341 -0.0613257
 1.04409 -0.454603 -0.304812
 -1.35611 0.439307 0.930241
 -1.04414 -0.0589295 0.718664
 0.366159 0.0527735 -1.16788
regression_error on 'test' 0.146331
classification_error on 'test' 0.421053
Save,626,0.146331,0.421053
sample_count 75 Sample index 42
 i 0:0.651661 i 1:0.551523 i 2:0.702823 i 3:0.792495 bias 1
 test_print 3.6985
net matrix:
 -1.26211 0.130795 -0.152625
outputs matrix:
 0.0741772 0.565027 0.424274
error matrix:
 -0.0741772 -0.565027 0.575726
delta matrix:
 -0.0101882 -0.277735 0.28126
weights_delta matrix:
 -0.000663927 -0.0180989 0.0183286
 -0.000561904 -0.0153177 0.0155121
 -0.000716052 -0.0195199 0.0197676
 -0.000807412 -0.0220104 0.0222897
 -0.00101882 -0.0277735 0.028126
weights matrix:
 -0.650586 0.0842422 -0.042997
 1.04353 -0.469921 -0.2893
 -1.35683 0.419787 0.950008
 -1.04495 -0.0809398 0.740953
 0.36514 0.025 -1.13976
regression_error on 'test' 0.136914
classification_error on 'test' 0.342105
Save,627,0.136914,0.342105
sample_count 75 Sample index 60
 i 0:0.559279 i 1:0.410364 i 2:0.536492 i 3:0.536988 bias 1
 test_print 3.04312
net matrix:
 -0.859544 0.0610249 -0.374968
outputs matrix:
 0.151989 0.530475 0.320835
error matrix:
 -0.151989 0.469525 -0.320835
delta matrix:
 -0.039179 0.233891 -0.13982
weights_delta matrix:
 -0.0021912 0.013081 -0.00781985
 -0.00160777 0.00959803 -0.00573771
 -0.00210192 0.012548 -0.00750124
 -0.00210387 0.0125596 -0.00750817
 -0.0039179 0.0233891 -0.013982
weights matrix:
 -0.652777 0.0973233 -0.0508169
 1.04192 -0.460323 -0.295038
 -1.35893 0.432335 0.942507
 -1.04705 -0.0683802 0.733445
 0.361223 0.0483891 -1.15374
regression_error on 'test' 0.142484
classification_error on 'test' 0.421053
Save,628,0.142484,0.421053
sample_count 75 Sample index 11
 i 0:0.536183 i 1:0.198626 i 2:0.536492 i 3:0.427485 bias 1
 test_print 2.69879
net matrix:
 -0.958487 0.211853 -0.420404
outputs matrix:
 0.128199 0.60437 0.301365
error matrix:
 -0.128199 0.39563 -0.301365
delta matrix:
 -0.0286562 0.189196 -0.126901
weights_delta matrix:
 -0.0015365 0.0101444 -0.00680422
 -0.000569187 0.00375792 -0.00252059
 -0.00153738 0.0101502 -0.00680814
 -0.00122501 0.00808784 -0.00542483
 -0.00286562 0.0189196 -0.0126901
weights matrix:
 -0.654313 0.107468 -0.0576211
 1.04135 -0.456565 -0.297558
 -1.36047 0.442485 0.935699
 -1.04827 -0.0602923 0.72802
 0.358357 0.0673087 -1.16643
regression_error on 'test' 0.147023
classification_error on 'test' 0.421053
Save,629,0.147023,0.421053
sample_count 75 Sample index 10
 i 0:0.697853 i 1:0.304495 i 2:0.808669 i 3:0.719493 bias 1
 test_print 3.53051
net matrix:
 -1.63557 0.317728 -0.0167687
outputs matrix:
 0.0365748 0.653725 0.491616
error matrix:
 -0.0365748 -0.653725 0.508384
delta matrix:
 -0.00257758 -0.295966 0.25412
weights_delta matrix:
 -0.000179877 -0.0206541 0.0177339
 -7.84861e-05 -0.00901201 0.00773784
 -0.000208441 -0.0239338 0.0205499
 -0.000185455 -0.0212945 0.0182838
 -0.000257758 -0.0295966 0.025412
weights matrix:
 -0.654493 0.0868136 -0.0398873
 1.04127 -0.465577 -0.289821
 -1.36068 0.418551 0.956249
 -1.04846 -0.0815868 0.746304
 0.358099 0.0377121 -1.14102
regression_error on 'test' 0.137804
classification_error on 'test' 0.342105
Save,630,0.137804,0.342105
sample_count 75 Sample index 69
 i 0:0.628566 i 1:0.445654 i 2:0.581855 i 3:0.536988 bias 1
 test_print 3.19306
net matrix:
 -0.943974 0.0845189 -0.338094
outputs matrix:
 0.131479 0.542159 0.337113
error matrix:
 -0.131479 0.457841 -0.337113
delta matrix:
 -0.0300276 0.227293 -0.150668
weights_delta matrix:
 -0.00188743 0.0142869 -0.00947046
 -0.00133819 0.0101294 -0.00671456
 -0.00174717 0.0132252 -0.00876667
 -0.00161245 0.0122054 -0.00809067
 -0.00300276 0.0227293 -0.0150668
weights matrix:
 -0.656381 0.1011 -0.0493577
 1.03993 -0.455448 -0.296535
 -1.36242 0.431776 0.947482
 -1.05007 -0.0693815 0.738214
 0.355096 0.0604414 -1.15608
regression_error on 'test' 0.143661
classification_error on 'test' 0.421053
Save,631,0.143661,0.421053
sample_count 75 Sample index 8
 i 0:0.489992 i 1:0.375074 i 2:0.702823 i 3:0.755994 bias 1
 test_print 3.32388
net matrix:
 -1.32787 0.190164 -0.0674939
outputs matrix:
 0.0656367 0.593952 0.466304
error matrix:
 -0.0656367 -0.593952 0.533696
delta matrix:
 -0.00805081 -0.28649 0.265636
weights_delta matrix:
 -0.000394483 -0.0140378 0.013016
 -0.000301965 -0.0107455 0.00996331
 -0.000565829 -0.0201352 0.0186695
 -0.000608636 -0.0216585 0.0200819
 -0.000805081 -0.028649 0.0265636
weights matrix:
 -0.656775 0.0870626 -0.0363418
 1.03963 -0.466193 -0.286572
 -1.36299 0.411641 0.966152
 -1.05068 -0.09104 0.758295
 0.354291 0.0317924 -1.12952
regression_error on 'test' 0.135408
classification_error on 'test' 0.236842
Save,632,0.135408,0.236842
sample_count 75 Sample index 16
 i 0:0.60547 i 1:0.304495 i 2:0.687702 i 3:0.755994 bias 1
 test_print 3.35366
net matrix:
 -1.45844 0.156813 -0.00109232
outputs matrix:
 0.051325 0.57777 0.499454
error matrix:
 -0.051325 -0.57777 0.500546
delta matrix:
 -0.00499811 -0.281896 0.250273
weights_delta matrix:
 -0.000302621 -0.017068 0.0151533
 -0.00015219 -0.0085836 0.00762068
 -0.000343721 -0.0193861 0.0172113
 -0.000377854 -0.0213112 0.0189205
 -0.000499811 -0.0281896 0.0250273
weights matrix:
 -0.657078 0.0699947 -0.0211885
 1.03948 -0.474777 -0.278951
 -1.36333 0.392255 0.983363
 -1.05106 -0.112351 0.777216
 0.353792 0.00360277 -1.10449
regression_error on 'test' 0.128504
classification_error on 'test' 0.0526316
Save,633,0.128504,0.0526316
sample_count 75 Sample index 25
 i 0:0.628566 i 1:0.410364 i 2:0.778427 i 3:0.865497 bias 1
 test_print 3.68285
net matrix:
 -1.60361 0.0608701 0.205872
outputs matrix:
 0.0388953 0.530398 0.601506
error matrix:
 -0.0388953 -0.530398 0.398494
delta matrix:
 -0.002908 -0.264219 0.191035
weights_delta matrix:
 -0.000182787 -0.0166079 0.0120078
 -0.000119334 -0.0108426 0.0078394
 -0.000226367 -0.0205675 0.0148707
 -0.000251687 -0.022868 0.0165341
 -0.0002908 -0.0264219 0.0191035
weights matrix:
 -0.657261 0.0533868 -0.00918066
 1.03936 -0.485619 -0.271112
 -1.36356 0.371688 0.998234
 -1.05131 -0.135219 0.79375
 0.353501 -0.0228191 -1.08539
regression_error on 'test' 0.123013
classification_error on 'test' 0.0526316
Save,634,0.123013,0.0526316
sample_count 75 Sample index 45
 i 0:0.697853 i 1:0.586813 i 2:0.793548 i 3:0.975 bias 1
 test_print 4.05321
net matrix:
 -1.60234 -0.107417 0.315165
outputs matrix:
 0.03899 0.446497 0.652564
error matrix:
 -0.03899 -0.446497 0.347436
delta matrix:
 -0.00292189 -0.220692 0.157544
weights_delta matrix:
 -0.000203905 -0.0154011 0.0109943
 -0.000171461 -0.0129505 0.0092449
 -0.000231866 -0.017513 0.0125019
 -0.000284885 -0.0215175 0.0153606
 -0.000292189 -0.0220692 0.0157544
weights matrix:
 -0.657464 0.0379857 0.00181361
 1.03919 -0.49857 -0.261867
 -1.36379 0.354175 1.01074
 -1.0516 -0.156737 0.809111
 0.353209 -0.0448883 -1.06963
regression_error on 'test' 0.119017
classification_error on 'test' 0.157895
Save,635,0.119017,0.157895
sample_count 75 Sample index 68
 i 0:0.305227 i 1:0.657392 i 2:0.173589 i 3:0.281481 bias 1
 test_print 2.41769
net matrix:
 0.302942 -0.343687 -0.838029
outputs matrix:
 0.647002 0.334617 0.157618
error matrix:
 0.352998 -0.334617 -0.157618
delta matrix:
 0.161243 -0.149004 -0.0418554
weights_delta matrix:
 0.00492157 -0.00454801 -0.00127754
 0.0106 -0.00979541 -0.00275154
 0.002799 -0.00258655 -0.000726564
 0.00453868 -0.00419418 -0.00117815
 0.0161243 -0.0149004 -0.00418554
weights matrix:
 -0.652543 0.0334377 0.000536072
 1.04979 -0.508365 -0.264618
 -1.36099 0.351588 1.01001
 -1.04706 -0.160931 0.807932
 0.369333 -0.0597887 -1.07382
regression_error on 'test' 0.117504
classification_error on 'test' 0.157895
Save,636,0.117504,0.157895
sample_count 75 Sample index 65
 i 0:0.928809 i 1:0.410364 i 2:0.944758 i 3:0.792495 bias 1
 test_print 4.07643
net matrix:
 -1.92156 -0.0327175 0.412584
outputs matrix:
 0.0209773 0.483647 0.695332
error matrix:
 -0.0209773 -0.483647 0.304668
delta matrix:
 -0.000861634 -0.241565 0.129085
weights_delta matrix:
 -8.00293e-05 -0.0224368 0.0119895
 -3.53583e-05 -0.00991295 0.00529718
 -8.14035e-05 -0.022822 0.0121954
 -6.8284e-05 -0.0191439 0.0102299
 -8.61634e-05 -0.0241565 0.0129085
weights matrix:
 -0.652623 0.0110009 0.0125256
 1.04975 -0.518278 -0.259321
 -1.36107 0.328766 1.0222
 -1.04712 -0.180075 0.818162
 0.369247 -0.0839452 -1.06091
regression_error on 'test' 0.114503
classification_error on 'test' 0.210526
Save,637,0.114503,0.210526
sample_count 75 Sample index 43
 i 0:0.582374 i 1:0.198626 i 2:0.612097 i 3:0.60999 bias 1
 test_print 3.00309
net matrix:
 -1.27416 -0.0890892 0.0196338
outputs matrix:
 0.0725392 0.455573 0.509816
error matrix:
 -0.0725392 0.544427 -0.509816
delta matrix:
 -0.00976049 0.270064 -0.25481
weights_delta matrix:
 -0.000568425 0.0157278 -0.0148394
 -0.000193869 0.00536418 -0.00506118
 -0.000597437 0.0165306 -0.0155968
 -0.00059538 0.0164737 -0.0155431
 -0.000976049 0.0270064 -0.025481
weights matrix:
 -0.653191 0.0267288 -0.00231386
 1.04956 -0.512914 -0.264382
 -1.36167 0.345297 1.00661
 -1.04772 -0.163601 0.802619
 0.368271 -0.0569388 -1.08639
regression_error on 'test' 0.117473
classification_error on 'test' 0.157895
Save,638,0.117473,0.157895
sample_count 75 Sample index 48
 i 0:0.744044 i 1:0.516233 i 2:0.748185 i 3:0.828996 bias 1
 test_print 3.83746
net matrix:
 -1.46325 -0.179113 0.193899
outputs matrix:
 0.0508586 0.411389 0.595753
error matrix:
 -0.0508586 -0.411389 0.404247
delta matrix:
 -0.00491009 -0.199234 0.194711
weights_delta matrix:
 -0.000365332 -0.0148239 0.0144873
 -0.000253475 -0.0102851 0.0100516
 -0.000367365 -0.0149064 0.014568
 -0.000407044 -0.0165164 0.0161415
 -0.000491009 -0.0199234 0.0194711
weights matrix:
 -0.653557 0.0119049 0.0121735
 1.0493 -0.523199 -0.254331
 -1.36204 0.33039 1.02118
 -1.04813 -0.180118 0.818761
 0.36778 -0.0768622 -1.06692
regression_error on 'test' 0.114724
classification_error on 'test' 0.184211
Save,639,0.114724,0.184211
sample_count 75 Sample index 45
 i 0:0.697853 i 1:0.586813 i 2:0.793548 i 3:0.975 bias 1
 test_print 4.05321
net matrix:
 -1.57533 -0.289008 0.400972
outputs matrix:
 0.0410653 0.359389 0.69039
error matrix:
 -0.0410653 -0.359389 0.30961
delta matrix:
 -0.00323422 -0.165483 0.132359
weights_delta matrix:
 -0.000225701 -0.0115483 0.00923672
 -0.000189788 -0.00971077 0.007767
 -0.000256651 -0.0131319 0.0105033
 -0.000315337 -0.0161346 0.012905
 -0.000323422 -0.0165483 0.0132359
weights matrix:
 -0.653782 0.000356604 0.0214102
 1.04911 -0.53291 -0.246564
 -1.3623 0.317258 1.03168
 -1.04844 -0.196252 0.831666
 0.367456 -0.0934105 -1.05369
regression_error on 'test' 0.113061
classification_error on 'test' 0.210526
Save,640,0.113061,0.210526
sample_count 75 Sample index 31
 i 0:0.559279 i 1:0.339785 i 2:0.778427 i 3:0.573489 bias 1
 test_print 3.25098
net matrix:
 -1.30344 -0.139872 0.154548
outputs matrix:
 0.0686975 0.430517 0.576664
error matrix:
 -0.0686975 -0.430517 0.423336
delta matrix:
 -0.00879028 -0.211101 0.206692
weights_delta matrix:
 -0.000491622 -0.0118065 0.0115598
 -0.000298681 -0.00717291 0.00702307
 -0.000684259 -0.0164327 0.0160894
 -0.000504113 -0.0121064 0.0118535
 -0.000879028 -0.0211101 0.0206692
weights matrix:
 -0.654274 -0.0114498 0.03297
 1.04882 -0.540083 -0.239541
 -1.36298 0.300826 1.04777
 -1.04895 -0.208359 0.843519
 0.366577 -0.114521 -1.03302
regression_error on 'test' 0.111929
classification_error on 'test' 0.236842
Save,641,0.111929,0.236842
sample_count 75 Sample index 21
 i 0:0.836426 i 1:0.445654 i 2:0.884274 i 3:0.719493 bias 1
 test_print 3.88585
net matrix:
 -1.67322 -0.248688 0.421228
outputs matrix:
 0.0340117 0.378158 0.698982
error matrix:
 -0.0340117 -0.378158 0.301018
delta matrix:
 -0.0022349 -0.177851 0.126672
weights_delta matrix:
 -0.000186933 -0.0148759 0.0105952
 -9.95993e-05 -0.00792599 0.00564518
 -0.000197627 -0.0157269 0.0112013
 -0.0001608 -0.0127962 0.00911395
 -0.00022349 -0.0177851 0.0126672
weights matrix:
 -0.654461 -0.0263258 0.0435652
 1.04872 -0.548009 -0.233895
 -1.36318 0.285099 1.05897
 -1.04911 -0.221155 0.852633
 0.366354 -0.132306 -1.02035
regression_error on 'test' 0.111338
classification_error on 'test' 0.263158
Save,642,0.111338,0.263158
sample_count 75 Sample index 33
 i 0:0.559279 i 1:0.480944 i 2:0.672581 i 3:0.719493 bias 1
 test_print 3.4323
net matrix:
 -1.16697 -0.377958 0.217231
outputs matrix:
 0.0883505 0.319534 0.606939
error matrix:
 -0.0883505 -0.319534 0.393061
delta matrix:
 -0.0142323 -0.138954 0.187541
weights_delta matrix:
 -0.000795984 -0.00777138 0.0104888
 -0.000684495 -0.00668289 0.00901965
 -0.000957239 -0.00934575 0.0126136
 -0.00102401 -0.00999761 0.0134934
 -0.00142323 -0.0138954 0.0187541
weights matrix:
 -0.655257 -0.0340971 0.0540539
 1.04803 -0.554692 -0.224876
 -1.36414 0.275753 1.07158
 -1.05013 -0.231152 0.866127
 0.36493 -0.146201 -1.0016
regression_error on 'test' 0.111497
classification_error on 'test' 0.263158
Save,643,0.111497,0.263158
sample_count 75 Sample index 39
 i 0:0.397609 i 1:0.622103 i 2:0.18871 i 3:0.135476 bias 1
 test_print 2.3439
net matrix:
 0.356685 -0.484112 -0.800441
outputs matrix:
 0.671145 0.275235 0.167858
error matrix:
 0.328855 -0.275235 -0.167858
delta matrix:
 0.145163 -0.109808 -0.0468935
weights_delta matrix:
 0.0057718 -0.00436606 -0.00186453
 0.00903061 -0.00683118 -0.00291726
 0.00273936 -0.00207218 -0.000884928
 0.00196661 -0.00148763 -0.000635295
 0.0145163 -0.0109808 -0.00468935
weights matrix:
 -0.649485 -0.0384632 0.0521894
 1.05706 -0.561523 -0.227793
 -1.3614 0.273681 1.0707
 -1.04817 -0.23264 0.865491
 0.379447 -0.157182 -1.00628
regression_error on 'test' 0.110877
classification_error on 'test' 0.263158
Save,644,0.110877,0.263158
sample_count 75 Sample index 52
 i 0:0.443801 i 1:0.410364 i 2:0.672581 i 3:0.792495 bias 1
 test_print 3.31924
net matrix:
 -1.22133 -0.404974 0.329428
outputs matrix:
 0.079977 0.307901 0.659003
error matrix:
 -0.079977 -0.307901 0.340997
delta matrix:
 -0.0117695 -0.131226 0.153256
weights_delta matrix:
 -0.000522333 -0.00582384 0.00680153
 -0.000482979 -0.00538506 0.00628908
 -0.000791596 -0.00882604 0.0103077
 -0.000932729 -0.0103996 0.0121455
 -0.00117695 -0.0131226 0.0153256
weights matrix:
 -0.650007 -0.044287 0.0589909
 1.05658 -0.566908 -0.221504
 -1.36219 0.264855 1.08101
 -1.0491 -0.24304 0.877637
 0.37827 -0.170304 -0.990959
regression_error on 'test' 0.111305
classification_error on 'test' 0.263158
Save,645,0.111305,0.263158
sample_count 75 Sample index 45
 i 0:0.697853 i 1:0.586813 i 2:0.793548 i 3:0.975 bias 1
 test_print 4.05321
net matrix:
 -1.55916 -0.560668 0.633752
outputs matrix:
 0.0423581 0.245764 0.780315
error matrix:
 -0.0423581 -0.245764 0.219685
delta matrix:
 -0.00343642 -0.0911113 0.0753182
weights_delta matrix:
 -0.000239812 -0.00635823 0.0052561
 -0.000201654 -0.00534653 0.00441977
 -0.000272697 -0.00723012 0.00597686
 -0.000335051 -0.00888336 0.00734352
 -0.000343642 -0.00911113 0.00753182
weights matrix:
 -0.650247 -0.0506453 0.064247
 1.05638 -0.572254 -0.217084
 -1.36246 0.257625 1.08698
 -1.04943 -0.251923 0.88498
 0.377926 -0.179416 -0.983427
regression_error on 'test' 0.11166
classification_error on 'test' 0.263158
Save,646,0.11166,0.263158
sample_count 75 Sample index 57
 i 0:0.374514 i 1:0.727972 i 2:0.158468 i 3:0.135476 bias 1
 test_print 2.39643
net matrix:
 0.545334 -0.608273 -0.825252
outputs matrix:
 0.748507 0.228545 0.161041
error matrix:
 0.251493 -0.228545 -0.161041
delta matrix:
 0.094684 -0.0805906 -0.0435154
weights_delta matrix:
 0.00354605 -0.00301823 -0.00162971
 0.00689273 -0.00586677 -0.0031678
 0.00150044 -0.0012771 -0.00068958
 0.00128274 -0.00109181 -0.00058953
 0.0094684 -0.00805906 -0.00435154
weights matrix:
 -0.646701 -0.0536635 0.0626173
 1.06327 -0.578121 -0.220252
 -1.36096 0.256348 1.08629
 -1.04815 -0.253015 0.884391
 0.387394 -0.187475 -0.987779
regression_error on 'test' 0.111268
classification_error on 'test' 0.263158
Save,647,0.111268,0.263158
sample_count 75 Sample index 7
 i 0:0.651661 i 1:0.410364 i 2:0.627218 i 3:0.60999 bias 1
 test_print 3.29923
net matrix:
 -1.09069 -0.453236 0.183455
outputs matrix:
 0.101436 0.287722 0.590712
error matrix:
 -0.101436 0.712278 -0.590712
delta matrix:
 -0.018491 0.291946 -0.285634
weights_delta matrix:
 -0.00120499 0.019025 -0.0186137
 -0.000758804 0.0119804 -0.0117214
 -0.00115979 0.0183114 -0.0179155
 -0.00112793 0.0178084 -0.0174234
 -0.0018491 0.0291946 -0.0285634
weights matrix:
 -0.647906 -0.0346385 0.0440036
 1.06251 -0.566141 -0.231973
 -1.36212 0.274659 1.06838
 -1.04928 -0.235206 0.866967
 0.385545 -0.15828 -1.01634
regression_error on 'test' 0.110434
classification_error on 'test' 0.263158
Save,648,0.110434,0.263158
sample_count 75 Sample index 38
 i 0:0.397609 i 1:0.798551 i 2:0.128226 i 3:0.208478 bias 1
 test_print 2.53286
net matrix:
 0.582991 -0.637962 -0.866351
outputs matrix:
 0.762418 0.218245 0.150242
error matrix:
 0.237582 -0.218245 -0.150242
delta matrix:
 0.0860696 -0.0744713 -0.0383627
weights_delta matrix:
 0.00342221 -0.00296104 -0.00152533
 0.0068731 -0.00594691 -0.00306346
 0.00110364 -0.000954915 -0.000491909
 0.00179436 -0.00155256 -0.000799777
 0.00860696 -0.00744713 -0.00383627
weights matrix:
 -0.644484 -0.0375996 0.0424783
 1.06938 -0.572088 -0.235037
 -1.36102 0.273704 1.06789
 -1.04748 -0.236759 0.866167
 0.394152 -0.165727 -1.02018
regression_error on 'test' 0.110078
classification_error on 'test' 0.263158
Save,649,0.110078,0.263158
sample_count 75 Sample index 43
 i 0:0.582374 i 1:0.198626 i 2:0.612097 i 3:0.60999 bias 1
 test_print 3.00309
net matrix:
 -1.2408 -0.278143 0.139878
outputs matrix:
 0.0771583 0.364407 0.569487
error matrix:
 -0.0771583 0.635593 -0.569487
delta matrix:
 -0.0109881 0.294425 -0.279244
weights_delta matrix:
 -0.000639919 0.0171466 -0.0162624
 -0.000218252 0.00584805 -0.00554651
 -0.000672579 0.0180217 -0.0170924
 -0.000670264 0.0179596 -0.0170336
 -0.00109881 0.0294425 -0.0279244
weights matrix:
 -0.645124 -0.020453 0.0262159
 1.06917 -0.56624 -0.240583
 -1.36169 0.291726 1.05079
 -1.04815 -0.218799 0.849134
 0.393054 -0.136285 -1.0481
regression_error on 'test' 0.110303
classification_error on 'test' 0.236842
Save,650,0.110303,0.236842
sample_count 75 Sample index 74
 i 0:0.443801 i 1:0.480944 i 2:0.551613 i 3:0.536988 bias 1
 test_print 3.01335
net matrix:
 -0.693015 -0.374264 -0.11657
outputs matrix:
 0.200042 0.321142 0.441978
error matrix:
 -0.200042 0.678858 -0.441978
delta matrix:
 -0.0640237 0.295995 -0.218013
weights_delta matrix:
 -0.00284138 0.0131363 -0.00967544
 -0.00307918 0.0142357 -0.0104852
 -0.00353163 0.0163275 -0.0120259
 -0.003438 0.0158946 -0.011707
 -0.00640237 0.0295995 -0.0218013
weights matrix:
 -0.647965 -0.00731672 0.0165404
 1.06609 -0.552004 -0.251069
 -1.36522 0.308053 1.03877
 -1.05159 -0.202905 0.837427
 0.386651 -0.106685 -1.0699
regression_error on 'test' 0.11154
classification_error on 'test' 0.210526
Save,651,0.11154,0.210526
sample_count 75 Sample index 65
 i 0:0.928809 i 1:0.410364 i 2:0.944758 i 3:0.792495 bias 1
 test_print 4.07643
net matrix:
 -1.90088 -0.209769 0.48747
outputs matrix:
 0.0218434 0.396627 0.726103
error matrix:
 -0.0218434 -0.396627 0.273897
delta matrix:
 -0.000933426 -0.189837 0.108944
weights_delta matrix:
 -8.66975e-05 -0.0176322 0.0101188
 -3.83044e-05 -0.00779023 0.00447067
 -8.81862e-05 -0.017935 0.0102926
 -7.39736e-05 -0.0150445 0.00863375
 -9.33426e-05 -0.0189837 0.0108944
weights matrix:
 -0.648052 -0.024949 0.0266592
 1.06605 -0.559794 -0.246598
 -1.36531 0.290118 1.04906
 -1.05167 -0.217949 0.846061
 0.386558 -0.125669 -1.05901
regression_error on 'test' 0.110485
classification_error on 'test' 0.236842
Save,652,0.110485,0.236842
sample_count 75 Sample index 43
 i 0:0.582374 i 1:0.198626 i 2:0.612097 i 3:0.60999 bias 1
 test_print 3.00309
net matrix:
 -1.25631 -0.206755 0.06575
outputs matrix:
 0.0749778 0.398071 0.532828
error matrix:
 -0.0749778 0.601929 -0.532828
delta matrix:
 -0.0104004 0.288457 -0.265265
weights_delta matrix:
 -0.00060569 0.016799 -0.0154484
 -0.000206578 0.00572951 -0.00526886
 -0.000636602 0.0176564 -0.0162368
 -0.000634411 0.0175956 -0.0161809
 -0.00104004 0.0288457 -0.0265265
weights matrix:
 -0.648658 -0.00814997 0.0112109
 1.06584 -0.554065 -0.251867
 -1.36594 0.307775 1.03282
 -1.0523 -0.200354 0.82988
 0.385518 -0.0968232 -1.08554
regression_error on 'test' 0.111983
classification_error on 'test' 0.210526
Save,653,0.111983,0.210526
sample_count 75 Sample index 73
 i 0:0.582374 i 1:0.410364 i 2:0.65746 i 3:0.719493 bias 1
 test_print 3.36969
net matrix:
 -1.21004 -0.270741 0.093768
outputs matrix:
 0.0816547 0.367843 0.546747
error matrix:
 -0.0816547 -0.367843 0.453253
delta matrix:
 -0.0122461 -0.171072 0.224645
weights_delta matrix:
 -0.000713182 -0.0099628 0.0130828
 -0.000502537 -0.00702019 0.00921864
 -0.000805133 -0.0112473 0.0147695
 -0.0008811 -0.0123085 0.0161631
 -0.00122461 -0.0171072 0.0224645
weights matrix:
 -0.649371 -0.0181128 0.0242936
 1.06534 -0.561085 -0.242648
 -1.36675 0.296527 1.04759
 -1.05318 -0.212662 0.846043
 0.384293 -0.11393 -1.06307
regression_error on 'test' 0.110833
classification_error on 'test' 0.236842
Save,654,0.110833,0.236842
sample_count 75 Sample index 42
 i 0:0.651661 i 1:0.551523 i 2:0.702823 i 3:0.792495 bias 1
 test_print 3.6985
net matrix:
 -1.24654 -0.395313 0.22569
outputs matrix:
 0.0763445 0.312034 0.610967
error matrix:
 -0.0763445 -0.312034 0.389033
delta matrix:
 -0.010767 -0.133968 0.184935
weights_delta matrix:
 -0.000701645 -0.00873019 0.0120515
 -0.000593827 -0.00738865 0.0101996
 -0.000756732 -0.00941559 0.0129977
 -0.000853282 -0.0106169 0.014656
 -0.0010767 -0.0133968 0.0184935
weights matrix:
 -0.650073 -0.026843 0.0363451
 1.06475 -0.568474 -0.232449
 -1.36751 0.287112 1.06059
 -1.05403 -0.223279 0.860699
 0.383216 -0.127327 -1.04458
regression_error on 'test' 0.110386
classification_error on 'test' 0.263158
Save,655,0.110386,0.263158
sample_count 75 Sample index 39
 i 0:0.397609 i 1:0.622103 i 2:0.18871 i 3:0.135476 bias 1
 test_print 2.3439
net matrix:
 0.386265 -0.467717 -0.857986
outputs matrix:
 0.684068 0.281823 0.152391
error matrix:
 0.315932 -0.281823 -0.152391
delta matrix:
 0.136558 -0.114082 -0.0393679
weights_delta matrix:
 0.00542966 -0.00453598 -0.0015653
 0.0084953 -0.00709705 -0.00244909
 0.00257698 -0.00215283 -0.000742912
 0.00185003 -0.00154553 -0.000533341
 0.0136558 -0.0114082 -0.00393679
weights matrix:
 -0.644643 -0.0313789 0.0347798
 1.07324 -0.575571 -0.234898
 -1.36493 0.284959 1.05985
 -1.05218 -0.224825 0.860165
 0.396872 -0.138735 -1.04852
regression_error on 'test' 0.109855
classification_error on 'test' 0.263158
Save,656,0.109855,0.263158
sample_count 75 Sample index 41
 i 0:0.674757 i 1:0.445654 i 2:0.627218 i 3:0.536988 bias 1
 test_print 3.28462
net matrix:
 -0.98093 -0.358411 -0.00307628
outputs matrix:
 0.123266 0.328093 0.498462
error matrix:
 -0.123266 0.671907 -0.498462
delta matrix:
 -0.0266431 0.296241 -0.249229
weights_delta matrix:
 -0.00179776 0.0199891 -0.0168169
 -0.00118736 0.0132021 -0.011107
 -0.0016711 0.0185808 -0.0156321
 -0.0014307 0.0159078 -0.0133833
 -0.00266431 0.0296241 -0.0249229
weights matrix:
 -0.646441 -0.0113899 0.017963
 1.07205 -0.562368 -0.246005
 -1.3666 0.30354 1.04422
 -1.05362 -0.208917 0.846782
 0.394208 -0.109111 -1.07344
regression_error on 'test' 0.110865
classification_error on 'test' 0.210526
Save,657,0.110865,0.210526
sample_count 75 Sample index 10
 i 0:0.697853 i 1:0.304495 i 2:0.808669 i 3:0.719493 bias 1
 test_print 3.53051
net matrix:
 -1.59367 -0.193149 0.317869
outputs matrix:
 0.0396446 0.404609 0.653789
error matrix:
 -0.0396446 -0.404609 0.346211
delta matrix:
 -0.00301877 -0.194941 0.156729
weights_delta matrix:
 -0.000210666 -0.013604 0.0109374
 -9.19201e-05 -0.00593585 0.00477231
 -0.000244119 -0.0157643 0.0126742
 -0.000217199 -0.0140259 0.0112765
 -0.000301877 -0.0194941 0.0156729
weights matrix:
 -0.646651 -0.0249939 0.0289003
 1.07196 -0.568304 -0.241232
 -1.36684 0.287775 1.05689
 -1.05383 -0.222943 0.858059
 0.393906 -0.128605 -1.05777
regression_error on 'test' 0.110029
classification_error on 'test' 0.236842
Save,658,0.110029,0.236842
sample_count 75 Sample index 24
 i 0:0.466896 i 1:0.445654 i 2:0.566734 i 3:0.536988 bias 1
 test_print 3.01627
net matrix:
 -0.770822 -0.350168 -0.0920353
outputs matrix:
 0.176297 0.331738 0.454112
error matrix:
 -0.176297 0.668262 -0.454112
delta matrix:
 -0.0512022 0.296291 -0.225143
weights_delta matrix:
 -0.00239061 0.0138337 -0.0105119
 -0.00228185 0.0132043 -0.0100336
 -0.0029018 0.0167918 -0.0127596
 -0.0027495 0.0159105 -0.0120899
 -0.00512022 0.0296291 -0.0225143
weights matrix:
 -0.649042 -0.0111602 0.0183885
 1.06968 -0.5551 -0.251266
 -1.36975 0.304567 1.04413
 -1.05658 -0.207032 0.845969
 0.388786 -0.0989762 -1.08028
regression_error on 'test' 0.111245
classification_error on 'test' 0.210526
Save,659,0.111245,0.210526
sample_count 75 Sample index 29
 i 0:0.420705 i 1:0.304495 i 2:0.536492 i 3:0.536988 bias 1
 test_print 2.79868
net matrix:
 -0.860787 -0.220473 -0.13461
outputs matrix:
 0.151669 0.391516 0.433099
error matrix:
 -0.151669 0.608484 -0.433099
delta matrix:
 -0.0390289 0.28992 -0.212672
weights_delta matrix:
 -0.00164197 0.0121971 -0.00894723
 -0.00118841 0.00882791 -0.00647577
 -0.00209387 0.015554 -0.0114097
 -0.00209581 0.0155683 -0.0114202
 -0.00390289 0.028992 -0.0212672
weights matrix:
 -0.650684 0.00103692 0.00944125
 1.06849 -0.546272 -0.257742
 -1.37184 0.320121 1.03272
 -1.05868 -0.191464 0.834549
 0.384883 -0.0699843 -1.10155
regression_error on 'test' 0.113175
classification_error on 'test' 0.184211
Save,660,0.113175,0.184211
sample_count 75 Sample index 72
 i 0:0.905713 i 1:0.480944 i 2:0.929637 i 3:0.828996 bias 1
 test_print 4.14529
net matrix:
 -1.84352 -0.192898 0.434938
outputs matrix:
 0.0244341 0.40473 0.70472
error matrix:
 -0.0244341 -0.40473 0.29528
delta matrix:
 -0.00116488 -0.195018 0.12289
weights_delta matrix:
 -0.000105504 -0.017663 0.0111303
 -5.60241e-05 -0.00937927 0.0059103
 -0.000108291 -0.0181296 0.0114243
 -9.65678e-05 -0.0161669 0.0101875
 -0.000116488 -0.0195018 0.012289
weights matrix:
 -0.650789 -0.0166261 0.0205715
 1.06844 -0.555651 -0.251831
 -1.37195 0.301992 1.04414
 -1.05877 -0.207631 0.844736
 0.384766 -0.089486 -1.08926
regression_error on 'test' 0.111382
classification_error on 'test' 0.210526
Save,661,0.111382,0.210526
sample_count 75 Sample index 18
 i 0:0.513088 i 1:0.480944 i 2:0.566734 i 3:0.60999 bias 1
 test_print 3.17076
net matrix:
 -0.85866 -0.320758 -0.0927868
outputs matrix:
 0.152217 0.344904 0.453739
error matrix:
 -0.152217 0.655096 -0.453739
delta matrix:
 -0.0392862 0.296032 -0.224928
weights_delta matrix:
 -0.00201573 0.015189 -0.0115408
 -0.00188944 0.0142375 -0.0108178
 -0.00222648 0.0167771 -0.0127474
 -0.00239642 0.0180576 -0.0137204
 -0.00392862 0.0296032 -0.0224928
weights matrix:
 -0.652805 -0.00143708 0.00903076
 1.06655 -0.541414 -0.262649
 -1.37418 0.318769 1.0314
 -1.06117 -0.189573 0.831016
 0.380838 -0.0598829 -1.11175
regression_error on 'test' 0.11377
classification_error on 'test' 0.184211
Save,662,0.11377,0.184211
sample_count 75 Sample index 15
 i 0:0.720948 i 1:0.410364 i 2:0.65746 i 3:0.573489 bias 1
 test_print 3.36226
net matrix:
 -1.16416 -0.182236 -0.0583408
outputs matrix:
 0.0888039 0.409877 0.470863
error matrix:
 -0.0888039 0.590123 -0.470863
delta matrix:
 -0.0143716 0.285475 -0.234632
weights_delta matrix:
 -0.00103612 0.0205813 -0.0169157
 -0.00058976 0.0117149 -0.00962844
 -0.000944878 0.0187689 -0.0154261
 -0.000824198 0.0163717 -0.0134559
 -0.00143716 0.0285475 -0.0234632
weights matrix:
 -0.653841 0.0191442 -0.00788498
 1.06596 -0.529699 -0.272278
 -1.37512 0.337537 1.01597
 -1.062 -0.173201 0.81756
 0.379401 -0.0313354 -1.13521
regression_error on 'test' 0.117383
classification_error on 'test' 0.105263
Save,663,0.117383,0.105263
sample_count 75 Sample index 13
 i 0:0.420705 i 1:0.269205 i 2:0.491129 i 3:0.427485 bias 1
 test_print 2.60852
net matrix:
 -0.738061 -0.0741455 -0.363362
outputs matrix:
 0.186014 0.462995 0.325914
error matrix:
 -0.186014 0.537005 -0.325914
delta matrix:
 -0.0563297 0.267032 -0.143203
weights_delta matrix:
 -0.00236982 0.0112342 -0.00602461
 -0.00151642 0.00718863 -0.00385509
 -0.00276652 0.0131147 -0.0070331
 -0.00240801 0.0114152 -0.0061217
 -0.00563297 0.0267032 -0.0143203
weights matrix:
 -0.656211 0.0303784 -0.0139096
 1.06444 -0.52251 -0.276133
 -1.37789 0.350652 1.00894
 -1.0644 -0.161786 0.811438
 0.373768 -0.00463218 -1.14953
regression_error on 'test' 0.12054
classification_error on 'test' 0.0789474
Save,664,0.12054,0.0789474
sample_count 75 Sample index 44
 i 0:0.536183 i 1:0.375074 i 2:0.702823 i 3:0.646491 bias 1
 test_print 3.26057
net matrix:
 -1.23538 -0.0424708 -0.02687
outputs matrix:
 0.0779343 0.478777 0.486568
error matrix:
 -0.0779343 0.521223 -0.486568
delta matrix:
 -0.0112008 0.260142 -0.243109
weights_delta matrix:
 -0.000600568 0.0139484 -0.0130351
 -0.000420113 0.00975724 -0.00911837
 -0.000787218 0.0182834 -0.0170862
 -0.000724122 0.0168179 -0.0157167
 -0.00112008 0.0260142 -0.0243109
weights matrix:
 -0.656812 0.0443267 -0.0269447
 1.06402 -0.512753 -0.285251
 -1.37867 0.368936 0.991852
 -1.06513 -0.144968 0.795721
 0.372648 0.021382 -1.17384
regression_error on 'test' 0.125777
classification_error on 'test' 0.0526316
Save,665,0.125777,0.0526316
sample_count 75 Sample index 60
 i 0:0.559279 i 1:0.410364 i 2:0.536492 i 3:0.536988 bias 1
 test_print 3.04312
net matrix:
 -0.869666 -0.0441577 -0.346558
outputs matrix:
 0.149398 0.477935 0.33334
error matrix:
 -0.149398 0.522065 -0.33334
delta matrix:
 -0.0379704 0.260524 -0.148153
weights_delta matrix:
 -0.0021236 0.0145706 -0.00828588
 -0.00155817 0.010691 -0.00607966
 -0.00203708 0.0139769 -0.00794828
 -0.00203897 0.0139898 -0.00795563
 -0.00379704 0.0260524 -0.0148153
weights matrix:
 -0.658935 0.0588973 -0.0352305
 1.06246 -0.502062 -0.291331
 -1.38071 0.382912 0.983904
 -1.06717 -0.130979 0.787766
 0.368851 0.0474344 -1.18866
regression_error on 'test' 0.130769
classification_error on 'test' 0.157895
Save,666,0.130769,0.157895
sample_count 75 Sample index 7
 i 0:0.651661 i 1:0.410364 i 2:0.627218 i 3:0.60999 bias 1
 test_print 3.29923
net matrix:
 -1.14152 0.0400612 -0.233519
outputs matrix:
 0.0925368 0.52002 0.385318
error matrix:
 -0.0925368 0.47998 -0.385318
delta matrix:
 -0.0155413 0.239605 -0.182523
weights_delta matrix:
 -0.00101277 0.0156141 -0.0118943
 -0.00063776 0.00983254 -0.0074901
 -0.00097478 0.0150285 -0.0114482
 -0.000948006 0.0146157 -0.0111337
 -0.00155413 0.0239605 -0.0182523
weights matrix:
 -0.659948 0.0745114 -0.0471249
 1.06182 -0.49223 -0.298821
 -1.38169 0.397941 0.972455
 -1.06811 -0.116363 0.776632
 0.367296 0.0713949 -1.20691
regression_error on 'test' 0.136819
classification_error on 'test' 0.342105
Save,667,0.136819,0.342105
sample_count 75 Sample index 11
 i 0:0.536183 i 1:0.198626 i 2:0.536492 i 3:0.427485 bias 1
 test_print 2.69879
net matrix:
 -0.973517 0.177326 -0.437821
outputs matrix:
 0.124877 0.587745 0.294082
error matrix:
 -0.124877 0.412255 -0.294082
delta matrix:
 -0.0272939 0.199779 -0.122101
weights_delta matrix:
 -0.00146345 0.0107118 -0.00654687
 -0.000542127 0.00396814 -0.00242525
 -0.00146429 0.010718 -0.00655064
 -0.00116677 0.00854027 -0.00521965
 -0.00272939 0.0199779 -0.0122101
weights matrix:
 -0.661411 0.0852233 -0.0536717
 1.06128 -0.488262 -0.301246
 -1.38315 0.408659 0.965905
 -1.06928 -0.107823 0.771412
 0.364567 0.0913729 -1.21912
regression_error on 'test' 0.141234
classification_error on 'test' 0.421053
Save,668,0.141234,0.421053
sample_count 75 Sample index 29
 i 0:0.420705 i 1:0.304495 i 2:0.536492 i 3:0.536988 bias 1
 test_print 2.79868
net matrix:
 -0.906777 0.139896 -0.400991
outputs matrix:
 0.140209 0.569495 0.309602
error matrix:
 -0.140209 0.430505 -0.309602
delta matrix:
 -0.0338046 0.211094 -0.132354
weights_delta matrix:
 -0.00142218 0.00888083 -0.00556819
 -0.00102933 0.00642771 -0.00403011
 -0.00181359 0.011325 -0.00710067
 -0.00181527 0.0113355 -0.00710724
 -0.00338046 0.0211094 -0.0132354
weights matrix:
 -0.662834 0.0941041 -0.0592399
 1.06025 -0.481834 -0.305276
 -1.38496 0.419984 0.958804
 -1.0711 -0.0964871 0.764305
 0.361187 0.112482 -1.23236
regression_error on 'test' 0.14642
classification_error on 'test' 0.421053
Save,669,0.14642,0.421053
sample_count 75 Sample index 55
 i 0:0.628566 i 1:0.551523 i 2:0.612097 i 3:0.60999 bias 1
 test_print 3.40218
net matrix:
 -0.971784 0.104105 -0.384861
outputs matrix:
 0.125256 0.551865 0.316539
error matrix:
 -0.125256 0.448135 -0.316539
delta matrix:
 -0.027448 0.221656 -0.136961
weights_delta matrix:
 -0.00172529 0.0139326 -0.00860893
 -0.00151382 0.0122249 -0.00755374
 -0.00168008 0.0135675 -0.00838337
 -0.0016743 0.0135208 -0.00835451
 -0.0027448 0.0221656 -0.0136961
weights matrix:
 -0.664559 0.108037 -0.0678489
 1.05874 -0.469609 -0.31283
 -1.38664 0.433551 0.950421
 -1.07277 -0.0829663 0.755951
 0.358442 0.134648 -1.24605
regression_error on 'test' 0.153169
classification_error on 'test' 0.421053
Save,670,0.153169,0.421053
sample_count 75 Sample index 56
 i 0:0.328323 i 1:0.727972 i 2:0.158468 i 3:0.208478 bias 1
 test_print 2.42324
net matrix:
 0.467596 -0.120336 -1.18785
outputs matrix:
 0.718128 0.440121 0.0850443
error matrix:
 0.281872 -0.440121 -0.0850443
delta matrix:
 0.114113 -0.216904 -0.0132349
weights_delta matrix:
 0.00374661 -0.00712147 -0.000434532
 0.00830714 -0.01579 -0.000963463
 0.00180833 -0.00343724 -0.000209731
 0.00237901 -0.00452198 -0.000275918
 0.0114113 -0.0216904 -0.00132349
weights matrix:
 -0.660812 0.100915 -0.0682834
 1.06705 -0.485399 -0.313793
 -1.38484 0.430114 0.950211
 -1.07039 -0.0874882 0.755675
 0.369853 0.112957 -1.24738
regression_error on 'test' 0.149401
classification_error on 'test' 0.421053
Save,671,0.149401,0.421053
sample_count 75 Sample index 37
 i 0:0.720948 i 1:0.551523 i 2:0.82379 i 3:0.901998 bias 1
 test_print 3.99826
net matrix:
 -1.62436 0.193413 -0.00527934
outputs matrix:
 0.0373727 0.595518 0.49736
error matrix:
 -0.0373727 -0.595518 0.50264
delta matrix:
 -0.00268905 -0.286892 0.251313
weights_delta matrix:
 -0.000193866 -0.0206835 0.0181183
 -0.000148307 -0.0158228 0.0138605
 -0.000221521 -0.0236339 0.0207029
 -0.000242551 -0.0258776 0.0226684
 -0.000268905 -0.0286892 0.0251313
weights matrix:
 -0.661006 0.0802317 -0.050165
 1.0669 -0.501222 -0.299933
 -1.38506 0.40648 0.970914
 -1.07063 -0.113366 0.778343
 0.369584 0.0842682 -1.22225
regression_error on 'test' 0.138824
classification_error on 'test' 0.368421
Save,672,0.138824,0.368421
sample_count 75 Sample index 54
 i 0:0.305227 i 1:0.622103 i 2:0.158468 i 3:0.135476 bias 1
 test_print 2.22127
net matrix:
 0.467015 -0.153999 -1.16484
outputs matrix:
 0.717892 0.423604 0.0886942
error matrix:
 0.282108 -0.423604 -0.0886942
delta matrix:
 0.114267 -0.206857 -0.0143379
weights_delta matrix:
 0.00348772 -0.00631384 -0.000437631
 0.00710856 -0.0128686 -0.000891964
 0.00181076 -0.00327802 -0.00022721
 0.00154804 -0.00280242 -0.000194244
 0.0114267 -0.0206857 -0.00143379
weights matrix:
 -0.657518 0.0739179 -0.0506027
 1.07401 -0.51409 -0.300825
 -1.38325 0.403202 0.970687
 -1.06909 -0.116168 0.778149
 0.381011 0.0635825 -1.22368
regression_error on 'test' 0.136002
classification_error on 'test' 0.342105
Save,673,0.136002,0.342105
sample_count 75 Sample index 66
 i 0:0.60547 i 1:0.304495 i 2:0.672581 i 3:0.60999 bias 1
 test_print 3.19254
net matrix:
 -1.27254 0.152124 -0.21839
outputs matrix:
 0.0727572 0.575481 0.392509
error matrix:
 -0.0727572 0.424519 -0.392509
delta matrix:
 -0.00981691 0.207422 -0.187184
weights_delta matrix:
 -0.000594385 0.0125588 -0.0113334
 -0.00029892 0.00631591 -0.00569966
 -0.000660267 0.0139508 -0.0125896
 -0.000598822 0.0126526 -0.011418
 -0.000981691 0.0207422 -0.0187184
weights matrix:
 -0.658113 0.0864767 -0.0619361
 1.07371 -0.507774 -0.306525
 -1.38391 0.417153 0.958097
 -1.06968 -0.103516 0.766731
 0.380029 0.0843247 -1.2424
regression_error on 'test' 0.142025
classification_error on 'test' 0.421053
Save,674,0.142025,0.421053
sample_count 75 Sample index 1
 i 0:0.582374 i 1:0.445654 i 2:0.581855 i 3:0.536988 bias 1
 test_print 3.14687
net matrix:
 -0.904377 0.0955307 -0.445874
outputs matrix:
 0.140789 0.547621 0.290749
error matrix:
 -0.140789 0.452379 -0.290749
delta matrix:
 -0.0340616 0.224138 -0.119913
weights_delta matrix:
 -0.00198366 0.0130532 -0.00698344
 -0.00151797 0.0099888 -0.00534398
 -0.00198189 0.0130416 -0.00697721
 -0.00182907 0.0120359 -0.0064392
 -0.00340616 0.0224138 -0.0119913
weights matrix:
 -0.660096 0.0995299 -0.0689195
 1.07219 -0.497786 -0.311868
 -1.38589 0.430195 0.95112
 -1.07151 -0.0914798 0.760292
 0.376623 0.106739 -1.25439
regression_error on 'test' 0.147866
classification_error on 'test' 0.421053
Save,675,0.147866,0.421053
sample_count 75 Sample index 31
 i 0:0.559279 i 1:0.339785 i 2:0.778427 i 3:0.573489 bias 1
 test_print 3.25098
net matrix:
 -1.32156 0.275676 -0.222507
outputs matrix:
 0.0664149 0.634449 0.390547
error matrix:
 -0.0664149 -0.634449 0.609453
delta matrix:
 -0.00823597 -0.294287 0.290124
weights_delta matrix:
 -0.00046062 -0.0164589 0.016226
 -0.000279846 -0.00999944 0.00985798
 -0.00064111 -0.0229081 0.022584
 -0.000472324 -0.016877 0.0166383
 -0.000823597 -0.0294287 0.0290124
weights matrix:
 -0.660557 0.083071 -0.0526935
 1.07191 -0.507785 -0.302011
 -1.38653 0.407287 0.973704
 -1.07199 -0.108357 0.77693
 0.375799 0.0773098 -1.22538
regression_error on 'test' 0.138432
classification_error on 'test' 0.368421
Save,676,0.138432,0.368421
sample_count 75 Sample index 36
 i 0:0.744044 i 1:0.516233 i 2:0.702823 i 3:0.901998 bias 1
 test_print 3.8651
net matrix:
 -1.50374 0.0654956 -0.0353609
outputs matrix:
 0.0470888 0.532701 0.482327
error matrix:
 -0.0470888 -0.532701 0.517673
delta matrix:
 -0.00422589 -0.265211 0.258513
weights_delta matrix:
 -0.000314425 -0.0197329 0.0192345
 -0.000218154 -0.0136911 0.0133453
 -0.000297005 -0.0186397 0.0181689
 -0.000381174 -0.023922 0.0233178
 -0.000422589 -0.0265211 0.0258513
weights matrix:
 -0.660872 0.0633381 -0.033459
 1.07169 -0.521476 -0.288665
 -1.38683 0.388647 0.991873
 -1.07237 -0.132279 0.800248
 0.375377 0.0507887 -1.19953
regression_error on 'test' 0.129922
classification_error on 'test' 0.157895
Save,677,0.129922,0.157895
sample_count 75 Sample index 35
 i 0:0.189749 i 1:0.233915 i 2:0.128226 i 3:0.171977 bias 1
 test_print 1.72387
net matrix:
 0.138412 -0.0320884 -1.00859
outputs matrix:
 0.568767 0.483961 0.117411
error matrix:
 0.431233 -0.483961 -0.117411
delta matrix:
 0.211538 -0.241732 -0.0243335
weights_delta matrix:
 0.00401391 -0.00458683 -0.000461727
 0.00494818 -0.00565447 -0.000569198
 0.00271246 -0.00309963 -0.000312019
 0.00363796 -0.00415723 -0.000418481
 0.0211538 -0.0241732 -0.00243335
weights matrix:
 -0.656858 0.0587513 -0.0339207
 1.07664 -0.527131 -0.289234
 -1.38411 0.385547 0.991561
 -1.06873 -0.136436 0.799829
 0.396531 0.0266155 -1.20196
regression_error on 'test' 0.12749
classification_error on 'test' 0.131579
Save,678,0.12749,0.131579
sample_count 75 Sample index 38
 i 0:0.397609 i 1:0.798551 i 2:0.128226 i 3:0.208478 bias 1
 test_print 2.53286
net matrix:
 0.594824 -0.349972 -1.15252
outputs matrix:
 0.766678 0.331825 0.0907057
error matrix:
 0.233322 -0.331825 -0.0907057
delta matrix:
 0.0834746 -0.147142 -0.0149625
weights_delta matrix:
 0.00331902 -0.00585051 -0.000594921
 0.00666587 -0.0117501 -0.00119483
 0.00107036 -0.00188675 -0.000191858
 0.00174026 -0.0030676 -0.000311935
 0.00834746 -0.0147142 -0.00149625
weights matrix:
 -0.653539 0.0529008 -0.0345156
 1.08331 -0.538881 -0.290429
 -1.38304 0.383661 0.991369
 -1.06699 -0.139504 0.799517
 0.404878 0.0119013 -1.20346
regression_error on 'test' 0.125773
classification_error on 'test' 0.131579
Save,679,0.125773,0.131579
sample_count 75 Sample index 74
 i 0:0.443801 i 1:0.480944 i 2:0.551613 i 3:0.536988 bias 1
 test_print 3.01335
net matrix:
 -0.700019 -0.0870724 -0.382271
outputs matrix:
 0.19781 0.456573 0.317661
error matrix:
 -0.19781 0.543427 -0.317661
delta matrix:
 -0.0627775 0.269664 -0.137708
weights_delta matrix:
 -0.00278607 0.0119677 -0.00611148
 -0.00301925 0.0129693 -0.00662297
 -0.00346289 0.014875 -0.00759613
 -0.00337108 0.0144806 -0.00739473
 -0.00627775 0.0269664 -0.0137708
weights matrix:
 -0.656325 0.0648685 -0.0406271
 1.08029 -0.525911 -0.297052
 -1.38651 0.398536 0.983773
 -1.07036 -0.125023 0.792123
 0.3986 0.0388676 -1.21723
regression_error on 'test' 0.130841
classification_error on 'test' 0.210526
Save,680,0.130841,0.210526
sample_count 75 Sample index 56
 i 0:0.328323 i 1:0.727972 i 2:0.158468 i 3:0.208478 bias 1
 test_print 2.42324
net matrix:
 0.526669 -0.285593 -1.12577
outputs matrix:
 0.741415 0.360963 0.0952159
error matrix:
 0.258585 -0.360963 -0.0952159
delta matrix:
 0.0991511 -0.166526 -0.0164057
weights_delta matrix:
 0.00325536 -0.00546743 -0.000538636
 0.00721792 -0.0121226 -0.00119429
 0.00157123 -0.0026389 -0.000259978
 0.00206708 -0.0034717 -0.000342022
 0.00991511 -0.0166526 -0.00164057
weights matrix:
 -0.653069 0.0594011 -0.0411657
 1.0875 -0.538034 -0.298246
 -1.38494 0.395897 0.983513
 -1.06829 -0.128495 0.791781
 0.408515 0.022215 -1.21887
regression_error on 'test' 0.128836
classification_error on 'test' 0.157895
Save,681,0.128836,0.157895
sample_count 75 Sample index 14
 i 0:0.697853 i 1:0.516233 i 2:0.778427 i 3:0.938499 bias 1
 test_print 3.93101
net matrix:
 -1.56649 -0.0264982 0.107119
outputs matrix:
 0.0417673 0.486754 0.553355
error matrix:
 -0.0417673 -0.486754 0.446645
delta matrix:
 -0.00334329 -0.243206 0.220779
weights_delta matrix:
 -0.000233312 -0.0169722 0.0154071
 -0.000172592 -0.0125551 0.0113974
 -0.000260251 -0.0189318 0.0171861
 -0.000313767 -0.0228249 0.0207201
 -0.000334329 -0.0243206 0.0220779
weights matrix:
 -0.653303 0.0424289 -0.0257586
 1.08733 -0.550589 -0.286849
 -1.3852 0.376965 1.0007
 -1.06861 -0.15132 0.812501
 0.408181 -0.00210558 -1.19679
regression_error on 'test' 0.122365
classification_error on 'test' 0.0526316
Save,682,0.122365,0.0526316
sample_count 75 Sample index 41
 i 0:0.674757 i 1:0.445654 i 2:0.627218 i 3:0.536988 bias 1
 test_print 3.28462
net matrix:
 -0.990714 -0.0636664 -0.278046
outputs matrix:
 0.121167 0.46821 0.364452
error matrix:
 -0.121167 0.53179 -0.364452
delta matrix:
 -0.0258049 0.26482 -0.168834
weights_delta matrix:
 -0.0017412 0.0178689 -0.0113922
 -0.00115001 0.0118018 -0.00752414
 -0.00161853 0.01661 -0.0105896
 -0.00138569 0.0142205 -0.00906617
 -0.00258049 0.026482 -0.0168834
weights matrix:
 -0.655044 0.0602978 -0.0371508
 1.08618 -0.538787 -0.294373
 -1.38681 0.393575 0.990109
 -1.06999 -0.137099 0.803434
 0.405601 0.0243764 -1.21367
regression_error on 'test' 0.127536
classification_error on 'test' 0.157895
Save,683,0.127536,0.157895
sample_count 75 Sample index 24
 i 0:0.466896 i 1:0.445654 i 2:0.566734 i 3:0.536988 bias 1
 test_print 3.01627
net matrix:
 -0.776703 -0.0381518 -0.369643
outputs matrix:
 0.174595 0.480933 0.32316
error matrix:
 -0.174595 0.519067 -0.32316
delta matrix:
 -0.0503222 0.259156 -0.141368
weights_delta matrix:
 -0.00234952 0.0120999 -0.00660042
 -0.00224263 0.0115494 -0.00630013
 -0.00285193 0.0146872 -0.00801181
 -0.00270224 0.0139164 -0.0075913
 -0.00503222 0.0259156 -0.0141368
weights matrix:
 -0.657393 0.0723977 -0.0437512
 1.08394 -0.527238 -0.300673
 -1.38967 0.408262 0.982098
 -1.07269 -0.123183 0.795843
 0.400568 0.050292 -1.22781
regression_error on 'test' 0.132738
classification_error on 'test' 0.289474
Save,684,0.132738,0.289474
sample_count 75 Sample index 12
 i 0:0.166653 i 1:0.480944 i 2:0.128226 i 3:0.135476 bias 1
 test_print 1.9113
net matrix:
 0.48881 -0.155553 -1.14596
outputs matrix:
 0.726636 0.422845 0.0917944
error matrix:
 0.273364 -0.422845 -0.0917944
delta matrix:
 0.1086 -0.206388 -0.0153055
weights_delta matrix:
 0.00180985 -0.00343952 -0.00025507
 0.00522306 -0.00992611 -0.000736107
 0.00139254 -0.00264643 -0.000196256
 0.00147127 -0.00279606 -0.000207352
 0.01086 -0.0206388 -0.00153055
weights matrix:
 -0.655583 0.0689582 -0.0440063
 1.08916 -0.537164 -0.30141
 -1.38827 0.405616 0.981901
 -1.07122 -0.125979 0.795636
 0.411428 0.0296532 -1.22934
regression_error on 'test' 0.130547
classification_error on 'test' 0.210526
Save,685,0.130547,0.210526
sample_count 75 Sample index 8
 i 0:0.489992 i 1:0.375074 i 2:0.702823 i 3:0.755994 bias 1
 test_print 3.32388
net matrix:
 -1.28684 0.0518027 -0.0723548
outputs matrix:
 0.0708523 0.525878 0.463886
error matrix:
 -0.0708523 -0.525878 0.536114
delta matrix:
 -0.00932874 -0.262235 0.266659
weights_delta matrix:
 -0.000457101 -0.0128493 0.0130661
 -0.000349897 -0.00983574 0.0100017
 -0.000655645 -0.0184305 0.0187414
 -0.000705247 -0.0198248 0.0201592
 -0.000932874 -0.0262235 0.0266659
weights matrix:
 -0.656041 0.0561089 -0.0309402
 1.08881 -0.547 -0.291408
 -1.38893 0.387185 1.00064
 -1.07193 -0.145804 0.815795
 0.410496 0.00342976 -1.20267
regression_error on 'test' 0.123905
classification_error on 'test' 0.0526316
Save,686,0.123905,0.0526316
sample_count 75 Sample index 40
 i 0:0.328323 i 1:0.763262 i 2:0.158468 i 3:0.171977 bias 1
 test_print 2.42203
net matrix:
 0.621703 -0.359371 -1.13639
outputs matrix:
 0.776156 0.32767 0.0934034
error matrix:
 0.223844 -0.32767 -0.0934034
delta matrix:
 0.0777801 -0.144373 -0.0158186
weights_delta matrix:
 0.0025537 -0.0047401 -0.000519362
 0.00593666 -0.0110194 -0.00120738
 0.00123257 -0.00228785 -0.000250675
 0.00133764 -0.00248288 -0.000272044
 0.00777801 -0.0144373 -0.00158186
weights matrix:
 -0.653487 0.0513688 -0.0314596
 1.09475 -0.558019 -0.292615
 -1.3877 0.384897 1.00039
 -1.07059 -0.148286 0.815523
 0.418274 -0.0110075 -1.20426
regression_error on 'test' 0.122475
classification_error on 'test' 0.0526316
Save,687,0.122475,0.0526316
sample_count 75 Sample index 31
 i 0:0.559279 i 1:0.339785 i 2:0.778427 i 3:0.573489 bias 1
 test_print 3.25098
net matrix:
 -1.26942 0.0426892 -0.0748512
outputs matrix:
 0.0731796 0.521332 0.462644
error matrix:
 -0.0731796 -0.521332 0.537356
delta matrix:
 -0.00992672 -0.260191 0.267178
weights_delta matrix:
 -0.000555181 -0.014552 0.0149427
 -0.000337295 -0.00884091 0.00907832
 -0.000772723 -0.020254 0.0207979
 -0.000569286 -0.0149217 0.0153224
 -0.000992672 -0.0260191 0.0267178
weights matrix:
 -0.654042 0.0368168 -0.0165168
 1.09441 -0.56686 -0.283537
 -1.38847 0.364643 1.02119
 -1.07116 -0.163208 0.830845
 0.417281 -0.0370267 -1.17754
regression_error on 'test' 0.117392
classification_error on 'test' 0.0526316
Save,688,0.117392,0.0526316
sample_count 75 Sample index 70
 i 0:0.259036 i 1:0.622103 i 2:0.173589 i 3:0.135476 bias 1
 test_print 2.1902
net matrix:
 0.542558 -0.338948 -1.06838
outputs matrix:
 0.747461 0.336731 0.105575
error matrix:
 0.252539 -0.336731 -0.105575
delta matrix:
 0.0953402 -0.150413 -0.0199387
weights_delta matrix:
 0.00246965 -0.00389624 -0.000516485
 0.00593114 -0.00935725 -0.00124039
 0.001655 -0.00261101 -0.000346114
 0.00129163 -0.00203774 -0.000270122
 0.00953402 -0.0150413 -0.00199387
weights matrix:
 -0.651572 0.0329206 -0.0170333
 1.10034 -0.576217 -0.284777
 -1.38681 0.362032 1.02084
 -1.06987 -0.165246 0.830575
 0.426815 -0.052068 -1.17953
regression_error on 'test' 0.116339
classification_error on 'test' 0.0789474
Save,689,0.116339,0.0789474
sample_count 75 Sample index 64
 i 0:0.282131 i 1:0.516233 i 2:0.158468 i 3:0.0989754 bias 1
 test_print 2.05581
net matrix:
 0.485363 -0.299227 -1.08737
outputs matrix:
 0.725264 0.354697 0.102042
error matrix:
 0.274736 -0.354697 -0.102042
delta matrix:
 0.109486 -0.162371 -0.0187
weights_delta matrix:
 0.00308893 -0.004581 -0.000527584
 0.00565201 -0.00838214 -0.000965354
 0.001735 -0.00257307 -0.000296335
 0.00108364 -0.00160708 -0.000185084
 0.0109486 -0.0162371 -0.00187
weights matrix:
 -0.648483 0.0283396 -0.0175609
 1.10599 -0.5846 -0.285743
 -1.38508 0.359459 1.02055
 -1.06879 -0.166853 0.83039
 0.437763 -0.0683051 -1.1814
regression_error on 'test' 0.115362
classification_error on 'test' 0.105263
Save,690,0.115362,0.105263
sample_count 75 Sample index 37
 i 0:0.720948 i 1:0.551523 i 2:0.82379 i 3:0.901998 bias 1
 test_print 3.99826
net matrix:
 -1.52483 -0.224676 0.238071
outputs matrix:
 0.0452318 0.389515 0.616836
error matrix:
 -0.0452318 -0.389515 0.383164
delta matrix:
 -0.00390674 -0.185248 0.181121
weights_delta matrix:
 -0.000281656 -0.0133554 0.0130579
 -0.000215466 -0.0102168 0.00998923
 -0.000321834 -0.0152605 0.0149206
 -0.000352388 -0.0167093 0.0163371
 -0.000390674 -0.0185248 0.0181121
weights matrix:
 -0.648765 0.0149842 -0.00450304
 1.10578 -0.594816 -0.275753
 -1.3854 0.344199 1.03547
 -1.06914 -0.183562 0.846727
 0.437373 -0.0868299 -1.16329
regression_error on 'test' 0.112335
classification_error on 'test' 0.157895
Save,691,0.112335,0.157895
sample_count 75 Sample index 68
 i 0:0.305227 i 1:0.657392 i 2:0.173589 i 3:0.281481 bias 1
 test_print 2.41769
net matrix:
 0.42485 -0.465204 -0.927859
outputs matrix:
 0.700504 0.282842 0.135203
error matrix:
 0.299496 -0.282842 -0.135203
delta matrix:
 0.125667 -0.114745 -0.0316167
weights_delta matrix:
 0.0038357 -0.00350232 -0.000965027
 0.00826126 -0.00754322 -0.00207846
 0.00218144 -0.00199184 -0.000548831
 0.00353729 -0.00322984 -0.00088995
 0.0125667 -0.0114745 -0.00316167
weights matrix:
 -0.644929 0.0114818 -0.00546807
 1.11404 -0.60236 -0.277832
 -1.38322 0.342207 1.03492
 -1.0656 -0.186792 0.845837
 0.44994 -0.0983044 -1.16645
regression_error on 'test' 0.11181
classification_error on 'test' 0.157895
Save,692,0.11181,0.157895
sample_count 75 Sample index 59
 i 0:0.60547 i 1:0.233915 i 2:0.596976 i 3:0.536988 bias 1
 test_print 2.97335
net matrix:
 -1.07792 -0.128269 -0.162725
outputs matrix:
 0.103787 0.436215 0.419348
error matrix:
 -0.103787 0.563785 -0.419348
delta matrix:
 -0.0193075 0.277305 -0.204219
weights_delta matrix:
 -0.00116901 0.01679 -0.0123648
 -0.000451633 0.00648658 -0.00477698
 -0.00115261 0.0165544 -0.0121914
 -0.00103679 0.0148909 -0.0109663
 -0.00193075 0.0277305 -0.0204219
weights matrix:
 -0.646098 0.0282718 -0.0178329
 1.11359 -0.595873 -0.282609
 -1.38437 0.358761 1.02273
 -1.06664 -0.171901 0.834871
 0.448009 -0.0705739 -1.18687
regression_error on 'test' 0.114747
classification_error on 'test' 0.131579
Save,693,0.114747,0.131579
sample_count 75 Sample index 52
 i 0:0.443801 i 1:0.410364 i 2:0.672581 i 3:0.792495 bias 1
 test_print 3.31924
net matrix:
 -1.15816 -0.197486 0.0387382
outputs matrix:
 0.0897802 0.402521 0.519359
error matrix:
 -0.0897802 -0.402521 0.480641
delta matrix:
 -0.0146736 -0.193611 0.23996
weights_delta matrix:
 -0.000651217 -0.00859246 0.0106494
 -0.000602153 -0.00794509 0.0098471
 -0.000986921 -0.0130219 0.0161393
 -0.00116288 -0.0153436 0.0190167
 -0.00146736 -0.0193611 0.023996
weights matrix:
 -0.64675 0.0196794 -0.00718344
 1.11299 -0.603818 -0.272762
 -1.38536 0.345739 1.03887
 -1.0678 -0.187245 0.853888
 0.446541 -0.0899349 -1.16288
regression_error on 'test' 0.111815
classification_error on 'test' 0.157895
Save,694,0.111815,0.157895
sample_count 75 Sample index 6
 i 0:0.305227 i 1:0.657392 i 2:0.128226 i 3:0.171977 bias 1
 test_print 2.26282
net matrix:
 0.619528 -0.468742 -1.06432
outputs matrix:
 0.7754 0.281409 0.106344
error matrix:
 0.2246 -0.281409 -0.106344
delta matrix:
 0.0782305 -0.113812 -0.0202127
weights_delta matrix:
 0.00238781 -0.00347384 -0.000616946
 0.00514281 -0.00748189 -0.00132877
 0.00100312 -0.00145936 -0.000259179
 0.00134538 -0.0019573 -0.000347612
 0.00782305 -0.0113812 -0.00202127
weights matrix:
 -0.644362 0.0162055 -0.00780039
 1.11813 -0.6113 -0.274091
 -1.38436 0.34428 1.03861
 -1.06645 -0.189202 0.85354
 0.454364 -0.101316 -1.1649
regression_error on 'test' 0.11134
classification_error on 'test' 0.184211
Save,695,0.11134,0.184211
sample_count 75 Sample index 28
 i 0:0.305227 i 1:0.551523 i 2:0.113105 i 3:0.135476 bias 1
 test_print 2.10533
net matrix:
 0.573305 -0.420208 -1.08534
outputs matrix:
 0.758891 0.301447 0.102414
error matrix:
 0.241109 -0.301447 -0.102414
delta matrix:
 0.0882339 -0.126955 -0.018829
weights_delta matrix:
 0.00269314 -0.00387502 -0.000574712
 0.0048663 -0.00700189 -0.00103846
 0.000997969 -0.00143593 -0.000212966
 0.00119536 -0.00171994 -0.000255088
 0.00882339 -0.0126955 -0.0018829
weights matrix:
 -0.641669 0.0123305 -0.0083751
 1.123 -0.618302 -0.275129
 -1.38336 0.342844 1.03839
 -1.06526 -0.190922 0.853285
 0.463188 -0.114012 -1.16678
regression_error on 'test' 0.110902
classification_error on 'test' 0.184211
Save,696,0.110902,0.184211
sample_count 75 Sample index 15
 i 0:0.720948 i 1:0.410364 i 2:0.65746 i 3:0.573489 bias 1
 test_print 3.36226
net matrix:
 -1.059 -0.242936 -0.11367
outputs matrix:
 0.107359 0.380866 0.443409
error matrix:
 -0.107359 0.619134 -0.443409
delta matrix:
 -0.0205772 0.291992 -0.218864
weights_delta matrix:
 -0.00148351 0.0210511 -0.015779
 -0.000844412 0.0119823 -0.0089814
 -0.00135287 0.0191973 -0.0143894
 -0.00118008 0.0167454 -0.0125516
 -0.00205772 0.0291992 -0.0218864
weights matrix:
 -0.643152 0.0333816 -0.0241541
 1.12215 -0.60632 -0.28411
 -1.38471 0.362041 1.02401
 -1.06644 -0.174177 0.840733
 0.46113 -0.0848124 -1.18867
regression_error on 'test' 0.114107
classification_error on 'test' 0.131579
Save,697,0.114107,0.131579
sample_count 75 Sample index 65
 i 0:0.928809 i 1:0.410364 i 2:0.944758 i 3:0.792495 bias 1
 test_print 4.07643
net matrix:
 -1.82911 -0.0986115 0.306023
outputs matrix:
 0.0251306 0.450853 0.648407
error matrix:
 -0.0251306 -0.450853 0.351593
delta matrix:
 -0.00123135 -0.223249 0.160309
weights_delta matrix:
 -0.000114369 -0.0207355 0.0148896
 -5.05301e-05 -0.00916133 0.0065785
 -0.000116333 -0.0210916 0.0151453
 -9.75837e-05 -0.0176924 0.0127044
 -0.000123135 -0.0223249 0.0160309
weights matrix:
 -0.643267 0.0126461 -0.00926444
 1.1221 -0.615481 -0.277532
 -1.38483 0.34095 1.03915
 -1.06654 -0.191869 0.853438
 0.461007 -0.107137 -1.17264
regression_error on 'test' 0.111148
classification_error on 'test' 0.184211
Save,698,0.111148,0.184211
sample_count 75 Sample index 39
 i 0:0.397609 i 1:0.622103 i 2:0.18871 i 3:0.135476 bias 1
 test_print 2.3439
net matrix:
 0.49748 -0.446655 -1.03726
outputs matrix:
 0.730066 0.290427 0.111599
error matrix:
 0.269934 -0.290427 -0.111599
delta matrix:
 0.106391 -0.119702 -0.0221289
weights_delta matrix:
 0.00423021 -0.00475947 -0.000879864
 0.00661864 -0.00744671 -0.00137664
 0.00200771 -0.0022589 -0.000417594
 0.00144135 -0.00162168 -0.000299793
 0.0106391 -0.0119702 -0.00221289
weights matrix:
 -0.639036 0.00788662 -0.0101443
 1.12872 -0.622928 -0.278909
 -1.38282 0.338691 1.03873
 -1.0651 -0.193491 0.853138
 0.471646 -0.119108 -1.17485
regression_error on 'test' 0.110764
classification_error on 'test' 0.184211
Save,699,0.110764,0.184211
sample_count 75 Sample index 44
 i 0:0.536183 i 1:0.375074 i 2:0.702823 i 3:0.646491 bias 1
 test_print 3.26057
net matrix:
 -1.10809 -0.235573 -0.00330897
outputs matrix:
 0.0983063 0.384345 0.498346
error matrix:
 -0.0983063 0.615655 -0.498346
delta matrix:
 -0.0174282 0.291357 -0.24917
weights_delta matrix:
 -0.000934469 0.0156221 -0.0133601
 -0.000653686 0.0109281 -0.00934572
 -0.00122489 0.0204773 -0.0175122
 -0.00112672 0.018836 -0.0161086
 -0.00174282 0.0291357 -0.024917
weights matrix:
 -0.639971 0.0235087 -0.0235044
 1.12807 -0.612 -0.288254
 -1.38404 0.359168 1.02122
 -1.06622 -0.174655 0.837029
 0.469903 -0.0899718 -1.19977
regression_error on 'test' 0.114084
classification_error on 'test' 0.131579
Save,700,0.114084,0.131579
sample_count 75 Sample index 23
 i 0:0.975 i 1:0.763262 i 2:0.899395 i 3:0.792495 bias 1
 test_print 4.43015
net matrix:
 -1.38284 -0.349546 0.139125
outputs matrix:
 0.0592075 0.332014 0.569117
error matrix:
 -0.0592075 -0.332014 0.430883
delta matrix:
 -0.00659595 -0.147268 0.211325
weights_delta matrix:
 -0.000643105 -0.0143587 0.0206041
 -0.000503444 -0.0112404 0.0161296
 -0.000593237 -0.0132452 0.0190064
 -0.000522726 -0.0116709 0.0167474
 -0.000659595 -0.0147268 0.0211325
weights matrix:
 -0.640614 0.00915003 -0.00290024
 1.12756 -0.62324 -0.272125
 -1.38464 0.345923 1.04023
 -1.06674 -0.186326 0.853777
 0.469244 -0.104699 -1.17863
regression_error on 'test' 0.11104
classification_error on 'test' 0.184211
Save,701,0.11104,0.184211
sample_count 75 Sample index 72
 i 0:0.905713 i 1:0.480944 i 2:0.929637 i 3:0.828996 bias 1
 test_print 4.14529
net matrix:
 -1.74021 -0.229035 0.362673
outputs matrix:
 0.0298744 0.387444 0.673783
error matrix:
 -0.0298744 -0.387444 0.326217
delta matrix:
 -0.00173163 -0.183905 0.143404
weights_delta matrix:
 -0.000156836 -0.0166565 0.0129883
 -8.32818e-05 -0.00884479 0.00689695
 -0.000160979 -0.0170965 0.0133314
 -0.000143552 -0.0152456 0.0118882
 -0.000173163 -0.0183905 0.0143404
weights matrix:
 -0.640771 -0.00750647 0.0100881
 1.12748 -0.632085 -0.265228
 -1.3848 0.328827 1.05356
 -1.06689 -0.201571 0.865665
 0.469071 -0.123089 -1.16429
regression_error on 'test' 0.109161
classification_error on 'test' 0.210526
Save,702,0.109161,0.210526
sample_count 75 Sample index 6
 i 0:0.305227 i 1:0.657392 i 2:0.128226 i 3:0.171977 bias 1
 test_print 2.26282
net matrix:
 0.653638 -0.533409 -1.05161
outputs matrix:
 0.787057 0.256009 0.108785
error matrix:
 0.212943 -0.256009 -0.108785
delta matrix:
 0.0713777 -0.097523 -0.0210936
weights_delta matrix:
 0.00217864 -0.00297666 -0.000643835
 0.00469231 -0.00641108 -0.00138668
 0.000915248 -0.0012505 -0.000270475
 0.00122753 -0.00167717 -0.000362762
 0.00713777 -0.0097523 -0.00210936
weights matrix:
 -0.638592 -0.0104831 0.00944426
 1.13217 -0.638496 -0.266614
 -1.38388 0.327576 1.05329
 -1.06566 -0.203248 0.865302
 0.476208 -0.132841 -1.1664
regression_error on 'test' 0.10896
classification_error on 'test' 0.210526
Save,703,0.10896,0.210526
sample_count 75 Sample index 2
 i 0:0.466896 i 1:0.480944 i 2:0.566734 i 3:0.500487 bias 1
 test_print 3.01506
net matrix:
 -0.59508 -0.360891 -0.260214
outputs matrix:
 0.23323 0.327001 0.372752
error matrix:
 -0.23323 0.672999 -0.372752
delta matrix:
 -0.083419 0.296216 -0.174305
weights_delta matrix:
 -0.0038948 0.0138302 -0.00813823
 -0.00401199 0.0142463 -0.00838309
 -0.00472764 0.0167875 -0.00987845
 -0.00417501 0.0148252 -0.00872373
 -0.0083419 0.0296216 -0.0174305
weights matrix:
 -0.642487 0.00334705 0.00130603
 1.12816 -0.62425 -0.274997
 -1.38861 0.344364 1.04341
 -1.06984 -0.188423 0.856578
 0.467866 -0.10322 -1.18383
regression_error on 'test' 0.110802
classification_error on 'test' 0.184211
Save,704,0.110802,0.184211
sample_count 75 Sample index 63
 i 0:0.420705 i 1:0.904421 i 2:0.143347 i 3:0.135476 bias 1
 test_print 2.60395
net matrix:
 0.87391 -0.642559 -1.16638
outputs matrix:
 0.851678 0.21668 0.0884455
error matrix:
 0.148322 -0.21668 -0.0884455
delta matrix:
 0.037473 -0.0735542 -0.0142615
weights_delta matrix:
 0.00157651 -0.00309446 -0.000599987
 0.00338914 -0.00665239 -0.00128984
 0.000537165 -0.00105438 -0.000204434
 0.00050767 -0.000996482 -0.000193209
 0.0037473 -0.00735542 -0.00142615
weights matrix:
 -0.64091 0.000252591 0.000706042
 1.13155 -0.630902 -0.276287
 -1.38807 0.343309 1.04321
 -1.06933 -0.18942 0.856385
 0.471614 -0.110575 -1.18526
regression_error on 'test' 0.110556
classification_error on 'test' 0.184211
Save,705,0.110556,0.184211
sample_count 75 Sample index 59
 i 0:0.60547 i 1:0.233915 i 2:0.596976 i 3:0.536988 bias 1
 test_print 2.97335
net matrix:
 -1.05462 -0.154768 -0.166823
outputs matrix:
 0.108203 0.423228 0.417354
error matrix:
 -0.108203 0.576772 -0.417354
delta matrix:
 -0.0208821 0.281587 -0.202975
weights_delta matrix:
 -0.00126435 0.0170493 -0.0122896
 -0.000488463 0.00658675 -0.0047479
 -0.00124661 0.0168101 -0.0121171
 -0.00112134 0.0151209 -0.0108995
 -0.00208821 0.0281587 -0.0202975
weights matrix:
 -0.642175 0.0173018 -0.0115835
 1.13106 -0.624315 -0.281035
 -1.38932 0.360119 1.03109
 -1.07045 -0.174299 0.845486
 0.469526 -0.0824166 -1.20556
regression_error on 'test' 0.113212
classification_error on 'test' 0.157895
Save,706,0.113212,0.157895
sample_count 75 Sample index 33
 i 0:0.559279 i 1:0.480944 i 2:0.672581 i 3:0.719493 bias 1
 test_print 3.4323
net matrix:
 -1.05026 -0.256198 -0.0453869
outputs matrix:
 0.109045 0.374632 0.477322
error matrix:
 -0.109045 -0.374632 0.522678
delta matrix:
 -0.0211885 -0.17554 0.260801
weights_delta matrix:
 -0.00118503 -0.00981757 0.0145861
 -0.00101905 -0.00844248 0.0125431
 -0.0014251 -0.0118065 0.017541
 -0.0015245 -0.01263 0.0187645
 -0.00211885 -0.017554 0.0260801
weights matrix:
 -0.64336 0.00748428 0.00300256
 1.13004 -0.632758 -0.268492
 -1.39075 0.348313 1.04863
 -1.07197 -0.186929 0.86425
 0.467407 -0.0999705 -1.17948
regression_error on 'test' 0.110417
classification_error on 'test' 0.184211
Save,707,0.110417,0.184211
sample_count 75 Sample index 1
 i 0:0.582374 i 1:0.445654 i 2:0.581855 i 3:0.536988 bias 1
 test_print 3.14687
net matrix:
 -0.788512 -0.275314 -0.223141
outputs matrix:
 0.171217 0.365719 0.390245
error matrix:
 -0.171217 0.634281 -0.390245
delta matrix:
 -0.0485922 0.294267 -0.185721
weights_delta matrix:
 -0.00282988 0.0171373 -0.0108159
 -0.00216553 0.0131141 -0.00827671
 -0.00282736 0.017122 -0.0108062
 -0.00260934 0.0158018 -0.00997297
 -0.00485922 0.0294267 -0.0185721
weights matrix:
 -0.64619 0.0246216 -0.00781332
 1.12788 -0.619644 -0.276769
 -1.39357 0.365435 1.03782
 -1.07458 -0.171127 0.854277
 0.462547 -0.0705439 -1.19805
regression_error on 'test' 0.113191
classification_error on 'test' 0.157895
Save,708,0.113191,0.157895
sample_count 75 Sample index 72
 i 0:0.905713 i 1:0.480944 i 2:0.929637 i 3:0.828996 bias 1
 test_print 4.14529
net matrix:
 -1.76661 -0.148399 0.334754
outputs matrix:
 0.0283815 0.42634 0.661393
error matrix:
 -0.0283815 -0.42634 0.338607
delta matrix:
 -0.0015653 -0.208544 0.151663
weights_delta matrix:
 -0.000141771 -0.0188881 0.0137364
 -7.52821e-05 -0.0100298 0.00729416
 -0.000145516 -0.019387 0.0140992
 -0.000129763 -0.0172882 0.0125728
 -0.00015653 -0.0208544 0.0151663
weights matrix:
 -0.646331 0.00573353 0.00592304
 1.1278 -0.629673 -0.269475
 -1.39372 0.346048 1.05192
 -1.07471 -0.188415 0.86685
 0.462391 -0.0913982 -1.18288
regression_error on 'test' 0.110452
classification_error on 'test' 0.184211
Save,709,0.110452,0.184211
sample_count 75 Sample index 48
 i 0:0.744044 i 1:0.516233 i 2:0.748185 i 3:0.828996 bias 1
 test_print 3.83746
net matrix:
 -1.36999 -0.309478 0.18806
outputs matrix:
 0.0606547 0.350019 0.592937
error matrix:
 -0.0606547 -0.350019 0.407063
delta matrix:
 -0.00691169 -0.159263 0.1965
weights_delta matrix:
 -0.00051426 -0.0118498 0.0146204
 -0.000356804 -0.00822166 0.010144
 -0.000517123 -0.0119158 0.0147018
 -0.000572977 -0.0132028 0.0162898
 -0.000691169 -0.0159263 0.01965
weights matrix:
 -0.646846 -0.00611631 0.0205435
 1.12744 -0.637895 -0.259331
 -1.39424 0.334132 1.06662
 -1.07529 -0.201618 0.88314
 0.4617 -0.107324 -1.16323
regression_error on 'test' 0.108641
classification_error on 'test' 0.210526
Save,710,0.108641,0.210526
sample_count 75 Sample index 52
 i 0:0.443801 i 1:0.410364 i 2:0.672581 i 3:0.792495 bias 1
 test_print 3.31924
net matrix:
 -1.1526 -0.306858 0.156739
outputs matrix:
 0.0906925 0.351212 0.577734
error matrix:
 -0.0906925 -0.351212 0.422266
delta matrix:
 -0.0149583 -0.160056 0.20603
weights_delta matrix:
 -0.000663853 -0.00710329 0.00914363
 -0.000613837 -0.00656811 0.00845473
 -0.00100607 -0.010765 0.0138572
 -0.00118544 -0.0126843 0.0163278
 -0.00149583 -0.0160056 0.020603
weights matrix:
 -0.64751 -0.0132196 0.0296871
 1.12683 -0.644463 -0.250876
 -1.39524 0.323367 1.08048
 -1.07647 -0.214302 0.899468
 0.460204 -0.12333 -1.14263
regression_error on 'test' 0.107598
classification_error on 'test' 0.236842
Save,711,0.107598,0.236842
sample_count 75 Sample index 53
 i 0:0.489992 i 1:0.410364 i 2:0.702823 i 3:0.938499 bias 1
 test_print 3.54168
net matrix:
 -1.38554 -0.368125 0.372502
outputs matrix:
 0.0589076 0.323825 0.678089
error matrix:
 -0.0589076 -0.323825 0.321911
delta matrix:
 -0.00653137 -0.141811 0.140536
weights_delta matrix:
 -0.000320032 -0.00694862 0.00688616
 -0.000268024 -0.00581941 0.0057671
 -0.00045904 -0.00996679 0.0098772
 -0.000612969 -0.0133089 0.0131893
 -0.000653137 -0.0141811 0.0140536
weights matrix:
 -0.64783 -0.0201682 0.0365733
 1.12656 -0.650283 -0.245109
 -1.3957 0.3134 1.09036
 -1.07708 -0.227611 0.912657
 0.459551 -0.137511 -1.12858
regression_error on 'test' 0.107106
classification_error on 'test' 0.236842
Save,712,0.107106,0.236842
sample_count 75 Sample index 40
 i 0:0.328323 i 1:0.763262 i 2:0.158468 i 3:0.171977 bias 1
 test_print 2.42203
net matrix:
 0.700307 -0.629949 -0.973908
outputs matrix:
 0.802281 0.220992 0.124792
error matrix:
 0.197719 -0.220992 -0.124792
delta matrix:
 0.0627266 -0.0760893 -0.0272592
weights_delta matrix:
 0.00205946 -0.00249819 -0.000894981
 0.00478768 -0.0058076 -0.00208059
 0.000994016 -0.00120577 -0.000431971
 0.00107875 -0.00130856 -0.000468795
 0.00627266 -0.00760893 -0.00272592
weights matrix:
 -0.64577 -0.0226664 0.0356783
 1.13135 -0.65609 -0.247189
 -1.39471 0.312194 1.08993
 -1.07601 -0.22892 0.912188
 0.465823 -0.14512 -1.1313
regression_error on 'test' 0.106951
classification_error on 'test' 0.236842
Save,713,0.106951,0.236842
sample_count 75 Sample index 18
 i 0:0.513088 i 1:0.480944 i 2:0.566734 i 3:0.60999 bias 1
 test_print 3.17076
net matrix:
 -0.768178 -0.435 -0.0577568
outputs matrix:
 0.177065 0.295254 0.471154
error matrix:
 -0.177065 0.704746 -0.471154
delta matrix:
 -0.0516016 0.293286 -0.234793
weights_delta matrix:
 -0.00264762 0.0150481 -0.0120469
 -0.00248175 0.0141054 -0.0112922
 -0.00292444 0.0166215 -0.0133065
 -0.00314765 0.0178901 -0.0143221
 -0.00516016 0.0293286 -0.0234793
weights matrix:
 -0.648418 -0.00761826 0.0236314
 1.12887 -0.641985 -0.258482
 -1.39763 0.328816 1.07662
 -1.07915 -0.21103 0.897866
 0.460663 -0.115791 -1.15478
regression_error on 'test' 0.10788
classification_error on 'test' 0.210526
Save,714,0.10788,0.210526
sample_count 75 Sample index 54
 i 0:0.305227 i 1:0.622103 i 2:0.158468 i 3:0.135476 bias 1
 test_print 2.22127
net matrix:
 0.597341 -0.49398 -1.01612
outputs matrix:
 0.767577 0.271315 0.115859
error matrix:
 0.232423 -0.271315 -0.115859
delta matrix:
 0.0829294 -0.10728 -0.0237361
weights_delta matrix:
 0.00253123 -0.00327447 -0.000724491
 0.00515906 -0.00667391 -0.00147663
 0.00131417 -0.00170004 -0.000376142
 0.00112349 -0.00145338 -0.000321568
 0.00829294 -0.010728 -0.00237361
weights matrix:
 -0.645887 -0.0108927 0.0229069
 1.13403 -0.648659 -0.259958
 -1.39632 0.327116 1.07624
 -1.07803 -0.212483 0.897544
 0.468956 -0.126519 -1.15716
regression_error on 'test' 0.107618
classification_error on 'test' 0.210526
Save,715,0.107618,0.210526
sample_count 75 Sample index 52
 i 0:0.443801 i 1:0.410364 i 2:0.672581 i 3:0.792495 bias 1
 test_print 3.31924
net matrix:
 -1.14579 -0.34592 0.181494
outputs matrix:
 0.0918219 0.333624 0.589763
error matrix:
 -0.0918219 -0.333624 0.410237
delta matrix:
 -0.0153142 -0.148342 0.198507
weights_delta matrix:
 -0.000679644 -0.00658343 0.00880978
 -0.000628438 -0.00608742 0.00814603
 -0.00103 -0.0099772 0.0133512
 -0.00121364 -0.011756 0.0157316
 -0.00153142 -0.0148342 0.0198507
weights matrix:
 -0.646566 -0.0174762 0.0317166
 1.1334 -0.654746 -0.251812
 -1.39735 0.317139 1.0896
 -1.07924 -0.224239 0.913276
 0.467425 -0.141354 -1.1373
regression_error on 'test' 0.106951
classification_error on 'test' 0.236842
Save,716,0.106951,0.236842
sample_count 75 Sample index 4
 i 0:0.212844 i 1:0.516233 i 2:0.158468 i 3:0.135476 bias 1
 test_print 2.02302
net matrix:
 0.547258 -0.463198 -0.964155
outputs matrix:
 0.749231 0.283657 0.126938
error matrix:
 0.250769 -0.283657 -0.126938
delta matrix:
 0.0942308 -0.115276 -0.0281357
weights_delta matrix:
 0.00200565 -0.00245357 -0.00059885
 0.0048645 -0.0059509 -0.00145246
 0.00149326 -0.00182675 -0.00044586
 0.0012766 -0.00156171 -0.000381171
 0.00942308 -0.0115276 -0.00281357
weights matrix:
 -0.644561 -0.0199297 0.0311178
 1.13826 -0.660697 -0.253265
 -1.39585 0.315312 1.08915
 -1.07797 -0.225801 0.912895
 0.476848 -0.152881 -1.14012
regression_error on 'test' 0.106789
classification_error on 'test' 0.236842
Save,717,0.106789,0.236842
sample_count 75 Sample index 19
 i 0:0.674757 i 1:0.480944 i 2:0.596976 i 3:0.573489 bias 1
 test_print 3.32617
net matrix:
 -0.862127 -0.425348 -0.0671965
outputs matrix:
 0.151324 0.299287 0.466452
error matrix:
 -0.151324 0.700713 -0.466452
delta matrix:
 -0.0388676 0.293899 -0.232176
weights_delta matrix:
 -0.00262262 0.019831 -0.0156663
 -0.00186932 0.0141349 -0.0111664
 -0.0023203 0.0175451 -0.0138604
 -0.00222902 0.0168548 -0.013315
 -0.00388676 0.0293899 -0.0232176
weights matrix:
 -0.647183 -9.86818e-05 0.0154515
 1.13639 -0.646562 -0.264431
 -1.39817 0.332857 1.07529
 -1.0802 -0.208946 0.89958
 0.472961 -0.123491 -1.16334
regression_error on 'test' 0.107847
classification_error on 'test' 0.210526
Save,718,0.107847,0.210526
sample_count 75 Sample index 60
 i 0:0.559279 i 1:0.410364 i 2:0.536492 i 3:0.536988 bias 1
 test_print 3.04312
net matrix:
 -0.752822 -0.322499 -0.20326
outputs matrix:
 0.181585 0.344118 0.399747
error matrix:
 -0.181585 0.655882 -0.399747
delta matrix:
 -0.0539716 0.296066 -0.191838
weights_delta matrix:
 -0.00301852 0.0165584 -0.0107291
 -0.0022148 0.0121495 -0.00787234
 -0.00289553 0.0158837 -0.010292
 -0.00289821 0.0158984 -0.0103015
 -0.00539716 0.0296066 -0.0191838
weights matrix:
 -0.650202 0.0164597 0.00472245
 1.13418 -0.634413 -0.272303
 -1.40107 0.348741 1.065
 -1.08309 -0.193048 0.889278
 0.467564 -0.0938847 -1.18252
regression_error on 'test' 0.109623
classification_error on 'test' 0.184211
Save,719,0.109623,0.184211
sample_count 75 Sample index 74
 i 0:0.443801 i 1:0.480944 i 2:0.551613 i 3:0.536988 bias 1
 test_print 3.01335
net matrix:
 -0.629977 -0.302991 -0.246389
outputs matrix:
 0.220982 0.352976 0.379239
error matrix:
 -0.220982 0.647024 -0.379239
delta matrix:
 -0.0760836 0.29554 -0.178559
weights_delta matrix:
 -0.0033766 0.0131161 -0.00792446
 -0.00365919 0.0142138 -0.00858768
 -0.00419687 0.0163024 -0.00984953
 -0.0040856 0.0158701 -0.00958839
 -0.00760836 0.029554 -0.0178559
weights matrix:
 -0.653578 0.0295758 -0.00320201
 1.13052 -0.620199 -0.280891
 -1.40527 0.365043 1.05515
 -1.08718 -0.177177 0.87969
 0.459956 -0.0643307 -1.20038
regression_error on 'test' 0.112174
classification_error on 'test' 0.157895
Save,720,0.112174,0.157895
sample_count 75 Sample index 60
 i 0:0.559279 i 1:0.410364 i 2:0.536492 i 3:0.536988 bias 1
 test_print 3.04312
net matrix:
 -0.779369 -0.201596 -0.278973
outputs matrix:
 0.173828 0.400546 0.364023
error matrix:
 -0.173828 0.599454 -0.364023
delta matrix:
 -0.0499274 0.287869 -0.16855
weights_delta matrix:
 -0.00279233 0.0160999 -0.00942665
 -0.00204884 0.0118131 -0.00691669
 -0.00267856 0.0154439 -0.00904257
 -0.00268104 0.0154582 -0.00905093
 -0.00499274 0.0287869 -0.016855
weights matrix:
 -0.656371 0.0456756 -0.0126287
 1.12847 -0.608386 -0.287808
 -1.40795 0.380487 1.0461
 -1.08986 -0.161719 0.870639
 0.454963 -0.0355439 -1.21723
regression_error on 'test' 0.115482
classification_error on 'test' 0.0526316
Save,721,0.115482,0.0526316
sample_count 75 Sample index 23
 i 0:0.975 i 1:0.763262 i 2:0.899395 i 3:0.792495 bias 1
 test_print 4.43015
net matrix:
 -1.45369 -0.241321 0.181622
outputs matrix:
 0.0517901 0.381628 0.589826
error matrix:
 -0.0517901 -0.381628 0.410174
delta matrix:
 -0.00508661 -0.18012 0.198468
weights_delta matrix:
 -0.000495945 -0.0175617 0.0193506
 -0.000388242 -0.0137478 0.0151483
 -0.000457487 -0.0161999 0.0178501
 -0.000403112 -0.0142744 0.0157285
 -0.000508661 -0.018012 0.0198468
weights matrix:
 -0.656867 0.028114 0.00672199
 1.12808 -0.622134 -0.272659
 -1.4084 0.364287 1.06395
 -1.09026 -0.175994 0.886367
 0.454454 -0.0535558 -1.19738
regression_error on 'test' 0.111892
classification_error on 'test' 0.157895
Save,722,0.111892,0.157895
sample_count 75 Sample index 67
 i 0:0.443801 i 1:0.375074 i 2:0.566734 i 3:0.536988 bias 1
 test_print 2.9226
net matrix:
 -0.797598 -0.162477 -0.21772
outputs matrix:
 0.168654 0.419469 0.392828
error matrix:
 -0.168654 0.580531 -0.392828
delta matrix:
 -0.047294 0.282736 -0.18739
weights_delta matrix:
 -0.00209891 0.0125478 -0.00831639
 -0.00177387 0.0106047 -0.00702852
 -0.00268031 0.0160236 -0.01062
 -0.00253963 0.0151826 -0.0100626
 -0.0047294 0.0282736 -0.018739
weights matrix:
 -0.658965 0.0406618 -0.00159441
 1.12631 -0.611529 -0.279688
 -1.41108 0.380311 1.05333
 -1.0928 -0.160811 0.876305
 0.449725 -0.0252822 -1.21612
regression_error on 'test' 0.115111
classification_error on 'test' 0.0526316
Save,723,0.115111,0.0526316
sample_count 75 Sample index 44
 i 0:0.536183 i 1:0.375074 i 2:0.702823 i 3:0.646491 bias 1
 test_print 3.26057
net matrix:
 -1.17938 -0.0695203 -0.0150503
outputs matrix:
 0.0863717 0.465296 0.492475
error matrix:
 -0.0863717 0.534704 -0.492475
delta matrix:
 -0.0136315 0.266064 -0.246182
weights_delta matrix:
 -0.000730897 0.0142659 -0.0131999
 -0.000511281 0.00997937 -0.00923365
 -0.000958052 0.0186996 -0.0173022
 -0.000881263 0.0172008 -0.0159154
 -0.00136315 0.0266064 -0.0246182
weights matrix:
 -0.659696 0.0549277 -0.0147943
 1.1258 -0.601549 -0.288922
 -1.41204 0.39901 1.03603
 -1.09368 -0.14361 0.860389
 0.448362 0.00132419 -1.24074
regression_error on 'test' 0.119877
classification_error on 'test' 0.0526316
Save,724,0.119877,0.0526316
sample_count 75 Sample index 52
 i 0:0.443801 i 1:0.410364 i 2:0.672581 i 3:0.792495 bias 1
 test_print 3.31924
net matrix:
 -1.19888 -0.0665966 0.0128004
outputs matrix:
 0.0833441 0.466751 0.5064
error matrix:
 -0.0833441 -0.466751 0.4936
delta matrix:
 -0.0127346 -0.232343 0.24676
weights_delta matrix:
 -0.000565163 -0.0103114 0.0109512
 -0.000522583 -0.00953454 0.0101261
 -0.000856506 -0.015627 0.0165966
 -0.00100921 -0.0184131 0.0195556
 -0.00127346 -0.0232343 0.024676
weights matrix:
 -0.660262 0.0446163 -0.00384305
 1.12527 -0.611084 -0.278796
 -1.4129 0.383383 1.05263
 -1.09469 -0.162023 0.879945
 0.447088 -0.0219102 -1.21607
regression_error on 'test' 0.115377
classification_error on 'test' 0.0526316
Save,725,0.115377,0.0526316
sample_count 75 Sample index 51
 i 0:0.628566 i 1:0.516233 i 2:0.763306 i 3:0.719493 bias 1
 test_print 3.6276
net matrix:
 -1.25312 -0.133263 0.0741883
outputs matrix:
 0.0754214 0.43376 0.537026
error matrix:
 -0.0754214 -0.43376 0.462974
delta matrix:
 -0.0105187 -0.213074 0.230217
weights_delta matrix:
 -0.00066117 -0.0133931 0.0144707
 -0.000543011 -0.0109996 0.0118846
 -0.000802899 -0.016264 0.0175726
 -0.000756814 -0.0153305 0.016564
 -0.00105187 -0.0213074 0.0230217
weights matrix:
 -0.660923 0.0312232 0.0106276
 1.12473 -0.622084 -0.266911
 -1.4137 0.367119 1.0702
 -1.09545 -0.177354 0.896509
 0.446036 -0.0432175 -1.19304
regression_error on 'test' 0.111917
classification_error on 'test' 0.157895
Save,726,0.111917,0.157895
sample_count 75 Sample index 50
 i 0:0.489992 i 1:0.833841 i 2:0.113105 i 3:0.135476 bias 1
 test_print 2.57241
net matrix:
 0.751733 -0.529141 -1.1679
outputs matrix:
 0.818091 0.257638 0.0882017
error matrix:
 0.181909 -0.257638 -0.0882017
delta matrix:
 0.0541428 -0.0985519 -0.0141867
weights_delta matrix:
 0.00265295 -0.00482896 -0.000695139
 0.00451465 -0.00821766 -0.00118295
 0.000612382 -0.00111467 -0.000160459
 0.000733505 -0.00133514 -0.000192196
 0.00541428 -0.00985519 -0.00141867
weights matrix:
 -0.65827 0.0263943 0.0099325
 1.12925 -0.630301 -0.268094
 -1.41309 0.366005 1.07004
 -1.09472 -0.178689 0.896317
 0.451451 -0.0530727 -1.19446
regression_error on 'test' 0.11126
classification_error on 'test' 0.157895
Save,727,0.11126,0.157895
sample_count 75 Sample index 67
 i 0:0.443801 i 1:0.375074 i 2:0.566734 i 3:0.536988 bias 1
 test_print 2.9226
net matrix:
 -0.805834 -0.166295 -0.202869
outputs matrix:
 0.166357 0.417611 0.399935
error matrix:
 -0.166357 0.582389 -0.399935
delta matrix:
 -0.0461416 0.283288 -0.191958
weights_delta matrix:
 -0.00204777 0.0125724 -0.00851912
 -0.00173065 0.0106254 -0.00719985
 -0.002615 0.0160549 -0.0108789
 -0.00247775 0.0152122 -0.0103079
 -0.00461416 0.0283288 -0.0191958
weights matrix:
 -0.660318 0.0389666 0.00141338
 1.12752 -0.619676 -0.275294
 -1.4157 0.38206 1.05916
 -1.0972 -0.163477 0.886009
 0.446836 -0.0247439 -1.21366
regression_error on 'test' 0.114351
classification_error on 'test' 0.0789474
Save,728,0.114351,0.0789474
sample_count 75 Sample index 41
 i 0:0.674757 i 1:0.445654 i 2:0.627218 i 3:0.536988 bias 1
 test_print 3.28462
net matrix:
 -0.973371 -0.122762 -0.195288
outputs matrix:
 0.124909 0.438925 0.403579
error matrix:
 -0.124909 0.561075 -0.403579
delta matrix:
 -0.0273068 0.276352 -0.194285
weights_delta matrix:
 -0.00184255 0.018647 -0.0131095
 -0.00121694 0.0123157 -0.00865839
 -0.00171273 0.0173333 -0.0121859
 -0.00146634 0.0148397 -0.0104329
 -0.00273068 0.0276352 -0.0194285
weights matrix:
 -0.66216 0.0576137 -0.0116961
 1.1263 -0.60736 -0.283952
 -1.41742 0.399393 1.04698
 -1.09866 -0.148637 0.875576
 0.444106 0.00289128 -1.23309
regression_error on 'test' 0.11863
classification_error on 'test' 0.0263158
Save,729,0.11863,0.0263158
sample_count 75 Sample index 66
 i 0:0.60547 i 1:0.304495 i 2:0.672581 i 3:0.60999 bias 1
 test_print 3.19254
net matrix:
 -1.23736 0.0307935 -0.0883609
outputs matrix:
 0.0776496 0.515392 0.455934
error matrix:
 -0.0776496 0.484608 -0.455934
delta matrix:
 -0.0111225 0.242074 -0.226196
weights_delta matrix:
 -0.000673437 0.0146569 -0.0136955
 -0.000338676 0.00737105 -0.00688757
 -0.000748081 0.0162815 -0.0152135
 -0.000678464 0.0147663 -0.0137978
 -0.00111225 0.0242074 -0.0226196
weights matrix:
 -0.662833 0.0722705 -0.0253917
 1.12596 -0.599989 -0.29084
 -1.41816 0.415674 1.03176
 -1.09934 -0.133871 0.861778
 0.442994 0.0270987 -1.25571
regression_error on 'test' 0.123602
classification_error on 'test' 0.131579
Save,730,0.123602,0.131579
sample_count 75 Sample index 13
 i 0:0.420705 i 1:0.269205 i 2:0.491129 i 3:0.427485 bias 1
 test_print 2.60852
net matrix:
 -0.699203 0.0429053 -0.469558
outputs matrix:
 0.198069 0.521439 0.281079
error matrix:
 -0.198069 0.478561 -0.281079
delta matrix:
 -0.0629218 0.23884 -0.113597
weights_delta matrix:
 -0.00264715 0.0100481 -0.00477909
 -0.00169389 0.0064297 -0.0030581
 -0.00309027 0.0117301 -0.00557909
 -0.00268981 0.0102101 -0.00485611
 -0.00629218 0.023884 -0.0113597
weights matrix:
 -0.665481 0.0823187 -0.0301708
 1.12427 -0.593559 -0.293898
 -1.42125 0.427404 1.02618
 -1.10203 -0.123661 0.856922
 0.436701 0.0509828 -1.26707
regression_error on 'test' 0.127479
classification_error on 'test' 0.157895
Save,731,0.127479,0.157895
sample_count 75 Sample index 41
 i 0:0.674757 i 1:0.445654 i 2:0.627218 i 3:0.536988 bias 1
 test_print 3.28462
net matrix:
 -0.994516 0.0436773 -0.314602
outputs matrix:
 0.120359 0.521825 0.347691
error matrix:
 -0.120359 0.478175 -0.347691
delta matrix:
 -0.0254856 0.238632 -0.157714
weights_delta matrix:
 -0.00171966 0.0161019 -0.0106419
 -0.00113578 0.0106347 -0.00702858
 -0.0015985 0.0149674 -0.0098921
 -0.00136855 0.0128143 -0.00846905
 -0.00254856 0.0238632 -0.0157714
weights matrix:
 -0.6672 0.0984205 -0.0408126
 1.12313 -0.582925 -0.300926
 -1.42285 0.442372 1.01629
 -1.1034 -0.110846 0.848453
 0.434153 0.074846 -1.28284
regression_error on 'test' 0.133119
classification_error on 'test' 0.342105
Save,732,0.133119,0.342105
sample_count 75 Sample index 41
 i 0:0.674757 i 1:0.445654 i 2:0.627218 i 3:0.536988 bias 1
 test_print 3.28462
net matrix:
 -1.00047 0.0994137 -0.351439
outputs matrix:
 0.119105 0.549544 0.331174
error matrix:
 -0.119105 0.450456 -0.331174
delta matrix:
 -0.0249926 0.223017 -0.146709
weights_delta matrix:
 -0.00168639 0.0150482 -0.00989928
 -0.00111381 0.00993883 -0.00653814
 -0.00156758 0.013988 -0.00920185
 -0.00134207 0.0119757 -0.00787809
 -0.00249926 0.0223017 -0.0146709
weights matrix:
 -0.668887 0.113469 -0.0507119
 1.12202 -0.572986 -0.307465
 -1.42442 0.45636 1.00709
 -1.10474 -0.0988706 0.840575
 0.431654 0.0971476 -1.29751
regression_error on 'test' 0.138939
classification_error on 'test' 0.421053
Save,733,0.138939,0.421053
sample_count 75 Sample index 71
 i 0:0.143558 i 1:0.480944 i 2:0.0979839 i 3:0.0989754 bias 1
 test_print 1.82146
net matrix:
 0.626344 -0.127207 -1.27079
outputs matrix:
 0.777765 0.436737 0.0729947
error matrix:
 0.222235 -0.436737 -0.0729947
delta matrix:
 0.0768252 -0.214873 -0.00987858
weights_delta matrix:
 0.00110289 -0.00308467 -0.000141815
 0.00369486 -0.0103342 -0.000475104
 0.000752763 -0.00210541 -9.67942e-05
 0.000760381 -0.00212671 -9.77737e-05
 0.00768252 -0.0214873 -0.000987858
weights matrix:
 -0.667784 0.110384 -0.0508537
 1.12571 -0.58332 -0.30794
 -1.42367 0.454255 1.00699
 -1.10398 -0.100997 0.840477
 0.439336 0.0756603 -1.2985
regression_error on 'test' 0.1364
classification_error on 'test' 0.368421
Save,734,0.1364,0.368421
sample_count 75 Sample index 43
 i 0:0.582374 i 1:0.198626 i 2:0.612097 i 3:0.60999 bias 1
 test_print 3.00309
net matrix:
 -1.27081 0.240523 -0.260216
outputs matrix:
 0.0729918 0.617995 0.372751
error matrix:
 -0.0729918 0.382005 -0.372751
delta matrix:
 -0.00987783 0.180365 -0.174304
weights_delta matrix:
 -0.000575259 0.010504 -0.010151
 -0.000196199 0.00358253 -0.00346213
 -0.000604619 0.0110401 -0.0106691
 -0.000602538 0.0110021 -0.0106324
 -0.000987783 0.0180365 -0.0174304
weights matrix:
 -0.668359 0.120888 -0.0610047
 1.12552 -0.579737 -0.311402
 -1.42427 0.465295 0.996324
 -1.10458 -0.0899952 0.829845
 0.438348 0.0936969 -1.31593
regression_error on 'test' 0.141697
classification_error on 'test' 0.421053
Save,735,0.141697,0.421053
sample_count 75 Sample index 29
 i 0:0.420705 i 1:0.304495 i 2:0.536492 i 3:0.536988 bias 1
 test_print 2.79868
net matrix:
 -0.857378 0.169328 -0.456275
outputs matrix:
 0.152548 0.583864 0.286478
error matrix:
 -0.152548 0.416136 -0.286478
delta matrix:
 -0.0394418 0.202214 -0.117117
weights_delta matrix:
 -0.00165934 0.00850726 -0.00492718
 -0.00120098 0.00615733 -0.00356616
 -0.00211602 0.0108486 -0.00628325
 -0.00211798 0.0108587 -0.00628905
 -0.00394418 0.0202214 -0.0117117
weights matrix:
 -0.670018 0.129395 -0.0659319
 1.12431 -0.57358 -0.314968
 -1.42639 0.476143 0.990041
 -1.1067 -0.0791366 0.823556
 0.434404 0.113918 -1.32764
regression_error on 'test' 0.146681
classification_error on 'test' 0.421053
Save,736,0.146681,0.421053
sample_count 75 Sample index 33
 i 0:0.559279 i 1:0.480944 i 2:0.672581 i 3:0.719493 bias 1
 test_print 3.4323
net matrix:
 -1.15522 0.173733 -0.257569
outputs matrix:
 0.0902627 0.586003 0.37399
error matrix:
 -0.0902627 -0.586003 0.62601
delta matrix:
 -0.0148239 -0.284333 0.293125
weights_delta matrix:
 -0.00082907 -0.0159021 0.0163939
 -0.000712947 -0.0136748 0.0140977
 -0.000997027 -0.0191237 0.019715
 -0.00106657 -0.0204575 0.0210901
 -0.00148239 -0.0284333 0.0293125
weights matrix:
 -0.670847 0.113493 -0.0495381
 1.1236 -0.587255 -0.30087
 -1.42739 0.45702 1.00976
 -1.10777 -0.0995941 0.844646
 0.432922 0.085485 -1.29833
regression_error on 'test' 0.136908
classification_error on 'test' 0.368421
Save,737,0.136908,0.368421
sample_count 75 Sample index 53
 i 0:0.489992 i 1:0.410364 i 2:0.702823 i 3:0.938499 bias 1
 test_print 3.54168
net matrix:
 -1.47754 0.127842 0.0563139
outputs matrix:
 0.0494969 0.563575 0.528127
error matrix:
 -0.0494969 -0.563575 0.471873
delta matrix:
 -0.00465737 -0.277232 0.23519
weights_delta matrix:
 -0.000228207 -0.0135841 0.0115241
 -0.000191122 -0.0113766 0.00965134
 -0.00032733 -0.0194845 0.0165297
 -0.000437093 -0.0260182 0.0220725
 -0.000465737 -0.0277232 0.023519
weights matrix:
 -0.671076 0.0999091 -0.038014
 1.12341 -0.598632 -0.291219
 -1.42771 0.437535 1.02629
 -1.1082 -0.125612 0.866718
 0.432456 0.0577619 -1.27481
regression_error on 'test' 0.128867
classification_error on 'test' 0.210526
Save,738,0.128867,0.210526
sample_count 75 Sample index 8
 i 0:0.489992 i 1:0.375074 i 2:0.702823 i 3:0.755994 bias 1
 test_print 3.32388
net matrix:
 -1.31623 0.094733 -0.0261307
outputs matrix:
 0.0670785 0.547225 0.486938
error matrix:
 -0.0670785 -0.547225 0.513062
delta matrix:
 -0.00839541 -0.271172 0.256356
weights_delta matrix:
 -0.000411368 -0.0132872 0.0125612
 -0.00031489 -0.0101709 0.00961525
 -0.000590048 -0.0190586 0.0180173
 -0.000634688 -0.0205004 0.0193804
 -0.000839541 -0.0271172 0.0256356
weights matrix:
 -0.671487 0.0866219 -0.0254527
 1.1231 -0.608802 -0.281604
 -1.4283 0.418477 1.0443
 -1.10884 -0.146113 0.886099
 0.431616 0.0306447 -1.24917
regression_error on 'test' 0.122289
classification_error on 'test' 0.0526316
Save,739,0.122289,0.0526316
sample_count 75 Sample index 30
 i 0:0.559279 i 1:0.410364 i 2:0.642339 i 3:0.500487 bias 1
 test_print 3.11247
net matrix:
 -0.955468 0.0249361 -0.264689
outputs matrix:
 0.128876 0.512465 0.370662
error matrix:
 -0.128876 0.487535 -0.370662
delta matrix:
 -0.0289369 0.243616 -0.17293
weights_delta matrix:
 -0.00161838 0.0136249 -0.00967161
 -0.00118747 0.00999711 -0.00709642
 -0.00185873 0.0156484 -0.011108
 -0.00144825 0.0121927 -0.00865492
 -0.00289369 0.0243616 -0.017293
weights matrix:
 -0.673105 0.100247 -0.0351243
 1.12191 -0.598805 -0.2887
 -1.43016 0.434125 1.03319
 -1.11029 -0.13392 0.877444
 0.428723 0.0550063 -1.26646
regression_error on 'test' 0.127239
classification_error on 'test' 0.157895
Save,740,0.127239,0.157895
sample_count 75 Sample index 4
 i 0:0.212844 i 1:0.516233 i 2:0.158468 i 3:0.135476 bias 1
 test_print 2.02302
net matrix:
 0.48757 -0.182128 -1.14038
outputs matrix:
 0.726143 0.40993 0.0927298
error matrix:
 0.273857 -0.40993 -0.0927298
delta matrix:
 0.108918 -0.198314 -0.0156029
weights_delta matrix:
 0.00231826 -0.00422099 -0.000332098
 0.00562272 -0.0102376 -0.000805472
 0.001726 -0.00314264 -0.000247256
 0.00147558 -0.00268667 -0.000211382
 0.0108918 -0.0198314 -0.00156029
weights matrix:
 -0.670787 0.0960258 -0.0354564
 1.12753 -0.609043 -0.289506
 -1.42844 0.430982 1.03295
 -1.10881 -0.136607 0.877232
 0.439615 0.0351749 -1.26802
regression_error on 'test' 0.125117
classification_error on 'test' 0.157895
Save,741,0.125117,0.157895
sample_count 75 Sample index 37
 i 0:0.720948 i 1:0.551523 i 2:0.82379 i 3:0.901998 bias 1
 test_print 3.99826
net matrix:
 -1.59901 0.000323183 0.188938
outputs matrix:
 0.0392406 0.500162 0.593361
error matrix:
 -0.0392406 -0.500162 0.406639
delta matrix:
 -0.00295881 -0.250081 0.196231
weights_delta matrix:
 -0.000213315 -0.0180295 0.0141472
 -0.000163185 -0.0137925 0.0108226
 -0.000243743 -0.0206014 0.0161653
 -0.000266884 -0.0225572 0.0177
 -0.000295881 -0.0250081 0.0196231
weights matrix:
 -0.671 0.0779963 -0.0213092
 1.12737 -0.622836 -0.278683
 -1.42868 0.410381 1.04911
 -1.10908 -0.159164 0.894932
 0.439319 0.0101668 -1.2484
regression_error on 'test' 0.119054
classification_error on 'test' 0.0526316
Save,742,0.119054,0.0526316
sample_count 75 Sample index 8
 i 0:0.489992 i 1:0.375074 i 2:0.702823 i 3:0.755994 bias 1
 test_print 3.32388
net matrix:
 -1.30919 -0.0171269 0.0505351
outputs matrix:
 0.0679654 0.491437 0.525246
error matrix:
 -0.0679654 -0.491437 0.474754
delta matrix:
 -0.0086107 -0.245647 0.236772
weights_delta matrix:
 -0.000421917 -0.0120365 0.0116016
 -0.000322965 -0.00921357 0.00888069
 -0.00060518 -0.0172646 0.0166409
 -0.000650964 -0.0185707 0.0178998
 -0.00086107 -0.0245647 0.0236772
weights matrix:
 -0.671422 0.0659598 -0.00970757
 1.12704 -0.632049 -0.269802
 -1.42928 0.393116 1.06575
 -1.10973 -0.177735 0.912832
 0.438458 -0.0143978 -1.22472
regression_error on 'test' 0.114632
classification_error on 'test' 0.0789474
Save,743,0.114632,0.0789474
sample_count 75 Sample index 44
 i 0:0.536183 i 1:0.375074 i 2:0.702823 i 3:0.646491 bias 1
 test_print 3.26057
net matrix:
 -1.22079 -0.0547092 0.00804932
outputs matrix:
 0.080057 0.472673 0.504025
error matrix:
 -0.080057 0.527327 -0.504025
delta matrix:
 -0.011792 0.262876 -0.251996
weights_delta matrix:
 -0.00063227 0.014095 -0.0135116
 -0.000442289 0.0098598 -0.00945171
 -0.000828772 0.0184755 -0.0177109
 -0.000762345 0.0169947 -0.0162913
 -0.0011792 0.0262876 -0.0251996
weights matrix:
 -0.672055 0.0800548 -0.0232192
 1.1266 -0.622189 -0.279254
 -1.43011 0.411592 1.04804
 -1.11049 -0.16074 0.896541
 0.437278 0.0118898 -1.24992
regression_error on 'test' 0.1193
classification_error on 'test' 0.0526316
Save,744,0.1193,0.0526316
sample_count 75 Sample index 33
 i 0:0.559279 i 1:0.480944 i 2:0.672581 i 3:0.719493 bias 1
 test_print 3.4323
net matrix:
 -1.15761 -0.081398 -0.0472664
outputs matrix:
 0.0898698 0.459391 0.476384
error matrix:
 -0.0898698 -0.459391 0.523616
delta matrix:
 -0.0147015 -0.22818 0.261224
weights_delta matrix:
 -0.000822222 -0.0127616 0.0146097
 -0.000707058 -0.0109742 0.0125634
 -0.000988793 -0.015347 0.0175694
 -0.00105776 -0.0164174 0.0187949
 -0.00147015 -0.022818 0.0261224
weights matrix:
 -0.672877 0.0672931 -0.00860946
 1.12589 -0.633163 -0.266691
 -1.4311 0.396245 1.06561
 -1.11155 -0.177157 0.915336
 0.435808 -0.0109283 -1.2238
regression_error on 'test' 0.114808
classification_error on 'test' 0.0789474
Save,745,0.114808,0.0789474
sample_count 75 Sample index 62
 i 0:0.582374 i 1:0.622103 i 2:0.748185 i 3:0.901998 bias 1
 test_print 3.85466
net matrix:
 -1.32898 -0.228963 0.228182
outputs matrix:
 0.0655002 0.387478 0.612151
error matrix:
 -0.0655002 -0.387478 0.387849
delta matrix:
 -0.00801851 -0.183927 0.184168
weights_delta matrix:
 -0.000466977 -0.0107114 0.0107254
 -0.000498834 -0.0114422 0.0114571
 -0.000599933 -0.0137612 0.0137791
 -0.000723268 -0.0165902 0.0166119
 -0.000801851 -0.0183927 0.0184168
weights matrix:
 -0.673344 0.0565817 0.00211598
 1.1254 -0.644606 -0.255233
 -1.4317 0.382484 1.07939
 -1.11227 -0.193748 0.931948
 0.435006 -0.029321 -1.20538
regression_error on 'test' 0.111825
classification_error on 'test' 0.157895
Save,746,0.111825,0.157895
sample_count 75 Sample index 73
 i 0:0.582374 i 1:0.410364 i 2:0.65746 i 3:0.719493 bias 1
 test_print 3.36969
net matrix:
 -1.23687 -0.148825 0.0712959
outputs matrix:
 0.0777199 0.426132 0.535588
error matrix:
 -0.0777199 -0.426132 0.464412
delta matrix:
 -0.0111419 -0.208416 0.23103
weights_delta matrix:
 -0.000648873 -0.0121376 0.0134546
 -0.000457222 -0.00855263 0.00948063
 -0.000732533 -0.0137025 0.0151893
 -0.000801649 -0.0149954 0.0166224
 -0.00111419 -0.0208416 0.023103
weights matrix:
 -0.673993 0.0444441 0.0155706
 1.12494 -0.653158 -0.245753
 -1.43243 0.368781 1.09458
 -1.11307 -0.208743 0.94857
 0.433892 -0.0501626 -1.18228
regression_error on 'test' 0.109546
classification_error on 'test' 0.210526
Save,747,0.109546,0.210526
sample_count 75 Sample index 37
 i 0:0.720948 i 1:0.551523 i 2:0.82379 i 3:0.901998 bias 1
 test_print 3.99826
net matrix:
 -1.61561 -0.26284 0.450719
outputs matrix:
 0.0380078 0.371525 0.711245
error matrix:
 -0.0380078 -0.371525 0.288755
delta matrix:
 -0.00277937 -0.173498 0.118607
weights_delta matrix:
 -0.000200378 -0.0125083 0.00855091
 -0.000153289 -0.00956881 0.00654142
 -0.000228962 -0.0142926 0.00977069
 -0.000250699 -0.0156495 0.0106983
 -0.000277937 -0.0173498 0.0118607
weights matrix:
 -0.674193 0.0319358 0.0241215
 1.12479 -0.662727 -0.239211
 -1.43266 0.354489 1.10435
 -1.11333 -0.224392 0.959268
 0.433614 -0.0675123 -1.17042
regression_error on 'test' 0.108126
classification_error on 'test' 0.210526
Save,748,0.108126,0.210526
sample_count 75 Sample index 58
 i 0:0.282131 i 1:0.516233 i 2:0.158468 i 3:0.0989754 bias 1
 test_print 2.05581
net matrix:
 0.486832 -0.366658 -1.01716
outputs matrix:
 0.725849 0.324467 0.115647
error matrix:
 0.274151 -0.324467 -0.115647
delta matrix:
 0.109108 -0.142239 -0.0236552
weights_delta matrix:
 0.00307827 -0.004013 -0.000667386
 0.0056325 -0.00734284 -0.00122116
 0.00172901 -0.00225403 -0.000374859
 0.0010799 -0.00140782 -0.000234128
 0.0109108 -0.0142239 -0.00236552
weights matrix:
 -0.671115 0.0279228 0.0234541
 1.13042 -0.67007 -0.240433
 -1.43093 0.352235 1.10398
 -1.11225 -0.2258 0.959034
 0.444525 -0.0817362 -1.17279
regression_error on 'test' 0.107491
classification_error on 'test' 0.210526
Save,749,0.107491,0.210526
sample_count 75 Sample index 36
 i 0:0.744044 i 1:0.516233 i 2:0.702823 i 3:0.901998 bias 1
 test_print 3.8651
net matrix:
 -1.48019 -0.362985 0.361493
outputs matrix:
 0.0492481 0.326079 0.673264
error matrix:
 -0.0492481 -0.326079 0.326736
delta matrix:
 -0.00461186 -0.143313 0.14375
weights_delta matrix:
 -0.000343143 -0.0106631 0.0106957
 -0.000238079 -0.00739829 0.00742087
 -0.000324132 -0.0100724 0.0101031
 -0.000415989 -0.0129268 0.0129663
 -0.000461186 -0.0143313 0.014375
weights matrix:
 -0.671458 0.0172597 0.0341498
 1.13018 -0.677468 -0.233012
 -1.43126 0.342162 1.11408
 -1.11266 -0.238727 0.972001
 0.444064 -0.0960675 -1.15841
regression_error on 'test' 0.106826
classification_error on 'test' 0.236842
Save,750,0.106826,0.236842
sample_count 75 Sample index 13
 i 0:0.420705 i 1:0.269205 i 2:0.491129 i 3:0.427485 bias 1
 test_print 2.60852
net matrix:
 -0.71275 -0.205191 -0.2441
outputs matrix:
 0.193801 0.398821 0.380318
error matrix:
 -0.193801 0.601179 -0.380318
delta matrix:
 -0.0605596 0.288281 -0.179264
weights_delta matrix:
 -0.00254777 0.0121281 -0.00754171
 -0.0016303 0.00776066 -0.00482587
 -0.00297426 0.0141583 -0.00880416
 -0.00258883 0.0123236 -0.00766326
 -0.00605596 0.0288281 -0.0179264
weights matrix:
 -0.674006 0.0293878 0.026608
 1.12855 -0.669708 -0.237838
 -1.43423 0.35632 1.10528
 -1.11525 -0.226403 0.964337
 0.438008 -0.0672395 -1.17634
regression_error on 'test' 0.107827
classification_error on 'test' 0.210526
Save,751,0.107827,0.210526
sample_count 75 Sample index 43
 i 0:0.582374 i 1:0.198626 i 2:0.612097 i 3:0.60999 bias 1
 test_print 3.00309
net matrix:
 -1.28854 -0.103147 0.0566895
outputs matrix:
 0.0706285 0.448608 0.528314
error matrix:
 -0.0706285 0.551392 -0.528314
delta matrix:
 -0.00927214 0.272783 -0.26331
weights_delta matrix:
 -0.000539985 0.0158862 -0.0153345
 -0.000184169 0.00541818 -0.00523002
 -0.000567545 0.016697 -0.0161171
 -0.000565591 0.0166395 -0.0160617
 -0.000927214 0.0272783 -0.026331
weights matrix:
 -0.674546 0.045274 0.0112735
 1.12837 -0.664289 -0.243068
 -1.4348 0.373017 1.08916
 -1.11582 -0.209764 0.948276
 0.437081 -0.0399611 -1.20267
regression_error on 'test' 0.109766
classification_error on 'test' 0.184211
Save,752,0.109766,0.184211
sample_count 75 Sample index 36
 i 0:0.744044 i 1:0.516233 i 2:0.702823 i 3:0.901998 bias 1
 test_print 3.8651
net matrix:
 -1.49719 -0.276245 0.301068
outputs matrix:
 0.0476808 0.365287 0.646145
error matrix:
 -0.0476808 -0.365287 0.353855
delta matrix:
 -0.00433012 -0.169385 0.161812
weights_delta matrix:
 -0.00032218 -0.012603 0.0120395
 -0.000223535 -0.00874423 0.00835327
 -0.000304331 -0.0119048 0.0113725
 -0.000390576 -0.0152785 0.0145954
 -0.000433012 -0.0169385 0.0161812
weights matrix:
 -0.674868 0.032671 0.0233131
 1.12814 -0.673034 -0.234714
 -1.4351 0.361113 1.10053
 -1.11621 -0.225043 0.962871
 0.436648 -0.0568997 -1.18649
regression_error on 'test' 0.108177
classification_error on 'test' 0.210526
Save,753,0.108177,0.210526
sample_count 75 Sample index 58
 i 0:0.282131 i 1:0.516233 i 2:0.158468 i 3:0.0989754 bias 1
 test_print 2.05581
net matrix:
 0.490736 -0.360173 -1.03138
outputs matrix:
 0.7274 0.327317 0.11277
error matrix:
 0.2726 -0.327317 -0.11277
delta matrix:
 0.108107 -0.144137 -0.0225659
weights_delta matrix:
 0.00305004 -0.00406657 -0.000636653
 0.00558086 -0.00744085 -0.00116492
 0.00171315 -0.00228412 -0.000357597
 0.00107 -0.00142661 -0.000223347
 0.0108107 -0.0144137 -0.00225659
weights matrix:
 -0.671818 0.0286044 0.0226764
 1.13372 -0.680474 -0.235879
 -1.43339 0.358829 1.10017
 -1.11514 -0.226469 0.962648
 0.447458 -0.0713134 -1.18874
regression_error on 'test' 0.10752
classification_error on 'test' 0.210526
Save,754,0.10752,0.210526
sample_count 75 Sample index 12
 i 0:0.166653 i 1:0.480944 i 2:0.128226 i 3:0.135476 bias 1
 test_print 1.9113
net matrix:
 0.545883 -0.378486 -1.02692
outputs matrix:
 0.748714 0.319304 0.113664
error matrix:
 0.251286 -0.319304 -0.113664
delta matrix:
 0.0945545 -0.138801 -0.0229022
weights_delta matrix:
 0.00157578 -0.00231315 -0.000381671
 0.00454754 -0.00667553 -0.00110147
 0.00121243 -0.00177979 -0.000293665
 0.00128099 -0.00188042 -0.000310269
 0.00945545 -0.0138801 -0.00229022
weights matrix:
 -0.670242 0.0262912 0.0222947
 1.13827 -0.68715 -0.236981
 -1.43218 0.357049 1.09988
 -1.11386 -0.22835 0.962337
 0.456914 -0.0851935 -1.19103
regression_error on 'test' 0.107014
classification_error on 'test' 0.210526
Save,755,0.107014,0.210526
sample_count 75 Sample index 13
 i 0:0.420705 i 1:0.269205 i 2:0.491129 i 3:0.427485 bias 1
 test_print 2.60852
net matrix:
 -0.698173 -0.181376 -0.293883
outputs matrix:
 0.198397 0.410294 0.357147
error matrix:
 -0.198397 0.589706 -0.357147
delta matrix:
 -0.0631041 0.285362 -0.163997
weights_delta matrix:
 -0.00265482 0.0120053 -0.00689944
 -0.00169879 0.00768209 -0.00441489
 -0.00309923 0.014015 -0.00805438
 -0.00269761 0.0121988 -0.00701063
 -0.00631041 0.0285362 -0.0163997
weights matrix:
 -0.672897 0.0382966 0.0153953
 1.13657 -0.679468 -0.241396
 -1.43528 0.371064 1.09183
 -1.11655 -0.216151 0.955327
 0.450603 -0.0566573 -1.20743
regression_error on 'test' 0.108456
classification_error on 'test' 0.210526
Save,756,0.108456,0.210526
sample_count 75 Sample index 34
 i 0:0.767139 i 1:0.551523 i 2:0.642339 i 3:0.573489 bias 1
 test_print 3.53449
net matrix:
 -1.00102 -0.287632 -0.0795674
outputs matrix:
 0.118988 0.360023 0.4603
error matrix:
 -0.118988 0.639977 -0.4603
delta matrix:
 -0.0249471 0.29491 -0.228699
weights_delta matrix:
 -0.00191379 0.0226237 -0.0175444
 -0.00137589 0.0162649 -0.0126133
 -0.00160245 0.0189432 -0.0146902
 -0.00143069 0.0169127 -0.0131156
 -0.00249471 0.029491 -0.0228699
weights matrix:
 -0.674811 0.0609202 -0.00214909
 1.1352 -0.663203 -0.254009
 -1.43688 0.390007 1.07714
 -1.11798 -0.199238 0.942211
 0.448109 -0.0271663 -1.2303
regression_error on 'test' 0.111538
classification_error on 'test' 0.157895
Save,757,0.111538,0.157895
sample_count 75 Sample index 39
 i 0:0.397609 i 1:0.622103 i 2:0.18871 i 3:0.135476 bias 1
 test_print 2.3439
net matrix:
 0.463393 -0.368918 -1.05826
outputs matrix:
 0.716423 0.323477 0.107501
error matrix:
 0.283577 -0.323477 -0.107501
delta matrix:
 0.115224 -0.141579 -0.0206281
weights_delta matrix:
 0.0045814 -0.00562933 -0.000820192
 0.00716811 -0.0088077 -0.00128328
 0.00217439 -0.00267175 -0.000389273
 0.00156101 -0.00191806 -0.000279461
 0.0115224 -0.0141579 -0.00206281
weights matrix:
 -0.670229 0.0552909 -0.00296929
 1.14236 -0.672011 -0.255292
 -1.43471 0.387335 1.07675
 -1.11642 -0.201156 0.941932
 0.459631 -0.0413243 -1.23237
regression_error on 'test' 0.110588
classification_error on 'test' 0.157895
Save,758,0.110588,0.157895
sample_count 75 Sample index 58
 i 0:0.282131 i 1:0.516233 i 2:0.158468 i 3:0.0989754 bias 1
 test_print 2.05581
net matrix:
 0.522411 -0.331168 -1.10114
outputs matrix:
 0.739779 0.340215 0.0995465
error matrix:
 0.260221 -0.340215 -0.0995465
delta matrix:
 0.100188 -0.152735 -0.0178461
weights_delta matrix:
 0.00282661 -0.00430913 -0.000503494
 0.00517203 -0.0078847 -0.000921275
 0.00158766 -0.00242036 -0.000282804
 0.000991615 -0.0015117 -0.000176633
 0.0100188 -0.0152735 -0.00178461
weights matrix:
 -0.667403 0.0509818 -0.00347278
 1.14754 -0.679895 -0.256213
 -1.43312 0.384915 1.07646
 -1.11543 -0.202668 0.941755
 0.46965 -0.0565978 -1.23415
regression_error on 'test' 0.109788
classification_error on 'test' 0.157895
Save,759,0.109788,0.157895
sample_count 75 Sample index 52
 i 0:0.443801 i 1:0.410364 i 2:0.672581 i 3:0.792495 bias 1
 test_print 3.31924
net matrix:
 -1.2035 -0.214703 0.129512
outputs matrix:
 0.0826407 0.394268 0.564396
error matrix:
 -0.0826407 -0.394268 0.435604
delta matrix:
 -0.0125302 -0.188319 0.214189
weights_delta matrix:
 -0.000556091 -0.00835761 0.00950574
 -0.000514194 -0.00772792 0.00878955
 -0.000842757 -0.012666 0.014406
 -0.000993011 -0.0149242 0.0169744
 -0.00125302 -0.0188319 0.0214189
weights matrix:
 -0.667959 0.0426242 0.00603296
 1.14702 -0.687623 -0.247424
 -1.43396 0.372249 1.09087
 -1.11642 -0.217592 0.958729
 0.468397 -0.0754297 -1.21273
regression_error on 'test' 0.107825
classification_error on 'test' 0.210526
Save,760,0.107825,0.210526
sample_count 75 Sample index 31
 i 0:0.559279 i 1:0.339785 i 2:0.778427 i 3:0.573489 bias 1
 test_print 3.25098
net matrix:
 -1.27193 -0.120253 0.105553
outputs matrix:
 0.0728402 0.440162 0.552582
error matrix:
 -0.0728402 -0.440162 0.447418
delta matrix:
 -0.00983846 -0.216929 0.221235
weights_delta matrix:
 -0.000550245 -0.0121324 0.0123732
 -0.000334296 -0.00737091 0.00751724
 -0.000765853 -0.0168863 0.0172215
 -0.000564225 -0.0124406 0.0126876
 -0.000983846 -0.0216929 0.0221235
weights matrix:
 -0.668509 0.0304918 0.0184062
 1.14669 -0.694994 -0.239907
 -1.43473 0.355363 1.10809
 -1.11699 -0.230033 0.971417
 0.467413 -0.0971225 -1.19061
regression_error on 'test' 0.106456
classification_error on 'test' 0.210526
Save,761,0.106456,0.210526
sample_count 75 Sample index 71
 i 0:0.143558 i 1:0.480944 i 2:0.0979839 i 3:0.0989754 bias 1
 test_print 1.82146
net matrix:
 0.671801 -0.414946 -1.09863
outputs matrix:
 0.793082 0.303668 0.0999974
error matrix:
 0.206918 -0.303668 -0.0999974
delta matrix:
 0.0679119 -0.128423 -0.0179991
weights_delta matrix:
 0.000974929 -0.00184362 -0.000258392
 0.00326618 -0.00617644 -0.000865657
 0.000665427 -0.00125834 -0.000176362
 0.000672161 -0.00127108 -0.000178147
 0.00679119 -0.0128423 -0.00179991
weights matrix:
 -0.667534 0.0286482 0.0181478
 1.14995 -0.701171 -0.240772
 -1.43406 0.354104 1.10791
 -1.11632 -0.231304 0.971239
 0.474204 -0.109965 -1.19241
regression_error on 'test' 0.10613
classification_error on 'test' 0.210526
Save,762,0.10613,0.210526
sample_count 75 Sample index 19
 i 0:0.674757 i 1:0.480944 i 2:0.596976 i 3:0.573489 bias 1
 test_print 3.32617
net matrix:
 -0.919451 -0.349116 -0.0775684
outputs matrix:
 0.137181 0.332204 0.461293
error matrix:
 -0.137181 0.667796 -0.461293
delta matrix:
 -0.0324742 0.296294 -0.229264
weights_delta matrix:
 -0.00219122 0.0199926 -0.0154698
 -0.00156183 0.0142501 -0.0110263
 -0.00193863 0.017688 -0.0136865
 -0.00186236 0.0169921 -0.0131481
 -0.00324742 0.0296294 -0.0229264
weights matrix:
 -0.669725 0.0486408 0.002678
 1.14839 -0.686921 -0.251799
 -1.436 0.371792 1.09423
 -1.11818 -0.214311 0.958091
 0.470957 -0.0803355 -1.21534
regression_error on 'test' 0.107835
classification_error on 'test' 0.210526
Save,763,0.107835,0.210526
sample_count 75 Sample index 72
 i 0:0.905713 i 1:0.480944 i 2:0.929637 i 3:0.828996 bias 1
 test_print 4.14529
net matrix:
 -1.84523 -0.198683 0.477477
outputs matrix:
 0.0243525 0.401945 0.72211
error matrix:
 -0.0243525 -0.401945 0.27789
delta matrix:
 -0.0011572 -0.193244 0.111526
weights_delta matrix:
 -0.000104809 -0.0175023 0.0101011
 -5.56548e-05 -0.00929393 0.0053638
 -0.000107578 -0.0179646 0.0103679
 -9.59314e-05 -0.0160198 0.0092455
 -0.00011572 -0.0193244 0.0111526
weights matrix:
 -0.66983 0.0311385 0.0127791
 1.14834 -0.696214 -0.246435
 -1.43611 0.353828 1.1046
 -1.11827 -0.230331 0.967336
 0.470841 -0.0996598 -1.20418
regression_error on 'test' 0.106434
classification_error on 'test' 0.210526
Save,764,0.106434,0.210526
sample_count 75 Sample index 45
 i 0:0.697853 i 1:0.586813 i 2:0.793548 i 3:0.975 bias 1
 test_print 4.05321
net matrix:
 -1.55268 -0.430271 0.479827
outputs matrix:
 0.0428866 0.297226 0.723052
error matrix:
 -0.0428866 -0.297226 0.276948
delta matrix:
 -0.00352076 -0.124171 0.110916
weights_delta matrix:
 -0.000245697 -0.00866529 0.00774032
 -0.000206603 -0.0072865 0.00650871
 -0.000279389 -0.00985354 0.00880173
 -0.000343274 -0.0121066 0.0108143
 -0.000352076 -0.0124171 0.0110916
weights matrix:
 -0.670076 0.0224732 0.0205194
 1.14813 -0.703501 -0.239926
 -1.43639 0.343974 1.1134
 -1.11862 -0.242438 0.978151
 0.470489 -0.112077 -1.19309
regression_error on 'test' 0.105788
classification_error on 'test' 0.210526
Save,765,0.105788,0.210526
sample_count 75 Sample index 62
 i 0:0.582374 i 1:0.622103 i 2:0.748185 i 3:0.901998 bias 1
 test_print 3.85466
net matrix:
 -1.28917 -0.497962 0.384917
outputs matrix:
 0.0705461 0.269744 0.683485
error matrix:
 -0.0705461 -0.269744 0.316515
delta matrix:
 -0.00925133 -0.106269 0.136945
weights_delta matrix:
 -0.000538773 -0.00618885 0.00797534
 -0.000575528 -0.00661105 0.00851941
 -0.000692171 -0.00795091 0.010246
 -0.000834468 -0.00958548 0.0123524
 -0.000925133 -0.0106269 0.0136945
weights matrix:
 -0.670615 0.0162843 0.0284948
 1.14755 -0.710112 -0.231407
 -1.43708 0.336023 1.12364
 -1.11945 -0.252023 0.990503
 0.469564 -0.122704 -1.1794
regression_error on 'test' 0.105502
classification_error on 'test' 0.236842
Save,766,0.105502,0.236842
sample_count 75 Sample index 3
 i 0:0.744044 i 1:0.516233 i 2:0.672581 i 3:0.60999 bias 1
 test_print 3.54285
net matrix:
 -1.0864 -0.4049 0.0822833
outputs matrix:
 0.102219 0.307933 0.541049
error matrix:
 -0.102219 0.692067 -0.541049
delta matrix:
 -0.0187613 0.294973 -0.268701
weights_delta matrix:
 -0.00139592 0.0219473 -0.0199925
 -0.000968521 0.0152275 -0.0138712
 -0.00126185 0.0198393 -0.0180723
 -0.00114442 0.0179931 -0.0163905
 -0.00187613 0.0294973 -0.0268701
weights matrix:
 -0.672011 0.0382316 0.00850221
 1.14659 -0.694885 -0.245278
 -1.43834 0.355862 1.10557
 -1.1206 -0.23403 0.974113
 0.467688 -0.0932065 -1.20627
regression_error on 'test' 0.106551
classification_error on 'test' 0.210526
Save,767,0.106551,0.210526
sample_count 75 Sample index 3
 i 0:0.744044 i 1:0.516233 i 2:0.672581 i 3:0.60999 bias 1
 test_print 3.54285
net matrix:
 -1.09137 -0.326893 0.0112239
outputs matrix:
 0.101312 0.342137 0.505612
error matrix:
 -0.101312 0.657863 -0.505612
delta matrix:
 -0.0184484 0.296143 -0.252774
weights_delta matrix:
 -0.00137265 0.0220343 -0.0188075
 -0.00095237 0.0152879 -0.013049
 -0.00124081 0.019918 -0.0170011
 -0.00112534 0.0180644 -0.015419
 -0.00184484 0.0296143 -0.0252774
weights matrix:
 -0.673383 0.060266 -0.0103053
 1.14563 -0.679597 -0.258327
 -1.43958 0.37578 1.08857
 -1.12172 -0.215966 0.958694
 0.465843 -0.0635923 -1.23154
regression_error on 'test' 0.108919
classification_error on 'test' 0.157895
Save,768,0.108919,0.157895
sample_count 75 Sample index 18
 i 0:0.513088 i 1:0.480944 i 2:0.566734 i 3:0.60999 bias 1
 test_print 3.17076
net matrix:
 -0.828776 -0.278288 -0.159349
outputs matrix:
 0.160091 0.36434 0.420993
error matrix:
 -0.160091 0.63566 -0.420993
delta matrix:
 -0.0430522 0.294433 -0.205241
weights_delta matrix:
 -0.00220896 0.015107 -0.0105307
 -0.00207057 0.0141606 -0.00987093
 -0.00243992 0.0166865 -0.0116317
 -0.00262614 0.0179601 -0.0125195
 -0.00430522 0.0294433 -0.0205241
weights matrix:
 -0.675592 0.075373 -0.0208359
 1.14356 -0.665436 -0.268198
 -1.44202 0.392467 1.07694
 -1.12435 -0.198006 0.946174
 0.461538 -0.034149 -1.25207
regression_error on 'test' 0.112007
classification_error on 'test' 0.131579
Save,769,0.112007,0.131579
sample_count 75 Sample index 63
 i 0:0.420705 i 1:0.904421 i 2:0.143347 i 3:0.135476 bias 1
 test_print 2.60395
net matrix:
 0.852543 -0.57484 -1.22084
outputs matrix:
 0.846198 0.240548 0.0800494
error matrix:
 0.153802 -0.240548 -0.0800494
delta matrix:
 0.0400338 -0.0878887 -0.0117899
weights_delta matrix:
 0.00168424 -0.00369752 -0.000496008
 0.00362074 -0.00794883 -0.00106631
 0.000573873 -0.00125986 -0.000169005
 0.000542362 -0.00119068 -0.000159725
 0.00400338 -0.00878887 -0.00117899
weights matrix:
 -0.673908 0.0716755 -0.021332
 1.14718 -0.673385 -0.269264
 -1.44145 0.391207 1.07677
 -1.12381 -0.199197 0.946014
 0.465541 -0.0429378 -1.25325
regression_error on 'test' 0.111404
classification_error on 'test' 0.131579
Save,770,0.111404,0.131579
sample_count 75 Sample index 33
 i 0:0.559279 i 1:0.480944 i 2:0.672581 i 3:0.719493 bias 1
 test_print 3.4323
net matrix:
 -1.13769 -0.206914 0.0101868
outputs matrix:
 0.0931824 0.397995 0.505093
error matrix:
 -0.0931824 -0.397995 0.494907
delta matrix:
 -0.0157477 -0.190715 0.247428
weights_delta matrix:
 -0.000880736 -0.0106663 0.0138381
 -0.000757377 -0.00917233 0.0118999
 -0.00105916 -0.0128271 0.0166415
 -0.00113304 -0.0137218 0.0178023
 -0.00157477 -0.0190715 0.0247428
weights matrix:
 -0.674789 0.0610092 -0.00749384
 1.14643 -0.682557 -0.257364
 -1.44251 0.37838 1.09341
 -1.12494 -0.212918 0.963817
 0.463966 -0.0620093 -1.2285
regression_error on 'test' 0.108781
classification_error on 'test' 0.184211
Save,771,0.108781,0.184211
sample_count 75 Sample index 22
 i 0:0.305227 i 1:0.233915 i 2:0.430645 i 3:0.427485 bias 1
 test_print 2.39727
net matrix:
 -0.575934 -0.13112 -0.408104
outputs matrix:
 0.240148 0.434813 0.306569
error matrix:
 -0.240148 0.565187 -0.306569
delta matrix:
 -0.0876429 0.27779 -0.130344
weights_delta matrix:
 -0.0026751 0.0084789 -0.00397844
 -0.0020501 0.00649793 -0.00304894
 -0.0037743 0.0119629 -0.00561319
 -0.0037466 0.0118751 -0.005572
 -0.00876429 0.027779 -0.0130344
weights matrix:
 -0.677464 0.0694881 -0.0114723
 1.14438 -0.676059 -0.260413
 -1.44628 0.390343 1.0878
 -1.12869 -0.201043 0.958245
 0.455202 -0.0342303 -1.24154
regression_error on 'test' 0.110778
classification_error on 'test' 0.157895
Save,772,0.110778,0.157895
sample_count 75 Sample index 26
 i 0:0.489992 i 1:0.339785 i 2:0.536492 i 3:0.500487 bias 1
 test_print 2.86676
net matrix:
 -0.828719 -0.1211 -0.272461
outputs matrix:
 0.160106 0.439744 0.367043
error matrix:
 -0.160106 0.560256 -0.367043
delta matrix:
 -0.0430597 0.27606 -0.170545
weights_delta matrix:
 -0.00210989 0.0135267 -0.00835657
 -0.0014631 0.00938009 -0.00579486
 -0.00231012 0.0148104 -0.0091496
 -0.00215508 0.0138164 -0.00853555
 -0.00430597 0.027606 -0.0170545
weights matrix:
 -0.679574 0.0830148 -0.0198289
 1.14291 -0.666679 -0.266208
 -1.44859 0.405153 1.07865
 -1.13084 -0.187227 0.949709
 0.450896 -0.00662436 -1.25859
regression_error on 'test' 0.113831
classification_error on 'test' 0.0789474
Save,773,0.113831,0.0789474
sample_count 75 Sample index 18
 i 0:0.513088 i 1:0.480944 i 2:0.566734 i 3:0.60999 bias 1
 test_print 3.17076
net matrix:
 -0.858876 -0.169258 -0.206179
outputs matrix:
 0.152161 0.41617 0.398347
error matrix:
 -0.152161 0.58383 -0.398347
delta matrix:
 -0.03926 0.283709 -0.190941
weights_delta matrix:
 -0.00201438 0.0145568 -0.00979695
 -0.00188819 0.0136448 -0.00918319
 -0.002225 0.0160788 -0.0108213
 -0.00239482 0.017306 -0.0116472
 -0.003926 0.0283709 -0.0190941
weights matrix:
 -0.681588 0.0975715 -0.0296258
 1.14102 -0.653034 -0.275391
 -1.45082 0.421232 1.06783
 -1.13324 -0.169921 0.938062
 0.44697 0.0217466 -1.27769
regression_error on 'test' 0.118192
classification_error on 'test' 0.0526316
Save,774,0.118192,0.0526316
sample_count 75 Sample index 43
 i 0:0.582374 i 1:0.198626 i 2:0.612097 i 3:0.60999 bias 1
 test_print 3.00309
net matrix:
 -1.30263 0.103045 -0.123818
outputs matrix:
 0.0688001 0.551341 0.438405
error matrix:
 -0.0688001 0.448659 -0.438405
delta matrix:
 -0.00881558 0.221964 -0.215876
weights_delta matrix:
 -0.000513396 0.0129266 -0.0125721
 -0.0001751 0.00440879 -0.00428786
 -0.000539599 0.0135864 -0.0132137
 -0.000537741 0.0135396 -0.0131682
 -0.000881558 0.0221964 -0.0215876
weights matrix:
 -0.682101 0.110498 -0.0421979
 1.14085 -0.648626 -0.279679
 -1.45136 0.434818 1.05461
 -1.13377 -0.156381 0.924894
 0.446088 0.043943 -1.29927
regression_error on 'test' 0.122645
classification_error on 'test' 0.131579
Save,775,0.122645,0.131579
sample_count 75 Sample index 59
 i 0:0.60547 i 1:0.233915 i 2:0.596976 i 3:0.536988 bias 1
 test_print 2.97335
net matrix:
 -1.17529 0.134724 -0.26401
outputs matrix:
 0.0870198 0.566958 0.370979
error matrix:
 -0.0870198 0.433042 -0.370979
delta matrix:
 -0.013827 0.212638 -0.173138
weights_delta matrix:
 -0.000837183 0.0128746 -0.010483
 -0.000323434 0.00497393 -0.00404997
 -0.000825439 0.012694 -0.0103359
 -0.000742493 0.0114184 -0.00929733
 -0.0013827 0.0212638 -0.0173138
weights matrix:
 -0.682939 0.123373 -0.0526809
 1.14053 -0.643652 -0.283729
 -1.45218 0.447512 1.04428
 -1.13452 -0.144963 0.915596
 0.444706 0.0652068 -1.31659
regression_error on 'test' 0.127165
classification_error on 'test' 0.210526
Save,776,0.127165,0.210526
sample_count 75 Sample index 5
 i 0:0.536183 i 1:0.198626 i 2:0.687702 i 3:0.60999 bias 1
 test_print 3.0325
net matrix:
 -1.38565 0.222841 -0.124535
outputs matrix:
 0.0588952 0.609612 0.438052
error matrix:
 -0.0588952 -0.609612 0.561948
delta matrix:
 -0.00652871 -0.290157 0.276661
weights_delta matrix:
 -0.000350059 -0.0155577 0.0148341
 -0.000129677 -0.00576328 0.0054952
 -0.000448981 -0.0199542 0.019026
 -0.000398245 -0.0176993 0.016876
 -0.000652871 -0.0290157 0.0276661
weights matrix:
 -0.683289 0.107815 -0.0378468
 1.1404 -0.649415 -0.278234
 -1.45263 0.427558 1.0633
 -1.13491 -0.162662 0.932472
 0.444053 0.0361911 -1.28892
regression_error on 'test' 0.120698
classification_error on 'test' 0.0526316
Save,777,0.120698,0.0526316
sample_count 75 Sample index 41
 i 0:0.674757 i 1:0.445654 i 2:0.627218 i 3:0.536988 bias 1
 test_print 3.28462
net matrix:
 -1.02933 0.00035031 -0.270807
outputs matrix:
 0.11318 0.500175 0.367812
error matrix:
 -0.11318 0.499825 -0.367812
delta matrix:
 -0.0227199 0.249912 -0.171052
weights_delta matrix:
 -0.00153304 0.016863 -0.0115419
 -0.00101252 0.0111374 -0.00762301
 -0.00142503 0.015675 -0.0107287
 -0.00122003 0.01342 -0.0091853
 -0.00227199 0.0249912 -0.0171052
weights matrix:
 -0.684822 0.124678 -0.0493887
 1.13938 -0.638278 -0.285857
 -1.45406 0.443233 1.05257
 -1.13613 -0.149242 0.923287
 0.441781 0.0611823 -1.30603
regression_error on 'test' 0.125879
classification_error on 'test' 0.157895
Save,778,0.125879,0.157895
sample_count 75 Sample index 73
 i 0:0.582374 i 1:0.410364 i 2:0.65746 i 3:0.719493 bias 1
 test_print 3.36969
net matrix:
 -1.2629 0.0558949 -0.0957717
outputs matrix:
 0.0740688 0.527918 0.45226
error matrix:
 -0.0740688 -0.527918 0.54774
delta matrix:
 -0.0101597 -0.263136 0.271373
weights_delta matrix:
 -0.000591672 -0.0153244 0.0158041
 -0.000416916 -0.0107982 0.0111362
 -0.000667956 -0.0173002 0.0178417
 -0.00073098 -0.0189325 0.0195251
 -0.00101597 -0.0263136 0.0271373
weights matrix:
 -0.685413 0.109354 -0.0335846
 1.13897 -0.649076 -0.274721
 -1.45472 0.425933 1.07042
 -1.13686 -0.168175 0.942812
 0.440765 0.0348687 -1.27889
regression_error on 'test' 0.119607
classification_error on 'test' 0.0526316
Save,779,0.119607,0.0526316
sample_count 75 Sample index 63
 i 0:0.420705 i 1:0.904421 i 2:0.143347 i 3:0.135476 bias 1
 test_print 2.60395
net matrix:
 0.819965 -0.467891 -1.26031
outputs matrix:
 0.837526 0.281753 0.0744247
error matrix:
 0.162474 -0.281753 -0.0744247
delta matrix:
 0.0442179 -0.114036 -0.0102536
weights_delta matrix:
 0.00186027 -0.00479755 -0.000431374
 0.00399916 -0.0103136 -0.000927357
 0.000633851 -0.00163467 -0.000146982
 0.000599047 -0.00154491 -0.000138912
 0.00442179 -0.0114036 -0.00102536
weights matrix:
 -0.683553 0.104556 -0.034016
 1.14297 -0.659389 -0.275648
 -1.45409 0.424298 1.07027
 -1.13627 -0.169719 0.942673
 0.445187 0.0234651 -1.27992
regression_error on 'test' 0.118362
classification_error on 'test' 0.0526316
Save,780,0.118362,0.0526316
sample_count 75 Sample index 54
 i 0:0.305227 i 1:0.622103 i 2:0.158468 i 3:0.135476 bias 1
 test_print 2.22127
net matrix:
 0.563227 -0.310585 -1.16447
outputs matrix:
 0.755184 0.349515 0.0887549
error matrix:
 0.244816 -0.349515 -0.0887549
delta matrix:
 0.0905238 -0.158928 -0.0143565
weights_delta matrix:
 0.00276303 -0.0048509 -0.0004382
 0.00563151 -0.00988694 -0.000893124
 0.00143451 -0.0025185 -0.000227505
 0.00122638 -0.00215309 -0.000194497
 0.00905238 -0.0158928 -0.00143565
weights matrix:
 -0.68079 0.0997052 -0.0344542
 1.1486 -0.669276 -0.276541
 -1.45266 0.42178 1.07004
 -1.13504 -0.171873 0.942479
 0.454239 0.00757235 -1.28135
regression_error on 'test' 0.116899
classification_error on 'test' 0.0526316
Save,781,0.116899,0.0526316
sample_count 75 Sample index 63
 i 0:0.420705 i 1:0.904421 i 2:0.143347 i 3:0.135476 bias 1
 test_print 2.60395
net matrix:
 0.844639 -0.518612 -1.26489
outputs matrix:
 0.844129 0.261686 0.0737973
error matrix:
 0.155871 -0.261686 -0.0737973
delta matrix:
 0.0410175 -0.101119 -0.0100883
weights_delta matrix:
 0.00172563 -0.00425412 -0.000424419
 0.00370971 -0.00914539 -0.000912404
 0.000587973 -0.00144951 -0.000144612
 0.000555689 -0.00136992 -0.000136672
 0.00410175 -0.0101119 -0.00100883
weights matrix:
 -0.679064 0.0954511 -0.0348786
 1.15231 -0.678422 -0.277454
 -1.45207 0.42033 1.0699
 -1.13448 -0.173242 0.942342
 0.458341 -0.00253952 -1.28236
regression_error on 'test' 0.115954
classification_error on 'test' 0.0789474
Save,782,0.115954,0.0789474
sample_count 75 Sample index 8
 i 0:0.489992 i 1:0.375074 i 2:0.702823 i 3:0.755994 bias 1
 test_print 3.32388
net matrix:
 -1.3204 -0.04578 0.060837
outputs matrix:
 0.0665578 0.477126 0.530381
error matrix:
 -0.0665578 -0.477126 0.469619
delta matrix:
 -0.00827019 -0.238064 0.233943
weights_delta matrix:
 -0.000405233 -0.0116649 0.011463
 -0.000310193 -0.00892915 0.00877458
 -0.000581248 -0.0167317 0.016442
 -0.000625222 -0.0179975 0.0176859
 -0.000827019 -0.0238064 0.0233943
weights matrix:
 -0.67947 0.0837862 -0.0234156
 1.152 -0.687351 -0.268679
 -1.45265 0.403599 1.08634
 -1.13511 -0.19124 0.960028
 0.457514 -0.0263459 -1.25897
regression_error on 'test' 0.111983
classification_error on 'test' 0.105263
Save,783,0.111983,0.105263
sample_count 75 Sample index 15
 i 0:0.720948 i 1:0.410364 i 2:0.65746 i 3:0.573489 bias 1
 test_print 3.36226
net matrix:
 -1.16564 -0.0923284 -0.121314
outputs matrix:
 0.0885651 0.453967 0.439639
error matrix:
 -0.0885651 0.546033 -0.439639
delta matrix:
 -0.0142982 0.270703 -0.216616
weights_delta matrix:
 -0.00103082 0.0195162 -0.0156169
 -0.000586746 0.0111087 -0.00888914
 -0.000940049 0.0177976 -0.0142416
 -0.000819985 0.0155245 -0.0124227
 -0.00142982 0.0270703 -0.0216616
weights matrix:
 -0.680501 0.103302 -0.0390325
 1.15141 -0.676242 -0.277568
 -1.45359 0.421396 1.0721
 -1.13593 -0.175715 0.947605
 0.456084 0.000724367 -1.28063
regression_error on 'test' 0.116203
classification_error on 'test' 0.0789474
Save,784,0.116203,0.0789474
sample_count 75 Sample index 46
 i 0:0.928809 i 1:0.480944 i 2:0.854032 i 3:0.901998 bias 1
 test_print 4.16578
net matrix:
 -1.88822 -0.0271711 0.319967
outputs matrix:
 0.0223911 0.486418 0.654739
error matrix:
 -0.0223911 -0.486418 0.345261
delta matrix:
 -0.000980268 -0.243029 0.156097
weights_delta matrix:
 -9.10482e-05 -0.0225728 0.0144984
 -4.71454e-05 -0.0116884 0.00750738
 -8.3718e-05 -0.0207555 0.0133312
 -8.842e-05 -0.0219212 0.0140799
 -9.80268e-05 -0.0243029 0.0156097
weights matrix:
 -0.680592 0.0807296 -0.0245341
 1.15136 -0.687931 -0.270061
 -1.45367 0.400641 1.08543
 -1.13602 -0.197637 0.961685
 0.455986 -0.0235786 -1.26502
regression_error on 'test' 0.1119
classification_error on 'test' 0.105263
Save,785,0.1119,0.105263
sample_count 75 Sample index 72
 i 0:0.905713 i 1:0.480944 i 2:0.929637 i 3:0.828996 bias 1
 test_print 4.14529
net matrix:
 -1.89983 -0.0727062 0.389165
outputs matrix:
 0.0218883 0.463711 0.68532
error matrix:
 -0.0218883 -0.463711 0.31468
delta matrix:
 -0.000937226 -0.230634 0.135726
weights_delta matrix:
 -8.48858e-05 -0.0208888 0.0122928
 -4.50753e-05 -0.0110922 0.00652764
 -8.7128e-05 -0.0214406 0.0126176
 -7.76957e-05 -0.0191195 0.0112516
 -9.37226e-05 -0.0230634 0.0135726
weights matrix:
 -0.680676 0.0598408 -0.0122412
 1.15132 -0.699023 -0.263533
 -1.45376 0.3792 1.09805
 -1.13609 -0.216756 0.972937
 0.455892 -0.046642 -1.25145
regression_error on 'test' 0.108872
classification_error on 'test' 0.157895
Save,786,0.108872,0.157895
sample_count 75 Sample index 29
 i 0:0.420705 i 1:0.304495 i 2:0.536492 i 3:0.536988 bias 1
 test_print 2.79868
net matrix:
 -0.869901 -0.147273 -0.225292
outputs matrix:
 0.149338 0.426891 0.389222
error matrix:
 -0.149338 0.573109 -0.389222
delta matrix:
 -0.0379427 0.280428 -0.185058
weights_delta matrix:
 -0.00159627 0.0117977 -0.00778549
 -0.00115534 0.00853889 -0.00563493
 -0.0020356 0.0150447 -0.00992823
 -0.00203748 0.0150586 -0.0099374
 -0.00379427 0.0280428 -0.0185058
weights matrix:
 -0.682273 0.0716386 -0.0200267
 1.15016 -0.690484 -0.269168
 -1.4558 0.394245 1.08812
 -1.13813 -0.201697 0.962999
 0.452098 -0.0185992 -1.26995
regression_error on 'test' 0.11154
classification_error on 'test' 0.131579
Save,787,0.11154,0.131579
sample_count 75 Sample index 5
 i 0:0.536183 i 1:0.198626 i 2:0.687702 i 3:0.60999 bias 1
 test_print 3.0325
net matrix:
 -1.38068 0.0307537 0.00156787
outputs matrix:
 0.0594488 0.515372 0.500784
error matrix:
 -0.0594488 -0.515372 0.499216
delta matrix:
 -0.00664812 -0.257442 0.249607
weights_delta matrix:
 -0.000356461 -0.0138036 0.0133835
 -0.000132049 -0.00511348 0.00495785
 -0.000457192 -0.0177044 0.0171656
 -0.000405528 -0.0157037 0.0152258
 -0.000664812 -0.0257442 0.0249607
weights matrix:
 -0.682629 0.0578349 -0.00664318
 1.15003 -0.695597 -0.26421
 -1.45625 0.376541 1.10528
 -1.13854 -0.217401 0.978225
 0.451433 -0.0443434 -1.24499
regression_error on 'test' 0.108605
classification_error on 'test' 0.157895
Save,788,0.108605,0.157895
sample_count 75 Sample index 37
 i 0:0.720948 i 1:0.551523 i 2:0.82379 i 3:0.901998 bias 1
 test_print 3.99826
net matrix:
 -1.63304 -0.27219 0.397381
outputs matrix:
 0.0367531 0.367169 0.688853
error matrix:
 -0.0367531 -0.367169 0.311147
delta matrix:
 -0.00260229 -0.170628 0.133379
weights_delta matrix:
 -0.000187612 -0.0123014 0.00961595
 -0.000143522 -0.00941052 0.00735617
 -0.000214374 -0.0140561 0.0109876
 -0.000234726 -0.0153906 0.0120308
 -0.000260229 -0.0170628 0.0133379
weights matrix:
 -0.682817 0.0455336 0.00297277
 1.14989 -0.705008 -0.256854
 -1.45647 0.362484 1.11627
 -1.13877 -0.232792 0.990256
 0.451173 -0.0614062 -1.23165
regression_error on 'test' 0.106941
classification_error on 'test' 0.210526
Save,789,0.106941,0.210526
sample_count 75 Sample index 64
 i 0:0.282131 i 1:0.516233 i 2:0.158468 i 3:0.0989754 bias 1
 test_print 2.05581
net matrix:
 0.508625 -0.378107 -1.08851
outputs matrix:
 0.734437 0.319469 0.101834
error matrix:
 0.265563 -0.319469 -0.101834
delta matrix:
 0.103591 -0.138911 -0.0186282
weights_delta matrix:
 0.00292261 -0.0039191 -0.00052556
 0.00534769 -0.00717102 -0.00096165
 0.00164158 -0.00220129 -0.000295198
 0.00102529 -0.00137487 -0.000184373
 0.0103591 -0.0138911 -0.00186282
weights matrix:
 -0.679894 0.0416145 0.00244721
 1.15523 -0.712179 -0.257816
 -1.45482 0.360283 1.11598
 -1.13775 -0.234167 0.990072
 0.461532 -0.0752973 -1.23352
regression_error on 'test' 0.106392
classification_error on 'test' 0.210526
Save,790,0.106392,0.210526
sample_count 75 Sample index 58
 i 0:0.282131 i 1:0.516233 i 2:0.158468 i 3:0.0989754 bias 1
 test_print 2.05581
net matrix:
 0.522931 -0.39729 -1.09108
outputs matrix:
 0.739979 0.311186 0.101364
error matrix:
 0.260021 -0.311186 -0.101364
delta matrix:
 0.100061 -0.133405 -0.0184664
weights_delta matrix:
 0.00282303 -0.00376377 -0.000520996
 0.00516548 -0.00688681 -0.000953299
 0.00158565 -0.00211404 -0.000292634
 0.000990358 -0.00132038 -0.000182772
 0.0100061 -0.0133405 -0.00184664
weights matrix:
 -0.677071 0.0378507 0.00192622
 1.1604 -0.719066 -0.258769
 -1.45324 0.358169 1.11568
 -1.13676 -0.235487 0.989889
 0.471538 -0.0886378 -1.23536
regression_error on 'test' 0.105946
classification_error on 'test' 0.210526
Save,791,0.105946,0.210526
sample_count 75 Sample index 68
 i 0:0.305227 i 1:0.657392 i 2:0.173589 i 3:0.281481 bias 1
 test_print 2.41769
net matrix:
 0.455474 -0.553904 -0.932581
outputs matrix:
 0.713194 0.24828 0.134102
error matrix:
 0.286806 -0.24828 -0.134102
delta matrix:
 0.117331 -0.0926764 -0.0311437
weights_delta matrix:
 0.00358127 -0.00282873 -0.000950589
 0.00771327 -0.00609247 -0.00204736
 0.00203674 -0.00160876 -0.00054062
 0.00330266 -0.00260867 -0.000876635
 0.0117331 -0.00926764 -0.00311437
weights matrix:
 -0.67349 0.035022 0.000975628
 1.16811 -0.725158 -0.260816
 -1.4512 0.35656 1.11514
 -1.13345 -0.238096 0.989012
 0.483271 -0.0979054 -1.23848
regression_error on 'test' 0.105635
classification_error on 'test' 0.210526
Save,792,0.105635,0.210526
sample_count 75 Sample index 60
 i 0:0.559279 i 1:0.410364 i 2:0.536492 i 3:0.536988 bias 1
 test_print 3.04312
net matrix:
 -0.801256 -0.31246 -0.215608
outputs matrix:
 0.167631 0.348663 0.393836
error matrix:
 -0.167631 0.651337 -0.393836
delta matrix:
 -0.0467793 0.295833 -0.18804
weights_delta matrix:
 -0.00261627 0.0165453 -0.0105167
 -0.00191966 0.0121399 -0.0077165
 -0.00250967 0.0158712 -0.0100882
 -0.00251199 0.0158859 -0.0100975
 -0.00467793 0.0295833 -0.018804
weights matrix:
 -0.676106 0.0515673 -0.00954108
 1.16619 -0.713018 -0.268533
 -1.45371 0.372432 1.10505
 -1.13597 -0.22221 0.978915
 0.478593 -0.0683221 -1.25728
regression_error on 'test' 0.107378
classification_error on 'test' 0.184211
Save,793,0.107378,0.184211
sample_count 75 Sample index 54
 i 0:0.305227 i 1:0.622103 i 2:0.158468 i 3:0.135476 bias 1
 test_print 2.22127
net matrix:
 0.613457 -0.467239 -1.11951
outputs matrix:
 0.773278 0.282017 0.0963004
error matrix:
 0.226722 -0.282017 -0.0963004
delta matrix:
 0.0794974 -0.114208 -0.0167614
weights_delta matrix:
 0.00242647 -0.00348593 -0.000511603
 0.00494556 -0.00710489 -0.00104273
 0.00125978 -0.00180983 -0.000265614
 0.001077 -0.00154724 -0.000227077
 0.00794974 -0.0114208 -0.00167614
weights matrix:
 -0.67368 0.0480814 -0.0100527
 1.17114 -0.720123 -0.269576
 -1.45245 0.370622 1.10479
 -1.13489 -0.223757 0.978688
 0.486543 -0.0797428 -1.25896
regression_error on 'test' 0.106953
classification_error on 'test' 0.184211
Save,794,0.106953,0.184211
sample_count 75 Sample index 42
 i 0:0.651661 i 1:0.551523 i 2:0.702823 i 3:0.792495 bias 1
 test_print 3.6985
net matrix:
 -1.22677 -0.362419 0.137891
outputs matrix:
 0.0791803 0.326328 0.568512
error matrix:
 -0.0791803 -0.326328 0.431488
delta matrix:
 -0.0115462 -0.143479 0.211693
weights_delta matrix:
 -0.00075242 -0.00934996 0.0137952
 -0.000636799 -0.00791319 0.0116754
 -0.000811493 -0.010084 0.0148783
 -0.00091503 -0.0113706 0.0167766
 -0.00115462 -0.0143479 0.0211693
weights matrix:
 -0.674432 0.0387314 0.00374255
 1.1705 -0.728036 -0.2579
 -1.45326 0.360538 1.11967
 -1.1358 -0.235128 0.995464
 0.485388 -0.0940907 -1.23779
regression_error on 'test' 0.105535
classification_error on 'test' 0.210526
Save,795,0.105535,0.210526
sample_count 75 Sample index 30
 i 0:0.559279 i 1:0.410364 i 2:0.642339 i 3:0.500487 bias 1
 test_print 3.11247
net matrix:
 -0.913419 -0.25728 -0.124104
outputs matrix:
 0.138615 0.374125 0.438264
error matrix:
 -0.138615 0.625875 -0.438264
delta matrix:
 -0.0331017 0.293104 -0.215792
weights_delta matrix:
 -0.00185131 0.0163927 -0.0120688
 -0.00135838 0.0120279 -0.00885531
 -0.00212625 0.0188272 -0.0138611
 -0.0016567 0.0146695 -0.0108001
 -0.00331017 0.0293104 -0.0215792
weights matrix:
 -0.676283 0.0551241 -0.00832622
 1.16914 -0.716008 -0.266756
 -1.45539 0.379365 1.10581
 -1.13746 -0.220458 0.984664
 0.482078 -0.0647803 -1.25937
regression_error on 'test' 0.10741
classification_error on 'test' 0.184211
Save,796,0.10741,0.184211
sample_count 75 Sample index 18
 i 0:0.513088 i 1:0.480944 i 2:0.566734 i 3:0.60999 bias 1
 test_print 3.17076
net matrix:
 -0.821281 -0.300335 -0.1646
outputs matrix:
 0.162117 0.35419 0.418435
error matrix:
 -0.162117 0.64581 -0.418435
delta matrix:
 -0.0440423 0.295444 -0.20365
weights_delta matrix:
 -0.00225976 0.0151589 -0.010449
 -0.00211819 0.0142092 -0.00979443
 -0.00249603 0.0167438 -0.0115415
 -0.00268653 0.0180218 -0.0124225
 -0.00440423 0.0295444 -0.020365
weights matrix:
 -0.678543 0.070283 -0.0187753
 1.16703 -0.701799 -0.27655
 -1.45789 0.396109 1.09426
 -1.14015 -0.202436 0.972242
 0.477674 -0.0352359 -1.27973
regression_error on 'test' 0.110259
classification_error on 'test' 0.157895
Save,797,0.110259,0.157895
sample_count 75 Sample index 45
 i 0:0.697853 i 1:0.586813 i 2:0.793548 i 3:0.975 bias 1
 test_print 4.05321
net matrix:
 -1.57957 -0.281058 0.36117
outputs matrix:
 0.0407327 0.363058 0.673122
error matrix:
 -0.0407327 -0.363058 0.326878
delta matrix:
 -0.00318313 -0.167912 0.143845
weights_delta matrix:
 -0.000222136 -0.0117178 0.0100383
 -0.00018679 -0.0098533 0.00844102
 -0.000252597 -0.0133246 0.0114148
 -0.000310356 -0.0163714 0.0140249
 -0.000318313 -0.0167912 0.0143845
weights matrix:
 -0.678765 0.0585652 -0.00873699
 1.16684 -0.711652 -0.268109
 -1.45814 0.382784 1.10568
 -1.14046 -0.218808 0.986267
 0.477356 -0.0520271 -1.26535
regression_error on 'test' 0.107968
classification_error on 'test' 0.157895
Save,798,0.107968,0.157895
sample_count 75 Sample index 33
 i 0:0.559279 i 1:0.480944 i 2:0.672581 i 3:0.719493 bias 1
 test_print 3.4323
net matrix:
 -1.14235 -0.261515 0.054092
outputs matrix:
 0.0923985 0.372144 0.52702
error matrix:
 -0.0923985 -0.372144 0.47298
delta matrix:
 -0.0154973 -0.173905 0.2358
weights_delta matrix:
 -0.00086673 -0.00972614 0.0131878
 -0.000745332 -0.00836385 0.0113406
 -0.00104232 -0.0116965 0.0158594
 -0.00111502 -0.0125123 0.0169656
 -0.00154973 -0.0173905 0.02358
weights matrix:
 -0.679632 0.0488391 0.00445078
 1.16609 -0.720016 -0.256768
 -1.45918 0.371088 1.12154
 -1.14157 -0.23132 1.00323
 0.475806 -0.0694176 -1.24177
regression_error on 'test' 0.106201
classification_error on 'test' 0.210526
Save,799,0.106201,0.210526
sample_count 75 Sample index 36
 i 0:0.744044 i 1:0.516233 i 2:0.702823 i 3:0.901998 bias 1
 test_print 3.8651
net matrix:
 -1.48314 -0.352617 0.322149
outputs matrix:
 0.048973 0.330653 0.655724
error matrix:
 -0.048973 -0.330653 0.344276
delta matrix:
 -0.0045618 -0.146361 0.15544
weights_delta matrix:
 -0.000339418 -0.0108899 0.0115655
 -0.000235495 -0.00755565 0.00802435
 -0.000320614 -0.0102866 0.0109247
 -0.000411474 -0.0132018 0.0140207
 -0.00045618 -0.0146361 0.015544
weights matrix:
 -0.679971 0.0379492 0.0160162
 1.16586 -0.727572 -0.248744
 -1.4595 0.360801 1.13246
 -1.14198 -0.244522 1.01725
 0.47535 -0.0840537 -1.22622
regression_error on 'test' 0.105217
classification_error on 'test' 0.210526
Save,800,0.105217,0.210526
sample_count 75 Sample index 11
 i 0:0.536183 i 1:0.198626 i 2:0.536492 i 3:0.427485 bias 1
 test_print 2.69879
net matrix:
 -0.928862 -0.119183 -0.224624
outputs matrix:
 0.134969 0.440689 0.389539
error matrix:
 -0.134969 0.559311 -0.389539
delta matrix:
 -0.0315157 0.27572 -0.185264
weights_delta matrix:
 -0.00168982 0.0147837 -0.00993353
 -0.000625984 0.00547653 -0.00367982
 -0.00169079 0.0147922 -0.00993925
 -0.00134725 0.0117866 -0.00791975
 -0.00315157 0.027572 -0.0185264
weights matrix:
 -0.681661 0.0527328 0.00608271
 1.16523 -0.722095 -0.252424
 -1.46119 0.375593 1.12252
 -1.14333 -0.232735 1.00933
 0.472198 -0.0564817 -1.24475
regression_error on 'test' 0.106446
classification_error on 'test' 0.210526
Save,801,0.106446,0.210526
sample_count 75 Sample index 43
 i 0:0.582374 i 1:0.198626 i 2:0.612097 i 3:0.60999 bias 1
 test_print 3.00309
net matrix:
 -1.28515 -0.0812651 0.0114319
outputs matrix:
 0.0710744 0.459457 0.505716
error matrix:
 -0.0710744 0.540543 -0.505716
delta matrix:
 -0.00938507 0.268495 -0.252825
weights_delta matrix:
 -0.000546562 0.0156364 -0.0147239
 -0.000186412 0.005333 -0.00502176
 -0.000574457 0.0164345 -0.0154753
 -0.00057248 0.0163779 -0.0154221
 -0.000938507 0.0268495 -0.0252825
weights matrix:
 -0.682208 0.0683692 -0.00864115
 1.16505 -0.716762 -0.257446
 -1.46177 0.392028 1.10705
 -1.1439 -0.216357 0.993911
 0.47126 -0.0296322 -1.27003
regression_error on 'test' 0.108737
classification_error on 'test' 0.157895
Save,802,0.108737,0.157895
sample_count 75 Sample index 35
 i 0:0.189749 i 1:0.233915 i 2:0.128226 i 3:0.171977 bias 1
 test_print 1.72387
net matrix:
 0.230171 -0.171261 -1.01901
outputs matrix:
 0.613096 0.415197 0.115269
error matrix:
 0.386904 -0.415197 -0.115269
delta matrix:
 0.183555 -0.201627 -0.0235106
weights_delta matrix:
 0.00348293 -0.00382585 -0.000446111
 0.00429362 -0.00471635 -0.000549948
 0.00235365 -0.00258538 -0.000301467
 0.00315672 -0.00346751 -0.000404328
 0.0183555 -0.0201627 -0.00235106
weights matrix:
 -0.678725 0.0645434 -0.00908727
 1.16934 -0.721479 -0.257996
 -1.45941 0.389442 1.10675
 -1.14075 -0.219825 0.993507
 0.489615 -0.0497949 -1.27238
regression_error on 'test' 0.107842
classification_error on 'test' 0.157895
Save,803,0.107842,0.157895
sample_count 75 Sample index 37
 i 0:0.720948 i 1:0.551523 i 2:0.82379 i 3:0.901998 bias 1
 test_print 3.99826
net matrix:
 -1.58599 -0.278638 0.386644
outputs matrix:
 0.0402335 0.364178 0.684232
error matrix:
 -0.0402335 -0.364178 0.315768
delta matrix:
 -0.00310722 -0.168653 0.136449
weights_delta matrix:
 -0.000224014 -0.012159 0.00983727
 -0.00017137 -0.00930158 0.00752548
 -0.00025597 -0.0138934 0.0112405
 -0.000280271 -0.0152124 0.0123077
 -0.000310722 -0.0168653 0.0136449
weights matrix:
 -0.678949 0.0523844 0.000750001
 1.16917 -0.73078 -0.25047
 -1.45967 0.375549 1.11799
 -1.14103 -0.235037 1.00581
 0.489304 -0.0666601 -1.25874
regression_error on 'test' 0.106156
classification_error on 'test' 0.210526
Save,804,0.106156,0.210526
sample_count 75 Sample index 61
 i 0:0.697853 i 1:0.480944 i 2:0.687702 i 3:0.682992 bias 1
 test_print 3.54949
net matrix:
 -1.20533 -0.283831 0.0771291
outputs matrix:
 0.0823637 0.361777 0.538488
error matrix:
 -0.0823637 0.638223 -0.538488
delta matrix:
 -0.0124501 0.294724 -0.267649
weights_delta matrix:
 -0.000868834 0.0205674 -0.0186779
 -0.00059878 0.0141746 -0.0128724
 -0.000856196 0.0202682 -0.0184063
 -0.000850332 0.0201294 -0.0182802
 -0.00124501 0.0294724 -0.0267649
weights matrix:
 -0.679818 0.0729518 -0.0179279
 1.16857 -0.716606 -0.263342
 -1.46053 0.395817 1.09958
 -1.14188 -0.214908 0.987534
 0.488059 -0.0371877 -1.2855
regression_error on 'test' 0.109175
classification_error on 'test' 0.157895
Save,805,0.109175,0.157895
sample_count 75 Sample index 3
 i 0:0.744044 i 1:0.516233 i 2:0.672581 i 3:0.60999 bias 1
 test_print 3.54285
net matrix:
 -1.09336 -0.217716 -0.0928444
outputs matrix:
 0.10095 0.39283 0.453711
error matrix:
 -0.10095 0.60717 -0.453711
delta matrix:
 -0.0183243 0.289638 -0.224911
weights_delta matrix:
 -0.00136341 0.0215503 -0.0167344
 -0.000945959 0.0149521 -0.0116107
 -0.00123246 0.0194805 -0.0151271
 -0.00111776 0.0176676 -0.0137193
 -0.00183243 0.0289638 -0.0224911
weights matrix:
 -0.681181 0.0945022 -0.0346623
 1.16762 -0.701654 -0.274953
 -1.46176 0.415298 1.08445
 -1.143 -0.19724 0.973815
 0.486227 -0.00822392 -1.30799
regression_error on 'test' 0.113256
classification_error on 'test' 0.0526316
Save,806,0.113256,0.0526316
sample_count 75 Sample index 73
 i 0:0.582374 i 1:0.410364 i 2:0.65746 i 3:0.719493 bias 1
 test_print 3.36969
net matrix:
 -1.21475 -0.109993 -0.0273728
outputs matrix:
 0.0809508 0.445224 0.486317
error matrix:
 -0.0809508 -0.445224 0.513683
delta matrix:
 -0.0120451 -0.21994 0.256649
weights_delta matrix:
 -0.000701476 -0.0128088 0.0149466
 -0.000494288 -0.00902556 0.010532
 -0.000791917 -0.0144602 0.0168737
 -0.000866637 -0.0158246 0.0184657
 -0.00120451 -0.021994 0.0256649
weights matrix:
 -0.681883 0.0816934 -0.0197157
 1.16713 -0.710679 -0.264421
 -1.46255 0.400837 1.10133
 -1.14386 -0.213065 0.992281
 0.485023 -0.030218 -1.28233
regression_error on 'test' 0.109668
classification_error on 'test' 0.157895
Save,807,0.109668,0.157895
sample_count 75 Sample index 43
 i 0:0.582374 i 1:0.198626 i 2:0.612097 i 3:0.60999 bias 1
 test_print 3.00309
net matrix:
 -1.27323 -0.00841728 -0.0669309
outputs matrix:
 0.0726643 0.495791 0.466584
error matrix:
 -0.0726643 0.504209 -0.466584
delta matrix:
 -0.00979284 0.252086 -0.23225
weights_delta matrix:
 -0.00057031 0.0146809 -0.0135256
 -0.000194511 0.00500709 -0.00461309
 -0.000599417 0.0154301 -0.014216
 -0.000597354 0.015377 -0.014167
 -0.000979284 0.0252086 -0.023225
weights matrix:
 -0.682453 0.0963743 -0.0332414
 1.16693 -0.705672 -0.269034
 -1.46315 0.416268 1.08711
 -1.14446 -0.197688 0.978114
 0.484043 -0.00500932 -1.30555
regression_error on 'test' 0.113042
classification_error on 'test' 0.0526316
Save,808,0.113042,0.0526316
sample_count 75 Sample index 22
 i 0:0.305227 i 1:0.233915 i 2:0.430645 i 3:0.427485 bias 1
 test_print 2.39727
net matrix:
 -0.570634 -0.0459056 -0.492343
outputs matrix:
 0.242088 0.477063 0.271963
error matrix:
 -0.242088 0.522937 -0.271963
delta matrix:
 -0.0888372 0.260918 -0.107697
weights_delta matrix:
 -0.00271155 0.00796393 -0.0032872
 -0.00207803 0.00610327 -0.00251919
 -0.00382573 0.0112363 -0.00463791
 -0.00379766 0.0111539 -0.00460388
 -0.00888372 0.0260918 -0.0107697
weights matrix:
 -0.685164 0.104338 -0.0365286
 1.16486 -0.699569 -0.271553
 -1.46698 0.427504 1.08247
 -1.14826 -0.186534 0.97351
 0.47516 0.0210825 -1.31632
regression_error on 'test' 0.115822
classification_error on 'test' 0.0526316
Save,809,0.115822,0.0526316
sample_count 75 Sample index 48
 i 0:0.744044 i 1:0.516233 i 2:0.748185 i 3:0.828996 bias 1
 test_print 3.83746
net matrix:
 -1.48277 -0.0972098 0.133239
outputs matrix:
 0.0490076 0.451548 0.566228
error matrix:
 -0.0490076 -0.451548 0.433772
delta matrix:
 -0.00456809 -0.223654 0.213081
weights_delta matrix:
 -0.000339886 -0.0166408 0.0158541
 -0.00023582 -0.0115457 0.0109999
 -0.000341777 -0.0167334 0.0159424
 -0.000378693 -0.0185408 0.0176643
 -0.000456809 -0.0223654 0.0213081
weights matrix:
 -0.685504 0.0876974 -0.0206744
 1.16462 -0.711115 -0.260554
 -1.46732 0.41077 1.09842
 -1.14864 -0.205075 0.991174
 0.474703 -0.00128287 -1.29502
regression_error on 'test' 0.111538
classification_error on 'test' 0.0789474
Save,810,0.111538,0.0789474
sample_count 75 Sample index 8
 i 0:0.489992 i 1:0.375074 i 2:0.702823 i 3:0.755994 bias 1
 test_print 3.32388
net matrix:
 -1.324 -0.0913689 0.118441
outputs matrix:
 0.0661129 0.454442 0.558945
error matrix:
 -0.0661129 -0.454442 0.441055
delta matrix:
 -0.00816388 -0.225335 0.217462
weights_delta matrix:
 -0.000400024 -0.0110412 0.0106555
 -0.000306206 -0.00845172 0.00815645
 -0.000573776 -0.015837 0.0152838
 -0.000617184 -0.0170352 0.01644
 -0.000816388 -0.0225335 0.0217462
weights matrix:
 -0.685904 0.0766562 -0.010019
 1.16431 -0.719566 -0.252397
 -1.46789 0.394933 1.1137
 -1.14925 -0.22211 1.00761
 0.473886 -0.0238163 -1.27327
regression_error on 'test' 0.108598
classification_error on 'test' 0.157895
Save,811,0.108598,0.157895
sample_count 75 Sample index 1
 i 0:0.582374 i 1:0.445654 i 2:0.581855 i 3:0.536988 bias 1
 test_print 3.14687
net matrix:
 -0.87792 -0.189328 -0.202497
outputs matrix:
 0.147312 0.406451 0.400113
error matrix:
 -0.147312 0.593549 -0.400113
delta matrix:
 -0.0370081 0.286386 -0.192072
weights_delta matrix:
 -0.00215526 0.0166784 -0.0111858
 -0.00164928 0.0127629 -0.00855978
 -0.00215334 0.0166635 -0.0111758
 -0.00198729 0.0153786 -0.0103141
 -0.00370081 0.0286386 -0.0192072
weights matrix:
 -0.68806 0.0933345 -0.0212048
 1.16267 -0.706803 -0.260957
 -1.47004 0.411597 1.10252
 -1.15124 -0.206731 0.9973
 0.470186 0.00482222 -1.29248
regression_error on 'test' 0.11179
classification_error on 'test' 0.0789474
Save,812,0.11179,0.0789474
sample_count 75 Sample index 36
 i 0:0.744044 i 1:0.516233 i 2:0.702823 i 3:0.901998 bias 1
 test_print 3.8651
net matrix:
 -1.51315 -0.1878 0.231474
outputs matrix:
 0.0462516 0.407189 0.613713
error matrix:
 -0.0462516 -0.407189 0.386287
delta matrix:
 -0.00408053 -0.196579 0.183153
weights_delta matrix:
 -0.000303609 -0.0146264 0.0136274
 -0.00021065 -0.0101481 0.00945499
 -0.000286789 -0.0138161 0.0128724
 -0.000368063 -0.0177314 0.0165204
 -0.000408053 -0.0196579 0.0183153
weights matrix:
 -0.688363 0.0787081 -0.00757733
 1.16245 -0.716952 -0.251502
 -1.47033 0.397781 1.1154
 -1.15161 -0.224463 1.01382
 0.469777 -0.0148357 -1.27416
regression_error on 'test' 0.108863
classification_error on 'test' 0.157895
Save,813,0.108863,0.157895
sample_count 75 Sample index 16
 i 0:0.60547 i 1:0.304495 i 2:0.687702 i 3:0.755994 bias 1
 test_print 3.35366
net matrix:
 -1.4748 -0.0816263 0.178173
outputs matrix:
 0.0497552 0.459277 0.588155
error matrix:
 -0.0497552 -0.459277 0.411845
delta matrix:
 -0.00470481 -0.228115 0.199521
weights_delta matrix:
 -0.000284862 -0.0138117 0.0120804
 -0.000143259 -0.006946 0.00607532
 -0.00032355 -0.0156875 0.0137211
 -0.00035568 -0.0172454 0.0150837
 -0.000470481 -0.0228115 0.0199521
weights matrix:
 -0.688648 0.0648964 0.00450308
 1.16231 -0.723898 -0.245427
 -1.47065 0.382093 1.12912
 -1.15196 -0.241708 1.0289
 0.469307 -0.0376472 -1.25421
regression_error on 'test' 0.106707
classification_error on 'test' 0.210526
Save,814,0.106707,0.210526
sample_count 75 Sample index 69
 i 0:0.628566 i 1:0.445654 i 2:0.581855 i 3:0.536988 bias 1
 test_print 3.19306
net matrix:
 -0.919864 -0.226935 -0.151262
outputs matrix:
 0.137084 0.388441 0.424941
error matrix:
 -0.137084 0.611559 -0.424941
delta matrix:
 -0.0324317 0.290557 -0.207682
weights_delta matrix:
 -0.00203855 0.0182634 -0.0130542
 -0.00144533 0.0129488 -0.00925544
 -0.00188705 0.0169062 -0.0120841
 -0.00174154 0.0156026 -0.0111523
 -0.00324317 0.0290557 -0.0207682
weights matrix:
 -0.690687 0.0831599 -0.00855112
 1.16087 -0.710949 -0.254682
 -1.47254 0.398999 1.11703
 -1.15371 -0.226106 1.01775
 0.466064 -0.00859152 -1.27498
regression_error on 'test' 0.109244
classification_error on 'test' 0.157895
Save,815,0.109244,0.157895
sample_count 75 Sample index 60
 i 0:0.559279 i 1:0.410364 i 2:0.536492 i 3:0.536988 bias 1
 test_print 3.04312
net matrix:
 -0.853378 -0.161186 -0.238472
outputs matrix:
 0.153585 0.420098 0.382974
error matrix:
 -0.153585 0.579902 -0.382974
delta matrix:
 -0.0399311 0.282546 -0.180997
weights_delta matrix:
 -0.00223326 0.0158022 -0.0101228
 -0.00163863 0.0115947 -0.00742748
 -0.00214227 0.0151584 -0.00971036
 -0.00214425 0.0151724 -0.00971934
 -0.00399311 0.0282546 -0.0180997
weights matrix:
 -0.69292 0.0989621 -0.0186739
 1.15923 -0.699354 -0.262109
 -1.47468 0.414158 1.10732
 -1.15585 -0.210933 1.00803
 0.462071 0.0196631 -1.29308
regression_error on 'test' 0.11244
classification_error on 'test' 0.0789474
Save,816,0.11244,0.0789474
sample_count 75 Sample index 14
 i 0:0.697853 i 1:0.516233 i 2:0.778427 i 3:0.938499 bias 1
 test_print 3.93101
net matrix:
 -1.65575 -0.147874 0.36659
outputs matrix:
 0.0351787 0.426597 0.675503
error matrix:
 -0.0351787 -0.426597 0.324497
delta matrix:
 -0.00238801 -0.208702 0.142259
weights_delta matrix:
 -0.000166648 -0.0145643 0.00992758
 -0.000123277 -0.0107739 0.00734387
 -0.000185889 -0.0162459 0.0110738
 -0.000224114 -0.0195866 0.013351
 -0.000238801 -0.0208702 0.0142259
weights matrix:
 -0.693087 0.0843978 -0.00874634
 1.1591 -0.710128 -0.254766
 -1.47487 0.397912 1.1184
 -1.15607 -0.23052 1.02138
 0.461832 -0.00120703 -1.27885
regression_error on 'test' 0.109418
classification_error on 'test' 0.157895
Save,817,0.109418,0.157895
sample_count 75 Sample index 23
 i 0:0.975 i 1:0.763262 i 2:0.899395 i 3:0.792495 bias 1
 test_print 4.43015
net matrix:
 -1.5719 -0.285739 0.333491
outputs matrix:
 0.0413362 0.360896 0.660827
error matrix:
 -0.0413362 -0.360896 0.339173
delta matrix:
 -0.00327611 -0.166481 0.152041
weights_delta matrix:
 -0.00031942 -0.0162319 0.014824
 -0.000250053 -0.0127069 0.0116047
 -0.000294651 -0.0149733 0.0136745
 -0.00025963 -0.0131936 0.0120492
 -0.000327611 -0.0166481 0.0152041
weights matrix:
 -0.693406 0.0681659 0.00607765
 1.15885 -0.722835 -0.243161
 -1.47516 0.382939 1.13207
 -1.15633 -0.243713 1.03343
 0.461504 -0.0178552 -1.26365
regression_error on 'test' 0.107268
classification_error on 'test' 0.184211
Save,818,0.107268,0.184211
sample_count 75 Sample index 65
 i 0:0.928809 i 1:0.410364 i 2:0.944758 i 3:0.792495 bias 1
 test_print 4.07643
net matrix:
 -2.01705 -0.0825247 0.530738
outputs matrix:
 0.0173938 0.458831 0.742972
error matrix:
 -0.0173938 -0.458831 0.257028
delta matrix:
 -0.000594564 -0.22786 0.0981663
weights_delta matrix:
 -5.52236e-05 -0.0211639 0.00911777
 -2.43988e-05 -0.00935056 0.00402839
 -5.61719e-05 -0.0215273 0.00927434
 -4.71189e-05 -0.0180578 0.00777963
 -5.94564e-05 -0.022786 0.00981663
weights matrix:
 -0.693461 0.047002 0.0151954
 1.15883 -0.732185 -0.239132
 -1.47522 0.361411 1.14135
 -1.15638 -0.261771 1.04121
 0.461445 -0.0406412 -1.25383
regression_error on 'test' 0.105536
classification_error on 'test' 0.210526
Save,819,0.105536,0.210526
sample_count 75 Sample index 51
 i 0:0.628566 i 1:0.516233 i 2:0.763306 i 3:0.719493 bias 1
 test_print 3.6276
net matrix:
 -1.33427 -0.301551 0.252614
outputs matrix:
 0.0648557 0.353635 0.623687
error matrix:
 -0.0648557 -0.353635 0.376313
delta matrix:
 -0.00786693 -0.161666 0.176642
weights_delta matrix:
 -0.000494489 -0.0101617 0.0111031
 -0.000406117 -0.00834571 0.00911886
 -0.000600488 -0.01234 0.0134832
 -0.00056602 -0.0116317 0.0127093
 -0.000786693 -0.0161666 0.0176642
weights matrix:
 -0.693956 0.0368403 0.0262986
 1.15842 -0.740531 -0.230014
 -1.47582 0.349071 1.15483
 -1.15695 -0.273403 1.05392
 0.460658 -0.0568077 -1.23617
regression_error on 'test' 0.104833
classification_error on 'test' 0.210526
Save,820,0.104833,0.210526
sample_count 75 Sample index 12
 i 0:0.166653 i 1:0.480944 i 2:0.128226 i 3:0.135476 bias 1
 test_print 1.9113
net matrix:
 0.556168 -0.399102 -1.05155
outputs matrix:
 0.752564 0.31041 0.108796
error matrix:
 0.247436 -0.31041 -0.108796
delta matrix:
 0.0921506 -0.13289 -0.0210978
weights_delta matrix:
 0.00153572 -0.00221465 -0.000351601
 0.00443193 -0.00639126 -0.00101468
 0.00118161 -0.001704 -0.000270528
 0.00124842 -0.00180034 -0.000285824
 0.00921506 -0.013289 -0.00210978
weights matrix:
 -0.69242 0.0346256 0.025947
 1.16286 -0.746922 -0.231028
 -1.47464 0.347367 1.15456
 -1.1557 -0.275203 1.05364
 0.469873 -0.0700967 -1.23828
regression_error on 'test' 0.104436
classification_error on 'test' 0.210526
Save,821,0.104436,0.210526
sample_count 75 Sample index 25
 i 0:0.628566 i 1:0.410364 i 2:0.778427 i 3:0.865497 bias 1
 test_print 3.68285
net matrix:
 -1.63632 -0.32263 0.493886
outputs matrix:
 0.036522 0.344059 0.728648
error matrix:
 -0.036522 -0.344059 0.271352
delta matrix:
 -0.00257029 -0.155296 0.107304
weights_delta matrix:
 -0.000161559 -0.00976137 0.00674475
 -0.000105475 -0.00637278 0.00440336
 -0.000200078 -0.0120886 0.00835281
 -0.000222458 -0.0134408 0.0092871
 -0.000257029 -0.0155296 0.0107304
weights matrix:
 -0.692582 0.0248642 0.0326917
 1.16275 -0.753295 -0.226625
 -1.47484 0.335279 1.16291
 -1.15592 -0.288644 1.06292
 0.469616 -0.0856263 -1.22755
regression_error on 'test' 0.104175
classification_error on 'test' 0.236842
Save,822,0.104175,0.236842
sample_count 75 Sample index 21
 i 0:0.836426 i 1:0.445654 i 2:0.884274 i 3:0.719493 bias 1
 test_print 3.88585
net matrix:
 -1.72733 -0.311737 0.4919
outputs matrix:
 0.0306301 0.348992 0.727862
error matrix:
 -0.0306301 -0.348992 0.272138
delta matrix:
 -0.00181893 -0.158579 0.10781
weights_delta matrix:
 -0.00015214 -0.013264 0.00901749
 -8.10613e-05 -0.00706715 0.00480459
 -0.000160843 -0.0140228 0.00953334
 -0.000130871 -0.0114097 0.00775684
 -0.000181893 -0.0158579 0.010781
weights matrix:
 -0.692734 0.0116003 0.0417092
 1.16267 -0.760362 -0.22182
 -1.475 0.321256 1.17244
 -1.15605 -0.300054 1.07068
 0.469434 -0.101484 -1.21676
regression_error on 'test' 0.104212
classification_error on 'test' 0.263158
Save,823,0.104212,0.263158
sample_count 75 Sample index 49
 i 0:0.397609 i 1:0.480944 i 2:0.612097 i 3:0.60999 bias 1
 test_print 3.10064
net matrix:
 -0.854847 -0.448953 0.0638901
outputs matrix:
 0.153203 0.289481 0.531902
error matrix:
 -0.153203 0.710519 -0.531902
delta matrix:
 -0.0397508 0.292282 -0.264868
weights_delta matrix:
 -0.00158053 0.0116214 -0.0105314
 -0.00191179 0.0140571 -0.0127387
 -0.00243313 0.0178905 -0.0162125
 -0.00242476 0.0178289 -0.0161567
 -0.00397508 0.0292282 -0.0264868
weights matrix:
 -0.694314 0.0232216 0.0311778
 1.16076 -0.746305 -0.234559
 -1.47743 0.339146 1.15623
 -1.15848 -0.282225 1.05452
 0.465459 -0.0722561 -1.24325
regression_error on 'test' 0.104214
classification_error on 'test' 0.236842
Save,824,0.104214,0.236842
sample_count 75 Sample index 56
 i 0:0.328323 i 1:0.727972 i 2:0.158468 i 3:0.208478 bias 1
 test_print 2.42324
net matrix:
 0.606856 -0.613015 -1.0007
outputs matrix:
 0.770955 0.226877 0.119057
error matrix:
 0.229045 -0.226877 -0.119057
delta matrix:
 0.0808911 -0.0795902 -0.0249739
weights_delta matrix:
 0.00265584 -0.00261313 -0.000819949
 0.00588864 -0.00579394 -0.00181803
 0.00128186 -0.00126125 -0.000395756
 0.0016864 -0.00165928 -0.00052065
 0.00808911 -0.00795902 -0.00249739
weights matrix:
 -0.691658 0.0206085 0.0303579
 1.16665 -0.752099 -0.236377
 -1.47615 0.337885 1.15584
 -1.15679 -0.283884 1.054
 0.473548 -0.0802151 -1.24575
regression_error on 'test' 0.103945
classification_error on 'test' 0.236842
Save,825,0.103945,0.236842
sample_count 75 Sample index 63
 i 0:0.420705 i 1:0.904421 i 2:0.143347 i 3:0.135476 bias 1
 test_print 2.60395
net matrix:
 0.869384 -0.741784 -1.13828
outputs matrix:
 0.850531 0.184889 0.0930823
error matrix:
 0.149469 -0.184889 -0.0930823
delta matrix:
 0.0380036 -0.0557275 -0.0157156
weights_delta matrix:
 0.00159883 -0.00234448 -0.000661165
 0.00343713 -0.00504011 -0.00142136
 0.00054477 -0.000798837 -0.000225279
 0.000514858 -0.000754974 -0.000212909
 0.00380036 -0.00557275 -0.00157156
weights matrix:
 -0.69006 0.018264 0.0296967
 1.17008 -0.757139 -0.237798
 -1.47561 0.337086 1.15561
 -1.15628 -0.284639 1.05379
 0.477349 -0.0857879 -1.24732
regression_error on 'test' 0.103792
classification_error on 'test' 0.236842
Save,826,0.103792,0.236842
sample_count 75 Sample index 57
 i 0:0.374514 i 1:0.727972 i 2:0.158468 i 3:0.135476 bias 1
 test_print 2.39643
net matrix:
 0.680215 -0.615268 -1.08342
outputs matrix:
 0.79583 0.226088 0.102768
error matrix:
 0.20417 -0.226088 -0.102768
delta matrix:
 0.0663491 -0.079118 -0.0189519
weights_delta matrix:
 0.00248487 -0.00296308 -0.000709776
 0.00483003 -0.00575957 -0.00137965
 0.00105142 -0.00125377 -0.000300327
 0.000898871 -0.00107186 -0.000256753
 0.00663491 -0.0079118 -0.00189519
weights matrix:
 -0.687575 0.0153009 0.0289869
 1.17491 -0.762899 -0.239178
 -1.47456 0.335833 1.15531
 -1.15538 -0.285711 1.05353
 0.483984 -0.0936997 -1.24922
regression_error on 'test' 0.103609
classification_error on 'test' 0.236842
Save,827,0.103609,0.236842
sample_count 75 Sample index 0
 i 0:0.282131 i 1:0.269205 i 2:0.430645 i 3:0.427485 bias 1
 test_print 2.40947
net matrix:
 -0.522626 -0.272271 -0.357527
outputs matrix:
 0.260138 0.367131 0.328483
error matrix:
 -0.260138 0.632869 -0.328483
delta matrix:
 -0.100135 0.294089 -0.144915
weights_delta matrix:
 -0.00282513 0.00829716 -0.0040885
 -0.0026957 0.00791702 -0.00390118
 -0.00431228 0.0126648 -0.00624069
 -0.00428064 0.0125719 -0.00619489
 -0.0100135 0.0294089 -0.0144915
weights matrix:
 -0.6904 0.0235981 0.0248984
 1.17222 -0.754982 -0.243079
 -1.47887 0.348497 1.14907
 -1.15966 -0.273139 1.04734
 0.47397 -0.0642908 -1.26371
regression_error on 'test' 0.104093
classification_error on 'test' 0.210526
Save,828,0.104093,0.210526
sample_count 75 Sample index 10
 i 0:0.697853 i 1:0.304495 i 2:0.808669 i 3:0.719493 bias 1
 test_print 3.53051
net matrix:
 -1.68117 -0.192414 0.362422
outputs matrix:
 0.0334932 0.404963 0.673673
error matrix:
 -0.0334932 -0.404963 0.326327
delta matrix:
 -0.00216845 -0.195166 0.143478
weights_delta matrix:
 -0.000151326 -0.0136197 0.0100127
 -6.60281e-05 -0.00594272 0.00436884
 -0.000175355 -0.0157825 0.0116026
 -0.000156018 -0.0140421 0.0103232
 -0.000216845 -0.0195166 0.0143478
weights matrix:
 -0.690551 0.00997836 0.0349111
 1.17215 -0.760924 -0.23871
 -1.47904 0.332715 1.16067
 -1.15981 -0.287181 1.05766
 0.473753 -0.0838074 -1.24936
regression_error on 'test' 0.103652
classification_error on 'test' 0.236842
Save,829,0.103652,0.236842
sample_count 75 Sample index 67
 i 0:0.443801 i 1:0.375074 i 2:0.566734 i 3:0.536988 bias 1
 test_print 2.9226
net matrix:
 -0.8541 -0.330434 -0.0976556
outputs matrix:
 0.153397 0.340545 0.451327
error matrix:
 -0.153397 0.659455 -0.451327
delta matrix:
 -0.0398423 0.296193 -0.223525
weights_delta matrix:
 -0.00176821 0.0131451 -0.00992006
 -0.00149438 0.0111094 -0.00838384
 -0.002258 0.0167863 -0.0126679
 -0.00213949 0.0159052 -0.012003
 -0.00398423 0.0296193 -0.0223525
weights matrix:
 -0.692319 0.0231234 0.024991
 1.17066 -0.749815 -0.247094
 -1.4813 0.349501 1.14801
 -1.16195 -0.271276 1.04566
 0.469769 -0.0541881 -1.27171
regression_error on 'test' 0.104291
classification_error on 'test' 0.210526
Save,830,0.104291,0.210526
sample_count 75 Sample index 36
 i 0:0.744044 i 1:0.516233 i 2:0.702823 i 3:0.901998 bias 1
 test_print 3.8651
net matrix:
 -1.53019 -0.423115 0.36935
outputs matrix:
 0.0447717 0.300224 0.676712
error matrix:
 -0.0447717 -0.300224 0.323288
delta matrix:
 -0.00382953 -0.126148 0.141454
weights_delta matrix:
 -0.000284934 -0.00938596 0.0105248
 -0.000197693 -0.00651217 0.0073023
 -0.000269148 -0.00886597 0.00994168
 -0.000345422 -0.0113785 0.0127591
 -0.000382953 -0.0126148 0.0141454
weights matrix:
 -0.692604 0.0137375 0.0355158
 1.17046 -0.756327 -0.239792
 -1.48157 0.340635 1.15795
 -1.1623 -0.282655 1.05842
 0.469386 -0.0668029 -1.25757
regression_error on 'test' 0.103824
classification_error on 'test' 0.210526
Save,831,0.103824,0.210526
sample_count 75 Sample index 73
 i 0:0.582374 i 1:0.410364 i 2:0.65746 i 3:0.719493 bias 1
 test_print 3.36969
net matrix:
 -1.26399 -0.348586 0.187542
outputs matrix:
 0.0739194 0.33244 0.592687
error matrix:
 -0.0739194 -0.33244 0.407313
delta matrix:
 -0.0101204 -0.147552 0.196658
weights_delta matrix:
 -0.000589384 -0.00859306 0.0114529
 -0.000415303 -0.00605502 0.00807014
 -0.000665373 -0.00970097 0.0129295
 -0.000728153 -0.0106163 0.0141494
 -0.00101204 -0.0147552 0.0196658
weights matrix:
 -0.693194 0.00514442 0.0469686
 1.17004 -0.762382 -0.231722
 -1.48224 0.330934 1.17088
 -1.16303 -0.293271 1.07257
 0.468374 -0.0815581 -1.2379
regression_error on 'test' 0.103782
classification_error on 'test' 0.236842
Save,832,0.103782,0.236842
sample_count 75 Sample index 36
 i 0:0.744044 i 1:0.516233 i 2:0.702823 i 3:0.901998 bias 1
 test_print 3.8651
net matrix:
 -1.53417 -0.503239 0.467795
outputs matrix:
 0.0444319 0.26767 0.718208
error matrix:
 -0.0444319 -0.26767 0.281792
delta matrix:
 -0.00377296 -0.104939 0.114061
weights_delta matrix:
 -0.000280725 -0.0078079 0.00848664
 -0.000194773 -0.00541728 0.00588821
 -0.000265172 -0.00737533 0.00801647
 -0.00034032 -0.00946545 0.0102883
 -0.000377296 -0.0104939 0.0114061
weights matrix:
 -0.693474 -0.00266348 0.0554553
 1.16985 -0.7678 -0.225834
 -1.4825 0.323559 1.17889
 -1.16337 -0.302736 1.08285
 0.467997 -0.092052 -1.22649
regression_error on 'test' 0.103962
classification_error on 'test' 0.263158
Save,833,0.103962,0.263158
sample_count 75 Sample index 49
 i 0:0.397609 i 1:0.480944 i 2:0.612097 i 3:0.60999 bias 1
 test_print 3.10064
net matrix:
 -0.862179 -0.448996 0.069069
outputs matrix:
 0.151311 0.289463 0.53448
error matrix:
 -0.151311 0.710537 -0.53448
delta matrix:
 -0.0388613 0.292278 -0.265969
weights_delta matrix:
 -0.00154516 0.0116212 -0.0105752
 -0.00186901 0.0140569 -0.0127916
 -0.00237869 0.0178903 -0.0162799
 -0.0023705 0.0178287 -0.0162238
 -0.00388613 0.0292278 -0.0265969
weights matrix:
 -0.69502 0.00895777 0.0448801
 1.16798 -0.753743 -0.238625
 -1.48488 0.341449 1.16261
 -1.16574 -0.284908 1.06663
 0.464111 -0.0628242 -1.25309
regression_error on 'test' 0.103875
classification_error on 'test' 0.236842
Save,834,0.103875,0.236842
sample_count 75 Sample index 35
 i 0:0.189749 i 1:0.233915 i 2:0.128226 i 3:0.171977 bias 1
 test_print 1.72387
net matrix:
 0.214559 -0.242651 -0.96788
outputs matrix:
 0.605663 0.381001 0.126114
error matrix:
 0.394337 -0.381001 -0.126114
delta matrix:
 0.188363 -0.17971 -0.027798
weights_delta matrix:
 0.00357417 -0.00340998 -0.000527464
 0.0044061 -0.00420368 -0.000650237
 0.0024153 -0.00230435 -0.000356443
 0.00323941 -0.0030906 -0.000478062
 0.0188363 -0.017971 -0.0027798
weights matrix:
 -0.691445 0.00554779 0.0443527
 1.17239 -0.757946 -0.239275
 -1.48246 0.339145 1.16226
 -1.1625 -0.287998 1.06615
 0.482947 -0.0807952 -1.25587
regression_error on 'test' 0.103475
classification_error on 'test' 0.236842
Save,835,0.103475,0.236842
sample_count 75 Sample index 74
 i 0:0.443801 i 1:0.480944 i 2:0.551613 i 3:0.536988 bias 1
 test_print 3.01335
net matrix:
 -0.702059 -0.410438 -0.137638
outputs matrix:
 0.197164 0.305578 0.431612
error matrix:
 -0.197164 0.694422 -0.431612
delta matrix:
 -0.0624181 0.294713 -0.211769
weights_delta matrix:
 -0.00277012 0.0130794 -0.00939832
 -0.00300196 0.014174 -0.0101849
 -0.00344306 0.0162567 -0.0116814
 -0.00335177 0.0158257 -0.0113717
 -0.00624181 0.0294713 -0.0211769
weights matrix:
 -0.694215 0.0186272 0.0349543
 1.16938 -0.743772 -0.24946
 -1.48591 0.355402 1.15058
 -1.16585 -0.272172 1.05478
 0.476705 -0.0513239 -1.27705
regression_error on 'test' 0.104145
classification_error on 'test' 0.210526
Save,836,0.104145,0.210526
sample_count 75 Sample index 29
 i 0:0.420705 i 1:0.304495 i 2:0.536492 i 3:0.536988 bias 1
 test_print 2.79868
net matrix:
 -0.882508 -0.225445 -0.154623
outputs matrix:
 0.146163 0.389149 0.423299
error matrix:
 -0.146163 0.610851 -0.423299
delta matrix:
 -0.0364823 0.290413 -0.206669
weights_delta matrix:
 -0.00153483 0.0122178 -0.00869466
 -0.00111087 0.00884294 -0.00629296
 -0.00195724 0.0155804 -0.0110876
 -0.00195905 0.0155948 -0.0110979
 -0.00364823 0.0290413 -0.0206669
weights matrix:
 -0.69575 0.030845 0.0262597
 1.16827 -0.734929 -0.255753
 -1.48786 0.370982 1.13949
 -1.16781 -0.256578 1.04368
 0.473057 -0.0222826 -1.29771
regression_error on 'test' 0.105499
classification_error on 'test' 0.210526
Save,837,0.105499,0.210526
sample_count 75 Sample index 10
 i 0:0.697853 i 1:0.304495 i 2:0.808669 i 3:0.719493 bias 1
 test_print 3.53051
net matrix:
 -1.70016 -0.109144 0.315126
outputs matrix:
 0.0322854 0.445644 0.652546
error matrix:
 -0.0322854 -0.445644 0.347454
delta matrix:
 -0.00201739 -0.220189 0.157556
weights_delta matrix:
 -0.000140784 -0.0153659 0.0109951
 -6.14285e-05 -0.00670463 0.0047975
 -0.00016314 -0.017806 0.0127411
 -0.00014515 -0.0158424 0.011336
 -0.000201739 -0.0220189 0.0157556
weights matrix:
 -0.695891 0.0154791 0.0372548
 1.16821 -0.741634 -0.250956
 -1.48803 0.353176 1.15223
 -1.16795 -0.27242 1.05502
 0.472855 -0.0443014 -1.28196
regression_error on 'test' 0.104203
classification_error on 'test' 0.210526
Save,838,0.104203,0.210526
sample_count 75 Sample index 43
 i 0:0.582374 i 1:0.198626 i 2:0.612097 i 3:0.60999 bias 1
 test_print 3.00309
net matrix:
 -1.32363 -0.13259 0.0387173
outputs matrix:
 0.0661576 0.434091 0.519349
error matrix:
 -0.0661576 0.565909 -0.519349
delta matrix:
 -0.00817454 0.278038 -0.259286
weights_delta matrix:
 -0.000476064 0.0161922 -0.0151001
 -0.000162368 0.00552256 -0.00515009
 -0.000500361 0.0170186 -0.0158708
 -0.000498639 0.01696 -0.0158162
 -0.000817454 0.0278038 -0.0259286
weights matrix:
 -0.696367 0.0316713 0.0221546
 1.16805 -0.736111 -0.256106
 -1.48853 0.370195 1.13636
 -1.16845 -0.25546 1.0392
 0.472038 -0.0164976 -1.30789
regression_error on 'test' 0.10581
classification_error on 'test' 0.184211
Save,839,0.10581,0.184211
sample_count 75 Sample index 51
 i 0:0.628566 i 1:0.516233 i 2:0.763306 i 3:0.719493 bias 1
 test_print 3.6276
net matrix:
 -1.33958 -0.277825 0.188915
outputs matrix:
 0.0642138 0.364555 0.59335
error matrix:
 -0.0642138 -0.364555 0.40665
delta matrix:
 -0.00771726 -0.168901 0.196238
weights_delta matrix:
 -0.000485081 -0.0106166 0.0123348
 -0.00039839 -0.00871925 0.0101304
 -0.000589063 -0.0128923 0.014979
 -0.000555251 -0.0121523 0.0141192
 -0.000771726 -0.0168901 0.0196238
weights matrix:
 -0.696852 0.0210547 0.0344895
 1.16765 -0.744831 -0.245975
 -1.48912 0.357302 1.15134
 -1.16901 -0.267612 1.05332
 0.471266 -0.0333878 -1.28826
regression_error on 'test' 0.104518
classification_error on 'test' 0.210526
Save,840,0.104518,0.210526
sample_count 75 Sample index 35
 i 0:0.189749 i 1:0.233915 i 2:0.128226 i 3:0.171977 bias 1
 test_print 1.72387
net matrix:
 0.220184 -0.203827 -1.01048
outputs matrix:
 0.608347 0.399475 0.11702
error matrix:
 0.391653 -0.399475 -0.11702
delta matrix:
 0.186631 -0.191664 -0.0241825
weights_delta matrix:
 0.00354131 -0.0036368 -0.000458861
 0.00436559 -0.0044833 -0.000565665
 0.0023931 -0.00245763 -0.000310083
 0.00320963 -0.00329617 -0.000415884
 0.0186631 -0.0191664 -0.00241825
weights matrix:
 -0.693311 0.0174179 0.0340306
 1.17202 -0.749314 -0.246541
 -1.48672 0.354845 1.15103
 -1.1658 -0.270908 1.05291
 0.489929 -0.0525541 -1.29068
regression_error on 'test' 0.103943
classification_error on 'test' 0.210526
Save,841,0.103943,0.210526
sample_count 75 Sample index 51
 i 0:0.628566 i 1:0.516233 i 2:0.763306 i 3:0.719493 bias 1
 test_print 3.6276
net matrix:
 -1.31444 -0.352488 0.23958
outputs matrix:
 0.067303 0.33071 0.617549
error matrix:
 -0.067303 -0.33071 0.382451
delta matrix:
 -0.00844967 -0.146399 0.180656
weights_delta matrix:
 -0.000531118 -0.00920216 0.0113554
 -0.0004362 -0.00755761 0.00932606
 -0.000644969 -0.0111747 0.0137896
 -0.000607948 -0.0105333 0.0129981
 -0.000844967 -0.0146399 0.0180656
weights matrix:
 -0.693842 0.00821576 0.045386
 1.17158 -0.756872 -0.237215
 -1.48737 0.34367 1.16482
 -1.16641 -0.281442 1.0659
 0.489084 -0.067194 -1.27262
regression_error on 'test' 0.103426
classification_error on 'test' 0.210526
Save,842,0.103426,0.210526
sample_count 75 Sample index 30
 i 0:0.559279 i 1:0.410364 i 2:0.642339 i 3:0.500487 bias 1
 test_print 3.11247
net matrix:
 -0.957359 -0.293297 -0.0628997
outputs matrix:
 0.128452 0.357417 0.468592
error matrix:
 -0.128452 0.642583 -0.468592
delta matrix:
 -0.0287609 0.295164 -0.233371
weights_delta matrix:
 -0.00160854 0.0165079 -0.013052
 -0.00118024 0.0121125 -0.00957672
 -0.00184742 0.0189595 -0.0149903
 -0.00143944 0.0147726 -0.0116799
 -0.00287609 0.0295164 -0.0233371
weights matrix:
 -0.695451 0.0247237 0.0323341
 1.1704 -0.744759 -0.246792
 -1.48922 0.36263 1.14983
 -1.16785 -0.266669 1.05422
 0.486208 -0.0376776 -1.29595
regression_error on 'test' 0.104407
classification_error on 'test' 0.210526
Save,843,0.104407,0.210526
sample_count 75 Sample index 49
 i 0:0.397609 i 1:0.480944 i 2:0.612097 i 3:0.60999 bias 1
 test_print 3.10064
net matrix:
 -0.851331 -0.326736 -0.0549193
outputs matrix:
 0.154118 0.342208 0.472568
error matrix:
 -0.154118 0.657792 -0.472568
delta matrix:
 -0.0401833 0.29614 -0.235573
weights_delta matrix:
 -0.00159773 0.0117748 -0.00936658
 -0.00193259 0.0142427 -0.0113297
 -0.00245961 0.0181267 -0.0144193
 -0.00245114 0.0180643 -0.0143697
 -0.00401833 0.029614 -0.0235573
weights matrix:
 -0.697048 0.0364985 0.0229675
 1.16847 -0.730516 -0.258122
 -1.49168 0.380756 1.13541
 -1.1703 -0.248605 1.03985
 0.48219 -0.00806361 -1.31951
regression_error on 'test' 0.106389
classification_error on 'test' 0.157895
Save,844,0.106389,0.157895
sample_count 75 Sample index 68
 i 0:0.305227 i 1:0.657392 i 2:0.173589 i 3:0.281481 bias 1
 test_print 2.41769
net matrix:
 0.449218 -0.481041 -0.992394
outputs matrix:
 0.710628 0.276461 0.120809
error matrix:
 0.289372 -0.276461 -0.120809
delta matrix:
 0.11901 -0.110601 -0.0256634
weights_delta matrix:
 0.00363252 -0.00337585 -0.000783315
 0.00782365 -0.00727085 -0.00168709
 0.00206589 -0.00191992 -0.000445488
 0.00334992 -0.00311322 -0.000722375
 0.011901 -0.0110601 -0.00256634
weights matrix:
 -0.693416 0.0331226 0.0221842
 1.17629 -0.737787 -0.259809
 -1.48961 0.378836 1.13496
 -1.16695 -0.251718 1.03913
 0.494091 -0.0191237 -1.32208
regression_error on 'test' 0.105799
classification_error on 'test' 0.157895
Save,845,0.105799,0.157895
sample_count 75 Sample index 1
 i 0:0.582374 i 1:0.445654 i 2:0.581855 i 3:0.536988 bias 1
 test_print 3.14687
net matrix:
 -0.878891 -0.243374 -0.206558
outputs matrix:
 0.147068 0.38066 0.398165
error matrix:
 -0.147068 0.61934 -0.398165
delta matrix:
 -0.0368963 0.292029 -0.190824
weights_delta matrix:
 -0.00214874 0.017007 -0.0111131
 -0.0016443 0.0130144 -0.00850416
 -0.00214683 0.0169918 -0.0111032
 -0.00198129 0.0156816 -0.010247
 -0.00368963 0.0292029 -0.0190824
weights matrix:
 -0.695565 0.0501296 0.0110711
 1.17465 -0.724773 -0.268313
 -1.49176 0.395828 1.12386
 -1.16893 -0.236037 1.02889
 0.490401 0.0100791 -1.34116
regression_error on 'test' 0.108447
classification_error on 'test' 0.157895
Save,846,0.108447,0.157895
sample_count 75 Sample index 34
 i 0:0.767139 i 1:0.551523 i 2:0.642339 i 3:0.573489 bias 1
 test_print 3.53449
net matrix:
 -1.02393 -0.232302 -0.168695
outputs matrix:
 0.114269 0.385894 0.416443
error matrix:
 -0.114269 0.614106 -0.416443
delta matrix:
 -0.0231307 0.291061 -0.202407
weights_delta matrix:
 -0.00177444 0.0223285 -0.0155274
 -0.00127571 0.0160527 -0.0111632
 -0.00148577 0.018696 -0.0130014
 -0.00132652 0.0166921 -0.0116078
 -0.00231307 0.0291061 -0.0202407
weights matrix:
 -0.697339 0.0724581 -0.00445633
 1.17337 -0.70872 -0.279476
 -1.49324 0.414524 1.11086
 -1.17025 -0.219345 1.01728
 0.488088 0.0391853 -1.3614
regression_error on 'test' 0.11251
classification_error on 'test' 0.0789474
Save,847,0.11251,0.0789474
sample_count 75 Sample index 59
 i 0:0.60547 i 1:0.233915 i 2:0.596976 i 3:0.536988 bias 1
 test_print 2.97335
net matrix:
 -1.1795 0.0469517 -0.220052
outputs matrix:
 0.0863526 0.523459 0.391716
error matrix:
 -0.0863526 0.476541 -0.391716
delta matrix:
 -0.0136257 0.237746 -0.186672
weights_delta matrix:
 -0.000824996 0.0143948 -0.0113024
 -0.000318726 0.00556124 -0.00436654
 -0.000813422 0.0141929 -0.0111439
 -0.000731684 0.0127667 -0.0100241
 -0.00136257 0.0237746 -0.0186672
weights matrix:
 -0.698164 0.0868529 -0.0157588
 1.17305 -0.703159 -0.283843
 -1.49406 0.428717 1.09971
 -1.17099 -0.206578 1.00725
 0.486725 0.0629599 -1.38007
regression_error on 'test' 0.116296
classification_error on 'test' 0.0526316
Save,848,0.116296,0.0526316
sample_count 75 Sample index 24
 i 0:0.466896 i 1:0.445654 i 2:0.566734 i 3:0.536988 bias 1
 test_print 3.01627
net matrix:
 -0.792007 -0.0778158 -0.349794
outputs matrix:
 0.170228 0.46117 0.331904
error matrix:
 -0.170228 0.53883 -0.331904
delta matrix:
 -0.0480895 0.26779 -0.147195
weights_delta matrix:
 -0.00224528 0.012503 -0.00687248
 -0.00214313 0.0119342 -0.00655981
 -0.00272539 0.0151766 -0.00834205
 -0.00258235 0.01438 -0.0079042
 -0.00480895 0.026779 -0.0147195
weights matrix:
 -0.700409 0.0993559 -0.0226312
 1.17091 -0.691225 -0.290402
 -1.49678 0.443894 1.09137
 -1.17357 -0.192198 0.999349
 0.481916 0.0897389 -1.39479
regression_error on 'test' 0.120831
classification_error on 'test' 0.131579
Save,849,0.120831,0.131579
sample_count 75 Sample index 1
 i 0:0.582374 i 1:0.445654 i 2:0.581855 i 3:0.536988 bias 1
 test_print 3.14687
net matrix:
 -0.905265 -0.00537215 -0.365728
outputs matrix:
 0.140574 0.497314 0.324875
error matrix:
 -0.140574 0.502686 -0.324875
delta matrix:
 -0.0339664 0.251336 -0.142511
weights_delta matrix:
 -0.00197811 0.0146371 -0.00829945
 -0.00151372 0.0112009 -0.00635104
 -0.00197635 0.0146241 -0.00829205
 -0.00182395 0.0134964 -0.00765265
 -0.00339664 0.0251336 -0.0142511
weights matrix:
 -0.702387 0.113993 -0.0309307
 1.1694 -0.680024 -0.296753
 -1.49876 0.458518 1.08308
 -1.17539 -0.178701 0.991697
 0.47852 0.114872 -1.40904
regression_error on 'test' 0.125911
classification_error on 'test' 0.184211
Save,850,0.125911,0.184211
sample_count 75 Sample index 12
 i 0:0.166653 i 1:0.480944 i 2:0.128226 i 3:0.135476 bias 1
 test_print 1.9113
net matrix:
 0.572462 -0.1586 -1.28368
outputs matrix:
 0.758582 0.421359 0.0712682
error matrix:
 0.241418 -0.421359 -0.0712682
delta matrix:
 0.0884241 -0.205467 -0.00943435
weights_delta matrix:
 0.00147361 -0.00342418 -0.000157226
 0.0042527 -0.00988184 -0.000453739
 0.00113383 -0.00263463 -0.000120973
 0.00119793 -0.00278359 -0.000127813
 0.00884241 -0.0205467 -0.000943435
weights matrix:
 -0.700914 0.110569 -0.0310879
 1.17365 -0.689906 -0.297207
 -1.49762 0.455883 1.08296
 -1.17419 -0.181485 0.991569
 0.487362 0.0943257 -1.40998
regression_error on 'test' 0.123767
classification_error on 'test' 0.157895
Save,851,0.123767,0.157895
sample_count 75 Sample index 13
 i 0:0.420705 i 1:0.269205 i 2:0.491129 i 3:0.427485 bias 1
 test_print 2.60852
net matrix:
 -0.729041 0.101432 -0.547318
outputs matrix:
 0.188761 0.550543 0.250746
error matrix:
 -0.188761 0.449457 -0.250746
delta matrix:
 -0.05781 0.222432 -0.0942168
weights_delta matrix:
 -0.0024321 0.00935784 -0.00396375
 -0.00155628 0.00598799 -0.00253636
 -0.00283922 0.0109243 -0.00462726
 -0.00247129 0.00950865 -0.00402763
 -0.005781 0.0222432 -0.00942168
weights matrix:
 -0.703346 0.119927 -0.0350517
 1.17209 -0.683918 -0.299743
 -1.50046 0.466807 1.07833
 -1.17667 -0.171976 0.987541
 0.481581 0.116569 -1.4194
regression_error on 'test' 0.12758
classification_error on 'test' 0.236842
Save,852,0.12758,0.236842
sample_count 75 Sample index 4
 i 0:0.212844 i 1:0.516233 i 2:0.158468 i 3:0.135476 bias 1
 test_print 2.02302
net matrix:
 0.539766 -0.160291 -1.27693
outputs matrix:
 0.746405 0.420534 0.0721673
error matrix:
 0.253595 -0.420534 -0.0721673
delta matrix:
 0.0960031 -0.204956 -0.00966452
weights_delta matrix:
 0.00204337 -0.00436236 -0.000205703
 0.00495599 -0.0105805 -0.000498914
 0.00152134 -0.00324789 -0.000153152
 0.00130061 -0.00277666 -0.000130931
 0.00960031 -0.0204956 -0.000966452
weights matrix:
 -0.701302 0.115564 -0.0352574
 1.17705 -0.694498 -0.300242
 -1.49894 0.463559 1.07818
 -1.17537 -0.174753 0.98741
 0.491182 0.0960734 -1.42037
regression_error on 'test' 0.125304
classification_error on 'test' 0.210526
Save,853,0.125304,0.210526
sample_count 75 Sample index 33
 i 0:0.559279 i 1:0.480944 i 2:0.672581 i 3:0.719493 bias 1
 test_print 3.4323
net matrix:
 -1.18877 0.012739 -0.148892
outputs matrix:
 0.0849008 0.506369 0.426099
error matrix:
 -0.0849008 -0.506369 0.573901
delta matrix:
 -0.0131923 -0.253143 0.280682
weights_delta matrix:
 -0.00073782 -0.0141578 0.0156979
 -0.000634478 -0.0121748 0.0134992
 -0.000887291 -0.017026 0.0188781
 -0.000949179 -0.0182135 0.0201949
 -0.00131923 -0.0253143 0.0280682
weights matrix:
 -0.70204 0.101407 -0.0195594
 1.17641 -0.706673 -0.286743
 -1.49983 0.446533 1.09706
 -1.17631 -0.192967 1.00761
 0.489862 0.070759 -1.3923
regression_error on 'test' 0.118585
classification_error on 'test' 0.0526316
Save,854,0.118585,0.0526316
sample_count 75 Sample index 39
 i 0:0.397609 i 1:0.622103 i 2:0.18871 i 3:0.135476 bias 1
 test_print 2.3439
net matrix:
 0.50018 -0.270421 -1.23493
outputs matrix:
 0.731129 0.367992 0.0779982
error matrix:
 0.268871 -0.367992 -0.0779982
delta matrix:
 0.105709 -0.17117 -0.0112184
weights_delta matrix:
 0.00420307 -0.00680589 -0.000446053
 0.00657617 -0.0106486 -0.0006979
 0.00199483 -0.00323016 -0.000211702
 0.0014321 -0.00231895 -0.000151982
 0.0105709 -0.017117 -0.00112184
weights matrix:
 -0.697837 0.0946007 -0.0200055
 1.18299 -0.717322 -0.287441
 -1.49783 0.443303 1.09684
 -1.17488 -0.195285 1.00745
 0.500433 0.053642 -1.39342
regression_error on 'test' 0.11688
classification_error on 'test' 0.0526316
Save,855,0.11688,0.0526316
sample_count 75 Sample index 60
 i 0:0.559279 i 1:0.410364 i 2:0.536492 i 3:0.536988 bias 1
 test_print 3.04312
net matrix:
 -0.83887 -0.0548501 -0.39313
outputs matrix:
 0.157395 0.472602 0.312972
error matrix:
 -0.157395 0.527398 -0.312972
delta matrix:
 -0.041748 0.262907 -0.134591
weights_delta matrix:
 -0.00233488 0.0147038 -0.0075274
 -0.00171319 0.0107888 -0.00552313
 -0.00223975 0.0141048 -0.0072207
 -0.00224182 0.0141178 -0.00722738
 -0.0041748 0.0262907 -0.0134591
weights matrix:
 -0.700172 0.109305 -0.0275329
 1.18128 -0.706533 -0.292964
 -1.50007 0.457408 1.08962
 -1.17712 -0.181168 1.00023
 0.496258 0.0799327 -1.40688
regression_error on 'test' 0.121362
classification_error on 'test' 0.157895
Save,856,0.121362,0.157895
sample_count 75 Sample index 73
 i 0:0.582374 i 1:0.410364 i 2:0.65746 i 3:0.719493 bias 1
 test_print 3.36969
net matrix:
 -1.25992 0.0240318 -0.1071
outputs matrix:
 0.0744788 0.512014 0.446654
error matrix:
 -0.0744788 -0.512014 0.553346
delta matrix:
 -0.0102679 -0.255859 0.273524
weights_delta matrix:
 -0.000597976 -0.0149006 0.0159293
 -0.000421358 -0.0104995 0.0112244
 -0.000675074 -0.0168217 0.0179831
 -0.000738769 -0.0184089 0.0196798
 -0.00102679 -0.0255859 0.0273524
weights matrix:
 -0.70077 0.0944039 -0.0116036
 1.18086 -0.717032 -0.28174
 -1.50075 0.440586 1.10761
 -1.17786 -0.199577 1.01991
 0.495232 0.0543468 -1.37953
regression_error on 'test' 0.115414
classification_error on 'test' 0.0526316
Save,857,0.115414,0.0526316
sample_count 75 Sample index 21
 i 0:0.836426 i 1:0.445654 i 2:0.884274 i 3:0.719493 bias 1
 test_print 3.88585
net matrix:
 -1.7392 0.0597655 0.198448
outputs matrix:
 0.0299334 0.529847 0.597942
error matrix:
 -0.0299334 -0.529847 0.402058
delta matrix:
 -0.00173837 -0.26398 0.193316
weights_delta matrix:
 -0.000145402 -0.0220799 0.0161694
 -7.74714e-05 -0.0117644 0.00861519
 -0.00015372 -0.023343 0.0170944
 -0.000125075 -0.0189931 0.0139089
 -0.000173837 -0.026398 0.0193316
weights matrix:
 -0.700915 0.072324 0.00456586
 1.18078 -0.728797 -0.273125
 -1.5009 0.417243 1.1247
 -1.17799 -0.21857 1.03381
 0.495058 0.0279488 -1.3602
regression_error on 'test' 0.110562
classification_error on 'test' 0.0526316
Save,858,0.110562,0.0526316
sample_count 75 Sample index 60
 i 0:0.559279 i 1:0.410364 i 2:0.536492 i 3:0.536988 bias 1
 test_print 3.04312
net matrix:
 -0.850188 -0.124195 -0.311187
outputs matrix:
 0.154416 0.43822 0.349242
error matrix:
 -0.154416 0.56178 -0.349242
delta matrix:
 -0.0403248 0.276602 -0.158746
weights_delta matrix:
 -0.00225528 0.0154698 -0.00887831
 -0.00165478 0.0113507 -0.00651435
 -0.00216339 0.0148395 -0.00851658
 -0.00216539 0.0148532 -0.00852445
 -0.00403248 0.0276602 -0.0158746
weights matrix:
 -0.703171 0.0877938 -0.00431245
 1.17912 -0.717446 -0.279639
 -1.50307 0.432083 1.11618
 -1.18015 -0.203717 1.02529
 0.491025 0.055609 -1.37607
regression_error on 'test' 0.1143
classification_error on 'test' 0.0789474
Save,859,0.1143,0.0789474
sample_count 75 Sample index 60
 i 0:0.559279 i 1:0.410364 i 2:0.536492 i 3:0.536988 bias 1
 test_print 3.04312
net matrix:
 -0.858485 -0.0672881 -0.343847
outputs matrix:
 0.152262 0.466407 0.334546
error matrix:
 -0.152262 0.533593 -0.334546
delta matrix:
 -0.0393074 0.265592 -0.148957
weights_delta matrix:
 -0.00219838 0.014854 -0.00833084
 -0.00161303 0.010899 -0.00611265
 -0.00210881 0.0142488 -0.00799141
 -0.00211076 0.014262 -0.0079988
 -0.00393074 0.0265592 -0.0148957
weights matrix:
 -0.705369 0.102648 -0.0126433
 1.17751 -0.706547 -0.285752
 -1.50517 0.446332 1.10819
 -1.18226 -0.189455 1.01729
 0.487095 0.0821682 -1.39097
regression_error on 'test' 0.118575
classification_error on 'test' 0.0526316
Save,860,0.118575,0.0526316
sample_count 75 Sample index 14
 i 0:0.697853 i 1:0.516233 i 2:0.778427 i 3:0.938499 bias 1
 test_print 3.93101
net matrix:
 -1.6785 -0.0413079 0.270067
outputs matrix:
 0.0336665 0.479358 0.631844
error matrix:
 -0.0336665 -0.479358 0.368156
delta matrix:
 -0.00219056 -0.23927 0.171279
weights_delta matrix:
 -0.000152869 -0.0166976 0.0119528
 -0.000113084 -0.0123519 0.00884199
 -0.000170519 -0.0186255 0.0133328
 -0.000205583 -0.0224555 0.0160745
 -0.000219056 -0.023927 0.0171279
weights matrix:
 -0.705522 0.0859502 -0.000690532
 1.1774 -0.718899 -0.27691
 -1.50535 0.427706 1.12153
 -1.18247 -0.21191 1.03337
 0.486875 0.0582412 -1.37384
regression_error on 'test' 0.113515
classification_error on 'test' 0.0789474
Save,861,0.113515,0.0789474
sample_count 75 Sample index 74
 i 0:0.443801 i 1:0.480944 i 2:0.551613 i 3:0.536988 bias 1
 test_print 3.01335
net matrix:
 -0.725314 -0.127229 -0.333773
outputs matrix:
 0.189905 0.436727 0.339047
error matrix:
 -0.189905 0.563273 -0.339047
delta matrix:
 -0.0584304 0.277127 -0.151957
weights_delta matrix:
 -0.00259315 0.0122989 -0.00674385
 -0.00281017 0.0133282 -0.00730827
 -0.0032231 0.0152867 -0.00838213
 -0.00313764 0.0148814 -0.00815989
 -0.00584304 0.0277127 -0.0151957
weights matrix:
 -0.708115 0.0982491 -0.00743438
 1.17459 -0.705571 -0.284218
 -1.50857 0.442993 1.11314
 -1.18561 -0.197029 1.02521
 0.481032 0.0859538 -1.38904
regression_error on 'test' 0.117808
classification_error on 'test' 0.0526316
Save,862,0.117808,0.0526316
sample_count 75 Sample index 59
 i 0:0.60547 i 1:0.233915 i 2:0.596976 i 3:0.536988 bias 1
 test_print 2.97335
net matrix:
 -1.21019 0.139051 -0.244978
outputs matrix:
 0.0816314 0.569081 0.379904
error matrix:
 -0.0816314 0.430919 -0.379904
delta matrix:
 -0.0122394 0.211347 -0.178993
weights_delta matrix:
 -0.000741061 0.0127964 -0.0108375
 -0.000286299 0.00494372 -0.00418692
 -0.000730665 0.0126169 -0.0106855
 -0.000657243 0.0113491 -0.00961172
 -0.00122394 0.0211347 -0.0178993
weights matrix:
 -0.708856 0.111046 -0.0182719
 1.1743 -0.700627 -0.288405
 -1.5093 0.45561 1.10246
 -1.18626 -0.18568 1.01559
 0.479809 0.107089 -1.40694
regression_error on 'test' 0.122038
classification_error on 'test' 0.131579
Save,863,0.122038,0.131579
sample_count 75 Sample index 27
 i 0:0.328323 i 1:0.622103 i 2:0.158468 i 3:0.135476 bias 1
 test_print 2.24437
net matrix:
 0.577725 -0.24527 -1.28006
outputs matrix:
 0.760505 0.379766 0.0717496
error matrix:
 0.239495 -0.379766 -0.0717496
delta matrix:
 0.087242 -0.178903 -0.00955727
weights_delta matrix:
 0.00286435 -0.0058738 -0.000313787
 0.00542735 -0.0111296 -0.000594561
 0.00138251 -0.00283504 -0.000151452
 0.00118192 -0.00242371 -0.000129478
 0.0087242 -0.0178903 -0.000955727
weights matrix:
 -0.705992 0.105172 -0.0185857
 1.17973 -0.711757 -0.288999
 -1.50792 0.452775 1.10231
 -1.18508 -0.188103 1.01546
 0.488533 0.0891982 -1.40789
regression_error on 'test' 0.120043
classification_error on 'test' 0.131579
Save,864,0.120043,0.131579
sample_count 75 Sample index 48
 i 0:0.744044 i 1:0.516233 i 2:0.748185 i 3:0.828996 bias 1
 test_print 3.83746
net matrix:
 -1.53837 -0.0171593 0.0956337
outputs matrix:
 0.0440769 0.491421 0.547672
error matrix:
 -0.0440769 -0.491421 0.452328
delta matrix:
 -0.00371428 -0.245638 0.224108
weights_delta matrix:
 -0.000276359 -0.0182766 0.0166746
 -0.000191743 -0.0126807 0.0115692
 -0.000277897 -0.0183783 0.0167674
 -0.000307912 -0.0203633 0.0185785
 -0.000371428 -0.0245638 0.0224108
weights matrix:
 -0.706268 0.0868952 -0.00191103
 1.17954 -0.724437 -0.27743
 -1.50819 0.434396 1.11907
 -1.18539 -0.208467 1.03404
 0.488161 0.0646344 -1.38548
regression_error on 'test' 0.114286
classification_error on 'test' 0.0789474
Save,865,0.114286,0.0789474
sample_count 75 Sample index 19
 i 0:0.674757 i 1:0.480944 i 2:0.596976 i 3:0.573489 bias 1
 test_print 3.32617
net matrix:
 -1.00127 -0.0853753 -0.259126
outputs matrix:
 0.118936 0.457416 0.373261
error matrix:
 -0.118936 0.542584 -0.373261
delta matrix:
 -0.0249267 0.269324 -0.174639
weights_delta matrix:
 -0.00168195 0.0181728 -0.0117839
 -0.00119884 0.012953 -0.00839917
 -0.00148807 0.016078 -0.0104255
 -0.00142952 0.0154455 -0.0100154
 -0.00249267 0.0269324 -0.0174639
weights matrix:
 -0.70795 0.105068 -0.0136949
 1.17834 -0.711484 -0.285829
 -1.50968 0.450474 1.10865
 -1.18682 -0.193021 1.02403
 0.485669 0.0915668 -1.40294
regression_error on 'test' 0.119196
classification_error on 'test' 0.0789474
Save,866,0.119196,0.0789474
sample_count 75 Sample index 26
 i 0:0.489992 i 1:0.339785 i 2:0.536492 i 3:0.500487 bias 1
 test_print 2.86676
net matrix:
 -0.864761 0.0463689 -0.399482
outputs matrix:
 0.150649 0.523168 0.310247
error matrix:
 -0.150649 0.476832 -0.310247
delta matrix:
 -0.0385522 0.237904 -0.132782
weights_delta matrix:
 -0.00188903 0.0116571 -0.0065062
 -0.00130995 0.00808363 -0.00451173
 -0.00206829 0.0127634 -0.00712364
 -0.00192949 0.0119068 -0.00664556
 -0.00385522 0.0237904 -0.0132782
weights matrix:
 -0.709839 0.116725 -0.0202011
 1.17703 -0.703401 -0.290341
 -1.51175 0.463238 1.10152
 -1.18875 -0.181114 1.01738
 0.481813 0.115357 -1.41622
regression_error on 'test' 0.123478
classification_error on 'test' 0.157895
Save,867,0.123478,0.157895
sample_count 75 Sample index 2
 i 0:0.466896 i 1:0.480944 i 2:0.566734 i 3:0.500487 bias 1
 test_print 3.01506
net matrix:
 -0.735238 0.00344661 -0.431835
outputs matrix:
 0.18687 0.501723 0.296573
error matrix:
 -0.18687 0.498277 -0.296573
delta matrix:
 -0.0567898 0.249135 -0.123741
weights_delta matrix:
 -0.0026515 0.011632 -0.00577741
 -0.00273127 0.011982 -0.00595124
 -0.00321847 0.0141193 -0.00701281
 -0.00284226 0.0124689 -0.00619306
 -0.00567898 0.0249135 -0.0123741
weights matrix:
 -0.712491 0.128357 -0.0259785
 1.1743 -0.691419 -0.296292
 -1.51497 0.477357 1.09451
 -1.19159 -0.168645 1.01119
 0.476134 0.140271 -1.4286
regression_error on 'test' 0.128547
classification_error on 'test' 0.236842
Save,868,0.128547,0.236842
sample_count 75 Sample index 7
 i 0:0.651661 i 1:0.410364 i 2:0.627218 i 3:0.60999 bias 1
 test_print 3.29923
net matrix:
 -1.18335 0.136718 -0.263801
outputs matrix:
 0.0857468 0.567936 0.371076
error matrix:
 -0.0857468 0.432064 -0.371076
delta matrix:
 -0.0134441 0.212044 -0.173203
weights_delta matrix:
 -0.000876101 0.0138181 -0.0112869
 -0.000551699 0.00870151 -0.00710761
 -0.00084324 0.0132998 -0.0108636
 -0.000820078 0.0129345 -0.0105652
 -0.00134441 0.0212044 -0.0173203
weights matrix:
 -0.713367 0.142175 -0.0372655
 1.17374 -0.682717 -0.3034
 -1.51581 0.490657 1.08365
 -1.19241 -0.155711 1.00062
 0.47479 0.161475 -1.44592
regression_error on 'test' 0.134389
classification_error on 'test' 0.368421
Save,869,0.134389,0.368421
sample_count 75 Sample index 46
 i 0:0.928809 i 1:0.480944 i 2:0.854032 i 3:0.901998 bias 1
 test_print 4.16578
net matrix:
 -1.99339 0.243766 0.201583
outputs matrix:
 0.0182211 0.619525 0.599448
error matrix:
 -0.0182211 -0.619525 0.400552
delta matrix:
 -0.000651921 -0.292061 0.192353
weights_delta matrix:
 -6.0551e-05 -0.0271269 0.0178659
 -3.13538e-05 -0.0140465 0.00925111
 -5.56761e-05 -0.024943 0.0164276
 -5.88032e-05 -0.0263439 0.0173502
 -6.51921e-05 -0.0292061 0.0192353
weights matrix:
 -0.713427 0.115048 -0.0193995
 1.17371 -0.696764 -0.294149
 -1.51587 0.465714 1.10008
 -1.19247 -0.182055 1.01797
 0.474725 0.132269 -1.42668
regression_error on 'test' 0.125398
classification_error on 'test' 0.157895
Save,870,0.125398,0.157895
sample_count 75 Sample index 31
 i 0:0.559279 i 1:0.339785 i 2:0.778427 i 3:0.573489 bias 1
 test_print 3.25098
net matrix:
 -1.38933 0.217981 -0.0973537
outputs matrix:
 0.0584881 0.607297 0.451476
error matrix:
 -0.0584881 -0.607297 0.548524
delta matrix:
 -0.00644156 -0.289665 0.271679
weights_delta matrix:
 -0.000360263 -0.0162004 0.0151944
 -0.000218875 -0.00984239 0.00923124
 -0.000501429 -0.0225483 0.0211482
 -0.000369417 -0.016612 0.0155805
 -0.000644156 -0.0289665 0.0271679
weights matrix:
 -0.713788 0.098848 -0.00420511
 1.17349 -0.706606 -0.284918
 -1.51637 0.443166 1.12122
 -1.19284 -0.198667 1.03355
 0.474081 0.103302 -1.39951
regression_error on 'test' 0.118591
classification_error on 'test' 0.0526316
Save,871,0.118591,0.0526316
sample_count 75 Sample index 42
 i 0:0.651661 i 1:0.551523 i 2:0.702823 i 3:0.792495 bias 1
 test_print 3.6985
net matrix:
 -1.35492 -0.0679671 0.0477157
outputs matrix:
 0.0623956 0.466069 0.52384
error matrix:
 -0.0623956 -0.466069 0.47616
delta matrix:
 -0.00730057 -0.231961 0.237539
weights_delta matrix:
 -0.00047575 -0.015116 0.0154795
 -0.000402643 -0.0127932 0.0131008
 -0.000513101 -0.0163028 0.0166948
 -0.000578567 -0.0183828 0.0188248
 -0.000730057 -0.0231961 0.0237539
weights matrix:
 -0.714263 0.083732 0.0112744
 1.17309 -0.719399 -0.271817
 -1.51688 0.426863 1.13792
 -1.19342 -0.21705 1.05238
 0.473351 0.0801064 -1.37576
regression_error on 'test' 0.113488
classification_error on 'test' 0.0789474
Save,872,0.113488,0.0789474
sample_count 75 Sample index 23
 i 0:0.975 i 1:0.763262 i 2:0.899395 i 3:0.792495 bias 1
 test_print 4.43015
net matrix:
 -1.63774 -0.175437 0.285209
outputs matrix:
 0.0364224 0.41317 0.638859
error matrix:
 -0.0364224 -0.41317 0.361141
delta matrix:
 -0.00255654 -0.200355 0.166643
weights_delta matrix:
 -0.000249263 -0.0195346 0.0162477
 -0.000195131 -0.0152923 0.0127193
 -0.000229934 -0.0180198 0.0149878
 -0.000202605 -0.015878 0.0132064
 -0.000255654 -0.0200355 0.0166643
weights matrix:
 -0.714513 0.0641973 0.0275221
 1.1729 -0.734691 -0.259097
 -1.51711 0.408843 1.15291
 -1.19362 -0.232928 1.06559
 0.473095 0.0600709 -1.3591
regression_error on 'test' 0.109653
classification_error on 'test' 0.131579
Save,873,0.109653,0.131579
sample_count 75 Sample index 38
 i 0:0.397609 i 1:0.798551 i 2:0.128226 i 3:0.208478 bias 1
 test_print 2.53286
net matrix:
 0.682239 -0.497228 -1.18507
outputs matrix:
 0.796486 0.270033 0.0854779
error matrix:
 0.203514 -0.270033 -0.0854779
delta matrix:
 0.0659774 -0.106455 -0.0133639
weights_delta matrix:
 0.00262332 -0.00423275 -0.000531359
 0.00526863 -0.00850098 -0.00106717
 0.000846001 -0.00136503 -0.00017136
 0.00137548 -0.00221935 -0.000278607
 0.00659774 -0.0106455 -0.00133639
weights matrix:
 -0.711889 0.0599646 0.0269907
 1.17817 -0.743192 -0.260165
 -1.51627 0.407478 1.15273
 -1.19225 -0.235147 1.06531
 0.479693 0.0494254 -1.36043
regression_error on 'test' 0.108745
classification_error on 'test' 0.157895
Save,874,0.108745,0.157895
sample_count 75 Sample index 68
 i 0:0.305227 i 1:0.657392 i 2:0.173589 i 3:0.281481 bias 1
 test_print 2.41769
net matrix:
 0.438119 -0.416296 -1.02326
outputs matrix:
 0.706042 0.303097 0.114405
error matrix:
 0.293958 -0.303097 -0.114405
delta matrix:
 0.12202 -0.128046 -0.0231822
weights_delta matrix:
 0.00372438 -0.00390831 -0.000707582
 0.00802149 -0.00841764 -0.00152398
 0.00211813 -0.00222274 -0.000402417
 0.00343463 -0.00360425 -0.000652534
 0.012202 -0.0128046 -0.00231822
weights matrix:
 -0.708165 0.0560563 0.0262832
 1.18619 -0.75161 -0.261689
 -1.51415 0.405255 1.15233
 -1.18881 -0.238751 1.06465
 0.491895 0.0366208 -1.36275
regression_error on 'test' 0.107748
classification_error on 'test' 0.157895
Save,875,0.107748,0.157895
sample_count 75 Sample index 68
 i 0:0.305227 i 1:0.657392 i 2:0.173589 i 3:0.281481 bias 1
 test_print 2.41769
net matrix:
 0.458066 -0.437228 -1.02705
outputs matrix:
 0.714253 0.294328 0.113639
error matrix:
 0.285747 -0.294328 -0.113639
delta matrix:
 0.116639 -0.122263 -0.0228927
weights_delta matrix:
 0.00356015 -0.00373181 -0.000698747
 0.00766777 -0.00803749 -0.00150495
 0.00202473 -0.00212236 -0.000397392
 0.00328317 -0.00344148 -0.000644386
 0.0116639 -0.0122263 -0.00228927
weights matrix:
 -0.704605 0.0523245 0.0255844
 1.19385 -0.759648 -0.263194
 -1.51212 0.403133 1.15194
 -1.18553 -0.242193 1.06401
 0.503559 0.0243944 -1.36504
regression_error on 'test' 0.106904
classification_error on 'test' 0.157895
Save,876,0.106904,0.157895
sample_count 75 Sample index 39
 i 0:0.397609 i 1:0.622103 i 2:0.18871 i 3:0.135476 bias 1
 test_print 2.3439
net matrix:
 0.520138 -0.384116 -1.15707
outputs matrix:
 0.738903 0.316862 0.0899584
error matrix:
 0.261097 -0.316862 -0.0899584
delta matrix:
 0.100744 -0.137176 -0.0147291
weights_delta matrix:
 0.00400568 -0.00545424 -0.000585641
 0.00626733 -0.00853376 -0.000916299
 0.00190114 -0.00258865 -0.000277952
 0.00136484 -0.00185841 -0.000199543
 0.0100744 -0.0137176 -0.00147291
weights matrix:
 -0.700599 0.0468702 0.0249988
 1.20012 -0.768181 -0.26411
 -1.51022 0.400544 1.15166
 -1.18416 -0.244051 1.06381
 0.513633 0.0106769 -1.36651
regression_error on 'test' 0.106093
classification_error on 'test' 0.157895
Save,877,0.106093,0.157895
sample_count 75 Sample index 27
 i 0:0.328323 i 1:0.622103 i 2:0.158468 i 3:0.135476 bias 1
 test_print 2.24437
net matrix:
 0.630462 -0.421412 -1.19599
outputs matrix:
 0.779185 0.30094 0.0837868
error matrix:
 0.220815 -0.30094 -0.0837868
delta matrix:
 0.0759849 -0.126621 -0.012864
weights_delta matrix:
 0.00249476 -0.00415725 -0.000422356
 0.00472705 -0.00787712 -0.000800276
 0.00120412 -0.00200653 -0.000203854
 0.00102941 -0.00171541 -0.000174277
 0.00759849 -0.0126621 -0.0012864
weights matrix:
 -0.698104 0.042713 0.0245764
 1.20485 -0.776058 -0.26491
 -1.50902 0.398538 1.15145
 -1.18313 -0.245767 1.06364
 0.521232 -0.00198523 -1.3678
regression_error on 'test' 0.105468
classification_error on 'test' 0.157895
Save,878,0.105468,0.157895
sample_count 75 Sample index 29
 i 0:0.420705 i 1:0.304495 i 2:0.536492 i 3:0.536988 bias 1
 test_print 2.79868
net matrix:
 -0.850499 -0.138483 -0.249218
outputs matrix:
 0.154335 0.431198 0.377908
error matrix:
 -0.154335 0.568802 -0.377908
delta matrix:
 -0.0402863 0.279016 -0.177688
weights_delta matrix:
 -0.00169486 0.0117383 -0.00747541
 -0.0012267 0.0084959 -0.0054105
 -0.00216133 0.014969 -0.0095328
 -0.00216332 0.0149828 -0.00954161
 -0.00402863 0.0279016 -0.0177688
weights matrix:
 -0.699799 0.0544513 0.017101
 1.20362 -0.767563 -0.270321
 -1.51118 0.413507 1.14192
 -1.1853 -0.230784 1.05409
 0.517203 0.0259164 -1.38557
regression_error on 'test' 0.107941
classification_error on 'test' 0.131579
Save,879,0.107941,0.131579
sample_count 75 Sample index 40
 i 0:0.328323 i 1:0.763262 i 2:0.158468 i 3:0.171977 bias 1
 test_print 2.42203
net matrix:
 0.762804 -0.516219 -1.22404
outputs matrix:
 0.821363 0.262612 0.079579
error matrix:
 0.178637 -0.262612 -0.079579
delta matrix:
 0.0524214 -0.101708 -0.0116577
weights_delta matrix:
 0.00172112 -0.0033393 -0.000382749
 0.00400113 -0.00776297 -0.000889788
 0.000830711 -0.00161174 -0.000184737
 0.000901527 -0.00174914 -0.000200486
 0.00524214 -0.0101708 -0.00116577
weights matrix:
 -0.698078 0.051112 0.0167182
 1.20762 -0.775326 -0.27121
 -1.51035 0.411895 1.14174
 -1.1844 -0.232533 1.05389
 0.522445 0.0157456 -1.38673
regression_error on 'test' 0.107331
classification_error on 'test' 0.157895
Save,880,0.107331,0.157895
sample_count 75 Sample index 29
 i 0:0.420705 i 1:0.304495 i 2:0.536492 i 3:0.536988 bias 1
 test_print 2.79868
net matrix:
 -0.849821 -0.102723 -0.283822
outputs matrix:
 0.154512 0.448818 0.361781
error matrix:
 -0.154512 0.551182 -0.361781
delta matrix:
 -0.0403703 0.272703 -0.167067
weights_delta matrix:
 -0.0016984 0.0114728 -0.0070286
 -0.00122926 0.00830367 -0.00508711
 -0.00216583 0.0146303 -0.00896302
 -0.00216784 0.0146438 -0.0089713
 -0.00403703 0.0272703 -0.0167067
weights matrix:
 -0.699776 0.0625848 0.00968965
 1.20639 -0.767022 -0.276298
 -1.51252 0.426525 1.13277
 -1.18656 -0.217889 1.04492
 0.518408 0.0430159 -1.40344
regression_error on 'test' 0.110241
classification_error on 'test' 0.0789474
Save,881,0.110241,0.0789474
sample_count 75 Sample index 41
 i 0:0.674757 i 1:0.445654 i 2:0.627218 i 3:0.536988 bias 1
 test_print 3.28462
net matrix:
 -1.00198 -0.10606 -0.248429
outputs matrix:
 0.118787 0.447168 0.37828
error matrix:
 -0.118787 0.552832 -0.37828
delta matrix:
 -0.0248684 0.27333 -0.177931
weights_delta matrix:
 -0.00167802 0.0184431 -0.012006
 -0.00110827 0.0121811 -0.00792955
 -0.00155979 0.0171437 -0.0111601
 -0.00133541 0.0146775 -0.00955466
 -0.00248684 0.027333 -0.0177931
weights matrix:
 -0.701454 0.0810279 -0.00231634
 1.20529 -0.754841 -0.284227
 -1.51407 0.443669 1.12161
 -1.1879 -0.203212 1.03537
 0.515921 0.0703489 -1.42123
regression_error on 'test' 0.114449
classification_error on 'test' 0.0526316
Save,882,0.114449,0.0526316
sample_count 75 Sample index 30
 i 0:0.559279 i 1:0.410364 i 2:0.642339 i 3:0.500487 bias 1
 test_print 3.11247
net matrix:
 -0.948859 -0.0108122 -0.300521
outputs matrix:
 0.130367 0.494594 0.354105
error matrix:
 -0.130367 0.505406 -0.354105
delta matrix:
 -0.0295598 0.252673 -0.161978
weights_delta matrix:
 -0.00165322 0.0141315 -0.00905909
 -0.00121303 0.0103688 -0.006647
 -0.00189874 0.0162302 -0.0104045
 -0.00147943 0.012646 -0.00810679
 -0.00295598 0.0252673 -0.0161978
weights matrix:
 -0.703108 0.0951594 -0.0113754
 1.20407 -0.744472 -0.290874
 -1.51597 0.459899 1.11121
 -1.18938 -0.190566 1.02726
 0.512965 0.0956162 -1.43743
regression_error on 'test' 0.118885
classification_error on 'test' 0.131579
Save,883,0.118885,0.131579
sample_count 75 Sample index 10
 i 0:0.697853 i 1:0.304495 i 2:0.808669 i 3:0.719493 bias 1
 test_print 3.53051
net matrix:
 -1.69274 0.170131 0.103768
outputs matrix:
 0.0327526 0.584254 0.551699
error matrix:
 -0.0327526 -0.584254 0.448301
delta matrix:
 -0.00207519 -0.283832 0.221754
weights_delta matrix:
 -0.000144818 -0.0198073 0.0154752
 -6.31885e-05 -0.00864255 0.00675231
 -0.000167814 -0.0229526 0.0179326
 -0.000149309 -0.0204215 0.0159551
 -0.000207519 -0.0283832 0.0221754
weights matrix:
 -0.703253 0.0753521 0.00409976
 1.20401 -0.753115 -0.284122
 -1.51614 0.436947 1.12914
 -1.18953 -0.210987 1.04322
 0.512758 0.067233 -1.41526
regression_error on 'test' 0.113043
classification_error on 'test' 0.0789474
Save,884,0.113043,0.0789474
sample_count 75 Sample index 74
 i 0:0.443801 i 1:0.480944 i 2:0.551613 i 3:0.536988 bias 1
 test_print 3.01335
net matrix:
 -0.695371 -0.133804 -0.367039
outputs matrix:
 0.199289 0.433495 0.3243
error matrix:
 -0.199289 0.566505 -0.3243
delta matrix:
 -0.0636025 0.278241 -0.142128
weights_delta matrix:
 -0.00282268 0.0123484 -0.00630764
 -0.00305892 0.0133819 -0.00683554
 -0.0035084 0.0153482 -0.00783994
 -0.00341538 0.0149412 -0.00763208
 -0.00636025 0.0278241 -0.0142128
weights matrix:
 -0.706075 0.0877005 -0.00220788
 1.20095 -0.739733 -0.290957
 -1.51965 0.452295 1.1213
 -1.19294 -0.196046 1.03558
 0.506397 0.0950572 -1.42947
regression_error on 'test' 0.117304
classification_error on 'test' 0.0526316
Save,885,0.117304,0.0526316
sample_count 75 Sample index 69
 i 0:0.628566 i 1:0.445654 i 2:0.581855 i 3:0.536988 bias 1
 test_print 3.19306
net matrix:
 -0.927021 -0.0215865 -0.351992
outputs matrix:
 0.135399 0.489208 0.33093
error matrix:
 -0.135399 0.510792 -0.33093
delta matrix:
 -0.0317013 0.255277 -0.146546
weights_delta matrix:
 -0.00199264 0.0160458 -0.00921137
 -0.00141278 0.0113765 -0.00653087
 -0.00184456 0.0148534 -0.00852684
 -0.00170232 0.0137081 -0.00786933
 -0.00317013 0.0255277 -0.0146546
weights matrix:
 -0.708068 0.103746 -0.0114192
 1.19954 -0.728356 -0.297488
 -1.52149 0.467148 1.11277
 -1.19465 -0.182338 1.02772
 0.503227 0.120585 -1.44412
regression_error on 'test' 0.122206
classification_error on 'test' 0.157895
Save,886,0.122206,0.157895
sample_count 75 Sample index 70
 i 0:0.259036 i 1:0.622103 i 2:0.173589 i 3:0.135476 bias 1
 test_print 2.1902
net matrix:
 0.640088 -0.249264 -1.29975
outputs matrix:
 0.78248 0.377887 0.0691702
error matrix:
 0.21752 -0.377887 -0.0691702
delta matrix:
 0.0740462 -0.177673 -0.00890713
weights_delta matrix:
 0.00191806 -0.00460238 -0.000230727
 0.00460644 -0.0110531 -0.000554116
 0.00128536 -0.00308421 -0.000154618
 0.00100315 -0.00240705 -0.00012067
 0.00740462 -0.0177673 -0.000890713
weights matrix:
 -0.70615 0.0991439 -0.01165
 1.20414 -0.739409 -0.298042
 -1.52021 0.464064 1.11262
 -1.19364 -0.184745 1.02759
 0.510632 0.102818 -1.44501
regression_error on 'test' 0.120291
classification_error on 'test' 0.131579
Save,887,0.120291,0.131579
sample_count 75 Sample index 72
 i 0:0.905713 i 1:0.480944 i 2:0.929637 i 3:0.828996 bias 1
 test_print 4.14529
net matrix:
 -1.95258 0.115257 0.287297
outputs matrix:
 0.0197403 0.557375 0.639823
error matrix:
 -0.0197403 -0.557375 0.360177
delta matrix:
 -0.000763972 -0.275018 0.166006
weights_delta matrix:
 -6.9194e-05 -0.0249087 0.0150353
 -3.67428e-05 -0.0132268 0.00798394
 -7.10217e-05 -0.0255667 0.0154325
 -6.3333e-05 -0.0227989 0.0137618
 -7.63972e-05 -0.0275018 0.0166006
weights matrix:
 -0.706219 0.0742352 0.00338537
 1.20411 -0.752636 -0.290058
 -1.52028 0.438497 1.12805
 -1.19371 -0.207544 1.04136
 0.510555 0.0753157 -1.42841
regression_error on 'test' 0.114059
classification_error on 'test' 0.0526316
Save,888,0.114059,0.0526316
sample_count 75 Sample index 68
 i 0:0.305227 i 1:0.657392 i 2:0.173589 i 3:0.281481 bias 1
 test_print 2.41769
net matrix:
 0.48666 -0.379104 -1.12912
outputs matrix:
 0.725781 0.319035 0.0946406
error matrix:
 0.274219 -0.319035 -0.0946406
delta matrix:
 0.109152 -0.138622 -0.0162183
weights_delta matrix:
 0.00333161 -0.00423112 -0.000495027
 0.00717556 -0.00911291 -0.00106618
 0.00189476 -0.00240633 -0.000281532
 0.00307242 -0.00390195 -0.000456515
 0.0109152 -0.0138622 -0.00162183
weights matrix:
 -0.702887 0.0700041 0.00289034
 1.21128 -0.761749 -0.291125
 -1.51839 0.436091 1.12777
 -1.19063 -0.211446 1.0409
 0.521471 0.0614535 -1.43004
regression_error on 'test' 0.112861
classification_error on 'test' 0.0263158
Save,889,0.112861,0.0263158
sample_count 75 Sample index 33
 i 0:0.559279 i 1:0.480944 i 2:0.672581 i 3:0.719493 bias 1
 test_print 3.4323
net matrix:
 -1.16697 -0.124581 -0.0609961
outputs matrix:
 0.0883509 0.43803 0.46954
error matrix:
 -0.0883509 -0.43803 0.53046
delta matrix:
 -0.0142325 -0.215651 0.264246
weights_delta matrix:
 -0.000795991 -0.0120609 0.0147787
 -0.000684501 -0.0103716 0.0127087
 -0.000957248 -0.0145043 0.0177727
 -0.00102402 -0.0155159 0.0190123
 -0.00142325 -0.0215651 0.0264246
weights matrix:
 -0.703683 0.0579432 0.0176691
 1.2106 -0.772121 -0.278416
 -1.51934 0.421587 1.14554
 -1.19166 -0.226962 1.05991
 0.520047 0.0398885 -1.40361
regression_error on 'test' 0.108726
classification_error on 'test' 0.0789474
Save,890,0.108726,0.0789474
sample_count 75 Sample index 57
 i 0:0.374514 i 1:0.727972 i 2:0.158468 i 3:0.135476 bias 1
 test_print 2.39643
net matrix:
 0.735582 -0.464433 -1.27455
outputs matrix:
 0.813234 0.283155 0.0724873
error matrix:
 0.186766 -0.283155 -0.0724873
delta matrix:
 0.0567336 -0.114948 -0.00974706
weights_delta matrix:
 0.00212475 -0.00430498 -0.000365041
 0.00413005 -0.00836793 -0.000709559
 0.000899046 -0.00182157 -0.00015446
 0.000768604 -0.00155728 -0.000132049
 0.00567336 -0.0114948 -0.000974706
weights matrix:
 -0.701559 0.0536382 0.017304
 1.21473 -0.780489 -0.279125
 -1.51844 0.419765 1.14539
 -1.19089 -0.228519 1.05978
 0.525721 0.0283936 -1.40459
regression_error on 'test' 0.107977
classification_error on 'test' 0.105263
Save,891,0.107977,0.105263
sample_count 75 Sample index 7
 i 0:0.651661 i 1:0.410364 i 2:0.627218 i 3:0.60999 bias 1
 test_print 3.29923
net matrix:
 -1.1118 -0.133047 -0.142988
outputs matrix:
 0.0976508 0.433866 0.428989
error matrix:
 -0.0976508 0.566134 -0.428989
delta matrix:
 -0.017209 0.278115 -0.210168
weights_delta matrix:
 -0.00112145 0.0181236 -0.0136958
 -0.000706197 0.0114128 -0.00862455
 -0.00107938 0.0174439 -0.0131821
 -0.00104973 0.0169647 -0.01282
 -0.0017209 0.0278115 -0.0210168
weights matrix:
 -0.70268 0.0717619 0.00360817
 1.21402 -0.769076 -0.28775
 -1.51952 0.437209 1.13221
 -1.19194 -0.211554 1.04696
 0.524 0.0562051 -1.4256
regression_error on 'test' 0.112016
classification_error on 'test' 0.0789474
Save,892,0.112016,0.0789474
sample_count 75 Sample index 9
 i 0:0.351418 i 1:0.375074 i 2:0.521371 i 3:0.573489 bias 1
 test_print 2.82135
net matrix:
 -0.743385 -0.100413 -0.341542
outputs matrix:
 0.184407 0.449962 0.335573
error matrix:
 -0.184407 0.550038 -0.335573
delta matrix:
 -0.0554701 0.272265 -0.149641
weights_delta matrix:
 -0.00194932 0.00956787 -0.00525867
 -0.00208054 0.0102119 -0.00561266
 -0.00289205 0.0141951 -0.00780187
 -0.00318115 0.0156141 -0.00858177
 -0.00554701 0.0272265 -0.0149641
weights matrix:
 -0.704629 0.0813297 -0.0016505
 1.21194 -0.758864 -0.293363
 -1.52241 0.451404 1.1244
 -1.19512 -0.19594 1.03838
 0.518453 0.0834316 -1.44057
regression_error on 'test' 0.115866
classification_error on 'test' 0.0526316
Save,893,0.115866,0.0526316
sample_count 75 Sample index 41
 i 0:0.674757 i 1:0.445654 i 2:0.627218 i 3:0.536988 bias 1
 test_print 3.28462
net matrix:
 -1.01354 -0.02197 -0.309575
outputs matrix:
 0.116388 0.489017 0.349975
error matrix:
 -0.116388 0.510983 -0.349975
delta matrix:
 -0.0239391 0.255368 -0.159233
weights_delta matrix:
 -0.00161531 0.0172312 -0.0107444
 -0.00106685 0.0113806 -0.0070963
 -0.0015015 0.0160172 -0.0099874
 -0.0012855 0.013713 -0.00855064
 -0.00239391 0.0255368 -0.0159233
weights matrix:
 -0.706245 0.0985609 -0.0123949
 1.21087 -0.747483 -0.300459
 -1.52392 0.467421 1.11442
 -1.1964 -0.182227 1.02983
 0.516059 0.108968 -1.45649
regression_error on 'test' 0.120813
classification_error on 'test' 0.157895
Save,894,0.120813,0.157895
sample_count 75 Sample index 11
 i 0:0.536183 i 1:0.198626 i 2:0.536492 i 3:0.427485 bias 1
 test_print 2.69879
net matrix:
 -0.95112 0.186214 -0.484703
outputs matrix:
 0.129855 0.592045 0.274999
error matrix:
 -0.129855 0.407955 -0.274999
delta matrix:
 -0.0293454 0.197065 -0.109656
weights_delta matrix:
 -0.00157345 0.0105663 -0.00587955
 -0.000582876 0.00391422 -0.00217805
 -0.00157436 0.0105724 -0.00588294
 -0.00125447 0.00842422 -0.00468761
 -0.00293454 0.0197065 -0.0109656
weights matrix:
 -0.707818 0.109127 -0.0182744
 1.21029 -0.743569 -0.302637
 -1.52549 0.477994 1.10853
 -1.19766 -0.173803 1.02514
 0.513124 0.128675 -1.46746
regression_error on 'test' 0.124358
classification_error on 'test' 0.210526
Save,895,0.124358,0.210526
sample_count 75 Sample index 57
 i 0:0.374514 i 1:0.727972 i 2:0.158468 i 3:0.135476 bias 1
 test_print 2.39643
net matrix:
 0.7251 -0.319552 -1.38006
outputs matrix:
 0.810029 0.345449 0.0595175
error matrix:
 0.189971 -0.345449 -0.0595175
delta matrix:
 0.0584662 -0.156222 -0.00666301
weights_delta matrix:
 0.00218964 -0.00585072 -0.000249539
 0.00425617 -0.0113725 -0.000485048
 0.000926501 -0.00247561 -0.000105587
 0.000792076 -0.00211643 -9.02677e-05
 0.00584662 -0.0156222 -0.000666301
weights matrix:
 -0.705628 0.103276 -0.018524
 1.21455 -0.754941 -0.303122
 -1.52456 0.475518 1.10843
 -1.19687 -0.175919 1.02505
 0.518971 0.113053 -1.46812
regression_error on 'test' 0.122511
classification_error on 'test' 0.157895
Save,896,0.122511,0.157895
sample_count 75 Sample index 38
 i 0:0.397609 i 1:0.798551 i 2:0.128226 i 3:0.208478 bias 1
 test_print 2.53286
net matrix:
 0.763276 -0.424444 -1.36172
outputs matrix:
 0.821501 0.299666 0.0616048
error matrix:
 0.178499 -0.299666 -0.0616048
delta matrix:
 0.052349 -0.12578 -0.00712271
weights_delta matrix:
 0.00208144 -0.00500111 -0.000283205
 0.00418033 -0.0100441 -0.000568785
 0.00067125 -0.00161282 -9.13317e-05
 0.00109136 -0.00262223 -0.000148493
 0.0052349 -0.012578 -0.000712271
weights matrix:
 -0.703547 0.0982753 -0.0188072
 1.21873 -0.764986 -0.303691
 -1.52389 0.473905 1.10834
 -1.19578 -0.178542 1.0249
 0.524206 0.100475 -1.46883
regression_error on 'test' 0.121065
classification_error on 'test' 0.157895
Save,897,0.121065,0.157895
sample_count 75 Sample index 37
 i 0:0.720948 i 1:0.551523 i 2:0.82379 i 3:0.901998 bias 1
 test_print 3.99826
net matrix:
 -1.64481 -0.0212268 0.187611
outputs matrix:
 0.0359288 0.489388 0.59272
error matrix:
 -0.0359288 -0.489388 0.40728
delta matrix:
 -0.002489 -0.244584 0.196637
weights_delta matrix:
 -0.000179444 -0.0176332 0.0141765
 -0.000137274 -0.0134894 0.010845
 -0.000205041 -0.0201486 0.0161988
 -0.000224507 -0.0220614 0.0177366
 -0.0002489 -0.0244584 0.0196637
weights matrix:
 -0.703726 0.0806421 -0.00463067
 1.21859 -0.778475 -0.292846
 -1.5241 0.453757 1.12454
 -1.196 -0.200603 1.04264
 0.523957 0.0760163 -1.44917
regression_error on 'test' 0.114943
classification_error on 'test' 0.0526316
Save,898,0.114943,0.0526316
sample_count 75 Sample index 36
 i 0:0.744044 i 1:0.516233 i 2:0.702823 i 3:0.901998 bias 1
 test_print 3.8651
net matrix:
 -1.52053 -0.12789 0.127015
outputs matrix:
 0.045605 0.436401 0.563168
error matrix:
 -0.045605 -0.436401 0.436832
delta matrix:
 -0.00396993 -0.21467 0.21493
weights_delta matrix:
 -0.00029538 -0.0159724 0.0159917
 -0.000204941 -0.011082 0.0110954
 -0.000279016 -0.0150875 0.0151058
 -0.000358087 -0.0193632 0.0193866
 -0.000396993 -0.021467 0.021493
weights matrix:
 -0.704022 0.0646697 0.0113611
 1.21839 -0.789557 -0.28175
 -1.52438 0.438669 1.13964
 -1.19636 -0.219966 1.06202
 0.52356 0.0545493 -1.42768
regression_error on 'test' 0.110263
classification_error on 'test' 0.0789474
Save,899,0.110263,0.0789474
sample_count 75 Sample index 22
 i 0:0.305227 i 1:0.233915 i 2:0.430645 i 3:0.427485 bias 1
 test_print 2.39727
net matrix:
 -0.574218 -0.0155226 -0.545334
outputs matrix:
 0.240775 0.492239 0.251492
error matrix:
 -0.240775 0.507761 -0.251492
delta matrix:
 -0.0880284 0.253819 -0.0946838
weights_delta matrix:
 -0.00268686 0.00774725 -0.00289001
 -0.00205912 0.00593721 -0.0022148
 -0.0037909 0.0109306 -0.00407751
 -0.00376308 0.0108504 -0.00404759
 -0.00880284 0.0253819 -0.00946838
weights matrix:
 -0.706709 0.0724169 0.00847105
 1.21633 -0.78362 -0.283965
 -1.52817 0.4496 1.13556
 -1.20012 -0.209116 1.05798
 0.514757 0.0799312 -1.43715
regression_error on 'test' 0.112888
classification_error on 'test' 0.0263158
Save,900,0.112888,0.0263158
sample_count 75 Sample index 61
 i 0:0.697853 i 1:0.480944 i 2:0.687702 i 3:0.682992 bias 1
 test_print 3.54949
net matrix:
 -1.26403 -0.0800435 -0.0642855
outputs matrix:
 0.0739138 0.460064 0.467901
error matrix:
 -0.0739138 0.539936 -0.467901
delta matrix:
 -0.0101189 0.268246 -0.232987
weights_delta matrix:
 -0.000706149 0.0187196 -0.016259
 -0.000486662 0.0129011 -0.0112053
 -0.000695878 0.0184473 -0.0160225
 -0.000691112 0.018321 -0.0159128
 -0.00101189 0.0268246 -0.0232987
weights matrix:
 -0.707415 0.0911366 -0.00778799
 1.21584 -0.770719 -0.29517
 -1.52886 0.468047 1.11954
 -1.20081 -0.190795 1.04206
 0.513745 0.106756 -1.46044
regression_error on 'test' 0.118643
classification_error on 'test' 0.131579
Save,901,0.118643,0.131579
sample_count 75 Sample index 44
 i 0:0.536183 i 1:0.375074 i 2:0.702823 i 3:0.646491 bias 1
 test_print 3.26057
net matrix:
 -1.26036 0.0721522 -0.114806
outputs matrix:
 0.0744179 0.536014 0.442848
error matrix:
 -0.0744179 0.463986 -0.442848
delta matrix:
 -0.0102518 0.23079 -0.218531
weights_delta matrix:
 -0.000549683 0.0123745 -0.0117173
 -0.000384518 0.00865632 -0.00819653
 -0.000720519 0.0162204 -0.0153589
 -0.000662768 0.0149203 -0.0141278
 -0.00102518 0.023079 -0.0218531
weights matrix:
 -0.707965 0.103511 -0.0195052
 1.21546 -0.762062 -0.303367
 -1.52958 0.484267 1.10418
 -1.20148 -0.175874 1.02794
 0.51272 0.129835 -1.4823
regression_error on 'test' 0.124322
classification_error on 'test' 0.210526
Save,902,0.124322,0.210526
sample_count 75 Sample index 41
 i 0:0.674757 i 1:0.445654 i 2:0.627218 i 3:0.536988 bias 1
 test_print 3.28462
net matrix:
 -1.02787 0.0693622 -0.386102
outputs matrix:
 0.113473 0.534626 0.316002
error matrix:
 -0.113473 0.465374 -0.316002
delta matrix:
 -0.0228302 0.231571 -0.136605
weights_delta matrix:
 -0.00154048 0.0156254 -0.00921749
 -0.00101744 0.0103201 -0.00608784
 -0.00143195 0.0145246 -0.00856809
 -0.00122595 0.0124351 -0.0073355
 -0.00228302 0.0231571 -0.0136605
weights matrix:
 -0.709505 0.119137 -0.0287227
 1.21444 -0.751742 -0.309455
 -1.53102 0.498792 1.09561
 -1.2027 -0.163439 1.0206
 0.510437 0.152992 -1.49596
regression_error on 'test' 0.129743
classification_error on 'test' 0.315789
Save,903,0.129743,0.315789
sample_count 75 Sample index 9
 i 0:0.351418 i 1:0.375074 i 2:0.521371 i 3:0.573489 bias 1
 test_print 2.82135
net matrix:
 -0.771355 0.0792246 -0.465595
outputs matrix:
 0.176142 0.53953 0.282684
error matrix:
 -0.176142 0.46047 -0.282684
delta matrix:
 -0.0511219 0.228796 -0.114641
weights_delta matrix:
 -0.00179652 0.00804031 -0.00402871
 -0.00191745 0.00858155 -0.0042999
 -0.00266535 0.0119288 -0.00597707
 -0.00293178 0.0131212 -0.00657456
 -0.00511219 0.0228796 -0.0114641
weights matrix:
 -0.711302 0.127177 -0.0327514
 1.21252 -0.743161 -0.313755
 -1.53368 0.510721 1.08964
 -1.20563 -0.150318 1.01403
 0.505325 0.175872 -1.50742
regression_error on 'test' 0.134703
classification_error on 'test' 0.368421
Save,904,0.134703,0.368421
sample_count 75 Sample index 59
 i 0:0.60547 i 1:0.233915 i 2:0.596976 i 3:0.536988 bias 1
 test_print 2.97335
net matrix:
 -1.2047 0.303206 -0.405636
outputs matrix:
 0.0824585 0.647122 0.307619
error matrix:
 -0.0824585 0.352878 -0.307619
delta matrix:
 -0.0124775 0.161163 -0.13104
weights_delta matrix:
 -0.000755473 0.00975794 -0.00793405
 -0.000291867 0.00376985 -0.00306521
 -0.000744875 0.00962105 -0.00782275
 -0.000670025 0.00865427 -0.00703667
 -0.00124775 0.0161163 -0.013104
weights matrix:
 -0.712057 0.136935 -0.0406855
 1.21223 -0.739391 -0.31682
 -1.53443 0.520342 1.08181
 -1.2063 -0.141664 1.00699
 0.504077 0.191988 -1.52053
regression_error on 'test' 0.139216
classification_error on 'test' 0.421053
Save,905,0.139216,0.421053
sample_count 75 Sample index 35
 i 0:0.189749 i 1:0.233915 i 2:0.128226 i 3:0.171977 bias 1
 test_print 1.72387
net matrix:
 0.248314 0.0873749 -1.29046
outputs matrix:
 0.621667 0.543577 0.0703767
error matrix:
 0.378333 -0.543577 -0.0703767
delta matrix:
 0.177966 -0.269724 -0.00920862
weights_delta matrix:
 0.00337689 -0.00511798 -0.000174733
 0.00416289 -0.00630925 -0.000215403
 0.00228199 -0.00345856 -0.000118078
 0.00306061 -0.00463863 -0.000158367
 0.0177966 -0.0269724 -0.000920862
weights matrix:
 -0.70868 0.131817 -0.0408602
 1.21639 -0.7457 -0.317035
 -1.53214 0.516883 1.0817
 -1.20324 -0.146303 1.00683
 0.521874 0.165015 -1.52145
regression_error on 'test' 0.136017
classification_error on 'test' 0.394737
Save,906,0.136017,0.394737
sample_count 75 Sample index 54
 i 0:0.305227 i 1:0.622103 i 2:0.158468 i 3:0.135476 bias 1
 test_print 2.22127
net matrix:
 0.65648 -0.196564 -1.42333
outputs matrix:
 0.788008 0.402965 0.0548541
error matrix:
 0.211992 -0.402965 -0.0548541
delta matrix:
 0.070827 -0.193894 -0.00568784
weights_delta matrix:
 0.00216183 -0.00591816 -0.000173608
 0.00440617 -0.0120622 -0.000353842
 0.00112238 -0.0030726 -9.0134e-05
 0.000959536 -0.0026268 -7.70566e-05
 0.0070827 -0.0193894 -0.000568784
weights matrix:
 -0.706518 0.125899 -0.0410338
 1.2208 -0.757762 -0.317389
 -1.53102 0.513811 1.08161
 -1.20228 -0.148929 1.00675
 0.528957 0.145626 -1.52202
regression_error on 'test' 0.133475
classification_error on 'test' 0.368421
Save,907,0.133475,0.368421
sample_count 75 Sample index 0
 i 0:0.282131 i 1:0.269205 i 2:0.430645 i 3:0.427485 bias 1
 test_print 2.40947
net matrix:
 -0.515014 0.134757 -0.722874
outputs matrix:
 0.263079 0.566974 0.190657
error matrix:
 -0.263079 0.433026 -0.190657
delta matrix:
 -0.102005 0.212628 -0.0588393
weights_delta matrix:
 -0.00287788 0.00599891 -0.00166004
 -0.00274603 0.00572406 -0.00158398
 -0.0043928 0.00915674 -0.00253388
 -0.00436057 0.00908955 -0.00251529
 -0.0102005 0.0212628 -0.00588393
weights matrix:
 -0.709396 0.131898 -0.0426939
 1.21805 -0.752038 -0.318973
 -1.53541 0.522967 1.07907
 -1.20664 -0.13984 1.00424
 0.518756 0.166889 -1.5279
regression_error on 'test' 0.13717
classification_error on 'test' 0.421053
Save,908,0.13717,0.421053
sample_count 75 Sample index 62
 i 0:0.582374 i 1:0.622103 i 2:0.748185 i 3:0.901998 bias 1
 test_print 3.85466
net matrix:
 -1.37379 0.0409985 -0.0380296
outputs matrix:
 0.0602237 0.520488 0.480994
error matrix:
 -0.0602237 -0.520488 0.519006
delta matrix:
 -0.00681693 -0.259807 0.259128
weights_delta matrix:
 -0.000397 -0.0151305 0.0150909
 -0.000424083 -0.0161627 0.0161204
 -0.000510032 -0.0194384 0.0193876
 -0.000614886 -0.0234345 0.0233733
 -0.000681693 -0.0259807 0.0259128
weights matrix:
 -0.709793 0.116767 -0.0276029
 1.21763 -0.768201 -0.302853
 -1.53592 0.503529 1.09846
 -1.20726 -0.163274 1.02761
 0.518074 0.140908 -1.50199
regression_error on 'test' 0.127924
classification_error on 'test' 0.315789
Save,909,0.127924,0.315789
sample_count 75 Sample index 8
 i 0:0.489992 i 1:0.375074 i 2:0.702823 i 3:0.755994 bias 1
 test_print 3.32388
net matrix:
 -1.36518 0.140448 -0.080212
outputs matrix:
 0.0612053 0.569766 0.45998
error matrix:
 -0.0612053 -0.569766 0.54002
delta matrix:
 -0.00703362 -0.279337 0.26828
weights_delta matrix:
 -0.000344642 -0.0136873 0.0131455
 -0.000263813 -0.0104772 0.0100625
 -0.000494339 -0.0196324 0.0188554
 -0.000531737 -0.0211177 0.0202818
 -0.000703362 -0.0279337 0.026828
weights matrix:
 -0.710138 0.10308 -0.0144574
 1.21736 -0.778678 -0.29279
 -1.53642 0.483897 1.11732
 -1.20779 -0.184392 1.04789
 0.517371 0.112975 -1.47516
regression_error on 'test' 0.120427
classification_error on 'test' 0.157895
Save,910,0.120427,0.157895
sample_count 75 Sample index 40
 i 0:0.328323 i 1:0.763262 i 2:0.158468 i 3:0.171977 bias 1
 test_print 2.42203
net matrix:
 0.762199 -0.402546 -1.34611
outputs matrix:
 0.821185 0.308937 0.0634342
error matrix:
 0.178815 -0.308937 -0.0634342
delta matrix:
 0.0525144 -0.131913 -0.00753729
weights_delta matrix:
 0.00172417 -0.00433101 -0.000247466
 0.00400822 -0.0100684 -0.000575292
 0.000832185 -0.0020904 -0.000119442
 0.000903126 -0.0022686 -0.000129624
 0.00525144 -0.0131913 -0.000753729
weights matrix:
 -0.708414 0.0987488 -0.0147049
 1.22137 -0.788746 -0.293366
 -1.53559 0.481806 1.1172
 -1.20689 -0.186661 1.04776
 0.522622 0.0997832 -1.47591
regression_error on 'test' 0.119007
classification_error on 'test' 0.131579
Save,911,0.119007,0.131579
sample_count 75 Sample index 68
 i 0:0.305227 i 1:0.657392 i 2:0.173589 i 3:0.281481 bias 1
 test_print 2.41769
net matrix:
 0.503039 -0.357497 -1.1844
outputs matrix:
 0.732252 0.328496 0.0855833
error matrix:
 0.267748 -0.328496 -0.0855833
delta matrix:
 0.104989 -0.144924 -0.0133953
weights_delta matrix:
 0.00320454 -0.00442346 -0.000408861
 0.00690188 -0.00952717 -0.000880596
 0.00182249 -0.00251572 -0.000232528
 0.00295524 -0.00407933 -0.000377052
 0.0104989 -0.0144924 -0.00133953
weights matrix:
 -0.705209 0.0943253 -0.0151138
 1.22827 -0.798274 -0.294246
 -1.53376 0.47929 1.11696
 -1.20393 -0.19074 1.04739
 0.533121 0.0852909 -1.47725
regression_error on 'test' 0.117558
classification_error on 'test' 0.131579
Save,912,0.117558,0.131579
sample_count 75 Sample index 49
 i 0:0.397609 i 1:0.480944 i 2:0.612097 i 3:0.60999 bias 1
 test_print 3.10064
net matrix:
 -0.829744 -0.0841067 -0.302191
outputs matrix:
 0.159831 0.458046 0.353342
error matrix:
 -0.159831 0.541954 -0.353342
delta matrix:
 -0.0429257 0.269069 -0.161471
weights_delta matrix:
 -0.00170676 0.0106984 -0.00642024
 -0.00206449 0.0129407 -0.00776586
 -0.00262747 0.0164697 -0.0098836
 -0.00261842 0.016413 -0.00984958
 -0.00429257 0.0269069 -0.0161471
weights matrix:
 -0.706916 0.105024 -0.021534
 1.22621 -0.785333 -0.302012
 -1.53639 0.49576 1.10708
 -1.20655 -0.174327 1.03754
 0.528829 0.112198 -1.4934
regression_error on 'test' 0.122748
classification_error on 'test' 0.184211
Save,913,0.122748,0.184211
sample_count 75 Sample index 47
 i 0:0.282131 i 1:0.516233 i 2:0.158468 i 3:0.0989754 bias 1
 test_print 2.05581
net matrix:
 0.599508 -0.202278 -1.37726
outputs matrix:
 0.76835 0.400218 0.0598324
error matrix:
 0.23165 -0.400218 -0.0598324
delta matrix:
 0.0824621 -0.192139 -0.00673144
weights_delta matrix:
 0.00232651 -0.00542085 -0.000189915
 0.00425697 -0.00991887 -0.000347499
 0.00130676 -0.0030448 -0.000106672
 0.000816172 -0.00190171 -6.66247e-05
 0.00824621 -0.0192139 -0.000673144
weights matrix:
 -0.704589 0.0996029 -0.0217239
 1.23047 -0.795252 -0.30236
 -1.53509 0.492715 1.10697
 -1.20573 -0.176229 1.03747
 0.537075 0.0929838 -1.49407
regression_error on 'test' 0.120891
classification_error on 'test' 0.157895
Save,914,0.120891,0.157895
sample_count 75 Sample index 3
 i 0:0.744044 i 1:0.516233 i 2:0.672581 i 3:0.60999 bias 1
 test_print 3.54285
net matrix:
 -1.11992 -0.0195492 -0.288947
outputs matrix:
 0.0962298 0.490227 0.359417
error matrix:
 -0.0962298 0.509773 -0.359417
delta matrix:
 -0.0167381 0.254789 -0.165502
weights_delta matrix:
 -0.00124539 0.0189574 -0.0123141
 -0.000864079 0.0131531 -0.00854376
 -0.00112578 0.0171366 -0.0111313
 -0.00102101 0.0155419 -0.0100955
 -0.00167381 0.0254789 -0.0165502
weights matrix:
 -0.705835 0.11856 -0.034038
 1.2296 -0.782099 -0.310903
 -1.53621 0.509852 1.09584
 -1.20675 -0.160687 1.02738
 0.535401 0.118463 -1.51062
regression_error on 'test' 0.127026
classification_error on 'test' 0.289474
Save,915,0.127026,0.289474
sample_count 75 Sample index 25
 i 0:0.628566 i 1:0.410364 i 2:0.778427 i 3:0.865497 bias 1
 test_print 3.68285
net matrix:
 -1.64395 0.129849 0.082623
outputs matrix:
 0.0359887 0.564562 0.541218
error matrix:
 -0.0359887 -0.564562 0.458782
delta matrix:
 -0.00249715 -0.277575 0.227832
weights_delta matrix:
 -0.000156962 -0.0174474 0.0143208
 -0.000102474 -0.0113907 0.00934942
 -0.000194385 -0.0216072 0.0177351
 -0.000216128 -0.024024 0.0197188
 -0.000249715 -0.0277575 0.0227832
weights matrix:
 -0.705992 0.101113 -0.0197172
 1.2295 -0.793489 -0.301554
 -1.53641 0.488245 1.11358
 -1.20697 -0.184711 1.04709
 0.535151 0.0907053 -1.48784
regression_error on 'test' 0.119476
classification_error on 'test' 0.157895
Save,916,0.119476,0.157895
sample_count 75 Sample index 42
 i 0:0.651661 i 1:0.551523 i 2:0.702823 i 3:0.792495 bias 1
 test_print 3.6985
net matrix:
 -1.28316 -0.0842637 -0.0545369
outputs matrix:
 0.071338 0.457968 0.472759
error matrix:
 -0.071338 -0.457968 0.527241
delta matrix:
 -0.00945213 -0.227366 0.262838
weights_delta matrix:
 -0.000615958 -0.0148165 0.0171281
 -0.000521307 -0.0125397 0.0144961
 -0.000664317 -0.0159798 0.0184729
 -0.000749076 -0.0180186 0.0208298
 -0.000945213 -0.0227366 0.0262838
weights matrix:
 -0.706608 0.0862964 -0.00258908
 1.22898 -0.806029 -0.287058
 -1.53707 0.472265 1.13205
 -1.20772 -0.202729 1.06792
 0.534206 0.0679688 -1.46156
regression_error on 'test' 0.113508
classification_error on 'test' 0.0526316
Save,917,0.113508,0.0526316
sample_count 75 Sample index 51
 i 0:0.628566 i 1:0.516233 i 2:0.763306 i 3:0.719493 bias 1
 test_print 3.6276
net matrix:
 -1.3177 -0.0792667 0.0210936
outputs matrix:
 0.066894 0.460449 0.510545
error matrix:
 -0.066894 -0.460449 0.489455
delta matrix:
 -0.00835094 -0.228784 0.244619
weights_delta matrix:
 -0.000524912 -0.0143806 0.0153759
 -0.000431103 -0.0118106 0.012628
 -0.000637432 -0.0174632 0.0186719
 -0.000600844 -0.0164609 0.0176001
 -0.000835094 -0.0228784 0.0244619
weights matrix:
 -0.707133 0.0719158 0.0127868
 1.22855 -0.81784 -0.27443
 -1.53771 0.454802 1.15072
 -1.20832 -0.21919 1.08552
 0.533371 0.0450903 -1.43709
regression_error on 'test' 0.10893
classification_error on 'test' 0.0789474
Save,918,0.10893,0.0789474
sample_count 75 Sample index 74
 i 0:0.443801 i 1:0.480944 i 2:0.551613 i 3:0.536988 bias 1
 test_print 3.01335
net matrix:
 -0.686666 -0.183156 -0.345737
outputs matrix:
 0.202082 0.409432 0.333705
error matrix:
 -0.202082 0.590568 -0.333705
delta matrix:
 -0.0651695 0.285596 -0.148396
weights_delta matrix:
 -0.00289223 0.0126748 -0.00658583
 -0.00313429 0.0137355 -0.00713702
 -0.00359483 0.0157538 -0.00818572
 -0.00349952 0.0153361 -0.00796869
 -0.00651695 0.0285596 -0.0148396
weights matrix:
 -0.710025 0.0845906 0.00620098
 1.22541 -0.804104 -0.281567
 -1.5413 0.470556 1.14254
 -1.21182 -0.203854 1.07756
 0.526854 0.0736499 -1.45193
regression_error on 'test' 0.112646
classification_error on 'test' 0.0526316
Save,919,0.112646,0.0526316
sample_count 75 Sample index 35
 i 0:0.189749 i 1:0.233915 i 2:0.128226 i 3:0.171977 bias 1
 test_print 1.72387
net matrix:
 0.27273 -0.0731119 -1.1848
outputs matrix:
 0.633082 0.463509 0.0855202
error matrix:
 0.366918 -0.463509 -0.0855202
delta matrix:
 0.170462 -0.23052 -0.0133765
weights_delta matrix:
 0.00323451 -0.0043741 -0.000253817
 0.00398737 -0.00539221 -0.000312896
 0.00218577 -0.00295587 -0.000171521
 0.00293156 -0.00396442 -0.000230045
 0.0170462 -0.023052 -0.00133765
weights matrix:
 -0.70679 0.0802165 0.00594716
 1.2294 -0.809496 -0.28188
 -1.53912 0.4676 1.14236
 -1.20889 -0.207819 1.07733
 0.5439 0.0505979 -1.45327
regression_error on 'test' 0.111113
classification_error on 'test' 0.0789474
Save,920,0.111113,0.0789474
sample_count 75 Sample index 61
 i 0:0.697853 i 1:0.480944 i 2:0.687702 i 3:0.682992 bias 1
 test_print 3.54949
net matrix:
 -1.24218 -0.103114 -0.0632772
outputs matrix:
 0.0769623 0.448625 0.468404
error matrix:
 -0.0769623 0.551375 -0.468404
delta matrix:
 -0.0109347 0.272777 -0.233267
weights_delta matrix:
 -0.000763079 0.0190358 -0.0162786
 -0.000525896 0.013119 -0.0112188
 -0.000751979 0.0187589 -0.0160418
 -0.000746829 0.0186305 -0.0159319
 -0.00109347 0.0272777 -0.0233267
weights matrix:
 -0.707553 0.0992523 -0.0103314
 1.22888 -0.796377 -0.293098
 -1.53987 0.486359 1.12632
 -1.20964 -0.189188 1.06139
 0.542807 0.0778756 -1.4766
regression_error on 'test' 0.116625
classification_error on 'test' 0.0789474
Save,921,0.116625,0.0789474
sample_count 75 Sample index 33
 i 0:0.559279 i 1:0.480944 i 2:0.672581 i 3:0.719493 bias 1
 test_print 3.4323
net matrix:
 -1.1679 -0.0586315 -0.10213
outputs matrix:
 0.0882006 0.470718 0.449112
error matrix:
 -0.0882006 -0.470718 0.550888
delta matrix:
 -0.0141864 -0.234552 0.272591
weights_delta matrix:
 -0.000793415 -0.013118 0.0152454
 -0.000682286 -0.0112806 0.0131101
 -0.00095415 -0.0157755 0.018334
 -0.0010207 -0.0168758 0.0196127
 -0.00141864 -0.0234552 0.0272591
weights matrix:
 -0.708347 0.0861343 0.00491403
 1.22819 -0.807658 -0.279988
 -1.54082 0.470583 1.14466
 -1.21066 -0.206064 1.08101
 0.541388 0.0544204 -1.44934
regression_error on 'test' 0.111365
classification_error on 'test' 0.0789474
Save,922,0.111365,0.0789474
sample_count 75 Sample index 19
 i 0:0.674757 i 1:0.480944 i 2:0.596976 i 3:0.573489 bias 1
 test_print 3.32617
net matrix:
 -0.960014 -0.113147 -0.277403
outputs matrix:
 0.127858 0.443667 0.36475
error matrix:
 -0.127858 0.556333 -0.36475
delta matrix:
 -0.0285152 0.274636 -0.169031
weights_delta matrix:
 -0.00192408 0.0185312 -0.0114055
 -0.00137142 0.0132084 -0.00812943
 -0.00170229 0.0163951 -0.0100907
 -0.00163531 0.01575 -0.00969372
 -0.00285152 0.0274636 -0.0169031
weights matrix:
 -0.710271 0.104666 -0.00649143
 1.22682 -0.79445 -0.288118
 -1.54252 0.486978 1.13457
 -1.21229 -0.190314 1.07131
 0.538537 0.081884 -1.46624
regression_error on 'test' 0.116007
classification_error on 'test' 0.0789474
Save,923,0.116007,0.0789474
sample_count 75 Sample index 70
 i 0:0.259036 i 1:0.622103 i 2:0.173589 i 3:0.135476 bias 1
 test_print 2.1902
net matrix:
 0.685759 -0.326482 -1.30508
outputs matrix:
 0.797625 0.342322 0.0684879
error matrix:
 0.202375 -0.342322 -0.0684879
delta matrix:
 0.0653344 -0.154139 -0.00873868
weights_delta matrix:
 0.0016924 -0.00399276 -0.000226363
 0.00406447 -0.00958904 -0.000543636
 0.00113413 -0.00267568 -0.000151694
 0.000885124 -0.00208821 -0.000118388
 0.00653344 -0.0154139 -0.000873868
weights matrix:
 -0.708579 0.100673 -0.0067178
 1.23089 -0.804039 -0.288661
 -1.54139 0.484303 1.13441
 -1.21141 -0.192402 1.07119
 0.54507 0.0664701 -1.46712
regression_error on 'test' 0.114645
classification_error on 'test' 0.0526316
Save,924,0.114645,0.0526316
sample_count 75 Sample index 0
 i 0:0.282131 i 1:0.269205 i 2:0.430645 i 3:0.427485 bias 1
 test_print 2.40947
net matrix:
 -0.505131 0.00473527 -0.60027
outputs matrix:
 0.266928 0.502368 0.231379
error matrix:
 -0.266928 0.497632 -0.231379
delta matrix:
 -0.104464 0.248811 -0.0822983
weights_delta matrix:
 -0.00294725 0.00701972 -0.00232189
 -0.00281222 0.00669811 -0.00221551
 -0.00449868 0.0107149 -0.00354413
 -0.00446567 0.0106363 -0.00351813
 -0.0104464 0.0248811 -0.00822983
weights matrix:
 -0.711526 0.107693 -0.00903968
 1.22807 -0.79734 -0.290877
 -1.54589 0.495017 1.13087
 -1.21587 -0.181766 1.06768
 0.534624 0.0913511 -1.47534
regression_error on 'test' 0.117729
classification_error on 'test' 0.131579
Save,925,0.117729,0.131579
sample_count 75 Sample index 30
 i 0:0.559279 i 1:0.410364 i 2:0.642339 i 3:0.500487 bias 1
 test_print 3.11247
net matrix:
 -0.960874 0.0513791 -0.339006
outputs matrix:
 0.127667 0.525667 0.336705
error matrix:
 -0.127667 0.474333 -0.336705
delta matrix:
 -0.028436 0.236542 -0.150396
weights_delta matrix:
 -0.00159037 0.0132293 -0.00841133
 -0.00116691 0.00970681 -0.00617171
 -0.00182656 0.015194 -0.00966052
 -0.00142319 0.0118386 -0.00752713
 -0.0028436 0.0236542 -0.0150396
weights matrix:
 -0.713116 0.120922 -0.017451
 1.22691 -0.787634 -0.297049
 -1.54772 0.510211 1.12121
 -1.2173 -0.169927 1.06015
 0.53178 0.115005 -1.49038
regression_error on 'test' 0.12243
classification_error on 'test' 0.157895
Save,926,0.12243,0.157895
sample_count 75 Sample index 29
 i 0:0.420705 i 1:0.304495 i 2:0.536492 i 3:0.536988 bias 1
 test_print 2.79868
net matrix:
 -0.878655 0.108523 -0.417368
outputs matrix:
 0.147128 0.554049 0.302644
error matrix:
 -0.147128 0.445951 -0.302644
delta matrix:
 -0.0369235 0.22037 -0.127747
weights_delta matrix:
 -0.00155339 0.00927107 -0.00537437
 -0.0011243 0.00671015 -0.00388982
 -0.00198092 0.0118227 -0.00685351
 -0.00198275 0.0118336 -0.00685984
 -0.00369235 0.022037 -0.0127747
weights matrix:
 -0.71467 0.130193 -0.0228254
 1.22578 -0.780924 -0.300938
 -1.5497 0.522034 1.11436
 -1.21928 -0.158094 1.05329
 0.528088 0.137042 -1.50316
regression_error on 'test' 0.126788
classification_error on 'test' 0.236842
Save,927,0.126788,0.236842
sample_count 75 Sample index 15
 i 0:0.720948 i 1:0.410364 i 2:0.65746 i 3:0.573489 bias 1
 test_print 3.36226
net matrix:
 -1.20224 0.162993 -0.306415
outputs matrix:
 0.0828316 0.580783 0.351414
error matrix:
 -0.0828316 0.419217 -0.351414
delta matrix:
 -0.0125855 0.204137 -0.16019
weights_delta matrix:
 -0.00090735 0.0147172 -0.0115489
 -0.000516464 0.00837706 -0.00657363
 -0.000827447 0.0134212 -0.0105319
 -0.000721765 0.011707 -0.00918673
 -0.00125855 0.0204137 -0.016019
weights matrix:
 -0.715577 0.14491 -0.0343743
 1.22527 -0.772546 -0.307512
 -1.55052 0.535455 1.10382
 -1.22 -0.146387 1.0441
 0.526829 0.157456 -1.51918
regression_error on 'test' 0.132402
classification_error on 'test' 0.368421
Save,928,0.132402,0.368421
sample_count 75 Sample index 44
 i 0:0.536183 i 1:0.375074 i 2:0.702823 i 3:0.646491 bias 1
 test_print 3.26057
net matrix:
 -1.27575 0.227085 -0.202153
outputs matrix:
 0.072326 0.61163 0.400278
error matrix:
 -0.072326 0.38837 -0.400278
delta matrix:
 -0.00970541 0.184506 -0.192178
weights_delta matrix:
 -0.000520388 0.00989288 -0.0103043
 -0.000364025 0.00692033 -0.0072081
 -0.000682119 0.0129675 -0.0135067
 -0.000627446 0.0119281 -0.0124241
 -0.000970541 0.0184506 -0.0192178
weights matrix:
 -0.716097 0.154803 -0.0446785
 1.2249 -0.765626 -0.31472
 -1.55121 0.548423 1.09032
 -1.22063 -0.134458 1.03168
 0.525859 0.175907 -1.5384
regression_error on 'test' 0.138424
classification_error on 'test' 0.421053
Save,929,0.138424,0.421053
sample_count 75 Sample index 65
 i 0:0.928809 i 1:0.410364 i 2:0.944758 i 3:0.792495 bias 1
 test_print 4.07643
net matrix:
 -2.06946 0.417073 0.138643
outputs matrix:
 0.01569 0.697231 0.568881
error matrix:
 -0.01569 -0.697231 0.431119
delta matrix:
 -0.000484627 -0.294371 0.211469
weights_delta matrix:
 -4.50126e-05 -0.0273414 0.0196414
 -1.98873e-05 -0.0120799 0.00867792
 -4.57855e-05 -0.0278109 0.0199787
 -3.84064e-05 -0.0233287 0.0167588
 -4.84627e-05 -0.0294371 0.0211469
weights matrix:
 -0.716142 0.127462 -0.0250371
 1.22488 -0.777706 -0.306042
 -1.55125 0.520612 1.1103
 -1.22067 -0.157787 1.04844
 0.52581 0.146469 -1.51725
regression_error on 'test' 0.128542
classification_error on 'test' 0.315789
Save,930,0.128542,0.315789
sample_count 75 Sample index 14
 i 0:0.697853 i 1:0.516233 i 2:0.778427 i 3:0.938499 bias 1
 test_print 3.93101
net matrix:
 -1.69476 0.0911166 0.155532
outputs matrix:
 0.0326248 0.545433 0.577145
error matrix:
 -0.0326248 -0.545433 0.422855
delta matrix:
 -0.0020593 -0.270465 0.206395
weights_delta matrix:
 -0.000143709 -0.0188745 0.0144033
 -0.000106308 -0.0139623 0.0106548
 -0.000160302 -0.0210537 0.0160663
 -0.000193265 -0.0253831 0.0193701
 -0.00020593 -0.0270465 0.0206395
weights matrix:
 -0.716286 0.108587 -0.0106338
 1.22478 -0.791668 -0.295388
 -1.55141 0.499558 1.12636
 -1.22086 -0.18317 1.06781
 0.525604 0.119423 -1.49661
regression_error on 'test' 0.120746
classification_error on 'test' 0.157895
Save,931,0.120746,0.157895
sample_count 75 Sample index 30
 i 0:0.559279 i 1:0.410364 i 2:0.642339 i 3:0.500487 bias 1
 test_print 3.11247
net matrix:
 -0.979952 0.0844927 -0.365843
outputs matrix:
 0.123477 0.542146 0.324825
error matrix:
 -0.123477 0.457854 -0.324825
delta matrix:
 -0.0267281 0.2273 -0.142477
weights_delta matrix:
 -0.00149485 0.0127124 -0.00796845
 -0.00109682 0.00932759 -0.00584675
 -0.00171685 0.0146004 -0.00915186
 -0.00133771 0.0113761 -0.00713079
 -0.00267281 0.02273 -0.0142477
weights matrix:
 -0.717781 0.1213 -0.0186023
 1.22368 -0.782341 -0.301234
 -1.55313 0.514159 1.11721
 -1.2222 -0.171794 1.06068
 0.522932 0.142153 -1.51086
regression_error on 'test' 0.125609
classification_error on 'test' 0.236842
Save,932,0.125609,0.236842
sample_count 75 Sample index 12
 i 0:0.166653 i 1:0.480944 i 2:0.128226 i 3:0.135476 bias 1
 test_print 1.9113
net matrix:
 0.627102 -0.17124 -1.37188
outputs matrix:
 0.778027 0.415207 0.0604397
error matrix:
 0.221973 -0.415207 -0.0604397
delta matrix:
 0.07667 -0.201633 -0.00686436
weights_delta matrix:
 0.00127773 -0.00336028 -0.000114397
 0.0036874 -0.00969743 -0.000330137
 0.000983108 -0.00258546 -8.80189e-05
 0.00103869 -0.00273165 -9.29955e-05
 0.007667 -0.0201633 -0.000686436
weights matrix:
 -0.716503 0.117939 -0.0187167
 1.22737 -0.792038 -0.301564
 -1.55215 0.511573 1.11712
 -1.22116 -0.174526 1.06058
 0.530599 0.12199 -1.51154
regression_error on 'test' 0.123506
classification_error on 'test' 0.210526
Save,933,0.123506,0.210526
sample_count 75 Sample index 55
 i 0:0.628566 i 1:0.551523 i 2:0.612097 i 3:0.60999 bias 1
 test_print 3.40218
net matrix:
 -0.937808 -0.0340315 -0.358895
outputs matrix:
 0.132893 0.482991 0.32788
error matrix:
 -0.132893 0.517009 -0.32788
delta matrix:
 -0.0306272 0.258205 -0.144513
weights_delta matrix:
 -0.00192512 0.0162299 -0.00908358
 -0.00168916 0.0142406 -0.00797021
 -0.00187468 0.0158047 -0.00884558
 -0.00186823 0.0157503 -0.00881513
 -0.00306272 0.0258205 -0.0144513
weights matrix:
 -0.718428 0.134169 -0.0278002
 1.22568 -0.777798 -0.309535
 -1.55402 0.527378 1.10828
 -1.22303 -0.158776 1.05177
 0.527536 0.14781 -1.526
regression_error on 'test' 0.12963
classification_error on 'test' 0.342105
Save,934,0.12963,0.342105
sample_count 75 Sample index 16
 i 0:0.60547 i 1:0.304495 i 2:0.687702 i 3:0.755994 bias 1
 test_print 3.35366
net matrix:
 -1.52754 0.234856 -0.0797838
outputs matrix:
 0.0449985 0.615315 0.460193
error matrix:
 -0.0449985 -0.615315 0.539807
delta matrix:
 -0.00386749 -0.291293 0.268193
weights_delta matrix:
 -0.000234165 -0.0176369 0.0162383
 -0.000117763 -0.00886973 0.00816634
 -0.000265968 -0.0200323 0.0184437
 -0.00029238 -0.0220216 0.0202752
 -0.000386749 -0.0291293 0.0268193
weights matrix:
 -0.718662 0.116532 -0.011562
 1.22556 -0.786667 -0.301368
 -1.55429 0.507346 1.12672
 -1.22332 -0.180797 1.07204
 0.527149 0.118681 -1.49918
regression_error on 'test' 0.121595
classification_error on 'test' 0.157895
Save,935,0.121595,0.157895
sample_count 75 Sample index 48
 i 0:0.744044 i 1:0.516233 i 2:0.748185 i 3:0.828996 bias 1
 test_print 3.83746
net matrix:
 -1.55191 0.0289907 0.0683611
outputs matrix:
 0.0429497 0.514491 0.534127
error matrix:
 -0.0429497 -0.514491 0.465873
delta matrix:
 -0.00353089 -0.25703 0.231851
weights_delta matrix:
 -0.000262714 -0.0191241 0.0172507
 -0.000182276 -0.0132687 0.0119689
 -0.000264176 -0.0192306 0.0173468
 -0.000292709 -0.0213076 0.0192204
 -0.000353089 -0.025703 0.0231851
weights matrix:
 -0.718925 0.0974081 0.00568878
 1.22538 -0.799936 -0.289399
 -1.55455 0.488115 1.14407
 -1.22361 -0.202105 1.09126
 0.526796 0.092978 -1.47599
regression_error on 'test' 0.114988
classification_error on 'test' 0.0526316
Save,936,0.114988,0.0526316
sample_count 75 Sample index 15
 i 0:0.720948 i 1:0.410364 i 2:0.65746 i 3:0.573489 bias 1
 test_print 3.36226
net matrix:
 -1.21244 0.0399504 -0.212642
outputs matrix:
 0.0812945 0.519965 0.395253
error matrix:
 -0.0812945 0.480035 -0.395253
delta matrix:
 -0.0121431 0.239635 -0.188953
weights_delta matrix:
 -0.000875452 0.0172764 -0.0136225
 -0.000498308 0.00983376 -0.00775396
 -0.000798358 0.015755 -0.0124229
 -0.000696392 0.0137428 -0.0108363
 -0.00121431 0.0239635 -0.0188953
weights matrix:
 -0.719801 0.114685 -0.00793376
 1.22488 -0.790102 -0.297153
 -1.55535 0.50387 1.13164
 -1.22431 -0.188362 1.08043
 0.525582 0.116942 -1.49489
regression_error on 'test' 0.120102
classification_error on 'test' 0.157895
Save,937,0.120102,0.157895
sample_count 75 Sample index 70
 i 0:0.259036 i 1:0.622103 i 2:0.173589 i 3:0.135476 bias 1
 test_print 2.1902
net matrix:
 0.665272 -0.282928 -1.33899
outputs matrix:
 0.790931 0.362193 0.0642855
error matrix:
 0.209069 -0.362193 -0.0642855
delta matrix:
 0.0691431 -0.16734 -0.00773392
weights_delta matrix:
 0.00179106 -0.00433471 -0.000200336
 0.00430141 -0.0104103 -0.00048113
 0.00120025 -0.00290484 -0.000134252
 0.000936723 -0.00226706 -0.000104776
 0.00691431 -0.016734 -0.000773392
weights matrix:
 -0.718009 0.11035 -0.0081341
 1.22918 -0.800512 -0.297634
 -1.55415 0.500965 1.13151
 -1.22337 -0.190629 1.08032
 0.532496 0.100207 -1.49566
regression_error on 'test' 0.118373
classification_error on 'test' 0.131579
Save,938,0.118373,0.131579
sample_count 75 Sample index 49
 i 0:0.397609 i 1:0.480944 i 2:0.612097 i 3:0.60999 bias 1
 test_print 3.10064
net matrix:
 -0.859358 -0.0505606 -0.290459
outputs matrix:
 0.152037 0.474741 0.358722
error matrix:
 -0.152037 0.525259 -0.358722
delta matrix:
 -0.0392015 0.261959 -0.165041
weights_delta matrix:
 -0.00155869 0.0104157 -0.00656218
 -0.00188537 0.0125988 -0.00793754
 -0.00239951 0.0160344 -0.0101021
 -0.00239125 0.0159792 -0.0100673
 -0.00392015 0.0261959 -0.0165041
weights matrix:
 -0.719568 0.120766 -0.0146963
 1.22729 -0.787914 -0.305572
 -1.55655 0.517 1.12141
 -1.22576 -0.17465 1.07026
 0.528576 0.126403 -1.51216
regression_error on 'test' 0.12372
classification_error on 'test' 0.210526
Save,939,0.12372,0.210526
sample_count 75 Sample index 55
 i 0:0.628566 i 1:0.551523 i 2:0.612097 i 3:0.60999 bias 1
 test_print 3.40218
net matrix:
 -0.9473 -0.0223207 -0.350675
outputs matrix:
 0.130721 0.488841 0.331513
error matrix:
 -0.130721 0.511159 -0.331513
delta matrix:
 -0.0297083 0.255452 -0.146935
weights_delta matrix:
 -0.00186737 0.0160568 -0.00923581
 -0.00163848 0.0140888 -0.00810378
 -0.00181844 0.0156361 -0.00899382
 -0.00181218 0.0155823 -0.00896286
 -0.00297083 0.0255452 -0.0146935
weights matrix:
 -0.721436 0.136822 -0.0239321
 1.22566 -0.773825 -0.313676
 -1.55837 0.532636 1.11241
 -1.22757 -0.159067 1.06129
 0.525605 0.151949 -1.52686
regression_error on 'test' 0.129876
classification_error on 'test' 0.368421
Save,940,0.129876,0.368421
sample_count 75 Sample index 55
 i 0:0.628566 i 1:0.551523 i 2:0.612097 i 3:0.60999 bias 1
 test_print 3.40218
net matrix:
 -0.954567 0.0401634 -0.386616
outputs matrix:
 0.129078 0.520071 0.315781
error matrix:
 -0.129078 0.479929 -0.315781
delta matrix:
 -0.0290211 0.239578 -0.136457
weights_delta matrix:
 -0.00182417 0.0150591 -0.00857723
 -0.00160058 0.0132133 -0.00752592
 -0.00177638 0.0146645 -0.0083525
 -0.00177026 0.014614 -0.00832375
 -0.00290211 0.0239578 -0.0136457
weights matrix:
 -0.72326 0.151881 -0.0325093
 1.22406 -0.760612 -0.321202
 -1.56014 0.5473 1.10406
 -1.22934 -0.144453 1.05297
 0.522703 0.175906 -1.5405
regression_error on 'test' 0.13622
classification_error on 'test' 0.368421
Save,941,0.13622,0.368421
sample_count 75 Sample index 66
 i 0:0.60547 i 1:0.304495 i 2:0.672581 i 3:0.60999 bias 1
 test_print 3.19254
net matrix:
 -1.3417 0.316252 -0.273119
outputs matrix:
 0.0639599 0.653057 0.366738
error matrix:
 -0.0639599 0.346943 -0.366738
delta matrix:
 -0.00765843 0.157216 -0.170343
weights_delta matrix:
 -0.000463695 0.00951897 -0.0103138
 -0.000233195 0.00478715 -0.00518687
 -0.000515091 0.0105741 -0.011457
 -0.000467157 0.00959003 -0.0103908
 -0.000765843 0.0157216 -0.0170343
weights matrix:
 -0.723723 0.1614 -0.0428231
 1.22382 -0.755825 -0.326389
 -1.56066 0.557874 1.09261
 -1.22981 -0.134863 1.04258
 0.521937 0.191628 -1.55754
regression_error on 'test' 0.141575
classification_error on 'test' 0.421053
Save,942,0.141575,0.421053
sample_count 75 Sample index 25
 i 0:0.628566 i 1:0.410364 i 2:0.778427 i 3:0.865497 bias 1
 test_print 3.68285
net matrix:
 -1.71002 0.300456 0.0344696
outputs matrix:
 0.0316753 0.645865 0.517228
error matrix:
 -0.0316753 -0.645865 0.482772
delta matrix:
 -0.00194309 -0.295449 0.241099
weights_delta matrix:
 -0.000122136 -0.0185709 0.0151547
 -7.97372e-05 -0.0121242 0.00989385
 -0.000151255 -0.0229985 0.0187678
 -0.000168173 -0.025571 0.0208671
 -0.000194309 -0.0295449 0.0241099
weights matrix:
 -0.723846 0.14283 -0.0276684
 1.22374 -0.767949 -0.316495
 -1.56081 0.534876 1.11137
 -1.22998 -0.160434 1.06345
 0.521743 0.162083 -1.53343
regression_error on 'test' 0.131655
classification_error on 'test' 0.368421
Save,943,0.131655,0.368421
sample_count 75 Sample index 6
 i 0:0.305227 i 1:0.657392 i 2:0.128226 i 3:0.171977 bias 1
 test_print 2.26282
net matrix:
 0.69362 -0.258171 -1.42454
outputs matrix:
 0.800151 0.373708 0.0547291
error matrix:
 0.199849 -0.373708 -0.0547291
delta matrix:
 0.0639154 -0.174933 -0.00566269
weights_delta matrix:
 0.00195087 -0.00533943 -0.000172841
 0.00420175 -0.0115 -0.000372261
 0.000819561 -0.0022431 -7.26104e-05
 0.0010992 -0.00300845 -9.73852e-05
 0.00639154 -0.0174933 -0.000566269
weights matrix:
 -0.721895 0.13749 -0.0278412
 1.22794 -0.779449 -0.316867
 -1.55999 0.532633 1.1113
 -1.22888 -0.163443 1.06335
 0.528134 0.14459 -1.53399
regression_error on 'test' 0.129344
classification_error on 'test' 0.342105
Save,944,0.129344,0.342105
sample_count 75 Sample index 39
 i 0:0.397609 i 1:0.622103 i 2:0.18871 i 3:0.135476 bias 1
 test_print 2.3439
net matrix:
 0.544141 -0.20727 -1.38842
outputs matrix:
 0.748058 0.397824 0.0585891
error matrix:
 0.251942 -0.397824 -0.0585891
delta matrix:
 0.0949656 -0.190606 -0.00646313
weights_delta matrix:
 0.00377592 -0.00757865 -0.00025698
 0.00590784 -0.0118576 -0.000402073
 0.0017921 -0.00359692 -0.000121966
 0.00128656 -0.00258225 -8.75599e-05
 0.00949656 -0.0190606 -0.000646313
weights matrix:
 -0.718119 0.129911 -0.0280982
 1.23385 -0.791306 -0.317269
 -1.5582 0.529036 1.11118
 -1.22759 -0.166025 1.06326
 0.537631 0.125529 -1.53464
regression_error on 'test' 0.126899
classification_error on 'test' 0.315789
Save,945,0.126899,0.315789
sample_count 75 Sample index 6
 i 0:0.305227 i 1:0.657392 i 2:0.128226 i 3:0.171977 bias 1
 test_print 2.26282
net matrix:
 0.718647 -0.315733 -1.42645
outputs matrix:
 0.808035 0.347178 0.0545318
error matrix:
 0.191965 -0.347178 -0.0545318
delta matrix:
 0.059553 -0.157373 -0.00562312
weights_delta matrix:
 0.00181772 -0.00480344 -0.000171633
 0.00391496 -0.0103456 -0.000369659
 0.000763624 -0.00201793 -7.2103e-05
 0.00102417 -0.00270645 -9.67047e-05
 0.0059553 -0.0157373 -0.000562312
weights matrix:
 -0.716301 0.125108 -0.0282699
 1.23777 -0.801652 -0.317639
 -1.55743 0.527018 1.11111
 -1.22657 -0.168732 1.06316
 0.543586 0.109792 -1.5352
regression_error on 'test' 0.125079
classification_error on 'test' 0.236842
Save,946,0.125079,0.236842
sample_count 75 Sample index 31
 i 0:0.559279 i 1:0.339785 i 2:0.778427 i 3:0.573489 bias 1
 test_print 3.25098
net matrix:
 -1.35222 0.220852 -0.184314
outputs matrix:
 0.0627113 0.608665 0.408873
error matrix:
 -0.0627113 -0.608665 0.591127
delta matrix:
 -0.00737217 -0.289958 0.285746
weights_delta matrix:
 -0.00041231 -0.0162168 0.0159812
 -0.000250495 -0.00985234 0.00970922
 -0.000573869 -0.0225711 0.0222432
 -0.000422786 -0.0166288 0.0163872
 -0.000737217 -0.0289958 0.0285746
weights matrix:
 -0.716713 0.108891 -0.0122887
 1.23752 -0.811504 -0.307929
 -1.55801 0.504447 1.13335
 -1.22699 -0.18536 1.07955
 0.542849 0.0807962 -1.50663
regression_error on 'test' 0.117702
classification_error on 'test' 0.131579
Save,947,0.117702,0.131579
sample_count 75 Sample index 6
 i 0:0.305227 i 1:0.657392 i 2:0.128226 i 3:0.171977 bias 1
 test_print 2.26282
net matrix:
 0.726831 -0.386638 -1.38183
outputs matrix:
 0.810561 0.315771 0.0593203
error matrix:
 0.189439 -0.315771 -0.0593203
delta matrix:
 0.0581773 -0.136451 -0.00662031
weights_delta matrix:
 0.00177573 -0.00416484 -0.00020207
 0.00382453 -0.00897015 -0.000435214
 0.000745984 -0.00174965 -8.48896e-05
 0.00100052 -0.00234664 -0.000113854
 0.00581773 -0.0136451 -0.000662031
weights matrix:
 -0.714938 0.104726 -0.0124907
 1.24134 -0.820474 -0.308365
 -1.55726 0.502697 1.13326
 -1.22599 -0.187707 1.07944
 0.548667 0.0671511 -1.50729
regression_error on 'test' 0.116446
classification_error on 'test' 0.131579
Save,948,0.116446,0.131579
sample_count 75 Sample index 34
 i 0:0.767139 i 1:0.551523 i 2:0.642339 i 3:0.573489 bias 1
 test_print 3.53449
net matrix:
 -1.01855 -0.0897657 -0.339956
outputs matrix:
 0.115363 0.455237 0.336281
error matrix:
 -0.115363 0.544763 -0.336281
delta matrix:
 -0.0235467 0.270198 -0.150113
weights_delta matrix:
 -0.00180636 0.020728 -0.0115158
 -0.00129866 0.0149021 -0.00827908
 -0.0015125 0.0173559 -0.00964235
 -0.00135038 0.0154956 -0.00860882
 -0.00235467 0.0270198 -0.0150113
weights matrix:
 -0.716744 0.125454 -0.0240065
 1.24004 -0.805572 -0.316644
 -1.55877 0.520053 1.12362
 -1.22734 -0.172211 1.07083
 0.546312 0.0941709 -1.5223
regression_error on 'test' 0.122036
classification_error on 'test' 0.184211
Save,949,0.122036,0.184211
sample_count 75 Sample index 30
 i 0:0.559279 i 1:0.410364 i 2:0.642339 i 3:0.500487 bias 1
 test_print 3.11247
net matrix:
 -0.96121 0.0816177 -0.407984
outputs matrix:
 0.127592 0.540718 0.30662
error matrix:
 -0.127592 0.459282 -0.30662
delta matrix:
 -0.0284051 0.228118 -0.130377
weights_delta matrix:
 -0.00158864 0.0127581 -0.00729174
 -0.00116564 0.00936113 -0.00535022
 -0.00182457 0.0146529 -0.00837465
 -0.00142164 0.011417 -0.00652522
 -0.00284051 0.0228118 -0.0130377
weights matrix:
 -0.718333 0.138213 -0.0312982
 1.23888 -0.796211 -0.321994
 -1.5606 0.534706 1.11525
 -1.22876 -0.160794 1.0643
 0.543471 0.116983 -1.53534
regression_error on 'test' 0.126893
classification_error on 'test' 0.315789
Save,950,0.126893,0.315789
sample_count 75 Sample index 18
 i 0:0.513088 i 1:0.480944 i 2:0.566734 i 3:0.60999 bias 1
 test_print 3.17076
net matrix:
 -0.863245 0.00991788 -0.424995
outputs matrix:
 0.151037 0.504959 0.299435
error matrix:
 -0.151037 0.495041 -0.299435
delta matrix:
 -0.0387335 0.247496 -0.125627
weights_delta matrix:
 -0.00198737 0.0126987 -0.00644577
 -0.00186286 0.0119032 -0.00604196
 -0.00219516 0.0140265 -0.00711971
 -0.0023627 0.015097 -0.00766313
 -0.00387335 0.0247496 -0.0125627
weights matrix:
 -0.72032 0.150911 -0.037744
 1.23701 -0.784308 -0.328036
 -1.56279 0.548732 1.10813
 -1.23113 -0.145697 1.05664
 0.539598 0.141732 -1.5479
regression_error on 'test' 0.132577
classification_error on 'test' 0.368421
Save,951,0.132577,0.368421
sample_count 75 Sample index 20
 i 0:0.489992 i 1:0.375074 i 2:0.521371 i 3:0.500487 bias 1
 test_print 2.88692
net matrix:
 -0.78034 0.134678 -0.582853
outputs matrix:
 0.173549 0.566935 0.237632
error matrix:
 -0.173549 0.433065 -0.237632
delta matrix:
 -0.0497842 0.212652 -0.0861003
weights_delta matrix:
 -0.00243939 0.0104198 -0.00421885
 -0.00186728 0.00797603 -0.0032294
 -0.00259561 0.0110871 -0.00448902
 -0.00249164 0.010643 -0.00430921
 -0.00497842 0.0212652 -0.00861003
weights matrix:
 -0.722759 0.161331 -0.0419629
 1.23515 -0.776332 -0.331265
 -1.56539 0.559819 1.10364
 -1.23362 -0.135054 1.05233
 0.53462 0.162998 -1.55651
regression_error on 'test' 0.137194
classification_error on 'test' 0.421053
Save,952,0.137194,0.421053
sample_count 75 Sample index 64
 i 0:0.282131 i 1:0.516233 i 2:0.158468 i 3:0.0989754 bias 1
 test_print 2.05581
net matrix:
 0.598168 -0.116908 -1.46031
outputs matrix:
 0.767872 0.441811 0.0511432
error matrix:
 0.232128 -0.441811 -0.0511432
delta matrix:
 0.0827508 -0.217914 -0.00496371
weights_delta matrix:
 0.00233466 -0.00614802 -0.000140042
 0.00427187 -0.0112494 -0.000256243
 0.00131134 -0.00345323 -7.8659e-05
 0.00081903 -0.00215681 -4.91286e-05
 0.00827508 -0.0217914 -0.000496371
weights matrix:
 -0.720425 0.155183 -0.0421029
 1.23942 -0.787581 -0.331522
 -1.56408 0.556366 1.10356
 -1.2328 -0.137211 1.05228
 0.542895 0.141206 -1.55701
regression_error on 'test' 0.13439
classification_error on 'test' 0.368421
Save,953,0.13439,0.368421
sample_count 75 Sample index 37
 i 0:0.720948 i 1:0.551523 i 2:0.82379 i 3:0.901998 bias 1
 test_print 3.99826
net matrix:
 -1.69338 0.15328 0.0880545
outputs matrix:
 0.0327117 0.576046 0.543914
error matrix:
 -0.0327117 -0.576046 0.456086
delta matrix:
 -0.00207011 -0.28136 0.226284
weights_delta matrix:
 -0.000149244 -0.0202846 0.0163139
 -0.000114171 -0.0155177 0.0124801
 -0.000170533 -0.0231782 0.0186411
 -0.000186723 -0.0253786 0.0204108
 -0.000207011 -0.028136 0.0226284
weights matrix:
 -0.720574 0.134898 -0.025789
 1.2393 -0.803099 -0.319042
 -1.56425 0.533188 1.1222
 -1.23299 -0.16259 1.07269
 0.542688 0.11307 -1.53438
regression_error on 'test' 0.125185
classification_error on 'test' 0.236842
Save,954,0.125185,0.236842
sample_count 75 Sample index 15
 i 0:0.720948 i 1:0.410364 i 2:0.65746 i 3:0.573489 bias 1
 test_print 3.36226
net matrix:
 -1.20378 0.138068 -0.330915
outputs matrix:
 0.0825983 0.568599 0.340329
error matrix:
 -0.0825983 0.431401 -0.340329
delta matrix:
 -0.0125179 0.21164 -0.152811
weights_delta matrix:
 -0.000902476 0.0152582 -0.0110169
 -0.00051369 0.00868496 -0.00627081
 -0.000823002 0.0139145 -0.0100467
 -0.000717888 0.0121373 -0.00876354
 -0.00125179 0.021164 -0.0152811
weights matrix:
 -0.721476 0.150157 -0.0368059
 1.23879 -0.794414 -0.325312
 -1.56507 0.547102 1.11215
 -1.2337 -0.150453 1.06393
 0.541436 0.134234 -1.54966
regression_error on 'test' 0.130736
classification_error on 'test' 0.368421
Save,955,0.130736,0.368421
sample_count 75 Sample index 41
 i 0:0.674757 i 1:0.445654 i 2:0.627218 i 3:0.536988 bias 1
 test_print 3.28462
net matrix:
 -1.03744 0.143881 -0.450592
outputs matrix:
 0.111563 0.571448 0.288807
error matrix:
 -0.111563 0.428552 -0.288807
delta matrix:
 -0.0221154 0.209901 -0.118641
weights_delta matrix:
 -0.00149225 0.0141632 -0.00800537
 -0.00098558 0.0093543 -0.00528727
 -0.00138712 0.0131653 -0.00744136
 -0.00118757 0.0112714 -0.00637087
 -0.00221154 0.0209901 -0.0118641
weights matrix:
 -0.722969 0.16432 -0.0448113
 1.23781 -0.78506 -0.3306
 -1.56646 0.560268 1.10471
 -1.23489 -0.139181 1.05756
 0.539224 0.155224 -1.56152
regression_error on 'test' 0.136133
classification_error on 'test' 0.421053
Save,956,0.136133,0.421053
sample_count 75 Sample index 44
 i 0:0.536183 i 1:0.375074 i 2:0.702823 i 3:0.646491 bias 1
 test_print 3.26057
net matrix:
 -1.28344 0.252664 -0.249431
outputs matrix:
 0.0713005 0.623711 0.377808
error matrix:
 -0.0713005 0.376289 -0.377808
delta matrix:
 -0.00944258 0.176627 -0.177622
weights_delta matrix:
 -0.000506295 0.00947044 -0.00952379
 -0.000354167 0.00662482 -0.00666214
 -0.000663646 0.0124138 -0.0124837
 -0.000610454 0.0114188 -0.0114831
 -0.000944258 0.0176627 -0.0177622
weights matrix:
 -0.723475 0.17379 -0.054335
 1.23745 -0.778435 -0.337262
 -1.56712 0.572682 1.09223
 -1.2355 -0.127762 1.04607
 0.53828 0.172887 -1.57929
regression_error on 'test' 0.142118
classification_error on 'test' 0.421053
Save,957,0.142118,0.421053
sample_count 75 Sample index 44
 i 0:0.536183 i 1:0.375074 i 2:0.702823 i 3:0.646491 bias 1
 test_print 3.26057
net matrix:
 -1.28565 0.293996 -0.290996
outputs matrix:
 0.0710084 0.642904 0.358474
error matrix:
 -0.0710084 0.357096 -0.358474
delta matrix:
 -0.00936832 0.163963 -0.164877
weights_delta matrix:
 -0.000502313 0.00879141 -0.00884043
 -0.000351381 0.00614982 -0.00618411
 -0.000658427 0.0115237 -0.0115879
 -0.000605653 0.0106001 -0.0106592
 -0.000936832 0.0163963 -0.0164877
weights matrix:
 -0.723977 0.182582 -0.0631755
 1.2371 -0.772285 -0.343446
 -1.56778 0.584205 1.08064
 -1.23611 -0.117162 1.03542
 0.537343 0.189283 -1.59577
regression_error on 'test' 0.148002
classification_error on 'test' 0.421053
Save,958,0.148002,0.421053
sample_count 75 Sample index 33
 i 0:0.559279 i 1:0.480944 i 2:0.672581 i 3:0.719493 bias 1
 test_print 3.4323
net matrix:
 -1.21642 0.228599 -0.324492
outputs matrix:
 0.0807029 0.612349 0.343219
error matrix:
 -0.0807029 -0.612349 0.656781
delta matrix:
 -0.0119747 -0.290716 0.296103
weights_delta matrix:
 -0.000669719 -0.0162591 0.0165604
 -0.000575915 -0.0139818 0.0142409
 -0.000805395 -0.019553 0.0199153
 -0.00086157 -0.0209168 0.0213044
 -0.00119747 -0.0290716 0.0296103
weights matrix:
 -0.724647 0.166322 -0.0466151
 1.23652 -0.786267 -0.329205
 -1.56859 0.564652 1.10056
 -1.23697 -0.138079 1.05672
 0.536146 0.160212 -1.56616
regression_error on 'test' 0.137348
classification_error on 'test' 0.421053
Save,959,0.137348,0.421053
sample_count 75 Sample index 65
 i 0:0.928809 i 1:0.410364 i 2:0.944758 i 3:0.792495 bias 1
 test_print 4.07643
net matrix:
 -2.09172 0.41607 0.132651
outputs matrix:
 0.0150172 0.696807 0.565939
error matrix:
 -0.0150172 -0.696807 0.434061
delta matrix:
 -0.000444257 -0.294425 0.213256
weights_delta matrix:
 -4.1263e-05 -0.0273464 0.0198074
 -1.82307e-05 -0.0120821 0.00875125
 -4.19715e-05 -0.027816 0.0201475
 -3.52072e-05 -0.023333 0.0169004
 -4.44257e-05 -0.0294425 0.0213256
weights matrix:
 -0.724688 0.138976 -0.0268077
 1.23651 -0.798349 -0.320454
 -1.56863 0.536836 1.1207
 -1.237 -0.161412 1.07362
 0.536101 0.130769 -1.54484
regression_error on 'test' 0.127519
classification_error on 'test' 0.315789
Save,960,0.127519,0.315789
sample_count 75 Sample index 11
 i 0:0.536183 i 1:0.198626 i 2:0.536492 i 3:0.427485 bias 1
 test_print 2.69879
net matrix:
 -0.97722 0.26572 -0.562657
outputs matrix:
 0.12407 0.629819 0.245027
error matrix:
 -0.12407 0.370181 -0.245027
delta matrix:
 -0.026967 0.172613 -0.0906544
weights_delta matrix:
 -0.00144593 0.00925523 -0.00486074
 -0.000535636 0.00342855 -0.00180063
 -0.00144676 0.00926056 -0.00486354
 -0.0011528 0.00737896 -0.00387534
 -0.0026967 0.0172613 -0.00906544
weights matrix:
 -0.726134 0.148231 -0.0316684
 1.23597 -0.794921 -0.322254
 -1.57008 0.546097 1.11584
 -1.23816 -0.154033 1.06975
 0.533405 0.148031 -1.5539
regression_error on 'test' 0.131042
classification_error on 'test' 0.368421
Save,961,0.131042,0.368421
sample_count 75 Sample index 47
 i 0:0.282131 i 1:0.516233 i 2:0.158468 i 3:0.0989754 bias 1
 test_print 2.05581
net matrix:
 0.595234 -0.14922 -1.44649
outputs matrix:
 0.766825 0.425939 0.0525014
error matrix:
 0.233175 -0.425939 -0.0525014
delta matrix:
 0.0833855 -0.208297 -0.00522336
weights_delta matrix:
 0.00235256 -0.0058767 -0.000147367
 0.00430463 -0.010753 -0.000269647
 0.00132139 -0.00330084 -8.27735e-05
 0.000825311 -0.00206163 -5.16984e-05
 0.00833855 -0.0208297 -0.000522336
weights matrix:
 -0.723782 0.142355 -0.0318158
 1.24027 -0.805673 -0.322524
 -1.56875 0.542796 1.11576
 -1.23733 -0.156095 1.06969
 0.541743 0.127201 -1.55443
regression_error on 'test' 0.128572
classification_error on 'test' 0.342105
Save,962,0.128572,0.342105
sample_count 75 Sample index 21
 i 0:0.836426 i 1:0.445654 i 2:0.884274 i 3:0.719493 bias 1
 test_print 3.88585
net matrix:
 -1.78837 0.254889 0.0315011
outputs matrix:
 0.0272057 0.624755 0.515745
error matrix:
 -0.0272057 -0.624755 0.484255
delta matrix:
 -0.00144002 -0.29293 0.241887
weights_delta matrix:
 -0.000120447 -0.0245015 0.0202321
 -6.41752e-05 -0.0130546 0.0107798
 -0.000127338 -0.0259031 0.0213895
 -0.000103609 -0.0210761 0.0174036
 -0.000144002 -0.029293 0.0241887
weights matrix:
 -0.723902 0.117853 -0.0115837
 1.24021 -0.818728 -0.311744
 -1.56888 0.516893 1.13715
 -1.23744 -0.177171 1.0871
 0.541599 0.0979078 -1.53024
regression_error on 'test' 0.11996
classification_error on 'test' 0.157895
Save,963,0.11996,0.157895
sample_count 75 Sample index 0
 i 0:0.282131 i 1:0.269205 i 2:0.430645 i 3:0.427485 bias 1
 test_print 2.40947
net matrix:
 -0.533381 0.0576115 -0.663004
outputs matrix:
 0.256019 0.528774 0.20982
error matrix:
 -0.256019 0.471226 -0.20982
delta matrix:
 -0.0975297 0.234833 -0.0695747
weights_delta matrix:
 -0.00275161 0.00662536 -0.00196292
 -0.00262555 0.00632181 -0.00187299
 -0.00420007 0.010113 -0.0029962
 -0.00416925 0.0100387 -0.00297421
 -0.00975297 0.0234833 -0.00695747
weights matrix:
 -0.726654 0.124479 -0.0135466
 1.23759 -0.812406 -0.313617
 -1.57308 0.527006 1.13415
 -1.24161 -0.167132 1.08412
 0.531846 0.121391 -1.53719
regression_error on 'test' 0.123325
classification_error on 'test' 0.210526
Save,964,0.123325,0.210526
sample_count 75 Sample index 4
 i 0:0.212844 i 1:0.516233 i 2:0.158468 i 3:0.135476 bias 1
 test_print 2.02302
net matrix:
 0.598574 -0.210634 -1.37538
outputs matrix:
 0.768017 0.396213 0.0600439
error matrix:
 0.231983 -0.396213 -0.0600439
delta matrix:
 0.0826634 -0.189571 -0.0067776
weights_delta matrix:
 0.00175944 -0.0040349 -0.000144257
 0.00426736 -0.00978627 -0.000349882
 0.00130995 -0.00300409 -0.000107403
 0.00111989 -0.00256823 -9.18202e-05
 0.00826634 -0.0189571 -0.00067776
weights matrix:
 -0.724894 0.120444 -0.0136909
 1.24185 -0.822193 -0.313967
 -1.57177 0.524002 1.13404
 -1.24049 -0.1697 1.08403
 0.540113 0.102434 -1.53787
regression_error on 'test' 0.121381
classification_error on 'test' 0.184211
Save,965,0.121381,0.184211
sample_count 75 Sample index 14
 i 0:0.697853 i 1:0.516233 i 2:0.778427 i 3:0.938499 bias 1
 test_print 3.93101
net matrix:
 -1.71238 0.0106764 0.190626
outputs matrix:
 0.0315308 0.505338 0.594175
error matrix:
 -0.0315308 -0.505338 0.405825
delta matrix:
 -0.00192569 -0.25264 0.195714
weights_delta matrix:
 -0.000134385 -0.0176306 0.013658
 -9.94104e-05 -0.0130421 0.0101034
 -0.000149901 -0.0196662 0.0152349
 -0.000180726 -0.0237103 0.0183678
 -0.000192569 -0.025264 0.0195714
weights matrix:
 -0.725029 0.102813 -3.29114e-05
 1.24175 -0.835235 -0.303864
 -1.57192 0.504336 1.14928
 -1.24067 -0.193411 1.1024
 0.53992 0.07717 -1.5183
regression_error on 'test' 0.114979
classification_error on 'test' 0.0789474
Save,966,0.114979,0.0789474
sample_count 75 Sample index 49
 i 0:0.397609 i 1:0.480944 i 2:0.612097 i 3:0.60999 bias 1
 test_print 3.10064
net matrix:
 -0.870107 -0.0929281 -0.288533
outputs matrix:
 0.149286 0.453669 0.359608
error matrix:
 -0.149286 0.546331 -0.359608
delta matrix:
 -0.0379185 0.27082 -0.165628
weights_delta matrix:
 -0.00150767 0.010768 -0.00658553
 -0.00182367 0.0130249 -0.00796579
 -0.00232098 0.0165768 -0.0101381
 -0.00231299 0.0165197 -0.0101032
 -0.00379185 0.027082 -0.0165628
weights matrix:
 -0.726536 0.113581 -0.00661844
 1.23993 -0.82221 -0.311829
 -1.57424 0.520912 1.13914
 -1.24298 -0.176891 1.0923
 0.536128 0.104252 -1.53486
regression_error on 'test' 0.120014
classification_error on 'test' 0.157895
Save,967,0.120014,0.157895
sample_count 75 Sample index 72
 i 0:0.905713 i 1:0.480944 i 2:0.929637 i 3:0.828996 bias 1
 test_print 4.14529
net matrix:
 -2.01947 0.149304 0.273665
outputs matrix:
 0.0173113 0.574102 0.633516
error matrix:
 -0.0173113 -0.574102 0.366484
delta matrix:
 -0.000588984 -0.280746 0.170176
weights_delta matrix:
 -5.33451e-05 -0.0254276 0.015413
 -2.83268e-05 -0.0135023 0.0081845
 -5.47541e-05 -0.0260992 0.0158202
 -4.88265e-05 -0.0232737 0.0141075
 -5.88984e-05 -0.0280746 0.0170176
weights matrix:
 -0.72659 0.0881535 0.0087946
 1.2399 -0.835712 -0.303645
 -1.5743 0.494813 1.15496
 -1.24303 -0.200165 1.1064
 0.536069 0.0761773 -1.51785
regression_error on 'test' 0.113437
classification_error on 'test' 0.0526316
Save,968,0.113437,0.0526316
sample_count 75 Sample index 10
 i 0:0.697853 i 1:0.304495 i 2:0.808669 i 3:0.719493 bias 1
 test_print 3.53051
net matrix:
 -1.76088 0.139348 0.125863
outputs matrix:
 0.0286997 0.569227 0.562601
error matrix:
 -0.0286997 -0.569227 0.437399
delta matrix:
 -0.00160006 -0.279157 0.215271
weights_delta matrix:
 -0.000111661 -0.0194811 0.0150228
 -4.87211e-05 -0.00850021 0.0065549
 -0.000129392 -0.0225746 0.0174083
 -0.000115123 -0.0200852 0.0154886
 -0.000160006 -0.0279157 0.0215271
weights matrix:
 -0.726701 0.0686724 0.0238174
 1.23985 -0.844212 -0.29709
 -1.57443 0.472239 1.17237
 -1.24314 -0.22025 1.12189
 0.535909 0.0482616 -1.49632
regression_error on 'test' 0.108416
classification_error on 'test' 0.0789474
Save,969,0.108416,0.0789474
sample_count 75 Sample index 23
 i 0:0.975 i 1:0.763262 i 2:0.899395 i 3:0.792495 bias 1
 test_print 4.43015
net matrix:
 -1.62751 -0.278956 0.243662
outputs matrix:
 0.037147 0.364031 0.619476
error matrix:
 -0.037147 -0.364031 0.380524
delta matrix:
 -0.00265728 -0.168555 0.179399
weights_delta matrix:
 -0.000259085 -0.0164341 0.0174914
 -0.00020282 -0.0128652 0.0136928
 -0.000238995 -0.0151598 0.016135
 -0.000210588 -0.0133579 0.0142172
 -0.000265728 -0.0168555 0.0179399
weights matrix:
 -0.72696 0.0522383 0.0413087
 1.23965 -0.857077 -0.283397
 -1.57467 0.457079 1.1885
 -1.24335 -0.233608 1.13611
 0.535644 0.0314061 -1.47838
regression_error on 'test' 0.105161
classification_error on 'test' 0.157895
Save,970,0.105161,0.157895
sample_count 75 Sample index 29
 i 0:0.420705 i 1:0.304495 i 2:0.536492 i 3:0.536988 bias 1
 test_print 2.79868
net matrix:
 -0.905187 -0.0878183 -0.299594
outputs matrix:
 0.140593 0.456203 0.35453
error matrix:
 -0.140593 0.543797 -0.35453
delta matrix:
 -0.0339747 0.269812 -0.16226
weights_delta matrix:
 -0.00142933 0.0113511 -0.00682636
 -0.00103451 0.00821565 -0.00494073
 -0.00182272 0.0144752 -0.00870512
 -0.0018244 0.0144886 -0.00871316
 -0.00339747 0.0269812 -0.016226
weights matrix:
 -0.72839 0.0635894 0.0344824
 1.23862 -0.848862 -0.288338
 -1.57649 0.471554 1.1798
 -1.24518 -0.219119 1.1274
 0.532246 0.0583873 -1.49461
regression_error on 'test' 0.107985
classification_error on 'test' 0.0789474
Save,971,0.107985,0.0789474
sample_count 75 Sample index 42
 i 0:0.651661 i 1:0.551523 i 2:0.702823 i 3:0.792495 bias 1
 test_print 3.6985
net matrix:
 -1.35408 -0.210573 0.0914859
outputs matrix:
 0.0624933 0.396243 0.545616
error matrix:
 -0.0624933 -0.396243 0.454384
delta matrix:
 -0.0073227 -0.18959 0.225301
weights_delta matrix:
 -0.000477192 -0.0123548 0.014682
 -0.000403864 -0.0104563 0.0124259
 -0.000514656 -0.0133248 0.0158347
 -0.000580321 -0.0150249 0.017855
 -0.00073227 -0.018959 0.0225301
weights matrix:
 -0.728867 0.0512346 0.0491644
 1.23821 -0.859318 -0.275912
 -1.577 0.458229 1.19563
 -1.24576 -0.234144 1.14525
 0.531514 0.0394283 -1.47208
regression_error on 'test' 0.104844
classification_error on 'test' 0.157895
Save,972,0.104844,0.157895
sample_count 75 Sample index 66
 i 0:0.60547 i 1:0.304495 i 2:0.672581 i 3:0.60999 bias 1
 test_print 3.19254
net matrix:
 -1.35333 -0.0258381 -0.0235695
outputs matrix:
 0.0625819 0.487084 0.488217
error matrix:
 -0.0625819 0.512916 -0.488217
delta matrix:
 -0.00734279 0.256287 -0.243973
weights_delta matrix:
 -0.000444584 0.0155174 -0.0147718
 -0.000223584 0.00780381 -0.00742886
 -0.000493862 0.0172374 -0.0164092
 -0.000447903 0.0156332 -0.0148821
 -0.000734279 0.0256287 -0.0243973
weights matrix:
 -0.729312 0.066752 0.0343925
 1.23799 -0.851514 -0.283341
 -1.5775 0.475467 1.17922
 -1.24621 -0.218511 1.13037
 0.53078 0.065057 -1.49647
regression_error on 'test' 0.108325
classification_error on 'test' 0.0789474
Save,973,0.108325,0.0789474
sample_count 75 Sample index 54
 i 0:0.305227 i 1:0.622103 i 2:0.158468 i 3:0.135476 bias 1
 test_print 2.22127
net matrix:
 0.659516 -0.398555 -1.32224
outputs matrix:
 0.789021 0.310644 0.0663306
error matrix:
 0.210979 -0.310644 -0.0663306
delta matrix:
 0.0702423 -0.133045 -0.00821583
weights_delta matrix:
 0.00214398 -0.0040609 -0.000250769
 0.00436979 -0.00827679 -0.000511109
 0.00111311 -0.00210834 -0.000130195
 0.000951614 -0.00180245 -0.000111305
 0.00702423 -0.0133045 -0.000821583
weights matrix:
 -0.727168 0.0626911 0.0341417
 1.24236 -0.859791 -0.283852
 -1.57638 0.473358 1.17909
 -1.24525 -0.220313 1.13026
 0.537804 0.0517524 -1.49729
regression_error on 'test' 0.107406
classification_error on 'test' 0.0789474
Save,974,0.107406,0.0789474
sample_count 75 Sample index 49
 i 0:0.397609 i 1:0.480944 i 2:0.612097 i 3:0.60999 bias 1
 test_print 3.10064
net matrix:
 -0.878313 -0.18148 -0.20907
outputs matrix:
 0.147213 0.410243 0.396962
error matrix:
 -0.147213 0.589757 -0.396962
delta matrix:
 -0.0369628 0.285376 -0.190052
weights_delta matrix:
 -0.00146968 0.0113468 -0.00755664
 -0.0017777 0.013725 -0.00914043
 -0.00226248 0.0174678 -0.011633
 -0.0022547 0.0174076 -0.011593
 -0.00369628 0.0285376 -0.0190052
weights matrix:
 -0.728637 0.0740379 0.0265851
 1.24058 -0.846066 -0.292992
 -1.57865 0.490826 1.16746
 -1.24751 -0.202906 1.11866
 0.534108 0.08029 -1.5163
regression_error on 'test' 0.111432
classification_error on 'test' 0.0526316
Save,975,0.111432,0.0526316
sample_count 75 Sample index 30
 i 0:0.559279 i 1:0.410364 i 2:0.642339 i 3:0.500487 bias 1
 test_print 3.11247
net matrix:
 -1.0027 -0.0117722 -0.311881
outputs matrix:
 0.118636 0.494114 0.348926
error matrix:
 -0.118636 0.505886 -0.348926
delta matrix:
 -0.0248097 0.252908 -0.158536
weights_delta matrix:
 -0.00138755 0.0141446 -0.00886657
 -0.0010181 0.0103784 -0.00650574
 -0.00159362 0.0162453 -0.0101834
 -0.00124169 0.0126577 -0.00793451
 -0.00248097 0.0252908 -0.0158536
weights matrix:
 -0.730025 0.0881825 0.0177185
 1.23956 -0.835688 -0.299498
 -1.58024 0.507071 1.15728
 -1.24875 -0.190248 1.11073
 0.531627 0.105581 -1.53215
regression_error on 'test' 0.115655
classification_error on 'test' 0.0789474
Save,976,0.115655,0.0789474
sample_count 75 Sample index 37
 i 0:0.720948 i 1:0.551523 i 2:0.82379 i 3:0.901998 bias 1
 test_print 3.99826
net matrix:
 -1.73919 -0.0456282 0.270671
outputs matrix:
 0.0299335 0.477202 0.632125
error matrix:
 -0.0299335 -0.477202 0.367875
delta matrix:
 -0.00173838 -0.238105 0.171094
weights_delta matrix:
 -0.000125329 -0.0171661 0.012335
 -9.58759e-05 -0.013132 0.00943621
 -0.000143206 -0.0196148 0.0140945
 -0.000156802 -0.021477 0.0154326
 -0.000173838 -0.0238105 0.0171094
weights matrix:
 -0.73015 0.0710164 0.0300535
 1.23947 -0.84882 -0.290062
 -1.58038 0.487456 1.17137
 -1.24891 -0.211725 1.12616
 0.531453 0.0817703 -1.51504
regression_error on 'test' 0.110552
classification_error on 'test' 0.0789474
Save,977,0.110552,0.0789474
sample_count 75 Sample index 57
 i 0:0.374514 i 1:0.727972 i 2:0.158468 i 3:0.135476 bias 1
 test_print 2.39643
net matrix:
 0.74066 -0.460987 -1.37675
outputs matrix:
 0.814772 0.284556 0.059889
error matrix:
 0.185228 -0.284556 -0.059889
delta matrix:
 0.0559087 -0.115862 -0.00674379
weights_delta matrix:
 0.00209386 -0.00433919 -0.000252564
 0.00407 -0.00843442 -0.000490929
 0.000885974 -0.00183604 -0.000106867
 0.000757429 -0.00156965 -9.13621e-05
 0.00559087 -0.0115862 -0.000674379
weights matrix:
 -0.728056 0.0666772 0.0298009
 1.24354 -0.857254 -0.290553
 -1.5795 0.48562 1.17127
 -1.24815 -0.213295 1.12607
 0.537044 0.0701842 -1.51572
regression_error on 'test' 0.109609
classification_error on 'test' 0.0789474
Save,978,0.109609,0.0789474
sample_count 75 Sample index 13
 i 0:0.420705 i 1:0.269205 i 2:0.491129 i 3:0.427485 bias 1
 test_print 2.60852
net matrix:
 -0.74379 0.0147805 -0.524778
outputs matrix:
 0.184285 0.50739 0.25931
error matrix:
 -0.184285 0.49261 -0.25931
delta matrix:
 -0.0554051 0.246251 -0.0996108
weights_delta matrix:
 -0.00233092 0.0103599 -0.00419067
 -0.00149153 0.00662921 -0.00268157
 -0.0027211 0.0120941 -0.00489217
 -0.00236848 0.0105269 -0.00425821
 -0.00554051 0.0246251 -0.00996108
weights matrix:
 -0.730387 0.0770371 0.0256103
 1.24204 -0.850625 -0.293235
 -1.58222 0.497714 1.16637
 -1.25052 -0.202768 1.12181
 0.531503 0.0948093 -1.52568
regression_error on 'test' 0.112508
classification_error on 'test' 0.0526316
Save,979,0.112508,0.0526316
sample_count 75 Sample index 71
 i 0:0.143558 i 1:0.480944 i 2:0.0979839 i 3:0.0989754 bias 1
 test_print 1.82146
net matrix:
 0.745201 -0.274535 -1.43771
outputs matrix:
 0.816139 0.36608 0.0533817
error matrix:
 0.183861 -0.36608 -0.0533817
delta matrix:
 0.0551791 -0.169909 -0.00539497
weights_delta matrix:
 0.00079214 -0.00243918 -7.74492e-05
 0.00265381 -0.00817167 -0.000259468
 0.000540666 -0.00166484 -5.28621e-05
 0.000546137 -0.00168168 -5.3397e-05
 0.00551791 -0.0169909 -0.000539497
weights matrix:
 -0.729595 0.0745979 0.0255328
 1.2447 -0.858797 -0.293494
 -1.58168 0.49605 1.16632
 -1.24997 -0.204449 1.12176
 0.537021 0.0778184 -1.52622
regression_error on 'test' 0.111299
classification_error on 'test' 0.0526316
Save,980,0.111299,0.0526316
sample_count 75 Sample index 65
 i 0:0.928809 i 1:0.410364 i 2:0.944758 i 3:0.792495 bias 1
 test_print 4.07643
net matrix:
 -2.11475 0.101308 0.367937
outputs matrix:
 0.0143506 0.550481 0.676093
error matrix:
 -0.0143506 -0.550481 0.323907
delta matrix:
 -0.000405969 -0.272435 0.141866
weights_delta matrix:
 -3.77068e-05 -0.025304 0.0131766
 -1.66595e-05 -0.0111798 0.00582166
 -3.83543e-05 -0.0257385 0.0134029
 -3.21729e-05 -0.0215903 0.0112428
 -4.05969e-05 -0.0272435 0.0141866
weights matrix:
 -0.729633 0.0492939 0.0387094
 1.24468 -0.869976 -0.287672
 -1.58172 0.470311 1.17972
 -1.25 -0.22604 1.133
 0.53698 0.0505749 -1.51203
regression_error on 'test' 0.106812
classification_error on 'test' 0.0789474
Save,981,0.106812,0.0789474
sample_count 75 Sample index 31
 i 0:0.559279 i 1:0.339785 i 2:0.778427 i 3:0.573489 bias 1
 test_print 3.25098
net matrix:
 -1.39628 0.0190106 -0.0200363
outputs matrix:
 0.0577277 0.509504 0.489983
error matrix:
 -0.0577277 -0.509504 0.510017
delta matrix:
 -0.00628022 -0.25466 0.254906
weights_delta matrix:
 -0.00035124 -0.0142426 0.0142564
 -0.000213393 -0.00865297 0.00866133
 -0.00048887 -0.0198234 0.0198426
 -0.000360164 -0.0146045 0.0146186
 -0.000628022 -0.025466 0.0254906
weights matrix:
 -0.729984 0.0350513 0.0529658
 1.24447 -0.878629 -0.279011
 -1.5822 0.450488 1.19957
 -1.25037 -0.240644 1.14762
 0.536352 0.0251089 -1.48654
regression_error on 'test' 0.103518
classification_error on 'test' 0.157895
Save,982,0.103518,0.157895
sample_count 75 Sample index 68
 i 0:0.305227 i 1:0.657392 i 2:0.173589 i 3:0.281481 bias 1
 test_print 2.41769
net matrix:
 0.505037 -0.531333 -1.12253
outputs matrix:
 0.733035 0.2568 0.0957765
error matrix:
 0.266965 -0.2568 -0.0957765
delta matrix:
 0.104487 -0.0980226 -0.0165891
weights_delta matrix:
 0.00318924 -0.00299191 -0.000506345
 0.00686892 -0.00644393 -0.00109056
 0.00181379 -0.00170156 -0.000287969
 0.00294112 -0.00275915 -0.000466953
 0.0104487 -0.00980226 -0.00165891
weights matrix:
 -0.726795 0.0320594 0.0524594
 1.25134 -0.885073 -0.280102
 -1.58039 0.448786 1.19928
 -1.24742 -0.243403 1.14715
 0.546801 0.0153066 -1.4882
regression_error on 'test' 0.103033
classification_error on 'test' 0.157895
Save,983,0.103033,0.157895
sample_count 75 Sample index 31
 i 0:0.559279 i 1:0.339785 i 2:0.778427 i 3:0.573489 bias 1
 test_print 3.25098
net matrix:
 -1.3801 -0.0577398 0.0373956
outputs matrix:
 0.0595134 0.471162 0.518689
error matrix:
 -0.0595134 -0.471162 0.481311
delta matrix:
 -0.00666213 -0.234797 0.240319
weights_delta matrix:
 -0.000372599 -0.0131317 0.0134406
 -0.000226369 -0.00797806 0.00816569
 -0.000518598 -0.0182773 0.0187071
 -0.000382066 -0.0134654 0.013782
 -0.000666213 -0.0234797 0.0240319
weights matrix:
 -0.727167 0.0189277 0.0659
 1.25111 -0.893051 -0.271936
 -1.58091 0.430509 1.21799
 -1.24781 -0.256869 1.16094
 0.546135 -0.00817312 -1.46417
regression_error on 'test' 0.101002
classification_error on 'test' 0.184211
Save,984,0.101002,0.184211
sample_count 75 Sample index 45
 i 0:0.697853 i 1:0.586813 i 2:0.793548 i 3:0.975 bias 1
 test_print 4.05321
net matrix:
 -1.69829 -0.427836 0.520687
outputs matrix:
 0.0324024 0.298244 0.739115
error matrix:
 -0.0324024 -0.298244 0.260885
delta matrix:
 -0.00203179 -0.124842 0.10061
weights_delta matrix:
 -0.000141789 -0.00871213 0.00702108
 -0.000119228 -0.00732589 0.00590391
 -0.000161232 -0.0099068 0.00798387
 -0.0001981 -0.0121721 0.00980945
 -0.000203179 -0.0124842 0.010061
weights matrix:
 -0.727309 0.0102156 0.0729211
 1.25099 -0.900377 -0.266032
 -1.58107 0.420602 1.22597
 -1.248 -0.269041 1.17075
 0.545932 -0.0206573 -1.45411
regression_error on 'test' 0.100184
classification_error on 'test' 0.210526
Save,985,0.100184,0.210526
sample_count 75 Sample index 8
 i 0:0.489992 i 1:0.375074 i 2:0.702823 i 3:0.755994 bias 1
 test_print 3.32388
net matrix:
 -1.39593 -0.261144 0.228558
outputs matrix:
 0.057766 0.372317 0.61233
error matrix:
 -0.057766 -0.372317 0.38767
delta matrix:
 -0.00628831 -0.174019 0.184052
weights_delta matrix:
 -0.000308122 -0.00852679 0.0090184
 -0.000235858 -0.006527 0.00690331
 -0.000441957 -0.0122305 0.0129356
 -0.000475392 -0.0131557 0.0139142
 -0.000628831 -0.0174019 0.0184052
weights matrix:
 -0.727617 0.00168877 0.0819395
 1.25076 -0.906904 -0.259129
 -1.58151 0.408372 1.2389
 -1.24848 -0.282197 1.18466
 0.545303 -0.0380592 -1.4357
regression_error on 'test' 0.0995544
classification_error on 'test' 0.210526
Save,986,0.0995544,0.210526
sample_count 75 Sample index 49
 i 0:0.397609 i 1:0.480944 i 2:0.612097 i 3:0.60999 bias 1
 test_print 3.10064
net matrix:
 -0.87206 -0.395732 -0.0467883
outputs matrix:
 0.14879 0.311854 0.476623
error matrix:
 -0.14879 0.688146 -0.476623
delta matrix:
 -0.0376891 0.295354 -0.237791
weights_delta matrix:
 -0.00149855 0.0117435 -0.00945477
 -0.00181263 0.0142049 -0.0114364
 -0.00230694 0.0180785 -0.0145551
 -0.002299 0.0180163 -0.014505
 -0.00376891 0.0295354 -0.0237791
weights matrix:
 -0.729116 0.0134323 0.0724847
 1.24894 -0.892699 -0.270565
 -1.58382 0.42645 1.22435
 -1.25078 -0.26418 1.17015
 0.541534 -0.00852382 -1.45948
regression_error on 'test' 0.100583
classification_error on 'test' 0.210526
Save,987,0.100583,0.210526
sample_count 75 Sample index 66
 i 0:0.60547 i 1:0.304495 i 2:0.672581 i 3:0.60999 bias 1
 test_print 3.19254
net matrix:
 -1.34784 -0.146539 0.0392774
outputs matrix:
 0.0632292 0.427251 0.519629
error matrix:
 -0.0632292 0.572749 -0.519629
delta matrix:
 -0.00749028 0.280312 -0.259414
weights_delta matrix:
 -0.000453514 0.0169721 -0.0157067
 -0.000228075 0.00853536 -0.00789902
 -0.000503782 0.0188533 -0.0174477
 -0.0004569 0.0170988 -0.015824
 -0.000749028 0.0280312 -0.0259414
weights matrix:
 -0.729569 0.0304044 0.056778
 1.24871 -0.884164 -0.278464
 -1.58432 0.445303 1.2069
 -1.25124 -0.247082 1.15433
 0.540785 0.0195074 -1.48542
regression_error on 'test' 0.102674
classification_error on 'test' 0.157895
Save,988,0.102674,0.157895
sample_count 75 Sample index 29
 i 0:0.420705 i 1:0.304495 i 2:0.536492 i 3:0.536988 bias 1
 test_print 2.79868
net matrix:
 -0.907797 -0.130703 -0.278972
outputs matrix:
 0.139964 0.435018 0.364023
error matrix:
 -0.139964 0.564982 -0.364023
delta matrix:
 -0.0336959 0.277719 -0.16855
weights_delta matrix:
 -0.0014176 0.0116838 -0.007091
 -0.00102602 0.00845642 -0.00513227
 -0.00180776 0.0148994 -0.00904259
 -0.00180943 0.0149132 -0.00905095
 -0.00336959 0.0277719 -0.016855
weights matrix:
 -0.730987 0.0420882 0.049687
 1.24769 -0.875708 -0.283596
 -1.58613 0.460203 1.19786
 -1.25304 -0.232168 1.14528
 0.537415 0.0472793 -1.50228
regression_error on 'test' 0.104994
classification_error on 'test' 0.105263
Save,989,0.104994,0.105263
sample_count 75 Sample index 7
 i 0:0.651661 i 1:0.410364 i 2:0.627218 i 3:0.60999 bias 1
 test_print 3.29923
net matrix:
 -1.18613 -0.137625 -0.136348
outputs matrix:
 0.0853128 0.431619 0.432245
error matrix:
 -0.0853128 0.568381 -0.432245
delta matrix:
 -0.0133147 0.278875 -0.212154
weights_delta matrix:
 -0.000867666 0.0181732 -0.0138252
 -0.000546387 0.011444 -0.00870604
 -0.000835121 0.0174916 -0.0133067
 -0.000812183 0.0170111 -0.0129412
 -0.00133147 0.0278875 -0.0212154
weights matrix:
 -0.731855 0.0602614 0.0358617
 1.24714 -0.864263 -0.292302
 -1.58697 0.477694 1.18455
 -1.25386 -0.215157 1.13234
 0.536084 0.0751669 -1.52349
regression_error on 'test' 0.108778
classification_error on 'test' 0.0789474
Save,990,0.108778,0.0789474
sample_count 75 Sample index 57
 i 0:0.374514 i 1:0.727972 i 2:0.158468 i 3:0.135476 bias 1
 test_print 2.39643
net matrix:
 0.748528 -0.484873 -1.38173
outputs matrix:
 0.817135 0.274931 0.0593307
error matrix:
 0.182865 -0.274931 -0.0593307
delta matrix:
 0.0546494 -0.109612 -0.00662257
weights_delta matrix:
 0.0020467 -0.00410511 -0.000248025
 0.00397832 -0.00797942 -0.000482105
 0.000866018 -0.00173699 -0.000104947
 0.000740368 -0.00148497 -8.97199e-05
 0.00546494 -0.0109612 -0.000662257
weights matrix:
 -0.729808 0.0561563 0.0356137
 1.25112 -0.872243 -0.292784
 -1.5861 0.475957 1.18445
 -1.25312 -0.216642 1.13225
 0.541549 0.0642057 -1.52416
regression_error on 'test' 0.107971
classification_error on 'test' 0.0789474
Save,991,0.107971,0.0789474
sample_count 75 Sample index 18
 i 0:0.513088 i 1:0.480944 i 2:0.566734 i 3:0.60999 bias 1
 test_print 3.17076
net matrix:
 -0.894474 -0.18889 -0.284768
outputs matrix:
 0.143202 0.406663 0.361344
error matrix:
 -0.143202 0.593337 -0.361344
delta matrix:
 -0.0351403 0.286331 -0.166778
weights_delta matrix:
 -0.00180301 0.0146913 -0.00855717
 -0.00169005 0.0137709 -0.00802108
 -0.00199152 0.0162273 -0.00945187
 -0.00214352 0.0174659 -0.0101733
 -0.00351403 0.0286331 -0.0166778
weights matrix:
 -0.731611 0.0708475 0.0270565
 1.24943 -0.858472 -0.300806
 -1.58809 0.492185 1.175
 -1.25526 -0.199176 1.12208
 0.538035 0.0928387 -1.54083
regression_error on 'test' 0.112107
classification_error on 'test' 0.0526316
Save,992,0.112107,0.0526316
sample_count 75 Sample index 31
 i 0:0.559279 i 1:0.339785 i 2:0.778427 i 3:0.573489 bias 1
 test_print 3.25098
net matrix:
 -1.40269 0.109671 -0.0697637
outputs matrix:
 0.0570337 0.554617 0.465175
error matrix:
 -0.0570337 -0.554617 0.534825
delta matrix:
 -0.00613465 -0.273999 0.266115
weights_delta matrix:
 -0.000343098 -0.0153242 0.0148833
 -0.000208446 -0.00931009 0.0090422
 -0.000477538 -0.0213289 0.0207151
 -0.000351816 -0.0157136 0.0152614
 -0.000613465 -0.0273999 0.0266115
weights matrix:
 -0.731954 0.0555233 0.0419398
 1.24922 -0.867782 -0.291763
 -1.58857 0.470856 1.19571
 -1.25561 -0.21489 1.13734
 0.537421 0.0654388 -1.51422
regression_error on 'test' 0.107311
classification_error on 'test' 0.0789474
Save,993,0.107311,0.0789474
sample_count 75 Sample index 55
 i 0:0.628566 i 1:0.551523 i 2:0.612097 i 3:0.60999 bias 1
 test_print 3.40218
net matrix:
 -0.971955 -0.221134 -0.223119
outputs matrix:
 0.125219 0.391201 0.390256
error matrix:
 -0.125219 0.608799 -0.390256
delta matrix:
 -0.0274328 0.289987 -0.185728
weights_delta matrix:
 -0.00172433 0.0182276 -0.0116742
 -0.00151298 0.0159934 -0.0102433
 -0.00167915 0.01775 -0.0113683
 -0.00167337 0.0176889 -0.0113292
 -0.00274328 0.0289987 -0.0185728
weights matrix:
 -0.733678 0.0737509 0.0302656
 1.24771 -0.851789 -0.302007
 -1.59025 0.488606 1.18434
 -1.25729 -0.197201 1.12601
 0.534678 0.0944375 -1.53279
regression_error on 'test' 0.111778
classification_error on 'test' 0.0526316
Save,994,0.111778,0.0526316
sample_count 75 Sample index 18
 i 0:0.513088 i 1:0.480944 i 2:0.566734 i 3:0.60999 bias 1
 test_print 3.17076
net matrix:
 -0.909865 -0.120766 -0.304453
outputs matrix:
 0.139466 0.439909 0.352309
error matrix:
 -0.139466 0.560091 -0.352309
delta matrix:
 -0.0334762 0.276001 -0.160785
weights_delta matrix:
 -0.00171763 0.0141613 -0.00824968
 -0.00161002 0.0132741 -0.00773285
 -0.00189721 0.0156419 -0.00911222
 -0.00204202 0.0168358 -0.00980771
 -0.00334762 0.0276001 -0.0160785
weights matrix:
 -0.735396 0.0879121 0.0220159
 1.2461 -0.838515 -0.30974
 -1.59215 0.504248 1.17523
 -1.25933 -0.180365 1.1162
 0.53133 0.122038 -1.54887
regression_error on 'test' 0.116529
classification_error on 'test' 0.131579
Save,995,0.116529,0.131579
sample_count 75 Sample index 12
 i 0:0.166653 i 1:0.480944 i 2:0.128226 i 3:0.135476 bias 1
 test_print 1.9113
net matrix:
 0.633315 -0.226368 -1.39226
outputs matrix:
 0.780165 0.388711 0.0581667
error matrix:
 0.219835 -0.388711 -0.0581667
delta matrix:
 0.0754065 -0.184727 -0.00637313
weights_delta matrix:
 0.00125667 -0.00307853 -0.00010621
 0.00362663 -0.00888432 -0.000306512
 0.000966907 -0.00236868 -8.17201e-05
 0.00102158 -0.0025026 -8.63406e-05
 0.00754065 -0.0184727 -0.000637313
weights matrix:
 -0.734139 0.0848336 0.0219097
 1.24973 -0.847399 -0.310046
 -1.59118 0.501879 1.17515
 -1.25831 -0.182868 1.11611
 0.538871 0.103565 -1.54951
regression_error on 'test' 0.114916
classification_error on 'test' 0.0789474
Save,996,0.114916,0.0789474
sample_count 75 Sample index 69
 i 0:0.628566 i 1:0.445654 i 2:0.581855 i 3:0.536988 bias 1
 test_print 3.19306
net matrix:
 -0.967169 -0.0269353 -0.390806
outputs matrix:
 0.126271 0.486536 0.313973
error matrix:
 -0.126271 0.513464 -0.313973
delta matrix:
 -0.0278622 0.256546 -0.135256
weights_delta matrix:
 -0.00175132 0.0161256 -0.0085017
 -0.00124169 0.0114331 -0.00602772
 -0.00162117 0.0149273 -0.00786991
 -0.00149617 0.0137762 -0.00726306
 -0.00278622 0.0256546 -0.0135256
weights matrix:
 -0.735891 0.100959 0.013408
 1.24848 -0.835966 -0.316074
 -1.5928 0.516806 1.16728
 -1.2598 -0.169092 1.10885
 0.536085 0.129219 -1.56304
regression_error on 'test' 0.119664
classification_error on 'test' 0.157895
Save,997,0.119664,0.157895
sample_count 75 Sample index 67
 i 0:0.443801 i 1:0.375074 i 2:0.566734 i 3:0.536988 bias 1
 test_print 2.9226
net matrix:
 -0.901423 0.0625677 -0.41866
outputs matrix:
 0.141505 0.531243 0.302099
error matrix:
 -0.141505 0.468757 -0.302099
delta matrix:
 -0.0343804 0.233463 -0.127387
weights_delta matrix:
 -0.00152581 0.0103611 -0.00565343
 -0.00128952 0.0087566 -0.00477794
 -0.00194846 0.0132312 -0.00721943
 -0.00184619 0.0125367 -0.0068405
 -0.00343804 0.0233463 -0.0127387
weights matrix:
 -0.737416 0.11132 0.00775459
 1.24719 -0.827209 -0.320852
 -1.59475 0.530037 1.16006
 -1.26165 -0.156555 1.10201
 0.532647 0.152566 -1.57577
regression_error on 'test' 0.12423
classification_error on 'test' 0.236842
Save,998,0.12423,0.236842
sample_count 75 Sample index 9
 i 0:0.351418 i 1:0.375074 i 2:0.521371 i 3:0.573489 bias 1
 test_print 2.82135
net matrix:
 -0.813701 0.0679847 -0.45658
outputs matrix:
 0.164186 0.53394 0.286354
error matrix:
 -0.164186 0.46606 -0.286354
delta matrix:
 -0.0450624 0.231956 -0.117036
weights_delta matrix:
 -0.00158357 0.00815136 -0.00411284
 -0.00169017 0.00870007 -0.0043897
 -0.00234942 0.0120935 -0.0061019
 -0.00258428 0.0133024 -0.00671187
 -0.00450624 0.0231956 -0.0117036
weights matrix:
 -0.739 0.119472 0.00364174
 1.2455 -0.818509 -0.325241
 -1.5971 0.542131 1.15396
 -1.26423 -0.143252 1.0953
 0.528141 0.175761 -1.58748
regression_error on 'test' 0.128967
classification_error on 'test' 0.315789
Save,999,0.128967,0.315789
sample_count 75 Sample index 56
 i 0:0.328323 i 1:0.727972 i 2:0.158468 i 3:0.208478 bias 1
 test_print 2.42324
net matrix:
 0.675549 -0.32482 -1.41184
outputs matrix:
 0.794309 0.343071 0.0560581
error matrix:
 0.205691 -0.343071 -0.0560581
delta matrix:
 0.0672125 -0.154638 -0.00593269
weights_delta matrix:
 0.00220674 -0.00507712 -0.000194784
 0.00489288 -0.0112572 -0.000431884
 0.0010651 -0.00245052 -9.40142e-05
 0.00140123 -0.00322386 -0.000123684
 0.00672125 -0.0154638 -0.000593269
weights matrix:
 -0.736793 0.114395 0.00344696
 1.2504 -0.829766 -0.325673
 -1.59603 0.53968 1.15386
 -1.26283 -0.146476 1.09517
 0.534862 0.160298 -1.58807
regression_error on 'test' 0.126854
classification_error on 'test' 0.315789
Save,1000,0.126854,0.315789
sample_count 75 Sample index 67
 i 0:0.443801 i 1:0.375074 i 2:0.566734 i 3:0.536988 bias 1
 test_print 2.9226
net matrix:
 -0.905788 0.127041 -0.466664
outputs matrix:
 0.140448 0.563181 0.28225
error matrix:
 -0.140448 0.436819 -0.28225
delta matrix:
 -0.0339104 0.214922 -0.114359
weights_delta matrix:
 -0.00150495 0.00953826 -0.00507528
 -0.00127189 0.00806116 -0.00428932
 -0.00192182 0.0121804 -0.00648113
 -0.00182095 0.0115411 -0.00614096
 -0.00339104 0.0214922 -0.0114359
weights matrix:
 -0.738298 0.123933 -0.00162832
 1.24913 -0.821705 -0.329963
 -1.59795 0.551861 1.14738
 -1.26465 -0.134935 1.08903
 0.531471 0.18179 -1.59951
regression_error on 'test' 0.131607
classification_error on 'test' 0.368421
Save,1001,0.131607,0.368421
sample_count 75 Sample index 38
 i 0:0.397609 i 1:0.798551 i 2:0.128226 i 3:0.208478 bias 1
 test_print 2.53286
net matrix:
 0.766856 -0.382475 -1.48948
outputs matrix:
 0.822549 0.317573 0.0483852
error matrix:
 0.177451 -0.317573 -0.0483852
delta matrix:
 0.0518024 -0.137649 -0.00445571
weights_delta matrix:
 0.00205971 -0.00547304 -0.000177163
 0.00413669 -0.010992 -0.000355811
 0.000664242 -0.00176502 -5.71338e-05
 0.00107997 -0.00286967 -9.28918e-05
 0.00518024 -0.0137649 -0.000445571
weights matrix:
 -0.736238 0.11846 -0.00180548
 1.25326 -0.832697 -0.330318
 -1.59729 0.550096 1.14733
 -1.26357 -0.137805 1.08894
 0.536651 0.168025 -1.59995
regression_error on 'test' 0.129612
classification_error on 'test' 0.368421
Save,1002,0.129612,0.368421
sample_count 75 Sample index 1
 i 0:0.582374 i 1:0.445654 i 2:0.581855 i 3:0.536988 bias 1
 test_print 3.14687
net matrix:
 -0.941508 0.111994 -0.495887
outputs matrix:
 0.132043 0.555764 0.270562
error matrix:
 -0.132043 0.444236 -0.270562
delta matrix:
 -0.0302662 0.219355 -0.106795
weights_delta matrix:
 -0.00176262 0.0127747 -0.00621947
 -0.00134882 0.00977564 -0.00475937
 -0.00176105 0.0127633 -0.00621393
 -0.00162526 0.0117791 -0.00573477
 -0.00302662 0.0219355 -0.0106795
weights matrix:
 -0.738001 0.131234 -0.00802496
 1.25191 -0.822922 -0.335078
 -1.59905 0.562859 1.14111
 -1.2652 -0.126026 1.08321
 0.533624 0.18996 -1.61063
regression_error on 'test' 0.134835
classification_error on 'test' 0.368421
Save,1003,0.134835,0.368421
sample_count 75 Sample index 59
 i 0:0.60547 i 1:0.233915 i 2:0.596976 i 3:0.536988 bias 1
 test_print 2.97335
net matrix:
 -1.25436 0.345264 -0.430986
outputs matrix:
 0.0752487 0.666084 0.296927
error matrix:
 -0.0752487 0.333916 -0.296927
delta matrix:
 -0.0104726 0.148536 -0.123974
weights_delta matrix:
 -0.000634082 0.00899343 -0.00750626
 -0.000244969 0.00347449 -0.00289994
 -0.000625187 0.00886726 -0.00740095
 -0.000562364 0.00797622 -0.00665726
 -0.00104726 0.0148536 -0.0123974
weights matrix:
 -0.738635 0.140228 -0.0155312
 1.25167 -0.819447 -0.337978
 -1.59968 0.571726 1.13371
 -1.26576 -0.11805 1.07655
 0.532577 0.204814 -1.62303
regression_error on 'test' 0.139093
classification_error on 'test' 0.421053
Save,1004,0.139093,0.421053
sample_count 75 Sample index 70
 i 0:0.259036 i 1:0.622103 i 2:0.173589 i 3:0.135476 bias 1
 test_print 2.1902
net matrix:
 0.670744 -0.18539 -1.49466
outputs matrix:
 0.792735 0.408353 0.0479104
error matrix:
 0.207265 -0.408353 -0.0479104
delta matrix:
 0.0681101 -0.197317 -0.00437086
weights_delta matrix:
 0.0017643 -0.00511121 -0.000113221
 0.00423715 -0.0122751 -0.000271913
 0.00118232 -0.0034252 -7.58733e-05
 0.000922728 -0.00267317 -5.92147e-05
 0.00681101 -0.0197317 -0.000437086
weights matrix:
 -0.736871 0.135117 -0.0156444
 1.25591 -0.831722 -0.33825
 -1.59849 0.568301 1.13363
 -1.26484 -0.120723 1.07649
 0.539388 0.185082 -1.62347
regression_error on 'test' 0.136329
classification_error on 'test' 0.421053
Save,1005,0.136329,0.421053
sample_count 75 Sample index 27
 i 0:0.328323 i 1:0.622103 i 2:0.158468 i 3:0.135476 bias 1
 test_print 2.24437
net matrix:
 0.654094 -0.21427 -1.51355
outputs matrix:
 0.78721 0.394475 0.0462168
error matrix:
 0.21279 -0.394475 -0.0462168
delta matrix:
 0.0712893 -0.188452 -0.00407456
weights_delta matrix:
 0.00234059 -0.00618732 -0.000133777
 0.00443493 -0.0117237 -0.000253479
 0.00112971 -0.00298636 -6.45687e-05
 0.000965798 -0.00255307 -5.52004e-05
 0.00712893 -0.0188452 -0.000407456
weights matrix:
 -0.73453 0.128929 -0.0157782
 1.26034 -0.843446 -0.338503
 -1.59736 0.565315 1.13357
 -1.26387 -0.123276 1.07643
 0.546517 0.166237 -1.62387
regression_error on 'test' 0.133774
classification_error on 'test' 0.368421
Save,1006,0.133774,0.368421
sample_count 75 Sample index 66
 i 0:0.60547 i 1:0.304495 i 2:0.672581 i 3:0.60999 bias 1
 test_print 3.19254
net matrix:
 -1.35976 0.292498 -0.317468
outputs matrix:
 0.0618316 0.642216 0.346392
error matrix:
 -0.0618316 0.357784 -0.346392
delta matrix:
 -0.00717351 0.164419 -0.15685
weights_delta matrix:
 -0.000434334 0.00995509 -0.00949677
 -0.00021843 0.00500648 -0.00477599
 -0.000482476 0.0110585 -0.0105494
 -0.000437577 0.0100294 -0.00956767
 -0.000717351 0.0164419 -0.015685
weights matrix:
 -0.734965 0.138884 -0.025275
 1.26012 -0.838439 -0.343279
 -1.59785 0.576373 1.12302
 -1.26431 -0.113246 1.06687
 0.5458 0.182679 -1.63956
regression_error on 'test' 0.139038
classification_error on 'test' 0.421053
Save,1007,0.139038,0.421053
sample_count 75 Sample index 32
 i 0:0.697853 i 1:0.516233 i 2:0.642339 i 3:0.60999 bias 1
 test_print 3.46642
net matrix:
 -1.11416 0.147918 -0.462271
outputs matrix:
 0.0972366 0.573424 0.284033
error matrix:
 -0.0972366 0.426576 -0.284033
delta matrix:
 -0.0170712 0.208688 -0.115521
weights_delta matrix:
 -0.00119132 0.0145634 -0.00806167
 -0.000881271 0.0107732 -0.00596358
 -0.00109655 0.0134049 -0.00742037
 -0.00104133 0.0127298 -0.00704667
 -0.00170712 0.0208688 -0.0115521
weights matrix:
 -0.736156 0.153448 -0.0333367
 1.25924 -0.827666 -0.349243
 -1.59894 0.589778 1.1156
 -1.26535 -0.100517 1.05982
 0.544093 0.203548 -1.65111
regression_error on 'test' 0.145185
classification_error on 'test' 0.421053
Save,1008,0.145185,0.421053
sample_count 75 Sample index 9
 i 0:0.351418 i 1:0.375074 i 2:0.521371 i 3:0.573489 bias 1
 test_print 2.82135
net matrix:
 -0.801605 0.196884 -0.604381
outputs matrix:
 0.167534 0.59719 0.22992
error matrix:
 -0.167534 0.40281 -0.22992
delta matrix:
 -0.0467305 0.193795 -0.0814178
weights_delta matrix:
 -0.00164219 0.00681032 -0.00286117
 -0.00175274 0.00726876 -0.00305377
 -0.00243639 0.0101039 -0.00424489
 -0.00267994 0.011114 -0.00466922
 -0.00467305 0.0193795 -0.00814178
weights matrix:
 -0.737798 0.160258 -0.0361978
 1.25749 -0.820397 -0.352296
 -1.60138 0.599882 1.11136
 -1.26803 -0.0894027 1.05515
 0.53942 0.222927 -1.65925
regression_error on 'test' 0.149906
classification_error on 'test' 0.421053
Save,1009,0.149906,0.421053
sample_count 75 Sample index 5
 i 0:0.536183 i 1:0.198626 i 2:0.687702 i 3:0.60999 bias 1
 test_print 3.0325
net matrix:
 -1.48116 0.503908 -0.340724
outputs matrix:
 0.0491571 0.732593 0.335938
error matrix:
 -0.0491571 -0.732593 0.664062
delta matrix:
 -0.00459528 -0.287031 0.296283
weights_delta matrix:
 -0.000246391 -0.0153901 0.0158862
 -9.12742e-05 -0.00570118 0.00588495
 -0.000316018 -0.0197392 0.0203754
 -0.000280307 -0.0175086 0.018073
 -0.000459528 -0.0287031 0.0296283
weights matrix:
 -0.738045 0.144868 -0.0203116
 1.2574 -0.826099 -0.346411
 -1.6017 0.580143 1.13173
 -1.26831 -0.106911 1.07322
 0.53896 0.194224 -1.62962
regression_error on 'test' 0.140011
classification_error on 'test' 0.421053
Save,1010,0.140011,0.421053
sample_count 75 Sample index 6
 i 0:0.305227 i 1:0.657392 i 2:0.128226 i 3:0.171977 bias 1
 test_print 2.26282
net matrix:
 0.716792 -0.248625 -1.53387
outputs matrix:
 0.807459 0.378187 0.0444581
error matrix:
 0.192541 -0.378187 -0.0444581
delta matrix:
 0.0598682 -0.17787 -0.0037773
weights_delta matrix:
 0.00182734 -0.00542908 -0.000115294
 0.00393569 -0.011693 -0.000248317
 0.000767666 -0.00228076 -4.84349e-05
 0.0010296 -0.00305896 -6.49609e-05
 0.00598682 -0.017787 -0.00037773
weights matrix:
 -0.736217 0.139439 -0.0204269
 1.26133 -0.837792 -0.34666
 -1.60093 0.577862 1.13168
 -1.26728 -0.10997 1.07316
 0.544947 0.176437 -1.63
regression_error on 'test' 0.137473
classification_error on 'test' 0.421053
Save,1011,0.137473,0.421053
sample_count 75 Sample index 74
 i 0:0.443801 i 1:0.480944 i 2:0.551613 i 3:0.536988 bias 1
 test_print 3.01335
net matrix:
 -0.738764 0.0950933 -0.605268
outputs matrix:
 0.185801 0.547404 0.229606
error matrix:
 -0.185801 0.452596 -0.229606
delta matrix:
 -0.0562155 0.224264 -0.0812288
weights_delta matrix:
 -0.00249485 0.00995286 -0.00360494
 -0.00270365 0.0107858 -0.00390665
 -0.00310092 0.0123707 -0.00448069
 -0.00301871 0.0120427 -0.00436189
 -0.00562155 0.0224264 -0.00812288
weights matrix:
 -0.738712 0.149392 -0.0240319
 1.25863 -0.827006 -0.350566
 -1.60403 0.590233 1.1272
 -1.2703 -0.0979276 1.0688
 0.539325 0.198864 -1.63813
regression_error on 'test' 0.142689
classification_error on 'test' 0.421053
Save,1012,0.142689,0.421053
sample_count 75 Sample index 13
 i 0:0.420705 i 1:0.269205 i 2:0.491129 i 3:0.427485 bias 1
 test_print 2.60852
net matrix:
 -0.763445 0.287098 -0.732114
outputs matrix:
 0.178449 0.639731 0.187822
error matrix:
 -0.178449 0.360269 -0.187822
delta matrix:
 -0.0523231 0.166066 -0.0573023
weights_delta matrix:
 -0.00220126 0.0069865 -0.00241074
 -0.00140856 0.00447059 -0.00154261
 -0.00256974 0.008156 -0.00281428
 -0.00223674 0.00709909 -0.00244959
 -0.00523231 0.0166066 -0.00573023
weights matrix:
 -0.740913 0.156378 -0.0264426
 1.25722 -0.822535 -0.352109
 -1.6066 0.598389 1.12439
 -1.27254 -0.0908285 1.06635
 0.534093 0.21547 -1.64386
regression_error on 'test' 0.146265
classification_error on 'test' 0.421053
Save,1013,0.146265,0.421053
sample_count 75 Sample index 74
 i 0:0.443801 i 1:0.480944 i 2:0.551613 i 3:0.536988 bias 1
 test_print 3.01335
net matrix:
 -0.75963 0.170583 -0.632093
outputs matrix:
 0.17957 0.584474 0.220254
error matrix:
 -0.17957 0.415526 -0.220254
delta matrix:
 -0.0529104 0.201833 -0.0756538
weights_delta matrix:
 -0.00234817 0.00895736 -0.00335752
 -0.00254469 0.00970703 -0.00363853
 -0.00291861 0.0111334 -0.00417316
 -0.00284122 0.0108382 -0.00406252
 -0.00529104 0.0201833 -0.00756538
weights matrix:
 -0.743261 0.165336 -0.0298001
 1.25468 -0.812828 -0.355748
 -1.60952 0.609522 1.12021
 -1.27538 -0.0799903 1.06228
 0.528802 0.235654 -1.65142
regression_error on 'test' 0.151387
classification_error on 'test' 0.421053
Save,1014,0.151387,0.421053
sample_count 75 Sample index 7
 i 0:0.651661 i 1:0.410364 i 2:0.627218 i 3:0.60999 bias 1
 test_print 3.29923
net matrix:
 -1.22817 0.343351 -0.466225
outputs matrix:
 0.0789769 0.665233 0.282428
error matrix:
 -0.0789769 0.334767 -0.282428
delta matrix:
 -0.0114895 0.149104 -0.114475
weights_delta matrix:
 -0.000748725 0.00971652 -0.00745989
 -0.000471487 0.00611869 -0.00469764
 -0.000720641 0.00935207 -0.00718008
 -0.000700847 0.00909519 -0.00698286
 -0.00114895 0.0149104 -0.0114475
weights matrix:
 -0.74401 0.175052 -0.03726
 1.2542 -0.806709 -0.360445
 -1.61024 0.618874 1.11303
 -1.27608 -0.0708951 1.0553
 0.527653 0.250564 -1.66287
regression_error on 'test' 0.156532
classification_error on 'test' 0.421053
Save,1015,0.156532,0.421053
sample_count 75 Sample index 36
 i 0:0.744044 i 1:0.516233 i 2:0.702823 i 3:0.901998 bias 1
 test_print 3.8651
net matrix:
 -1.66119 0.335373 -0.142519
outputs matrix:
 0.034811 0.66167 0.429219
error matrix:
 -0.034811 -0.66167 0.570781
delta matrix:
 -0.00233925 -0.296247 0.279671
weights_delta matrix:
 -0.00017405 -0.0220421 0.0208088
 -0.00012076 -0.0152932 0.0144376
 -0.000164408 -0.0208209 0.0196559
 -0.000211 -0.0267214 0.0252263
 -0.000233925 -0.0296247 0.0279671
weights matrix:
 -0.744184 0.15301 -0.0164513
 1.25408 -0.822003 -0.346008
 -1.6104 0.598053 1.13269
 -1.27629 -0.0976165 1.08053
 0.527419 0.220939 -1.6349
regression_error on 'test' 0.144156
classification_error on 'test' 0.421053
Save,1016,0.144156,0.421053
sample_count 75 Sample index 8
 i 0:0.489992 i 1:0.375074 i 2:0.702823 i 3:0.755994 bias 1
 test_print 3.32388
net matrix:
 -1.46355 0.33413 -0.159787
outputs matrix:
 0.0508304 0.661113 0.420779
error matrix:
 -0.0508304 -0.661113 0.579221
delta matrix:
 -0.00490479 -0.296235 0.28234
weights_delta matrix:
 -0.000240331 -0.0145153 0.0138344
 -0.000183966 -0.011111 0.0105898
 -0.00034472 -0.0208201 0.0198435
 -0.000370799 -0.0223952 0.0213447
 -0.000490479 -0.0296235 0.028234
weights matrix:
 -0.744425 0.138495 -0.00261682
 1.2539 -0.833114 -0.335418
 -1.61075 0.577233 1.15253
 -1.27666 -0.120012 1.10187
 0.526929 0.191316 -1.60667
regression_error on 'test' 0.134194
classification_error on 'test' 0.368421
Save,1017,0.134194,0.368421
sample_count 75 Sample index 56
 i 0:0.328323 i 1:0.727972 i 2:0.158468 i 3:0.208478 bias 1
 test_print 2.42324
net matrix:
 0.673913 -0.303243 -1.43935
outputs matrix:
 0.793774 0.352861 0.0532171
error matrix:
 0.206226 -0.352861 -0.0532171
delta matrix:
 0.0675171 -0.161152 -0.00536268
weights_delta matrix:
 0.00221674 -0.00529098 -0.000176069
 0.00491506 -0.0117314 -0.000390388
 0.00106993 -0.00255374 -8.49814e-05
 0.00140758 -0.00335966 -0.0001118
 0.00675171 -0.0161152 -0.000536268
weights matrix:
 -0.742208 0.133204 -0.00279289
 1.25881 -0.844845 -0.335808
 -1.60968 0.57468 1.15245
 -1.27525 -0.123371 1.10176
 0.53368 0.175201 -1.6072
regression_error on 'test' 0.131815
classification_error on 'test' 0.368421
Save,1018,0.131815,0.368421
sample_count 75 Sample index 27
 i 0:0.328323 i 1:0.622103 i 2:0.158468 i 3:0.135476 bias 1
 test_print 2.24437
net matrix:
 0.64526 -0.232291 -1.48514
outputs matrix:
 0.784235 0.385899 0.0487868
error matrix:
 0.215765 -0.385899 -0.0487868
delta matrix:
 0.0730193 -0.182902 -0.00452806
weights_delta matrix:
 0.00239739 -0.00600508 -0.000148667
 0.00454255 -0.0113784 -0.000281692
 0.00115712 -0.0028984 -7.17552e-05
 0.000989236 -0.00247788 -6.13443e-05
 0.00730193 -0.0182902 -0.000452806
weights matrix:
 -0.73981 0.127199 -0.00294156
 1.26336 -0.856223 -0.33609
 -1.60852 0.571781 1.15238
 -1.27426 -0.125849 1.1017
 0.540982 0.156911 -1.60766
regression_error on 'test' 0.129392
classification_error on 'test' 0.368421
Save,1019,0.129392,0.368421
sample_count 75 Sample index 14
 i 0:0.697853 i 1:0.516233 i 2:0.778427 i 3:0.938499 bias 1
 test_print 3.93101
net matrix:
 -1.77112 0.130647 0.147776
outputs matrix:
 0.0281339 0.564954 0.573355
error matrix:
 -0.0281339 -0.564954 0.426645
delta matrix:
 -0.0015385 -0.27771 0.208731
weights_delta matrix:
 -0.000107365 -0.0193801 0.0145664
 -7.94224e-05 -0.0143363 0.0107754
 -0.000119761 -0.0216177 0.0162482
 -0.000144388 -0.026063 0.0195894
 -0.00015385 -0.027771 0.0208731
weights matrix:
 -0.739918 0.107819 0.0116248
 1.26328 -0.87056 -0.325315
 -1.60864 0.550164 1.16863
 -1.27441 -0.151912 1.12129
 0.540828 0.12914 -1.58678
regression_error on 'test' 0.121144
classification_error on 'test' 0.184211
Save,1020,0.121144,0.184211
sample_count 75 Sample index 63
 i 0:0.420705 i 1:0.904421 i 2:0.143347 i 3:0.135476 bias 1
 test_print 2.60395
net matrix:
 0.96883 -0.554569 -1.55669
outputs matrix:
 0.874095 0.248032 0.0425589
error matrix:
 0.125905 -0.248032 -0.0425589
delta matrix:
 0.0277125 -0.0925217 -0.00346835
weights_delta matrix:
 0.00116588 -0.00389243 -0.000145915
 0.00250637 -0.00836786 -0.000313685
 0.00039725 -0.00132627 -4.97178e-05
 0.000375437 -0.00125345 -4.69879e-05
 0.00277125 -0.00925217 -0.000346835
weights matrix:
 -0.738752 0.103926 0.0114789
 1.26578 -0.878928 -0.325628
 -1.60824 0.548837 1.16858
 -1.27403 -0.153166 1.12124
 0.5436 0.119887 -1.58713
regression_error on 'test' 0.120028
classification_error on 'test' 0.157895
Save,1021,0.120028,0.157895
sample_count 75 Sample index 61
 i 0:0.697853 i 1:0.480944 i 2:0.687702 i 3:0.682992 bias 1
 test_print 3.54949
net matrix:
 -1.33932 0.0425234 -0.166297
outputs matrix:
 0.0642462 0.521249 0.417609
error matrix:
 -0.0642462 0.478751 -0.417609
delta matrix:
 -0.00772477 0.238943 -0.203135
weights_delta matrix:
 -0.000539076 0.0166747 -0.0141758
 -0.000371518 0.0114918 -0.00976966
 -0.000531234 0.0164322 -0.0139696
 -0.000527596 0.0163196 -0.013874
 -0.000772477 0.0238943 -0.0203135
weights matrix:
 -0.739291 0.120601 -0.00269694
 1.26541 -0.867436 -0.335398
 -1.60877 0.565269 1.15461
 -1.27456 -0.136846 1.10737
 0.542827 0.143782 -1.60744
regression_error on 'test' 0.126555
classification_error on 'test' 0.315789
Save,1022,0.126555,0.315789
sample_count 75 Sample index 32
 i 0:0.697853 i 1:0.516233 i 2:0.642339 i 3:0.60999 bias 1
 test_print 3.46642
net matrix:
 -1.13069 0.0597645 -0.365337
outputs matrix:
 0.0943725 0.529847 0.325047
error matrix:
 -0.0943725 0.470153 -0.325047
delta matrix:
 -0.0161314 0.234239 -0.142625
weights_delta matrix:
 -0.00112573 0.0163464 -0.00995312
 -0.000832754 0.0120922 -0.00736277
 -0.00103618 0.0150461 -0.00916135
 -0.000983996 0.0142883 -0.00869997
 -0.00161314 0.0234239 -0.0142625
weights matrix:
 -0.740417 0.136948 -0.0126501
 1.26458 -0.855344 -0.342761
 -1.60981 0.580315 1.14544
 -1.27554 -0.122558 1.09867
 0.541214 0.167206 -1.62171
regression_error on 'test' 0.132735
classification_error on 'test' 0.368421
Save,1023,0.132735,0.368421
sample_count 75 Sample index 71
 i 0:0.143558 i 1:0.480944 i 2:0.0979839 i 3:0.0989754 bias 1
 test_print 1.82146
net matrix:
 0.75913 -0.179775 -1.56739
outputs matrix:
 0.820282 0.411068 0.0416948
error matrix:
 0.179718 -0.411068 -0.0416948
delta matrix:
 0.0529878 -0.199032 -0.00333195
weights_delta matrix:
 0.000760682 -0.00285726 -4.78328e-05
 0.00254841 -0.00957233 -0.000160248
 0.000519195 -0.00195019 -3.26477e-05
 0.000524448 -0.00196993 -3.29781e-05
 0.00529878 -0.0199032 -0.000333195
weights matrix:
 -0.739656 0.13409 -0.0126979
 1.26713 -0.864916 -0.342921
 -1.60929 0.578365 1.14541
 -1.27502 -0.124528 1.09864
 0.546513 0.147302 -1.62204
regression_error on 'test' 0.130528
classification_error on 'test' 0.368421
Save,1024,0.130528,0.368421
sample_count 75 Sample index 18
 i 0:0.513088 i 1:0.480944 i 2:0.566734 i 3:0.60999 bias 1
 test_print 3.17076
net matrix:
 -0.913367 0.0519451 -0.47418
outputs matrix:
 0.138628 0.525949 0.279215
error matrix:
 -0.138628 0.474051 -0.279215
delta matrix:
 -0.0331071 0.236387 -0.112386
weights_delta matrix:
 -0.00169868 0.0121287 -0.0057664
 -0.00159227 0.0113689 -0.00540514
 -0.00187629 0.0133969 -0.0063693
 -0.0020195 0.0144194 -0.00685544
 -0.00331071 0.0236387 -0.0112386
weights matrix:
 -0.741355 0.146219 -0.0184643
 1.26554 -0.853547 -0.348326
 -1.61117 0.591762 1.13904
 -1.27704 -0.110108 1.09178
 0.543202 0.170941 -1.63328
regression_error on 'test' 0.136189
classification_error on 'test' 0.421053
Save,1025,0.136189,0.421053
sample_count 75 Sample index 51
 i 0:0.628566 i 1:0.516233 i 2:0.763306 i 3:0.719493 bias 1
 test_print 3.6276
net matrix:
 -1.41811 0.194694 -0.169735
outputs matrix:
 0.0553979 0.596135 0.415938
error matrix:
 -0.0553979 -0.596135 0.584062
delta matrix:
 -0.00579782 -0.287049 0.283777
weights_delta matrix:
 -0.000364431 -0.0180429 0.0178372
 -0.000299303 -0.0148184 0.0146495
 -0.000442551 -0.0219106 0.0216608
 -0.000417149 -0.020653 0.0204175
 -0.000579782 -0.0287049 0.0283777
weights matrix:
 -0.741719 0.128176 -0.000627058
 1.26524 -0.868365 -0.333677
 -1.61161 0.569852 1.1607
 -1.27746 -0.130761 1.1122
 0.542622 0.142236 -1.6049
regression_error on 'test' 0.126544
classification_error on 'test' 0.315789
Save,1026,0.126544,0.315789
sample_count 75 Sample index 9
 i 0:0.351418 i 1:0.375074 i 2:0.521371 i 3:0.573489 bias 1
 test_print 2.82135
net matrix:
 -0.816328 0.0836924 -0.487284
outputs matrix:
 0.163467 0.541749 0.273971
error matrix:
 -0.163467 0.458251 -0.273971
delta matrix:
 -0.0447067 0.227528 -0.108992
weights_delta matrix:
 -0.00157107 0.00799575 -0.00383016
 -0.00167683 0.00853399 -0.00408799
 -0.00233088 0.0118627 -0.0056825
 -0.00256388 0.0130485 -0.00625055
 -0.00447067 0.0227528 -0.0108992
weights matrix:
 -0.74329 0.136172 -0.00445722
 1.26356 -0.859831 -0.337765
 -1.61394 0.581714 1.15502
 -1.28002 -0.117713 1.10595
 0.538152 0.164989 -1.6158
regression_error on 'test' 0.13127
classification_error on 'test' 0.368421
Save,1027,0.13127,0.368421
sample_count 75 Sample index 65
 i 0:0.928809 i 1:0.410364 i 2:0.944758 i 3:0.792495 bias 1
 test_print 4.07643
net matrix:
 -2.1729 0.394915 0.209127
outputs matrix:
 0.0127954 0.687795 0.603065
error matrix:
 -0.0127954 -0.687795 0.396935
delta matrix:
 -0.000323253 -0.295385 0.190035
weights_delta matrix:
 -3.00241e-05 -0.0274356 0.0176506
 -1.32652e-05 -0.0121215 0.00779833
 -3.05396e-05 -0.0279067 0.0179537
 -2.56177e-05 -0.0234091 0.0150601
 -3.23253e-05 -0.0295385 0.0190035
weights matrix:
 -0.74332 0.108736 0.0131934
 1.26355 -0.871953 -0.329966
 -1.61397 0.553808 1.17297
 -1.28005 -0.141122 1.12101
 0.538119 0.135451 -1.5968
regression_error on 'test' 0.122435
classification_error on 'test' 0.210526
Save,1028,0.122435,0.210526
sample_count 75 Sample index 20
 i 0:0.489992 i 1:0.375074 i 2:0.521371 i 3:0.500487 bias 1
 test_print 2.88692
net matrix:
 -0.834302 0.0797932 -0.541489
outputs matrix:
 0.15861 0.539812 0.252943
error matrix:
 -0.15861 0.460188 -0.252943
delta matrix:
 -0.042334 0.228635 -0.0955936
weights_delta matrix:
 -0.00207433 0.0112029 -0.00468401
 -0.00158784 0.00857551 -0.00358547
 -0.00220717 0.0119204 -0.00498397
 -0.00211876 0.0114429 -0.00478434
 -0.0042334 0.0228635 -0.00955936
weights matrix:
 -0.745395 0.119939 0.00850935
 1.26196 -0.863377 -0.333552
 -1.61618 0.565728 1.16799
 -1.28216 -0.129679 1.11622
 0.533886 0.158314 -1.60636
regression_error on 'test' 0.126815
classification_error on 'test' 0.315789
Save,1029,0.126815,0.315789
sample_count 75 Sample index 18
 i 0:0.513088 i 1:0.480944 i 2:0.566734 i 3:0.60999 bias 1
 test_print 3.17076
net matrix:
 -0.939687 0.0461317 -0.419584
outputs matrix:
 0.132461 0.52305 0.30171
error matrix:
 -0.132461 0.47695 -0.30171
delta matrix:
 -0.0304435 0.237968 -0.127129
weights_delta matrix:
 -0.00156202 0.0122099 -0.00652284
 -0.00146416 0.0114449 -0.0061142
 -0.00172534 0.0134865 -0.00720484
 -0.00185702 0.0145158 -0.00775475
 -0.00304435 0.0237968 -0.0127129
weights matrix:
 -0.746957 0.132149 0.00198651
 1.26049 -0.851932 -0.339666
 -1.6179 0.579214 1.16079
 -1.28402 -0.115163 1.10847
 0.530842 0.182111 -1.61907
regression_error on 'test' 0.132472
classification_error on 'test' 0.368421
Save,1030,0.132472,0.368421
sample_count 75 Sample index 46
 i 0:0.928809 i 1:0.480944 i 2:0.854032 i 3:0.901998 bias 1
 test_print 4.16578
net matrix:
 -2.09664 0.285911 0.2106
outputs matrix:
 0.0148722 0.639184 0.603771
error matrix:
 -0.0148722 -0.639184 0.396229
delta matrix:
 -0.000435787 -0.294827 0.189581
weights_delta matrix:
 -4.04763e-05 -0.0273838 0.0176085
 -2.09589e-05 -0.0141795 0.0091178
 -3.72176e-05 -0.0251792 0.0161908
 -3.93079e-05 -0.0265934 0.0171002
 -4.35787e-05 -0.0294827 0.0189581
weights matrix:
 -0.746997 0.104765 0.019595
 1.26047 -0.866112 -0.330548
 -1.61794 0.554035 1.17698
 -1.28406 -0.141756 1.12557
 0.530798 0.152628 -1.60011
regression_error on 'test' 0.123334
classification_error on 'test' 0.210526
Save,1031,0.123334,0.210526
sample_count 75 Sample index 65
 i 0:0.928809 i 1:0.410364 i 2:0.944758 i 3:0.792495 bias 1
 test_print 4.07643
net matrix:
 -2.19194 0.305602 0.28641
outputs matrix:
 0.0123231 0.648215 0.639414
error matrix:
 -0.0123231 -0.648215 0.360586
delta matrix:
 -0.000299973 -0.295628 0.166276
weights_delta matrix:
 -2.78618e-05 -0.0274582 0.0154439
 -1.23098e-05 -0.0121315 0.00682339
 -2.83402e-05 -0.0279297 0.0157091
 -2.37727e-05 -0.0234284 0.0131773
 -2.99973e-05 -0.0295628 0.0166276
weights matrix:
 -0.747025 0.077307 0.0350389
 1.26046 -0.878244 -0.323725
 -1.61797 0.526105 1.19269
 -1.28408 -0.165185 1.13875
 0.530768 0.123066 -1.58348
regression_error on 'test' 0.115905
classification_error on 'test' 0.131579
Save,1032,0.115905,0.131579
sample_count 75 Sample index 34
 i 0:0.767139 i 1:0.551523 i 2:0.642339 i 3:0.573489 bias 1
 test_print 3.53449
net matrix:
 -1.12282 -0.0587943 -0.315978
outputs matrix:
 0.0957255 0.470637 0.347067
error matrix:
 -0.0957255 0.529363 -0.347067
delta matrix:
 -0.0165724 0.263769 -0.157299
weights_delta matrix:
 -0.00127133 0.0202347 -0.012067
 -0.000914006 0.0145475 -0.00867539
 -0.00106451 0.0169429 -0.0101039
 -0.000950409 0.0151269 -0.00902092
 -0.00165724 0.0263769 -0.0157299
weights matrix:
 -0.748296 0.0975418 0.0229719
 1.25955 -0.863696 -0.3324
 -1.61903 0.543048 1.18258
 -1.28503 -0.150058 1.12972
 0.529111 0.149442 -1.59921
regression_error on 'test' 0.12168
classification_error on 'test' 0.184211
Save,1033,0.12168,0.184211
sample_count 75 Sample index 47
 i 0:0.282131 i 1:0.516233 i 2:0.158468 i 3:0.0989754 bias 1
 test_print 2.05581
net matrix:
 0.584461 -0.197703 -1.46511
outputs matrix:
 0.76295 0.402417 0.0506796
error matrix:
 0.23705 -0.402417 -0.0506796
delta matrix:
 0.0857444 -0.193544 -0.00487652
weights_delta matrix:
 0.00241912 -0.00546049 -0.000137582
 0.00442641 -0.0099914 -0.000251742
 0.00135877 -0.00306706 -7.72772e-05
 0.000848659 -0.00191561 -4.82656e-05
 0.00857444 -0.0193544 -0.000487652
weights matrix:
 -0.745877 0.0920813 0.0228343
 1.26397 -0.873687 -0.332652
 -1.61768 0.539981 1.1825
 -1.28419 -0.151974 1.12968
 0.537685 0.130088 -1.5997
regression_error on 'test' 0.11962
classification_error on 'test' 0.157895
Save,1034,0.11962,0.157895
sample_count 75 Sample index 26
 i 0:0.489992 i 1:0.339785 i 2:0.536492 i 3:0.500487 bias 1
 test_print 2.86676
net matrix:
 -0.908898 0.091976 -0.501749
outputs matrix:
 0.139699 0.545859 0.268254
error matrix:
 -0.139699 0.454141 -0.268254
delta matrix:
 -0.0335788 0.22516 -0.105313
weights_delta matrix:
 -0.00164533 0.0110327 -0.00516027
 -0.00114096 0.00765061 -0.00357839
 -0.00180147 0.0120797 -0.00564997
 -0.00168057 0.011269 -0.00527079
 -0.00335788 0.022516 -0.0105313
weights matrix:
 -0.747522 0.103114 0.017674
 1.26283 -0.866037 -0.33623
 -1.61948 0.552061 1.17685
 -1.28587 -0.140705 1.12441
 0.534327 0.152604 -1.61023
regression_error on 'test' 0.123795
classification_error on 'test' 0.236842
Save,1035,0.123795,0.236842
sample_count 75 Sample index 29
 i 0:0.420705 i 1:0.304495 i 2:0.536492 i 3:0.536988 bias 1
 test_print 2.79868
net matrix:
 -0.954964 0.1529 -0.470011
outputs matrix:
 0.128989 0.57586 0.280896
error matrix:
 -0.128989 0.42414 -0.280896
delta matrix:
 -0.028984 0.207188 -0.113478
weights_delta matrix:
 -0.00121937 0.00871652 -0.00477409
 -0.000882548 0.00630878 -0.00345535
 -0.00155497 0.0111155 -0.00608802
 -0.00155641 0.0111258 -0.00609364
 -0.0028984 0.0207188 -0.0113478
weights matrix:
 -0.748742 0.11183 0.0129
 1.26195 -0.859728 -0.339686
 -1.62103 0.563177 1.17077
 -1.28742 -0.129579 1.11831
 0.531429 0.173323 -1.62158
regression_error on 'test' 0.12806
classification_error on 'test' 0.315789
Save,1036,0.12806,0.315789
sample_count 75 Sample index 74
 i 0:0.443801 i 1:0.480944 i 2:0.551613 i 3:0.536988 bias 1
 test_print 3.01335
net matrix:
 -0.779449 0.0505455 -0.532894
outputs matrix:
 0.173805 0.525251 0.256205
error matrix:
 -0.173805 0.474749 -0.256205
delta matrix:
 -0.0499156 0.236769 -0.0976469
weights_delta matrix:
 -0.00221526 0.0105078 -0.00433358
 -0.00240066 0.0113873 -0.00469627
 -0.00275341 0.0130605 -0.00538633
 -0.00268041 0.0127142 -0.00524352
 -0.00499156 0.0236769 -0.00976469
weights matrix:
 -0.750957 0.122338 0.00856637
 1.25955 -0.848341 -0.344382
 -1.62379 0.576237 1.16538
 -1.2901 -0.116865 1.11307
 0.526437 0.197 -1.63134
regression_error on 'test' 0.133241
classification_error on 'test' 0.368421
Save,1037,0.133241,0.368421
sample_count 75 Sample index 17
 i 0:0.443801 i 1:0.304495 i 2:0.521371 i 3:0.463986 bias 1
 test_print 2.73365
net matrix:
 -0.868496 0.239188 -0.608361
outputs matrix:
 0.149695 0.617364 0.228514
error matrix:
 -0.149695 0.382636 -0.228514
delta matrix:
 -0.0381084 0.180777 -0.0805718
weights_delta matrix:
 -0.00169126 0.00802289 -0.00357578
 -0.00116038 0.00550456 -0.00245337
 -0.00198686 0.00942518 -0.00420078
 -0.00176818 0.00838779 -0.00373842
 -0.00381084 0.0180777 -0.00805718
weights matrix:
 -0.752648 0.130361 0.00499059
 1.25839 -0.842836 -0.346835
 -1.62577 0.585662 1.16118
 -1.29187 -0.108477 1.10933
 0.522627 0.215077 -1.6394
regression_error on 'test' 0.137197
classification_error on 'test' 0.394737
Save,1038,0.137197,0.394737
sample_count 75 Sample index 38
 i 0:0.397609 i 1:0.798551 i 2:0.128226 i 3:0.208478 bias 1
 test_print 2.53286
net matrix:
 0.750461 -0.353655 -1.53422
outputs matrix:
 0.817712 0.330193 0.0444282
error matrix:
 0.182288 -0.330193 -0.0444282
delta matrix:
 0.0543433 -0.146055 -0.00377233
weights_delta matrix:
 0.00216074 -0.00580727 -0.000149991
 0.00433959 -0.0116632 -0.00030124
 0.000696823 -0.0018728 -4.83711e-05
 0.00113294 -0.00304492 -7.86449e-05
 0.00543433 -0.0146055 -0.000377233
weights matrix:
 -0.750488 0.124554 0.0048406
 1.26273 -0.854499 -0.347136
 -1.62508 0.583789 1.16113
 -1.29074 -0.111522 1.10925
 0.528061 0.200472 -1.63978
regression_error on 'test' 0.134874
classification_error on 'test' 0.394737
Save,1039,0.134874,0.394737
sample_count 75 Sample index 61
 i 0:0.697853 i 1:0.480944 i 2:0.687702 i 3:0.682992 bias 1
 test_print 3.54949
net matrix:
 -1.3875 0.201731 -0.247232
outputs matrix:
 0.0586902 0.599519 0.378843
error matrix:
 -0.0586902 0.400481 -0.378843
delta matrix:
 -0.00648477 0.192308 -0.178299
weights_delta matrix:
 -0.000452541 0.0134203 -0.0124427
 -0.000311881 0.00924893 -0.00857519
 -0.000445959 0.013225 -0.0122617
 -0.000442904 0.0131345 -0.0121777
 -0.000648477 0.0192308 -0.0178299
weights matrix:
 -0.75094 0.137974 -0.00760206
 1.26242 -0.845251 -0.355712
 -1.62552 0.597014 1.14887
 -1.29118 -0.0983873 1.09707
 0.527412 0.219703 -1.65761
regression_error on 'test' 0.141579
classification_error on 'test' 0.421053
Save,1040,0.141579,0.421053
sample_count 75 Sample index 74
 i 0:0.443801 i 1:0.480944 i 2:0.551613 i 3:0.536988 bias 1
 test_print 3.01335
net matrix:
 -0.788712 0.150906 -0.609213
outputs matrix:
 0.171161 0.574885 0.228214
error matrix:
 -0.171161 0.425115 -0.228214
delta matrix:
 -0.0485633 0.207789 -0.0803915
weights_delta matrix:
 -0.00215525 0.00922172 -0.00356778
 -0.00233562 0.00999351 -0.00386638
 -0.00267882 0.0114619 -0.0044345
 -0.00260779 0.011158 -0.00431693
 -0.00485633 0.0207789 -0.00803915
weights matrix:
 -0.753095 0.147196 -0.0111698
 1.26008 -0.835257 -0.359578
 -1.6282 0.608476 1.14443
 -1.29379 -0.0872292 1.09276
 0.522556 0.240482 -1.66565
regression_error on 'test' 0.146739
classification_error on 'test' 0.421053
Save,1041,0.146739,0.421053
sample_count 75 Sample index 44
 i 0:0.536183 i 1:0.375074 i 2:0.702823 i 3:0.646491 bias 1
 test_print 3.26057
net matrix:
 -1.38938 0.377381 -0.295712
outputs matrix:
 0.0584831 0.680215 0.356308
error matrix:
 -0.0584831 0.319785 -0.356308
delta matrix:
 -0.00644049 0.139121 -0.16344
weights_delta matrix:
 -0.000345328 0.00745942 -0.00876339
 -0.000241566 0.00521806 -0.00613022
 -0.000452653 0.00977772 -0.011487
 -0.000416372 0.00899403 -0.0105663
 -0.000644049 0.0139121 -0.016344
weights matrix:
 -0.753441 0.154655 -0.0199332
 1.25984 -0.830039 -0.365708
 -1.62865 0.618254 1.13295
 -1.29421 -0.0782352 1.08219
 0.521912 0.254394 -1.68199
regression_error on 'test' 0.152263
classification_error on 'test' 0.421053
Save,1042,0.152263,0.421053
sample_count 75 Sample index 37
 i 0:0.720948 i 1:0.551523 i 2:0.82379 i 3:0.901998 bias 1
 test_print 3.99826
net matrix:
 -1.83549 0.34685 0.0113858
outputs matrix:
 0.0248199 0.66679 0.505693
error matrix:
 -0.0248199 -0.66679 0.494307
delta matrix:
 -0.00120148 -0.296296 0.247122
weights_delta matrix:
 -8.66201e-05 -0.0213614 0.0178162
 -6.62641e-05 -0.0163414 0.0136293
 -9.89764e-05 -0.0244086 0.0203576
 -0.000108373 -0.0267259 0.0222903
 -0.000120148 -0.0296296 0.0247122
weights matrix:
 -0.753527 0.133294 -0.00211705
 1.25977 -0.84638 -0.352079
 -1.62875 0.593845 1.15331
 -1.29431 -0.104961 1.10448
 0.521792 0.224764 -1.65728
regression_error on 'test' 0.140428
classification_error on 'test' 0.421053
Save,1043,0.140428,0.421053
sample_count 75 Sample index 13
 i 0:0.420705 i 1:0.269205 i 2:0.491129 i 3:0.427485 bias 1
 test_print 2.60852
net matrix:
 -0.809311 0.299777 -0.714381
outputs matrix:
 0.165395 0.645554 0.193292
error matrix:
 -0.165395 0.354446 -0.193292
delta matrix:
 -0.0456621 0.162204 -0.06028
weights_delta matrix:
 -0.00192103 0.00682401 -0.00253601
 -0.00122925 0.00436662 -0.00162277
 -0.0022426 0.00796632 -0.00296053
 -0.00195199 0.00693399 -0.00257688
 -0.00456621 0.0162204 -0.006028
weights matrix:
 -0.755448 0.140118 -0.00465306
 1.25854 -0.842014 -0.353702
 -1.63099 0.601812 1.15034
 -1.29627 -0.0980271 1.1019
 0.517226 0.240985 -1.66331
regression_error on 'test' 0.143961
classification_error on 'test' 0.421053
Save,1044,0.143961,0.421053
sample_count 75 Sample index 44
 i 0:0.536183 i 1:0.375074 i 2:0.702823 i 3:0.646491 bias 1
 test_print 3.26057
net matrix:
 -1.40011 0.359889 -0.277607
outputs matrix:
 0.0573122 0.672558 0.364656
error matrix:
 -0.0573122 0.327442 -0.364656
delta matrix:
 -0.00619288 0.144221 -0.168968
weights_delta matrix:
 -0.000332051 0.00773287 -0.00905979
 -0.000232279 0.00540935 -0.00633756
 -0.00043525 0.0101362 -0.0118755
 -0.000400364 0.00932374 -0.0109236
 -0.000619288 0.0144221 -0.0168968
weights matrix:
 -0.75578 0.147851 -0.0137129
 1.25831 -0.836604 -0.360039
 -1.63143 0.611948 1.13847
 -1.29667 -0.0887033 1.09098
 0.516606 0.255407 -1.6802
regression_error on 'test' 0.149562
classification_error on 'test' 0.421053
Save,1045,0.149562,0.421053
sample_count 75 Sample index 45
 i 0:0.697853 i 1:0.586813 i 2:0.793548 i 3:0.975 bias 1
 test_print 4.05321
net matrix:
 -1.83129 0.266779 0.0660864
outputs matrix:
 0.0250239 0.630312 0.532995
error matrix:
 -0.0250239 -0.630312 0.467005
delta matrix:
 -0.00122105 -0.293749 0.232486
weights_delta matrix:
 -8.52113e-05 -0.0204994 0.0162241
 -7.16527e-05 -0.0172376 0.0136426
 -9.68961e-05 -0.0233104 0.0184488
 -0.000119052 -0.0286405 0.0226673
 -0.000122105 -0.0293749 0.0232486
weights matrix:
 -0.755866 0.127351 0.00251122
 1.25824 -0.853842 -0.346397
 -1.63153 0.588638 1.15692
 -1.29679 -0.117344 1.11365
 0.516484 0.226032 -1.65696
regression_error on 'test' 0.138136
classification_error on 'test' 0.421053
Save,1046,0.138136,0.421053
sample_count 75 Sample index 26
 i 0:0.489992 i 1:0.339785 i 2:0.536492 i 3:0.500487 bias 1
 test_print 2.86676
net matrix:
 -0.950678 0.25538 -0.595382
outputs matrix:
 0.129955 0.624985 0.233122
error matrix:
 -0.129955 0.375015 -0.233122
delta matrix:
 -0.0293872 0.175791 -0.0833535
weights_delta matrix:
 -0.00143995 0.00861363 -0.00408425
 -0.000998533 0.00597312 -0.00283223
 -0.0015766 0.00943106 -0.00447185
 -0.00147079 0.00879812 -0.00417173
 -0.00293872 0.0175791 -0.00833535
weights matrix:
 -0.757306 0.135965 -0.00157303
 1.25724 -0.847869 -0.349229
 -1.6331 0.598069 1.15245
 -1.29826 -0.108546 1.10948
 0.513546 0.243611 -1.66529
regression_error on 'test' 0.142403
classification_error on 'test' 0.421053
Save,1047,0.142403,0.421053
sample_count 75 Sample index 29
 i 0:0.420705 i 1:0.304495 i 2:0.536492 i 3:0.536988 bias 1
 test_print 2.79868
net matrix:
 -0.995528 0.305211 -0.558238
outputs matrix:
 0.120145 0.648037 0.246666
error matrix:
 -0.120145 0.351963 -0.246666
delta matrix:
 -0.0254012 0.160555 -0.0916717
weights_delta matrix:
 -0.00106864 0.00675462 -0.00385667
 -0.000773453 0.00488881 -0.00279136
 -0.00136275 0.00861364 -0.00491811
 -0.00136401 0.0086216 -0.00492266
 -0.00254012 0.0160555 -0.00916717
weights matrix:
 -0.758374 0.14272 -0.00542971
 1.25647 -0.84298 -0.35202
 -1.63447 0.606682 1.14753
 -1.29962 -0.0999242 1.10455
 0.511005 0.259666 -1.67446
regression_error on 'test' 0.146572
classification_error on 'test' 0.421053
Save,1048,0.146572,0.421053
sample_count 75 Sample index 26
 i 0:0.489992 i 1:0.339785 i 2:0.536492 i 3:0.500487 bias 1
 test_print 2.86676
net matrix:
 -0.960984 0.318635 -0.628276
outputs matrix:
 0.127642 0.654136 0.221568
error matrix:
 -0.127642 0.345864 -0.221568
delta matrix:
 -0.0284259 0.156498 -0.0764303
weights_delta matrix:
 -0.00139284 0.00766827 -0.00374502
 -0.000965868 0.00531756 -0.00259699
 -0.00152503 0.00839599 -0.00410042
 -0.00142268 0.00783251 -0.00382524
 -0.00284259 0.0156498 -0.00764303
weights matrix:
 -0.759767 0.150388 -0.00917473
 1.2555 -0.837663 -0.354617
 -1.63599 0.615078 1.14343
 -1.30104 -0.0920916 1.10073
 0.508163 0.275316 -1.6821
regression_error on 'test' 0.150665
classification_error on 'test' 0.421053
Save,1049,0.150665,0.421053
sample_count 75 Sample index 30
 i 0:0.559279 i 1:0.410364 i 2:0.642339 i 3:0.500487 bias 1
 test_print 3.11247
net matrix:
 -1.10356 0.364676 -0.547386
outputs matrix:
 0.0991126 0.674663 0.250721
error matrix:
 -0.0991126 0.325337 -0.250721
delta matrix:
 -0.0176994 0.142818 -0.0942007
weights_delta matrix:
 -0.000989889 0.00798752 -0.00526845
 -0.000726319 0.00586074 -0.00386566
 -0.0011369 0.00917376 -0.00605088
 -0.000885831 0.00714786 -0.00471462
 -0.00176994 0.0142818 -0.00942007
weights matrix:
 -0.760757 0.158375 -0.0144432
 1.25478 -0.831802 -0.358483
 -1.63713 0.624252 1.13738
 -1.30193 -0.0849438 1.09601
 0.506393 0.289598 -1.69152
regression_error on 'test' 0.155106
classification_error on 'test' 0.421053
Save,1050,0.155106,0.421053
sample_count 75 Sample index 20
 i 0:0.489992 i 1:0.375074 i 2:0.521371 i 3:0.500487 bias 1
 test_print 2.88692
net matrix:
 -0.900888 0.338167 -0.69152
outputs matrix:
 0.141635 0.66292 0.200521
error matrix:
 -0.141635 0.33708 -0.200521
delta matrix:
 -0.0344385 0.150646 -0.0642921
weights_delta matrix:
 -0.00168746 0.00738152 -0.00315026
 -0.0012917 0.00565033 -0.00241143
 -0.00179552 0.00785424 -0.003352
 -0.0017236 0.00753963 -0.00321774
 -0.00344385 0.0150646 -0.00642921
weights matrix:
 -0.762444 0.165757 -0.0175934
 1.25348 -0.826151 -0.360894
 -1.63892 0.632106 1.13402
 -1.30365 -0.0774042 1.0928
 0.502949 0.304662 -1.69795
regression_error on 'test' 0.159145
classification_error on 'test' 0.421053
Save,1051,0.159145,0.421053
sample_count 75 Sample index 67
 i 0:0.443801 i 1:0.375074 i 2:0.566734 i 3:0.536988 bias 1
 test_print 2.9226
net matrix:
 -0.994155 0.385029 -0.611612
outputs matrix:
 0.120436 0.683533 0.22737
error matrix:
 -0.120436 0.316467 -0.22737
delta matrix:
 -0.0255158 0.136913 -0.0798853
weights_delta matrix:
 -0.00113239 0.00607623 -0.00354532
 -0.000957031 0.00513526 -0.00299629
 -0.00144607 0.00775934 -0.00452737
 -0.00137017 0.00735208 -0.00428974
 -0.00255158 0.0136913 -0.00798853
weights matrix:
 -0.763577 0.171833 -0.0211388
 1.25253 -0.821016 -0.363891
 -1.64037 0.639866 1.1295
 -1.30502 -0.0700521 1.08851
 0.500397 0.318354 -1.70594
regression_error on 'test' 0.163231
classification_error on 'test' 0.421053
Save,1052,0.163231,0.421053
sample_count 75 Sample index 17
 i 0:0.443801 i 1:0.304495 i 2:0.521371 i 3:0.463986 bias 1
 test_print 2.73365
net matrix:
 -0.917844 0.445722 -0.732184
outputs matrix:
 0.137562 0.709188 0.1878
error matrix:
 -0.137562 0.290812 -0.1878
delta matrix:
 -0.0326404 0.119954 -0.0572907
weights_delta matrix:
 -0.00144858 0.00532358 -0.00254257
 -0.000993884 0.00365255 -0.00174447
 -0.00170178 0.00625406 -0.00298697
 -0.00151447 0.00556571 -0.00265821
 -0.00326404 0.0119954 -0.00572907
weights matrix:
 -0.765025 0.177157 -0.0236813
 1.25153 -0.817364 -0.365635
 -1.64207 0.64612 1.12651
 -1.30654 -0.0644864 1.08585
 0.497133 0.330349 -1.71167
regression_error on 'test' 0.16651
classification_error on 'test' 0.421053
Save,1053,0.16651,0.421053
sample_count 75 Sample index 53
 i 0:0.489992 i 1:0.410364 i 2:0.702823 i 3:0.938499 bias 1
 test_print 3.54168
net matrix:
 -1.74441 0.475325 -0.0625107
outputs matrix:
 0.0296321 0.721246 0.468785
error matrix:
 -0.0296321 -0.721246 0.531215
delta matrix:
 -0.00170409 -0.290013 0.264572
weights_delta matrix:
 -8.3499e-05 -0.0142104 0.0129638
 -6.99297e-05 -0.0119011 0.0108571
 -0.000119767 -0.0203828 0.0185947
 -0.000159929 -0.0272177 0.0248301
 -0.000170409 -0.0290013 0.0264572
weights matrix:
 -0.765109 0.162946 -0.0107175
 1.25146 -0.829265 -0.354778
 -1.64219 0.625737 1.14511
 -1.3067 -0.0917041 1.11068
 0.496963 0.301348 -1.68521
regression_error on 'test' 0.154775
classification_error on 'test' 0.421053
Save,1054,0.154775,0.421053
sample_count 75 Sample index 63
 i 0:0.420705 i 1:0.904421 i 2:0.143347 i 3:0.135476 bias 1
 test_print 2.60395
net matrix:
 0.894498 -0.30283 -1.69597
outputs matrix:
 0.856804 0.35305 0.0325483
error matrix:
 0.143196 -0.35305 -0.0325483
delta matrix:
 0.0351376 -0.161277 -0.00204982
weights_delta matrix:
 0.00147826 -0.00678501 -8.62368e-05
 0.00317792 -0.0145862 -0.00018539
 0.000503687 -0.00231186 -2.93835e-05
 0.00047603 -0.00218492 -2.77701e-05
 0.00351376 -0.0161277 -0.000204982
weights matrix:
 -0.763631 0.156161 -0.0108037
 1.25464 -0.843851 -0.354963
 -1.64169 0.623425 1.14508
 -1.30622 -0.093889 1.11065
 0.500477 0.28522 -1.68542
regression_error on 'test' 0.151733
classification_error on 'test' 0.421053
Save,1055,0.151733,0.421053
sample_count 75 Sample index 12
 i 0:0.166653 i 1:0.480944 i 2:0.128226 i 3:0.135476 bias 1
 test_print 1.9113
net matrix:
 0.589159 -0.0273805 -1.56064
outputs matrix:
 0.764645 0.486313 0.0422381
error matrix:
 0.235355 -0.486313 -0.0422381
delta matrix:
 0.0847103 -0.242974 -0.0034174
weights_delta matrix:
 0.00141172 -0.00404924 -5.6952e-05
 0.00407409 -0.0116857 -0.000164358
 0.00108621 -0.00311556 -4.38199e-05
 0.00114762 -0.00329172 -4.62975e-05
 0.00847103 -0.0242974 -0.00034174
weights matrix:
 -0.762219 0.152112 -0.0108607
 1.25872 -0.855537 -0.355128
 -1.6406 0.620309 1.14503
 -1.30507 -0.0971807 1.1106
 0.508948 0.260923 -1.68576
regression_error on 'test' 0.148151
classification_error on 'test' 0.421053
Save,1056,0.148151,0.421053
sample_count 75 Sample index 6
 i 0:0.305227 i 1:0.657392 i 2:0.128226 i 3:0.171977 bias 1
 test_print 2.26282
net matrix:
 0.668957 -0.192245 -1.58471
outputs matrix:
 0.792147 0.405045 0.0403329
error matrix:
 0.207853 -0.405045 -0.0403329
delta matrix:
 0.0684462 -0.195218 -0.00312226
weights_delta matrix:
 0.00208916 -0.00595858 -9.52999e-05
 0.0044996 -0.0128335 -0.000205255
 0.000877659 -0.0025032 -4.00355e-05
 0.00117712 -0.0033573 -5.36958e-05
 0.00684462 -0.0195218 -0.000312226
weights matrix:
 -0.76013 0.146154 -0.010956
 1.26321 -0.86837 -0.355333
 -1.63972 0.617806 1.14499
 -1.3039 -0.100538 1.11055
 0.515792 0.241401 -1.68607
regression_error on 'test' 0.145028
classification_error on 'test' 0.421053
Save,1057,0.145028,0.421053
sample_count 75 Sample index 49
 i 0:0.397609 i 1:0.480944 i 2:0.612097 i 3:0.60999 bias 1
 test_print 3.10064
net matrix:
 -0.97794 0.198706 -0.483051
outputs matrix:
 0.123914 0.598066 0.275658
error matrix:
 -0.123914 0.401934 -0.275658
delta matrix:
 -0.0269039 0.193237 -0.110082
weights_delta matrix:
 -0.00106972 0.00768326 -0.00437695
 -0.00129393 0.0092936 -0.00529432
 -0.00164678 0.011828 -0.00673808
 -0.00164111 0.0117872 -0.00671488
 -0.00269039 0.0193237 -0.0110082
weights matrix:
 -0.7612 0.153837 -0.0153329
 1.26192 -0.859077 -0.360627
 -1.64137 0.629634 1.13825
 -1.30554 -0.0887508 1.10384
 0.513102 0.260725 -1.69708
regression_error on 'test' 0.150574
classification_error on 'test' 0.421053
Save,1058,0.150574,0.421053
sample_count 75 Sample index 2
 i 0:0.466896 i 1:0.480944 i 2:0.566734 i 3:0.500487 bias 1
 test_print 3.01506
net matrix:
 -0.81901 0.231799 -0.680136
outputs matrix:
 0.162735 0.613867 0.204196
error matrix:
 -0.162735 0.386133 -0.204196
delta matrix:
 -0.0443458 0.183053 -0.0663638
weights_delta matrix:
 -0.00207049 0.00854668 -0.0030985
 -0.00213279 0.00880384 -0.00319173
 -0.00251323 0.0103742 -0.00376106
 -0.00221945 0.00916158 -0.00332142
 -0.00443458 0.0183053 -0.00663638
weights matrix:
 -0.76327 0.162383 -0.0184314
 1.25979 -0.850273 -0.363819
 -1.64388 0.640008 1.13449
 -1.30776 -0.0795892 1.10051
 0.508667 0.27903 -1.70371
regression_error on 'test' 0.15534
classification_error on 'test' 0.421053
Save,1059,0.15534,0.421053
sample_count 75 Sample index 3
 i 0:0.744044 i 1:0.516233 i 2:0.672581 i 3:0.60999 bias 1
 test_print 3.54285
net matrix:
 -1.31226 0.34282 -0.470903
outputs matrix:
 0.0675772 0.664997 0.280536
error matrix:
 -0.0675772 0.335003 -0.280536
delta matrix:
 -0.00851614 0.149262 -0.113244
weights_delta matrix:
 -0.000633638 0.0111057 -0.00842586
 -0.000439631 0.00770538 -0.00584604
 -0.000572779 0.010039 -0.00761659
 -0.000519476 0.00910481 -0.00690778
 -0.000851614 0.0149262 -0.0113244
weights matrix:
 -0.763904 0.173489 -0.0268573
 1.25935 -0.842567 -0.369665
 -1.64446 0.650047 1.12688
 -1.30828 -0.0704844 1.09361
 0.507816 0.293956 -1.71504
regression_error on 'test' 0.160881
classification_error on 'test' 0.421053
Save,1060,0.160881,0.421053
sample_count 75 Sample index 45
 i 0:0.697853 i 1:0.586813 i 2:0.793548 i 3:0.975 bias 1
 test_print 4.05321
net matrix:
 -1.8668 0.367718 0.00979079
outputs matrix:
 0.0233485 0.675997 0.504895
error matrix:
 -0.0233485 -0.675997 0.495105
delta matrix:
 -0.00106485 -0.296121 0.247529
weights_delta matrix:
 -7.43106e-05 -0.0206649 0.0172739
 -6.24866e-05 -0.0173767 0.0145253
 -8.45007e-05 -0.0234986 0.0196426
 -0.000103823 -0.0288718 0.024134
 -0.000106485 -0.0296121 0.0247529
weights matrix:
 -0.763978 0.152824 -0.00958344
 1.25929 -0.859944 -0.35514
 -1.64454 0.626549 1.14652
 -1.30838 -0.0993562 1.11774
 0.507709 0.264344 -1.69029
regression_error on 'test' 0.14828
classification_error on 'test' 0.421053
Save,1061,0.14828,0.421053
sample_count 75 Sample index 26
 i 0:0.489992 i 1:0.339785 i 2:0.536492 i 3:0.500487 bias 1
 test_print 2.86676
net matrix:
 -0.975857 0.333443 -0.64114
outputs matrix:
 0.124366 0.660805 0.217162
error matrix:
 -0.124366 0.339195 -0.217162
delta matrix:
 -0.0270869 0.152055 -0.0738364
weights_delta matrix:
 -0.00132724 0.00745059 -0.00361792
 -0.000920372 0.00516661 -0.00250885
 -0.00145319 0.00815764 -0.00396126
 -0.00135566 0.00761017 -0.00369542
 -0.00270869 0.0152055 -0.00738364
weights matrix:
 -0.765305 0.160275 -0.0132014
 1.25837 -0.854777 -0.357649
 -1.64599 0.634707 1.14256
 -1.30974 -0.091746 1.11404
 0.505001 0.27955 -1.69767
regression_error on 'test' 0.152286
classification_error on 'test' 0.421053
Save,1062,0.152286,0.421053
sample_count 75 Sample index 68
 i 0:0.305227 i 1:0.657392 i 2:0.173589 i 3:0.281481 bias 1
 test_print 2.41769
net matrix:
 0.444256 -0.149101 -1.4249
outputs matrix:
 0.708583 0.425997 0.054692
error matrix:
 0.291417 -0.425997 -0.054692
delta matrix:
 0.120351 -0.208333 -0.00565524
weights_delta matrix:
 0.00367344 -0.00635888 -0.000172613
 0.00791179 -0.0136956 -0.000371771
 0.00208916 -0.00361643 -9.81688e-05
 0.00338766 -0.00586417 -0.000159184
 0.0120351 -0.0208333 -0.000565524
weights matrix:
 -0.761632 0.153916 -0.013374
 1.26628 -0.868473 -0.35802
 -1.6439 0.63109 1.14246
 -1.30635 -0.0976102 1.11389
 0.517036 0.258716 -1.69823
regression_error on 'test' 0.148617
classification_error on 'test' 0.421053
Save,1063,0.148617,0.421053
sample_count 75 Sample index 4
 i 0:0.212844 i 1:0.516233 i 2:0.158468 i 3:0.135476 bias 1
 test_print 2.02302
net matrix:
 0.571136 -0.0700743 -1.55396
outputs matrix:
 0.758097 0.46502 0.0427821
error matrix:
 0.241903 -0.46502 -0.0427821
delta matrix:
 0.0887235 -0.231372 -0.00350401
weights_delta matrix:
 0.00188843 -0.00492462 -7.45807e-05
 0.0045802 -0.0119442 -0.000180889
 0.00140598 -0.00366651 -5.55273e-05
 0.00120199 -0.00313454 -4.74709e-05
 0.00887235 -0.0231372 -0.000350401
weights matrix:
 -0.759743 0.148991 -0.0134486
 1.27086 -0.880417 -0.358201
 -1.6425 0.627424 1.1424
 -1.30515 -0.100745 1.11384
 0.525908 0.235579 -1.69859
regression_error on 'test' 0.145233
classification_error on 'test' 0.421053
Save,1064,0.145233,0.421053
sample_count 75 Sample index 73
 i 0:0.582374 i 1:0.410364 i 2:0.65746 i 3:0.719493 bias 1
 test_print 3.36969
net matrix:
 -1.41395 0.301077 -0.300927
outputs matrix:
 0.0558347 0.646149 0.35392
error matrix:
 -0.0558347 -0.646149 0.64608
delta matrix:
 -0.00588689 -0.295472 0.295466
weights_delta matrix:
 -0.000342837 -0.0172075 0.0172072
 -0.000241577 -0.0121251 0.0121249
 -0.000387039 -0.0194261 0.0194257
 -0.000423558 -0.021259 0.0212586
 -0.000588689 -0.0295472 0.0295466
weights matrix:
 -0.760086 0.131784 0.00375863
 1.27062 -0.892542 -0.346076
 -1.64289 0.607998 1.16183
 -1.30557 -0.122004 1.1351
 0.525319 0.206032 -1.66904
regression_error on 'test' 0.13483
classification_error on 'test' 0.394737
Save,1065,0.13483,0.394737
sample_count 75 Sample index 71
 i 0:0.143558 i 1:0.480944 i 2:0.0979839 i 3:0.0989754 bias 1
 test_print 1.82146
net matrix:
 0.737102 -0.156814 -1.60876
outputs matrix:
 0.813696 0.42223 0.0385121
error matrix:
 0.186304 -0.42223 -0.0385121
delta matrix:
 0.0564856 -0.206007 -0.00285212
weights_delta matrix:
 0.000810896 -0.0029574 -4.09444e-05
 0.00271664 -0.0099078 -0.000137171
 0.000553468 -0.00201854 -2.79462e-05
 0.000559069 -0.00203897 -2.82289e-05
 0.00564856 -0.0206007 -0.000285212
weights matrix:
 -0.759275 0.128827 0.00371768
 1.27333 -0.90245 -0.346214
 -1.64233 0.605979 1.1618
 -1.30501 -0.124043 1.13507
 0.530968 0.185431 -1.66932
regression_error on 'test' 0.132406
classification_error on 'test' 0.368421
Save,1066,0.132406,0.368421
sample_count 75 Sample index 10
 i 0:0.697853 i 1:0.304495 i 2:0.808669 i 3:0.719493 bias 1
 test_print 3.53051
net matrix:
 -1.87822 0.40133 -0.0159632
outputs matrix:
 0.0228332 0.690543 0.492019
error matrix:
 -0.0228332 -0.690543 0.507981
delta matrix:
 -0.0010189 -0.295129 0.253926
weights_delta matrix:
 -7.11045e-05 -0.0205957 0.0177203
 -3.10251e-05 -0.00898653 0.00773191
 -8.23956e-05 -0.0238662 0.0205342
 -7.33094e-05 -0.0212343 0.0182698
 -0.00010189 -0.0295129 0.0253926
weights matrix:
 -0.759346 0.108231 0.021438
 1.2733 -0.911437 -0.338482
 -1.64241 0.582113 1.18234
 -1.30508 -0.145277 1.15334
 0.530866 0.155918 -1.64393
regression_error on 'test' 0.123524
classification_error on 'test' 0.236842
Save,1067,0.123524,0.236842
sample_count 75 Sample index 50
 i 0:0.489992 i 1:0.833841 i 2:0.113105 i 3:0.135476 bias 1
 test_print 2.57241
net matrix:
 0.857951 -0.504884 -1.62569
outputs matrix:
 0.8476 0.267025 0.0372774
error matrix:
 0.1524 -0.267025 -0.0372774
delta matrix:
 0.0393722 -0.104526 -0.00267561
weights_delta matrix:
 0.00192921 -0.00512168 -0.000131103
 0.00328302 -0.00871579 -0.000223103
 0.00044532 -0.00118224 -3.02624e-05
 0.000533399 -0.00141607 -3.6248e-05
 0.00393722 -0.0104526 -0.000267561
weights matrix:
 -0.757417 0.103109 0.0213069
 1.27658 -0.920152 -0.338705
 -1.64197 0.580931 1.18231
 -1.30455 -0.146693 1.1533
 0.534803 0.145466 -1.6442
regression_error on 'test' 0.122178
classification_error on 'test' 0.236842
Save,1068,0.122178,0.236842
sample_count 75 Sample index 14
 i 0:0.697853 i 1:0.516233 i 2:0.778427 i 3:0.938499 bias 1
 test_print 3.93101
net matrix:
 -1.83722 0.0569485 0.198531
outputs matrix:
 0.0247362 0.528444 0.597981
error matrix:
 -0.0247362 -0.528444 0.402019
delta matrix:
 -0.00119349 -0.263367 0.19329
weights_delta matrix:
 -8.32879e-05 -0.0183791 0.0134888
 -6.16118e-05 -0.0135959 0.00997828
 -9.29044e-05 -0.0205012 0.0150462
 -0.000112009 -0.0247169 0.0181403
 -0.000119349 -0.0263367 0.019329
weights matrix:
 -0.7575 0.0847301 0.0347957
 1.27652 -0.933748 -0.328727
 -1.64206 0.560429 1.19735
 -1.30466 -0.17141 1.17144
 0.534684 0.119129 -1.62487
regression_error on 'test' 0.115291
classification_error on 'test' 0.131579
Save,1069,0.115291,0.131579
sample_count 75 Sample index 48
 i 0:0.744044 i 1:0.516233 i 2:0.748185 i 3:0.828996 bias 1
 test_print 3.83746
net matrix:
 -1.68007 -0.022653 0.0982816
outputs matrix:
 0.0335645 0.488675 0.548983
error matrix:
 -0.0335645 -0.488675 0.451017
delta matrix:
 -0.00217753 -0.244212 0.223344
weights_delta matrix:
 -0.000162018 -0.0181705 0.0166178
 -0.000112411 -0.012607 0.0115298
 -0.000162919 -0.0182716 0.0167103
 -0.000180516 -0.0202451 0.0185151
 -0.000217753 -0.0244212 0.0223344
weights matrix:
 -0.757662 0.0665596 0.0514135
 1.27641 -0.946355 -0.317197
 -1.64223 0.542158 1.21406
 -1.30484 -0.191655 1.18996
 0.534466 0.0947078 -1.60254
regression_error on 'test' 0.10963
classification_error on 'test' 0.0526316
Save,1070,0.10963,0.0526316
sample_count 75 Sample index 13
 i 0:0.420705 i 1:0.269205 i 2:0.491129 i 3:0.427485 bias 1
 test_print 2.60852
net matrix:
 -0.805015 0.0522859 -0.561347
outputs matrix:
 0.166584 0.526119 0.245512
error matrix:
 -0.166584 0.473881 -0.245512
delta matrix:
 -0.0462552 0.236294 -0.0909553
weights_delta matrix:
 -0.00194598 0.009941 -0.00382653
 -0.00124521 0.00636115 -0.00244856
 -0.00227172 0.0116051 -0.00446708
 -0.00197734 0.0101012 -0.0038882
 -0.00462552 0.0236294 -0.00909553
weights matrix:
 -0.759608 0.0765006 0.0475869
 1.27517 -0.939994 -0.319645
 -1.6445 0.553763 1.2096
 -1.30682 -0.181554 1.18607
 0.529841 0.118337 -1.61163
regression_error on 'test' 0.112567
classification_error on 'test' 0.0789474
Save,1071,0.112567,0.0789474
sample_count 75 Sample index 65
 i 0:0.928809 i 1:0.410364 i 2:0.944758 i 3:0.792495 bias 1
 test_print 4.07643
net matrix:
 -2.24171 0.182943 0.384126
outputs matrix:
 0.0111686 0.590465 0.683142
error matrix:
 -0.0111686 -0.590465 0.316858
delta matrix:
 -0.000246689 -0.285568 0.137173
weights_delta matrix:
 -2.29127e-05 -0.0265238 0.0127408
 -1.01232e-05 -0.0117187 0.0056291
 -2.33061e-05 -0.0269792 0.0129596
 -1.955e-05 -0.0226311 0.0108709
 -2.46689e-05 -0.0285568 0.0137173
weights matrix:
 -0.759631 0.0499768 0.0603277
 1.27516 -0.951713 -0.314016
 -1.64452 0.526784 1.22255
 -1.30684 -0.204185 1.19694
 0.529816 0.0897804 -1.59791
regression_error on 'test' 0.107381
classification_error on 'test' 0.0789474
Save,1072,0.107381,0.0789474
sample_count 75 Sample index 18
 i 0:0.513088 i 1:0.480944 i 2:0.566734 i 3:0.60999 bias 1
 test_print 3.17076
net matrix:
 -0.975828 -0.168302 -0.295
outputs matrix:
 0.124373 0.416635 0.356635
error matrix:
 -0.124373 0.583365 -0.356635
delta matrix:
 -0.0270895 0.283574 -0.163657
weights_delta matrix:
 -0.00138993 0.0145499 -0.00839706
 -0.00130285 0.0136383 -0.007871
 -0.00153525 0.0160711 -0.00927501
 -0.00165243 0.0172977 -0.00998293
 -0.00270895 0.0283574 -0.0163657
weights matrix:
 -0.761021 0.0645267 0.0519306
 1.27385 -0.938075 -0.321887
 -1.64606 0.542855 1.21328
 -1.30849 -0.186887 1.18696
 0.527107 0.118138 -1.61428
regression_error on 'test' 0.111614
classification_error on 'test' 0.0789474
Save,1073,0.111614,0.0789474
sample_count 75 Sample index 50
 i 0:0.489992 i 1:0.833841 i 2:0.113105 i 3:0.135476 bias 1
 test_print 2.57241
net matrix:
 0.852957 -0.596369 -1.5592
outputs matrix:
 0.846305 0.23277 0.0423543
error matrix:
 0.153695 -0.23277 -0.0423543
delta matrix:
 0.0399829 -0.0831397 -0.00343581
weights_delta matrix:
 0.00195913 -0.00407378 -0.000168352
 0.00333394 -0.00693253 -0.000286492
 0.000452226 -0.000940352 -3.88607e-05
 0.000541672 -0.00112634 -4.6547e-05
 0.00399829 -0.00831397 -0.000343581
weights matrix:
 -0.759062 0.0604529 0.0517623
 1.27719 -0.945007 -0.322174
 -1.6456 0.541914 1.21324
 -1.30795 -0.188014 1.18691
 0.531105 0.109824 -1.61462
regression_error on 'test' 0.110801
classification_error on 'test' 0.0526316
Save,1074,0.110801,0.0526316
sample_count 75 Sample index 55
 i 0:0.628566 i 1:0.551523 i 2:0.612097 i 3:0.60999 bias 1
 test_print 3.40218
net matrix:
 -1.04672 -0.156353 -0.293149
outputs matrix:
 0.109735 0.422454 0.357485
error matrix:
 -0.109735 0.577546 -0.357485
delta matrix:
 -0.0214409 0.281827 -0.164221
weights_delta matrix:
 -0.0013477 0.0177147 -0.0103224
 -0.00118251 0.0155434 -0.00905716
 -0.00131239 0.0172505 -0.0100519
 -0.00130787 0.0171912 -0.0100173
 -0.00214409 0.0281827 -0.0164221
weights matrix:
 -0.76041 0.0781676 0.0414399
 1.276 -0.929464 -0.331231
 -1.64692 0.559165 1.20319
 -1.30926 -0.170822 1.17689
 0.528961 0.138007 -1.63105
regression_error on 'test' 0.11598
classification_error on 'test' 0.131579
Save,1075,0.11598,0.131579
sample_count 75 Sample index 39
 i 0:0.397609 i 1:0.622103 i 2:0.18871 i 3:0.135476 bias 1
 test_print 2.3439
net matrix:
 0.532259 -0.326758 -1.43413
outputs matrix:
 0.743553 0.342198 0.0537447
error matrix:
 0.256447 -0.342198 -0.0537447
delta matrix:
 0.0977997 -0.154056 -0.00546651
weights_delta matrix:
 0.0038886 -0.00612542 -0.000217353
 0.00608415 -0.00958389 -0.000340073
 0.00184558 -0.0029072 -0.000103158
 0.00132495 -0.00208709 -7.40581e-05
 0.00977997 -0.0154056 -0.000546651
weights matrix:
 -0.756521 0.0720421 0.0412226
 1.28209 -0.939048 -0.331571
 -1.64507 0.556258 1.20309
 -1.30793 -0.17291 1.17682
 0.538741 0.122601 -1.63159
regression_error on 'test' 0.114371
classification_error on 'test' 0.131579
Save,1076,0.114371,0.131579
sample_count 75 Sample index 20
 i 0:0.489992 i 1:0.375074 i 2:0.521371 i 3:0.500487 bias 1
 test_print 2.88692
net matrix:
 -0.863366 0.00916635 -0.51952
outputs matrix:
 0.151006 0.504583 0.261335
error matrix:
 -0.151006 0.495417 -0.261335
delta matrix:
 -0.038719 0.247688 -0.100896
weights_delta matrix:
 -0.0018972 0.0121365 -0.00494382
 -0.00145225 0.00929012 -0.00378434
 -0.00201869 0.0129137 -0.00526042
 -0.00193783 0.0123964 -0.00504971
 -0.0038719 0.0247688 -0.0100896
weights matrix:
 -0.758418 0.0841786 0.0362788
 1.28064 -0.929757 -0.335355
 -1.64709 0.569171 1.19783
 -1.30987 -0.160513 1.17177
 0.534869 0.14737 -1.64168
regression_error on 'test' 0.118352
classification_error on 'test' 0.157895
Save,1077,0.118352,0.157895
sample_count 75 Sample index 6
 i 0:0.305227 i 1:0.657392 i 2:0.128226 i 3:0.171977 bias 1
 test_print 2.26282
net matrix:
 0.708792 -0.392774 -1.49596
outputs matrix:
 0.804959 0.313125 0.0477924
error matrix:
 0.195041 -0.313125 -0.0477924
delta matrix:
 0.0612427 -0.134693 -0.0043499
weights_delta matrix:
 0.00186929 -0.00411119 -0.000132771
 0.00402605 -0.00885459 -0.000285959
 0.00078529 -0.00172711 -5.5777e-05
 0.00105323 -0.00231641 -7.48083e-05
 0.00612427 -0.0134693 -0.00043499
weights matrix:
 -0.756549 0.0800675 0.036146
 1.28466 -0.938612 -0.335641
 -1.6463 0.567444 1.19777
 -1.30882 -0.162829 1.17169
 0.540994 0.1339 -1.64212
regression_error on 'test' 0.11693
classification_error on 'test' 0.157895
Save,1078,0.11693,0.157895
sample_count 75 Sample index 45
 i 0:0.697853 i 1:0.586813 i 2:0.793548 i 3:0.975 bias 1
 test_print 4.05321
net matrix:
 -1.81563 -0.0694785 0.279039
outputs matrix:
 0.0257996 0.465317 0.636008
error matrix:
 -0.0257996 -0.465317 0.363992
delta matrix:
 -0.00129689 -0.231539 0.16853
weights_delta matrix:
 -9.05042e-05 -0.016158 0.0117609
 -7.61034e-05 -0.013587 0.00988954
 -0.000102915 -0.0183737 0.0133736
 -0.000126447 -0.022575 0.0164316
 -0.000129689 -0.0231539 0.016853
weights matrix:
 -0.75664 0.0639095 0.0479069
 1.28459 -0.952199 -0.325752
 -1.64641 0.549071 1.21114
 -1.30894 -0.185404 1.18813
 0.540864 0.110747 -1.62526
regression_error on 'test' 0.1114
classification_error on 'test' 0.0789474
Save,1079,0.1114,0.0789474
sample_count 75 Sample index 24
 i 0:0.466896 i 1:0.445654 i 2:0.566734 i 3:0.536988 bias 1
 test_print 3.01627
net matrix:
 -0.875889 -0.0721487 -0.423663
outputs matrix:
 0.147823 0.463988 0.299994
error matrix:
 -0.147823 0.536012 -0.299994
delta matrix:
 -0.0372429 0.266616 -0.125996
weights_delta matrix:
 -0.00173886 0.0124482 -0.00588271
 -0.00165975 0.0118818 -0.00561507
 -0.00211068 0.01511 -0.00714063
 -0.0019999 0.0143169 -0.00676584
 -0.00372429 0.0266616 -0.0125996
weights matrix:
 -0.758379 0.0763576 0.0420242
 1.28293 -0.940317 -0.331367
 -1.64852 0.564181 1.204
 -1.31094 -0.171088 1.18136
 0.53714 0.137408 -1.63786
regression_error on 'test' 0.115636
classification_error on 'test' 0.131579
Save,1080,0.115636,0.131579
sample_count 75 Sample index 37
 i 0:0.720948 i 1:0.551523 i 2:0.82379 i 3:0.901998 bias 1
 test_print 3.99826
net matrix:
 -1.84255 -0.0157029 0.267108
outputs matrix:
 0.0244803 0.492149 0.630466
error matrix:
 -0.0244803 -0.492149 0.369534
delta matrix:
 -0.00116923 -0.246014 0.172187
weights_delta matrix:
 -8.42956e-05 -0.0177363 0.0124138
 -6.44859e-05 -0.0135682 0.00949652
 -9.63202e-05 -0.0202664 0.0141846
 -0.000105465 -0.0221904 0.0155313
 -0.000116923 -0.0246014 0.0172187
weights matrix:
 -0.758463 0.0586213 0.054438
 1.28286 -0.953885 -0.32187
 -1.64861 0.543914 1.21819
 -1.31105 -0.193278 1.19689
 0.537023 0.112807 -1.62064
regression_error on 'test' 0.110132
classification_error on 'test' 0.0526316
Save,1081,0.110132,0.0526316
sample_count 75 Sample index 65
 i 0:0.928809 i 1:0.410364 i 2:0.944758 i 3:0.792495 bias 1
 test_print 4.07643
net matrix:
 -2.23755 0.13651 0.397257
outputs matrix:
 0.0112609 0.567834 0.6888
error matrix:
 -0.0112609 -0.567834 0.3112
delta matrix:
 -0.000250761 -0.278691 0.133414
weights_delta matrix:
 -2.32909e-05 -0.0258851 0.0123917
 -1.02903e-05 -0.0114365 0.00547485
 -2.36909e-05 -0.0263296 0.0126044
 -1.98727e-05 -0.0220861 0.010573
 -2.50761e-05 -0.0278691 0.0133414
weights matrix:
 -0.758486 0.0327362 0.0668296
 1.28285 -0.965322 -0.316395
 -1.64864 0.517585 1.23079
 -1.31107 -0.215364 1.20746
 0.536998 0.0849376 -1.6073
regression_error on 'test' 0.105517
classification_error on 'test' 0.0789474
Save,1082,0.105517,0.0789474
sample_count 75 Sample index 16
 i 0:0.60547 i 1:0.304495 i 2:0.687702 i 3:0.755994 bias 1
 test_print 3.35366
net matrix:
 -1.65655 0.0039527 0.0960735
outputs matrix:
 0.0351243 0.501976 0.547889
error matrix:
 -0.0351243 -0.501976 0.452111
delta matrix:
 -0.00238077 -0.250984 0.223982
weights_delta matrix:
 -0.000144148 -0.0151963 0.0135614
 -7.24931e-05 -0.00764234 0.00682012
 -0.000163726 -0.0172602 0.0154033
 -0.000179984 -0.0189743 0.0169329
 -0.000238077 -0.0250984 0.0223982
weights matrix:
 -0.75863 0.0175399 0.080391
 1.28278 -0.972964 -0.309575
 -1.6488 0.500324 1.24619
 -1.31125 -0.234338 1.2244
 0.53676 0.0598392 -1.5849
regression_error on 'test' 0.102169
classification_error on 'test' 0.157895
Save,1083,0.102169,0.157895
sample_count 75 Sample index 31
 i 0:0.559279 i 1:0.339785 i 2:0.778427 i 3:0.573489 bias 1
 test_print 3.25098
net matrix:
 -1.48712 -0.00587428 0.0271175
outputs matrix:
 0.0486037 0.497063 0.513555
error matrix:
 -0.0486037 -0.497063 0.486445
delta matrix:
 -0.004495 -0.248523 0.243044
weights_delta matrix:
 -0.000251396 -0.0138994 0.0135929
 -0.000152733 -0.00844443 0.00825825
 -0.000349903 -0.0193457 0.0189192
 -0.000257783 -0.0142525 0.0139383
 -0.0004495 -0.0248523 0.0243044
weights matrix:
 -0.758882 0.0036405 0.093984
 1.28263 -0.981409 -0.301317
 -1.64915 0.480979 1.26511
 -1.31151 -0.248591 1.23834
 0.53631 0.0349869 -1.5606
regression_error on 'test' 0.0997982
classification_error on 'test' 0.157895
Save,1084,0.0997982,0.157895
sample_count 75 Sample index 20
 i 0:0.489992 i 1:0.375074 i 2:0.521371 i 3:0.500487 bias 1
 test_print 2.88692
net matrix:
 -0.870668 -0.204978 -0.3482
outputs matrix:
 0.149143 0.398922 0.332611
error matrix:
 -0.149143 0.601078 -0.332611
delta matrix:
 -0.0378524 0.288257 -0.147666
weights_delta matrix:
 -0.00185474 0.0141243 -0.00723553
 -0.00141975 0.0108118 -0.00553858
 -0.00197352 0.0150289 -0.0076989
 -0.00189447 0.0144269 -0.00739051
 -0.00378524 0.0288257 -0.0147666
weights matrix:
 -0.760736 0.0177648 0.0867484
 1.28121 -0.970597 -0.306856
 -1.65112 0.496008 1.25742
 -1.3134 -0.234164 1.23095
 0.532525 0.0638125 -1.57537
regression_error on 'test' 0.101756
classification_error on 'test' 0.157895
Save,1085,0.101756,0.157895
sample_count 75 Sample index 56
 i 0:0.328323 i 1:0.727972 i 2:0.158468 i 3:0.208478 bias 1
 test_print 2.42324
net matrix:
 0.679974 -0.607139 -1.31438
outputs matrix:
 0.795751 0.228945 0.0673099
error matrix:
 0.204249 -0.228945 -0.0673099
delta matrix:
 0.0663936 -0.0808309 -0.00845134
weights_delta matrix:
 0.00217985 -0.00265387 -0.000277477
 0.00483327 -0.00588427 -0.000615234
 0.00105213 -0.00128091 -0.000133927
 0.00138416 -0.00168515 -0.000176192
 0.00663936 -0.00808309 -0.000845134
weights matrix:
 -0.758557 0.015111 0.0864709
 1.28604 -0.976481 -0.307471
 -1.65007 0.494727 1.25728
 -1.31202 -0.235849 1.23077
 0.539164 0.0557294 -1.57621
regression_error on 'test' 0.101297
classification_error on 'test' 0.157895
Save,1086,0.101297,0.157895
sample_count 75 Sample index 43
 i 0:0.582374 i 1:0.198626 i 2:0.612097 i 3:0.60999 bias 1
 test_print 3.00309
net matrix:
 -1.45748 0.0295302 -0.0665905
outputs matrix:
 0.0514189 0.514761 0.466754
error matrix:
 -0.0514189 0.485239 -0.466754
delta matrix:
 -0.00501592 0.242408 -0.232345
weights_delta matrix:
 -0.000292114 0.0141172 -0.0135312
 -9.96292e-05 0.00481486 -0.00461498
 -0.000307023 0.0148377 -0.0142218
 -0.000305966 0.0147867 -0.0141728
 -0.000501592 0.0242408 -0.0232345
weights matrix:
 -0.758849 0.0292282 0.0729398
 1.28594 -0.971666 -0.312086
 -1.65038 0.509564 1.24306
 -1.31232 -0.221063 1.2166
 0.538663 0.0799703 -1.59945
regression_error on 'test' 0.104014
classification_error on 'test' 0.0789474
Save,1087,0.104014,0.0789474
sample_count 75 Sample index 26
 i 0:0.489992 i 1:0.339785 i 2:0.536492 i 3:0.500487 bias 1
 test_print 2.86676
net matrix:
 -0.93844 -0.0731275 -0.393967
outputs matrix:
 0.132748 0.463501 0.312613
error matrix:
 -0.132748 0.536499 -0.312613
delta matrix:
 -0.0305653 0.26682 -0.134352
weights_delta matrix:
 -0.00149768 0.013074 -0.00658314
 -0.00103856 0.00906614 -0.00456508
 -0.0016398 0.0143147 -0.00720788
 -0.00152975 0.013354 -0.00672415
 -0.00305653 0.026682 -0.0134352
weights matrix:
 -0.760346 0.0423022 0.0663566
 1.2849 -0.9626 -0.316651
 -1.65202 0.523879 1.23585
 -1.31385 -0.207709 1.20987
 0.535606 0.106652 -1.61288
regression_error on 'test' 0.106922
classification_error on 'test' 0.0789474
Save,1088,0.106922,0.0789474
sample_count 75 Sample index 31
 i 0:0.559279 i 1:0.339785 i 2:0.778427 i 3:0.573489 bias 1
 test_print 3.25098
net matrix:
 -1.49251 0.0919169 -0.0274947
outputs matrix:
 0.0481076 0.545829 0.486256
error matrix:
 -0.0481076 -0.545829 0.513744
delta matrix:
 -0.004406 -0.270622 0.256678
weights_delta matrix:
 -0.000246418 -0.0151353 0.0143555
 -0.000149709 -0.00919533 0.00872153
 -0.000342975 -0.0210659 0.0199805
 -0.000252679 -0.0155199 0.0147202
 -0.0004406 -0.0270622 0.0256678
weights matrix:
 -0.760593 0.0271669 0.0807121
 1.28475 -0.971796 -0.307929
 -1.65236 0.502813 1.25583
 -1.31411 -0.223228 1.22459
 0.535165 0.0795901 -1.58721
regression_error on 'test' 0.103049
classification_error on 'test' 0.105263
Save,1089,0.103049,0.105263
sample_count 75 Sample index 23
 i 0:0.975 i 1:0.763262 i 2:0.899395 i 3:0.792495 bias 1
 test_print 4.43015
net matrix:
 -1.75336 -0.360337 0.356422
outputs matrix:
 0.0291217 0.327245 0.671029
error matrix:
 -0.0291217 -0.327245 0.328971
delta matrix:
 -0.00164675 -0.14409 0.14524
weights_delta matrix:
 -0.000160558 -0.0140487 0.0141609
 -0.00012569 -0.0109978 0.0110856
 -0.000148108 -0.0129593 0.0130628
 -0.000130504 -0.011419 0.0115102
 -0.000164675 -0.014409 0.014524
weights matrix:
 -0.760753 0.0131181 0.094873
 1.28463 -0.982793 -0.296844
 -1.65251 0.489854 1.26889
 -1.31424 -0.234647 1.2361
 0.535001 0.0651811 -1.57269
regression_error on 'test' 0.100973
classification_error on 'test' 0.157895
Save,1090,0.100973,0.157895
sample_count 75 Sample index 30
 i 0:0.559279 i 1:0.410364 i 2:0.642339 i 3:0.500487 bias 1
 test_print 3.11247
net matrix:
 -1.08254 -0.133571 -0.20773
outputs matrix:
 0.102931 0.433609 0.397604
error matrix:
 -0.102931 0.566391 -0.397604
delta matrix:
 -0.0190084 0.278203 -0.190464
weights_delta matrix:
 -0.0010631 0.0155593 -0.0106523
 -0.000780037 0.0114164 -0.00781596
 -0.00122099 0.01787 -0.0122343
 -0.000951347 0.0139237 -0.00953248
 -0.00190084 0.0278203 -0.0190464
weights matrix:
 -0.761816 0.0286774 0.0842207
 1.28385 -0.971377 -0.30466
 -1.65373 0.507724 1.25666
 -1.31519 -0.220724 1.22657
 0.5331 0.0930014 -1.59174
regression_error on 'test' 0.103655
classification_error on 'test' 0.105263
Save,1091,0.103655,0.105263
sample_count 75 Sample index 1
 i 0:0.582374 i 1:0.445654 i 2:0.581855 i 3:0.536988 bias 1
 test_print 3.14687
net matrix:
 -1.00688 -0.1463 -0.288614
outputs matrix:
 0.117765 0.427367 0.359571
error matrix:
 -0.117765 0.572633 -0.359571
delta matrix:
 -0.0244708 0.280274 -0.165604
weights_delta matrix:
 -0.00142511 0.0163225 -0.00964433
 -0.00109055 0.0124905 -0.00738019
 -0.00142384 0.0163079 -0.00963573
 -0.00131405 0.0150504 -0.00889272
 -0.00244708 0.0280274 -0.0165604
weights matrix:
 -0.763242 0.0449999 0.0745764
 1.28276 -0.958886 -0.31204
 -1.65515 0.524032 1.24702
 -1.3165 -0.205673 1.21768
 0.530653 0.121029 -1.6083
regression_error on 'test' 0.107082
classification_error on 'test' 0.0789474
Save,1092,0.107082,0.0789474
sample_count 75 Sample index 49
 i 0:0.397609 i 1:0.480944 i 2:0.612097 i 3:0.60999 bias 1
 test_print 3.10064
net matrix:
 -0.972054 -0.12695 -0.222647
outputs matrix:
 0.125197 0.436864 0.39048
error matrix:
 -0.125197 0.563136 -0.39048
delta matrix:
 -0.0274239 0.277079 -0.185873
weights_delta matrix:
 -0.0010904 0.0110169 -0.00739047
 -0.00131894 0.0133259 -0.00893944
 -0.00167861 0.0169599 -0.0113772
 -0.00167283 0.0169015 -0.0113381
 -0.00274239 0.0277079 -0.0185873
weights matrix:
 -0.764332 0.0560168 0.0671859
 1.28144 -0.94556 -0.320979
 -1.65683 0.540992 1.23565
 -1.31818 -0.188772 1.20634
 0.52791 0.148737 -1.62688
regression_error on 'test' 0.111363
classification_error on 'test' 0.0526316
Save,1093,0.111363,0.0526316
sample_count 75 Sample index 0
 i 0:0.282131 i 1:0.269205 i 2:0.430645 i 3:0.427485 bias 1
 test_print 2.40947
net matrix:
 -0.619769 0.0622694 -0.646521
outputs matrix:
 0.224516 0.531094 0.215338
error matrix:
 -0.224516 0.468906 -0.215338
delta matrix:
 -0.0781805 0.233546 -0.0727705
weights_delta matrix:
 -0.00220571 0.00658906 -0.00205308
 -0.00210466 0.00628718 -0.00195902
 -0.0033668 0.0100575 -0.00313383
 -0.0033421 0.00998374 -0.00311083
 -0.00781805 0.0233546 -0.00727705
weights matrix:
 -0.766538 0.0626058 0.0651328
 1.27933 -0.939273 -0.322938
 -1.6602 0.551049 1.23251
 -1.32152 -0.178788 1.20323
 0.520092 0.172091 -1.63416
regression_error on 'test' 0.114314
classification_error on 'test' 0.105263
Save,1094,0.114314,0.105263
sample_count 75 Sample index 57
 i 0:0.374514 i 1:0.727972 i 2:0.158468 i 3:0.135476 bias 1
 test_print 2.39643
net matrix:
 0.722209 -0.425124 -1.48654
outputs matrix:
 0.809138 0.299381 0.0486574
error matrix:
 0.190862 -0.299381 -0.0486574
delta matrix:
 0.0589512 -0.125591 -0.00450468
weights_delta matrix:
 0.0022078 -0.00470357 -0.000168707
 0.00429148 -0.00914269 -0.000327928
 0.000934188 -0.00199022 -7.13848e-05
 0.000798647 -0.00170146 -6.10276e-05
 0.00589512 -0.0125591 -0.000450468
weights matrix:
 -0.76433 0.0579022 0.0649641
 1.28362 -0.948416 -0.323266
 -1.65927 0.549059 1.23244
 -1.32072 -0.18049 1.20317
 0.525988 0.159532 -1.63461
regression_error on 'test' 0.112941
classification_error on 'test' 0.0789474
Save,1095,0.112941,0.0789474
sample_count 75 Sample index 24
 i 0:0.466896 i 1:0.445654 i 2:0.566734 i 3:0.536988 bias 1
 test_print 3.01627
net matrix:
 -0.908396 -0.0218492 -0.403792
outputs matrix:
 0.139819 0.489077 0.308406
error matrix:
 -0.139819 0.510923 -0.308406
delta matrix:
 -0.0336321 0.25534 -0.131561
weights_delta matrix:
 -0.00157027 0.0119217 -0.00614252
 -0.00149883 0.0113793 -0.00586306
 -0.00190605 0.014471 -0.00745599
 -0.001806 0.0137114 -0.00706465
 -0.00336321 0.025534 -0.0131561
weights matrix:
 -0.7659 0.0698239 0.0588216
 1.28212 -0.937037 -0.329129
 -1.66117 0.56353 1.22499
 -1.32252 -0.166778 1.1961
 0.522624 0.185066 -1.64777
regression_error on 'test' 0.117395
classification_error on 'test' 0.131579
Save,1096,0.117395,0.131579
sample_count 75 Sample index 49
 i 0:0.397609 i 1:0.480944 i 2:0.612097 i 3:0.60999 bias 1
 test_print 3.10064
net matrix:
 -0.9888 0.00536855 -0.303251
outputs matrix:
 0.121575 0.502684 0.352857
error matrix:
 -0.121575 0.497316 -0.352857
delta matrix:
 -0.0259671 0.248651 -0.161149
weights_delta matrix:
 -0.00103247 0.00988658 -0.00640744
 -0.00124887 0.0119587 -0.00775038
 -0.00158944 0.0152198 -0.0098639
 -0.00158397 0.0151674 -0.00982995
 -0.00259671 0.0248651 -0.0161149
weights matrix:
 -0.766933 0.0797105 0.0524142
 1.28088 -0.925078 -0.33688
 -1.66276 0.57875 1.21512
 -1.32411 -0.151611 1.18627
 0.520028 0.209931 -1.66388
regression_error on 'test' 0.122687
classification_error on 'test' 0.210526
Save,1097,0.122687,0.210526
sample_count 75 Sample index 67
 i 0:0.443801 i 1:0.375074 i 2:0.566734 i 3:0.536988 bias 1
 test_print 2.9226
net matrix:
 -0.993289 0.144918 -0.441311
outputs matrix:
 0.120619 0.571956 0.292635
error matrix:
 -0.120619 0.428044 -0.292635
delta matrix:
 -0.0255883 0.209589 -0.121151
weights_delta matrix:
 -0.00113561 0.0093016 -0.00537668
 -0.000959751 0.00786115 -0.00454405
 -0.00145018 0.0118781 -0.00686602
 -0.00137406 0.0112547 -0.00650565
 -0.00255883 0.0209589 -0.0121151
weights matrix:
 -0.768068 0.0890121 0.0470375
 1.27992 -0.917217 -0.341424
 -1.66421 0.590628 1.20826
 -1.32548 -0.140356 1.17977
 0.517469 0.23089 -1.676
regression_error on 'test' 0.127219
classification_error on 'test' 0.315789
Save,1098,0.127219,0.315789
sample_count 75 Sample index 51
 i 0:0.628566 i 1:0.516233 i 2:0.763306 i 3:0.719493 bias 1
 test_print 3.6276
net matrix:
 -1.52856 0.163187 -0.0515822
outputs matrix:
 0.0449114 0.580877 0.474232
error matrix:
 -0.0449114 -0.580877 0.525768
delta matrix:
 -0.00385289 -0.282839 0.262186
weights_delta matrix:
 -0.00024218 -0.0177783 0.0164801
 -0.000198899 -0.0146011 0.0135349
 -0.000294094 -0.0215893 0.0200128
 -0.000277213 -0.0203501 0.0188641
 -0.000385289 -0.0282839 0.0262186
weights matrix:
 -0.76831 0.0712338 0.0635176
 1.27972 -0.931818 -0.327889
 -1.66451 0.569039 1.22827
 -1.32576 -0.160706 1.19863
 0.517084 0.202606 -1.64978
regression_error on 'test' 0.119112
classification_error on 'test' 0.157895
Save,1099,0.119112,0.157895
sample_count 75 Sample index 40
 i 0:0.328323 i 1:0.763262 i 2:0.158468 i 3:0.171977 bias 1
 test_print 2.42203
net matrix:
 0.749818 -0.422691 -1.47841
outputs matrix:
 0.81752 0.300403 0.049415
error matrix:
 0.18248 -0.300403 -0.049415
delta matrix:
 0.0544451 -0.126266 -0.00464236
weights_delta matrix:
 0.00178756 -0.0041456 -0.000152419
 0.00415559 -0.00963739 -0.000354334
 0.00086278 -0.00200091 -7.35666e-05
 0.00093633 -0.00217148 -7.98379e-05
 0.00544451 -0.0126266 -0.000464236
weights matrix:
 -0.766523 0.0670882 0.0633652
 1.28387 -0.941455 -0.328243
 -1.66364 0.567038 1.2282
 -1.32482 -0.162878 1.19855
 0.522528 0.18998 -1.65024
regression_error on 'test' 0.11753
classification_error on 'test' 0.131579
Save,1100,0.11753,0.131579
sample_count 75 Sample index 17
 i 0:0.443801 i 1:0.304495 i 2:0.521371 i 3:0.463986 bias 1
 test_print 2.73365
net matrix:
 -0.908798 0.153149 -0.525614
outputs matrix:
 0.139723 0.575981 0.25899
error matrix:
 -0.139723 0.424019 -0.25899
delta matrix:
 -0.0335894 0.207113 -0.0994074
weights_delta matrix:
 -0.0014907 0.00919171 -0.00441171
 -0.00102278 0.0063065 -0.00302691
 -0.00175125 0.0107983 -0.00518281
 -0.0015585 0.00960977 -0.00461236
 -0.00335894 0.0207113 -0.00994074
weights matrix:
 -0.768013 0.0762799 0.0589535
 1.28285 -0.935149 -0.33127
 -1.66539 0.577836 1.22301
 -1.32638 -0.153268 1.19394
 0.519169 0.210691 -1.66018
regression_error on 'test' 0.121197
classification_error on 'test' 0.184211
Save,1101,0.121197,0.184211
sample_count 75 Sample index 64
 i 0:0.282131 i 1:0.516233 i 2:0.158468 i 3:0.0989754 bias 1
 test_print 2.05581
net matrix:
 0.569547 -0.174144 -1.50259
outputs matrix:
 0.757513 0.413798 0.0471929
error matrix:
 0.242487 -0.413798 -0.0471929
delta matrix:
 0.0890833 -0.200749 -0.00424412
weights_delta matrix:
 0.00251332 -0.00566375 -0.00011974
 0.00459877 -0.0103633 -0.000219095
 0.00141168 -0.00318123 -6.72557e-05
 0.000881705 -0.00198692 -4.20063e-05
 0.00890833 -0.0200749 -0.000424412
weights matrix:
 -0.7655 0.0706162 0.0588337
 1.28745 -0.945512 -0.331489
 -1.66398 0.574655 1.22295
 -1.3255 -0.155255 1.1939
 0.528077 0.190616 -1.66061
regression_error on 'test' 0.118901
classification_error on 'test' 0.157895
Save,1102,0.118901,0.157895
sample_count 75 Sample index 30
 i 0:0.559279 i 1:0.410364 i 2:0.642339 i 3:0.500487 bias 1
 test_print 3.11247
net matrix:
 -1.10396 0.133526 -0.38066
outputs matrix:
 0.0990407 0.566369 0.31836
error matrix:
 -0.0990407 0.433631 -0.31836
delta matrix:
 -0.0176751 0.212995 -0.138173
weights_delta matrix:
 -0.000988532 0.0119124 -0.0077277
 -0.000725323 0.00874056 -0.00567011
 -0.00113534 0.0136815 -0.00887536
 -0.000884616 0.0106601 -0.00691536
 -0.00176751 0.0212995 -0.0138173
weights matrix:
 -0.766489 0.0825285 0.051106
 1.28672 -0.936772 -0.337159
 -1.66512 0.588336 1.21407
 -1.32639 -0.144595 1.18698
 0.52631 0.211916 -1.67443
regression_error on 'test' 0.123561
classification_error on 'test' 0.236842
Save,1103,0.123561,0.236842
sample_count 75 Sample index 35
 i 0:0.189749 i 1:0.233915 i 2:0.128226 i 3:0.171977 bias 1
 test_print 1.72387
net matrix:
 0.240234 0.0590234 -1.38379
outputs matrix:
 0.617858 0.529477 0.0591019
error matrix:
 0.382142 -0.529477 -0.0591019
delta matrix:
 0.180454 -0.263819 -0.00657317
weights_delta matrix:
 0.0034241 -0.00500593 -0.000124725
 0.0042211 -0.00617111 -0.000153756
 0.00231389 -0.00338284 -8.42852e-05
 0.0031034 -0.00453707 -0.000113043
 0.0180454 -0.0263819 -0.000657317
weights matrix:
 -0.763065 0.0775226 0.0509813
 1.29094 -0.942943 -0.337313
 -1.6628 0.584953 1.21399
 -1.32328 -0.149132 1.18687
 0.544355 0.185534 -1.67508
regression_error on 'test' 0.120789
classification_error on 'test' 0.210526
Save,1104,0.120789,0.210526
sample_count 75 Sample index 40
 i 0:0.328323 i 1:0.763262 i 2:0.158468 i 3:0.171977 bias 1
 test_print 2.42203
net matrix:
 0.788077 -0.441677 -1.51931
outputs matrix:
 0.828659 0.292483 0.0457113
error matrix:
 0.171341 -0.292483 -0.0457113
delta matrix:
 0.048655 -0.121051 -0.00398801
weights_delta matrix:
 0.00159746 -0.00397439 -0.000130935
 0.00371365 -0.00923937 -0.000304389
 0.000771026 -0.00191827 -6.31972e-05
 0.000836755 -0.0020818 -6.85846e-05
 0.0048655 -0.0121051 -0.000398801
weights matrix:
 -0.761467 0.0735482 0.0508504
 1.29466 -0.952182 -0.337617
 -1.66203 0.583035 1.21392
 -1.32244 -0.151213 1.1868
 0.549221 0.173429 -1.67548
regression_error on 'test' 0.119318
classification_error on 'test' 0.184211
Save,1105,0.119318,0.184211
sample_count 75 Sample index 11
 i 0:0.536183 i 1:0.198626 i 2:0.536492 i 3:0.427485 bias 1
 test_print 2.69879
net matrix:
 -1.0589 0.271888 -0.556677
outputs matrix:
 0.107378 0.63269 0.247246
error matrix:
 -0.107378 0.36731 -0.247246
delta matrix:
 -0.0205839 0.170721 -0.0920326
weights_delta matrix:
 -0.00110367 0.00915375 -0.00493463
 -0.000408849 0.00339095 -0.00182801
 -0.00110431 0.00915902 -0.00493748
 -0.000879929 0.00729805 -0.00393426
 -0.00205839 0.0170721 -0.00920326
weights matrix:
 -0.762571 0.082702 0.0459157
 1.29425 -0.948791 -0.339445
 -1.66314 0.592194 1.20899
 -1.32332 -0.143915 1.18287
 0.547162 0.190501 -1.68469
regression_error on 'test' 0.122479
classification_error on 'test' 0.236842
Save,1106,0.122479,0.236842
sample_count 75 Sample index 51
 i 0:0.628566 i 1:0.516233 i 2:0.763306 i 3:0.719493 bias 1
 test_print 3.6276
net matrix:
 -1.48564 0.101166 -0.0571676
outputs matrix:
 0.0487408 0.550411 0.471447
error matrix:
 -0.0487408 -0.550411 0.528553
delta matrix:
 -0.00451975 -0.272408 0.263415
weights_delta matrix:
 -0.000284096 -0.0171226 0.0165573
 -0.000233324 -0.0140626 0.0135983
 -0.000344995 -0.0207931 0.0201066
 -0.000325193 -0.0195996 0.0189525
 -0.000451975 -0.0272408 0.0263415
weights matrix:
 -0.762855 0.0655793 0.0624731
 1.29402 -0.962854 -0.325847
 -1.66348 0.571401 1.22909
 -1.32365 -0.163515 1.20182
 0.54671 0.16326 -1.65834
regression_error on 'test' 0.115077
classification_error on 'test' 0.131579
Save,1107,0.115077,0.131579
sample_count 75 Sample index 37
 i 0:0.720948 i 1:0.551523 i 2:0.82379 i 3:0.901998 bias 1
 test_print 3.99826
net matrix:
 -1.85388 0.00272752 0.303535
outputs matrix:
 0.0239451 0.501364 0.647272
error matrix:
 -0.0239451 -0.501364 0.352728
delta matrix:
 -0.00111927 -0.25068 0.161063
weights_delta matrix:
 -8.06938e-05 -0.0180727 0.0116118
 -6.17305e-05 -0.0138256 0.008883
 -9.22046e-05 -0.0206508 0.0132682
 -0.000100958 -0.0226113 0.0145279
 -0.000111927 -0.025068 0.0161063
weights matrix:
 -0.762936 0.0475066 0.0740849
 1.29395 -0.976679 -0.316964
 -1.66357 0.55075 1.24236
 -1.32375 -0.186126 1.21635
 0.546599 0.138192 -1.64224
regression_error on 'test' 0.109622
classification_error on 'test' 0.0526316
Save,1108,0.109622,0.0526316
sample_count 75 Sample index 17
 i 0:0.443801 i 1:0.304495 i 2:0.521371 i 3:0.463986 bias 1
 test_print 2.73365
net matrix:
 -0.879532 0.0626666 -0.493774
outputs matrix:
 0.146908 0.531292 0.271397
error matrix:
 -0.146908 0.468708 -0.271397
delta matrix:
 -0.0368226 0.233436 -0.107332
weights_delta matrix:
 -0.00163419 0.0103599 -0.00476341
 -0.00112123 0.00710801 -0.00326821
 -0.00191983 0.0121707 -0.00559599
 -0.00170852 0.0108311 -0.00498006
 -0.00368226 0.0233436 -0.0107332
weights matrix:
 -0.76457 0.0578665 0.0693215
 1.29283 -0.969571 -0.320232
 -1.66549 0.562921 1.23676
 -1.32546 -0.175295 1.21137
 0.542916 0.161535 -1.65297
regression_error on 'test' 0.112893
classification_error on 'test' 0.0789474
Save,1109,0.112893,0.0789474
sample_count 75 Sample index 21
 i 0:0.836426 i 1:0.445654 i 2:0.884274 i 3:0.719493 bias 1
 test_print 3.88585
net matrix:
 -1.94685 0.149496 0.227507
outputs matrix:
 0.0199634 0.574196 0.611831
error matrix:
 -0.0199634 -0.574196 0.388169
delta matrix:
 -0.000781159 -0.280776 0.184376
weights_delta matrix:
 -6.53382e-05 -0.0234848 0.0154217
 -3.48127e-05 -0.0125129 0.00821678
 -6.90759e-05 -0.0248283 0.0163039
 -5.62038e-05 -0.0202016 0.0132657
 -7.81159e-05 -0.0280776 0.0184376
weights matrix:
 -0.764635 0.0343817 0.0847432
 1.2928 -0.982084 -0.312016
 -1.66556 0.538093 1.25307
 -1.32552 -0.195497 1.22463
 0.542838 0.133458 -1.63453
regression_error on 'test' 0.107361
classification_error on 'test' 0.0789474
Save,1110,0.107361,0.0789474
sample_count 75 Sample index 61
 i 0:0.697853 i 1:0.480944 i 2:0.687702 i 3:0.682992 bias 1
 test_print 3.54949
net matrix:
 -1.41973 -0.0783516 -0.0273057
outputs matrix:
 0.0552288 0.460904 0.486351
error matrix:
 -0.0552288 0.539096 -0.486351
delta matrix:
 -0.00576352 0.2679 -0.242994
weights_delta matrix:
 -0.000402209 0.0186955 -0.0169574
 -0.000277193 0.0128845 -0.0116867
 -0.000396358 0.0184235 -0.0167107
 -0.000393644 0.0182974 -0.0165963
 -0.000576352 0.02679 -0.0242994
weights matrix:
 -0.765037 0.0530771 0.0677857
 1.29252 -0.9692 -0.323702
 -1.66596 0.556516 1.23636
 -1.32591 -0.177199 1.20804
 0.542262 0.160248 -1.65883
regression_error on 'test' 0.112741
classification_error on 'test' 0.0789474
Save,1111,0.112741,0.0789474
sample_count 75 Sample index 31
 i 0:0.559279 i 1:0.339785 i 2:0.778427 i 3:0.573489 bias 1
 test_print 3.25098
net matrix:
 -1.50365 0.192199 -0.0757015
outputs matrix:
 0.0470971 0.594933 0.462221
error matrix:
 -0.0470971 -0.594933 0.537779
delta matrix:
 -0.00422734 -0.286743 0.267354
weights_delta matrix:
 -0.000236426 -0.0160369 0.0149526
 -0.000143639 -0.0097431 0.0090843
 -0.000329067 -0.0223209 0.0208116
 -0.000242433 -0.0164444 0.0153325
 -0.000422734 -0.0286743 0.0267354
weights matrix:
 -0.765274 0.0370402 0.0827383
 1.29238 -0.978943 -0.314618
 -1.66629 0.534195 1.25717
 -1.32615 -0.193644 1.22337
 0.541839 0.131573 -1.6321
regression_error on 'test' 0.107332
classification_error on 'test' 0.0789474
Save,1112,0.107332,0.0789474
sample_count 75 Sample index 64
 i 0:0.282131 i 1:0.516233 i 2:0.158468 i 3:0.0989754 bias 1
 test_print 2.05581
net matrix:
 0.597789 -0.297852 -1.45087
outputs matrix:
 0.767737 0.355327 0.052068
error matrix:
 0.232263 -0.355327 -0.052068
delta matrix:
 0.0828326 -0.162789 -0.00513984
weights_delta matrix:
 0.00233696 -0.00459279 -0.000145011
 0.00427609 -0.00840373 -0.000265336
 0.00131263 -0.00257969 -8.145e-05
 0.000819839 -0.00161121 -5.08718e-05
 0.00828326 -0.0162789 -0.000513984
weights matrix:
 -0.762937 0.0324474 0.0825933
 1.29665 -0.987347 -0.314883
 -1.66498 0.531616 1.25709
 -1.32533 -0.195255 1.22332
 0.550122 0.115295 -1.63261
regression_error on 'test' 0.106128
classification_error on 'test' 0.0789474
Save,1113,0.106128,0.0789474
sample_count 75 Sample index 54
 i 0:0.305227 i 1:0.622103 i 2:0.158468 i 3:0.135476 bias 1
 test_print 2.22127
net matrix:
 0.680509 -0.431241 -1.43835
outputs matrix:
 0.795925 0.296821 0.0533172
error matrix:
 0.204075 -0.296821 -0.0533172
delta matrix:
 0.0662951 -0.123904 -0.00538231
weights_delta matrix:
 0.0020235 -0.00378188 -0.000164283
 0.00412424 -0.0077081 -0.000334835
 0.00105056 -0.00196348 -8.52924e-05
 0.000898139 -0.0016786 -7.29174e-05
 0.00662951 -0.0123904 -0.000538231
weights matrix:
 -0.760913 0.0286655 0.082429
 1.30078 -0.995055 -0.315218
 -1.66393 0.529652 1.257
 -1.32443 -0.196934 1.22324
 0.556752 0.102904 -1.63315
regression_error on 'test' 0.105239
classification_error on 'test' 0.0789474
Save,1114,0.105239,0.0789474
sample_count 75 Sample index 62
 i 0:0.582374 i 1:0.622103 i 2:0.748185 i 3:0.901998 bias 1
 test_print 3.85466
net matrix:
 -1.51673 -0.280784 0.262591
outputs matrix:
 0.0459372 0.363185 0.628359
error matrix:
 -0.0459372 -0.363185 0.371641
delta matrix:
 -0.00402657 -0.167996 0.173574
weights_delta matrix:
 -0.000234497 -0.00978364 0.0101085
 -0.000250494 -0.0104511 0.0107981
 -0.000301262 -0.0125692 0.0129866
 -0.000363196 -0.0151532 0.0156564
 -0.000402657 -0.0167996 0.0173574
weights matrix:
 -0.761148 0.0188819 0.0925375
 1.30053 -1.00551 -0.30442
 -1.66423 0.517083 1.26999
 -1.3248 -0.212087 1.2389
 0.556349 0.0861046 -1.61579
regression_error on 'test' 0.102471
classification_error on 'test' 0.105263
Save,1115,0.102471,0.105263
sample_count 75 Sample index 9
 i 0:0.351418 i 1:0.375074 i 2:0.521371 i 3:0.573489 bias 1
 test_print 2.82135
net matrix:
 -0.850774 -0.136436 -0.324821
outputs matrix:
 0.154263 0.432202 0.34307
error matrix:
 -0.154263 0.567798 -0.34307
delta matrix:
 -0.0402522 0.278679 -0.154637
weights_delta matrix:
 -0.00141454 0.00979329 -0.00543424
 -0.00150976 0.0104525 -0.00580005
 -0.00209863 0.0145295 -0.00806235
 -0.00230842 0.0159819 -0.00886829
 -0.00402522 0.0278679 -0.0154637
weights matrix:
 -0.762562 0.0286752 0.0871033
 1.29902 -0.995053 -0.31022
 -1.66633 0.531613 1.26193
 -1.32711 -0.196105 1.23003
 0.552324 0.113972 -1.63126
regression_error on 'test' 0.105355
classification_error on 'test' 0.0789474
Save,1116,0.105355,0.0789474
sample_count 75 Sample index 36
 i 0:0.744044 i 1:0.516233 i 2:0.702823 i 3:0.901998 bias 1
 test_print 3.8651
net matrix:
 -1.71264 -0.181628 0.269805
outputs matrix:
 0.0315148 0.410172 0.631722
error matrix:
 -0.0315148 -0.410172 0.368278
delta matrix:
 -0.00192376 -0.198466 0.17136
weights_delta matrix:
 -0.000143136 -0.0147668 0.0127499
 -9.93108e-05 -0.0102455 0.00884614
 -0.000135206 -0.0139487 0.0120435
 -0.000173523 -0.0179016 0.0154566
 -0.000192376 -0.0198466 0.017136
weights matrix:
 -0.762705 0.0139084 0.0998532
 1.29892 -1.0053 -0.301374
 -1.66646 0.517664 1.27397
 -1.32728 -0.214007 1.24549
 0.552132 0.0941258 -1.61412
regression_error on 'test' 0.102308
classification_error on 'test' 0.157895
Save,1117,0.102308,0.157895
sample_count 75 Sample index 8
 i 0:0.489992 i 1:0.375074 i 2:0.702823 i 3:0.755994 bias 1
 test_print 3.32388
net matrix:
 -1.50904 -0.0740821 0.158728
outputs matrix:
 0.0466158 0.463027 0.578704
error matrix:
 -0.0466158 -0.463027 0.421296
delta matrix:
 -0.00414347 -0.230247 0.205429
weights_delta matrix:
 -0.000203027 -0.0112819 0.0100658
 -0.000155411 -0.00863598 0.0077051
 -0.000291212 -0.0161823 0.014438
 -0.000313244 -0.0174066 0.0155303
 -0.000414347 -0.0230247 0.0205429
weights matrix:
 -0.762909 0.00262646 0.109919
 1.29876 -1.01393 -0.293669
 -1.66675 0.501482 1.28841
 -1.32759 -0.231413 1.26102
 0.551717 0.0711011 -1.59358
regression_error on 'test' 0.0999345
classification_error on 'test' 0.157895
Save,1118,0.0999345,0.157895
sample_count 75 Sample index 13
 i 0:0.420705 i 1:0.269205 i 2:0.491129 i 3:0.427485 bias 1
 test_print 2.60852
net matrix:
 -0.805725 -0.0533837 -0.454549
outputs matrix:
 0.166387 0.473333 0.287184
error matrix:
 -0.166387 0.526667 -0.287184
delta matrix:
 -0.0461568 0.262584 -0.117579
weights_delta matrix:
 -0.00194184 0.011047 -0.0049466
 -0.00124256 0.0070689 -0.00316528
 -0.00226689 0.0128963 -0.00577463
 -0.00197313 0.0112251 -0.00502632
 -0.00461568 0.0262584 -0.0117579
weights matrix:
 -0.76485 0.0136735 0.104972
 1.29752 -1.00687 -0.296834
 -1.66902 0.514378 1.28263
 -1.32957 -0.220188 1.25599
 0.547102 0.0973595 -1.60533
regression_error on 'test' 0.101746
classification_error on 'test' 0.157895
Save,1119,0.101746,0.157895
sample_count 75 Sample index 44
 i 0:0.536183 i 1:0.375074 i 2:0.702823 i 3:0.646491 bias 1
 test_print 3.26057
net matrix:
 -1.40891 -0.0537911 0.0530673
outputs matrix:
 0.0563689 0.47313 0.526509
error matrix:
 -0.0563689 0.52687 -0.526509
delta matrix:
 -0.00599668 0.262674 -0.262514
weights_delta matrix:
 -0.000321532 0.0140841 -0.0140756
 -0.00022492 0.00985222 -0.00984623
 -0.000421461 0.0184613 -0.0184501
 -0.00038768 0.0169816 -0.0169713
 -0.000599668 0.0262674 -0.0262514
weights matrix:
 -0.765172 0.0277576 0.0908969
 1.29729 -0.997014 -0.30668
 -1.66944 0.532839 1.26418
 -1.32995 -0.203206 1.23902
 0.546502 0.123627 -1.63159
regression_error on 'test' 0.105236
classification_error on 'test' 0.0789474
Save,1120,0.105236,0.0789474
sample_count 75 Sample index 31
 i 0:0.559279 i 1:0.339785 i 2:0.778427 i 3:0.573489 bias 1
 test_print 3.25098
net matrix:
 -1.50289 0.0986208 0.00968481
outputs matrix:
 0.0471653 0.549151 0.504842
error matrix:
 -0.0471653 -0.549151 0.495158
delta matrix:
 -0.00423928 -0.271922 0.247556
weights_delta matrix:
 -0.000237094 -0.015208 0.0138453
 -0.000144044 -0.00923951 0.00841157
 -0.000329997 -0.0211672 0.0192704
 -0.000243118 -0.0155944 0.014197
 -0.000423928 -0.0271922 0.0247556
weights matrix:
 -0.765409 0.0125496 0.104742
 1.29715 -1.00625 -0.298269
 -1.66977 0.511672 1.28345
 -1.3302 -0.218801 1.25322
 0.546078 0.0964347 -1.60683
regression_error on 'test' 0.101743
classification_error on 'test' 0.157895
Save,1121,0.101743,0.157895
sample_count 75 Sample index 20
 i 0:0.489992 i 1:0.375074 i 2:0.521371 i 3:0.500487 bias 1
 test_print 2.88692
net matrix:
 -0.878754 -0.117571 -0.371005
outputs matrix:
 0.147103 0.441484 0.322565
error matrix:
 -0.147103 0.558516 -0.322565
delta matrix:
 -0.036912 0.275433 -0.140971
weights_delta matrix:
 -0.00180866 0.013496 -0.00690749
 -0.00138447 0.0103308 -0.00528747
 -0.00192449 0.0143603 -0.00734984
 -0.0018474 0.0137851 -0.00705544
 -0.0036912 0.0275433 -0.0140971
weights matrix:
 -0.767218 0.0260456 0.0978346
 1.29577 -0.995922 -0.303556
 -1.67169 0.526032 1.2761
 -1.33204 -0.205016 1.24616
 0.542387 0.123978 -1.62093
regression_error on 'test' 0.104415
classification_error on 'test' 0.0789474
Save,1122,0.104415,0.0789474
sample_count 75 Sample index 22
 i 0:0.305227 i 1:0.233915 i 2:0.430645 i 3:0.427485 bias 1
 test_print 2.39727
net matrix:
 -0.678025 0.0378588 -0.579808
outputs matrix:
 0.204883 0.51892 0.238737
error matrix:
 -0.204883 0.48108 -0.238737
delta matrix:
 -0.0667533 0.240195 -0.0867769
weights_delta matrix:
 -0.00203749 0.00733141 -0.00264866
 -0.00156146 0.00561853 -0.00202984
 -0.0028747 0.0103439 -0.003737
 -0.0028536 0.010268 -0.00370958
 -0.00667533 0.0240195 -0.00867769
weights matrix:
 -0.769255 0.033377 0.095186
 1.2942 -0.990304 -0.305586
 -1.67457 0.536376 1.27237
 -1.3349 -0.194748 1.24245
 0.535711 0.147998 -1.62961
regression_error on 'test' 0.106729
classification_error on 'test' 0.0789474
Save,1123,0.106729,0.0789474
sample_count 75 Sample index 5
 i 0:0.536183 i 1:0.198626 i 2:0.687702 i 3:0.60999 bias 1
 test_print 3.0325
net matrix:
 -1.58557 0.219267 -0.00637218
outputs matrix:
 0.0402667 0.607909 0.496814
error matrix:
 -0.0402667 -0.607909 0.503186
delta matrix:
 -0.00311223 -0.289797 0.251583
weights_delta matrix:
 -0.000166872 -0.0155384 0.0134894
 -6.1817e-05 -0.00575613 0.00499709
 -0.000214029 -0.0199294 0.0173014
 -0.000189843 -0.0176773 0.0153463
 -0.000311223 -0.0289797 0.0251583
weights matrix:
 -0.769422 0.0178386 0.108675
 1.29414 -0.99606 -0.300589
 -1.67478 0.516447 1.28967
 -1.33509 -0.212425 1.2578
 0.5354 0.119018 -1.60445
regression_error on 'test' 0.102972
classification_error on 'test' 0.157895
Save,1124,0.102972,0.157895
sample_count 75 Sample index 72
 i 0:0.905713 i 1:0.480944 i 2:0.929637 i 3:0.828996 bias 1
 test_print 4.14529
net matrix:
 -2.20279 -0.039866 0.591049
outputs matrix:
 0.0120618 0.480078 0.765325
error matrix:
 -0.0120618 -0.480078 0.234675
delta matrix:
 -0.000287466 -0.239658 0.0842965
weights_delta matrix:
 -2.60361e-05 -0.0217061 0.00763484
 -1.38255e-05 -0.0115262 0.00405419
 -2.67239e-05 -0.0222795 0.00783652
 -2.38308e-05 -0.0198675 0.00698815
 -2.87466e-05 -0.0239658 0.00842965
weights matrix:
 -0.769448 -0.00386751 0.11631
 1.29413 -1.00759 -0.296535
 -1.67481 0.494167 1.2975
 -1.33511 -0.232293 1.26479
 0.535371 0.0950521 -1.59602
regression_error on 'test' 0.100356
classification_error on 'test' 0.157895
Save,1125,0.100356,0.157895
sample_count 75 Sample index 4
 i 0:0.212844 i 1:0.516233 i 2:0.158468 i 3:0.135476 bias 1
 test_print 2.02302
net matrix:
 0.593392 -0.379081 -1.34738
outputs matrix:
 0.766165 0.319046 0.0632831
error matrix:
 0.233835 -0.319046 -0.0632831
delta matrix:
 0.0837857 -0.138629 -0.00750265
weights_delta matrix:
 0.00178333 -0.00295063 -0.000159689
 0.0043253 -0.00715648 -0.000387311
 0.00132774 -0.00219682 -0.000118893
 0.0011351 -0.00187809 -0.000101643
 0.00837857 -0.0138629 -0.000750265
weights matrix:
 -0.767665 -0.00681815 0.116151
 1.29845 -1.01474 -0.296922
 -1.67348 0.491971 1.29739
 -1.33398 -0.234171 1.26469
 0.54375 0.0811892 -1.59677
regression_error on 'test' 0.0996911
classification_error on 'test' 0.157895
Save,1126,0.0996911,0.157895
sample_count 75 Sample index 6
 i 0:0.305227 i 1:0.657392 i 2:0.128226 i 3:0.171977 bias 1
 test_print 2.26282
net matrix:
 0.719035 -0.565164 -1.37265
outputs matrix:
 0.808155 0.244101 0.0603522
error matrix:
 0.191845 -0.244101 -0.0603522
delta matrix:
 0.0594872 -0.0900807 -0.00684512
weights_delta matrix:
 0.00181571 -0.0027495 -0.000208932
 0.00391064 -0.00592183 -0.000449993
 0.000762781 -0.00115507 -8.77723e-05
 0.00102304 -0.00154918 -0.00011772
 0.00594872 -0.00900807 -0.000684512
weights matrix:
 -0.765849 -0.00956765 0.115942
 1.30237 -1.02066 -0.297372
 -1.67272 0.490815 1.2973
 -1.33295 -0.23572 1.26457
 0.549699 0.0721811 -1.59745
regression_error on 'test' 0.0992609
classification_error on 'test' 0.157895
Save,1127,0.0992609,0.157895
sample_count 75 Sample index 46
 i 0:0.928809 i 1:0.480944 i 2:0.854032 i 3:0.901998 bias 1
 test_print 4.16578
net matrix:
 -2.16614 -0.221035 0.615788
outputs matrix:
 0.0129672 0.391248 0.774094
error matrix:
 -0.0129672 -0.391248 0.225906
delta matrix:
 -0.000331935 -0.186369 0.0790092
weights_delta matrix:
 -3.08304e-05 -0.0173102 0.00733845
 -1.59642e-05 -0.00896333 0.0037999
 -2.83483e-05 -0.0159165 0.00674764
 -2.99405e-05 -0.0168105 0.00712662
 -3.31935e-05 -0.0186369 0.00790092
weights matrix:
 -0.76588 -0.0268778 0.12328
 1.30235 -1.02963 -0.293572
 -1.67275 0.474899 1.30405
 -1.33298 -0.25253 1.2717
 0.549666 0.0535442 -1.58955
regression_error on 'test' 0.0979632
classification_error on 'test' 0.184211
Save,1128,0.0979632,0.184211
sample_count 75 Sample index 48
 i 0:0.744044 i 1:0.516233 i 2:0.748185 i 3:0.828996 bias 1
 test_print 3.83746
net matrix:
 -1.70443 -0.352016 0.380521
outputs matrix:
 0.0320198 0.330919 0.68158
error matrix:
 -0.0320198 -0.330919 0.31842
delta matrix:
 -0.00198487 -0.146538 0.138213
weights_delta matrix:
 -0.000147683 -0.0109031 0.0102836
 -0.000102466 -0.0075648 0.007135
 -0.000148505 -0.0109638 0.0103409
 -0.000164545 -0.012148 0.0114578
 -0.000198487 -0.0146538 0.0138213
weights matrix:
 -0.766028 -0.0377809 0.133564
 1.30225 -1.03719 -0.286437
 -1.6729 0.463935 1.31439
 -1.33315 -0.264678 1.28315
 0.549467 0.0388904 -1.57573
regression_error on 'test' 0.097228
classification_error on 'test' 0.210526
Save,1129,0.097228,0.210526
sample_count 75 Sample index 58
 i 0:0.282131 i 1:0.516233 i 2:0.158468 i 3:0.0989754 bias 1
 test_print 2.05581
net matrix:
 0.60856 -0.45988 -1.35063
outputs matrix:
 0.771556 0.285007 0.0628994
error matrix:
 0.228444 -0.285007 -0.0628994
delta matrix:
 0.0805296 -0.116156 -0.00741497
weights_delta matrix:
 0.00227199 -0.00327713 -0.000209199
 0.0041572 -0.00599637 -0.000382785
 0.00127614 -0.00184071 -0.000117504
 0.000797045 -0.00114966 -7.33899e-05
 0.00805296 -0.0116156 -0.000741497
weights matrix:
 -0.763756 -0.0410581 0.133355
 1.3064 -1.04319 -0.28682
 -1.67162 0.462094 1.31427
 -1.33235 -0.265828 1.28308
 0.55752 0.0272747 -1.57647
regression_error on 'test' 0.0969654
classification_error on 'test' 0.210526
Save,1130,0.0969654,0.210526
sample_count 75 Sample index 11
 i 0:0.536183 i 1:0.198626 i 2:0.536492 i 3:0.427485 bias 1
 test_print 2.69879
net matrix:
 -1.05888 -0.0676719 -0.308347
outputs matrix:
 0.107383 0.466216 0.350534
error matrix:
 -0.107383 0.533784 -0.350534
delta matrix:
 -0.0205858 0.265674 -0.159605
weights_delta matrix:
 -0.00110377 0.014245 -0.00855775
 -0.000408887 0.00527697 -0.00317017
 -0.00110441 0.0142532 -0.00856268
 -0.00088001 0.0113572 -0.00682287
 -0.00205858 0.0265674 -0.0159605
weights matrix:
 -0.764859 -0.0268131 0.124797
 1.306 -1.03791 -0.28999
 -1.67272 0.476348 1.30571
 -1.33323 -0.254471 1.27626
 0.555461 0.0538421 -1.59243
regression_error on 'test' 0.0977581
classification_error on 'test' 0.184211
Save,1131,0.0977581,0.184211
sample_count 75 Sample index 65
 i 0:0.928809 i 1:0.410364 i 2:0.944758 i 3:0.792495 bias 1
 test_print 4.07643
net matrix:
 -2.25591 -0.148617 0.649482
outputs matrix:
 0.0108592 0.426234 0.785661
error matrix:
 -0.0108592 -0.426234 0.214339
delta matrix:
 -0.000233284 -0.208478 0.0721886
weights_delta matrix:
 -2.16676e-05 -0.0193636 0.00670494
 -9.57313e-06 -0.00855519 0.00296236
 -2.20397e-05 -0.0196961 0.00682007
 -1.84876e-05 -0.0165218 0.00572091
 -2.33284e-05 -0.0208478 0.00721886
weights matrix:
 -0.764881 -0.0461767 0.131502
 1.30599 -1.04647 -0.287028
 -1.67275 0.456651 1.31253
 -1.33325 -0.270993 1.28198
 0.555438 0.0329943 -1.58521
regression_error on 'test' 0.0969038
classification_error on 'test' 0.210526
Save,1132,0.0969038,0.210526
sample_count 75 Sample index 47
 i 0:0.282131 i 1:0.516233 i 2:0.158468 i 3:0.0989754 bias 1
 test_print 2.05581
net matrix:
 0.616799 -0.474711 -1.36141
outputs matrix:
 0.774448 0.279001 0.0616404
error matrix:
 0.225552 -0.279001 -0.0616404
delta matrix:
 0.0787983 -0.112247 -0.00713067
weights_delta matrix:
 0.00222315 -0.00316684 -0.000201178
 0.00406783 -0.00579458 -0.000368109
 0.0012487 -0.00177876 -0.000112998
 0.00077991 -0.00111097 -7.05761e-05
 0.00787983 -0.0112247 -0.000713067
weights matrix:
 -0.762658 -0.0493436 0.131301
 1.31005 -1.05226 -0.287396
 -1.6715 0.454873 1.31241
 -1.33247 -0.272104 1.28191
 0.563318 0.0217695 -1.58593
regression_error on 'test' 0.0967052
classification_error on 'test' 0.210526
Save,1133,0.0967052,0.210526
sample_count 75 Sample index 42
 i 0:0.651661 i 1:0.551523 i 2:0.702823 i 3:0.792495 bias 1
 test_print 3.6985
net matrix:
 -1.44189 -0.486678 0.279431
outputs matrix:
 0.0529608 0.274212 0.636189
error matrix:
 -0.0529608 -0.274212 0.363811
delta matrix:
 -0.00531261 -0.109147 0.16841
weights_delta matrix:
 -0.000346202 -0.0071127 0.0109746
 -0.000293002 -0.00601972 0.00928819
 -0.000373382 -0.00767112 0.0118362
 -0.000421021 -0.00864987 0.0133464
 -0.000531261 -0.0109147 0.016841
weights matrix:
 -0.763004 -0.0564563 0.142275
 1.30976 -1.05828 -0.278108
 -1.67187 0.447202 1.32425
 -1.33289 -0.280753 1.29525
 0.562787 0.0108548 -1.56909
regression_error on 'test' 0.0965096
classification_error on 'test' 0.210526
Save,1134,0.0965096,0.210526
sample_count 75 Sample index 3
 i 0:0.744044 i 1:0.516233 i 2:0.672581 i 3:0.60999 bias 1
 test_print 3.54285
net matrix:
 -1.2663 -0.447948 0.0739622
outputs matrix:
 0.0736043 0.289894 0.536914
error matrix:
 -0.0736043 0.710106 -0.536914
delta matrix:
 -0.0100377 0.292358 -0.266994
weights_delta matrix:
 -0.000746848 0.0217528 -0.0198655
 -0.000518178 0.0150925 -0.0137831
 -0.000675115 0.0196635 -0.0179575
 -0.000612289 0.0178336 -0.0162863
 -0.00100377 0.0292358 -0.0266994
weights matrix:
 -0.763751 -0.0347035 0.12241
 1.30924 -1.04319 -0.291891
 -1.67255 0.466865 1.30629
 -1.3335 -0.26292 1.27897
 0.561783 0.0400907 -1.59578
regression_error on 'test' 0.0972351
classification_error on 'test' 0.184211
Save,1135,0.0972351,0.184211
sample_count 75 Sample index 64
 i 0:0.282131 i 1:0.516233 i 2:0.158468 i 3:0.0989754 bias 1
 test_print 2.05581
net matrix:
 0.62515 -0.460268 -1.37834
outputs matrix:
 0.777352 0.284849 0.0597104
error matrix:
 0.222648 -0.284849 -0.0597104
delta matrix:
 0.0770701 -0.116053 -0.00670489
weights_delta matrix:
 0.00217439 -0.00327421 -0.000189166
 0.00397861 -0.00599104 -0.000346129
 0.00122131 -0.00183907 -0.000106251
 0.000762804 -0.00114864 -6.63619e-05
 0.00770701 -0.0116053 -0.000670489
weights matrix:
 -0.761576 -0.0379777 0.12222
 1.31322 -1.04918 -0.292237
 -1.67133 0.465026 1.30619
 -1.33274 -0.264069 1.2789
 0.56949 0.0284854 -1.59645
regression_error on 'test' 0.0969876
classification_error on 'test' 0.210526
Save,1136,0.0969876,0.210526
sample_count 75 Sample index 53
 i 0:0.489992 i 1:0.410364 i 2:0.702823 i 3:0.938499 bias 1
 test_print 3.54168
net matrix:
 -1.6902 -0.341666 0.461773
outputs matrix:
 0.0329138 0.335518 0.715764
error matrix:
 -0.0329138 -0.335518 0.284236
delta matrix:
 -0.00209532 -0.149605 0.115653
weights_delta matrix:
 -0.000102669 -0.0073305 0.00566692
 -8.59845e-05 -0.00613923 0.00474599
 -0.000147264 -0.0105146 0.00812838
 -0.000196646 -0.0140404 0.010854
 -0.000209532 -0.0149605 0.0115653
weights matrix:
 -0.761679 -0.0453082 0.127887
 1.31313 -1.05532 -0.287491
 -1.67147 0.454511 1.31431
 -1.33294 -0.278109 1.28975
 0.56928 0.0135249 -1.58489
regression_error on 'test' 0.0965342
classification_error on 'test' 0.210526
Save,1137,0.0965342,0.210526
sample_count 75 Sample index 54
 i 0:0.305227 i 1:0.622103 i 2:0.158468 i 3:0.135476 bias 1
 test_print 2.22127
net matrix:
 0.708245 -0.622473 -1.3417
outputs matrix:
 0.804787 0.223576 0.0639605
error matrix:
 0.195213 -0.223576 -0.0639605
delta matrix:
 0.0613376 -0.0776211 -0.00765856
weights_delta matrix:
 0.00187219 -0.00236921 -0.00023376
 0.00381583 -0.00482883 -0.000476442
 0.000972004 -0.00123005 -0.000121364
 0.000830977 -0.00105158 -0.000103755
 0.00613376 -0.00776211 -0.000765856
weights matrix:
 -0.759807 -0.0476774 0.127654
 1.31695 -1.06015 -0.287967
 -1.6705 0.453281 1.31419
 -1.3321 -0.27916 1.28965
 0.575414 0.00576281 -1.58566
regression_error on 'test' 0.0964286
classification_error on 'test' 0.210526
Save,1138,0.0964286,0.210526
sample_count 75 Sample index 27
 i 0:0.328323 i 1:0.622103 i 2:0.158468 i 3:0.135476 bias 1
 test_print 2.24437
net matrix:
 0.700042 -0.635401 -1.33991
outputs matrix:
 0.802197 0.21912 0.0641741
error matrix:
 0.197803 -0.21912 -0.0641741
delta matrix:
 0.0627735 -0.0749857 -0.00770805
weights_delta matrix:
 0.002061 -0.00246195 -0.000253073
 0.00390516 -0.00466488 -0.00047952
 0.000994758 -0.00118828 -0.000122148
 0.00085043 -0.00101588 -0.000104426
 0.00627735 -0.00749857 -0.000770805
weights matrix:
 -0.757746 -0.0501394 0.127401
 1.32086 -1.06481 -0.288447
 -1.66951 0.452093 1.31407
 -1.33125 -0.280176 1.28955
 0.581692 -0.00173576 -1.58643
regression_error on 'test' 0.0963457
classification_error on 'test' 0.210526
Save,1139,0.0963457,0.210526
sample_count 75 Sample index 47
 i 0:0.282131 i 1:0.516233 i 2:0.158468 i 3:0.0989754 bias 1
 test_print 2.05581
net matrix:
 0.653453 -0.521661 -1.36352
outputs matrix:
 0.786995 0.260509 0.0613969
error matrix:
 0.213005 -0.260509 -0.0613969
delta matrix:
 0.0714138 -0.100371 -0.00707627
weights_delta matrix:
 0.00201481 -0.00283178 -0.000199644
 0.00368662 -0.00518149 -0.000365301
 0.00113168 -0.00159056 -0.000112136
 0.000706821 -0.000993428 -7.00377e-05
 0.00714138 -0.0100371 -0.000707627
weights matrix:
 -0.755731 -0.0529712 0.127201
 1.32454 -1.06999 -0.288812
 -1.66837 0.450503 1.31396
 -1.33055 -0.28117 1.28948
 0.588833 -0.0117729 -1.58713
regression_error on 'test' 0.0962842
classification_error on 'test' 0.210526
Save,1140,0.0962842,0.210526
sample_count 75 Sample index 53
 i 0:0.489992 i 1:0.410364 i 2:0.702823 i 3:0.938499 bias 1
 test_print 3.54168
net matrix:
 -1.65921 -0.42407 0.490328
outputs matrix:
 0.0349444 0.299823 0.727238
error matrix:
 -0.0349444 -0.299823 0.272762
delta matrix:
 -0.00235688 -0.125883 0.108211
weights_delta matrix:
 -0.000115485 -0.00616819 0.00530228
 -9.67178e-05 -0.0051658 0.00444061
 -0.000165647 -0.00884738 0.00760535
 -0.000221193 -0.0118141 0.0101556
 -0.000235688 -0.0125883 0.0108211
weights matrix:
 -0.755847 -0.0591393 0.132503
 1.32445 -1.07516 -0.284372
 -1.66854 0.441655 1.32156
 -1.33077 -0.292984 1.29963
 0.588597 -0.0243612 -1.57631
regression_error on 'test' 0.0962307
classification_error on 'test' 0.210526
Save,1141,0.0962307,0.210526
sample_count 75 Sample index 65
 i 0:0.928809 i 1:0.410364 i 2:0.944758 i 3:0.792495 bias 1
 test_print 4.07643
net matrix:
 -2.20093 -0.335428 0.708572
outputs matrix:
 0.0121062 0.338305 0.80489
error matrix:
 -0.0121062 -0.338305 0.19511
delta matrix:
 -0.000289571 -0.151462 0.0612809
weights_delta matrix:
 -2.68956e-05 -0.014068 0.00569182
 -1.1883e-05 -0.00621547 0.00251475
 -2.73575e-05 -0.0143095 0.00578956
 -2.29484e-05 -0.0120033 0.00485648
 -2.89571e-05 -0.0151462 0.00612809
weights matrix:
 -0.755874 -0.0732073 0.138195
 1.32443 -1.08138 -0.281857
 -1.66857 0.427346 1.32735
 -1.33079 -0.304987 1.30449
 0.588568 -0.0395075 -1.57018
regression_error on 'test' 0.0963947
classification_error on 'test' 0.210526
Save,1142,0.0963947,0.210526
sample_count 75 Sample index 4
 i 0:0.212844 i 1:0.516233 i 2:0.158468 i 3:0.135476 bias 1
 test_print 2.02302
net matrix:
 0.666697 -0.586929 -1.2992
outputs matrix:
 0.791401 0.236158 0.0692409
error matrix:
 0.208599 -0.236158 -0.0692409
delta matrix:
 0.0688731 -0.0852001 -0.00892468
weights_delta matrix:
 0.00146592 -0.00181343 -0.000189956
 0.00355546 -0.00439831 -0.000460721
 0.00109142 -0.00135015 -0.000141428
 0.000933065 -0.00115426 -0.000120908
 0.00688731 -0.00852001 -0.000892468
weights matrix:
 -0.754408 -0.0750207 0.138005
 1.32799 -1.08577 -0.282318
 -1.66748 0.425995 1.32721
 -1.32986 -0.306142 1.30437
 0.595456 -0.0480275 -1.57108
regression_error on 'test' 0.0964434
classification_error on 'test' 0.210526
Save,1143,0.0964434,0.210526
sample_count 75 Sample index 42
 i 0:0.651661 i 1:0.551523 i 2:0.702823 i 3:0.792495 bias 1
 test_print 3.6985
net matrix:
 -1.38959 -0.638961 0.329651
outputs matrix:
 0.0584594 0.217904 0.659103
error matrix:
 -0.0584594 -0.217904 0.340897
delta matrix:
 -0.00643543 -0.0742713 0.153189
weights_delta matrix:
 -0.000419372 -0.00483997 0.00998276
 -0.000354929 -0.00409623 0.00844875
 -0.000452297 -0.00521996 0.0107665
 -0.000510005 -0.00588596 0.0121402
 -0.000643543 -0.00742713 0.0153189
weights matrix:
 -0.754827 -0.0798607 0.147988
 1.32763 -1.08987 -0.273869
 -1.66793 0.420776 1.33798
 -1.33037 -0.312027 1.31651
 0.594812 -0.0554546 -1.55576
regression_error on 'test' 0.0967631
classification_error on 'test' 0.236842
Save,1144,0.0967631,0.236842
sample_count 75 Sample index 45
 i 0:0.697853 i 1:0.586813 i 2:0.793548 i 3:0.975 bias 1
 test_print 4.05321
net matrix:
 -1.77356 -0.721057 0.732151
outputs matrix:
 0.0280007 0.191218 0.81219
error matrix:
 -0.0280007 -0.191218 0.18781
delta matrix:
 -0.00152417 -0.0591453 0.0572962
weights_delta matrix:
 -0.000106364 -0.00412747 0.00399843
 -8.94401e-05 -0.00347072 0.00336222
 -0.00012095 -0.00469346 0.00454673
 -0.000148606 -0.00576666 0.00558638
 -0.000152417 -0.00591453 0.00572962
weights matrix:
 -0.754933 -0.0839882 0.151986
 1.32754 -1.09334 -0.270507
 -1.66805 0.416082 1.34253
 -1.33052 -0.317794 1.32209
 0.59466 -0.0613691 -1.55003
regression_error on 'test' 0.0970282
classification_error on 'test' 0.236842
Save,1145,0.0970282,0.236842
sample_count 75 Sample index 43
 i 0:0.582374 i 1:0.198626 i 2:0.612097 i 3:0.60999 bias 1
 test_print 3.00309
net matrix:
 -1.41392 -0.266616 0.112975
outputs matrix:
 0.0558383 0.369763 0.556248
error matrix:
 -0.0558383 0.630237 -0.556248
delta matrix:
 -0.00588763 0.293739 -0.274604
weights_delta matrix:
 -0.00034288 0.0171066 -0.0159922
 -0.000116944 0.00583441 -0.00545436
 -0.00036038 0.0179797 -0.0168084
 -0.000359139 0.0179178 -0.0167506
 -0.000588763 0.0293739 -0.0274604
weights matrix:
 -0.755276 -0.0668816 0.135994
 1.32743 -1.08751 -0.275961
 -1.66841 0.434062 1.32572
 -1.33088 -0.299876 1.30534
 0.594071 -0.0319953 -1.57749
regression_error on 'test' 0.0962526
classification_error on 'test' 0.210526
Save,1146,0.0962526,0.210526
sample_count 75 Sample index 28
 i 0:0.305227 i 1:0.551523 i 2:0.113105 i 3:0.135476 bias 1
 test_print 2.10533
net matrix:
 0.72664 -0.643726 -1.36139
outputs matrix:
 0.810503 0.216285 0.0616424
error matrix:
 0.189497 -0.216285 -0.0616424
delta matrix:
 0.058209 -0.0733228 -0.00713111
weights_delta matrix:
 0.0017767 -0.00223801 -0.000217661
 0.00321036 -0.00404392 -0.000393297
 0.000658373 -0.000829318 -8.06564e-05
 0.000788593 -0.000993349 -9.66094e-05
 0.0058209 -0.00733228 -0.000713111
weights matrix:
 -0.7535 -0.0691196 0.135776
 1.33064 -1.09155 -0.276354
 -1.66775 0.433232 1.32564
 -1.33009 -0.30087 1.30525
 0.599892 -0.0393275 -1.5782
regression_error on 'test' 0.0962839
classification_error on 'test' 0.210526
Save,1147,0.0962839,0.210526
sample_count 75 Sample index 58
 i 0:0.282131 i 1:0.516233 i 2:0.158468 i 3:0.0989754 bias 1
 test_print 2.05581
net matrix:
 0.678294 -0.583448 -1.3433
outputs matrix:
 0.795205 0.237417 0.0637687
error matrix:
 0.204795 -0.237417 -0.0637687
delta matrix:
 0.0667035 -0.0859685 -0.00761426
weights_delta matrix:
 0.00188191 -0.00242544 -0.000214822
 0.00344346 -0.00443798 -0.000393073
 0.00105704 -0.00136233 -0.000120662
 0.000660201 -0.000850877 -7.53625e-05
 0.00667035 -0.00859685 -0.000761426
weights matrix:
 -0.751618 -0.0715451 0.135562
 1.33408 -1.09599 -0.276747
 -1.66669 0.43187 1.32552
 -1.32943 -0.301721 1.30517
 0.606562 -0.0479244 -1.57896
regression_error on 'test' 0.0963426
classification_error on 'test' 0.210526
Save,1148,0.0963426,0.210526
sample_count 75 Sample index 51
 i 0:0.628566 i 1:0.516233 i 2:0.763306 i 3:0.719493 bias 1
 test_print 3.6276
net matrix:
 -1.40589 -0.546117 0.314216
outputs matrix:
 0.0566906 0.251198 0.652134
error matrix:
 -0.0566906 -0.251198 0.347866
delta matrix:
 -0.00606325 -0.0944993 0.157831
weights_delta matrix:
 -0.000381115 -0.0059399 0.0099207
 -0.000313005 -0.00487836 0.00814774
 -0.000462812 -0.00721319 0.0120473
 -0.000436247 -0.00679916 0.0113558
 -0.000606325 -0.00944993 0.0157831
weights matrix:
 -0.751999 -0.077485 0.145482
 1.33377 -1.10087 -0.2686
 -1.66716 0.424657 1.33756
 -1.32986 -0.30852 1.31653
 0.605956 -0.0573743 -1.56318
regression_error on 'test' 0.0966644
classification_error on 'test' 0.236842
Save,1149,0.0966644,0.236842
sample_count 75 Sample index 41
 i 0:0.674757 i 1:0.445654 i 2:0.627218 i 3:0.536988 bias 1
 test_print 3.28462
net matrix:
 -1.06685 -0.499582 -0.0388149
outputs matrix:
 0.105864 0.269106 0.480602
error matrix:
 -0.105864 0.730894 -0.480602
delta matrix:
 -0.0200414 0.287516 -0.239939
weights_delta matrix:
 -0.00135231 0.0194003 -0.0161901
 -0.000893153 0.0128133 -0.010693
 -0.00125703 0.0180335 -0.0150494
 -0.0010762 0.0154393 -0.0128845
 -0.00200414 0.0287516 -0.0239939
weights matrix:
 -0.753351 -0.0580846 0.129292
 1.33288 -1.08805 -0.279293
 -1.66841 0.44269 1.32251
 -1.33094 -0.29308 1.30364
 0.603952 -0.0286227 -1.58717
regression_error on 'test' 0.0961097
classification_error on 'test' 0.210526
Save,1150,0.0961097,0.210526
sample_count 75 Sample index 27
 i 0:0.328323 i 1:0.622103 i 2:0.158468 i 3:0.135476 bias 1
 test_print 2.24437
net matrix:
 0.741094 -0.694128 -1.33229
outputs matrix:
 0.814903 0.199686 0.0650966
error matrix:
 0.185097 -0.199686 -0.0650966
delta matrix:
 0.0558386 -0.0638245 -0.00792344
weights_delta matrix:
 0.00183331 -0.0020955 -0.000260145
 0.00347374 -0.00397054 -0.00049292
 0.000884864 -0.00101141 -0.000125561
 0.000756479 -0.000864669 -0.000107344
 0.00558386 -0.00638245 -0.000792344
weights matrix:
 -0.751518 -0.0601801 0.129032
 1.33635 -1.09202 -0.279785
 -1.66753 0.441679 1.32239
 -1.33018 -0.293945 1.30354
 0.609536 -0.0350052 -1.58797
regression_error on 'test' 0.0961266
classification_error on 'test' 0.210526
Save,1151,0.0961266,0.210526
sample_count 75 Sample index 59
 i 0:0.60547 i 1:0.233915 i 2:0.596976 i 3:0.536988 bias 1
 test_print 2.97335
net matrix:
 -1.24266 -0.221056 -0.085871
outputs matrix:
 0.0768936 0.391238 0.45717
error matrix:
 -0.0768936 0.608762 -0.45717
delta matrix:
 -0.010916 0.289979 -0.226908
weights_delta matrix:
 -0.000660929 0.0175573 -0.0137386
 -0.000255341 0.00678304 -0.00530771
 -0.000651657 0.017311 -0.0135458
 -0.000586174 0.0155715 -0.0121847
 -0.0010916 0.0289979 -0.0226908
weights matrix:
 -0.752179 -0.0426228 0.115293
 1.33609 -1.08524 -0.285093
 -1.66818 0.45899 1.30884
 -1.33077 -0.278374 1.29135
 0.608444 -0.00600729 -1.61066
regression_error on 'test' 0.0962749
classification_error on 'test' 0.210526
Save,1152,0.0962749,0.210526
sample_count 75 Sample index 38
 i 0:0.397609 i 1:0.798551 i 2:0.128226 i 3:0.208478 bias 1
 test_print 2.53286
net matrix:
 0.88497 -0.888755 -1.35543
outputs matrix:
 0.85445 0.144611 0.0623354
error matrix:
 0.14555 -0.144611 -0.0623354
delta matrix:
 0.0362026 -0.0357763 -0.00728697
weights_delta matrix:
 0.00143945 -0.0014225 -0.000289736
 0.00289097 -0.00285692 -0.000581902
 0.000464212 -0.000458745 -9.34379e-05
 0.000754745 -0.000745857 -0.000151917
 0.00362026 -0.00357763 -0.000728697
weights matrix:
 -0.750739 -0.0440453 0.115004
 1.33898 -1.0881 -0.285675
 -1.66772 0.458531 1.30875
 -1.33002 -0.279119 1.2912
 0.612064 -0.00958492 -1.61139
regression_error on 'test' 0.0962572
classification_error on 'test' 0.210526
Save,1153,0.0962572,0.210526
sample_count 75 Sample index 49
 i 0:0.397609 i 1:0.480944 i 2:0.612097 i 3:0.60999 bias 1
 test_print 3.10064
net matrix:
 -0.87456 -0.440006 -0.114354
outputs matrix:
 0.148158 0.293175 0.443071
error matrix:
 -0.148158 0.706825 -0.443071
delta matrix:
 -0.0373974 0.292941 -0.218664
weights_delta matrix:
 -0.00148695 0.0116476 -0.00869426
 -0.0017986 0.0140888 -0.0105165
 -0.00228908 0.0179309 -0.0133843
 -0.0022812 0.0178691 -0.0133383
 -0.00373974 0.0292941 -0.0218664
weights matrix:
 -0.752226 -0.0323977 0.106309
 1.33719 -1.07401 -0.296192
 -1.67001 0.476462 1.29536
 -1.3323 -0.26125 1.27786
 0.608324 0.0197092 -1.63325
regression_error on 'test' 0.0971106
classification_error on 'test' 0.184211
Save,1154,0.0971106,0.184211
sample_count 75 Sample index 41
 i 0:0.674757 i 1:0.445654 i 2:0.627218 i 3:0.536988 bias 1
 test_print 3.28462
net matrix:
 -1.06621 -0.32223 -0.194847
outputs matrix:
 0.105986 0.344239 0.403791
error matrix:
 -0.105986 0.655761 -0.403791
delta matrix:
 -0.020085 0.296061 -0.19442
weights_delta matrix:
 -0.00135525 0.0199769 -0.0131187
 -0.000895094 0.0131941 -0.00866442
 -0.00125976 0.0185695 -0.0121944
 -0.00107854 0.0158981 -0.0104401
 -0.0020085 0.0296061 -0.019442
weights matrix:
 -0.753581 -0.0124207 0.0931908
 1.33629 -1.06081 -0.304856
 -1.67127 0.495032 1.28317
 -1.33337 -0.245352 1.26742
 0.606316 0.0493153 -1.65269
regression_error on 'test' 0.0987981
classification_error on 'test' 0.157895
Save,1155,0.0987981,0.157895
sample_count 75 Sample index 36
 i 0:0.744044 i 1:0.516233 i 2:0.702823 i 3:0.901998 bias 1
 test_print 3.8651
net matrix:
 -1.64185 -0.380942 0.304319
outputs matrix:
 0.0361347 0.318238 0.64763
error matrix:
 -0.0361347 -0.318238 0.35237
delta matrix:
 -0.00251707 -0.138091 0.160825
weights_delta matrix:
 -0.000187281 -0.0102746 0.0119661
 -0.000129939 -0.00712872 0.00830234
 -0.000176905 -0.00970537 0.0113032
 -0.000227039 -0.0124558 0.0145064
 -0.000251707 -0.0138091 0.0160825
weights matrix:
 -0.753769 -0.0226953 0.105157
 1.33616 -1.06794 -0.296554
 -1.67144 0.485326 1.29447
 -1.3336 -0.257808 1.28193
 0.606064 0.0355062 -1.63661
regression_error on 'test' 0.0974289
classification_error on 'test' 0.157895
Save,1156,0.0974289,0.157895
sample_count 75 Sample index 53
 i 0:0.489992 i 1:0.410364 i 2:0.702823 i 3:0.938499 bias 1
 test_print 3.54168
net matrix:
 -1.64128 -0.314714 0.406092
outputs matrix:
 0.0361747 0.34764 0.692575
error matrix:
 -0.0361747 -0.34764 0.307425
delta matrix:
 -0.00252253 -0.15768 0.130911
weights_delta matrix:
 -0.000123602 -0.0077262 0.00641453
 -0.000103516 -0.00647063 0.00537212
 -0.00017729 -0.0110821 0.00920072
 -0.00023674 -0.0147983 0.012286
 -0.000252253 -0.015768 0.0130911
weights matrix:
 -0.753892 -0.0304215 0.111571
 1.33606 -1.07441 -0.291182
 -1.67162 0.474244 1.30367
 -1.33384 -0.272606 1.29421
 0.605812 0.0197382 -1.62352
regression_error on 'test' 0.0965834
classification_error on 'test' 0.210526
Save,1157,0.0965834,0.210526
sample_count 75 Sample index 48
 i 0:0.744044 i 1:0.516233 i 2:0.748185 i 3:0.828996 bias 1
 test_print 3.83746
net matrix:
 -1.62183 -0.428712 0.357462
outputs matrix:
 0.0375556 0.297878 0.671488
error matrix:
 -0.0375556 -0.297878 0.328512
delta matrix:
 -0.0027149 -0.1246 0.144934
weights_delta matrix:
 -0.000202001 -0.00927081 0.0107837
 -0.000140152 -0.00643228 0.00748197
 -0.000203125 -0.0093224 0.0108437
 -0.000225064 -0.0103293 0.012015
 -0.00027149 -0.01246 0.0144934
weights matrix:
 -0.754094 -0.0396923 0.122355
 1.33592 -1.08085 -0.2837
 -1.67182 0.464922 1.31452
 -1.33406 -0.282936 1.30623
 0.605541 0.00727816 -1.60903
regression_error on 'test' 0.0960668
classification_error on 'test' 0.210526
Save,1158,0.0960668,0.210526
sample_count 75 Sample index 7
 i 0:0.651661 i 1:0.410364 i 2:0.627218 i 3:0.60999 bias 1
 test_print 3.29923
net matrix:
 -1.20002 -0.343109 -0.0244385
outputs matrix:
 0.0831691 0.334875 0.487783
error matrix:
 -0.0831691 0.665125 -0.487783
delta matrix:
 -0.0126836 0.296292 -0.243746
weights_delta matrix:
 -0.000826543 0.0193082 -0.015884
 -0.00052049 0.0121587 -0.0100025
 -0.00079554 0.0185839 -0.0152882
 -0.000773689 0.0180735 -0.0148683
 -0.00126836 0.0296292 -0.0243746
weights matrix:
 -0.754921 -0.0203842 0.106471
 1.3354 -1.06869 -0.293702
 -1.67262 0.483506 1.29923
 -1.33484 -0.264862 1.29136
 0.604272 0.0369073 -1.6334
regression_error on 'test' 0.0971292
classification_error on 'test' 0.157895
Save,1159,0.0971292,0.157895
sample_count 75 Sample index 3
 i 0:0.744044 i 1:0.516233 i 2:0.672581 i 3:0.60999 bias 1
 test_print 3.54285
net matrix:
 -1.20725 -0.366318 -0.0442481
outputs matrix:
 0.082073 0.324617 0.47789
error matrix:
 -0.082073 0.675383 -0.47789
delta matrix:
 -0.0123663 0.296143 -0.238478
weights_delta matrix:
 -0.000920104 0.0220343 -0.0177438
 -0.000638387 0.0152879 -0.012311
 -0.000831731 0.019918 -0.0160396
 -0.00075433 0.0180644 -0.0145469
 -0.00123663 0.0296143 -0.0238478
weights matrix:
 -0.755841 0.00165018 0.0887274
 1.33476 -1.0534 -0.306013
 -1.67345 0.503424 1.28319
 -1.33559 -0.246798 1.27681
 0.603036 0.0665216 -1.65725
regression_error on 'test' 0.099374
classification_error on 'test' 0.157895
Save,1160,0.099374,0.157895
sample_count 75 Sample index 31
 i 0:0.559279 i 1:0.339785 i 2:0.778427 i 3:0.573489 bias 1
 test_print 3.25098
net matrix:
 -1.43476 -0.0401422 0.0195024
outputs matrix:
 0.0536805 0.47994 0.50975
error matrix:
 -0.0536805 -0.47994 0.49025
delta matrix:
 -0.00545383 -0.239584 0.245032
weights_delta matrix:
 -0.000305021 -0.0133994 0.0137041
 -0.000185313 -0.00814069 0.00832581
 -0.000424541 -0.0186498 0.0190739
 -0.000312771 -0.0137399 0.0140523
 -0.000545383 -0.0239584 0.0245032
weights matrix:
 -0.756146 -0.0117492 0.102431
 1.33457 -1.06154 -0.297687
 -1.67387 0.484774 1.30226
 -1.3359 -0.260538 1.29087
 0.60249 0.0425633 -1.63275
regression_error on 'test' 0.0973822
classification_error on 'test' 0.157895
Save,1161,0.0973822,0.157895
sample_count 75 Sample index 19
 i 0:0.674757 i 1:0.480944 i 2:0.596976 i 3:0.573489 bias 1
 test_print 3.32617
net matrix:
 -1.03126 -0.335923 -0.189084
outputs matrix:
 0.112794 0.338083 0.406569
error matrix:
 -0.112794 0.661917 -0.406569
delta matrix:
 -0.0225748 0.296251 -0.196186
weights_delta matrix:
 -0.00152325 0.0199898 -0.0132378
 -0.00108572 0.014248 -0.00943546
 -0.00134766 0.0176855 -0.0117118
 -0.00129464 0.0169897 -0.0112511
 -0.00225748 0.0296251 -0.0196186
weights matrix:
 -0.757669 0.00824054 0.0891937
 1.33349 -1.04729 -0.307123
 -1.67522 0.502459 1.29055
 -1.3372 -0.243548 1.27961
 0.600233 0.0721884 -1.65237
regression_error on 'test' 0.0994407
classification_error on 'test' 0.157895
Save,1162,0.0994407,0.157895
sample_count 75 Sample index 68
 i 0:0.305227 i 1:0.657392 i 2:0.173589 i 3:0.281481 bias 1
 test_print 2.41769
net matrix:
 0.5784 -0.595111 -1.24283
outputs matrix:
 0.760751 0.233219 0.0768698
error matrix:
 0.239249 -0.233219 -0.0768698
delta matrix:
 0.0870912 -0.0834123 -0.0109095
weights_delta matrix:
 0.00265826 -0.00254597 -0.000332987
 0.0057253 -0.00548346 -0.000717182
 0.00151181 -0.00144795 -0.000189377
 0.00245145 -0.0023479 -0.000307082
 0.00870912 -0.00834123 -0.00109095
weights matrix:
 -0.755011 0.00569457 0.0888607
 1.33921 -1.05278 -0.30784
 -1.67371 0.501011 1.29036
 -1.33475 -0.245896 1.27931
 0.608942 0.0638472 -1.65346
regression_error on 'test' 0.0991101
classification_error on 'test' 0.157895
Save,1163,0.0991101,0.157895
sample_count 75 Sample index 55
 i 0:0.628566 i 1:0.551523 i 2:0.612097 i 3:0.60999 bias 1
 test_print 3.40218
net matrix:
 -0.965681 -0.35653 -0.197191
outputs matrix:
 0.1266 0.328923 0.402663
error matrix:
 -0.1266 0.671077 -0.402663
delta matrix:
 -0.0279969 0.296257 -0.193701
weights_delta matrix:
 -0.00175979 0.0186217 -0.0121754
 -0.00154409 0.0163393 -0.0106831
 -0.00171368 0.0181338 -0.0118564
 -0.00170778 0.0180714 -0.0118156
 -0.00279969 0.0296257 -0.0193701
weights matrix:
 -0.756771 0.0243163 0.0766853
 1.33767 -1.03644 -0.318523
 -1.67542 0.519145 1.27851
 -1.33646 -0.227824 1.26749
 0.606142 0.0934729 -1.67283
regression_error on 'test' 0.102049
classification_error on 'test' 0.0789474
Save,1164,0.102049,0.0789474
sample_count 75 Sample index 61
 i 0:0.697853 i 1:0.480944 i 2:0.687702 i 3:0.682992 bias 1
 test_print 3.54949
net matrix:
 -1.34361 -0.186611 -0.0275855
outputs matrix:
 0.0637318 0.407763 0.486211
error matrix:
 -0.0637318 0.592237 -0.486211
delta matrix:
 -0.00760575 0.286041 -0.24292
weights_delta matrix:
 -0.00053077 0.0199615 -0.0169523
 -0.000365794 0.013757 -0.0116831
 -0.000523049 0.0196711 -0.0167057
 -0.000519467 0.0195364 -0.0165913
 -0.000760575 0.0286041 -0.024292
weights matrix:
 -0.757302 0.0442778 0.059733
 1.3373 -1.02268 -0.330206
 -1.67595 0.538816 1.2618
 -1.33697 -0.208288 1.2509
 0.605382 0.122077 -1.69712
regression_error on 'test' 0.106554
classification_error on 'test' 0.105263
Save,1165,0.106554,0.105263
sample_count 75 Sample index 71
 i 0:0.143558 i 1:0.480944 i 2:0.0979839 i 3:0.0989754 bias 1
 test_print 1.82146
net matrix:
 0.843289 -0.331238 -1.59991
outputs matrix:
 0.843774 0.340183 0.0391725
error matrix:
 0.156226 -0.340183 -0.0391725
delta matrix:
 0.0411874 -0.152714 -0.00294875
weights_delta matrix:
 0.000591278 -0.00219234 -4.23317e-05
 0.00198088 -0.0073447 -0.000141819
 0.00040357 -0.00149635 -2.8893e-05
 0.000407654 -0.0015115 -2.91854e-05
 0.00411874 -0.0152714 -0.000294875
weights matrix:
 -0.75671 0.0420854 0.0596907
 1.33928 -1.03002 -0.330348
 -1.67554 0.53732 1.26177
 -1.33657 -0.209799 1.25087
 0.6095 0.106806 -1.69741
regression_error on 'test' 0.105703
classification_error on 'test' 0.0789474
Save,1166,0.105703,0.0789474
sample_count 75 Sample index 45
 i 0:0.697853 i 1:0.586813 i 2:0.793548 i 3:0.975 bias 1
 test_print 4.05321
net matrix:
 -1.76544 -0.246422 0.371265
outputs matrix:
 0.0284463 0.379224 0.677549
error matrix:
 -0.0284463 -0.379224 0.322451
delta matrix:
 -0.00157234 -0.178549 0.140896
weights_delta matrix:
 -0.000109726 -0.0124601 0.00983247
 -9.22671e-05 -0.0104775 0.00826796
 -0.000124773 -0.0141687 0.0111808
 -0.000153303 -0.0174085 0.0137374
 -0.000157234 -0.0178549 0.0140896
weights matrix:
 -0.75682 0.0296254 0.0695231
 1.33919 -1.0405 -0.32208
 -1.67567 0.523151 1.27295
 -1.33672 -0.227208 1.26461
 0.609343 0.0889508 -1.68332
regression_error on 'test' 0.102626
classification_error on 'test' 0.0789474
Save,1167,0.102626,0.0789474
sample_count 75 Sample index 16
 i 0:0.60547 i 1:0.304495 i 2:0.687702 i 3:0.755994 bias 1
 test_print 3.35366
net matrix:
 -1.60402 -0.0219353 0.0921467
outputs matrix:
 0.0388639 0.489034 0.545943
error matrix:
 -0.0388639 -0.489034 0.454057
delta matrix:
 -0.00290341 -0.244399 0.225111
weights_delta matrix:
 -0.000175793 -0.0147977 0.0136298
 -8.84074e-05 -0.00744184 0.00685453
 -0.000199668 -0.0168074 0.015481
 -0.000219496 -0.0184765 0.0170183
 -0.000290341 -0.0244399 0.0225111
weights matrix:
 -0.756996 0.0148277 0.083153
 1.3391 -1.04794 -0.315225
 -1.67587 0.506344 1.28843
 -1.33694 -0.245684 1.28163
 0.609053 0.0645108 -1.66081
regression_error on 'test' 0.0996
classification_error on 'test' 0.157895
Save,1168,0.0996,0.157895
sample_count 75 Sample index 28
 i 0:0.305227 i 1:0.551523 i 2:0.113105 i 3:0.135476 bias 1
 test_print 2.10533
net matrix:
 0.745871 -0.484943 -1.48993
outputs matrix:
 0.81634 0.274903 0.0483442
error matrix:
 0.18366 -0.274903 -0.0483442
delta matrix:
 0.0550721 -0.109594 -0.00444835
weights_delta matrix:
 0.00168095 -0.0033451 -0.000135776
 0.00303735 -0.00604435 -0.000245337
 0.000622893 -0.00123956 -5.03131e-05
 0.000746095 -0.00148473 -6.02645e-05
 0.00550721 -0.0109594 -0.000444835
weights matrix:
 -0.755315 0.0114826 0.0830172
 1.34214 -1.05399 -0.315471
 -1.67524 0.505104 1.28838
 -1.33619 -0.247169 1.28157
 0.61456 0.0535514 -1.66126
regression_error on 'test' 0.0992296
classification_error on 'test' 0.157895
Save,1169,0.0992296,0.157895
sample_count 75 Sample index 49
 i 0:0.397609 i 1:0.480944 i 2:0.612097 i 3:0.60999 bias 1
 test_print 3.10064
net matrix:
 -0.880743 -0.29039 -0.209615
outputs matrix:
 0.146604 0.358753 0.396701
error matrix:
 -0.146604 0.641247 -0.396701
delta matrix:
 -0.0366838 0.295037 -0.189884
weights_delta matrix:
 -0.00145858 0.0117309 -0.00754997
 -0.00176429 0.0141896 -0.00913238
 -0.0022454 0.0180591 -0.0116228
 -0.00223768 0.017997 -0.0115828
 -0.00366838 0.0295037 -0.0189884
weights matrix:
 -0.756773 0.0232136 0.0754672
 1.34038 -1.0398 -0.324603
 -1.67749 0.523163 1.27676
 -1.33843 -0.229172 1.26998
 0.610891 0.0830551 -1.68025
regression_error on 'test' 0.101919
classification_error on 'test' 0.0789474
Save,1170,0.101919,0.0789474
sample_count 75 Sample index 40
 i 0:0.328323 i 1:0.763262 i 2:0.158468 i 3:0.171977 bias 1
 test_print 2.42203
net matrix:
 0.889476 -0.65947 -1.48249
outputs matrix:
 0.855567 0.210995 0.0490331
error matrix:
 0.144433 -0.210995 -0.0490331
delta matrix:
 0.0356956 -0.0702511 -0.00457271
weights_delta matrix:
 0.00117197 -0.00230651 -0.000150133
 0.00272451 -0.005362 -0.000349018
 0.000565661 -0.00111326 -7.24629e-05
 0.000613882 -0.00120816 -7.86401e-05
 0.00356956 -0.00702511 -0.000457271
weights matrix:
 -0.755601 0.0209071 0.0753171
 1.3431 -1.04516 -0.324952
 -1.67692 0.52205 1.27669
 -1.33782 -0.23038 1.2699
 0.614461 0.07603 -1.6807
regression_error on 'test' 0.101577
classification_error on 'test' 0.0789474
Save,1171,0.101577,0.0789474
sample_count 75 Sample index 6
 i 0:0.305227 i 1:0.657392 i 2:0.128226 i 3:0.171977 bias 1
 test_print 2.26282
net matrix:
 0.821676 -0.577349 -1.48924
outputs matrix:
 0.83799 0.239632 0.0484079
error matrix:
 0.16201 -0.239632 -0.0484079
delta matrix:
 0.0439896 -0.0873261 -0.00445978
weights_delta matrix:
 0.00134268 -0.00266543 -0.000136125
 0.00289184 -0.00574075 -0.000293183
 0.000564061 -0.00111975 -5.7186e-05
 0.00075652 -0.00150181 -7.6698e-05
 0.00439896 -0.00873261 -0.000445978
weights matrix:
 -0.754259 0.0182416 0.075181
 1.34599 -1.0509 -0.325245
 -1.67636 0.52093 1.27663
 -1.33706 -0.231882 1.26983
 0.61886 0.0672974 -1.68115
regression_error on 'test' 0.101201
classification_error on 'test' 0.105263
Save,1172,0.101201,0.105263
sample_count 75 Sample index 39
 i 0:0.397609 i 1:0.622103 i 2:0.18871 i 3:0.135476 bias 1
 test_print 2.3439
net matrix:
 0.65882 -0.512328 -1.44065
outputs matrix:
 0.788789 0.264121 0.0530859
error matrix:
 0.211211 -0.264121 -0.0530859
delta matrix:
 0.0703759 -0.10267 -0.00533702
weights_delta matrix:
 0.00279821 -0.00408225 -0.000212205
 0.00437811 -0.00638713 -0.000332018
 0.00132806 -0.00193748 -0.000100715
 0.000953425 -0.00139093 -7.23038e-05
 0.00703759 -0.010267 -0.000533702
weights matrix:
 -0.751461 0.0141594 0.0749688
 1.35037 -1.05729 -0.325577
 -1.67503 0.518993 1.27653
 -1.33611 -0.233273 1.26976
 0.625898 0.0570304 -1.68168
regression_error on 'test' 0.100786
classification_error on 'test' 0.131579
Save,1173,0.100786,0.131579
sample_count 75 Sample index 44
 i 0:0.536183 i 1:0.375074 i 2:0.702823 i 3:0.646491 bias 1
 test_print 3.26057
net matrix:
 -1.31157 -0.117988 -0.0455413
outputs matrix:
 0.0676644 0.441278 0.477245
error matrix:
 -0.0676644 0.558722 -0.477245
delta matrix:
 -0.00853733 0.275508 -0.238128
weights_delta matrix:
 -0.000457757 0.0147722 -0.012768
 -0.000320213 0.0103336 -0.00893157
 -0.000600023 0.0193633 -0.0167362
 -0.000551931 0.0178113 -0.0153948
 -0.000853733 0.0275508 -0.0238128
weights matrix:
 -0.751918 0.0289316 0.0622007
 1.35005 -1.04695 -0.334509
 -1.67563 0.538356 1.25979
 -1.33666 -0.215462 1.25436
 0.625044 0.0845812 -1.7055
regression_error on 'test' 0.104402
classification_error on 'test' 0.0789474
Save,1174,0.104402,0.0789474
sample_count 75 Sample index 25
 i 0:0.628566 i 1:0.410364 i 2:0.778427 i 3:0.865497 bias 1
 test_print 3.68285
net matrix:
 -1.75481 -0.0942764 0.262634
outputs matrix:
 0.0290399 0.453001 0.628379
error matrix:
 -0.0290399 -0.453001 0.371621
delta matrix:
 -0.00163766 -0.224499 0.173561
weights_delta matrix:
 -0.000102937 -0.0141113 0.0109095
 -6.72035e-05 -0.00921264 0.00712232
 -0.00012748 -0.0174756 0.0135105
 -0.000141739 -0.0194303 0.0150217
 -0.000163766 -0.0224499 0.0173561
weights matrix:
 -0.752021 0.0148204 0.0731102
 1.34998 -1.05617 -0.327387
 -1.67576 0.520881 1.2733
 -1.3368 -0.234892 1.26938
 0.62488 0.0621312 -1.68814
regression_error on 'test' 0.101201
classification_error on 'test' 0.105263
Save,1175,0.101201,0.105263
sample_count 75 Sample index 61
 i 0:0.697853 i 1:0.480944 i 2:0.687702 i 3:0.682992 bias 1
 test_print 3.54949
net matrix:
 -1.3161 -0.237702 -0.0519421
outputs matrix:
 0.0670944 0.383338 0.474052
error matrix:
 -0.0670944 0.616662 -0.474052
delta matrix:
 -0.00839924 0.291545 -0.236388
weights_delta matrix:
 -0.000586144 0.0203456 -0.0164964
 -0.000403957 0.0140217 -0.0113689
 -0.000577618 0.0200496 -0.0162564
 -0.000573662 0.0199123 -0.0161451
 -0.000839924 0.0291545 -0.0236388
weights matrix:
 -0.752607 0.035166 0.0566138
 1.34958 -1.04215 -0.338756
 -1.67634 0.54093 1.25705
 -1.33738 -0.21498 1.25324
 0.62404 0.0912858 -1.71178
regression_error on 'test' 0.105377
classification_error on 'test' 0.0789474
Save,1176,0.105377,0.0789474
sample_count 75 Sample index 65
 i 0:0.928809 i 1:0.410364 i 2:0.944758 i 3:0.792495 bias 1
 test_print 4.07643
net matrix:
 -2.16477 0.036967 0.382582
outputs matrix:
 0.0130024 0.518475 0.682474
error matrix:
 -0.0130024 -0.518475 0.317526
delta matrix:
 -0.00033373 -0.258884 0.137618
weights_delta matrix:
 -3.09971e-05 -0.0240453 0.0127821
 -1.36951e-05 -0.0106237 0.00564734
 -3.15294e-05 -0.0244582 0.0130016
 -2.64479e-05 -0.0205164 0.0109061
 -3.3373e-05 -0.0258884 0.0137618
weights matrix:
 -0.752638 0.0111206 0.0693959
 1.34957 -1.05277 -0.333108
 -1.67637 0.516472 1.27005
 -1.3374 -0.235496 1.26414
 0.624007 0.0653974 -1.69802
regression_error on 'test' 0.10178
classification_error on 'test' 0.0789474
Save,1177,0.10178,0.0789474
sample_count 75 Sample index 30
 i 0:0.559279 i 1:0.410364 i 2:0.642339 i 3:0.500487 bias 1
 test_print 3.11247
net matrix:
 -0.989264 -0.146514 -0.347411
outputs matrix:
 0.121476 0.427263 0.332961
error matrix:
 -0.121476 0.572737 -0.332961
delta matrix:
 -0.0259277 0.280308 -0.1479
weights_delta matrix:
 -0.00145008 0.0156771 -0.00827174
 -0.00106398 0.0115028 -0.00606929
 -0.00166544 0.0180053 -0.0095002
 -0.00129765 0.0140291 -0.00740221
 -0.00259277 0.0280308 -0.01479
weights matrix:
 -0.754088 0.0267977 0.0611241
 1.3485 -1.04127 -0.339177
 -1.67803 0.534477 1.26055
 -1.3387 -0.221467 1.25674
 0.621414 0.0934283 -1.71281
regression_error on 'test' 0.104713
classification_error on 'test' 0.0789474
Save,1178,0.104713,0.0789474
sample_count 75 Sample index 44
 i 0:0.536183 i 1:0.375074 i 2:0.702823 i 3:0.646491 bias 1
 test_print 3.26057
net matrix:
 -1.32195 -0.0502888 -0.108835
outputs matrix:
 0.0663665 0.474877 0.445797
error matrix:
 -0.0663665 0.525123 -0.445797
delta matrix:
 -0.00822441 0.261899 -0.220279
weights_delta matrix:
 -0.000440979 0.0140426 -0.011811
 -0.000308476 0.00982314 -0.00826208
 -0.00057803 0.0184068 -0.0154817
 -0.0005317 0.0169315 -0.0142408
 -0.000822441 0.0261899 -0.0220279
weights matrix:
 -0.754529 0.0408402 0.0493131
 1.34819 -1.03144 -0.34744
 -1.67861 0.552884 1.24507
 -1.33923 -0.204536 1.2425
 0.620592 0.119618 -1.73483
regression_error on 'test' 0.109142
classification_error on 'test' 0.0789474
Save,1179,0.109142,0.0789474
sample_count 75 Sample index 18
 i 0:0.513088 i 1:0.480944 i 2:0.566734 i 3:0.60999 bias 1
 test_print 3.17076
net matrix:
 -0.886387 -0.16692 -0.413096
outputs matrix:
 0.145198 0.417307 0.304451
error matrix:
 -0.145198 0.582693 -0.304451
delta matrix:
 -0.0360425 0.283378 -0.128941
weights_delta matrix:
 -0.0018493 0.0145398 -0.00661582
 -0.00173344 0.0136289 -0.00620135
 -0.00204265 0.01606 -0.00730754
 -0.00219856 0.0172857 -0.00786529
 -0.00360425 0.0283378 -0.0128941
weights matrix:
 -0.756379 0.05538 0.0426973
 1.34646 -1.01781 -0.353641
 -1.68066 0.568944 1.23776
 -1.34143 -0.18725 1.23464
 0.616987 0.147956 -1.74773
regression_error on 'test' 0.113482
classification_error on 'test' 0.131579
Save,1180,0.113482,0.131579
sample_count 75 Sample index 49
 i 0:0.397609 i 1:0.480944 i 2:0.612097 i 3:0.60999 bias 1
 test_print 3.10064
net matrix:
 -0.883166 -0.0855078 -0.390089
outputs matrix:
 0.145999 0.45735 0.314282
error matrix:
 -0.145999 0.54265 -0.314282
delta matrix:
 -0.0364073 0.269351 -0.135461
weights_delta matrix:
 -0.00144759 0.0107096 -0.00538604
 -0.00175099 0.0129543 -0.00651491
 -0.00222848 0.0164869 -0.00829151
 -0.00222081 0.0164301 -0.00826297
 -0.00364073 0.0269351 -0.0135461
weights matrix:
 -0.757826 0.0660896 0.0373113
 1.34471 -1.00486 -0.360156
 -1.68288 0.585431 1.22947
 -1.34365 -0.17082 1.22637
 0.613347 0.174891 -1.76127
regression_error on 'test' 0.118329
classification_error on 'test' 0.184211
Save,1181,0.118329,0.184211
sample_count 75 Sample index 71
 i 0:0.143558 i 1:0.480944 i 2:0.0979839 i 3:0.0989754 bias 1
 test_print 1.82146
net matrix:
 0.8534 -0.258447 -1.68728
outputs matrix:
 0.846421 0.373579 0.0330998
error matrix:
 0.153579 -0.373579 -0.0330998
delta matrix:
 0.0399283 -0.174848 -0.00211866
weights_delta matrix:
 0.000573202 -0.00251008 -3.04151e-05
 0.00192033 -0.00840921 -0.000101896
 0.000391233 -0.00171323 -2.07595e-05
 0.000395192 -0.00173057 -2.09695e-05
 0.00399283 -0.0174848 -0.000211866
weights matrix:
 -0.757253 0.0635795 0.0372809
 1.34663 -1.01327 -0.360258
 -1.68249 0.583718 1.22945
 -1.34326 -0.17255 1.22635
 0.617339 0.157406 -1.76149
regression_error on 'test' 0.1169
classification_error on 'test' 0.184211
Save,1182,0.1169,0.184211
sample_count 75 Sample index 3
 i 0:0.744044 i 1:0.516233 i 2:0.672581 i 3:0.60999 bias 1
 test_print 3.54285
net matrix:
 -1.2019 -0.0310274 -0.34476
outputs matrix:
 0.0828833 0.484491 0.33414
error matrix:
 -0.0828833 0.515509 -0.33414
delta matrix:
 -0.0126005 0.257506 -0.148686
weights_delta matrix:
 -0.000937536 0.0191596 -0.0110629
 -0.000650481 0.0132933 -0.00767566
 -0.000847488 0.0173194 -0.0100003
 -0.00076862 0.0157076 -0.00906969
 -0.00126005 0.0257506 -0.0148686
weights matrix:
 -0.758191 0.0827392 0.026218
 1.34598 -0.999976 -0.367933
 -1.68334 0.601037 1.21945
 -1.34402 -0.156843 1.21728
 0.616079 0.183157 -1.77636
regression_error on 'test' 0.122807
classification_error on 'test' 0.289474
Save,1183,0.122807,0.289474
sample_count 75 Sample index 12
 i 0:0.166653 i 1:0.480944 i 2:0.128226 i 3:0.135476 bias 1
 test_print 1.9113
net matrix:
 0.739134 -0.228167 -1.62766
outputs matrix:
 0.814311 0.387856 0.0371359
error matrix:
 0.185689 -0.387856 -0.0371359
delta matrix:
 0.0561556 -0.184172 -0.00265573
weights_delta matrix:
 0.00093585 -0.00306929 -4.42585e-05
 0.00270077 -0.00885766 -0.000127726
 0.000720061 -0.00236157 -3.40533e-05
 0.000760774 -0.00249509 -3.59787e-05
 0.00561556 -0.0184172 -0.000265573
weights matrix:
 -0.757255 0.0796699 0.0261737
 1.34868 -1.00883 -0.368061
 -1.68262 0.598676 1.21941
 -1.34326 -0.159338 1.21725
 0.621695 0.16474 -1.77662
regression_error on 'test' 0.121104
classification_error on 'test' 0.236842
Save,1184,0.121104,0.236842
sample_count 75 Sample index 22
 i 0:0.305227 i 1:0.233915 i 2:0.430645 i 3:0.427485 bias 1
 test_print 2.39727
net matrix:
 -0.5928 0.142778 -0.809238
outputs matrix:
 0.234047 0.570908 0.165415
error matrix:
 -0.234047 0.429092 -0.165415
delta matrix:
 -0.0839147 0.210231 -0.0456721
weights_delta matrix:
 -0.0025613 0.00641683 -0.00139403
 -0.00196289 0.00491762 -0.00106834
 -0.00361374 0.0090535 -0.00196684
 -0.00358723 0.00898707 -0.00195241
 -0.00839147 0.0210231 -0.00456721
weights matrix:
 -0.759816 0.0860867 0.0247797
 1.34672 -1.00392 -0.369129
 -1.68623 0.607729 1.21745
 -1.34685 -0.150351 1.21529
 0.613304 0.185763 -1.78119
regression_error on 'test' 0.123999
classification_error on 'test' 0.315789
Save,1185,0.123999,0.315789
sample_count 75 Sample index 21
 i 0:0.836426 i 1:0.445654 i 2:0.884274 i 3:0.719493 bias 1
 test_print 3.88585
net matrix:
 -1.8822 0.239591 0.0259856
outputs matrix:
 0.0226564 0.617555 0.51299
error matrix:
 -0.0226564 -0.617555 0.48701
delta matrix:
 -0.00100336 -0.291709 0.243341
weights_delta matrix:
 -8.39239e-05 -0.0243993 0.0203536
 -4.47153e-05 -0.0130001 0.0108446
 -8.87248e-05 -0.0257951 0.021518
 -7.21913e-05 -0.0209883 0.0175082
 -0.000100336 -0.0291709 0.0243341
weights matrix:
 -0.7599 0.0616874 0.0451333
 1.34667 -1.01692 -0.358285
 -1.68632 0.581934 1.23896
 -1.34692 -0.171339 1.2328
 0.613203 0.156592 -1.75685
regression_error on 'test' 0.115546
classification_error on 'test' 0.157895
Save,1186,0.115546,0.157895
sample_count 75 Sample index 48
 i 0:0.744044 i 1:0.516233 i 2:0.748185 i 3:0.828996 bias 1
 test_print 3.83746
net matrix:
 -1.63527 -0.0291209 0.040731
outputs matrix:
 0.0365955 0.485444 0.520354
error matrix:
 -0.0365955 -0.485444 0.479646
delta matrix:
 -0.00258045 -0.242516 0.239425
weights_delta matrix:
 -0.000191997 -0.0180443 0.0178143
 -0.000133211 -0.0125195 0.0123599
 -0.000193065 -0.0181447 0.0179135
 -0.000213918 -0.0201045 0.0198483
 -0.000258045 -0.0242516 0.0239425
weights matrix:
 -0.760092 0.0436431 0.0629476
 1.34654 -1.02944 -0.345925
 -1.68652 0.563789 1.25688
 -1.34714 -0.191443 1.25265
 0.612945 0.13234 -1.73291
regression_error on 'test' 0.109262
classification_error on 'test' 0.0789474
Save,1187,0.109262,0.0789474
sample_count 75 Sample index 52
 i 0:0.443801 i 1:0.410364 i 2:0.672581 i 3:0.792495 bias 1
 test_print 3.31924
net matrix:
 -1.37373 -0.0432584 -0.00885937
outputs matrix:
 0.0602302 0.478384 0.49557
error matrix:
 -0.0602302 -0.478384 0.50443
delta matrix:
 -0.00681837 -0.238745 0.252195
weights_delta matrix:
 -0.0003026 -0.0105955 0.0111924
 -0.000279801 -0.00979724 0.0103492
 -0.00045859 -0.0160575 0.0169622
 -0.000540352 -0.0189204 0.0199863
 -0.000681837 -0.0238745 0.0252195
weights matrix:
 -0.760395 0.0330476 0.0741401
 1.34626 -1.03923 -0.335576
 -1.68697 0.547732 1.27384
 -1.34768 -0.210364 1.27264
 0.612263 0.108466 -1.70769
regression_error on 'test' 0.10462
classification_error on 'test' 0.0789474
Save,1188,0.10462,0.0789474
sample_count 75 Sample index 69
 i 0:0.628566 i 1:0.445654 i 2:0.581855 i 3:0.536988 bias 1
 test_print 3.19306
net matrix:
 -0.97099 -0.128163 -0.38606
outputs matrix:
 0.125431 0.436267 0.316021
error matrix:
 -0.125431 0.563733 -0.316021
delta matrix:
 -0.0275189 0.277287 -0.136617
weights_delta matrix:
 -0.00172974 0.0174293 -0.00858726
 -0.00122639 0.0123574 -0.00608838
 -0.0016012 0.0161341 -0.00794911
 -0.00147773 0.01489 -0.00733615
 -0.00275189 0.0277287 -0.0136617
weights matrix:
 -0.762124 0.0504769 0.0655528
 1.34503 -1.02688 -0.341664
 -1.68858 0.563866 1.26589
 -1.34915 -0.195474 1.2653
 0.609511 0.136194 -1.72135
regression_error on 'test' 0.108384
classification_error on 'test' 0.0789474
Save,1189,0.108384,0.0789474
sample_count 75 Sample index 56
 i 0:0.328323 i 1:0.727972 i 2:0.158468 i 3:0.208478 bias 1
 test_print 2.42324
net matrix:
 0.78958 -0.546167 -1.48416
outputs matrix:
 0.829086 0.251179 0.0488775
error matrix:
 0.170914 -0.251179 -0.0488775
delta matrix:
 0.048438 -0.0944876 -0.00454449
weights_delta matrix:
 0.00159033 -0.00310224 -0.000149206
 0.00352615 -0.00687843 -0.000330826
 0.000767588 -0.00149733 -7.20156e-05
 0.00100983 -0.00196986 -9.47426e-05
 0.0048438 -0.00944876 -0.000454449
weights matrix:
 -0.760534 0.0473746 0.0654036
 1.34856 -1.03375 -0.341995
 -1.68781 0.562369 1.26582
 -1.34814 -0.197444 1.26521
 0.614355 0.126746 -1.72181
regression_error on 'test' 0.10763
classification_error on 'test' 0.0526316
Save,1190,0.10763,0.0526316
sample_count 75 Sample index 55
 i 0:0.628566 i 1:0.551523 i 2:0.612097 i 3:0.60999 bias 1
 test_print 3.40218
net matrix:
 -0.975386 -0.18983 -0.322749
outputs matrix:
 0.124469 0.406209 0.344005
error matrix:
 -0.124469 0.593791 -0.344005
delta matrix:
 -0.0271285 0.286449 -0.15526
weights_delta matrix:
 -0.0017052 0.0180052 -0.00975911
 -0.0014962 0.0157983 -0.00856294
 -0.00166052 0.0175334 -0.00950342
 -0.00165481 0.0174731 -0.0094707
 -0.00271285 0.0286449 -0.015526
weights matrix:
 -0.762239 0.0653798 0.0556445
 1.34706 -1.01796 -0.350558
 -1.68947 0.579902 1.25632
 -1.3498 -0.179971 1.25573
 0.611642 0.15539 -1.73733
regression_error on 'test' 0.112516
classification_error on 'test' 0.131579
Save,1191,0.112516,0.131579
sample_count 75 Sample index 2
 i 0:0.466896 i 1:0.480944 i 2:0.566734 i 3:0.500487 bias 1
 test_print 3.01506
net matrix:
 -0.729418 -0.0650865 -0.539477
outputs matrix:
 0.188645 0.467503 0.253704
error matrix:
 -0.188645 0.532497 -0.253704
delta matrix:
 -0.0577474 0.265124 -0.0960718
weights_delta matrix:
 -0.0026962 0.0123785 -0.00448555
 -0.00277733 0.012751 -0.00462051
 -0.00327274 0.0150255 -0.00544471
 -0.00289018 0.0132691 -0.00480827
 -0.00577474 0.0265124 -0.00960718
weights matrix:
 -0.764935 0.0777584 0.0511589
 1.34429 -1.0052 -0.355178
 -1.69274 0.594927 1.25087
 -1.35269 -0.166702 1.25093
 0.605868 0.181903 -1.74694
regression_error on 'test' 0.116794
classification_error on 'test' 0.157895
Save,1192,0.116794,0.157895
sample_count 75 Sample index 0
 i 0:0.282131 i 1:0.269205 i 2:0.430645 i 3:0.427485 bias 1
 test_print 2.40947
net matrix:
 -0.555281 0.118175 -0.75469
outputs matrix:
 0.247766 0.558814 0.181031
error matrix:
 -0.247766 0.441186 -0.181031
delta matrix:
 -0.0923564 0.217541 -0.0536787
weights_delta matrix:
 -0.00260566 0.0061375 -0.00151444
 -0.00248628 0.00585631 -0.00144506
 -0.00397728 0.00936829 -0.00231165
 -0.0039481 0.00929955 -0.00229468
 -0.00923564 0.0217541 -0.00536787
weights matrix:
 -0.767541 0.0838959 0.0496445
 1.3418 -0.999349 -0.356623
 -1.69672 0.604296 1.24856
 -1.35664 -0.157402 1.24863
 0.596632 0.203657 -1.75231
regression_error on 'test' 0.119846
classification_error on 'test' 0.210526
Save,1193,0.119846,0.210526
sample_count 75 Sample index 26
 i 0:0.489992 i 1:0.339785 i 2:0.536492 i 3:0.500487 bias 1
 test_print 2.86676
net matrix:
 -0.912789 0.150624 -0.554393
outputs matrix:
 0.138766 0.574747 0.248097
error matrix:
 -0.138766 0.425253 -0.248097
delta matrix:
 -0.0331678 0.207874 -0.0925626
weights_delta matrix:
 -0.0016252 0.0101857 -0.00453549
 -0.00112699 0.00706326 -0.00314514
 -0.00177943 0.0111523 -0.00496591
 -0.00166001 0.0104038 -0.00463264
 -0.00331678 0.0207874 -0.00925626
weights matrix:
 -0.769166 0.0940815 0.045109
 1.34067 -0.992285 -0.359769
 -1.6985 0.615448 1.24359
 -1.3583 -0.146998 1.244
 0.593315 0.224444 -1.76157
regression_error on 'test' 0.12385
classification_error on 'test' 0.289474
Save,1194,0.12385,0.289474
sample_count 75 Sample index 58
 i 0:0.282131 i 1:0.516233 i 2:0.158468 i 3:0.0989754 bias 1
 test_print 2.05581
net matrix:
 0.664813 -0.178283 -1.61437
outputs matrix:
 0.790779 0.411791 0.0380985
error matrix:
 0.209221 -0.411791 -0.0380985
delta matrix:
 0.0692303 -0.199487 -0.0027924
weights_delta matrix:
 0.0019532 -0.00562816 -7.87822e-05
 0.0035739 -0.0102982 -0.000144153
 0.00109708 -0.00316124 -4.42506e-05
 0.00068521 -0.00197443 -2.76379e-05
 0.00692303 -0.0199487 -0.00027924
weights matrix:
 -0.767213 0.0884534 0.0450302
 1.34425 -1.00258 -0.359913
 -1.6974 0.612287 1.24355
 -1.35761 -0.148973 1.24397
 0.600238 0.204496 -1.76184
regression_error on 'test' 0.121591
classification_error on 'test' 0.236842
Save,1195,0.121591,0.236842
sample_count 75 Sample index 38
 i 0:0.397609 i 1:0.798551 i 2:0.128226 i 3:0.208478 bias 1
 test_print 2.53286
net matrix:
 0.867953 -0.513495 -1.61255
outputs matrix:
 0.850166 0.263668 0.0382318
error matrix:
 0.149834 -0.263668 -0.0382318
delta matrix:
 0.0381727 -0.102381 -0.00281158
weights_delta matrix:
 0.00151778 -0.00407075 -0.000111791
 0.00304828 -0.00817563 -0.000224519
 0.000489473 -0.00131279 -3.60517e-05
 0.000795817 -0.00213442 -5.86152e-05
 0.00381727 -0.0102381 -0.000281158
weights matrix:
 -0.765695 0.0843826 0.0449184
 1.34729 -1.01076 -0.360137
 -1.69691 0.610974 1.24351
 -1.35682 -0.151107 1.24391
 0.604055 0.194258 -1.76213
regression_error on 'test' 0.120313
classification_error on 'test' 0.210526
Save,1196,0.120313,0.210526
sample_count 75 Sample index 22
 i 0:0.305227 i 1:0.233915 i 2:0.430645 i 3:0.427485 bias 1
 test_print 2.39727
net matrix:
 -0.625288 0.182099 -0.76539
outputs matrix:
 0.2226 0.590056 0.17788
error matrix:
 -0.2226 0.409944 -0.17788
delta matrix:
 -0.0770418 0.198323 -0.0520256
weights_delta matrix:
 -0.00235152 0.00605334 -0.00158796
 -0.00180212 0.00463906 -0.00121696
 -0.00331777 0.00854066 -0.00224046
 -0.00329342 0.00847799 -0.00222402
 -0.00770418 0.0198323 -0.00520256
weights matrix:
 -0.768047 0.090436 0.0433305
 1.34549 -1.00612 -0.361354
 -1.70023 0.619515 1.24127
 -1.36011 -0.142629 1.24169
 0.596351 0.21409 -1.76733
regression_error on 'test' 0.123287
classification_error on 'test' 0.289474
Save,1197,0.123287,0.289474
sample_count 75 Sample index 28
 i 0:0.305227 i 1:0.551523 i 2:0.113105 i 3:0.135476 bias 1
 test_print 2.10533
net matrix:
 0.727426 -0.262458 -1.64478
outputs matrix:
 0.810744 0.371704 0.0359308
error matrix:
 0.189256 -0.371704 -0.0359308
delta matrix:
 0.0580782 -0.173615 -0.00248926
weights_delta matrix:
 0.0017727 -0.00529921 -7.59791e-05
 0.00320315 -0.00957528 -0.000137289
 0.000656893 -0.00196368 -2.81548e-05
 0.00078682 -0.00235207 -3.37236e-05
 0.00580782 -0.0173615 -0.000248926
weights matrix:
 -0.766274 0.0851368 0.0432545
 1.3487 -1.0157 -0.361492
 -1.69957 0.617551 1.24124
 -1.35932 -0.144981 1.24166
 0.602159 0.196728 -1.76758
regression_error on 'test' 0.121346
classification_error on 'test' 0.236842
Save,1198,0.121346,0.236842
sample_count 75 Sample index 31
 i 0:0.559279 i 1:0.339785 i 2:0.778427 i 3:0.573489 bias 1
 test_print 3.25098
net matrix:
 -1.47069 0.296799 -0.187922
outputs matrix:
 0.050146 0.64419 0.40713
error matrix:
 -0.050146 -0.64419 0.59287
delta matrix:
 -0.00477704 -0.295309 0.286208
weights_delta matrix:
 -0.00026717 -0.016516 0.016007
 -0.000162317 -0.0100341 0.00972493
 -0.000371858 -0.0229876 0.0222792
 -0.000273958 -0.0169356 0.0164137
 -0.000477704 -0.0295309 0.0286208
weights matrix:
 -0.766541 0.0686208 0.0592615
 1.34853 -1.02573 -0.351767
 -1.69994 0.594563 1.26352
 -1.3596 -0.161917 1.25807
 0.601681 0.167197 -1.73896
regression_error on 'test' 0.113886
classification_error on 'test' 0.131579
Save,1199,0.113886,0.131579
sample_count 75 Sample index 27
 i 0:0.328323 i 1:0.622103 i 2:0.158468 i 3:0.135476 bias 1
 test_print 2.24437
net matrix:
 0.735355 -0.376099 -1.56767
outputs matrix:
 0.813165 0.320343 0.041673
error matrix:
 0.186835 -0.320343 -0.041673
delta matrix:
 0.0567706 -0.139492 -0.00332853
weights_delta matrix:
 0.00186391 -0.00457985 -0.000109283
 0.00353172 -0.00867784 -0.000207069
 0.000899633 -0.0022105 -5.27465e-05
 0.000769106 -0.00188978 -4.50936e-05
 0.00567706 -0.0139492 -0.000332853
weights matrix:
 -0.764677 0.0640409 0.0591522
 1.35206 -1.03441 -0.351974
 -1.69904 0.592353 1.26347
 -1.35883 -0.163807 1.25802
 0.607358 0.153248 -1.73929
regression_error on 'test' 0.112561
classification_error on 'test' 0.131579
Save,1200,0.112561,0.131579
sample_count 75 Sample index 2
 i 0:0.466896 i 1:0.480944 i 2:0.566734 i 3:0.500487 bias 1
 test_print 3.01506
net matrix:
 -0.742381 -0.0606199 -0.535275
outputs matrix:
 0.184709 0.469727 0.255299
error matrix:
 -0.184709 0.530273 -0.255299
delta matrix:
 -0.0556314 0.264164 -0.0970754
weights_delta matrix:
 -0.00259741 0.0123337 -0.00453241
 -0.00267556 0.0127048 -0.00466878
 -0.00315282 0.0149711 -0.00550159
 -0.00278428 0.0132211 -0.0048585
 -0.00556314 0.0264164 -0.00970754
weights matrix:
 -0.767275 0.0763747 0.0546198
 1.34939 -1.0217 -0.356642
 -1.7022 0.607324 1.25797
 -1.36161 -0.150585 1.25317
 0.601795 0.179665 -1.749
regression_error on 'test' 0.116857
classification_error on 'test' 0.157895
Save,1201,0.116857,0.157895
sample_count 75 Sample index 71
 i 0:0.143558 i 1:0.480944 i 2:0.0979839 i 3:0.0989754 bias 1
 test_print 1.82146
net matrix:
 0.839073 -0.256149 -1.66539
outputs matrix:
 0.842659 0.374655 0.0345304
error matrix:
 0.157341 -0.374655 -0.0345304
delta matrix:
 0.0417221 -0.175555 -0.00230235
weights_delta matrix:
 0.000598954 -0.00252023 -3.30521e-05
 0.0020066 -0.0084432 -0.00011073
 0.000408809 -0.00172015 -2.25593e-05
 0.000412946 -0.00173756 -2.27876e-05
 0.00417221 -0.0175555 -0.000230235
weights matrix:
 -0.766676 0.0738544 0.0545868
 1.3514 -1.03015 -0.356753
 -1.70179 0.605604 1.25795
 -1.3612 -0.152323 1.25314
 0.605968 0.162109 -1.74923
regression_error on 'test' 0.115325
classification_error on 'test' 0.157895
Save,1202,0.115325,0.157895
sample_count 75 Sample index 10
 i 0:0.697853 i 1:0.304495 i 2:0.808669 i 3:0.719493 bias 1
 test_print 3.53051
net matrix:
 -1.87312 0.280112 0.0991265
outputs matrix:
 0.0230618 0.636504 0.549402
error matrix:
 -0.0230618 -0.636504 0.450598
delta matrix:
 -0.00103916 -0.294532 0.2231
weights_delta matrix:
 -7.25183e-05 -0.020554 0.0155691
 -3.1642e-05 -0.00896834 0.00679328
 -8.40338e-05 -0.0238179 0.0180414
 -7.4767e-05 -0.0211913 0.0160519
 -0.000103916 -0.0294532 0.02231
weights matrix:
 -0.766748 0.0533004 0.0701559
 1.35136 -1.03911 -0.34996
 -1.70187 0.581786 1.27599
 -1.36127 -0.173514 1.26919
 0.605864 0.132656 -1.72692
regression_error on 'test' 0.108966
classification_error on 'test' 0.0789474
Save,1203,0.108966,0.0789474
sample_count 75 Sample index 18
 i 0:0.513088 i 1:0.480944 i 2:0.566734 i 3:0.60999 bias 1
 test_print 3.17076
net matrix:
 -0.932488 -0.115876 -0.36189
outputs matrix:
 0.134124 0.44232 0.326561
error matrix:
 -0.134124 0.55768 -0.326561
delta matrix:
 -0.031153 0.275129 -0.143634
weights_delta matrix:
 -0.00159842 0.0141166 -0.00736968
 -0.00149828 0.0132322 -0.00690798
 -0.00176555 0.0155925 -0.00814022
 -0.0019003 0.0167826 -0.00876152
 -0.0031153 0.0275129 -0.0143634
weights matrix:
 -0.768347 0.067417 0.0627862
 1.34987 -1.02588 -0.356868
 -1.70364 0.597379 1.26785
 -1.36317 -0.156732 1.26043
 0.602748 0.160169 -1.74128
regression_error on 'test' 0.113584
classification_error on 'test' 0.131579
Save,1204,0.113584,0.131579
sample_count 75 Sample index 18
 i 0:0.513088 i 1:0.480944 i 2:0.566734 i 3:0.60999 bias 1
 test_print 3.17076
net matrix:
 -0.939304 -0.055682 -0.393315
outputs matrix:
 0.132549 0.472188 0.312893
error matrix:
 -0.132549 0.527812 -0.312893
delta matrix:
 -0.0304809 0.26309 -0.134538
weights_delta matrix:
 -0.00156394 0.0134988 -0.00690299
 -0.00146596 0.0126531 -0.00647053
 -0.00172746 0.0149102 -0.00762473
 -0.0018593 0.0160482 -0.00820669
 -0.00304809 0.026309 -0.0134538
weights matrix:
 -0.769911 0.0809158 0.0558832
 1.3484 -1.01323 -0.363338
 -1.70537 0.612289 1.26022
 -1.36503 -0.140684 1.25223
 0.5997 0.186478 -1.75473
regression_error on 'test' 0.118614
classification_error on 'test' 0.184211
Save,1205,0.118614,0.184211
sample_count 75 Sample index 35
 i 0:0.189749 i 1:0.233915 i 2:0.128226 i 3:0.171977 bias 1
 test_print 1.72387
net matrix:
 0.315595 0.0191392 -1.45217
outputs matrix:
 0.652759 0.509568 0.0519391
error matrix:
 0.347241 -0.509568 -0.0519391
delta matrix:
 0.157414 -0.254691 -0.00511511
weights_delta matrix:
 0.00298692 -0.00483273 -9.70588e-05
 0.00368216 -0.0059576 -0.00011965
 0.00201846 -0.0032658 -6.55891e-05
 0.00270717 -0.0043801 -8.79682e-05
 0.0157414 -0.0254691 -0.000511511
weights matrix:
 -0.766924 0.0760831 0.0557861
 1.35208 -1.01919 -0.363458
 -1.70335 0.609023 1.26016
 -1.36233 -0.145064 1.25214
 0.615442 0.161009 -1.75525
regression_error on 'test' 0.11633
classification_error on 'test' 0.157895
Save,1206,0.11633,0.157895
sample_count 75 Sample index 5
 i 0:0.536183 i 1:0.198626 i 2:0.687702 i 3:0.60999 bias 1
 test_print 3.0325
net matrix:
 -1.52961 0.329705 -0.167122
outputs matrix:
 0.0448209 0.659128 0.417208
error matrix:
 -0.0448209 -0.659128 0.582792
delta matrix:
 -0.00383775 -0.296183 0.283406
weights_delta matrix:
 -0.000205774 -0.0158809 0.0151958
 -7.62277e-05 -0.00588297 0.00562919
 -0.000263923 -0.0203686 0.0194899
 -0.000234099 -0.0180669 0.0172875
 -0.000383775 -0.0296183 0.0283406
weights matrix:
 -0.76713 0.0602022 0.0709819
 1.35201 -1.02507 -0.357829
 -1.70361 0.588654 1.27965
 -1.36256 -0.163131 1.26943
 0.615058 0.13139 -1.72691
regression_error on 'test' 0.109983
classification_error on 'test' 0.0789474
Save,1207,0.109983,0.0789474
sample_count 75 Sample index 8
 i 0:0.489992 i 1:0.375074 i 2:0.702823 i 3:0.755994 bias 1
 test_print 3.32388
net matrix:
 -1.48115 0.0668063 0.0327069
outputs matrix:
 0.0491582 0.533354 0.516348
error matrix:
 -0.0491582 -0.533354 0.483652
delta matrix:
 -0.00459548 -0.26549 0.241568
weights_delta matrix:
 -0.000225175 -0.0130088 0.0118366
 -0.000172364 -0.00995784 0.00906058
 -0.000322981 -0.0186593 0.0169779
 -0.000347415 -0.0200709 0.0182624
 -0.000459548 -0.026549 0.0241568
weights matrix:
 -0.767355 0.0471934 0.0828185
 1.35183 -1.03503 -0.348768
 -1.70393 0.569995 1.29663
 -1.36291 -0.183201 1.28769
 0.614598 0.104841 -1.70275
regression_error on 'test' 0.105054
classification_error on 'test' 0.0789474
Save,1208,0.105054,0.0789474
sample_count 75 Sample index 43
 i 0:0.582374 i 1:0.198626 i 2:0.612097 i 3:0.60999 bias 1
 test_print 3.00309
net matrix:
 -1.43811 0.163884 -0.144654
outputs matrix:
 0.0533414 0.581216 0.428173
error matrix:
 -0.0533414 0.418784 -0.428173
delta matrix:
 -0.00538707 0.203867 -0.209669
weights_delta matrix:
 -0.000313729 0.0118727 -0.0122106
 -0.000107001 0.00404934 -0.00416456
 -0.000329741 0.0124787 -0.0128338
 -0.000328606 0.0124357 -0.0127896
 -0.000538707 0.0203867 -0.0209669
weights matrix:
 -0.767668 0.0590661 0.070608
 1.35173 -1.03098 -0.352933
 -1.70426 0.582474 1.28379
 -1.36324 -0.170766 1.2749
 0.61406 0.125228 -1.72372
regression_error on 'test' 0.108615
classification_error on 'test' 0.0789474
Save,1209,0.108615,0.0789474
sample_count 75 Sample index 26
 i 0:0.489992 i 1:0.339785 i 2:0.536492 i 3:0.500487 bias 1
 test_print 2.86676
net matrix:
 -0.899401 0.0308858 -0.482225
outputs matrix:
 0.141997 0.515438 0.275988
error matrix:
 -0.141997 0.484562 -0.275988
delta matrix:
 -0.0346 0.24205 -0.110295
weights_delta matrix:
 -0.00169537 0.0118603 -0.00540437
 -0.00117566 0.0082245 -0.00374766
 -0.00185626 0.0129858 -0.00591724
 -0.00173169 0.0121143 -0.00552013
 -0.00346 0.024205 -0.0110295
weights matrix:
 -0.769364 0.0709264 0.0652036
 1.35055 -1.02275 -0.356681
 -1.70612 0.595459 1.27787
 -1.36497 -0.158651 1.26938
 0.6106 0.149433 -1.73474
regression_error on 'test' 0.112148
classification_error on 'test' 0.131579
Save,1210,0.112148,0.131579
sample_count 75 Sample index 26
 i 0:0.489992 i 1:0.339785 i 2:0.536492 i 3:0.500487 bias 1
 test_print 2.86676
net matrix:
 -0.905954 0.0767266 -0.503114
outputs matrix:
 0.140408 0.538288 0.267719
error matrix:
 -0.140408 0.461712 -0.267719
delta matrix:
 -0.0338925 0.229502 -0.10497
weights_delta matrix:
 -0.00166071 0.0112454 -0.00514345
 -0.00115162 0.00779814 -0.00356673
 -0.00181831 0.0123126 -0.00563156
 -0.00169628 0.0114863 -0.00525362
 -0.00338925 0.0229502 -0.010497
weights matrix:
 -0.771025 0.0821718 0.0600601
 1.3494 -1.01496 -0.360247
 -1.70794 0.607772 1.27224
 -1.36666 -0.147165 1.26412
 0.60721 0.172383 -1.74524
regression_error on 'test' 0.115902
classification_error on 'test' 0.157895
Save,1211,0.115902,0.157895
sample_count 75 Sample index 17
 i 0:0.443801 i 1:0.304495 i 2:0.521371 i 3:0.463986 bias 1
 test_print 2.73365
net matrix:
 -0.848668 0.148395 -0.578434
outputs matrix:
 0.154813 0.573657 0.239237
error matrix:
 -0.154813 0.426343 -0.239237
delta matrix:
 -0.0405135 0.208545 -0.0870835
weights_delta matrix:
 -0.00179799 0.00925525 -0.00386477
 -0.00123362 0.00635009 -0.00265165
 -0.00211226 0.0108729 -0.00454028
 -0.00187977 0.0096762 -0.00404055
 -0.00405135 0.0208545 -0.00870835
weights matrix:
 -0.772823 0.0914271 0.0561954
 1.34817 -1.00861 -0.362899
 -1.71005 0.618645 1.2677
 -1.36854 -0.137489 1.26008
 0.603159 0.193238 -1.75395
regression_error on 'test' 0.119425
classification_error on 'test' 0.210526
Save,1212,0.119425,0.210526
sample_count 75 Sample index 23
 i 0:0.975 i 1:0.763262 i 2:0.899395 i 3:0.792495 bias 1
 test_print 4.43015
net matrix:
 -1.74391 -0.0400037 0.162629
outputs matrix:
 0.0296605 0.480009 0.580605
error matrix:
 -0.0296605 -0.480009 0.419395
delta matrix:
 -0.0017073 -0.239621 0.204248
weights_delta matrix:
 -0.000166462 -0.023363 0.0199141
 -0.000130312 -0.0182893 0.0155894
 -0.000153554 -0.0215514 0.0183699
 -0.000135303 -0.0189898 0.0161865
 -0.00017073 -0.0239621 0.0204248
weights matrix:
 -0.772989 0.068064 0.0761095
 1.34804 -1.02689 -0.347309
 -1.7102 0.597094 1.28607
 -1.36868 -0.156479 1.27627
 0.602988 0.169276 -1.73353
regression_error on 'test' 0.11234
classification_error on 'test' 0.131579
Save,1213,0.11234,0.131579
sample_count 75 Sample index 6
 i 0:0.305227 i 1:0.657392 i 2:0.128226 i 3:0.171977 bias 1
 test_print 2.26282
net matrix:
 0.798565 -0.435369 -1.55422
outputs matrix:
 0.831617 0.295101 0.0427608
error matrix:
 0.168383 -0.295101 -0.0427608
delta matrix:
 0.0471575 -0.122771 -0.00350059
weights_delta matrix:
 0.00143937 -0.00374732 -0.000106848
 0.0031001 -0.0080709 -0.000230126
 0.000604682 -0.00157425 -4.48867e-05
 0.000811001 -0.00211139 -6.02022e-05
 0.00471575 -0.0122771 -0.000350059
weights matrix:
 -0.77155 0.0643167 0.0760027
 1.35114 -1.03497 -0.34754
 -1.7096 0.595519 1.28603
 -1.36787 -0.15859 1.27621
 0.607704 0.156999 -1.73388
regression_error on 'test' 0.111144
classification_error on 'test' 0.105263
Save,1214,0.111144,0.105263
sample_count 75 Sample index 29
 i 0:0.420705 i 1:0.304495 i 2:0.536492 i 3:0.536988 bias 1
 test_print 2.79868
net matrix:
 -0.957192 0.103246 -0.432472
outputs matrix:
 0.128489 0.55144 0.296308
error matrix:
 -0.128489 0.44856 -0.296308
delta matrix:
 -0.0287763 0.221906 -0.123566
weights_delta matrix:
 -0.00121063 0.0093357 -0.00519848
 -0.000876225 0.00675693 -0.00376252
 -0.00154383 0.0119051 -0.00662921
 -0.00154525 0.0119161 -0.00663534
 -0.00287763 0.0221906 -0.0123566
weights matrix:
 -0.77276 0.0736524 0.0708042
 1.35026 -1.02821 -0.351302
 -1.71114 0.607424 1.2794
 -1.36941 -0.146674 1.26958
 0.604826 0.179189 -1.74623
regression_error on 'test' 0.114803
classification_error on 'test' 0.157895
Save,1215,0.114803,0.157895
sample_count 75 Sample index 22
 i 0:0.305227 i 1:0.233915 i 2:0.430645 i 3:0.427485 bias 1
 test_print 2.39727
net matrix:
 -0.637494 0.16004 -0.713105
outputs matrix:
 0.218405 0.579344 0.19369
error matrix:
 -0.218405 0.420656 -0.19369
delta matrix:
 -0.0745651 0.205032 -0.0604988
weights_delta matrix:
 -0.00227593 0.00625812 -0.00184659
 -0.00174419 0.004796 -0.00141516
 -0.00321111 0.00882959 -0.00260535
 -0.00318754 0.0087648 -0.00258623
 -0.00745651 0.0205032 -0.00604988
weights matrix:
 -0.775036 0.0799105 0.0689576
 1.34851 -1.02341 -0.352717
 -1.71435 0.616254 1.27679
 -1.3726 -0.137909 1.26699
 0.59737 0.199692 -1.75228
regression_error on 'test' 0.11768
classification_error on 'test' 0.184211
Save,1216,0.11768,0.184211
sample_count 75 Sample index 28
 i 0:0.305227 i 1:0.551523 i 2:0.113105 i 3:0.135476 bias 1
 test_print 2.10533
net matrix:
 0.724688 -0.289334 -1.60971
outputs matrix:
 0.809902 0.359239 0.0384416
error matrix:
 0.190098 -0.359239 -0.0384416
delta matrix:
 0.058535 -0.165384 -0.0028419
weights_delta matrix:
 0.00178665 -0.00504796 -8.67424e-05
 0.00322834 -0.0091213 -0.000156737
 0.00066206 -0.00187057 -3.21433e-05
 0.000793009 -0.00224055 -3.85009e-05
 0.0058535 -0.0165384 -0.00028419
weights matrix:
 -0.77325 0.0748626 0.0688709
 1.35174 -1.03253 -0.352874
 -1.71369 0.614384 1.27676
 -1.37181 -0.14015 1.26695
 0.603223 0.183154 -1.75257
regression_error on 'test' 0.11593
classification_error on 'test' 0.157895
Save,1217,0.11593,0.157895
sample_count 75 Sample index 3
 i 0:0.744044 i 1:0.516233 i 2:0.672581 i 3:0.60999 bias 1
 test_print 3.54285
net matrix:
 -1.26368 0.0335598 -0.251936
outputs matrix:
 0.0739623 0.516774 0.376631
error matrix:
 -0.0739623 0.483226 -0.376631
delta matrix:
 -0.0101316 0.241341 -0.176851
weights_delta matrix:
 -0.000753838 0.0179569 -0.0131585
 -0.000523028 0.0124588 -0.00912963
 -0.000681434 0.0162322 -0.0118947
 -0.000618019 0.0147216 -0.0107877
 -0.00101316 0.0241341 -0.0176851
weights matrix:
 -0.774003 0.0928194 0.0557124
 1.35122 -1.02007 -0.362004
 -1.71437 0.630616 1.26487
 -1.37243 -0.125428 1.25616
 0.60221 0.207288 -1.77025
regression_error on 'test' 0.121919
classification_error on 'test' 0.236842
Save,1218,0.121919,0.236842
sample_count 75 Sample index 0
 i 0:0.282131 i 1:0.269205 i 2:0.430645 i 3:0.427485 bias 1
 test_print 2.40947
net matrix:
 -0.577383 0.176819 -0.770287
outputs matrix:
 0.23962 0.587499 0.176452
error matrix:
 -0.23962 0.412501 -0.176452
delta matrix:
 -0.0873184 0.199934 -0.0512827
weights_delta matrix:
 -0.00246352 0.00564076 -0.00144685
 -0.00235065 0.00538232 -0.00138056
 -0.00376032 0.00861005 -0.00220847
 -0.00373273 0.00854687 -0.00219226
 -0.00873184 0.0199934 -0.00512827
weights matrix:
 -0.776467 0.0984602 0.0542655
 1.34887 -1.01469 -0.363384
 -1.71813 0.639226 1.26266
 -1.37616 -0.116881 1.25397
 0.593478 0.227282 -1.77538
regression_error on 'test' 0.125075
classification_error on 'test' 0.315789
Save,1219,0.125075,0.315789
sample_count 75 Sample index 74
 i 0:0.443801 i 1:0.480944 i 2:0.551613 i 3:0.536988 bias 1
 test_print 3.01335
net matrix:
 -0.789114 0.0728093 -0.556198
outputs matrix:
 0.171047 0.53634 0.247424
error matrix:
 -0.171047 0.46366 -0.247424
delta matrix:
 -0.0485053 0.230605 -0.0921436
weights_delta matrix:
 -0.00215267 0.0102343 -0.00408934
 -0.00233283 0.0110908 -0.00443159
 -0.00267562 0.0127205 -0.00508276
 -0.00260468 0.0123832 -0.004948
 -0.00485053 0.0230605 -0.00921436
weights matrix:
 -0.77862 0.108694 0.0501762
 1.34654 -1.0036 -0.367816
 -1.72081 0.651946 1.25757
 -1.37876 -0.104498 1.24902
 0.588628 0.250342 -1.78459
regression_error on 'test' 0.130011
classification_error on 'test' 0.368421
Save,1220,0.130011,0.368421
sample_count 75 Sample index 36
 i 0:0.744044 i 1:0.516233 i 2:0.702823 i 3:0.901998 bias 1
 test_print 3.8651
net matrix:
 -1.74864 0.177069 0.0733292
outputs matrix:
 0.0293898 0.587621 0.536599
error matrix:
 -0.0293898 -0.587621 0.463401
delta matrix:
 -0.00167674 -0.284788 0.230459
weights_delta matrix:
 -0.000124757 -0.0211894 0.0171472
 -8.65591e-05 -0.0147017 0.0118971
 -0.000117845 -0.0200155 0.0161972
 -0.000151242 -0.0256878 0.0207874
 -0.000167674 -0.0284788 0.0230459
weights matrix:
 -0.778744 0.087505 0.0673234
 1.34645 -1.0183 -0.355919
 -1.72093 0.631931 1.27377
 -1.37892 -0.130186 1.26981
 0.58846 0.221863 -1.76155
regression_error on 'test' 0.121172
classification_error on 'test' 0.210526
Save,1221,0.121172,0.210526
sample_count 75 Sample index 55
 i 0:0.628566 i 1:0.551523 i 2:0.612097 i 3:0.60999 bias 1
 test_print 3.40218
net matrix:
 -1.05293 0.022639 -0.361285
outputs matrix:
 0.108528 0.511318 0.326827
error matrix:
 -0.108528 0.488682 -0.326827
delta matrix:
 -0.0210001 0.244216 -0.143811
weights_delta matrix:
 -0.00132 0.0153506 -0.0090395
 -0.0011582 0.0134691 -0.00793153
 -0.00128541 0.0149484 -0.00880265
 -0.00128099 0.0148969 -0.00877235
 -0.00210001 0.0244216 -0.0143811
weights matrix:
 -0.780064 0.102856 0.0582839
 1.34529 -1.00483 -0.36385
 -1.72221 0.646879 1.26497
 -1.3802 -0.115289 1.26104
 0.58636 0.246285 -1.77593
regression_error on 'test' 0.12718
classification_error on 'test' 0.368421
Save,1222,0.12718,0.368421
sample_count 75 Sample index 2
 i 0:0.466896 i 1:0.480944 i 2:0.566734 i 3:0.500487 bias 1
 test_print 3.01506
net matrix:
 -0.797645 0.119946 -0.575674
outputs matrix:
 0.168641 0.559687 0.240243
error matrix:
 -0.168641 0.440313 -0.240243
delta matrix:
 -0.0472873 0.217019 -0.0877013
weights_delta matrix:
 -0.00220782 0.0101325 -0.00409474
 -0.00227425 0.0104374 -0.00421794
 -0.00267993 0.0122992 -0.00497033
 -0.00236667 0.0108615 -0.00438934
 -0.00472873 0.0217019 -0.00877013
weights matrix:
 -0.782272 0.112988 0.0541891
 1.34302 -0.994397 -0.368068
 -1.72489 0.659178 1.26
 -1.38256 -0.104427 1.25665
 0.581631 0.267987 -1.7847
regression_error on 'test' 0.13198
classification_error on 'test' 0.368421
Save,1223,0.13198,0.368421
sample_count 75 Sample index 13
 i 0:0.420705 i 1:0.269205 i 2:0.491129 i 3:0.427485 bias 1
 test_print 2.60852
net matrix:
 -0.824097 0.326925 -0.704967
outputs matrix:
 0.161353 0.657878 0.196244
error matrix:
 -0.161353 0.342122 -0.196244
delta matrix:
 -0.0436681 0.154006 -0.0619083
weights_delta matrix:
 -0.00183714 0.00647911 -0.00260451
 -0.00117557 0.00414592 -0.0016666
 -0.00214467 0.00756369 -0.0030405
 -0.00186675 0.00658353 -0.00264649
 -0.00436681 0.0154006 -0.00619083
weights matrix:
 -0.784109 0.119467 0.0515846
 1.34184 -0.990251 -0.369735
 -1.72704 0.666742 1.25696
 -1.38443 -0.0978439 1.254
 0.577265 0.283387 -1.79089
regression_error on 'test' 0.135168
classification_error on 'test' 0.394737
Save,1224,0.135168,0.394737
sample_count 75 Sample index 6
 i 0:0.305227 i 1:0.657392 i 2:0.128226 i 3:0.171977 bias 1
 test_print 2.26282
net matrix:
 0.760508 -0.262464 -1.64137
outputs matrix:
 0.820688 0.371701 0.036168
error matrix:
 0.179312 -0.371701 -0.036168
delta matrix:
 0.0527747 -0.173613 -0.00252162
weights_delta matrix:
 0.00161083 -0.00529915 -7.69667e-05
 0.00346937 -0.0114132 -0.000165769
 0.000676709 -0.00222617 -3.23337e-05
 0.000907604 -0.00298575 -4.33661e-05
 0.00527747 -0.0173613 -0.000252162
weights matrix:
 -0.782498 0.114168 0.0515076
 1.34531 -1.00166 -0.369901
 -1.72636 0.664516 1.25693
 -1.38352 -0.10083 1.25396
 0.582542 0.266026 -1.79114
regression_error on 'test' 0.132598
classification_error on 'test' 0.368421
Save,1225,0.132598,0.368421
sample_count 75 Sample index 37
 i 0:0.720948 i 1:0.551523 i 2:0.82379 i 3:0.901998 bias 1
 test_print 3.99826
net matrix:
 -1.90972 0.252368 0.208495
outputs matrix:
 0.021469 0.623572 0.602763
error matrix:
 -0.021469 -0.623572 0.397237
delta matrix:
 -0.000902046 -0.292742 0.190229
weights_delta matrix:
 -6.50328e-05 -0.0211052 0.0137145
 -4.97499e-05 -0.0161454 0.0104916
 -7.43097e-05 -0.0241158 0.0156709
 -8.13644e-05 -0.0264053 0.0171586
 -9.02046e-05 -0.0292742 0.0190229
weights matrix:
 -0.782563 0.0930629 0.0652222
 1.34526 -1.01781 -0.359409
 -1.72643 0.6404 1.2726
 -1.3836 -0.127235 1.27112
 0.582452 0.236752 -1.77212
regression_error on 'test' 0.123563
classification_error on 'test' 0.236842
Save,1226,0.123563,0.236842
sample_count 75 Sample index 51
 i 0:0.628566 i 1:0.516233 i 2:0.763306 i 3:0.719493 bias 1
 test_print 3.6276
net matrix:
 -1.52826 0.167098 -0.0307209
outputs matrix:
 0.0449365 0.58278 0.484644
error matrix:
 -0.0449365 -0.58278 0.515356
delta matrix:
 -0.0038571 -0.283403 0.257435
weights_delta matrix:
 -0.000242444 -0.0178137 0.0161815
 -0.000199116 -0.0146302 0.0132896
 -0.000294415 -0.0216323 0.0196502
 -0.000277516 -0.0203906 0.0185223
 -0.00038571 -0.0283403 0.0257435
weights matrix:
 -0.782806 0.0752492 0.0814036
 1.34506 -1.03244 -0.346119
 -1.72673 0.618768 1.29225
 -1.38388 -0.147626 1.28964
 0.582066 0.208412 -1.74638
regression_error on 'test' 0.115805
classification_error on 'test' 0.157895
Save,1227,0.115805,0.157895
sample_count 75 Sample index 6
 i 0:0.305227 i 1:0.657392 i 2:0.128226 i 3:0.171977 bias 1
 test_print 2.26282
net matrix:
 0.767959 -0.393384 -1.56158
outputs matrix:
 0.82287 0.312863 0.0421622
error matrix:
 0.17713 -0.312863 -0.0421622
delta matrix:
 0.0516349 -0.134518 -0.0034054
weights_delta matrix:
 0.00157604 -0.00410587 -0.000103942
 0.00339444 -0.00884313 -0.000223868
 0.000662094 -0.00172488 -4.36661e-05
 0.000888002 -0.00231341 -5.85651e-05
 0.00516349 -0.0134518 -0.00034054
weights matrix:
 -0.78123 0.0711433 0.0812997
 1.34846 -1.04128 -0.346343
 -1.72607 0.617043 1.2922
 -1.38299 -0.149939 1.28958
 0.58723 0.19496 -1.74672
regression_error on 'test' 0.114291
classification_error on 'test' 0.131579
Save,1228,0.114291,0.131579
sample_count 75 Sample index 65
 i 0:0.928809 i 1:0.410364 i 2:0.944758 i 3:0.792495 bias 1
 test_print 4.07643
net matrix:
 -2.31176 0.297864 0.429475
outputs matrix:
 0.00972279 0.644678 0.702441
error matrix:
 -0.00972279 -0.644678 0.297559
delta matrix:
 -0.000187227 -0.295351 0.12439
weights_delta matrix:
 -1.73898e-05 -0.0274324 0.0115535
 -7.68313e-06 -0.0121201 0.00510452
 -1.76884e-05 -0.0279035 0.0117519
 -1.48377e-05 -0.0234064 0.00985786
 -1.87227e-05 -0.0295351 0.012439
weights matrix:
 -0.781247 0.0437109 0.0928532
 1.34845 -1.0534 -0.341239
 -1.72608 0.589139 1.30396
 -1.38301 -0.173345 1.29944
 0.587211 0.165425 -1.73428
regression_error on 'test' 0.108234
classification_error on 'test' 0.0789474
Save,1229,0.108234,0.0789474
sample_count 75 Sample index 59
 i 0:0.60547 i 1:0.233915 i 2:0.596976 i 3:0.536988 bias 1
 test_print 2.97335
net matrix:
 -1.34348 0.204101 -0.281665
outputs matrix:
 0.0637475 0.600657 0.362777
error matrix:
 -0.0637475 0.399343 -0.362777
delta matrix:
 -0.00760937 0.191579 -0.167726
weights_delta matrix:
 -0.000460725 0.0115996 -0.0101553
 -0.000177995 0.00448133 -0.00392337
 -0.000454261 0.0114368 -0.0100129
 -0.000408614 0.0102876 -0.0090067
 -0.000760937 0.0191579 -0.0167726
weights matrix:
 -0.781708 0.0553105 0.0826978
 1.34827 -1.04892 -0.345162
 -1.72654 0.600576 1.29394
 -1.38342 -0.163058 1.29043
 0.58645 0.184583 -1.75105
regression_error on 'test' 0.111727
classification_error on 'test' 0.131579
Save,1230,0.111727,0.131579
sample_count 75 Sample index 33
 i 0:0.559279 i 1:0.480944 i 2:0.672581 i 3:0.719493 bias 1
 test_print 3.4323
net matrix:
 -1.3589 -0.00233878 -0.0720646
outputs matrix:
 0.0619317 0.498831 0.46403
error matrix:
 -0.0619317 -0.498831 0.53597
delta matrix:
 -0.00719598 -0.249414 0.266598
weights_delta matrix:
 -0.000402456 -0.0139492 0.0149103
 -0.000346086 -0.0119954 0.0128219
 -0.000483988 -0.0167751 0.0179309
 -0.000517746 -0.0179452 0.0191815
 -0.000719598 -0.0249414 0.0266598
weights matrix:
 -0.78211 0.0413613 0.0976081
 1.34793 -1.06092 -0.33234
 -1.72702 0.583801 1.31187
 -1.38393 -0.181003 1.30961
 0.58573 0.159641 -1.72439
regression_error on 'test' 0.106461
classification_error on 'test' 0.105263
Save,1231,0.106461,0.105263
sample_count 75 Sample index 44
 i 0:0.536183 i 1:0.375074 i 2:0.702823 i 3:0.646491 bias 1
 test_print 3.26057
net matrix:
 -1.43654 0.0771881 -0.0280384
outputs matrix:
 0.0535 0.538518 0.485984
error matrix:
 -0.0535 0.461482 -0.485984
delta matrix:
 -0.00541824 0.229372 -0.242801
weights_delta matrix:
 -0.000290517 0.0122985 -0.0130186
 -0.000203224 0.00860314 -0.00910685
 -0.000380806 0.0161208 -0.0170646
 -0.000350284 0.0148287 -0.0156969
 -0.000541824 0.0229372 -0.0242801
weights matrix:
 -0.782401 0.0536598 0.0845895
 1.34772 -1.05231 -0.341447
 -1.7274 0.599922 1.29481
 -1.38428 -0.166174 1.29392
 0.585189 0.182578 -1.74867
regression_error on 'test' 0.111049
classification_error on 'test' 0.105263
Save,1232,0.111049,0.105263
sample_count 75 Sample index 55
 i 0:0.628566 i 1:0.551523 i 2:0.612097 i 3:0.60999 bias 1
 test_print 3.40218
net matrix:
 -1.06504 -0.0982225 -0.301991
outputs matrix:
 0.106207 0.451046 0.353433
error matrix:
 -0.106207 0.548954 -0.353433
delta matrix:
 -0.0201639 0.271846 -0.161532
weights_delta matrix:
 -0.00126744 0.0170873 -0.0101533
 -0.00111209 0.0149929 -0.00890885
 -0.00123423 0.0166396 -0.00988731
 -0.00122998 0.0165823 -0.00985327
 -0.00201639 0.0271846 -0.0161532
weights matrix:
 -0.783668 0.0707471 0.0744362
 1.34661 -1.03732 -0.350356
 -1.72864 0.616561 1.28492
 -1.38551 -0.149592 1.28406
 0.583172 0.209763 -1.76482
regression_error on 'test' 0.116512
classification_error on 'test' 0.157895
Save,1233,0.116512,0.157895
sample_count 75 Sample index 44
 i 0:0.536183 i 1:0.375074 i 2:0.702823 i 3:0.646491 bias 1
 test_print 3.26057
net matrix:
 -1.44259 0.195248 -0.123114
outputs matrix:
 0.0528912 0.596402 0.438752
error matrix:
 -0.0528912 0.403598 -0.438752
delta matrix:
 -0.00529904 0.194297 -0.216084
weights_delta matrix:
 -0.000284126 0.0104179 -0.0115861
 -0.000198753 0.00728759 -0.00810476
 -0.000372429 0.0136557 -0.0151869
 -0.000342578 0.0125612 -0.0139697
 -0.000529904 0.0194297 -0.0216084
weights matrix:
 -0.783953 0.081165 0.0628501
 1.34641 -1.03003 -0.358461
 -1.72901 0.630217 1.26973
 -1.38586 -0.137031 1.27009
 0.582642 0.229193 -1.78643
regression_error on 'test' 0.121832
classification_error on 'test' 0.236842
Save,1234,0.121832,0.236842
sample_count 75 Sample index 62
 i 0:0.582374 i 1:0.622103 i 2:0.748185 i 3:0.901998 bias 1
 test_print 3.85466
net matrix:
 -1.57996 -0.0164083 0.122789
outputs matrix:
 0.0407018 0.491797 0.561088
error matrix:
 -0.0407018 -0.491797 0.438912
delta matrix:
 -0.00317842 -0.245832 0.21618
weights_delta matrix:
 -0.000185103 -0.0143166 0.0125898
 -0.00019773 -0.0152933 0.0134486
 -0.000237805 -0.0183928 0.0161743
 -0.000286693 -0.022174 0.0194994
 -0.000317842 -0.0245832 0.021618
weights matrix:
 -0.784138 0.0668484 0.0754399
 1.34621 -1.04533 -0.345012
 -1.72925 0.611824 1.28591
 -1.38614 -0.159205 1.28959
 0.582325 0.20461 -1.76481
regression_error on 'test' 0.114875
classification_error on 'test' 0.157895
Save,1235,0.114875,0.157895
sample_count 75 Sample index 50
 i 0:0.489992 i 1:0.833841 i 2:0.113105 i 3:0.135476 bias 1
 test_print 2.57241
net matrix:
 0.937255 -0.58664 -1.69538
outputs matrix:
 0.866979 0.236263 0.0325853
error matrix:
 0.133021 -0.236263 -0.0325853
delta matrix:
 0.0306815 -0.0852638 -0.00205441
weights_delta matrix:
 0.00150337 -0.00417786 -0.000100664
 0.00255835 -0.00710964 -0.000171305
 0.000347023 -0.000964376 -2.32364e-05
 0.000415661 -0.00115512 -2.78323e-05
 0.00306815 -0.00852638 -0.000205441
weights matrix:
 -0.782634 0.0626705 0.0753392
 1.34877 -1.05244 -0.345183
 -1.7289 0.61086 1.28589
 -1.38573 -0.16036 1.28957
 0.585393 0.196083 -1.76502
regression_error on 'test' 0.11387
classification_error on 'test' 0.131579
Save,1236,0.11387,0.131579
sample_count 75 Sample index 56
 i 0:0.328323 i 1:0.727972 i 2:0.158468 i 3:0.208478 bias 1
 test_print 2.42324
net matrix:
 0.747435 -0.486115 -1.51895
outputs matrix:
 0.816808 0.274436 0.0457428
error matrix:
 0.183192 -0.274436 -0.0457428
delta matrix:
 0.054823 -0.109292 -0.00399338
weights_delta matrix:
 0.00179997 -0.00358831 -0.000131112
 0.00399096 -0.00795616 -0.000290707
 0.00086877 -0.00173193 -6.32823e-05
 0.00114294 -0.0022785 -8.32532e-05
 0.0054823 -0.0109292 -0.000399338
weights matrix:
 -0.780834 0.0590822 0.0752081
 1.35276 -1.06039 -0.345474
 -1.72803 0.609128 1.28582
 -1.38458 -0.162638 1.28948
 0.590875 0.185154 -1.76542
regression_error on 'test' 0.112681
classification_error on 'test' 0.131579
Save,1237,0.112681,0.131579
sample_count 75 Sample index 44
 i 0:0.536183 i 1:0.375074 i 2:0.702823 i 3:0.646491 bias 1
 test_print 3.26057
net matrix:
 -1.43003 0.142072 -0.117328
outputs matrix:
 0.0541635 0.570562 0.441604
error matrix:
 -0.0541635 0.429438 -0.441604
delta matrix:
 -0.00554956 0.210443 -0.21779
weights_delta matrix:
 -0.000297558 0.0112836 -0.0116775
 -0.00020815 0.00789316 -0.00816874
 -0.000390036 0.0147904 -0.0153068
 -0.000358774 0.0136049 -0.0140799
 -0.000554956 0.0210443 -0.021779
weights matrix:
 -0.781132 0.0703658 0.0635306
 1.35255 -1.0525 -0.353643
 -1.72842 0.623918 1.27052
 -1.38494 -0.149033 1.2754
 0.59032 0.206198 -1.7872
regression_error on 'test' 0.117885
classification_error on 'test' 0.184211
Save,1238,0.117885,0.184211
sample_count 75 Sample index 58
 i 0:0.282131 i 1:0.516233 i 2:0.158468 i 3:0.0989754 bias 1
 test_print 2.05581
net matrix:
 0.657197 -0.233164 -1.62427
outputs matrix:
 0.788247 0.385486 0.0373797
error matrix:
 0.211753 -0.385486 -0.0373797
delta matrix:
 0.0706887 -0.182633 -0.00269002
weights_delta matrix:
 0.00199435 -0.00515264 -7.58938e-05
 0.00364918 -0.00942811 -0.000138868
 0.00112019 -0.00289414 -4.26282e-05
 0.000699644 -0.00180762 -2.66246e-05
 0.00706887 -0.0182633 -0.000269002
weights matrix:
 -0.779138 0.0652131 0.0634547
 1.3562 -1.06193 -0.353782
 -1.7273 0.621024 1.27047
 -1.38424 -0.150841 1.27538
 0.597389 0.187935 -1.78747
regression_error on 'test' 0.116045
classification_error on 'test' 0.157895
Save,1239,0.116045,0.157895
sample_count 75 Sample index 24
 i 0:0.466896 i 1:0.445654 i 2:0.566734 i 3:0.536988 bias 1
 test_print 3.01627
net matrix:
 -0.884233 0.0160862 -0.510623
outputs matrix:
 0.145733 0.508042 0.264785
error matrix:
 -0.145733 0.491958 -0.264785
delta matrix:
 -0.0362861 0.245915 -0.103093
weights_delta matrix:
 -0.00169418 0.0114817 -0.00481339
 -0.0016171 0.0109593 -0.0045944
 -0.00205646 0.0139368 -0.00584265
 -0.00194852 0.0132053 -0.00553599
 -0.00362861 0.0245915 -0.0103093
weights matrix:
 -0.780832 0.0766948 0.0586413
 1.35459 -1.05097 -0.358376
 -1.72936 0.634961 1.26463
 -1.38619 -0.137636 1.26984
 0.59376 0.212527 -1.79778
regression_error on 'test' 0.120575
classification_error on 'test' 0.236842
Save,1240,0.120575,0.236842
sample_count 75 Sample index 71
 i 0:0.143558 i 1:0.480944 i 2:0.0979839 i 3:0.0989754 bias 1
 test_print 1.82146
net matrix:
 0.826498 -0.233327 -1.71212
outputs matrix:
 0.839295 0.385409 0.0315464
error matrix:
 0.160705 -0.385409 -0.0315464
delta matrix:
 0.0433512 -0.182583 -0.00192757
weights_delta matrix:
 0.000622341 -0.00262112 -2.76718e-05
 0.00208495 -0.0087812 -9.27051e-05
 0.000424772 -0.00178902 -1.8887e-05
 0.00042907 -0.00180712 -1.90782e-05
 0.00433512 -0.0182583 -0.000192757
weights matrix:
 -0.780209 0.0740737 0.0586136
 1.35667 -1.05975 -0.358469
 -1.72893 0.633172 1.26461
 -1.38576 -0.139443 1.26982
 0.598095 0.194268 -1.79797
regression_error on 'test' 0.118828
classification_error on 'test' 0.210526
Save,1241,0.118828,0.210526
sample_count 75 Sample index 62
 i 0:0.582374 i 1:0.622103 i 2:0.748185 i 3:0.901998 bias 1
 test_print 3.85466
net matrix:
 -1.55581 -0.0739138 0.1047
outputs matrix:
 0.0426307 0.46311 0.55216
error matrix:
 -0.0426307 -0.46311 0.44784
delta matrix:
 -0.0034798 -0.230295 0.221483
weights_delta matrix:
 -0.000202655 -0.0134118 0.0128986
 -0.000216479 -0.0143267 0.0137785
 -0.000260354 -0.0172303 0.016571
 -0.000313877 -0.0207725 0.0199777
 -0.00034798 -0.0230295 0.0221483
weights matrix:
 -0.780412 0.0606619 0.0715122
 1.35646 -1.07408 -0.34469
 -1.72919 0.615942 1.28118
 -1.38608 -0.160215 1.2898
 0.597747 0.171239 -1.77582
regression_error on 'test' 0.112395
classification_error on 'test' 0.131579
Save,1242,0.112395,0.131579
sample_count 75 Sample index 18
 i 0:0.513088 i 1:0.480944 i 2:0.566734 i 3:0.60999 bias 1
 test_print 3.17076
net matrix:
 -0.97578 -0.0628614 -0.392051
outputs matrix:
 0.124383 0.468611 0.313436
error matrix:
 -0.124383 0.531389 -0.313436
delta matrix:
 -0.0270937 0.264648 -0.134899
weights_delta matrix:
 -0.00139014 0.0135787 -0.00692152
 -0.00130305 0.0127281 -0.0064879
 -0.00153549 0.0149985 -0.0076452
 -0.00165269 0.0161432 -0.00822872
 -0.00270937 0.0264648 -0.0134899
weights matrix:
 -0.781802 0.0742407 0.0645907
 1.35515 -1.06135 -0.351178
 -1.73073 0.63094 1.27354
 -1.38773 -0.144072 1.28157
 0.595038 0.197704 -1.78931
regression_error on 'test' 0.117337
classification_error on 'test' 0.184211
Save,1243,0.117337,0.184211
sample_count 75 Sample index 19
 i 0:0.674757 i 1:0.480944 i 2:0.596976 i 3:0.573489 bias 1
 test_print 3.32617
net matrix:
 -1.10979 0.0313814 -0.419387
outputs matrix:
 0.0980062 0.515686 0.301793
error matrix:
 -0.0980062 0.484314 -0.301793
delta matrix:
 -0.0173277 0.241919 -0.127184
weights_delta matrix:
 -0.0011692 0.0163236 -0.00858183
 -0.000833365 0.0116349 -0.00611684
 -0.00103442 0.014442 -0.00759258
 -0.000993724 0.0138738 -0.00729386
 -0.00173277 0.0241919 -0.0127184
weights matrix:
 -0.782971 0.0905643 0.0560089
 1.35432 -1.04971 -0.357295
 -1.73176 0.645382 1.26594
 -1.38872 -0.130198 1.27428
 0.593305 0.221895 -1.80203
regression_error on 'test' 0.122625
classification_error on 'test' 0.263158
Save,1244,0.122625,0.263158
sample_count 75 Sample index 45
 i 0:0.697853 i 1:0.586813 i 2:0.793548 i 3:0.975 bias 1
 test_print 4.05321
net matrix:
 -1.88661 0.0543091 0.274398
outputs matrix:
 0.022462 0.527128 0.633856
error matrix:
 -0.022462 -0.527128 0.366144
delta matrix:
 -0.000986418 -0.262788 0.169951
weights_delta matrix:
 -6.88375e-05 -0.0183387 0.0118601
 -5.78843e-05 -0.0154207 0.00997295
 -7.8277e-05 -0.0208535 0.0134864
 -9.61758e-05 -0.0256218 0.0165702
 -9.86418e-05 -0.0262788 0.0169951
weights matrix:
 -0.78304 0.0722256 0.067869
 1.35426 -1.06513 -0.347322
 -1.73184 0.624529 1.27943
 -1.38882 -0.15582 1.29085
 0.593207 0.195617 -1.78503
regression_error on 'test' 0.115457
classification_error on 'test' 0.157895
Save,1245,0.115457,0.157895
sample_count 75 Sample index 25
 i 0:0.628566 i 1:0.410364 i 2:0.778427 i 3:0.865497 bias 1
 test_print 3.68285
net matrix:
 -1.89338 0.155211 0.228265
outputs matrix:
 0.0221665 0.576988 0.612191
error matrix:
 -0.0221665 -0.576988 0.387809
delta matrix:
 -0.000960925 -0.281654 0.184142
weights_delta matrix:
 -6.04005e-05 -0.0177038 0.0115746
 -3.94329e-05 -0.0115581 0.00755653
 -7.4801e-05 -0.0219247 0.0143341
 -8.31677e-05 -0.0243771 0.0159375
 -9.60925e-05 -0.0281654 0.0184142
weights matrix:
 -0.783101 0.0545218 0.0794435
 1.35422 -1.07669 -0.339765
 -1.73192 0.602604 1.29377
 -1.3889 -0.180197 1.30678
 0.593111 0.167451 -1.76662
regression_error on 'test' 0.109339
classification_error on 'test' 0.0789474
Save,1246,0.109339,0.0789474
sample_count 75 Sample index 41
 i 0:0.674757 i 1:0.445654 i 2:0.627218 i 3:0.536988 bias 1
 test_print 3.28462
net matrix:
 -1.16389 0.00560836 -0.351232
outputs matrix:
 0.0888479 0.502804 0.331266
error matrix:
 -0.0888479 0.497196 -0.331266
delta matrix:
 -0.0143852 0.24859 -0.14677
weights_delta matrix:
 -0.00097065 0.0167738 -0.0099034
 -0.000641081 0.0110785 -0.00654086
 -0.000902264 0.015592 -0.00920567
 -0.000772467 0.013349 -0.00788137
 -0.00143852 0.024859 -0.014677
weights matrix:
 -0.784071 0.0712955 0.0695401
 1.35358 -1.06561 -0.346306
 -1.73282 0.618196 1.28456
 -1.38968 -0.166848 1.2989
 0.591672 0.19231 -1.7813
regression_error on 'test' 0.113921
classification_error on 'test' 0.157895
Save,1247,0.113921,0.157895
sample_count 75 Sample index 73
 i 0:0.582374 i 1:0.410364 i 2:0.65746 i 3:0.719493 bias 1
 test_print 3.36969
net matrix:
 -1.44861 0.0829345 -0.103812
outputs matrix:
 0.052291 0.541372 0.448279
error matrix:
 -0.052291 -0.541372 0.551721
delta matrix:
 -0.00518273 -0.268833 0.272909
weights_delta matrix:
 -0.000301829 -0.0156561 0.0158935
 -0.000212681 -0.0110319 0.0111992
 -0.000340744 -0.0176747 0.0179426
 -0.000372894 -0.0193423 0.0196356
 -0.000518273 -0.0268833 0.0272909
weights matrix:
 -0.784373 0.0556394 0.0854336
 1.35337 -1.07665 -0.335107
 -1.73316 0.600521 1.3025
 -1.39005 -0.186191 1.31854
 0.591154 0.165427 -1.75401
regression_error on 'test' 0.107945
classification_error on 'test' 0.0789474
Save,1248,0.107945,0.0789474
sample_count 75 Sample index 5
 i 0:0.536183 i 1:0.198626 i 2:0.687702 i 3:0.60999 bias 1
 test_print 3.0325
net matrix:
 -1.60041 0.280815 -0.0747305
outputs matrix:
 0.0391346 0.63683 0.462704
error matrix:
 -0.0391346 -0.63683 0.537296
delta matrix:
 -0.00294317 -0.294569 0.267153
weights_delta matrix:
 -0.000157808 -0.0157943 0.0143243
 -5.8459e-05 -0.00585091 0.00530636
 -0.000202402 -0.0202576 0.0183722
 -0.00017953 -0.0179684 0.0162961
 -0.000294317 -0.0294569 0.0267153
weights matrix:
 -0.784531 0.0398451 0.0997579
 1.35331 -1.0825 -0.329801
 -1.73336 0.580264 1.32087
 -1.39023 -0.204159 1.33483
 0.590859 0.13597 -1.72729
regression_error on 'test' 0.103274
classification_error on 'test' 0.0789474
Save,1249,0.103274,0.0789474
sample_count 75 Sample index 18
 i 0:0.513088 i 1:0.480944 i 2:0.566734 i 3:0.60999 bias 1
 test_print 3.17076
net matrix:
 -0.991189 -0.159886 -0.271902
outputs matrix:
 0.121066 0.420731 0.367303
error matrix:
 -0.121066 0.579269 -0.367303
delta matrix:
 -0.0257649 0.282355 -0.170716
weights_delta matrix:
 -0.00132196 0.0144873 -0.00875925
 -0.00123915 0.0135797 -0.0082105
 -0.00146018 0.016002 -0.00967507
 -0.00157163 0.0172233 -0.0104135
 -0.00257649 0.0282355 -0.0170716
weights matrix:
 -0.785853 0.0543324 0.0909987
 1.35207 -1.06892 -0.338011
 -1.73482 0.596266 1.3112
 -1.3918 -0.186936 1.32442
 0.588283 0.164205 -1.74436
regression_error on 'test' 0.107261
classification_error on 'test' 0.0526316
Save,1250,0.107261,0.0526316
sample_count 75 Sample index 50
 i 0:0.489992 i 1:0.833841 i 2:0.113105 i 3:0.135476 bias 1
 test_print 2.57241
net matrix:
 0.94586 -0.658363 -1.65389
outputs matrix:
 0.868952 0.211363 0.0353052
error matrix:
 0.131048 -0.211363 -0.0353052
delta matrix:
 0.0298462 -0.0704639 -0.0024049
weights_delta matrix:
 0.00146244 -0.00345267 -0.000117838
 0.0024887 -0.00587557 -0.000200531
 0.000337576 -0.000796982 -2.72007e-05
 0.000404345 -0.000954617 -3.25807e-05
 0.00298462 -0.00704639 -0.00024049
weights matrix:
 -0.78439 0.0508797 0.0908808
 1.35456 -1.07479 -0.338212
 -1.73449 0.595469 1.31117
 -1.3914 -0.18789 1.32439
 0.591268 0.157159 -1.7446
regression_error on 'test' 0.106587
classification_error on 'test' 0.0526316
Save,1251,0.106587,0.0526316
sample_count 75 Sample index 41
 i 0:0.674757 i 1:0.445654 i 2:0.627218 i 3:0.536988 bias 1
 test_print 3.28462
net matrix:
 -1.1694 -0.014901 -0.300434
outputs matrix:
 0.0879595 0.49255 0.354145
error matrix:
 -0.0879595 0.50745 -0.354145
delta matrix:
 -0.0141127 0.253669 -0.162005
weights_delta matrix:
 -0.000952263 0.0171165 -0.0109314
 -0.000628937 0.0113048 -0.0072198
 -0.000885173 0.0159106 -0.0101612
 -0.000757834 0.0136217 -0.00869945
 -0.00141127 0.0253669 -0.0162005
weights matrix:
 -0.785343 0.0679962 0.0799495
 1.35393 -1.06349 -0.345432
 -1.73537 0.611379 1.30101
 -1.39215 -0.174269 1.31569
 0.589856 0.182526 -1.7608
regression_error on 'test' 0.110936
classification_error on 'test' 0.105263
Save,1252,0.110936,0.105263
sample_count 75 Sample index 74
 i 0:0.443801 i 1:0.480944 i 2:0.551613 i 3:0.536988 bias 1
 test_print 3.01335
net matrix:
 -0.812338 -0.0551105 -0.467291
outputs matrix:
 0.164561 0.472473 0.281996
error matrix:
 -0.164561 0.527527 -0.281996
delta matrix:
 -0.045248 0.262964 -0.114194
weights_delta matrix:
 -0.00200811 0.0116704 -0.00506793
 -0.00217617 0.0126471 -0.00549208
 -0.00249594 0.0145054 -0.00629908
 -0.00242976 0.0141209 -0.00613207
 -0.0045248 0.0262964 -0.0114194
weights matrix:
 -0.787351 0.0796666 0.0748815
 1.35175 -1.05084 -0.350924
 -1.73787 0.625885 1.29471
 -1.39458 -0.160148 1.30956
 0.585332 0.208822 -1.77222
regression_error on 'test' 0.115354
classification_error on 'test' 0.157895
Save,1253,0.115354,0.157895
sample_count 75 Sample index 52
 i 0:0.443801 i 1:0.410364 i 2:0.672581 i 3:0.792495 bias 1
 test_print 3.31924
net matrix:
 -1.48344 0.106993 0.0256188
outputs matrix:
 0.0489447 0.553294 0.512807
error matrix:
 -0.0489447 -0.553294 0.487193
delta matrix:
 -0.00455667 -0.273504 0.243437
weights_delta matrix:
 -0.000202225 -0.0121381 0.0108038
 -0.000186989 -0.0112236 0.00998977
 -0.000306473 -0.0183953 0.0163731
 -0.000361113 -0.021675 0.0192923
 -0.000455667 -0.0273504 0.0243437
weights matrix:
 -0.787553 0.0675285 0.0856853
 1.35157 -1.06206 -0.340934
 -1.73817 0.607489 1.31108
 -1.39494 -0.181823 1.32885
 0.584876 0.181472 -1.74788
regression_error on 'test' 0.109451
classification_error on 'test' 0.0789474
Save,1254,0.109451,0.0789474
sample_count 75 Sample index 54
 i 0:0.305227 i 1:0.622103 i 2:0.158468 i 3:0.135476 bias 1
 test_print 2.22127
net matrix:
 0.720881 -0.386995 -1.54603
outputs matrix:
 0.808727 0.315617 0.0434361
error matrix:
 0.191273 -0.315617 -0.0434361
delta matrix:
 0.059175 -0.136348 -0.00360948
weights_delta matrix:
 0.00180618 -0.00416172 -0.000110171
 0.00368129 -0.00848227 -0.000224547
 0.000937734 -0.00216068 -5.71987e-05
 0.000801679 -0.00184719 -4.88998e-05
 0.0059175 -0.0136348 -0.000360948
weights matrix:
 -0.785747 0.0633667 0.0855751
 1.35525 -1.07055 -0.341158
 -1.73724 0.605329 1.31103
 -1.39414 -0.18367 1.3288
 0.590793 0.167837 -1.74824
regression_error on 'test' 0.108167
classification_error on 'test' 0.0526316
Save,1255,0.108167,0.0526316
sample_count 75 Sample index 57
 i 0:0.374514 i 1:0.727972 i 2:0.158468 i 3:0.135476 bias 1
 test_print 2.39643
net matrix:
 0.818934 -0.516716 -1.57677
outputs matrix:
 0.837245 0.262419 0.0409522
error matrix:
 0.162755 -0.262419 -0.0409522
delta matrix:
 0.0443561 -0.101585 -0.0032168
weights_delta matrix:
 0.0016612 -0.00380451 -0.000120474
 0.003229 -0.00739512 -0.000234174
 0.000702903 -0.0016098 -5.09761e-05
 0.000600919 -0.00137624 -4.358e-05
 0.00443561 -0.0101585 -0.00032168
weights matrix:
 -0.784086 0.0595622 0.0854546
 1.35848 -1.07794 -0.341393
 -1.73653 0.603719 1.31098
 -1.39354 -0.185046 1.32876
 0.595229 0.157679 -1.74856
regression_error on 'test' 0.107215
classification_error on 'test' 0.0526316
Save,1256,0.107215,0.0526316
sample_count 75 Sample index 14
 i 0:0.697853 i 1:0.516233 i 2:0.778427 i 3:0.938499 bias 1
 test_print 3.93101
net matrix:
 -1.91026 -0.0609391 0.402371
outputs matrix:
 0.0214465 0.469568 0.690988
error matrix:
 -0.0214465 -0.469568 0.309012
delta matrix:
 -0.000900173 -0.233914 0.131963
weights_delta matrix:
 -6.28188e-05 -0.0163238 0.00920906
 -4.64699e-05 -0.0120754 0.00681235
 -7.00719e-05 -0.0182085 0.0102723
 -8.44811e-05 -0.0219528 0.0123847
 -9.00173e-05 -0.0233914 0.0131963
weights matrix:
 -0.784148 0.0432384 0.0946637
 1.35843 -1.09002 -0.33458
 -1.7366 0.58551 1.32125
 -1.39363 -0.206999 1.34114
 0.595139 0.134287 -1.73536
regression_error on 'test' 0.103242
classification_error on 'test' 0.0789474
Save,1257,0.103242,0.0789474
sample_count 75 Sample index 7
 i 0:0.651661 i 1:0.410364 i 2:0.627218 i 3:0.60999 bias 1
 test_print 3.29923
net matrix:
 -1.29774 -0.0438642 -0.164183
outputs matrix:
 0.0694305 0.478082 0.418638
error matrix:
 -0.0694305 0.521918 -0.418638
delta matrix:
 -0.0089718 0.260458 -0.203777
weights_delta matrix:
 -0.000584657 0.016973 -0.0132793
 -0.00036817 0.0106882 -0.00836226
 -0.000562727 0.0163364 -0.0127812
 -0.000547271 0.0158877 -0.0124302
 -0.00089718 0.0260458 -0.0203777
weights matrix:
 -0.784733 0.0602115 0.0813844
 1.35806 -1.07933 -0.342943
 -1.73717 0.601847 1.30847
 -1.39417 -0.191111 1.32871
 0.594242 0.160333 -1.75574
regression_error on 'test' 0.107385
classification_error on 'test' 0.0526316
Save,1258,0.107385,0.0526316
sample_count 75 Sample index 63
 i 0:0.420705 i 1:0.904421 i 2:0.143347 i 3:0.135476 bias 1
 test_print 2.60395
net matrix:
 1.05447 -0.730121 -1.66409
outputs matrix:
 0.891768 0.18843 0.0346167
error matrix:
 0.108232 -0.18843 -0.0346167
delta matrix:
 0.0208925 -0.0576311 -0.00231367
weights_delta matrix:
 0.000878959 -0.00242457 -9.73371e-05
 0.00188956 -0.00521228 -0.000209253
 0.000299488 -0.000826125 -3.31657e-05
 0.000283043 -0.000780764 -3.13446e-05
 0.00208925 -0.00576311 -0.000231367
weights matrix:
 -0.783854 0.0577869 0.081287
 1.35995 -1.08454 -0.343152
 -1.73687 0.601021 1.30843
 -1.39389 -0.191892 1.32868
 0.596331 0.15457 -1.75597
regression_error on 'test' 0.106845
classification_error on 'test' 0.0526316
Save,1259,0.106845,0.0526316
sample_count 75 Sample index 56
 i 0:0.328323 i 1:0.727972 i 2:0.158468 i 3:0.208478 bias 1
 test_print 2.42324
net matrix:
 0.763147 -0.560735 -1.49474
outputs matrix:
 0.821464 0.245739 0.0479029
error matrix:
 0.178536 -0.245739 -0.0479029
delta matrix:
 0.0523687 -0.0910958 -0.00436954
weights_delta matrix:
 0.00171939 -0.00299089 -0.000143462
 0.0038123 -0.00663152 -0.00031809
 0.000829877 -0.00144358 -6.92432e-05
 0.00109177 -0.00189915 -9.10953e-05
 0.00523687 -0.00910958 -0.000436954
weights matrix:
 -0.782135 0.054796 0.0811436
 1.36376 -1.09117 -0.34347
 -1.73604 0.599577 1.30837
 -1.3928 -0.193791 1.32859
 0.601568 0.14546 -1.75641
regression_error on 'test' 0.106054
classification_error on 'test' 0.0526316
Save,1260,0.106054,0.0526316
sample_count 75 Sample index 66
 i 0:0.60547 i 1:0.304495 i 2:0.672581 i 3:0.60999 bias 1
 test_print 3.19254
net matrix:
 -1.47395 0.131435 -0.121459
outputs matrix:
 0.0498359 0.565341 0.439567
error matrix:
 -0.0498359 0.434659 -0.439567
delta matrix:
 -0.00471969 0.213618 -0.216573
weights_delta matrix:
 -0.000285763 0.0129339 -0.0131128
 -0.000143712 0.00650455 -0.00659454
 -0.000317437 0.0143675 -0.0145663
 -0.000287896 0.0130305 -0.0132107
 -0.000471969 0.0213618 -0.0216573
weights matrix:
 -0.782421 0.0677299 0.0680307
 1.36362 -1.08467 -0.350064
 -1.73635 0.613945 1.2938
 -1.39309 -0.180761 1.31538
 0.601096 0.166822 -1.77807
regression_error on 'test' 0.110245
classification_error on 'test' 0.105263
Save,1261,0.110245,0.105263
sample_count 75 Sample index 74
 i 0:0.443801 i 1:0.480944 i 2:0.551613 i 3:0.536988 bias 1
 test_print 3.01335
net matrix:
 -0.796184 -0.0831903 -0.496219
outputs matrix:
 0.169051 0.458501 0.270431
error matrix:
 -0.169051 0.541499 -0.270431
delta matrix:
 -0.0474942 0.268885 -0.106711
weights_delta matrix:
 -0.0021078 0.0119331 -0.00473584
 -0.0022842 0.0129318 -0.00513219
 -0.00261984 0.014832 -0.00588631
 -0.00255038 0.0144388 -0.00573024
 -0.00474942 0.0268885 -0.0106711
weights matrix:
 -0.784528 0.079663 0.0632949
 1.36134 -1.07174 -0.355197
 -1.73897 0.628777 1.28791
 -1.39564 -0.166322 1.30965
 0.596346 0.19371 -1.78874
regression_error on 'test' 0.11454
classification_error on 'test' 0.157895
Save,1262,0.11454,0.157895
sample_count 75 Sample index 25
 i 0:0.628566 i 1:0.410364 i 2:0.778427 i 3:0.865497 bias 1
 test_print 3.68285
net matrix:
 -1.89972 0.149488 0.241327
outputs matrix:
 0.0218932 0.574192 0.618374
error matrix:
 -0.0218932 -0.574192 0.381626
delta matrix:
 -0.000937639 -0.280775 0.180118
weights_delta matrix:
 -5.89368e-05 -0.0176485 0.0113216
 -3.84773e-05 -0.011522 0.00739138
 -7.29883e-05 -0.0218563 0.0140208
 -8.11524e-05 -0.024301 0.0155891
 -9.37639e-05 -0.0280775 0.0180118
weights matrix:
 -0.784587 0.0620145 0.0746165
 1.3613 -1.08326 -0.347805
 -1.73905 0.60692 1.30193
 -1.39572 -0.190623 1.32524
 0.596253 0.165633 -1.77073
regression_error on 'test' 0.108584
classification_error on 'test' 0.0789474
Save,1263,0.108584,0.0789474
sample_count 75 Sample index 23
 i 0:0.975 i 1:0.763262 i 2:0.899395 i 3:0.792495 bias 1
 test_print 4.43015
net matrix:
 -1.79988 -0.205919 0.257752
outputs matrix:
 0.0266031 0.398471 0.626096
error matrix:
 -0.0266031 -0.398471 0.373904
delta matrix:
 -0.0013778 -0.191021 0.175062
weights_delta matrix:
 -0.000134335 -0.0186245 0.0170685
 -0.000105162 -0.0145799 0.0133618
 -0.000123918 -0.0171803 0.015745
 -0.00010919 -0.0151383 0.0138736
 -0.00013778 -0.0191021 0.0175062
weights matrix:
 -0.784722 0.04339 0.091685
 1.36119 -1.09784 -0.334443
 -1.73917 0.58974 1.31768
 -1.39583 -0.205761 1.33911
 0.596115 0.146531 -1.75322
regression_error on 'test' 0.104202
classification_error on 'test' 0.0789474
Save,1264,0.104202,0.0789474
sample_count 75 Sample index 20
 i 0:0.489992 i 1:0.375074 i 2:0.521371 i 3:0.500487 bias 1
 test_print 2.88692
net matrix:
 -0.88319 -0.0394862 -0.476531
outputs matrix:
 0.145993 0.480267 0.278269
error matrix:
 -0.145993 0.519733 -0.278269
delta matrix:
 -0.0364045 0.259462 -0.111773
weights_delta matrix:
 -0.00178379 0.0127134 -0.00547678
 -0.00136544 0.00973173 -0.00419231
 -0.00189803 0.0135276 -0.00582751
 -0.001822 0.0129857 -0.00559408
 -0.00364045 0.0259462 -0.0111773
weights matrix:
 -0.786505 0.0561034 0.0862082
 1.35983 -1.08811 -0.338636
 -1.74107 0.603268 1.31185
 -1.39765 -0.192776 1.33352
 0.592474 0.172477 -1.7644
regression_error on 'test' 0.107472
classification_error on 'test' 0.0526316
Save,1265,0.107472,0.0526316
sample_count 75 Sample index 64
 i 0:0.282131 i 1:0.516233 i 2:0.158468 i 3:0.0989754 bias 1
 test_print 2.05581
net matrix:
 0.658328 -0.296892 -1.57502
outputs matrix:
 0.788625 0.355767 0.0410897
error matrix:
 0.211375 -0.355767 -0.0410897
delta matrix:
 0.0704707 -0.163081 -0.00323798
weights_delta matrix:
 0.0019882 -0.00460103 -9.13535e-05
 0.00363793 -0.0084188 -0.000167155
 0.00111673 -0.00258432 -5.13116e-05
 0.000697486 -0.0016141 -3.20481e-05
 0.00704707 -0.0163081 -0.000323798
weights matrix:
 -0.784517 0.0515023 0.0861168
 1.36346 -1.09652 -0.338803
 -1.73995 0.600683 1.3118
 -1.39695 -0.19439 1.33348
 0.599522 0.156169 -1.76472
regression_error on 'test' 0.106177
classification_error on 'test' 0.0526316
Save,1266,0.106177,0.0526316
sample_count 75 Sample index 74
 i 0:0.443801 i 1:0.480944 i 2:0.551613 i 3:0.536988 bias 1
 test_print 3.01335
net matrix:
 -0.802824 -0.121381 -0.449779
outputs matrix:
 0.167194 0.439606 0.289142
error matrix:
 -0.167194 0.560394 -0.289142
delta matrix:
 -0.0465602 0.276109 -0.11886
weights_delta matrix:
 -0.00206634 0.0122538 -0.005275
 -0.00223928 0.0132793 -0.00571648
 -0.00256832 0.0152305 -0.00655645
 -0.00250022 0.0148267 -0.00638262
 -0.00465602 0.0276109 -0.011886
weights matrix:
 -0.786584 0.0637561 0.0808418
 1.36123 -1.08325 -0.344519
 -1.74252 0.615914 1.30524
 -1.39945 -0.179563 1.3271
 0.594866 0.18378 -1.77661
regression_error on 'test' 0.110132
classification_error on 'test' 0.105263
Save,1267,0.110132,0.105263
sample_count 75 Sample index 1
 i 0:0.582374 i 1:0.445654 i 2:0.581855 i 3:0.536988 bias 1
 test_print 3.14687
net matrix:
 -1.02197 0.000106487 -0.410965
outputs matrix:
 0.114667 0.500053 0.305354
error matrix:
 -0.114667 0.499947 -0.305354
delta matrix:
 -0.0232815 0.249973 -0.129539
weights_delta matrix:
 -0.00135586 0.0145578 -0.00754402
 -0.00103755 0.0111402 -0.00577296
 -0.00135465 0.0145448 -0.0075373
 -0.00125019 0.0134233 -0.0069561
 -0.00232815 0.0249973 -0.0129539
weights matrix:
 -0.787939 0.0783139 0.0732978
 1.36019 -1.07211 -0.350292
 -1.74387 0.630459 1.29771
 -1.4007 -0.16614 1.32014
 0.592537 0.208777 -1.78956
regression_error on 'test' 0.114565
classification_error on 'test' 0.157895
Save,1268,0.114565,0.157895
sample_count 75 Sample index 34
 i 0:0.767139 i 1:0.551523 i 2:0.642339 i 3:0.573489 bias 1
 test_print 3.53449
net matrix:
 -1.18519 -0.012747 -0.335871
outputs matrix:
 0.0854591 0.493627 0.338107
error matrix:
 -0.0854591 0.506373 -0.338107
delta matrix:
 -0.0133583 0.253145 -0.15133
weights_delta matrix:
 -0.00102476 0.0194198 -0.0116091
 -0.000736739 0.0139616 -0.00834621
 -0.000858053 0.0162605 -0.00972053
 -0.000766081 0.0145176 -0.00867862
 -0.00133583 0.0253145 -0.015133
weights matrix:
 -0.788964 0.0977337 0.0616887
 1.35945 -1.05814 -0.358639
 -1.74473 0.646719 1.28799
 -1.40147 -0.151622 1.31147
 0.591202 0.234092 -1.8047
regression_error on 'test' 0.120337
classification_error on 'test' 0.210526
Save,1269,0.120337,0.210526
sample_count 75 Sample index 34
 i 0:0.767139 i 1:0.551523 i 2:0.642339 i 3:0.573489 bias 1
 test_print 3.53449
net matrix:
 -1.18871 0.0539358 -0.375734
outputs matrix:
 0.0849107 0.526942 0.320501
error matrix:
 -0.0849107 0.473058 -0.320501
delta matrix:
 -0.0131953 0.235842 -0.139598
weights_delta matrix:
 -0.00101226 0.0180924 -0.0107091
 -0.000727749 0.0130072 -0.00769914
 -0.000847583 0.0151491 -0.00896691
 -0.000756734 0.0135253 -0.00800578
 -0.00131953 0.0235842 -0.0139598
weights matrix:
 -0.789976 0.115826 0.0509796
 1.35872 -1.04514 -0.366338
 -1.74558 0.661868 1.27902
 -1.40222 -0.138097 1.30346
 0.589882 0.257676 -1.81865
regression_error on 'test' 0.126294
classification_error on 'test' 0.342105
Save,1270,0.126294,0.342105
sample_count 75 Sample index 3
 i 0:0.744044 i 1:0.516233 i 2:0.672581 i 3:0.60999 bias 1
 test_print 3.54285
net matrix:
 -1.32586 0.165244 -0.314498
outputs matrix:
 0.0658826 0.581878 0.347738
error matrix:
 -0.0658826 0.418122 -0.347738
delta matrix:
 -0.0081091 0.203455 -0.157745
weights_delta matrix:
 -0.000603353 0.0151379 -0.0117369
 -0.000418618 0.010503 -0.00814333
 -0.000545403 0.013684 -0.0106097
 -0.000494647 0.0124105 -0.00962231
 -0.00081091 0.0203455 -0.0157745
weights matrix:
 -0.79058 0.130964 0.0392427
 1.35831 -1.03463 -0.374481
 -1.74613 0.675552 1.26841
 -1.40272 -0.125686 1.29384
 0.589071 0.278021 -1.83443
regression_error on 'test' 0.132368
classification_error on 'test' 0.368421
Save,1271,0.132368,0.368421
sample_count 75 Sample index 30
 i 0:0.559279 i 1:0.410364 i 2:0.642339 i 3:0.500487 bias 1
 test_print 3.11247
net matrix:
 -1.11933 0.29772 -0.503858
outputs matrix:
 0.0963319 0.644612 0.267427
error matrix:
 -0.0963319 0.355388 -0.267427
delta matrix:
 -0.0167718 0.16283 -0.104783
weights_delta matrix:
 -0.000938011 0.00910672 -0.0058603
 -0.000688254 0.00668194 -0.00429993
 -0.00107732 0.0104592 -0.00673063
 -0.000839406 0.00814941 -0.00524426
 -0.00167718 0.016283 -0.0104783
weights matrix:
 -0.791518 0.140071 0.0333823
 1.35762 -1.02795 -0.378781
 -1.7472 0.686011 1.26168
 -1.40356 -0.117537 1.28859
 0.587394 0.294304 -1.84491
regression_error on 'test' 0.136744
classification_error on 'test' 0.394737
Save,1272,0.136744,0.394737
sample_count 75 Sample index 21
 i 0:0.836426 i 1:0.445654 i 2:0.884274 i 3:0.719493 bias 1
 test_print 3.88585
net matrix:
 -2.02448 0.475408 0.0570121
outputs matrix:
 0.0171415 0.721279 0.528475
error matrix:
 -0.0171415 -0.721279 0.471525
delta matrix:
 -0.000577589 -0.290005 0.234998
weights_delta matrix:
 -4.8311e-05 -0.0242568 0.0196558
 -2.57405e-05 -0.0129242 0.0104728
 -5.10747e-05 -0.0256444 0.0207802
 -4.15571e-05 -0.0208657 0.0169079
 -5.77589e-05 -0.0290005 0.0234998
weights matrix:
 -0.791566 0.115814 0.0530382
 1.35759 -1.04088 -0.368308
 -1.74725 0.660367 1.28246
 -1.4036 -0.138403 1.3055
 0.587336 0.265304 -1.82141
regression_error on 'test' 0.12689
classification_error on 'test' 0.342105
Save,1273,0.12689,0.342105
sample_count 75 Sample index 73
 i 0:0.582374 i 1:0.410364 i 2:0.65746 i 3:0.719493 bias 1
 test_print 3.36969
net matrix:
 -1.47517 0.240198 -0.159196
outputs matrix:
 0.04972 0.617841 0.421068
error matrix:
 -0.04972 -0.617841 0.578932
delta matrix:
 -0.00469833 -0.291761 0.282252
weights_delta matrix:
 -0.000273619 -0.0169914 0.0164376
 -0.000192803 -0.0119728 0.0115826
 -0.000308896 -0.0191821 0.018557
 -0.000338042 -0.020992 0.0203079
 -0.000469833 -0.0291761 0.0282252
weights matrix:
 -0.79184 0.0988225 0.0694758
 1.3574 -1.05285 -0.356726
 -1.74756 0.641185 1.30102
 -1.40394 -0.159395 1.32581
 0.586866 0.236128 -1.79318
regression_error on 'test' 0.118671
classification_error on 'test' 0.184211
Save,1274,0.118671,0.184211
sample_count 75 Sample index 26
 i 0:0.489992 i 1:0.339785 i 2:0.536492 i 3:0.500487 bias 1
 test_print 2.86676
net matrix:
 -0.980111 0.191023 -0.518815
outputs matrix:
 0.123443 0.594367 0.261607
error matrix:
 -0.123443 0.405633 -0.261607
delta matrix:
 -0.0267142 0.195592 -0.101069
weights_delta matrix:
 -0.00130898 0.00958386 -0.00495229
 -0.000907709 0.00664593 -0.00343417
 -0.0014332 0.0104934 -0.00542226
 -0.00133701 0.00978914 -0.00505836
 -0.00267142 0.0195592 -0.0101069
weights matrix:
 -0.793149 0.108406 0.0645235
 1.35649 -1.0462 -0.36016
 -1.749 0.651678 1.29559
 -1.40528 -0.149605 1.32075
 0.584195 0.255687 -1.80329
regression_error on 'test' 0.12255
classification_error on 'test' 0.236842
Save,1275,0.12255,0.236842
sample_count 75 Sample index 67
 i 0:0.443801 i 1:0.375074 i 2:0.566734 i 3:0.536988 bias 1
 test_print 2.9226
net matrix:
 -1.00485 0.200386 -0.466257
outputs matrix:
 0.118188 0.598873 0.282415
error matrix:
 -0.118188 0.401127 -0.282415
delta matrix:
 -0.0246349 0.192721 -0.114467
weights_delta matrix:
 -0.0010933 0.00855296 -0.00508004
 -0.000923992 0.00722845 -0.00429335
 -0.00139614 0.0109221 -0.00648722
 -0.00132287 0.0103489 -0.00614673
 -0.00246349 0.0192721 -0.0114467
weights matrix:
 -0.794242 0.116959 0.0594435
 1.35557 -1.03897 -0.364453
 -1.75039 0.6626 1.28911
 -1.4066 -0.139257 1.3146
 0.581731 0.274959 -1.81474
regression_error on 'test' 0.126827
classification_error on 'test' 0.315789
Save,1276,0.126827,0.315789
sample_count 75 Sample index 23
 i 0:0.975 i 1:0.763262 i 2:0.899395 i 3:0.792495 bias 1
 test_print 4.43015
net matrix:
 -1.84702 0.0815641 0.166281
outputs matrix:
 0.0242678 0.540692 0.582382
error matrix:
 -0.0242678 -0.540692 0.417618
delta matrix:
 -0.00114927 -0.268555 0.20314
weights_delta matrix:
 -0.000112054 -0.0261841 0.0198062
 -8.77196e-05 -0.0204978 0.0155049
 -0.000103365 -0.0241537 0.0182703
 -9.10793e-05 -0.0212829 0.0160988
 -0.000114927 -0.0268555 0.020314
weights matrix:
 -0.794354 0.0907751 0.0792496
 1.35548 -1.05947 -0.348948
 -1.7505 0.638447 1.30738
 -1.40669 -0.160539 1.3307
 0.581617 0.248104 -1.79442
regression_error on 'test' 0.118179
classification_error on 'test' 0.184211
Save,1277,0.118179,0.184211
sample_count 75 Sample index 44
 i 0:0.536183 i 1:0.375074 i 2:0.702823 i 3:0.646491 bias 1
 test_print 3.26057
net matrix:
 -1.4756 0.244323 -0.10367
outputs matrix:
 0.04968 0.619787 0.44835
error matrix:
 -0.04968 0.380213 -0.44835
delta matrix:
 -0.00469098 0.179195 -0.221783
weights_delta matrix:
 -0.000251522 0.00960813 -0.0118916
 -0.000175946 0.00672114 -0.0083185
 -0.000329693 0.0125942 -0.0155874
 -0.000303267 0.0115848 -0.0143381
 -0.000469098 0.0179195 -0.0221783
weights matrix:
 -0.794606 0.100383 0.067358
 1.3553 -1.05275 -0.357267
 -1.75082 0.651041 1.29179
 -1.40699 -0.148955 1.31636
 0.581147 0.266023 -1.8166
regression_error on 'test' 0.123364
classification_error on 'test' 0.236842
Save,1278,0.123364,0.236842
sample_count 75 Sample index 42
 i 0:0.651661 i 1:0.551523 i 2:0.702823 i 3:0.792495 bias 1
 test_print 3.6985
net matrix:
 -1.53474 0.0903432 -0.0186353
outputs matrix:
 0.0443839 0.545049 0.490683
error matrix:
 -0.0443839 -0.545049 0.509317
delta matrix:
 -0.00376499 -0.270312 0.25457
weights_delta matrix:
 -0.00024535 -0.0176152 0.0165893
 -0.000207648 -0.0149083 0.0140401
 -0.000264612 -0.0189982 0.0178918
 -0.000298374 -0.0214221 0.0201745
 -0.000376499 -0.0270312 0.025457
weights matrix:
 -0.794851 0.0827681 0.0839473
 1.3551 -1.06766 -0.343227
 -1.75109 0.632043 1.30968
 -1.40729 -0.170377 1.33654
 0.580771 0.238992 -1.79114
regression_error on 'test' 0.115718
classification_error on 'test' 0.157895
Save,1279,0.115718,0.157895
sample_count 75 Sample index 28
 i 0:0.305227 i 1:0.551523 i 2:0.113105 i 3:0.135476 bias 1
 test_print 2.10533
net matrix:
 0.696816 -0.276179 -1.62562
outputs matrix:
 0.801171 0.365318 0.0372825
error matrix:
 0.198829 -0.365318 -0.0372825
delta matrix:
 0.0633451 -0.169406 -0.00267633
weights_delta matrix:
 0.00193346 -0.00517072 -8.16888e-05
 0.00349363 -0.00934311 -0.000147606
 0.000716465 -0.00191606 -3.02706e-05
 0.000858174 -0.00229504 -3.62579e-05
 0.00633451 -0.0169406 -0.000267633
weights matrix:
 -0.792917 0.0775974 0.0838657
 1.35859 -1.077 -0.343374
 -1.75037 0.630127 1.30965
 -1.40643 -0.172672 1.3365
 0.587105 0.222051 -1.79141
regression_error on 'test' 0.113867
classification_error on 'test' 0.131579
Save,1280,0.113867,0.131579
sample_count 75 Sample index 63
 i 0:0.420705 i 1:0.904421 i 2:0.143347 i 3:0.135476 bias 1
 test_print 2.60395
net matrix:
 1.04081 -0.652433 -1.69788
outputs matrix:
 0.889104 0.213347 0.0324279
error matrix:
 0.110896 -0.213347 -0.0324279
delta matrix:
 0.0218684 -0.0716122 -0.00203494
weights_delta matrix:
 0.000920015 -0.00301276 -8.5611e-05
 0.00197782 -0.00647676 -0.000184044
 0.000313477 -0.00102654 -2.91703e-05
 0.000296264 -0.000970174 -2.75686e-05
 0.00218684 -0.00716122 -0.000203494
weights matrix:
 -0.791997 0.0745846 0.08378
 1.36057 -1.08348 -0.343558
 -1.75006 0.6291 1.30962
 -1.40614 -0.173642 1.33648
 0.589292 0.21489 -1.79161
regression_error on 'test' 0.113003
classification_error on 'test' 0.131579
Save,1281,0.113003,0.131579
sample_count 75 Sample index 17
 i 0:0.443801 i 1:0.304495 i 2:0.521371 i 3:0.463986 bias 1
 test_print 2.73365
net matrix:
 -0.912769 0.165504 -0.55614
outputs matrix:
 0.138771 0.582005 0.247446
error matrix:
 -0.138771 0.417995 -0.247446
delta matrix:
 -0.0331699 0.203376 -0.092157
weights_delta matrix:
 -0.00147208 0.00902584 -0.00408994
 -0.00101001 0.00619269 -0.00280613
 -0.00172938 0.0106034 -0.0048048
 -0.00153904 0.00943636 -0.00427596
 -0.00331699 0.0203376 -0.0092157
weights matrix:
 -0.79347 0.0836104 0.0796901
 1.35956 -1.07729 -0.346364
 -1.75179 0.639704 1.30482
 -1.40768 -0.164206 1.3322
 0.585975 0.235228 -1.80083
regression_error on 'test' 0.116361
classification_error on 'test' 0.157895
Save,1282,0.116361,0.157895
sample_count 75 Sample index 46
 i 0:0.928809 i 1:0.480944 i 2:0.854032 i 3:0.901998 bias 1
 test_print 4.16578
net matrix:
 -2.26294 0.192985 0.422601
outputs matrix:
 0.0107093 0.595312 0.69956
error matrix:
 -0.0107093 -0.595312 0.30044
delta matrix:
 -0.00022692 -0.28684 0.126291
weights_delta matrix:
 -2.10765e-05 -0.026642 0.01173
 -1.09136e-05 -0.0137954 0.00607387
 -1.93797e-05 -0.0244971 0.0107856
 -2.04681e-05 -0.0258729 0.0113914
 -2.2692e-05 -0.028684 0.0126291
weights matrix:
 -0.793491 0.0569685 0.0914201
 1.35955 -1.09108 -0.34029
 -1.75181 0.615206 1.3156
 -1.4077 -0.190079 1.34359
 0.585953 0.206544 -1.7882
regression_error on 'test' 0.109883
classification_error on 'test' 0.0789474
Save,1283,0.109883,0.0789474
sample_count 75 Sample index 39
 i 0:0.397609 i 1:0.622103 i 2:0.18871 i 3:0.135476 bias 1
 test_print 2.3439
net matrix:
 0.594938 -0.359226 -1.53326
outputs matrix:
 0.766719 0.327734 0.0445099
error matrix:
 0.233281 -0.327734 -0.0445099
delta matrix:
 0.0834497 -0.144416 -0.00378591
weights_delta matrix:
 0.00331804 -0.00574209 -0.000150531
 0.00519143 -0.00898414 -0.000235522
 0.00157478 -0.00272527 -7.14439e-05
 0.00113054 -0.00195648 -5.129e-05
 0.00834497 -0.0144416 -0.000378591
weights matrix:
 -0.790173 0.0512264 0.0912696
 1.36474 -1.10007 -0.340526
 -1.75023 0.612481 1.31553
 -1.40657 -0.192035 1.34354
 0.594298 0.192102 -1.78858
regression_error on 'test' 0.108433
classification_error on 'test' 0.0789474
Save,1284,0.108433,0.0789474
sample_count 75 Sample index 46
 i 0:0.928809 i 1:0.480944 i 2:0.854032 i 3:0.901998 bias 1
 test_print 4.16578
net matrix:
 -2.24673 0.0604748 0.467793
outputs matrix:
 0.0110581 0.530201 0.718207
error matrix:
 -0.0110581 -0.530201 0.281793
delta matrix:
 -0.00024186 -0.264133 0.114062
weights_delta matrix:
 -2.24642e-05 -0.0245329 0.0105941
 -1.16321e-05 -0.0127033 0.00548572
 -2.06557e-05 -0.0225578 0.00974122
 -2.18158e-05 -0.0238248 0.0102883
 -2.4186e-05 -0.0264133 0.0114062
weights matrix:
 -0.790195 0.0266935 0.101864
 1.36473 -1.11277 -0.33504
 -1.75025 0.589923 1.32527
 -1.40659 -0.21586 1.35383
 0.594273 0.165689 -1.77717
regression_error on 'test' 0.103727
classification_error on 'test' 0.0789474
Save,1285,0.103727,0.0789474
sample_count 75 Sample index 2
 i 0:0.466896 i 1:0.480944 i 2:0.566734 i 3:0.500487 bias 1
 test_print 3.01506
net matrix:
 -0.814216 -0.130733 -0.4621
outputs matrix:
 0.164045 0.435003 0.284103
error matrix:
 -0.164045 0.564997 -0.284103
delta matrix:
 -0.0449925 0.277725 -0.115567
weights_delta matrix:
 -0.00210068 0.0129669 -0.00539576
 -0.00216389 0.013357 -0.0055581
 -0.00254988 0.0157396 -0.00654955
 -0.00225182 0.0138998 -0.00578396
 -0.00449925 0.0277725 -0.0115567
weights matrix:
 -0.792296 0.0396603 0.0964679
 1.36256 -1.09941 -0.340598
 -1.7528 0.605663 1.31872
 -1.40884 -0.20196 1.34804
 0.589774 0.193461 -1.78873
regression_error on 'test' 0.107326
classification_error on 'test' 0.0789474
Save,1286,0.107326,0.0789474
sample_count 75 Sample index 73
 i 0:0.582374 i 1:0.410364 i 2:0.65746 i 3:0.719493 bias 1
 test_print 3.36969
net matrix:
 -1.47854 0.0182895 -0.0354039
outputs matrix:
 0.0494029 0.509144 0.482305
error matrix:
 -0.0494029 -0.509144 0.517695
delta matrix:
 -0.00464014 -0.254487 0.258523
weights_delta matrix:
 -0.00027023 -0.0148206 0.0150557
 -0.000190415 -0.0104432 0.0106089
 -0.000305071 -0.0167315 0.0169969
 -0.000333855 -0.0183101 0.0186006
 -0.000464014 -0.0254487 0.0258523
weights matrix:
 -0.792566 0.0248397 0.111524
 1.36237 -1.10986 -0.329989
 -1.75311 0.588932 1.33572
 -1.40917 -0.22027 1.36664
 0.58931 0.168012 -1.76288
regression_error on 'test' 0.102788
classification_error on 'test' 0.0789474
Save,1287,0.102788,0.0789474
sample_count 75 Sample index 37
 i 0:0.720948 i 1:0.551523 i 2:0.82379 i 3:0.901998 bias 1
 test_print 3.99826
net matrix:
 -1.94597 -0.139718 0.468591
outputs matrix:
 0.0199975 0.430592 0.71853
error matrix:
 -0.0199975 -0.430592 0.28147
delta matrix:
 -0.000783804 -0.211147 0.113852
weights_delta matrix:
 -5.65082e-05 -0.0152226 0.00820811
 -4.32286e-05 -0.0116453 0.00627918
 -6.4569e-05 -0.0173941 0.00937899
 -7.06989e-05 -0.0190455 0.0102694
 -7.83804e-05 -0.0211147 0.0113852
weights matrix:
 -0.792622 0.00961704 0.119732
 1.36233 -1.1215 -0.32371
 -1.75317 0.571537 1.3451
 -1.40924 -0.239316 1.37691
 0.589232 0.146898 -1.75149
regression_error on 'test' 0.0998599
classification_error on 'test' 0.0789474
Save,1288,0.0998599,0.0789474
sample_count 75 Sample index 9
 i 0:0.351418 i 1:0.375074 i 2:0.521371 i 3:0.573489 bias 1
 test_print 2.82135
net matrix:
 -0.900576 -0.10963 -0.339892
outputs matrix:
 0.141711 0.445403 0.336309
error matrix:
 -0.141711 0.554597 -0.336309
delta matrix:
 -0.0344723 0.273992 -0.150132
weights_delta matrix:
 -0.00121142 0.00962857 -0.00527591
 -0.00129297 0.0102767 -0.00563107
 -0.00179729 0.0142851 -0.00782745
 -0.00197695 0.0157131 -0.00860991
 -0.00344723 0.0273992 -0.0150132
weights matrix:
 -0.793834 0.0192456 0.114456
 1.36104 -1.11122 -0.329341
 -1.75497 0.585823 1.33727
 -1.41122 -0.223603 1.3683
 0.585785 0.174297 -1.76651
regression_error on 'test' 0.102669
classification_error on 'test' 0.0789474
Save,1289,0.102669,0.0789474
sample_count 75 Sample index 62
 i 0:0.582374 i 1:0.622103 i 2:0.748185 i 3:0.901998 bias 1
 test_print 3.85466
net matrix:
 -1.61578 -0.269176 0.329999
outputs matrix:
 0.0379951 0.368571 0.65926
error matrix:
 -0.0379951 -0.368571 0.34074
delta matrix:
 -0.00277756 -0.171552 0.153085
weights_delta matrix:
 -0.000161758 -0.00999077 0.00891528
 -0.000172793 -0.0106723 0.00952347
 -0.000207813 -0.0128353 0.0114536
 -0.000250535 -0.015474 0.0138082
 -0.000277756 -0.0171552 0.0153085
weights matrix:
 -0.793996 0.00925484 0.123371
 1.36086 -1.1219 -0.319818
 -1.75518 0.572987 1.34872
 -1.41147 -0.239076 1.38211
 0.585507 0.157142 -1.7512
regression_error on 'test' 0.100059
classification_error on 'test' 0.0789474
Save,1290,0.100059,0.0789474
sample_count 75 Sample index 70
 i 0:0.259036 i 1:0.622103 i 2:0.173589 i 3:0.135476 bias 1
 test_print 2.1902
net matrix:
 0.73053 -0.471321 -1.49683
outputs matrix:
 0.811695 0.280367 0.0477128
error matrix:
 0.188305 -0.280367 -0.0477128
delta matrix:
 0.0575636 -0.113134 -0.00433579
weights_delta matrix:
 0.00149111 -0.00293059 -0.000112313
 0.00358105 -0.00703813 -0.000269731
 0.000999241 -0.00196389 -7.52646e-05
 0.000779849 -0.0015327 -5.87396e-05
 0.00575636 -0.0113134 -0.000433579
weights matrix:
 -0.792505 0.00632425 0.123259
 1.36444 -1.12893 -0.320088
 -1.75418 0.571023 1.34865
 -1.41069 -0.240609 1.38205
 0.591263 0.145828 -1.75163
regression_error on 'test' 0.0993737
classification_error on 'test' 0.105263
Save,1291,0.0993737,0.105263
sample_count 75 Sample index 52
 i 0:0.443801 i 1:0.410364 i 2:0.672581 i 3:0.792495 bias 1
 test_print 3.31924
net matrix:
 -1.49833 -0.121261 0.174065
outputs matrix:
 0.0475773 0.439665 0.586164
error matrix:
 -0.0475773 -0.439665 0.413836
delta matrix:
 -0.00431181 -0.216631 0.200773
weights_delta matrix:
 -0.000191359 -0.00961412 0.00891033
 -0.000176941 -0.00888977 0.00823901
 -0.000290004 -0.0145702 0.0135036
 -0.000341709 -0.0171679 0.0159112
 -0.000431181 -0.0216631 0.0200773
weights matrix:
 -0.792696 -0.00328987 0.132169
 1.36427 -1.13782 -0.311849
 -1.75447 0.556453 1.36215
 -1.41103 -0.257777 1.39796
 0.590832 0.124165 -1.73155
regression_error on 'test' 0.0972134
classification_error on 'test' 0.157895
Save,1292,0.0972134,0.157895
sample_count 75 Sample index 38
 i 0:0.397609 i 1:0.798551 i 2:0.128226 i 3:0.208478 bias 1
 test_print 2.53286
net matrix:
 0.845947 -0.768143 -1.46192
outputs matrix:
 0.844473 0.177076 0.0509875
error matrix:
 0.155527 -0.177076 -0.0509875
delta matrix:
 0.0408533 -0.051607 -0.00493434
weights_delta matrix:
 0.00162436 -0.00205194 -0.000196194
 0.00326234 -0.00412108 -0.000394032
 0.000523845 -0.000661736 -6.3271e-05
 0.0008517 -0.00107589 -0.00010287
 0.00408533 -0.0051607 -0.000493434
weights matrix:
 -0.791072 -0.00534181 0.131973
 1.36753 -1.14195 -0.312243
 -1.75395 0.555791 1.36209
 -1.41018 -0.258853 1.39786
 0.594917 0.119004 -1.73205
regression_error on 'test' 0.0969362
classification_error on 'test' 0.157895
Save,1293,0.0969362,0.157895
sample_count 75 Sample index 72
 i 0:0.905713 i 1:0.480944 i 2:0.929637 i 3:0.828996 bias 1
 test_print 4.14529
net matrix:
 -2.26343 -0.132949 0.662382
outputs matrix:
 0.0106989 0.433914 0.789973
error matrix:
 -0.0106989 -0.433914 0.210027
delta matrix:
 -0.000226483 -0.213167 0.0696935
weights_delta matrix:
 -2.05129e-05 -0.0193068 0.00631223
 -1.08926e-05 -0.0102521 0.00335187
 -2.10547e-05 -0.0198168 0.00647896
 -1.87754e-05 -0.0176715 0.00577756
 -2.26483e-05 -0.0213167 0.00696935
weights matrix:
 -0.791092 -0.0246486 0.138285
 1.36752 -1.1522 -0.308891
 -1.75397 0.535975 1.36857
 -1.4102 -0.276524 1.40364
 0.594895 0.0976877 -1.72508
regression_error on 'test' 0.0954514
classification_error on 'test' 0.157895
Save,1294,0.0954514,0.157895
sample_count 75 Sample index 53
 i 0:0.489992 i 1:0.410364 i 2:0.702823 i 3:0.938499 bias 1
 test_print 3.54168
net matrix:
 -1.78775 -0.270033 0.495098
outputs matrix:
 0.0272385 0.368172 0.729127
error matrix:
 -0.0272385 -0.368172 0.270873
delta matrix:
 -0.00144345 -0.17129 0.106995
weights_delta matrix:
 -7.07281e-05 -0.00839305 0.00524269
 -5.92341e-05 -0.00702911 0.00439071
 -0.000101449 -0.0120386 0.00751988
 -0.000135468 -0.0160755 0.0100415
 -0.000144345 -0.017129 0.0106995
weights matrix:
 -0.791163 -0.0330417 0.143528
 1.36746 -1.15923 -0.3045
 -1.75407 0.523936 1.37609
 -1.41034 -0.2926 1.41368
 0.59475 0.0805588 -1.71438
regression_error on 'test' 0.0946753
classification_error on 'test' 0.184211
Save,1295,0.0946753,0.184211
sample_count 75 Sample index 58
 i 0:0.282131 i 1:0.516233 i 2:0.158468 i 3:0.0989754 bias 1
 test_print 2.05581
net matrix:
 0.659914 -0.473127 -1.47309
outputs matrix:
 0.789153 0.279639 0.0499172
error matrix:
 0.210847 -0.279639 -0.0499172
delta matrix:
 0.0701659 -0.112661 -0.00473469
weights_delta matrix:
 0.0019796 -0.00317852 -0.00013358
 0.00362219 -0.00581595 -0.00024442
 0.0011119 -0.00178532 -7.50296e-05
 0.00069447 -0.00111507 -4.68617e-05
 0.00701659 -0.0112661 -0.000473469
weights matrix:
 -0.789183 -0.0362202 0.143394
 1.37108 -1.16504 -0.304745
 -1.75296 0.522151 1.37601
 -1.40964 -0.293715 1.41363
 0.601767 0.0692926 -1.71485
regression_error on 'test' 0.0944434
classification_error on 'test' 0.210526
Save,1296,0.0944434,0.210526
sample_count 75 Sample index 62
 i 0:0.582374 i 1:0.622103 i 2:0.748185 i 3:0.901998 bias 1
 test_print 3.85466
net matrix:
 -1.58791 -0.550843 0.483682
outputs matrix:
 0.040086 0.249424 0.724594
error matrix:
 -0.040086 -0.249424 0.275406
delta matrix:
 -0.00308494 -0.0933903 0.109919
weights_delta matrix:
 -0.000179659 -0.00543881 0.00640138
 -0.000191915 -0.00580984 0.00683808
 -0.000230811 -0.00698733 0.00822396
 -0.000278261 -0.00842379 0.00991465
 -0.000308494 -0.00933903 0.0109919
weights matrix:
 -0.789363 -0.041659 0.149796
 1.37089 -1.17085 -0.297906
 -1.75319 0.515163 1.38424
 -1.40992 -0.302139 1.42355
 0.601458 0.0599536 -1.70386
regression_error on 'test' 0.0941877
classification_error on 'test' 0.210526
Save,1297,0.0941877,0.210526
sample_count 75 Sample index 52
 i 0:0.443801 i 1:0.410364 i 2:0.672581 i 3:0.792495 bias 1
 test_print 3.31924
net matrix:
 -1.48281 -0.331965 0.299536
outputs matrix:
 0.0490032 0.339857 0.645444
error matrix:
 -0.0490032 -0.339857 0.354556
delta matrix:
 -0.00456728 -0.152497 0.162277
weights_delta matrix:
 -0.000202696 -0.00676783 0.00720189
 -0.000187425 -0.00625793 0.00665928
 -0.000307187 -0.0102567 0.0109145
 -0.000361955 -0.0120853 0.0128604
 -0.000456728 -0.0152497 0.0162277
weights matrix:
 -0.789566 -0.0484268 0.156998
 1.3707 -1.17711 -0.291247
 -1.75349 0.504907 1.39515
 -1.41028 -0.314224 1.43641
 0.601002 0.0447039 -1.68763
regression_error on 'test' 0.0941224
classification_error on 'test' 0.210526
Save,1298,0.0941224,0.210526
sample_count 75 Sample index 36
 i 0:0.744044 i 1:0.516233 i 2:0.702823 i 3:0.901998 bias 1
 test_print 3.8651
net matrix:
 -1.78334 -0.52756 0.555012
outputs matrix:
 0.0274736 0.258243 0.752134
error matrix:
 -0.0274736 -0.258243 0.247866
delta matrix:
 -0.00146812 -0.0989347 0.0924188
weights_delta matrix:
 -0.000109235 -0.00736118 0.00687636
 -7.57894e-05 -0.00510734 0.00477096
 -0.000103183 -0.00695336 0.0064954
 -0.000132425 -0.00892389 0.00833615
 -0.000146812 -0.00989347 0.00924188
weights matrix:
 -0.789675 -0.055788 0.163874
 1.37063 -1.18222 -0.286476
 -1.7536 0.497953 1.40165
 -1.41041 -0.323148 1.44475
 0.600855 0.0348104 -1.67839
regression_error on 'test' 0.094237
classification_error on 'test' 0.210526
Save,1299,0.094237,0.210526
sample_count 75 Sample index 73
 i 0:0.582374 i 1:0.410364 i 2:0.65746 i 3:0.719493 bias 1
 test_print 3.36969
net matrix:
 -1.46428 -0.387937 0.260497
outputs matrix:
 0.0507598 0.31521 0.62738
error matrix:
 -0.0507598 -0.31521 0.37262
delta matrix:
 -0.00489154 -0.136078 0.174218
weights_delta matrix:
 -0.00028487 -0.00792481 0.010146
 -0.000200731 -0.00558414 0.00714928
 -0.000321599 -0.00894657 0.0114541
 -0.000351943 -0.0097907 0.0125349
 -0.000489154 -0.0136078 0.0174218
weights matrix:
 -0.78996 -0.0637128 0.17402
 1.37042 -1.1878 -0.279327
 -1.75392 0.489007 1.4131
 -1.41077 -0.332939 1.45728
 0.600366 0.0212027 -1.66097
regression_error on 'test' 0.0947305
classification_error on 'test' 0.210526
Save,1300,0.0947305,0.210526
sample_count 75 Sample index 11
 i 0:0.536183 i 1:0.198626 i 2:0.536492 i 3:0.427485 bias 1
 test_print 2.69879
net matrix:
 -1.09504 -0.128865 -0.242061
outputs matrix:
 0.100645 0.435922 0.381279
error matrix:
 -0.100645 0.564078 -0.381279
delta matrix:
 -0.0182198 0.277407 -0.179892
weights_delta matrix:
 -0.000976916 0.0148741 -0.00964549
 -0.000361893 0.00551002 -0.00357312
 -0.000977479 0.0148827 -0.00965105
 -0.00077887 0.0118587 -0.0076901
 -0.00182198 0.0277407 -0.0179892
weights matrix:
 -0.790937 -0.0488387 0.164374
 1.37006 -1.18229 -0.2829
 -1.7549 0.503889 1.40345
 -1.41154 -0.32108 1.44959
 0.598544 0.0489434 -1.67896
regression_error on 'test' 0.0942962
classification_error on 'test' 0.210526
Save,1301,0.0942962,0.210526
sample_count 75 Sample index 16
 i 0:0.60547 i 1:0.304495 i 2:0.687702 i 3:0.755994 bias 1
 test_print 3.35366
net matrix:
 -1.73713 -0.236838 0.395461
outputs matrix:
 0.0300534 0.383747 0.688029
error matrix:
 -0.0300534 -0.383747 0.311971
delta matrix:
 -0.00175213 -0.181501 0.133926
weights_delta matrix:
 -0.000106086 -0.0109893 0.00810881
 -5.33514e-05 -0.00552661 0.00407798
 -0.000120494 -0.0124818 0.00921011
 -0.00013246 -0.0137214 0.0101247
 -0.000175213 -0.0181501 0.0133926
weights matrix:
 -0.791043 -0.0598281 0.172483
 1.37001 -1.18782 -0.278822
 -1.75502 0.491408 1.41266
 -1.41168 -0.334801 1.45971
 0.598368 0.0307933 -1.66557
regression_error on 'test' 0.0946189
classification_error on 'test' 0.210526
Save,1302,0.0946189,0.210526
sample_count 75 Sample index 28
 i 0:0.305227 i 1:0.551523 i 2:0.113105 i 3:0.135476 bias 1
 test_print 2.10533
net matrix:
 0.722763 -0.632354 -1.40916
outputs matrix:
 0.809309 0.220165 0.0563422
error matrix:
 0.190691 -0.220165 -0.0563422
delta matrix:
 0.0588579 -0.075601 -0.00599117
weights_delta matrix:
 0.0017965 -0.00230755 -0.000182867
 0.00324615 -0.00416957 -0.000330427
 0.000665712 -0.000855085 -6.77631e-05
 0.000797383 -0.00102421 -8.1166e-05
 0.00588579 -0.0075601 -0.000599117
weights matrix:
 -0.789246 -0.0621356 0.1723
 1.37326 -1.19199 -0.279152
 -1.75435 0.490553 1.41259
 -1.41088 -0.335826 1.45963
 0.604254 0.0232332 -1.66616
regression_error on 'test' 0.0945913
classification_error on 'test' 0.210526
Save,1303,0.0945913,0.210526
sample_count 75 Sample index 10
 i 0:0.697853 i 1:0.304495 i 2:0.808669 i 3:0.719493 bias 1
 test_print 3.53051
net matrix:
 -1.96218 -0.228012 0.561591
outputs matrix:
 0.019372 0.387929 0.754579
error matrix:
 -0.019372 -0.387929 0.245421
delta matrix:
 -0.000736011 -0.18422 0.0908991
weights_delta matrix:
 -5.13627e-05 -0.0128558 0.00634342
 -2.24112e-05 -0.00560941 0.00276783
 -5.95189e-05 -0.0148973 0.00735073
 -5.29555e-05 -0.0132545 0.00654012
 -7.36011e-05 -0.018422 0.00908991
weights matrix:
 -0.789297 -0.0749915 0.178644
 1.37323 -1.1976 -0.276385
 -1.75441 0.475655 1.41994
 -1.41093 -0.34908 1.46617
 0.604181 0.00481118 -1.65707
regression_error on 'test' 0.0951168
classification_error on 'test' 0.236842
Save,1304,0.0951168,0.236842
sample_count 75 Sample index 15
 i 0:0.720948 i 1:0.410364 i 2:0.65746 i 3:0.573489 bias 1
 test_print 3.36226
net matrix:
 -1.36395 -0.428174 0.13269
outputs matrix:
 0.0613475 0.298103 0.565959
error matrix:
 -0.0613475 0.701897 -0.565959
delta matrix:
 -0.00706526 0.293726 -0.278055
weights_delta matrix:
 -0.000509369 0.0211762 -0.0200463
 -0.000289933 0.0120535 -0.0114104
 -0.000464513 0.0193113 -0.018281
 -0.000405185 0.0168449 -0.0159461
 -0.000706526 0.0293726 -0.0278055
weights matrix:
 -0.789807 -0.0538153 0.158598
 1.37294 -1.18554 -0.287795
 -1.75488 0.494967 1.40166
 -1.41134 -0.332235 1.45023
 0.603474 0.0341838 -1.68488
regression_error on 'test' 0.0940885
classification_error on 'test' 0.210526
Save,1305,0.0940885,0.210526
sample_count 75 Sample index 31
 i 0:0.559279 i 1:0.339785 i 2:0.778427 i 3:0.573489 bias 1
 test_print 3.25098
net matrix:
 -1.54717 -0.203982 0.228813
outputs matrix:
 0.0433412 0.3994 0.612451
error matrix:
 -0.0433412 -0.3994 0.387549
delta matrix:
 -0.00359409 -0.191616 0.183973
weights_delta matrix:
 -0.00020101 -0.0107167 0.0102892
 -0.000122122 -0.00651083 0.00625114
 -0.000279773 -0.0149159 0.014321
 -0.000206117 -0.010989 0.0105507
 -0.000359409 -0.0191616 0.0183973
weights matrix:
 -0.790008 -0.064532 0.168887
 1.37282 -1.19205 -0.281544
 -1.75516 0.480051 1.41598
 -1.41154 -0.343224 1.46078
 0.603115 0.0150222 -1.66648
regression_error on 'test' 0.0946472
classification_error on 'test' 0.210526
Save,1306,0.0946472,0.210526
sample_count 75 Sample index 54
 i 0:0.305227 i 1:0.622103 i 2:0.158468 i 3:0.135476 bias 1
 test_print 2.22127
net matrix:
 0.746653 -0.716681 -1.36779
outputs matrix:
 0.816574 0.192575 0.0609057
error matrix:
 0.183426 -0.192575 -0.0609057
delta matrix:
 0.0549474 -0.0598871 -0.00696715
weights_delta matrix:
 0.00167714 -0.00182791 -0.000212656
 0.0034183 -0.00372559 -0.000433428
 0.000870741 -0.000949018 -0.000110407
 0.000744406 -0.000811326 -9.43881e-05
 0.00549474 -0.00598871 -0.000696715
weights matrix:
 -0.788331 -0.0663599 0.168674
 1.37624 -1.19578 -0.281977
 -1.75428 0.479102 1.41587
 -1.4108 -0.344035 1.46068
 0.608609 0.0090335 -1.66718
regression_error on 'test' 0.0946411
classification_error on 'test' 0.210526
Save,1307,0.0946411,0.210526
sample_count 75 Sample index 15
 i 0:0.720948 i 1:0.410364 i 2:0.65746 i 3:0.573489 bias 1
 test_print 3.36226
net matrix:
 -1.35743 -0.411824 0.107278
outputs matrix:
 0.0621026 0.30499 0.553434
error matrix:
 -0.0621026 0.69501 -0.553434
delta matrix:
 -0.00723443 0.294644 -0.273557
weights_delta matrix:
 -0.000521565 0.0212423 -0.019722
 -0.000296875 0.0120911 -0.0112258
 -0.000475635 0.0193717 -0.0179853
 -0.000414887 0.0168975 -0.0156882
 -0.000723443 0.0294644 -0.0273557
weights matrix:
 -0.788852 -0.0451176 0.148952
 1.37594 -1.18369 -0.293203
 -1.75476 0.498473 1.39789
 -1.41121 -0.327138 1.445
 0.607886 0.0384979 -1.69453
regression_error on 'test' 0.0939012
classification_error on 'test' 0.210526
Save,1308,0.0939012,0.210526
sample_count 75 Sample index 0
 i 0:0.282131 i 1:0.269205 i 2:0.430645 i 3:0.427485 bias 1
 test_print 2.40947
net matrix:
 -0.603215 -0.218068 -0.511736
outputs matrix:
 0.230333 0.392662 0.264352
error matrix:
 -0.230333 0.607338 -0.264352
delta matrix:
 -0.081667 0.289674 -0.102817
weights_delta matrix:
 -0.00230408 0.00817261 -0.00290079
 -0.00219852 0.00779817 -0.00276788
 -0.00351695 0.0124747 -0.00442776
 -0.00349114 0.0123831 -0.00439527
 -0.0081667 0.0289674 -0.0102817
weights matrix:
 -0.791156 -0.036945 0.146051
 1.37374 -1.17589 -0.295971
 -1.75828 0.510948 1.39346
 -1.41471 -0.314755 1.4406
 0.599719 0.0674653 -1.70482
regression_error on 'test' 0.094029
classification_error on 'test' 0.210526
Save,1309,0.094029,0.210526
sample_count 75 Sample index 73
 i 0:0.582374 i 1:0.410364 i 2:0.65746 i 3:0.719493 bias 1
 test_print 3.36969
net matrix:
 -1.47116 -0.32713 0.21143
outputs matrix:
 0.0501006 0.34203 0.604167
error matrix:
 -0.0501006 -0.34203 0.395833
delta matrix:
 -0.00476862 -0.153945 0.189326
weights_delta matrix:
 -0.000277712 -0.00896534 0.0110259
 -0.000195687 -0.00631734 0.00776926
 -0.000313518 -0.0101213 0.0124474
 -0.000343099 -0.0110762 0.0136219
 -0.000476862 -0.0153945 0.0189326
weights matrix:
 -0.791434 -0.0459104 0.157077
 1.37355 -1.18221 -0.288202
 -1.75859 0.500827 1.40591
 -1.41505 -0.325831 1.45422
 0.599242 0.0520708 -1.68588
regression_error on 'test' 0.0941032
classification_error on 'test' 0.210526
Save,1310,0.0941032,0.210526
sample_count 75 Sample index 44
 i 0:0.536183 i 1:0.375074 i 2:0.702823 i 3:0.646491 bias 1
 test_print 3.26057
net matrix:
 -1.46072 -0.274615 0.218487
outputs matrix:
 0.0511036 0.366043 0.607538
error matrix:
 -0.0511036 0.633957 -0.607538
delta matrix:
 -0.00495623 0.294226 -0.289717
weights_delta matrix:
 -0.000265744 0.0157759 -0.0155341
 -0.000185895 0.0110357 -0.0108665
 -0.000348335 0.0206789 -0.020362
 -0.000320416 0.0190215 -0.01873
 -0.000495623 0.0294226 -0.0289717
weights matrix:
 -0.7917 -0.0301344 0.141543
 1.37336 -1.17117 -0.299068
 -1.75894 0.521506 1.38555
 -1.41537 -0.30681 1.43549
 0.598747 0.0814935 -1.71486
regression_error on 'test' 0.0942707
classification_error on 'test' 0.210526
Save,1311,0.0942707,0.210526
sample_count 75 Sample index 40
 i 0:0.328323 i 1:0.763262 i 2:0.158468 i 3:0.171977 bias 1
 test_print 2.42203
net matrix:
 0.864903 -0.792434 -1.43022
outputs matrix:
 0.849388 0.170107 0.0541447
error matrix:
 0.150612 -0.170107 -0.0541447
delta matrix:
 0.0385352 -0.0480283 -0.00554582
weights_delta matrix:
 0.0012652 -0.00157688 -0.000182082
 0.00294125 -0.00366582 -0.000423291
 0.00061066 -0.000761095 -8.78835e-05
 0.000662717 -0.000825976 -9.53754e-05
 0.00385352 -0.00480283 -0.000554582
weights matrix:
 -0.790435 -0.0317113 0.141361
 1.3763 -1.17484 -0.299492
 -1.75833 0.520745 1.38546
 -1.41471 -0.307636 1.4354
 0.6026 0.0766907 -1.71541
regression_error on 'test' 0.0941547
classification_error on 'test' 0.210526
Save,1312,0.0941547,0.210526
sample_count 75 Sample index 68
 i 0:0.305227 i 1:0.657392 i 2:0.173589 i 3:0.281481 bias 1
 test_print 2.41769
net matrix:
 0.56267 -0.701516 -1.22461
outputs matrix:
 0.754978 0.197335 0.0794957
error matrix:
 0.245022 -0.197335 -0.0794957
delta matrix:
 0.0906514 -0.0625136 -0.0116344
weights_delta matrix:
 0.00276693 -0.00190808 -0.000355112
 0.00595935 -0.00410959 -0.000764834
 0.00157361 -0.00108517 -0.00020196
 0.00255167 -0.00175964 -0.000327485
 0.00906514 -0.00625136 -0.00116344
weights matrix:
 -0.787668 -0.0336194 0.141006
 1.38226 -1.17895 -0.300256
 -1.75675 0.519659 1.38526
 -1.41215 -0.309395 1.43507
 0.611665 0.0704393 -1.71657
regression_error on 'test' 0.0939869
classification_error on 'test' 0.210526
Save,1313,0.0939869,0.210526
sample_count 75 Sample index 67
 i 0:0.443801 i 1:0.375074 i 2:0.566734 i 3:0.536988 bias 1
 test_print 2.9226
net matrix:
 -0.973374 -0.258307 -0.210927
outputs matrix:
 0.124908 0.373644 0.396073
error matrix:
 -0.124908 0.626356 -0.396073
delta matrix:
 -0.0273066 0.293177 -0.189481
weights_delta matrix:
 -0.00121187 0.0130112 -0.00840917
 -0.0010242 0.0109963 -0.00710693
 -0.00154756 0.0166154 -0.0107385
 -0.00146633 0.0157433 -0.0101749
 -0.00273066 0.0293177 -0.0189481
weights matrix:
 -0.78888 -0.0206082 0.132597
 1.38124 -1.16795 -0.307363
 -1.7583 0.536275 1.37452
 -1.41362 -0.293652 1.42489
 0.608935 0.099757 -1.73552
regression_error on 'test' 0.094823
classification_error on 'test' 0.157895
Save,1314,0.094823,0.157895
sample_count 75 Sample index 4
 i 0:0.212844 i 1:0.516233 i 2:0.158468 i 3:0.135476 bias 1
 test_print 2.02302
net matrix:
 0.683921 -0.462365 -1.45511
outputs matrix:
 0.797031 0.283995 0.0516502
error matrix:
 0.202969 -0.283995 -0.0516502
delta matrix:
 0.0656694 -0.115496 -0.00505991
weights_delta matrix:
 0.00139773 -0.00245827 -0.000107697
 0.00339007 -0.0059623 -0.000261209
 0.00104065 -0.00183025 -8.01834e-05
 0.000889663 -0.0015647 -6.85496e-05
 0.00656694 -0.0115496 -0.000505991
weights matrix:
 -0.787482 -0.0230664 0.132489
 1.38463 -1.17391 -0.307625
 -1.75726 0.534444 1.37444
 -1.41273 -0.295217 1.42483
 0.615502 0.0882074 -1.73603
regression_error on 'test' 0.0945449
classification_error on 'test' 0.157895
Save,1315,0.0945449,0.157895
sample_count 75 Sample index 39
 i 0:0.397609 i 1:0.622103 i 2:0.18871 i 3:0.135476 bias 1
 test_print 2.3439
net matrix:
 0.64077 -0.590399 -1.42232
outputs matrix:
 0.782712 0.234909 0.0549587
error matrix:
 0.217288 -0.234909 -0.0549587
delta matrix:
 0.0739102 -0.0844387 -0.00570891
weights_delta matrix:
 0.00293874 -0.00335736 -0.000226991
 0.00459797 -0.00525296 -0.000355153
 0.00139476 -0.00159344 -0.000107733
 0.00100131 -0.00114394 -7.7342e-05
 0.00739102 -0.00844387 -0.000570891
weights matrix:
 -0.784543 -0.0264238 0.132262
 1.38923 -1.17917 -0.30798
 -1.75587 0.532851 1.37433
 -1.41173 -0.296361 1.42475
 0.622893 0.0797635 -1.7366
regression_error on 'test' 0.0943314
classification_error on 'test' 0.184211
Save,1316,0.0943314,0.184211
sample_count 75 Sample index 70
 i 0:0.259036 i 1:0.622103 i 2:0.173589 i 3:0.135476 bias 1
 test_print 2.1902
net matrix:
 0.787856 -0.608297 -1.46235
outputs matrix:
 0.828596 0.228536 0.0509464
error matrix:
 0.171404 -0.228536 -0.0509464
delta matrix:
 0.0486871 -0.0805853 -0.0049266
weights_delta matrix:
 0.00126117 -0.00208745 -0.000127617
 0.00302884 -0.00501324 -0.000306486
 0.000845154 -0.00139887 -8.55204e-05
 0.000659593 -0.00109174 -6.67437e-05
 0.00486871 -0.00805853 -0.00049266
weights matrix:
 -0.783282 -0.0285112 0.132134
 1.39226 -1.18418 -0.308286
 -1.75502 0.531452 1.37424
 -1.41107 -0.297452 1.42468
 0.627762 0.071705 -1.73709
regression_error on 'test' 0.0941801
classification_error on 'test' 0.184211
Save,1317,0.0941801,0.184211
sample_count 75 Sample index 3
 i 0:0.744044 i 1:0.516233 i 2:0.672581 i 3:0.60999 bias 1
 test_print 3.54285
net matrix:
 -1.27744 -0.38482 -0.00459349
outputs matrix:
 0.0720994 0.316557 0.497703
error matrix:
 -0.0720994 0.683443 -0.497703
delta matrix:
 -0.00964706 0.295724 -0.248846
weights_delta matrix:
 -0.000717784 0.0220032 -0.0185153
 -0.000498013 0.0152662 -0.0128463
 -0.000648843 0.0198898 -0.0167369
 -0.000588461 0.0180389 -0.0151794
 -0.000964706 0.0295724 -0.0248846
weights matrix:
 -0.784 -0.00650807 0.113619
 1.39176 -1.16891 -0.321132
 -1.75567 0.551342 1.35751
 -1.41166 -0.279413 1.4095
 0.626797 0.101277 -1.76198
regression_error on 'test' 0.0958728
classification_error on 'test' 0.157895
Save,1318,0.0958728,0.157895
sample_count 75 Sample index 54
 i 0:0.305227 i 1:0.622103 i 2:0.158468 i 3:0.135476 bias 1
 test_print 2.22127
net matrix:
 0.783852 -0.578378 -1.521
outputs matrix:
 0.827456 0.239257 0.0455642
error matrix:
 0.172544 -0.239257 -0.0455642
delta matrix:
 0.049269 -0.087096 -0.003963
weights_delta matrix:
 0.00150382 -0.00265841 -0.000120962
 0.00306504 -0.00541827 -0.00024654
 0.000780757 -0.00138019 -6.28009e-05
 0.000667477 -0.00117994 -5.36892e-05
 0.0049269 -0.0087096 -0.0003963
weights matrix:
 -0.782496 -0.00916647 0.113498
 1.39482 -1.17433 -0.321379
 -1.75489 0.549962 1.35744
 -1.41099 -0.280593 1.40945
 0.631724 0.0925678 -1.76237
regression_error on 'test' 0.0956108
classification_error on 'test' 0.157895
Save,1319,0.0956108,0.157895
sample_count 75 Sample index 56
 i 0:0.328323 i 1:0.727972 i 2:0.158468 i 3:0.208478 bias 1
 test_print 2.42324
net matrix:
 0.81795 -0.736669 -1.45011
outputs matrix:
 0.836976 0.186436 0.0521424
error matrix:
 0.163024 -0.186436 -0.0521424
delta matrix:
 0.0444882 -0.0565562 -0.00515413
weights_delta matrix:
 0.00146065 -0.00185687 -0.000169222
 0.00323862 -0.00411714 -0.000375206
 0.000704996 -0.000896235 -8.16765e-05
 0.000927481 -0.00117907 -0.000107452
 0.00444882 -0.00565562 -0.000515413
weights matrix:
 -0.781035 -0.0110233 0.113329
 1.39806 -1.17845 -0.321754
 -1.75418 0.549066 1.35736
 -1.41006 -0.281772 1.40934
 0.636173 0.0869122 -1.76289
regression_error on 'test' 0.0954442
classification_error on 'test' 0.157895
Save,1320,0.0954442,0.157895
sample_count 75 Sample index 42
 i 0:0.651661 i 1:0.551523 i 2:0.702823 i 3:0.792495 bias 1
 test_print 3.6985
net matrix:
 -1.45208 -0.407621 0.204391
outputs matrix:
 0.0519479 0.306775 0.600796
error matrix:
 -0.0519479 -0.306775 0.399204
delta matrix:
 -0.00511679 -0.13048 0.191491
weights_delta matrix:
 -0.000333441 -0.00850287 0.0124787
 -0.000282203 -0.00719627 0.0105611
 -0.00035962 -0.00917043 0.0134584
 -0.000405503 -0.0103405 0.0151755
 -0.000511679 -0.013048 0.0191491
weights matrix:
 -0.781369 -0.0195262 0.125808
 1.39778 -1.18565 -0.311193
 -1.75454 0.539895 1.37082
 -1.41047 -0.292113 1.42452
 0.635661 0.0738642 -1.74374
regression_error on 'test' 0.0944008
classification_error on 'test' 0.157895
Save,1321,0.0944008,0.157895
sample_count 75 Sample index 49
 i 0:0.397609 i 1:0.480944 i 2:0.612097 i 3:0.60999 bias 1
 test_print 3.10064
net matrix:
 -0.937088 -0.351847 -0.135367
outputs matrix:
 0.133059 0.330994 0.432727
error matrix:
 -0.133059 0.669006 -0.432727
delta matrix:
 -0.0306979 0.296285 -0.212447
weights_delta matrix:
 -0.00122058 0.0117806 -0.00844707
 -0.0014764 0.0142497 -0.0102175
 -0.00187901 0.0181355 -0.0130038
 -0.00187254 0.0180731 -0.012959
 -0.00306979 0.0296285 -0.0212447
weights matrix:
 -0.782589 -0.00774564 0.11736
 1.3963 -1.1714 -0.321411
 -1.75642 0.558031 1.35782
 -1.41234 -0.27404 1.41156
 0.632591 0.103493 -1.76498
regression_error on 'test' 0.095952
classification_error on 'test' 0.157895
Save,1322,0.095952,0.157895
sample_count 75 Sample index 34
 i 0:0.767139 i 1:0.551523 i 2:0.642339 i 3:0.573489 bias 1
 test_print 3.53449
net matrix:
 -1.13585 -0.347215 -0.170525
outputs matrix:
 0.0934937 0.333048 0.415554
error matrix:
 -0.0934937 0.666952 -0.415554
delta matrix:
 -0.0158477 0.296296 -0.20185
weights_delta matrix:
 -0.00121574 0.02273 -0.0154847
 -0.000874035 0.0163414 -0.0111325
 -0.00101796 0.0190323 -0.0129656
 -0.000908846 0.0169923 -0.0115759
 -0.00158477 0.0296296 -0.020185
weights matrix:
 -0.783805 0.0149844 0.101876
 1.39543 -1.15505 -0.332543
 -1.75744 0.577063 1.34485
 -1.41325 -0.257048 1.39998
 0.631006 0.133122 -1.78517
regression_error on 'test' 0.0986613
classification_error on 'test' 0.0789474
Save,1323,0.0986613,0.0789474
sample_count 75 Sample index 57
 i 0:0.374514 i 1:0.727972 i 2:0.158468 i 3:0.135476 bias 1
 test_print 2.39643
net matrix:
 0.883334 -0.645491 -1.58632
outputs matrix:
 0.854043 0.215687 0.0402087
error matrix:
 0.145957 -0.215687 -0.0402087
delta matrix:
 0.0363882 -0.0729737 -0.00310346
weights_delta matrix:
 0.00136279 -0.00273297 -0.000116229
 0.00264896 -0.00531228 -0.000225923
 0.000576637 -0.0011564 -4.91799e-05
 0.000492973 -0.000988618 -4.20444e-05
 0.00363882 -0.00729737 -0.000310346
weights matrix:
 -0.782442 0.0122514 0.10176
 1.39808 -1.16037 -0.332769
 -1.75686 0.575907 1.3448
 -1.41276 -0.258036 1.39994
 0.634645 0.125825 -1.78548
regression_error on 'test' 0.0982951
classification_error on 'test' 0.105263
Save,1324,0.0982951,0.105263
sample_count 75 Sample index 24
 i 0:0.466896 i 1:0.445654 i 2:0.566734 i 3:0.536988 bias 1
 test_print 3.01627
net matrix:
 -0.861924 -0.197754 -0.372372
outputs matrix:
 0.151376 0.402392 0.321968
error matrix:
 -0.151376 0.597608 -0.321968
delta matrix:
 -0.038892 0.287417 -0.140574
weights_delta matrix:
 -0.00181585 0.0134194 -0.00656335
 -0.00173324 0.0128088 -0.00626474
 -0.00220414 0.0162889 -0.00796681
 -0.00208845 0.0154339 -0.00754866
 -0.0038892 0.0287417 -0.0140574
weights matrix:
 -0.784258 0.0256708 0.0951962
 1.39634 -1.14756 -0.339034
 -1.75907 0.592195 1.33683
 -1.41485 -0.242602 1.39239
 0.630756 0.154567 -1.79954
regression_error on 'test' 0.101029
classification_error on 'test' 0.0789474
Save,1325,0.101029,0.0789474
sample_count 75 Sample index 12
 i 0:0.166653 i 1:0.480944 i 2:0.128226 i 3:0.135476 bias 1
 test_print 1.9113
net matrix:
 0.754384 -0.349998 -1.58668
outputs matrix:
 0.818879 0.331813 0.040181
error matrix:
 0.181121 -0.331813 -0.040181
delta matrix:
 0.0537265 -0.147135 -0.00309928
weights_delta matrix:
 0.000895368 -0.00245204 -5.16505e-05
 0.00258394 -0.00707635 -0.000149058
 0.000688914 -0.00188665 -3.97408e-05
 0.000727865 -0.00199332 -4.19878e-05
 0.00537265 -0.0147135 -0.000309928
weights matrix:
 -0.783363 0.0232188 0.0951445
 1.39893 -1.15463 -0.339183
 -1.75838 0.590309 1.3368
 -1.41412 -0.244596 1.39235
 0.636129 0.139853 -1.79985
regression_error on 'test' 0.100274
classification_error on 'test' 0.0789474
Save,1326,0.100274,0.0789474
sample_count 75 Sample index 17
 i 0:0.443801 i 1:0.304495 i 2:0.521371 i 3:0.463986 bias 1
 test_print 2.73365
net matrix:
 -0.858461 -0.00714174 -0.517904
outputs matrix:
 0.152268 0.496429 0.26196
error matrix:
 -0.152268 0.503571 -0.26196
delta matrix:
 -0.0393103 0.251773 -0.101293
weights_delta matrix:
 -0.00174459 0.0111737 -0.00449539
 -0.00119698 0.00766635 -0.00308432
 -0.00204952 0.0131267 -0.00528112
 -0.00182394 0.0116819 -0.00469985
 -0.00393103 0.0251773 -0.0101293
weights matrix:
 -0.785107 0.0343924 0.0906491
 1.39773 -1.14697 -0.342267
 -1.76043 0.603435 1.33151
 -1.41594 -0.232914 1.38765
 0.632198 0.16503 -1.80998
regression_error on 'test' 0.102708
classification_error on 'test' 0.0789474
Save,1327,0.102708,0.0789474
sample_count 75 Sample index 11
 i 0:0.536183 i 1:0.198626 i 2:0.536492 i 3:0.427485 bias 1
 test_print 2.69879
net matrix:
 -1.06089 0.179825 -0.521808
outputs matrix:
 0.106998 0.588956 0.260453
error matrix:
 -0.106998 0.411044 -0.260453
delta matrix:
 -0.0204473 0.199017 -0.100335
weights_delta matrix:
 -0.00109635 0.010671 -0.00537981
 -0.000406136 0.00395299 -0.00199292
 -0.00109698 0.0106771 -0.00538291
 -0.00087409 0.00850768 -0.00428919
 -0.00204473 0.0199017 -0.0100335
weights matrix:
 -0.786204 0.0450634 0.0852693
 1.39733 -1.14301 -0.34426
 -1.76153 0.614113 1.32613
 -1.41682 -0.224406 1.38336
 0.630153 0.184932 -1.82001
regression_error on 'test' 0.105046
classification_error on 'test' 0.0526316
Save,1328,0.105046,0.0526316
sample_count 75 Sample index 41
 i 0:0.674757 i 1:0.445654 i 2:0.627218 i 3:0.536988 bias 1
 test_print 3.28462
net matrix:
 -1.14329 -0.0293711 -0.341273
outputs matrix:
 0.0922398 0.485319 0.335693
error matrix:
 -0.0922398 0.514681 -0.335693
delta matrix:
 -0.0154468 0.257119 -0.149722
weights_delta matrix:
 -0.00104228 0.0173493 -0.0101026
 -0.000688391 0.0114586 -0.0066724
 -0.000968849 0.016127 -0.00939081
 -0.000829473 0.013807 -0.00803987
 -0.00154468 0.0257119 -0.0149722
weights matrix:
 -0.787246 0.0624127 0.0751668
 1.39664 -1.13156 -0.350932
 -1.7625 0.630239 1.31674
 -1.41765 -0.210599 1.37532
 0.628608 0.210644 -1.83498
regression_error on 'test' 0.109281
classification_error on 'test' 0.105263
Save,1329,0.109281,0.105263
sample_count 75 Sample index 53
 i 0:0.489992 i 1:0.410364 i 2:0.702823 i 3:0.938499 bias 1
 test_print 3.54168
net matrix:
 -1.75319 0.0221756 0.274012
outputs matrix:
 0.0291314 0.511086 0.633677
error matrix:
 -0.0291314 -0.511086 0.366323
delta matrix:
 -0.00164783 -0.255417 0.170069
weights_delta matrix:
 -8.07423e-05 -0.0125152 0.00833326
 -6.76209e-05 -0.0104814 0.00697904
 -0.000115813 -0.0179513 0.0119529
 -0.000154649 -0.0239709 0.015961
 -0.000164783 -0.0255417 0.0170069
weights matrix:
 -0.787327 0.0498974 0.0835
 1.39657 -1.14204 -0.343953
 -1.76261 0.612288 1.32869
 -1.4178 -0.23457 1.39128
 0.628443 0.185102 -1.81797
regression_error on 'test' 0.104554
classification_error on 'test' 0.0789474
Save,1330,0.104554,0.0789474
sample_count 75 Sample index 9
 i 0:0.351418 i 1:0.375074 i 2:0.521371 i 3:0.573489 bias 1
 test_print 2.82135
net matrix:
 -0.856488 -0.0410055 -0.427012
outputs matrix:
 0.152778 0.479509 0.298589
error matrix:
 -0.152778 0.520491 -0.298589
delta matrix:
 -0.0395503 0.259809 -0.125069
weights_delta matrix:
 -0.00138987 0.00913014 -0.00439516
 -0.00148343 0.00974474 -0.00469103
 -0.00206204 0.0135457 -0.00652076
 -0.00226817 0.0148997 -0.00717259
 -0.00395503 0.0259809 -0.0125069
weights matrix:
 -0.788717 0.0590276 0.0791049
 1.39509 -1.13229 -0.348644
 -1.76467 0.625834 1.32217
 -1.42007 -0.21967 1.38411
 0.624488 0.211083 -1.83048
regression_error on 'test' 0.10806
classification_error on 'test' 0.0789474
Save,1331,0.10806,0.0789474
sample_count 75 Sample index 29
 i 0:0.420705 i 1:0.304495 i 2:0.536492 i 3:0.536988 bias 1
 test_print 2.79868
net matrix:
 -0.991825 0.108933 -0.450777
outputs matrix:
 0.12093 0.554252 0.288731
error matrix:
 -0.12093 0.445748 -0.288731
delta matrix:
 -0.0257113 0.22025 -0.118591
weights_delta matrix:
 -0.00108169 0.00926602 -0.00498918
 -0.000782896 0.0067065 -0.00361103
 -0.00137939 0.0118162 -0.00636231
 -0.00138067 0.0118272 -0.00636819
 -0.00257113 0.022025 -0.0118591
weights matrix:
 -0.789798 0.0682936 0.0741157
 1.3943 -1.12559 -0.352255
 -1.76605 0.63765 1.31581
 -1.42145 -0.207843 1.37774
 0.621917 0.233108 -1.84234
regression_error on 'test' 0.111506
classification_error on 'test' 0.131579
Save,1332,0.111506,0.131579
sample_count 75 Sample index 47
 i 0:0.282131 i 1:0.516233 i 2:0.158468 i 3:0.0989754 bias 1
 test_print 2.05581
net matrix:
 0.698325 -0.248213 -1.6584
outputs matrix:
 0.801652 0.378381 0.0349994
error matrix:
 0.198348 -0.378381 -0.0349994
delta matrix:
 0.0630773 -0.177997 -0.00236416
weights_delta matrix:
 0.00177961 -0.00502185 -6.67004e-05
 0.00325626 -0.00918879 -0.000122046
 0.000999573 -0.00282068 -3.74644e-05
 0.00062431 -0.00176173 -2.33994e-05
 0.00630773 -0.0177997 -0.000236416
weights matrix:
 -0.788019 0.0632717 0.074049
 1.39756 -1.13478 -0.352377
 -1.76505 0.634829 1.31577
 -1.42083 -0.209605 1.37772
 0.628225 0.215308 -1.84258
regression_error on 'test' 0.109884
classification_error on 'test' 0.131579
Save,1333,0.109884,0.131579
sample_count 75 Sample index 14
 i 0:0.697853 i 1:0.516233 i 2:0.778427 i 3:0.938499 bias 1
 test_print 3.93101
net matrix:
 -1.90764 -0.0288912 0.344409
outputs matrix:
 0.0215567 0.485558 0.665704
error matrix:
 -0.0215567 -0.485558 0.334296
delta matrix:
 -0.00090935 -0.242577 0.14879
weights_delta matrix:
 -6.34592e-05 -0.0169283 0.0103834
 -4.69436e-05 -0.0125226 0.00768103
 -7.07862e-05 -0.0188828 0.0115822
 -8.53424e-05 -0.0227658 0.0139639
 -9.0935e-05 -0.0242577 0.014879
weights matrix:
 -0.788082 0.0463435 0.0844323
 1.39751 -1.1473 -0.344696
 -1.76512 0.615947 1.32735
 -1.42091 -0.232371 1.39168
 0.628134 0.191051 -1.8277
regression_error on 'test' 0.105015
classification_error on 'test' 0.0526316
Save,1334,0.105015,0.0526316
sample_count 75 Sample index 16
 i 0:0.60547 i 1:0.304495 i 2:0.687702 i 3:0.755994 bias 1
 test_print 3.35366
net matrix:
 -1.71157 0.117681 0.0833925
outputs matrix:
 0.0315801 0.55857 0.5416
error matrix:
 -0.0315801 -0.55857 0.4584
delta matrix:
 -0.00193162 -0.275453 0.227614
weights_delta matrix:
 -0.000116954 -0.0166778 0.0137813
 -5.88167e-05 -0.0083874 0.00693072
 -0.000132838 -0.0189429 0.015653
 -0.000146029 -0.0208241 0.0172074
 -0.000193162 -0.0275453 0.0227614
weights matrix:
 -0.788199 0.0296656 0.0982137
 1.39745 -1.15569 -0.337766
 -1.76526 0.597004 1.34301
 -1.42106 -0.253195 1.40889
 0.627941 0.163505 -1.80494
regression_error on 'test' 0.100665
classification_error on 'test' 0.0789474
Save,1335,0.100665,0.0789474
sample_count 75 Sample index 62
 i 0:0.582374 i 1:0.622103 i 2:0.748185 i 3:0.901998 bias 1
 test_print 3.85466
net matrix:
 -1.56425 -0.319885 0.317769
outputs matrix:
 0.0419465 0.345298 0.653744
error matrix:
 -0.0419465 -0.345298 0.346256
delta matrix:
 -0.00337141 -0.156121 0.156759
weights_delta matrix:
 -0.000196342 -0.00909211 0.00912923
 -0.000209736 -0.00971236 0.00975202
 -0.000252244 -0.0116808 0.0117285
 -0.0003041 -0.0140821 0.0141396
 -0.000337141 -0.0156121 0.0156759
weights matrix:
 -0.788395 0.0205735 0.107343
 1.39724 -1.1654 -0.328014
 -1.76551 0.585323 1.35474
 -1.42136 -0.267277 1.42303
 0.627604 0.147893 -1.78926
regression_error on 'test' 0.0983183
classification_error on 'test' 0.105263
Save,1336,0.0983183,0.105263
sample_count 75 Sample index 45
 i 0:0.697853 i 1:0.586813 i 2:0.793548 i 3:0.975 bias 1
 test_print 4.05321
net matrix:
 -1.8895 -0.317733 0.555667
outputs matrix:
 0.0223352 0.346272 0.752378
error matrix:
 -0.0223352 -0.346272 0.247622
delta matrix:
 -0.000975436 -0.15677 0.0922667
weights_delta matrix:
 -6.80711e-05 -0.0109402 0.00643886
 -5.72399e-05 -0.00919945 0.00541433
 -7.74055e-05 -0.0124404 0.00732181
 -9.5105e-05 -0.015285 0.008996
 -9.75436e-05 -0.015677 0.00922667
weights matrix:
 -0.788463 0.00963328 0.113782
 1.39719 -1.1746 -0.322599
 -1.76559 0.572882 1.36206
 -1.42146 -0.282562 1.43202
 0.627506 0.132216 -1.78003
regression_error on 'test' 0.0966206
classification_error on 'test' 0.157895
Save,1337,0.0966206,0.157895
sample_count 75 Sample index 70
 i 0:0.259036 i 1:0.622103 i 2:0.173589 i 3:0.135476 bias 1
 test_print 2.1902
net matrix:
 0.7934 -0.534843 -1.52081
outputs matrix:
 0.830165 0.255463 0.0455809
error matrix:
 0.169835 -0.255463 -0.0455809
delta matrix:
 0.0478902 -0.0971789 -0.00396584
weights_delta matrix:
 0.00124053 -0.00251728 -0.00010273
 0.00297926 -0.00604553 -0.000246716
 0.000831321 -0.00168692 -6.88426e-05
 0.000648797 -0.00131654 -5.37276e-05
 0.00478902 -0.00971789 -0.000396584
weights matrix:
 -0.787223 0.007116 0.113679
 1.40017 -1.18064 -0.322846
 -1.76475 0.571195 1.36199
 -1.42081 -0.283878 1.43197
 0.632295 0.122498 -1.78043
regression_error on 'test' 0.0962328
classification_error on 'test' 0.157895
Save,1338,0.0962328,0.157895
sample_count 75 Sample index 54
 i 0:0.305227 i 1:0.622103 i 2:0.158468 i 3:0.135476 bias 1
 test_print 2.22127
net matrix:
 0.790919 -0.557753 -1.53675
outputs matrix:
 0.829465 0.246846 0.044214
error matrix:
 0.170535 -0.246846 -0.044214
delta matrix:
 0.0482455 -0.0917836 -0.00373689
weights_delta matrix:
 0.00147258 -0.00280148 -0.00011406
 0.00300137 -0.00570988 -0.000232473
 0.000764538 -0.00145448 -5.92177e-05
 0.000653611 -0.00124345 -5.06258e-05
 0.00482455 -0.00917836 -0.000373689
weights matrix:
 -0.78575 0.00431452 0.113565
 1.40317 -1.18635 -0.323079
 -1.76399 0.569741 1.36193
 -1.42015 -0.285122 1.43192
 0.63712 0.11332 -1.7808
regression_error on 'test' 0.0958959
classification_error on 'test' 0.157895
Save,1339,0.0958959,0.157895
sample_count 75 Sample index 22
 i 0:0.305227 i 1:0.233915 i 2:0.430645 i 3:0.427485 bias 1
 test_print 2.39727
net matrix:
 -0.641238 -0.0393978 -0.623081
outputs matrix:
 0.217129 0.480311 0.223365
error matrix:
 -0.217129 0.519689 -0.223365
delta matrix:
 -0.0738169 0.259441 -0.0774957
weights_delta matrix:
 -0.00225309 0.00791885 -0.00236538
 -0.00172669 0.00606872 -0.00181274
 -0.00317889 0.0111727 -0.00333731
 -0.00315556 0.0110907 -0.00331283
 -0.00738169 0.0259441 -0.00774957
weights matrix:
 -0.788003 0.0122334 0.1112
 1.40144 -1.18028 -0.324891
 -1.76717 0.580914 1.35859
 -1.42331 -0.274031 1.42861
 0.629738 0.139264 -1.78855
regression_error on 'test' 0.0972476
classification_error on 'test' 0.184211
Save,1340,0.0972476,0.184211
sample_count 75 Sample index 46
 i 0:0.928809 i 1:0.480944 i 2:0.854032 i 3:0.901998 bias 1
 test_print 4.16578
net matrix:
 -2.22119 -0.16808 0.607357
outputs matrix:
 0.011631 0.416742 0.771132
error matrix:
 -0.011631 -0.416742 0.228868
delta matrix:
 -0.000267412 -0.202594 0.0807846
weights_delta matrix:
 -2.48374e-05 -0.0188171 0.00750334
 -1.2861e-05 -0.00974362 0.00388529
 -2.28378e-05 -0.0173021 0.00689926
 -2.41205e-05 -0.0182739 0.00728675
 -2.67412e-05 -0.0202594 0.00807846
weights matrix:
 -0.788028 -0.00658371 0.118703
 1.40143 -1.19003 -0.321006
 -1.76719 0.563612 1.36549
 -1.42333 -0.292305 1.43589
 0.629711 0.119005 -1.78048
regression_error on 'test' 0.0954839
classification_error on 'test' 0.157895
Save,1341,0.0954839,0.157895
sample_count 75 Sample index 0
 i 0:0.282131 i 1:0.269205 i 2:0.430645 i 3:0.427485 bias 1
 test_print 2.40947
net matrix:
 -0.58483 -0.0854534 -0.631536
outputs matrix:
 0.236916 0.457377 0.220445
error matrix:
 -0.236916 0.542623 -0.220445
delta matrix:
 -0.0856627 0.26934 -0.0757667
weights_delta matrix:
 -0.00241681 0.00759891 -0.00213761
 -0.00230608 0.00725077 -0.00203968
 -0.00368902 0.011599 -0.00326286
 -0.00366195 0.0115139 -0.00323891
 -0.00856627 0.026934 -0.00757667
weights matrix:
 -0.790445 0.0010152 0.116565
 1.39912 -1.18278 -0.323046
 -1.77088 0.575211 1.36223
 -1.42699 -0.280791 1.43265
 0.621145 0.145939 -1.78805
regression_error on 'test' 0.0968065
classification_error on 'test' 0.157895
Save,1342,0.0968065,0.157895
sample_count 75 Sample index 40
 i 0:0.328323 i 1:0.763262 i 2:0.158468 i 3:0.171977 bias 1
 test_print 2.42203
net matrix:
 0.903482 -0.713633 -1.5341
outputs matrix:
 0.858995 0.193525 0.0444386
error matrix:
 0.141005 -0.193525 -0.0444386
delta matrix:
 0.034158 -0.060408 -0.00377406
weights_delta matrix:
 0.00112149 -0.00198333 -0.000123911
 0.00260715 -0.00461071 -0.000288059
 0.000541295 -0.000957274 -5.98067e-05
 0.000587439 -0.00103888 -6.49051e-05
 0.0034158 -0.0060408 -0.000377406
weights matrix:
 -0.789324 -0.00096813 0.116441
 1.40173 -1.18739 -0.323334
 -1.77034 0.574253 1.36217
 -1.42641 -0.28183 1.43259
 0.624561 0.139898 -1.78843
regression_error on 'test' 0.0965275
classification_error on 'test' 0.157895
Save,1343,0.0965275,0.157895
sample_count 75 Sample index 39
 i 0:0.397609 i 1:0.622103 i 2:0.18871 i 3:0.135476 bias 1
 test_print 2.3439
net matrix:
 0.655414 -0.528978 -1.49214
outputs matrix:
 0.787652 0.2577 0.048141
error matrix:
 0.212348 -0.2577 -0.048141
delta matrix:
 0.0710334 -0.0985914 -0.00441197
weights_delta matrix:
 0.00282435 -0.00392008 -0.000175424
 0.00441901 -0.0061334 -0.00027447
 0.00134047 -0.00186052 -8.32583e-05
 0.000962332 -0.00133568 -5.97716e-05
 0.00710334 -0.00985914 -0.000441197
weights matrix:
 -0.786499 -0.00488821 0.116266
 1.40615 -1.19352 -0.323608
 -1.769 0.572393 1.36209
 -1.42545 -0.283166 1.43253
 0.631664 0.130039 -1.78887
regression_error on 'test' 0.0961065
classification_error on 'test' 0.157895
Save,1344,0.0961065,0.157895
sample_count 75 Sample index 68
 i 0:0.305227 i 1:0.657392 i 2:0.173589 i 3:0.281481 bias 1
 test_print 2.41769
net matrix:
 0.607679 -0.636409 -1.32645
outputs matrix:
 0.771246 0.218775 0.0658108
error matrix:
 0.228754 -0.218775 -0.0658108
delta matrix:
 0.0807163 -0.074783 -0.00809207
weights_delta matrix:
 0.00246368 -0.00228258 -0.000246992
 0.00530623 -0.00491617 -0.000531966
 0.00140115 -0.00129815 -0.000140469
 0.00227201 -0.002105 -0.000227776
 0.00807163 -0.0074783 -0.000809207
weights matrix:
 -0.784036 -0.00717079 0.116019
 1.41145 -1.19844 -0.32414
 -1.7676 0.571095 1.36195
 -1.42317 -0.285271 1.4323
 0.639736 0.122561 -1.78968
regression_error on 'test' 0.0958085
classification_error on 'test' 0.157895
Save,1345,0.0958085,0.157895
sample_count 75 Sample index 44
 i 0:0.536183 i 1:0.375074 i 2:0.702823 i 3:0.646491 bias 1
 test_print 3.26057
net matrix:
 -1.41363 -0.113833 0.0341286
outputs matrix:
 0.0558689 0.443328 0.517058
error matrix:
 -0.0558689 0.556672 -0.517058
delta matrix:
 -0.0058939 0.27476 -0.258228
weights_delta matrix:
 -0.000316021 0.0147322 -0.0138457
 -0.000221065 0.0103055 -0.00968546
 -0.000414237 0.0193108 -0.0181489
 -0.000381036 0.017763 -0.0166942
 -0.00058939 0.027476 -0.0258228
weights matrix:
 -0.784352 0.00756139 0.102173
 1.41123 -1.18813 -0.333826
 -1.76801 0.590405 1.3438
 -1.42355 -0.267508 1.41561
 0.639146 0.150037 -1.8155
regression_error on 'test' 0.0986353
classification_error on 'test' 0.0789474
Save,1346,0.0986353,0.0789474
sample_count 75 Sample index 55
 i 0:0.628566 i 1:0.551523 i 2:0.612097 i 3:0.60999 bias 1
 test_print 3.40218
net matrix:
 -1.02609 -0.302284 -0.249351
outputs matrix:
 0.113832 0.353299 0.377846
error matrix:
 -0.113832 0.646701 -0.377846
delta matrix:
 -0.0229654 0.295515 -0.177647
weights_delta matrix:
 -0.00144353 0.0185751 -0.0111663
 -0.0012666 0.0162983 -0.00979762
 -0.00140571 0.0180884 -0.0108737
 -0.00140087 0.0180261 -0.0108363
 -0.00229654 0.0295515 -0.0177647
weights matrix:
 -0.785795 0.0261365 0.091007
 1.40997 -1.17183 -0.343623
 -1.76942 0.608494 1.33292
 -1.42496 -0.249482 1.40477
 0.63685 0.179588 -1.83327
regression_error on 'test' 0.102223
classification_error on 'test' 0.0789474
Save,1347,0.102223,0.0789474
sample_count 75 Sample index 63
 i 0:0.420705 i 1:0.904421 i 2:0.143347 i 3:0.135476 bias 1
 test_print 2.60395
net matrix:
 1.13478 -0.81582 -1.72438
outputs matrix:
 0.906324 0.163606 0.0308061
error matrix:
 0.093676 -0.163606 -0.0308061
delta matrix:
 0.0159063 -0.0447754 -0.00183956
weights_delta matrix:
 0.000669188 -0.00188372 -7.7391e-05
 0.0014386 -0.00404958 -0.000166373
 0.000228013 -0.000641841 -2.63695e-05
 0.000215493 -0.000606599 -2.49216e-05
 0.00159063 -0.00447754 -0.000183956
weights matrix:
 -0.785126 0.0242527 0.0909296
 1.41141 -1.17588 -0.34379
 -1.76919 0.607852 1.3329
 -1.42474 -0.250088 1.40475
 0.63844 0.175111 -1.83345
regression_error on 'test' 0.101908
classification_error on 'test' 0.0789474
Save,1348,0.101908,0.0789474
sample_count 75 Sample index 24
 i 0:0.466896 i 1:0.445654 i 2:0.566734 i 3:0.536988 bias 1
 test_print 3.01627
net matrix:
 -0.866862 -0.127407 -0.434477
outputs matrix:
 0.150112 0.436639 0.295472
error matrix:
 -0.150112 0.563361 -0.295472
delta matrix:
 -0.0383021 0.277157 -0.123016
weights_delta matrix:
 -0.00178831 0.0129404 -0.00574355
 -0.00170695 0.0123516 -0.00548224
 -0.00217071 0.0157074 -0.00697172
 -0.00205678 0.014883 -0.0066058
 -0.00383021 0.0277157 -0.0123016
weights matrix:
 -0.786914 0.0371931 0.085186
 1.4097 -1.16353 -0.349272
 -1.77136 0.623559 1.32592
 -1.4268 -0.235205 1.39814
 0.63461 0.202826 -1.84575
regression_error on 'test' 0.105318
classification_error on 'test' 0.0789474
Save,1349,0.105318,0.0789474
sample_count 75 Sample index 34
 i 0:0.767139 i 1:0.551523 i 2:0.642339 i 3:0.573489 bias 1
 test_print 3.53449
net matrix:
 -1.14765 -0.144707 -0.319523
outputs matrix:
 0.0915134 0.428148 0.345462
error matrix:
 -0.0915134 0.571852 -0.345462
delta matrix:
 -0.0152166 0.280022 -0.156231
weights_delta matrix:
 -0.00116732 0.0214815 -0.0119851
 -0.000839231 0.0154438 -0.00861648
 -0.000977422 0.0179869 -0.0100353
 -0.000872655 0.0160589 -0.00895966
 -0.00152166 0.0280022 -0.0156231
weights matrix:
 -0.788082 0.0586746 0.073201
 1.40886 -1.14809 -0.357888
 -1.77234 0.641546 1.31589
 -1.42767 -0.219146 1.38918
 0.633089 0.230829 -1.86138
regression_error on 'test' 0.110314
classification_error on 'test' 0.131579
Save,1350,0.110314,0.131579
sample_count 75 Sample index 21
 i 0:0.836426 i 1:0.445654 i 2:0.884274 i 3:0.719493 bias 1
 test_print 3.88585
net matrix:
 -1.99265 0.177884 0.203471
outputs matrix:
 0.0182477 0.588016 0.600354
error matrix:
 -0.0182477 -0.588016 0.399646
delta matrix:
 -0.000653805 -0.284897 0.191773
weights_delta matrix:
 -5.46859e-05 -0.0238296 0.0160404
 -2.91371e-05 -0.0126966 0.00854645
 -5.78142e-05 -0.0251927 0.016958
 -4.70408e-05 -0.0204982 0.013798
 -6.53805e-05 -0.0284897 0.0191773
weights matrix:
 -0.788136 0.0348451 0.0892414
 1.40883 -1.16078 -0.349342
 -1.7724 0.616354 1.33285
 -1.42772 -0.239644 1.40298
 0.633023 0.202339 -1.8422
regression_error on 'test' 0.104463
classification_error on 'test' 0.0526316
Save,1351,0.104463,0.0526316
sample_count 75 Sample index 43
 i 0:0.582374 i 1:0.198626 i 2:0.612097 i 3:0.60999 bias 1
 test_print 3.00309
net matrix:
 -1.50191 0.223157 -0.187979
outputs matrix:
 0.0472538 0.609763 0.407102
error matrix:
 -0.0472538 0.390237 -0.407102
delta matrix:
 -0.00425482 0.185716 -0.196524
weights_delta matrix:
 -0.00024779 0.0108156 -0.0114451
 -8.45118e-05 0.0036888 -0.00390349
 -0.000260436 0.0113676 -0.0120292
 -0.00025954 0.0113285 -0.0119878
 -0.000425482 0.0185716 -0.0196524
weights matrix:
 -0.788384 0.0456607 0.0777963
 1.40875 -1.1571 -0.353245
 -1.77266 0.627721 1.32082
 -1.42798 -0.228316 1.39099
 0.632598 0.22091 -1.86185
regression_error on 'test' 0.107982
classification_error on 'test' 0.105263
Save,1352,0.107982,0.105263
sample_count 75 Sample index 61
 i 0:0.697853 i 1:0.480944 i 2:0.687702 i 3:0.682992 bias 1
 test_print 3.54949
net matrix:
 -1.43441 -0.027976 -0.119086
outputs matrix:
 0.053717 0.486016 0.440737
error matrix:
 -0.053717 0.513984 -0.440737
delta matrix:
 -0.00546103 0.256791 -0.217273
weights_delta matrix:
 -0.0003811 0.0179202 -0.0151624
 -0.000262645 0.0123502 -0.0104496
 -0.000375556 0.0176596 -0.0149419
 -0.000372984 0.0175386 -0.0148395
 -0.000546103 0.0256791 -0.0217273
weights matrix:
 -0.788765 0.0635809 0.0626339
 1.40848 -1.14474 -0.363695
 -1.77303 0.645381 1.30588
 -1.42835 -0.210777 1.37615
 0.632052 0.246589 -1.88358
regression_error on 'test' 0.113867
classification_error on 'test' 0.157895
Save,1353,0.113867,0.157895
sample_count 75 Sample index 55
 i 0:0.628566 i 1:0.551523 i 2:0.612097 i 3:0.60999 bias 1
 test_print 3.40218
net matrix:
 -1.04347 -0.0783353 -0.406032
outputs matrix:
 0.110372 0.460912 0.307451
error matrix:
 -0.110372 0.539088 -0.307451
delta matrix:
 -0.0216748 0.267897 -0.130928
weights_delta matrix:
 -0.0013624 0.0168391 -0.00822967
 -0.00119541 0.0147751 -0.00722096
 -0.00132671 0.0163979 -0.00801405
 -0.00132214 0.0163414 -0.00798646
 -0.00216748 0.0267897 -0.0130928
weights matrix:
 -0.790127 0.08042 0.0544042
 1.40729 -1.12997 -0.370916
 -1.77436 0.661779 1.29786
 -1.42967 -0.194436 1.36817
 0.629884 0.273379 -1.89667
regression_error on 'test' 0.119512
classification_error on 'test' 0.236842
Save,1354,0.119512,0.236842
sample_count 75 Sample index 2
 i 0:0.466896 i 1:0.480944 i 2:0.566734 i 3:0.500487 bias 1
 test_print 3.01506
net matrix:
 -0.783318 0.0452145 -0.629367
outputs matrix:
 0.172697 0.522592 0.221192
error matrix:
 -0.172697 0.477408 -0.221192
delta matrix:
 -0.0493471 0.238217 -0.0762076
weights_delta matrix:
 -0.002304 0.0111222 -0.0035581
 -0.00237332 0.0114569 -0.00366516
 -0.00279667 0.0135006 -0.00431894
 -0.00246976 0.0119224 -0.00381409
 -0.00493471 0.0238217 -0.00762076
weights matrix:
 -0.792431 0.0915422 0.0508461
 1.40491 -1.11851 -0.374581
 -1.77716 0.675279 1.29354
 -1.43214 -0.182513 1.36435
 0.624949 0.297201 -1.90429
regression_error on 'test' 0.124074
classification_error on 'test' 0.315789
Save,1355,0.124074,0.315789
sample_count 75 Sample index 10
 i 0:0.697853 i 1:0.304495 i 2:0.808669 i 3:0.719493 bias 1
 test_print 3.53051
net matrix:
 -1.96781 0.435262 0.0448236
outputs matrix:
 0.0191594 0.704855 0.522397
error matrix:
 -0.0191594 -0.704855 0.477603
delta matrix:
 -0.000720101 -0.293268 0.238322
weights_delta matrix:
 -5.02525e-05 -0.0204658 0.0166314
 -2.19267e-05 -0.00892987 0.0072568
 -5.82323e-05 -0.0237157 0.0192724
 -5.18108e-05 -0.0211004 0.0171471
 -7.20101e-05 -0.0293268 0.0238322
weights matrix:
 -0.792482 0.0710764 0.0674775
 1.40489 -1.12744 -0.367324
 -1.77721 0.651563 1.31282
 -1.43219 -0.203614 1.3815
 0.624877 0.267874 -1.88046
regression_error on 'test' 0.115963
classification_error on 'test' 0.184211
Save,1356,0.115963,0.184211
sample_count 75 Sample index 44
 i 0:0.536183 i 1:0.375074 i 2:0.702823 i 3:0.646491 bias 1
 test_print 3.26057
net matrix:
 -1.44807 0.209409 -0.166249
outputs matrix:
 0.0523452 0.6032 0.417633
error matrix:
 -0.0523452 0.3968 -0.417633
delta matrix:
 -0.00519318 0.189948 -0.20315
weights_delta matrix:
 -0.000278449 0.0101847 -0.0108925
 -0.000194783 0.00712445 -0.00761962
 -0.000364989 0.01335 -0.0142778
 -0.000335734 0.01228 -0.0131334
 -0.000519318 0.0189948 -0.020315
weights matrix:
 -0.79276 0.0812611 0.056585
 1.4047 -1.12032 -0.374944
 -1.77758 0.664913 1.29854
 -1.43253 -0.191334 1.36837
 0.624358 0.286869 -1.90077
regression_error on 'test' 0.121278
classification_error on 'test' 0.236842
Save,1357,0.121278,0.236842
sample_count 75 Sample index 19
 i 0:0.674757 i 1:0.480944 i 2:0.596976 i 3:0.573489 bias 1
 test_print 3.32617
net matrix:
 -1.11769 0.0900994 -0.482982
outputs matrix:
 0.0966176 0.544928 0.275686
error matrix:
 -0.0966176 0.455072 -0.275686
delta matrix:
 -0.0168661 0.225699 -0.1101
weights_delta matrix:
 -0.00113805 0.0152292 -0.00742905
 -0.000811164 0.0108548 -0.00529518
 -0.00100686 0.0134737 -0.00657268
 -0.000967251 0.0129436 -0.00631409
 -0.00168661 0.0225699 -0.01101
weights matrix:
 -0.793898 0.0964903 0.0491559
 1.40389 -1.10946 -0.380239
 -1.77859 0.678387 1.29197
 -1.4335 -0.17839 1.36205
 0.622672 0.309439 -1.91178
regression_error on 'test' 0.126602
classification_error on 'test' 0.368421
Save,1358,0.126602,0.368421
sample_count 75 Sample index 73
 i 0:0.582374 i 1:0.410364 i 2:0.65746 i 3:0.719493 bias 1
 test_print 3.36969
net matrix:
 -1.46431 0.22801 -0.209792
outputs matrix:
 0.0507569 0.61207 0.396617
error matrix:
 -0.0507569 -0.61207 0.603383
delta matrix:
 -0.004891 -0.29066 0.288794
weights_delta matrix:
 -0.000284839 -0.0169273 0.0168186
 -0.000200709 -0.0119276 0.0118511
 -0.000321564 -0.0191097 0.018987
 -0.000351904 -0.0209128 0.0207785
 -0.0004891 -0.029066 0.0288794
weights matrix:
 -0.794183 0.079563 0.0659745
 1.40369 -1.12139 -0.368388
 -1.77891 0.659277 1.31095
 -1.43385 -0.199303 1.38283
 0.622182 0.280373 -1.8829
regression_error on 'test' 0.118026
classification_error on 'test' 0.210526
Save,1359,0.118026,0.210526
sample_count 75 Sample index 62
 i 0:0.582374 i 1:0.622103 i 2:0.748185 i 3:0.901998 bias 1
 test_print 3.85466
net matrix:
 -1.59137 -0.0574223 0.154486
outputs matrix:
 0.0398203 0.47132 0.576634
error matrix:
 -0.0398203 -0.47132 0.423366
delta matrix:
 -0.00304504 -0.234885 0.20671
weights_delta matrix:
 -0.000177335 -0.0136791 0.0120383
 -0.000189433 -0.0146123 0.0128595
 -0.000227825 -0.0175737 0.0154657
 -0.000274662 -0.0211866 0.0186452
 -0.000304504 -0.0234885 0.020671
weights matrix:
 -0.79436 0.0658839 0.0780128
 1.4035 -1.136 -0.355529
 -1.77913 0.641704 1.32642
 -1.43412 -0.22049 1.40147
 0.621878 0.256884 -1.86223
regression_error on 'test' 0.111605
classification_error on 'test' 0.131579
Save,1360,0.111605,0.131579
sample_count 75 Sample index 50
 i 0:0.489992 i 1:0.833841 i 2:0.113105 i 3:0.135476 bias 1
 test_print 2.57241
net matrix:
 1.00742 -0.615371 -1.78057
outputs matrix:
 0.882347 0.226052 0.0276217
error matrix:
 0.117653 -0.226052 -0.0276217
delta matrix:
 0.0244274 -0.0790966 -0.00148377
weights_delta matrix:
 0.00119692 -0.00387567 -7.27034e-05
 0.00203685 -0.0065954 -0.000123723
 0.000276286 -0.000894622 -1.67821e-05
 0.000330932 -0.00107157 -2.01015e-05
 0.00244274 -0.00790966 -0.000148377
weights matrix:
 -0.793163 0.0620082 0.07794
 1.40553 -1.1426 -0.355652
 -1.77886 0.640809 1.3264
 -1.43379 -0.221561 1.40145
 0.624321 0.248974 -1.86238
regression_error on 'test' 0.110715
classification_error on 'test' 0.131579
Save,1361,0.110715,0.131579
sample_count 75 Sample index 59
 i 0:0.60547 i 1:0.233915 i 2:0.596976 i 3:0.536988 bias 1
 test_print 2.97335
net matrix:
 -1.35901 0.282819 -0.35399
outputs matrix:
 0.0619189 0.637756 0.330045
error matrix:
 -0.0619189 0.362244 -0.330045
delta matrix:
 -0.00719312 0.167373 -0.145956
weights_delta matrix:
 -0.000435522 0.010134 -0.00883721
 -0.000168258 0.00391512 -0.00341414
 -0.000429412 0.00999179 -0.00871324
 -0.000386262 0.00898775 -0.00783767
 -0.000719312 0.0167373 -0.0145956
weights matrix:
 -0.793599 0.0721422 0.0691028
 1.40536 -1.13868 -0.359066
 -1.77929 0.650801 1.31769
 -1.43418 -0.212573 1.39362
 0.623601 0.265712 -1.87698
regression_error on 'test' 0.114204
classification_error on 'test' 0.157895
Save,1362,0.114204,0.157895
sample_count 75 Sample index 17
 i 0:0.443801 i 1:0.304495 i 2:0.521371 i 3:0.463986 bias 1
 test_print 2.73365
net matrix:
 -0.89378 0.191683 -0.622021
outputs matrix:
 0.143372 0.594685 0.223733
error matrix:
 -0.143372 0.405315 -0.223733
delta matrix:
 -0.035217 0.19539 -0.0777146
weights_delta matrix:
 -0.00156293 0.00867144 -0.00344898
 -0.00107234 0.00594954 -0.00236637
 -0.00183611 0.0101871 -0.00405181
 -0.00163402 0.00906584 -0.00360585
 -0.0035217 0.019539 -0.00777146
weights matrix:
 -0.795162 0.0808136 0.0656539
 1.40429 -1.13273 -0.361433
 -1.78112 0.660988 1.31364
 -1.43581 -0.203508 1.39001
 0.62008 0.285251 -1.88475
regression_error on 'test' 0.117502
classification_error on 'test' 0.184211
Save,1363,0.117502,0.184211
sample_count 75 Sample index 22
 i 0:0.305227 i 1:0.233915 i 2:0.430645 i 3:0.427485 bias 1
 test_print 2.39727
net matrix:
 -0.67496 0.242609 -0.789335
outputs matrix:
 0.205883 0.618979 0.170984
error matrix:
 -0.205883 0.381021 -0.170984
delta matrix:
 -0.067322 0.179723 -0.0484735
weights_delta matrix:
 -0.00205485 0.00548563 -0.00147954
 -0.00157476 0.00420399 -0.00113387
 -0.00289919 0.00773968 -0.00208749
 -0.00287791 0.00768289 -0.00207217
 -0.0067322 0.0179723 -0.00484735
weights matrix:
 -0.797217 0.0862993 0.0641743
 1.40272 -1.12853 -0.362567
 -1.78402 0.668728 1.31155
 -1.43869 -0.195825 1.38794
 0.613347 0.303223 -1.8896
regression_error on 'test' 0.120247
classification_error on 'test' 0.210526
Save,1364,0.120247,0.210526
sample_count 75 Sample index 50
 i 0:0.489992 i 1:0.833841 i 2:0.113105 i 3:0.135476 bias 1
 test_print 2.57241
net matrix:
 0.995671 -0.546399 -1.8241
outputs matrix:
 0.879885 0.251092 0.0253772
error matrix:
 0.120115 -0.251092 -0.0253772
delta matrix:
 0.0253893 -0.094433 -0.00125532
weights_delta matrix:
 0.00124405 -0.00462714 -6.15096e-05
 0.00211706 -0.00787421 -0.000104674
 0.000287165 -0.00106808 -1.41983e-05
 0.000343964 -0.00127934 -1.70066e-05
 0.00253893 -0.0094433 -0.000125532
weights matrix:
 -0.795973 0.0816721 0.0641128
 1.40483 -1.1364 -0.362671
 -1.78374 0.667659 1.31153
 -1.43835 -0.197104 1.38792
 0.615886 0.29378 -1.88972
regression_error on 'test' 0.118968
classification_error on 'test' 0.210526
Save,1365,0.118968,0.210526
sample_count 75 Sample index 33
 i 0:0.559279 i 1:0.480944 i 2:0.672581 i 3:0.719493 bias 1
 test_print 3.4323
net matrix:
 -1.38822 0.100151 -0.147576
outputs matrix:
 0.0586102 0.549909 0.426743
error matrix:
 -0.0586102 -0.549909 0.573257
delta matrix:
 -0.00646765 -0.272215 0.280476
weights_delta matrix:
 -0.000361722 -0.0152244 0.0156864
 -0.000311058 -0.013092 0.0134893
 -0.000435002 -0.0183086 0.0188643
 -0.000465343 -0.0195857 0.02018
 -0.000646765 -0.0272215 0.0280476
weights matrix:
 -0.796334 0.0664477 0.0797992
 1.40452 -1.1495 -0.349182
 -1.78417 0.649351 1.3304
 -1.43881 -0.21669 1.4081
 0.61524 0.266558 -1.86167
regression_error on 'test' 0.111795
classification_error on 'test' 0.131579
Save,1366,0.111795,0.131579
sample_count 75 Sample index 9
 i 0:0.351418 i 1:0.375074 i 2:0.521371 i 3:0.573489 bias 1
 test_print 2.82135
net matrix:
 -0.893164 0.0730466 -0.463438
outputs matrix:
 0.143524 0.536458 0.283559
error matrix:
 -0.143524 0.463542 -0.283559
delta matrix:
 -0.0352852 0.230538 -0.115212
weights_delta matrix:
 -0.00123998 0.00810154 -0.00404875
 -0.00132345 0.0086469 -0.00432129
 -0.00183967 0.0120196 -0.00600681
 -0.00202357 0.0132211 -0.00660727
 -0.00352852 0.0230538 -0.0115212
weights matrix:
 -0.797574 0.0745493 0.0757505
 1.4032 -1.14085 -0.353503
 -1.78601 0.66137 1.32439
 -1.44083 -0.203469 1.40149
 0.611711 0.289612 -1.8732
regression_error on 'test' 0.115822
classification_error on 'test' 0.157895
Save,1367,0.115822,0.157895
sample_count 75 Sample index 72
 i 0:0.905713 i 1:0.480944 i 2:0.929637 i 3:0.828996 bias 1
 test_print 4.14529
net matrix:
 -2.29059 0.254607 0.418435
outputs matrix:
 0.010139 0.624622 0.697805
error matrix:
 -0.010139 -0.624622 0.302195
delta matrix:
 -0.000203513 -0.29291 0.127449
weights_delta matrix:
 -1.84324e-05 -0.0265292 0.0115433
 -9.78782e-06 -0.0140873 0.0061296
 -1.89193e-05 -0.02723 0.0118482
 -1.68711e-05 -0.0242821 0.0105655
 -2.03513e-05 -0.029291 0.0127449
weights matrix:
 -0.797593 0.0480201 0.0872937
 1.40319 -1.15494 -0.347374
 -1.78603 0.63414 1.33624
 -1.44085 -0.227751 1.41206
 0.611691 0.260321 -1.86045
regression_error on 'test' 0.109142
classification_error on 'test' 0.105263
Save,1368,0.109142,0.105263
sample_count 75 Sample index 6
 i 0:0.305227 i 1:0.657392 i 2:0.128226 i 3:0.171977 bias 1
 test_print 2.26282
net matrix:
 0.813881 -0.442122 -1.64798
outputs matrix:
 0.835863 0.292299 0.0357097
error matrix:
 0.164137 -0.292299 -0.0357097
delta matrix:
 0.045038 -0.12093 -0.0024593
weights_delta matrix:
 0.00137468 -0.00369111 -7.50644e-05
 0.00296076 -0.00794984 -0.000161672
 0.000577504 -0.00155064 -3.15346e-05
 0.000774549 -0.00207972 -4.22943e-05
 0.0045038 -0.012093 -0.00024593
weights matrix:
 -0.796218 0.0443289 0.0872187
 1.40615 -1.16289 -0.347535
 -1.78545 0.63259 1.33621
 -1.44008 -0.22983 1.41202
 0.616195 0.248228 -1.8607
regression_error on 'test' 0.107975
classification_error on 'test' 0.0789474
Save,1369,0.107975,0.0789474
sample_count 75 Sample index 63
 i 0:0.420705 i 1:0.904421 i 2:0.143347 i 3:0.135476 bias 1
 test_print 2.60395
net matrix:
 1.10194 -0.725318 -1.75549
outputs matrix:
 0.900597 0.189904 0.0290017
error matrix:
 0.0994028 -0.189904 -0.0290017
delta matrix:
 0.0177975 -0.0584297 -0.00163341
weights_delta matrix:
 0.000748748 -0.00245817 -6.87183e-05
 0.00160964 -0.0052845 -0.000147729
 0.000255121 -0.000837572 -2.34144e-05
 0.000241113 -0.000791582 -2.21287e-05
 0.00177975 -0.00584297 -0.000163341
weights matrix:
 -0.795469 0.0418708 0.0871499
 1.40776 -1.16817 -0.347683
 -1.7852 0.631752 1.33619
 -1.43984 -0.230622 1.412
 0.617974 0.242385 -1.86086
regression_error on 'test' 0.107383
classification_error on 'test' 0.0789474
Save,1370,0.107383,0.0789474
sample_count 75 Sample index 19
 i 0:0.674757 i 1:0.480944 i 2:0.596976 i 3:0.573489 bias 1
 test_print 3.32617
net matrix:
 -1.13317 -0.0463052 -0.361836
outputs matrix:
 0.0939493 0.476864 0.326585
error matrix:
 -0.0939493 0.523136 -0.326585
delta matrix:
 -0.0159945 0.261008 -0.14365
weights_delta matrix:
 -0.00107924 0.0176117 -0.00969286
 -0.000769244 0.012553 -0.00690875
 -0.000954831 0.0155816 -0.00857554
 -0.000917265 0.0149685 -0.00823815
 -0.00159945 0.0261008 -0.014365
weights matrix:
 -0.796549 0.0594825 0.0774571
 1.40699 -1.15562 -0.354592
 -1.78615 0.647334 1.32761
 -1.44075 -0.215653 1.40376
 0.616375 0.268486 -1.87523
regression_error on 'test' 0.112152
classification_error on 'test' 0.131579
Save,1371,0.112152,0.131579
sample_count 75 Sample index 52
 i 0:0.443801 i 1:0.410364 i 2:0.672581 i 3:0.792495 bias 1
 test_print 3.31924
net matrix:
 -1.50288 0.0851405 0.0190349
outputs matrix:
 0.0471666 0.542468 0.509516
error matrix:
 -0.0471666 -0.542468 0.490484
delta matrix:
 -0.00423952 -0.269277 0.245153
weights_delta matrix:
 -0.00018815 -0.0119505 0.0108799
 -0.000173975 -0.0110502 0.0100602
 -0.000285142 -0.0181111 0.0164885
 -0.00033598 -0.0213401 0.0194283
 -0.000423952 -0.0269277 0.0245153
weights matrix:
 -0.796737 0.0475319 0.088337
 1.40682 -1.16667 -0.344532
 -1.78644 0.629223 1.3441
 -1.44109 -0.236994 1.42319
 0.615951 0.241558 -1.85071
regression_error on 'test' 0.106449
classification_error on 'test' 0.0789474
Save,1372,0.106449,0.0789474
sample_count 75 Sample index 64
 i 0:0.282131 i 1:0.516233 i 2:0.158468 i 3:0.0989754 bias 1
 test_print 2.05581
net matrix:
 0.691687 -0.271049 -1.64979
outputs matrix:
 0.799532 0.3677 0.0355857
error matrix:
 0.200468 -0.3677 -0.0355857
delta matrix:
 0.0642621 -0.170978 -0.00244255
weights_delta matrix:
 0.00181303 -0.00482382 -6.8912e-05
 0.00331742 -0.00882644 -0.000126093
 0.00101835 -0.00270945 -3.87067e-05
 0.000636037 -0.00169226 -2.41753e-05
 0.00642621 -0.0170978 -0.000244255
weights matrix:
 -0.794924 0.0427081 0.0882681
 1.41013 -1.17549 -0.344658
 -1.78542 0.626513 1.34406
 -1.44045 -0.238686 1.42316
 0.622377 0.224461 -1.85095
regression_error on 'test' 0.105059
classification_error on 'test' 0.0526316
Save,1373,0.105059,0.0526316
sample_count 75 Sample index 36
 i 0:0.744044 i 1:0.516233 i 2:0.702823 i 3:0.901998 bias 1
 test_print 3.8651
net matrix:
 -1.79524 -0.125558 0.265123
outputs matrix:
 0.0268445 0.437549 0.62954
error matrix:
 -0.0268445 -0.437549 0.37046
delta matrix:
 -0.00140256 -0.215361 0.172797
weights_delta matrix:
 -0.000104357 -0.0160238 0.0128568
 -7.24049e-05 -0.0111177 0.00892033
 -9.85754e-05 -0.0151361 0.0121445
 -0.000126511 -0.0194256 0.0155862
 -0.000140256 -0.0215361 0.0172797
weights matrix:
 -0.795028 0.0266843 0.101125
 1.41006 -1.18661 -0.335737
 -1.78552 0.611377 1.3562
 -1.44058 -0.258111 1.43875
 0.622237 0.202924 -1.83367
regression_error on 'test' 0.101149
classification_error on 'test' 0.0789474
Save,1374,0.101149,0.0789474
sample_count 75 Sample index 68
 i 0:0.305227 i 1:0.657392 i 2:0.173589 i 3:0.281481 bias 1
 test_print 2.41769
net matrix:
 0.591095 -0.535525 -1.38312
outputs matrix:
 0.765341 0.255203 0.0591763
error matrix:
 0.234659 -0.255203 -0.0591763
delta matrix:
 0.0842866 -0.0970153 -0.00658922
weights_delta matrix:
 0.00257266 -0.00296117 -0.000201121
 0.00554094 -0.00637771 -0.00043317
 0.00146312 -0.00168408 -0.000114382
 0.00237251 -0.0027308 -0.000185474
 0.00842866 -0.00970153 -0.000658922
weights matrix:
 -0.792456 0.0237231 0.100924
 1.4156 -1.19299 -0.336171
 -1.78405 0.609693 1.35609
 -1.43821 -0.260842 1.43856
 0.630665 0.193223 -1.83433
regression_error on 'test' 0.10044
classification_error on 'test' 0.0789474
Save,1375,0.10044,0.0789474
sample_count 75 Sample index 34
 i 0:0.767139 i 1:0.551523 i 2:0.642339 i 3:0.573489 bias 1
 test_print 3.53449
net matrix:
 -1.16728 -0.2045 -0.246247
outputs matrix:
 0.0883003 0.399152 0.379306
error matrix:
 -0.0883003 0.600848 -0.379306
delta matrix:
 -0.0142169 0.288202 -0.178602
weights_delta matrix:
 -0.00109064 0.0221091 -0.0137013
 -0.000784097 0.015895 -0.00985033
 -0.00091321 0.0185124 -0.0114723
 -0.000815326 0.0165281 -0.0102426
 -0.00142169 0.0288202 -0.0178602
weights matrix:
 -0.793546 0.0458322 0.0872225
 1.41482 -1.17709 -0.346021
 -1.78497 0.628205 1.34462
 -1.43902 -0.244314 1.42832
 0.629244 0.222043 -1.85219
regression_error on 'test' 0.104735
classification_error on 'test' 0.0526316
Save,1376,0.104735,0.0526316
sample_count 75 Sample index 6
 i 0:0.305227 i 1:0.657392 i 2:0.128226 i 3:0.171977 bias 1
 test_print 2.26282
net matrix:
 0.840765 -0.499245 -1.63499
outputs matrix:
 0.843107 0.269239 0.0366156
error matrix:
 0.156893 -0.269239 -0.0366156
delta matrix:
 0.0415068 -0.105945 -0.00258322
weights_delta matrix:
 0.0012669 -0.00323373 -7.88469e-05
 0.00272863 -0.00696474 -0.000169819
 0.000532226 -0.00135849 -3.31236e-05
 0.000713822 -0.00182201 -4.44255e-05
 0.00415068 -0.0105945 -0.000258322
weights matrix:
 -0.792279 0.0425985 0.0871437
 1.41755 -1.18406 -0.346191
 -1.78444 0.626847 1.34458
 -1.43831 -0.246136 1.42828
 0.633394 0.211449 -1.85245
regression_error on 'test' 0.103889
classification_error on 'test' 0.0789474
Save,1377,0.103889,0.0789474
sample_count 75 Sample index 48
 i 0:0.744044 i 1:0.516233 i 2:0.748185 i 3:0.828996 bias 1
 test_print 3.83746
net matrix:
 -1.75175 -0.103155 0.223704
outputs matrix:
 0.0292128 0.448605 0.610023
error matrix:
 -0.0292128 -0.448605 0.389977
delta matrix:
 -0.00165691 -0.221932 0.185547
weights_delta matrix:
 -0.000123282 -0.0165127 0.0138055
 -8.55354e-05 -0.0114569 0.00957856
 -0.000123968 -0.0166046 0.0138824
 -0.000137358 -0.0183981 0.0153818
 -0.000165691 -0.0221932 0.0185547
weights matrix:
 -0.792403 0.0260858 0.100949
 1.41746 -1.19552 -0.336612
 -1.78456 0.610242 1.35847
 -1.43845 -0.264534 1.44366
 0.633229 0.189255 -1.8339
regression_error on 'test' 0.10005
classification_error on 'test' 0.0789474
Save,1378,0.10005,0.0789474
sample_count 75 Sample index 74
 i 0:0.443801 i 1:0.480944 i 2:0.551613 i 3:0.536988 bias 1
 test_print 3.01335
net matrix:
 -0.793534 -0.179578 -0.426413
outputs matrix:
 0.169797 0.411164 0.29884
error matrix:
 -0.169797 0.588836 -0.29884
delta matrix:
 -0.0478711 0.285124 -0.125235
weights_delta matrix:
 -0.00212452 0.0126538 -0.00555794
 -0.00230233 0.0137129 -0.0060231
 -0.00264063 0.0157278 -0.00690812
 -0.00257062 0.0153108 -0.00672497
 -0.00478711 0.0285124 -0.0125235
weights matrix:
 -0.794527 0.0387396 0.0953912
 1.41516 -1.1818 -0.342635
 -1.7872 0.62597 1.35156
 -1.44102 -0.249223 1.43693
 0.628442 0.217768 -1.84642
regression_error on 'test' 0.10333
classification_error on 'test' 0.105263
Save,1379,0.10333,0.105263
sample_count 75 Sample index 7
 i 0:0.651661 i 1:0.410364 i 2:0.627218 i 3:0.60999 bias 1
 test_print 3.29923
net matrix:
 -1.30856 -0.00136081 -0.200627
outputs matrix:
 0.0680448 0.49932 0.401011
error matrix:
 -0.0680448 0.50068 -0.401011
delta matrix:
 -0.00863009 0.25034 -0.192647
weights_delta matrix:
 -0.000562389 0.0163137 -0.012554
 -0.000354148 0.010273 -0.00790553
 -0.000541295 0.0157018 -0.0120832
 -0.000526427 0.0152705 -0.0117513
 -0.000863009 0.025034 -0.0192647
weights matrix:
 -0.795089 0.0550533 0.0828372
 1.41481 -1.17153 -0.350541
 -1.78774 0.641672 1.33948
 -1.44154 -0.233953 1.42518
 0.627579 0.242802 -1.86569
regression_error on 'test' 0.107675
classification_error on 'test' 0.0789474
Save,1380,0.107675,0.0789474
sample_count 75 Sample index 60
 i 0:0.559279 i 1:0.410364 i 2:0.536492 i 3:0.536988 bias 1
 test_print 3.04312
net matrix:
 -0.969713 0.0114599 -0.479283
outputs matrix:
 0.125711 0.50573 0.277166
error matrix:
 -0.125711 0.49427 -0.277166
delta matrix:
 -0.0276332 0.247103 -0.111057
weights_delta matrix:
 -0.00154547 0.0138199 -0.00621121
 -0.00113397 0.0101402 -0.0045574
 -0.0014825 0.0132569 -0.00595814
 -0.00148387 0.0132691 -0.00596365
 -0.00276332 0.0247103 -0.0111057
weights matrix:
 -0.796635 0.0688732 0.076626
 1.41367 -1.16139 -0.355098
 -1.78922 0.654929 1.33352
 -1.44303 -0.220684 1.41922
 0.624815 0.267512 -1.87679
regression_error on 'test' 0.111696
classification_error on 'test' 0.131579
Save,1381,0.111696,0.131579
sample_count 75 Sample index 20
 i 0:0.489992 i 1:0.375074 i 2:0.521371 i 3:0.500487 bias 1
 test_print 2.88692
net matrix:
 -0.890363 0.0966635 -0.566876
outputs matrix:
 0.144214 0.548182 0.243469
error matrix:
 -0.144214 0.451818 -0.243469
delta matrix:
 -0.0355965 0.223811 -0.0896903
weights_delta matrix:
 -0.0017442 0.0109666 -0.00439475
 -0.00133513 0.00839458 -0.00336405
 -0.0018559 0.0116689 -0.00467619
 -0.00178156 0.0112015 -0.00448888
 -0.00355965 0.0223811 -0.00896903
weights matrix:
 -0.798379 0.0798398 0.0722313
 1.41234 -1.153 -0.358462
 -1.79108 0.666598 1.32884
 -1.44481 -0.209482 1.41473
 0.621256 0.289893 -1.88576
regression_error on 'test' 0.115485
classification_error on 'test' 0.157895
Save,1382,0.115485,0.157895
sample_count 75 Sample index 28
 i 0:0.305227 i 1:0.551523 i 2:0.113105 i 3:0.135476 bias 1
 test_print 2.10533
net matrix:
 0.758188 -0.274626 -1.71945
outputs matrix:
 0.820004 0.366038 0.0311014
error matrix:
 0.179996 -0.366038 -0.0311014
delta matrix:
 0.0531338 -0.169881 -0.00187443
weights_delta matrix:
 0.00162179 -0.00518524 -5.72126e-05
 0.00293045 -0.00936935 -0.000103379
 0.000600969 -0.00192144 -2.12007e-05
 0.000719835 -0.00230149 -2.5394e-05
 0.00531338 -0.0169881 -0.000187443
weights matrix:
 -0.796757 0.0746545 0.072174
 1.41527 -1.16237 -0.358566
 -1.79048 0.664676 1.32882
 -1.44409 -0.211784 1.4147
 0.626569 0.272905 -1.88595
regression_error on 'test' 0.113662
classification_error on 'test' 0.157895
Save,1383,0.113662,0.157895
sample_count 75 Sample index 46
 i 0:0.928809 i 1:0.480944 i 2:0.854032 i 3:0.901998 bias 1
 test_print 4.16578
net matrix:
 -2.26449 0.159838 0.419553
outputs matrix:
 0.0106764 0.579246 0.698277
error matrix:
 -0.0106764 -0.579246 0.301723
delta matrix:
 -0.000225538 -0.282348 0.127138
weights_delta matrix:
 -2.09481e-05 -0.0262247 0.0118087
 -1.08471e-05 -0.0135793 0.00611462
 -1.92616e-05 -0.0241134 0.010858
 -2.03434e-05 -0.0254677 0.0114678
 -2.25538e-05 -0.0282348 0.0127138
weights matrix:
 -0.796778 0.0484298 0.0839827
 1.41526 -1.17594 -0.352451
 -1.7905 0.640563 1.33968
 -1.44411 -0.237252 1.42617
 0.626547 0.24467 -1.87323
regression_error on 'test' 0.107451
classification_error on 'test' 0.0789474
Save,1384,0.107451,0.0789474
sample_count 75 Sample index 1
 i 0:0.582374 i 1:0.445654 i 2:0.581855 i 3:0.536988 bias 1
 test_print 3.14687
net matrix:
 -1.02404 -0.00587636 -0.436061
outputs matrix:
 0.114246 0.497062 0.294813
error matrix:
 -0.114246 0.502938 -0.294813
delta matrix:
 -0.0231221 0.25146 -0.122582
weights_delta matrix:
 -0.00134657 0.0146444 -0.00713888
 -0.00103045 0.0112064 -0.00546293
 -0.00134537 0.0146313 -0.00713251
 -0.00124163 0.0135031 -0.00658252
 -0.00231221 0.025146 -0.0122582
weights matrix:
 -0.798125 0.0630742 0.0768438
 1.41423 -1.16474 -0.357914
 -1.79184 0.655194 1.33255
 -1.44535 -0.223748 1.41959
 0.624234 0.269816 -1.88549
regression_error on 'test' 0.111717
classification_error on 'test' 0.131579
Save,1385,0.111717,0.131579
sample_count 75 Sample index 30
 i 0:0.559279 i 1:0.410364 i 2:0.642339 i 3:0.500487 bias 1
 test_print 3.11247
net matrix:
 -1.11614 0.135999 -0.422958
outputs matrix:
 0.0968885 0.567584 0.30029
error matrix:
 -0.0968885 0.432416 -0.30029
delta matrix:
 -0.0169557 0.212258 -0.126192
weights_delta matrix:
 -0.000948298 0.0118711 -0.00705763
 -0.000695802 0.00871031 -0.00517844
 -0.00108913 0.0136342 -0.00810577
 -0.000848612 0.0106232 -0.00631572
 -0.00169557 0.0212258 -0.0126192
weights matrix:
 -0.799073 0.0749454 0.0697862
 1.41353 -1.15603 -0.363092
 -1.79293 0.668828 1.32444
 -1.4462 -0.213125 1.41327
 0.622539 0.291042 -1.89811
regression_error on 'test' 0.115911
classification_error on 'test' 0.184211
Save,1386,0.115911,0.184211
sample_count 75 Sample index 33
 i 0:0.559279 i 1:0.480944 i 2:0.672581 i 3:0.719493 bias 1
 test_print 3.4323
net matrix:
 -1.39096 0.0734721 -0.126075
outputs matrix:
 0.0583091 0.53667 0.437294
error matrix:
 -0.0583091 -0.53667 0.562706
delta matrix:
 -0.00640341 -0.266892 0.276928
weights_delta matrix:
 -0.000358129 -0.0149267 0.015488
 -0.000307968 -0.012836 0.0133187
 -0.000430681 -0.0179506 0.0186256
 -0.000460721 -0.0192027 0.0199248
 -0.000640341 -0.0266892 0.0276928
weights matrix:
 -0.799431 0.0600187 0.0852742
 1.41322 -1.16886 -0.349774
 -1.79336 0.650878 1.34307
 -1.44666 -0.232328 1.4332
 0.621898 0.264353 -1.87042
regression_error on 'test' 0.109272
classification_error on 'test' 0.105263
Save,1387,0.109272,0.105263
sample_count 75 Sample index 22
 i 0:0.305227 i 1:0.233915 i 2:0.430645 i 3:0.427485 bias 1
 test_print 2.39727
net matrix:
 -0.682264 0.190238 -0.735153
outputs matrix:
 0.203505 0.593988 0.186896
error matrix:
 -0.203505 0.406012 -0.186896
delta matrix:
 -0.0659728 0.195833 -0.0568037
weights_delta matrix:
 -0.00201367 0.00597735 -0.0017338
 -0.0015432 0.00458082 -0.00132872
 -0.00284109 0.00843344 -0.00244622
 -0.00282024 0.00837156 -0.00242827
 -0.00659728 0.0195833 -0.00568037
weights matrix:
 -0.801445 0.065996 0.0835404
 1.41168 -1.16428 -0.351102
 -1.7962 0.659311 1.34062
 -1.44948 -0.223956 1.43077
 0.615301 0.283936 -1.8761
regression_error on 'test' 0.111835
classification_error on 'test' 0.131579
Save,1388,0.111835,0.131579
sample_count 75 Sample index 50
 i 0:0.489992 i 1:0.833841 i 2:0.113105 i 3:0.135476 bias 1
 test_print 2.57241
net matrix:
 1.00019 -0.610322 -1.78246
outputs matrix:
 0.880836 0.227823 0.0275203
error matrix:
 0.119164 -0.227823 -0.0275203
delta matrix:
 0.0250158 -0.0801571 -0.00147305
weights_delta matrix:
 0.00122575 -0.00392763 -7.21782e-05
 0.00208592 -0.00668383 -0.000122829
 0.000282941 -0.000906617 -1.66609e-05
 0.000338904 -0.00108594 -1.99563e-05
 0.00250158 -0.00801571 -0.000147305
weights matrix:
 -0.800219 0.0620684 0.0834682
 1.41376 -1.17097 -0.351225
 -1.79592 0.658405 1.3406
 -1.44914 -0.225042 1.43075
 0.617803 0.275921 -1.87625
regression_error on 'test' 0.110887
classification_error on 'test' 0.131579
Save,1389,0.110887,0.131579
sample_count 75 Sample index 8
 i 0:0.489992 i 1:0.375074 i 2:0.702823 i 3:0.755994 bias 1
 test_print 3.32388
net matrix:
 -1.60179 0.159746 0.0567614
outputs matrix:
 0.0390314 0.5792 0.52835
error matrix:
 -0.0390314 -0.5792 0.47165
delta matrix:
 -0.00292797 -0.282334 0.235067
weights_delta matrix:
 -0.000143468 -0.0138341 0.0115181
 -0.000109821 -0.0105896 0.00881674
 -0.000205784 -0.0198431 0.016521
 -0.000221353 -0.0213443 0.0177709
 -0.000292797 -0.0282334 0.0235067
weights matrix:
 -0.800363 0.0482343 0.0949863
 1.41365 -1.18156 -0.342409
 -1.79613 0.638561 1.35712
 -1.44936 -0.246386 1.44852
 0.61751 0.247687 -1.85274
regression_error on 'test' 0.105319
classification_error on 'test' 0.0526316
Save,1390,0.105319,0.0526316
sample_count 75 Sample index 10
 i 0:0.697853 i 1:0.304495 i 2:0.808669 i 3:0.719493 bias 1
 test_print 3.53051
net matrix:
 -2.00585 0.260681 0.248949
outputs matrix:
 0.0177806 0.627466 0.621965
error matrix:
 -0.0177806 -0.627466 0.378035
delta matrix:
 -0.000621059 -0.293343 0.17777
weights_delta matrix:
 -4.33408e-05 -0.0204711 0.0124058
 -1.89109e-05 -0.00893216 0.00541302
 -5.02231e-05 -0.0237218 0.0143757
 -4.46847e-05 -0.0211059 0.0127905
 -6.21059e-05 -0.0293343 0.017777
weights matrix:
 -0.800406 0.0277632 0.107392
 1.41364 -1.19049 -0.336996
 -1.79618 0.61484 1.3715
 -1.44941 -0.267492 1.46131
 0.617448 0.218353 -1.83496
regression_error on 'test' 0.100747
classification_error on 'test' 0.0789474
Save,1391,0.100747,0.0789474
sample_count 75 Sample index 25
 i 0:0.628566 i 1:0.410364 i 2:0.778427 i 3:0.865497 bias 1
 test_print 3.68285
net matrix:
 -1.9582 -0.00563583 0.426622
outputs matrix:
 0.0195237 0.497182 0.701247
error matrix:
 -0.0195237 -0.497182 0.298753
delta matrix:
 -0.000747466 -0.248583 0.125177
weights_delta matrix:
 -4.69832e-05 -0.0156251 0.00786821
 -3.06733e-05 -0.010201 0.00513682
 -5.81848e-05 -0.0193504 0.00974413
 -6.46929e-05 -0.0215148 0.010834
 -7.47466e-05 -0.0248583 0.0125177
weights matrix:
 -0.800453 0.0121381 0.11526
 1.41361 -1.20069 -0.331859
 -1.79624 0.595489 1.38124
 -1.44947 -0.289007 1.47214
 0.617373 0.193494 -1.82244
regression_error on 'test' 0.0976946
classification_error on 'test' 0.105263
Save,1392,0.0976946,0.105263
sample_count 75 Sample index 44
 i 0:0.536183 i 1:0.375074 i 2:0.702823 i 3:0.646491 bias 1
 test_print 3.26057
net matrix:
 -1.48112 -0.0186616 0.0373823
outputs matrix:
 0.0491616 0.49067 0.518682
error matrix:
 -0.0491616 0.50933 -0.518682
delta matrix:
 -0.0045961 0.254576 -0.258979
weights_delta matrix:
 -0.000246435 0.0136499 -0.013886
 -0.000172388 0.00954849 -0.00971363
 -0.000323024 0.0178922 -0.0182017
 -0.000297134 0.0164581 -0.0167428
 -0.00045961 0.0254576 -0.0258979
weights matrix:
 -0.800699 0.0257881 0.101374
 1.41343 -1.19114 -0.341572
 -1.79656 0.613381 1.36304
 -1.44977 -0.272549 1.4554
 0.616913 0.218952 -1.84834
regression_error on 'test' 0.101119
classification_error on 'test' 0.0789474
Save,1393,0.101119,0.0789474
sample_count 75 Sample index 27
 i 0:0.328323 i 1:0.622103 i 2:0.158468 i 3:0.135476 bias 1
 test_print 2.24437
net matrix:
 0.75222 -0.453316 -1.61438
outputs matrix:
 0.818236 0.28769 0.0380975
error matrix:
 0.181764 -0.28769 -0.0380975
delta matrix:
 0.0540661 -0.117909 -0.00279225
weights_delta matrix:
 0.00177511 -0.00387123 -9.16761e-05
 0.00336347 -0.00733516 -0.000173707
 0.000856774 -0.00186848 -4.42483e-05
 0.000732465 -0.00159739 -3.78283e-05
 0.00540661 -0.0117909 -0.000279225
weights matrix:
 -0.798924 0.0219168 0.101283
 1.4168 -1.19848 -0.341746
 -1.7957 0.611513 1.363
 -1.44904 -0.274146 1.45536
 0.62232 0.207161 -1.84862
regression_error on 'test' 0.100304
classification_error on 'test' 0.0789474
Save,1394,0.100304,0.0789474
sample_count 75 Sample index 47
 i 0:0.282131 i 1:0.516233 i 2:0.158468 i 3:0.0989754 bias 1
 test_print 2.05581
net matrix:
 0.700336 -0.335577 -1.63643
outputs matrix:
 0.80229 0.338239 0.036514
error matrix:
 0.19771 -0.338239 -0.036514
delta matrix:
 0.0627216 -0.151418 -0.00256918
weights_delta matrix:
 0.00176957 -0.00427197 -7.24846e-05
 0.0032379 -0.0078167 -0.00013263
 0.000993937 -0.00239949 -4.07133e-05
 0.00062079 -0.00149867 -2.54286e-05
 0.00627216 -0.0151418 -0.000256918
weights matrix:
 -0.797155 0.0176449 0.10121
 1.42003 -1.20629 -0.341879
 -1.79471 0.609114 1.36296
 -1.44842 -0.275645 1.45534
 0.628592 0.192019 -1.84888
regression_error on 'test' 0.0994081
classification_error on 'test' 0.0789474
Save,1395,0.0994081,0.0789474
sample_count 75 Sample index 19
 i 0:0.674757 i 1:0.480944 i 2:0.596976 i 3:0.573489 bias 1
 test_print 3.32617
net matrix:
 -1.12838 -0.170687 -0.296738
outputs matrix:
 0.0947673 0.415476 0.355838
error matrix:
 -0.0947673 0.584524 -0.355838
delta matrix:
 -0.0162595 0.28391 -0.163128
weights_delta matrix:
 -0.00109712 0.019157 -0.0110072
 -0.00078199 0.0136545 -0.00784556
 -0.000970652 0.0169487 -0.00973837
 -0.000932464 0.0162819 -0.00935523
 -0.00162595 0.028391 -0.0163128
weights matrix:
 -0.798252 0.0368019 0.0902029
 1.41925 -1.19264 -0.349724
 -1.79568 0.626062 1.35322
 -1.44935 -0.259363 1.44598
 0.626966 0.22041 -1.86519
regression_error on 'test' 0.103121
classification_error on 'test' 0.105263
Save,1396,0.103121,0.105263
sample_count 75 Sample index 37
 i 0:0.720948 i 1:0.551523 i 2:0.82379 i 3:0.901998 bias 1
 test_print 3.99826
net matrix:
 -1.95235 -0.129026 0.426001
outputs matrix:
 0.019749 0.435843 0.700987
error matrix:
 -0.019749 -0.435843 0.299013
delta matrix:
 -0.000764644 -0.214333 0.125349
weights_delta matrix:
 -5.51268e-05 -0.0154523 0.009037
 -4.21719e-05 -0.011821 0.00691327
 -6.29906e-05 -0.0176566 0.0103261
 -6.89707e-05 -0.0193328 0.0113064
 -7.64644e-05 -0.0214333 0.0125349
weights matrix:
 -0.798307 0.0213496 0.0992399
 1.41921 -1.20446 -0.342811
 -1.79574 0.608406 1.36354
 -1.44942 -0.278696 1.45729
 0.62689 0.198977 -1.85266
regression_error on 'test' 0.0997248
classification_error on 'test' 0.0789474
Save,1397,0.0997248,0.0789474
sample_count 75 Sample index 33
 i 0:0.559279 i 1:0.480944 i 2:0.672581 i 3:0.719493 bias 1
 test_print 3.4323
net matrix:
 -1.38765 -0.159678 0.00357728
outputs matrix:
 0.0586733 0.420833 0.501789
error matrix:
 -0.0586733 -0.420833 0.498211
delta matrix:
 -0.00648115 -0.205141 0.249102
weights_delta matrix:
 -0.000362477 -0.0114731 0.0139318
 -0.000311707 -0.00986615 0.0119804
 -0.00043591 -0.0137974 0.0167542
 -0.000466314 -0.0147598 0.0179228
 -0.000648115 -0.0205141 0.0249102
weights matrix:
 -0.798669 0.00987646 0.113172
 1.4189 -1.21433 -0.330831
 -1.79618 0.594608 1.3803
 -1.44988 -0.293456 1.47521
 0.626242 0.178463 -1.82775
regression_error on 'test' 0.0968554
classification_error on 'test' 0.157895
Save,1398,0.0968554,0.157895
sample_count 75 Sample index 16
 i 0:0.60547 i 1:0.304495 i 2:0.687702 i 3:0.755994 bias 1
 test_print 3.35366
net matrix:
 -1.75662 0.00174933 0.204525
outputs matrix:
 0.0289379 0.500875 0.60086
error matrix:
 -0.0289379 -0.500875 0.39914
delta matrix:
 -0.00162634 -0.250437 0.191449
weights_delta matrix:
 -9.84701e-05 -0.0151632 0.0115917
 -4.95213e-05 -0.00762567 0.00582953
 -0.000111844 -0.0172226 0.013166
 -0.00012295 -0.0189329 0.0144734
 -0.000162634 -0.0250437 0.0191449
weights matrix:
 -0.798768 -0.00528672 0.124763
 1.41885 -1.22195 -0.325001
 -1.79629 0.577386 1.39346
 -1.45001 -0.312389 1.48969
 0.626079 0.153419 -1.8086
regression_error on 'test' 0.0947081
classification_error on 'test' 0.157895
Save,1399,0.0947081,0.157895
sample_count 75 Sample index 20
 i 0:0.489992 i 1:0.375074 i 2:0.521371 i 3:0.500487 bias 1
 test_print 2.88692
net matrix:
 -0.89538 -0.162808 -0.397287
outputs matrix:
 0.14298 0.419308 0.311187
error matrix:
 -0.14298 0.580692 -0.311187
delta matrix:
 -0.0350405 0.282784 -0.133406
weights_delta matrix:
 -0.00171695 0.0138562 -0.00653678
 -0.00131428 0.0106065 -0.00500371
 -0.00182691 0.0147435 -0.00695539
 -0.00175373 0.014153 -0.00667679
 -0.00350405 0.0282784 -0.0133406
weights matrix:
 -0.800485 0.00856947 0.118227
 1.41753 -1.21134 -0.330005
 -1.79812 0.592129 1.38651
 -1.45176 -0.298236 1.48301
 0.622575 0.181698 -1.82194
regression_error on 'test' 0.0965369
classification_error on 'test' 0.184211
Save,1400,0.0965369,0.184211
sample_count 75 Sample index 73
 i 0:0.582374 i 1:0.410364 i 2:0.65746 i 3:0.719493 bias 1
 test_print 3.36969
net matrix:
 -1.48862 -0.135681 0.0900772
outputs matrix:
 0.0484646 0.432573 0.544917
error matrix:
 -0.0484646 -0.432573 0.455083
delta matrix:
 -0.00446997 -0.212353 0.225705
weights_delta matrix:
 -0.000260319 -0.0123669 0.0131445
 -0.000183431 -0.0087142 0.00926213
 -0.000293882 -0.0139614 0.0148392
 -0.000321611 -0.0152787 0.0162393
 -0.000446997 -0.0212353 0.0225705
weights matrix:
 -0.800745 -0.00379742 0.131371
 1.41735 -1.22006 -0.320743
 -1.79841 0.578168 1.40135
 -1.45208 -0.313514 1.49925
 0.622128 0.160462 -1.79937
regression_error on 'test' 0.0946784
classification_error on 'test' 0.157895
Save,1401,0.0946784,0.157895
sample_count 75 Sample index 12
 i 0:0.166653 i 1:0.480944 i 2:0.128226 i 3:0.135476 bias 1
 test_print 1.9113
net matrix:
 0.743023 -0.395288 -1.54894
outputs matrix:
 0.815484 0.312045 0.0431951
error matrix:
 0.184516 -0.312045 -0.0431951
delta matrix:
 0.0555282 -0.133975 -0.00357045
weights_delta matrix:
 0.000925394 -0.00223274 -5.95026e-05
 0.00267059 -0.00644346 -0.000171719
 0.000712016 -0.00171791 -4.57825e-05
 0.000752273 -0.00181504 -4.8371e-05
 0.00555282 -0.0133975 -0.000357045
weights matrix:
 -0.79982 -0.00603016 0.131312
 1.42002 -1.2265 -0.320914
 -1.7977 0.57645 1.4013
 -1.45133 -0.315329 1.4992
 0.627681 0.147065 -1.79973
regression_error on 'test' 0.0942428
classification_error on 'test' 0.157895
Save,1402,0.0942428,0.157895
sample_count 75 Sample index 49
 i 0:0.397609 i 1:0.480944 i 2:0.612097 i 3:0.60999 bias 1
 test_print 3.10064
net matrix:
 -0.993045 -0.284716 -0.129629
outputs matrix:
 0.120671 0.361368 0.435546
error matrix:
 -0.120671 0.638632 -0.435546
delta matrix:
 -0.0256087 0.294768 -0.214154
weights_delta matrix:
 -0.00101823 0.0117203 -0.00851496
 -0.00123164 0.0141767 -0.0102996
 -0.0015675 0.0180427 -0.0131083
 -0.00156211 0.0179806 -0.0130632
 -0.00256087 0.0294768 -0.0214154
weights matrix:
 -0.800838 0.0056901 0.122797
 1.41879 -1.21233 -0.331214
 -1.79927 0.594493 1.38819
 -1.45289 -0.297349 1.48614
 0.62512 0.176542 -1.82114
regression_error on 'test' 0.0962745
classification_error on 'test' 0.157895
Save,1403,0.0962745,0.157895
sample_count 75 Sample index 39
 i 0:0.397609 i 1:0.622103 i 2:0.18871 i 3:0.135476 bias 1
 test_print 2.3439
net matrix:
 0.652962 -0.503484 -1.51507
outputs matrix:
 0.78683 0.267574 0.046083
error matrix:
 0.21317 -0.267574 -0.046083
delta matrix:
 0.0715092 -0.104877 -0.00405156
weights_delta matrix:
 0.00284327 -0.00417001 -0.000161094
 0.00444861 -0.00652443 -0.000252049
 0.00134945 -0.00197913 -7.6457e-05
 0.000968778 -0.00142083 -5.48889e-05
 0.00715092 -0.0104877 -0.000405156
weights matrix:
 -0.797995 0.0015201 0.122635
 1.42324 -1.21885 -0.331466
 -1.79792 0.592514 1.38812
 -1.45192 -0.29877 1.48608
 0.632271 0.166054 -1.82155
regression_error on 'test' 0.0957441
classification_error on 'test' 0.157895
Save,1404,0.0957441,0.157895
sample_count 75 Sample index 49
 i 0:0.397609 i 1:0.480944 i 2:0.612097 i 3:0.60999 bias 1
 test_print 3.10064
net matrix:
 -0.986678 -0.239111 -0.176047
outputs matrix:
 0.122029 0.382672 0.412875
error matrix:
 -0.122029 0.617328 -0.412875
delta matrix:
 -0.0261478 0.291668 -0.200169
weights_delta matrix:
 -0.00103966 0.011597 -0.00795891
 -0.00125756 0.0140276 -0.00962702
 -0.0016005 0.0178529 -0.0122523
 -0.00159499 0.0177914 -0.0122101
 -0.00261478 0.0291668 -0.0200169
weights matrix:
 -0.799034 0.0131171 0.114677
 1.42198 -1.20482 -0.341093
 -1.79952 0.610366 1.37587
 -1.45352 -0.280978 1.47387
 0.629656 0.195221 -1.84157
regression_error on 'test' 0.0984348
classification_error on 'test' 0.0789474
Save,1405,0.0984348,0.0789474
sample_count 75 Sample index 42
 i 0:0.651661 i 1:0.551523 i 2:0.702823 i 3:0.792495 bias 1
 test_print 3.6985
net matrix:
 -1.52343 -0.254413 0.18007
outputs matrix:
 0.0453528 0.375469 0.589074
error matrix:
 -0.0453528 -0.375469 0.410926
delta matrix:
 -0.00392719 -0.176089 0.198942
weights_delta matrix:
 -0.000255919 -0.011475 0.0129643
 -0.000216593 -0.00971171 0.0109721
 -0.000276012 -0.0123759 0.0139821
 -0.000311228 -0.013955 0.0157661
 -0.000392719 -0.0176089 0.0198942
weights matrix:
 -0.79929 0.00164205 0.127641
 1.42176 -1.21453 -0.330121
 -1.79979 0.597991 1.38985
 -1.45383 -0.294933 1.48964
 0.629263 0.177612 -1.82167
regression_error on 'test' 0.0961774
classification_error on 'test' 0.157895
Save,1406,0.0961774,0.157895
sample_count 75 Sample index 50
 i 0:0.489992 i 1:0.833841 i 2:0.113105 i 3:0.135476 bias 1
 test_print 2.57241
net matrix:
 1.02262 -0.806633 -1.67539
outputs matrix:
 0.885466 0.166136 0.0338697
error matrix:
 0.114534 -0.166136 -0.0338697
delta matrix:
 0.0232313 -0.0460311 -0.00221661
weights_delta matrix:
 0.00113832 -0.00225549 -0.000108612
 0.00193712 -0.00383826 -0.00018483
 0.000262758 -0.000520635 -2.5071e-05
 0.000314729 -0.000623611 -3.00298e-05
 0.00232313 -0.00460311 -0.000221661
weights matrix:
 -0.798152 -0.00061344 0.127532
 1.4237 -1.21837 -0.330306
 -1.79953 0.59747 1.38982
 -1.45351 -0.295557 1.48961
 0.631587 0.173009 -1.82189
regression_error on 'test' 0.0959276
classification_error on 'test' 0.157895
Save,1407,0.0959276,0.157895
sample_count 75 Sample index 32
 i 0:0.697853 i 1:0.516233 i 2:0.642339 i 3:0.60999 bias 1
 test_print 3.46642
net matrix:
 -1.23298 -0.252892 -0.102026
outputs matrix:
 0.078279 0.376182 0.449163
error matrix:
 -0.078279 0.623818 -0.449163
delta matrix:
 -0.0112959 0.292782 -0.22226
weights_delta matrix:
 -0.000788287 0.0204318 -0.0155105
 -0.000583131 0.0151143 -0.0114738
 -0.000725579 0.0188065 -0.0142766
 -0.000689038 0.0178594 -0.0135576
 -0.00112959 0.0292782 -0.022226
weights matrix:
 -0.79894 0.0198184 0.112022
 1.42312 -1.20326 -0.341779
 -1.80026 0.616276 1.37555
 -1.4542 -0.277697 1.47605
 0.630457 0.202287 -1.84412
regression_error on 'test' 0.099102
classification_error on 'test' 0.0789474
Save,1408,0.099102,0.0789474
sample_count 75 Sample index 16
 i 0:0.60547 i 1:0.304495 i 2:0.687702 i 3:0.755994 bias 1
 test_print 3.35366
net matrix:
 -1.75735 0.0617773 0.181487
outputs matrix:
 0.0288967 0.530849 0.58976
error matrix:
 -0.0288967 -0.530849 0.41024
delta matrix:
 -0.00162178 -0.264414 0.198509
weights_delta matrix:
 -9.81939e-05 -0.0160095 0.0120191
 -4.93824e-05 -0.00805128 0.00604451
 -0.00011153 -0.0181838 0.0136515
 -0.000122606 -0.0199896 0.0150072
 -0.000162178 -0.0264414 0.0198509
weights matrix:
 -0.799039 0.00380892 0.124041
 1.42307 -1.21131 -0.335735
 -1.80037 0.598093 1.3892
 -1.45433 -0.297687 1.49106
 0.630295 0.175846 -1.82427
regression_error on 'test' 0.096198
classification_error on 'test' 0.157895
Save,1409,0.096198,0.157895
sample_count 75 Sample index 49
 i 0:0.397609 i 1:0.480944 i 2:0.612097 i 3:0.60999 bias 1
 test_print 3.10064
net matrix:
 -0.992117 -0.220707 -0.176565
outputs matrix:
 0.120868 0.391404 0.412624
error matrix:
 -0.120868 0.608596 -0.412624
delta matrix:
 -0.0256867 0.289944 -0.200011
weights_delta matrix:
 -0.00102133 0.0115284 -0.00795264
 -0.00123539 0.0139447 -0.00961943
 -0.00157228 0.0177474 -0.0122426
 -0.00156686 0.0176863 -0.0122005
 -0.00256867 0.0289944 -0.0200011
weights matrix:
 -0.80006 0.0153373 0.116088
 1.42183 -1.19736 -0.345354
 -1.80194 0.61584 1.37695
 -1.45589 -0.280001 1.47886
 0.627726 0.20484 -1.84427
regression_error on 'test' 0.0990455
classification_error on 'test' 0.0789474
Save,1410,0.0990455,0.0789474
sample_count 75 Sample index 16
 i 0:0.60547 i 1:0.304495 i 2:0.687702 i 3:0.755994 bias 1
 test_print 3.35366
net matrix:
 -1.76359 0.0613702 0.185801
outputs matrix:
 0.0285488 0.530647 0.591846
error matrix:
 -0.0285488 -0.530647 0.408154
delta matrix:
 -0.00158353 -0.264327 0.197191
weights_delta matrix:
 -9.58782e-05 -0.0160042 0.0119393
 -4.82178e-05 -0.00804861 0.00600436
 -0.0001089 -0.0181778 0.0135608
 -0.000119714 -0.0199829 0.0149075
 -0.000158353 -0.0264327 0.0197191
weights matrix:
 -0.800156 -0.000666846 0.128028
 1.42179 -1.20541 -0.33935
 -1.80205 0.597662 1.39052
 -1.45601 -0.299983 1.49376
 0.627568 0.178407 -1.82455
regression_error on 'test' 0.0961574
classification_error on 'test' 0.157895
Save,1411,0.0961574,0.157895
sample_count 75 Sample index 1
 i 0:0.582374 i 1:0.445654 i 2:0.581855 i 3:0.536988 bias 1
 test_print 3.14687
net matrix:
 -1.03519 -0.172513 -0.290011
outputs matrix:
 0.112009 0.414589 0.358927
error matrix:
 -0.112009 0.585411 -0.358927
delta matrix:
 -0.0222816 0.284164 -0.165177
weights_delta matrix:
 -0.00129762 0.016549 -0.0096195
 -0.00099299 0.0126639 -0.00736119
 -0.00129647 0.0165342 -0.00961093
 -0.0011965 0.0152593 -0.00886983
 -0.00222816 0.0284164 -0.0165177
weights matrix:
 -0.801453 0.0158821 0.118408
 1.42079 -1.19275 -0.346711
 -1.80334 0.614196 1.3809
 -1.45721 -0.284724 1.48489
 0.62534 0.206824 -1.84107
regression_error on 'test' 0.0988458
classification_error on 'test' 0.0789474
Save,1412,0.0988458,0.0789474
sample_count 75 Sample index 70
 i 0:0.259036 i 1:0.622103 i 2:0.173589 i 3:0.135476 bias 1
 test_print 2.1902
net matrix:
 0.791156 -0.463031 -1.58521
outputs matrix:
 0.829532 0.283724 0.0402942
error matrix:
 0.170468 -0.283724 -0.0402942
delta matrix:
 0.0482114 -0.11532 -0.00311641
weights_delta matrix:
 0.00124885 -0.0029872 -8.07262e-05
 0.00299925 -0.00717407 -0.000193873
 0.000836897 -0.00200182 -5.40974e-05
 0.000653149 -0.00156231 -4.22198e-05
 0.00482114 -0.011532 -0.000311641
weights matrix:
 -0.800204 0.0128949 0.118327
 1.42379 -1.19992 -0.346905
 -1.80251 0.612195 1.38085
 -1.45656 -0.286287 1.48485
 0.630161 0.195292 -1.84138
regression_error on 'test' 0.098138
classification_error on 'test' 0.0789474
Save,1413,0.098138,0.0789474
sample_count 75 Sample index 44
 i 0:0.536183 i 1:0.375074 i 2:0.702823 i 3:0.646491 bias 1
 test_print 3.26057
net matrix:
 -1.47336 -0.00267165 0.0223875
outputs matrix:
 0.0498916 0.498664 0.511192
error matrix:
 -0.0498916 0.501336 -0.511192
delta matrix:
 -0.00472997 0.250666 -0.255468
weights_delta matrix:
 -0.000253613 0.0134403 -0.0136978
 -0.000177409 0.00940183 -0.00958194
 -0.000332433 0.0176174 -0.0179549
 -0.000305788 0.0162053 -0.0165158
 -0.000472997 0.0250666 -0.0255468
weights matrix:
 -0.800458 0.0263352 0.10463
 1.42361 -1.19052 -0.356487
 -1.80284 0.629812 1.3629
 -1.45686 -0.270081 1.46834
 0.629688 0.220358 -1.86693
regression_error on 'test' 0.101746
classification_error on 'test' 0.0789474
Save,1414,0.101746,0.0789474
sample_count 75 Sample index 24
 i 0:0.466896 i 1:0.445654 i 2:0.566734 i 3:0.536988 bias 1
 test_print 3.01627
net matrix:
 -0.913651 -0.0860012 -0.416067
outputs matrix:
 0.13856 0.457105 0.303194
error matrix:
 -0.13856 0.542895 -0.303194
delta matrix:
 -0.0330773 0.26945 -0.12811
weights_delta matrix:
 -0.00154437 0.0125805 -0.00598141
 -0.00147411 0.0120081 -0.00570928
 -0.00187461 0.0152706 -0.00726043
 -0.00177621 0.0144691 -0.00687936
 -0.00330773 0.026945 -0.012811
weights matrix:
 -0.802002 0.0389157 0.0986482
 1.42214 -1.17851 -0.362196
 -1.80471 0.645083 1.35564
 -1.45864 -0.255612 1.46146
 0.62638 0.247303 -1.87974
regression_error on 'test' 0.105323
classification_error on 'test' 0.0789474
Save,1415,0.105323,0.0789474
sample_count 75 Sample index 48
 i 0:0.744044 i 1:0.516233 i 2:0.748185 i 3:0.828996 bias 1
 test_print 3.83746
net matrix:
 -1.79565 -0.0613896 0.232492
outputs matrix:
 0.0268229 0.469344 0.614196
error matrix:
 -0.0268229 -0.469344 0.385804
delta matrix:
 -0.00140034 -0.23379 0.18284
weights_delta matrix:
 -0.000104192 -0.017395 0.0136041
 -7.22904e-05 -0.012069 0.0094388
 -0.000104772 -0.0174918 0.0136798
 -0.000116088 -0.0193811 0.0151574
 -0.000140034 -0.023379 0.018284
weights matrix:
 -0.802107 0.0215208 0.112252
 1.42207 -1.19058 -0.352758
 -1.80482 0.627591 1.36932
 -1.45875 -0.274993 1.47661
 0.62624 0.223924 -1.86145
regression_error on 'test' 0.101035
classification_error on 'test' 0.0789474
Save,1416,0.101035,0.0789474
sample_count 75 Sample index 52
 i 0:0.443801 i 1:0.410364 i 2:0.672581 i 3:0.792495 bias 1
 test_print 3.31924
net matrix:
 -1.51611 -0.0509221 0.13479
outputs matrix:
 0.0459911 0.474561 0.56699
error matrix:
 -0.0459911 -0.474561 0.43301
delta matrix:
 -0.00403581 -0.236666 0.212619
weights_delta matrix:
 -0.00017911 -0.0105033 0.00943604
 -0.000165615 -0.00971193 0.00872511
 -0.000271441 -0.0159177 0.0143003
 -0.000319836 -0.0187557 0.0168499
 -0.000403581 -0.0236666 0.0212619
weights matrix:
 -0.802286 0.0110175 0.121688
 1.4219 -1.20029 -0.344032
 -1.80509 0.611673 1.38362
 -1.45907 -0.293749 1.49346
 0.625836 0.200258 -1.84019
regression_error on 'test' 0.0978481
classification_error on 'test' 0.0789474
Save,1417,0.0978481,0.0789474
sample_count 75 Sample index 34
 i 0:0.767139 i 1:0.551523 i 2:0.642339 i 3:0.573489 bias 1
 test_print 3.53449
net matrix:
 -1.20166 -0.228841 -0.191346
outputs matrix:
 0.08292 0.387536 0.405478
error matrix:
 -0.08292 0.612464 -0.405478
delta matrix:
 -0.0126112 0.290739 -0.195493
weights_delta matrix:
 -0.000967454 0.0223037 -0.0149971
 -0.000695536 0.0160349 -0.0107819
 -0.000810066 0.0186753 -0.0125573
 -0.000723238 0.0166736 -0.0112113
 -0.00126112 0.0290739 -0.0195493
weights matrix:
 -0.803253 0.0333212 0.106691
 1.42121 -1.18426 -0.354814
 -1.8059 0.630348 1.37106
 -1.4598 -0.277075 1.48225
 0.624575 0.229332 -1.85974
regression_error on 'test' 0.101663
classification_error on 'test' 0.0789474
Save,1418,0.101663,0.0789474
sample_count 75 Sample index 47
 i 0:0.282131 i 1:0.516233 i 2:0.158468 i 3:0.0989754 bias 1
 test_print 2.05581
net matrix:
 0.700965 -0.300155 -1.64883
outputs matrix:
 0.80249 0.354273 0.0356514
error matrix:
 0.19751 -0.354273 -0.0356514
delta matrix:
 0.0626106 -0.162089 -0.00245142
weights_delta matrix:
 0.00176644 -0.00457304 -6.91622e-05
 0.00323217 -0.00836759 -0.00012655
 0.000992178 -0.0025686 -3.88472e-05
 0.000619691 -0.00160429 -2.4263e-05
 0.00626106 -0.0162089 -0.000245142
weights matrix:
 -0.801487 0.0287482 0.106622
 1.42444 -1.19263 -0.354941
 -1.80491 0.62778 1.37102
 -1.45918 -0.27868 1.48223
 0.630836 0.213123 -1.85999
regression_error on 'test' 0.100537
classification_error on 'test' 0.0789474
Save,1419,0.100537,0.0789474
sample_count 75 Sample index 4
 i 0:0.212844 i 1:0.516233 i 2:0.158468 i 3:0.135476 bias 1
 test_print 2.02302
net matrix:
 0.711883 -0.334703 -1.60246
outputs matrix:
 0.805928 0.33863 0.0389813
error matrix:
 0.194072 -0.33863 -0.0389813
delta matrix:
 0.0607087 -0.151679 -0.00292062
weights_delta matrix:
 0.00129215 -0.00322839 -6.21636e-05
 0.00313398 -0.00783016 -0.000150772
 0.000962039 -0.00240362 -4.62825e-05
 0.000822457 -0.00205488 -3.95674e-05
 0.00607087 -0.0151679 -0.000292062
weights matrix:
 -0.800195 0.0255198 0.10656
 1.42757 -1.20046 -0.355092
 -1.80395 0.625376 1.37097
 -1.45835 -0.280734 1.48219
 0.636907 0.197955 -1.86028
regression_error on 'test' 0.0995874
classification_error on 'test' 0.0789474
Save,1420,0.0995874,0.0789474
sample_count 75 Sample index 19
 i 0:0.674757 i 1:0.480944 i 2:0.596976 i 3:0.573489 bias 1
 test_print 3.32617
net matrix:
 -1.12971 -0.149842 -0.290698
outputs matrix:
 0.09454 0.425635 0.358611
error matrix:
 -0.09454 0.574365 -0.358611
delta matrix:
 -0.0161857 0.28083 -0.164968
weights_delta matrix:
 -0.00109214 0.0189492 -0.0111313
 -0.00077844 0.0135063 -0.00793403
 -0.000966245 0.0167649 -0.00984819
 -0.00092823 0.0161053 -0.00946073
 -0.00161857 0.028083 -0.0164968
weights matrix:
 -0.801287 0.044469 0.0954286
 1.42679 -1.18695 -0.363026
 -1.80491 0.642141 1.36112
 -1.45928 -0.264629 1.47273
 0.635289 0.226038 -1.87678
regression_error on 'test' 0.103411
classification_error on 'test' 0.0789474
Save,1421,0.103411,0.0789474
sample_count 75 Sample index 57
 i 0:0.374514 i 1:0.727972 i 2:0.158468 i 3:0.135476 bias 1
 test_print 2.39643
net matrix:
 0.890143 -0.555467 -1.69009
outputs matrix:
 0.855732 0.247697 0.0329204
error matrix:
 0.144268 -0.247697 -0.0329204
delta matrix:
 0.035621 -0.0923131 -0.00209615
weights_delta matrix:
 0.00133406 -0.00345726 -7.85037e-05
 0.00259311 -0.00672014 -0.000152594
 0.000564479 -0.00146287 -3.32173e-05
 0.000482579 -0.00125062 -2.83978e-05
 0.0035621 -0.00923131 -0.000209615
weights matrix:
 -0.799953 0.0410117 0.0953501
 1.42939 -1.19367 -0.363178
 -1.80435 0.640678 1.36109
 -1.4588 -0.26588 1.4727
 0.638851 0.216806 -1.87698
regression_error on 'test' 0.102653
classification_error on 'test' 0.105263
Save,1422,0.102653,0.105263
sample_count 75 Sample index 6
 i 0:0.305227 i 1:0.657392 i 2:0.128226 i 3:0.171977 bias 1
 test_print 2.26282
net matrix:
 0.852107 -0.518959 -1.65883
outputs matrix:
 0.846084 0.261552 0.03497
error matrix:
 0.153916 -0.261552 -0.03497
delta matrix:
 0.0400875 -0.101034 -0.00236027
weights_delta matrix:
 0.00122358 -0.00308382 -7.2042e-05
 0.00263532 -0.00664186 -0.000155163
 0.000514026 -0.00129551 -3.02649e-05
 0.000689413 -0.00173754 -4.05913e-05
 0.00400875 -0.0101034 -0.000236027
weights matrix:
 -0.798729 0.0379279 0.0952781
 1.43202 -1.20031 -0.363333
 -1.80383 0.639383 1.36106
 -1.45811 -0.267617 1.47266
 0.642859 0.206703 -1.87722
regression_error on 'test' 0.101901
classification_error on 'test' 0.0789474
Save,1423,0.101901,0.0789474
sample_count 75 Sample index 63
 i 0:0.420705 i 1:0.904421 i 2:0.143347 i 3:0.135476 bias 1
 test_print 2.60395
net matrix:
 1.14587 -0.807531 -1.77113
outputs matrix:
 0.90819 0.165887 0.0281335
error matrix:
 0.0918096 -0.165887 -0.0281335
delta matrix:
 0.0153103 -0.0459071 -0.00153845
weights_delta matrix:
 0.000644111 -0.00193133 -6.47233e-05
 0.00138469 -0.00415193 -0.000139141
 0.000219468 -0.000658064 -2.20532e-05
 0.000207418 -0.000621931 -2.08423e-05
 0.00153103 -0.00459071 -0.000153845
weights matrix:
 -0.798085 0.0359966 0.0952134
 1.43341 -1.20446 -0.363473
 -1.80361 0.638725 1.36104
 -1.4579 -0.268239 1.47264
 0.64439 0.202112 -1.87737
regression_error on 'test' 0.101543
classification_error on 'test' 0.0789474
Save,1424,0.101543,0.0789474
sample_count 75 Sample index 61
 i 0:0.697853 i 1:0.480944 i 2:0.687702 i 3:0.682992 bias 1
 test_print 3.54949
net matrix:
 -1.45925 -0.0960006 -0.0439496
outputs matrix:
 0.0512463 0.452147 0.478039
error matrix:
 -0.0512463 0.547853 -0.478039
delta matrix:
 -0.00498321 0.271418 -0.238559
weights_delta matrix:
 -0.000347755 0.018941 -0.0166479
 -0.000239665 0.0130537 -0.0114733
 -0.000342696 0.0186654 -0.0164057
 -0.000340349 0.0185376 -0.0162934
 -0.000498321 0.0271418 -0.0238559
weights matrix:
 -0.798433 0.0549375 0.0785655
 1.43317 -1.19141 -0.374946
 -1.80396 0.65739 1.34463
 -1.45824 -0.249702 1.45635
 0.643892 0.229254 -1.90123
regression_error on 'test' 0.10663
classification_error on 'test' 0.0789474
Save,1425,0.10663,0.0789474
sample_count 75 Sample index 30
 i 0:0.559279 i 1:0.410364 i 2:0.642339 i 3:0.500487 bias 1
 test_print 3.11247
net matrix:
 -1.10312 0.068362 -0.418562
outputs matrix:
 0.0991919 0.534128 0.302141
error matrix:
 -0.0991919 0.465872 -0.302141
delta matrix:
 -0.0177262 0.231851 -0.127414
weights_delta matrix:
 -0.000991386 0.0129669 -0.00712599
 -0.000727417 0.00951432 -0.0052286
 -0.00113862 0.0148927 -0.00818429
 -0.000887171 0.0116038 -0.00637689
 -0.00177262 0.0231851 -0.0127414
weights matrix:
 -0.799424 0.0679044 0.0714395
 1.43244 -1.1819 -0.380175
 -1.8051 0.672283 1.33645
 -1.45913 -0.238098 1.44997
 0.64212 0.252439 -1.91397
regression_error on 'test' 0.110558
classification_error on 'test' 0.131579
Save,1426,0.110558,0.131579
sample_count 75 Sample index 7
 i 0:0.651661 i 1:0.410364 i 2:0.627218 i 3:0.60999 bias 1
 test_print 3.29923
net matrix:
 -1.31326 0.0881124 -0.300716
outputs matrix:
 0.0674515 0.543943 0.354016
error matrix:
 -0.0674515 0.456057 -0.354016
delta matrix:
 -0.00848565 0.226267 -0.161919
weights_delta matrix:
 -0.000552977 0.014745 -0.0105516
 -0.000348221 0.0092852 -0.00664457
 -0.000532235 0.0141919 -0.0101558
 -0.000517616 0.0138021 -0.0098769
 -0.000848565 0.0226267 -0.0161919
weights matrix:
 -0.799977 0.0826494 0.0608879
 1.43209 -1.17261 -0.386819
 -1.80563 0.686475 1.32629
 -1.45965 -0.224296 1.44009
 0.641271 0.275066 -1.93016
regression_error on 'test' 0.115486
classification_error on 'test' 0.184211
Save,1427,0.115486,0.184211
sample_count 75 Sample index 1
 i 0:0.582374 i 1:0.445654 i 2:0.581855 i 3:0.536988 bias 1
 test_print 3.14687
net matrix:
 -1.02082 0.0796043 -0.522069
outputs matrix:
 0.114899 0.539718 0.260352
error matrix:
 -0.114899 0.460282 -0.260352
delta matrix:
 -0.0233698 0.228689 -0.100272
weights_delta matrix:
 -0.00136099 0.0133182 -0.00583955
 -0.00104148 0.0101916 -0.00446864
 -0.00135978 0.0133064 -0.00583435
 -0.00125493 0.0122803 -0.00538446
 -0.00233698 0.0228689 -0.0100272
weights matrix:
 -0.801338 0.0959676 0.0550483
 1.43105 -1.16242 -0.391288
 -1.80699 0.699781 1.32046
 -1.4609 -0.212015 1.43471
 0.638934 0.297935 -1.94019
regression_error on 'test' 0.120077
classification_error on 'test' 0.236842
Save,1428,0.120077,0.236842
sample_count 75 Sample index 40
 i 0:0.328323 i 1:0.763262 i 2:0.158468 i 3:0.171977 bias 1
 test_print 2.42203
net matrix:
 0.930512 -0.483357 -1.76479
outputs matrix:
 0.865416 0.275536 0.0284825
error matrix:
 0.134584 -0.275536 -0.0284825
delta matrix:
 0.0313502 -0.110003 -0.00157629
weights_delta matrix:
 0.0010293 -0.00361164 -5.17532e-05
 0.00239284 -0.00839609 -0.000120312
 0.000496801 -0.00174319 -2.49791e-05
 0.000539152 -0.00189179 -2.71085e-05
 0.00313502 -0.0110003 -0.000157629
weights matrix:
 -0.800309 0.092356 0.0549966
 1.43344 -1.17082 -0.391408
 -1.80649 0.698038 1.32043
 -1.46036 -0.213907 1.43468
 0.642069 0.286935 -1.94035
regression_error on 'test' 0.118697
classification_error on 'test' 0.236842
Save,1429,0.118697,0.236842
sample_count 75 Sample index 0
 i 0:0.282131 i 1:0.269205 i 2:0.430645 i 3:0.427485 bias 1
 test_print 2.40947
net matrix:
 -0.600073 0.206966 -0.848259
outputs matrix:
 0.231449 0.60203 0.154921
error matrix:
 -0.231449 0.39797 -0.154921
delta matrix:
 -0.0823406 0.190699 -0.0405645
weights_delta matrix:
 -0.00232308 0.00538021 -0.00114445
 -0.00221665 0.00513371 -0.00109202
 -0.00354596 0.00821236 -0.00174689
 -0.00351994 0.0081521 -0.00173407
 -0.00823406 0.0190699 -0.00405645
weights matrix:
 -0.802632 0.0977362 0.0538521
 1.43123 -1.16568 -0.3925
 -1.81004 0.70625 1.31869
 -1.46388 -0.205755 1.43295
 0.633835 0.306004 -1.94441
regression_error on 'test' 0.121562
classification_error on 'test' 0.236842
Save,1430,0.121562,0.236842
sample_count 75 Sample index 21
 i 0:0.836426 i 1:0.445654 i 2:0.884274 i 3:0.719493 bias 1
 test_print 3.88585
net matrix:
 -2.0535 0.344742 0.122795
outputs matrix:
 0.0161907 0.665852 0.561091
error matrix:
 -0.0161907 -0.665852 0.438909
delta matrix:
 -0.000515787 -0.296295 0.216179
weights_delta matrix:
 -4.31418e-05 -0.0247829 0.0180817
 -2.29863e-05 -0.0132045 0.00963409
 -4.56097e-05 -0.0262006 0.0191161
 -3.71105e-05 -0.0213182 0.0155539
 -5.15787e-05 -0.0296295 0.0216179
weights matrix:
 -0.802675 0.0729533 0.0719339
 1.4312 -1.17889 -0.382866
 -1.81008 0.68005 1.3378
 -1.46392 -0.227073 1.4485
 0.633783 0.276375 -1.92279
regression_error on 'test' 0.113349
classification_error on 'test' 0.157895
Save,1431,0.113349,0.157895
sample_count 75 Sample index 38
 i 0:0.397609 i 1:0.798551 i 2:0.128226 i 3:0.208478 bias 1
 test_print 2.53286
net matrix:
 0.920227 -0.596159 -1.7264
outputs matrix:
 0.863002 0.232845 0.0306853
error matrix:
 0.136998 -0.232845 -0.0306853
delta matrix:
 0.0323942 -0.0831851 -0.00182539
weights_delta matrix:
 0.00128802 -0.00330751 -7.25793e-05
 0.00258685 -0.00664275 -0.000145767
 0.000415378 -0.00106665 -2.34063e-05
 0.000675349 -0.00173423 -3.80554e-05
 0.00323942 -0.00831851 -0.000182539
weights matrix:
 -0.801387 0.0696458 0.0718613
 1.43379 -1.18553 -0.383012
 -1.80967 0.678983 1.33778
 -1.46325 -0.228808 1.44846
 0.637023 0.268056 -1.92297
regression_error on 'test' 0.112387
classification_error on 'test' 0.157895
Save,1432,0.112387,0.157895
sample_count 75 Sample index 64
 i 0:0.282131 i 1:0.516233 i 2:0.158468 i 3:0.0989754 bias 1
 test_print 2.05581
net matrix:
 0.719497 -0.239353 -1.74506
outputs matrix:
 0.808299 0.382558 0.0295946
error matrix:
 0.191701 -0.382558 -0.0295946
delta matrix:
 0.0594089 -0.180726 -0.00169984
weights_delta matrix:
 0.00167611 -0.00509884 -4.79577e-05
 0.00306688 -0.00932966 -8.77512e-05
 0.00094144 -0.00286393 -2.6937e-05
 0.000588002 -0.00178874 -1.68242e-05
 0.00594089 -0.0180726 -0.000169984
weights matrix:
 -0.799711 0.064547 0.0718133
 1.43686 -1.19486 -0.383099
 -1.80873 0.676119 1.33775
 -1.46266 -0.230596 1.44845
 0.642964 0.249984 -1.92314
regression_error on 'test' 0.110689
classification_error on 'test' 0.131579
Save,1433,0.110689,0.131579
sample_count 75 Sample index 71
 i 0:0.143558 i 1:0.480944 i 2:0.0979839 i 3:0.0989754 bias 1
 test_print 1.82146
net matrix:
 0.897214 -0.271985 -1.82264
outputs matrix:
 0.857469 0.367265 0.0254495
error matrix:
 0.142531 -0.367265 -0.0254495
delta matrix:
 0.034839 -0.170691 -0.00126238
weights_delta matrix:
 0.000500142 -0.0024504 -1.81225e-05
 0.00167556 -0.00820927 -6.07136e-05
 0.000341366 -0.0016725 -1.23693e-05
 0.00034482 -0.00168942 -1.24945e-05
 0.0034839 -0.0170691 -0.000126238
weights matrix:
 -0.799211 0.0620966 0.0717952
 1.43853 -1.20307 -0.38316
 -1.80838 0.674446 1.33774
 -1.46231 -0.232286 1.44843
 0.646448 0.232915 -1.92327
regression_error on 'test' 0.109335
classification_error on 'test' 0.131579
Save,1434,0.109335,0.131579
sample_count 75 Sample index 55
 i 0:0.628566 i 1:0.551523 i 2:0.612097 i 3:0.60999 bias 1
 test_print 3.40218
net matrix:
 -1.06143 -0.120439 -0.387103
outputs matrix:
 0.106895 0.44007 0.31557
error matrix:
 -0.106895 0.55993 -0.31557
delta matrix:
 -0.0204102 0.275943 -0.136317
weights_delta matrix:
 -0.00128292 0.0173448 -0.00856843
 -0.00112567 0.0152189 -0.0075182
 -0.0012493 0.0168904 -0.00834393
 -0.001245 0.0168322 -0.00831521
 -0.00204102 0.0275943 -0.0136317
weights matrix:
 -0.800494 0.0794414 0.0632268
 1.43741 -1.18785 -0.390678
 -1.80963 0.691337 1.3294
 -1.46356 -0.215453 1.44012
 0.644407 0.260509 -1.9369
regression_error on 'test' 0.114653
classification_error on 'test' 0.184211
Save,1435,0.114653,0.184211
sample_count 75 Sample index 38
 i 0:0.397609 i 1:0.798551 i 2:0.128226 i 3:0.208478 bias 1
 test_print 2.53286
net matrix:
 0.936805 -0.612733 -1.75304
outputs matrix:
 0.866875 0.226976 0.0291398
error matrix:
 0.133125 -0.226976 -0.0291398
delta matrix:
 0.0307258 -0.0796495 -0.00164877
weights_delta matrix:
 0.00122169 -0.00316693 -6.55565e-05
 0.00245361 -0.00636042 -0.000131663
 0.000393985 -0.00102131 -2.11415e-05
 0.000640566 -0.00166052 -3.43732e-05
 0.00307258 -0.00796495 -0.000164877
weights matrix:
 -0.799272 0.0762745 0.0631612
 1.43986 -1.19421 -0.39081
 -1.80924 0.690316 1.32938
 -1.46292 -0.217114 1.44008
 0.647479 0.252544 -1.93706
regression_error on 'test' 0.113748
classification_error on 'test' 0.157895
Save,1436,0.113748,0.157895
sample_count 75 Sample index 15
 i 0:0.720948 i 1:0.410364 i 2:0.65746 i 3:0.573489 bias 1
 test_print 3.36226
net matrix:
 -1.36636 0.146816 -0.352018
outputs matrix:
 0.0610703 0.572885 0.330918
error matrix:
 -0.0610703 0.427115 -0.330918
delta matrix:
 -0.00700364 0.20902 -0.146538
weights_delta matrix:
 -0.000504926 0.0150692 -0.0105646
 -0.000287404 0.00857742 -0.00601339
 -0.000460461 0.0137422 -0.00963429
 -0.000401651 0.0119871 -0.00840379
 -0.000700364 0.020902 -0.0146538
weights matrix:
 -0.799777 0.0913437 0.0525966
 1.43957 -1.18563 -0.396823
 -1.8097 0.704058 1.31974
 -1.46332 -0.205127 1.43168
 0.646779 0.273446 -1.95172
regression_error on 'test' 0.11865
classification_error on 'test' 0.236842
Save,1437,0.11865,0.236842
sample_count 75 Sample index 30
 i 0:0.559279 i 1:0.410364 i 2:0.642339 i 3:0.500487 bias 1
 test_print 3.11247
net matrix:
 -1.10458 0.187572 -0.520884
outputs matrix:
 0.0989303 0.592701 0.260809
error matrix:
 -0.0989303 0.407299 -0.260809
delta matrix:
 -0.0176379 0.196649 -0.100562
weights_delta matrix:
 -0.000986451 0.0109982 -0.00562419
 -0.000723796 0.00806977 -0.00412668
 -0.00113295 0.0126315 -0.00645946
 -0.000882754 0.00984203 -0.00503297
 -0.00176379 0.0196649 -0.0100562
weights matrix:
 -0.800763 0.102342 0.0469724
 1.43885 -1.17756 -0.40095
 -1.81083 0.716689 1.31328
 -1.4642 -0.195285 1.42665
 0.645015 0.293111 -1.96177
regression_error on 'test' 0.122894
classification_error on 'test' 0.315789
Save,1438,0.122894,0.315789
sample_count 75 Sample index 47
 i 0:0.282131 i 1:0.516233 i 2:0.158468 i 3:0.0989754 bias 1
 test_print 2.05581
net matrix:
 0.729998 -0.191668 -1.80619
outputs matrix:
 0.811532 0.405322 0.0262785
error matrix:
 0.188468 -0.405322 -0.0262785
delta matrix:
 0.0576516 -0.195395 -0.00134482
weights_delta matrix:
 0.00162653 -0.00551269 -3.79416e-05
 0.00297616 -0.0100869 -6.94241e-05
 0.000913593 -0.00309638 -2.13111e-05
 0.000570609 -0.00193393 -1.33104e-05
 0.00576516 -0.0195395 -0.000134482
weights matrix:
 -0.799137 0.0968292 0.0469344
 1.44183 -1.18765 -0.40102
 -1.80992 0.713593 1.31326
 -1.46363 -0.197219 1.42663
 0.65078 0.273572 -1.96191
regression_error on 'test' 0.120719
classification_error on 'test' 0.236842
Save,1439,0.120719,0.236842
sample_count 75 Sample index 31
 i 0:0.559279 i 1:0.339785 i 2:0.778427 i 3:0.573489 bias 1
 test_print 3.25098
net matrix:
 -1.55452 0.366558 -0.231482
outputs matrix:
 0.0427362 0.675488 0.386283
error matrix:
 -0.0427362 -0.675488 0.613717
delta matrix:
 -0.00349666 -0.296139 0.290986
weights_delta matrix:
 -0.000195561 -0.0165624 0.0162742
 -0.000118811 -0.0100624 0.00988726
 -0.00027219 -0.0230523 0.0226511
 -0.00020053 -0.0169833 0.0166877
 -0.000349666 -0.0296139 0.0290986
weights matrix:
 -0.799332 0.0802667 0.0632087
 1.44171 -1.19771 -0.391132
 -1.81019 0.690541 1.33591
 -1.46383 -0.214202 1.44332
 0.65043 0.243958 -1.93281
regression_error on 'test' 0.112899
classification_error on 'test' 0.157895
Save,1440,0.112899,0.157895
sample_count 75 Sample index 57
 i 0:0.374514 i 1:0.727972 i 2:0.158468 i 3:0.135476 bias 1
 test_print 2.39643
net matrix:
 0.91542 -0.517473 -1.78663
outputs matrix:
 0.861862 0.262126 0.0272979
error matrix:
 0.138138 -0.262126 -0.0272979
delta matrix:
 0.0328923 -0.101399 -0.00144966
weights_delta matrix:
 0.00123186 -0.00379753 -5.42919e-05
 0.00239447 -0.00738156 -0.000105531
 0.000521238 -0.00160685 -2.29725e-05
 0.000445612 -0.00137371 -1.96395e-05
 0.00328923 -0.0101399 -0.000144966
weights matrix:
 -0.798101 0.0764692 0.0631544
 1.4441 -1.20509 -0.391238
 -1.80967 0.688934 1.33589
 -1.46339 -0.215576 1.4433
 0.65372 0.233818 -1.93295
regression_error on 'test' 0.111857
classification_error on 'test' 0.157895
Save,1441,0.111857,0.157895
sample_count 75 Sample index 41
 i 0:0.674757 i 1:0.445654 i 2:0.627218 i 3:0.536988 bias 1
 test_print 3.28462
net matrix:
 -1.16211 0.0647109 -0.451767
outputs matrix:
 0.0891363 0.53231 0.288325
error matrix:
 -0.0891363 0.46769 -0.288325
delta matrix:
 -0.0144741 0.232868 -0.118325
weights_delta matrix:
 -0.000976652 0.015713 -0.00798404
 -0.000645046 0.0103779 -0.00527319
 -0.000907844 0.0146059 -0.00742154
 -0.000777244 0.0125047 -0.00635389
 -0.00144741 0.0232868 -0.0118325
weights matrix:
 -0.799077 0.0921822 0.0551703
 1.44346 -1.19472 -0.396511
 -1.81058 0.70354 1.32847
 -1.46416 -0.203071 1.43695
 0.652272 0.257105 -1.94479
regression_error on 'test' 0.11647
classification_error on 'test' 0.210526
Save,1442,0.11647,0.210526
sample_count 75 Sample index 9
 i 0:0.351418 i 1:0.375074 i 2:0.521371 i 3:0.573489 bias 1
 test_print 2.82135
net matrix:
 -0.870799 0.0917382 -0.557421
outputs matrix:
 0.14911 0.545741 0.246969
error matrix:
 -0.14911 0.454259 -0.246969
delta matrix:
 -0.037837 0.225229 -0.0918604
weights_delta matrix:
 -0.00132966 0.00791494 -0.00322814
 -0.00141917 0.00844774 -0.00344544
 -0.00197271 0.0117428 -0.00478933
 -0.00216991 0.0129166 -0.00526809
 -0.0037837 0.0225229 -0.00918604
weights matrix:
 -0.800407 0.100097 0.0519422
 1.44204 -1.18627 -0.399956
 -1.81255 0.715282 1.32368
 -1.46633 -0.190154 1.43168
 0.648489 0.279627 -1.95397
regression_error on 'test' 0.120559
classification_error on 'test' 0.236842
Save,1443,0.120559,0.236842
sample_count 75 Sample index 52
 i 0:0.443801 i 1:0.410364 i 2:0.672581 i 3:0.792495 bias 1
 test_print 3.31924
net matrix:
 -1.49612 0.167638 -0.0701685
outputs matrix:
 0.0477775 0.583042 0.464973
error matrix:
 -0.0477775 -0.583042 0.535027
delta matrix:
 -0.00434726 -0.28348 0.266201
weights_delta matrix:
 -0.000192932 -0.0125809 0.011814
 -0.000178396 -0.011633 0.0109239
 -0.000292388 -0.0190663 0.0179041
 -0.000344518 -0.0224656 0.0210963
 -0.000434726 -0.028348 0.0266201
weights matrix:
 -0.8006 0.0875162 0.0637562
 1.44186 -1.1979 -0.389033
 -1.81284 0.696216 1.34158
 -1.46668 -0.21262 1.45278
 0.648054 0.251279 -1.92735
regression_error on 'test' 0.113103
classification_error on 'test' 0.157895
Save,1444,0.113103,0.157895
sample_count 75 Sample index 10
 i 0:0.697853 i 1:0.304495 i 2:0.808669 i 3:0.719493 bias 1
 test_print 3.53051
net matrix:
 -1.99286 0.357628 0.12884
outputs matrix:
 0.0182401 0.671561 0.564066
error matrix:
 -0.0182401 -0.671561 0.435934
delta matrix:
 -0.000653263 -0.296248 0.214389
weights_delta matrix:
 -4.55882e-05 -0.0206738 0.0149612
 -1.98915e-05 -0.00902061 0.00652803
 -5.28274e-05 -0.0239567 0.0173369
 -4.70018e-05 -0.0213148 0.0154251
 -6.53263e-05 -0.0296248 0.0214389
weights matrix:
 -0.800645 0.0668425 0.0787174
 1.44184 -1.20692 -0.382505
 -1.8129 0.672259 1.35892
 -1.46672 -0.233935 1.4682
 0.647989 0.221655 -1.90591
regression_error on 'test' 0.106705
classification_error on 'test' 0.0789474
Save,1445,0.106705,0.0789474
sample_count 75 Sample index 10
 i 0:0.697853 i 1:0.304495 i 2:0.808669 i 3:0.719493 bias 1
 test_print 3.53051
net matrix:
 -1.99304 0.27612 0.187825
outputs matrix:
 0.0182336 0.634655 0.592824
error matrix:
 -0.0182336 -0.634655 0.407176
delta matrix:
 -0.000652807 -0.294312 0.196572
weights_delta matrix:
 -4.55563e-05 -0.0205387 0.0137178
 -1.98776e-05 -0.00896167 0.00598551
 -5.27904e-05 -0.0238001 0.0158961
 -4.6969e-05 -0.0211756 0.0141432
 -6.52807e-05 -0.0294312 0.0196572
weights matrix:
 -0.800691 0.0463038 0.0924352
 1.44182 -1.21588 -0.376519
 -1.81295 0.648459 1.37482
 -1.46677 -0.25511 1.48234
 0.647923 0.192223 -1.88626
regression_error on 'test' 0.101605
classification_error on 'test' 0.0789474
Save,1446,0.101605,0.0789474
sample_count 75 Sample index 2
 i 0:0.466896 i 1:0.480944 i 2:0.566734 i 3:0.500487 bias 1
 test_print 3.01506
net matrix:
 -0.794042 -0.131105 -0.503135
outputs matrix:
 0.169654 0.434821 0.267711
error matrix:
 -0.169654 0.565179 -0.267711
delta matrix:
 -0.0477987 0.277788 -0.104965
weights_delta matrix:
 -0.0022317 0.0129698 -0.00490077
 -0.00229885 0.01336 -0.00504822
 -0.00270891 0.0157432 -0.00594872
 -0.00239226 0.0139029 -0.00525335
 -0.00477987 0.0277788 -0.0104965
weights matrix:
 -0.802923 0.0592736 0.0875344
 1.43952 -1.20252 -0.381567
 -1.81566 0.664202 1.36887
 -1.46916 -0.241208 1.47709
 0.643143 0.220002 -1.89675
regression_error on 'test' 0.105074
classification_error on 'test' 0.0789474
Save,1447,0.105074,0.0789474
sample_count 75 Sample index 39
 i 0:0.397609 i 1:0.622103 i 2:0.18871 i 3:0.135476 bias 1
 test_print 2.3439
net matrix:
 0.677755 -0.41186 -1.64089
outputs matrix:
 0.795029 0.304975 0.0362014
error matrix:
 0.204971 -0.304975 -0.0362014
delta matrix:
 0.0668033 -0.129288 -0.00252619
weights_delta matrix:
 0.00265616 -0.00514061 -0.000100444
 0.00415585 -0.00804304 -0.000157155
 0.00126064 -0.00243979 -4.76717e-05
 0.000905024 -0.00175154 -3.42238e-05
 0.00668033 -0.0129288 -0.000252619
weights matrix:
 -0.800266 0.054133 0.087434
 1.44368 -1.21057 -0.381724
 -1.8144 0.661763 1.36882
 -1.46826 -0.242959 1.47706
 0.649824 0.207073 -1.897
regression_error on 'test' 0.103968
classification_error on 'test' 0.0526316
Save,1448,0.103968,0.0526316
sample_count 75 Sample index 21
 i 0:0.836426 i 1:0.445654 i 2:0.884274 i 3:0.719493 bias 1
 test_print 3.88585
net matrix:
 -2.03699 0.12323 0.279152
outputs matrix:
 0.0167252 0.561305 0.63606
error matrix:
 -0.0167252 -0.561305 0.36394
delta matrix:
 -0.000550107 -0.276433 0.168495
weights_delta matrix:
 -4.60124e-05 -0.0231216 0.0140934
 -2.45157e-05 -0.0123194 0.00750905
 -4.86445e-05 -0.0244443 0.0148996
 -3.95798e-05 -0.0198892 0.0121231
 -5.50107e-05 -0.0276433 0.0168495
weights matrix:
 -0.800313 0.0310114 0.101527
 1.44365 -1.22289 -0.374215
 -1.81445 0.637318 1.38372
 -1.4683 -0.262848 1.48918
 0.649769 0.17943 -1.88016
regression_error on 'test' 0.0994752
classification_error on 'test' 0.0789474
Save,1449,0.0994752,0.0789474
sample_count 75 Sample index 49
 i 0:0.397609 i 1:0.480944 i 2:0.612097 i 3:0.60999 bias 1
 test_print 3.10064
net matrix:
 -0.980391 -0.166613 -0.26441
outputs matrix:
 0.123382 0.417456 0.370792
error matrix:
 -0.123382 0.582544 -0.370792
delta matrix:
 -0.0266899 0.283334 -0.173016
weights_delta matrix:
 -0.00106121 0.0112656 -0.00687926
 -0.00128363 0.0136268 -0.00832109
 -0.00163368 0.0173428 -0.0105902
 -0.00162805 0.0172831 -0.0105538
 -0.00266899 0.0283334 -0.0173016
weights matrix:
 -0.801374 0.042277 0.0946481
 1.44237 -1.20926 -0.382536
 -1.81608 0.654661 1.37313
 -1.46993 -0.245565 1.47863
 0.6471 0.207763 -1.89746
regression_error on 'test' 0.103149
classification_error on 'test' 0.0526316
Save,1450,0.103149,0.0526316
sample_count 75 Sample index 43
 i 0:0.582374 i 1:0.198626 i 2:0.612097 i 3:0.60999 bias 1
 test_print 3.00309
net matrix:
 -1.54137 0.243118 -0.175884
outputs matrix:
 0.0438253 0.619219 0.412954
error matrix:
 -0.0438253 0.380781 -0.412954
delta matrix:
 -0.00367296 0.179566 -0.200219
weights_delta matrix:
 -0.000213904 0.0104575 -0.0116602
 -7.29545e-05 0.00356665 -0.00397687
 -0.000224821 0.0109912 -0.0122553
 -0.000224047 0.0109534 -0.0122132
 -0.000367296 0.0179566 -0.0200219
weights matrix:
 -0.801588 0.0527344 0.0829879
 1.4423 -1.20569 -0.386513
 -1.8163 0.665652 1.36087
 -1.47015 -0.234612 1.46641
 0.646732 0.22572 -1.91748
regression_error on 'test' 0.106548
classification_error on 'test' 0.0789474
Save,1451,0.106548,0.0789474
sample_count 75 Sample index 40
 i 0:0.328323 i 1:0.763262 i 2:0.158468 i 3:0.171977 bias 1
 test_print 2.42203
net matrix:
 0.943744 -0.612089 -1.7174
outputs matrix:
 0.868469 0.227202 0.0312255
error matrix:
 0.131531 -0.227202 -0.0312255
delta matrix:
 0.0300498 -0.0797849 -0.00188917
weights_delta matrix:
 0.000986604 -0.00261952 -6.20257e-05
 0.00229359 -0.00608968 -0.000144193
 0.000476193 -0.00126434 -2.99373e-05
 0.000516788 -0.00137212 -3.24893e-05
 0.00300498 -0.00797849 -0.000188917
weights matrix:
 -0.800601 0.0501149 0.0829258
 1.44459 -1.21178 -0.386658
 -1.81583 0.664388 1.36084
 -1.46963 -0.235984 1.46638
 0.649737 0.217741 -1.91767
regression_error on 'test' 0.105842
classification_error on 'test' 0.0789474
Save,1452,0.105842,0.0789474
sample_count 75 Sample index 9
 i 0:0.351418 i 1:0.375074 i 2:0.521371 i 3:0.573489 bias 1
 test_print 2.82135
net matrix:
 -0.87932 -0.00809681 -0.483095
outputs matrix:
 0.146961 0.495952 0.275641
error matrix:
 -0.146961 0.504048 -0.275641
delta matrix:
 -0.036847 0.252008 -0.11007
weights_delta matrix:
 -0.00129487 0.008856 -0.00386807
 -0.00138204 0.00945215 -0.00412846
 -0.0019211 0.0131389 -0.00573875
 -0.00211314 0.0144524 -0.00631242
 -0.0036847 0.0252008 -0.011007
weights matrix:
 -0.801896 0.0589709 0.0790578
 1.44321 -1.20233 -0.390786
 -1.81775 0.677527 1.3551
 -1.47175 -0.221532 1.46007
 0.646053 0.242942 -1.92867
regression_error on 'test' 0.109466
classification_error on 'test' 0.131579
Save,1453,0.109466,0.131579
sample_count 75 Sample index 49
 i 0:0.397609 i 1:0.480944 i 2:0.612097 i 3:0.60999 bias 1
 test_print 3.10064
net matrix:
 -0.989077 -0.0322837 -0.365105
outputs matrix:
 0.121516 0.483864 0.325148
error matrix:
 -0.121516 0.516136 -0.325148
delta matrix:
 -0.0259436 0.257799 -0.142693
weights_delta matrix:
 -0.00103154 0.0102503 -0.00567359
 -0.00124774 0.0123987 -0.00686272
 -0.001588 0.0157798 -0.00873418
 -0.00158253 0.0157255 -0.00870411
 -0.00259436 0.0257799 -0.0142693
weights matrix:
 -0.802927 0.0692213 0.0733842
 1.44196 -1.18993 -0.397649
 -1.81934 0.693307 1.34637
 -1.47333 -0.205806 1.45136
 0.643458 0.268722 -1.94294
regression_error on 'test' 0.114261
classification_error on 'test' 0.184211
Save,1454,0.114261,0.184211
sample_count 75 Sample index 28
 i 0:0.305227 i 1:0.551523 i 2:0.113105 i 3:0.135476 bias 1
 test_print 2.10533
net matrix:
 0.78828 -0.315889 -1.79095
outputs matrix:
 0.828717 0.347107 0.0270695
error matrix:
 0.171283 -0.347107 -0.0270695
delta matrix:
 0.0486257 -0.157326 -0.00142585
weights_delta matrix:
 0.00148419 -0.004802 -4.35208e-05
 0.00268182 -0.00867687 -7.86389e-05
 0.000549981 -0.00177943 -1.61271e-05
 0.000658761 -0.00213138 -1.93168e-05
 0.00486257 -0.0157326 -0.000142585
weights matrix:
 -0.801443 0.0644193 0.0733406
 1.44464 -1.19861 -0.397727
 -1.81879 0.691527 1.34635
 -1.47267 -0.207938 1.45134
 0.648321 0.25299 -1.94309
regression_error on 'test' 0.11269
classification_error on 'test' 0.157895
Save,1455,0.11269,0.157895
sample_count 75 Sample index 70
 i 0:0.259036 i 1:0.622103 i 2:0.173589 i 3:0.135476 bias 1
 test_print 2.1902
net matrix:
 0.824201 -0.38411 -1.74118
outputs matrix:
 0.838675 0.316864 0.0298182
error matrix:
 0.161325 -0.316864 -0.0298182
delta matrix:
 0.0436543 -0.137178 -0.00172523
weights_delta matrix:
 0.0011308 -0.00355339 -4.46896e-05
 0.00271575 -0.00853386 -0.000107327
 0.000757791 -0.00238125 -2.99481e-05
 0.000591412 -0.00185843 -2.33727e-05
 0.00436543 -0.0137178 -0.000172523
weights matrix:
 -0.800312 0.0608659 0.073296
 1.44736 -1.20714 -0.397835
 -1.81803 0.689146 1.34632
 -1.47208 -0.209796 1.45132
 0.652686 0.239272 -1.94326
regression_error on 'test' 0.111363
classification_error on 'test' 0.157895
Save,1456,0.111363,0.157895
sample_count 75 Sample index 56
 i 0:0.328323 i 1:0.727972 i 2:0.158468 i 3:0.208478 bias 1
 test_print 2.42324
net matrix:
 0.848565 -0.55404 -1.69289
outputs matrix:
 0.84516 0.248229 0.0327429
error matrix:
 0.15484 -0.248229 -0.0327429
delta matrix:
 0.0405264 -0.0926446 -0.00207399
weights_delta matrix:
 0.00133057 -0.00304174 -6.80937e-05
 0.00295021 -0.00674427 -0.00015098
 0.000642213 -0.00146812 -3.2866e-05
 0.000844886 -0.00193144 -4.3238e-05
 0.00405264 -0.00926446 -0.000207399
weights matrix:
 -0.798982 0.0578241 0.0732279
 1.45031 -1.21389 -0.397986
 -1.81739 0.687678 1.34629
 -1.47123 -0.211727 1.45128
 0.656739 0.230007 -1.94347
regression_error on 'test' 0.110441
classification_error on 'test' 0.157895
Save,1457,0.110441,0.157895
sample_count 75 Sample index 12
 i 0:0.166653 i 1:0.480944 i 2:0.128226 i 3:0.135476 bias 1
 test_print 1.9113
net matrix:
 0.788749 -0.284673 -1.75343
outputs matrix:
 0.82885 0.361388 0.0291177
error matrix:
 0.17115 -0.361388 -0.0291177
delta matrix:
 0.0485579 -0.166807 -0.00164631
weights_delta matrix:
 0.000809232 -0.00277989 -2.74362e-05
 0.00233536 -0.00802248 -7.91783e-05
 0.000622638 -0.0021389 -2.111e-05
 0.000657843 -0.00225983 -2.23035e-05
 0.00485579 -0.0166807 -0.000164631
weights matrix:
 -0.798173 0.0550442 0.0732004
 1.45264 -1.22191 -0.398065
 -1.81677 0.685539 1.34627
 -1.47058 -0.213987 1.45126
 0.661595 0.213327 -1.94363
regression_error on 'test' 0.109131
classification_error on 'test' 0.131579
Save,1458,0.109131,0.131579
sample_count 75 Sample index 48
 i 0:0.744044 i 1:0.516233 i 2:0.748185 i 3:0.828996 bias 1
 test_print 3.83746
net matrix:
 -1.76076 -0.0409921 0.115682
outputs matrix:
 0.0287062 0.479515 0.557585
error matrix:
 -0.0287062 -0.479515 0.442415
delta matrix:
 -0.00160079 -0.239355 0.218274
weights_delta matrix:
 -0.000119105 -0.0178091 0.0162405
 -8.26378e-05 -0.0123563 0.011268
 -0.000119768 -0.0179082 0.0163309
 -0.000132704 -0.0198425 0.0180948
 -0.000160079 -0.0239355 0.0218274
weights matrix:
 -0.798292 0.0372351 0.0894409
 1.45256 -1.23427 -0.386797
 -1.81688 0.667631 1.3626
 -1.47071 -0.23383 1.46935
 0.661435 0.189391 -1.9218
regression_error on 'test' 0.103696
classification_error on 'test' 0.0789474
Save,1459,0.103696,0.0789474
sample_count 75 Sample index 21
 i 0:0.836426 i 1:0.445654 i 2:0.884274 i 3:0.719493 bias 1
 test_print 3.88585
net matrix:
 -2.02373 0.0926103 0.242729
outputs matrix:
 0.0171669 0.546173 0.619036
error matrix:
 -0.0171669 -0.546173 0.380964
delta matrix:
 -0.000579289 -0.270758 0.179686
weights_delta matrix:
 -4.84532e-05 -0.0226469 0.0150294
 -2.58162e-05 -0.0120664 0.00800778
 -5.1225e-05 -0.0239424 0.0158892
 -4.16794e-05 -0.0194808 0.0129283
 -5.79289e-05 -0.0270758 0.0179686
weights matrix:
 -0.79834 0.0145883 0.10447
 1.45253 -1.24633 -0.378789
 -1.81694 0.643688 1.37849
 -1.47075 -0.25331 1.48228
 0.661377 0.162315 -1.90384
regression_error on 'test' 0.0992589
classification_error on 'test' 0.0789474
Save,1460,0.0992589,0.0789474
sample_count 75 Sample index 64
 i 0:0.282131 i 1:0.516233 i 2:0.158468 i 3:0.0989754 bias 1
 test_print 2.05581
net matrix:
 0.752492 -0.400034 -1.70475
outputs matrix:
 0.818317 0.310011 0.032
error matrix:
 0.181683 -0.310011 -0.032
delta matrix:
 0.0540234 -0.132625 -0.00198246
weights_delta matrix:
 0.00152417 -0.00374177 -5.59313e-05
 0.00278887 -0.00684656 -0.000102341
 0.000856098 -0.00210169 -3.14156e-05
 0.000534699 -0.00131266 -1.96215e-05
 0.00540234 -0.0132625 -0.000198246
weights matrix:
 -0.796816 0.0108465 0.104414
 1.45532 -1.25318 -0.378891
 -1.81608 0.641587 1.37846
 -1.47022 -0.254623 1.48226
 0.666779 0.149053 -1.90403
regression_error on 'test' 0.0986215
classification_error on 'test' 0.0789474
Save,1461,0.0986215,0.0789474
sample_count 75 Sample index 70
 i 0:0.259036 i 1:0.622103 i 2:0.173589 i 3:0.135476 bias 1
 test_print 2.1902
net matrix:
 0.851305 -0.550866 -1.6726
outputs matrix:
 0.845875 0.249415 0.0340527
error matrix:
 0.154125 -0.249415 -0.0340527
delta matrix:
 0.0401865 -0.0933848 -0.0022402
weights_delta matrix:
 0.00104098 -0.002419 -5.80291e-05
 0.00250002 -0.0058095 -0.000139363
 0.000697594 -0.00162106 -3.88873e-05
 0.000544431 -0.00126514 -3.03493e-05
 0.00401865 -0.00933848 -0.00022402
weights matrix:
 -0.795775 0.00842749 0.104356
 1.45782 -1.25899 -0.379031
 -1.81538 0.639966 1.37842
 -1.46967 -0.255888 1.48223
 0.670798 0.139714 -1.90426
regression_error on 'test' 0.0981944
classification_error on 'test' 0.0789474
Save,1462,0.0981944,0.0789474
sample_count 75 Sample index 37
 i 0:0.720948 i 1:0.551523 i 2:0.82379 i 3:0.901998 bias 1
 test_print 3.99826
net matrix:
 -1.92003 -0.252184 0.434429
outputs matrix:
 0.0210402 0.376515 0.704508
error matrix:
 -0.0210402 -0.376515 0.295492
delta matrix:
 -0.000866755 -0.176775 0.123029
weights_delta matrix:
 -6.24885e-05 -0.0127445 0.00886975
 -4.78035e-05 -0.00974953 0.00678533
 -7.14024e-05 -0.0145625 0.010135
 -7.81811e-05 -0.015945 0.0110972
 -8.66755e-05 -0.0176775 0.0123029
weights matrix:
 -0.795838 -0.00431705 0.113226
 1.45778 -1.26874 -0.372245
 -1.81545 0.625403 1.38855
 -1.46975 -0.271833 1.49333
 0.670711 0.122037 -1.89195
regression_error on 'test' 0.0960151
classification_error on 'test' 0.105263
Save,1463,0.0960151,0.105263
sample_count 75 Sample index 54
 i 0:0.305227 i 1:0.622103 i 2:0.158468 i 3:0.135476 bias 1
 test_print 2.22127
net matrix:
 0.847879 -0.606286 -1.66662
outputs matrix:
 0.84498 0.229246 0.0344484
error matrix:
 0.15502 -0.229246 -0.0344484
delta matrix:
 0.0406118 -0.0810121 -0.00229162
weights_delta matrix:
 0.00123958 -0.00247271 -6.99465e-05
 0.00252647 -0.00503978 -0.000142563
 0.000643567 -0.00128378 -3.63149e-05
 0.000550193 -0.00109752 -3.1046e-05
 0.00406118 -0.00810121 -0.000229162
weights matrix:
 -0.794598 -0.00678976 0.113156
 1.4603 -1.27378 -0.372388
 -1.81481 0.624119 1.38852
 -1.4692 -0.272931 1.49329
 0.674772 0.113936 -1.89218
regression_error on 'test' 0.0957527
classification_error on 'test' 0.157895
Save,1464,0.0957527,0.157895
sample_count 75 Sample index 43
 i 0:0.582374 i 1:0.198626 i 2:0.612097 i 3:0.60999 bias 1
 test_print 3.00309
net matrix:
 -1.50496 0.0725128 -0.139448
outputs matrix:
 0.0469794 0.536193 0.430724
error matrix:
 -0.0469794 0.463807 -0.430724
delta matrix:
 -0.00420675 0.230688 -0.211228
weights_delta matrix:
 -0.00024499 0.0134347 -0.0123014
 -8.35569e-05 0.00458207 -0.00419554
 -0.000257494 0.0141204 -0.0129292
 -0.000256607 0.0140718 -0.0128847
 -0.000420675 0.0230688 -0.0211228
weights matrix:
 -0.794843 0.00664493 0.100855
 1.46022 -1.26919 -0.376583
 -1.81507 0.63824 1.37559
 -1.46946 -0.258859 1.48041
 0.674352 0.137005 -1.91331
regression_error on 'test' 0.0982348
classification_error on 'test' 0.0789474
Save,1465,0.0982348,0.0789474
sample_count 75 Sample index 17
 i 0:0.443801 i 1:0.304495 i 2:0.521371 i 3:0.463986 bias 1
 test_print 2.73365
net matrix:
 -0.861902 -0.0338572 -0.579133
outputs matrix:
 0.151382 0.483078 0.238982
error matrix:
 -0.151382 0.516922 -0.238982
delta matrix:
 -0.0388946 0.258165 -0.0869273
weights_delta matrix:
 -0.00172615 0.0114574 -0.00385784
 -0.00118432 0.007861 -0.00264689
 -0.00202785 0.01346 -0.00453214
 -0.00180466 0.0119785 -0.00403331
 -0.00388946 0.0258165 -0.00869273
weights matrix:
 -0.796569 0.0181023 0.096997
 1.45903 -1.26133 -0.37923
 -1.8171 0.6517 1.37106
 -1.47126 -0.246881 1.47638
 0.670462 0.162821 -1.922
regression_error on 'test' 0.100343
classification_error on 'test' 0.0789474
Save,1466,0.100343,0.0789474
sample_count 75 Sample index 69
 i 0:0.628566 i 1:0.445654 i 2:0.581855 i 3:0.536988 bias 1
 test_print 3.19306
net matrix:
 -1.02735 -0.141296 -0.439483
outputs matrix:
 0.113579 0.429818 0.293392
error matrix:
 -0.113579 0.570182 -0.293392
delta matrix:
 -0.0228701 0.279474 -0.121648
weights_delta matrix:
 -0.00143754 0.0175668 -0.00764638
 -0.00101921 0.0124549 -0.00542129
 -0.00133071 0.0162613 -0.00707815
 -0.0012281 0.0150074 -0.00653235
 -0.00228701 0.0279474 -0.0121648
weights matrix:
 -0.798007 0.0356691 0.0893506
 1.45801 -1.24888 -0.384652
 -1.81843 0.667961 1.36398
 -1.47249 -0.231873 1.46984
 0.668175 0.190768 -1.93416
regression_error on 'test' 0.103733
classification_error on 'test' 0.0789474
Save,1467,0.103733,0.0789474
sample_count 75 Sample index 58
 i 0:0.282131 i 1:0.516233 i 2:0.158468 i 3:0.0989754 bias 1
 test_print 2.05581
net matrix:
 0.761805 -0.36098 -1.7459
outputs matrix:
 0.82107 0.326962 0.0295464
error matrix:
 0.17893 -0.326962 -0.0295464
delta matrix:
 0.0525749 -0.143901 -0.0016944
weights_delta matrix:
 0.0014833 -0.00405989 -4.78042e-05
 0.00271409 -0.00742863 -8.74703e-05
 0.000833144 -0.00228037 -2.68508e-05
 0.000520362 -0.00142426 -1.67704e-05
 0.00525749 -0.0143901 -0.00016944
weights matrix:
 -0.796523 0.0316092 0.0893028
 1.46073 -1.25631 -0.384739
 -1.81759 0.665681 1.36395
 -1.47197 -0.233297 1.46983
 0.673433 0.176378 -1.93433
regression_error on 'test' 0.10284
classification_error on 'test' 0.0526316
Save,1468,0.10284,0.0526316
sample_count 75 Sample index 24
 i 0:0.466896 i 1:0.445654 i 2:0.566734 i 3:0.536988 bias 1
 test_print 3.01627
net matrix:
 -0.868003 -0.116756 -0.501822
outputs matrix:
 0.149821 0.441886 0.268226
error matrix:
 -0.149821 0.558114 -0.268226
delta matrix:
 -0.0381668 0.275287 -0.105295
weights_delta matrix:
 -0.00178199 0.0128531 -0.00491618
 -0.00170092 0.0122683 -0.00469252
 -0.00216304 0.0156015 -0.00596743
 -0.00204951 0.0147826 -0.00565422
 -0.00381668 0.0275287 -0.0105295
weights matrix:
 -0.798305 0.0444623 0.0843866
 1.45903 -1.24404 -0.389432
 -1.81976 0.681282 1.35798
 -1.47402 -0.218515 1.46417
 0.669616 0.203907 -1.94486
regression_error on 'test' 0.106311
classification_error on 'test' 0.105263
Save,1469,0.106311,0.105263
sample_count 75 Sample index 42
 i 0:0.651661 i 1:0.551523 i 2:0.702823 i 3:0.792495 bias 1
 test_print 3.6985
net matrix:
 -1.49304 -0.147586 0.0101203
outputs matrix:
 0.0480587 0.426738 0.50506
error matrix:
 -0.0480587 -0.426738 0.49494
delta matrix:
 -0.00439728 -0.208788 0.247445
weights_delta matrix:
 -0.000286554 -0.0136059 0.016125
 -0.00024252 -0.0115151 0.0136471
 -0.000309051 -0.0146741 0.017391
 -0.000348483 -0.0165464 0.0196099
 -0.000439728 -0.0208788 0.0247445
weights matrix:
 -0.798592 0.0308564 0.100512
 1.45879 -1.25555 -0.375785
 -1.82007 0.666608 1.37538
 -1.47437 -0.235061 1.48378
 0.669176 0.183028 -1.92012
regression_error on 'test' 0.101612
classification_error on 'test' 0.105263
Save,1470,0.101612,0.105263
sample_count 75 Sample index 67
 i 0:0.443801 i 1:0.375074 i 2:0.566734 i 3:0.536988 bias 1
 test_print 2.9226
net matrix:
 -0.961297 -0.0226391 -0.440213
outputs matrix:
 0.127572 0.488682 0.29309
error matrix:
 -0.127572 0.511318 -0.29309
delta matrix:
 -0.0283971 0.255528 -0.121449
weights_delta matrix:
 -0.00126026 0.0113403 -0.00538993
 -0.0010651 0.00958418 -0.00455525
 -0.00160936 0.0144816 -0.00688295
 -0.00152489 0.0137215 -0.00652168
 -0.00283971 0.0255528 -0.0121449
weights matrix:
 -0.799852 0.0421967 0.0951217
 1.45772 -1.24597 -0.38034
 -1.82167 0.68109 1.36849
 -1.47589 -0.22134 1.47726
 0.666337 0.208581 -1.93226
regression_error on 'test' 0.104841
classification_error on 'test' 0.0789474
Save,1471,0.104841,0.0789474
sample_count 75 Sample index 6
 i 0:0.305227 i 1:0.657392 i 2:0.128226 i 3:0.171977 bias 1
 test_print 2.26282
net matrix:
 0.893088 -0.548362 -1.72373
outputs matrix:
 0.856458 0.250354 0.0308446
error matrix:
 0.143542 -0.250354 -0.0308446
delta matrix:
 0.0352935 -0.0939714 -0.00184409
weights_delta matrix:
 0.00107725 -0.00286826 -5.62867e-05
 0.00232017 -0.0061776 -0.000121229
 0.000452555 -0.00120496 -2.36461e-05
 0.000606967 -0.00161609 -3.17142e-05
 0.00352935 -0.00939714 -0.000184409
weights matrix:
 -0.798775 0.0393285 0.0950654
 1.46004 -1.25215 -0.380461
 -1.82122 0.679885 1.36847
 -1.47528 -0.222956 1.47723
 0.669866 0.199184 -1.93245
regression_error on 'test' 0.104124
classification_error on 'test' 0.0789474
Save,1472,0.104124,0.0789474
sample_count 75 Sample index 8
 i 0:0.489992 i 1:0.375074 i 2:0.702823 i 3:0.755994 bias 1
 test_print 3.32388
net matrix:
 -1.56921 0.0580918 0.0500002
outputs matrix:
 0.0415502 0.529013 0.524979
error matrix:
 -0.0415502 -0.529013 0.475021
delta matrix:
 -0.00330937 -0.263616 0.236918
weights_delta matrix:
 -0.000162157 -0.012917 0.0116088
 -0.000124126 -0.00988755 0.00888616
 -0.00023259 -0.0185275 0.0166511
 -0.000250186 -0.0199292 0.0179108
 -0.000330937 -0.0263616 0.0236918
weights matrix:
 -0.798937 0.0264115 0.106674
 1.45992 -1.26204 -0.371575
 -1.82145 0.661357 1.38512
 -1.47553 -0.242885 1.49514
 0.669535 0.172822 -1.90876
regression_error on 'test' 0.0997498
classification_error on 'test' 0.0789474
Save,1473,0.0997498,0.0789474
sample_count 75 Sample index 1
 i 0:0.582374 i 1:0.445654 i 2:0.581855 i 3:0.536988 bias 1
 test_print 3.14687
net matrix:
 -0.997295 -0.11984 -0.403414
outputs matrix:
 0.119772 0.440365 0.308567
error matrix:
 -0.119772 0.559635 -0.308567
delta matrix:
 -0.0252544 0.275837 -0.131667
weights_delta matrix:
 -0.00147075 0.016064 -0.00766797
 -0.00112547 0.0122928 -0.00586781
 -0.00146944 0.0160497 -0.00766113
 -0.00135613 0.0148121 -0.00707038
 -0.00252544 0.0275837 -0.0131667
weights matrix:
 -0.800408 0.0424755 0.0990062
 1.45879 -1.24974 -0.377443
 -1.82292 0.677407 1.37746
 -1.47689 -0.228073 1.48807
 0.667009 0.200406 -1.92192
regression_error on 'test' 0.103155
classification_error on 'test' 0.0526316
Save,1474,0.103155,0.0526316
sample_count 75 Sample index 35
 i 0:0.189749 i 1:0.233915 i 2:0.128226 i 3:0.171977 bias 1
 test_print 1.72387
net matrix:
 0.368628 -0.03623 -1.55889
outputs matrix:
 0.676396 0.481893 0.0423801
error matrix:
 0.323604 -0.481893 -0.0423801
delta matrix:
 0.141664 -0.24063 -0.00343991
weights_delta matrix:
 0.00268806 -0.00456594 -6.52719e-05
 0.00331373 -0.00562871 -8.04646e-05
 0.0018165 -0.00308551 -4.41085e-05
 0.00243629 -0.00413829 -5.91585e-05
 0.0141664 -0.024063 -0.000343991
weights matrix:
 -0.79772 0.0379096 0.0989409
 1.4621 -1.25537 -0.377523
 -1.82111 0.674321 1.37741
 -1.47445 -0.232211 1.48801
 0.681176 0.176343 -1.92227
regression_error on 'test' 0.101743
classification_error on 'test' 0.105263
Save,1475,0.101743,0.105263
sample_count 75 Sample index 70
 i 0:0.259036 i 1:0.622103 i 2:0.173589 i 3:0.135476 bias 1
 test_print 2.1902
net matrix:
 0.86824 -0.509212 -1.6908
outputs matrix:
 0.850239 0.265335 0.0328753
error matrix:
 0.149761 -0.265335 -0.0328753
delta matrix:
 0.0381388 -0.103445 -0.00209051
weights_delta matrix:
 0.000987931 -0.00267959 -5.41518e-05
 0.00237262 -0.00643531 -0.000130052
 0.000662047 -0.00179568 -3.6289e-05
 0.000516689 -0.00140142 -2.83214e-05
 0.00381388 -0.0103445 -0.000209051
weights matrix:
 -0.796732 0.03523 0.0988868
 1.46448 -1.26181 -0.377653
 -1.82045 0.672526 1.37738
 -1.47394 -0.233613 1.48798
 0.68499 0.165998 -1.92248
regression_error on 'test' 0.101102
classification_error on 'test' 0.105263
Save,1476,0.101102,0.105263
sample_count 75 Sample index 64
 i 0:0.282131 i 1:0.516233 i 2:0.158468 i 3:0.0989754 bias 1
 test_print 2.05581
net matrix:
 0.781852 -0.391996 -1.72399
outputs matrix:
 0.826884 0.31346 0.0308292
error matrix:
 0.173116 -0.31346 -0.0308292
delta matrix:
 0.0495619 -0.134915 -0.00184227
weights_delta matrix:
 0.00139829 -0.00380637 -5.19762e-05
 0.00255855 -0.00696476 -9.51041e-05
 0.000785397 -0.00213797 -2.91941e-05
 0.00049054 -0.00133533 -1.8234e-05
 0.00495619 -0.0134915 -0.000184227
weights matrix:
 -0.795334 0.0314236 0.0988348
 1.46704 -1.26877 -0.377748
 -1.81966 0.670388 1.37735
 -1.47345 -0.234948 1.48796
 0.689946 0.152507 -1.92266
regression_error on 'test' 0.100362
classification_error on 'test' 0.0789474
Save,1477,0.100362,0.0789474
sample_count 75 Sample index 37
 i 0:0.720948 i 1:0.551523 i 2:0.82379 i 3:0.901998 bias 1
 test_print 3.99826
net matrix:
 -1.90241 -0.184259 0.417045
outputs matrix:
 0.0217784 0.408899 0.697219
error matrix:
 -0.0217784 -0.408899 0.302781
delta matrix:
 -0.000927938 -0.197662 0.127837
weights_delta matrix:
 -6.68995e-05 -0.0142504 0.00921638
 -5.11779e-05 -0.0109015 0.0070505
 -7.64426e-05 -0.0162832 0.0105311
 -8.36998e-05 -0.0178291 0.0115309
 -9.27938e-05 -0.0197662 0.0127837
weights matrix:
 -0.7954 0.0171732 0.108051
 1.46698 -1.27967 -0.370698
 -1.81974 0.654105 1.38788
 -1.47353 -0.252777 1.4995
 0.689853 0.132741 -1.90988
regression_error on 'test' 0.0975508
classification_error on 'test' 0.0789474
Save,1478,0.0975508,0.0789474
sample_count 75 Sample index 35
 i 0:0.189749 i 1:0.233915 i 2:0.128226 i 3:0.171977 bias 1
 test_print 1.72387
net matrix:
 0.395325 -0.122934 -1.54024
outputs matrix:
 0.687971 0.438841 0.0439193
error matrix:
 0.312029 -0.438841 -0.0439193
delta matrix:
 0.133965 -0.216137 -0.00368837
weights_delta matrix:
 0.00254196 -0.00410119 -6.99865e-05
 0.00313363 -0.00505578 -8.62765e-05
 0.00171777 -0.00277144 -4.72945e-05
 0.00230388 -0.00371707 -6.34315e-05
 0.0133965 -0.0216137 -0.000368837
weights matrix:
 -0.792858 0.013072 0.107981
 1.47012 -1.28473 -0.370784
 -1.81802 0.651333 1.38783
 -1.47123 -0.256494 1.49943
 0.70325 0.111127 -1.91025
regression_error on 'test' 0.0968331
classification_error on 'test' 0.0789474
Save,1479,0.0968331,0.0789474
sample_count 75 Sample index 62
 i 0:0.582374 i 1:0.622103 i 2:0.748185 i 3:0.901998 bias 1
 test_print 3.85466
net matrix:
 -1.53118 -0.424533 0.312814
outputs matrix:
 0.0446865 0.299629 0.651498
error matrix:
 -0.0446865 -0.299629 0.348502
delta matrix:
 -0.0038153 -0.125755 0.158254
weights_delta matrix:
 -0.000222193 -0.00732364 0.00921629
 -0.000237351 -0.00782325 0.00984502
 -0.000285455 -0.0094088 0.0118403
 -0.000344139 -0.0113431 0.0142745
 -0.00038153 -0.0125755 0.0158254
weights matrix:
 -0.793081 0.00574834 0.117197
 1.46988 -1.29255 -0.360939
 -1.8183 0.641924 1.39967
 -1.47157 -0.267837 1.51371
 0.702868 0.0985515 -1.89442
regression_error on 'test' 0.0950696
classification_error on 'test' 0.157895
Save,1480,0.0950696,0.157895
sample_count 75 Sample index 64
 i 0:0.282131 i 1:0.516233 i 2:0.158468 i 3:0.0989754 bias 1
 test_print 2.05581
net matrix:
 0.804124 -0.49187 -1.67606
outputs matrix:
 0.833168 0.27215 0.0338258
error matrix:
 0.166832 -0.27215 -0.0338258
delta matrix:
 0.046379 -0.107818 -0.00221096
weights_delta matrix:
 0.0013085 -0.00304187 -6.23781e-05
 0.00239424 -0.0055659 -0.000114137
 0.000734959 -0.00170856 -3.50366e-05
 0.000459038 -0.00106713 -2.18831e-05
 0.0046379 -0.0107818 -0.000221096
weights matrix:
 -0.791772 0.00270647 0.117135
 1.47227 -1.29812 -0.361053
 -1.81757 0.640216 1.39964
 -1.47111 -0.268904 1.51368
 0.707506 0.0877697 -1.89464
regression_error on 'test' 0.0947952
classification_error on 'test' 0.157895
Save,1481,0.0947952,0.157895
sample_count 75 Sample index 55
 i 0:0.628566 i 1:0.551523 i 2:0.612097 i 3:0.60999 bias 1
 test_print 3.40218
net matrix:
 -0.988074 -0.398626 -0.240096
outputs matrix:
 0.12173 0.310614 0.382207
error matrix:
 -0.12173 0.689386 -0.382207
delta matrix:
 -0.0260288 0.29524 -0.180497
weights_delta matrix:
 -0.00163608 0.0185578 -0.0113454
 -0.00143555 0.0162832 -0.00995482
 -0.00159321 0.0180716 -0.0110482
 -0.00158773 0.0180094 -0.0110101
 -0.00260288 0.029524 -0.0180497
weights matrix:
 -0.793408 0.0212643 0.10579
 1.47084 -1.28183 -0.371008
 -1.81916 0.658287 1.38859
 -1.4727 -0.250895 1.50267
 0.704903 0.117294 -1.91269
regression_error on 'test' 0.0973547
classification_error on 'test' 0.0789474
Save,1482,0.0973547,0.0789474
sample_count 75 Sample index 28
 i 0:0.305227 i 1:0.551523 i 2:0.113105 i 3:0.135476 bias 1
 test_print 2.10533
net matrix:
 0.868663 -0.542712 -1.72439
outputs matrix:
 0.850347 0.252481 0.0308054
error matrix:
 0.149653 -0.252481 -0.0308054
delta matrix:
 0.0380887 -0.0953037 -0.00183948
weights_delta matrix:
 0.00116257 -0.00290893 -5.61459e-05
 0.00210068 -0.00525622 -0.000101452
 0.000430802 -0.00107793 -2.08054e-05
 0.00051601 -0.00129114 -2.49205e-05
 0.00380887 -0.00953037 -0.000183948
weights matrix:
 -0.792246 0.0183554 0.105734
 1.47294 -1.28709 -0.371109
 -1.81873 0.657209 1.38857
 -1.47218 -0.252186 1.50265
 0.708712 0.107763 -1.91287
regression_error on 'test' 0.0970029
classification_error on 'test' 0.0789474
Save,1483,0.0970029,0.0789474
sample_count 75 Sample index 73
 i 0:0.582374 i 1:0.410364 i 2:0.65746 i 3:0.719493 bias 1
 test_print 3.36969
net matrix:
 -1.4032 -0.15908 -0.00951387
outputs matrix:
 0.0569794 0.421124 0.495243
error matrix:
 -0.0569794 -0.421124 0.504757
delta matrix:
 -0.00612332 -0.205322 0.252356
weights_delta matrix:
 -0.000356606 -0.0119574 0.0146965
 -0.000251279 -0.00842568 0.0103558
 -0.000402584 -0.0134991 0.0165914
 -0.000440568 -0.0147728 0.0181568
 -0.000612332 -0.0205322 0.0252356
weights matrix:
 -0.792602 0.00639793 0.12043
 1.47269 -1.29552 -0.360754
 -1.81913 0.64371 1.40516
 -1.47262 -0.266959 1.52081
 0.7081 0.0872312 -1.88764
regression_error on 'test' 0.0945591
classification_error on 'test' 0.157895
Save,1484,0.0945591,0.157895
sample_count 75 Sample index 7
 i 0:0.651661 i 1:0.410364 i 2:0.627218 i 3:0.60999 bias 1
 test_print 3.29923
net matrix:
 -1.24335 -0.199328 -0.148181
outputs matrix:
 0.0767958 0.401635 0.426447
error matrix:
 -0.0767958 0.598365 -0.426447
delta matrix:
 -0.0108894 0.287603 -0.208609
weights_delta matrix:
 -0.000709618 0.018742 -0.0135942
 -0.000446861 0.0118022 -0.00856057
 -0.000683001 0.018039 -0.0130843
 -0.000664241 0.0175435 -0.012725
 -0.00108894 0.0287603 -0.0208609
weights matrix:
 -0.793312 0.0251399 0.106836
 1.47224 -1.28371 -0.369314
 -1.81982 0.661749 1.39208
 -1.47329 -0.249415 1.50808
 0.707011 0.115992 -1.9085
regression_error on 'test' 0.0971496
classification_error on 'test' 0.0789474
Save,1485,0.0971496,0.0789474
sample_count 75 Sample index 33
 i 0:0.559279 i 1:0.480944 i 2:0.672581 i 3:0.719493 bias 1
 test_print 3.4323
net matrix:
 -1.3126 -0.221716 -0.00503069
outputs matrix:
 0.0675339 0.390924 0.497485
error matrix:
 -0.0675339 -0.390924 0.502515
delta matrix:
 -0.00850563 -0.18616 0.251251
weights_delta matrix:
 -0.000475702 -0.0104115 0.014052
 -0.000409073 -0.00895324 0.0120838
 -0.000572072 -0.0125207 0.0168987
 -0.000611974 -0.0133941 0.0180774
 -0.000850563 -0.018616 0.0251251
weights matrix:
 -0.793788 0.0147284 0.120888
 1.47183 -1.29267 -0.35723
 -1.82039 0.649229 1.40898
 -1.4739 -0.262809 1.52616
 0.70616 0.0973756 -1.88337
regression_error on 'test' 0.0947723
classification_error on 'test' 0.157895
Save,1486,0.0947723,0.157895
sample_count 75 Sample index 45
 i 0:0.697853 i 1:0.586813 i 2:0.793548 i 3:0.975 bias 1
 test_print 4.05321
net matrix:
 -1.86572 -0.391946 0.597453
outputs matrix:
 0.0233979 0.313482 0.767617
error matrix:
 -0.0233979 -0.313482 0.232383
delta matrix:
 -0.00106931 -0.134929 0.0829052
weights_delta matrix:
 -7.46219e-05 -0.00941609 0.00578557
 -6.27483e-05 -0.00791784 0.00486499
 -8.48546e-05 -0.0107073 0.00657893
 -0.000104257 -0.0131556 0.00808326
 -0.000106931 -0.0134929 0.00829052
weights matrix:
 -0.793862 0.0053123 0.126673
 1.47177 -1.30059 -0.352365
 -1.82047 0.638521 1.41555
 -1.47401 -0.275965 1.53424
 0.706053 0.0838826 -1.87508
regression_error on 'test' 0.0936796
classification_error on 'test' 0.157895
Save,1487,0.0936796,0.157895
sample_count 75 Sample index 63
 i 0:0.420705 i 1:0.904421 i 2:0.143347 i 3:0.135476 bias 1
 test_print 2.60395
net matrix:
 1.24252 -1.03602 -1.72971
outputs matrix:
 0.923086 0.111845 0.0304891
error matrix:
 0.0769137 -0.111845 -0.0304891
delta matrix:
 0.0109214 -0.0222204 -0.00180249
weights_delta matrix:
 0.00045947 -0.000934824 -7.58316e-05
 0.000987758 -0.00200966 -0.000163021
 0.000156556 -0.000318523 -2.58381e-05
 0.000147959 -0.000301033 -2.44194e-05
 0.00109214 -0.00222204 -0.000180249
weights matrix:
 -0.793403 0.00437747 0.126598
 1.47276 -1.3026 -0.352528
 -1.82032 0.638203 1.41553
 -1.47386 -0.276266 1.53422
 0.707145 0.0816606 -1.87526
regression_error on 'test' 0.093623
classification_error on 'test' 0.157895
Save,1488,0.093623,0.157895
sample_count 75 Sample index 23
 i 0:0.975 i 1:0.763262 i 2:0.899395 i 3:0.792495 bias 1
 test_print 4.43015
net matrix:
 -1.74753 -0.553236 0.468075
outputs matrix:
 0.029453 0.248529 0.718321
error matrix:
 -0.029453 -0.248529 0.281679
delta matrix:
 -0.00168386 -0.0928319 0.113987
weights_delta matrix:
 -0.000164177 -0.00905111 0.0111138
 -0.000128523 -0.0070855 0.00870023
 -0.000151446 -0.00834925 0.010252
 -0.000133445 -0.00735688 0.00903345
 -0.000168386 -0.00928319 0.0113987
weights matrix:
 -0.793567 -0.00467363 0.137711
 1.47263 -1.30968 -0.343828
 -1.82047 0.629853 1.42578
 -1.47399 -0.283623 1.54325
 0.706977 0.0723774 -1.86387
regression_error on 'test' 0.0928235
classification_error on 'test' 0.157895
Save,1489,0.0928235,0.157895
sample_count 75 Sample index 19
 i 0:0.674757 i 1:0.480944 i 2:0.596976 i 3:0.573489 bias 1
 test_print 3.32617
net matrix:
 -1.05233 -0.347306 -0.200113
outputs matrix:
 0.108645 0.333008 0.401258
error matrix:
 -0.108645 0.666992 -0.401258
delta matrix:
 -0.0210426 0.296296 -0.192805
weights_delta matrix:
 -0.00141986 0.0199928 -0.0130096
 -0.00101203 0.0142502 -0.00927282
 -0.00125619 0.0176882 -0.01151
 -0.00120677 0.0169923 -0.0110571
 -0.00210426 0.0296296 -0.0192805
weights matrix:
 -0.794987 0.0153192 0.124702
 1.47162 -1.29543 -0.353101
 -1.82173 0.647542 1.41427
 -1.4752 -0.266631 1.53219
 0.704873 0.102007 -1.88315
regression_error on 'test' 0.0945164
classification_error on 'test' 0.157895
Save,1490,0.0945164,0.157895
sample_count 75 Sample index 10
 i 0:0.697853 i 1:0.304495 i 2:0.808669 i 3:0.719493 bias 1
 test_print 3.53051
net matrix:
 -1.93638 0.0500533 0.342438
outputs matrix:
 0.0203771 0.525006 0.664826
error matrix:
 -0.0203771 -0.525006 0.335174
delta matrix:
 -0.00081353 -0.261846 0.149375
weights_delta matrix:
 -5.67724e-05 -0.018273 0.0104242
 -2.47716e-05 -0.00797309 0.0045484
 -6.57876e-05 -0.0211747 0.0120795
 -5.85329e-05 -0.0188397 0.0107474
 -8.1353e-05 -0.0261846 0.0149375
weights matrix:
 -0.795044 -0.00295387 0.135126
 1.47159 -1.3034 -0.348553
 -1.82179 0.626367 1.42635
 -1.47526 -0.28547 1.54294
 0.704791 0.0758224 -1.86821
regression_error on 'test' 0.0928826
classification_error on 'test' 0.157895
Save,1491,0.0928826,0.157895
sample_count 75 Sample index 12
 i 0:0.166653 i 1:0.480944 i 2:0.128226 i 3:0.135476 bias 1
 test_print 1.9113
net matrix:
 0.846586 -0.509892 -1.6214
outputs matrix:
 0.844641 0.26507 0.0375867
error matrix:
 0.155359 -0.26507 -0.0375867
delta matrix:
 0.0407733 -0.103275 -0.00271931
weights_delta matrix:
 0.0006795 -0.00172111 -4.53181e-05
 0.00196097 -0.00496696 -0.000130784
 0.00052282 -0.00132426 -3.48686e-05
 0.000552381 -0.00139913 -3.68401e-05
 0.00407733 -0.0103275 -0.000271931
weights matrix:
 -0.794364 -0.00467498 0.135081
 1.47355 -1.30837 -0.348683
 -1.82127 0.625043 1.42631
 -1.4747 -0.286869 1.5429
 0.708869 0.0654948 -1.86848
regression_error on 'test' 0.0927314
classification_error on 'test' 0.157895
Save,1492,0.0927314,0.157895
sample_count 75 Sample index 14
 i 0:0.697853 i 1:0.516233 i 2:0.778427 i 3:0.938499 bias 1
 test_print 3.93101
net matrix:
 -1.88652 -0.395868 0.60408
outputs matrix:
 0.022466 0.311796 0.769973
error matrix:
 -0.022466 -0.311796 0.230027
delta matrix:
 -0.00098676 -0.13381 0.0814822
weights_delta matrix:
 -6.88614e-05 -0.00933796 0.00568626
 -5.09398e-05 -0.00690771 0.00420638
 -7.68121e-05 -0.0104161 0.0063428
 -9.26074e-05 -0.012558 0.0076471
 -9.8676e-05 -0.013381 0.00814822
weights matrix:
 -0.794433 -0.0140129 0.140767
 1.4735 -1.31528 -0.344477
 -1.82135 0.614627 1.43266
 -1.4748 -0.299428 1.55055
 0.70877 0.0521139 -1.86033
regression_error on 'test' 0.0921747
classification_error on 'test' 0.184211
Save,1493,0.0921747,0.184211
sample_count 75 Sample index 47
 i 0:0.282131 i 1:0.516233 i 2:0.158468 i 3:0.0989754 bias 1
 test_print 2.05581
net matrix:
 0.810713 -0.563067 -1.61795
outputs matrix:
 0.834992 0.244875 0.0378368
error matrix:
 0.165008 -0.244875 -0.0378368
delta matrix:
 0.0454699 -0.0905604 -0.0027549
weights_delta matrix:
 0.00128285 -0.00255499 -7.77244e-05
 0.0023473 -0.00467503 -0.000142217
 0.000720552 -0.00143509 -4.36564e-05
 0.00045004 -0.000896326 -2.72668e-05
 0.00454699 -0.00905604 -0.00027549
weights matrix:
 -0.79315 -0.0165679 0.140689
 1.47585 -1.31995 -0.344619
 -1.82062 0.613191 1.43261
 -1.47435 -0.300324 1.55052
 0.713317 0.0430578 -1.86061
regression_error on 'test' 0.0921145
classification_error on 'test' 0.184211
Save,1494,0.0921145,0.184211
sample_count 75 Sample index 66
 i 0:0.60547 i 1:0.304495 i 2:0.672581 i 3:0.60999 bias 1
 test_print 3.19254
net matrix:
 -1.44138 -0.139666 0.028993
outputs matrix:
 0.0530128 0.430617 0.514492
error matrix:
 -0.0530128 0.569383 -0.514492
delta matrix:
 -0.00532273 0.279209 -0.25703
weights_delta matrix:
 -0.000322276 0.0169053 -0.0155624
 -0.000162075 0.00850179 -0.00782644
 -0.000357997 0.0187791 -0.0172874
 -0.000324681 0.0170315 -0.0156786
 -0.000532273 0.0279209 -0.025703
weights matrix:
 -0.793472 0.000337354 0.125127
 1.47569 -1.31145 -0.352446
 -1.82098 0.631971 1.41533
 -1.47467 -0.283292 1.53485
 0.712785 0.0709788 -1.88631
regression_error on 'test' 0.0933662
classification_error on 'test' 0.157895
Save,1495,0.0933662,0.157895
sample_count 75 Sample index 34
 i 0:0.767139 i 1:0.551523 i 2:0.642339 i 3:0.573489 bias 1
 test_print 3.53449
net matrix:
 -1.09744 -0.408584 -0.195367
outputs matrix:
 0.100211 0.306365 0.403541
error matrix:
 -0.100211 0.693635 -0.403541
delta matrix:
 -0.018072 0.294803 -0.194261
weights_delta matrix:
 -0.00138637 0.0226155 -0.0149025
 -0.00099671 0.016259 -0.0107139
 -0.00116083 0.0189363 -0.0124781
 -0.00103641 0.0169066 -0.0111406
 -0.0018072 0.0294803 -0.0194261
weights matrix:
 -0.794859 0.0229528 0.110224
 1.47469 -1.29519 -0.36316
 -1.82214 0.650907 1.40285
 -1.47571 -0.266386 1.5237
 0.710978 0.100459 -1.90574
regression_error on 'test' 0.0954851
classification_error on 'test' 0.157895
Save,1496,0.0954851,0.157895
sample_count 75 Sample index 41
 i 0:0.674757 i 1:0.445654 i 2:0.627218 i 3:0.536988 bias 1
 test_print 3.28462
net matrix:
 -1.10348 -0.196047 -0.295103
outputs matrix:
 0.0991281 0.403214 0.356587
error matrix:
 -0.0991281 0.596786 -0.356587
delta matrix:
 -0.0177046 0.287212 -0.163626
weights_delta matrix:
 -0.00119463 0.0193799 -0.0110408
 -0.000789013 0.0127997 -0.00729205
 -0.00111047 0.0180145 -0.0102629
 -0.000950716 0.015423 -0.00878651
 -0.00177046 0.0287212 -0.0163626
weights matrix:
 -0.796053 0.0423327 0.0991834
 1.4739 -1.28239 -0.370452
 -1.82325 0.668921 1.39259
 -1.47666 -0.250963 1.51492
 0.709207 0.12918 -1.9221
regression_error on 'test' 0.0981464
classification_error on 'test' 0.0789474
Save,1497,0.0981464,0.0789474
sample_count 75 Sample index 38
 i 0:0.397609 i 1:0.798551 i 2:0.128226 i 3:0.208478 bias 1
 test_print 2.53286
net matrix:
 1.02804 -0.844591 -1.6841
outputs matrix:
 0.88656 0.155883 0.0333045
error matrix:
 0.11344 -0.155883 -0.0333045
delta matrix:
 0.0228178 -0.0410235 -0.0021445
weights_delta matrix:
 0.000907254 -0.00163113 -8.52672e-05
 0.00182211 -0.00327593 -0.000171249
 0.000292583 -0.000526028 -2.7498e-05
 0.0004757 -0.000855249 -4.47081e-05
 0.00228178 -0.00410235 -0.00021445
weights matrix:
 -0.795146 0.0407015 0.0990981
 1.47572 -1.28567 -0.370623
 -1.82296 0.668395 1.39256
 -1.47618 -0.251818 1.51487
 0.711489 0.125078 -1.92231
regression_error on 'test' 0.0979424
classification_error on 'test' 0.0789474
Save,1498,0.0979424,0.0789474
sample_count 75 Sample index 17
 i 0:0.443801 i 1:0.304495 i 2:0.521371 i 3:0.463986 bias 1
 test_print 2.73365
net matrix:
 -0.827414 -0.0166965 -0.562268
outputs matrix:
 0.160457 0.491653 0.245171
error matrix:
 -0.160457 0.508347 -0.245171
delta matrix:
 -0.0432307 0.254103 -0.0907437
weights_delta matrix:
 -0.00191858 0.0112771 -0.00402722
 -0.00131635 0.00773731 -0.0027631
 -0.00225392 0.0132482 -0.00473112
 -0.00200584 0.01179 -0.00421038
 -0.00432307 0.0254103 -0.00907437
weights matrix:
 -0.797065 0.0519786 0.0950709
 1.47441 -1.27793 -0.373386
 -1.82522 0.681643 1.38783
 -1.47819 -0.240028 1.51066
 0.707166 0.150488 -1.93139
regression_error on 'test' 0.100111
classification_error on 'test' 0.0789474
Save,1499,0.100111,0.0789474
sample_count 75 Sample index 42
 i 0:0.651661 i 1:0.551523 i 2:0.702823 i 3:0.792495 bias 1
 test_print 3.6985
net matrix:
 -1.45334 -0.231594 0.097224
outputs matrix:
 0.0518243 0.38623 0.548459
error matrix:
 -0.0518243 -0.38623 0.451541
delta matrix:
 -0.00509314 -0.183116 0.22365
weights_delta matrix:
 -0.0003319 -0.011933 0.0145744
 -0.000280898 -0.0100993 0.0123348
 -0.000357958 -0.0128698 0.0157186
 -0.000403629 -0.0145119 0.0177241
 -0.000509314 -0.0183116 0.022365
weights matrix:
 -0.797397 0.0400457 0.109645
 1.47413 -1.28803 -0.361051
 -1.82557 0.668774 1.40355
 -1.47859 -0.25454 1.52839
 0.706656 0.132177 -1.90902
regression_error on 'test' 0.0970358
classification_error on 'test' 0.0789474
Save,1500,0.0970358,0.0789474
sample_count 75 Sample index 5
 i 0:0.536183 i 1:0.198626 i 2:0.687702 i 3:0.60999 bias 1
 test_print 3.0325
net matrix:
 -1.58547 0.202462 -0.0244259
outputs matrix:
 0.040274 0.59987 0.487789
error matrix:
 -0.040274 -0.59987 0.512211
delta matrix:
 -0.00311335 -0.287969 0.255953
weights_delta matrix:
 -0.000166932 -0.0154404 0.0137237
 -6.18391e-05 -0.00571981 0.00508388
 -0.000214105 -0.0198037 0.0176019
 -0.000189911 -0.0175658 0.0156128
 -0.000311335 -0.0287969 0.0255953
weights matrix:
 -0.797563 0.0246053 0.123369
 1.47407 -1.29375 -0.355967
 -1.82579 0.64897 1.42115
 -1.47878 -0.272106 1.544
 0.706345 0.10338 -1.88343
regression_error on 'test' 0.0943613
classification_error on 'test' 0.157895
Save,1501,0.0943613,0.157895
sample_count 75 Sample index 9
 i 0:0.351418 i 1:0.375074 i 2:0.521371 i 3:0.573489 bias 1
 test_print 2.82135
net matrix:
 -0.821027 -0.190921 -0.347176
outputs matrix:
 0.162186 0.405683 0.333066
error matrix:
 -0.162186 0.594317 -0.333066
delta matrix:
 -0.0440761 0.286585 -0.14797
weights_delta matrix:
 -0.00154891 0.0100711 -0.00519992
 -0.00165318 0.0107491 -0.00554996
 -0.002298 0.0149417 -0.00771471
 -0.00252772 0.0164353 -0.00848589
 -0.00440761 0.0286585 -0.014797
weights matrix:
 -0.799112 0.0346764 0.118169
 1.47241 -1.283 -0.361517
 -1.82809 0.663912 1.41343
 -1.48131 -0.25567 1.53551
 0.701938 0.132038 -1.89823
regression_error on 'test' 0.0963194
classification_error on 'test' 0.105263
Save,1502,0.0963194,0.105263
sample_count 75 Sample index 49
 i 0:0.397609 i 1:0.480944 i 2:0.612097 i 3:0.60999 bias 1
 test_print 3.10064
net matrix:
 -0.930199 -0.220804 -0.223304
outputs matrix:
 0.134657 0.391358 0.390168
error matrix:
 -0.134657 0.608642 -0.390168
delta matrix:
 -0.0313816 0.289953 -0.185671
weights_delta matrix:
 -0.00124776 0.0115288 -0.00738243
 -0.00150928 0.0139451 -0.00892971
 -0.00192086 0.017748 -0.0113648
 -0.00191425 0.0176869 -0.0113257
 -0.00313816 0.0289953 -0.0185671
weights matrix:
 -0.80036 0.0462052 0.110787
 1.4709 -1.26906 -0.370447
 -1.83001 0.68166 1.40207
 -1.48322 -0.237984 1.52419
 0.698799 0.161033 -1.91679
regression_error on 'test' 0.0993334
classification_error on 'test' 0.0789474
Save,1503,0.0993334,0.0789474
sample_count 75 Sample index 65
 i 0:0.928809 i 1:0.410364 i 2:0.944758 i 3:0.792495 bias 1
 test_print 4.07643
net matrix:
 -2.34534 0.138577 0.566616
outputs matrix:
 0.00909698 0.568848 0.756435
error matrix:
 -0.00909698 -0.568848 0.243565
delta matrix:
 -0.000164004 -0.279031 0.0897495
weights_delta matrix:
 -1.52329e-05 -0.0259167 0.00833602
 -6.73015e-06 -0.0114504 0.003683
 -1.54945e-05 -0.0263617 0.00847916
 -1.29973e-05 -0.0221131 0.0071126
 -1.64004e-05 -0.0279031 0.00897495
weights matrix:
 -0.800375 0.0202885 0.119123
 1.4709 -1.28051 -0.366764
 -1.83002 0.655298 1.41055
 -1.48324 -0.260097 1.5313
 0.698783 0.13313 -1.90782
regression_error on 'test' 0.0961149
classification_error on 'test' 0.0789474
Save,1504,0.0961149,0.0789474
sample_count 75 Sample index 63
 i 0:0.420705 i 1:0.904421 i 2:0.143347 i 3:0.135476 bias 1
 test_print 2.60395
net matrix:
 1.2291 -0.957753 -1.77976
outputs matrix:
 0.921159 0.128364 0.0276654
error matrix:
 0.0788411 -0.128364 -0.0276654
delta matrix:
 0.0114517 -0.0287242 -0.0014884
weights_delta matrix:
 0.000481779 -0.00120844 -6.26177e-05
 0.00103572 -0.00259788 -0.000134614
 0.000164157 -0.000411753 -2.13358e-05
 0.000155143 -0.000389144 -2.01642e-05
 0.00114517 -0.00287242 -0.00014884
weights matrix:
 -0.799894 0.01908 0.11906
 1.47193 -1.2831 -0.366899
 -1.82986 0.654886 1.41053
 -1.48308 -0.260486 1.53128
 0.699928 0.130258 -1.90797
regression_error on 'test' 0.0959804
classification_error on 'test' 0.105263
Save,1505,0.0959804,0.105263
sample_count 75 Sample index 61
 i 0:0.697853 i 1:0.480944 i 2:0.687702 i 3:0.682992 bias 1
 test_print 3.54949
net matrix:
 -1.42169 -0.201072 0.0145364
outputs matrix:
 0.0550242 0.400798 0.507268
error matrix:
 -0.0550242 0.599202 -0.507268
delta matrix:
 -0.00572214 0.287808 -0.25358
weights_delta matrix:
 -0.000399321 0.0200847 -0.0176962
 -0.000275203 0.0138419 -0.0121958
 -0.000393513 0.0197926 -0.0174388
 -0.000390818 0.019657 -0.0173193
 -0.000572214 0.0287808 -0.025358
weights matrix:
 -0.800293 0.0391648 0.101364
 1.47166 -1.26926 -0.379094
 -1.83025 0.674679 1.39309
 -1.48347 -0.240829 1.51396
 0.699356 0.159039 -1.93332
regression_error on 'test' 0.0998266
classification_error on 'test' 0.0789474
Save,1506,0.0998266,0.0789474
sample_count 75 Sample index 60
 i 0:0.559279 i 1:0.410364 i 2:0.536492 i 3:0.536988 bias 1
 test_print 3.04312
net matrix:
 -0.922838 -0.107279 -0.471841
outputs matrix:
 0.136381 0.446565 0.280157
error matrix:
 -0.136381 0.553435 -0.280157
delta matrix:
 -0.0321264 0.273557 -0.112998
weights_delta matrix:
 -0.00179676 0.0152995 -0.00631975
 -0.00131835 0.0112258 -0.00463703
 -0.00172356 0.0146761 -0.00606226
 -0.00172515 0.0146897 -0.00606786
 -0.00321264 0.0273557 -0.0112998
weights matrix:
 -0.80209 0.0544643 0.0950442
 1.47034 -1.25804 -0.383732
 -1.83197 0.689355 1.38702
 -1.4852 -0.226139 1.50789
 0.696143 0.186394 -1.94462
regression_error on 'test' 0.103003
classification_error on 'test' 0.0526316
Save,1507,0.103003,0.0526316
sample_count 75 Sample index 29
 i 0:0.420705 i 1:0.304495 i 2:0.536492 i 3:0.536988 bias 1
 test_print 2.79868
net matrix:
 -0.973962 0.0746412 -0.467634
outputs matrix:
 0.12478 0.537251 0.281857
error matrix:
 -0.12478 0.462749 -0.281857
delta matrix:
 -0.0272544 0.23009 -0.114103
weights_delta matrix:
 -0.00114661 0.00968 -0.00480039
 -0.000829882 0.00700612 -0.00347439
 -0.00146218 0.0123441 -0.00612156
 -0.00146353 0.0123556 -0.00612722
 -0.00272544 0.023009 -0.0114103
weights matrix:
 -0.803236 0.0641443 0.0902438
 1.46951 -1.25103 -0.387206
 -1.83344 0.701699 1.3809
 -1.48666 -0.213783 1.50177
 0.693418 0.209403 -1.95603
regression_error on 'test' 0.106058
classification_error on 'test' 0.105263
Save,1508,0.106058,0.105263
sample_count 75 Sample index 1
 i 0:0.582374 i 1:0.445654 i 2:0.581855 i 3:0.536988 bias 1
 test_print 3.14687
net matrix:
 -0.984587 -0.0172796 -0.466123
outputs matrix:
 0.122478 0.491361 0.282469
error matrix:
 -0.122478 0.508639 -0.282469
delta matrix:
 -0.026327 0.254244 -0.114502
weights_delta matrix:
 -0.00153322 0.0148065 -0.0066683
 -0.00117327 0.0113305 -0.00510283
 -0.00153185 0.0147933 -0.00666236
 -0.00141373 0.0136526 -0.00614862
 -0.0026327 0.0254244 -0.0114502
weights matrix:
 -0.80477 0.0789507 0.0835755
 1.46833 -1.2397 -0.392309
 -1.83497 0.716492 1.37424
 -1.48807 -0.200131 1.49562
 0.690785 0.234828 -1.96748
regression_error on 'test' 0.110154
classification_error on 'test' 0.157895
Save,1509,0.110154,0.157895
sample_count 75 Sample index 72
 i 0:0.905713 i 1:0.480944 i 2:0.929637 i 3:0.828996 bias 1
 test_print 4.14529
net matrix:
 -2.27138 0.210278 0.436938
outputs matrix:
 0.0105319 0.603616 0.705552
error matrix:
 -0.0105319 -0.603616 0.294448
delta matrix:
 -0.000219504 -0.288847 0.122342
weights_delta matrix:
 -1.98808e-05 -0.0261612 0.0110807
 -1.05569e-05 -0.0138919 0.00588398
 -2.04059e-05 -0.0268523 0.0113734
 -1.81968e-05 -0.0239453 0.0101421
 -2.19504e-05 -0.0288847 0.0122342
weights matrix:
 -0.804789 0.0527895 0.0946562
 1.46832 -1.25359 -0.386425
 -1.83499 0.68964 1.38561
 -1.48809 -0.224076 1.50576
 0.690763 0.205943 -1.95525
regression_error on 'test' 0.10439
classification_error on 'test' 0.0789474
Save,1510,0.10439,0.0789474
sample_count 75 Sample index 16
 i 0:0.60547 i 1:0.304495 i 2:0.687702 i 3:0.755994 bias 1
 test_print 3.35366
net matrix:
 -1.73633 0.161059 0.0756318
outputs matrix:
 0.0301002 0.579841 0.537744
error matrix:
 -0.0301002 -0.579841 0.462256
delta matrix:
 -0.0017575 -0.282528 0.229811
weights_delta matrix:
 -0.000106412 -0.0171062 0.0139144
 -5.35151e-05 -0.00860283 0.00699763
 -0.000120864 -0.0194295 0.0158041
 -0.000132866 -0.0213589 0.0173736
 -0.00017575 -0.0282528 0.0229811
weights matrix:
 -0.804896 0.0356833 0.108571
 1.46827 -1.2622 -0.379427
 -1.83511 0.670211 1.40142
 -1.48823 -0.245435 1.52313
 0.690587 0.17769 -1.93227
regression_error on 'test' 0.0997253
classification_error on 'test' 0.0789474
Save,1511,0.0997253,0.0789474
sample_count 75 Sample index 65
 i 0:0.928809 i 1:0.410364 i 2:0.944758 i 3:0.792495 bias 1
 test_print 4.07643
net matrix:
 -2.36763 0.131554 0.543946
outputs matrix:
 0.00870378 0.5654 0.747984
error matrix:
 -0.00870378 -0.5654 0.252016
delta matrix:
 -0.000150193 -0.277864 0.0950118
weights_delta matrix:
 -1.39501e-05 -0.0258082 0.00882478
 -6.16338e-06 -0.0114025 0.00389894
 -1.41896e-05 -0.0262514 0.00897631
 -1.19027e-05 -0.0220205 0.00752963
 -1.50193e-05 -0.0277864 0.00950118
weights matrix:
 -0.80491 0.00987507 0.117395
 1.46826 -1.2736 -0.375528
 -1.83512 0.643959 1.41039
 -1.48824 -0.267456 1.53066
 0.690572 0.149904 -1.92277
regression_error on 'test' 0.0963815
classification_error on 'test' 0.0789474
Save,1512,0.0963815,0.0789474
sample_count 75 Sample index 30
 i 0:0.559279 i 1:0.410364 i 2:0.642339 i 3:0.500487 bias 1
 test_print 3.11247
net matrix:
 -1.08069 -0.0874298 -0.339186
outputs matrix:
 0.103273 0.456396 0.336625
error matrix:
 -0.103273 0.543604 -0.336625
delta matrix:
 -0.0191277 0.269735 -0.150342
weights_delta matrix:
 -0.00106977 0.0150857 -0.00840833
 -0.00078493 0.0110689 -0.00616951
 -0.00122864 0.0173261 -0.00965707
 -0.000957315 0.0134999 -0.00752444
 -0.00191277 0.0269735 -0.0150342
weights matrix:
 -0.80598 0.0249608 0.108987
 1.46748 -1.26253 -0.381698
 -1.83635 0.661285 1.40074
 -1.4892 -0.253956 1.52314
 0.68866 0.176877 -1.9378
regression_error on 'test' 0.0991404
classification_error on 'test' 0.0789474
Save,1513,0.0991404,0.0789474
sample_count 75 Sample index 21
 i 0:0.836426 i 1:0.445654 i 2:0.884274 i 3:0.719493 bias 1
 test_print 3.88585
net matrix:
 -2.0268 0.0371422 0.317776
outputs matrix:
 0.0170636 0.518563 0.653747
error matrix:
 -0.0170636 -0.518563 0.346253
delta matrix:
 -0.000572396 -0.258924 0.156757
weights_delta matrix:
 -4.78767e-05 -0.0216571 0.0131116
 -2.5509e-05 -0.011539 0.00698593
 -5.06155e-05 -0.022896 0.0138616
 -4.11835e-05 -0.0186294 0.0112785
 -5.72396e-05 -0.0258924 0.0156757
weights matrix:
 -0.806027 0.0033037 0.122099
 1.46745 -1.27407 -0.374712
 -1.8364 0.638389 1.4146
 -1.48924 -0.272585 1.53442
 0.688602 0.150985 -1.92213
regression_error on 'test' 0.0958504
classification_error on 'test' 0.0789474
Save,1514,0.0958504,0.0789474
sample_count 75 Sample index 40
 i 0:0.328323 i 1:0.763262 i 2:0.158468 i 3:0.171977 bias 1
 test_print 2.42203
net matrix:
 0.996892 -0.766092 -1.67999
outputs matrix:
 0.880143 0.177674 0.0335699
error matrix:
 0.119857 -0.177674 -0.0335699
delta matrix:
 0.0252878 -0.0519187 -0.00217822
weights_delta matrix:
 0.000830257 -0.00170461 -7.15159e-05
 0.00193012 -0.00396275 -0.000166255
 0.000400731 -0.000822745 -3.45178e-05
 0.000434892 -0.000892882 -3.74603e-05
 0.00252878 -0.00519187 -0.000217822
weights matrix:
 -0.805197 0.00159909 0.122027
 1.46938 -1.27803 -0.374878
 -1.836 0.637567 1.41456
 -1.4888 -0.273478 1.53438
 0.691131 0.145793 -1.92234
regression_error on 'test' 0.095624
classification_error on 'test' 0.0789474
Save,1515,0.095624,0.0789474
sample_count 75 Sample index 14
 i 0:0.697853 i 1:0.516233 i 2:0.778427 i 3:0.938499 bias 1
 test_print 3.93101
net matrix:
 -1.93867 -0.273212 0.510437
outputs matrix:
 0.020286 0.366694 0.735143
error matrix:
 -0.020286 -0.366694 0.264857
delta matrix:
 -0.000806344 -0.170315 0.103139
weights_delta matrix:
 -5.6271e-05 -0.0118855 0.00719762
 -4.16261e-05 -0.0087922 0.0053244
 -6.2768e-05 -0.0132577 0.00802866
 -7.56753e-05 -0.015984 0.00967963
 -8.06344e-05 -0.0170315 0.0103139
weights matrix:
 -0.805253 -0.0102864 0.129225
 1.46934 -1.28682 -0.369554
 -1.83607 0.624309 1.42259
 -1.48888 -0.289462 1.54406
 0.691051 0.128762 -1.91203
regression_error on 'test' 0.0939877
classification_error on 'test' 0.157895
Save,1516,0.0939877,0.157895
sample_count 75 Sample index 32
 i 0:0.697853 i 1:0.516233 i 2:0.642339 i 3:0.60999 bias 1
 test_print 3.46642
net matrix:
 -1.19995 -0.318268 -0.156979
outputs matrix:
 0.0831801 0.34603 0.422149
error matrix:
 -0.0831801 0.65397 -0.422149
delta matrix:
 -0.0126868 0.295978 -0.205957
weights_delta matrix:
 -0.000885355 0.0206549 -0.0143728
 -0.000654936 0.0152794 -0.0106322
 -0.000814925 0.0190118 -0.0132295
 -0.000773884 0.0180544 -0.0125632
 -0.00126868 0.0295978 -0.0205957
weights matrix:
 -0.806139 0.0103686 0.114852
 1.46869 -1.27154 -0.380186
 -1.83688 0.643321 1.40936
 -1.48965 -0.271408 1.5315
 0.689782 0.158359 -1.93263
regression_error on 'test' 0.0967817
classification_error on 'test' 0.0789474
Save,1517,0.0967817,0.0789474
sample_count 75 Sample index 10
 i 0:0.697853 i 1:0.304495 i 2:0.808669 i 3:0.719493 bias 1
 test_print 3.53051
net matrix:
 -1.9828 0.103374 0.273368
outputs matrix:
 0.0186041 0.551504 0.633378
error matrix:
 -0.0186041 -0.551504 0.366622
delta matrix:
 -0.000679345 -0.272826 0.170267
weights_delta matrix:
 -4.74083e-05 -0.0190392 0.0118821
 -2.06857e-05 -0.00830741 0.00518454
 -5.49365e-05 -0.0220626 0.0137689
 -4.88784e-05 -0.0196296 0.0122506
 -6.79345e-05 -0.0272826 0.0170267
weights matrix:
 -0.806186 -0.00867069 0.126734
 1.46867 -1.27985 -0.375001
 -1.83694 0.621258 1.42313
 -1.4897 -0.291037 1.54375
 0.689714 0.131077 -1.9156
regression_error on 'test' 0.0941425
classification_error on 'test' 0.157895
Save,1518,0.0941425,0.157895
sample_count 75 Sample index 2
 i 0:0.466896 i 1:0.480944 i 2:0.566734 i 3:0.500487 bias 1
 test_print 3.01506
net matrix:
 -0.766974 -0.28208 -0.45762
outputs matrix:
 0.177417 0.362585 0.285929
error matrix:
 -0.177417 0.637415 -0.285929
delta matrix:
 -0.0517845 0.294635 -0.116758
weights_delta matrix:
 -0.0024178 0.0137564 -0.00545139
 -0.00249054 0.0141703 -0.00561542
 -0.0029348 0.016698 -0.00661709
 -0.00259175 0.0147461 -0.0058436
 -0.00517845 0.0294635 -0.0116758
weights matrix:
 -0.808604 0.0050857 0.121283
 1.46618 -1.26568 -0.380617
 -1.83987 0.637956 1.41652
 -1.49229 -0.276291 1.5379
 0.684535 0.16054 -1.92728
regression_error on 'test' 0.0961702
classification_error on 'test' 0.0789474
Save,1519,0.0961702,0.0789474
sample_count 75 Sample index 55
 i 0:0.628566 i 1:0.551523 i 2:0.612097 i 3:0.60999 bias 1
 test_print 3.40218
net matrix:
 -1.05156 -0.312359 -0.25581
outputs matrix:
 0.108794 0.348709 0.374814
error matrix:
 -0.108794 0.651291 -0.374814
delta matrix:
 -0.021097 0.295831 -0.175659
weights_delta matrix:
 -0.00132609 0.0185949 -0.0110413
 -0.00116355 0.0163157 -0.00968801
 -0.00129134 0.0181077 -0.010752
 -0.0012869 0.0180454 -0.010715
 -0.0021097 0.0295831 -0.0175659
weights matrix:
 -0.80993 0.0236806 0.110241
 1.46501 -1.24936 -0.390305
 -1.84116 0.656064 1.40576
 -1.49358 -0.258246 1.52719
 0.682426 0.190123 -1.94484
regression_error on 'test' 0.0995658
classification_error on 'test' 0.0789474
Save,1520,0.0995658,0.0789474
sample_count 75 Sample index 29
 i 0:0.420705 i 1:0.304495 i 2:0.536492 i 3:0.536988 bias 1
 test_print 2.79868
net matrix:
 -1.00203 0.0329587 -0.443046
outputs matrix:
 0.118778 0.516473 0.291917
error matrix:
 -0.118778 0.483527 -0.291917
delta matrix:
 -0.0248648 0.241501 -0.120679
weights_delta matrix:
 -0.00104607 0.0101601 -0.00507704
 -0.00075712 0.00735358 -0.00367463
 -0.00133398 0.0129563 -0.00647436
 -0.00133521 0.0129683 -0.00648034
 -0.00248648 0.0241501 -0.0120679
weights matrix:
 -0.810976 0.0338407 0.105164
 1.46426 -1.24201 -0.393979
 -1.8425 0.66902 1.39929
 -1.49491 -0.245278 1.52071
 0.679939 0.214274 -1.95691
regression_error on 'test' 0.102356
classification_error on 'test' 0.0526316
Save,1521,0.102356,0.0526316
sample_count 75 Sample index 64
 i 0:0.282131 i 1:0.516233 i 2:0.158468 i 3:0.0989754 bias 1
 test_print 2.05581
net matrix:
 0.767099 -0.335604 -1.75837
outputs matrix:
 0.82262 0.338226 0.0288397
error matrix:
 0.17738 -0.338226 -0.0288397
delta matrix:
 0.0517655 -0.15141 -0.00161548
weights_delta matrix:
 0.00146046 -0.00427174 -4.55778e-05
 0.0026723 -0.00781628 -8.33966e-05
 0.000820317 -0.00239936 -2.56002e-05
 0.000512351 -0.00149859 -1.59893e-05
 0.00517655 -0.015141 -0.000161548
weights matrix:
 -0.809516 0.0295689 0.105119
 1.46693 -1.24983 -0.394063
 -1.84167 0.666621 1.39926
 -1.4944 -0.246776 1.52069
 0.685116 0.199133 -1.95707
regression_error on 'test' 0.101349
classification_error on 'test' 0.105263
Save,1522,0.101349,0.105263
sample_count 75 Sample index 44
 i 0:0.536183 i 1:0.375074 i 2:0.702823 i 3:0.646491 bias 1
 test_print 3.26057
net matrix:
 -1.45921 0.0551869 -0.0819624
outputs matrix:
 0.05125 0.527565 0.45911
error matrix:
 -0.05125 0.472435 -0.45911
delta matrix:
 -0.00498391 0.235499 -0.22802
weights_delta matrix:
 -0.000267229 0.0126271 -0.012226
 -0.000186933 0.00883297 -0.00855243
 -0.000350281 0.0165514 -0.0160258
 -0.000322205 0.0152248 -0.0147413
 -0.000498391 0.0235499 -0.022802
weights matrix:
 -0.809783 0.042196 0.0928926
 1.46674 -1.24099 -0.402615
 -1.84203 0.683172 1.38324
 -1.49472 -0.231551 1.50595
 0.684617 0.222682 -1.97987
regression_error on 'test' 0.105737
classification_error on 'test' 0.105263
Save,1523,0.105737,0.105263
sample_count 75 Sample index 20
 i 0:0.489992 i 1:0.375074 i 2:0.521371 i 3:0.500487 bias 1
 test_print 2.88692
net matrix:
 -0.870501 0.0181911 -0.610478
outputs matrix:
 0.149186 0.509095 0.227768
error matrix:
 -0.149186 0.490905 -0.227768
delta matrix:
 -0.037872 0.245372 -0.0801243
weights_delta matrix:
 -0.0018557 0.012023 -0.00392603
 -0.00142048 0.00920325 -0.00300525
 -0.00197454 0.012793 -0.00417745
 -0.00189545 0.0122805 -0.00401012
 -0.0037872 0.0245372 -0.00801243
weights matrix:
 -0.811639 0.054219 0.0889665
 1.46532 -1.23179 -0.40562
 -1.844 0.695965 1.37906
 -1.49662 -0.219271 1.50194
 0.68083 0.24722 -1.98789
regression_error on 'test' 0.109118
classification_error on 'test' 0.131579
Save,1524,0.109118,0.131579
sample_count 75 Sample index 13
 i 0:0.420705 i 1:0.269205 i 2:0.491129 i 3:0.427485 bias 1
 test_print 2.60852
net matrix:
 -0.811582 0.186499 -0.740298
outputs matrix:
 0.164769 0.592183 0.185337
error matrix:
 -0.164769 0.407817 -0.185337
delta matrix:
 -0.045351 0.196977 -0.0559672
weights_delta matrix:
 -0.00190794 0.00828693 -0.00235457
 -0.00122087 0.00530273 -0.00150667
 -0.00222732 0.00967413 -0.00274871
 -0.00193869 0.00842048 -0.00239252
 -0.0045351 0.0196977 -0.00559672
weights matrix:
 -0.813547 0.0625059 0.086612
 1.4641 -1.22649 -0.407127
 -1.84623 0.705639 1.37631
 -1.49856 -0.21085 1.49955
 0.676295 0.266917 -1.99348
regression_error on 'test' 0.111813
classification_error on 'test' 0.157895
Save,1525,0.111813,0.157895
sample_count 75 Sample index 13
 i 0:0.420705 i 1:0.269205 i 2:0.491129 i 3:0.427485 bias 1
 test_print 2.60852
net matrix:
 -0.819171 0.219462 -0.749664
outputs matrix:
 0.162691 0.608002 0.182526
error matrix:
 -0.162691 0.391998 -0.182526
delta matrix:
 -0.0443242 0.186854 -0.0544694
weights_delta matrix:
 -0.00186474 0.00786104 -0.00229156
 -0.00119323 0.0050302 -0.00146634
 -0.00217689 0.00917693 -0.00267515
 -0.00189479 0.00798772 -0.00232849
 -0.00443242 0.0186854 -0.00544694
weights matrix:
 -0.815411 0.070367 0.0843204
 1.46291 -1.22146 -0.408593
 -1.8484 0.714816 1.37364
 -1.50045 -0.202863 1.49722
 0.671863 0.285603 -1.99893
regression_error on 'test' 0.114574
classification_error on 'test' 0.184211
Save,1526,0.114574,0.184211
sample_count 75 Sample index 31
 i 0:0.559279 i 1:0.339785 i 2:0.778427 i 3:0.573489 bias 1
 test_print 3.25098
net matrix:
 -1.58645 0.350017 -0.16269
outputs matrix:
 0.0401987 0.668195 0.419365
error matrix:
 -0.0401987 -0.668195 0.580635
delta matrix:
 -0.00310195 -0.296292 0.282767
weights_delta matrix:
 -0.000173485 -0.016571 0.0158146
 -0.000105399 -0.0100675 0.00960799
 -0.000241464 -0.0230641 0.0220113
 -0.000177893 -0.016992 0.0162164
 -0.000310195 -0.0296292 0.0282767
weights matrix:
 -0.815585 0.053796 0.100135
 1.4628 -1.23153 -0.398985
 -1.84865 0.691752 1.39565
 -1.50063 -0.219855 1.51344
 0.671553 0.255974 -1.97065
regression_error on 'test' 0.107704
classification_error on 'test' 0.131579
Save,1527,0.107704,0.131579
sample_count 75 Sample index 31
 i 0:0.559279 i 1:0.339785 i 2:0.778427 i 3:0.573489 bias 1
 test_print 3.25098
net matrix:
 -1.58718 0.280001 -0.0958693
outputs matrix:
 0.0401421 0.636453 0.452212
error matrix:
 -0.0401421 -0.636453 0.547788
delta matrix:
 -0.00309341 -0.294526 0.271392
weights_delta matrix:
 -0.000173008 -0.0164722 0.0151784
 -0.000105109 -0.0100075 0.0092215
 -0.0002408 -0.0229267 0.0211259
 -0.000177404 -0.0168907 0.015564
 -0.000309341 -0.0294526 0.0271392
weights matrix:
 -0.815758 0.0373238 0.115313
 1.4627 -1.24153 -0.389764
 -1.84889 0.668825 1.41677
 -1.50081 -0.236745 1.529
 0.671243 0.226521 -1.94351
regression_error on 'test' 0.102156
classification_error on 'test' 0.0789474
Save,1528,0.102156,0.0789474
sample_count 75 Sample index 51
 i 0:0.628566 i 1:0.516233 i 2:0.763306 i 3:0.719493 bias 1
 test_print 3.6276
net matrix:
 -1.57751 -0.0507572 0.109297
outputs matrix:
 0.040894 0.474643 0.554432
error matrix:
 -0.040894 -0.474643 0.445568
delta matrix:
 -0.00320786 -0.236711 0.220144
weights_delta matrix:
 -0.000201635 -0.0148789 0.0138375
 -0.000165601 -0.0122198 0.0113646
 -0.000244858 -0.0180683 0.0168037
 -0.000230804 -0.0170312 0.0158392
 -0.000320786 -0.0236711 0.0220144
weights matrix:
 -0.815959 0.0224449 0.129151
 1.46253 -1.25375 -0.378399
 -1.84913 0.650757 1.43358
 -1.50104 -0.253777 1.54484
 0.670922 0.20285 -1.9215
regression_error on 'test' 0.0982672
classification_error on 'test' 0.0789474
Save,1529,0.0982672,0.0789474
sample_count 75 Sample index 49
 i 0:0.397609 i 1:0.480944 i 2:0.612097 i 3:0.60999 bias 1
 test_print 3.10064
net matrix:
 -0.997581 -0.147686 -0.232311
outputs matrix:
 0.119712 0.426689 0.38589
error matrix:
 -0.119712 0.573311 -0.38589
delta matrix:
 -0.0252307 0.280493 -0.182895
weights_delta matrix:
 -0.00100319 0.0111526 -0.00727209
 -0.00121345 0.0134901 -0.00879625
 -0.00154436 0.0171689 -0.011195
 -0.00153905 0.0171098 -0.0111564
 -0.00252307 0.0280493 -0.0182895
weights matrix:
 -0.816963 0.0335976 0.121879
 1.46132 -1.24026 -0.387196
 -1.85068 0.667926 1.42238
 -1.50258 -0.236667 1.53368
 0.668399 0.230899 -1.93979
regression_error on 'test' 0.101853
classification_error on 'test' 0.105263
Save,1530,0.101853,0.105263
sample_count 75 Sample index 74
 i 0:0.443801 i 1:0.480944 i 2:0.551613 i 3:0.536988 bias 1
 test_print 3.01335
net matrix:
 -0.819081 -0.109338 -0.463744
outputs matrix:
 0.162715 0.445548 0.283435
error matrix:
 -0.162715 0.554452 -0.283435
delta matrix:
 -0.0443364 0.273938 -0.115131
weights_delta matrix:
 -0.00196765 0.0121574 -0.00510952
 -0.00213233 0.0131749 -0.00553715
 -0.00244565 0.0151108 -0.00635077
 -0.00238081 0.0147101 -0.00618239
 -0.00443364 0.0273938 -0.0115131
weights matrix:
 -0.81893 0.045755 0.116769
 1.45918 -1.22709 -0.392733
 -1.85312 0.683037 1.41603
 -1.50496 -0.221957 1.5275
 0.663966 0.258293 -1.9513
regression_error on 'test' 0.105595
classification_error on 'test' 0.0789474
Save,1531,0.105595,0.0789474
sample_count 75 Sample index 56
 i 0:0.328323 i 1:0.727972 i 2:0.158468 i 3:0.208478 bias 1
 test_print 2.42324
net matrix:
 0.849927 -0.558004 -1.65602
outputs matrix:
 0.845516 0.246753 0.0351607
error matrix:
 0.154484 -0.246753 -0.0351607
delta matrix:
 0.0403572 -0.0917257 -0.00238562
weights_delta matrix:
 0.00132502 -0.00301156 -7.83253e-05
 0.00293789 -0.00667737 -0.000173666
 0.000639533 -0.00145356 -3.78044e-05
 0.000841359 -0.00191228 -4.97349e-05
 0.00403572 -0.00917257 -0.000238562
weights matrix:
 -0.817605 0.0427434 0.116691
 1.46212 -1.23377 -0.392906
 -1.85248 0.681583 1.41599
 -1.50412 -0.223869 1.52745
 0.668001 0.24912 -1.95154
regression_error on 'test' 0.104695
classification_error on 'test' 0.0789474
Save,1532,0.104695,0.0789474
sample_count 75 Sample index 35
 i 0:0.189749 i 1:0.233915 i 2:0.128226 i 3:0.171977 bias 1
 test_print 1.72387
net matrix:
 0.358664 0.0175311 -1.57705
outputs matrix:
 0.672018 0.508765 0.0409299
error matrix:
 0.327982 -0.508765 -0.0409299
delta matrix:
 0.144581 -0.254304 -0.00321338
weights_delta matrix:
 0.0027434 -0.0048254 -6.09737e-05
 0.00338196 -0.00594856 -7.51659e-05
 0.0018539 -0.00326084 -4.12039e-05
 0.00248645 -0.00437345 -5.52628e-05
 0.0144581 -0.0254304 -0.000321338
weights matrix:
 -0.814862 0.037918 0.11663
 1.4655 -1.23971 -0.392982
 -1.85063 0.678322 1.41595
 -1.50163 -0.228242 1.5274
 0.682459 0.22369 -1.95186
regression_error on 'test' 0.102861
classification_error on 'test' 0.0526316
Save,1533,0.102861,0.0526316
sample_count 75 Sample index 25
 i 0:0.628566 i 1:0.410364 i 2:0.778427 i 3:0.865497 bias 1
 test_print 3.68285
net matrix:
 -1.96858 0.0692713 0.384355
outputs matrix:
 0.0191304 0.53458 0.683242
error matrix:
 -0.0191304 -0.53458 0.316758
delta matrix:
 -0.000717943 -0.266012 0.137107
weights_delta matrix:
 -4.51275e-05 -0.0167206 0.00861809
 -2.94618e-05 -0.0109162 0.00562639
 -5.58867e-05 -0.0207071 0.0106728
 -6.21378e-05 -0.0230232 0.0118666
 -7.17943e-05 -0.0266012 0.0137107
weights matrix:
 -0.814907 0.0211974 0.125248
 1.46548 -1.25063 -0.387355
 -1.85068 0.657615 1.42663
 -1.50169 -0.251266 1.53926
 0.682388 0.197089 -1.93815
regression_error on 'test' 0.0988649
classification_error on 'test' 0.0789474
Save,1534,0.0988649,0.0789474
sample_count 75 Sample index 23
 i 0:0.975 i 1:0.763262 i 2:0.899395 i 3:0.792495 bias 1
 test_print 4.43015
net matrix:
 -1.84818 -0.344473 0.39127
outputs matrix:
 0.0242127 0.334268 0.686227
error matrix:
 -0.0242127 -0.334268 0.313773
delta matrix:
 -0.00114412 -0.148771 0.135123
weights_delta matrix:
 -0.000111551 -0.0145052 0.0131745
 -8.7326e-05 -0.0113551 0.0103134
 -0.000102901 -0.0133804 0.0121529
 -9.06706e-05 -0.01179 0.0107084
 -0.000114412 -0.0148771 0.0135123
weights matrix:
 -0.815019 0.00669227 0.138422
 1.46539 -1.26199 -0.377042
 -1.85079 0.644235 1.43878
 -1.50178 -0.263056 1.54997
 0.682273 0.182212 -1.92464
regression_error on 'test' 0.0964137
classification_error on 'test' 0.0789474
Save,1535,0.0964137,0.0789474
sample_count 75 Sample index 0
 i 0:0.282131 i 1:0.269205 i 2:0.430645 i 3:0.427485 bias 1
 test_print 2.40947
net matrix:
 -0.592201 0.00935126 -0.704895
outputs matrix:
 0.234262 0.504675 0.196267
error matrix:
 -0.234262 0.495325 -0.196267
delta matrix:
 -0.0840452 0.247641 -0.0619209
weights_delta matrix:
 -0.00237118 0.00698671 -0.00174698
 -0.00226254 0.00666661 -0.00166694
 -0.00361937 0.0106645 -0.00266659
 -0.00359281 0.0105863 -0.00264703
 -0.00840452 0.0247641 -0.00619209
weights matrix:
 -0.81739 0.013679 0.136676
 1.46313 -1.25532 -0.378709
 -1.85441 0.654899 1.43611
 -1.50538 -0.252469 1.54732
 0.673869 0.206976 -1.93083
regression_error on 'test' 0.0982529
classification_error on 'test' 0.0789474
Save,1536,0.0982529,0.0789474
sample_count 75 Sample index 11
 i 0:0.536183 i 1:0.198626 i 2:0.536492 i 3:0.427485 bias 1
 test_print 2.69879
net matrix:
 -1.11219 0.208393 -0.500849
outputs matrix:
 0.097583 0.602714 0.268608
error matrix:
 -0.097583 0.397286 -0.268608
delta matrix:
 -0.0171864 0.19026 -0.10554
weights_delta matrix:
 -0.000921507 0.0102014 -0.00565888
 -0.000341367 0.00377906 -0.0020963
 -0.000922038 0.0102073 -0.00566214
 -0.000734694 0.00813334 -0.00451168
 -0.00171864 0.019026 -0.010554
weights matrix:
 -0.818311 0.0238804 0.131017
 1.46278 -1.25154 -0.380805
 -1.85533 0.665107 1.43045
 -1.50611 -0.244336 1.54281
 0.67215 0.226002 -1.94138
regression_error on 'test' 0.100276
classification_error on 'test' 0.0789474
Save,1537,0.100276,0.0789474
sample_count 75 Sample index 60
 i 0:0.559279 i 1:0.410364 i 2:0.536492 i 3:0.536988 bias 1
 test_print 3.04312
net matrix:
 -0.989372 -0.0486103 -0.428482
outputs matrix:
 0.121453 0.475714 0.297974
error matrix:
 -0.121453 0.524286 -0.297974
delta matrix:
 -0.0259185 0.261525 -0.124664
weights_delta matrix:
 -0.00144957 0.0146265 -0.00697218
 -0.0010636 0.010732 -0.00511575
 -0.00139051 0.0140306 -0.00668811
 -0.00139179 0.0140436 -0.00669429
 -0.00259185 0.0261525 -0.0124664
weights matrix:
 -0.819761 0.0385069 0.124044
 1.46172 -1.24081 -0.385921
 -1.85672 0.679137 1.42376
 -1.5075 -0.230292 1.53612
 0.669558 0.252154 -1.95385
regression_error on 'test' 0.103711
classification_error on 'test' 0.0526316
Save,1538,0.103711,0.0526316
sample_count 75 Sample index 6
 i 0:0.305227 i 1:0.657392 i 2:0.128226 i 3:0.171977 bias 1
 test_print 2.26282
net matrix:
 0.882933 -0.504311 -1.72295
outputs matrix:
 0.853943 0.26725 0.0308914
error matrix:
 0.146057 -0.26725 -0.0308914
delta matrix:
 0.0364338 -0.104669 -0.00184959
weights_delta matrix:
 0.00111206 -0.00319479 -5.64546e-05
 0.00239513 -0.00688089 -0.000121591
 0.000467176 -0.00134213 -2.37166e-05
 0.000626578 -0.00180007 -3.18088e-05
 0.00364338 -0.0104669 -0.000184959
weights matrix:
 -0.818649 0.0353121 0.123988
 1.46412 -1.24769 -0.386042
 -1.85625 0.677795 1.42374
 -1.50688 -0.232093 1.53609
 0.673202 0.241687 -1.95404
regression_error on 'test' 0.102805
classification_error on 'test' 0.0526316
Save,1539,0.102805,0.0526316
sample_count 75 Sample index 64
 i 0:0.282131 i 1:0.516233 i 2:0.158468 i 3:0.0989754 bias 1
 test_print 2.05581
net matrix:
 0.75476 -0.308011 -1.74069
outputs matrix:
 0.81899 0.350687 0.0298466
error matrix:
 0.18101 -0.350687 -0.0298466
delta matrix:
 0.0536677 -0.159707 -0.00172847
weights_delta matrix:
 0.00151413 -0.00450582 -4.87654e-05
 0.00277051 -0.00824459 -8.92292e-05
 0.000850462 -0.00253084 -2.73907e-05
 0.000531179 -0.0015807 -1.71076e-05
 0.00536677 -0.0159707 -0.000172847
weights matrix:
 -0.817135 0.0308063 0.123939
 1.46689 -1.25593 -0.386132
 -1.8554 0.675264 1.42371
 -1.50634 -0.233673 1.53607
 0.678568 0.225717 -1.95421
regression_error on 'test' 0.101599
classification_error on 'test' 0.105263
Save,1540,0.101599,0.105263
sample_count 75 Sample index 58
 i 0:0.282131 i 1:0.516233 i 2:0.158468 i 3:0.0989754 bias 1
 test_print 2.05581
net matrix:
 0.762172 -0.330066 -1.74093
outputs matrix:
 0.821177 0.34071 0.0298328
error matrix:
 0.178823 -0.34071 -0.0298328
delta matrix:
 0.0525186 -0.153065 -0.00172689
weights_delta matrix:
 0.00148171 -0.00431844 -4.87209e-05
 0.00271118 -0.00790172 -8.91478e-05
 0.000832251 -0.00242559 -2.73657e-05
 0.000519805 -0.00151497 -1.7092e-05
 0.00525186 -0.0153065 -0.000172689
weights matrix:
 -0.815653 0.0264879 0.123891
 1.4696 -1.26383 -0.386221
 -1.85457 0.672839 1.42368
 -1.50583 -0.235188 1.53605
 0.68382 0.21041 -1.95438
regression_error on 'test' 0.100532
classification_error on 'test' 0.0789474
Save,1541,0.100532,0.0789474
sample_count 75 Sample index 0
 i 0:0.282131 i 1:0.269205 i 2:0.430645 i 3:0.427485 bias 1
 test_print 2.40947
net matrix:
 -0.593056 0.0668677 -0.75366
outputs matrix:
 0.233955 0.533384 0.181336
error matrix:
 -0.233955 0.466616 -0.181336
delta matrix:
 -0.0838589 0.232268 -0.0538401
weights_delta matrix:
 -0.00236592 0.006553 -0.001519
 -0.00225752 0.00625277 -0.0014494
 -0.00361134 0.0100025 -0.0023186
 -0.00358484 0.0099291 -0.00230158
 -0.00838589 0.0232268 -0.00538401
weights matrix:
 -0.818019 0.0330409 0.122372
 1.46734 -1.25758 -0.38767
 -1.85818 0.682841 1.42136
 -1.50941 -0.225259 1.53375
 0.675434 0.233637 -1.95977
regression_error on 'test' 0.102747
classification_error on 'test' 0.0526316
Save,1542,0.102747,0.0526316
sample_count 75 Sample index 54
 i 0:0.305227 i 1:0.622103 i 2:0.158468 i 3:0.135476 bias 1
 test_print 2.22127
net matrix:
 0.839638 -0.460932 -1.73056
outputs matrix:
 0.842809 0.284578 0.0304391
error matrix:
 0.157191 -0.284578 -0.0304391
delta matrix:
 0.0416501 -0.115876 -0.00179667
weights_delta matrix:
 0.00127127 -0.00353686 -5.48392e-05
 0.00259106 -0.00720871 -0.000111771
 0.00066002 -0.00183627 -2.84715e-05
 0.000564258 -0.00156985 -2.43406e-05
 0.00416501 -0.0115876 -0.000179667
weights matrix:
 -0.816748 0.029504 0.122317
 1.46993 -1.26479 -0.387782
 -1.85752 0.681005 1.42134
 -1.50885 -0.226829 1.53373
 0.679599 0.222049 -1.95994
regression_error on 'test' 0.101835
classification_error on 'test' 0.105263
Save,1543,0.101835,0.105263
sample_count 75 Sample index 65
 i 0:0.928809 i 1:0.410364 i 2:0.944758 i 3:0.792495 bias 1
 test_print 4.07643
net matrix:
 -2.42646 0.194052 0.55282
outputs matrix:
 0.00774516 0.595826 0.751316
error matrix:
 -0.00774516 -0.595826 0.248684
delta matrix:
 -0.000119046 -0.286971 0.0929286
weights_delta matrix:
 -1.10571e-05 -0.0266541 0.0086313
 -4.88521e-06 -0.0117762 0.00381346
 -1.1247e-05 -0.0271118 0.00877951
 -9.43433e-06 -0.0227423 0.00736455
 -1.19046e-05 -0.0286971 0.00929286
weights matrix:
 -0.816759 0.00284993 0.130948
 1.46993 -1.27657 -0.383969
 -1.85753 0.653893 1.43012
 -1.50886 -0.249571 1.54109
 0.679587 0.193352 -1.95065
regression_error on 'test' 0.097786
classification_error on 'test' 0.0789474
Save,1544,0.097786,0.0789474
sample_count 75 Sample index 21
 i 0:0.836426 i 1:0.445654 i 2:0.884274 i 3:0.719493 bias 1
 test_print 3.88585
net matrix:
 -2.07667 0.0254847 0.361177
outputs matrix:
 0.0154688 0.51274 0.673125
error matrix:
 -0.0154688 -0.51274 0.326875
delta matrix:
 -0.000471166 -0.256203 0.143843
weights_delta matrix:
 -3.94096e-05 -0.0214295 0.0120314
 -2.09977e-05 -0.0114178 0.00641043
 -4.1664e-05 -0.0226554 0.0127197
 -3.39001e-05 -0.0184337 0.0103494
 -4.71166e-05 -0.0256203 0.0143843
weights matrix:
 -0.816798 -0.0185796 0.142979
 1.4699 -1.28798 -0.377558
 -1.85757 0.631238 1.44284
 -1.50889 -0.268005 1.55144
 0.67954 0.167732 -1.93627
regression_error on 'test' 0.0948124
classification_error on 'test' 0.131579
Save,1545,0.0948124,0.131579
sample_count 75 Sample index 19
 i 0:0.674757 i 1:0.480944 i 2:0.596976 i 3:0.573489 bias 1
 test_print 3.32617
net matrix:
 -1.13892 -0.241117 -0.270304
outputs matrix:
 0.0929757 0.381725 0.368046
error matrix:
 -0.0929757 0.618275 -0.368046
delta matrix:
 -0.0156815 0.29184 -0.171206
weights_delta matrix:
 -0.00105812 0.0196921 -0.0115523
 -0.000754193 0.0140358 -0.00823406
 -0.000936149 0.0174221 -0.0102206
 -0.000899317 0.0167367 -0.00981849
 -0.00156815 0.029184 -0.0171206
weights matrix:
 -0.817856 0.00111248 0.131427
 1.46915 -1.27395 -0.385792
 -1.85851 0.64866 1.43261
 -1.50979 -0.251268 1.54162
 0.677972 0.196916 -1.95339
regression_error on 'test' 0.0977443
classification_error on 'test' 0.0789474
Save,1546,0.0977443,0.0789474
sample_count 75 Sample index 4
 i 0:0.212844 i 1:0.516233 i 2:0.158468 i 3:0.135476 bias 1
 test_print 2.02302
net matrix:
 0.763266 -0.391751 -1.6887
outputs matrix:
 0.821498 0.313566 0.0330095
error matrix:
 0.178502 -0.313566 -0.0330095
delta matrix:
 0.0523505 -0.134985 -0.00210731
weights_delta matrix:
 0.00111425 -0.00287308 -4.48529e-05
 0.00270251 -0.00696838 -0.000108786
 0.000829588 -0.00213908 -3.33942e-05
 0.000709224 -0.00182873 -2.8549e-05
 0.00523505 -0.0134985 -0.000210731
weights matrix:
 -0.816742 -0.00176059 0.131382
 1.47185 -1.28092 -0.385901
 -1.85768 0.646521 1.43258
 -1.50908 -0.253097 1.54159
 0.683207 0.183417 -1.9536
regression_error on 'test' 0.0970485
classification_error on 'test' 0.0789474
Save,1547,0.0970485,0.0789474
sample_count 75 Sample index 30
 i 0:0.559279 i 1:0.410364 i 2:0.642339 i 3:0.500487 bias 1
 test_print 3.11247
net matrix:
 -1.11812 -0.0545959 -0.34673
outputs matrix:
 0.0965433 0.472729 0.333264
error matrix:
 -0.0965433 0.527271 -0.333264
delta matrix:
 -0.0168415 0.262851 -0.148102
weights_delta matrix:
 -0.000941912 0.0147007 -0.00828303
 -0.000691116 0.0107865 -0.00607757
 -0.0010818 0.016884 -0.00951316
 -0.000842897 0.0131554 -0.0074123
 -0.00168415 0.0262851 -0.0148102
weights matrix:
 -0.817684 0.0129401 0.123099
 1.47116 -1.27013 -0.391978
 -1.85876 0.663405 1.42307
 -1.50992 -0.239942 1.53418
 0.681523 0.209702 -1.96841
regression_error on 'test' 0.100031
classification_error on 'test' 0.0789474
Save,1548,0.100031,0.0789474
sample_count 75 Sample index 7
 i 0:0.651661 i 1:0.410364 i 2:0.627218 i 3:0.60999 bias 1
 test_print 3.29923
net matrix:
 -1.3345 -0.0333435 -0.220636
outputs matrix:
 0.0648272 0.483334 0.391438
error matrix:
 -0.0648272 0.516666 -0.391438
delta matrix:
 -0.00786024 0.258046 -0.186492
weights_delta matrix:
 -0.000512221 0.0168158 -0.012153
 -0.000322556 0.0105893 -0.00765297
 -0.000493009 0.0161851 -0.0116971
 -0.000479467 0.0157405 -0.0113758
 -0.000786024 0.0258046 -0.0186492
weights matrix:
 -0.818196 0.029756 0.110946
 1.47084 -1.25954 -0.399631
 -1.85925 0.67959 1.41137
 -1.5104 -0.224201 1.5228
 0.680737 0.235507 -1.98706
regression_error on 'test' 0.104107
classification_error on 'test' 0.0789474
Save,1549,0.104107,0.0789474
sample_count 75 Sample index 58
 i 0:0.282131 i 1:0.516233 i 2:0.158468 i 3:0.0989754 bias 1
 test_print 2.05581
net matrix:
 0.76507 -0.320812 -1.78768
outputs matrix:
 0.822027 0.34488 0.0272423
error matrix:
 0.177973 -0.34488 -0.0272423
delta matrix:
 0.0520746 -0.155843 -0.00144385
weights_delta matrix:
 0.00146919 -0.0043968 -4.07354e-05
 0.00268826 -0.00804511 -7.45361e-05
 0.000825215 -0.00246961 -2.28803e-05
 0.00051541 -0.00154246 -1.42905e-05
 0.00520746 -0.0155843 -0.000144385
weights matrix:
 -0.816727 0.0253592 0.110906
 1.47353 -1.26759 -0.399706
 -1.85843 0.67712 1.41135
 -1.50989 -0.225743 1.52279
 0.685945 0.219923 -1.9872
regression_error on 'test' 0.102969
classification_error on 'test' 0.0789474
Save,1550,0.102969,0.0789474
sample_count 75 Sample index 10
 i 0:0.697853 i 1:0.304495 i 2:0.808669 i 3:0.719493 bias 1
 test_print 3.53051
net matrix:
 -2.02454 0.236791 0.205434
outputs matrix:
 0.0171397 0.616231 0.601296
error matrix:
 -0.0171397 -0.616231 0.398704
delta matrix:
 -0.000577468 -0.291465 0.19117
weights_delta matrix:
 -4.02988e-05 -0.02034 0.0133408
 -1.75836e-05 -0.00887498 0.00582102
 -4.6698e-05 -0.0235699 0.0154593
 -4.15484e-05 -0.0209707 0.0137545
 -5.77468e-05 -0.0291465 0.019117
weights matrix:
 -0.816767 0.00501915 0.124246
 1.47351 -1.27646 -0.393885
 -1.85848 0.65355 1.42681
 -1.50993 -0.246714 1.53654
 0.685887 0.190776 -1.96809
regression_error on 'test' 0.0984799
classification_error on 'test' 0.0789474
Save,1551,0.0984799,0.0789474
sample_count 75 Sample index 13
 i 0:0.420705 i 1:0.269205 i 2:0.491129 i 3:0.427485 bias 1
 test_print 2.60852
net matrix:
 -0.819278 0.0647688 -0.664254
outputs matrix:
 0.162662 0.532339 0.209406
error matrix:
 -0.162662 0.467661 -0.209406
delta matrix:
 -0.04431 0.232852 -0.0693365
weights_delta matrix:
 -0.00186414 0.00979621 -0.00291702
 -0.00119285 0.0062685 -0.00186657
 -0.00217619 0.011436 -0.00340532
 -0.00189419 0.00995408 -0.00296403
 -0.004431 0.0232852 -0.00693365
weights matrix:
 -0.818631 0.0148154 0.121329
 1.47232 -1.27019 -0.395752
 -1.86065 0.664986 1.4234
 -1.51182 -0.23676 1.53358
 0.681456 0.214061 -1.97502
regression_error on 'test' 0.100595
classification_error on 'test' 0.105263
Save,1552,0.100595,0.105263
sample_count 75 Sample index 25
 i 0:0.628566 i 1:0.410364 i 2:0.778427 i 3:0.865497 bias 1
 test_print 3.68285
net matrix:
 -1.98578 0.0148605 0.374166
outputs matrix:
 0.0184955 0.50743 0.678815
error matrix:
 -0.0184955 -0.50743 0.321185
delta matrix:
 -0.00067151 -0.253659 0.140053
weights_delta matrix:
 -4.22088e-05 -0.0159441 0.00880325
 -2.75564e-05 -0.0104092 0.00574727
 -5.22721e-05 -0.0197455 0.0109021
 -5.8119e-05 -0.0219541 0.0121215
 -6.7151e-05 -0.0253659 0.0140053
weights matrix:
 -0.818673 -0.00112877 0.130133
 1.47229 -1.2806 -0.390004
 -1.8607 0.645241 1.4343
 -1.51188 -0.258714 1.5457
 0.681389 0.188696 -1.96101
regression_error on 'test' 0.0971246
classification_error on 'test' 0.0789474
Save,1553,0.0971246,0.0789474
sample_count 75 Sample index 32
 i 0:0.697853 i 1:0.516233 i 2:0.642339 i 3:0.60999 bias 1
 test_print 3.46642
net matrix:
 -1.24731 -0.216531 -0.207362
outputs matrix:
 0.0762355 0.393395 0.39778
error matrix:
 -0.0762355 0.606605 -0.39778
delta matrix:
 -0.0107376 0.289515 -0.190577
weights_delta matrix:
 -0.000749324 0.0202039 -0.0132995
 -0.000554309 0.0149457 -0.00983823
 -0.000689716 0.0185967 -0.0122415
 -0.000654981 0.0176601 -0.011625
 -0.00107376 0.0289515 -0.0190577
weights matrix:
 -0.819423 0.0190751 0.116833
 1.47174 -1.26566 -0.399843
 -1.86139 0.663838 1.42206
 -1.51253 -0.241054 1.53408
 0.680315 0.217647 -1.98007
regression_error on 'test' 0.101047
classification_error on 'test' 0.105263
Save,1554,0.101047,0.105263
sample_count 75 Sample index 34
 i 0:0.767139 i 1:0.551523 i 2:0.642339 i 3:0.573489 bias 1
 test_print 3.53449
net matrix:
 -1.19967 -0.177592 -0.317745
outputs matrix:
 0.0832233 0.412126 0.346267
error matrix:
 -0.0832233 0.587874 -0.346267
delta matrix:
 -0.0126994 0.284858 -0.156766
weights_delta matrix:
 -0.000974221 0.0218526 -0.0120261
 -0.000700402 0.0157106 -0.00864602
 -0.000815732 0.0182975 -0.0100697
 -0.000728297 0.0163363 -0.00899037
 -0.00126994 0.0284858 -0.0156766
weights matrix:
 -0.820397 0.0409277 0.104807
 1.47103 -1.24995 -0.408489
 -1.86221 0.682135 1.41199
 -1.51326 -0.224718 1.52509
 0.679045 0.246133 -1.99575
regression_error on 'test' 0.105667
classification_error on 'test' 0.105263
Save,1555,0.105667,0.105263
sample_count 75 Sample index 15
 i 0:0.720948 i 1:0.410364 i 2:0.65746 i 3:0.573489 bias 1
 test_print 3.36226
net matrix:
 -1.40093 0.08231 -0.284868
outputs matrix:
 0.0572241 0.541062 0.361298
error matrix:
 -0.0572241 0.458938 -0.361298
delta matrix:
 -0.00617442 0.227921 -0.166747
weights_delta matrix:
 -0.000445144 0.0164319 -0.0120216
 -0.000253376 0.00935307 -0.00684271
 -0.000405943 0.0149849 -0.010963
 -0.000354096 0.013071 -0.00956278
 -0.000617442 0.0227921 -0.0166747
weights matrix:
 -0.820842 0.0573596 0.0927853
 1.47078 -1.24059 -0.415331
 -1.86262 0.69712 1.40103
 -1.51362 -0.211647 1.51552
 0.678428 0.268925 -2.01242
regression_error on 'test' 0.110239
classification_error on 'test' 0.157895
Save,1556,0.110239,0.157895
sample_count 75 Sample index 45
 i 0:0.697853 i 1:0.586813 i 2:0.793548 i 3:0.975 bias 1
 test_print 4.05321
net matrix:
 -1.98518 -0.0722001 0.398026
outputs matrix:
 0.0185174 0.463963 0.689129
error matrix:
 -0.0185174 -0.463963 0.310871
delta matrix:
 -0.000673087 -0.230776 0.133196
weights_delta matrix:
 -4.69716e-05 -0.0161048 0.00929511
 -3.94976e-05 -0.0135422 0.0078161
 -5.34127e-05 -0.0183132 0.0105697
 -6.5626e-05 -0.0225007 0.0129866
 -6.73087e-05 -0.0230776 0.0133196
weights matrix:
 -0.820889 0.0412548 0.10208
 1.47074 -1.25414 -0.407515
 -1.86267 0.678807 1.4116
 -1.51368 -0.234147 1.52851
 0.67836 0.245847 -1.9991
regression_error on 'test' 0.105175
classification_error on 'test' 0.0789474
Save,1557,0.105175,0.0789474
sample_count 75 Sample index 42
 i 0:0.651661 i 1:0.551523 i 2:0.702823 i 3:0.792495 bias 1
 test_print 3.6985
net matrix:
 -1.55415 -0.127433 0.0461056
outputs matrix:
 0.0427665 0.436626 0.523036
error matrix:
 -0.0427665 -0.436626 0.476964
delta matrix:
 -0.00350151 -0.214806 0.237976
weights_delta matrix:
 -0.00022818 -0.0139981 0.0155079
 -0.000193117 -0.011847 0.0131249
 -0.000246095 -0.0150971 0.0167255
 -0.000277493 -0.0170233 0.0188594
 -0.000350151 -0.0214806 0.0237976
weights matrix:
 -0.821117 0.0272568 0.117588
 1.47055 -1.26598 -0.39439
 -1.86291 0.66371 1.42833
 -1.51396 -0.251171 1.54737
 0.67801 0.224367 -1.97531
regression_error on 'test' 0.10058
classification_error on 'test' 0.105263
Save,1558,0.10058,0.105263
sample_count 75 Sample index 47
 i 0:0.282131 i 1:0.516233 i 2:0.158468 i 3:0.0989754 bias 1
 test_print 2.05581
net matrix:
 0.760436 -0.341168 -1.76623
outputs matrix:
 0.820667 0.33574 0.0284025
error matrix:
 0.179333 -0.33574 -0.0284025
delta matrix:
 0.0527859 -0.149753 -0.00156758
weights_delta matrix:
 0.00148925 -0.00422499 -4.42262e-05
 0.00272498 -0.00773072 -8.09234e-05
 0.000836488 -0.0023731 -2.48411e-05
 0.000522451 -0.00148218 -1.55151e-05
 0.00527859 -0.0149753 -0.000156758
weights matrix:
 -0.819628 0.0230318 0.117544
 1.47327 -1.27371 -0.394471
 -1.86208 0.661337 1.4283
 -1.51344 -0.252653 1.54735
 0.683289 0.209391 -1.97546
regression_error on 'test' 0.0996182
classification_error on 'test' 0.0789474
Save,1559,0.0996182,0.0789474
sample_count 75 Sample index 21
 i 0:0.836426 i 1:0.445654 i 2:0.884274 i 3:0.719493 bias 1
 test_print 3.88585
net matrix:
 -2.08119 0.0640413 0.323376
outputs matrix:
 0.0153316 0.531977 0.656278
error matrix:
 -0.0153316 -0.531977 0.343722
delta matrix:
 -0.000462908 -0.264901 0.155072
weights_delta matrix:
 -3.87188e-05 -0.022157 0.0129706
 -2.06297e-05 -0.0118054 0.00691083
 -4.09337e-05 -0.0234245 0.0137126
 -3.33059e-05 -0.0190594 0.0111573
 -4.62908e-05 -0.0264901 0.0155072
weights matrix:
 -0.819667 0.000874799 0.130515
 1.47325 -1.28552 -0.38756
 -1.86212 0.637912 1.44201
 -1.51347 -0.271712 1.55851
 0.683242 0.182901 -1.95996
regression_error on 'test' 0.0960279
classification_error on 'test' 0.0789474
Save,1560,0.0960279,0.0789474
sample_count 75 Sample index 16
 i 0:0.60547 i 1:0.304495 i 2:0.687702 i 3:0.755994 bias 1
 test_print 3.35366
net matrix:
 -1.7892 0.0252777 0.170957
outputs matrix:
 0.0271619 0.512636 0.584656
error matrix:
 -0.0271619 -0.512636 0.415344
delta matrix:
 -0.00143546 -0.256154 0.201719
weights_delta matrix:
 -8.69127e-05 -0.0155094 0.0122135
 -4.3709e-05 -0.00779977 0.00614224
 -9.87167e-05 -0.0176158 0.0138723
 -0.00010852 -0.0193651 0.0152498
 -0.000143546 -0.0256154 0.0201719
weights matrix:
 -0.819754 -0.0146346 0.142728
 1.47321 -1.29332 -0.381418
 -1.86222 0.620296 1.45589
 -1.51358 -0.291077 1.57376
 0.683099 0.157286 -1.93978
regression_error on 'test' 0.0935016
classification_error on 'test' 0.157895
Save,1561,0.0935016,0.157895
sample_count 75 Sample index 46
 i 0:0.928809 i 1:0.480944 i 2:0.854032 i 3:0.901998 bias 1
 test_print 4.16578
net matrix:
 -2.3254 -0.211119 0.672245
outputs matrix:
 0.00946346 0.395981 0.793227
error matrix:
 -0.00946346 -0.395981 0.206773
delta matrix:
 -0.000177419 -0.189422 0.0678288
weights_delta matrix:
 -1.64789e-05 -0.0175937 0.0063
 -8.53287e-06 -0.00911013 0.00326219
 -1.51522e-05 -0.0161772 0.0057928
 -1.60032e-05 -0.0170858 0.00611814
 -1.77419e-05 -0.0189422 0.00678288
weights matrix:
 -0.81977 -0.0322282 0.149028
 1.4732 -1.30243 -0.378156
 -1.86223 0.604119 1.46168
 -1.5136 -0.308163 1.57988
 0.683081 0.138344 -1.933
regression_error on 'test' 0.0921858
classification_error on 'test' 0.157895
Save,1562,0.0921858,0.157895
sample_count 75 Sample index 54
 i 0:0.305227 i 1:0.622103 i 2:0.158468 i 3:0.135476 bias 1
 test_print 2.22127
net matrix:
 0.849188 -0.627753 -1.6771
outputs matrix:
 0.845322 0.221749 0.0337579
error matrix:
 0.154678 -0.221749 -0.0337579
delta matrix:
 0.0404489 -0.076537 -0.00220225
weights_delta matrix:
 0.00123461 -0.00233612 -6.72185e-05
 0.00251634 -0.00476139 -0.000137002
 0.000640986 -0.00121287 -3.48986e-05
 0.000547986 -0.00103689 -2.98351e-05
 0.00404489 -0.0076537 -0.000220225
weights matrix:
 -0.818536 -0.0345644 0.148961
 1.47572 -1.30719 -0.378293
 -1.86159 0.602906 1.46164
 -1.51305 -0.3092 1.57985
 0.687126 0.13069 -1.93322
regression_error on 'test' 0.0920089
classification_error on 'test' 0.157895
Save,1563,0.0920089,0.157895
sample_count 75 Sample index 29
 i 0:0.420705 i 1:0.304495 i 2:0.536492 i 3:0.536988 bias 1
 test_print 2.79868
net matrix:
 -1.01911 -0.124466 -0.353221
outputs matrix:
 0.115249 0.438086 0.330386
error matrix:
 -0.115249 0.561914 -0.330386
delta matrix:
 -0.0235031 0.276649 -0.146183
weights_delta matrix:
 -0.000988789 0.0116388 -0.00614999
 -0.000715659 0.00842382 -0.0044512
 -0.00126092 0.014842 -0.0078426
 -0.00126209 0.0148557 -0.00784985
 -0.00235031 0.0276649 -0.0146183
weights matrix:
 -0.819524 -0.0229256 0.142811
 1.475 -1.29877 -0.382744
 -1.86285 0.617748 1.4538
 -1.51431 -0.294344 1.572
 0.684776 0.158355 -1.94784
regression_error on 'test' 0.0933961
classification_error on 'test' 0.157895
Save,1564,0.0933961,0.157895
sample_count 75 Sample index 48
 i 0:0.744044 i 1:0.516233 i 2:0.748185 i 3:0.828996 bias 1
 test_print 3.83746
net matrix:
 -1.81266 -0.310989 0.351726
outputs matrix:
 0.0259494 0.349332 0.668953
error matrix:
 -0.0259494 -0.349332 0.331047
delta matrix:
 -0.00131179 -0.158806 0.146624
weights_delta matrix:
 -9.76033e-05 -0.0118158 0.0109095
 -6.77192e-05 -0.00819807 0.00756922
 -9.81465e-05 -0.0118816 0.0109702
 -0.000108747 -0.0131649 0.0121551
 -0.000131179 -0.0158806 0.0146624
weights matrix:
 -0.819622 -0.0347414 0.153721
 1.47493 -1.30696 -0.375175
 -1.86295 0.605867 1.46477
 -1.51442 -0.307509 1.58415
 0.684644 0.142474 -1.93318
regression_error on 'test' 0.0920648
classification_error on 'test' 0.157895
Save,1565,0.0920648,0.157895
sample_count 75 Sample index 2
 i 0:0.466896 i 1:0.480944 i 2:0.566734 i 3:0.500487 bias 1
 test_print 3.01506
net matrix:
 -0.802418 -0.312862 -0.41886
outputs matrix:
 0.167307 0.348481 0.302015
error matrix:
 -0.167307 0.651519 -0.302015
delta matrix:
 -0.0466168 0.295844 -0.127331
weights_delta matrix:
 -0.00217652 0.0138129 -0.00594503
 -0.00224201 0.0142285 -0.00612391
 -0.00264193 0.0167665 -0.00721628
 -0.00233311 0.0148066 -0.00637275
 -0.00466168 0.0295844 -0.0127331
weights matrix:
 -0.821798 -0.0209286 0.147775
 1.47269 -1.29274 -0.381299
 -1.86559 0.622633 1.45755
 -1.51675 -0.292703 1.57778
 0.679983 0.172059 -1.94591
regression_error on 'test' 0.0936468
classification_error on 'test' 0.184211
Save,1566,0.0936468,0.184211
sample_count 75 Sample index 6
 i 0:0.305227 i 1:0.657392 i 2:0.128226 i 3:0.171977 bias 1
 test_print 2.26282
net matrix:
 0.89722 -0.654663 -1.69323
outputs matrix:
 0.857471 0.212599 0.0327214
error matrix:
 0.142529 -0.212599 -0.0327214
delta matrix:
 0.0348384 -0.0711787 -0.00207131
weights_delta matrix:
 0.00106336 -0.00217257 -6.32218e-05
 0.00229025 -0.00467923 -0.000136166
 0.000446718 -0.000912696 -2.65595e-05
 0.00059914 -0.00122411 -3.56217e-05
 0.00348384 -0.00711787 -0.000207131
weights matrix:
 -0.820735 -0.0231012 0.147712
 1.47498 -1.29741 -0.381435
 -1.86515 0.62172 1.45753
 -1.51615 -0.293927 1.57775
 0.683467 0.164941 -1.94612
regression_error on 'test' 0.0933792
classification_error on 'test' 0.157895
Save,1567,0.0933792,0.157895
sample_count 75 Sample index 59
 i 0:0.60547 i 1:0.233915 i 2:0.596976 i 3:0.536988 bias 1
 test_print 2.97335
net matrix:
 -1.39605 0.0607862 -0.228565
outputs matrix:
 0.0577529 0.530356 0.387667
error matrix:
 -0.0577529 0.469644 -0.387667
delta matrix:
 -0.00628554 0.233957 -0.18405
weights_delta matrix:
 -0.000380571 0.0141654 -0.0111437
 -0.000147028 0.0054726 -0.0043052
 -0.000375232 0.0139666 -0.0109873
 -0.000337526 0.0125632 -0.00988324
 -0.000628554 0.0233957 -0.018405
weights matrix:
 -0.821116 -0.00893578 0.136569
 1.47484 -1.29194 -0.38574
 -1.86552 0.635687 1.44654
 -1.51649 -0.281364 1.56786
 0.682838 0.188337 -1.96452
regression_error on 'test' 0.0953654
classification_error on 'test' 0.0789474
Save,1568,0.0953654,0.0789474
sample_count 75 Sample index 62
 i 0:0.582374 i 1:0.622103 i 2:0.748185 i 3:0.901998 bias 1
 test_print 3.85466
net matrix:
 -1.64149 -0.398766 0.371531
outputs matrix:
 0.03616 0.310554 0.677665
error matrix:
 -0.03616 -0.310554 0.322335
delta matrix:
 -0.00252053 -0.132985 0.140819
weights_delta matrix:
 -0.000146789 -0.00774472 0.00820091
 -0.000156803 -0.00827305 0.00876036
 -0.000188583 -0.00994976 0.0105358
 -0.000227352 -0.0119952 0.0127018
 -0.000252053 -0.0132985 0.0140819
weights matrix:
 -0.821262 -0.0166805 0.14477
 1.47468 -1.30022 -0.37698
 -1.86571 0.625737 1.45708
 -1.51672 -0.293359 1.58057
 0.682586 0.175038 -1.95044
regression_error on 'test' 0.0937379
classification_error on 'test' 0.184211
Save,1569,0.0937379,0.184211
sample_count 75 Sample index 65
 i 0:0.928809 i 1:0.410364 i 2:0.944758 i 3:0.792495 bias 1
 test_print 4.07643
net matrix:
 -2.43969 -0.0153315 0.658498
outputs matrix:
 0.00754436 0.492335 0.788682
error matrix:
 -0.00754436 -0.492335 0.211318
delta matrix:
 -0.000112976 -0.24611 0.0704379
weights_delta matrix:
 -1.04933e-05 -0.0228589 0.00654234
 -4.63613e-06 -0.0100995 0.00289052
 -1.06735e-05 -0.0232514 0.00665468
 -8.95329e-06 -0.0195041 0.00558217
 -1.12976e-05 -0.024611 0.00704379
weights matrix:
 -0.821273 -0.0395394 0.151312
 1.47467 -1.31031 -0.374089
 -1.86572 0.602486 1.46373
 -1.51673 -0.312863 1.58615
 0.682575 0.150427 -1.9434
regression_error on 'test' 0.0920615
classification_error on 'test' 0.157895
Save,1570,0.0920615,0.157895
sample_count 75 Sample index 49
 i 0:0.397609 i 1:0.480944 i 2:0.612097 i 3:0.60999 bias 1
 test_print 3.10064
net matrix:
 -1.00193 -0.317545 -0.19967
outputs matrix:
 0.118799 0.346357 0.401471
error matrix:
 -0.118799 0.653643 -0.401471
delta matrix:
 -0.0248732 0.295961 -0.19294
weights_delta matrix:
 -0.000988981 0.0117677 -0.00767148
 -0.00119626 0.0142341 -0.00927935
 -0.00152248 0.0181157 -0.0118098
 -0.00151724 0.0180534 -0.0117692
 -0.00248732 0.0295961 -0.019294
weights matrix:
 -0.822262 -0.0277717 0.14364
 1.47348 -1.29608 -0.383369
 -1.86724 0.620602 1.45192
 -1.51824 -0.29481 1.57438
 0.680087 0.180023 -1.96269
regression_error on 'test' 0.0939741
classification_error on 'test' 0.157895
Save,1571,0.0939741,0.157895
sample_count 75 Sample index 22
 i 0:0.305227 i 1:0.233915 i 2:0.430645 i 3:0.427485 bias 1
 test_print 2.39727
net matrix:
 -0.679366 0.00960629 -0.710238
outputs matrix:
 0.204446 0.504803 0.194587
error matrix:
 -0.204446 0.495197 -0.194587
delta matrix:
 -0.0665056 0.247576 -0.0609925
weights_delta matrix:
 -0.00202993 0.00755668 -0.00186166
 -0.00155567 0.00579117 -0.00142671
 -0.00286403 0.0106617 -0.00262661
 -0.00284302 0.0105835 -0.00260734
 -0.00665056 0.0247576 -0.00609925
weights matrix:
 -0.824292 -0.020215 0.141779
 1.47192 -1.29029 -0.384795
 -1.87011 0.631263 1.44929
 -1.52109 -0.284226 1.57177
 0.673437 0.204781 -1.96879
regression_error on 'test' 0.0953692
classification_error on 'test' 0.0789474
Save,1572,0.0953692,0.0789474
sample_count 75 Sample index 65
 i 0:0.928809 i 1:0.410364 i 2:0.944758 i 3:0.792495 bias 1
 test_print 4.07643
net matrix:
 -2.4604 0.02766 0.619842
outputs matrix:
 0.00724046 0.513826 0.775509
error matrix:
 -0.00724046 -0.513826 0.224491
delta matrix:
 -0.000104089 -0.256717 0.0781654
weights_delta matrix:
 -9.66792e-06 -0.0238441 0.00726007
 -4.27146e-06 -0.0105347 0.00320763
 -9.83393e-06 -0.0242535 0.00738473
 -8.24903e-06 -0.0203447 0.00619457
 -1.04089e-05 -0.0256717 0.00781654
weights matrix:
 -0.824302 -0.0440591 0.149039
 1.47192 -1.30082 -0.381588
 -1.87012 0.60701 1.45668
 -1.52109 -0.304571 1.57797
 0.673426 0.179109 -1.96097
regression_error on 'test' 0.0931236
classification_error on 'test' 0.157895
Save,1573,0.0931236,0.157895
sample_count 75 Sample index 5
 i 0:0.536183 i 1:0.198626 i 2:0.687702 i 3:0.60999 bias 1
 test_print 3.0325
net matrix:
 -1.69013 0.128765 0.00744971
outputs matrix:
 0.0329184 0.564029 0.503725
error matrix:
 -0.0329184 -0.564029 0.496275
delta matrix:
 -0.0020959 -0.27739 0.248124
weights_delta matrix:
 -0.000112379 -0.0148732 0.013304
 -4.16301e-05 -0.00550968 0.00492838
 -0.000144136 -0.0190761 0.0170635
 -0.000127848 -0.0169205 0.0151353
 -0.00020959 -0.027739 0.0248124
weights matrix:
 -0.824414 -0.0589323 0.162343
 1.47188 -1.30633 -0.376659
 -1.87026 0.587934 1.47374
 -1.52122 -0.321491 1.5931
 0.673217 0.15137 -1.93616
regression_error on 'test' 0.0913992
classification_error on 'test' 0.157895
Save,1574,0.0913992,0.157895
sample_count 75 Sample index 64
 i 0:0.282131 i 1:0.516233 i 2:0.158468 i 3:0.0989754 bias 1
 test_print 2.05581
net matrix:
 0.753515 -0.47828 -1.69358
outputs matrix:
 0.818621 0.277567 0.0326989
error matrix:
 0.181379 -0.277567 -0.0326989
delta matrix:
 0.0538628 -0.111318 -0.00206851
weights_delta matrix:
 0.00151964 -0.00314062 -5.83591e-05
 0.00278057 -0.00574659 -0.000106783
 0.000853552 -0.00176403 -3.27793e-05
 0.000533109 -0.00110177 -2.04732e-05
 0.00538628 -0.0111318 -0.000206851
weights matrix:
 -0.822894 -0.0620729 0.162284
 1.47466 -1.31208 -0.376766
 -1.86941 0.58617 1.47371
 -1.52069 -0.322593 1.59308
 0.678603 0.140238 -1.93637
regression_error on 'test' 0.0912021
classification_error on 'test' 0.157895
Save,1575,0.0912021,0.157895
sample_count 75 Sample index 11
 i 0:0.536183 i 1:0.198626 i 2:0.536492 i 3:0.427485 bias 1
 test_print 2.69879
net matrix:
 -1.12271 0.0229144 -0.452538
outputs matrix:
 0.0957456 0.511455 0.288009
error matrix:
 -0.0957456 0.488545 -0.288009
delta matrix:
 -0.016579 0.244144 -0.118118
weights_delta matrix:
 -0.000888937 0.0130906 -0.00633328
 -0.000329302 0.00484934 -0.00234613
 -0.00088945 0.0130981 -0.00633693
 -0.000708727 0.0104368 -0.00504936
 -0.0016579 0.0244144 -0.0118118
weights matrix:
 -0.823783 -0.0489823 0.155951
 1.47433 -1.30723 -0.379112
 -1.8703 0.599268 1.46737
 -1.5214 -0.312156 1.58803
 0.676945 0.164653 -1.94818
regression_error on 'test' 0.0920892
classification_error on 'test' 0.157895
Save,1576,0.0920892,0.157895
sample_count 75 Sample index 2
 i 0:0.466896 i 1:0.480944 i 2:0.566734 i 3:0.500487 bias 1
 test_print 3.01506
net matrix:
 -0.820008 -0.303526 -0.431299
outputs matrix:
 0.162463 0.352732 0.296797
error matrix:
 -0.162463 0.647268 -0.296797
delta matrix:
 -0.0442122 0.295558 -0.123888
weights_delta matrix:
 -0.00206425 0.0137995 -0.00578428
 -0.00212636 0.0142147 -0.00595831
 -0.00250566 0.0167503 -0.00702115
 -0.00221276 0.0147923 -0.00620043
 -0.00442122 0.0295558 -0.0123888
weights matrix:
 -0.825847 -0.0351828 0.150167
 1.4722 -1.29302 -0.385071
 -1.8728 0.616018 1.46035
 -1.52361 -0.297364 1.58183
 0.672524 0.194209 -1.96057
regression_error on 'test' 0.0937579
classification_error on 'test' 0.157895
Save,1577,0.0937579,0.157895
sample_count 75 Sample index 68
 i 0:0.305227 i 1:0.657392 i 2:0.173589 i 3:0.281481 bias 1
 test_print 2.41769
net matrix:
 0.634301 -0.643317 -1.46912
outputs matrix:
 0.780503 0.216423 0.0502953
error matrix:
 0.219497 -0.216423 -0.0502953
delta matrix:
 0.0752075 -0.0734038 -0.00480478
weights_delta matrix:
 0.00229554 -0.00224048 -0.000146655
 0.00494408 -0.00482551 -0.000315862
 0.00130552 -0.00127421 -8.34057e-05
 0.00211695 -0.00206618 -0.000135245
 0.00752075 -0.00734038 -0.000480478
weights matrix:
 -0.823552 -0.0374233 0.15002
 1.47714 -1.29784 -0.385386
 -1.8715 0.614744 1.46027
 -1.52149 -0.29943 1.5817
 0.680045 0.186868 -1.96105
regression_error on 'test' 0.0934335
classification_error on 'test' 0.184211
Save,1578,0.0934335,0.184211
sample_count 75 Sample index 19
 i 0:0.674757 i 1:0.480944 i 2:0.596976 i 3:0.573489 bias 1
 test_print 3.32617
net matrix:
 -1.15503 -0.267305 -0.266341
outputs matrix:
 0.0902935 0.369442 0.369892
error matrix:
 -0.0902935 0.630558 -0.369892
delta matrix:
 -0.0148335 0.293783 -0.172423
weights_delta matrix:
 -0.0010009 0.0198232 -0.0116343
 -0.00071341 0.0141293 -0.00829256
 -0.000885527 0.0175381 -0.0102932
 -0.000850687 0.0168481 -0.00988824
 -0.00148335 0.0293783 -0.0172423
weights matrix:
 -0.824553 -0.0176001 0.138386
 1.47643 -1.28371 -0.393679
 -1.87238 0.632282 1.44998
 -1.52234 -0.282582 1.57181
 0.678561 0.216247 -1.97829
regression_error on 'test' 0.096088
classification_error on 'test' 0.0789474
Save,1579,0.096088,0.0789474
sample_count 75 Sample index 9
 i 0:0.351418 i 1:0.375074 i 2:0.521371 i 3:0.573489 bias 1
 test_print 2.82135
net matrix:
 -0.906685 -0.10383 -0.41993
outputs matrix:
 0.140231 0.448271 0.301564
error matrix:
 -0.140231 0.551729 -0.301564
delta matrix:
 -0.0338145 0.272912 -0.127033
weights_delta matrix:
 -0.0011883 0.00959061 -0.00446417
 -0.00126829 0.0102362 -0.00476468
 -0.00176299 0.0142288 -0.00662313
 -0.00193922 0.0156512 -0.0072852
 -0.00338145 0.0272912 -0.0127033
weights matrix:
 -0.825741 -0.00800946 0.133922
 1.47516 -1.27348 -0.398444
 -1.87415 0.646511 1.44335
 -1.52428 -0.266931 1.56452
 0.67518 0.243538 -1.99099
regression_error on 'test' 0.0987272
classification_error on 'test' 0.0789474
Save,1580,0.0987272,0.0789474
sample_count 75 Sample index 29
 i 0:0.420705 i 1:0.304495 i 2:0.536492 i 3:0.536988 bias 1
 test_print 2.79868
net matrix:
 -1.04702 0.0559102 -0.441501
outputs matrix:
 0.109677 0.527926 0.292556
error matrix:
 -0.109677 0.472074 -0.292556
delta matrix:
 -0.0214196 0.235301 -0.121099
weights_delta matrix:
 -0.000901134 0.00989922 -0.00509469
 -0.000652217 0.00716479 -0.0036874
 -0.00114915 0.0126237 -0.00649686
 -0.00115021 0.0126354 -0.00650287
 -0.00214196 0.0235301 -0.0121099
weights matrix:
 -0.826642 0.00188976 0.128827
 1.47451 -1.26631 -0.402131
 -1.8753 0.659135 1.43686
 -1.52543 -0.254295 1.55802
 0.673038 0.267068 -2.0031
regression_error on 'test' 0.101495
classification_error on 'test' 0.0526316
Save,1581,0.101495,0.0526316
sample_count 75 Sample index 29
 i 0:0.420705 i 1:0.304495 i 2:0.536492 i 3:0.536988 bias 1
 test_print 2.79868
net matrix:
 -1.05097 0.0993441 -0.463854
outputs matrix:
 0.108908 0.549509 0.28339
error matrix:
 -0.108908 0.450491 -0.28339
delta matrix:
 -0.0211383 0.223037 -0.115102
weights_delta matrix:
 -0.000889297 0.00938327 -0.00484238
 -0.000643649 0.00679136 -0.00350479
 -0.00113405 0.0119658 -0.00617511
 -0.0011351 0.0119768 -0.00618082
 -0.00211383 0.0223037 -0.0115102
weights matrix:
 -0.827532 0.011273 0.123985
 1.47387 -1.25952 -0.405636
 -1.87643 0.6711 1.43068
 -1.52657 -0.242319 1.55184
 0.670924 0.289372 -2.01461
regression_error on 'test' 0.104506
classification_error on 'test' 0.0789474
Save,1582,0.104506,0.0789474
sample_count 75 Sample index 22
 i 0:0.305227 i 1:0.233915 i 2:0.430645 i 3:0.427485 bias 1
 test_print 2.39727
net matrix:
 -0.697562 0.18361 -0.792153
outputs matrix:
 0.198591 0.590787 0.170187
error matrix:
 -0.198591 0.409213 -0.170187
delta matrix:
 -0.0632126 0.197861 -0.0480686
weights_delta matrix:
 -0.00192942 0.00603924 -0.00146718
 -0.00147864 0.00462826 -0.0011244
 -0.00272222 0.00852077 -0.00207005
 -0.00270225 0.00845825 -0.00205486
 -0.00632126 0.0197861 -0.00480686
weights matrix:
 -0.829461 0.0173123 0.122517
 1.47239 -1.25489 -0.40676
 -1.87915 0.679621 1.42861
 -1.52927 -0.23386 1.54978
 0.664603 0.309158 -2.01942
regression_error on 'test' 0.106804
classification_error on 'test' 0.105263
Save,1583,0.106804,0.105263
sample_count 75 Sample index 31
 i 0:0.559279 i 1:0.339785 i 2:0.778427 i 3:0.573489 bias 1
 test_print 3.25098
net matrix:
 -1.6388 0.287366 -0.0882587
outputs matrix:
 0.0363474 0.639854 0.455985
error matrix:
 -0.0363474 -0.639854 0.544015
delta matrix:
 -0.00254623 -0.294897 0.2699
weights_delta matrix:
 -0.000142405 -0.016493 0.0150949
 -8.65169e-05 -0.0100202 0.00917079
 -0.000198205 -0.0229556 0.0210097
 -0.000146023 -0.016912 0.0154785
 -0.000254623 -0.0294897 0.02699
weights matrix:
 -0.829603 0.000819307 0.137612
 1.4723 -1.26491 -0.397589
 -1.87935 0.656665 1.44962
 -1.52942 -0.250772 1.56526
 0.664348 0.279668 -1.99243
regression_error on 'test' 0.101298
classification_error on 'test' 0.105263
Save,1584,0.101298,0.105263
sample_count 75 Sample index 61
 i 0:0.697853 i 1:0.480944 i 2:0.687702 i 3:0.682992 bias 1
 test_print 3.54949
net matrix:
 -1.54351 -0.0477976 -0.0216489
outputs matrix:
 0.0436458 0.476119 0.489177
error matrix:
 -0.0436458 0.523881 -0.489177
delta matrix:
 -0.00364363 0.261343 -0.244474
weights_delta matrix:
 -0.000254272 0.0182379 -0.0170607
 -0.000175238 0.0125691 -0.0117578
 -0.000250573 0.0179726 -0.0168125
 -0.000248857 0.0178495 -0.0166974
 -0.000364363 0.0261343 -0.0244474
weights matrix:
 -0.829858 0.0190572 0.120552
 1.47213 -1.25234 -0.409347
 -1.8796 0.674638 1.43281
 -1.52967 -0.232923 1.54856
 0.663984 0.305802 -2.01688
regression_error on 'test' 0.106539
classification_error on 'test' 0.105263
Save,1585,0.106539,0.105263
sample_count 75 Sample index 33
 i 0:0.559279 i 1:0.480944 i 2:0.672581 i 3:0.719493 bias 1
 test_print 3.4323
net matrix:
 -1.4569 0.000315986 -0.0684699
outputs matrix:
 0.0514761 0.500158 0.465818
error matrix:
 -0.0514761 -0.500158 0.534182
delta matrix:
 -0.00502677 -0.250079 0.265843
weights_delta matrix:
 -0.000281137 -0.0139864 0.014868
 -0.000241759 -0.0120274 0.0127855
 -0.000338091 -0.0168198 0.0178801
 -0.000361672 -0.017993 0.0191272
 -0.000502677 -0.0250079 0.0265843
weights matrix:
 -0.830139 0.0050708 0.13542
 1.47189 -1.26437 -0.396562
 -1.87994 0.657818 1.45069
 -1.53003 -0.250916 1.56769
 0.663481 0.280794 -1.99029
regression_error on 'test' 0.101435
classification_error on 'test' 0.0789474
Save,1586,0.101435,0.0789474
sample_count 75 Sample index 46
 i 0:0.928809 i 1:0.480944 i 2:0.854032 i 3:0.901998 bias 1
 test_print 4.16578
net matrix:
 -2.38527 0.0128849 0.597748
outputs matrix:
 0.00840449 0.506442 0.767723
error matrix:
 -0.00840449 -0.506442 0.232277
delta matrix:
 -0.000140084 -0.253179 0.0828415
weights_delta matrix:
 -1.30111e-05 -0.0235155 0.00769439
 -6.73723e-06 -0.0121765 0.00398421
 -1.19636e-05 -0.0216223 0.00707493
 -1.26355e-05 -0.0228367 0.00747229
 -1.40084e-05 -0.0253179 0.00828415
weights matrix:
 -0.830152 -0.0184447 0.143114
 1.47188 -1.27655 -0.392578
 -1.87995 0.636196 1.45776
 -1.53004 -0.273753 1.57516
 0.663467 0.255476 -1.98201
regression_error on 'test' 0.0976393
classification_error on 'test' 0.0789474
Save,1587,0.0976393,0.0789474
sample_count 75 Sample index 8
 i 0:0.489992 i 1:0.375074 i 2:0.702823 i 3:0.755994 bias 1
 test_print 3.32388
net matrix:
 -1.66921 0.00781691 0.156232
outputs matrix:
 0.0342763 0.503908 0.577487
error matrix:
 -0.0342763 -0.503908 0.422513
delta matrix:
 -0.00226919 -0.251939 0.206183
weights_delta matrix:
 -0.000111189 -0.0123448 0.0101028
 -8.51116e-05 -0.00944957 0.00773339
 -0.000159484 -0.0177068 0.014491
 -0.00017155 -0.0190464 0.0155873
 -0.000226919 -0.0251939 0.0206183
weights matrix:
 -0.830263 -0.0307895 0.153217
 1.47179 -1.286 -0.384844
 -1.88011 0.618489 1.47225
 -1.53021 -0.292799 1.59075
 0.66324 0.230283 -1.96139
regression_error on 'test' 0.0946677
classification_error on 'test' 0.0789474
Save,1588,0.0946677,0.0789474
sample_count 75 Sample index 1
 i 0:0.582374 i 1:0.445654 i 2:0.581855 i 3:0.536988 bias 1
 test_print 3.14687
net matrix:
 -1.08003 -0.158117 -0.332818
outputs matrix:
 0.103395 0.421594 0.339475
error matrix:
 -0.103395 0.578406 -0.339475
delta matrix:
 -0.0191703 0.282091 -0.152242
weights_delta matrix:
 -0.00111643 0.0164283 -0.00886618
 -0.000854334 0.0125715 -0.00678473
 -0.00111544 0.0164136 -0.00885828
 -0.00102942 0.015148 -0.00817521
 -0.00191703 0.0282091 -0.0152242
weights matrix:
 -0.831379 -0.0143612 0.144351
 1.47094 -1.27342 -0.391629
 -1.88123 0.634903 1.4634
 -1.53124 -0.277651 1.58258
 0.661323 0.258492 -1.97662
regression_error on 'test' 0.0974572
classification_error on 'test' 0.0789474
Save,1589,0.0974572,0.0789474
sample_count 75 Sample index 18
 i 0:0.513088 i 1:0.480944 i 2:0.566734 i 3:0.60999 bias 1
 test_print 3.17076
net matrix:
 -1.058 -0.170866 -0.296192
outputs matrix:
 0.107551 0.415389 0.356088
error matrix:
 -0.107551 0.584611 -0.356088
delta matrix:
 -0.0206461 0.283935 -0.163294
weights_delta matrix:
 -0.00105933 0.0145684 -0.00837844
 -0.000992963 0.0136557 -0.00785354
 -0.00117009 0.0160916 -0.00925445
 -0.00125939 0.0173198 -0.00996079
 -0.00206461 0.0283935 -0.0163294
weights matrix:
 -0.832439 0.00020715 0.135972
 1.46995 -1.25977 -0.399482
 -1.8824 0.650994 1.45414
 -1.5325 -0.260331 1.57262
 0.659259 0.286885 -1.99295
regression_error on 'test' 0.101086
classification_error on 'test' 0.105263
Save,1590,0.101086,0.105263
sample_count 75 Sample index 29
 i 0:0.420705 i 1:0.304495 i 2:0.536492 i 3:0.536988 bias 1
 test_print 2.79868
net matrix:
 -1.07619 0.112837 -0.432772
outputs matrix:
 0.10411 0.55618 0.296182
error matrix:
 -0.10411 0.44382 -0.296182
delta matrix:
 -0.0194208 0.219108 -0.123483
weights_delta matrix:
 -0.000817044 0.00921799 -0.00519501
 -0.000591355 0.00667173 -0.00376001
 -0.00104191 0.011755 -0.00662479
 -0.00104288 0.0117658 -0.00663091
 -0.00194208 0.0219108 -0.0123483
weights matrix:
 -0.833256 0.00942514 0.130777
 1.46935 -1.2531 -0.403242
 -1.88344 0.662749 1.44752
 -1.53354 -0.248565 1.56598
 0.657317 0.308796 -2.00529
regression_error on 'test' 0.104075
classification_error on 'test' 0.0789474
Save,1591,0.104075,0.0789474
sample_count 75 Sample index 69
 i 0:0.628566 i 1:0.445654 i 2:0.581855 i 3:0.536988 bias 1
 test_print 3.19306
net matrix:
 -1.131 0.00841972 -0.41964
outputs matrix:
 0.0943197 0.50421 0.301687
error matrix:
 -0.0943197 0.49579 -0.301687
delta matrix:
 -0.0161142 0.247878 -0.127114
weights_delta matrix:
 -0.00101289 0.0155807 -0.00798994
 -0.000718138 0.0110468 -0.00566487
 -0.000937615 0.0144229 -0.00739618
 -0.000865316 0.0133107 -0.00682585
 -0.00161142 0.0247878 -0.0127114
weights matrix:
 -0.834269 0.0250059 0.122787
 1.46864 -1.24205 -0.408907
 -1.88437 0.677172 1.44012
 -1.53441 -0.235255 1.55916
 0.655705 0.333584 -2.01801
regression_error on 'test' 0.108248
classification_error on 'test' 0.131579
Save,1592,0.108248,0.131579
sample_count 75 Sample index 41
 i 0:0.674757 i 1:0.445654 i 2:0.627218 i 3:0.536988 bias 1
 test_print 3.28462
net matrix:
 -1.25859 0.0953374 -0.376867
outputs matrix:
 0.0746621 0.547525 0.320008
error matrix:
 -0.0746621 0.452475 -0.320008
delta matrix:
 -0.0103165 0.224194 -0.13927
weights_delta matrix:
 -0.000696111 0.0151276 -0.00939731
 -0.000459758 0.00999128 -0.0062066
 -0.000647068 0.0140618 -0.00873524
 -0.000553982 0.0120389 -0.00747861
 -0.00103165 0.0224194 -0.013927
weights matrix:
 -0.834965 0.0401335 0.11339
 1.46818 -1.23206 -0.415114
 -1.88502 0.691234 1.43138
 -1.53496 -0.223216 1.55168
 0.654673 0.356003 -2.03193
regression_error on 'test' 0.112789
classification_error on 'test' 0.157895
Save,1593,0.112789,0.157895
sample_count 75 Sample index 60
 i 0:0.559279 i 1:0.410364 i 2:0.536492 i 3:0.536988 bias 1
 test_print 3.04312
net matrix:
 -1.04537 0.123833 -0.537704
outputs matrix:
 0.109999 0.561602 0.254376
error matrix:
 -0.109999 0.438398 -0.254376
delta matrix:
 -0.0215378 0.215872 -0.0964944
weights_delta matrix:
 -0.00120456 0.0120732 -0.00539673
 -0.000883832 0.0088586 -0.00395978
 -0.00115548 0.0115813 -0.00517685
 -0.00115655 0.011592 -0.00518163
 -0.00215378 0.0215872 -0.00964944
weights matrix:
 -0.836169 0.0522068 0.107993
 1.46729 -1.2232 -0.419074
 -1.88618 0.702815 1.42621
 -1.53612 -0.211624 1.5465
 0.65252 0.37759 -2.04158
regression_error on 'test' 0.116996
classification_error on 'test' 0.184211
Save,1594,0.116996,0.184211
sample_count 75 Sample index 0
 i 0:0.282131 i 1:0.269205 i 2:0.430645 i 3:0.427485 bias 1
 test_print 2.40947
net matrix:
 -0.657328 0.275226 -0.848637
outputs matrix:
 0.211709 0.63424 0.154822
error matrix:
 -0.211709 0.36576 -0.154822
delta matrix:
 -0.0706634 0.169698 -0.0405175
weights_delta matrix:
 -0.00199363 0.00478769 -0.00114312
 -0.00190229 0.00456834 -0.00109075
 -0.00304308 0.00730794 -0.00174486
 -0.00302075 0.00725432 -0.00173206
 -0.00706634 0.0169698 -0.00405175
weights matrix:
 -0.838163 0.0569944 0.10685
 1.46539 -1.21863 -0.420164
 -1.88922 0.710123 1.42446
 -1.53914 -0.204369 1.54477
 0.645453 0.39456 -2.04563
regression_error on 'test' 0.1197
classification_error on 'test' 0.210526
Save,1595,0.1197,0.210526
sample_count 75 Sample index 14
 i 0:0.697853 i 1:0.516233 i 2:0.778427 i 3:0.938499 bias 1
 test_print 3.93101
net matrix:
 -2.09808 0.166214 0.370631
outputs matrix:
 0.01483 0.58235 0.677272
error matrix:
 -0.01483 -0.58235 0.322728
delta matrix:
 -0.000433336 -0.283277 0.141081
weights_delta matrix:
 -3.02405e-05 -0.0197685 0.00984535
 -2.23702e-05 -0.0146237 0.00728304
 -3.3732e-05 -0.022051 0.0109821
 -4.06685e-05 -0.0265855 0.0132404
 -4.33336e-05 -0.0283277 0.0141081
weights matrix:
 -0.838193 0.0372259 0.116695
 1.46537 -1.23326 -0.412881
 -1.88925 0.688072 1.43544
 -1.53918 -0.230955 1.55801
 0.64541 0.366232 -2.03153
regression_error on 'test' 0.112506
classification_error on 'test' 0.157895
Save,1596,0.112506,0.157895
sample_count 75 Sample index 62
 i 0:0.582374 i 1:0.622103 i 2:0.748185 i 3:0.901998 bias 1
 test_print 3.85466
net matrix:
 -1.73297 -0.0728161 0.258877
outputs matrix:
 0.0302969 0.463656 0.626622
error matrix:
 -0.0302969 -0.463656 0.373378
delta matrix:
 -0.00178019 -0.230603 0.174716
weights_delta matrix:
 -0.000103673 -0.0134297 0.010175
 -0.000110746 -0.0143459 0.0108691
 -0.000133191 -0.0172534 0.013072
 -0.000160573 -0.0208004 0.0157593
 -0.000178019 -0.0230603 0.0174716
weights matrix:
 -0.838297 0.0237962 0.12687
 1.46526 -1.2476 -0.402012
 -1.88939 0.670819 1.44852
 -1.53934 -0.251755 1.57377
 0.645232 0.343172 -2.01405
regression_error on 'test' 0.106969
classification_error on 'test' 0.0789474
Save,1597,0.106969,0.0789474
sample_count 75 Sample index 7
 i 0:0.651661 i 1:0.410364 i 2:0.627218 i 3:0.60999 bias 1
 test_print 3.29923
net matrix:
 -1.42381 0.11389 -0.227832
outputs matrix:
 0.054805 0.5567 0.388015
error matrix:
 -0.054805 0.4433 -0.388015
delta matrix:
 -0.00567794 0.2188 -0.184276
weights_delta matrix:
 -0.000370009 0.0142583 -0.0120085
 -0.000233002 0.00897875 -0.00756201
 -0.000356131 0.0137235 -0.0115581
 -0.000346349 0.0133466 -0.0112406
 -0.000567794 0.02188 -0.0184276
weights matrix:
 -0.838667 0.0380545 0.114862
 1.46502 -1.23862 -0.409574
 -1.88974 0.684542 1.43696
 -1.53969 -0.238409 1.56253
 0.644664 0.365052 -2.03248
regression_error on 'test' 0.111652
classification_error on 'test' 0.131579
Save,1598,0.111652,0.131579
sample_count 75 Sample index 51
 i 0:0.628566 i 1:0.516233 i 2:0.763306 i 3:0.719493 bias 1
 test_print 3.6276
net matrix:
 -1.67645 0.100535 0.049346
outputs matrix:
 0.0338005 0.550099 0.524653
error matrix:
 -0.0338005 -0.550099 0.475347
delta matrix:
 -0.00220772 -0.272288 0.237096
weights_delta matrix:
 -0.00013877 -0.0171151 0.014903
 -0.00011397 -0.0140564 0.0122397
 -0.000168517 -0.0207839 0.0180977
 -0.000158844 -0.0195909 0.0170589
 -0.000220772 -0.0272288 0.0237096
weights matrix:
 -0.838806 0.0209394 0.129765
 1.46491 -1.25268 -0.397335
 -1.88991 0.663758 1.45506
 -1.53985 -0.258 1.57958
 0.644443 0.337823 -2.00877
regression_error on 'test' 0.105421
classification_error on 'test' 0.0789474
Save,1599,0.105421,0.0789474
sample_count 75 Sample index 27
 i 0:0.328323 i 1:0.622103 i 2:0.158468 i 3:0.135476 bias 1
 test_print 2.24437
net matrix:
 0.772267 -0.364366 -1.76877
outputs matrix:
 0.824123 0.325473 0.0282625
error matrix:
 0.175877 -0.325473 -0.0282625
delta matrix:
 0.0509848 -0.142909 -0.00155239
weights_delta matrix:
 0.00167395 -0.00469203 -5.09685e-05
 0.00317178 -0.00889041 -9.65746e-05
 0.000807947 -0.00226465 -2.46004e-05
 0.000690722 -0.00193607 -2.10311e-05
 0.00509848 -0.0142909 -0.000155239
weights matrix:
 -0.837132 0.0162474 0.129714
 1.46808 -1.26157 -0.397431
 -1.8891 0.661494 1.45503
 -1.53916 -0.259936 1.57956
 0.649542 0.323532 -2.00893
regression_error on 'test' 0.10401
classification_error on 'test' 0.0789474
Save,1600,0.10401,0.0789474
sample_count 75 Sample index 72
 i 0:0.905713 i 1:0.480944 i 2:0.929637 i 3:0.828996 bias 1
 test_print 4.14529
net matrix:
 -2.43473 0.130967 0.579517
outputs matrix:
 0.00761903 0.565111 0.761157
error matrix:
 -0.00761903 -0.565111 0.238843
delta matrix:
 -0.000115215 -0.277764 0.0868418
weights_delta matrix:
 -1.04351e-05 -0.0251575 0.00786538
 -5.54117e-06 -0.0133589 0.0041766
 -1.07108e-05 -0.025822 0.00807314
 -9.55124e-06 -0.0230265 0.00719915
 -1.15215e-05 -0.0277764 0.00868418
weights matrix:
 -0.837142 -0.00891009 0.137579
 1.46808 -1.27493 -0.393255
 -1.88911 0.635672 1.4631
 -1.53917 -0.282962 1.58676
 0.64953 0.295756 -2.00024
regression_error on 'test' 0.0993698
classification_error on 'test' 0.0789474
Save,1601,0.0993698,0.0789474
sample_count 75 Sample index 25
 i 0:0.628566 i 1:0.410364 i 2:0.778427 i 3:0.865497 bias 1
 test_print 3.68285
net matrix:
 -2.0769 0.0168915 0.437115
outputs matrix:
 0.0154617 0.508445 0.705625
error matrix:
 -0.0154617 -0.508445 0.294375
delta matrix:
 -0.000470734 -0.25415 0.122294
weights_delta matrix:
 -2.95887e-05 -0.015975 0.00768699
 -1.93172e-05 -0.0104294 0.00501851
 -3.66432e-05 -0.0197837 0.0095197
 -4.07419e-05 -0.0219966 0.0105845
 -4.70734e-05 -0.025415 0.0122294
weights matrix:
 -0.837172 -0.0248851 0.145266
 1.46806 -1.28536 -0.388236
 -1.88915 0.615888 1.47262
 -1.53921 -0.304959 1.59735
 0.649483 0.270341 -1.98801
regression_error on 'test' 0.0960491
classification_error on 'test' 0.0789474
Save,1602,0.0960491,0.0789474
sample_count 75 Sample index 26
 i 0:0.489992 i 1:0.339785 i 2:0.536492 i 3:0.500487 bias 1
 test_print 2.86676
net matrix:
 -1.04577 -0.000806992 -0.459249
outputs matrix:
 0.109922 0.499597 0.285264
error matrix:
 -0.109922 0.500403 -0.285264
delta matrix:
 -0.0215094 0.250202 -0.116324
weights_delta matrix:
 -0.00105395 0.0122597 -0.00569979
 -0.000730859 0.00850147 -0.00395252
 -0.00115396 0.0134231 -0.0062407
 -0.00107652 0.0125223 -0.00582188
 -0.00215094 0.0250202 -0.0116324
weights matrix:
 -0.838226 -0.0126254 0.139567
 1.46733 -1.27686 -0.392189
 -1.89031 0.629311 1.46638
 -1.54028 -0.292437 1.59152
 0.647332 0.295361 -1.99965
regression_error on 'test' 0.098579
classification_error on 'test' 0.0789474
Save,1603,0.098579,0.0789474
sample_count 75 Sample index 39
 i 0:0.397609 i 1:0.622103 i 2:0.18871 i 3:0.135476 bias 1
 test_print 2.3439
net matrix:
 0.661484 -0.424856 -1.6958
outputs matrix:
 0.789675 0.299493 0.032559
error matrix:
 0.210325 -0.299493 -0.032559
delta matrix:
 0.0698651 -0.125666 -0.00205115
weights_delta matrix:
 0.0027779 -0.00499657 -8.15555e-05
 0.00434633 -0.00781769 -0.000127602
 0.00131842 -0.00237143 -3.87072e-05
 0.000946504 -0.00170247 -2.77881e-05
 0.00698651 -0.0125666 -0.000205115
weights matrix:
 -0.835448 -0.017622 0.139485
 1.47167 -1.28467 -0.392316
 -1.88899 0.62694 1.46635
 -1.53934 -0.294139 1.5915
 0.654319 0.282795 -1.99985
regression_error on 'test' 0.0976354
classification_error on 'test' 0.0789474
Save,1604,0.0976354,0.0789474
sample_count 75 Sample index 7
 i 0:0.651661 i 1:0.410364 i 2:0.627218 i 3:0.60999 bias 1
 test_print 3.29923
net matrix:
 -1.40997 -0.0420672 -0.179431
outputs matrix:
 0.0562556 0.478979 0.411235
error matrix:
 -0.0562556 0.521021 -0.411235
delta matrix:
 -0.00597332 0.26005 -0.199137
weights_delta matrix:
 -0.000389258 0.0169465 -0.012977
 -0.000245124 0.0106715 -0.00817187
 -0.000374658 0.0163108 -0.0124902
 -0.000364367 0.0158628 -0.0121472
 -0.000597332 0.026005 -0.0199137
weights matrix:
 -0.835837 -0.000675538 0.126508
 1.47143 -1.274 -0.400488
 -1.88936 0.643251 1.45385
 -1.5397 -0.278276 1.57935
 0.653722 0.3088 -2.01976
regression_error on 'test' 0.101479
classification_error on 'test' 0.0526316
Save,1605,0.101479,0.0526316
sample_count 75 Sample index 16
 i 0:0.60547 i 1:0.304495 i 2:0.687702 i 3:0.755994 bias 1
 test_print 3.35366
net matrix:
 -1.86763 0.152452 0.128683
outputs matrix:
 0.0233105 0.575641 0.563989
error matrix:
 -0.0233105 -0.575641 0.436011
delta matrix:
 -0.00106142 -0.281233 0.214435
weights_delta matrix:
 -6.42661e-05 -0.0170278 0.0129834
 -3.23198e-05 -0.00856342 0.00652944
 -7.29944e-05 -0.0193405 0.0147467
 -8.02431e-05 -0.0212611 0.0162112
 -0.000106142 -0.0281233 0.0214435
weights matrix:
 -0.835901 -0.0177034 0.139491
 1.4714 -1.28257 -0.393959
 -1.88943 0.62391 1.4686
 -1.53978 -0.299537 1.59556
 0.653615 0.280676 -1.99832
regression_error on 'test' 0.0972528
classification_error on 'test' 0.0789474
Save,1606,0.0972528,0.0789474
sample_count 75 Sample index 27
 i 0:0.328323 i 1:0.622103 i 2:0.158468 i 3:0.135476 bias 1
 test_print 2.24437
net matrix:
 0.786511 -0.464735 -1.74872
outputs matrix:
 0.828214 0.283032 0.0293852
error matrix:
 0.171786 -0.283032 -0.0293852
delta matrix:
 0.0488819 -0.114869 -0.00167623
weights_delta matrix:
 0.0016049 -0.0037714 -5.50345e-05
 0.00304096 -0.00714601 -0.000104279
 0.000774622 -0.0018203 -2.65629e-05
 0.000662232 -0.00155619 -2.27089e-05
 0.00488819 -0.0114869 -0.000167623
weights matrix:
 -0.834296 -0.0214748 0.139436
 1.47444 -1.28971 -0.394063
 -1.88866 0.62209 1.46858
 -1.53912 -0.301094 1.59554
 0.658504 0.269189 -1.99849
regression_error on 'test' 0.0965111
classification_error on 'test' 0.0789474
Save,1607,0.0965111,0.0789474
sample_count 75 Sample index 9
 i 0:0.351418 i 1:0.375074 i 2:0.521371 i 3:0.573489 bias 1
 test_print 2.82135
net matrix:
 -0.949021 -0.0704292 -0.416595
outputs matrix:
 0.13033 0.464844 0.302971
error matrix:
 -0.13033 0.535156 -0.302971
delta matrix:
 -0.0295444 0.266255 -0.127963
weights_delta matrix:
 -0.00103824 0.00935669 -0.00449683
 -0.00110813 0.00998655 -0.00479954
 -0.00154036 0.0138818 -0.00667159
 -0.00169434 0.0152695 -0.00733851
 -0.00295444 0.0266255 -0.0127963
weights matrix:
 -0.835335 -0.0121181 0.13494
 1.47333 -1.27973 -0.398862
 -1.8902 0.635972 1.4619
 -1.54081 -0.285824 1.5882
 0.655549 0.295815 -2.01129
regression_error on 'test' 0.0993115
classification_error on 'test' 0.0789474
Save,1608,0.0993115,0.0789474
sample_count 75 Sample index 61
 i 0:0.697853 i 1:0.480944 i 2:0.687702 i 3:0.682992 bias 1
 test_print 3.54949
net matrix:
 -1.57106 -0.0859749 -0.0188661
outputs matrix:
 0.0414028 0.457118 0.490568
error matrix:
 -0.0414028 0.542882 -0.490568
delta matrix:
 -0.00328644 0.269444 -0.245197
weights_delta matrix:
 -0.000229345 0.0188033 -0.0171111
 -0.000158059 0.0129588 -0.0117926
 -0.000226009 0.0185297 -0.0168622
 -0.000224461 0.0184028 -0.0167467
 -0.000328644 0.0269444 -0.0245197
weights matrix:
 -0.835564 0.00668517 0.117828
 1.47317 -1.26677 -0.410655
 -1.89043 0.654501 1.44504
 -1.54104 -0.267421 1.57145
 0.655221 0.322759 -2.0358
regression_error on 'test' 0.104343
classification_error on 'test' 0.0789474
Save,1609,0.104343,0.0789474
sample_count 75 Sample index 46
 i 0:0.928809 i 1:0.480944 i 2:0.854032 i 3:0.901998 bias 1
 test_print 4.16578
net matrix:
 -2.41684 0.0374761 0.527692
outputs matrix:
 0.0078943 0.518729 0.741807
error matrix:
 -0.0078943 -0.518729 0.258193
delta matrix:
 -0.000123656 -0.259001 0.0989028
weights_delta matrix:
 -1.14853e-05 -0.0240562 0.00918618
 -5.94717e-06 -0.0124565 0.00475667
 -1.05606e-05 -0.0221195 0.00844662
 -1.11538e-05 -0.0233618 0.00892101
 -1.23656e-05 -0.0259001 0.00989028
weights matrix:
 -0.835575 -0.017371 0.127015
 1.47316 -1.27922 -0.405898
 -1.89044 0.632382 1.45349
 -1.54105 -0.290783 1.58037
 0.655208 0.296859 -2.02591
regression_error on 'test' 0.0998296
classification_error on 'test' 0.105263
Save,1610,0.0998296,0.105263
sample_count 75 Sample index 70
 i 0:0.259036 i 1:0.622103 i 2:0.173589 i 3:0.135476 bias 1
 test_print 2.1902
net matrix:
 0.81829 -0.433069 -1.77911
outputs matrix:
 0.837069 0.296059 0.0277002
error matrix:
 0.162931 -0.296059 -0.0277002
delta matrix:
 0.0444425 -0.123402 -0.0014921
weights_delta matrix:
 0.00115122 -0.00319655 -3.86507e-05
 0.00276478 -0.00767687 -9.28238e-05
 0.000771473 -0.00214212 -2.59012e-05
 0.00060209 -0.0016718 -2.02143e-05
 0.00444425 -0.0123402 -0.00014921
weights matrix:
 -0.834424 -0.0205676 0.126976
 1.47593 -1.2869 -0.405991
 -1.88967 0.63024 1.45346
 -1.54045 -0.292455 1.58035
 0.659652 0.284519 -2.02606
regression_error on 'test' 0.0989734
classification_error on 'test' 0.0789474
Save,1611,0.0989734,0.0789474
sample_count 75 Sample index 15
 i 0:0.720948 i 1:0.410364 i 2:0.65746 i 3:0.573489 bias 1
 test_print 3.36226
net matrix:
 -1.46206 -0.011769 -0.239216
outputs matrix:
 0.0509736 0.494116 0.382622
error matrix:
 -0.0509736 0.505884 -0.382622
delta matrix:
 -0.00493172 0.252907 -0.180768
weights_delta matrix:
 -0.000355551 0.0182333 -0.0130324
 -0.00020238 0.0103784 -0.00741807
 -0.000324241 0.0166276 -0.0118848
 -0.000282829 0.0145039 -0.0103668
 -0.000493172 0.0252907 -0.0180768
weights matrix:
 -0.83478 -0.00233432 0.113944
 1.47573 -1.27652 -0.413409
 -1.88999 0.646867 1.44158
 -1.54073 -0.277951 1.56999
 0.659159 0.30981 -2.04414
regression_error on 'test' 0.10302
classification_error on 'test' 0.0789474
Save,1612,0.10302,0.0789474
sample_count 75 Sample index 53
 i 0:0.489992 i 1:0.410364 i 2:0.702823 i 3:0.938499 bias 1
 test_print 3.54168
net matrix:
 -1.91859 -0.0213962 0.328647
outputs matrix:
 0.0210994 0.489304 0.658652
error matrix:
 -0.0210994 -0.489304 0.341348
delta matrix:
 -0.000871584 -0.24454 0.15349
weights_delta matrix:
 -4.27069e-05 -0.0119823 0.00752089
 -3.57667e-05 -0.010035 0.00629868
 -6.12569e-05 -0.0171868 0.0107876
 -8.1798e-05 -0.02295 0.014405
 -8.71584e-05 -0.024454 0.015349
weights matrix:
 -0.834823 -0.0143166 0.121464
 1.47569 -1.28656 -0.407111
 -1.89005 0.629681 1.45236
 -1.54081 -0.300901 1.58439
 0.659072 0.285356 -2.02879
regression_error on 'test' 0.0990199
classification_error on 'test' 0.0789474
Save,1613,0.0990199,0.0789474
sample_count 75 Sample index 70
 i 0:0.259036 i 1:0.622103 i 2:0.173589 i 3:0.135476 bias 1
 test_print 2.1902
net matrix:
 0.82402 -0.450183 -1.78383
outputs matrix:
 0.838626 0.288975 0.0274471
error matrix:
 0.161374 -0.288975 -0.0274471
delta matrix:
 0.0436783 -0.118751 -0.00146534
weights_delta matrix:
 0.00113143 -0.00307607 -3.79575e-05
 0.00271724 -0.00738751 -9.11591e-05
 0.000758207 -0.00206138 -2.54366e-05
 0.000591736 -0.00160879 -1.98518e-05
 0.00436783 -0.0118751 -0.000146534
weights matrix:
 -0.833691 -0.0173926 0.121426
 1.47841 -1.29394 -0.407202
 -1.88929 0.627619 1.45234
 -1.54022 -0.30251 1.58437
 0.66344 0.273481 -2.02894
regression_error on 'test' 0.098258
classification_error on 'test' 0.0789474
Save,1614,0.098258,0.0789474
sample_count 75 Sample index 23
 i 0:0.975 i 1:0.763262 i 2:0.899395 i 3:0.792495 bias 1
 test_print 4.43015
net matrix:
 -1.94083 -0.406356 0.340485
outputs matrix:
 0.0202 0.307313 0.663955
error matrix:
 -0.0202 -0.307313 0.336045
delta matrix:
 -0.000799595 -0.130836 0.149956
weights_delta matrix:
 -7.79605e-05 -0.0127566 0.0146207
 -6.103e-05 -0.00998625 0.0114456
 -7.19152e-05 -0.0117674 0.013487
 -6.33675e-05 -0.0103687 0.0118839
 -7.99595e-05 -0.0130836 0.0149956
weights matrix:
 -0.833769 -0.0301492 0.136047
 1.47835 -1.30393 -0.395756
 -1.88936 0.615852 1.46583
 -1.54028 -0.312878 1.59626
 0.66336 0.260397 -2.01394
regression_error on 'test' 0.09571
classification_error on 'test' 0.0789474
Save,1615,0.09571,0.0789474
sample_count 75 Sample index 39
 i 0:0.397609 i 1:0.622103 i 2:0.18871 i 3:0.135476 bias 1
 test_print 2.3439
net matrix:
 0.686317 -0.48894 -1.71318
outputs matrix:
 0.797805 0.273313 0.0314817
error matrix:
 0.202195 -0.273313 -0.0314817
delta matrix:
 0.0652329 -0.108567 -0.0019198
weights_delta matrix:
 0.00259372 -0.00431671 -7.63329e-05
 0.00405816 -0.00675397 -0.000119431
 0.00123101 -0.00204876 -3.62285e-05
 0.000883749 -0.00147082 -2.60087e-05
 0.00652329 -0.0108567 -0.00019198
weights matrix:
 -0.831175 -0.0344659 0.135971
 1.48241 -1.31068 -0.395876
 -1.88813 0.613803 1.46579
 -1.5394 -0.314349 1.59623
 0.669883 0.24954 -2.01413
regression_error on 'test' 0.0951152
classification_error on 'test' 0.0789474
Save,1616,0.0951152,0.0789474
sample_count 75 Sample index 5
 i 0:0.536183 i 1:0.198626 i 2:0.687702 i 3:0.60999 bias 1
 test_print 3.0325
net matrix:
 -1.71883 0.201088 -0.0381494
outputs matrix:
 0.0311392 0.59921 0.480935
error matrix:
 -0.0311392 -0.59921 0.519065
delta matrix:
 -0.00187892 -0.287809 0.259155
weights_delta matrix:
 -0.000100744 -0.0154319 0.0138955
 -3.73201e-05 -0.00571664 0.0051475
 -0.000129213 -0.0197927 0.0178222
 -0.000114612 -0.0175561 0.0158082
 -0.000187892 -0.0287809 0.0259155
weights matrix:
 -0.831276 -0.0498978 0.149866
 1.48237 -1.3164 -0.390728
 -1.88826 0.59401 1.48361
 -1.53951 -0.331905 1.61204
 0.669695 0.220759 -1.98822
regression_error on 'test' 0.092416
classification_error on 'test' 0.157895
Save,1617,0.092416,0.157895
sample_count 75 Sample index 70
 i 0:0.259036 i 1:0.622103 i 2:0.173589 i 3:0.135476 bias 1
 test_print 2.1902
net matrix:
 0.840202 -0.552955 -1.71654
outputs matrix:
 0.842958 0.248634 0.0312775
error matrix:
 0.157042 -0.248634 -0.0312775
delta matrix:
 0.0415784 -0.0928973 -0.00189536
weights_delta matrix:
 0.00107703 -0.00240638 -4.90967e-05
 0.00258661 -0.00577917 -0.000117911
 0.000721755 -0.0016126 -3.29014e-05
 0.000563288 -0.00125854 -2.56776e-05
 0.00415784 -0.00928973 -0.000189536
weights matrix:
 -0.830199 -0.0523041 0.149817
 1.48495 -1.32218 -0.390846
 -1.88754 0.592398 1.48358
 -1.53895 -0.333164 1.61201
 0.673853 0.21147 -1.98841
regression_error on 'test' 0.0921127
classification_error on 'test' 0.157895
Save,1618,0.0921127,0.157895
sample_count 75 Sample index 25
 i 0:0.628566 i 1:0.410364 i 2:0.778427 i 3:0.865497 bias 1
 test_print 3.68285
net matrix:
 -2.03988 -0.191196 0.495423
outputs matrix:
 0.0166303 0.40555 0.729255
error matrix:
 -0.0166303 -0.40555 0.270745
delta matrix:
 -0.000543934 -0.195539 0.106913
weights_delta matrix:
 -3.41898e-05 -0.0122909 0.00672019
 -2.23211e-05 -0.00802423 0.00438733
 -4.23413e-05 -0.0152213 0.0083224
 -4.70773e-05 -0.0169239 0.00925329
 -5.43934e-05 -0.0195539 0.0106913
weights matrix:
 -0.830233 -0.0645951 0.156537
 1.48493 -1.33021 -0.386459
 -1.88758 0.577176 1.4919
 -1.539 -0.350088 1.62127
 0.673799 0.191916 -1.97772
regression_error on 'test' 0.0909298
classification_error on 'test' 0.157895
Save,1619,0.0909298,0.157895
sample_count 75 Sample index 6
 i 0:0.305227 i 1:0.657392 i 2:0.128226 i 3:0.171977 bias 1
 test_print 2.26282
net matrix:
 0.889862 -0.688465 -1.71387
outputs matrix:
 0.855663 0.201503 0.0314396
error matrix:
 0.144337 -0.201503 -0.0314396
delta matrix:
 0.0356524 -0.0648433 -0.00191474
weights_delta matrix:
 0.00108821 -0.00197919 -5.84431e-05
 0.00234376 -0.00426275 -0.000125874
 0.000457156 -0.00083146 -2.4552e-05
 0.000613139 -0.00111516 -3.29291e-05
 0.00356524 -0.00648433 -0.000191474
weights matrix:
 -0.829145 -0.0665743 0.156479
 1.48728 -1.33447 -0.386585
 -1.88713 0.576345 1.49188
 -1.53838 -0.351203 1.62123
 0.677364 0.185431 -1.97791
regression_error on 'test' 0.0907957
classification_error on 'test' 0.157895
Save,1620,0.0907957,0.157895
sample_count 75 Sample index 13
 i 0:0.420705 i 1:0.269205 i 2:0.491129 i 3:0.427485 bias 1
 test_print 2.60852
net matrix:
 -0.855538 -0.0688963 -0.590391
outputs matrix:
 0.153024 0.465606 0.234912
error matrix:
 -0.153024 0.534394 -0.234912
delta matrix:
 -0.0396663 0.265933 -0.0844405
weights_delta matrix:
 -0.00166878 0.0111879 -0.00355245
 -0.00106784 0.00715904 -0.00227318
 -0.00194812 0.0130607 -0.00414712
 -0.00169567 0.0113682 -0.0036097
 -0.00396663 0.0265933 -0.00844405
weights matrix:
 -0.830814 -0.0553864 0.152927
 1.48621 -1.32731 -0.388858
 -1.88907 0.589406 1.48773
 -1.54008 -0.339835 1.61762
 0.673397 0.212025 -1.98635
regression_error on 'test' 0.0917207
classification_error on 'test' 0.157895
Save,1621,0.0917207,0.157895
sample_count 75 Sample index 54
 i 0:0.305227 i 1:0.622103 i 2:0.158468 i 3:0.135476 bias 1
 test_print 2.22127
net matrix:
 0.836383 -0.583241 -1.72668
outputs matrix:
 0.841944 0.237491 0.0306689
error matrix:
 0.158056 -0.237491 -0.0306689
delta matrix:
 0.0420662 -0.0860143 -0.00182347
weights_delta matrix:
 0.00128397 -0.00262539 -5.56573e-05
 0.00261695 -0.00535098 -0.000113439
 0.000666615 -0.00136305 -2.88962e-05
 0.000569896 -0.00116529 -2.47037e-05
 0.00420662 -0.00860143 -0.000182347
weights matrix:
 -0.82953 -0.0580117 0.152871
 1.48883 -1.33266 -0.388971
 -1.88841 0.588043 1.4877
 -1.53951 -0.341 1.6176
 0.677604 0.203423 -1.98654
regression_error on 'test' 0.0914804
classification_error on 'test' 0.157895
Save,1622,0.0914804,0.157895
sample_count 75 Sample index 53
 i 0:0.489992 i 1:0.410364 i 2:0.702823 i 3:0.938499 bias 1
 test_print 3.54168
net matrix:
 -1.88994 -0.278616 0.492456
outputs matrix:
 0.0223159 0.364188 0.728082
error matrix:
 -0.0223159 -0.364188 0.271918
delta matrix:
 -0.00097377 -0.168659 0.107668
weights_delta matrix:
 -4.7714e-05 -0.00826417 0.00527565
 -3.996e-05 -0.00692117 0.00441831
 -6.84388e-05 -0.0118538 0.00756716
 -9.13882e-05 -0.0158287 0.0101046
 -9.7377e-05 -0.0168659 0.0107668
weights matrix:
 -0.829578 -0.0662759 0.158147
 1.48879 -1.33958 -0.384553
 -1.88848 0.576189 1.49527
 -1.5396 -0.356829 1.6277
 0.677507 0.186557 -1.97577
regression_error on 'test' 0.0905812
classification_error on 'test' 0.157895
Save,1623,0.0905812,0.157895
sample_count 75 Sample index 32
 i 0:0.697853 i 1:0.516233 i 2:0.642339 i 3:0.60999 bias 1
 test_print 3.46642
net matrix:
 -1.28504 -0.398783 -0.110572
outputs matrix:
 0.071089 0.310547 0.444938
error matrix:
 -0.071089 0.689453 -0.444938
delta matrix:
 -0.00938878 0.295234 -0.219771
weights_delta matrix:
 -0.000655199 0.020603 -0.0153368
 -0.00048468 0.015241 -0.0113453
 -0.000603078 0.018964 -0.0141168
 -0.000572706 0.018009 -0.0134058
 -0.000938878 0.0295234 -0.0219771
weights matrix:
 -0.830233 -0.0456729 0.14281
 1.4883 -1.32434 -0.395898
 -1.88908 0.595153 1.48115
 -1.54017 -0.33882 1.6143
 0.676568 0.216081 -1.99775
regression_error on 'test' 0.0923771
classification_error on 'test' 0.184211
Save,1624,0.0923771,0.184211
sample_count 75 Sample index 17
 i 0:0.443801 i 1:0.304495 i 2:0.521371 i 3:0.463986 bias 1
 test_print 2.73365
net matrix:
 -0.938241 -0.0543559 -0.533675
outputs matrix:
 0.132794 0.472849 0.255908
error matrix:
 -0.132794 0.527151 -0.255908
delta matrix:
 -0.0305848 0.262798 -0.0974593
weights_delta matrix:
 -0.00135736 0.011663 -0.00432525
 -0.000931293 0.00800208 -0.00296759
 -0.0015946 0.0137015 -0.00508124
 -0.00141909 0.0121935 -0.00452197
 -0.00305848 0.0262798 -0.00974593
weights matrix:
 -0.83159 -0.0340099 0.138484
 1.48737 -1.31634 -0.398866
 -1.89067 0.608854 1.47607
 -1.54159 -0.326626 1.60978
 0.673509 0.242361 -2.00749
regression_error on 'test' 0.0939377
classification_error on 'test' 0.0789474
Save,1625,0.0939377,0.0789474
sample_count 75 Sample index 53
 i 0:0.489992 i 1:0.410364 i 2:0.702823 i 3:0.938499 bias 1
 test_print 3.54168
net matrix:
 -1.89919 -0.193103 0.444874
outputs matrix:
 0.0219158 0.404631 0.708838
error matrix:
 -0.0219158 -0.404631 0.291162
delta matrix:
 -0.000939553 -0.194955 0.120184
weights_delta matrix:
 -4.60374e-05 -0.00955264 0.00588892
 -3.85559e-05 -0.00800025 0.00493192
 -6.6034e-05 -0.0137019 0.0084468
 -8.8177e-05 -0.0182965 0.0112793
 -9.39553e-05 -0.0194955 0.0120184
weights matrix:
 -0.831636 -0.0435625 0.144373
 1.48733 -1.32434 -0.393934
 -1.89074 0.595153 1.48452
 -1.54168 -0.344923 1.62105
 0.673415 0.222865 -1.99547
regression_error on 'test' 0.0922379
classification_error on 'test' 0.157895
Save,1626,0.0922379,0.157895
sample_count 75 Sample index 46
 i 0:0.928809 i 1:0.480944 i 2:0.854032 i 3:0.901998 bias 1
 test_print 4.16578
net matrix:
 -2.38904 -0.257369 0.679175
outputs matrix:
 0.00834197 0.374084 0.795492
error matrix:
 -0.00834197 -0.374084 0.204508
delta matrix:
 -0.000138016 -0.17518 0.0665408
weights_delta matrix:
 -1.2819e-05 -0.0162708 0.00618037
 -6.63779e-06 -0.00842516 0.00320024
 -1.1787e-05 -0.0149609 0.0056828
 -1.2449e-05 -0.0158012 0.00600197
 -1.38016e-05 -0.017518 0.00665408
weights matrix:
 -0.831649 -0.0598334 0.150554
 1.48732 -1.33276 -0.390734
 -1.89075 0.580192 1.4902
 -1.54169 -0.360724 1.62706
 0.673402 0.205347 -1.98882
regression_error on 'test' 0.0910892
classification_error on 'test' 0.157895
Save,1627,0.0910892,0.157895
sample_count 75 Sample index 56
 i 0:0.328323 i 1:0.727972 i 2:0.158468 i 3:0.208478 bias 1
 test_print 2.42324
net matrix:
 0.862049 -0.767773 -1.64848
outputs matrix:
 0.848656 0.177184 0.0356758
error matrix:
 0.151344 -0.177184 -0.0356758
delta matrix:
 0.0388769 -0.0516631 -0.00245471
weights_delta matrix:
 0.00127642 -0.00169622 -8.05939e-05
 0.00283013 -0.00376093 -0.000178696
 0.000616075 -0.000818695 -3.88994e-05
 0.000810498 -0.00107706 -5.11754e-05
 0.00388769 -0.00516631 -0.000245471
weights matrix:
 -0.830373 -0.0615296 0.150473
 1.49015 -1.33652 -0.390912
 -1.89014 0.579373 1.49016
 -1.54088 -0.361801 1.62701
 0.677289 0.200181 -1.98906
regression_error on 'test' 0.0909585
classification_error on 'test' 0.157895
Save,1628,0.0909585,0.157895
sample_count 75 Sample index 37
 i 0:0.720948 i 1:0.551523 i 2:0.82379 i 3:0.901998 bias 1
 test_print 3.99826
net matrix:
 -2.04646 -0.430365 0.598957
outputs matrix:
 0.0164164 0.297187 0.768154
error matrix:
 -0.0164164 -0.297187 0.231846
delta matrix:
 -0.000530148 -0.124145 0.0825808
weights_delta matrix:
 -3.82209e-05 -0.00895021 0.00595364
 -2.92389e-05 -0.00684688 0.00455452
 -4.36731e-05 -0.0102269 0.00680292
 -4.78193e-05 -0.0111979 0.00744877
 -5.30148e-05 -0.0124145 0.00825808
weights matrix:
 -0.830411 -0.0704798 0.156427
 1.49013 -1.34337 -0.386358
 -1.89018 0.569146 1.49696
 -1.54093 -0.372999 1.63445
 0.677236 0.187766 -1.98081
regression_error on 'test' 0.0903106
classification_error on 'test' 0.157895
Save,1629,0.0903106,0.157895
sample_count 75 Sample index 22
 i 0:0.305227 i 1:0.233915 i 2:0.430645 i 3:0.427485 bias 1
 test_print 2.39727
net matrix:
 -0.700386 -0.0623322 -0.680071
outputs matrix:
 0.197694 0.468874 0.204217
error matrix:
 -0.197694 0.531126 -0.204217
delta matrix:
 -0.0627126 0.264534 -0.0663758
weights_delta matrix:
 -0.00191416 0.00807428 -0.00202597
 -0.00146694 0.00618784 -0.00155263
 -0.00270069 0.011392 -0.00285844
 -0.00268087 0.0113084 -0.00283746
 -0.00627126 0.0264534 -0.00663758
weights matrix:
 -0.832325 -0.0624055 0.154401
 1.48866 -1.33718 -0.38791
 -1.89288 0.580538 1.49411
 -1.54361 -0.36169 1.63162
 0.670965 0.21422 -1.98744
regression_error on 'test' 0.0909763
classification_error on 'test' 0.157895
Save,1630,0.0909763,0.157895
sample_count 75 Sample index 8
 i 0:0.489992 i 1:0.375074 i 2:0.702823 i 3:0.755994 bias 1
 test_print 3.32388
net matrix:
 -1.67583 -0.183321 0.2263
outputs matrix:
 0.0338407 0.409352 0.611257
error matrix:
 -0.0338407 -0.409352 0.388743
delta matrix:
 -0.00221288 -0.197949 0.184747
weights_delta matrix:
 -0.000108429 -0.00969934 0.00905248
 -8.29993e-05 -0.00742455 0.0069294
 -0.000155526 -0.0139123 0.0129845
 -0.000167292 -0.0149648 0.0139668
 -0.000221288 -0.0197949 0.0184747
weights matrix:
 -0.832433 -0.0721049 0.163453
 1.48858 -1.34461 -0.380981
 -1.89304 0.566626 1.50709
 -1.54378 -0.376655 1.64558
 0.670744 0.194425 -1.96897
regression_error on 'test' 0.0900353
classification_error on 'test' 0.157895
Save,1631,0.0900353,0.157895
sample_count 75 Sample index 11
 i 0:0.536183 i 1:0.198626 i 2:0.536492 i 3:0.427485 bias 1
 test_print 2.69879
net matrix:
 -1.15546 0.0316651 -0.444997
outputs matrix:
 0.0902219 0.515827 0.291111
error matrix:
 -0.0902219 0.484173 -0.291111
delta matrix:
 -0.0148112 0.241844 -0.120151
weights_delta matrix:
 -0.00079415 0.0129673 -0.00644227
 -0.000294188 0.00480365 -0.0023865
 -0.000794607 0.0129747 -0.00644598
 -0.000633155 0.0103385 -0.00513625
 -0.00148112 0.0241844 -0.0120151
weights matrix:
 -0.833228 -0.0591376 0.157011
 1.48828 -1.3398 -0.383368
 -1.89383 0.5796 1.50064
 -1.54441 -0.366317 1.64045
 0.669263 0.218609 -1.98098
regression_error on 'test' 0.0907559
classification_error on 'test' 0.157895
Save,1632,0.0907559,0.157895
sample_count 75 Sample index 24
 i 0:0.466896 i 1:0.445654 i 2:0.566734 i 3:0.536988 bias 1
 test_print 3.01627
net matrix:
 -0.959139 -0.274319 -0.347159
outputs matrix:
 0.128054 0.36618 0.333073
error matrix:
 -0.128054 0.63382 -0.333073
delta matrix:
 -0.0285959 0.294209 -0.147975
weights_delta matrix:
 -0.00133513 0.0137365 -0.00690888
 -0.00127439 0.0131116 -0.00659455
 -0.00162063 0.0166738 -0.00838623
 -0.00153557 0.0157987 -0.00794606
 -0.00285959 0.0294209 -0.0147975
weights matrix:
 -0.834563 -0.0454011 0.150102
 1.48701 -1.32669 -0.389962
 -1.89545 0.596274 1.49226
 -1.54595 -0.350518 1.6325
 0.666403 0.24803 -1.99578
regression_error on 'test' 0.092282
classification_error on 'test' 0.184211
Save,1633,0.092282,0.184211
sample_count 75 Sample index 12
 i 0:0.166653 i 1:0.480944 i 2:0.128226 i 3:0.135476 bias 1
 test_print 1.9113
net matrix:
 0.790002 -0.36863 -1.74581
outputs matrix:
 0.829205 0.323604 0.0295519
error matrix:
 0.170795 -0.323604 -0.0295519
delta matrix:
 0.0483773 -0.141664 -0.00169501
weights_delta matrix:
 0.000806221 -0.00236087 -2.82478e-05
 0.00232668 -0.00681322 -8.15204e-05
 0.000620322 -0.00181649 -2.17344e-05
 0.000655396 -0.0019192 -2.29633e-05
 0.00483773 -0.0141664 -0.000169501
weights matrix:
 -0.833756 -0.0477619 0.150074
 1.48933 -1.33351 -0.390044
 -1.89483 0.594458 1.49224
 -1.54529 -0.352437 1.63248
 0.671241 0.233864 -1.99595
regression_error on 'test' 0.0918378
classification_error on 'test' 0.157895
Save,1634,0.0918378,0.157895
sample_count 75 Sample index 27
 i 0:0.328323 i 1:0.622103 i 2:0.158468 i 3:0.135476 bias 1
 test_print 2.24437
net matrix:
 0.814398 -0.56494 -1.73169
outputs matrix:
 0.836005 0.244183 0.0303722
error matrix:
 0.163995 -0.244183 -0.0303722
delta matrix:
 0.0449678 -0.0901319 -0.00178891
weights_delta matrix:
 0.0014764 -0.00295924 -5.87339e-05
 0.00279746 -0.00560713 -0.000111288
 0.000712596 -0.0014283 -2.83484e-05
 0.000609206 -0.00122107 -2.42354e-05
 0.00449678 -0.00901319 -0.000178891
weights matrix:
 -0.83228 -0.0507212 0.150015
 1.49213 -1.33911 -0.390155
 -1.89412 0.59303 1.49221
 -1.54468 -0.353658 1.63245
 0.675737 0.224851 -1.99613
regression_error on 'test' 0.0915465
classification_error on 'test' 0.157895
Save,1635,0.0915465,0.157895
sample_count 75 Sample index 9
 i 0:0.351418 i 1:0.375074 i 2:0.521371 i 3:0.573489 bias 1
 test_print 2.82135
net matrix:
 -0.930479 -0.188871 -0.375561
outputs matrix:
 0.134592 0.406672 0.320577
error matrix:
 -0.134592 0.593328 -0.320577
delta matrix:
 -0.0313535 0.286328 -0.139648
weights_delta matrix:
 -0.00110182 0.0100621 -0.00490748
 -0.00117599 0.0107394 -0.00523784
 -0.00163468 0.0149283 -0.00728085
 -0.00179809 0.0164206 -0.00800866
 -0.00313535 0.0286328 -0.0139648
weights matrix:
 -0.833382 -0.0406591 0.145108
 1.49095 -1.32837 -0.395393
 -1.89575 0.607958 1.48493
 -1.54648 -0.337238 1.62445
 0.672602 0.253483 -2.01009
regression_error on 'test' 0.0932599
classification_error on 'test' 0.105263
Save,1636,0.0932599,0.105263
sample_count 75 Sample index 28
 i 0:0.305227 i 1:0.551523 i 2:0.113105 i 3:0.135476 bias 1
 test_print 2.10533
net matrix:
 0.816597 -0.46848 -1.79585
outputs matrix:
 0.836607 0.281515 0.0268129
error matrix:
 0.163393 -0.281515 -0.0268129
delta matrix:
 0.0446704 -0.113881 -0.00139931
weights_delta matrix:
 0.00136346 -0.00347595 -4.27108e-05
 0.00246367 -0.00628079 -7.71753e-05
 0.000505244 -0.00128805 -1.58269e-05
 0.000605177 -0.00154281 -1.89573e-05
 0.00446704 -0.0113881 -0.000139931
weights matrix:
 -0.832018 -0.044135 0.145065
 1.49342 -1.33465 -0.39547
 -1.89525 0.60667 1.48491
 -1.54588 -0.338781 1.62443
 0.677069 0.242095 -2.01023
regression_error on 'test' 0.092816
classification_error on 'test' 0.157895
Save,1637,0.092816,0.157895
sample_count 75 Sample index 55
 i 0:0.628566 i 1:0.551523 i 2:0.612097 i 3:0.60999 bias 1
 test_print 3.40218
net matrix:
 -1.1253 -0.357051 -0.237369
outputs matrix:
 0.0952978 0.328693 0.383495
error matrix:
 -0.0952978 0.671307 -0.383495
delta matrix:
 -0.0164324 0.296253 -0.181337
weights_delta matrix:
 -0.00103289 0.0186215 -0.0113982
 -0.000906286 0.016339 -0.0100012
 -0.00100582 0.0181336 -0.0110996
 -0.00100236 0.0180711 -0.0110614
 -0.00164324 0.0296253 -0.0181337
weights matrix:
 -0.833051 -0.0255136 0.133667
 1.49251 -1.31832 -0.405471
 -1.89625 0.624803 1.47381
 -1.54688 -0.320709 1.61336
 0.675426 0.271721 -2.02837
regression_error on 'test' 0.0956722
classification_error on 'test' 0.0789474
Save,1638,0.0956722,0.0789474
sample_count 75 Sample index 18
 i 0:0.513088 i 1:0.480944 i 2:0.566734 i 3:0.60999 bias 1
 test_print 3.17076
net matrix:
 -1.05244 -0.216938 -0.335399
outputs matrix:
 0.108623 0.393201 0.338318
error matrix:
 -0.108623 0.606799 -0.338318
delta matrix:
 -0.0210348 0.289557 -0.151471
weights_delta matrix:
 -0.00107927 0.0148568 -0.0077718
 -0.00101166 0.0139261 -0.00728491
 -0.00119211 0.0164102 -0.00858438
 -0.0012831 0.0176627 -0.00923959
 -0.00210348 0.0289557 -0.0151471
weights matrix:
 -0.834131 -0.0106568 0.125895
 1.4915 -1.30439 -0.412756
 -1.89745 0.641214 1.46523
 -1.54816 -0.303047 1.60413
 0.673322 0.300676 -2.04352
regression_error on 'test' 0.0990003
classification_error on 'test' 0.105263
Save,1639,0.0990003,0.105263
sample_count 75 Sample index 66
 i 0:0.60547 i 1:0.304495 i 2:0.672581 i 3:0.60999 bias 1
 test_print 3.19254
net matrix:
 -1.59811 0.143457 -0.128988
outputs matrix:
 0.039308 0.57124 0.435861
error matrix:
 -0.039308 0.42876 -0.435861
delta matrix:
 -0.00296876 0.210028 -0.214345
weights_delta matrix:
 -0.00017975 0.0127166 -0.0129779
 -9.03973e-05 0.00639524 -0.00652669
 -0.000199673 0.0141261 -0.0144164
 -0.000181092 0.0128115 -0.0130748
 -0.000296876 0.0210028 -0.0214345
weights matrix:
 -0.83431 0.00205979 0.112917
 1.49141 -1.29799 -0.419283
 -1.89764 0.65534 1.45081
 -1.54834 -0.290235 1.59105
 0.673026 0.321679 -2.06495
regression_error on 'test' 0.102753
classification_error on 'test' 0.0789474
Save,1640,0.102753,0.0789474
sample_count 75 Sample index 26
 i 0:0.489992 i 1:0.339785 i 2:0.536492 i 3:0.500487 bias 1
 test_print 2.86676
net matrix:
 -1.02202 0.087975 -0.577439
outputs matrix:
 0.114656 0.543874 0.239599
error matrix:
 -0.114656 0.456126 -0.239599
delta matrix:
 -0.0232776 0.226307 -0.0873058
weights_delta matrix:
 -0.00114058 0.0110889 -0.00427792
 -0.000790938 0.00768956 -0.00296652
 -0.00124882 0.0121412 -0.00468389
 -0.00116501 0.0113264 -0.00436954
 -0.00232776 0.0226307 -0.00873058
weights matrix:
 -0.835451 0.0131486 0.108639
 1.49062 -1.2903 -0.422249
 -1.89889 0.667481 1.44613
 -1.54951 -0.278909 1.58668
 0.670698 0.34431 -2.07368
regression_error on 'test' 0.10588
classification_error on 'test' 0.131579
Save,1641,0.10588,0.131579
sample_count 75 Sample index 14
 i 0:0.697853 i 1:0.516233 i 2:0.778427 i 3:0.938499 bias 1
 test_print 3.93101
net matrix:
 -2.07518 -0.0547827 0.398957
outputs matrix:
 0.0155143 0.472636 0.689528
error matrix:
 -0.0155143 -0.472636 0.310472
delta matrix:
 -0.000473917 -0.23561 0.132931
weights_delta matrix:
 -3.30724e-05 -0.0164421 0.00927663
 -2.44651e-05 -0.012163 0.00686234
 -3.6891e-05 -0.0183405 0.0103477
 -4.4477e-05 -0.022112 0.0124756
 -4.73917e-05 -0.023561 0.0132931
weights matrix:
 -0.835484 -0.00329348 0.117916
 1.49059 -1.30247 -0.415387
 -1.89893 0.64914 1.45647
 -1.54955 -0.301021 1.59916
 0.67065 0.320749 -2.06039
regression_error on 'test' 0.10129
classification_error on 'test' 0.0526316
Save,1642,0.10129,0.0526316
sample_count 75 Sample index 7
 i 0:0.651661 i 1:0.410364 i 2:0.627218 i 3:0.60999 bias 1
 test_print 3.29923
net matrix:
 -1.39837 0.00764957 -0.26501
outputs matrix:
 0.0575005 0.503825 0.370512
error matrix:
 -0.0575005 0.496175 -0.370512
delta matrix:
 -0.00623239 0.248073 -0.172831
weights_delta matrix:
 -0.00040614 0.016166 -0.0112627
 -0.000255755 0.01018 -0.00709238
 -0.000390907 0.0155596 -0.0108403
 -0.000380169 0.0151322 -0.0105425
 -0.000623239 0.0248073 -0.0172831
weights matrix:
 -0.83589 0.0128725 0.106653
 1.49034 -1.29229 -0.422479
 -1.89932 0.6647 1.44563
 -1.54993 -0.285889 1.58861
 0.670027 0.345556 -2.07767
regression_error on 'test' 0.105665
classification_error on 'test' 0.105263
Save,1643,0.105665,0.105263
sample_count 75 Sample index 4
 i 0:0.212844 i 1:0.516233 i 2:0.158468 i 3:0.135476 bias 1
 test_print 2.02302
net matrix:
 0.750515 -0.252223 -1.82876
outputs matrix:
 0.817728 0.376496 0.0251476
error matrix:
 0.182272 -0.376496 -0.0251476
delta matrix:
 0.0543349 -0.176763 -0.001233
weights_delta matrix:
 0.00115649 -0.00376229 -2.62436e-05
 0.00280495 -0.00912508 -6.36513e-05
 0.000861035 -0.00280112 -1.9539e-05
 0.000736108 -0.00239471 -1.67041e-05
 0.00543349 -0.0176763 -0.0001233
weights matrix:
 -0.834734 0.00911018 0.106627
 1.49314 -1.30141 -0.422543
 -1.89846 0.661899 1.44561
 -1.5492 -0.288283 1.5886
 0.675461 0.32788 -2.07779
regression_error on 'test' 0.104212
classification_error on 'test' 0.0789474
Save,1644,0.104212,0.0789474
sample_count 75 Sample index 61
 i 0:0.697853 i 1:0.480944 i 2:0.687702 i 3:0.682992 bias 1
 test_print 3.54949
net matrix:
 -1.55261 -0.0333752 -0.127452
outputs matrix:
 0.0428927 0.483319 0.436617
error matrix:
 -0.0428927 0.516681 -0.436617
delta matrix:
 -0.00352175 0.258053 -0.2148
weights_delta matrix:
 -0.000245766 0.0180083 -0.0149899
 -0.000169376 0.0124109 -0.0103307
 -0.000242191 0.0177464 -0.0147719
 -0.000240533 0.0176248 -0.0146707
 -0.000352175 0.0258053 -0.02148
weights matrix:
 -0.834979 0.0271185 0.0916369
 1.49297 -1.289 -0.432874
 -1.8987 0.679645 1.43084
 -1.54944 -0.270659 1.57393
 0.675109 0.353685 -2.09927
regression_error on 'test' 0.110004
classification_error on 'test' 0.157895
Save,1645,0.110004,0.157895
sample_count 75 Sample index 7
 i 0:0.651661 i 1:0.410364 i 2:0.627218 i 3:0.60999 bias 1
 test_print 3.29923
net matrix:
 -1.39239 0.103584 -0.359664
outputs matrix:
 0.0581518 0.551608 0.327541
error matrix:
 -0.0581518 0.448392 -0.327541
delta matrix:
 -0.00636996 0.221808 -0.144287
weights_delta matrix:
 -0.000415106 0.0144543 -0.00940263
 -0.0002614 0.00910219 -0.00592102
 -0.000399535 0.0139122 -0.00904994
 -0.000388561 0.0135301 -0.00880137
 -0.000636996 0.0221808 -0.0144287
weights matrix:
 -0.835394 0.0415728 0.0822342
 1.49271 -1.2799 -0.438795
 -1.8991 0.693557 1.42179
 -1.54983 -0.257128 1.56513
 0.674472 0.375866 -2.1137
regression_error on 'test' 0.114891
classification_error on 'test' 0.184211
Save,1646,0.114891,0.184211
sample_count 75 Sample index 21
 i 0:0.836426 i 1:0.445654 i 2:0.884274 i 3:0.719493 bias 1
 test_print 3.88585
net matrix:
 -2.15346 0.268539 0.142881
outputs matrix:
 0.0132959 0.631132 0.570958
error matrix:
 -0.0132959 -0.631132 0.429042
delta matrix:
 -0.000348862 -0.293861 0.2102
weights_delta matrix:
 -2.91797e-05 -0.0245793 0.0175817
 -1.55472e-05 -0.013096 0.00936767
 -3.0849e-05 -0.0259853 0.0185875
 -2.51004e-05 -0.0211431 0.0151238
 -3.48862e-05 -0.0293861 0.02102
weights matrix:
 -0.835424 0.0169936 0.0998159
 1.4927 -1.293 -0.429427
 -1.89913 0.667572 1.44038
 -1.54985 -0.278272 1.58025
 0.674437 0.34648 -2.09268
regression_error on 'test' 0.107381
classification_error on 'test' 0.131579
Save,1647,0.107381,0.131579
sample_count 75 Sample index 66
 i 0:0.60547 i 1:0.304495 i 2:0.672581 i 3:0.60999 bias 1
 test_print 3.19254
net matrix:
 -1.59958 0.242312 -0.230297
outputs matrix:
 0.0391971 0.618839 0.386845
error matrix:
 -0.0391971 0.381161 -0.386845
delta matrix:
 -0.00295238 0.179814 -0.183516
weights_delta matrix:
 -0.000178758 0.0108872 -0.0111114
 -8.98986e-05 0.00547526 -0.00558797
 -0.000198572 0.012094 -0.0123429
 -0.000180092 0.0109685 -0.0111943
 -0.000295238 0.0179814 -0.0183516
weights matrix:
 -0.835602 0.0278808 0.0887046
 1.49261 -1.28752 -0.435015
 -1.89933 0.679666 1.42804
 -1.55003 -0.267303 1.56905
 0.674141 0.364461 -2.11103
regression_error on 'test' 0.111709
classification_error on 'test' 0.157895
Save,1648,0.111709,0.157895
sample_count 75 Sample index 2
 i 0:0.466896 i 1:0.480944 i 2:0.566734 i 3:0.500487 bias 1
 test_print 3.01506
net matrix:
 -0.850324 0.00966176 -0.684227
outputs matrix:
 0.154381 0.504831 0.20287
error matrix:
 -0.154381 0.495169 -0.20287
delta matrix:
 -0.040308 0.247562 -0.0656135
weights_delta matrix:
 -0.00188196 0.0115585 -0.00306347
 -0.00193859 0.0119063 -0.00315564
 -0.00228439 0.0140302 -0.00371854
 -0.00201736 0.0123901 -0.00328387
 -0.0040308 0.0247562 -0.00656135
weights matrix:
 -0.837484 0.0394394 0.0856411
 1.49067 -1.27561 -0.438171
 -1.90162 0.693696 1.42432
 -1.55205 -0.254913 1.56577
 0.670111 0.389217 -2.1176
regression_error on 'test' 0.115899
classification_error on 'test' 0.210526
Save,1649,0.115899,0.210526
sample_count 75 Sample index 46
 i 0:0.928809 i 1:0.480944 i 2:0.854032 i 3:0.901998 bias 1
 test_print 4.16578
net matrix:
 -2.41481 0.174858 0.379949
outputs matrix:
 0.00792623 0.586549 0.681332
error matrix:
 -0.00792623 -0.586549 0.318668
delta matrix:
 -0.000124654 -0.284487 0.138378
weights_delta matrix:
 -1.1578e-05 -0.0264234 0.0128527
 -5.99518e-06 -0.0136822 0.0066552
 -1.06459e-05 -0.0242961 0.0118179
 -1.12438e-05 -0.0256607 0.0124816
 -1.24654e-05 -0.0284487 0.0138378
weights matrix:
 -0.837496 0.0130159 0.0984938
 1.49066 -1.2893 -0.431515
 -1.90163 0.6694 1.43614
 -1.55206 -0.280574 1.57825
 0.670098 0.360769 -2.10376
regression_error on 'test' 0.10882
classification_error on 'test' 0.131579
Save,1650,0.10882,0.131579
sample_count 75 Sample index 50
 i 0:0.489992 i 1:0.833841 i 2:0.113105 i 3:0.135476 bias 1
 test_print 2.57241
net matrix:
 1.07736 -0.67022 -2.03906
outputs matrix:
 0.896109 0.207438 0.016657
error matrix:
 0.103891 -0.207438 -0.016657
delta matrix:
 0.0193442 -0.0682086 -0.000545671
weights_delta matrix:
 0.00094785 -0.00334217 -2.67375e-05
 0.001613 -0.00568751 -4.55003e-05
 0.000218792 -0.000771473 -6.17181e-06
 0.000262067 -0.000924062 -7.39253e-06
 0.00193442 -0.00682086 -5.45671e-05
weights matrix:
 -0.836548 0.00967377 0.098467
 1.49228 -1.29498 -0.431561
 -1.90141 0.668628 1.43613
 -1.5518 -0.281498 1.57825
 0.672033 0.353948 -2.10381
regression_error on 'test' 0.108095
classification_error on 'test' 0.131579
Save,1651,0.108095,0.131579
sample_count 75 Sample index 68
 i 0:0.305227 i 1:0.657392 i 2:0.173589 i 3:0.281481 bias 1
 test_print 2.41769
net matrix:
 0.630841 -0.457581 -1.66392
outputs matrix:
 0.779315 0.285945 0.0346284
error matrix:
 0.220685 -0.285945 -0.0346284
delta matrix:
 0.075908 -0.116769 -0.0023152
weights_delta matrix:
 0.00231692 -0.00356409 -7.06662e-05
 0.00499013 -0.00767627 -0.0001522
 0.00131768 -0.00202697 -4.01894e-05
 0.00213666 -0.00328681 -6.51685e-05
 0.0075908 -0.0116769 -0.00023152
weights matrix:
 -0.834231 0.00610968 0.0983964
 1.49727 -1.30266 -0.431713
 -1.90009 0.666602 1.43609
 -1.54966 -0.284784 1.57818
 0.679623 0.342271 -2.10404
regression_error on 'test' 0.106935
classification_error on 'test' 0.131579
Save,1652,0.106935,0.131579
sample_count 75 Sample index 2
 i 0:0.466896 i 1:0.480944 i 2:0.566734 i 3:0.500487 bias 1
 test_print 3.01506
net matrix:
 -0.842206 -0.046128 -0.661993
outputs matrix:
 0.156512 0.476952 0.210156
error matrix:
 -0.156512 0.523048 -0.210156
delta matrix:
 -0.0413243 0.260968 -0.0697677
weights_delta matrix:
 -0.00192941 0.0121845 -0.00325743
 -0.00198747 0.0125511 -0.00335544
 -0.00234199 0.01479 -0.00395397
 -0.00206823 0.0130611 -0.00349178
 -0.00413243 0.0260968 -0.00697677
weights matrix:
 -0.836161 0.0182942 0.0951389
 1.49528 -1.29011 -0.435068
 -1.90243 0.681391 1.43214
 -1.55173 -0.271723 1.57469
 0.675491 0.368368 -2.11102
regression_error on 'test' 0.110853
classification_error on 'test' 0.157895
Save,1653,0.110853,0.157895
sample_count 75 Sample index 28
 i 0:0.305227 i 1:0.551523 i 2:0.113105 i 3:0.135476 bias 1
 test_print 2.10533
net matrix:
 0.819556 -0.297316 -1.94662
outputs matrix:
 0.837414 0.355573 0.0199723
error matrix:
 0.162586 -0.355573 -0.0199723
delta matrix:
 0.0442727 -0.162952 -0.00078185
weights_delta matrix:
 0.00135132 -0.00497375 -2.38642e-05
 0.00244174 -0.0089872 -4.31208e-05
 0.000500747 -0.00184307 -8.84312e-06
 0.000599789 -0.00220761 -1.05922e-05
 0.00442727 -0.0162952 -7.8185e-05
weights matrix:
 -0.834809 0.0133204 0.0951151
 1.49772 -1.2991 -0.435112
 -1.90193 0.679548 1.43213
 -1.55113 -0.273931 1.57468
 0.679918 0.352073 -2.1111
regression_error on 'test' 0.109307
classification_error on 'test' 0.131579
Save,1654,0.109307,0.131579
sample_count 75 Sample index 25
 i 0:0.628566 i 1:0.410364 i 2:0.778427 i 3:0.865497 bias 1
 test_print 3.68285
net matrix:
 -2.05322 0.119236 0.247819
outputs matrix:
 0.0161996 0.559337 0.621434
error matrix:
 -0.0161996 -0.559337 0.378566
delta matrix:
 -0.000516355 -0.27573 0.178118
weights_delta matrix:
 -3.24563e-05 -0.0173314 0.0111959
 -2.11893e-05 -0.011315 0.00730934
 -4.01944e-05 -0.0214635 0.0138652
 -4.46903e-05 -0.0238643 0.0154161
 -5.16355e-05 -0.027573 0.0178118
weights matrix:
 -0.834842 -0.004011 0.106311
 1.4977 -1.31041 -0.427802
 -1.90197 0.658085 1.44599
 -1.55117 -0.297795 1.59009
 0.679867 0.3245 -2.09329
regression_error on 'test' 0.103517
classification_error on 'test' 0.0789474
Save,1655,0.103517,0.0789474
sample_count 75 Sample index 19
 i 0:0.674757 i 1:0.480944 i 2:0.596976 i 3:0.573489 bias 1
 test_print 3.32617
net matrix:
 -1.18815 -0.0863625 -0.452178
outputs matrix:
 0.0849976 0.456926 0.288156
error matrix:
 -0.0849976 0.543074 -0.288156
delta matrix:
 -0.013221 0.269522 -0.118215
weights_delta matrix:
 -0.000892098 0.0181862 -0.00797661
 -0.000635857 0.0129625 -0.00568546
 -0.000789263 0.0160898 -0.00705712
 -0.000758211 0.0154568 -0.00677947
 -0.0013221 0.0269522 -0.0118215
weights matrix:
 -0.835734 0.0141752 0.0983344
 1.49706 -1.29745 -0.433488
 -1.90276 0.674175 1.43894
 -1.55193 -0.282338 1.58331
 0.678544 0.351452 -2.10511
regression_error on 'test' 0.107973
classification_error on 'test' 0.131579
Save,1656,0.107973,0.131579
sample_count 75 Sample index 58
 i 0:0.282131 i 1:0.516233 i 2:0.158468 i 3:0.0989754 bias 1
 test_print 2.05581
net matrix:
 0.760462 -0.235444 -1.91641
outputs matrix:
 0.820674 0.384406 0.0211897
error matrix:
 0.179326 -0.384406 -0.0211897
delta matrix:
 0.052782 -0.18193 -0.000878977
weights_delta matrix:
 0.00148914 -0.00513281 -2.47987e-05
 0.00272478 -0.00939184 -4.53757e-05
 0.000836425 -0.00288301 -1.3929e-05
 0.000522411 -0.00180066 -8.69971e-06
 0.0052782 -0.018193 -8.78977e-05
weights matrix:
 -0.834245 0.00904236 0.0983096
 1.49979 -1.30684 -0.433533
 -1.90192 0.671292 1.43892
 -1.55141 -0.284139 1.58331
 0.683823 0.333259 -2.1052
regression_error on 'test' 0.106421
classification_error on 'test' 0.131579
Save,1657,0.106421,0.131579
sample_count 75 Sample index 48
 i 0:0.744044 i 1:0.516233 i 2:0.748185 i 3:0.828996 bias 1
 test_print 3.83746
net matrix:
 -1.87176 -0.0679472 0.13328
outputs matrix:
 0.0231235 0.466079 0.566248
error matrix:
 -0.0231235 -0.466079 0.433752
delta matrix:
 -0.00104466 -0.231967 0.213069
weights_delta matrix:
 -7.77274e-05 -0.0172593 0.0158532
 -5.39289e-05 -0.0119749 0.0109993
 -7.816e-05 -0.0173554 0.0159415
 -8.6602e-05 -0.0192299 0.0176633
 -0.000104466 -0.0231967 0.0213069
weights matrix:
 -0.834322 -0.00821698 0.114163
 1.49973 -1.31882 -0.422534
 -1.902 0.653936 1.45486
 -1.5515 -0.303369 1.60097
 0.683718 0.310062 -2.08389
regression_error on 'test' 0.101141
classification_error on 'test' 0.0789474
Save,1658,0.101141,0.0789474
sample_count 75 Sample index 1
 i 0:0.582374 i 1:0.445654 i 2:0.581855 i 3:0.536988 bias 1
 test_print 3.14687
net matrix:
 -1.07363 -0.0648679 -0.499487
outputs matrix:
 0.104587 0.467611 0.269143
error matrix:
 -0.104587 0.532389 -0.269143
delta matrix:
 -0.0195889 0.265077 -0.105884
weights_delta matrix:
 -0.00114081 0.0154374 -0.00616638
 -0.000872988 0.0118133 -0.00471874
 -0.00113979 0.0154237 -0.00616089
 -0.0010519 0.0142343 -0.00568582
 -0.00195889 0.0265077 -0.0105884
weights matrix:
 -0.835463 0.00722043 0.107996
 1.49886 -1.307 -0.427253
 -1.90314 0.66936 1.4487
 -1.55255 -0.289135 1.59528
 0.681759 0.33657 -2.09448
regression_error on 'test' 0.104882
classification_error on 'test' 0.105263
Save,1659,0.104882,0.105263
sample_count 75 Sample index 73
 i 0:0.582374 i 1:0.410364 i 2:0.65746 i 3:0.719493 bias 1
 test_print 3.36969
net matrix:
 -1.558 0.0364753 -0.106654
outputs matrix:
 0.0424519 0.51823 0.446874
error matrix:
 -0.0424519 -0.51823 0.553126
delta matrix:
 -0.00345132 -0.25877 0.273441
weights_delta matrix:
 -0.000200996 -0.0150701 0.0159245
 -0.00014163 -0.010619 0.011221
 -0.00022691 -0.0170131 0.0179776
 -0.00024832 -0.0186183 0.0196739
 -0.000345132 -0.025877 0.0273441
weights matrix:
 -0.835664 -0.00784968 0.123921
 1.49872 -1.31762 -0.416031
 -1.90337 0.652347 1.46668
 -1.5528 -0.307753 1.61496
 0.681414 0.310693 -2.06713
regression_error on 'test' 0.0996286
classification_error on 'test' 0.0526316
Save,1660,0.0996286,0.0526316
sample_count 75 Sample index 48
 i 0:0.744044 i 1:0.516233 i 2:0.748185 i 3:0.828996 bias 1
 test_print 3.83746
net matrix:
 -1.878 -0.142397 0.24644
outputs matrix:
 0.0228429 0.429279 0.620785
error matrix:
 -0.0228429 -0.429279 0.379215
delta matrix:
 -0.00101976 -0.210345 0.178543
weights_delta matrix:
 -7.58746e-05 -0.0156506 0.0132844
 -5.26433e-05 -0.0108587 0.00921697
 -7.62968e-05 -0.0157377 0.0133583
 -8.45376e-05 -0.0174375 0.0148011
 -0.000101976 -0.0210345 0.0178543
weights matrix:
 -0.83574 -0.0235003 0.137205
 1.49867 -1.32848 -0.406815
 -1.90345 0.636609 1.48004
 -1.55288 -0.325191 1.62976
 0.681312 0.289658 -2.04928
regression_error on 'test' 0.0961033
classification_error on 'test' 0.0789474
Save,1661,0.0961033,0.0789474
sample_count 75 Sample index 61
 i 0:0.697853 i 1:0.480944 i 2:0.687702 i 3:0.682992 bias 1
 test_print 3.54949
net matrix:
 -1.55075 -0.149971 -0.0182484
outputs matrix:
 0.0430458 0.425572 0.490877
error matrix:
 -0.0430458 0.574428 -0.490877
delta matrix:
 -0.00354636 0.28085 -0.245357
weights_delta matrix:
 -0.000247484 0.0195992 -0.0171223
 -0.00017056 0.0135073 -0.0118003
 -0.000243884 0.0193141 -0.0168732
 -0.000242213 0.0191818 -0.0167577
 -0.000354636 0.028085 -0.0245357
weights matrix:
 -0.835988 -0.0039011 0.120083
 1.4985 -1.31497 -0.418615
 -1.90369 0.655923 1.46317
 -1.55312 -0.306009 1.613
 0.680958 0.317743 -2.07382
regression_error on 'test' 0.100647
classification_error on 'test' 0.0526316
Save,1662,0.100647,0.0526316
sample_count 75 Sample index 61
 i 0:0.697853 i 1:0.480944 i 2:0.687702 i 3:0.682992 bias 1
 test_print 3.54949
net matrix:
 -1.55169 -0.075329 -0.0834573
outputs matrix:
 0.0429682 0.462407 0.458368
error matrix:
 -0.0429682 0.537593 -0.458368
delta matrix:
 -0.00353387 0.267277 -0.227595
weights_delta matrix:
 -0.000246612 0.018652 -0.0158828
 -0.000169959 0.0128545 -0.010946
 -0.000243025 0.0183807 -0.0156518
 -0.000241361 0.0182548 -0.0155446
 -0.000353387 0.0267277 -0.0227595
weights matrix:
 -0.836234 0.0147509 0.1042
 1.49833 -1.30212 -0.429561
 -1.90393 0.674304 1.44751
 -1.55337 -0.287754 1.59746
 0.680604 0.344471 -2.09657
regression_error on 'test' 0.106034
classification_error on 'test' 0.131579
Save,1663,0.106034,0.131579
sample_count 75 Sample index 49
 i 0:0.397609 i 1:0.480944 i 2:0.612097 i 3:0.60999 bias 1
 test_print 3.10064
net matrix:
 -1.04421 -0.0386973 -0.401288
outputs matrix:
 0.110228 0.480661 0.309475
error matrix:
 -0.110228 0.519339 -0.309475
delta matrix:
 -0.0216218 0.259281 -0.13227
weights_delta matrix:
 -0.000859703 0.0103092 -0.00525916
 -0.00103989 0.01247 -0.00636143
 -0.00132346 0.0158705 -0.00809618
 -0.00131891 0.0158159 -0.00806831
 -0.00216218 0.0259281 -0.013227
weights matrix:
 -0.837094 0.0250602 0.0989411
 1.49729 -1.28965 -0.435922
 -1.90526 0.690174 1.43942
 -1.55468 -0.271938 1.58939
 0.678442 0.370399 -2.1098
regression_error on 'test' 0.110642
classification_error on 'test' 0.157895
Save,1664,0.110642,0.157895
sample_count 75 Sample index 73
 i 0:0.582374 i 1:0.410364 i 2:0.65746 i 3:0.719493 bias 1
 test_print 3.36969
net matrix:
 -1.56584 0.113873 -0.141155
outputs matrix:
 0.0418192 0.556692 0.429887
error matrix:
 -0.0418192 -0.556692 0.570113
delta matrix:
 -0.00335141 -0.274767 0.279451
weights_delta matrix:
 -0.000195178 -0.0160017 0.0162745
 -0.00013753 -0.0112755 0.0114677
 -0.000220342 -0.0180649 0.0183728
 -0.000241132 -0.0197693 0.0201063
 -0.000335141 -0.0274767 0.0279451
weights matrix:
 -0.837289 0.00905842 0.115216
 1.49715 -1.30092 -0.424455
 -1.90548 0.67211 1.45779
 -1.55493 -0.291707 1.60949
 0.678107 0.342922 -2.08186
regression_error on 'test' 0.104172
classification_error on 'test' 0.0789474
Save,1665,0.104172,0.0789474
sample_count 75 Sample index 14
 i 0:0.697853 i 1:0.516233 i 2:0.778427 i 3:0.938499 bias 1
 test_print 3.93101
net matrix:
 -2.07589 -0.0729146 0.424721
outputs matrix:
 0.0154926 0.463607 0.70045
error matrix:
 -0.0154926 -0.463607 0.29955
delta matrix:
 -0.000472603 -0.230576 0.125703
weights_delta matrix:
 -3.29808e-05 -0.0160908 0.00877222
 -2.43973e-05 -0.0119031 0.00648921
 -3.67887e-05 -0.0179486 0.00978506
 -4.43538e-05 -0.0216395 0.0117972
 -4.72603e-05 -0.0230576 0.0125703
weights matrix:
 -0.837322 -0.00703236 0.123988
 1.49712 -1.31283 -0.417965
 -1.90551 0.654161 1.46758
 -1.55497 -0.313347 1.62129
 0.67806 0.319865 -2.06929
regression_error on 'test' 0.0999291
classification_error on 'test' 0.0526316
Save,1666,0.0999291,0.0526316
sample_count 75 Sample index 58
 i 0:0.282131 i 1:0.516233 i 2:0.158468 i 3:0.0989754 bias 1
 test_print 2.05581
net matrix:
 0.758824 -0.287194 -1.85704
outputs matrix:
 0.820192 0.360225 0.0237977
error matrix:
 0.179808 -0.360225 -0.0237977
delta matrix:
 0.0530352 -0.166037 -0.0011057
weights_delta matrix:
 0.00149629 -0.00468442 -3.11953e-05
 0.00273785 -0.00857138 -5.708e-05
 0.000840439 -0.00263116 -1.75218e-05
 0.000524918 -0.00164336 -1.09437e-05
 0.00530352 -0.0166037 -0.00011057
weights matrix:
 -0.835826 -0.0117168 0.123957
 1.49986 -1.3214 -0.418022
 -1.90467 0.65153 1.46756
 -1.55444 -0.31499 1.62128
 0.683363 0.303261 -2.0694
regression_error on 'test' 0.0988143
classification_error on 'test' 0.105263
Save,1667,0.0988143,0.105263
sample_count 75 Sample index 26
 i 0:0.489992 i 1:0.339785 i 2:0.536492 i 3:0.500487 bias 1
 test_print 2.86676
net matrix:
 -1.01638 0.0404208 -0.551934
outputs matrix:
 0.115807 0.520199 0.249016
error matrix:
 -0.115807 0.479801 -0.249016
delta matrix:
 -0.0237163 0.239509 -0.0931353
weights_delta matrix:
 -0.00116208 0.0117357 -0.00456355
 -0.000805844 0.00813815 -0.0031646
 -0.00127236 0.0128495 -0.00499663
 -0.00118697 0.0119871 -0.0046613
 -0.00237163 0.0239509 -0.00931353
weights matrix:
 -0.836988 1.89535e-05 0.119393
 1.49906 -1.31326 -0.421187
 -1.90595 0.664379 1.46256
 -1.55563 -0.303003 1.61662
 0.680991 0.327212 -2.07871
regression_error on 'test' 0.101646
classification_error on 'test' 0.0789474
Save,1668,0.101646,0.0789474
sample_count 75 Sample index 69
 i 0:0.628566 i 1:0.445654 i 2:0.581855 i 3:0.536988 bias 1
 test_print 3.19306
net matrix:
 -1.12139 -0.0341722 -0.472264
outputs matrix:
 0.0959742 0.482921 0.279986
error matrix:
 -0.0959742 0.517079 -0.279986
delta matrix:
 -0.0166541 0.258238 -0.112887
weights_delta matrix:
 -0.00104682 0.016232 -0.0070957
 -0.000742195 0.0115085 -0.00503086
 -0.000969024 0.0150257 -0.0065684
 -0.000894303 0.0138671 -0.00606191
 -0.00166541 0.0258238 -0.0112887
weights matrix:
 -0.838035 0.0162509 0.112297
 1.49831 -1.30175 -0.426218
 -1.90691 0.679405 1.45599
 -1.55653 -0.289136 1.61056
 0.679326 0.353036 -2.09
regression_error on 'test' 0.105591
classification_error on 'test' 0.105263
Save,1669,0.105591,0.105263
sample_count 75 Sample index 2
 i 0:0.466896 i 1:0.480944 i 2:0.566734 i 3:0.500487 bias 1
 test_print 3.01506
net matrix:
 -0.851078 -0.0251131 -0.611332
outputs matrix:
 0.154184 0.487446 0.227468
error matrix:
 -0.154184 0.512554 -0.227468
delta matrix:
 -0.0402147 0.256115 -0.0799443
weights_delta matrix:
 -0.00187761 0.0119579 -0.00373257
 -0.0019341 0.0123177 -0.00384487
 -0.0022791 0.0145149 -0.00453071
 -0.00201269 0.0128182 -0.00400111
 -0.00402147 0.0256115 -0.00799443
weights matrix:
 -0.839912 0.0282088 0.108565
 1.49638 -1.28943 -0.430063
 -1.90919 0.69392 1.45146
 -1.55854 -0.276318 1.60656
 0.675305 0.378647 -2.09799
regression_error on 'test' 0.109574
classification_error on 'test' 0.131579
Save,1670,0.109574,0.131579
sample_count 75 Sample index 18
 i 0:0.513088 i 1:0.480944 i 2:0.566734 i 3:0.60999 bias 1
 test_print 3.17076
net matrix:
 -1.06867 -0.00230745 -0.446551
outputs matrix:
 0.105521 0.498846 0.29047
error matrix:
 -0.105521 0.501154 -0.29047
delta matrix:
 -0.0199194 0.250576 -0.11973
weights_delta matrix:
 -0.00102204 0.0128567 -0.00614321
 -0.000958012 0.0120513 -0.00575835
 -0.0011289 0.014201 -0.00678552
 -0.00121506 0.0152849 -0.00730342
 -0.00199194 0.0250576 -0.011973
weights matrix:
 -0.840934 0.0410656 0.102422
 1.49542 -1.27738 -0.435821
 -1.91032 0.708121 1.44468
 -1.55975 -0.261033 1.59925
 0.673313 0.403705 -2.10997
regression_error on 'test' 0.114493
classification_error on 'test' 0.184211
Save,1671,0.114493,0.184211
sample_count 75 Sample index 72
 i 0:0.905713 i 1:0.480944 i 2:0.929637 i 3:0.828996 bias 1
 test_print 4.14529
net matrix:
 -2.43805 0.268449 0.441991
outputs matrix:
 0.00756892 0.631091 0.707647
error matrix:
 -0.00756892 -0.631091 0.292353
delta matrix:
 -0.00011371 -0.293855 0.120966
weights_delta matrix:
 -1.02988e-05 -0.0266148 0.010956
 -5.46881e-06 -0.0141328 0.00581778
 -1.05709e-05 -0.0273179 0.0112454
 -9.4265e-06 -0.0243605 0.010028
 -1.1371e-05 -0.0293855 0.0120966
weights matrix:
 -0.840945 0.0144507 0.113378
 1.49542 -1.29151 -0.430003
 -1.91033 0.680803 1.45592
 -1.55976 -0.285393 1.60928
 0.673301 0.374319 -2.09787
regression_error on 'test' 0.107568
classification_error on 'test' 0.131579
Save,1672,0.107568,0.131579
sample_count 75 Sample index 68
 i 0:0.305227 i 1:0.657392 i 2:0.173589 i 3:0.281481 bias 1
 test_print 2.41769
net matrix:
 0.629041 -0.432454 -1.64023
outputs matrix:
 0.778696 0.296315 0.0362476
error matrix:
 0.221304 -0.296315 -0.0362476
delta matrix:
 0.0762741 -0.123571 -0.00253252
weights_delta matrix:
 0.00232809 -0.00377171 -7.72994e-05
 0.0050142 -0.00812343 -0.000166486
 0.00132404 -0.00214505 -4.39618e-05
 0.00214697 -0.00347828 -7.12857e-05
 0.00762741 -0.0123571 -0.000253252
weights matrix:
 -0.838617 0.010679 0.1133
 1.50043 -1.29964 -0.43017
 -1.90901 0.678658 1.45588
 -1.55762 -0.288872 1.60921
 0.680929 0.361962 -2.09812
regression_error on 'test' 0.106245
classification_error on 'test' 0.131579
Save,1673,0.106245,0.131579
sample_count 75 Sample index 2
 i 0:0.466896 i 1:0.480944 i 2:0.566734 i 3:0.500487 bias 1
 test_print 3.01506
net matrix:
 -0.850461 -0.018063 -0.621628
outputs matrix:
 0.154345 0.49097 0.22387
error matrix:
 -0.154345 0.50903 -0.22387
delta matrix:
 -0.0402909 0.254432 -0.0777957
weights_delta matrix:
 -0.00188117 0.0118793 -0.00363225
 -0.00193777 0.0122368 -0.00374154
 -0.00228342 0.0144195 -0.00440895
 -0.00201651 0.012734 -0.00389357
 -0.00402909 0.0254432 -0.00777957
weights matrix:
 -0.840498 0.0225584 0.109668
 1.49849 -1.2874 -0.433911
 -1.91129 0.693077 1.45147
 -1.55963 -0.276138 1.60532
 0.6769 0.387405 -2.1059
regression_error on 'test' 0.110264
classification_error on 'test' 0.131579
Save,1674,0.110264,0.131579
sample_count 75 Sample index 54
 i 0:0.305227 i 1:0.622103 i 2:0.158468 i 3:0.135476 bias 1
 test_print 2.22127
net matrix:
 0.838403 -0.334185 -1.89487
outputs matrix:
 0.842481 0.338862 0.0221018
error matrix:
 0.157519 -0.338862 -0.0221018
delta matrix:
 0.0418076 -0.151834 -0.000955385
weights_delta matrix:
 0.00127608 -0.00463437 -2.91609e-05
 0.00260087 -0.00944561 -5.94348e-05
 0.000662517 -0.00240608 -1.51398e-05
 0.000566393 -0.00205698 -1.29432e-05
 0.00418076 -0.0151834 -9.55385e-05
weights matrix:
 -0.839222 0.017924 0.109639
 1.50109 -1.29685 -0.433971
 -1.91063 0.690671 1.45145
 -1.55907 -0.278195 1.6053
 0.68108 0.372222 -2.106
regression_error on 'test' 0.108665
classification_error on 'test' 0.131579
Save,1675,0.108665,0.131579
sample_count 75 Sample index 31
 i 0:0.559279 i 1:0.339785 i 2:0.778427 i 3:0.573489 bias 1
 test_print 3.25098
net matrix:
 -1.65962 0.319693 -0.141662
outputs matrix:
 0.0349169 0.654615 0.429639
error matrix:
 -0.0349169 -0.654615 0.570361
delta matrix:
 -0.00235323 -0.296009 0.279533
weights_delta matrix:
 -0.000131611 -0.0165552 0.0156337
 -7.99593e-05 -0.010058 0.00949812
 -0.000183182 -0.0230422 0.0217596
 -0.000134955 -0.0169758 0.0160309
 -0.000235323 -0.0296009 0.0279533
weights matrix:
 -0.839353 0.00136882 0.125273
 1.50101 -1.3069 -0.424473
 -1.91081 0.667629 1.47321
 -1.5592 -0.295171 1.62133
 0.680845 0.342621 -2.07805
regression_error on 'test' 0.102454
classification_error on 'test' 0.0789474
Save,1676,0.102454,0.0789474
sample_count 75 Sample index 9
 i 0:0.351418 i 1:0.375074 i 2:0.521371 i 3:0.573489 bias 1
 test_print 2.82135
net matrix:
 -0.941554 0.0317216 -0.495323
outputs matrix:
 0.132032 0.515855 0.270784
error matrix:
 -0.132032 0.484145 -0.270784
delta matrix:
 -0.0302617 0.241829 -0.106938
weights_delta matrix:
 -0.00106345 0.0084983 -0.00375801
 -0.00113504 0.00907037 -0.00401098
 -0.00157776 0.0126083 -0.00557545
 -0.00173548 0.0138686 -0.0061328
 -0.00302617 0.0241829 -0.0106938
weights matrix:
 -0.840417 0.00986712 0.121515
 1.49988 -1.29783 -0.428484
 -1.91239 0.680237 1.46764
 -1.56094 -0.281302 1.6152
 0.677819 0.366804 -2.08874
regression_error on 'test' 0.10593
classification_error on 'test' 0.105263
Save,1677,0.10593,0.105263
sample_count 75 Sample index 0
 i 0:0.282131 i 1:0.269205 i 2:0.430645 i 3:0.427485 bias 1
 test_print 2.40947
net matrix:
 -0.646352 0.192893 -0.847301
outputs matrix:
 0.215395 0.595268 0.155172
error matrix:
 -0.215395 0.404732 -0.155172
delta matrix:
 -0.0728038 0.195019 -0.040684
weights_delta matrix:
 -0.00205402 0.0055021 -0.00114782
 -0.00195991 0.00525002 -0.00109523
 -0.00313526 0.00839842 -0.00175203
 -0.00311225 0.00833679 -0.00173918
 -0.00728038 0.0195019 -0.0040684
weights matrix:
 -0.842471 0.0153692 0.120367
 1.49792 -1.29258 -0.429579
 -1.91553 0.688636 1.46589
 -1.56405 -0.272965 1.61346
 0.670538 0.386306 -2.09281
regression_error on 'test' 0.108382
classification_error on 'test' 0.131579
Save,1678,0.108382,0.131579
sample_count 75 Sample index 22
 i 0:0.305227 i 1:0.233915 i 2:0.430645 i 3:0.427485 bias 1
 test_print 2.39727
net matrix:
 -0.72974 0.268511 -0.835546
outputs matrix:
 0.188547 0.63112 0.158279
error matrix:
 -0.188547 0.36888 -0.158279
delta matrix:
 -0.0576943 0.171756 -0.0421738
weights_delta matrix:
 -0.00176099 0.00524247 -0.00128726
 -0.00134956 0.00401764 -0.000986509
 -0.00248458 0.0073966 -0.00181619
 -0.00246634 0.00734233 -0.00180287
 -0.00576943 0.0171756 -0.00421738
weights matrix:
 -0.844232 0.0206117 0.11908
 1.49657 -1.28857 -0.430565
 -1.91801 0.696032 1.46407
 -1.56652 -0.265623 1.61166
 0.664769 0.403482 -2.09702
regression_error on 'test' 0.110723
classification_error on 'test' 0.131579
Save,1679,0.110723,0.131579
sample_count 75 Sample index 64
 i 0:0.282131 i 1:0.516233 i 2:0.158468 i 3:0.0989754 bias 1
 test_print 2.05581
net matrix:
 0.740174 -0.171895 -1.89418
outputs matrix:
 0.814625 0.414889 0.0221319
error matrix:
 0.185375 -0.414889 -0.0221319
delta matrix:
 0.0559873 -0.201434 -0.000957959
weights_delta matrix:
 0.00157957 -0.00568307 -2.7027e-05
 0.00289025 -0.0103987 -4.9453e-05
 0.000887219 -0.00319208 -1.51806e-05
 0.000554136 -0.0019937 -9.48143e-06
 0.00559873 -0.0201434 -9.57959e-05
weights matrix:
 -0.842652 0.0149286 0.119052
 1.49946 -1.29897 -0.430615
 -1.91712 0.69284 1.46405
 -1.56596 -0.267617 1.61165
 0.670368 0.383338 -2.09712
regression_error on 'test' 0.108625
classification_error on 'test' 0.131579
Save,1680,0.108625,0.131579
sample_count 75 Sample index 23
 i 0:0.975 i 1:0.763262 i 2:0.899395 i 3:0.792495 bias 1
 test_print 4.43015
net matrix:
 -1.972 -0.182505 0.284271
outputs matrix:
 0.0190023 0.409747 0.638427
error matrix:
 -0.0190023 -0.409747 0.361573
delta matrix:
 -0.000708454 -0.198198 0.16693
weights_delta matrix:
 -6.90742e-05 -0.0193243 0.0162757
 -5.40736e-05 -0.0151277 0.0127411
 -6.3718e-05 -0.0178259 0.0150136
 -5.61446e-05 -0.0157071 0.0132291
 -7.08454e-05 -0.0198198 0.016693
weights matrix:
 -0.842721 -0.00439572 0.135328
 1.49941 -1.31409 -0.417874
 -1.91719 0.675015 1.47907
 -1.56602 -0.283324 1.62488
 0.670297 0.363518 -2.08043
regression_error on 'test' 0.10345
classification_error on 'test' 0.0789474
Save,1681,0.10345,0.0789474
sample_count 75 Sample index 72
 i 0:0.905713 i 1:0.480944 i 2:0.929637 i 3:0.828996 bias 1
 test_print 4.14529
net matrix:
 -2.45235 0.120176 0.563181
outputs matrix:
 0.0073572 0.5598 0.755167
error matrix:
 -0.0073572 -0.5598 0.244833
delta matrix:
 -0.00010746 -0.275896 0.0905343
weights_delta matrix:
 -9.73281e-06 -0.0249883 0.00819981
 -5.16823e-06 -0.0132691 0.00435419
 -9.9899e-06 -0.0256484 0.00841641
 -8.90841e-06 -0.0228717 0.00750526
 -1.0746e-05 -0.0275896 0.00905343
weights matrix:
 -0.842731 -0.029384 0.143528
 1.4994 -1.32736 -0.41352
 -1.9172 0.649366 1.48748
 -1.56603 -0.306195 1.63238
 0.670286 0.335929 -2.07137
regression_error on 'test' 0.0987735
classification_error on 'test' 0.105263
Save,1682,0.0987735,0.105263
sample_count 75 Sample index 57
 i 0:0.374514 i 1:0.727972 i 2:0.158468 i 3:0.135476 bias 1
 test_print 2.39643
net matrix:
 0.93022 -0.579937 -1.86178
outputs matrix:
 0.865348 0.23869 0.0235783
error matrix:
 0.134652 -0.23869 -0.0235783
delta matrix:
 0.0313794 -0.0867482 -0.00108566
weights_delta matrix:
 0.0011752 -0.00324884 -4.06593e-05
 0.00228433 -0.00631503 -7.90327e-05
 0.000497263 -0.00137468 -1.72042e-05
 0.000425116 -0.00117523 -1.4708e-05
 0.00313794 -0.00867482 -0.000108566
weights matrix:
 -0.841556 -0.0326329 0.143487
 1.50168 -1.33368 -0.413599
 -1.9167 0.647992 1.48747
 -1.5656 -0.307371 1.63237
 0.673424 0.327254 -2.07148
regression_error on 'test' 0.0981073
classification_error on 'test' 0.0789474
Save,1683,0.0981073,0.0789474
sample_count 75 Sample index 25
 i 0:0.628566 i 1:0.410364 i 2:0.778427 i 3:0.865497 bias 1
 test_print 3.68285
net matrix:
 -2.08635 -0.00216537 0.419678
outputs matrix:
 0.0151769 0.498917 0.698329
error matrix:
 -0.0151769 -0.498917 0.301671
delta matrix:
 -0.000453682 -0.249457 0.127103
weights_delta matrix:
 -2.85169e-05 -0.01568 0.00798927
 -1.86175e-05 -0.0102368 0.00521586
 -3.53159e-05 -0.0194184 0.00989405
 -3.92661e-05 -0.0215905 0.0110007
 -4.53682e-05 -0.0249457 0.0127103
weights matrix:
 -0.841584 -0.0483129 0.151477
 1.50167 -1.34391 -0.408383
 -1.91673 0.628573 1.49736
 -1.56564 -0.328961 1.64337
 0.673379 0.302308 -2.05877
regression_error on 'test' 0.0948733
classification_error on 'test' 0.0789474
Save,1684,0.0948733,0.0789474
sample_count 75 Sample index 2
 i 0:0.466896 i 1:0.480944 i 2:0.566734 i 3:0.500487 bias 1
 test_print 3.01506
net matrix:
 -0.867197 -0.175003 -0.513367
outputs matrix:
 0.150026 0.413381 0.263718
error matrix:
 -0.150026 0.586619 -0.263718
delta matrix:
 -0.0382622 0.284507 -0.102413
weights_delta matrix:
 -0.00178645 0.0132835 -0.0047816
 -0.0018402 0.0136832 -0.00492547
 -0.00216845 0.016124 -0.00580407
 -0.00191497 0.0142392 -0.00512561
 -0.00382622 0.0284507 -0.0102413
weights matrix:
 -0.843371 -0.0350294 0.146695
 1.49983 -1.33023 -0.413308
 -1.9189 0.644697 1.49156
 -1.56756 -0.314722 1.63824
 0.669553 0.330759 -2.06901
regression_error on 'test' 0.0976813
classification_error on 'test' 0.0789474
Save,1685,0.0976813,0.0789474
sample_count 75 Sample index 7
 i 0:0.651661 i 1:0.410364 i 2:0.627218 i 3:0.60999 bias 1
 test_print 3.29923
net matrix:
 -1.42433 -0.0255589 -0.208181
outputs matrix:
 0.0547508 0.487223 0.397388
error matrix:
 -0.0547508 0.512777 -0.397388
delta matrix:
 -0.00566705 0.256221 -0.190325
weights_delta matrix:
 -0.0003693 0.0166969 -0.0124028
 -0.000232556 0.0105144 -0.00781027
 -0.000355448 0.0160706 -0.0119375
 -0.000345685 0.0156292 -0.0116097
 -0.000566705 0.0256221 -0.0190325
weights matrix:
 -0.84374 -0.0183325 0.134292
 1.49959 -1.31972 -0.421119
 -1.91926 0.660768 1.47962
 -1.5679 -0.299093 1.62663
 0.668986 0.356381 -2.08805
regression_error on 'test' 0.101665
classification_error on 'test' 0.0789474
Save,1686,0.101665,0.0789474
sample_count 75 Sample index 22
 i 0:0.305227 i 1:0.233915 i 2:0.430645 i 3:0.427485 bias 1
 test_print 2.39727
net matrix:
 -0.734542 0.198783 -0.81301
outputs matrix:
 0.187082 0.598103 0.164376
error matrix:
 -0.187082 0.401897 -0.164376
delta matrix:
 -0.0569036 0.193213 -0.0451564
weights_delta matrix:
 -0.00173685 0.00589738 -0.0013783
 -0.00133106 0.00451954 -0.00105628
 -0.00245053 0.00832062 -0.00194464
 -0.00243255 0.00825956 -0.00193037
 -0.00569036 0.0193213 -0.00451564
weights matrix:
 -0.845477 -0.0124351 0.132914
 1.49826 -1.3152 -0.422175
 -1.92171 0.669088 1.47767
 -1.57033 -0.290833 1.6247
 0.663295 0.375702 -2.09256
regression_error on 'test' 0.103792
classification_error on 'test' 0.0789474
Save,1687,0.103792,0.0789474
sample_count 75 Sample index 61
 i 0:0.697853 i 1:0.480944 i 2:0.687702 i 3:0.682992 bias 1
 test_print 3.54949
net matrix:
 -1.60023 -0.00401505 -0.07699
outputs matrix:
 0.0391483 0.497992 0.461581
error matrix:
 -0.0391483 0.502008 -0.461581
delta matrix:
 -0.00294519 0.251 -0.229428
weights_delta matrix:
 -0.000205531 0.0175161 -0.0160107
 -0.000141647 0.0120717 -0.0110342
 -0.000202541 0.0172613 -0.0157778
 -0.000201154 0.0171431 -0.0156697
 -0.000294519 0.0251 -0.0229428
weights matrix:
 -0.845682 0.00508099 0.116903
 1.49812 -1.30313 -0.433209
 -1.92191 0.68635 1.4619
 -1.57053 -0.27369 1.60903
 0.663001 0.400802 -2.1155
regression_error on 'test' 0.109545
classification_error on 'test' 0.131579
Save,1688,0.109545,0.131579
sample_count 75 Sample index 32
 i 0:0.697853 i 1:0.516233 i 2:0.642339 i 3:0.60999 bias 1
 test_print 3.46642
net matrix:
 -1.34631 0.00555264 -0.337032
outputs matrix:
 0.0634101 0.502776 0.337588
error matrix:
 -0.0634101 0.497224 -0.337588
delta matrix:
 -0.00753177 0.248604 -0.150984
weights_delta matrix:
 -0.000525607 0.0173489 -0.0105365
 -0.000388815 0.0128338 -0.0077943
 -0.000483795 0.0159688 -0.0096983
 -0.00045943 0.0151646 -0.00920988
 -0.000753177 0.0248604 -0.0150984
weights matrix:
 -0.846208 0.0224299 0.106367
 1.49773 -1.29029 -0.441003
 -1.9224 0.702318 1.4522
 -1.57099 -0.258525 1.59982
 0.662248 0.425663 -2.1306
regression_error on 'test' 0.11517
classification_error on 'test' 0.184211
Save,1689,0.11517,0.184211
sample_count 75 Sample index 23
 i 0:0.975 i 1:0.763262 i 2:0.899395 i 3:0.792495 bias 1
 test_print 4.43015
net matrix:
 -1.99364 -0.110517 0.210457
outputs matrix:
 0.0182122 0.444965 0.603702
error matrix:
 -0.0182122 -0.444965 0.396298
delta matrix:
 -0.000651289 -0.219787 0.189625
weights_delta matrix:
 -6.35007e-05 -0.0214293 0.0184885
 -4.97104e-05 -0.0167755 0.0144734
 -5.85766e-05 -0.0197676 0.0170548
 -5.16144e-05 -0.017418 0.0150277
 -6.51289e-05 -0.0219787 0.0189625
weights matrix:
 -0.846271 0.00100065 0.124855
 1.49768 -1.30707 -0.42653
 -1.92245 0.682551 1.46925
 -1.57105 -0.275943 1.61485
 0.662183 0.403684 -2.11164
regression_error on 'test' 0.10843
classification_error on 'test' 0.131579
Save,1690,0.10843,0.131579
sample_count 75 Sample index 59
 i 0:0.60547 i 1:0.233915 i 2:0.596976 i 3:0.536988 bias 1
 test_print 2.97335
net matrix:
 -1.49117 0.357835 -0.391551
outputs matrix:
 0.04823 0.671653 0.313652
error matrix:
 -0.04823 0.328347 -0.313652
delta matrix:
 -0.0044279 0.144824 -0.135042
weights_delta matrix:
 -0.000268096 0.00876867 -0.00817641
 -0.000103575 0.00338765 -0.00315884
 -0.000264335 0.00864566 -0.00806171
 -0.000237773 0.00777688 -0.00725162
 -0.00044279 0.0144824 -0.0135042
weights matrix:
 -0.84654 0.00976932 0.116679
 1.49758 -1.30368 -0.429689
 -1.92272 0.691197 1.46119
 -1.57128 -0.268167 1.6076
 0.66174 0.418166 -2.12514
regression_error on 'test' 0.111597
classification_error on 'test' 0.157895
Save,1691,0.111597,0.157895
sample_count 75 Sample index 5
 i 0:0.536183 i 1:0.198626 i 2:0.687702 i 3:0.60999 bias 1
 test_print 3.0325
net matrix:
 -1.77543 0.476218 -0.162446
outputs matrix:
 0.0278994 0.721605 0.419484
error matrix:
 -0.0278994 -0.721605 0.580516
delta matrix:
 -0.00151332 -0.289928 0.282731
weights_delta matrix:
 -8.11418e-05 -0.0155455 0.0151596
 -3.00585e-05 -0.00575873 0.00561578
 -0.000104072 -0.0199384 0.0194435
 -9.23112e-05 -0.0176853 0.0172463
 -0.000151332 -0.0289928 0.0282731
weights matrix:
 -0.846621 -0.00577614 0.131838
 1.49755 -1.30944 -0.424073
 -1.92282 0.671258 1.48064
 -1.57138 -0.285852 1.62485
 0.661589 0.389174 -2.09687
regression_error on 'test' 0.105281
classification_error on 'test' 0.105263
Save,1692,0.105281,0.105263
sample_count 75 Sample index 9
 i 0:0.351418 i 1:0.375074 i 2:0.521371 i 3:0.573489 bias 1
 test_print 2.82135
net matrix:
 -0.977908 0.0820491 -0.505808
outputs matrix:
 0.123921 0.540933 0.266664
error matrix:
 -0.123921 0.459067 -0.266664
delta matrix:
 -0.0269067 0.227995 -0.104294
weights_delta matrix:
 -0.000945549 0.00801217 -0.0036651
 -0.0010092 0.00855151 -0.00391181
 -0.00140284 0.011887 -0.00543761
 -0.00154307 0.0130753 -0.00598117
 -0.00269067 0.0227995 -0.0104294
weights matrix:
 -0.847566 0.00223603 0.128173
 1.49654 -1.30089 -0.427985
 -1.92423 0.683145 1.4752
 -1.57292 -0.272777 1.61887
 0.658898 0.411973 -2.1073
regression_error on 'test' 0.108923
classification_error on 'test' 0.131579
Save,1693,0.108923,0.131579
sample_count 75 Sample index 22
 i 0:0.305227 i 1:0.233915 i 2:0.430645 i 3:0.427485 bias 1
 test_print 2.39727
net matrix:
 -0.750796 0.285944 -0.840964
outputs matrix:
 0.182188 0.639199 0.15684
error matrix:
 -0.182188 0.360801 -0.15684
delta matrix:
 -0.0542904 0.166419 -0.0414816
weights_delta matrix:
 -0.00165709 0.00507955 -0.00126613
 -0.00126993 0.00389278 -0.000970317
 -0.00233799 0.00716674 -0.00178639
 -0.00232083 0.00711415 -0.00177328
 -0.00542904 0.0166419 -0.00414816
weights matrix:
 -0.849223 0.00731558 0.126907
 1.49527 -1.29699 -0.428955
 -1.92656 0.690312 1.47341
 -1.57524 -0.265662 1.61709
 0.653469 0.428615 -2.11145
regression_error on 'test' 0.111246
classification_error on 'test' 0.131579
Save,1694,0.111246,0.131579
sample_count 75 Sample index 55
 i 0:0.628566 i 1:0.551523 i 2:0.612097 i 3:0.60999 bias 1
 test_print 3.40218
net matrix:
 -1.19577 -0.0216223 -0.379977
outputs matrix:
 0.0838197 0.489191 0.318656
error matrix:
 -0.0838197 0.510809 -0.318656
delta matrix:
 -0.0128737 0.255285 -0.13837
weights_delta matrix:
 -0.000809197 0.0160464 -0.00869745
 -0.000710014 0.0140796 -0.00763141
 -0.000787995 0.0156259 -0.00846957
 -0.000785282 0.0155722 -0.00844041
 -0.00128737 0.0255285 -0.013837
weights matrix:
 -0.850033 0.0233619 0.11821
 1.49456 -1.28291 -0.436586
 -1.92735 0.705938 1.46494
 -1.57602 -0.25009 1.60865
 0.652181 0.454144 -2.12529
regression_error on 'test' 0.116955
classification_error on 'test' 0.184211
Save,1695,0.116955,0.184211
sample_count 75 Sample index 8
 i 0:0.489992 i 1:0.375074 i 2:0.702823 i 3:0.755994 bias 1
 test_print 3.32388
net matrix:
 -1.74981 0.291485 0.0146095
outputs matrix:
 0.0293231 0.641751 0.507304
error matrix:
 -0.0293231 -0.641751 0.492696
delta matrix:
 -0.00166926 -0.295086 0.246295
weights_delta matrix:
 -8.17924e-05 -0.014459 0.0120683
 -6.26096e-05 -0.0110679 0.0092379
 -0.000117319 -0.0207393 0.0173102
 -0.000126195 -0.0223083 0.0186198
 -0.000166926 -0.0295086 0.0246295
weights matrix:
 -0.850114 0.00890299 0.130278
 1.4945 -1.29398 -0.427349
 -1.92747 0.685198 1.48225
 -1.57615 -0.272399 1.62727
 0.652015 0.424635 -2.10066
regression_error on 'test' 0.109752
classification_error on 'test' 0.131579
Save,1696,0.109752,0.131579
sample_count 75 Sample index 36
 i 0:0.744044 i 1:0.516233 i 2:0.702823 i 3:0.901998 bias 1
 test_print 3.8651
net matrix:
 -1.98535 -0.00086692 0.285221
outputs matrix:
 0.018511 0.499567 0.638865
error matrix:
 -0.018511 -0.499567 0.361135
delta matrix:
 -0.000672626 -0.249783 0.166639
weights_delta matrix:
 -5.00463e-05 -0.018585 0.0123987
 -3.47232e-05 -0.0128946 0.00860248
 -4.72737e-05 -0.0175553 0.0117118
 -6.06707e-05 -0.0225304 0.0150308
 -6.72626e-05 -0.0249783 0.0166639
weights matrix:
 -0.850164 -0.00968197 0.142677
 1.49446 -1.30688 -0.418746
 -1.92752 0.667643 1.49396
 -1.57621 -0.294929 1.6423
 0.651947 0.399657 -2.08399
regression_error on 'test' 0.104152
classification_error on 'test' 0.0789474
Save,1697,0.104152,0.0789474
sample_count 75 Sample index 38
 i 0:0.397609 i 1:0.798551 i 2:0.128226 i 3:0.208478 bias 1
 test_print 2.53286
net matrix:
 0.931555 -0.623678 -1.8277
outputs matrix:
 0.865659 0.223158 0.0251995
error matrix:
 0.134341 -0.223158 -0.0251995
delta matrix:
 0.0312459 -0.0773728 -0.00123803
weights_delta matrix:
 0.00124237 -0.00307641 -4.9225e-05
 0.00249515 -0.00617861 -9.88627e-05
 0.000400654 -0.00099212 -1.58747e-05
 0.000651408 -0.00161305 -2.58101e-05
 0.00312459 -0.00773728 -0.000123803
weights matrix:
 -0.848922 -0.0127584 0.142627
 1.49696 -1.31306 -0.418845
 -1.92712 0.666651 1.49395
 -1.57556 -0.296542 1.64228
 0.655072 0.391919 -2.08412
regression_error on 'test' 0.103304
classification_error on 'test' 0.0789474
Save,1698,0.103304,0.0789474
sample_count 75 Sample index 11
 i 0:0.536183 i 1:0.198626 i 2:0.536492 i 3:0.427485 bias 1
 test_print 2.69879
net matrix:
 -1.21018 0.355157 -0.587296
outputs matrix:
 0.0816331 0.670471 0.236026
error matrix:
 -0.0816331 0.329529 -0.236026
delta matrix:
 -0.0122399 0.145612 -0.0851194
weights_delta matrix:
 -0.000656283 0.00780748 -0.00456396
 -0.000243116 0.00289224 -0.00169069
 -0.000656662 0.00781198 -0.00456659
 -0.000523238 0.00622471 -0.00363873
 -0.00122399 0.0145612 -0.00851194
weights matrix:
 -0.849578 -0.0049509 0.138063
 1.49671 -1.31016 -0.420536
 -1.92777 0.674463 1.48938
 -1.57608 -0.290317 1.63864
 0.653848 0.406481 -2.09263
regression_error on 'test' 0.105488
classification_error on 'test' 0.0789474
Save,1699,0.105488,0.0789474
sample_count 75 Sample index 7
 i 0:0.651661 i 1:0.410364 i 2:0.627218 i 3:0.60999 bias 1
 test_print 3.29923
net matrix:
 -1.45612 0.111555 -0.241511
outputs matrix:
 0.0515518 0.555547 0.381539
error matrix:
 -0.0515518 0.444453 -0.381539
delta matrix:
 -0.00504117 0.219484 -0.180061
weights_delta matrix:
 -0.000328513 0.0143029 -0.0117339
 -0.000206871 0.00900682 -0.00738906
 -0.000316191 0.0137664 -0.0112938
 -0.000307506 0.0133883 -0.0109835
 -0.000504117 0.0219484 -0.0180061
weights matrix:
 -0.849907 0.00935199 0.12633
 1.49651 -1.30116 -0.427925
 -1.92809 0.688229 1.47809
 -1.57639 -0.276929 1.62765
 0.653344 0.428429 -2.11063
regression_error on 'test' 0.110133
classification_error on 'test' 0.131579
Save,1700,0.110133,0.131579
sample_count 75 Sample index 17
 i 0:0.443801 i 1:0.304495 i 2:0.521371 i 3:0.463986 bias 1
 test_print 2.73365
net matrix:
 -1.00484 0.266715 -0.659029
outputs matrix:
 0.11819 0.630283 0.211141
error matrix:
 -0.11819 0.369717 -0.211141
delta matrix:
 -0.024636 0.172308 -0.0703358
weights_delta matrix:
 -0.00109335 0.00764703 -0.00312151
 -0.000750153 0.00524668 -0.00214169
 -0.00128445 0.00898362 -0.0036671
 -0.00114307 0.00799483 -0.00326348
 -0.0024636 0.0172308 -0.00703358
weights matrix:
 -0.851 0.016999 0.123208
 1.49576 -1.29591 -0.430066
 -1.92937 0.697213 1.47442
 -1.57753 -0.268934 1.62439
 0.65088 0.44566 -2.11767
regression_error on 'test' 0.113072
classification_error on 'test' 0.157895
Save,1701,0.113072,0.157895
sample_count 75 Sample index 6
 i 0:0.305227 i 1:0.657392 i 2:0.128226 i 3:0.171977 bias 1
 test_print 2.26282
net matrix:
 0.855735 -0.357922 -1.89437
outputs matrix:
 0.847027 0.328309 0.0221237
error matrix:
 0.152973 -0.328309 -0.0221237
delta matrix:
 0.0396421 -0.144799 -0.000957259
weights_delta matrix:
 0.00120998 -0.00441965 -2.92181e-05
 0.00260604 -0.00951895 -6.29294e-05
 0.000508315 -0.0018567 -1.22745e-05
 0.000681753 -0.0024902 -1.64627e-05
 0.00396421 -0.0144799 -9.57259e-05
weights matrix:
 -0.84979 0.0125794 0.123179
 1.49836 -1.30543 -0.430129
 -1.92886 0.695356 1.47441
 -1.57685 -0.271424 1.62437
 0.654844 0.43118 -2.11776
regression_error on 'test' 0.111311
classification_error on 'test' 0.131579
Save,1702,0.111311,0.131579
sample_count 75 Sample index 57
 i 0:0.374514 i 1:0.727972 i 2:0.158468 i 3:0.135476 bias 1
 test_print 2.39643
net matrix:
 0.908064 -0.441004 -1.93104
outputs matrix:
 0.860101 0.292762 0.0205912
error matrix:
 0.139899 -0.292762 -0.0205912
delta matrix:
 0.0336674 -0.121234 -0.000830532
weights_delta matrix:
 0.00126089 -0.00454038 -3.11046e-05
 0.00245089 -0.00882549 -6.04604e-05
 0.000533521 -0.00192117 -1.31613e-05
 0.000456113 -0.00164243 -1.12517e-05
 0.00336674 -0.0121234 -8.30532e-05
weights matrix:
 -0.848529 0.00803899 0.123148
 1.50081 -1.31425 -0.43019
 -1.92833 0.693435 1.4744
 -1.5764 -0.273067 1.62436
 0.658211 0.419056 -2.11785
regression_error on 'test' 0.109844
classification_error on 'test' 0.131579
Save,1703,0.109844,0.131579
sample_count 75 Sample index 62
 i 0:0.582374 i 1:0.622103 i 2:0.748185 i 3:0.901998 bias 1
 test_print 3.85466
net matrix:
 -1.76694 -0.121351 0.254542
outputs matrix:
 0.0283633 0.43962 0.624592
error matrix:
 -0.0283633 -0.43962 0.375408
delta matrix:
 -0.00156331 -0.216605 0.176049
weights_delta matrix:
 -9.10433e-05 -0.0126145 0.0102527
 -9.72542e-05 -0.013475 0.0109521
 -0.000116965 -0.016206 0.0131717
 -0.000141011 -0.0195377 0.0158796
 -0.000156331 -0.0216605 0.0176049
weights matrix:
 -0.84862 -0.00457551 0.1334
 1.50072 -1.32773 -0.419238
 -1.92845 0.677229 1.48757
 -1.57654 -0.292605 1.64024
 0.658055 0.397396 -2.10024
regression_error on 'test' 0.104656
classification_error on 'test' 0.0789474
Save,1704,0.104656,0.0789474
sample_count 75 Sample index 60
 i 0:0.559279 i 1:0.410364 i 2:0.536492 i 3:0.536988 bias 1
 test_print 3.04312
net matrix:
 -1.0819 0.0561876 -0.518815
outputs matrix:
 0.103049 0.528064 0.261607
error matrix:
 -0.103049 0.471936 -0.261607
delta matrix:
 -0.0190496 0.235224 -0.101069
weights_delta matrix:
 -0.0010654 0.0131556 -0.00565257
 -0.000781726 0.00965277 -0.0041475
 -0.00102199 0.0126196 -0.00542226
 -0.00102294 0.0126313 -0.00542728
 -0.00190496 0.0235224 -0.0101069
weights matrix:
 -0.849686 0.0085801 0.127748
 1.49994 -1.31808 -0.423385
 -1.92947 0.689849 1.48214
 -1.57756 -0.279973 1.63482
 0.65615 0.420918 -2.11035
regression_error on 'test' 0.108544
classification_error on 'test' 0.131579
Save,1705,0.108544,0.131579
sample_count 75 Sample index 36
 i 0:0.744044 i 1:0.516233 i 2:0.702823 i 3:0.901998 bias 1
 test_print 3.8651
net matrix:
 -1.98077 -0.020826 0.282422
outputs matrix:
 0.0186783 0.489589 0.637572
error matrix:
 -0.0186783 -0.489589 0.362428
delta matrix:
 -0.000684723 -0.244688 0.167495
weights_delta matrix:
 -5.09464e-05 -0.0182059 0.0124624
 -3.53477e-05 -0.0126316 0.00864665
 -4.81239e-05 -0.0171972 0.0117719
 -6.17619e-05 -0.0220708 0.015108
 -6.84723e-05 -0.0244688 0.0167495
weights matrix:
 -0.849737 -0.00962577 0.14021
 1.4999 -1.33071 -0.414739
 -1.92952 0.672651 1.49392
 -1.57762 -0.302044 1.64992
 0.656081 0.39645 -2.0936
regression_error on 'test' 0.103166
classification_error on 'test' 0.0789474
Save,1706,0.103166,0.0789474
sample_count 75 Sample index 18
 i 0:0.513088 i 1:0.480944 i 2:0.566734 i 3:0.60999 bias 1
 test_print 3.17076
net matrix:
 -1.1144 -0.0515148 -0.368035
outputs matrix:
 0.0971943 0.474265 0.323864
error matrix:
 -0.0971943 0.525735 -0.323864
delta matrix:
 -0.0170571 0.262171 -0.141837
weights_delta matrix:
 -0.000875181 0.0134517 -0.00727749
 -0.000820353 0.012609 -0.00682157
 -0.000966686 0.0148581 -0.00803839
 -0.00104047 0.0159922 -0.00865192
 -0.00170571 0.0262171 -0.0141837
weights matrix:
 -0.850612 0.00382591 0.132933
 1.49908 -1.3181 -0.42156
 -1.93048 0.68751 1.48588
 -1.57866 -0.286052 1.64127
 0.654376 0.422667 -2.10778
regression_error on 'test' 0.107695
classification_error on 'test' 0.131579
Save,1707,0.107695,0.131579
sample_count 75 Sample index 70
 i 0:0.259036 i 1:0.622103 i 2:0.173589 i 3:0.135476 bias 1
 test_print 2.1902
net matrix:
 0.817637 -0.315745 -1.85532
outputs matrix:
 0.836891 0.347173 0.0238779
error matrix:
 0.163109 -0.347173 -0.0238779
delta matrix:
 0.0445303 -0.157369 -0.00111308
weights_delta matrix:
 0.0011535 -0.00407643 -2.88328e-05
 0.00277025 -0.00978999 -6.9245e-05
 0.000772998 -0.00273176 -1.93218e-05
 0.000603279 -0.00213197 -1.50796e-05
 0.00445303 -0.0157369 -0.000111308
weights matrix:
 -0.849458 -0.000250522 0.132904
 1.50185 -1.32789 -0.421629
 -1.92971 0.684778 1.48586
 -1.57806 -0.288184 1.64126
 0.658829 0.40693 -2.10789
regression_error on 'test' 0.106039
classification_error on 'test' 0.105263
Save,1708,0.106039,0.105263
sample_count 75 Sample index 13
 i 0:0.420705 i 1:0.269205 i 2:0.491129 i 3:0.427485 bias 1
 test_print 2.60852
net matrix:
 -0.916571 0.26247 -0.734125
outputs matrix:
 0.137864 0.628302 0.187209
error matrix:
 -0.137864 0.371698 -0.187209
delta matrix:
 -0.0327725 0.173612 -0.056972
weights_delta matrix:
 -0.00137876 0.00730392 -0.00239684
 -0.000882252 0.00467371 -0.00153372
 -0.00160955 0.00852657 -0.00279806
 -0.00140098 0.00742163 -0.00243547
 -0.00327725 0.0173612 -0.0056972
weights matrix:
 -0.850837 0.0070534 0.130507
 1.50097 -1.32322 -0.423163
 -1.93132 0.693304 1.48306
 -1.57946 -0.280762 1.63882
 0.655551 0.424291 -2.11359
regression_error on 'test' 0.108536
classification_error on 'test' 0.131579
Save,1709,0.108536,0.131579
sample_count 75 Sample index 41
 i 0:0.674757 i 1:0.445654 i 2:0.627218 i 3:0.536988 bias 1
 test_print 3.28462
net matrix:
 -1.30916 0.123441 -0.403886
outputs matrix:
 0.0679692 0.561409 0.308366
error matrix:
 -0.0679692 0.438591 -0.308366
delta matrix:
 -0.00861163 0.215988 -0.131534
weights_delta matrix:
 -0.000581076 0.0145739 -0.00887536
 -0.000383781 0.00962558 -0.00586187
 -0.000540137 0.0135471 -0.00825006
 -0.000462434 0.0115983 -0.00706323
 -0.000861163 0.0215988 -0.0131534
weights matrix:
 -0.851418 0.0216273 0.121632
 1.50058 -1.31359 -0.429025
 -1.93186 0.706852 1.47481
 -1.57992 -0.269164 1.63176
 0.65469 0.44589 -2.12674
regression_error on 'test' 0.113053
classification_error on 'test' 0.157895
Save,1710,0.113053,0.157895
sample_count 75 Sample index 59
 i 0:0.60547 i 1:0.233915 i 2:0.596976 i 3:0.536988 bias 1
 test_print 2.97335
net matrix:
 -1.51148 0.429152 -0.396795
outputs matrix:
 0.0463991 0.702306 0.311398
error matrix:
 -0.0463991 0.297694 -0.311398
delta matrix:
 -0.00410596 0.124479 -0.133546
weights_delta matrix:
 -0.000248604 0.00753684 -0.00808581
 -9.60446e-05 0.00291175 -0.00312384
 -0.000245116 0.0074311 -0.00797237
 -0.000220485 0.00668438 -0.00717126
 -0.000410596 0.0124479 -0.0133546
weights matrix:
 -0.851667 0.0291642 0.113546
 1.50049 -1.31068 -0.432149
 -1.93211 0.714283 1.46684
 -1.58014 -0.26248 1.62459
 0.65428 0.458338 -2.1401
regression_error on 'test' 0.11615
classification_error on 'test' 0.184211
Save,1711,0.11615,0.184211
sample_count 75 Sample index 36
 i 0:0.744044 i 1:0.516233 i 2:0.702823 i 3:0.901998 bias 1
 test_print 3.8651
net matrix:
 -1.98801 0.0686799 0.217596
outputs matrix:
 0.0184146 0.534286 0.607113
error matrix:
 -0.0184146 -0.534286 0.392887
delta matrix:
 -0.00066571 -0.265887 0.187428
weights_delta matrix:
 -4.95317e-05 -0.0197832 0.0139455
 -3.43661e-05 -0.013726 0.00967567
 -4.67876e-05 -0.0186871 0.0131729
 -6.00469e-05 -0.0239829 0.016906
 -6.6571e-05 -0.0265887 0.0187428
weights matrix:
 -0.851716 0.009381 0.127491
 1.50045 -1.3244 -0.422473
 -1.93215 0.695596 1.48001
 -1.5802 -0.286463 1.64149
 0.654213 0.431749 -2.12136
regression_error on 'test' 0.109196
classification_error on 'test' 0.131579
Save,1712,0.109196,0.131579
sample_count 75 Sample index 15
 i 0:0.720948 i 1:0.410364 i 2:0.65746 i 3:0.573489 bias 1
 test_print 3.36226
net matrix:
 -1.52064 0.188067 -0.288384
outputs matrix:
 0.0455954 0.592941 0.359677
error matrix:
 -0.0455954 0.407059 -0.359677
delta matrix:
 -0.0039683 0.196497 -0.165674
weights_delta matrix:
 -0.000286094 0.0141664 -0.0119442
 -0.000162845 0.00806355 -0.00679866
 -0.0002609 0.0129189 -0.0108924
 -0.000227578 0.0112689 -0.00950122
 -0.00039683 0.0196497 -0.0165674
weights matrix:
 -0.852002 0.0235474 0.115547
 1.50029 -1.31634 -0.429272
 -1.93241 0.708514 1.46912
 -1.58043 -0.275194 1.63199
 0.653816 0.451399 -2.13792
regression_error on 'test' 0.113874
classification_error on 'test' 0.157895
Save,1713,0.113874,0.157895
sample_count 75 Sample index 18
 i 0:0.513088 i 1:0.480944 i 2:0.566734 i 3:0.60999 bias 1
 test_print 3.17076
net matrix:
 -1.12099 0.0640683 -0.456996
outputs matrix:
 0.0960432 0.53199 0.286184
error matrix:
 -0.0960432 0.46801 -0.286184
delta matrix:
 -0.0166767 0.233047 -0.116925
weights_delta matrix:
 -0.000855663 0.0119574 -0.00599927
 -0.000802057 0.0112083 -0.00562342
 -0.000945126 0.0132076 -0.00662652
 -0.00101726 0.0142156 -0.00713229
 -0.00166767 0.0233047 -0.0116925
weights matrix:
 -0.852858 0.0355048 0.109548
 1.49949 -1.30513 -0.434895
 -1.93336 0.721722 1.46249
 -1.58145 -0.260978 1.62486
 0.652149 0.474703 -2.14962
regression_error on 'test' 0.118934
classification_error on 'test' 0.210526
Save,1714,0.118934,0.210526
sample_count 75 Sample index 38
 i 0:0.397609 i 1:0.798551 i 2:0.128226 i 3:0.208478 bias 1
 test_print 2.53286
net matrix:
 0.932859 -0.515259 -1.92707
outputs matrix:
 0.865962 0.262984 0.0207521
error matrix:
 0.134038 -0.262984 -0.0207521
delta matrix:
 0.0311161 -0.101945 -0.000843427
weights_delta matrix:
 0.0012372 -0.00405341 -3.35354e-05
 0.00248478 -0.00814081 -6.73519e-05
 0.000398989 -0.0013072 -1.08149e-05
 0.000648702 -0.00212532 -1.75836e-05
 0.00311161 -0.0101945 -8.43427e-05
weights matrix:
 -0.851621 0.0314514 0.109514
 1.50197 -1.31327 -0.434963
 -1.93296 0.720415 1.46248
 -1.5808 -0.263103 1.62484
 0.65526 0.464509 -2.1497
regression_error on 'test' 0.117454
classification_error on 'test' 0.210526
Save,1715,0.117454,0.210526
sample_count 75 Sample index 18
 i 0:0.513088 i 1:0.480944 i 2:0.566734 i 3:0.60999 bias 1
 test_print 3.17076
net matrix:
 -1.11908 0.0968285 -0.482728
outputs matrix:
 0.0963761 0.548264 0.275787
error matrix:
 -0.0963761 0.451736 -0.275787
delta matrix:
 -0.0167864 0.223764 -0.110165
weights_delta matrix:
 -0.000861288 0.011481 -0.00565244
 -0.00080733 0.0107618 -0.00529833
 -0.000951341 0.0126815 -0.00624344
 -0.00102395 0.0136494 -0.00671997
 -0.00167864 0.0223764 -0.0110165
weights matrix:
 -0.852482 0.0429324 0.103862
 1.50117 -1.30251 -0.440261
 -1.93391 0.733096 1.45624
 -1.58182 -0.249454 1.61812
 0.653582 0.486885 -2.16072
regression_error on 'test' 0.122559
classification_error on 'test' 0.236842
Save,1716,0.122559,0.236842
sample_count 75 Sample index 25
 i 0:0.628566 i 1:0.410364 i 2:0.778427 i 3:0.865497 bias 1
 test_print 3.68285
net matrix:
 -2.14071 0.334128 0.257954
outputs matrix:
 0.0136346 0.661112 0.62619
error matrix:
 -0.0136346 -0.661112 0.37381
delta matrix:
 -0.000366736 -0.296235 0.175
weights_delta matrix:
 -2.30518e-05 -0.0186203 0.0109999
 -1.50495e-05 -0.0121564 0.00718136
 -2.85477e-05 -0.0230597 0.0136225
 -3.17409e-05 -0.025639 0.0151462
 -3.66736e-05 -0.0296235 0.0175
weights matrix:
 -0.852505 0.0243121 0.114862
 1.50115 -1.31467 -0.43308
 -1.93394 0.710037 1.46986
 -1.58185 -0.275093 1.63327
 0.653545 0.457262 -2.14322
regression_error on 'test' 0.114648
classification_error on 'test' 0.184211
Save,1717,0.114648,0.184211
sample_count 75 Sample index 60
 i 0:0.559279 i 1:0.410364 i 2:0.536492 i 3:0.536988 bias 1
 test_print 3.04312
net matrix:
 -1.09421 0.164574 -0.591084
outputs matrix:
 0.100796 0.581552 0.234663
error matrix:
 -0.100796 0.418448 -0.234663
delta matrix:
 -0.0182715 0.203658 -0.0842889
weights_delta matrix:
 -0.00102189 0.0113902 -0.0047141
 -0.000749798 0.00835739 -0.00345891
 -0.000980253 0.0109261 -0.00452203
 -0.000981159 0.0109362 -0.00452621
 -0.00182715 0.0203658 -0.00842889
weights matrix:
 -0.853527 0.0357023 0.110148
 1.5004 -1.30631 -0.436538
 -1.93492 0.720963 1.46534
 -1.58284 -0.264157 1.62874
 0.651718 0.477628 -2.15165
regression_error on 'test' 0.118794
classification_error on 'test' 0.210526
Save,1718,0.118794,0.210526
sample_count 75 Sample index 4
 i 0:0.212844 i 1:0.516233 i 2:0.158468 i 3:0.135476 bias 1
 test_print 2.02302
net matrix:
 0.723547 -0.110671 -1.90069
outputs matrix:
 0.809551 0.444889 0.0218516
error matrix:
 0.190449 -0.444889 -0.0218516
delta matrix:
 0.0587263 -0.219742 -0.00093412
weights_delta matrix:
 0.00124995 -0.00467708 -1.98822e-05
 0.00303164 -0.0113438 -4.82223e-05
 0.000930624 -0.00348221 -1.48028e-05
 0.0007956 -0.00297698 -1.26551e-05
 0.00587263 -0.0219742 -9.3412e-05
weights matrix:
 -0.852277 0.0310252 0.110128
 1.50343 -1.31765 -0.436587
 -1.93399 0.71748 1.46532
 -1.58204 -0.267134 1.62873
 0.65759 0.455653 -2.15174
regression_error on 'test' 0.116127
classification_error on 'test' 0.184211
Save,1719,0.116127,0.184211
sample_count 75 Sample index 57
 i 0:0.374514 i 1:0.727972 i 2:0.158468 i 3:0.135476 bias 1
 test_print 2.39643
net matrix:
 0.912054 -0.414435 -1.97546
outputs matrix:
 0.861058 0.303884 0.018874
error matrix:
 0.138942 -0.303884 -0.018874
delta matrix:
 0.0332451 -0.128566 -0.000699009
weights_delta matrix:
 0.00124508 -0.00481499 -2.61789e-05
 0.00242015 -0.00935927 -5.08859e-05
 0.000526829 -0.00203736 -1.10771e-05
 0.000450392 -0.00174177 -9.4699e-06
 0.00332451 -0.0128566 -6.99009e-05
weights matrix:
 -0.851032 0.0262102 0.110102
 1.50585 -1.32701 -0.436638
 -1.93346 0.715443 1.46531
 -1.58159 -0.268876 1.62872
 0.660915 0.442797 -2.15181
regression_error on 'test' 0.114451
classification_error on 'test' 0.184211
Save,1720,0.114451,0.184211
sample_count 75 Sample index 8
 i 0:0.489992 i 1:0.375074 i 2:0.702823 i 3:0.755994 bias 1
 test_print 3.32388
net matrix:
 -1.74583 0.257473 -0.000474566
outputs matrix:
 0.0295503 0.625965 0.499763
error matrix:
 -0.0295503 -0.625965 0.500237
delta matrix:
 -0.00169483 -0.293118 0.250119
weights_delta matrix:
 -8.30455e-05 -0.0143625 0.0122556
 -6.35688e-05 -0.0109941 0.0093813
 -0.000119117 -0.020601 0.0175789
 -0.000128128 -0.0221595 0.0189088
 -0.000169483 -0.0293118 0.0250119
weights matrix:
 -0.851115 0.0118477 0.122357
 1.50579 -1.33801 -0.427256
 -1.93358 0.694842 1.48289
 -1.58172 -0.291035 1.64763
 0.660745 0.413485 -2.1268
regression_error on 'test' 0.107481
classification_error on 'test' 0.131579
Save,1721,0.107481,0.131579
sample_count 75 Sample index 40
 i 0:0.328323 i 1:0.763262 i 2:0.158468 i 3:0.171977 bias 1
 test_print 2.42203
net matrix:
 0.952186 -0.543817 -1.89439
outputs matrix:
 0.870386 0.252064 0.0221228
error matrix:
 0.129614 -0.252064 -0.0221228
delta matrix:
 0.0292448 -0.0950422 -0.000957179
weights_delta matrix:
 0.000960172 -0.00312046 -3.14264e-05
 0.00223214 -0.00725421 -7.30578e-05
 0.000463436 -0.00150612 -1.51682e-05
 0.000502942 -0.00163451 -1.64613e-05
 0.00292448 -0.00950422 -9.57179e-05
weights matrix:
 -0.850155 0.00872721 0.122326
 1.50802 -1.34526 -0.427329
 -1.93312 0.693336 1.48288
 -1.58122 -0.29267 1.64761
 0.66367 0.403981 -2.12689
regression_error on 'test' 0.106429
classification_error on 'test' 0.131579
Save,1722,0.106429,0.131579
sample_count 75 Sample index 40
 i 0:0.328323 i 1:0.763262 i 2:0.158468 i 3:0.171977 bias 1
 test_print 2.42203
net matrix:
 0.95729 -0.560402 -1.89456
outputs matrix:
 0.871533 0.245862 0.0221155
error matrix:
 0.128467 -0.245862 -0.0221155
delta matrix:
 0.0287673 -0.0911726 -0.000956561
weights_delta matrix:
 0.000944495 -0.0029934 -3.14061e-05
 0.0021957 -0.00695886 -7.30107e-05
 0.000455869 -0.00144479 -1.51584e-05
 0.000494731 -0.00156796 -1.64506e-05
 0.00287673 -0.00911726 -9.56561e-05
weights matrix:
 -0.84921 0.0057338 0.122294
 1.51022 -1.35222 -0.427402
 -1.93266 0.691891 1.48286
 -1.58072 -0.294238 1.6476
 0.666547 0.394863 -2.12699
regression_error on 'test' 0.105461
classification_error on 'test' 0.131579
Save,1723,0.105461,0.131579
sample_count 75 Sample index 70
 i 0:0.259036 i 1:0.622103 i 2:0.173589 i 3:0.135476 bias 1
 test_print 2.1902
net matrix:
 0.836442 -0.364629 -1.88058
outputs matrix:
 0.84196 0.325357 0.0227281
error matrix:
 0.15804 -0.325357 -0.0227281
delta matrix:
 0.0420586 -0.142832 -0.00100965
weights_delta matrix:
 0.00108947 -0.00369986 -2.61537e-05
 0.00261648 -0.00888562 -6.28109e-05
 0.000730092 -0.00247941 -1.75265e-05
 0.000569794 -0.00193503 -1.36784e-05
 0.00420586 -0.0142832 -0.000100965
weights matrix:
 -0.848121 0.00203394 0.122268
 1.51283 -1.36111 -0.427465
 -1.93193 0.689412 1.48284
 -1.58015 -0.296173 1.64758
 0.670752 0.38058 -2.12709
regression_error on 'test' 0.104124
classification_error on 'test' 0.105263
Save,1724,0.104124,0.105263
sample_count 75 Sample index 39
 i 0:0.397609 i 1:0.622103 i 2:0.18871 i 3:0.135476 bias 1
 test_print 2.3439
net matrix:
 0.696023 -0.375385 -1.84137
outputs matrix:
 0.800919 0.320654 0.0245369
error matrix:
 0.199081 -0.320654 -0.0245369
delta matrix:
 0.0634863 -0.139699 -0.00117457
weights_delta matrix:
 0.00252427 -0.00555456 -4.67021e-05
 0.0039495 -0.00869072 -7.30705e-05
 0.00119805 -0.00263626 -2.21654e-05
 0.000860087 -0.00189259 -1.59126e-05
 0.00634863 -0.0139699 -0.000117457
weights matrix:
 -0.845597 -0.00352062 0.122222
 1.51678 -1.3698 -0.427538
 -1.93073 0.686775 1.48282
 -1.57929 -0.298065 1.64757
 0.677101 0.36661 -2.12721
regression_error on 'test' 0.102815
classification_error on 'test' 0.0789474
Save,1725,0.102815,0.0789474
sample_count 75 Sample index 20
 i 0:0.489992 i 1:0.375074 i 2:0.521371 i 3:0.500487 bias 1
 test_print 2.88692
net matrix:
 -0.965372 0.0599971 -0.629993
outputs matrix:
 0.126668 0.529963 0.220976
error matrix:
 -0.126668 0.470037 -0.220976
delta matrix:
 -0.0280249 0.234175 -0.0760803
weights_delta matrix:
 -0.0013732 0.0114744 -0.00372787
 -0.00105114 0.00878329 -0.00285357
 -0.00146114 0.0122092 -0.0039666
 -0.00140261 0.0117201 -0.00380772
 -0.00280249 0.0234175 -0.00760803
weights matrix:
 -0.84697 0.00795375 0.118494
 1.51573 -1.36101 -0.430392
 -1.9322 0.698985 1.47885
 -1.58069 -0.286345 1.64376
 0.674299 0.390028 -2.13482
regression_error on 'test' 0.106072
classification_error on 'test' 0.131579
Save,1726,0.106072,0.131579
sample_count 75 Sample index 55
 i 0:0.628566 i 1:0.551523 i 2:0.612097 i 3:0.60999 bias 1
 test_print 3.40218
net matrix:
 -1.16902 -0.102424 -0.389827
outputs matrix:
 0.0880219 0.448966 0.314395
error matrix:
 -0.0880219 0.551034 -0.314395
delta matrix:
 -0.0141317 0.272647 -0.135536
weights_delta matrix:
 -0.000888274 0.0171376 -0.00851932
 -0.000779398 0.0150371 -0.00747511
 -0.000865 0.0166886 -0.00829611
 -0.000862023 0.0166312 -0.00826755
 -0.00141317 0.0272647 -0.0135536
weights matrix:
 -0.847858 0.0250914 0.109974
 1.51495 -1.34598 -0.437867
 -1.93306 0.715673 1.47056
 -1.58156 -0.269714 1.63549
 0.672885 0.417292 -2.14837
regression_error on 'test' 0.111399
classification_error on 'test' 0.157895
Save,1727,0.111399,0.157895
sample_count 75 Sample index 53
 i 0:0.489992 i 1:0.410364 i 2:0.702823 i 3:0.938499 bias 1
 test_print 3.54168
net matrix:
 -1.96376 0.127112 0.294281
outputs matrix:
 0.019312 0.563216 0.643035
error matrix:
 -0.019312 -0.563216 0.356965
delta matrix:
 -0.000731502 -0.277106 0.163876
weights_delta matrix:
 -3.5843e-05 -0.013578 0.00802979
 -3.00182e-05 -0.0113715 0.00672488
 -5.14116e-05 -0.0194757 0.0115176
 -6.86513e-05 -0.0260064 0.0153797
 -7.31502e-05 -0.0277106 0.0163876
weights matrix:
 -0.847894 0.0115134 0.118004
 1.51492 -1.35735 -0.431142
 -1.93311 0.696198 1.48208
 -1.58162 -0.29572 1.65087
 0.672812 0.389582 -2.13198
regression_error on 'test' 0.10547
classification_error on 'test' 0.131579
Save,1728,0.10547,0.131579
sample_count 75 Sample index 35
 i 0:0.189749 i 1:0.233915 i 2:0.128226 i 3:0.171977 bias 1
 test_print 1.72387
net matrix:
 0.34641 0.112676 -1.73649
outputs matrix:
 0.666594 0.556101 0.030091
error matrix:
 0.333406 -0.556101 -0.030091
delta matrix:
 0.148197 -0.27455 -0.00175644
weights_delta matrix:
 0.00281202 -0.00520956 -3.33283e-05
 0.00346654 -0.00642214 -4.10858e-05
 0.00190027 -0.00352044 -2.25221e-05
 0.00254864 -0.00472163 -3.02067e-05
 0.0148197 -0.027455 -0.000175644
weights matrix:
 -0.845082 0.00630384 0.117971
 1.51839 -1.36377 -0.431183
 -1.93121 0.692677 1.48205
 -1.57908 -0.300442 1.65084
 0.687632 0.362127 -2.13216
regression_error on 'test' 0.103318
classification_error on 'test' 0.0789474
Save,1729,0.103318,0.0789474
sample_count 75 Sample index 66
 i 0:0.60547 i 1:0.304495 i 2:0.672581 i 3:0.60999 bias 1
 test_print 3.19254
net matrix:
 -1.62381 0.233297 -0.188225
outputs matrix:
 0.0374122 0.614577 0.406983
error matrix:
 -0.0374122 0.385423 -0.406983
delta matrix:
 -0.00269461 0.182592 -0.196449
weights_delta matrix:
 -0.000163151 0.0110554 -0.0118944
 -8.20496e-05 0.00555982 -0.00598178
 -0.000181235 0.0122808 -0.0132128
 -0.000164369 0.0111379 -0.0119832
 -0.000269461 0.0182592 -0.0196449
weights matrix:
 -0.845245 0.0173592 0.106076
 1.51831 -1.35821 -0.437165
 -1.93139 0.704958 1.46884
 -1.57924 -0.289304 1.63886
 0.687362 0.380386 -2.1518
regression_error on 'test' 0.107365
classification_error on 'test' 0.131579
Save,1730,0.107365,0.131579
sample_count 75 Sample index 60
 i 0:0.559279 i 1:0.410364 i 2:0.536492 i 3:0.536988 bias 1
 test_print 3.04312
net matrix:
 -1.04652 0.0555855 -0.603805
outputs matrix:
 0.109776 0.527764 0.230124
error matrix:
 -0.109776 0.472236 -0.230124
delta matrix:
 -0.0214557 0.23539 -0.0815409
weights_delta matrix:
 -0.00119997 0.0131649 -0.00456041
 -0.000880465 0.00965955 -0.00334615
 -0.00115108 0.0126285 -0.00437461
 -0.00115215 0.0126402 -0.00437865
 -0.00214557 0.023539 -0.00815409
weights matrix:
 -0.846445 0.0305241 0.101516
 1.51743 -1.34855 -0.440511
 -1.93254 0.717586 1.46447
 -1.58039 -0.276664 1.63448
 0.685217 0.403925 -2.15996
regression_error on 'test' 0.111283
classification_error on 'test' 0.157895
Save,1731,0.111283,0.157895
sample_count 75 Sample index 53
 i 0:0.489992 i 1:0.410364 i 2:0.702823 i 3:0.938499 bias 1
 test_print 3.54168
net matrix:
 -1.94827 0.110172 0.272233
outputs matrix:
 0.0199077 0.554864 0.632851
error matrix:
 -0.0199077 -0.554864 0.367149
delta matrix:
 -0.000776854 -0.274092 0.170615
weights_delta matrix:
 -3.80652e-05 -0.0134303 0.00835999
 -3.18793e-05 -0.0112477 0.00700142
 -5.45991e-05 -0.0192638 0.0119912
 -7.29077e-05 -0.0257235 0.0160122
 -7.76854e-05 -0.0274092 0.0170615
weights matrix:
 -0.846483 0.0170938 0.109876
 1.51739 -1.3598 -0.43351
 -1.9326 0.698323 1.47646
 -1.58046 -0.302387 1.65049
 0.685139 0.376516 -2.14289
regression_error on 'test' 0.105348
classification_error on 'test' 0.131579
Save,1732,0.105348,0.131579
sample_count 75 Sample index 73
 i 0:0.582374 i 1:0.410364 i 2:0.65746 i 3:0.719493 bias 1
 test_print 3.36969
net matrix:
 -1.59289 0.070012 -0.0985744
outputs matrix:
 0.0397047 0.534949 0.450872
error matrix:
 -0.0397047 -0.534949 0.549128
delta matrix:
 -0.00302773 -0.266168 0.271913
weights_delta matrix:
 -0.000176327 -0.0155009 0.0158355
 -0.000124247 -0.0109226 0.0111583
 -0.000199061 -0.0174995 0.0178772
 -0.000217843 -0.0191506 0.019564
 -0.000302773 -0.0266168 0.0271913
weights matrix:
 -0.84666 0.00159289 0.125712
 1.51727 -1.37072 -0.422351
 -1.9328 0.680823 1.49433
 -1.58068 -0.321538 1.67005
 0.684836 0.349899 -2.1157
regression_error on 'test' 0.0998779
classification_error on 'test' 0.0526316
Save,1733,0.0998779,0.0526316
sample_count 75 Sample index 19
 i 0:0.674757 i 1:0.480944 i 2:0.596976 i 3:0.573489 bias 1
 test_print 3.32617
net matrix:
 -1.21707 -0.0862296 -0.384166
outputs matrix:
 0.0806063 0.456992 0.31684
error matrix:
 -0.0806063 0.543008 -0.31684
delta matrix:
 -0.0119473 0.269495 -0.137162
weights_delta matrix:
 -0.000806152 0.0181844 -0.00925507
 -0.000574598 0.0129612 -0.0065967
 -0.000713224 0.0160882 -0.00818822
 -0.000685164 0.0154553 -0.00786606
 -0.00119473 0.0269495 -0.0137162
weights matrix:
 -0.847466 0.0197773 0.116456
 1.5167 -1.35776 -0.428948
 -1.93351 0.696911 1.48615
 -1.58137 -0.306083 1.66219
 0.683642 0.376849 -2.12942
regression_error on 'test' 0.104132
classification_error on 'test' 0.105263
Save,1734,0.104132,0.105263
sample_count 75 Sample index 17
 i 0:0.443801 i 1:0.304495 i 2:0.521371 i 3:0.463986 bias 1
 test_print 2.73365
net matrix:
 -0.972447 0.193526 -0.662283
outputs matrix:
 0.125111 0.595573 0.21006
error matrix:
 -0.125111 0.404427 -0.21006
delta matrix:
 -0.0273889 0.194825 -0.0697124
weights_delta matrix:
 -0.00121552 0.00864637 -0.00309384
 -0.000833979 0.00593234 -0.00212271
 -0.00142798 0.0101576 -0.0036346
 -0.00127081 0.00903963 -0.00323456
 -0.00273889 0.0194825 -0.00697124
weights matrix:
 -0.848681 0.0284236 0.113363
 1.51586 -1.35183 -0.431071
 -1.93494 0.707069 1.48251
 -1.58264 -0.297043 1.65895
 0.680903 0.396331 -2.13639
regression_error on 'test' 0.106902
classification_error on 'test' 0.131579
Save,1735,0.106902,0.131579
sample_count 75 Sample index 58
 i 0:0.282131 i 1:0.516233 i 2:0.158468 i 3:0.0989754 bias 1
 test_print 2.05581
net matrix:
 0.760733 -0.21086 -1.92781
outputs matrix:
 0.820754 0.396105 0.0207218
error matrix:
 0.179246 -0.396105 -0.0207218
delta matrix:
 0.0527401 -0.189501 -0.000840992
weights_delta matrix:
 0.00148796 -0.00534642 -2.3727e-05
 0.00272262 -0.00978269 -4.34148e-05
 0.000835761 -0.00300299 -1.3327e-05
 0.000521997 -0.0018756 -8.32375e-06
 0.00527401 -0.0189501 -8.40992e-05
weights matrix:
 -0.847193 0.0230772 0.113339
 1.51858 -1.36161 -0.431114
 -1.9341 0.704066 1.4825
 -1.58212 -0.298919 1.65895
 0.686177 0.377381 -2.13647
regression_error on 'test' 0.105143
classification_error on 'test' 0.131579
Save,1736,0.105143,0.131579
sample_count 75 Sample index 32
 i 0:0.697853 i 1:0.516233 i 2:0.642339 i 3:0.60999 bias 1
 test_print 3.46642
net matrix:
 -1.32852 -0.039511 -0.315729
outputs matrix:
 0.0655563 0.480255 0.34718
error matrix:
 -0.0655563 0.519745 -0.34718
delta matrix:
 -0.00803177 0.259467 -0.157374
weights_delta matrix:
 -0.0005605 0.018107 -0.0109824
 -0.000414627 0.0133946 -0.00812416
 -0.000515912 0.0166666 -0.0101087
 -0.00048993 0.0158272 -0.00959965
 -0.000803177 0.0259467 -0.0157374
weights matrix:
 -0.847754 0.0411842 0.102357
 1.51817 -1.34822 -0.439238
 -1.93462 0.720733 1.47239
 -1.58261 -0.283091 1.64935
 0.685374 0.403328 -2.15221
regression_error on 'test' 0.110449
classification_error on 'test' 0.157895
Save,1737,0.110449,0.157895
sample_count 75 Sample index 36
 i 0:0.744044 i 1:0.516233 i 2:0.702823 i 3:0.901998 bias 1
 test_print 3.8651
net matrix:
 -1.94887 -0.0108233 0.219732
outputs matrix:
 0.0198845 0.494589 0.608131
error matrix:
 -0.0198845 -0.494589 0.391869
delta matrix:
 -0.00077506 -0.247265 0.18677
weights_delta matrix:
 -5.76678e-05 -0.0183976 0.0138965
 -4.00111e-05 -0.0127647 0.00964171
 -5.4473e-05 -0.0173784 0.0131267
 -6.99102e-05 -0.0223033 0.0168467
 -7.7506e-05 -0.0247265 0.018677
weights matrix:
 -0.847811 0.0227866 0.116253
 1.51813 -1.36098 -0.429597
 -1.93467 0.703354 1.48552
 -1.58268 -0.305395 1.66619
 0.685296 0.378601 -2.13354
regression_error on 'test' 0.104508
classification_error on 'test' 0.105263
Save,1738,0.104508,0.105263
sample_count 75 Sample index 30
 i 0:0.559279 i 1:0.410364 i 2:0.642339 i 3:0.500487 bias 1
 test_print 3.11247
net matrix:
 -1.20071 0.131794 -0.456695
outputs matrix:
 0.083065 0.565518 0.286307
error matrix:
 -0.083065 0.434482 -0.286307
delta matrix:
 -0.0126533 0.213511 -0.117005
weights_delta matrix:
 -0.000707674 0.0119412 -0.00654384
 -0.000519247 0.00876172 -0.00480146
 -0.000812773 0.0137146 -0.00751568
 -0.000633283 0.0106859 -0.00585594
 -0.00126533 0.0213511 -0.0117005
weights matrix:
 -0.848519 0.0347278 0.109709
 1.51761 -1.35222 -0.434398
 -1.93549 0.717069 1.478
 -1.58331 -0.294709 1.66034
 0.684031 0.399952 -2.14524
regression_error on 'test' 0.10827
classification_error on 'test' 0.131579
Save,1739,0.10827,0.131579
sample_count 75 Sample index 45
 i 0:0.697853 i 1:0.586813 i 2:0.793548 i 3:0.975 bias 1
 test_print 4.05321
net matrix:
 -2.09719 -0.0876247 0.468108
outputs matrix:
 0.0148562 0.456299 0.718334
error matrix:
 -0.0148562 -0.456299 0.281666
delta matrix:
 -0.000434855 -0.226407 0.113979
weights_delta matrix:
 -3.03465e-05 -0.0157999 0.00795404
 -2.55179e-05 -0.0132859 0.00668842
 -3.45078e-05 -0.0179665 0.00904476
 -4.23984e-05 -0.0220747 0.0111129
 -4.34855e-05 -0.0226407 0.0113979
weights matrix:
 -0.848549 0.0189279 0.117663
 1.51759 -1.3655 -0.42771
 -1.93552 0.699102 1.48705
 -1.58335 -0.316783 1.67145
 0.683987 0.377312 -2.13384
regression_error on 'test' 0.103405
classification_error on 'test' 0.0789474
Save,1740,0.103405,0.0789474
sample_count 75 Sample index 54
 i 0:0.305227 i 1:0.622103 i 2:0.158468 i 3:0.135476 bias 1
 test_print 2.22127
net matrix:
 0.847857 -0.398527 -1.90191
outputs matrix:
 0.844974 0.310656 0.0217995
error matrix:
 0.155026 -0.310656 -0.0217995
delta matrix:
 0.0406146 -0.133053 -0.000929721
weights_delta matrix:
 0.00123967 -0.00406115 -2.83776e-05
 0.00252664 -0.00827729 -5.78382e-05
 0.000643611 -0.00210847 -1.47331e-05
 0.00055023 -0.00180255 -1.25955e-05
 0.00406146 -0.0133053 -9.29721e-05
weights matrix:
 -0.84731 0.0148668 0.117635
 1.52011 -1.37378 -0.427767
 -1.93488 0.696994 1.48703
 -1.5828 -0.318586 1.67144
 0.688049 0.364006 -2.13393
regression_error on 'test' 0.102235
classification_error on 'test' 0.0789474
Save,1741,0.102235,0.0789474
sample_count 75 Sample index 66
 i 0:0.60547 i 1:0.304495 i 2:0.672581 i 3:0.60999 bias 1
 test_print 3.19254
net matrix:
 -1.62896 0.229149 -0.173251
outputs matrix:
 0.0370433 0.61261 0.414231
error matrix:
 -0.0370433 0.38739 -0.414231
delta matrix:
 -0.00264275 0.18387 -0.201021
weights_delta matrix:
 -0.000160011 0.0111328 -0.0121712
 -8.04704e-05 0.00559875 -0.00612099
 -0.000177746 0.0123667 -0.0135203
 -0.000161205 0.0112159 -0.0122621
 -0.000264275 0.018387 -0.0201021
weights matrix:
 -0.84747 0.0259996 0.105464
 1.52003 -1.36818 -0.433888
 -1.93506 0.709361 1.47351
 -1.58296 -0.30737 1.65917
 0.687784 0.382393 -2.15403
regression_error on 'test' 0.106194
classification_error on 'test' 0.131579
Save,1742,0.106194,0.131579
sample_count 75 Sample index 58
 i 0:0.282131 i 1:0.516233 i 2:0.158468 i 3:0.0989754 bias 1
 test_print 2.05581
net matrix:
 0.770059 -0.234584 -1.95054
outputs matrix:
 0.823482 0.384813 0.0198192
error matrix:
 0.176518 -0.384813 -0.0198192
delta matrix:
 0.0513172 -0.182195 -0.000770028
weights_delta matrix:
 0.00144782 -0.00514029 -2.17249e-05
 0.00264916 -0.00940552 -3.97514e-05
 0.000813214 -0.00288721 -1.22025e-05
 0.000507914 -0.00180328 -7.62138e-06
 0.00513172 -0.0182195 -7.70028e-05
weights matrix:
 -0.846022 0.0208593 0.105442
 1.52268 -1.37759 -0.433928
 -1.93424 0.706473 1.4735
 -1.58246 -0.309173 1.65917
 0.692916 0.364174 -2.15411
regression_error on 'test' 0.104623
classification_error on 'test' 0.131579
Save,1743,0.104623,0.131579
sample_count 75 Sample index 46
 i 0:0.928809 i 1:0.480944 i 2:0.854032 i 3:0.901998 bias 1
 test_print 4.16578
net matrix:
 -2.43983 0.0454822 0.490111
outputs matrix:
 0.0075423 0.522725 0.727152
error matrix:
 -0.0075423 -0.522725 0.272848
delta matrix:
 -0.000112915 -0.260823 0.108267
weights_delta matrix:
 -1.04876e-05 -0.0242255 0.0100559
 -5.43056e-06 -0.0125441 0.00520704
 -9.64327e-06 -0.0222751 0.00924636
 -1.01849e-05 -0.0235262 0.00976567
 -1.12915e-05 -0.0260823 0.0108267
weights matrix:
 -0.846032 -0.00336618 0.115498
 1.52267 -1.39013 -0.428721
 -1.93425 0.684198 1.48274
 -1.58247 -0.3327 1.66893
 0.692905 0.338091 -2.14328
regression_error on 'test' 0.0998382
classification_error on 'test' 0.0526316
Save,1744,0.0998382,0.0526316
sample_count 75 Sample index 9
 i 0:0.351418 i 1:0.375074 i 2:0.521371 i 3:0.573489 bias 1
 test_print 2.82135
net matrix:
 -0.949279 -0.0185725 -0.533323
outputs matrix:
 0.130272 0.490715 0.256042
error matrix:
 -0.130272 0.509285 -0.256042
delta matrix:
 -0.0295198 0.254555 -0.0975438
weights_delta matrix:
 -0.00103738 0.00894551 -0.00342787
 -0.00110721 0.00954769 -0.00365862
 -0.00153908 0.0132717 -0.00508565
 -0.00169293 0.0145984 -0.00559403
 -0.00295198 0.0254555 -0.00975438
weights matrix:
 -0.84707 0.00557933 0.11207
 1.52157 -1.38058 -0.43238
 -1.93579 0.69747 1.47766
 -1.58416 -0.318101 1.66334
 0.689953 0.363547 -2.15304
regression_error on 'test' 0.103002
classification_error on 'test' 0.0789474
Save,1745,0.103002,0.0789474
sample_count 75 Sample index 74
 i 0:0.443801 i 1:0.480944 i 2:0.551613 i 3:0.536988 bias 1
 test_print 3.01335
net matrix:
 -0.87267 -0.0840439 -0.602962
outputs matrix:
 0.148636 0.458077 0.230423
error matrix:
 -0.148636 0.541923 -0.230423
delta matrix:
 -0.0376178 0.269057 -0.081721
weights_delta matrix:
 -0.00166948 0.0119408 -0.00362679
 -0.0018092 0.0129401 -0.00393032
 -0.00207505 0.0148415 -0.00450784
 -0.00202003 0.014448 -0.00438832
 -0.00376178 0.0269057 -0.0081721
weights matrix:
 -0.848739 0.0175201 0.108443
 1.51976 -1.36764 -0.43631
 -1.93787 0.712312 1.47315
 -1.58618 -0.303653 1.65895
 0.686191 0.390453 -2.16121
regression_error on 'test' 0.106844
classification_error on 'test' 0.131579
Save,1746,0.106844,0.131579
sample_count 75 Sample index 64
 i 0:0.282131 i 1:0.516233 i 2:0.158468 i 3:0.0989754 bias 1
 test_print 2.05581
net matrix:
 0.767203 -0.227803 -1.95821
outputs matrix:
 0.82265 0.388029 0.0195235
error matrix:
 0.17735 -0.388029 -0.0195235
delta matrix:
 0.0517497 -0.184284 -0.000747452
weights_delta matrix:
 0.00146002 -0.00519923 -2.10879e-05
 0.00267149 -0.00951337 -3.85859e-05
 0.000820067 -0.00292032 -1.18447e-05
 0.000512195 -0.00182396 -7.39794e-06
 0.00517497 -0.0184284 -7.47452e-05
weights matrix:
 -0.847279 0.0123209 0.108422
 1.52243 -1.37716 -0.436349
 -1.93705 0.709391 1.47314
 -1.58567 -0.305477 1.65894
 0.691366 0.372024 -2.16128
regression_error on 'test' 0.105221
classification_error on 'test' 0.131579
Save,1747,0.105221,0.131579
sample_count 75 Sample index 11
 i 0:0.536183 i 1:0.198626 i 2:0.536492 i 3:0.427485 bias 1
 test_print 2.69879
net matrix:
 -1.17759 0.355087 -0.69032
outputs matrix:
 0.0866542 0.67044 0.200906
error matrix:
 -0.0866542 0.32956 -0.200906
delta matrix:
 -0.0137165 0.145633 -0.0645082
weights_delta matrix:
 -0.000735458 0.00780859 -0.00345882
 -0.000272446 0.00289265 -0.0012813
 -0.000735882 0.00781309 -0.00346081
 -0.000586362 0.00622559 -0.00275763
 -0.00137165 0.0145633 -0.00645082
weights matrix:
 -0.848015 0.0201295 0.104963
 1.52216 -1.37427 -0.43763
 -1.93778 0.717204 1.46968
 -1.58625 -0.299251 1.65619
 0.689994 0.386587 -2.16774
regression_error on 'test' 0.107375
classification_error on 'test' 0.131579
Save,1748,0.107375,0.131579
sample_count 75 Sample index 59
 i 0:0.60547 i 1:0.233915 i 2:0.596976 i 3:0.536988 bias 1
 test_print 2.97335
net matrix:
 -1.47601 0.344773 -0.439837
outputs matrix:
 0.0496416 0.665866 0.293245
error matrix:
 -0.0496416 0.334134 -0.293245
delta matrix:
 -0.00468391 0.148682 -0.121552
weights_delta matrix:
 -0.000283597 0.00900224 -0.00735959
 -0.000109564 0.00347789 -0.00284328
 -0.000279618 0.00887595 -0.00725635
 -0.000251521 0.00798404 -0.00652718
 -0.000468391 0.0148682 -0.0121552
weights matrix:
 -0.848298 0.0291317 0.0976037
 1.52205 -1.37079 -0.440473
 -1.93806 0.72608 1.46242
 -1.5865 -0.291267 1.64966
 0.689526 0.401456 -2.17989
regression_error on 'test' 0.110456
classification_error on 'test' 0.157895
Save,1749,0.110456,0.157895
sample_count 75 Sample index 45
 i 0:0.697853 i 1:0.586813 i 2:0.793548 i 3:0.975 bias 1
 test_print 4.05321
net matrix:
 -2.09409 -0.0904169 0.398666
outputs matrix:
 0.0149471 0.454914 0.689404
error matrix:
 -0.0149471 -0.454914 0.310596
delta matrix:
 -0.000440152 -0.225608 0.133014
weights_delta matrix:
 -3.07161e-05 -0.0157441 0.0092824
 -2.58287e-05 -0.013239 0.00780542
 -3.49281e-05 -0.0179031 0.0105553
 -4.29148e-05 -0.0219968 0.0129688
 -4.40152e-05 -0.0225608 0.0133014
weights matrix:
 -0.848329 0.0133876 0.106886
 1.52202 -1.38403 -0.432668
 -1.9381 0.708177 1.47298
 -1.58655 -0.313264 1.66263
 0.689482 0.378895 -2.16659
regression_error on 'test' 0.105161
classification_error on 'test' 0.131579
Save,1750,0.105161,0.131579
sample_count 75 Sample index 46
 i 0:0.928809 i 1:0.480944 i 2:0.854032 i 3:0.901998 bias 1
 test_print 4.16578
net matrix:
 -2.4527 0.0479325 0.482255
outputs matrix:
 0.00735197 0.523948 0.724024
error matrix:
 -0.00735197 -0.523948 0.275976
delta matrix:
 -0.000107308 -0.261373 0.110287
weights_delta matrix:
 -9.96687e-06 -0.0242766 0.0102436
 -5.16091e-06 -0.0125706 0.00530421
 -9.16445e-06 -0.0223221 0.0094189
 -9.67916e-06 -0.0235758 0.0099479
 -1.07308e-05 -0.0261373 0.0110287
weights matrix:
 -0.848339 -0.010889 0.11713
 1.52202 -1.3966 -0.427364
 -1.93811 0.685855 1.4824
 -1.58656 -0.33684 1.67257
 0.689471 0.352758 -2.15556
regression_error on 'test' 0.100253
classification_error on 'test' 0.0789474
Save,1751,0.100253,0.0789474
sample_count 75 Sample index 45
 i 0:0.697853 i 1:0.586813 i 2:0.793548 i 3:0.975 bias 1
 test_print 4.05321
net matrix:
 -2.09428 -0.258543 0.48251
outputs matrix:
 0.0149416 0.373534 0.724126
error matrix:
 -0.0149416 -0.373534 0.275874
delta matrix:
 -0.000439829 -0.174819 0.110222
weights_delta matrix:
 -3.06936e-05 -0.0121998 0.00769184
 -2.58097e-05 -0.0102586 0.00646794
 -3.49025e-05 -0.0138727 0.00874661
 -4.28833e-05 -0.0170448 0.0107466
 -4.39829e-05 -0.0174819 0.0110222
weights matrix:
 -0.84837 -0.0230887 0.124822
 1.52199 -1.40686 -0.420896
 -1.93814 0.671982 1.49114
 -1.5866 -0.353885 1.68332
 0.689427 0.335276 -2.14454
regression_error on 'test' 0.0972141
classification_error on 'test' 0.105263
Save,1752,0.0972141,0.105263
sample_count 75 Sample index 10
 i 0:0.697853 i 1:0.304495 i 2:0.808669 i 3:0.719493 bias 1
 test_print 3.53051
net matrix:
 -2.14803 0.179576 0.231388
outputs matrix:
 0.013439 0.588835 0.613672
error matrix:
 -0.013439 -0.588835 0.386328
delta matrix:
 -0.000356359 -0.285124 0.18318
weights_delta matrix:
 -2.48686e-05 -0.0198975 0.0127833
 -1.0851e-05 -0.00868188 0.00557774
 -2.88176e-05 -0.0230571 0.0148132
 -2.56398e-05 -0.0205145 0.0131797
 -3.56359e-05 -0.0285124 0.018318
weights matrix:
 -0.848395 -0.0429862 0.137605
 1.52198 -1.41554 -0.415318
 -1.93817 0.648925 1.50596
 -1.58663 -0.374399 1.6965
 0.689392 0.306763 -2.12622
regression_error on 'test' 0.0935926
classification_error on 'test' 0.0789474
Save,1753,0.0935926,0.0789474
sample_count 75 Sample index 11
 i 0:0.536183 i 1:0.198626 i 2:0.536492 i 3:0.427485 bias 1
 test_print 2.69879
net matrix:
 -1.18127 0.190645 -0.601769
outputs matrix:
 0.0860744 0.594184 0.230846
error matrix:
 -0.0860744 0.405816 -0.230846
delta matrix:
 -0.0135422 0.195708 -0.0819764
weights_delta matrix:
 -0.000726109 0.0104935 -0.00439544
 -0.000268983 0.00388727 -0.00162826
 -0.000726527 0.0104996 -0.00439797
 -0.000578908 0.00836623 -0.00350437
 -0.00135422 0.0195708 -0.00819764
weights matrix:
 -0.849121 -0.0324927 0.133209
 1.52171 -1.41165 -0.416946
 -1.9389 0.659425 1.50156
 -1.5872 -0.366033 1.693
 0.688038 0.326334 -2.13442
regression_error on 'test' 0.0951766
classification_error on 'test' 0.0789474
Save,1754,0.0951766,0.0789474
sample_count 75 Sample index 17
 i 0:0.443801 i 1:0.304495 i 2:0.521371 i 3:0.463986 bias 1
 test_print 2.73365
net matrix:
 -0.972774 0.0560442 -0.633862
outputs matrix:
 0.12504 0.527993 0.219647
error matrix:
 -0.12504 0.472007 -0.219647
delta matrix:
 -0.0273599 0.235264 -0.0752961
weights_delta matrix:
 -0.00121423 0.010441 -0.00334165
 -0.000833094 0.00716367 -0.00229273
 -0.00142646 0.012266 -0.00392572
 -0.00126946 0.0109159 -0.00349363
 -0.00273599 0.0235264 -0.00752961
weights matrix:
 -0.850335 -0.0220516 0.129868
 1.52088 -1.40449 -0.419239
 -1.94032 0.671691 1.49763
 -1.58847 -0.355117 1.6895
 0.685302 0.34986 -2.14195
regression_error on 'test' 0.097289
classification_error on 'test' 0.105263
Save,1755,0.097289,0.105263
sample_count 75 Sample index 27
 i 0:0.328323 i 1:0.622103 i 2:0.158468 i 3:0.135476 bias 1
 test_print 2.24437
net matrix:
 0.829581 -0.472783 -1.8939
outputs matrix:
 0.840125 0.279777 0.0221437
error matrix:
 0.159875 -0.279777 -0.0221437
delta matrix:
 0.042947 -0.112751 -0.000958972
weights_delta matrix:
 0.00141005 -0.00370189 -3.14852e-05
 0.00267174 -0.0070143 -5.96579e-05
 0.000680572 -0.00178675 -1.51966e-05
 0.000581829 -0.00152751 -1.29918e-05
 0.0042947 -0.0112751 -9.58972e-05
weights matrix:
 -0.848925 -0.0257535 0.129836
 1.52355 -1.4115 -0.419299
 -1.93964 0.669904 1.49762
 -1.58789 -0.356645 1.68949
 0.689596 0.338585 -2.14204
regression_error on 'test' 0.0965777
classification_error on 'test' 0.0789474
Save,1756,0.0965777,0.0789474
sample_count 75 Sample index 31
 i 0:0.559279 i 1:0.339785 i 2:0.778427 i 3:0.573489 bias 1
 test_print 3.25098
net matrix:
 -1.68802 0.161515 -0.07721
outputs matrix:
 0.0330529 0.580062 0.461472
error matrix:
 -0.0330529 -0.580062 0.538528
delta matrix:
 -0.00211276 -0.282595 0.267665
weights_delta matrix:
 -0.000118162 -0.0158049 0.01497
 -7.17886e-05 -0.00960215 0.00909487
 -0.000164463 -0.0219979 0.0208358
 -0.000121165 -0.0162065 0.0153503
 -0.000211276 -0.0282595 0.0267665
weights matrix:
 -0.849043 -0.0415584 0.144806
 1.52348 -1.4211 -0.410204
 -1.93981 0.647906 1.51845
 -1.58801 -0.372851 1.70484
 0.689385 0.310326 -2.11528
regression_error on 'test' 0.0928943
classification_error on 'test' 0.0789474
Save,1757,0.0928943,0.0789474
sample_count 75 Sample index 72
 i 0:0.905713 i 1:0.480944 i 2:0.929637 i 3:0.828996 bias 1
 test_print 4.14529
net matrix:
 -2.46667 -0.11756 0.643507
outputs matrix:
 0.00715093 0.441489 0.783641
error matrix:
 -0.00715093 -0.441489 0.216359
delta matrix:
 -0.00010154 -0.217722 0.0733661
weights_delta matrix:
 -9.19663e-06 -0.0197194 0.00664486
 -4.88352e-06 -0.0104712 0.0035285
 -9.43956e-06 -0.0202402 0.00682038
 -8.41765e-06 -0.0180491 0.00608202
 -1.0154e-05 -0.0217722 0.00733661
weights matrix:
 -0.849052 -0.0612778 0.151451
 1.52347 -1.43157 -0.406675
 -1.93982 0.627666 1.52527
 -1.58802 -0.3909 1.71092
 0.689375 0.288554 -2.10794
regression_error on 'test' 0.0910107
classification_error on 'test' 0.157895
Save,1758,0.0910107,0.157895
sample_count 75 Sample index 5
 i 0:0.536183 i 1:0.198626 i 2:0.687702 i 3:0.60999 bias 1
 test_print 3.0325
net matrix:
 -1.76596 0.164552 -0.0149315
outputs matrix:
 0.0284174 0.581541 0.492535
error matrix:
 -0.0284174 -0.581541 0.507465
delta matrix:
 -0.0015692 -0.283037 0.253676
weights_delta matrix:
 -8.41376e-05 -0.015176 0.0136017
 -3.11683e-05 -0.00562186 0.00503867
 -0.000107914 -0.0194645 0.0174454
 -9.57194e-05 -0.017265 0.015474
 -0.00015692 -0.0283037 0.0253676
weights matrix:
 -0.849136 -0.0764538 0.165053
 1.52344 -1.4372 -0.401637
 -1.93992 0.608202 1.54272
 -1.58812 -0.408165 1.7264
 0.689218 0.26025 -2.08257
regression_error on 'test' 0.0892236
classification_error on 'test' 0.157895
Save,1759,0.0892236,0.157895
sample_count 75 Sample index 43
 i 0:0.582374 i 1:0.198626 i 2:0.612097 i 3:0.60999 bias 1
 test_print 3.00309
net matrix:
 -1.65886 0.0535624 -0.0688473
outputs matrix:
 0.0349684 0.526756 0.465631
error matrix:
 -0.0349684 0.473244 -0.465631
delta matrix:
 -0.00236006 0.235945 -0.231715
weights_delta matrix:
 -0.000137444 0.0137408 -0.0134945
 -4.68769e-05 0.00468647 -0.00460247
 -0.000144458 0.0144421 -0.0141832
 -0.000143961 0.0143924 -0.0141344
 -0.000236006 0.0235945 -0.0231715
weights matrix:
 -0.849274 -0.062713 0.151558
 1.5234 -1.43251 -0.406239
 -1.94007 0.622644 1.52854
 -1.58826 -0.393773 1.71226
 0.688982 0.283844 -2.10574
regression_error on 'test' 0.0907093
classification_error on 'test' 0.157895
Save,1760,0.0907093,0.157895
sample_count 75 Sample index 63
 i 0:0.420705 i 1:0.904421 i 2:0.143347 i 3:0.135476 bias 1
 test_print 2.60395
net matrix:
 1.2162 -1.00222 -1.95831
outputs matrix:
 0.919266 0.118737 0.0195196
error matrix:
 0.0807345 -0.118737 -0.0195196
delta matrix:
 0.0119836 -0.0248488 -0.000747153
weights_delta matrix:
 0.000504158 -0.0010454 -3.14331e-05
 0.00108383 -0.00224738 -6.75741e-05
 0.000171782 -0.000356201 -1.07102e-05
 0.00016235 -0.000336642 -1.01221e-05
 0.00119836 -0.00248488 -7.47153e-05
weights matrix:
 -0.84877 -0.0637584 0.151527
 1.52448 -1.43476 -0.406307
 -1.9399 0.622287 1.52853
 -1.5881 -0.394109 1.71225
 0.69018 0.28136 -2.10582
regression_error on 'test' 0.0906275
classification_error on 'test' 0.184211
Save,1761,0.0906275,0.184211
sample_count 75 Sample index 42
 i 0:0.651661 i 1:0.551523 i 2:0.702823 i 3:0.792495 bias 1
 test_print 3.6985
net matrix:
 -1.64411 -0.426463 0.200072
outputs matrix:
 0.0359777 0.29882 0.598722
error matrix:
 -0.0359777 -0.29882 0.401278
delta matrix:
 -0.00249565 -0.125221 0.192817
weights_delta matrix:
 -0.000162632 -0.00816018 0.0125651
 -0.000137641 -0.00690624 0.0106343
 -0.0001754 -0.00880083 0.0135516
 -0.000197779 -0.00992372 0.0152807
 -0.000249565 -0.0125221 0.0192817
weights matrix:
 -0.848932 -0.0719186 0.164092
 1.52434 -1.44166 -0.395672
 -1.94007 0.613487 1.54208
 -1.5883 -0.404033 1.72753
 0.689931 0.268837 -2.08654
regression_error on 'test' 0.0894122
classification_error on 'test' 0.157895
Save,1762,0.0894122,0.157895
sample_count 75 Sample index 21
 i 0:0.836426 i 1:0.445654 i 2:0.884274 i 3:0.719493 bias 1
 test_print 3.88585
net matrix:
 -2.19913 -0.182009 0.480947
outputs matrix:
 0.0121493 0.409987 0.723501
error matrix:
 -0.0121493 -0.409987 0.276499
delta matrix:
 -0.000291622 -0.19835 0.110626
weights_delta matrix:
 -2.4392e-05 -0.0165905 0.00925304
 -1.29963e-05 -0.00883955 0.00493009
 -2.57874e-05 -0.0175396 0.00978236
 -2.0982e-05 -0.0142711 0.00795946
 -2.91622e-05 -0.019835 0.0110626
weights matrix:
 -0.848957 -0.0885091 0.173345
 1.52433 -1.4505 -0.390742
 -1.9401 0.595947 1.55186
 -1.58832 -0.418304 1.73549
 0.689901 0.249002 -2.07547
regression_error on 'test' 0.0885793
classification_error on 'test' 0.157895
Save,1763,0.0885793,0.157895
sample_count 75 Sample index 38
 i 0:0.397609 i 1:0.798551 i 2:0.128226 i 3:0.208478 bias 1
 test_print 2.53286
net matrix:
 0.989703 -0.955281 -1.75778
outputs matrix:
 0.878618 0.128918 0.0288728
error matrix:
 0.121382 -0.128918 -0.0288728
delta matrix:
 0.0258905 -0.0289543 -0.00161914
weights_delta matrix:
 0.00102943 -0.00115125 -6.43786e-05
 0.00206749 -0.00231215 -0.000129297
 0.000331983 -0.00037127 -2.07616e-05
 0.00053976 -0.000603634 -3.37556e-05
 0.00258905 -0.00289543 -0.000161914
weights matrix:
 -0.847927 -0.0896603 0.173281
 1.5264 -1.45282 -0.390871
 -1.93976 0.595576 1.55184
 -1.58778 -0.418908 1.73546
 0.692491 0.246107 -2.07564
regression_error on 'test' 0.088533
classification_error on 'test' 0.157895
Save,1764,0.088533,0.157895
sample_count 75 Sample index 62
 i 0:0.582374 i 1:0.622103 i 2:0.748185 i 3:0.901998 bias 1
 test_print 3.85466
net matrix:
 -1.73522 -0.642163 0.508558
outputs matrix:
 0.0301651 0.216815 0.73441
error matrix:
 -0.0301651 -0.216815 0.26559
delta matrix:
 -0.00176497 -0.073633 0.103608
weights_delta matrix:
 -0.000102787 -0.00428819 0.00603383
 -0.000109799 -0.00458073 0.00644546
 -0.000132053 -0.00550911 0.00775176
 -0.0001592 -0.00664168 0.00934538
 -0.000176497 -0.0073633 0.0103608
weights matrix:
 -0.84803 -0.0939485 0.179314
 1.52629 -1.4574 -0.384426
 -1.9399 0.590067 1.55959
 -1.58794 -0.42555 1.7448
 0.692314 0.238744 -2.06528
regression_error on 'test' 0.0882636
classification_error on 'test' 0.157895
Save,1765,0.0882636,0.157895
sample_count 75 Sample index 16
 i 0:0.60547 i 1:0.304495 i 2:0.687702 i 3:0.755994 bias 1
 test_print 3.35366
net matrix:
 -1.89094 -0.177832 0.317832
outputs matrix:
 0.0222726 0.41201 0.653773
error matrix:
 -0.0222726 -0.41201 0.346227
delta matrix:
 -0.000970036 -0.199625 0.15674
weights_delta matrix:
 -5.87328e-05 -0.0120867 0.00949012
 -2.95371e-05 -0.00607848 0.00477265
 -6.67096e-05 -0.0137283 0.010779
 -7.33341e-05 -0.0150915 0.0118494
 -9.70036e-05 -0.0199625 0.015674
weights matrix:
 -0.848089 -0.106035 0.188805
 1.52626 -1.46347 -0.379653
 -1.93996 0.576338 1.57037
 -1.58801 -0.440641 1.75665
 0.692217 0.218781 -2.0496
regression_error on 'test' 0.0881011
classification_error on 'test' 0.184211
Save,1766,0.0881011,0.184211
sample_count 75 Sample index 74
 i 0:0.443801 i 1:0.480944 i 2:0.551613 i 3:0.536988 bias 1
 test_print 3.01335
net matrix:
 -0.872973 -0.45083 -0.338864
outputs matrix:
 0.148559 0.28871 0.336768
error matrix:
 -0.148559 0.71129 -0.336768
delta matrix:
 -0.0375823 0.292136 -0.150438
weights_delta matrix:
 -0.00166791 0.012965 -0.00667646
 -0.0018075 0.0140501 -0.00723523
 -0.00207309 0.0161146 -0.00829836
 -0.00201813 0.0156874 -0.00807835
 -0.00375823 0.0292136 -0.0150438
weights matrix:
 -0.849757 -0.0930702 0.182128
 1.52445 -1.44942 -0.386889
 -1.94204 0.592453 1.56207
 -1.59003 -0.424954 1.74857
 0.688459 0.247995 -2.06465
regression_error on 'test' 0.0882917
classification_error on 'test' 0.157895
Save,1767,0.0882917,0.157895
sample_count 75 Sample index 19
 i 0:0.674757 i 1:0.480944 i 2:0.596976 i 3:0.573489 bias 1
 test_print 3.32617
net matrix:
 -1.22296 -0.401923 -0.192518
outputs matrix:
 0.0797376 0.309203 0.404913
error matrix:
 -0.0797376 0.690797 -0.404913
delta matrix:
 -0.0117022 0.295104 -0.195134
weights_delta matrix:
 -0.000789615 0.0199123 -0.0131668
 -0.000562811 0.0141928 -0.00938487
 -0.000698594 0.017617 -0.0116491
 -0.000671109 0.0169239 -0.0111907
 -0.00117022 0.0295104 -0.0195134
weights matrix:
 -0.850546 -0.0731579 0.168961
 1.52389 -1.43523 -0.396273
 -1.94274 0.61007 1.55042
 -1.5907 -0.40803 1.73738
 0.687289 0.277505 -2.08416
regression_error on 'test' 0.0892388
classification_error on 'test' 0.157895
Save,1768,0.0892388,0.157895
sample_count 75 Sample index 29
 i 0:0.420705 i 1:0.304495 i 2:0.536492 i 3:0.536988 bias 1
 test_print 2.79868
net matrix:
 -1.10297 -0.082103 -0.368996
outputs matrix:
 0.0992178 0.459041 0.323443
error matrix:
 -0.0992178 0.540959 -0.323443
delta matrix:
 -0.0177349 0.268665 -0.141557
weights_delta matrix:
 -0.000746116 0.0113029 -0.00595536
 -0.000540019 0.0081807 -0.00431033
 -0.000951463 0.0144136 -0.00759441
 -0.000952343 0.014427 -0.00760143
 -0.00177349 0.0268665 -0.0141557
weights matrix:
 -0.851292 -0.061855 0.163006
 1.52335 -1.42705 -0.400584
 -1.94369 0.624484 1.54283
 -1.59165 -0.393603 1.72978
 0.685515 0.304372 -2.09831
regression_error on 'test' 0.0904969
classification_error on 'test' 0.184211
Save,1769,0.0904969,0.184211
sample_count 75 Sample index 29
 i 0:0.420705 i 1:0.304495 i 2:0.536492 i 3:0.536988 bias 1
 test_print 2.79868
net matrix:
 -1.10625 -0.0325104 -0.395126
outputs matrix:
 0.0986342 0.483751 0.312115
error matrix:
 -0.0986342 0.516249 -0.312115
delta matrix:
 -0.0175382 0.257852 -0.134021
weights_delta matrix:
 -0.000737842 0.010848 -0.00563835
 -0.00053403 0.00785147 -0.00408089
 -0.000940912 0.0138336 -0.00719014
 -0.000941782 0.0138463 -0.00719679
 -0.00175382 0.0257852 -0.0134021
weights matrix:
 -0.85203 -0.051007 0.157368
 1.52281 -1.4192 -0.404665
 -1.94463 0.638317 1.53564
 -1.59259 -0.379757 1.72259
 0.683761 0.330157 -2.11172
regression_error on 'test' 0.0921769
classification_error on 'test' 0.0789474
Save,1770,0.0921769,0.0789474
sample_count 75 Sample index 42
 i 0:0.651661 i 1:0.551523 i 2:0.702823 i 3:0.792495 bias 1
 test_print 3.6985
net matrix:
 -1.66046 -0.338135 0.212073
outputs matrix:
 0.0348605 0.337094 0.604475
error matrix:
 -0.0348605 -0.337094 0.395525
delta matrix:
 -0.00234578 -0.150655 0.189128
weights_delta matrix:
 -0.000152865 -0.00981763 0.0123247
 -0.000129375 -0.008309 0.0104308
 -0.000164867 -0.0105884 0.0132924
 -0.000185902 -0.0119394 0.0149883
 -0.000234578 -0.0150655 0.0189128
weights matrix:
 -0.852183 -0.0608247 0.169692
 1.52268 -1.42751 -0.394234
 -1.94479 0.627729 1.54893
 -1.59278 -0.391696 1.73757
 0.683527 0.315091 -2.0928
regression_error on 'test' 0.090542
classification_error on 'test' 0.184211
Save,1771,0.090542,0.184211
sample_count 75 Sample index 8
 i 0:0.489992 i 1:0.375074 i 2:0.702823 i 3:0.755994 bias 1
 test_print 3.32388
net matrix:
 -1.73389 -0.105071 0.244696
outputs matrix:
 0.0302428 0.447657 0.619963
error matrix:
 -0.0302428 -0.447657 0.380037
delta matrix:
 -0.00177393 -0.221375 0.17908
weights_delta matrix:
 -8.69212e-05 -0.0108472 0.00877478
 -6.65355e-05 -0.00830322 0.00671683
 -0.000124676 -0.0155588 0.0125862
 -0.000134108 -0.0167359 0.0135383
 -0.000177393 -0.0221375 0.017908
weights matrix:
 -0.85227 -0.0716719 0.178467
 1.52262 -1.43581 -0.387517
 -1.94492 0.61217 1.56152
 -1.59291 -0.408432 1.75111
 0.683349 0.292954 -2.0749
regression_error on 'test' 0.0892053
classification_error on 'test' 0.157895
Save,1772,0.0892053,0.157895
sample_count 75 Sample index 73
 i 0:0.582374 i 1:0.410364 i 2:0.65746 i 3:0.719493 bias 1
 test_print 3.36969
net matrix:
 -1.61296 -0.229378 0.156563
outputs matrix:
 0.0382019 0.387281 0.577648
error matrix:
 -0.0382019 -0.387281 0.422352
delta matrix:
 -0.00280727 -0.183799 0.206083
weights_delta matrix:
 -0.000163488 -0.010704 0.0120017
 -0.0001152 -0.00754246 0.00845691
 -0.000184567 -0.0120841 0.0135491
 -0.000201981 -0.0132242 0.0148275
 -0.000280727 -0.0183799 0.0206083
weights matrix:
 -0.852434 -0.0823759 0.190469
 1.5225 -1.44335 -0.37906
 -1.9451 0.600086 1.57506
 -1.59312 -0.421656 1.76594
 0.683069 0.274574 -2.05429
regression_error on 'test' 0.0885381
classification_error on 'test' 0.157895
Save,1773,0.0885381,0.157895
sample_count 75 Sample index 25
 i 0:0.628566 i 1:0.410364 i 2:0.778427 i 3:0.865497 bias 1
 test_print 3.68285
net matrix:
 -2.12092 -0.267324 0.664371
outputs matrix:
 0.0141773 0.369433 0.790632
error matrix:
 -0.0141773 -0.369433 0.209368
delta matrix:
 -0.00039629 -0.172121 0.0693144
weights_delta matrix:
 -2.49094e-05 -0.0108189 0.00435687
 -1.62623e-05 -0.00706322 0.00284441
 -3.08483e-05 -0.0133983 0.00539562
 -3.42988e-05 -0.014897 0.00599914
 -3.9629e-05 -0.0172121 0.00693144
weights matrix:
 -0.852458 -0.0931948 0.194826
 1.52248 -1.45042 -0.376216
 -1.94513 0.586688 1.58046
 -1.59315 -0.436553 1.77194
 0.683029 0.257362 -2.04736
regression_error on 'test' 0.0882061
classification_error on 'test' 0.184211
Save,1774,0.0882061,0.184211
sample_count 75 Sample index 54
 i 0:0.305227 i 1:0.622103 i 2:0.158468 i 3:0.135476 bias 1
 test_print 2.22127
net matrix:
 0.845903 -0.639564 -1.73143
outputs matrix:
 0.844462 0.217699 0.0303878
error matrix:
 0.155538 -0.217699 -0.0303878
delta matrix:
 0.0408588 -0.0741508 -0.00179072
weights_delta matrix:
 0.00124712 -0.00226328 -5.46575e-05
 0.00254184 -0.00461294 -0.000111401
 0.000647481 -0.00117505 -2.83771e-05
 0.000553538 -0.00100457 -2.42599e-05
 0.00408588 -0.00741508 -0.000179072
weights matrix:
 -0.851211 -0.0954581 0.194771
 1.52503 -1.45503 -0.376327
 -1.94449 0.585513 1.58043
 -1.5926 -0.437558 1.77191
 0.687115 0.249947 -2.04754
regression_error on 'test' 0.0881286
classification_error on 'test' 0.184211
Save,1775,0.0881286,0.184211
sample_count 75 Sample index 7
 i 0:0.651661 i 1:0.410364 i 2:0.627218 i 3:0.60999 bias 1
 test_print 3.29923
net matrix:
 -1.43285 -0.309013 -0.00291582
outputs matrix:
 0.053875 0.35023 0.498542
error matrix:
 -0.053875 0.64977 -0.498542
delta matrix:
 -0.00549228 0.295735 -0.249269
weights_delta matrix:
 -0.000357911 0.0192719 -0.0162439
 -0.000225383 0.0121359 -0.0102291
 -0.000344486 0.018549 -0.0156346
 -0.000335024 0.0180395 -0.0152052
 -0.000549228 0.0295735 -0.0249269
weights matrix:
 -0.851569 -0.0761862 0.178527
 1.5248 -1.44289 -0.386556
 -1.94483 0.604062 1.5648
 -1.59293 -0.419518 1.75671
 0.686566 0.27952 -2.07246
regression_error on 'test' 0.0886868
classification_error on 'test' 0.157895
Save,1776,0.0886868,0.157895
sample_count 75 Sample index 24
 i 0:0.466896 i 1:0.445654 i 2:0.566734 i 3:0.536988 bias 1
 test_print 3.01627
net matrix:
 -0.989081 -0.282016 -0.331223
outputs matrix:
 0.121515 0.362615 0.34019
error matrix:
 -0.121515 0.637385 -0.34019
delta matrix:
 -0.0259432 0.294632 -0.152719
weights_delta matrix:
 -0.00121128 0.0137562 -0.00713038
 -0.00115617 0.0131304 -0.00680598
 -0.00147029 0.0166978 -0.0086551
 -0.00139312 0.0158214 -0.00820082
 -0.00259432 0.0294632 -0.0152719
weights matrix:
 -0.852781 -0.0624299 0.171397
 1.52365 -1.42976 -0.393362
 -1.9463 0.620759 1.55614
 -1.59432 -0.403697 1.74851
 0.683971 0.308983 -2.08773
regression_error on 'test' 0.0898836
classification_error on 'test' 0.157895
Save,1777,0.0898836,0.157895
sample_count 75 Sample index 21
 i 0:0.836426 i 1:0.445654 i 2:0.884274 i 3:0.719493 bias 1
 test_print 3.88585
net matrix:
 -2.21847 -0.12195 0.514419
outputs matrix:
 0.0116938 0.439325 0.736691
error matrix:
 -0.0116938 -0.439325 0.263309
delta matrix:
 -0.000270293 -0.216428 0.102152
weights_delta matrix:
 -2.2608e-05 -0.0181026 0.00854427
 -1.20457e-05 -0.0096452 0.00455245
 -2.39013e-05 -0.0191382 0.00903305
 -1.94474e-05 -0.0155718 0.00734978
 -2.70293e-05 -0.0216428 0.0102152
weights matrix:
 -0.852803 -0.0805326 0.179941
 1.52363 -1.43941 -0.38881
 -1.94632 0.601621 1.56518
 -1.59434 -0.419269 1.75586
 0.683944 0.287341 -2.07752
regression_error on 'test' 0.0887425
classification_error on 'test' 0.157895
Save,1778,0.0887425,0.157895
sample_count 75 Sample index 71
 i 0:0.143558 i 1:0.480944 i 2:0.0979839 i 3:0.0989754 bias 1
 test_print 1.82146
net matrix:
 0.945791 -0.399044 -1.91153
outputs matrix:
 0.868936 0.310435 0.021393
error matrix:
 0.131064 -0.310435 -0.021393
delta matrix:
 0.0298529 -0.132906 -0.000895738
weights_delta matrix:
 0.000428562 -0.00190798 -1.2859e-05
 0.00143576 -0.00639206 -4.308e-05
 0.00029251 -0.00130227 -8.77679e-06
 0.00029547 -0.00131545 -8.8656e-06
 0.00298529 -0.0132906 -8.95738e-05
weights matrix:
 -0.852375 -0.0824405 0.179928
 1.52507 -1.4458 -0.388853
 -1.94603 0.600319 1.56517
 -1.59405 -0.420584 1.75585
 0.68693 0.27405 -2.07761
regression_error on 'test' 0.0885313
classification_error on 'test' 0.157895
Save,1779,0.0885313,0.157895
sample_count 75 Sample index 61
 i 0:0.697853 i 1:0.480944 i 2:0.687702 i 3:0.682992 bias 1
 test_print 3.54949
net matrix:
 -1.60144 -0.353246 0.136538
outputs matrix:
 0.0390574 0.330375 0.567848
error matrix:
 -0.0390574 0.669625 -0.567848
delta matrix:
 -0.00293179 0.296279 -0.278696
weights_delta matrix:
 -0.000204596 0.0206759 -0.0194489
 -0.000141003 0.0142493 -0.0134037
 -0.00020162 0.0203751 -0.019166
 -0.000200239 0.0202356 -0.0190347
 -0.000293179 0.0296279 -0.0278696
weights matrix:
 -0.852579 -0.0617646 0.160479
 1.52493 -1.43155 -0.402257
 -1.94623 0.620694 1.546
 -1.59425 -0.400348 1.73682
 0.686636 0.303678 -2.10548
regression_error on 'test' 0.0902407
classification_error on 'test' 0.184211
Save,1780,0.0902407,0.184211
sample_count 75 Sample index 66
 i 0:0.60547 i 1:0.304495 i 2:0.672581 i 3:0.60999 bias 1
 test_print 3.19254
net matrix:
 -1.64672 0.00363932 -0.0315471
outputs matrix:
 0.0357971 0.50182 0.484232
error matrix:
 -0.0357971 0.49818 -0.484232
delta matrix:
 -0.00247113 0.249087 -0.241875
weights_delta matrix:
 -0.000149619 0.0150815 -0.0146448
 -7.52446e-05 0.00758457 -0.00736497
 -0.000166203 0.0167531 -0.0162681
 -0.000150736 0.0151941 -0.0147541
 -0.000247113 0.0249087 -0.0241875
weights matrix:
 -0.852729 -0.0466832 0.145835
 1.52485 -1.42397 -0.409622
 -1.9464 0.637447 1.52973
 -1.5944 -0.385154 1.72206
 0.686389 0.328586 -2.12967
regression_error on 'test' 0.0925098
classification_error on 'test' 0.0789474
Save,1781,0.0925098,0.0789474
sample_count 75 Sample index 42
 i 0:0.651661 i 1:0.551523 i 2:0.702823 i 3:0.792495 bias 1
 test_print 3.6985
net matrix:
 -1.65984 -0.344406 0.179309
outputs matrix:
 0.0349024 0.334297 0.588706
error matrix:
 -0.0349024 -0.334297 0.411294
delta matrix:
 -0.00235132 -0.148791 0.199174
weights_delta matrix:
 -0.000153226 -0.00969612 0.0129794
 -0.000129681 -0.00820616 0.0109849
 -0.000165256 -0.0104574 0.0139984
 -0.000186341 -0.0117916 0.0157845
 -0.000235132 -0.0148791 0.0199174
weights matrix:
 -0.852882 -0.0563793 0.158814
 1.52472 -1.43217 -0.398637
 -1.94656 0.62699 1.54373
 -1.59459 -0.396946 1.73785
 0.686154 0.313707 -2.10975
regression_error on 'test' 0.0906835
classification_error on 'test' 0.157895
Save,1782,0.0906835,0.157895
sample_count 75 Sample index 31
 i 0:0.559279 i 1:0.339785 i 2:0.778427 i 3:0.573489 bias 1
 test_print 3.25098
net matrix:
 -1.7025 0.0559663 0.0419396
outputs matrix:
 0.0321394 0.527954 0.520958
error matrix:
 -0.0321394 -0.527954 0.479042
delta matrix:
 -0.00199949 -0.263152 0.2391
weights_delta matrix:
 -0.000111827 -0.0147175 0.0133724
 -6.79396e-05 -0.00894151 0.00812427
 -0.000155645 -0.0204845 0.0186122
 -0.000114668 -0.0150915 0.0137121
 -0.000199949 -0.0263152 0.02391
weights matrix:
 -0.852994 -0.0710968 0.172186
 1.52466 -1.44111 -0.390512
 -1.94672 0.606505 1.56234
 -1.5947 -0.412037 1.75156
 0.685954 0.287392 -2.08584
regression_error on 'test' 0.0890158
classification_error on 'test' 0.157895
Save,1783,0.0890158,0.157895
sample_count 75 Sample index 54
 i 0:0.305227 i 1:0.622103 i 2:0.158468 i 3:0.135476 bias 1
 test_print 2.22127
net matrix:
 0.849553 -0.59054 -1.79135
outputs matrix:
 0.845418 0.234858 0.0270488
error matrix:
 0.154582 -0.234858 -0.0270488
delta matrix:
 0.0404035 -0.0844079 -0.0014237
weights_delta matrix:
 0.00123322 -0.00257636 -4.3455e-05
 0.00251351 -0.00525104 -8.85685e-05
 0.000640266 -0.0013376 -2.2561e-05
 0.000547371 -0.00114352 -1.92877e-05
 0.00404035 -0.00844079 -0.00014237
weights matrix:
 -0.851761 -0.0736732 0.172143
 1.52717 -1.44637 -0.390601
 -1.94608 0.605168 1.56232
 -1.59415 -0.413181 1.75154
 0.689995 0.278951 -2.08598
regression_error on 'test' 0.0888179
classification_error on 'test' 0.157895
Save,1784,0.0888179,0.157895
sample_count 75 Sample index 53
 i 0:0.489992 i 1:0.410364 i 2:0.702823 i 3:0.938499 bias 1
 test_print 3.54168
net matrix:
 -1.96453 -0.313128 0.579932
outputs matrix:
 0.0192831 0.34836 0.761308
error matrix:
 -0.0192831 -0.34836 0.238692
delta matrix:
 -0.000729337 -0.158159 0.0867494
weights_delta matrix:
 -3.57369e-05 -0.00774966 0.00425065
 -2.99294e-05 -0.00649028 0.00355988
 -5.12595e-05 -0.0111158 0.00609695
 -6.84482e-05 -0.0148432 0.00814143
 -7.29337e-05 -0.0158159 0.00867494
weights matrix:
 -0.851796 -0.0814228 0.176394
 1.52714 -1.45286 -0.387041
 -1.94613 0.594052 1.56842
 -1.59422 -0.428024 1.75968
 0.689922 0.263135 -2.07731
regression_error on 'test' 0.088284
classification_error on 'test' 0.157895
Save,1785,0.088284,0.157895
sample_count 75 Sample index 48
 i 0:0.744044 i 1:0.516233 i 2:0.748185 i 3:0.828996 bias 1
 test_print 3.83746
net matrix:
 -1.93316 -0.457828 0.48637
outputs matrix:
 0.0205059 0.285844 0.725665
error matrix:
 -0.0205059 -0.285844 0.274335
delta matrix:
 -0.000823737 -0.116703 0.109227
weights_delta matrix:
 -6.12897e-05 -0.00868318 0.00812693
 -4.2524e-05 -0.00602457 0.00563863
 -6.16308e-05 -0.00873151 0.00817216
 -6.82875e-05 -0.0096746 0.00905484
 -8.23737e-05 -0.0116703 0.0109227
weights matrix:
 -0.851858 -0.090106 0.18452
 1.5271 -1.45888 -0.381402
 -1.94619 0.58532 1.57659
 -1.59429 -0.437699 1.76873
 0.689839 0.251465 -2.06638
regression_error on 'test' 0.0880195
classification_error on 'test' 0.157895
Save,1786,0.0880195,0.157895
sample_count 75 Sample index 6
 i 0:0.305227 i 1:0.657392 i 2:0.128226 i 3:0.171977 bias 1
 test_print 2.26282
net matrix:
 0.909996 -0.735315 -1.75445
outputs matrix:
 0.860565 0.186847 0.02906
error matrix:
 0.139435 -0.186847 -0.02906
delta matrix:
 0.0334623 -0.0567772 -0.00163988
weights_delta matrix:
 0.00102136 -0.00173299 -5.00536e-05
 0.00219978 -0.00373249 -0.000107805
 0.000429074 -0.000728032 -2.10276e-05
 0.000575475 -0.000976438 -2.82022e-05
 0.00334623 -0.00567772 -0.000163988
weights matrix:
 -0.850836 -0.091839 0.18447
 1.5293 -1.46261 -0.38151
 -1.94576 0.584592 1.57657
 -1.59371 -0.438675 1.76871
 0.693185 0.245787 -2.06655
regression_error on 'test' 0.0879687
classification_error on 'test' 0.157895
Save,1787,0.0879687,0.157895
sample_count 75 Sample index 61
 i 0:0.697853 i 1:0.480944 i 2:0.687702 i 3:0.682992 bias 1
 test_print 3.54949
net matrix:
 -1.59167 -0.419324 0.170923
outputs matrix:
 0.0397977 0.30182 0.584639
error matrix:
 -0.0397977 0.69818 -0.584639
delta matrix:
 -0.00304165 0.294247 -0.283943
weights_delta matrix:
 -0.000212262 0.0205341 -0.0198151
 -0.000146286 0.0141517 -0.0136561
 -0.000209175 0.0202355 -0.0195268
 -0.000207742 0.0200969 -0.0193931
 -0.000304165 0.0294247 -0.0283943
weights matrix:
 -0.851049 -0.0713049 0.164655
 1.52915 -1.44846 -0.395166
 -1.94597 0.604828 1.55704
 -1.59392 -0.418578 1.74931
 0.692881 0.275212 -2.09494
regression_error on 'test' 0.0888522
classification_error on 'test' 0.157895
Save,1788,0.0888522,0.157895
sample_count 75 Sample index 45
 i 0:0.697853 i 1:0.586813 i 2:0.793548 i 3:0.975 bias 1
 test_print 4.05321
net matrix:
 -2.102 -0.552678 0.729243
outputs matrix:
 0.014716 0.248738 0.811301
error matrix:
 -0.014716 -0.248738 0.188699
delta matrix:
 -0.000426747 -0.0929619 0.0577764
weights_delta matrix:
 -2.97807e-05 -0.00648737 0.00403195
 -2.50421e-05 -0.00545512 0.0033904
 -3.38645e-05 -0.00737697 0.00458484
 -4.16079e-05 -0.00906378 0.0056332
 -4.26747e-05 -0.00929619 0.00577764
weights matrix:
 -0.851078 -0.0777922 0.168687
 1.52912 -1.45392 -0.391776
 -1.94601 0.597451 1.56163
 -1.59396 -0.427642 1.75495
 0.692839 0.265916 -2.08916
regression_error on 'test' 0.0884443
classification_error on 'test' 0.157895
Save,1789,0.0884443,0.157895
sample_count 75 Sample index 11
 i 0:0.536183 i 1:0.198626 i 2:0.536492 i 3:0.427485 bias 1
 test_print 2.69879
net matrix:
 -1.18518 0.0731366 -0.488519
outputs matrix:
 0.0854604 0.536503 0.27348
error matrix:
 -0.0854604 0.463497 -0.27348
delta matrix:
 -0.0133586 0.230513 -0.108675
weights_delta matrix:
 -0.000716268 0.0123597 -0.00582695
 -0.000265337 0.00457859 -0.00215856
 -0.000716681 0.0123668 -0.0058303
 -0.000571062 0.00985409 -0.00464568
 -0.00133586 0.0230513 -0.0108675
weights matrix:
 -0.851795 -0.0654325 0.16286
 1.52886 -1.44934 -0.393934
 -1.94672 0.609818 1.5558
 -1.59453 -0.417788 1.7503
 0.691503 0.288967 -2.10003
regression_error on 'test' 0.0891354
classification_error on 'test' 0.157895
Save,1790,0.0891354,0.157895
sample_count 75 Sample index 29
 i 0:0.420705 i 1:0.304495 i 2:0.536492 i 3:0.536988 bias 1
 test_print 2.79868
net matrix:
 -1.10197 -0.0770614 -0.376903
outputs matrix:
 0.0993974 0.461545 0.319993
error matrix:
 -0.0993974 0.538455 -0.319993
delta matrix:
 -0.0177956 0.267635 -0.139259
weights_delta matrix:
 -0.000748671 0.0112595 -0.0058587
 -0.000541868 0.00814935 -0.00424037
 -0.000954721 0.0143584 -0.00747114
 -0.000955604 0.0143717 -0.00747805
 -0.00177956 0.0267635 -0.0139259
weights matrix:
 -0.852543 -0.054173 0.157002
 1.52832 -1.44119 -0.398175
 -1.94768 0.624176 1.54833
 -1.59549 -0.403416 1.74282
 0.689723 0.315731 -2.11396
regression_error on 'test' 0.0904196
classification_error on 'test' 0.184211
Save,1791,0.0904196,0.184211
sample_count 75 Sample index 10
 i 0:0.697853 i 1:0.304495 i 2:0.808669 i 3:0.719493 bias 1
 test_print 3.53051
net matrix:
 -2.16283 0.053588 0.380396
outputs matrix:
 0.0130521 0.526768 0.681526
error matrix:
 -0.0130521 -0.526768 0.318474
delta matrix:
 -0.000336269 -0.262629 0.138249
weights_delta matrix:
 -2.34667e-05 -0.0183277 0.00964772
 -1.02392e-05 -0.00799693 0.0042096
 -2.71931e-05 -0.021238 0.0111797
 -2.41944e-05 -0.018896 0.00994689
 -3.36269e-05 -0.0262629 0.0138249
weights matrix:
 -0.852567 -0.0725006 0.166649
 1.52831 -1.44919 -0.393965
 -1.94771 0.602938 1.55951
 -1.59551 -0.422312 1.75277
 0.68969 0.289468 -2.10013
regression_error on 'test' 0.0888955
classification_error on 'test' 0.157895
Save,1792,0.0888955,0.157895
sample_count 75 Sample index 53
 i 0:0.489992 i 1:0.410364 i 2:0.702823 i 3:0.938499 bias 1
 test_print 3.54168
net matrix:
 -1.96718 -0.313331 0.560884
outputs matrix:
 0.019183 0.348268 0.754317
error matrix:
 -0.019183 -0.348268 0.245683
delta matrix:
 -0.000721859 -0.158098 0.0910616
weights_delta matrix:
 -3.53705e-05 -0.00774666 0.00446194
 -2.96225e-05 -0.00648776 0.00373684
 -5.07339e-05 -0.0111115 0.00640002
 -6.77464e-05 -0.0148375 0.00854612
 -7.21859e-05 -0.0158098 0.00910616
weights matrix:
 -0.852602 -0.0802473 0.171111
 1.52828 -1.45567 -0.390228
 -1.94776 0.591827 1.56591
 -1.59558 -0.43715 1.76132
 0.689617 0.273658 -2.09103
regression_error on 'test' 0.0882908
classification_error on 'test' 0.157895
Save,1793,0.0882908,0.157895
sample_count 75 Sample index 28
 i 0:0.305227 i 1:0.551523 i 2:0.113105 i 3:0.135476 bias 1
 test_print 2.10533
net matrix:
 0.835796 -0.545958 -1.83829
outputs matrix:
 0.841788 0.251258 0.0246846
error matrix:
 0.158212 -0.251258 -0.0246846
delta matrix:
 0.0421416 -0.0945369 -0.00118858
weights_delta matrix:
 0.00128628 -0.00288552 -3.62786e-05
 0.00232421 -0.00521393 -6.55529e-05
 0.000476643 -0.00106926 -1.34434e-05
 0.000570918 -0.00128075 -1.61024e-05
 0.00421416 -0.00945369 -0.000118858
weights matrix:
 -0.851316 -0.0831328 0.171075
 1.5306 -1.46089 -0.390294
 -1.94728 0.590757 1.56589
 -1.59501 -0.43843 1.7613
 0.693832 0.264204 -2.09114
regression_error on 'test' 0.0881717
classification_error on 'test' 0.157895
Save,1794,0.0881717,0.157895
sample_count 75 Sample index 49
 i 0:0.397609 i 1:0.480944 i 2:0.612097 i 3:0.60999 bias 1
 test_print 3.10064
net matrix:
 -1.07339 -0.377292 -0.17798
outputs matrix:
 0.104632 0.319823 0.411938
error matrix:
 -0.104632 0.680177 -0.411938
delta matrix:
 -0.0196049 0.295926 -0.19958
weights_delta matrix:
 -0.000779507 0.0117663 -0.00793547
 -0.000942885 0.0142324 -0.00959867
 -0.00120001 0.0181136 -0.0122162
 -0.00119588 0.0180512 -0.0121742
 -0.00196049 0.0295926 -0.019958
weights matrix:
 -0.852095 -0.0713665 0.16314
 1.52966 -1.44665 -0.399893
 -1.94848 0.608871 1.55368
 -1.59621 -0.420379 1.74913
 0.691871 0.293797 -2.1111
regression_error on 'test' 0.0892262
classification_error on 'test' 0.157895
Save,1795,0.0892262,0.157895
sample_count 75 Sample index 40
 i 0:0.328323 i 1:0.763262 i 2:0.158468 i 3:0.171977 bias 1
 test_print 2.42203
net matrix:
 0.996356 -0.80962 -1.81575
outputs matrix:
 0.88003 0.16531 0.0257937
error matrix:
 0.11997 -0.16531 -0.0257937
delta matrix:
 0.0253322 -0.0456197 -0.00129631
weights_delta matrix:
 0.000831716 -0.0014978 -4.25609e-05
 0.00193351 -0.00348198 -9.89425e-05
 0.000401435 -0.000722926 -2.05424e-05
 0.000435656 -0.000784554 -2.22936e-05
 0.00253322 -0.00456197 -0.000129631
weights matrix:
 -0.851264 -0.0728643 0.163097
 1.53159 -1.45014 -0.399991
 -1.94808 0.608148 1.55365
 -1.59577 -0.421164 1.7491
 0.694404 0.289235 -2.11123
regression_error on 'test' 0.0891088
classification_error on 'test' 0.157895
Save,1796,0.0891088,0.157895
sample_count 75 Sample index 44
 i 0:0.536183 i 1:0.375074 i 2:0.702823 i 3:0.646491 bias 1
 test_print 3.26057
net matrix:
 -1.58837 -0.1386 0.048915
outputs matrix:
 0.0400502 0.43114 0.524438
error matrix:
 -0.0400502 0.56886 -0.524438
delta matrix:
 -0.00307955 0.279035 -0.261593
weights_delta matrix:
 -0.00016512 0.0149614 -0.0140262
 -0.000115506 0.0104659 -0.00981166
 -0.000216438 0.0196112 -0.0183853
 -0.00019909 0.0180394 -0.0169117
 -0.000307955 0.0279035 -0.0261593
weights matrix:
 -0.851429 -0.0579029 0.149071
 1.53148 -1.43967 -0.409803
 -1.94829 0.627759 1.53527
 -1.59597 -0.403124 1.73219
 0.694096 0.317139 -2.13739
regression_error on 'test' 0.0911957
classification_error on 'test' 0.0789474
Save,1797,0.0911957,0.0789474
sample_count 75 Sample index 48
 i 0:0.744044 i 1:0.516233 i 2:0.748185 i 3:0.828996 bias 1
 test_print 3.83746
net matrix:
 -1.92954 -0.333658 0.346615
outputs matrix:
 0.0206518 0.339098 0.666685
error matrix:
 -0.0206518 -0.339098 0.333315
delta matrix:
 -0.000835375 -0.151991 0.148136
weights_delta matrix:
 -6.21556e-05 -0.0113088 0.011022
 -4.31248e-05 -0.00784628 0.00764726
 -6.25015e-05 -0.0113717 0.0110833
 -6.92523e-05 -0.0126 0.0122804
 -8.35375e-05 -0.0151991 0.0148136
weights matrix:
 -0.851491 -0.0692117 0.160093
 1.53143 -1.44752 -0.402156
 -1.94836 0.616388 1.54635
 -1.59604 -0.415724 1.74447
 0.694013 0.30194 -2.12258
regression_error on 'test' 0.0897378
classification_error on 'test' 0.157895
Save,1798,0.0897378,0.157895
sample_count 75 Sample index 37
 i 0:0.720948 i 1:0.551523 i 2:0.82379 i 3:0.901998 bias 1
 test_print 3.99826
net matrix:
 -2.11991 -0.413506 0.618423
outputs matrix:
 0.0142055 0.304277 0.775014
error matrix:
 -0.0142055 -0.304277 0.224986
delta matrix:
 -0.00039786 -0.128826 0.0784602
weights_delta matrix:
 -2.86837e-05 -0.00928771 0.00565657
 -2.19429e-05 -0.00710507 0.00432726
 -3.27753e-05 -0.0106126 0.00646347
 -3.58869e-05 -0.0116201 0.00707709
 -3.9786e-05 -0.0128826 0.00784602
weights matrix:
 -0.85152 -0.0784995 0.165749
 1.53141 -1.45462 -0.397829
 -1.94839 0.605775 1.55282
 -1.59608 -0.427345 1.75155
 0.693973 0.289057 -2.11473
regression_error on 'test' 0.0889358
classification_error on 'test' 0.157895
Save,1799,0.0889358,0.157895
sample_count 75 Sample index 73
 i 0:0.582374 i 1:0.410364 i 2:0.65746 i 3:0.719493 bias 1
 test_print 3.36969
net matrix:
 -1.60285 -0.262782 0.0996835
outputs matrix:
 0.038952 0.371552 0.549677
error matrix:
 -0.038952 -0.371552 0.450323
delta matrix:
 -0.00291632 -0.173516 0.222939
weights_delta matrix:
 -0.000169839 -0.0101051 0.0129834
 -0.000119675 -0.00712045 0.0091486
 -0.000191736 -0.011408 0.0146573
 -0.000209827 -0.0124843 0.0160403
 -0.000291632 -0.0173516 0.0222939
weights matrix:
 -0.851689 -0.0886045 0.178733
 1.53129 -1.46174 -0.38868
 -1.94858 0.594367 1.56747
 -1.59629 -0.439829 1.76759
 0.693681 0.271705 -2.09244
regression_error on 'test' 0.0880955
classification_error on 'test' 0.157895
Save,1800,0.0880955,0.157895
sample_count 75 Sample index 54
 i 0:0.305227 i 1:0.622103 i 2:0.158468 i 3:0.135476 bias 1
 test_print 2.22127
net matrix:
 0.861298 -0.630092 -1.79182
outputs matrix:
 0.848463 0.220942 0.0270237
error matrix:
 0.151537 -0.220942 -0.0270237
delta matrix:
 0.0389673 -0.0760602 -0.00142109
weights_delta matrix:
 0.00118939 -0.00232156 -4.33755e-05
 0.00242417 -0.00473173 -8.84065e-05
 0.000617508 -0.00120531 -2.25198e-05
 0.000527914 -0.00103043 -1.92524e-05
 0.00389673 -0.00760602 -0.000142109
weights matrix:
 -0.8505 -0.0909261 0.178689
 1.53372 -1.46647 -0.388768
 -1.94796 0.593162 1.56745
 -1.59576 -0.440859 1.76757
 0.697578 0.264099 -2.09258
regression_error on 'test' 0.0880052
classification_error on 'test' 0.157895
Save,1801,0.0880052,0.157895
sample_count 75 Sample index 4
 i 0:0.212844 i 1:0.516233 i 2:0.158468 i 3:0.135476 bias 1
 test_print 2.02302
net matrix:
 0.783432 -0.478025 -1.76739
outputs matrix:
 0.827336 0.27767 0.0283388
error matrix:
 0.172664 -0.27767 -0.0283388
delta matrix:
 0.0493304 -0.111384 -0.00156066
weights_delta matrix:
 0.00104997 -0.00237074 -3.32176e-05
 0.0025466 -0.00575001 -8.05662e-05
 0.000781729 -0.00176508 -2.47314e-05
 0.000668308 -0.00150899 -2.11431e-05
 0.00493304 -0.0111384 -0.000156066
weights matrix:
 -0.84945 -0.0932969 0.178656
 1.53626 -1.47222 -0.388849
 -1.94718 0.591397 1.56743
 -1.59509 -0.442368 1.76755
 0.702511 0.252961 -2.09274
regression_error on 'test' 0.0879186
classification_error on 'test' 0.157895
Save,1802,0.0879186,0.157895
sample_count 75 Sample index 58
 i 0:0.282131 i 1:0.516233 i 2:0.158468 i 3:0.0989754 bias 1
 test_print 2.05581
net matrix:
 0.789484 -0.483438 -1.81974
outputs matrix:
 0.829058 0.275504 0.0255939
error matrix:
 0.170942 -0.275504 -0.0255939
delta matrix:
 0.0484519 -0.109982 -0.00127656
weights_delta matrix:
 0.00136698 -0.00310293 -3.60158e-05
 0.00250125 -0.00567762 -6.59003e-05
 0.000767808 -0.00174286 -2.02294e-05
 0.000479555 -0.00108855 -1.26348e-05
 0.00484519 -0.0109982 -0.000127656
weights matrix:
 -0.848083 -0.0963998 0.17862
 1.53876 -1.4779 -0.388915
 -1.94641 0.589654 1.56741
 -1.59461 -0.443457 1.76754
 0.707356 0.241963 -2.09286
regression_error on 'test' 0.0878654
classification_error on 'test' 0.157895
Save,1803,0.0878654,0.157895
sample_count 75 Sample index 52
 i 0:0.443801 i 1:0.410364 i 2:0.672581 i 3:0.792495 bias 1
 test_print 3.31924
net matrix:
 -1.61041 -0.362145 0.281782
outputs matrix:
 0.0383896 0.326449 0.637277
error matrix:
 -0.0383896 -0.326449 0.362723
delta matrix:
 -0.00283436 -0.143559 0.16769
weights_delta matrix:
 -0.000125789 -0.00637118 0.00744212
 -0.000116312 -0.00589116 0.00688141
 -0.000190634 -0.00965553 0.0112785
 -0.000224622 -0.011377 0.0132894
 -0.000283436 -0.0143559 0.016769
weights matrix:
 -0.848209 -0.102771 0.186062
 1.53865 -1.48379 -0.382033
 -1.94661 0.579998 1.57868
 -1.59483 -0.454834 1.78083
 0.707073 0.227607 -2.07609
regression_error on 'test' 0.0877407
classification_error on 'test' 0.184211
Save,1804,0.0877407,0.184211
sample_count 75 Sample index 29
 i 0:0.420705 i 1:0.304495 i 2:0.536492 i 3:0.536988 bias 1
 test_print 2.79868
net matrix:
 -1.08201 -0.200513 -0.310911
outputs matrix:
 0.103029 0.401066 0.349367
error matrix:
 -0.103029 0.598934 -0.349367
delta matrix:
 -0.0190426 0.287742 -0.158829
weights_delta matrix:
 -0.000801132 0.0121055 -0.00668202
 -0.000579838 0.00876161 -0.00483627
 -0.00102162 0.0154371 -0.00852105
 -0.00102257 0.0154514 -0.00852893
 -0.00190426 0.0287742 -0.0158829
weights matrix:
 -0.84901 -0.0906655 0.17938
 1.53807 -1.47503 -0.38687
 -1.94763 0.595435 1.57016
 -1.59586 -0.439382 1.7723
 0.705169 0.256381 -2.09198
regression_error on 'test' 0.0878912
classification_error on 'test' 0.157895
Save,1805,0.0878912,0.157895
sample_count 75 Sample index 14
 i 0:0.697853 i 1:0.516233 i 2:0.778427 i 3:0.938499 bias 1
 test_print 3.93101
net matrix:
 -2.10711 -0.517207 0.719045
outputs matrix:
 0.0145685 0.262229 0.808159
error matrix:
 -0.0145685 -0.262229 0.191841
delta matrix:
 -0.000418298 -0.101464 0.0594855
weights_delta matrix:
 -2.9191e-05 -0.00708072 0.00415121
 -2.15939e-05 -0.00523793 0.00307084
 -3.25614e-05 -0.00789826 0.00463051
 -3.92572e-05 -0.00952242 0.00558271
 -4.18298e-05 -0.0101464 0.00594855
weights matrix:
 -0.849039 -0.0977462 0.183531
 1.53805 -1.48027 -0.383799
 -1.94766 0.587537 1.57479
 -1.5959 -0.448905 1.77788
 0.705127 0.246235 -2.08603
regression_error on 'test' 0.0877354
classification_error on 'test' 0.157895
Save,1806,0.0877354,0.157895
sample_count 75 Sample index 37
 i 0:0.720948 i 1:0.551523 i 2:0.82379 i 3:0.901998 bias 1
 test_print 3.99826
net matrix:
 -2.10268 -0.561542 0.735557
outputs matrix:
 0.0146963 0.24544 0.813227
error matrix:
 -0.0146963 -0.24544 0.186773
delta matrix:
 -0.000425617 -0.0909104 0.0567377
weights_delta matrix:
 -3.06847e-05 -0.00655416 0.00409049
 -2.34737e-05 -0.00501392 0.00312921
 -3.50619e-05 -0.0074891 0.00467399
 -3.83905e-05 -0.0082001 0.00511773
 -4.25617e-05 -0.00909104 0.00567377
weights matrix:
 -0.84907 -0.1043 0.187622
 1.53802 -1.48528 -0.38067
 -1.94769 0.580048 1.57947
 -1.59593 -0.457105 1.783
 0.705084 0.237144 -2.08036
regression_error on 'test' 0.0876891
classification_error on 'test' 0.184211
Save,1807,0.0876891,0.184211
sample_count 75 Sample index 31
 i 0:0.559279 i 1:0.339785 i 2:0.778427 i 3:0.573489 bias 1
 test_print 3.25098
net matrix:
 -1.67857 -0.136486 0.147262
outputs matrix:
 0.0336618 0.432178 0.573103
error matrix:
 -0.0336618 -0.432178 0.426897
delta matrix:
 -0.00218995 -0.212113 0.208886
weights_delta matrix:
 -0.00012248 -0.011863 0.0116825
 -7.44114e-05 -0.00720728 0.00709762
 -0.000170472 -0.0165114 0.0162602
 -0.000125591 -0.0121644 0.0119794
 -0.000218995 -0.0212113 0.0208886
weights matrix:
 -0.849192 -0.116163 0.199304
 1.53795 -1.49249 -0.373572
 -1.94786 0.563537 1.59573
 -1.59606 -0.469269 1.79498
 0.704865 0.215932 -2.05947
regression_error on 'test' 0.0879578
classification_error on 'test' 0.210526
Save,1808,0.0879578,0.210526
sample_count 75 Sample index 35
 i 0:0.189749 i 1:0.233915 i 2:0.128226 i 3:0.171977 bias 1
 test_print 1.72387
net matrix:
 0.379229 -0.163669 -1.59572
outputs matrix:
 0.681019 0.418888 0.0394888
error matrix:
 0.318981 -0.418888 -0.0394888
delta matrix:
 0.138586 -0.203932 -0.00299557
weights_delta matrix:
 0.00262966 -0.0038696 -5.68407e-05
 0.00324174 -0.00477029 -7.00709e-05
 0.00177703 -0.00261494 -3.8411e-05
 0.00238336 -0.00350717 -5.1517e-05
 0.0138586 -0.0203932 -0.000299557
weights matrix:
 -0.846563 -0.120033 0.199248
 1.54119 -1.49726 -0.373642
 -1.94609 0.560922 1.59569
 -1.59368 -0.472777 1.79492
 0.718724 0.195539 -2.05977
regression_error on 'test' 0.0881216
classification_error on 'test' 0.210526
Save,1809,0.0881216,0.210526
sample_count 75 Sample index 33
 i 0:0.559279 i 1:0.480944 i 2:0.672581 i 3:0.719493 bias 1
 test_print 3.4323
net matrix:
 -1.46906 -0.554586 0.236634
outputs matrix:
 0.0503014 0.248025 0.616157
error matrix:
 -0.0503014 -0.248025 0.383843
delta matrix:
 -0.00480592 -0.0925178 0.181563
weights_delta matrix:
 -0.000268785 -0.00517433 0.0101545
 -0.000231138 -0.00444959 0.00873219
 -0.000323237 -0.00622257 0.0122116
 -0.000345782 -0.00665659 0.0130634
 -0.000480592 -0.00925178 0.0181563
weights matrix:
 -0.846831 -0.125207 0.209402
 1.54096 -1.50171 -0.36491
 -1.94641 0.554699 1.6079
 -1.59402 -0.479433 1.80799
 0.718243 0.186287 -2.04161
regression_error on 'test' 0.0886492
classification_error on 'test' 0.210526
Save,1810,0.0886492,0.210526
sample_count 75 Sample index 17
 i 0:0.443801 i 1:0.304495 i 2:0.521371 i 3:0.463986 bias 1
 test_print 2.73365
net matrix:
 -0.942773 -0.25979 -0.382596
outputs matrix:
 0.131753 0.372951 0.31752
error matrix:
 -0.131753 0.627049 -0.31752
delta matrix:
 -0.0301436 0.293282 -0.137614
weights_delta matrix:
 -0.00133777 0.0130159 -0.00610732
 -0.000917856 0.00893028 -0.00419027
 -0.0015716 0.0152909 -0.00717479
 -0.00139862 0.0136079 -0.00638509
 -0.00301436 0.0293282 -0.0137614
weights matrix:
 -0.848169 -0.112191 0.203295
 1.54004 -1.49278 -0.3691
 -1.94798 0.56999 1.60073
 -1.59542 -0.465825 1.8016
 0.715229 0.215615 -2.05537
regression_error on 'test' 0.0879857
classification_error on 'test' 0.210526
Save,1811,0.0879857,0.210526
sample_count 75 Sample index 27
 i 0:0.328323 i 1:0.622103 i 2:0.158468 i 3:0.135476 bias 1
 test_print 2.24437
net matrix:
 0.869986 -0.722666 -1.72051
outputs matrix:
 0.850683 0.190721 0.0310381
error matrix:
 0.149317 -0.190721 -0.0310381
delta matrix:
 0.0379327 -0.0588743 -0.00186692
weights_delta matrix:
 0.00124542 -0.00193298 -6.12953e-05
 0.00235981 -0.00366259 -0.000116142
 0.000601113 -0.000932969 -2.95847e-05
 0.000513898 -0.000797605 -2.52923e-05
 0.00379327 -0.00588743 -0.000186692
weights matrix:
 -0.846924 -0.114124 0.203233
 1.5424 -1.49644 -0.369216
 -1.94738 0.569057 1.6007
 -1.59491 -0.466623 1.80158
 0.719022 0.209728 -2.05556
regression_error on 'test' 0.0880233
classification_error on 'test' 0.210526
Save,1812,0.0880233,0.210526
sample_count 75 Sample index 52
 i 0:0.443801 i 1:0.410364 i 2:0.672581 i 3:0.792495 bias 1
 test_print 3.31924
net matrix:
 -1.59763 -0.442066 0.387464
outputs matrix:
 0.0393448 0.292322 0.684586
error matrix:
 -0.0393448 -0.292322 0.315414
delta matrix:
 -0.00297422 -0.120945 0.136213
weights_delta matrix:
 -0.000131996 -0.00536756 0.00604517
 -0.000122051 -0.00496316 0.00558971
 -0.00020004 -0.00813455 0.00916146
 -0.000235705 -0.00958485 0.0107948
 -0.000297422 -0.0120945 0.0136213
weights matrix:
 -0.847056 -0.119492 0.209279
 1.54228 -1.50141 -0.363627
 -1.94758 0.560922 1.60986
 -1.59514 -0.476208 1.81237
 0.718725 0.197633 -2.04194
regression_error on 'test' 0.0884876
classification_error on 'test' 0.210526
Save,1813,0.0884876,0.210526
sample_count 75 Sample index 25
 i 0:0.628566 i 1:0.410364 i 2:0.778427 i 3:0.865497 bias 1
 test_print 3.68285
net matrix:
 -2.07745 -0.469117 0.76215
outputs matrix:
 0.015445 0.281257 0.821171
error matrix:
 -0.015445 -0.281257 0.178829
delta matrix:
 -0.000469729 -0.113713 0.0525219
weights_delta matrix:
 -2.95255e-05 -0.00714762 0.00330135
 -1.9276e-05 -0.00466638 0.00215531
 -3.65649e-05 -0.00885173 0.00408845
 -4.06549e-05 -0.00984183 0.00454575
 -4.69729e-05 -0.0113713 0.00525219
weights matrix:
 -0.847085 -0.12664 0.21258
 1.54226 -1.50607 -0.361471
 -1.94762 0.552071 1.61395
 -1.59518 -0.48605 1.81692
 0.718678 0.186262 -2.03668
regression_error on 'test' 0.0888837
classification_error on 'test' 0.210526
Save,1814,0.0888837,0.210526
sample_count 75 Sample index 6
 i 0:0.305227 i 1:0.657392 i 2:0.128226 i 3:0.171977 bias 1
 test_print 2.26282
net matrix:
 0.949923 -0.855271 -1.69001
outputs matrix:
 0.869874 0.153093 0.0329258
error matrix:
 0.130126 -0.153093 -0.0329258
delta matrix:
 0.0294587 -0.0396989 -0.00209682
weights_delta matrix:
 0.000899158 -0.00121172 -6.40007e-05
 0.00193659 -0.00260977 -0.000137844
 0.000377737 -0.000509043 -2.68867e-05
 0.000506621 -0.00068273 -3.60605e-05
 0.00294587 -0.00396989 -0.000209682
weights matrix:
 -0.846186 -0.127851 0.212516
 1.5442 -1.50868 -0.361609
 -1.94724 0.551562 1.61392
 -1.59468 -0.486732 1.81688
 0.721624 0.182292 -2.03689
regression_error on 'test' 0.0889387
classification_error on 'test' 0.210526
Save,1815,0.0889387,0.210526
sample_count 75 Sample index 30
 i 0:0.559279 i 1:0.410364 i 2:0.642339 i 3:0.500487 bias 1
 test_print 3.11247
net matrix:
 -1.16685 -0.397635 -0.12042
outputs matrix:
 0.0883699 0.311038 0.440079
error matrix:
 -0.0883699 0.688962 -0.440079
delta matrix:
 -0.0142383 0.29528 -0.216879
weights_delta matrix:
 -0.000796317 0.0165144 -0.0121296
 -0.000584288 0.0121172 -0.00889995
 -0.00091458 0.018967 -0.013931
 -0.000712607 0.0147784 -0.0108545
 -0.00142383 0.029528 -0.0216879
weights matrix:
 -0.846982 -0.111337 0.200386
 1.54361 -1.49657 -0.370509
 -1.94815 0.570529 1.59999
 -1.59539 -0.471954 1.80603
 0.7202 0.21182 -2.05858
regression_error on 'test' 0.0879531
classification_error on 'test' 0.210526
Save,1816,0.0879531,0.210526
sample_count 75 Sample index 73
 i 0:0.582374 i 1:0.410364 i 2:0.65746 i 3:0.719493 bias 1
 test_print 3.36969
net matrix:
 -1.56832 -0.431624 0.257427
outputs matrix:
 0.0416207 0.296661 0.625944
error matrix:
 -0.0416207 -0.296661 0.374056
delta matrix:
 -0.00332036 -0.123799 0.175162
weights_delta matrix:
 -0.000193369 -0.00720972 0.010201
 -0.000136256 -0.00508026 0.007188
 -0.0002183 -0.00813927 0.0115162
 -0.000238898 -0.00890723 0.0126028
 -0.000332036 -0.0123799 0.0175162
weights matrix:
 -0.847176 -0.118547 0.210587
 1.54348 -1.50165 -0.363321
 -1.94837 0.562389 1.61151
 -1.59563 -0.480861 1.81863
 0.719868 0.19944 -2.04107
regression_error on 'test' 0.0885201
classification_error on 'test' 0.210526
Save,1817,0.0885201,0.210526
sample_count 75 Sample index 64
 i 0:0.282131 i 1:0.516233 i 2:0.158468 i 3:0.0989754 bias 1
 test_print 2.05581
net matrix:
 0.810964 -0.567677 -1.73384
outputs matrix:
 0.835061 0.243174 0.030246
error matrix:
 0.164939 -0.243174 -0.030246
delta matrix:
 0.0454356 -0.089508 -0.0017743
weights_delta matrix:
 0.00128188 -0.0025253 -5.00585e-05
 0.00234554 -0.0046207 -9.15952e-05
 0.000720009 -0.00141841 -2.8117e-05
 0.000449701 -0.000885909 -1.75612e-05
 0.00454356 -0.0089508 -0.00017743
weights matrix:
 -0.845894 -0.121072 0.210537
 1.54582 -1.50627 -0.363413
 -1.94765 0.560971 1.61148
 -1.59518 -0.481747 1.81861
 0.724411 0.19049 -2.04124
regression_error on 'test' 0.0886283
classification_error on 'test' 0.210526
Save,1818,0.0886283,0.210526
sample_count 75 Sample index 68
 i 0:0.305227 i 1:0.657392 i 2:0.173589 i 3:0.281481 bias 1
 test_print 2.41769
net matrix:
 0.695329 -0.874896 -1.42425
outputs matrix:
 0.800697 0.148073 0.0547592
error matrix:
 0.199303 -0.148073 -0.0547592
delta matrix:
 0.06361 -0.0373582 -0.00566875
weights_delta matrix:
 0.00194155 -0.00114027 -0.000173026
 0.00418167 -0.0024559 -0.000372659
 0.0011042 -0.000648497 -9.84033e-05
 0.0017905 -0.00105156 -0.000159565
 0.006361 -0.00373582 -0.000566875
weights matrix:
 -0.843952 -0.122212 0.210364
 1.55 -1.50872 -0.363785
 -1.94655 0.560322 1.61138
 -1.59339 -0.482799 1.81845
 0.730772 0.186754 -2.04181
regression_error on 'test' 0.0886582
classification_error on 'test' 0.210526
Save,1819,0.0886582,0.210526
sample_count 75 Sample index 20
 i 0:0.489992 i 1:0.375074 i 2:0.521371 i 3:0.500487 bias 1
 test_print 2.88692
net matrix:
 -0.913736 -0.38851 -0.324941
outputs matrix:
 0.13854 0.314962 0.343016
error matrix:
 -0.13854 0.685038 -0.343016
delta matrix:
 -0.0330684 0.295609 -0.154601
weights_delta matrix:
 -0.00162033 0.0144846 -0.00757534
 -0.00124031 0.0110875 -0.0057987
 -0.00172409 0.0154122 -0.00806047
 -0.00165503 0.0147948 -0.0077376
 -0.00330684 0.0295609 -0.0154601
weights matrix:
 -0.845573 -0.107728 0.202789
 1.54876 -1.49763 -0.369584
 -1.94827 0.575735 1.60332
 -1.59504 -0.468004 1.81072
 0.727465 0.216315 -2.05727
regression_error on 'test' 0.0879138
classification_error on 'test' 0.210526
Save,1820,0.0879138,0.210526
sample_count 75 Sample index 0
 i 0:0.282131 i 1:0.269205 i 2:0.430645 i 3:0.427485 bias 1
 test_print 2.40947
net matrix:
 -0.615033 -0.169377 -0.635036
outputs matrix:
 0.22617 0.416112 0.219245
error matrix:
 -0.22617 0.583888 -0.219245
delta matrix:
 -0.0791671 0.283726 -0.0750591
weights_delta matrix:
 -0.00223355 0.00800479 -0.00211765
 -0.00213122 0.00763805 -0.00202063
 -0.00340929 0.0122185 -0.00323238
 -0.00338428 0.0121289 -0.00320866
 -0.00791671 0.0283726 -0.00750591
weights matrix:
 -0.847806 -0.0997228 0.200671
 1.54663 -1.49 -0.371605
 -1.95168 0.587953 1.60009
 -1.59843 -0.455875 1.80751
 0.719549 0.244687 -2.06478
regression_error on 'test' 0.0877046
classification_error on 'test' 0.210526
Save,1821,0.0877046,0.210526
sample_count 75 Sample index 22
 i 0:0.305227 i 1:0.233915 i 2:0.430645 i 3:0.427485 bias 1
 test_print 2.39727
net matrix:
 -0.70123 -0.0759639 -0.628699
outputs matrix:
 0.197426 0.462091 0.221422
error matrix:
 -0.197426 0.537909 -0.221422
delta matrix:
 -0.0625638 0.267408 -0.0763439
weights_delta matrix:
 -0.00190962 0.00816203 -0.00233022
 -0.00146346 0.00625509 -0.0017858
 -0.00269428 0.0115158 -0.00328771
 -0.00267451 0.0114313 -0.00326359
 -0.00625638 0.0267408 -0.00763439
weights matrix:
 -0.849716 -0.0915608 0.198341
 1.54517 -1.48374 -0.373391
 -1.95438 0.599469 1.5968
 -1.6011 -0.444444 1.80424
 0.713292 0.271428 -2.07241
regression_error on 'test' 0.0877638
classification_error on 'test' 0.184211
Save,1822,0.0877638,0.184211
sample_count 75 Sample index 30
 i 0:0.559279 i 1:0.410364 i 2:0.642339 i 3:0.500487 bias 1
 test_print 3.11247
net matrix:
 -1.18456 -0.22603 -0.186023
outputs matrix:
 0.0855583 0.388871 0.408047
error matrix:
 -0.0855583 0.611129 -0.408047
delta matrix:
 -0.0133878 0.29047 -0.197123
weights_delta matrix:
 -0.000748754 0.0162454 -0.0110247
 -0.000549389 0.0119198 -0.00808922
 -0.000859953 0.018658 -0.012662
 -0.000670044 0.0145376 -0.00986576
 -0.00133878 0.029047 -0.0197123
weights matrix:
 -0.850465 -0.0753154 0.187316
 1.54462 -1.47182 -0.38148
 -1.95524 0.618127 1.58414
 -1.60177 -0.429906 1.79438
 0.711954 0.300475 -2.09212
regression_error on 'test' 0.0882552
classification_error on 'test' 0.157895
Save,1823,0.0882552,0.157895
sample_count 75 Sample index 30
 i 0:0.559279 i 1:0.410364 i 2:0.642339 i 3:0.500487 bias 1
 test_print 3.11247
net matrix:
 -1.18743 -0.163745 -0.228291
outputs matrix:
 0.0851102 0.418851 0.387797
error matrix:
 -0.0851102 0.581149 -0.387797
delta matrix:
 -0.0132545 0.28292 -0.184134
weights_delta matrix:
 -0.000741294 0.0158231 -0.0102982
 -0.000543915 0.01161 -0.0075562
 -0.000851385 0.0181731 -0.0118276
 -0.000663368 0.0141598 -0.00921567
 -0.00132545 0.028292 -0.0184134
weights matrix:
 -0.851206 -0.0594923 0.177018
 1.54407 -1.46021 -0.389036
 -1.95609 0.6363 1.57231
 -1.60244 -0.415746 1.78516
 0.710628 0.328767 -2.11054
regression_error on 'test' 0.0894311
classification_error on 'test' 0.157895
Save,1824,0.0894311,0.157895
sample_count 75 Sample index 27
 i 0:0.328323 i 1:0.622103 i 2:0.158468 i 3:0.135476 bias 1
 test_print 2.24437
net matrix:
 0.864662 -0.554658 -1.80343
outputs matrix:
 0.849326 0.247999 0.0264199
error matrix:
 0.150674 -0.247999 -0.0264199
delta matrix:
 0.0385639 -0.0925011 -0.00135914
weights_delta matrix:
 0.00126614 -0.00303702 -4.46238e-05
 0.00239907 -0.00575452 -8.45527e-05
 0.000611115 -0.00146585 -2.15381e-05
 0.000522448 -0.00125317 -1.84131e-05
 0.00385639 -0.00925011 -0.000135914
weights matrix:
 -0.84994 -0.0625293 0.176974
 1.54647 -1.46597 -0.389121
 -1.95548 0.634834 1.57229
 -1.60191 -0.416999 1.78514
 0.714485 0.319517 -2.11067
regression_error on 'test' 0.0891199
classification_error on 'test' 0.157895
Save,1825,0.0891199,0.157895
sample_count 75 Sample index 56
 i 0:0.328323 i 1:0.727972 i 2:0.158468 i 3:0.208478 bias 1
 test_print 2.42324
net matrix:
 0.917375 -0.754529 -1.71452
outputs matrix:
 0.862327 0.181078 0.0314003
error matrix:
 0.137673 -0.181078 -0.0314003
delta matrix:
 0.032689 -0.0537039 -0.00191004
weights_delta matrix:
 0.00107325 -0.00176322 -6.27111e-05
 0.00237967 -0.00390949 -0.000139046
 0.000518016 -0.000851035 -3.02681e-05
 0.000681494 -0.00111961 -3.98202e-05
 0.0032689 -0.00537039 -0.000191004
weights matrix:
 -0.848867 -0.0642925 0.176911
 1.54885 -1.46988 -0.38926
 -1.95496 0.633983 1.57226
 -1.60123 -0.418119 1.7851
 0.717753 0.314147 -2.11086
regression_error on 'test' 0.0889396
classification_error on 'test' 0.157895
Save,1826,0.0889396,0.157895
sample_count 75 Sample index 48
 i 0:0.744044 i 1:0.516233 i 2:0.748185 i 3:0.828996 bias 1
 test_print 3.83746
net matrix:
 -1.90436 -0.36477 0.476
outputs matrix:
 0.0216955 0.325296 0.721517
error matrix:
 -0.0216955 -0.325296 0.278483
delta matrix:
 -0.00092097 -0.142791 0.111911
weights_delta matrix:
 -6.85242e-05 -0.0106243 0.00832667
 -4.75435e-05 -0.00737133 0.00577722
 -6.89056e-05 -0.0106834 0.00837302
 -7.6348e-05 -0.0118373 0.00927738
 -9.2097e-05 -0.0142791 0.0111911
weights matrix:
 -0.848935 -0.0749168 0.185237
 1.54881 -1.47725 -0.383482
 -1.95503 0.6233 1.58063
 -1.60131 -0.429956 1.79438
 0.717661 0.299868 -2.09967
regression_error on 'test' 0.0882274
classification_error on 'test' 0.157895
Save,1827,0.0882274,0.157895
sample_count 75 Sample index 71
 i 0:0.143558 i 1:0.480944 i 2:0.0979839 i 3:0.0989754 bias 1
 test_print 1.82146
net matrix:
 0.990627 -0.402842 -1.92504
outputs matrix:
 0.878815 0.308811 0.0208348
error matrix:
 0.121185 -0.308811 -0.0208348
delta matrix:
 0.0258123 -0.131829 -0.00085009
weights_delta matrix:
 0.000370556 -0.00189252 -1.22037e-05
 0.00124143 -0.00634026 -4.08846e-05
 0.000252919 -0.00129172 -8.32951e-06
 0.000255478 -0.00130479 -8.4138e-06
 0.00258123 -0.0131829 -8.5009e-05
weights matrix:
 -0.848565 -0.0768093 0.185225
 1.55005 -1.48359 -0.383523
 -1.95477 0.622008 1.58062
 -1.60105 -0.431261 1.79437
 0.720243 0.286685 -2.09976
regression_error on 'test' 0.0880202
classification_error on 'test' 0.157895
Save,1828,0.0880202,0.157895
sample_count 75 Sample index 6
 i 0:0.305227 i 1:0.657392 i 2:0.128226 i 3:0.171977 bias 1
 test_print 2.26282
net matrix:
 0.954229 -0.706467 -1.78408
outputs matrix:
 0.870846 0.195772 0.0274339
error matrix:
 0.129154 -0.195772 -0.0274339
delta matrix:
 0.0290528 -0.0616466 -0.00146394
weights_delta matrix:
 0.00088677 -0.00188162 -4.46835e-05
 0.00190991 -0.0040526 -9.62385e-05
 0.000372532 -0.000790469 -1.87716e-05
 0.000499641 -0.00106018 -2.51765e-05
 0.00290528 -0.00616466 -0.000146394
weights matrix:
 -0.847678 -0.0786909 0.185181
 1.55196 -1.48764 -0.383619
 -1.9544 0.621218 1.5806
 -1.60055 -0.432321 1.79435
 0.723148 0.28052 -2.0999
regression_error on 'test' 0.0879138
classification_error on 'test' 0.157895
Save,1829,0.0879138,0.157895
sample_count 75 Sample index 10
 i 0:0.697853 i 1:0.304495 i 2:0.808669 i 3:0.719493 bias 1
 test_print 3.53051
net matrix:
 -2.12789 -0.0360662 0.48172
outputs matrix:
 0.0139836 0.481975 0.72381
error matrix:
 -0.0139836 -0.481975 0.27619
delta matrix:
 -0.000385612 -0.240674 0.110426
weights_delta matrix:
 -2.69101e-05 -0.0167955 0.00770609
 -1.17417e-05 -0.00732841 0.00336241
 -3.11833e-05 -0.0194626 0.00892979
 -2.77445e-05 -0.0173163 0.00794506
 -3.85612e-05 -0.0240674 0.0110426
weights matrix:
 -0.847705 -0.0954864 0.192887
 1.55195 -1.49497 -0.380257
 -1.95443 0.601755 1.58953
 -1.60058 -0.449638 1.80229
 0.723109 0.256453 -2.08886
regression_error on 'test' 0.0875022
classification_error on 'test' 0.184211
Save,1830,0.0875022,0.184211
sample_count 75 Sample index 46
 i 0:0.928809 i 1:0.480944 i 2:0.854032 i 3:0.901998 bias 1
 test_print 4.16578
net matrix:
 -2.43072 -0.442886 0.890588
outputs matrix:
 0.00767994 0.291983 0.855842
error matrix:
 -0.00767994 -0.291983 0.144158
delta matrix:
 -0.000117057 -0.120723 0.0355714
weights_delta matrix:
 -1.08724e-05 -0.0112128 0.00330391
 -5.62979e-06 -0.00580609 0.00171079
 -9.99705e-06 -0.0103101 0.00303792
 -1.05585e-05 -0.0108892 0.00320854
 -1.17057e-05 -0.0120723 0.00355714
weights matrix:
 -0.847716 -0.106699 0.196191
 1.55194 -1.50077 -0.378546
 -1.95444 0.591445 1.59257
 -1.60059 -0.460527 1.8055
 0.723098 0.24438 -2.0853
regression_error on 'test' 0.0874559
classification_error on 'test' 0.184211
Save,1831,0.0874559,0.184211
sample_count 75 Sample index 38
 i 0:0.397609 i 1:0.798551 i 2:0.128226 i 3:0.208478 bias 1
 test_print 2.53286
net matrix:
 1.04104 -1.01666 -1.72897
outputs matrix:
 0.88915 0.115749 0.030533
error matrix:
 0.11085 -0.115749 -0.030533
delta matrix:
 0.0218513 -0.023694 -0.0018076
weights_delta matrix:
 0.000868829 -0.000942094 -7.18718e-05
 0.00174494 -0.00189208 -0.000144346
 0.000280191 -0.000303818 -2.31781e-05
 0.000455552 -0.000493967 -3.76845e-05
 0.00218513 -0.0023694 -0.00018076
weights matrix:
 -0.846847 -0.107641 0.196119
 1.55368 -1.50267 -0.378691
 -1.95416 0.591141 1.59255
 -1.60014 -0.461021 1.80546
 0.725283 0.242011 -2.08548
regression_error on 'test' 0.0874512
classification_error on 'test' 0.210526
Save,1832,0.0874512,0.210526
sample_count 75 Sample index 66
 i 0:0.60547 i 1:0.304495 i 2:0.672581 i 3:0.60999 bias 1
 test_print 3.19254
net matrix:
 -1.60477 -0.164345 0.0903817
outputs matrix:
 0.0388084 0.41856 0.545068
error matrix:
 -0.0388084 0.58144 -0.545068
delta matrix:
 -0.00289529 0.283007 -0.27032
weights_delta matrix:
 -0.000175301 0.0171352 -0.0163671
 -8.81601e-05 0.00861743 -0.00823111
 -0.000194732 0.0190345 -0.0181812
 -0.00017661 0.0172632 -0.0164892
 -0.000289529 0.0283007 -0.027032
weights matrix:
 -0.847022 -0.0905061 0.179752
 1.5536 -1.49405 -0.386922
 -1.95436 0.610176 1.57437
 -1.60031 -0.443758 1.78897
 0.724993 0.270312 -2.11252
regression_error on 'test' 0.0876829
classification_error on 'test' 0.157895
Save,1833,0.0876829,0.157895
sample_count 75 Sample index 6
 i 0:0.305227 i 1:0.657392 i 2:0.128226 i 3:0.171977 bias 1
 test_print 2.26282
net matrix:
 0.961965 -0.737565 -1.80247
outputs matrix:
 0.872576 0.186164 0.0264692
error matrix:
 0.127424 -0.186164 -0.0264692
delta matrix:
 0.0283358 -0.0564104 -0.00136415
weights_delta matrix:
 0.000864886 -0.0017218 -4.16375e-05
 0.00186277 -0.00370838 -8.9678e-05
 0.000363339 -0.000723328 -1.74919e-05
 0.000487311 -0.000970129 -2.34602e-05
 0.00283358 -0.00564104 -0.000136415
weights matrix:
 -0.846157 -0.0922279 0.17971
 1.55546 -1.49776 -0.387011
 -1.95399 0.609452 1.57435
 -1.59982 -0.444728 1.78895
 0.727827 0.264671 -2.11265
regression_error on 'test' 0.0876333
classification_error on 'test' 0.157895
Save,1834,0.0876333,0.157895
sample_count 75 Sample index 15
 i 0:0.720948 i 1:0.410364 i 2:0.65746 i 3:0.573489 bias 1
 test_print 3.36226
net matrix:
 -1.44606 -0.270802 -0.0808922
outputs matrix:
 0.0525445 0.367814 0.459642
error matrix:
 -0.0525445 0.632186 -0.459642
delta matrix:
 -0.00523171 0.294 -0.228324
weights_delta matrix:
 -0.000377179 0.0211959 -0.0164609
 -0.000214691 0.0120647 -0.00936958
 -0.000343964 0.0193294 -0.0150114
 -0.000300033 0.0168606 -0.0130941
 -0.000523171 0.0294 -0.0228324
weights matrix:
 -0.846534 -0.071032 0.163249
 1.55524 -1.48569 -0.396381
 -1.95434 0.628782 1.55934
 -1.60012 -0.427867 1.77586
 0.727304 0.294071 -2.13549
regression_error on 'test' 0.0886883
classification_error on 'test' 0.157895
Save,1835,0.0886883,0.157895
sample_count 75 Sample index 20
 i 0:0.489992 i 1:0.375074 i 2:0.521371 i 3:0.500487 bias 1
 test_print 2.88692
net matrix:
 -0.923937 -0.184292 -0.50238
outputs matrix:
 0.136123 0.408883 0.268006
error matrix:
 -0.136123 0.591117 -0.268006
delta matrix:
 -0.0320143 0.285743 -0.105154
weights_delta matrix:
 -0.00156867 0.0140012 -0.00515248
 -0.00120077 0.0107175 -0.00394407
 -0.00166913 0.0148978 -0.00548245
 -0.00160227 0.0143011 -0.00526284
 -0.00320143 0.0285743 -0.0105154
weights matrix:
 -0.848103 -0.0570308 0.158097
 1.55404 -1.47497 -0.400325
 -1.95601 0.643679 1.55385
 -1.60173 -0.413566 1.77059
 0.724102 0.322645 -2.146
regression_error on 'test' 0.0899462
classification_error on 'test' 0.157895
Save,1836,0.0899462,0.157895
sample_count 75 Sample index 21
 i 0:0.836426 i 1:0.445654 i 2:0.884274 i 3:0.719493 bias 1
 test_print 3.88585
net matrix:
 -2.17479 -0.110754 0.455792
outputs matrix:
 0.0127477 0.444848 0.713324
error matrix:
 -0.0127477 -0.444848 0.286676
delta matrix:
 -0.000320867 -0.219718 0.117246
weights_delta matrix:
 -2.68381e-05 -0.0183778 0.00980678
 -1.42996e-05 -0.00979181 0.00522513
 -2.83734e-05 -0.0194291 0.0103678
 -2.30861e-05 -0.0158085 0.00843579
 -3.20867e-05 -0.0219718 0.0117246
weights matrix:
 -0.84813 -0.0754086 0.167903
 1.55403 -1.48477 -0.3951
 -1.95604 0.62425 1.56422
 -1.60175 -0.429375 1.77903
 0.72407 0.300673 -2.13428
regression_error on 'test' 0.0885443
classification_error on 'test' 0.157895
Save,1837,0.0885443,0.157895
sample_count 75 Sample index 29
 i 0:0.420705 i 1:0.304495 i 2:0.536492 i 3:0.536988 bias 1
 test_print 2.79868
net matrix:
 -1.06907 -0.0788192 -0.389434
outputs matrix:
 0.105445 0.460672 0.314564
error matrix:
 -0.105445 0.539328 -0.314564
delta matrix:
 -0.0198926 0.267996 -0.135648
weights_delta matrix:
 -0.000836892 0.0112747 -0.0057068
 -0.00060572 0.00816034 -0.00413043
 -0.00106722 0.0143778 -0.00727743
 -0.00106821 0.014391 -0.00728416
 -0.00198926 0.0267996 -0.0135648
weights matrix:
 -0.848967 -0.0641339 0.162197
 1.55342 -1.47661 -0.39923
 -1.9571 0.638628 1.55695
 -1.60282 -0.414983 1.77175
 0.722081 0.327473 -2.14784
regression_error on 'test' 0.0897647
classification_error on 'test' 0.157895
Save,1838,0.0897647,0.157895
sample_count 75 Sample index 28
 i 0:0.305227 i 1:0.551523 i 2:0.113105 i 3:0.135476 bias 1
 test_print 2.10533
net matrix:
 0.881201 -0.490473 -1.90239
outputs matrix:
 0.85351 0.272704 0.0217791
error matrix:
 0.14649 -0.272704 -0.0217791
delta matrix:
 0.0366314 -0.108174 -0.000927999
weights_delta matrix:
 0.00111809 -0.00330177 -2.8325e-05
 0.00202031 -0.00596606 -5.11813e-05
 0.00041432 -0.00122351 -1.04961e-05
 0.000496268 -0.0014655 -1.25722e-05
 0.00366314 -0.0108174 -9.27999e-05
weights matrix:
 -0.847849 -0.0674357 0.162168
 1.55544 -1.48257 -0.399282
 -1.95669 0.637405 1.55693
 -1.60232 -0.416449 1.77173
 0.725744 0.316655 -2.14793
regression_error on 'test' 0.089453
classification_error on 'test' 0.184211
Save,1839,0.089453,0.184211
sample_count 75 Sample index 56
 i 0:0.328323 i 1:0.727972 i 2:0.158468 i 3:0.208478 bias 1
 test_print 2.42324
net matrix:
 0.935574 -0.770569 -1.76926
outputs matrix:
 0.866591 0.17637 0.0282356
error matrix:
 0.133409 -0.17637 -0.0282356
delta matrix:
 0.0308471 -0.0512403 -0.00154948
weights_delta matrix:
 0.00101278 -0.00168234 -5.0873e-05
 0.00224558 -0.00373015 -0.000112798
 0.000488827 -0.000811994 -2.45543e-05
 0.000643094 -0.00106825 -3.23032e-05
 0.00308471 -0.00512403 -0.000154948
weights matrix:
 -0.846836 -0.069118 0.162117
 1.55769 -1.4863 -0.399394
 -1.9562 0.636593 1.55691
 -1.60168 -0.417517 1.7717
 0.728829 0.311531 -2.14809
regression_error on 'test' 0.0893007
classification_error on 'test' 0.184211
Save,1840,0.0893007,0.184211
sample_count 75 Sample index 39
 i 0:0.397609 i 1:0.622103 i 2:0.18871 i 3:0.135476 bias 1
 test_print 2.3439
net matrix:
 0.775019 -0.577016 -1.79827
outputs matrix:
 0.824919 0.239753 0.0266869
error matrix:
 0.175081 -0.239753 -0.0266869
delta matrix:
 0.050573 -0.0874005 -0.00138637
weights_delta matrix:
 0.00201083 -0.00347512 -5.51233e-05
 0.00314616 -0.00543721 -8.62464e-05
 0.000954362 -0.00164933 -2.61622e-05
 0.000685142 -0.00118407 -1.8782e-05
 0.0050573 -0.00874005 -0.000138637
weights matrix:
 -0.844825 -0.0725931 0.162062
 1.56084 -1.49174 -0.399481
 -1.95525 0.634943 1.55688
 -1.60099 -0.418701 1.77168
 0.733886 0.302791 -2.14823
regression_error on 'test' 0.089071
classification_error on 'test' 0.157895
Save,1841,0.089071,0.157895
sample_count 75 Sample index 45
 i 0:0.697853 i 1:0.586813 i 2:0.793548 i 3:0.975 bias 1
 test_print 4.05321
net matrix:
 -2.05231 -0.527616 0.6933
outputs matrix:
 0.0162286 0.258222 0.800049
error matrix:
 -0.0162286 -0.258222 0.199951
delta matrix:
 -0.000518186 -0.0989212 0.0639727
weights_delta matrix:
 -3.61618e-05 -0.00690325 0.00446435
 -3.04078e-05 -0.00580482 0.003754
 -4.11206e-05 -0.00784987 0.00507654
 -5.05232e-05 -0.00964482 0.00623733
 -5.18186e-05 -0.00989212 0.00639727
weights matrix:
 -0.844861 -0.0794964 0.166527
 1.56081 -1.49754 -0.395727
 -1.95529 0.627093 1.56196
 -1.60104 -0.428346 1.77792
 0.733834 0.292899 -2.14183
regression_error on 'test' 0.0884662
classification_error on 'test' 0.157895
Save,1842,0.0884662,0.157895
sample_count 75 Sample index 60
 i 0:0.559279 i 1:0.410364 i 2:0.536492 i 3:0.536988 bias 1
 test_print 3.04312
net matrix:
 -1.00692 -0.259686 -0.418387
outputs matrix:
 0.117758 0.372999 0.302215
error matrix:
 -0.117758 0.627001 -0.302215
delta matrix:
 -0.0244679 0.293274 -0.127463
weights_delta matrix:
 -0.00136844 0.0164022 -0.00712872
 -0.00100408 0.0120349 -0.00523061
 -0.00131269 0.0157339 -0.00683827
 -0.0013139 0.0157485 -0.00684459
 -0.00244679 0.0293274 -0.0127463
weights matrix:
 -0.84623 -0.0630941 0.159398
 1.5598 -1.48551 -0.400957
 -1.9566 0.642827 1.55512
 -1.60236 -0.412598 1.77107
 0.731387 0.322227 -2.15458
regression_error on 'test' 0.0897961
classification_error on 'test' 0.157895
Save,1843,0.0897961,0.157895
sample_count 75 Sample index 16
 i 0:0.60547 i 1:0.304495 i 2:0.687702 i 3:0.755994 bias 1
 test_print 3.35366
net matrix:
 -1.86296 -0.038153 0.228227
outputs matrix:
 0.0235243 0.480933 0.612173
error matrix:
 -0.0235243 -0.480933 0.387827
delta matrix:
 -0.00108075 -0.240117 0.184154
weights_delta matrix:
 -6.5436e-05 -0.0145383 0.01115
 -3.29082e-05 -0.00731143 0.00560739
 -7.43232e-05 -0.0165129 0.0126643
 -8.17038e-05 -0.0181527 0.0139219
 -0.000108075 -0.0240117 0.0184154
weights matrix:
 -0.846295 -0.0776325 0.170548
 1.55977 -1.49282 -0.39535
 -1.95667 0.626314 1.56779
 -1.60244 -0.43075 1.785
 0.731279 0.298215 -2.13616
regression_error on 'test' 0.0883258
classification_error on 'test' 0.157895
Save,1844,0.0883258,0.157895
sample_count 75 Sample index 70
 i 0:0.259036 i 1:0.622103 i 2:0.173589 i 3:0.135476 bias 1
 test_print 2.1902
net matrix:
 0.925646 -0.600218 -1.82396
outputs matrix:
 0.864279 0.231398 0.0253843
error matrix:
 0.135721 -0.231398 -0.0253843
delta matrix:
 0.0318405 -0.0823094 -0.00125601
weights_delta matrix:
 0.000824784 -0.00213211 -3.25352e-05
 0.00198081 -0.00512049 -7.81367e-05
 0.000552716 -0.0014288 -2.18029e-05
 0.000431362 -0.00111509 -1.70159e-05
 0.00318405 -0.00823094 -0.000125601
weights matrix:
 -0.84547 -0.0797646 0.170515
 1.56175 -1.49794 -0.395428
 -1.95612 0.624886 1.56776
 -1.60201 -0.431865 1.78498
 0.734463 0.289984 -2.13629
regression_error on 'test' 0.0881835
classification_error on 'test' 0.157895
Save,1845,0.0881835,0.157895
sample_count 75 Sample index 43
 i 0:0.582374 i 1:0.198626 i 2:0.612097 i 3:0.60999 bias 1
 test_print 3.00309
net matrix:
 -1.62226 0.0650581 -0.0670816
outputs matrix:
 0.0375245 0.532483 0.466509
error matrix:
 -0.0375245 0.467517 -0.466509
delta matrix:
 -0.00271049 0.232772 -0.232208
weights_delta matrix:
 -0.000157852 0.013556 -0.0135232
 -5.38375e-05 0.00462345 -0.00461226
 -0.000165909 0.0142479 -0.0142134
 -0.000165337 0.0141988 -0.0141645
 -0.000271049 0.0232772 -0.0232208
weights matrix:
 -0.845628 -0.0662086 0.156992
 1.5617 -1.49332 -0.40004
 -1.95629 0.639134 1.55355
 -1.60217 -0.417667 1.77082
 0.734192 0.313261 -2.15951
regression_error on 'test' 0.0895387
classification_error on 'test' 0.184211
Save,1846,0.0895387,0.184211
sample_count 75 Sample index 23
 i 0:0.975 i 1:0.763262 i 2:0.899395 i 3:0.792495 bias 1
 test_print 4.43015
net matrix:
 -1.9275 -0.64725 0.488843
outputs matrix:
 0.0207345 0.215092 0.726649
error matrix:
 -0.0207345 -0.215092 0.273351
delta matrix:
 -0.00084201 -0.0726269 0.108592
weights_delta matrix:
 -8.20959e-05 -0.00708112 0.0105877
 -6.42674e-05 -0.00554333 0.0082884
 -7.57299e-05 -0.00653202 0.00976669
 -6.67289e-05 -0.00575564 0.00860584
 -8.4201e-05 -0.00726269 0.0108592
weights matrix:
 -0.84571 -0.0732897 0.16758
 1.56163 -1.49886 -0.391752
 -1.95636 0.632602 1.56332
 -1.60224 -0.423422 1.77942
 0.734108 0.305998 -2.14865
regression_error on 'test' 0.0887391
classification_error on 'test' 0.157895
Save,1847,0.0887391,0.157895
sample_count 75 Sample index 45
 i 0:0.697853 i 1:0.586813 i 2:0.793548 i 3:0.975 bias 1
 test_print 4.05321
net matrix:
 -2.05434 -0.535535 0.713916
outputs matrix:
 0.0161639 0.2552 0.806563
error matrix:
 -0.0161639 -0.2552 0.193437
delta matrix:
 -0.000514095 -0.0970129 0.0603596
weights_delta matrix:
 -3.58763e-05 -0.00677008 0.00421221
 -3.01678e-05 -0.00569285 0.00354198
 -4.07959e-05 -0.00769844 0.00478982
 -5.01243e-05 -0.00945876 0.00588506
 -5.14095e-05 -0.00970129 0.00603596
weights matrix:
 -0.845746 -0.0800598 0.171792
 1.5616 -1.50455 -0.38821
 -1.9564 0.624903 1.56811
 -1.60229 -0.432881 1.78531
 0.734057 0.296297 -2.14261
regression_error on 'test' 0.0882041
classification_error on 'test' 0.157895
Save,1848,0.0882041,0.157895
sample_count 75 Sample index 32
 i 0:0.697853 i 1:0.516233 i 2:0.642339 i 3:0.60999 bias 1
 test_print 3.46642
net matrix:
 -1.28406 -0.398927 -0.126858
outputs matrix:
 0.0712191 0.310485 0.436909
error matrix:
 -0.0712191 0.689515 -0.436909
delta matrix:
 -0.00942186 0.295228 -0.214976
weights_delta matrix:
 -0.000657507 0.0206026 -0.0150022
 -0.000486388 0.0152407 -0.0110978
 -0.000605203 0.0189637 -0.0138088
 -0.000574724 0.0180086 -0.0131133
 -0.000942186 0.0295228 -0.0214976
weights matrix:
 -0.846404 -0.0594572 0.15679
 1.56111 -1.48931 -0.399308
 -1.95701 0.643867 1.5543
 -1.60287 -0.414872 1.77219
 0.733115 0.32582 -2.16411
regression_error on 'test' 0.089965
classification_error on 'test' 0.157895
Save,1849,0.089965,0.157895
sample_count 75 Sample index 16
 i 0:0.60547 i 1:0.304495 i 2:0.687702 i 3:0.755994 bias 1
 test_print 3.35366
net matrix:
 -1.8616 -0.0345206 0.217896
outputs matrix:
 0.0235867 0.482747 0.607256
error matrix:
 -0.0235867 -0.482747 0.392744
delta matrix:
 -0.00108642 -0.241086 0.187336
weights_delta matrix:
 -6.57795e-05 -0.014597 0.0113426
 -3.30809e-05 -0.00734094 0.00570429
 -7.47133e-05 -0.0165795 0.0128831
 -8.21327e-05 -0.0182259 0.0141625
 -0.000108642 -0.0241086 0.0187336
weights matrix:
 -0.846469 -0.0740542 0.168132
 1.56108 -1.49665 -0.393603
 -1.95708 0.627287 1.56718
 -1.60295 -0.433098 1.78636
 0.733006 0.301711 -2.14538
regression_error on 'test' 0.0884071
classification_error on 'test' 0.157895
Save,1850,0.0884071,0.157895
sample_count 75 Sample index 65
 i 0:0.928809 i 1:0.410364 i 2:0.944758 i 3:0.792495 bias 1
 test_print 4.07643
net matrix:
 -2.53189 -0.131838 0.745551
outputs matrix:
 0.00628191 0.434461 0.816244
error matrix:
 -0.00628191 -0.434461 0.183756
delta matrix:
 -7.84291e-05 -0.213498 0.0551232
weights_delta matrix:
 -7.28456e-06 -0.0198299 0.00511989
 -3.21845e-06 -0.00876118 0.00226206
 -7.40965e-06 -0.0201704 0.00520781
 -6.21547e-06 -0.0169196 0.00436848
 -7.84291e-06 -0.0213498 0.00551232
weights matrix:
 -0.846477 -0.0938841 0.173252
 1.56108 -1.50542 -0.391341
 -1.95709 0.607117 1.57239
 -1.60295 -0.450018 1.79072
 0.732998 0.280362 -2.13986
regression_error on 'test' 0.0876877
classification_error on 'test' 0.157895
Save,1851,0.0876877,0.157895
sample_count 75 Sample index 9
 i 0:0.351418 i 1:0.375074 i 2:0.521371 i 3:0.573489 bias 1
 test_print 2.82135
net matrix:
 -0.918596 -0.25882 -0.379003
outputs matrix:
 0.137384 0.373404 0.319079
error matrix:
 -0.137384 0.626596 -0.319079
delta matrix:
 -0.0325625 0.293214 -0.138651
weights_delta matrix:
 -0.00114431 0.0103041 -0.00487245
 -0.00122134 0.0109977 -0.00520045
 -0.00169772 0.0152873 -0.00722887
 -0.00186742 0.0168155 -0.00795149
 -0.00325625 0.0293214 -0.0138651
weights matrix:
 -0.847621 -0.08358 0.16838
 1.55986 -1.49442 -0.396542
 -1.95879 0.622404 1.56516
 -1.60482 -0.433202 1.78277
 0.729742 0.309683 -2.15373
regression_error on 'test' 0.0885083
classification_error on 'test' 0.157895
Save,1852,0.0885083,0.157895
sample_count 75 Sample index 39
 i 0:0.397609 i 1:0.622103 i 2:0.18871 i 3:0.135476 bias 1
 test_print 2.3439
net matrix:
 0.776054 -0.594466 -1.79659
outputs matrix:
 0.825218 0.23345 0.0267744
error matrix:
 0.174782 -0.23345 -0.0267744
delta matrix:
 0.0504188 -0.0835523 -0.00139535
weights_delta matrix:
 0.0020047 -0.00332212 -5.54802e-05
 0.00313657 -0.00519781 -8.68049e-05
 0.000951453 -0.00157672 -2.63316e-05
 0.000683053 -0.00113193 -1.89036e-05
 0.00504188 -0.00835523 -0.000139535
weights matrix:
 -0.845616 -0.0869021 0.168324
 1.56299 -1.49962 -0.396629
 -1.95784 0.620827 1.56513
 -1.60414 -0.434334 1.78275
 0.734784 0.301328 -2.15387
regression_error on 'test' 0.0883433
classification_error on 'test' 0.157895
Save,1853,0.0883433,0.157895
sample_count 75 Sample index 73
 i 0:0.582374 i 1:0.410364 i 2:0.65746 i 3:0.719493 bias 1
 test_print 3.36969
net matrix:
 -1.55765 -0.269001 0.0930889
outputs matrix:
 0.0424805 0.368652 0.54641
error matrix:
 -0.0424805 -0.368652 0.45359
delta matrix:
 -0.00345586 -0.171606 0.224841
weights_delta matrix:
 -0.00020126 -0.00999389 0.0130941
 -0.000141816 -0.00704209 0.00922666
 -0.000227209 -0.0112824 0.0147824
 -0.000248647 -0.0123469 0.0161771
 -0.000345586 -0.0171606 0.0224841
weights matrix:
 -0.845818 -0.096896 0.181419
 1.56285 -1.50666 -0.387402
 -1.95806 0.609545 1.57992
 -1.60439 -0.446681 1.79893
 0.734438 0.284167 -2.13138
regression_error on 'test' 0.0875068
classification_error on 'test' 0.157895
Save,1854,0.0875068,0.157895
sample_count 75 Sample index 40
 i 0:0.328323 i 1:0.763262 i 2:0.158468 i 3:0.171977 bias 1
 test_print 2.42203
net matrix:
 1.06339 -0.877846 -1.80777
outputs matrix:
 0.89348 0.147331 0.0261977
error matrix:
 0.10652 -0.147331 -0.0261977
delta matrix:
 0.0202759 -0.0370166 -0.00133668
weights_delta matrix:
 0.000665704 -0.00121534 -4.38861e-05
 0.00154758 -0.00282534 -0.000102023
 0.000321308 -0.000586595 -2.1182e-05
 0.000348698 -0.000636601 -2.29877e-05
 0.00202759 -0.00370166 -0.000133668
weights matrix:
 -0.845152 -0.0981114 0.181375
 1.5644 -1.50948 -0.387504
 -1.95774 0.608958 1.5799
 -1.60404 -0.447318 1.79891
 0.736466 0.280466 -2.13152
regression_error on 'test' 0.087471
classification_error on 'test' 0.157895
Save,1855,0.087471,0.157895
sample_count 75 Sample index 43
 i 0:0.582374 i 1:0.198626 i 2:0.612097 i 3:0.60999 bias 1
 test_print 3.00309
net matrix:
 -1.62177 0.0233876 -0.0384938
outputs matrix:
 0.0375594 0.511692 0.480763
error matrix:
 -0.0375594 0.488308 -0.480763
delta matrix:
 -0.00271544 0.244021 -0.240025
weights_delta matrix:
 -0.00015814 0.0142111 -0.0139785
 -5.39358e-05 0.00484688 -0.00476753
 -0.000166212 0.0149364 -0.0146919
 -0.000165639 0.014885 -0.0146413
 -0.000271544 0.0244021 -0.0240025
weights matrix:
 -0.84531 -0.0839002 0.167396
 1.56435 -1.50464 -0.392271
 -1.95791 0.623895 1.5652
 -1.6042 -0.432433 1.78427
 0.736194 0.304868 -2.15552
regression_error on 'test' 0.0883971
classification_error on 'test' 0.157895
Save,1856,0.0883971,0.157895
sample_count 75 Sample index 31
 i 0:0.559279 i 1:0.339785 i 2:0.778427 i 3:0.573489 bias 1
 test_print 3.25098
net matrix:
 -1.64911 -0.0156478 0.0464664
outputs matrix:
 0.0356322 0.492177 0.523216
error matrix:
 -0.0356322 -0.492177 0.476784
delta matrix:
 -0.00244882 -0.246028 0.237878
weights_delta matrix:
 -0.000136958 -0.0137598 0.013304
 -8.32073e-05 -0.00835967 0.00808273
 -0.000190623 -0.0191515 0.018517
 -0.000140437 -0.0141094 0.013642
 -0.000244882 -0.0246028 0.0237878
weights matrix:
 -0.845447 -0.0976601 0.1807
 1.56426 -1.513 -0.384189
 -1.9581 0.604743 1.58372
 -1.60434 -0.446542 1.79791
 0.735949 0.280265 -2.13173
regression_error on 'test' 0.087439
classification_error on 'test' 0.157895
Save,1857,0.087439,0.157895
sample_count 75 Sample index 13
 i 0:0.420705 i 1:0.269205 i 2:0.491129 i 3:0.427485 bias 1
 test_print 2.60852
net matrix:
 -0.84614 -0.0620106 -0.612747
outputs matrix:
 0.155476 0.469034 0.226971
error matrix:
 -0.155476 0.530966 -0.226971
delta matrix:
 -0.0408291 0.264465 -0.0796465
weights_delta matrix:
 -0.0017177 0.0111262 -0.00335077
 -0.00109914 0.00711952 -0.00214412
 -0.00200523 0.0129886 -0.00391167
 -0.00174538 0.0113055 -0.00340477
 -0.00408291 0.0264465 -0.00796465
weights matrix:
 -0.847165 -0.0865339 0.177349
 1.56316 -1.50588 -0.386333
 -1.96011 0.617732 1.57981
 -1.60609 -0.435237 1.7945
 0.731866 0.306711 -2.1397
regression_error on 'test' 0.0879133
classification_error on 'test' 0.157895
Save,1858,0.0879133,0.157895
sample_count 75 Sample index 40
 i 0:0.328323 i 1:0.763262 i 2:0.158468 i 3:0.171977 bias 1
 test_print 2.42203
net matrix:
 1.06 -0.848038 -1.81738
outputs matrix:
 0.892832 0.154978 0.0257117
error matrix:
 0.107168 -0.154978 -0.0257117
delta matrix:
 0.0205083 -0.040592 -0.00128819
weights_delta matrix:
 0.000673333 -0.00133273 -4.22942e-05
 0.00156532 -0.00309823 -9.83225e-05
 0.00032499 -0.000643253 -2.04136e-05
 0.000352695 -0.000698089 -2.21539e-05
 0.00205083 -0.0040592 -0.000128819
weights matrix:
 -0.846491 -0.0878666 0.177307
 1.56473 -1.50897 -0.386431
 -1.95978 0.617089 1.57979
 -1.60574 -0.435935 1.79448
 0.733917 0.302652 -2.13983
regression_error on 'test' 0.0878416
classification_error on 'test' 0.157895
Save,1859,0.0878416,0.157895
sample_count 75 Sample index 38
 i 0:0.397609 i 1:0.798551 i 2:0.128226 i 3:0.208478 bias 1
 test_print 2.53286
net matrix:
 1.0608 -0.949034 -1.80123
outputs matrix:
 0.892986 0.130327 0.0265332
error matrix:
 0.107014 -0.130327 -0.0265332
delta matrix:
 0.020453 -0.0295431 -0.00137067
weights_delta matrix:
 0.000813231 -0.00117466 -5.44989e-05
 0.00163328 -0.00235917 -0.000109455
 0.000262261 -0.00037882 -1.75755e-05
 0.000426401 -0.00061591 -2.85754e-05
 0.0020453 -0.00295431 -0.000137067
weights matrix:
 -0.845678 -0.0890413 0.177253
 1.56636 -1.51133 -0.386541
 -1.95952 0.61671 1.57977
 -1.60531 -0.436551 1.79445
 0.735962 0.299698 -2.13996
regression_error on 'test' 0.08779
classification_error on 'test' 0.157895
Save,1860,0.08779,0.157895
sample_count 75 Sample index 0
 i 0:0.282131 i 1:0.269205 i 2:0.430645 i 3:0.427485 bias 1
 test_print 2.40947
net matrix:
 -0.61106 -0.0533182 -0.746592
outputs matrix:
 0.227564 0.473366 0.183444
error matrix:
 -0.227564 0.526634 -0.183444
delta matrix:
 -0.0800015 0.26257 -0.0549572
weights_delta matrix:
 -0.00225709 0.00740791 -0.00155051
 -0.00215368 0.00706851 -0.00147948
 -0.00344523 0.0113074 -0.00236671
 -0.00341994 0.0112245 -0.00234934
 -0.00800015 0.026257 -0.00549572
weights matrix:
 -0.847935 -0.0816334 0.175702
 1.56421 -1.50427 -0.38802
 -1.96296 0.628017 1.5774
 -1.60873 -0.425326 1.7921
 0.727962 0.325955 -2.14546
regression_error on 'test' 0.0884259
classification_error on 'test' 0.157895
Save,1861,0.0884259,0.157895
sample_count 75 Sample index 63
 i 0:0.420705 i 1:0.904421 i 2:0.143347 i 3:0.135476 bias 1
 test_print 2.60395
net matrix:
 1.28661 -1.03648 -1.95357
outputs matrix:
 0.929117 0.111754 0.0197019
error matrix:
 0.0708826 -0.111754 -0.0197019
delta matrix:
 0.00933641 -0.0221865 -0.000761034
weights_delta matrix:
 0.000392787 -0.000933395 -3.20171e-05
 0.000844405 -0.00200659 -6.88295e-05
 0.000133835 -0.000318036 -1.09092e-05
 0.000126486 -0.000300573 -1.03102e-05
 0.000933641 -0.00221865 -7.61034e-05
weights matrix:
 -0.847542 -0.0825668 0.17567
 1.56505 -1.50627 -0.388089
 -1.96283 0.627699 1.57739
 -1.6086 -0.425627 1.79209
 0.728896 0.323736 -2.14554
regression_error on 'test' 0.0883666
classification_error on 'test' 0.157895
Save,1862,0.0883666,0.157895
sample_count 75 Sample index 1
 i 0:0.582374 i 1:0.445654 i 2:0.581855 i 3:0.536988 bias 1
 test_print 3.14687
net matrix:
 -1.0731 -0.258951 -0.336036
outputs matrix:
 0.104686 0.373343 0.338033
error matrix:
 -0.104686 0.626657 -0.338033
delta matrix:
 -0.0196239 0.293223 -0.151281
weights_delta matrix:
 -0.00114285 0.0170765 -0.00881021
 -0.000874549 0.0130676 -0.0067419
 -0.00114183 0.0170613 -0.00880236
 -0.00105378 0.0157457 -0.00812361
 -0.00196239 0.0293223 -0.0151281
weights matrix:
 -0.848685 -0.0654903 0.16686
 1.56418 -1.4932 -0.394831
 -1.96397 0.644761 1.56859
 -1.60966 -0.409881 1.78397
 0.726934 0.353058 -2.16066
regression_error on 'test' 0.0899379
classification_error on 'test' 0.157895
Save,1863,0.0899379,0.157895
sample_count 75 Sample index 66
 i 0:0.60547 i 1:0.304495 i 2:0.672581 i 3:0.60999 bias 1
 test_print 3.19254
net matrix:
 -1.61344 0.042363 -0.0366507
outputs matrix:
 0.0381666 0.521169 0.481683
error matrix:
 -0.0381666 0.478831 -0.481683
delta matrix:
 -0.00280218 0.238986 -0.240518
weights_delta matrix:
 -0.000169664 0.0144699 -0.0145627
 -8.5325e-05 0.00727702 -0.00732366
 -0.000188469 0.0160738 -0.0161768
 -0.00017093 0.0145779 -0.0146714
 -0.000280218 0.0238986 -0.0240518
weights matrix:
 -0.848855 -0.0510203 0.152297
 1.56409 -1.48593 -0.402154
 -1.96416 0.660834 1.55241
 -1.60983 -0.395303 1.7693
 0.726653 0.376957 -2.18472
regression_error on 'test' 0.0923059
classification_error on 'test' 0.0789474
Save,1864,0.0923059,0.0789474
sample_count 75 Sample index 70
 i 0:0.259036 i 1:0.622103 i 2:0.173589 i 3:0.135476 bias 1
 test_print 2.1902
net matrix:
 0.920746 -0.4995 -1.88627
outputs matrix:
 0.863125 0.269138 0.0224769
error matrix:
 0.136875 -0.269138 -0.0224769
delta matrix:
 0.0323408 -0.105881 -0.000987711
weights_delta matrix:
 0.000837744 -0.00274269 -2.55853e-05
 0.00201193 -0.00658686 -6.14458e-05
 0.000561401 -0.00183797 -1.71456e-05
 0.000438141 -0.00143443 -1.33811e-05
 0.00323408 -0.0105881 -9.87711e-05
weights matrix:
 -0.848017 -0.053763 0.152272
 1.5661 -1.49251 -0.402216
 -1.9636 0.658996 1.5524
 -1.60939 -0.396738 1.76928
 0.729887 0.366369 -2.18481
regression_error on 'test' 0.0918149
classification_error on 'test' 0.0789474
Save,1865,0.0918149,0.0789474
sample_count 75 Sample index 68
 i 0:0.305227 i 1:0.657392 i 2:0.173589 i 3:0.281481 bias 1
 test_print 2.41769
net matrix:
 0.706722 -0.628488 -1.63525
outputs matrix:
 0.804309 0.221495 0.0365971
error matrix:
 0.195691 -0.221495 -0.0365971
delta matrix:
 0.0616022 -0.076387 -0.00258066
weights_delta matrix:
 0.00188026 -0.00233154 -7.87688e-05
 0.00404968 -0.00502162 -0.000169651
 0.00106935 -0.00132599 -4.47975e-05
 0.00173398 -0.00215015 -7.26408e-05
 0.00616022 -0.0076387 -0.000258066
weights matrix:
 -0.846137 -0.0560946 0.152193
 1.57015 -1.49754 -0.402386
 -1.96253 0.65767 1.55235
 -1.60766 -0.398888 1.76921
 0.736048 0.35873 -2.18507
regression_error on 'test' 0.0914536
classification_error on 'test' 0.0789474
Save,1866,0.0914536,0.0789474
sample_count 75 Sample index 63
 i 0:0.420705 i 1:0.904421 i 2:0.143347 i 3:0.135476 bias 1
 test_print 2.60395
net matrix:
 1.30103 -0.979037 -2.02276
outputs matrix:
 0.930994 0.123676 0.0171996
error matrix:
 0.0690056 -0.123676 -0.0171996
delta matrix:
 0.00886638 -0.026808 -0.000581478
weights_delta matrix:
 0.000373013 -0.00112782 -2.44631e-05
 0.000801894 -0.00242457 -5.25901e-05
 0.000127097 -0.000384284 -8.33532e-06
 0.000120118 -0.000363183 -7.87764e-06
 0.000886638 -0.0026808 -5.81478e-05
weights matrix:
 -0.845764 -0.0572224 0.152168
 1.57096 -1.49996 -0.402438
 -1.9624 0.657286 1.55234
 -1.60754 -0.399251 1.7692
 0.736934 0.356049 -2.18513
regression_error on 'test' 0.0913307
classification_error on 'test' 0.0789474
Save,1867,0.0913307,0.0789474
sample_count 75 Sample index 68
 i 0:0.305227 i 1:0.657392 i 2:0.173589 i 3:0.281481 bias 1
 test_print 2.41769
net matrix:
 0.718376 -0.645762 -1.63578
outputs matrix:
 0.807951 0.215595 0.0365601
error matrix:
 0.192049 -0.215595 -0.0365601
delta matrix:
 0.059599 -0.0729201 -0.00257554
weights_delta matrix:
 0.00181912 -0.00222572 -7.86125e-05
 0.00391799 -0.00479371 -0.000169314
 0.00103457 -0.00126581 -4.47086e-05
 0.0016776 -0.00205256 -7.24966e-05
 0.0059599 -0.00729201 -0.000257554
weights matrix:
 -0.843945 -0.0594481 0.15209
 1.57487 -1.50475 -0.402607
 -1.96137 0.65602 1.5523
 -1.60586 -0.401304 1.76913
 0.742894 0.348757 -2.18539
regression_error on 'test' 0.0910229
classification_error on 'test' 0.0789474
Save,1868,0.0910229,0.0789474
sample_count 75 Sample index 0
 i 0:0.282131 i 1:0.269205 i 2:0.430645 i 3:0.427485 bias 1
 test_print 2.40947
net matrix:
 -0.602379 0.0378585 -0.826095
outputs matrix:
 0.23063 0.51892 0.160813
error matrix:
 -0.23063 0.48108 -0.160813
delta matrix:
 -0.0818459 0.240195 -0.0434042
weights_delta matrix:
 -0.00230913 0.00677666 -0.00122457
 -0.00220333 0.00646618 -0.00116846
 -0.00352465 0.0103439 -0.00186918
 -0.00349879 0.010268 -0.00185546
 -0.00818459 0.0240195 -0.00434042
weights matrix:
 -0.846254 -0.0526715 0.150865
 1.57267 -1.49829 -0.403776
 -1.96489 0.666364 1.55043
 -1.60936 -0.391036 1.76728
 0.73471 0.372777 -2.18973
regression_error on 'test' 0.0923241
classification_error on 'test' 0.0789474
Save,1869,0.0923241,0.0789474
sample_count 75 Sample index 17
 i 0:0.443801 i 1:0.304495 i 2:0.521371 i 3:0.463986 bias 1
 test_print 2.73365
net matrix:
 -0.933146 0.0591681 -0.617381
outputs matrix:
 0.133971 0.52955 0.225349
error matrix:
 -0.133971 0.47045 -0.225349
delta matrix:
 -0.0310876 0.234404 -0.0786769
weights_delta matrix:
 -0.00137967 0.0104029 -0.00349169
 -0.000946601 0.00713747 -0.00239567
 -0.00162082 0.0122211 -0.00410199
 -0.00144242 0.010876 -0.0036505
 -0.00310876 0.0234404 -0.00786769
weights matrix:
 -0.847634 -0.0422686 0.147374
 1.57172 -1.49115 -0.406172
 -1.96651 0.678585 1.54633
 -1.6108 -0.38016 1.76363
 0.731601 0.396217 -2.1976
regression_error on 'test' 0.0942039
classification_error on 'test' 0.0789474
Save,1870,0.0942039,0.0789474
sample_count 75 Sample index 26
 i 0:0.489992 i 1:0.339785 i 2:0.536492 i 3:0.500487 bias 1
 test_print 2.86676
net matrix:
 -1.01089 0.0426262 -0.551131
outputs matrix:
 0.116936 0.5213 0.249316
error matrix:
 -0.116936 0.4787 -0.249316
delta matrix:
 -0.0241499 0.238916 -0.093323
weights_delta matrix:
 -0.00118333 0.0117067 -0.00457275
 -0.000820578 0.00811799 -0.00317098
 -0.00129562 0.0128176 -0.0050067
 -0.00120867 0.0119574 -0.0046707
 -0.00241499 0.0238916 -0.0093323
weights matrix:
 -0.848817 -0.0305619 0.142801
 1.5709 -1.48303 -0.409343
 -1.96781 0.691403 1.54132
 -1.61201 -0.368202 1.75896
 0.729186 0.420109 -2.20693
regression_error on 'test' 0.0966413
classification_error on 'test' 0.105263
Save,1871,0.0966413,0.105263
sample_count 75 Sample index 39
 i 0:0.397609 i 1:0.622103 i 2:0.18871 i 3:0.135476 bias 1
 test_print 2.3439
net matrix:
 0.779219 -0.43405 -1.87564
outputs matrix:
 0.826129 0.29565 0.0229485
error matrix:
 0.173871 -0.29565 -0.0229485
delta matrix:
 0.0499496 -0.123133 -0.00102909
weights_delta matrix:
 0.00198604 -0.00489587 -4.09177e-05
 0.00310738 -0.00766013 -6.40203e-05
 0.000942599 -0.00232364 -1.94201e-05
 0.000676697 -0.00166816 -1.39418e-05
 0.00499496 -0.0123133 -0.000102909
weights matrix:
 -0.846831 -0.0354578 0.14276
 1.57401 -1.49069 -0.409407
 -1.96687 0.689079 1.5413
 -1.61133 -0.36987 1.75894
 0.734181 0.407796 -2.20703
regression_error on 'test' 0.0957677
classification_error on 'test' 0.0789474
Save,1872,0.0957677,0.0789474
sample_count 75 Sample index 39
 i 0:0.397609 i 1:0.622103 i 2:0.18871 i 3:0.135476 bias 1
 test_print 2.3439
net matrix:
 0.787206 -0.45374 -1.87581
outputs matrix:
 0.828412 0.287516 0.0229411
error matrix:
 0.171588 -0.287516 -0.0229411
delta matrix:
 0.0487811 -0.117796 -0.00102844
weights_delta matrix:
 0.00193958 -0.00468366 -4.08917e-05
 0.00303469 -0.0073281 -6.39796e-05
 0.000920548 -0.00222292 -1.94077e-05
 0.000660867 -0.00159585 -1.39329e-05
 0.00487811 -0.0117796 -0.000102844
weights matrix:
 -0.844891 -0.0401415 0.142719
 1.57705 -1.49802 -0.409471
 -1.96595 0.686856 1.54128
 -1.61067 -0.371466 1.75893
 0.739059 0.396016 -2.20713
regression_error on 'test' 0.0949964
classification_error on 'test' 0.0789474
Save,1873,0.0949964,0.0789474
sample_count 75 Sample index 12
 i 0:0.166653 i 1:0.480944 i 2:0.128226 i 3:0.135476 bias 1
 test_print 1.9113
net matrix:
 0.886433 -0.29339 -1.94436
outputs matrix:
 0.854814 0.357374 0.020061
error matrix:
 0.145186 -0.357374 -0.020061
delta matrix:
 0.0360373 -0.164148 -0.000788738
weights_delta matrix:
 0.000600572 -0.00273557 -1.31446e-05
 0.00173319 -0.00789458 -3.79339e-05
 0.000462092 -0.0021048 -1.01137e-05
 0.000488219 -0.00222381 -1.06855e-05
 0.00360373 -0.0164148 -7.88738e-05
weights matrix:
 -0.844291 -0.042877 0.142706
 1.57878 -1.50592 -0.409508
 -1.96548 0.684752 1.54127
 -1.61018 -0.37369 1.75892
 0.742663 0.379601 -2.20721
regression_error on 'test' 0.0941644
classification_error on 'test' 0.0789474
Save,1874,0.0941644,0.0789474
sample_count 75 Sample index 33
 i 0:0.559279 i 1:0.480944 i 2:0.672581 i 3:0.719493 bias 1
 test_print 3.4323
net matrix:
 -1.45069 -0.176956 -0.0221924
outputs matrix:
 0.0520854 0.412434 0.488906
error matrix:
 -0.0520854 -0.412434 0.511094
delta matrix:
 -0.00514318 -0.199892 0.255421
weights_delta matrix:
 -0.000287647 -0.0111795 0.0142852
 -0.000247358 -0.00961369 0.0122843
 -0.000345921 -0.0134444 0.0171792
 -0.000370048 -0.0143821 0.0183774
 -0.000514318 -0.0199892 0.0255421
weights matrix:
 -0.844578 -0.0540566 0.156991
 1.57853 -1.51553 -0.397224
 -1.96583 0.671307 1.55845
 -1.61055 -0.388072 1.77729
 0.742148 0.359612 -2.18167
regression_error on 'test' 0.091331
classification_error on 'test' 0.0789474
Save,1875,0.091331,0.0789474
sample_count 75 Sample index 35
 i 0:0.189749 i 1:0.233915 i 2:0.128226 i 3:0.171977 bias 1
 test_print 1.72387
net matrix:
 0.422084 0.0141895 -1.73931
outputs matrix:
 0.699342 0.507094 0.0299267
error matrix:
 0.300658 -0.507094 -0.0299267
delta matrix:
 0.126434 -0.253496 -0.0017376
weights_delta matrix:
 0.00239908 -0.00481006 -3.29709e-05
 0.00295748 -0.00592965 -4.06452e-05
 0.00162121 -0.00325048 -2.22806e-05
 0.00217438 -0.00435955 -2.98828e-05
 0.0126434 -0.0253496 -0.00017376
weights matrix:
 -0.842179 -0.0588666 0.156958
 1.58149 -1.52146 -0.397265
 -1.96421 0.668057 1.55843
 -1.60838 -0.392432 1.77726
 0.754792 0.334262 -2.18184
regression_error on 'test' 0.0904998
classification_error on 'test' 0.0789474
Save,1876,0.0904998,0.0789474
sample_count 75 Sample index 32
 i 0:0.697853 i 1:0.516233 i 2:0.642339 i 3:0.60999 bias 1
 test_print 3.46642
net matrix:
 -1.25929 -0.302505 -0.192239
outputs matrix:
 0.0745657 0.353198 0.405047
error matrix:
 -0.0745657 0.646802 -0.405047
delta matrix:
 -0.0102909 0.295523 -0.19522
weights_delta matrix:
 -0.000718155 0.0206231 -0.0136235
 -0.000531251 0.0152559 -0.0100779
 -0.000661026 0.0189826 -0.0125397
 -0.000627735 0.0180266 -0.0119082
 -0.00102909 0.0295523 -0.019522
weights matrix:
 -0.842897 -0.0382435 0.143335
 1.58096 -1.5062 -0.407343
 -1.96487 0.687039 1.54589
 -1.60901 -0.374405 1.76536
 0.753763 0.363815 -2.20137
regression_error on 'test' 0.0934325
classification_error on 'test' 0.0789474
Save,1877,0.0934325,0.0789474
sample_count 75 Sample index 56
 i 0:0.328323 i 1:0.727972 i 2:0.158468 i 3:0.208478 bias 1
 test_print 2.42324
net matrix:
 0.981102 -0.714396 -1.83783
outputs matrix:
 0.876771 0.193287 0.0247068
error matrix:
 0.123229 -0.193287 -0.0247068
delta matrix:
 0.0266281 -0.0602773 -0.00119069
weights_delta matrix:
 0.000874263 -0.00197904 -3.90932e-05
 0.00193845 -0.00438802 -8.66791e-05
 0.000421971 -0.000955202 -1.88687e-05
 0.000555138 -0.00125665 -2.48233e-05
 0.00266281 -0.00602773 -0.000119069
weights matrix:
 -0.842023 -0.0402225 0.143296
 1.5829 -1.51059 -0.407429
 -1.96445 0.686084 1.54587
 -1.60845 -0.375662 1.76533
 0.756425 0.357787 -2.20149
regression_error on 'test' 0.0931149
classification_error on 'test' 0.0789474
Save,1878,0.0931149,0.0789474
sample_count 75 Sample index 57
 i 0:0.374514 i 1:0.727972 i 2:0.158468 i 3:0.135476 bias 1
 test_print 2.39643
net matrix:
 1.06417 -0.699116 -1.96029
outputs matrix:
 0.893628 0.198097 0.0194442
error matrix:
 0.106372 -0.198097 -0.0194442
delta matrix:
 0.0202229 -0.0629372 -0.00074145
weights_delta matrix:
 0.000757378 -0.00235709 -2.77683e-05
 0.00147217 -0.00458165 -5.39755e-05
 0.000320469 -0.000997353 -1.17496e-05
 0.000273972 -0.000852648 -1.00449e-05
 0.00202229 -0.00629372 -7.4145e-05
weights matrix:
 -0.841266 -0.0425796 0.143268
 1.58437 -1.51517 -0.407483
 -1.96413 0.685087 1.54586
 -1.60818 -0.376514 1.76532
 0.758448 0.351493 -2.20156
regression_error on 'test' 0.0928038
classification_error on 'test' 0.0789474
Save,1879,0.0928038,0.0789474
sample_count 75 Sample index 42
 i 0:0.651661 i 1:0.551523 i 2:0.702823 i 3:0.792495 bias 1
 test_print 3.6985
net matrix:
 -1.57086 -0.328798 0.152539
outputs matrix:
 0.0414186 0.34128 0.575683
error matrix:
 -0.0414186 -0.34128 0.424317
delta matrix:
 -0.00328889 -0.153445 0.207297
weights_delta matrix:
 -0.000214324 -0.00999941 0.0135088
 -0.00018139 -0.00846284 0.0114329
 -0.000231151 -0.0107845 0.0145693
 -0.000260643 -0.0121604 0.0164282
 -0.000328889 -0.0153445 0.0207297
weights matrix:
 -0.84148 -0.052579 0.156776
 1.58419 -1.52364 -0.39605
 -1.96436 0.674302 1.56043
 -1.60844 -0.388675 1.78175
 0.758119 0.336149 -2.18083
regression_error on 'test' 0.0906462
classification_error on 'test' 0.0789474
Save,1880,0.0906462,0.0789474
sample_count 75 Sample index 73
 i 0:0.582374 i 1:0.410364 i 2:0.65746 i 3:0.719493 bias 1
 test_print 3.36969
net matrix:
 -1.53059 -0.156039 0.055823
outputs matrix:
 0.0447372 0.422608 0.527883
error matrix:
 -0.0447372 -0.422608 0.472117
delta matrix:
 -0.00382376 -0.206241 0.235325
weights_delta matrix:
 -0.000222686 -0.012011 0.0137047
 -0.000156913 -0.0084634 0.00965688
 -0.000251397 -0.0135595 0.0154717
 -0.000275117 -0.0148389 0.0169314
 -0.000382376 -0.0206241 0.0235325
weights matrix:
 -0.841703 -0.06459 0.170481
 1.58403 -1.5321 -0.386394
 -1.96461 0.660743 1.5759
 -1.60871 -0.403514 1.79868
 0.757736 0.315525 -2.1573
regression_error on 'test' 0.0888638
classification_error on 'test' 0.157895
Save,1881,0.0888638,0.157895
sample_count 75 Sample index 48
 i 0:0.744044 i 1:0.516233 i 2:0.748185 i 3:0.828996 bias 1
 test_print 3.83746
net matrix:
 -1.85431 -0.363606 0.440243
outputs matrix:
 0.023925 0.325807 0.706923
error matrix:
 -0.023925 -0.325807 0.293077
delta matrix:
 -0.00111743 -0.143131 0.121441
weights_delta matrix:
 -8.31414e-05 -0.0106496 0.00903576
 -5.76852e-05 -0.00738891 0.0062692
 -8.36042e-05 -0.0107089 0.00908605
 -9.26342e-05 -0.0118655 0.0100674
 -0.000111743 -0.0143131 0.0121441
weights matrix:
 -0.841786 -0.0752396 0.179517
 1.58397 -1.53949 -0.380124
 -1.96469 0.650034 1.58499
 -1.60881 -0.415379 1.80875
 0.757625 0.301212 -2.14515
regression_error on 'test' 0.0880174
classification_error on 'test' 0.157895
Save,1882,0.0880174,0.157895
sample_count 75 Sample index 51
 i 0:0.628566 i 1:0.516233 i 2:0.763306 i 3:0.719493 bias 1
 test_print 3.6276
net matrix:
 -1.61098 -0.343503 0.282663
outputs matrix:
 0.0383476 0.334699 0.637684
error matrix:
 -0.0383476 -0.334699 0.362316
delta matrix:
 -0.00282829 -0.149059 0.167421
weights_delta matrix:
 -0.000177777 -0.00936933 0.0105235
 -0.000146006 -0.0076949 0.00864284
 -0.000215885 -0.0113777 0.0127794
 -0.000203494 -0.0107247 0.0120458
 -0.000282829 -0.0149059 0.0167421
weights matrix:
 -0.841964 -0.0846089 0.19004
 1.58383 -1.54718 -0.371482
 -1.96491 0.638656 1.59777
 -1.60901 -0.426104 1.82079
 0.757342 0.286306 -2.12841
regression_error on 'test' 0.0874737
classification_error on 'test' 0.157895
Save,1883,0.0874737,0.157895
sample_count 75 Sample index 14
 i 0:0.697853 i 1:0.516233 i 2:0.778427 i 3:0.938499 bias 1
 test_print 3.93101
net matrix:
 -2.05219 -0.474196 0.764995
outputs matrix:
 0.0162323 0.279208 0.822005
error matrix:
 -0.0162323 -0.279208 0.177995
delta matrix:
 -0.000518422 -0.112382 0.052086
weights_delta matrix:
 -3.61782e-05 -0.0078426 0.00363483
 -2.67626e-05 -0.00580152 0.00268885
 -4.03553e-05 -0.0087481 0.00405451
 -4.86538e-05 -0.010547 0.00488826
 -5.18422e-05 -0.0112382 0.0052086
weights matrix:
 -0.842 -0.0924515 0.193675
 1.5838 -1.55298 -0.368793
 -1.96495 0.629908 1.60182
 -1.60906 -0.436651 1.82568
 0.75729 0.275067 -2.1232
regression_error on 'test' 0.0872528
classification_error on 'test' 0.157895
Save,1884,0.0872528,0.157895
sample_count 75 Sample index 23
 i 0:0.975 i 1:0.763262 i 2:0.899395 i 3:0.792495 bias 1
 test_print 4.43015
net matrix:
 -1.89724 -0.779914 0.671658
outputs matrix:
 0.0219997 0.173671 0.793035
error matrix:
 -0.0219997 -0.173671 0.206965
delta matrix:
 -0.000946675 -0.049847 0.0679386
weights_delta matrix:
 -9.23009e-05 -0.00486008 0.00662402
 -7.22561e-05 -0.00380463 0.0051855
 -8.51435e-05 -0.00448322 0.00611037
 -7.50236e-05 -0.00395035 0.0053841
 -9.46675e-05 -0.0049847 0.00679386
weights matrix:
 -0.842092 -0.0973116 0.200299
 1.58373 -1.55679 -0.363607
 -1.96503 0.625425 1.60793
 -1.60913 -0.440601 1.83107
 0.757195 0.270083 -2.11641
regression_error on 'test' 0.0872274
classification_error on 'test' 0.184211
Save,1885,0.0872274,0.184211
sample_count 75 Sample index 16
 i 0:0.60547 i 1:0.304495 i 2:0.687702 i 3:0.755994 bias 1
 test_print 3.35366
net matrix:
 -1.83828 -0.165857 0.384202
outputs matrix:
 0.024685 0.417824 0.683175
error matrix:
 -0.024685 -0.417824 0.316825
delta matrix:
 -0.00118862 -0.203269 0.137151
weights_delta matrix:
 -7.19672e-05 -0.0123073 0.0083041
 -3.61928e-05 -0.00618943 0.00417619
 -8.17414e-05 -0.0139788 0.00943192
 -8.98588e-05 -0.015367 0.0103686
 -0.000118862 -0.0203269 0.0137151
weights matrix:
 -0.842164 -0.109619 0.208603
 1.58369 -1.56298 -0.359431
 -1.96512 0.611446 1.61736
 -1.60922 -0.455968 1.84143
 0.757077 0.249756 -2.10269
regression_error on 'test' 0.0873278
classification_error on 'test' 0.210526
Save,1886,0.0873278,0.210526
sample_count 75 Sample index 57
 i 0:0.374514 i 1:0.727972 i 2:0.158468 i 3:0.135476 bias 1
 test_print 2.39643
net matrix:
 1.06514 -0.89398 -1.78045
outputs matrix:
 0.893811 0.143323 0.027628
error matrix:
 0.106189 -0.143323 -0.027628
delta matrix:
 0.0201573 -0.0351948 -0.00148444
weights_delta matrix:
 0.000754921 -0.00131809 -5.55942e-05
 0.0014674 -0.00256208 -0.000108063
 0.000319429 -0.000557725 -2.35236e-05
 0.000273084 -0.000476805 -2.01105e-05
 0.00201573 -0.00351948 -0.000148444
weights matrix:
 -0.841409 -0.110937 0.208548
 1.58516 -1.56554 -0.359539
 -1.9648 0.610888 1.61734
 -1.60895 -0.456445 1.84141
 0.759092 0.246236 -2.10284
regression_error on 'test' 0.0873402
classification_error on 'test' 0.210526
Save,1887,0.0873402,0.210526
sample_count 75 Sample index 54
 i 0:0.305227 i 1:0.622103 i 2:0.158468 i 3:0.135476 bias 1
 test_print 2.22127
net matrix:
 0.959072 -0.726583 -1.75709
outputs matrix:
 0.871931 0.189515 0.0289112
error matrix:
 0.128069 -0.189515 -0.0289112
delta matrix:
 0.0286021 -0.0582186 -0.00162338
weights_delta matrix:
 0.000873014 -0.00177699 -4.95501e-05
 0.00177935 -0.00362179 -0.000100991
 0.000453252 -0.000922578 -2.57255e-05
 0.00038749 -0.000788722 -2.1993e-05
 0.00286021 -0.00582186 -0.000162338
weights matrix:
 -0.840536 -0.112714 0.208498
 1.58694 -1.56916 -0.35964
 -1.96434 0.609966 1.61731
 -1.60856 -0.457234 1.84139
 0.761952 0.240415 -2.103
regression_error on 'test' 0.0873702
classification_error on 'test' 0.210526
Save,1888,0.0873702,0.210526
sample_count 75 Sample index 6
 i 0:0.305227 i 1:0.657392 i 2:0.128226 i 3:0.171977 bias 1
 test_print 2.26282
net matrix:
 1.02012 -0.825964 -1.75173
outputs matrix:
 0.884958 0.160849 0.0292139
error matrix:
 0.115042 -0.160849 -0.0292139
delta matrix:
 0.0234241 -0.0434215 -0.00165704
weights_delta matrix:
 0.000714968 -0.00132534 -5.05772e-05
 0.00153988 -0.0028545 -0.000108932
 0.000300358 -0.000556777 -2.12475e-05
 0.000402841 -0.000746751 -2.84972e-05
 0.00234241 -0.00434215 -0.000165704
weights matrix:
 -0.839821 -0.114039 0.208448
 1.58848 -1.57202 -0.359749
 -1.96404 0.609409 1.61729
 -1.60816 -0.457981 1.84136
 0.764295 0.236072 -2.10317
regression_error on 'test' 0.0873978
classification_error on 'test' 0.210526
Save,1889,0.0873978,0.210526
sample_count 75 Sample index 74
 i 0:0.443801 i 1:0.480944 i 2:0.551613 i 3:0.536988 bias 1
 test_print 3.01335
net matrix:
 -0.791404 -0.480362 -0.30277
outputs matrix:
 0.170398 0.276733 0.353077
error matrix:
 -0.170398 0.723267 -0.353077
delta matrix:
 -0.0481759 0.289526 -0.161295
weights_delta matrix:
 -0.00213805 0.0128492 -0.0071583
 -0.00231699 0.0139246 -0.0077574
 -0.00265745 0.0159707 -0.00889726
 -0.00258699 0.0155472 -0.00866136
 -0.00481759 0.0289526 -0.0161295
weights matrix:
 -0.841959 -0.10119 0.201289
 1.58616 -1.55809 -0.367506
 -1.9667 0.62538 1.60839
 -1.61075 -0.442433 1.8327
 0.759477 0.265025 -2.1193
regression_error on 'test' 0.0871553
classification_error on 'test' 0.184211
Save,1890,0.0871553,0.184211
sample_count 75 Sample index 69
 i 0:0.628566 i 1:0.445654 i 2:0.581855 i 3:0.536988 bias 1
 test_print 3.19306
net matrix:
 -1.07216 -0.366651 -0.236565
outputs matrix:
 0.104864 0.324471 0.383876
error matrix:
 -0.104864 0.675529 -0.383876
delta matrix:
 -0.0196866 0.296138 -0.181585
weights_delta matrix:
 -0.00123743 0.0186142 -0.0114138
 -0.000877341 0.0131975 -0.0080924
 -0.00114547 0.0172309 -0.0105656
 -0.00105715 0.0159022 -0.00975089
 -0.00196866 0.0296138 -0.0181585
weights matrix:
 -0.843197 -0.0825759 0.189876
 1.58528 -1.54489 -0.375599
 -1.96785 0.642611 1.59783
 -1.6118 -0.426531 1.82295
 0.757509 0.294639 -2.13746
regression_error on 'test' 0.0875167
classification_error on 'test' 0.157895
Save,1891,0.0875167,0.157895
sample_count 75 Sample index 58
 i 0:0.282131 i 1:0.516233 i 2:0.158468 i 3:0.0989754 bias 1
 test_print 2.05581
net matrix:
 0.866623 -0.466567 -1.84415
outputs matrix:
 0.849827 0.282289 0.0244039
error matrix:
 0.150173 -0.282289 -0.0244039
delta matrix:
 0.0383304 -0.114385 -0.00116203
weights_delta matrix:
 0.00108142 -0.00322715 -3.27846e-05
 0.00197874 -0.00590492 -5.9988e-05
 0.000607415 -0.00181263 -1.84145e-05
 0.000379377 -0.00113213 -1.15013e-05
 0.00383304 -0.0114385 -0.000116203
weights matrix:
 -0.842115 -0.085803 0.189843
 1.58726 -1.5508 -0.375659
 -1.96724 0.640798 1.59781
 -1.61142 -0.427663 1.82294
 0.761342 0.2832 -2.13757
regression_error on 'test' 0.0873827
classification_error on 'test' 0.157895
Save,1892,0.0873827,0.157895
sample_count 75 Sample index 63
 i 0:0.420705 i 1:0.904421 i 2:0.143347 i 3:0.135476 bias 1
 test_print 2.60395
net matrix:
 1.34231 -1.12155 -1.92145
outputs matrix:
 0.936112 0.0959455 0.0209815
error matrix:
 0.0638875 -0.0959455 -0.0209815
delta matrix:
 0.0076417 -0.0166446 -0.000861975
weights_delta matrix:
 0.00032149 -0.000700248 -3.62637e-05
 0.000691132 -0.00150537 -7.79588e-05
 0.000109542 -0.000238596 -1.23561e-05
 0.000103527 -0.000225495 -1.16777e-05
 0.00076417 -0.00166446 -8.61975e-05
weights matrix:
 -0.841794 -0.0865033 0.189807
 1.58795 -1.5523 -0.375737
 -1.96713 0.640559 1.5978
 -1.61132 -0.427889 1.82293
 0.762106 0.281536 -2.13766
regression_error on 'test' 0.0873622
classification_error on 'test' 0.157895
Save,1893,0.0873622,0.157895
sample_count 75 Sample index 47
 i 0:0.282131 i 1:0.516233 i 2:0.158468 i 3:0.0989754 bias 1
 test_print 2.05581
net matrix:
 0.873156 -0.485063 -1.84445
outputs matrix:
 0.851487 0.274856 0.0243896
error matrix:
 0.148513 -0.274856 -0.0243896
delta matrix:
 0.037561 -0.109563 -0.00116069
weights_delta matrix:
 0.00105971 -0.00309111 -3.27466e-05
 0.00193902 -0.005656 -5.99186e-05
 0.000595222 -0.00173622 -1.83932e-05
 0.000371762 -0.0010844 -1.1488e-05
 0.0037561 -0.0109563 -0.000116069
weights matrix:
 -0.840734 -0.0895944 0.189774
 1.58989 -1.55796 -0.375797
 -1.96653 0.638823 1.59778
 -1.61095 -0.428973 1.82292
 0.765862 0.27058 -2.13778
regression_error on 'test' 0.0872746
classification_error on 'test' 0.157895
Save,1894,0.0872746,0.157895
sample_count 75 Sample index 49
 i 0:0.397609 i 1:0.480944 i 2:0.612097 i 3:0.60999 bias 1
 test_print 3.10064
net matrix:
 -0.990144 -0.384983 -0.153101
outputs matrix:
 0.121288 0.316486 0.424042
error matrix:
 -0.121288 0.683514 -0.424042
delta matrix:
 -0.0258531 0.295719 -0.207128
weights_delta matrix:
 -0.00102794 0.0117581 -0.0082356
 -0.00124339 0.0142224 -0.0099617
 -0.00158246 0.0181009 -0.0126782
 -0.00157701 0.0180386 -0.0126346
 -0.00258531 0.0295719 -0.0207128
weights matrix:
 -0.841762 -0.0778363 0.181538
 1.58865 -1.54374 -0.385758
 -1.96812 0.656924 1.5851
 -1.61253 -0.410935 1.81028
 0.763277 0.300152 -2.15849
regression_error on 'test' 0.0880659
classification_error on 'test' 0.157895
Save,1895,0.0880659,0.157895
sample_count 75 Sample index 35
 i 0:0.189749 i 1:0.233915 i 2:0.128226 i 3:0.171977 bias 1
 test_print 1.72387
net matrix:
 0.445481 -0.062158 -1.6997
outputs matrix:
 0.709089 0.468961 0.0323143
error matrix:
 0.290911 -0.468961 -0.0323143
delta matrix:
 0.12002 -0.233577 -0.00202094
weights_delta matrix:
 0.00227736 -0.0044321 -3.83471e-05
 0.00280744 -0.00546371 -4.72727e-05
 0.00153896 -0.00299506 -2.59137e-05
 0.00206406 -0.00401699 -3.47555e-05
 0.012002 -0.0233577 -0.000202094
weights matrix:
 -0.839485 -0.0822684 0.1815
 1.59146 -1.5492 -0.385806
 -1.96658 0.653929 1.58508
 -1.61046 -0.414952 1.81025
 0.775279 0.276794 -2.15869
regression_error on 'test' 0.0877609
classification_error on 'test' 0.157895
Save,1896,0.0877609,0.157895
sample_count 75 Sample index 41
 i 0:0.674757 i 1:0.445654 i 2:0.627218 i 3:0.536988 bias 1
 test_print 3.28462
net matrix:
 -1.1802 -0.281793 -0.24189
outputs matrix:
 0.0862424 0.362718 0.38136
error matrix:
 -0.0862424 0.637282 -0.38136
delta matrix:
 -0.0135926 0.29462 -0.179944
weights_delta matrix:
 -0.00091717 0.0198797 -0.0121419
 -0.000605759 0.0131299 -0.00801929
 -0.000852552 0.0184791 -0.0112864
 -0.000729906 0.0158207 -0.0096628
 -0.00135926 0.029462 -0.0179944
weights matrix:
 -0.840402 -0.0623887 0.169358
 1.59085 -1.53607 -0.393825
 -1.96743 0.672408 1.57379
 -1.61119 -0.399131 1.80059
 0.773919 0.306256 -2.17669
regression_error on 'test' 0.0890738
classification_error on 'test' 0.184211
Save,1897,0.0890738,0.184211
sample_count 75 Sample index 38
 i 0:0.397609 i 1:0.798551 i 2:0.128226 i 3:0.208478 bias 1
 test_print 2.53286
net matrix:
 1.12197 -0.942172 -1.84665
outputs matrix:
 0.904126 0.131891 0.0242851
error matrix:
 0.0958735 -0.131891 -0.0242851
delta matrix:
 0.016621 -0.0302018 -0.00115089
weights_delta matrix:
 0.000660865 -0.00120085 -4.57602e-05
 0.00132727 -0.00241177 -9.19041e-05
 0.000213124 -0.000387265 -1.47573e-05
 0.000346511 -0.000629641 -2.39934e-05
 0.0016621 -0.00302018 -0.000115089
weights matrix:
 -0.839741 -0.0635896 0.169312
 1.59218 -1.53848 -0.393917
 -1.96722 0.672021 1.57377
 -1.61085 -0.39976 1.80056
 0.775581 0.303236 -2.1768
regression_error on 'test' 0.0889899
classification_error on 'test' 0.184211
Save,1898,0.0889899,0.184211
sample_count 75 Sample index 28
 i 0:0.305227 i 1:0.551523 i 2:0.113105 i 3:0.135476 bias 1
 test_print 2.10533
net matrix:
 0.95666 -0.542832 -1.92044
outputs matrix:
 0.871392 0.252436 0.0210231
error matrix:
 0.128608 -0.252436 -0.0210231
delta matrix:
 0.0288258 -0.0952752 -0.000865361
weights_delta matrix:
 0.000879843 -0.00290806 -2.64132e-05
 0.00158981 -0.00525465 -4.77267e-05
 0.000326035 -0.00107761 -9.78767e-06
 0.000390521 -0.00129075 -1.17236e-05
 0.00288258 -0.00952752 -8.65361e-05
weights matrix:
 -0.838861 -0.0664977 0.169286
 1.59377 -1.54374 -0.393965
 -1.96689 0.670943 1.57376
 -1.61045 -0.401051 1.80055
 0.778464 0.293708 -2.17689
regression_error on 'test' 0.0887781
classification_error on 'test' 0.157895
Save,1899,0.0887781,0.157895
sample_count 75 Sample index 18
 i 0:0.513088 i 1:0.480944 i 2:0.566734 i 3:0.60999 bias 1
 test_print 3.17076
net matrix:
 -0.982498 -0.347254 -0.289281
outputs matrix:
 0.122927 0.333031 0.359264
error matrix:
 -0.122927 0.666969 -0.359264
delta matrix:
 -0.0265072 0.296296 -0.1654
weights_delta matrix:
 -0.00136005 0.0152026 -0.00848648
 -0.00127485 0.0142502 -0.00795482
 -0.00150225 0.0167921 -0.00937379
 -0.00161691 0.0180738 -0.0100892
 -0.00265072 0.0296296 -0.01654
weights matrix:
 -0.840221 -0.0512951 0.160799
 1.59249 -1.52949 -0.401919
 -1.96839 0.687735 1.56439
 -1.61207 -0.382977 1.79046
 0.775813 0.323338 -2.19343
regression_error on 'test' 0.0905916
classification_error on 'test' 0.0789474
Save,1900,0.0905916,0.0789474
sample_count 75 Sample index 32
 i 0:0.697853 i 1:0.516233 i 2:0.642339 i 3:0.60999 bias 1
 test_print 3.46642
net matrix:
 -1.23616 -0.293884 -0.191665
outputs matrix:
 0.0778211 0.357147 0.405324
error matrix:
 -0.0778211 0.642853 -0.405324
delta matrix:
 -0.0111697 0.295189 -0.195396
weights_delta matrix:
 -0.000779478 0.0205999 -0.0136357
 -0.000576615 0.0152386 -0.010087
 -0.000717471 0.0189611 -0.012551
 -0.000681338 0.0180062 -0.0119189
 -0.00111697 0.0295189 -0.0195396
weights matrix:
 -0.841001 -0.0306952 0.147164
 1.59192 -1.51425 -0.412006
 -1.96911 0.706696 1.55184
 -1.61275 -0.364971 1.77854
 0.774696 0.352857 -2.21297
regression_error on 'test' 0.0935754
classification_error on 'test' 0.0789474
Save,1901,0.0935754,0.0789474
sample_count 75 Sample index 54
 i 0:0.305227 i 1:0.622103 i 2:0.158468 i 3:0.135476 bias 1
 test_print 2.22127
net matrix:
 0.977806 -0.535988 -1.93749
outputs matrix:
 0.876057 0.255028 0.0203326
error matrix:
 0.123943 -0.255028 -0.0203326
delta matrix:
 0.0269156 -0.0969046 -0.000810021
weights_delta matrix:
 0.000821538 -0.00295779 -2.4724e-05
 0.00167443 -0.00602847 -5.03916e-05
 0.000426527 -0.00153563 -1.28362e-05
 0.000364642 -0.00131283 -1.09738e-05
 0.00269156 -0.00969046 -8.10021e-05
weights matrix:
 -0.840179 -0.033653 0.147139
 1.59359 -1.52028 -0.412057
 -1.96868 0.705161 1.55183
 -1.61239 -0.366284 1.77853
 0.777388 0.343166 -2.21305
regression_error on 'test' 0.093095
classification_error on 'test' 0.0789474
Save,1902,0.093095,0.0789474
sample_count 75 Sample index 57
 i 0:0.374514 i 1:0.727972 i 2:0.158468 i 3:0.135476 bias 1
 test_print 2.39643
net matrix:
 1.09241 -0.714035 -1.97105
outputs matrix:
 0.898877 0.1934 0.0190381
error matrix:
 0.101123 -0.1934 -0.0190381
delta matrix:
 0.0183835 -0.0603393 -0.000711098
weights_delta matrix:
 0.000688489 -0.00225979 -2.66316e-05
 0.00133827 -0.00439253 -5.1766e-05
 0.00029132 -0.000956184 -1.12686e-05
 0.000249053 -0.000817452 -9.63368e-06
 0.00183835 -0.00603393 -7.11098e-05
weights matrix:
 -0.839491 -0.0359128 0.147112
 1.59493 -1.52467 -0.412108
 -1.96839 0.704205 1.55182
 -1.61214 -0.367101 1.77852
 0.779226 0.337132 -2.21312
regression_error on 'test' 0.092799
classification_error on 'test' 0.0789474
Save,1903,0.092799,0.0789474
sample_count 75 Sample index 71
 i 0:0.143558 i 1:0.480944 i 2:0.0979839 i 3:0.0989754 bias 1
 test_print 1.82146
net matrix:
 1.07335 -0.368638 -2.06212
outputs matrix:
 0.89536 0.3236 0.0159183
error matrix:
 0.10464 -0.3236 -0.0159183
delta matrix:
 0.0196076 -0.141661 -0.000498719
weights_delta matrix:
 0.000281483 -0.00203366 -7.15952e-06
 0.000943015 -0.00681311 -2.39856e-05
 0.000192123 -0.00138805 -4.88665e-06
 0.000194067 -0.0014021 -4.9361e-06
 0.00196076 -0.0141661 -4.98719e-05
weights matrix:
 -0.839209 -0.0379464 0.147105
 1.59587 -1.53148 -0.412132
 -1.9682 0.702817 1.55181
 -1.61195 -0.368504 1.77852
 0.781187 0.322966 -2.21317
regression_error on 'test' 0.0922791
classification_error on 'test' 0.0789474
Save,1904,0.0922791,0.0789474
sample_count 75 Sample index 43
 i 0:0.582374 i 1:0.198626 i 2:0.612097 i 3:0.60999 bias 1
 test_print 3.00309
net matrix:
 -1.57856 0.202083 -0.174624
outputs matrix:
 0.0408113 0.599688 0.413565
error matrix:
 -0.0408113 0.400312 -0.413565
delta matrix:
 -0.00319517 0.1922 -0.200603
weights_delta matrix:
 -0.000186079 0.0111932 -0.0116826
 -6.34644e-05 0.00381758 -0.0039845
 -0.000195576 0.0117645 -0.0122788
 -0.000194902 0.011724 -0.0122366
 -0.000319517 0.01922 -0.0200603
weights matrix:
 -0.839395 -0.0267532 0.135422
 1.59581 -1.52767 -0.416117
 -1.9684 0.714581 1.53953
 -1.61214 -0.35678 1.76628
 0.780867 0.342186 -2.23323
regression_error on 'test' 0.0947055
classification_error on 'test' 0.0789474
Save,1905,0.0947055,0.0789474
sample_count 75 Sample index 15
 i 0:0.720948 i 1:0.410364 i 2:0.65746 i 3:0.573489 bias 1
 test_print 3.36226
net matrix:
 -1.38812 -0.0388015 -0.281234
outputs matrix:
 0.0586221 0.480609 0.362977
error matrix:
 -0.0586221 0.519391 -0.362977
delta matrix:
 -0.00647018 0.259305 -0.167858
weights_delta matrix:
 -0.000466467 0.0186945 -0.0121017
 -0.000265513 0.0106409 -0.0068883
 -0.000425389 0.0170483 -0.011036
 -0.000371058 0.0148709 -0.00962648
 -0.000647018 0.0259305 -0.0167858
weights matrix:
 -0.839862 -0.0080587 0.123321
 1.59554 -1.51703 -0.423005
 -1.96882 0.731629 1.5285
 -1.61251 -0.341909 1.75665
 0.78022 0.368117 -2.25002
regression_error on 'test' 0.0982378
classification_error on 'test' 0.0789474
Save,1906,0.0982378,0.0789474
sample_count 75 Sample index 8
 i 0:0.489992 i 1:0.375074 i 2:0.702823 i 3:0.755994 bias 1
 test_print 3.32388
net matrix:
 -1.63564 0.0508961 0.0540336
outputs matrix:
 0.0365697 0.525426 0.526991
error matrix:
 -0.0365697 -0.525426 0.473009
delta matrix:
 -0.00257688 -0.262034 0.235816
weights_delta matrix:
 -0.000126265 -0.0128394 0.0115548
 -9.66519e-05 -0.0098282 0.00884483
 -0.000181109 -0.0184163 0.0165737
 -0.00019481 -0.0198096 0.0178275
 -0.000257688 -0.0262034 0.0235816
weights matrix:
 -0.839988 -0.0208981 0.134876
 1.59545 -1.52685 -0.41416
 -1.969 0.713213 1.54507
 -1.61271 -0.361718 1.77448
 0.779963 0.341913 -2.22643
regression_error on 'test' 0.0941936
classification_error on 'test' 0.0789474
Save,1907,0.0941936,0.0789474
sample_count 75 Sample index 53
 i 0:0.489992 i 1:0.410364 i 2:0.702823 i 3:0.938499 bias 1
 test_print 3.54168
net matrix:
 -1.87429 -0.133102 0.420956
outputs matrix:
 0.0230091 0.433839 0.698868
error matrix:
 -0.0230091 -0.433839 0.301132
delta matrix:
 -0.00103447 -0.213122 0.126748
weights_delta matrix:
 -5.06884e-05 -0.0104428 0.00621053
 -4.24511e-05 -0.00874574 0.00520126
 -7.27052e-05 -0.0149787 0.00890811
 -9.70853e-05 -0.0200014 0.0118952
 -0.000103447 -0.0213122 0.0126748
weights matrix:
 -0.840039 -0.0313409 0.141086
 1.5954 -1.5356 -0.408959
 -1.96907 0.698234 1.55398
 -1.6128 -0.38172 1.78638
 0.779859 0.320601 -2.21376
regression_error on 'test' 0.091822
classification_error on 'test' 0.0789474
Save,1908,0.091822,0.0789474
sample_count 75 Sample index 49
 i 0:0.397609 i 1:0.480944 i 2:0.612097 i 3:0.60999 bias 1
 test_print 3.10064
net matrix:
 -0.975906 -0.235856 -0.313492
outputs matrix:
 0.124356 0.384211 0.348195
error matrix:
 -0.124356 0.615789 -0.348195
delta matrix:
 -0.0270826 0.291383 -0.158049
weights_delta matrix:
 -0.00107683 0.0115856 -0.00628418
 -0.00130252 0.0140139 -0.00760128
 -0.00165772 0.0178354 -0.00967414
 -0.00165201 0.017774 -0.00964084
 -0.00270826 0.0291383 -0.0158049
weights matrix:
 -0.841115 -0.0197553 0.134802
 1.5941 -1.52159 -0.41656
 -1.97073 0.71607 1.5443
 -1.61446 -0.363946 1.77673
 0.777151 0.349739 -2.22956
regression_error on 'test' 0.0945885
classification_error on 'test' 0.0789474
Save,1909,0.0945885,0.0789474
sample_count 75 Sample index 66
 i 0:0.60547 i 1:0.304495 i 2:0.672581 i 3:0.60999 bias 1
 test_print 3.19254
net matrix:
 -1.557 0.134075 -0.152326
outputs matrix:
 0.0425333 0.566638 0.42442
error matrix:
 -0.0425333 0.433362 -0.42442
delta matrix:
 -0.00346427 0.212832 -0.207361
weights_delta matrix:
 -0.000209751 0.0128863 -0.0125551
 -0.000105485 0.00648063 -0.00631405
 -0.000233 0.0143147 -0.0139467
 -0.000211317 0.0129825 -0.0126488
 -0.000346427 0.0212832 -0.0207361
weights matrix:
 -0.841325 -0.00686896 0.122247
 1.594 -1.5151 -0.422874
 -1.97097 0.730384 1.53036
 -1.61467 -0.350963 1.76409
 0.776805 0.371023 -2.2503
regression_error on 'test' 0.0978847
classification_error on 'test' 0.0789474
Save,1910,0.0978847,0.0789474
sample_count 75 Sample index 20
 i 0:0.489992 i 1:0.375074 i 2:0.521371 i 3:0.500487 bias 1
 test_print 2.88692
net matrix:
 -0.873295 0.00452913 -0.668224
outputs matrix:
 0.148478 0.502265 0.208095
error matrix:
 -0.148478 0.497735 -0.208095
delta matrix:
 -0.0375447 0.248863 -0.0685845
weights_delta matrix:
 -0.00183966 0.0121941 -0.00336059
 -0.0014082 0.00933419 -0.00257243
 -0.00195747 0.012975 -0.0035758
 -0.00187906 0.0124553 -0.00343256
 -0.00375447 0.0248863 -0.00685845
weights matrix:
 -0.843165 0.00532511 0.118886
 1.59259 -1.50577 -0.425447
 -1.97292 0.743359 1.52678
 -1.61655 -0.338508 1.76065
 0.77305 0.395909 -2.25716
regression_error on 'test' 0.10065
classification_error on 'test' 0.0789474
Save,1911,0.10065,0.0789474
sample_count 75 Sample index 47
 i 0:0.282131 i 1:0.516233 i 2:0.158468 i 3:0.0989754 bias 1
 test_print 2.05581
net matrix:
 0.88467 -0.295623 -2.02704
outputs matrix:
 0.854376 0.356349 0.0170555
error matrix:
 0.145624 -0.356349 -0.0170555
delta matrix:
 0.0362366 -0.163468 -0.000571858
weights_delta matrix:
 0.00102235 -0.00461193 -1.61339e-05
 0.00187065 -0.00843874 -2.95212e-05
 0.000574234 -0.00259044 -9.06213e-06
 0.000358653 -0.00161793 -5.65999e-06
 0.00362366 -0.0163468 -5.71858e-05
weights matrix:
 -0.842143 0.000713183 0.11887
 1.59446 -1.51421 -0.425476
 -1.97235 0.740769 1.52677
 -1.61619 -0.340126 1.76065
 0.776674 0.379562 -2.25722
regression_error on 'test' 0.0995252
classification_error on 'test' 0.0789474
Save,1912,0.0995252,0.0789474
sample_count 75 Sample index 16
 i 0:0.60547 i 1:0.304495 i 2:0.687702 i 3:0.755994 bias 1
 test_print 3.35366
net matrix:
 -1.82593 0.17122 0.0662042
outputs matrix:
 0.0252868 0.584783 0.533054
error matrix:
 -0.0252868 -0.584783 0.466946
delta matrix:
 -0.00124651 -0.283984 0.232453
weights_delta matrix:
 -7.54725e-05 -0.0171944 0.0140743
 -3.79556e-05 -0.00864719 0.00707807
 -8.57228e-05 -0.0195297 0.0159858
 -9.42355e-05 -0.0214691 0.0175733
 -0.000124651 -0.0283984 0.0232453
weights matrix:
 -0.842218 -0.0164812 0.132944
 1.59442 -1.52286 -0.418398
 -1.97243 0.721239 1.54276
 -1.61628 -0.361595 1.77822
 0.776549 0.351164 -2.23397
regression_error on 'test' 0.0949986
classification_error on 'test' 0.0789474
Save,1913,0.0949986,0.0789474
sample_count 75 Sample index 71
 i 0:0.143558 i 1:0.480944 i 2:0.0979839 i 3:0.0989754 bias 1
 test_print 1.82146
net matrix:
 1.06923 -0.34873 -2.08895
outputs matrix:
 0.894585 0.332375 0.0150993
error matrix:
 0.105415 -0.332375 -0.0150993
delta matrix:
 0.0198817 -0.14751 -0.000449093
weights_delta matrix:
 0.000285417 -0.00211762 -6.44709e-06
 0.000956197 -0.00709438 -2.15989e-05
 0.000194808 -0.00144536 -4.40039e-06
 0.00019678 -0.00145998 -4.44492e-06
 0.00198817 -0.014751 -4.49093e-05
weights matrix:
 -0.841933 -0.0185988 0.132938
 1.59538 -1.52995 -0.41842
 -1.97224 0.719794 1.54275
 -1.61608 -0.363055 1.77822
 0.778537 0.336413 -2.23402
regression_error on 'test' 0.0943454
classification_error on 'test' 0.0789474
Save,1914,0.0943454,0.0789474
sample_count 75 Sample index 38
 i 0:0.397609 i 1:0.798551 i 2:0.128226 i 3:0.208478 bias 1
 test_print 2.53286
net matrix:
 1.12796 -0.876119 -1.94675
outputs matrix:
 0.905159 0.147765 0.0199672
error matrix:
 0.0948406 -0.147765 -0.0199672
delta matrix:
 0.0162834 -0.0372163 -0.000781456
weights_delta matrix:
 0.000647441 -0.00147975 -3.10714e-05
 0.00130031 -0.00297191 -6.24033e-05
 0.000208795 -0.00047721 -1.00203e-05
 0.000339472 -0.000775878 -1.62916e-05
 0.00162834 -0.00372163 -7.81456e-05
weights matrix:
 -0.841285 -0.0200786 0.132907
 1.59668 -1.53292 -0.418482
 -1.97203 0.719317 1.54274
 -1.61574 -0.363831 1.7782
 0.780166 0.332691 -2.23409
regression_error on 'test' 0.0941483
classification_error on 'test' 0.0789474
Save,1915,0.0941483,0.0789474
sample_count 75 Sample index 16
 i 0:0.60547 i 1:0.304495 i 2:0.687702 i 3:0.755994 bias 1
 test_print 3.35366
net matrix:
 -1.82069 0.0733883 0.124208
outputs matrix:
 0.0255464 0.536628 0.561787
error matrix:
 -0.0255464 -0.536628 0.438213
delta matrix:
 -0.00127189 -0.266874 0.215761
weights_delta matrix:
 -7.70093e-05 -0.0161584 0.0130637
 -3.87285e-05 -0.00812619 0.00656981
 -8.74684e-05 -0.018353 0.0148379
 -9.61544e-05 -0.0201755 0.0163114
 -0.000127189 -0.0266874 0.0215761
weights matrix:
 -0.841362 -0.036237 0.145971
 1.59664 -1.54105 -0.411913
 -1.97212 0.700964 1.55758
 -1.61584 -0.384006 1.79451
 0.780038 0.306004 -2.21252
regression_error on 'test' 0.0910957
classification_error on 'test' 0.0789474
Save,1916,0.0910957,0.0789474
sample_count 75 Sample index 65
 i 0:0.928809 i 1:0.410364 i 2:0.944758 i 3:0.792495 bias 1
 test_print 4.07643
net matrix:
 -2.48994 -0.00212674 0.647706
outputs matrix:
 0.00682789 0.498937 0.785062
error matrix:
 -0.00682789 -0.498937 0.214938
delta matrix:
 -9.26036e-05 -0.249467 0.0725372
weights_delta matrix:
 -8.6011e-06 -0.0231707 0.00673732
 -3.80012e-06 -0.0102372 0.00297667
 -8.7488e-06 -0.0235686 0.00685301
 -7.33879e-06 -0.0197701 0.00574854
 -9.26036e-06 -0.0249467 0.00725372
weights matrix:
 -0.841371 -0.0594078 0.152708
 1.59663 -1.55129 -0.408936
 -1.97213 0.677395 1.56443
 -1.61585 -0.403776 1.80026
 0.780029 0.281057 -2.20526
regression_error on 'test' 0.0893558
classification_error on 'test' 0.184211
Save,1917,0.0893558,0.184211
sample_count 75 Sample index 20
 i 0:0.489992 i 1:0.375074 i 2:0.521371 i 3:0.500487 bias 1
 test_print 2.88692
net matrix:
 -0.870301 -0.17881 -0.567162
outputs matrix:
 0.149237 0.411536 0.243364
error matrix:
 -0.149237 0.588464 -0.243364
delta matrix:
 -0.0378956 0.285022 -0.0896251
weights_delta matrix:
 -0.00185686 0.0139658 -0.00439156
 -0.00142137 0.0106904 -0.00336161
 -0.00197577 0.0148602 -0.00467279
 -0.00189663 0.014265 -0.00448562
 -0.00378956 0.0285022 -0.00896251
weights matrix:
 -0.843228 -0.0454419 0.148316
 1.59521 -1.5406 -0.412297
 -1.9741 0.692255 1.55976
 -1.61774 -0.389511 1.79577
 0.77624 0.309559 -2.21423
regression_error on 'test' 0.0907416
classification_error on 'test' 0.0789474
Save,1918,0.0907416,0.0789474
sample_count 75 Sample index 70
 i 0:0.259036 i 1:0.622103 i 2:0.173589 i 3:0.135476 bias 1
 test_print 2.1902
net matrix:
 0.988352 -0.593223 -1.91826
outputs matrix:
 0.878329 0.233895 0.0211133
error matrix:
 0.121671 -0.233895 -0.0211133
delta matrix:
 0.0260051 -0.0838225 -0.000872718
weights_delta matrix:
 0.000673626 -0.00217131 -2.26065e-05
 0.00161779 -0.00521462 -5.42921e-05
 0.00045142 -0.00145507 -1.51494e-05
 0.000352307 -0.00113559 -1.18232e-05
 0.00260051 -0.00838225 -8.72718e-05
weights matrix:
 -0.842554 -0.0476132 0.148294
 1.59683 -1.54581 -0.412352
 -1.97365 0.6908 1.55975
 -1.61739 -0.390647 1.79576
 0.77884 0.301177 -2.21431
regression_error on 'test' 0.0904914
classification_error on 'test' 0.0789474
Save,1919,0.0904914,0.0789474
sample_count 75 Sample index 48
 i 0:0.744044 i 1:0.516233 i 2:0.748185 i 3:0.828996 bias 1
 test_print 3.83746
net matrix:
 -1.84119 -0.339246 0.338813
outputs matrix:
 0.0245454 0.336598 0.663209
error matrix:
 -0.0245454 -0.336598 0.336791
delta matrix:
 -0.00117538 -0.150324 0.150453
weights_delta matrix:
 -8.74535e-05 -0.0111848 0.0111944
 -6.0677e-05 -0.00776024 0.00776691
 -8.79402e-05 -0.011247 0.0112567
 -9.74386e-05 -0.0124618 0.0124725
 -0.000117538 -0.0150324 0.0150453
weights matrix:
 -0.842641 -0.058798 0.159488
 1.59677 -1.55357 -0.404585
 -1.97374 0.679553 1.571
 -1.61749 -0.403109 1.80823
 0.778723 0.286144 -2.19927
regression_error on 'test' 0.0890267
classification_error on 'test' 0.184211
Save,1920,0.0890267,0.184211
sample_count 75 Sample index 72
 i 0:0.905713 i 1:0.480944 i 2:0.929637 i 3:0.828996 bias 1
 test_print 4.14529
net matrix:
 -2.39227 -0.216728 0.710082
outputs matrix:
 0.00828876 0.393301 0.805364
error matrix:
 -0.00828876 -0.393301 0.194636
delta matrix:
 -0.000136268 -0.187695 0.0610194
weights_delta matrix:
 -1.2342e-05 -0.0169998 0.00552661
 -6.55374e-06 -0.0090271 0.00293469
 -1.2668e-05 -0.0174489 0.00567259
 -1.12966e-05 -0.0155599 0.00505849
 -1.36268e-05 -0.0187695 0.00610194
weights matrix:
 -0.842654 -0.0757979 0.165015
 1.59676 -1.5626 -0.40165
 -1.97375 0.662104 1.57668
 -1.6175 -0.418669 1.81329
 0.778709 0.267375 -2.19317
regression_error on 'test' 0.0881168
classification_error on 'test' 0.157895
Save,1921,0.0881168,0.157895
sample_count 75 Sample index 42
 i 0:0.651661 i 1:0.551523 i 2:0.702823 i 3:0.792495 bias 1
 test_print 3.6985
net matrix:
 -1.55882 -0.510279 0.237998
outputs matrix:
 0.0423851 0.264919 0.616802
error matrix:
 -0.0423851 -0.264919 0.383198
delta matrix:
 -0.00344071 -0.103179 0.181143
weights_delta matrix:
 -0.000224218 -0.00672376 0.0118044
 -0.000189763 -0.00569055 0.00999047
 -0.000241821 -0.00725164 0.0127312
 -0.000272675 -0.00817687 0.0143555
 -0.000344071 -0.0103179 0.0181143
weights matrix:
 -0.842878 -0.0825216 0.176819
 1.59657 -1.56829 -0.39166
 -1.97399 0.654853 1.58941
 -1.61777 -0.426846 1.82765
 0.778365 0.257057 -2.17505
regression_error on 'test' 0.0874057
classification_error on 'test' 0.157895
Save,1922,0.0874057,0.157895
sample_count 75 Sample index 32
 i 0:0.697853 i 1:0.516233 i 2:0.642339 i 3:0.60999 bias 1
 test_print 3.46642
net matrix:
 -1.24044 -0.449867 -0.11806
outputs matrix:
 0.0772102 0.289105 0.441243
error matrix:
 -0.0772102 0.710895 -0.441243
delta matrix:
 -0.0110023 0.292211 -0.217575
weights_delta matrix:
 -0.000767796 0.020392 -0.0151835
 -0.000567973 0.0150849 -0.0112319
 -0.000706718 0.0187699 -0.0139757
 -0.000671127 0.0178246 -0.0132718
 -0.00110023 0.0292211 -0.0217575
weights matrix:
 -0.843646 -0.0621296 0.161636
 1.59601 -1.5532 -0.402892
 -1.9747 0.673623 1.57543
 -1.61845 -0.409021 1.81438
 0.777265 0.286278 -2.19681
regression_error on 'test' 0.0886624
classification_error on 'test' 0.157895
Save,1923,0.0886624,0.157895
sample_count 75 Sample index 37
 i 0:0.720948 i 1:0.551523 i 2:0.82379 i 3:0.901998 bias 1
 test_print 3.99826
net matrix:
 -2.0373 -0.429154 0.631907
outputs matrix:
 0.0167149 0.297693 0.779682
error matrix:
 -0.0167149 -0.297693 0.220318
delta matrix:
 -0.000549436 -0.124478 0.0756916
weights_delta matrix:
 -3.96115e-05 -0.00897424 0.00545697
 -3.03027e-05 -0.00686527 0.00417457
 -4.5262e-05 -0.0102544 0.0062354
 -4.9559e-05 -0.0112279 0.00682737
 -5.49436e-05 -0.0124478 0.00756916
weights matrix:
 -0.843685 -0.0711038 0.167093
 1.59598 -1.56007 -0.398717
 -1.97475 0.663368 1.58167
 -1.61849 -0.420249 1.8212
 0.77721 0.27383 -2.18924
regression_error on 'test' 0.0879657
classification_error on 'test' 0.157895
Save,1924,0.0879657,0.157895
sample_count 75 Sample index 14
 i 0:0.697853 i 1:0.516233 i 2:0.778427 i 3:0.938499 bias 1
 test_print 3.93101
net matrix:
 -2.04381 -0.459168 0.661946
outputs matrix:
 0.0165021 0.285297 0.789828
error matrix:
 -0.0165021 -0.285297 0.210172
delta matrix:
 -0.000535649 -0.116346 0.0697768
weights_delta matrix:
 -3.73805e-05 -0.00811921 0.00486939
 -2.7652e-05 -0.00600614 0.00360211
 -4.16964e-05 -0.00905665 0.00543161
 -5.02706e-05 -0.010919 0.00654854
 -5.35649e-05 -0.0116346 0.00697768
weights matrix:
 -0.843723 -0.079223 0.171962
 1.59595 -1.56607 -0.395115
 -1.97479 0.654311 1.5871
 -1.61854 -0.431168 1.82775
 0.777156 0.262196 -2.18226
regression_error on 'test' 0.0874928
classification_error on 'test' 0.157895
Save,1925,0.0874928,0.157895
sample_count 75 Sample index 6
 i 0:0.305227 i 1:0.657392 i 2:0.128226 i 3:0.171977 bias 1
 test_print 2.26282
net matrix:
 1.03722 -0.781762 -1.87168
outputs matrix:
 0.888394 0.173142 0.0231268
error matrix:
 0.111606 -0.173142 -0.0231268
delta matrix:
 0.0221314 -0.0495752 -0.00104496
weights_delta matrix:
 0.000675511 -0.00151317 -3.1895e-05
 0.0014549 -0.00325903 -6.86949e-05
 0.000283783 -0.000635682 -1.33991e-05
 0.00038061 -0.000852579 -1.79709e-05
 0.00221314 -0.00495752 -0.000104496
weights matrix:
 -0.843047 -0.0807362 0.17193
 1.5974 -1.56933 -0.395184
 -1.9745 0.653676 1.58709
 -1.61816 -0.432021 1.82774
 0.779369 0.257238 -2.18237
regression_error on 'test' 0.0874621
classification_error on 'test' 0.157895
Save,1926,0.0874621,0.157895
sample_count 75 Sample index 72
 i 0:0.905713 i 1:0.480944 i 2:0.929637 i 3:0.828996 bias 1
 test_print 4.14529
net matrix:
 -2.39295 -0.32111 0.773889
outputs matrix:
 0.00827749 0.344745 0.824593
error matrix:
 -0.00827749 -0.344745 0.175407
delta matrix:
 -0.000135899 -0.155753 0.0507417
weights_delta matrix:
 -1.23086e-05 -0.0141068 0.00459574
 -6.536e-06 -0.00749085 0.00244039
 -1.26337e-05 -0.0144794 0.00471714
 -1.1266e-05 -0.0129119 0.00420647
 -1.35899e-05 -0.0155753 0.00507417
weights matrix:
 -0.84306 -0.094843 0.176526
 1.5974 -1.57682 -0.392743
 -1.97452 0.639196 1.5918
 -1.61818 -0.444932 1.83194
 0.779356 0.241663 -2.17729
regression_error on 'test' 0.0871809
classification_error on 'test' 0.157895
Save,1927,0.0871809,0.157895
sample_count 75 Sample index 32
 i 0:0.697853 i 1:0.516233 i 2:0.642339 i 3:0.60999 bias 1
 test_print 3.46642
net matrix:
 -1.23973 -0.499356 -0.116908
outputs matrix:
 0.0773111 0.269195 0.441811
error matrix:
 -0.0773111 0.730805 -0.441811
delta matrix:
 -0.0110298 0.287541 -0.217913
weights_delta matrix:
 -0.000769721 0.0200661 -0.0152072
 -0.000569397 0.0148438 -0.0112494
 -0.00070849 0.0184699 -0.0139974
 -0.000672809 0.0175397 -0.0132925
 -0.00110298 0.0287541 -0.0217913
weights matrix:
 -0.843829 -0.0747768 0.161319
 1.59683 -1.56198 -0.403993
 -1.97522 0.657666 1.5778
 -1.61885 -0.427393 1.81865
 0.778253 0.270417 -2.19908
regression_error on 'test' 0.0880513
classification_error on 'test' 0.157895
Save,1928,0.0880513,0.157895
sample_count 75 Sample index 21
 i 0:0.836426 i 1:0.445654 i 2:0.884274 i 3:0.719493 bias 1
 test_print 3.88585
net matrix:
 -2.12731 -0.21418 0.459523
outputs matrix:
 0.0139998 0.394518 0.714848
error matrix:
 -0.0139998 -0.394518 0.285152
delta matrix:
 -0.000386502 -0.18848 0.116251
weights_delta matrix:
 -3.23281e-05 -0.0157649 0.00972355
 -1.72246e-05 -0.00839968 0.00518078
 -3.41774e-05 -0.0166668 0.0102798
 -2.78086e-05 -0.013561 0.00836419
 -3.86502e-05 -0.018848 0.0116251
weights matrix:
 -0.843862 -0.0905418 0.171042
 1.59681 -1.57038 -0.398812
 -1.97526 0.641 1.58808
 -1.61888 -0.440954 1.82701
 0.778214 0.251569 -2.18746
regression_error on 'test' 0.0873678
classification_error on 'test' 0.157895
Save,1929,0.0873678,0.157895
sample_count 75 Sample index 2
 i 0:0.466896 i 1:0.480944 i 2:0.566734 i 3:0.500487 bias 1
 test_print 3.01506
net matrix:
 -0.777479 -0.403385 -0.484989
outputs matrix:
 0.174371 0.308579 0.274885
error matrix:
 -0.174371 0.691421 -0.274885
delta matrix:
 -0.0502071 0.29504 -0.109582
weights_delta matrix:
 -0.00234415 0.0137753 -0.00511634
 -0.00241468 0.0141898 -0.00527028
 -0.00284541 0.0167209 -0.00621038
 -0.0025128 0.0147664 -0.00548444
 -0.00502071 0.029504 -0.0109582
weights matrix:
 -0.846206 -0.0767664 0.165926
 1.59439 -1.55619 -0.404082
 -1.9781 0.65772 1.58187
 -1.62139 -0.426187 1.82153
 0.773193 0.281073 -2.19842
regression_error on 'test' 0.0879801
classification_error on 'test' 0.157895
Save,1930,0.0879801,0.157895
sample_count 75 Sample index 50
 i 0:0.489992 i 1:0.833841 i 2:0.113105 i 3:0.135476 bias 1
 test_print 2.57241
net matrix:
 1.24464 -1.0375 -2.02836
outputs matrix:
 0.923387 0.11155 0.0170112
error matrix:
 0.0766134 -0.11155 -0.0170112
delta matrix:
 0.0108398 -0.0221106 -0.000568914
weights_delta matrix:
 0.000531143 -0.0010834 -2.78763e-05
 0.00090387 -0.00184367 -4.74384e-05
 0.000122604 -0.000250081 -6.4347e-06
 0.000146854 -0.000299545 -7.70742e-06
 0.00108398 -0.00221106 -5.68914e-05
weights matrix:
 -0.845675 -0.0778498 0.165898
 1.5953 -1.55803 -0.40413
 -1.97798 0.65747 1.58187
 -1.62124 -0.426487 1.82152
 0.774277 0.278862 -2.19847
regression_error on 'test' 0.0879499
classification_error on 'test' 0.157895
Save,1931,0.0879499,0.157895
sample_count 75 Sample index 30
 i 0:0.559279 i 1:0.410364 i 2:0.642339 i 3:0.500487 bias 1
 test_print 3.11247
net matrix:
 -1.12598 -0.195171 -0.343788
outputs matrix:
 0.09518 0.403635 0.334572
error matrix:
 -0.09518 0.596365 -0.334572
delta matrix:
 -0.0163939 0.287107 -0.148974
weights_delta matrix:
 -0.000916879 0.0160573 -0.00833181
 -0.000672749 0.0117818 -0.00611336
 -0.00105305 0.018442 -0.00956919
 -0.000820496 0.0143693 -0.00745596
 -0.00163939 0.0287107 -0.0148974
weights matrix:
 -0.846592 -0.0617926 0.157566
 1.59463 -1.54625 -0.410243
 -1.97903 0.675912 1.5723
 -1.62206 -0.412118 1.81407
 0.772638 0.307573 -2.21337
regression_error on 'test' 0.089249
classification_error on 'test' 0.157895
Save,1932,0.089249,0.157895
sample_count 75 Sample index 33
 i 0:0.559279 i 1:0.480944 i 2:0.672581 i 3:0.719493 bias 1
 test_print 3.4323
net matrix:
 -1.43204 -0.312558 0.0401532
outputs matrix:
 0.0539579 0.348619 0.520066
error matrix:
 -0.0539579 -0.348619 0.479934
delta matrix:
 -0.00550872 -0.158331 0.239581
weights_delta matrix:
 -0.000308091 -0.00885515 0.0133992
 -0.000264939 -0.00761486 0.0115225
 -0.000370506 -0.0106491 0.0161137
 -0.000396349 -0.0113918 0.0172377
 -0.000550872 -0.0158331 0.0239581
weights matrix:
 -0.8469 -0.0706477 0.170965
 1.59436 -1.55387 -0.398721
 -1.97941 0.665263 1.58841
 -1.62246 -0.423509 1.8313
 0.772087 0.291739 -2.18941
regression_error on 'test' 0.0878836
classification_error on 'test' 0.157895
Save,1933,0.0878836,0.157895
sample_count 75 Sample index 10
 i 0:0.697853 i 1:0.304495 i 2:0.808669 i 3:0.719493 bias 1
 test_print 3.53051
net matrix:
 -2.10148 0.00255856 0.410596
outputs matrix:
 0.014731 0.501279 0.694489
error matrix:
 -0.014731 -0.501279 0.305511
delta matrix:
 -0.00042761 -0.250638 0.129643
weights_delta matrix:
 -2.98409e-05 -0.0174908 0.00904716
 -1.30205e-05 -0.0076318 0.00394756
 -3.45795e-05 -0.0202683 0.0104838
 -3.07662e-05 -0.0180332 0.00932771
 -4.2761e-05 -0.0250638 0.0129643
weights matrix:
 -0.846929 -0.0881386 0.180013
 1.59435 -1.5615 -0.394773
 -1.97944 0.644995 1.5989
 -1.62249 -0.441543 1.84063
 0.772044 0.266676 -2.17645
regression_error on 'test' 0.0870662
classification_error on 'test' 0.157895
Save,1934,0.0870662,0.157895
sample_count 75 Sample index 27
 i 0:0.328323 i 1:0.622103 i 2:0.158468 i 3:0.135476 bias 1
 test_print 2.24437
net matrix:
 0.95234 -0.691283 -1.8602
outputs matrix:
 0.87042 0.200597 0.0236513
error matrix:
 0.12958 -0.200597 -0.0236513
delta matrix:
 0.0292303 -0.0643347 -0.00109231
weights_delta matrix:
 0.000959696 -0.00211226 -3.58629e-05
 0.00181842 -0.00400228 -6.79527e-05
 0.000463206 -0.0010195 -1.73095e-05
 0.000396 -0.000871581 -1.47981e-05
 0.00292303 -0.00643347 -0.000109231
weights matrix:
 -0.84597 -0.0902508 0.179977
 1.59617 -1.5655 -0.394841
 -1.97898 0.643975 1.59888
 -1.62209 -0.442414 1.84062
 0.774967 0.260242 -2.17656
regression_error on 'test' 0.087037
classification_error on 'test' 0.157895
Save,1935,0.087037,0.157895
sample_count 75 Sample index 54
 i 0:0.305227 i 1:0.622103 i 2:0.158468 i 3:0.135476 bias 1
 test_print 2.22127
net matrix:
 0.976375 -0.699095 -1.86453
outputs matrix:
 0.875746 0.198103 0.0234524
error matrix:
 0.124254 -0.198103 -0.0234524
delta matrix:
 0.0270413 -0.0629408 -0.00107423
weights_delta matrix:
 0.000825373 -0.00192112 -3.27884e-05
 0.00168225 -0.00391557 -6.68281e-05
 0.000428518 -0.000997411 -1.70231e-05
 0.000366345 -0.000852697 -1.45532e-05
 0.00270413 -0.00629408 -0.000107423
weights matrix:
 -0.845144 -0.0921719 0.179944
 1.59785 -1.56942 -0.394908
 -1.97855 0.642978 1.59886
 -1.62173 -0.443267 1.8406
 0.777672 0.253948 -2.17667
regression_error on 'test' 0.0870209
classification_error on 'test' 0.157895
Save,1936,0.0870209,0.157895
sample_count 75 Sample index 25
 i 0:0.628566 i 1:0.410364 i 2:0.778427 i 3:0.865497 bias 1
 test_print 3.68285
net matrix:
 -2.04161 -0.331155 0.612017
outputs matrix:
 0.0165737 0.340221 0.772773
error matrix:
 -0.0165737 -0.340221 0.227227
delta matrix:
 -0.000540268 -0.152739 0.0798001
weights_delta matrix:
 -3.39594e-05 -0.00960067 0.00501596
 -2.21707e-05 -0.00626787 0.00327471
 -4.20559e-05 -0.0118896 0.00621185
 -4.676e-05 -0.0132195 0.00690667
 -5.40268e-05 -0.0152739 0.00798001
weights matrix:
 -0.845178 -0.101773 0.18496
 1.59783 -1.57569 -0.391633
 -1.97859 0.631088 1.60507
 -1.62177 -0.456486 1.84751
 0.777618 0.238674 -2.16869
regression_error on 'test' 0.0868663
classification_error on 'test' 0.157895
Save,1937,0.0868663,0.157895
sample_count 75 Sample index 12
 i 0:0.166653 i 1:0.480944 i 2:0.128226 i 3:0.135476 bias 1
 test_print 1.9113
net matrix:
 0.931813 -0.517024 -1.87011
outputs matrix:
 0.865719 0.2623 0.0231979
error matrix:
 0.134281 -0.2623 -0.0231979
delta matrix:
 0.0312202 -0.10151 -0.00105132
weights_delta matrix:
 0.000520295 -0.00169169 -1.75206e-05
 0.00150152 -0.00488204 -5.05627e-05
 0.000400325 -0.00130162 -1.34807e-05
 0.000422959 -0.00137521 -1.42429e-05
 0.00312202 -0.010151 -0.000105132
weights matrix:
 -0.844658 -0.103464 0.184942
 1.59933 -1.58057 -0.391684
 -1.97819 0.629787 1.60506
 -1.62135 -0.457862 1.84749
 0.78074 0.228523 -2.16879
regression_error on 'test' 0.0869222
classification_error on 'test' 0.184211
Save,1938,0.0869222,0.184211
sample_count 75 Sample index 32
 i 0:0.697853 i 1:0.516233 i 2:0.642339 i 3:0.60999 bias 1
 test_print 3.46642
net matrix:
 -1.24276 -0.534375 -0.0839832
outputs matrix:
 0.0768798 0.255641 0.458107
error matrix:
 -0.0768798 0.744359 -0.458107
delta matrix:
 -0.0109122 0.283286 -0.227445
weights_delta matrix:
 -0.000761511 0.0197692 -0.0158723
 -0.000563324 0.0146242 -0.0117415
 -0.000700933 0.0181966 -0.0146097
 -0.000665633 0.0172802 -0.0138739
 -0.00109122 0.0283286 -0.0227445
weights matrix:
 -0.84542 -0.0836951 0.16907
 1.59876 -1.56594 -0.403425
 -1.97889 0.647983 1.59045
 -1.62202 -0.440581 1.83362
 0.779648 0.256852 -2.19154
regression_error on 'test' 0.0873572
classification_error on 'test' 0.157895
Save,1939,0.0873572,0.157895
sample_count 75 Sample index 74
 i 0:0.443801 i 1:0.480944 i 2:0.551613 i 3:0.536988 bias 1
 test_print 3.01335
net matrix:
 -0.789219 -0.412574 -0.448582
outputs matrix:
 0.171017 0.304672 0.289634
error matrix:
 -0.171017 0.695328 -0.289634
delta matrix:
 -0.0484901 0.294606 -0.119182
weights_delta matrix:
 -0.002152 0.0130747 -0.0052893
 -0.0023321 0.0141689 -0.00573198
 -0.00267478 0.0162509 -0.00657423
 -0.00260386 0.01582 -0.00639992
 -0.00484901 0.0294606 -0.0119182
weights matrix:
 -0.847572 -0.0706204 0.163781
 1.59643 -1.55177 -0.409157
 -1.98157 0.664234 1.58388
 -1.62462 -0.424761 1.82722
 0.774799 0.286312 -2.20345
regression_error on 'test' 0.0881113
classification_error on 'test' 0.157895
Save,1940,0.0881113,0.157895
sample_count 75 Sample index 55
 i 0:0.628566 i 1:0.551523 i 2:0.612097 i 3:0.60999 bias 1
 test_print 3.40218
net matrix:
 -1.0814 -0.466441 -0.242095
outputs matrix:
 0.103141 0.282341 0.381263
error matrix:
 -0.103141 0.717659 -0.381263
delta matrix:
 -0.0190818 0.290831 -0.179881
weights_delta matrix:
 -0.00119942 0.0182806 -0.0113067
 -0.00105241 0.01604 -0.00992087
 -0.00116799 0.0178017 -0.0110105
 -0.00116397 0.0177404 -0.0109726
 -0.00190818 0.0290831 -0.0179881
weights matrix:
 -0.848771 -0.0523398 0.152474
 1.59538 -1.53573 -0.419078
 -1.98273 0.682036 1.57287
 -1.62578 -0.407021 1.81625
 0.772891 0.315395 -2.22144
regression_error on 'test' 0.0898662
classification_error on 'test' 0.0789474
Save,1941,0.0898662,0.0789474
sample_count 75 Sample index 52
 i 0:0.443801 i 1:0.410364 i 2:0.672581 i 3:0.792495 bias 1
 test_print 3.31924
net matrix:
 -1.57108 -0.201881 0.171498
outputs matrix:
 0.0414011 0.400409 0.584918
error matrix:
 -0.0414011 -0.400409 0.415082
delta matrix:
 -0.00328617 -0.192262 0.201555
weights_delta matrix:
 -0.000145841 -0.00853259 0.00894501
 -0.000134853 -0.00788973 0.00827107
 -0.000221022 -0.0129312 0.0135562
 -0.000260427 -0.0152366 0.0159731
 -0.000328617 -0.0192262 0.0201555
weights matrix:
 -0.848917 -0.0608724 0.161419
 1.59525 -1.54362 -0.410807
 -1.98295 0.669105 1.58642
 -1.62605 -0.422258 1.83222
 0.772562 0.296169 -2.20129
regression_error on 'test' 0.0883044
classification_error on 'test' 0.157895
Save,1942,0.0883044,0.157895
sample_count 75 Sample index 23
 i 0:0.975 i 1:0.763262 i 2:0.899395 i 3:0.792495 bias 1
 test_print 4.43015
net matrix:
 -1.90963 -0.674218 0.521389
outputs matrix:
 0.0214727 0.206126 0.739386
error matrix:
 -0.0214727 -0.206126 0.260614
delta matrix:
 -0.000902351 -0.0674602 0.100438
weights_delta matrix:
 -8.79792e-05 -0.00657737 0.00979269
 -6.8873e-05 -0.00514898 0.00766604
 -8.1157e-05 -0.00606733 0.00903333
 -7.15109e-05 -0.00534619 0.00795965
 -9.02351e-05 -0.00674602 0.0100438
weights matrix:
 -0.849005 -0.0674498 0.171212
 1.59518 -1.54877 -0.403141
 -1.98304 0.663037 1.59546
 -1.62612 -0.427604 1.84018
 0.772472 0.289423 -2.19124
regression_error on 'test' 0.0876957
classification_error on 'test' 0.157895
Save,1943,0.0876957,0.157895
sample_count 75 Sample index 48
 i 0:0.744044 i 1:0.516233 i 2:0.748185 i 3:0.828996 bias 1
 test_print 3.83746
net matrix:
 -1.86746 -0.418697 0.447229
outputs matrix:
 0.0233182 0.302084 0.709809
error matrix:
 -0.0233182 -0.302084 0.290191
delta matrix:
 -0.00106212 -0.127376 0.119547
weights_delta matrix:
 -7.90261e-05 -0.00947735 0.00889482
 -5.483e-05 -0.00657558 0.00617141
 -7.9466e-05 -0.0095301 0.00894432
 -8.8049e-05 -0.0105594 0.00991039
 -0.000106212 -0.0127376 0.0119547
weights matrix:
 -0.849084 -0.0769271 0.180107
 1.59512 -1.55535 -0.396969
 -1.98312 0.653507 1.6044
 -1.6262 -0.438163 1.85009
 0.772366 0.276686 -2.17929
regression_error on 'test' 0.0871131
classification_error on 'test' 0.157895
Save,1944,0.0871131,0.157895
sample_count 75 Sample index 48
 i 0:0.744044 i 1:0.516233 i 2:0.748185 i 3:0.828996 bias 1
 test_print 3.83746
net matrix:
 -1.86779 -0.457765 0.483896
outputs matrix:
 0.0233033 0.28587 0.724679
error matrix:
 -0.0233033 -0.28587 0.275321
delta matrix:
 -0.00106078 -0.11672 0.109864
weights_delta matrix:
 -7.89268e-05 -0.00868445 0.00817434
 -5.47611e-05 -0.00602545 0.00567153
 -7.93661e-05 -0.00873278 0.00821984
 -8.79384e-05 -0.009676 0.00910766
 -0.000106078 -0.011672 0.0109864
weights matrix:
 -0.849163 -0.0856116 0.188281
 1.59507 -1.56137 -0.391298
 -1.98319 0.644775 1.61262
 -1.62629 -0.447839 1.8592
 0.77226 0.265014 -2.1683
regression_error on 'test' 0.0868006
classification_error on 'test' 0.157895
Save,1945,0.0868006,0.157895
sample_count 75 Sample index 61
 i 0:0.697853 i 1:0.480944 i 2:0.687702 i 3:0.682992 bias 1
 test_print 3.54949
net matrix:
 -1.52778 -0.408122 0.153717
outputs matrix:
 0.0449776 0.306562 0.576259
error matrix:
 -0.0449776 0.693438 -0.576259
delta matrix:
 -0.00386399 0.294824 -0.281427
weights_delta matrix:
 -0.00026965 0.0205744 -0.0196395
 -0.000185836 0.0141794 -0.0135351
 -0.000265728 0.0202751 -0.0193538
 -0.000263908 0.0201363 -0.0192212
 -0.000386399 0.0294824 -0.0281427
weights matrix:
 -0.849432 -0.0650372 0.168641
 1.59488 -1.54719 -0.404833
 -1.98346 0.66505 1.59327
 -1.62656 -0.427703 1.83998
 0.771874 0.294496 -2.19644
regression_error on 'test' 0.0878586
classification_error on 'test' 0.157895
Save,1946,0.0878586,0.157895
sample_count 75 Sample index 64
 i 0:0.282131 i 1:0.516233 i 2:0.158468 i 3:0.0989754 bias 1
 test_print 2.05581
net matrix:
 0.880248 -0.459509 -1.92326
outputs matrix:
 0.853272 0.285158 0.0209075
error matrix:
 0.146728 -0.285158 -0.0209075
delta matrix:
 0.0367404 -0.116255 -0.000855967
weights_delta matrix:
 0.00103656 -0.00327991 -2.41495e-05
 0.00189666 -0.00600147 -4.41879e-05
 0.000582218 -0.00184227 -1.35643e-05
 0.00036364 -0.00115064 -8.47197e-06
 0.00367404 -0.0116255 -8.55967e-05
weights matrix:
 -0.848396 -0.0683171 0.168617
 1.59678 -1.5532 -0.404877
 -1.98288 0.663207 1.59325
 -1.62619 -0.428854 1.83997
 0.775548 0.282871 -2.19653
regression_error on 'test' 0.0876813
classification_error on 'test' 0.157895
Save,1947,0.0876813,0.157895
sample_count 75 Sample index 15
 i 0:0.720948 i 1:0.410364 i 2:0.65746 i 3:0.573489 bias 1
 test_print 3.36226
net matrix:
 -1.41711 -0.213669 -0.138412
outputs matrix:
 0.0555029 0.394762 0.431233
error matrix:
 -0.0555029 0.605238 -0.431233
delta matrix:
 -0.00581919 0.289213 -0.211538
weights_delta matrix:
 -0.000419533 0.0208507 -0.0152508
 -0.000238798 0.0118683 -0.00868075
 -0.000382588 0.0190146 -0.0139078
 -0.000333724 0.016586 -0.0121315
 -0.000581919 0.0289213 -0.0211538
weights matrix:
 -0.848815 -0.0474663 0.153366
 1.59654 -1.54133 -0.413558
 -1.98326 0.682222 1.57934
 -1.62653 -0.412268 1.82784
 0.774966 0.311792 -2.21768
regression_error on 'test' 0.0893669
classification_error on 'test' 0.131579
Save,1948,0.0893669,0.131579
sample_count 75 Sample index 59
 i 0:0.60547 i 1:0.233915 i 2:0.596976 i 3:0.536988 bias 1
 test_print 2.97335
net matrix:
 -1.4229 0.1084 -0.297205
outputs matrix:
 0.0548992 0.553989 0.355623
error matrix:
 -0.0548992 0.446011 -0.355623
delta matrix:
 -0.00569692 0.220406 -0.162986
weights_delta matrix:
 -0.000344931 0.0133449 -0.00986832
 -0.000133259 0.00515562 -0.00381249
 -0.000340092 0.0131577 -0.00972988
 -0.000305918 0.0118355 -0.00875216
 -0.000569692 0.0220406 -0.0162986
weights matrix:
 -0.84916 -0.0341214 0.143498
 1.59641 -1.53617 -0.41737
 -1.9836 0.69538 1.56961
 -1.62683 -0.400432 1.81908
 0.774396 0.333832 -2.23398
regression_error on 'test' 0.0910813
classification_error on 'test' 0.0789474
Save,1949,0.0910813,0.0789474
sample_count 75 Sample index 37
 i 0:0.720948 i 1:0.551523 i 2:0.82379 i 3:0.901998 bias 1
 test_print 3.99826
net matrix:
 -2.05882 -0.326344 0.573126
outputs matrix:
 0.016022 0.342384 0.758826
error matrix:
 -0.016022 -0.342384 0.241174
delta matrix:
 -0.000505183 -0.154181 0.0882742
weights_delta matrix:
 -3.64211e-05 -0.0111156 0.00636411
 -2.7862e-05 -0.00850341 0.00486853
 -4.16165e-05 -0.0127012 0.00727194
 -4.55674e-05 -0.0139071 0.00796232
 -5.05183e-05 -0.0154181 0.00882742
weights matrix:
 -0.849197 -0.045237 0.149862
 1.59638 -1.54468 -0.412502
 -1.98364 0.682678 1.57689
 -1.62688 -0.414339 1.82705
 0.774345 0.318414 -2.22515
regression_error on 'test' 0.0896274
classification_error on 'test' 0.105263
Save,1950,0.0896274,0.105263
sample_count 75 Sample index 64
 i 0:0.282131 i 1:0.516233 i 2:0.158468 i 3:0.0989754 bias 1
 test_print 2.05581
net matrix:
 0.883499 -0.424587 -1.9651
outputs matrix:
 0.854084 0.299606 0.0192614
error matrix:
 0.145916 -0.299606 -0.0192614
delta matrix:
 0.0363695 -0.12574 -0.000727708
weights_delta matrix:
 0.0010261 -0.00354751 -2.05309e-05
 0.00187751 -0.00649111 -3.75667e-05
 0.00057634 -0.00199258 -1.15318e-05
 0.000359968 -0.00124452 -7.20252e-06
 0.00363695 -0.012574 -7.27708e-05
weights matrix:
 -0.848171 -0.0487846 0.149842
 1.59826 -1.55117 -0.412539
 -1.98307 0.680686 1.57687
 -1.62652 -0.415584 1.82704
 0.777982 0.30584 -2.22523
regression_error on 'test' 0.0893077
classification_error on 'test' 0.131579
Save,1951,0.0893077,0.131579
sample_count 75 Sample index 56
 i 0:0.328323 i 1:0.727972 i 2:0.158468 i 3:0.208478 bias 1
 test_print 2.42324
net matrix:
 1.00965 -0.818156 -1.84557
outputs matrix:
 0.882808 0.162968 0.0243367
error matrix:
 0.117192 -0.162968 -0.0243367
delta matrix:
 0.0242488 -0.0444606 -0.00115572
weights_delta matrix:
 0.000796145 -0.00145974 -3.79449e-05
 0.00176525 -0.0032366 -8.41331e-05
 0.000384267 -0.000704558 -1.83145e-05
 0.000505535 -0.000926905 -2.40942e-05
 0.00242488 -0.00444606 -0.000115572
weights matrix:
 -0.847375 -0.0502443 0.149804
 1.60002 -1.5544 -0.412624
 -1.98268 0.679981 1.57686
 -1.62601 -0.416511 1.82702
 0.780407 0.301394 -2.22534
regression_error on 'test' 0.0891945
classification_error on 'test' 0.157895
Save,1952,0.0891945,0.157895
sample_count 75 Sample index 4
 i 0:0.212844 i 1:0.516233 i 2:0.158468 i 3:0.135476 bias 1
 test_print 2.02302
net matrix:
 0.891555 -0.460406 -1.90907
outputs matrix:
 0.85608 0.284793 0.0214964
error matrix:
 0.14392 -0.284793 -0.0214964
delta matrix:
 0.0354637 -0.116016 -0.000904321
weights_delta matrix:
 0.000754824 -0.00246934 -1.92479e-05
 0.00183075 -0.00598915 -4.6684e-05
 0.000561987 -0.00183849 -1.43306e-05
 0.000480448 -0.00157174 -1.22514e-05
 0.00354637 -0.0116016 -9.04321e-05
weights matrix:
 -0.84662 -0.0527136 0.149785
 1.60185 -1.56039 -0.41267
 -1.98212 0.678143 1.57684
 -1.62553 -0.418082 1.827
 0.783954 0.289793 -2.22543
regression_error on 'test' 0.0889653
classification_error on 'test' 0.184211
Save,1953,0.0889653,0.184211
sample_count 75 Sample index 21
 i 0:0.836426 i 1:0.445654 i 2:0.884274 i 3:0.719493 bias 1
 test_print 3.88585
net matrix:
 -2.13261 -0.150837 0.424819
outputs matrix:
 0.0138543 0.425148 0.700491
error matrix:
 -0.0138543 -0.425148 0.299509
delta matrix:
 -0.000378562 -0.20781 0.125676
weights_delta matrix:
 -3.1664e-05 -0.0173818 0.0105119
 -1.68708e-05 -0.00926115 0.0056008
 -3.34753e-05 -0.0183761 0.0111132
 -2.72373e-05 -0.0149518 0.0090423
 -3.78562e-05 -0.020781 0.0125676
weights matrix:
 -0.846651 -0.0700954 0.160296
 1.60183 -1.56965 -0.407069
 -1.98215 0.659767 1.58796
 -1.62556 -0.433034 1.83605
 0.783916 0.269012 -2.21287
regression_error on 'test' 0.0877911
classification_error on 'test' 0.157895
Save,1954,0.0877911,0.157895
sample_count 75 Sample index 18
 i 0:0.513088 i 1:0.480944 i 2:0.566734 i 3:0.60999 bias 1
 test_print 3.17076
net matrix:
 -0.995027 -0.412103 -0.30648
outputs matrix:
 0.120251 0.304872 0.351384
error matrix:
 -0.120251 0.695128 -0.351384
delta matrix:
 -0.0254429 0.29463 -0.16017
weights_delta matrix:
 -0.00130545 0.0151171 -0.00821815
 -0.00122366 0.0141701 -0.0077033
 -0.00144194 0.0166977 -0.0090774
 -0.00155199 0.0179721 -0.00977024
 -0.00254429 0.029463 -0.016017
weights matrix:
 -0.847957 -0.0549783 0.152078
 1.60061 -1.55548 -0.414773
 -1.9836 0.676464 1.57888
 -1.62711 -0.415062 1.82628
 0.781372 0.298475 -2.22888
regression_error on 'test' 0.0890964
classification_error on 'test' 0.157895
Save,1955,0.0890964,0.157895
sample_count 75 Sample index 18
 i 0:0.513088 i 1:0.480944 i 2:0.566734 i 3:0.60999 bias 1
 test_print 3.17076
net matrix:
 -1.00059 -0.347643 -0.341523
outputs matrix:
 0.119078 0.332858 0.335582
error matrix:
 -0.119078 0.667142 -0.335582
delta matrix:
 -0.0249823 0.296296 -0.149647
weights_delta matrix:
 -0.00128181 0.0152026 -0.00767822
 -0.00120151 0.0142502 -0.00719719
 -0.00141583 0.0167921 -0.00848102
 -0.0015239 0.0180738 -0.00912833
 -0.00249823 0.0296296 -0.0149647
weights matrix:
 -0.849239 -0.0397757 0.1444
 1.59941 -1.54123 -0.42197
 -1.98501 0.693256 1.5704
 -1.62864 -0.396988 1.81715
 0.778873 0.328104 -2.24385
regression_error on 'test' 0.0910612
classification_error on 'test' 0.0789474
Save,1956,0.0910612,0.0789474
sample_count 75 Sample index 4
 i 0:0.212844 i 1:0.516233 i 2:0.158468 i 3:0.135476 bias 1
 test_print 2.02302
net matrix:
 0.888584 -0.419921 -1.93591
outputs matrix:
 0.855347 0.301568 0.0203958
error matrix:
 0.144653 -0.301568 -0.0203958
delta matrix:
 0.0357955 -0.127036 -0.000815006
weights_delta matrix:
 0.000761885 -0.00270388 -1.73469e-05
 0.00184788 -0.00655799 -4.20733e-05
 0.000567244 -0.00201311 -1.29152e-05
 0.000484943 -0.00172103 -1.10414e-05
 0.00357955 -0.0127036 -8.15006e-05
weights matrix:
 -0.848477 -0.0424796 0.144383
 1.60126 -1.54779 -0.422012
 -1.98444 0.691243 1.57038
 -1.62815 -0.398709 1.81714
 0.782453 0.315401 -2.24393
regression_error on 'test' 0.0906651
classification_error on 'test' 0.0789474
Save,1957,0.0906651,0.0789474
sample_count 75 Sample index 67
 i 0:0.443801 i 1:0.375074 i 2:0.566734 i 3:0.536988 bias 1
 test_print 2.9226
net matrix:
 -0.992461 -0.106339 -0.472368
outputs matrix:
 0.120795 0.44703 0.279945
error matrix:
 -0.120795 0.55297 -0.279945
delta matrix:
 -0.0256578 0.273382 -0.11286
weights_delta matrix:
 -0.00113869 0.0121327 -0.00500875
 -0.000962356 0.0102538 -0.00423309
 -0.00145411 0.0154935 -0.00639617
 -0.00137779 0.0146803 -0.00606046
 -0.00256578 0.0273382 -0.011286
weights matrix:
 -0.849615 -0.0303469 0.139374
 1.60029 -1.53754 -0.426245
 -1.9859 0.706737 1.56399
 -1.62953 -0.384029 1.81108
 0.779887 0.342739 -2.25522
regression_error on 'test' 0.0926577
classification_error on 'test' 0.0789474
Save,1958,0.0926577,0.0789474
sample_count 75 Sample index 28
 i 0:0.305227 i 1:0.551523 i 2:0.113105 i 3:0.135476 bias 1
 test_print 2.10533
net matrix:
 0.957784 -0.486602 -2.02551
outputs matrix:
 0.871643 0.274242 0.017107
error matrix:
 0.128357 -0.274242 -0.017107
delta matrix:
 0.0287214 -0.109167 -0.000575286
weights_delta matrix:
 0.000876654 -0.00333206 -1.75593e-05
 0.00158405 -0.0060208 -3.17283e-05
 0.000324853 -0.00123473 -6.50677e-06
 0.000389106 -0.00147895 -7.79374e-06
 0.00287214 -0.0109167 -5.75286e-05
weights matrix:
 -0.848739 -0.033679 0.139356
 1.60188 -1.54356 -0.426277
 -1.98557 0.705502 1.56398
 -1.62914 -0.385508 1.81107
 0.782759 0.331822 -2.25527
regression_error on 'test' 0.0922174
classification_error on 'test' 0.0789474
Save,1959,0.0922174,0.0789474
sample_count 75 Sample index 3
 i 0:0.744044 i 1:0.516233 i 2:0.672581 i 3:0.60999 bias 1
 test_print 3.54285
net matrix:
 -1.35101 -0.250721 -0.215006
outputs matrix:
 0.0628537 0.377202 0.394123
error matrix:
 -0.0628537 0.622798 -0.394123
delta matrix:
 -0.00740457 0.292616 -0.188225
weights_delta matrix:
 -0.000550932 0.0217719 -0.0140048
 -0.000382248 0.0151058 -0.00971682
 -0.000498017 0.0196808 -0.0126597
 -0.000451671 0.0178493 -0.0114816
 -0.000740457 0.0292616 -0.0188225
weights matrix:
 -0.84929 -0.011907 0.125352
 1.6015 -1.52845 -0.435994
 -1.98607 0.725183 1.55132
 -1.62959 -0.367659 1.79959
 0.782019 0.361084 -2.2741
regression_error on 'test' 0.0958295
classification_error on 'test' 0.105263
Save,1960,0.0958295,0.105263
sample_count 75 Sample index 46
 i 0:0.928809 i 1:0.480944 i 2:0.854032 i 3:0.901998 bias 1
 test_print 4.16578
net matrix:
 -2.40263 -0.0973734 0.580745
outputs matrix:
 0.00812002 0.451467 0.761603
error matrix:
 -0.00812002 -0.451467 0.238397
delta matrix:
 -0.000130799 -0.223606 0.0865683
weights_delta matrix:
 -1.21487e-05 -0.0207688 0.00804054
 -6.29068e-06 -0.0107542 0.00416345
 -1.11706e-05 -0.0190967 0.00739321
 -1.1798e-05 -0.0201693 0.00780844
 -1.30799e-05 -0.0223606 0.00865683
weights matrix:
 -0.849302 -0.0326758 0.133392
 1.60149 -1.53921 -0.43183
 -1.98608 0.706086 1.55871
 -1.6296 -0.387828 1.80739
 0.782006 0.338723 -2.26544
regression_error on 'test' 0.0929939
classification_error on 'test' 0.0789474
Save,1961,0.0929939,0.0789474
sample_count 75 Sample index 3
 i 0:0.744044 i 1:0.516233 i 2:0.672581 i 3:0.60999 bias 1
 test_print 3.54285
net matrix:
 -1.35301 -0.241849 -0.238259
outputs matrix:
 0.0626187 0.381379 0.383075
error matrix:
 -0.0626187 0.618621 -0.383075
delta matrix:
 -0.00735115 0.291901 -0.181063
weights_delta matrix:
 -0.000546958 0.0217187 -0.0134719
 -0.00037949 0.0150689 -0.00934706
 -0.000494424 0.0196327 -0.0121779
 -0.000448413 0.0178057 -0.0110447
 -0.000735115 0.0291901 -0.0181063
weights matrix:
 -0.849849 -0.0109571 0.11992
 1.60111 -1.52414 -0.441177
 -1.98658 0.725719 1.54654
 -1.63005 -0.370022 1.79635
 0.781271 0.367913 -2.28354
regression_error on 'test' 0.0967548
classification_error on 'test' 0.0526316
Save,1962,0.0967548,0.0526316
sample_count 75 Sample index 33
 i 0:0.559279 i 1:0.480944 i 2:0.672581 i 3:0.719493 bias 1
 test_print 3.4323
net matrix:
 -1.43293 -0.149363 -0.096025
outputs matrix:
 0.0538671 0.425869 0.452135
error matrix:
 -0.0538671 -0.425869 0.547865
delta matrix:
 -0.00549072 -0.208254 0.271422
weights_delta matrix:
 -0.000307085 -0.0116472 0.0151801
 -0.000264073 -0.0100158 0.0130539
 -0.000369296 -0.0140068 0.0182553
 -0.000395054 -0.0149837 0.0195286
 -0.000549072 -0.0208254 0.0271422
weights matrix:
 -0.850156 -0.0226042 0.1351
 1.60085 -1.53415 -0.428123
 -1.98695 0.711712 1.56479
 -1.63045 -0.385006 1.81588
 0.780721 0.347088 -2.2564
regression_error on 'test' 0.093017
classification_error on 'test' 0.0789474
Save,1963,0.093017,0.0789474
sample_count 75 Sample index 4
 i 0:0.212844 i 1:0.516233 i 2:0.158468 i 3:0.135476 bias 1
 test_print 2.02302
net matrix:
 0.890427 -0.389079 -1.95468
outputs matrix:
 0.855802 0.314717 0.019659
error matrix:
 0.144198 -0.314717 -0.019659
delta matrix:
 0.0355893 -0.13575 -0.000757761
weights_delta matrix:
 0.000757498 -0.00288936 -1.61285e-05
 0.00183724 -0.00700787 -3.91181e-05
 0.000563977 -0.0021512 -1.20081e-05
 0.00048215 -0.00183909 -1.02658e-05
 0.00355893 -0.013575 -7.57761e-05
weights matrix:
 -0.849398 -0.0254936 0.135084
 1.60268 -1.54116 -0.428162
 -1.98638 0.709561 1.56478
 -1.62996 -0.386845 1.81587
 0.78428 0.333513 -2.25648
regression_error on 'test' 0.0924551
classification_error on 'test' 0.0789474
Save,1964,0.0924551,0.0789474
sample_count 75 Sample index 13
 i 0:0.420705 i 1:0.269205 i 2:0.491129 i 3:0.427485 bias 1
 test_print 2.60852
net matrix:
 -0.81397 0.0910149 -0.770146
outputs matrix:
 0.164113 0.545382 0.176493
error matrix:
 -0.164113 0.454618 -0.176493
delta matrix:
 -0.0450259 0.225436 -0.0513041
weights_delta matrix:
 -0.00189426 0.00948422 -0.00215839
 -0.00121212 0.00606886 -0.00138113
 -0.00221135 0.0110718 -0.00251969
 -0.00192479 0.00963706 -0.00219317
 -0.00450259 0.0225436 -0.00513041
weights matrix:
 -0.851293 -0.0160094 0.132926
 1.60147 -1.53509 -0.429544
 -1.98859 0.720633 1.56226
 -1.63189 -0.377208 1.81368
 0.779778 0.356057 -2.26161
regression_error on 'test' 0.0940113
classification_error on 'test' 0.0789474
Save,1965,0.0940113,0.0789474
sample_count 75 Sample index 37
 i 0:0.720948 i 1:0.551523 i 2:0.82379 i 3:0.901998 bias 1
 test_print 3.99826
net matrix:
 -2.06086 -0.248715 0.520227
outputs matrix:
 0.015958 0.378145 0.738937
error matrix:
 -0.015958 -0.378145 0.261063
delta matrix:
 -0.000501186 -0.177843 0.100723
weights_delta matrix:
 -3.61329e-05 -0.0128215 0.00726157
 -2.76416e-05 -0.00980843 0.00555508
 -4.12872e-05 -0.0146505 0.00829742
 -4.52069e-05 -0.0160414 0.00908516
 -5.01186e-05 -0.0177843 0.0100723
weights matrix:
 -0.851329 -0.0288309 0.140187
 1.60144 -1.5449 -0.423989
 -1.98863 0.705982 1.57056
 -1.63193 -0.393249 1.82276
 0.779728 0.338272 -2.25154
regression_error on 'test' 0.0917889
classification_error on 'test' 0.0789474
Save,1966,0.0917889,0.0789474
sample_count 75 Sample index 58
 i 0:0.282131 i 1:0.516233 i 2:0.158468 i 3:0.0989754 bias 1
 test_print 2.05581
net matrix:
 0.889604 -0.394437 -2.00157
outputs matrix:
 0.855599 0.312411 0.0179308
error matrix:
 0.144401 -0.312411 -0.0179308
delta matrix:
 0.0356813 -0.134218 -0.000631498
weights_delta matrix:
 0.00100668 -0.0037867 -1.78165e-05
 0.00184199 -0.00692877 -3.26e-05
 0.000565435 -0.00212692 -1.00072e-05
 0.000353157 -0.00132843 -6.25028e-06
 0.00356813 -0.0134218 -6.31498e-05
weights matrix:
 -0.850322 -0.0326176 0.14017
 1.60329 -1.55183 -0.424021
 -1.98807 0.703855 1.57055
 -1.63158 -0.394578 1.82275
 0.783296 0.324851 -2.2516
regression_error on 'test' 0.0912995
classification_error on 'test' 0.0789474
Save,1967,0.0912995,0.0789474
sample_count 75 Sample index 16
 i 0:0.60547 i 1:0.304495 i 2:0.687702 i 3:0.755994 bias 1
 test_print 3.35366
net matrix:
 -1.84402 0.0183216 0.162217
outputs matrix:
 0.0244102 0.50916 0.580404
error matrix:
 -0.0244102 -0.50916 0.419596
delta matrix:
 -0.00116263 -0.254494 0.204373
weights_delta matrix:
 -7.03935e-05 -0.0154089 0.0123741
 -3.54014e-05 -0.00774923 0.00622304
 -7.9954e-05 -0.0175016 0.0140547
 -8.78938e-05 -0.0192396 0.0154504
 -0.000116263 -0.0254494 0.0204373
weights matrix:
 -0.850392 -0.0480265 0.152544
 1.60325 -1.55958 -0.417798
 -1.98815 0.686354 1.5846
 -1.63167 -0.413817 1.8382
 0.78318 0.299401 -2.23116
regression_error on 'test' 0.0890218
classification_error on 'test' 0.157895
Save,1968,0.0890218,0.157895
sample_count 75 Sample index 27
 i 0:0.328323 i 1:0.622103 i 2:0.158468 i 3:0.135476 bias 1
 test_print 2.24437
net matrix:
 0.965253 -0.633883 -1.94085
outputs matrix:
 0.873305 0.21964 0.0201993
error matrix:
 0.126695 -0.21964 -0.0201993
delta matrix:
 0.0280357 -0.0752918 -0.000799539
weights_delta matrix:
 0.000920477 -0.002472 -2.62507e-05
 0.00174411 -0.00468392 -4.97396e-05
 0.000444277 -0.00119313 -1.26701e-05
 0.000379817 -0.00102002 -1.08318e-05
 0.00280357 -0.00752918 -7.99539e-05
weights matrix:
 -0.849472 -0.0504985 0.152517
 1.60499 -1.56426 -0.417848
 -1.98771 0.685161 1.58459
 -1.63129 -0.414837 1.83819
 0.785983 0.291872 -2.23124
regression_error on 'test' 0.0888524
classification_error on 'test' 0.157895
Save,1969,0.0888524,0.157895
sample_count 75 Sample index 15
 i 0:0.720948 i 1:0.410364 i 2:0.65746 i 3:0.573489 bias 1
 test_print 3.36226
net matrix:
 -1.41017 -0.173891 -0.196767
outputs matrix:
 0.0562346 0.41392 0.402867
error matrix:
 -0.0562346 0.58608 -0.402867
delta matrix:
 -0.005969 0.284354 -0.193832
weights_delta matrix:
 -0.000430334 0.0205005 -0.0139743
 -0.000244946 0.0116689 -0.00795415
 -0.000392438 0.0186952 -0.0127437
 -0.000342315 0.0163074 -0.011116
 -0.0005969 0.0284354 -0.0193832
weights matrix:
 -0.849902 -0.029998 0.138543
 1.60475 -1.55259 -0.425802
 -1.9881 0.703856 1.57185
 -1.63163 -0.39853 1.82708
 0.785386 0.320307 -2.25063
regression_error on 'test' 0.0910763
classification_error on 'test' 0.0789474
Save,1970,0.0910763,0.0789474
sample_count 75 Sample index 67
 i 0:0.443801 i 1:0.375074 i 2:0.566734 i 3:0.536988 bias 1
 test_print 2.9226
net matrix:
 -0.99279 -0.0904502 -0.47691
outputs matrix:
 0.120725 0.454898 0.278117
error matrix:
 -0.120725 0.545102 -0.278117
delta matrix:
 -0.0256301 0.270333 -0.111674
weights_delta matrix:
 -0.00113747 0.0119974 -0.00495611
 -0.00096132 0.0101395 -0.00418861
 -0.00145255 0.0153207 -0.00632896
 -0.00137631 0.0145166 -0.00599677
 -0.00256301 0.0270333 -0.0111674
weights matrix:
 -0.85104 -0.0180006 0.133587
 1.60379 -1.54245 -0.429991
 -1.98955 0.719177 1.56552
 -1.63301 -0.384013 1.82108
 0.782823 0.347341 -2.26179
regression_error on 'test' 0.0931855
classification_error on 'test' 0.0789474
Save,1971,0.0931855,0.0789474
sample_count 75 Sample index 7
 i 0:0.651661 i 1:0.410364 i 2:0.627218 i 3:0.60999 bias 1
 test_print 3.29923
net matrix:
 -1.35763 -0.0805212 -0.25843
outputs matrix:
 0.062079 0.459826 0.373587
error matrix:
 -0.062079 0.540174 -0.373587
delta matrix:
 -0.00722913 0.268343 -0.174853
weights_delta matrix:
 -0.000471094 0.0174869 -0.0113945
 -0.000296657 0.0110118 -0.00717535
 -0.000453424 0.016831 -0.0109671
 -0.00044097 0.0163687 -0.0106659
 -0.000722913 0.0268343 -0.0174853
weights matrix:
 -0.851511 -0.000513711 0.122193
 1.60349 -1.53144 -0.437166
 -1.99 0.736008 1.55455
 -1.63345 -0.367645 1.81042
 0.7821 0.374175 -2.27928
regression_error on 'test' 0.0965865
classification_error on 'test' 0.0789474
Save,1972,0.0965865,0.0789474
sample_count 75 Sample index 67
 i 0:0.443801 i 1:0.375074 i 2:0.566734 i 3:0.536988 bias 1
 test_print 2.9226
net matrix:
 -0.999318 0.0192424 -0.535831
outputs matrix:
 0.119346 0.50962 0.255087
error matrix:
 -0.119346 0.49038 -0.255087
delta matrix:
 -0.0250872 0.245099 -0.0969421
weights_delta matrix:
 -0.00111337 0.0108775 -0.0043023
 -0.000940957 0.00919303 -0.00363605
 -0.00142178 0.0138906 -0.00549404
 -0.00134715 0.0131615 -0.00520568
 -0.00250872 0.0245099 -0.00969421
weights matrix:
 -0.852624 0.0103638 0.11789
 1.60255 -1.52225 -0.440802
 -1.99143 0.749898 1.54906
 -1.6348 -0.354483 1.80521
 0.779592 0.398685 -2.28897
regression_error on 'test' 0.0994737
classification_error on 'test' 0.0789474
Save,1973,0.0994737,0.0789474
sample_count 75 Sample index 16
 i 0:0.60547 i 1:0.304495 i 2:0.687702 i 3:0.755994 bias 1
 test_print 3.35366
net matrix:
 -1.85408 0.189162 0.0782011
outputs matrix:
 0.0239356 0.593469 0.539021
error matrix:
 -0.0239356 -0.593469 0.460979
delta matrix:
 -0.0011184 -0.286365 0.229086
weights_delta matrix:
 -6.77158e-05 -0.0173385 0.0138705
 -3.40547e-05 -0.00871966 0.00697554
 -7.69126e-05 -0.0196934 0.0157543
 -8.45504e-05 -0.021649 0.0173187
 -0.00011184 -0.0286365 0.0229086
weights matrix:
 -0.852692 -0.00697471 0.131761
 1.60252 -1.53097 -0.433826
 -1.9915 0.730205 1.56481
 -1.63488 -0.376132 1.82253
 0.77948 0.370049 -2.26606
regression_error on 'test' 0.0948568
classification_error on 'test' 0.0789474
Save,1974,0.0948568,0.0789474
sample_count 75 Sample index 56
 i 0:0.328323 i 1:0.727972 i 2:0.158468 i 3:0.208478 bias 1
 test_print 2.42324
net matrix:
 1.00968 -0.709445 -1.91069
outputs matrix:
 0.882815 0.194836 0.0214284
error matrix:
 0.117185 -0.194836 -0.0214284
delta matrix:
 0.024246 -0.0611295 -0.000898675
weights_delta matrix:
 0.000796053 -0.00200702 -2.95056e-05
 0.00176504 -0.00445006 -6.5421e-05
 0.000384222 -0.000968707 -1.42411e-05
 0.000505477 -0.00127442 -1.87354e-05
 0.0024246 -0.00611295 -8.98675e-05
weights matrix:
 -0.851896 -0.00898173 0.131731
 1.60428 -1.53542 -0.433892
 -1.99112 0.729236 1.5648
 -1.63437 -0.377407 1.82251
 0.781904 0.363936 -2.26615
regression_error on 'test' 0.0944855
classification_error on 'test' 0.0789474
Save,1975,0.0944855,0.0789474
sample_count 75 Sample index 18
 i 0:0.513088 i 1:0.480944 i 2:0.566734 i 3:0.60999 bias 1
 test_print 3.17076
net matrix:
 -1.00901 -0.196055 -0.408706
outputs matrix:
 0.117324 0.403209 0.306313
error matrix:
 -0.117324 0.596791 -0.306313
delta matrix:
 -0.0242999 0.287213 -0.130174
weights_delta matrix:
 -0.0012468 0.0147366 -0.00667908
 -0.00116869 0.0138134 -0.00626065
 -0.00137716 0.0162774 -0.00737742
 -0.00148227 0.0175197 -0.0079405
 -0.00242999 0.0287213 -0.0130174
weights matrix:
 -0.853143 0.00575484 0.125052
 1.60311 -1.52161 -0.440152
 -1.9925 0.745513 1.55742
 -1.63586 -0.359887 1.81457
 0.779474 0.392657 -2.27917
regression_error on 'test' 0.0979212
classification_error on 'test' 0.0789474
Save,1976,0.0979212,0.0789474
sample_count 75 Sample index 54
 i 0:0.305227 i 1:0.622103 i 2:0.158468 i 3:0.135476 bias 1
 test_print 2.22127
net matrix:
 0.979008 -0.482798 -2.02219
outputs matrix:
 0.876318 0.275759 0.0172189
error matrix:
 0.123682 -0.275759 -0.0172189
delta matrix:
 0.0268105 -0.110147 -0.000582768
weights_delta matrix:
 0.000818328 -0.00336198 -1.77876e-05
 0.00166789 -0.00685228 -3.62542e-05
 0.00042486 -0.00174548 -9.235e-06
 0.000363218 -0.00149223 -7.89511e-06
 0.00268105 -0.0110147 -5.82768e-05
weights matrix:
 -0.852324 0.00239285 0.125034
 1.60478 -1.52846 -0.440189
 -1.99207 0.743768 1.55741
 -1.63549 -0.361379 1.81456
 0.782155 0.381642 -2.27923
regression_error on 'test' 0.0971674
classification_error on 'test' 0.0526316
Save,1977,0.0971674,0.0526316
sample_count 75 Sample index 45
 i 0:0.697853 i 1:0.586813 i 2:0.793548 i 3:0.975 bias 1
 test_print 4.05321
net matrix:
 -2.04634 -0.275736 0.554794
outputs matrix:
 0.0164201 0.365523 0.752052
error matrix:
 -0.0164201 -0.365523 0.247948
delta matrix:
 -0.000530388 -0.169541 0.0924695
weights_delta matrix:
 -3.70133e-05 -0.0118315 0.00645301
 -3.11239e-05 -0.00994889 0.00542623
 -4.20888e-05 -0.0134539 0.0073379
 -5.17128e-05 -0.0165303 0.00901577
 -5.30388e-05 -0.0169541 0.00924695
weights matrix:
 -0.852361 -0.00943863 0.131487
 1.60475 -1.53841 -0.434763
 -1.99211 0.730314 1.56475
 -1.63555 -0.377909 1.82358
 0.782102 0.364688 -2.26998
regression_error on 'test' 0.0945364
classification_error on 'test' 0.0789474
Save,1978,0.0945364,0.0789474
sample_count 75 Sample index 33
 i 0:0.559279 i 1:0.480944 i 2:0.672581 i 3:0.719493 bias 1
 test_print 3.4323
net matrix:
 -1.43943 -0.161186 -0.0410707
outputs matrix:
 0.0532085 0.420098 0.479476
error matrix:
 -0.0532085 -0.420098 0.520524
delta matrix:
 -0.005361 -0.204685 0.259823
weights_delta matrix:
 -0.000299829 -0.0114476 0.0145314
 -0.000257834 -0.00984419 0.012496
 -0.00036057 -0.0137667 0.0174752
 -0.00038572 -0.0147269 0.0186941
 -0.0005361 -0.0204685 0.0259823
weights matrix:
 -0.852661 -0.0208862 0.146019
 1.60449 -1.54825 -0.422266
 -1.99247 0.716547 1.58222
 -1.63593 -0.392636 1.84227
 0.781566 0.34422 -2.244
regression_error on 'test' 0.0914277
classification_error on 'test' 0.0789474
Save,1979,0.0914277,0.0789474
sample_count 75 Sample index 38
 i 0:0.397609 i 1:0.798551 i 2:0.128226 i 3:0.208478 bias 1
 test_print 2.53286
net matrix:
 1.12727 -0.890419 -1.93619
outputs matrix:
 0.905041 0.1442 0.0203847
error matrix:
 0.0949591 -0.1442 -0.0203847
delta matrix:
 0.0163219 -0.0355903 -0.000814129
weights_delta matrix:
 0.000648974 -0.0014151 -3.23705e-05
 0.00130339 -0.00284207 -6.50124e-05
 0.00020929 -0.00045636 -1.04393e-05
 0.000340276 -0.000741979 -1.69728e-05
 0.00163219 -0.00355903 -8.14129e-05
weights matrix:
 -0.852012 -0.0223013 0.145986
 1.6058 -1.55109 -0.422331
 -1.99226 0.716091 1.58221
 -1.63559 -0.393378 1.84225
 0.783198 0.340661 -2.24408
regression_error on 'test' 0.0912567
classification_error on 'test' 0.0789474
Save,1980,0.0912567,0.0789474
sample_count 75 Sample index 59
 i 0:0.60547 i 1:0.233915 i 2:0.596976 i 3:0.536988 bias 1
 test_print 2.97335
net matrix:
 -1.42468 0.180583 -0.32067
outputs matrix:
 0.0547148 0.589323 0.344944
error matrix:
 -0.0547148 0.410677 -0.344944
delta matrix:
 -0.00565982 0.198785 -0.155885
weights_delta matrix:
 -0.000342685 0.0120359 -0.00943839
 -0.000132392 0.00464989 -0.00364639
 -0.000337878 0.011867 -0.00930598
 -0.000303926 0.0106745 -0.00837085
 -0.000565982 0.0198785 -0.0155885
weights matrix:
 -0.852355 -0.0102655 0.136548
 1.60566 -1.54644 -0.425978
 -1.9926 0.727958 1.57291
 -1.63589 -0.382704 1.83388
 0.782633 0.360539 -2.25967
regression_error on 'test' 0.0933183
classification_error on 'test' 0.0789474
Save,1981,0.0933183,0.0789474
sample_count 75 Sample index 74
 i 0:0.443801 i 1:0.480944 i 2:0.551613 i 3:0.536988 bias 1
 test_print 3.01335
net matrix:
 -0.80101 -0.191726 -0.551533
outputs matrix:
 0.167699 0.405295 0.249166
error matrix:
 -0.167699 0.594705 -0.249166
delta matrix:
 -0.0468138 0.286685 -0.0932291
weights_delta matrix:
 -0.0020776 0.0127231 -0.00413752
 -0.00225148 0.0137879 -0.0044838
 -0.00258231 0.0158139 -0.00514264
 -0.00251384 0.0153946 -0.00500629
 -0.00468138 0.0286685 -0.00932291
weights matrix:
 -0.854433 0.00245764 0.13241
 1.60341 -1.53266 -0.430462
 -1.99518 0.743772 1.56776
 -1.63841 -0.367309 1.82888
 0.777951 0.389208 -2.26899
regression_error on 'test' 0.0961408
classification_error on 'test' 0.105263
Save,1982,0.0961408,0.105263
sample_count 75 Sample index 19
 i 0:0.674757 i 1:0.480944 i 2:0.596976 i 3:0.573489 bias 1
 test_print 3.32617
net matrix:
 -1.15812 -0.112889 -0.401918
outputs matrix:
 0.0897872 0.443794 0.309206
error matrix:
 -0.0897872 0.556206 -0.309206
delta matrix:
 -0.0146758 0.274589 -0.132091
weights_delta matrix:
 -0.00099026 0.0185281 -0.00891293
 -0.000705824 0.0132062 -0.00635284
 -0.00087611 0.0163923 -0.00788552
 -0.000841641 0.0157474 -0.00757527
 -0.00146758 0.0274589 -0.0132091
weights matrix:
 -0.855423 0.0209857 0.123498
 1.60271 -1.51945 -0.436814
 -1.99606 0.760164 1.55988
 -1.63925 -0.351562 1.8213
 0.776484 0.416666 -2.2822
regression_error on 'test' 0.100016
classification_error on 'test' 0.0789474
Save,1983,0.100016,0.0789474
sample_count 75 Sample index 63
 i 0:0.420705 i 1:0.904421 i 2:0.143347 i 3:0.135476 bias 1
 test_print 2.60395
net matrix:
 1.35792 -0.887388 -2.15496
outputs matrix:
 0.937954 0.14495 0.0132564
error matrix:
 0.0620456 -0.14495 -0.0132564
delta matrix:
 0.00722161 -0.0359298 -0.000346806
weights_delta matrix:
 0.000303817 -0.00151159 -1.45903e-05
 0.000653138 -0.00324957 -3.13659e-05
 0.00010352 -0.000515043 -4.97137e-06
 9.78355e-05 -0.000486763 -4.69839e-06
 0.000722161 -0.00359298 -3.46806e-05
weights matrix:
 -0.855119 0.0194741 0.123483
 1.60336 -1.5227 -0.436846
 -1.99596 0.759649 1.55987
 -1.63915 -0.352049 1.8213
 0.777206 0.413073 -2.28224
regression_error on 'test' 0.0996908
classification_error on 'test' 0.0789474
Save,1984,0.0996908,0.0789474
sample_count 75 Sample index 20
 i 0:0.489992 i 1:0.375074 i 2:0.521371 i 3:0.500487 bias 1
 test_print 2.88692
net matrix:
 -0.901426 0.0713542 -0.660773
outputs matrix:
 0.141504 0.535617 0.210561
error matrix:
 -0.141504 0.464383 -0.210561
delta matrix:
 -0.0343801 0.231013 -0.0700012
weights_delta matrix:
 -0.0016846 0.0113195 -0.00343
 -0.00128951 0.00866472 -0.00262556
 -0.00179248 0.0120444 -0.00364966
 -0.00172068 0.0115619 -0.00350347
 -0.00343801 0.0231013 -0.00700012
weights matrix:
 -0.856804 0.0307936 0.120053
 1.60207 -1.51403 -0.439471
 -1.99775 0.771693 1.55622
 -1.64087 -0.340487 1.81779
 0.773768 0.436175 -2.28924
regression_error on 'test' 0.102707
classification_error on 'test' 0.105263
Save,1985,0.102707,0.105263
sample_count 75 Sample index 14
 i 0:0.697853 i 1:0.516233 i 2:0.778427 i 3:0.938499 bias 1
 test_print 3.93101
net matrix:
 -2.09217 -0.0427695 0.485076
outputs matrix:
 0.0150036 0.478628 0.72515
error matrix:
 -0.0150036 -0.478628 0.27485
delta matrix:
 -0.000443462 -0.238877 0.109559
weights_delta matrix:
 -3.09471e-05 -0.0166701 0.00764563
 -2.2893e-05 -0.0123316 0.00565582
 -3.45203e-05 -0.0185948 0.0085284
 -4.16189e-05 -0.0224186 0.0102821
 -4.43462e-05 -0.0238877 0.0109559
weights matrix:
 -0.856835 0.0141235 0.127699
 1.60205 -1.52637 -0.433816
 -1.99778 0.753099 1.56475
 -1.64091 -0.362905 1.82808
 0.773723 0.412287 -2.27828
regression_error on 'test' 0.0983582
classification_error on 'test' 0.0789474
Save,1986,0.0983582,0.0789474
sample_count 75 Sample index 59
 i 0:0.60547 i 1:0.233915 i 2:0.596976 i 3:0.536988 bias 1
 test_print 2.97335
net matrix:
 -1.4441 0.318505 -0.386665
outputs matrix:
 0.0527398 0.654077 0.315759
error matrix:
 -0.0527398 0.345923 -0.315759
delta matrix:
 -0.00526958 0.156537 -0.136443
weights_delta matrix:
 -0.000319057 0.00947786 -0.0082612
 -0.000123263 0.00366164 -0.0031916
 -0.000314581 0.00934489 -0.00814531
 -0.00028297 0.00840586 -0.00732681
 -0.000526958 0.0156537 -0.0136443
weights matrix:
 -0.857154 0.0236014 0.119437
 1.60192 -1.5227 -0.437007
 -1.9981 0.762444 1.55661
 -1.6412 -0.354499 1.82075
 0.773196 0.427941 -2.29193
regression_error on 'test' 0.100963
classification_error on 'test' 0.0789474
Save,1987,0.100963,0.0789474
sample_count 75 Sample index 2
 i 0:0.466896 i 1:0.480944 i 2:0.566734 i 3:0.500487 bias 1
 test_print 3.01506
net matrix:
 -0.810358 -0.0386948 -0.652894
outputs matrix:
 0.165106 0.480662 0.213193
error matrix:
 -0.165106 0.519338 -0.213193
delta matrix:
 -0.0455185 0.25928 -0.0715225
weights_delta matrix:
 -0.00212524 0.0121057 -0.00333936
 -0.00218918 0.0124699 -0.00343983
 -0.00257969 0.0146943 -0.00405343
 -0.00227814 0.0129767 -0.00357961
 -0.00455185 0.025928 -0.00715225
weights matrix:
 -0.859279 0.0357071 0.116098
 1.59973 -1.51023 -0.440447
 -2.00068 0.777138 1.55255
 -1.64348 -0.341523 1.81717
 0.768645 0.453869 -2.29908
regression_error on 'test' 0.104598
classification_error on 'test' 0.131579
Save,1988,0.104598,0.131579
sample_count 75 Sample index 58
 i 0:0.282131 i 1:0.516233 i 2:0.158468 i 3:0.0989754 bias 1
 test_print 2.05581
net matrix:
 0.872344 -0.226341 -2.06781
outputs matrix:
 0.851282 0.388723 0.015741
error matrix:
 0.148718 -0.388723 -0.015741
delta matrix:
 0.0376559 -0.184735 -0.000487756
weights_delta matrix:
 0.00106239 -0.00521195 -1.37611e-05
 0.00194392 -0.00953663 -2.51796e-05
 0.000596726 -0.00292746 -7.72937e-06
 0.000372701 -0.00182842 -4.82758e-06
 0.00376559 -0.0184735 -4.87756e-05
weights matrix:
 -0.858216 0.0304951 0.116084
 1.60168 -1.51977 -0.440472
 -2.00008 0.77421 1.55255
 -1.6431 -0.343351 1.81716
 0.77241 0.435395 -2.29913
regression_error on 'test' 0.102963
classification_error on 'test' 0.131579
Save,1989,0.102963,0.131579
sample_count 75 Sample index 12
 i 0:0.166653 i 1:0.480944 i 2:0.128226 i 3:0.135476 bias 1
 test_print 1.9113
net matrix:
 0.92064 -0.237689 -2.04636
outputs matrix:
 0.8631 0.383344 0.0164195
error matrix:
 0.1369 -0.383344 -0.0164195
delta matrix:
 0.0323518 -0.181238 -0.000530348
weights_delta matrix:
 0.000539152 -0.00302039 -8.83841e-06
 0.00155594 -0.00871656 -2.55068e-05
 0.000414834 -0.00232395 -6.80044e-06
 0.000438289 -0.00245535 -7.18494e-06
 0.00323518 -0.0181238 -5.30348e-05
weights matrix:
 -0.857677 0.0274747 0.116075
 1.60323 -1.52849 -0.440498
 -1.99967 0.771886 1.55254
 -1.64266 -0.345806 1.81716
 0.775645 0.417272 -2.29918
regression_error on 'test' 0.101552
classification_error on 'test' 0.105263
Save,1990,0.101552,0.105263
sample_count 75 Sample index 5
 i 0:0.536183 i 1:0.198626 i 2:0.687702 i 3:0.60999 bias 1
 test_print 3.0325
net matrix:
 -1.74297 0.448295 -0.148304
outputs matrix:
 0.0297152 0.710248 0.426387
error matrix:
 -0.0297152 -0.710248 0.573613
delta matrix:
 -0.0017135 -0.292332 0.28059
weights_delta matrix:
 -9.18752e-05 -0.0156743 0.0150448
 -3.40347e-05 -0.00580647 0.00557325
 -0.000117838 -0.0201037 0.0192962
 -0.000104522 -0.017832 0.0171157
 -0.00017135 -0.0292332 0.028059
weights matrix:
 -0.857769 0.0118004 0.13112
 1.6032 -1.53429 -0.434924
 -1.99978 0.751783 1.57184
 -1.64277 -0.363638 1.83427
 0.775474 0.388038 -2.27112
regression_error on 'test' 0.0965245
classification_error on 'test' 0.105263
Save,1991,0.0965245,0.105263
sample_count 75 Sample index 29
 i 0:0.420705 i 1:0.304495 i 2:0.536492 i 3:0.536988 bias 1
 test_print 2.79868
net matrix:
 -1.05224 0.133874 -0.520131
outputs matrix:
 0.108662 0.56654 0.2611
error matrix:
 -0.108662 0.43346 -0.2611
delta matrix:
 -0.0210487 0.212892 -0.100746
weights_delta matrix:
 -0.000885528 0.00895646 -0.00423844
 -0.000640922 0.00648245 -0.00306767
 -0.00112924 0.0114215 -0.00540495
 -0.00113029 0.011432 -0.00540995
 -0.00210487 0.0212892 -0.0100746
weights matrix:
 -0.858655 0.0207568 0.126882
 1.60256 -1.52781 -0.437992
 -2.00091 0.763204 1.56643
 -1.6439 -0.352206 1.82886
 0.773369 0.409328 -2.2812
regression_error on 'test' 0.0991152
classification_error on 'test' 0.0789474
Save,1992,0.0991152,0.0789474
sample_count 75 Sample index 67
 i 0:0.443801 i 1:0.375074 i 2:0.566734 i 3:0.536988 bias 1
 test_print 2.9226
net matrix:
 -1.02336 0.0889002 -0.519338
outputs matrix:
 0.114383 0.544333 0.261406
error matrix:
 -0.114383 0.455667 -0.261406
delta matrix:
 -0.023174 0.226042 -0.100941
weights_delta matrix:
 -0.00102847 0.0100318 -0.00447975
 -0.000869197 0.00847825 -0.00378602
 -0.00131335 0.0128106 -0.00572065
 -0.00124442 0.0121382 -0.00542039
 -0.0023174 0.0226042 -0.0100941
weights matrix:
 -0.859683 0.0307886 0.122402
 1.60169 -1.51933 -0.441778
 -2.00223 0.776015 1.56071
 -1.64514 -0.340068 1.82344
 0.771052 0.431932 -2.29129
regression_error on 'test' 0.102274
classification_error on 'test' 0.105263
Save,1993,0.102274,0.105263
sample_count 75 Sample index 15
 i 0:0.720948 i 1:0.410364 i 2:0.65746 i 3:0.573489 bias 1
 test_print 3.36226
net matrix:
 -1.45132 0.145822 -0.312505
outputs matrix:
 0.0520237 0.572399 0.348643
error matrix:
 -0.0520237 0.427601 -0.348643
delta matrix:
 -0.00513133 0.209318 -0.158347
weights_delta matrix:
 -0.000369942 0.0150907 -0.011416
 -0.000210571 0.00858966 -0.006498
 -0.000337364 0.0137618 -0.0104107
 -0.000294276 0.0120042 -0.00908104
 -0.000513133 0.0209318 -0.0158347
weights matrix:
 -0.860053 0.0458793 0.110986
 1.60148 -1.51074 -0.448276
 -2.00256 0.789777 1.5503
 -1.64544 -0.328064 1.81436
 0.770539 0.452864 -2.30712
regression_error on 'test' 0.106511
classification_error on 'test' 0.131579
Save,1994,0.106511,0.131579
sample_count 75 Sample index 34
 i 0:0.767139 i 1:0.551523 i 2:0.642339 i 3:0.573489 bias 1
 test_print 3.53449
net matrix:
 -1.23595 -0.0259873 -0.432883
outputs matrix:
 0.0778511 0.487009 0.296136
error matrix:
 -0.0778511 0.512991 -0.296136
delta matrix:
 -0.0111779 0.256322 -0.123453
weights_delta matrix:
 -0.0008575 0.0196635 -0.00947055
 -0.000616487 0.0141368 -0.00680871
 -0.000718 0.0164646 -0.00792986
 -0.00064104 0.0146998 -0.00707989
 -0.00111779 0.0256322 -0.0123453
weights matrix:
 -0.860911 0.0655428 0.101515
 1.60086 -1.49661 -0.455085
 -2.00328 0.806241 1.54237
 -1.64608 -0.313364 1.80728
 0.769421 0.478496 -2.31947
regression_error on 'test' 0.111853
classification_error on 'test' 0.184211
Save,1995,0.111853,0.184211
sample_count 75 Sample index 6
 i 0:0.305227 i 1:0.657392 i 2:0.128226 i 3:0.171977 bias 1
 test_print 2.26282
net matrix:
 1.01908 -0.435866 -2.07907
outputs matrix:
 0.884746 0.294894 0.0153959
error matrix:
 0.115254 -0.294894 -0.0153959
delta matrix:
 0.023505 -0.122635 -0.000466767
weights_delta matrix:
 0.000717436 -0.00374316 -1.4247e-05
 0.0015452 -0.00806195 -3.06849e-05
 0.000301395 -0.0015725 -5.98516e-06
 0.000404232 -0.00210905 -8.02731e-06
 0.0023505 -0.0122635 -4.66767e-05
weights matrix:
 -0.860193 0.0617997 0.101501
 1.60241 -1.50467 -0.455116
 -2.00298 0.804669 1.54236
 -1.64568 -0.315473 1.80727
 0.771771 0.466232 -2.31952
regression_error on 'test' 0.110461
classification_error on 'test' 0.157895
Save,1996,0.110461,0.157895
sample_count 75 Sample index 30
 i 0:0.559279 i 1:0.410364 i 2:0.642339 i 3:0.500487 bias 1
 test_print 3.11247
net matrix:
 -1.16198 0.242313 -0.554275
outputs matrix:
 0.0891583 0.61884 0.248141
error matrix:
 -0.0891583 0.38116 -0.248141
delta matrix:
 -0.0144809 0.179814 -0.0925901
weights_delta matrix:
 -0.000809889 0.0100566 -0.00517837
 -0.000594246 0.00737892 -0.00379957
 -0.000930167 0.0115501 -0.00594743
 -0.000724752 0.00899945 -0.00463402
 -0.00144809 0.0179814 -0.00925901
weights matrix:
 -0.861003 0.0718563 0.0963228
 1.60181 -1.49729 -0.458915
 -2.00391 0.816219 1.53642
 -1.6464 -0.306474 1.80264
 0.770323 0.484214 -2.32877
regression_error on 'test' 0.114105
classification_error on 'test' 0.184211
Save,1997,0.114105,0.184211
sample_count 75 Sample index 69
 i 0:0.628566 i 1:0.445654 i 2:0.581855 i 3:0.536988 bias 1
 test_print 3.19306
net matrix:
 -1.1071 0.172455 -0.61078
outputs matrix:
 0.0984822 0.585383 0.227662
error matrix:
 -0.0984822 0.414617 -0.227662
delta matrix:
 -0.0174872 0.201263 -0.0800605
weights_delta matrix:
 -0.00109919 0.0126507 -0.00503233
 -0.000779324 0.00896938 -0.00356793
 -0.0010175 0.0117106 -0.00465836
 -0.000939041 0.0108076 -0.00429915
 -0.00174872 0.0201263 -0.00800605
weights matrix:
 -0.862102 0.084507 0.0912905
 1.60103 -1.48832 -0.462483
 -2.00493 0.827929 1.53176
 -1.64734 -0.295666 1.79834
 0.768574 0.50434 -2.33678
regression_error on 'test' 0.118297
classification_error on 'test' 0.236842
Save,1998,0.118297,0.236842
sample_count 75 Sample index 22
 i 0:0.305227 i 1:0.233915 i 2:0.430645 i 3:0.427485 bias 1
 test_print 2.39727
net matrix:
 -0.687681 0.412144 -0.988691
outputs matrix:
 0.201755 0.695146 0.121598
error matrix:
 -0.201755 0.304854 -0.121598
delta matrix:
 -0.0649851 0.129208 -0.0259763
weights_delta matrix:
 -0.00198352 0.00394378 -0.000792866
 -0.0015201 0.00302237 -0.000607624
 -0.00279855 0.00556429 -0.00111866
 -0.00277802 0.00552346 -0.00111045
 -0.00649851 0.0129208 -0.00259763
weights matrix:
 -0.864086 0.0884508 0.0904976
 1.59951 -1.4853 -0.463091
 -2.00773 0.833494 1.53064
 -1.65012 -0.290143 1.79723
 0.762076 0.517261 -2.33938
regression_error on 'test' 0.120329
classification_error on 'test' 0.236842
Save,1999,0.120329,0.236842
sample_count 75 Sample index 57
 i 0:0.374514 i 1:0.727972 i 2:0.158468 i 3:0.135476 bias 1
 test_print 2.39643
net matrix:
 1.06115 -0.438094 -2.15656
outputs matrix:
 0.893053 0.293968 0.0132146
error matrix:
 0.106947 -0.293968 -0.0132146
delta matrix:
 0.020429 -0.122027 -0.000344637
weights_delta matrix:
 0.000765096 -0.00457008 -1.29072e-05
 0.00148718 -0.00888321 -2.50886e-05
 0.000323735 -0.00193374 -5.4614e-06
 0.000276765 -0.00165317 -4.66901e-06
 0.0020429 -0.0122027 -3.44637e-05
weights matrix:
 -0.863321 0.0838807 0.0904847
 1.601 -1.49418 -0.463116
 -2.0074 0.83156 1.53063
 -1.64984 -0.291796 1.79723
 0.764119 0.505058 -2.33941
regression_error on 'test' 0.118671
classification_error on 'test' 0.236842
Save,2000,0.118671,0.236842
sample_count 75 Sample index 62
 i 0:0.582374 i 1:0.622103 i 2:0.748185 i 3:0.901998 bias 1
 test_print 3.85466
net matrix:
 -1.73273 -0.0166653 0.191467
outputs matrix:
 0.0303111 0.491668 0.594581
error matrix:
 -0.0303111 -0.491668 0.405419
delta matrix:
 -0.00178183 -0.245766 0.195456
weights_delta matrix:
 -0.000103769 -0.0143128 0.0113829
 -0.000110848 -0.0152892 0.0121594
 -0.000133314 -0.0183878 0.0146237
 -0.000160721 -0.022168 0.0176301
 -0.000178183 -0.0245766 0.0195456
weights matrix:
 -0.863424 0.0695679 0.101868
 1.60089 -1.50947 -0.450956
 -2.00754 0.813172 1.54526
 -1.65 -0.313964 1.81486
 0.763941 0.480481 -2.31987
regression_error on 'test' 0.111578
classification_error on 'test' 0.184211
Save,2001,0.111578,0.184211
sample_count 75 Sample index 14
 i 0:0.697853 i 1:0.516233 i 2:0.778427 i 3:0.938499 bias 1
 test_print 3.93101
net matrix:
 -2.12341 0.0881315 0.424532
outputs matrix:
 0.0141077 0.543952 0.700371
error matrix:
 -0.0141077 -0.543952 0.299629
delta matrix:
 -0.000392436 -0.269874 0.125755
weights_delta matrix:
 -2.73863e-05 -0.0188333 0.00877587
 -2.02589e-05 -0.0139318 0.0064919
 -3.05483e-05 -0.0210078 0.00978913
 -3.68301e-05 -0.0253277 0.0118021
 -3.92436e-05 -0.0269874 0.0125755
weights matrix:
 -0.863452 0.0507347 0.110643
 1.60087 -1.5234 -0.444464
 -2.00757 0.792164 1.55505
 -1.65004 -0.339292 1.82666
 0.763901 0.453494 -2.30729
regression_error on 'test' 0.105443
classification_error on 'test' 0.131579
Save,2002,0.105443,0.131579
sample_count 75 Sample index 41
 i 0:0.674757 i 1:0.445654 i 2:0.627218 i 3:0.536988 bias 1
 test_print 3.28462
net matrix:
 -1.25052 0.123482 -0.474466
outputs matrix:
 0.0757857 0.561429 0.2791
error matrix:
 -0.0757857 0.438571 -0.2791
delta matrix:
 -0.0106164 0.215976 -0.112311
weights_delta matrix:
 -0.00071635 0.0145731 -0.00757829
 -0.000473124 0.00962504 -0.0050052
 -0.00066588 0.0135464 -0.00704437
 -0.000570088 0.0115976 -0.00603099
 -0.00106164 0.0215976 -0.0112311
weights matrix:
 -0.864168 0.0653078 0.103065
 1.6004 -1.51378 -0.44947
 -2.00823 0.805711 1.548
 -1.65061 -0.327694 1.82063
 0.76284 0.475092 -2.31852
regression_error on 'test' 0.109619
classification_error on 'test' 0.157895
Save,2003,0.109619,0.157895
sample_count 75 Sample index 31
 i 0:0.559279 i 1:0.339785 i 2:0.778427 i 3:0.573489 bias 1
 test_print 3.25098
net matrix:
 -1.68655 0.436516 -0.164488
outputs matrix:
 0.0331469 0.705376 0.41849
error matrix:
 -0.0331469 -0.705376 0.58151
delta matrix:
 -0.0021246 -0.293183 0.283028
weights_delta matrix:
 -0.000118824 -0.0163971 0.0158292
 -7.21907e-05 -0.00996193 0.00961687
 -0.000165385 -0.0228222 0.0220317
 -0.000121843 -0.0168137 0.0162314
 -0.00021246 -0.0293183 0.0283028
weights matrix:
 -0.864287 0.0489107 0.118894
 1.60033 -1.52374 -0.439853
 -2.0084 0.782889 1.57003
 -1.65073 -0.344508 1.83686
 0.762627 0.445773 -2.29022
regression_error on 'test' 0.103041
classification_error on 'test' 0.105263
Save,2004,0.103041,0.105263
sample_count 75 Sample index 7
 i 0:0.651661 i 1:0.410364 i 2:0.627218 i 3:0.60999 bias 1
 test_print 3.29923
net matrix:
 -1.41051 0.133254 -0.288023
outputs matrix:
 0.0561987 0.566236 0.359843
error matrix:
 -0.0561987 0.433764 -0.359843
delta matrix:
 -0.0059616 0.213076 -0.165784
weights_delta matrix:
 -0.000388494 0.0138853 -0.0108035
 -0.000244643 0.00874388 -0.00680317
 -0.000373923 0.0133645 -0.0103983
 -0.000363652 0.0129974 -0.0101127
 -0.00059616 0.0213076 -0.0165784
weights matrix:
 -0.864676 0.062796 0.108091
 1.60008 -1.515 -0.446656
 -2.00877 0.796253 1.55963
 -1.65109 -0.33151 1.82675
 0.762031 0.467081 -2.3068
regression_error on 'test' 0.107397
classification_error on 'test' 0.157895
Save,2005,0.107397,0.157895
sample_count 75 Sample index 74
 i 0:0.443801 i 1:0.480944 i 2:0.551613 i 3:0.536988 bias 1
 test_print 3.01335
net matrix:
 -0.846846 0.0275284 -0.632389
outputs matrix:
 0.155291 0.513761 0.220152
error matrix:
 -0.155291 0.486239 -0.220152
delta matrix:
 -0.0407408 0.242935 -0.0755939
weights_delta matrix:
 -0.00180808 0.0107815 -0.00335486
 -0.00195941 0.0116838 -0.00363564
 -0.00224732 0.0134006 -0.00416986
 -0.00218773 0.0130453 -0.0040593
 -0.00407408 0.0242935 -0.00755939
weights matrix:
 -0.866484 0.0735775 0.104736
 1.59812 -1.50331 -0.450292
 -2.01102 0.809654 1.55547
 -1.65328 -0.318465 1.82269
 0.757957 0.491374 -2.31436
regression_error on 'test' 0.111552
classification_error on 'test' 0.157895
Save,2006,0.111552,0.157895
sample_count 75 Sample index 49
 i 0:0.397609 i 1:0.480944 i 2:0.612097 i 3:0.60999 bias 1
 test_print 3.10064
net matrix:
 -1.05738 0.0989471 -0.425363
outputs matrix:
 0.10767 0.549313 0.29928
error matrix:
 -0.10767 0.450687 -0.29928
delta matrix:
 -0.0206893 0.223152 -0.125525
weights_delta matrix:
 -0.000822626 0.00887271 -0.00499099
 -0.00099504 0.0107323 -0.00603706
 -0.00126639 0.0136591 -0.00768336
 -0.00126203 0.013612 -0.00765691
 -0.00206893 0.0223152 -0.0125525
weights matrix:
 -0.867306 0.0824502 0.099745
 1.59713 -1.49258 -0.456329
 -2.01229 0.823313 1.54778
 -1.65454 -0.304853 1.81503
 0.755888 0.51369 -2.32691
regression_error on 'test' 0.116296
classification_error on 'test' 0.210526
Save,2007,0.116296,0.210526
sample_count 75 Sample index 62
 i 0:0.582374 i 1:0.622103 i 2:0.748185 i 3:0.901998 bias 1
 test_print 3.85466
net matrix:
 -1.75359 -0.0258179 0.242474
outputs matrix:
 0.0291087 0.487094 0.618916
error matrix:
 -0.0291087 -0.487094 0.381084
delta matrix:
 -0.00164531 -0.243385 0.179764
weights_delta matrix:
 -9.58185e-05 -0.0141741 0.010469
 -0.000102355 -0.015141 0.0111832
 -0.0001231 -0.0182097 0.0134497
 -0.000148406 -0.0219533 0.0162147
 -0.000164531 -0.0243385 0.0179764
weights matrix:
 -0.867402 0.0682761 0.110214
 1.59702 -1.50772 -0.445145
 -2.01241 0.805103 1.56123
 -1.65469 -0.326806 1.83124
 0.755724 0.489351 -2.30893
regression_error on 'test' 0.10971
classification_error on 'test' 0.157895
Save,2008,0.10971,0.157895
sample_count 75 Sample index 22
 i 0:0.305227 i 1:0.233915 i 2:0.430645 i 3:0.427485 bias 1
 test_print 2.39727
net matrix:
 -0.709453 0.364521 -0.924254
outputs matrix:
 0.194833 0.674595 0.136048
error matrix:
 -0.194833 0.325405 -0.136048
delta matrix:
 -0.0611282 0.142863 -0.0319819
weights_delta matrix:
 -0.0018658 0.00436058 -0.000976175
 -0.00142988 0.00334179 -0.000748105
 -0.00263246 0.00615234 -0.00137729
 -0.00261314 0.0061072 -0.00136718
 -0.00611282 0.0142863 -0.00319819
weights matrix:
 -0.869268 0.0726367 0.109238
 1.59559 -1.50438 -0.445894
 -2.01504 0.811255 1.55985
 -1.6573 -0.320699 1.82988
 0.749611 0.503637 -2.31213
regression_error on 'test' 0.11175
classification_error on 'test' 0.157895
Save,2009,0.11175,0.157895
sample_count 75 Sample index 60
 i 0:0.559279 i 1:0.410364 i 2:0.536492 i 3:0.536988 bias 1
 test_print 3.04312
net matrix:
 -1.05278 0.18994 -0.614546
outputs matrix:
 0.108557 0.593844 0.226341
error matrix:
 -0.108557 0.406156 -0.226341
delta matrix:
 -0.0210105 0.195924 -0.0792692
weights_delta matrix:
 -0.00117508 0.0109576 -0.00443336
 -0.000862197 0.00804003 -0.00325292
 -0.0011272 0.0105112 -0.00425273
 -0.00112824 0.0105209 -0.00425666
 -0.00210105 0.0195924 -0.00792692
weights matrix:
 -0.870443 0.0835943 0.104804
 1.59473 -1.49634 -0.449147
 -2.01617 0.821767 1.5556
 -1.65843 -0.310178 1.82562
 0.74751 0.52323 -2.32006
regression_error on 'test' 0.115575
classification_error on 'test' 0.184211
Save,2010,0.115575,0.184211
sample_count 75 Sample index 25
 i 0:0.628566 i 1:0.410364 i 2:0.778427 i 3:0.865497 bias 1
 test_print 3.68285
net matrix:
 -2.15001 0.332958 0.352494
outputs matrix:
 0.0133867 0.660588 0.669293
error matrix:
 -0.0133867 -0.660588 0.330707
delta matrix:
 -0.000353608 -0.296223 0.146397
weights_delta matrix:
 -2.22266e-05 -0.0186196 0.00920204
 -1.45108e-05 -0.0121559 0.00600762
 -2.75258e-05 -0.0230588 0.011396
 -3.06047e-05 -0.025638 0.0126706
 -3.53608e-05 -0.0296223 0.0146397
weights matrix:
 -0.870465 0.0649748 0.114006
 1.59472 -1.50849 -0.443139
 -2.0162 0.798708 1.567
 -1.65846 -0.335816 1.83829
 0.747474 0.493608 -2.30542
regression_error on 'test' 0.108631
classification_error on 'test' 0.157895
Save,2011,0.108631,0.157895
sample_count 75 Sample index 6
 i 0:0.305227 i 1:0.657392 i 2:0.128226 i 3:0.171977 bias 1
 test_print 2.26282
net matrix:
 0.986393 -0.43357 -2.04486
outputs matrix:
 0.87791 0.29585 0.016468
error matrix:
 0.12209 -0.29585 -0.016468
delta matrix:
 0.0261722 -0.123264 -0.000533461
weights_delta matrix:
 0.000798846 -0.00376236 -1.62827e-05
 0.00172054 -0.00810331 -3.50693e-05
 0.000335596 -0.00158057 -6.84036e-06
 0.000450101 -0.00211987 -9.1743e-06
 0.00261722 -0.0123264 -5.33461e-05
weights matrix:
 -0.869666 0.0612124 0.11399
 1.59644 -1.5166 -0.443174
 -2.01586 0.797127 1.56699
 -1.65801 -0.337936 1.83828
 0.750092 0.481281 -2.30547
regression_error on 'test' 0.107243
classification_error on 'test' 0.131579
Save,2012,0.107243,0.131579
sample_count 75 Sample index 59
 i 0:0.60547 i 1:0.233915 i 2:0.596976 i 3:0.536988 bias 1
 test_print 2.97335
net matrix:
 -1.49679 0.457987 -0.417529
outputs matrix:
 0.0477169 0.714221 0.302576
error matrix:
 -0.0477169 0.285779 -0.302576
delta matrix:
 -0.00433652 0.11666 -0.127702
weights_delta matrix:
 -0.000262563 0.00706343 -0.00773196
 -0.000101438 0.00272886 -0.00298714
 -0.00025888 0.00696434 -0.00762349
 -0.000232866 0.00626452 -0.00685743
 -0.000433652 0.011666 -0.0127702
weights matrix:
 -0.869929 0.0682758 0.106258
 1.59634 -1.51387 -0.446161
 -2.01612 0.804092 1.55937
 -1.65825 -0.331671 1.83142
 0.749658 0.492947 -2.31824
regression_error on 'test' 0.109905
classification_error on 'test' 0.157895
Save,2013,0.109905,0.157895
sample_count 75 Sample index 22
 i 0:0.305227 i 1:0.233915 i 2:0.430645 i 3:0.427485 bias 1
 test_print 2.39727
net matrix:
 -0.719568 0.364164 -0.935734
outputs matrix:
 0.191679 0.674438 0.133372
error matrix:
 -0.191679 0.325562 -0.133372
delta matrix:
 -0.0593969 0.142968 -0.0308313
weights_delta matrix:
 -0.00181295 0.00436377 -0.000941054
 -0.00138938 0.00334424 -0.00072119
 -0.0025579 0.00615685 -0.00132773
 -0.00253913 0.00611167 -0.00131799
 -0.00593969 0.0142968 -0.00308313
weights matrix:
 -0.871742 0.0726396 0.105317
 1.59495 -1.51052 -0.446882
 -2.01868 0.810248 1.55804
 -1.66079 -0.32556 1.83011
 0.743718 0.507244 -2.32133
regression_error on 'test' 0.111943
classification_error on 'test' 0.184211
Save,2014,0.111943,0.184211
sample_count 75 Sample index 47
 i 0:0.282131 i 1:0.516233 i 2:0.158468 i 3:0.0989754 bias 1
 test_print 2.05581
net matrix:
 0.836864 -0.155869 -2.09427
outputs matrix:
 0.842072 0.422691 0.0149417
error matrix:
 0.157928 -0.422691 -0.0149417
delta matrix:
 0.0420045 -0.206293 -0.000439836
weights_delta matrix:
 0.00118508 -0.00582016 -1.24091e-05
 0.00216841 -0.0106495 -2.27058e-05
 0.000665637 -0.00326908 -6.96999e-06
 0.000415741 -0.00204179 -4.35329e-06
 0.00420045 -0.0206293 -4.39836e-05
weights matrix:
 -0.870557 0.0668195 0.105305
 1.59712 -1.52117 -0.446905
 -2.01801 0.806979 1.55803
 -1.66037 -0.327602 1.8301
 0.747919 0.486615 -2.32137
regression_error on 'test' 0.109686
classification_error on 'test' 0.157895
Save,2015,0.109686,0.157895
sample_count 75 Sample index 57
 i 0:0.374514 i 1:0.727972 i 2:0.158468 i 3:0.135476 bias 1
 test_print 2.39643
net matrix:
 1.03981 -0.512234 -2.11243
outputs matrix:
 0.888906 0.264158 0.0144164
error matrix:
 0.111094 -0.264158 -0.0144164
delta matrix:
 0.0219415 -0.102693 -0.000409674
weights_delta matrix:
 0.00082174 -0.00384601 -1.53429e-05
 0.00159728 -0.00747578 -2.98231e-05
 0.000347703 -0.00162736 -6.49202e-06
 0.000297255 -0.00139125 -5.5501e-06
 0.00219415 -0.0102693 -4.09674e-05
weights matrix:
 -0.869735 0.0629735 0.105289
 1.59871 -1.52865 -0.446935
 -2.01766 0.805352 1.55803
 -1.66007 -0.328993 1.8301
 0.750113 0.476345 -2.32141
regression_error on 'test' 0.10849
classification_error on 'test' 0.157895
Save,2016,0.10849,0.157895
sample_count 75 Sample index 13
 i 0:0.420705 i 1:0.269205 i 2:0.491129 i 3:0.427485 bias 1
 test_print 2.60852
net matrix:
 -0.885997 0.346211 -0.849902
outputs matrix:
 0.145295 0.666505 0.154491
error matrix:
 -0.145295 0.333495 -0.154491
delta matrix:
 -0.0360865 0.148256 -0.0403602
weights_delta matrix:
 -0.00151818 0.00623719 -0.00169798
 -0.000971468 0.00399112 -0.00108652
 -0.00177231 0.00728127 -0.00198221
 -0.00154265 0.00633771 -0.00172534
 -0.00360865 0.0148256 -0.00403602
weights matrix:
 -0.871253 0.0692106 0.103591
 1.59774 -1.52466 -0.448021
 -2.01944 0.812633 1.55604
 -1.66161 -0.322655 1.82837
 0.746504 0.491171 -2.32545
regression_error on 'test' 0.11072
classification_error on 'test' 0.157895
Save,2017,0.11072,0.157895
sample_count 75 Sample index 31
 i 0:0.559279 i 1:0.339785 i 2:0.778427 i 3:0.573489 bias 1
 test_print 3.25098
net matrix:
 -1.72278 0.459359 -0.159925
outputs matrix:
 0.0309014 0.714781 0.420712
error matrix:
 -0.0309014 -0.714781 0.579288
delta matrix:
 -0.00185078 -0.291444 0.28236
weights_delta matrix:
 -0.00010351 -0.0162998 0.0157918
 -6.28866e-05 -0.00990281 0.00959418
 -0.000144069 -0.0226868 0.0219797
 -0.00010614 -0.016714 0.0161931
 -0.000185078 -0.0291444 0.028236
weights matrix:
 -0.871357 0.0529108 0.119383
 1.59768 -1.53456 -0.438427
 -2.01958 0.789947 1.57802
 -1.66172 -0.339369 1.84456
 0.746319 0.462027 -2.29721
regression_error on 'test' 0.104058
classification_error on 'test' 0.131579
Save,2018,0.104058,0.131579
sample_count 75 Sample index 36
 i 0:0.744044 i 1:0.516233 i 2:0.702823 i 3:0.901998 bias 1
 test_print 3.8651
net matrix:
 -1.99551 -0.0417143 0.338149
outputs matrix:
 0.0181455 0.479155 0.662912
error matrix:
 -0.0181455 -0.479155 0.337088
delta matrix:
 -0.000646567 -0.239161 0.150651
weights_delta matrix:
 -4.81075e-05 -0.0177946 0.0112091
 -3.33779e-05 -0.0123463 0.00777712
 -4.54422e-05 -0.0168088 0.0105881
 -5.83203e-05 -0.0215723 0.0135887
 -6.46567e-05 -0.0239161 0.0150651
weights matrix:
 -0.871405 0.0351162 0.130592
 1.59764 -1.54691 -0.43065
 -2.01963 0.773138 1.58861
 -1.66178 -0.360941 1.85815
 0.746254 0.438111 -2.28215
regression_error on 'test' 0.0992755
classification_error on 'test' 0.0789474
Save,2019,0.0992755,0.0789474
sample_count 75 Sample index 72
 i 0:0.905713 i 1:0.480944 i 2:0.929637 i 3:0.828996 bias 1
 test_print 4.14529
net matrix:
 -2.52974 0.145458 0.646248
outputs matrix:
 0.00630883 0.57222 0.784569
error matrix:
 -0.00630883 -0.57222 0.215431
delta matrix:
 -7.91006e-05 -0.280141 0.0728244
weights_delta matrix:
 -7.16424e-06 -0.0253727 0.0065958
 -3.80429e-06 -0.0134732 0.00350244
 -7.35348e-06 -0.026043 0.00677002
 -6.55741e-06 -0.0232236 0.00603711
 -7.91006e-06 -0.0280141 0.00728244
weights matrix:
 -0.871412 0.00974344 0.137188
 1.59764 -1.56038 -0.427148
 -2.01963 0.747095 1.59538
 -1.66179 -0.384165 1.86419
 0.746247 0.410096 -2.27486
regression_error on 'test' 0.0949516
classification_error on 'test' 0.0789474
Save,2020,0.0949516,0.0789474
sample_count 75 Sample index 20
 i 0:0.489992 i 1:0.375074 i 2:0.521371 i 3:0.500487 bias 1
 test_print 2.88692
net matrix:
 -0.966185 0.0268563 -0.603066
outputs matrix:
 0.126488 0.513425 0.230386
error matrix:
 -0.126488 0.486575 -0.230386
delta matrix:
 -0.0279512 0.243112 -0.0816988
weights_delta matrix:
 -0.00136959 0.0119123 -0.00400317
 -0.00104838 0.0091185 -0.00306431
 -0.00145729 0.0126752 -0.00425954
 -0.00139892 0.0121674 -0.00408892
 -0.00279512 0.0243112 -0.00816988
weights matrix:
 -0.872782 0.0216557 0.133185
 1.59659 -1.55126 -0.430212
 -2.02109 0.75977 1.59112
 -1.66318 -0.371998 1.8601
 0.743451 0.434408 -2.28303
regression_error on 'test' 0.0976576
classification_error on 'test' 0.0526316
Save,2021,0.0976576,0.0526316
sample_count 75 Sample index 18
 i 0:0.513088 i 1:0.480944 i 2:0.566734 i 3:0.60999 bias 1
 test_print 3.17076
net matrix:
 -1.09644 -0.0968787 -0.38522
outputs matrix:
 0.100392 0.451712 0.316384
error matrix:
 -0.100392 0.548288 -0.316384
delta matrix:
 -0.0181335 0.271587 -0.136858
weights_delta matrix:
 -0.000930411 0.0139348 -0.00702204
 -0.000872122 0.0130618 -0.00658212
 -0.00102769 0.0153918 -0.00775623
 -0.00110613 0.0165665 -0.00834822
 -0.00181335 0.0271587 -0.0136858
weights matrix:
 -0.873712 0.0355906 0.126163
 1.59572 -1.5382 -0.436794
 -2.02212 0.775162 1.58337
 -1.66429 -0.355431 1.85175
 0.741638 0.461566 -2.29672
regression_error on 'test' 0.101717
classification_error on 'test' 0.0789474
Save,2022,0.101717,0.0789474
sample_count 75 Sample index 26
 i 0:0.489992 i 1:0.339785 i 2:0.536492 i 3:0.500487 bias 1
 test_print 2.86676
net matrix:
 -1.06208 0.194327 -0.607075
outputs matrix:
 0.106771 0.595959 0.228967
error matrix:
 -0.106771 0.404041 -0.228967
delta matrix:
 -0.0203657 0.19458 -0.0808445
weights_delta matrix:
 -0.000997904 0.00953425 -0.00396131
 -0.000691997 0.00661153 -0.00274697
 -0.0010926 0.010439 -0.00433724
 -0.00101928 0.00973846 -0.00404616
 -0.00203657 0.019458 -0.00808445
weights matrix:
 -0.87471 0.0451248 0.122202
 1.59503 -1.53159 -0.439541
 -2.02321 0.785601 1.57903
 -1.66531 -0.345693 1.84771
 0.739602 0.481024 -2.3048
regression_error on 'test' 0.104633
classification_error on 'test' 0.131579
Save,2023,0.104633,0.131579
sample_count 75 Sample index 12
 i 0:0.166653 i 1:0.480944 i 2:0.128226 i 3:0.135476 bias 1
 test_print 1.9113
net matrix:
 0.87591 -0.194163 -2.04304
outputs matrix:
 0.852182 0.404121 0.0165272
error matrix:
 0.147818 -0.404121 -0.0165272
delta matrix:
 0.0372405 -0.19463 -0.000537269
weights_delta matrix:
 0.000620624 -0.00324357 -8.95375e-06
 0.00179106 -0.00936062 -2.58396e-05
 0.00047752 -0.00249567 -6.88919e-06
 0.00050452 -0.00263677 -7.27871e-06
 0.00372405 -0.019463 -5.37269e-05
weights matrix:
 -0.874089 0.0418812 0.122193
 1.59682 -1.54095 -0.439567
 -2.02273 0.783105 1.57902
 -1.66481 -0.348329 1.8477
 0.743326 0.461561 -2.30486
regression_error on 'test' 0.102897
classification_error on 'test' 0.105263
Save,2024,0.102897,0.105263
sample_count 75 Sample index 33
 i 0:0.559279 i 1:0.480944 i 2:0.672581 i 3:0.719493 bias 1
 test_print 3.4323
net matrix:
 -1.53582 0.0199553 -0.0564982
outputs matrix:
 0.0442922 0.509976 0.471781
error matrix:
 -0.0442922 -0.509976 0.528219
delta matrix:
 -0.00374982 -0.254887 0.263268
weights_delta matrix:
 -0.00020972 -0.0142553 0.014724
 -0.000180345 -0.0122586 0.0126617
 -0.000252206 -0.0171432 0.0177069
 -0.000269797 -0.0183389 0.018942
 -0.000374982 -0.0254887 0.0263268
weights matrix:
 -0.874299 0.027626 0.136917
 1.59664 -1.55321 -0.426905
 -2.02299 0.765962 1.59673
 -1.66508 -0.366668 1.86664
 0.742951 0.436073 -2.27853
regression_error on 'test' 0.0978624
classification_error on 'test' 0.0526316
Save,2025,0.0978624,0.0526316
sample_count 75 Sample index 37
 i 0:0.720948 i 1:0.551523 i 2:0.82379 i 3:0.901998 bias 1
 test_print 3.99826
net matrix:
 -2.1752 -0.100383 0.583807
outputs matrix:
 0.0127373 0.449977 0.762713
error matrix:
 -0.0127373 -0.449977 0.237287
delta matrix:
 -0.000320345 -0.222736 0.0858891
weights_delta matrix:
 -2.30952e-05 -0.0160581 0.00619216
 -1.76678e-05 -0.0122844 0.00473698
 -2.63897e-05 -0.0183488 0.00707546
 -2.88951e-05 -0.0200908 0.00774718
 -3.20345e-05 -0.0222736 0.00858891
weights matrix:
 -0.874322 0.0115678 0.143109
 1.59662 -1.56549 -0.422168
 -2.02301 0.747613 1.6038
 -1.6651 -0.386759 1.87439
 0.742919 0.413799 -2.26994
regression_error on 'test' 0.0944938
classification_error on 'test' 0.0789474
Save,2026,0.0944938,0.0789474
sample_count 75 Sample index 18
 i 0:0.513088 i 1:0.480944 i 2:0.566734 i 3:0.60999 bias 1
 test_print 3.17076
net matrix:
 -1.10001 -0.145401 -0.347265
outputs matrix:
 0.0997493 0.427807 0.333026
error matrix:
 -0.0997493 0.572193 -0.333026
delta matrix:
 -0.0179148 0.280132 -0.147943
weights_delta matrix:
 -0.000919189 0.0143732 -0.00759079
 -0.000861604 0.0134728 -0.00711524
 -0.0010153 0.015876 -0.00838445
 -0.00109279 0.0170878 -0.00902439
 -0.00179148 0.0280132 -0.0147943
weights matrix:
 -0.875241 0.0259411 0.135518
 1.59576 -1.55202 -0.429283
 -2.02403 0.763489 1.59542
 -1.6662 -0.369671 1.86536
 0.741127 0.441812 -2.28474
regression_error on 'test' 0.09813
classification_error on 'test' 0.0526316
Save,2027,0.09813,0.0526316
sample_count 75 Sample index 40
 i 0:0.328323 i 1:0.763262 i 2:0.158468 i 3:0.171977 bias 1
 test_print 2.42203
net matrix:
 1.06446 -0.676855 -1.99428
outputs matrix:
 0.893682 0.205265 0.0181896
error matrix:
 0.106318 -0.205265 -0.0181896
delta matrix:
 0.0202035 -0.06697 -0.000649684
weights_delta matrix:
 0.000663329 -0.00219878 -2.13306e-05
 0.00154206 -0.00511157 -4.95879e-05
 0.000320162 -0.00106126 -1.02954e-05
 0.000347454 -0.00115173 -1.11731e-05
 0.00202035 -0.006697 -6.49684e-05
weights matrix:
 -0.874578 0.0237423 0.135497
 1.5973 -1.55713 -0.429333
 -2.02371 0.762428 1.59541
 -1.66585 -0.370823 1.86535
 0.743147 0.435115 -2.2848
regression_error on 'test' 0.0975449
classification_error on 'test' 0.0526316
Save,2028,0.0975449,0.0526316
sample_count 75 Sample index 32
 i 0:0.697853 i 1:0.516233 i 2:0.642339 i 3:0.60999 bias 1
 test_print 3.46642
net matrix:
 -1.35866 -0.0886199 -0.24924
outputs matrix:
 0.0619594 0.455806 0.377898
error matrix:
 -0.0619594 0.544194 -0.377898
delta matrix:
 -0.00720221 0.269971 -0.177681
weights_delta matrix:
 -0.000502609 0.01884 -0.0123995
 -0.000371802 0.0139368 -0.00917247
 -0.000462626 0.0173413 -0.0114131
 -0.000439328 0.016468 -0.0108384
 -0.000720221 0.0269971 -0.0177681
weights matrix:
 -0.875081 0.0425823 0.123097
 1.59693 -1.54319 -0.438505
 -2.02417 0.779769 1.584
 -1.66629 -0.354355 1.85451
 0.742427 0.462112 -2.30257
regression_error on 'test' 0.102173
classification_error on 'test' 0.105263
Save,2029,0.102173,0.105263
sample_count 75 Sample index 17
 i 0:0.443801 i 1:0.304495 i 2:0.521371 i 3:0.463986 bias 1
 test_print 2.73365
net matrix:
 -0.988155 0.253249 -0.695143
outputs matrix:
 0.121713 0.623985 0.199362
error matrix:
 -0.121713 0.376015 -0.199362
delta matrix:
 -0.0260219 0.176447 -0.0636431
weights_delta matrix:
 -0.00115485 0.00783074 -0.00282449
 -0.000792353 0.00537272 -0.0019379
 -0.0013567 0.00919944 -0.00331817
 -0.00120738 0.0081869 -0.00295295
 -0.00260219 0.0176447 -0.00636431
weights matrix:
 -0.876235 0.0504131 0.120273
 1.59614 -1.53782 -0.440443
 -2.02553 0.788969 1.58068
 -1.6675 -0.346168 1.85156
 0.739825 0.479757 -2.30893
regression_error on 'test' 0.104681
classification_error on 'test' 0.131579
Save,2030,0.104681,0.131579
sample_count 75 Sample index 74
 i 0:0.443801 i 1:0.480944 i 2:0.551613 i 3:0.536988 bias 1
 test_print 3.01335
net matrix:
 -0.894128 0.0118415 -0.601196
outputs matrix:
 0.143287 0.50592 0.23105
error matrix:
 -0.143287 0.49408 -0.23105
delta matrix:
 -0.0351784 0.247005 -0.0820994
weights_delta matrix:
 -0.00156122 0.0109621 -0.00364358
 -0.00169189 0.0118796 -0.00394852
 -0.00194049 0.0136251 -0.00452871
 -0.00188904 0.0132639 -0.00440864
 -0.00351784 0.0247005 -0.00820994
weights matrix:
 -0.877797 0.0613752 0.116629
 1.59445 -1.52594 -0.444392
 -2.02747 0.802594 1.57615
 -1.66939 -0.332904 1.84715
 0.736307 0.504458 -2.31714
regression_error on 'test' 0.108749
classification_error on 'test' 0.157895
Save,2031,0.108749,0.157895
sample_count 75 Sample index 71
 i 0:0.143558 i 1:0.480944 i 2:0.0979839 i 3:0.0989754 bias 1
 test_print 1.82146
net matrix:
 1.01324 -0.174932 -2.17687
outputs matrix:
 0.88355 0.413415 0.0126954
error matrix:
 0.11645 -0.413415 -0.0126954
delta matrix:
 0.0239628 -0.200509 -0.000318256
weights_delta matrix:
 0.000344005 -0.00287847 -4.56882e-06
 0.00115248 -0.00964336 -1.53063e-05
 0.000234797 -0.00196466 -3.1184e-06
 0.000237173 -0.00198454 -3.14995e-06
 0.00239628 -0.0200509 -3.18256e-05
weights matrix:
 -0.877453 0.0584967 0.116625
 1.5956 -1.53559 -0.444407
 -2.02723 0.800629 1.57615
 -1.66915 -0.334889 1.84715
 0.738703 0.484407 -2.31718
regression_error on 'test' 0.106837
classification_error on 'test' 0.131579
Save,2032,0.106837,0.131579
sample_count 75 Sample index 9
 i 0:0.351418 i 1:0.375074 i 2:0.521371 i 3:0.573489 bias 1
 test_print 2.82135
net matrix:
 -0.98536 0.154375 -0.5618
outputs matrix:
 0.122312 0.57658 0.245344
error matrix:
 -0.122312 0.42342 -0.245344
delta matrix:
 -0.0262607 0.206744 -0.0908511
weights_delta matrix:
 -0.000922847 0.00726534 -0.00319267
 -0.000984969 0.00775442 -0.00340759
 -0.00136915 0.010779 -0.00473672
 -0.00150602 0.0118565 -0.00521021
 -0.00262607 0.0206744 -0.00908511
weights matrix:
 -0.878375 0.0657621 0.113432
 1.59461 -1.52783 -0.447815
 -2.0286 0.811408 1.57141
 -1.67065 -0.323032 1.84194
 0.736077 0.505081 -2.32626
regression_error on 'test' 0.110361
classification_error on 'test' 0.157895
Save,2033,0.110361,0.157895
sample_count 75 Sample index 41
 i 0:0.674757 i 1:0.445654 i 2:0.627218 i 3:0.536988 bias 1
 test_print 3.28462
net matrix:
 -1.31546 0.204036 -0.474576
outputs matrix:
 0.0671744 0.600625 0.279055
error matrix:
 -0.0671744 0.399375 -0.279055
delta matrix:
 -0.00841856 0.1916 -0.112283
weights_delta matrix:
 -0.000568048 0.0129283 -0.00757635
 -0.000375176 0.00853871 -0.00500392
 -0.000528027 0.0120175 -0.00704257
 -0.000452067 0.0102887 -0.00602944
 -0.000841856 0.01916 -0.0112283
weights matrix:
 -0.878943 0.0786904 0.105856
 1.59424 -1.51929 -0.452819
 -2.02913 0.823426 1.56437
 -1.67111 -0.312744 1.83591
 0.735236 0.524241 -2.33749
regression_error on 'test' 0.114558
classification_error on 'test' 0.184211
Save,2034,0.114558,0.184211
sample_count 75 Sample index 27
 i 0:0.328323 i 1:0.622103 i 2:0.158468 i 3:0.135476 bias 1
 test_print 2.24437
net matrix:
 0.890492 -0.306962 -2.08781
outputs matrix:
 0.855818 0.351164 0.0151331
error matrix:
 0.144182 -0.351164 -0.0151331
delta matrix:
 0.0355821 -0.160024 -0.000451093
weights_delta matrix:
 0.00116824 -0.00525396 -1.48104e-05
 0.00221358 -0.00995516 -2.80626e-05
 0.000563863 -0.00253587 -7.14837e-06
 0.000482053 -0.00216794 -6.11122e-06
 0.00355821 -0.0160024 -4.51093e-05
weights matrix:
 -0.877775 0.0734364 0.105841
 1.59645 -1.52925 -0.452847
 -2.02857 0.82089 1.56436
 -1.67062 -0.314911 1.8359
 0.738794 0.508239 -2.33753
regression_error on 'test' 0.112583
classification_error on 'test' 0.184211
Save,2035,0.112583,0.184211
sample_count 75 Sample index 16
 i 0:0.60547 i 1:0.304495 i 2:0.687702 i 3:0.755994 bias 1
 test_print 3.35366
net matrix:
 -1.96459 0.41351 0.0524057
outputs matrix:
 0.0192807 0.695725 0.526179
error matrix:
 -0.0192807 -0.695725 0.473821
delta matrix:
 -0.000729154 -0.294559 0.236261
weights_delta matrix:
 -4.41481e-05 -0.0178346 0.0143049
 -2.22024e-05 -0.00896916 0.00719403
 -5.0144e-05 -0.0202568 0.0162477
 -5.51236e-05 -0.0222684 0.0178612
 -7.29154e-05 -0.0294559 0.0236261
weights matrix:
 -0.877819 0.0556018 0.120146
 1.59643 -1.53822 -0.445653
 -2.02862 0.800633 1.58061
 -1.67068 -0.33718 1.85376
 0.738721 0.478783 -2.31391
regression_error on 'test' 0.105775
classification_error on 'test' 0.131579
Save,2036,0.105775,0.131579
sample_count 75 Sample index 40
 i 0:0.328323 i 1:0.763262 i 2:0.158468 i 3:0.171977 bias 1
 test_print 2.42203
net matrix:
 1.06022 -0.608137 -2.04533
outputs matrix:
 0.892874 0.228593 0.016453
error matrix:
 0.107126 -0.228593 -0.016453
delta matrix:
 0.0204934 -0.0806193 -0.000532492
weights_delta matrix:
 0.000672844 -0.00264692 -1.74829e-05
 0.00156418 -0.00615336 -4.06431e-05
 0.000324754 -0.00127756 -8.4383e-06
 0.000352439 -0.00138647 -9.15764e-06
 0.00204934 -0.00806193 -5.32492e-05
weights matrix:
 -0.877147 0.0529549 0.120128
 1.59799 -1.54437 -0.445693
 -2.02829 0.799355 1.5806
 -1.67033 -0.338566 1.85376
 0.74077 0.470721 -2.31396
regression_error on 'test' 0.104881
classification_error on 'test' 0.131579
Save,2037,0.104881,0.131579
sample_count 75 Sample index 54
 i 0:0.305227 i 1:0.622103 i 2:0.158468 i 3:0.135476 bias 1
 test_print 2.22127
net matrix:
 0.91945 -0.393069 -2.05295
outputs matrix:
 0.862818 0.312999 0.0162082
error matrix:
 0.137182 -0.312999 -0.0162082
delta matrix:
 0.0324744 -0.134609 -0.000516897
weights_delta matrix:
 0.000991205 -0.00410862 -1.57771e-05
 0.00202024 -0.00837404 -3.21563e-05
 0.000514615 -0.00213311 -8.19117e-06
 0.00043995 -0.00182362 -7.00272e-06
 0.00324744 -0.0134609 -5.16897e-05
weights matrix:
 -0.876155 0.0488462 0.120112
 1.60001 -1.55274 -0.445726
 -2.02778 0.797222 1.58059
 -1.66989 -0.34039 1.85375
 0.744018 0.45726 -2.31401
regression_error on 'test' 0.103536
classification_error on 'test' 0.131579
Save,2038,0.103536,0.131579
sample_count 75 Sample index 3
 i 0:0.744044 i 1:0.516233 i 2:0.672581 i 3:0.60999 bias 1
 test_print 3.54285
net matrix:
 -1.46436 0.0205879 -0.260898
outputs matrix:
 0.0507521 0.510292 0.372432
error matrix:
 -0.0507521 0.489708 -0.372432
delta matrix:
 -0.0048901 0.24475 -0.174095
weights_delta matrix:
 -0.000363845 0.0182105 -0.0129534
 -0.000252443 0.0126348 -0.00898734
 -0.000328899 0.0164614 -0.0117093
 -0.000298291 0.0149295 -0.0106196
 -0.00048901 0.024475 -0.0174095
weights matrix:
 -0.876519 0.0670567 0.107159
 1.59976 -1.54011 -0.454713
 -2.0281 0.813684 1.56888
 -1.67019 -0.32546 1.84313
 0.743529 0.481735 -2.33142
regression_error on 'test' 0.108817
classification_error on 'test' 0.157895
Save,2039,0.108817,0.157895
sample_count 75 Sample index 62
 i 0:0.582374 i 1:0.622103 i 2:0.748185 i 3:0.901998 bias 1
 test_print 3.85466
net matrix:
 -1.79562 -0.122099 0.284419
outputs matrix:
 0.0268248 0.439252 0.638495
error matrix:
 -0.0268248 -0.439252 0.361505
delta matrix:
 -0.00140054 -0.216384 0.166885
weights_delta matrix:
 -8.15636e-05 -0.0126017 0.00971892
 -8.71278e-05 -0.0134613 0.0103819
 -0.000104786 -0.0161895 0.0124861
 -0.000126328 -0.0195178 0.015053
 -0.000140054 -0.0216384 0.0166885
weights matrix:
 -0.876601 0.0544551 0.116878
 1.59967 -1.55357 -0.444331
 -2.02821 0.797494 1.58137
 -1.67031 -0.344978 1.85818
 0.743389 0.460097 -2.31473
regression_error on 'test' 0.103633
classification_error on 'test' 0.131579
Save,2040,0.103633,0.131579
sample_count 75 Sample index 16
 i 0:0.60547 i 1:0.304495 i 2:0.687702 i 3:0.755994 bias 1
 test_print 3.35366
net matrix:
 -1.95782 0.30765 0.11302
outputs matrix:
 0.0195383 0.649149 0.556271
error matrix:
 -0.0195383 -0.649149 0.443729
delta matrix:
 -0.000748573 -0.295693 0.219055
weights_delta matrix:
 -4.53238e-05 -0.0179033 0.0132631
 -2.27937e-05 -0.00900371 0.0066701
 -5.14795e-05 -0.0203349 0.0150644
 -5.65917e-05 -0.0223542 0.0165604
 -7.48573e-05 -0.0295693 0.0219055
weights matrix:
 -0.876646 0.0365517 0.130141
 1.59965 -1.56257 -0.437661
 -2.02826 0.777159 1.59643
 -1.67037 -0.367333 1.87474
 0.743314 0.430527 -2.29283
regression_error on 'test' 0.0982489
classification_error on 'test' 0.0526316
Save,2041,0.0982489,0.0526316
sample_count 75 Sample index 6
 i 0:0.305227 i 1:0.657392 i 2:0.128226 i 3:0.171977 bias 1
 test_print 2.26282
net matrix:
 0.979995 -0.549061 -2.0137
outputs matrix:
 0.876532 0.250092 0.0175085
error matrix:
 0.123468 -0.250092 -0.0175085
delta matrix:
 0.0267244 -0.0938075 -0.000602359
weights_delta matrix:
 0.0008157 -0.00286326 -1.83856e-05
 0.00175684 -0.00616683 -3.95986e-05
 0.000342676 -0.00120286 -7.72381e-06
 0.000459597 -0.00161327 -1.03592e-05
 0.00267244 -0.00938075 -6.02359e-05
weights matrix:
 -0.87583 0.0336885 0.130123
 1.60141 -1.56874 -0.4377
 -2.02792 0.775956 1.59642
 -1.66991 -0.368946 1.87473
 0.745986 0.421146 -2.29289
regression_error on 'test' 0.0974807
classification_error on 'test' 0.0526316
Save,2042,0.0974807,0.0526316
sample_count 75 Sample index 46
 i 0:0.928809 i 1:0.480944 i 2:0.854032 i 3:0.901998 bias 1
 test_print 4.16578
net matrix:
 -2.53547 0.027863 0.671864
outputs matrix:
 0.00623741 0.513928 0.793102
error matrix:
 -0.00623741 -0.513928 0.206898
delta matrix:
 -7.73252e-05 -0.256765 0.0679002
weights_delta matrix:
 -7.18203e-06 -0.0238485 0.00630663
 -3.71891e-06 -0.0123489 0.00326562
 -6.60382e-06 -0.0219285 0.00579889
 -6.97472e-06 -0.0231601 0.00612458
 -7.73252e-06 -0.0256765 0.00679002
weights matrix:
 -0.875838 0.00983994 0.136429
 1.6014 -1.58109 -0.434435
 -2.02793 0.754028 1.60222
 -1.66992 -0.392106 1.88086
 0.745978 0.39547 -2.2861
regression_error on 'test' 0.0937848
classification_error on 'test' 0.0789474
Save,2043,0.0937848,0.0789474
sample_count 75 Sample index 0
 i 0:0.282131 i 1:0.269205 i 2:0.430645 i 3:0.427485 bias 1
 test_print 2.40947
net matrix:
 -0.657196 0.129708 -0.870532
outputs matrix:
 0.211753 0.564493 0.149178
error matrix:
 -0.211753 0.435507 -0.149178
delta matrix:
 -0.0706888 0.214131 -0.0378685
weights_delta matrix:
 -0.00199435 0.0060413 -0.00106839
 -0.00190298 0.00576451 -0.00101944
 -0.00304418 0.00922144 -0.00163079
 -0.00302184 0.00915378 -0.00161882
 -0.00706888 0.0214131 -0.00378685
weights matrix:
 -0.877832 0.0158812 0.135361
 1.5995 -1.57533 -0.435454
 -2.03097 0.763249 1.60059
 -1.67294 -0.382952 1.87924
 0.738909 0.416883 -2.28988
regression_error on 'test' 0.0955416
classification_error on 'test' 0.105263
Save,2044,0.0955416,0.105263
sample_count 75 Sample index 28
 i 0:0.305227 i 1:0.551523 i 2:0.113105 i 3:0.135476 bias 1
 test_print 2.10533
net matrix:
 0.896778 -0.412651 -2.05311
outputs matrix:
 0.857363 0.304639 0.0162032
error matrix:
 0.142637 -0.304639 -0.0162032
delta matrix:
 0.0348868 -0.129066 -0.000516579
weights_delta matrix:
 0.00106484 -0.00393944 -1.57674e-05
 0.00192409 -0.00711828 -2.84905e-05
 0.000394587 -0.0014598 -5.84276e-06
 0.000472632 -0.00174853 -6.9984e-06
 0.00348868 -0.0129066 -5.16579e-05
weights matrix:
 -0.876767 0.0119418 0.135345
 1.60143 -1.58244 -0.435483
 -2.03057 0.761789 1.60059
 -1.67246 -0.384701 1.87923
 0.742398 0.403976 -2.28994
regression_error on 'test' 0.0946854
classification_error on 'test' 0.0789474
Save,2045,0.0946854,0.0789474
sample_count 75 Sample index 18
 i 0:0.513088 i 1:0.480944 i 2:0.566734 i 3:0.60999 bias 1
 test_print 3.17076
net matrix:
 -1.10825 -0.153895 -0.376517
outputs matrix:
 0.0982791 0.423654 0.320161
error matrix:
 -0.0982791 0.576346 -0.320161
delta matrix:
 -0.017419 0.281454 -0.139371
weights_delta matrix:
 -0.00089375 0.0144411 -0.00715096
 -0.000837759 0.0135364 -0.00670296
 -0.000987197 0.015951 -0.00789863
 -0.00106254 0.0171684 -0.00850149
 -0.0017419 0.0281454 -0.0139371
weights matrix:
 -0.877661 0.0263829 0.128194
 1.60059 -1.56891 -0.442186
 -2.03156 0.77774 1.59269
 -1.67353 -0.367532 1.87073
 0.740656 0.432122 -2.30387
regression_error on 'test' 0.0983295
classification_error on 'test' 0.0789474
Save,2046,0.0983295,0.0789474
sample_count 75 Sample index 34
 i 0:0.767139 i 1:0.551523 i 2:0.642339 i 3:0.573489 bias 1
 test_print 3.53449
net matrix:
 -1.31457 -0.12413 -0.353518
outputs matrix:
 0.0672862 0.438252 0.330254
error matrix:
 -0.0672862 0.561748 -0.330254
delta matrix:
 -0.00844561 0.27659 -0.146095
weights_delta matrix:
 -0.000647895 0.0212183 -0.0112075
 -0.000465795 0.0152546 -0.00805749
 -0.000542494 0.0177665 -0.00938427
 -0.000484346 0.0158622 -0.0083784
 -0.000844561 0.027659 -0.0146095
weights matrix:
 -0.878309 0.0476012 0.116987
 1.60012 -1.55365 -0.450243
 -2.0321 0.795507 1.5833
 -1.67401 -0.35167 1.86235
 0.739812 0.459781 -2.31848
regression_error on 'test' 0.103049
classification_error on 'test' 0.131579
Save,2047,0.103049,0.131579
sample_count 75 Sample index 41
 i 0:0.674757 i 1:0.445654 i 2:0.627218 i 3:0.536988 bias 1
 test_print 3.28462
net matrix:
 -1.31323 0.109622 -0.447062
outputs matrix:
 0.0674549 0.554593 0.29026
error matrix:
 -0.0674549 0.445407 -0.29026
delta matrix:
 -0.00848647 0.220049 -0.119592
weights_delta matrix:
 -0.000572631 0.0148479 -0.00806957
 -0.000378203 0.00980656 -0.00532967
 -0.000532287 0.0138019 -0.00750104
 -0.000455713 0.0118164 -0.00642196
 -0.000848647 0.0220049 -0.0119592
weights matrix:
 -0.878881 0.0624491 0.108917
 1.59974 -1.54385 -0.455573
 -2.03264 0.809309 1.5758
 -1.67447 -0.339854 1.85593
 0.738963 0.481786 -2.33044
regression_error on 'test' 0.107119
classification_error on 'test' 0.157895
Save,2048,0.107119,0.157895
sample_count 75 Sample index 49
 i 0:0.397609 i 1:0.480944 i 2:0.612097 i 3:0.60999 bias 1
 test_print 3.10064
net matrix:
 -1.10668 0.0521805 -0.409599
outputs matrix:
 0.0985572 0.526067 0.305934
error matrix:
 -0.0985572 0.473933 -0.305934
delta matrix:
 -0.0175124 0.236323 -0.129923
weights_delta matrix:
 -0.000696307 0.0093964 -0.00516586
 -0.000842246 0.0113658 -0.00624857
 -0.00107193 0.0144652 -0.00795255
 -0.00106824 0.0144154 -0.00792517
 -0.00175124 0.0236323 -0.0129923
weights matrix:
 -0.879578 0.0718455 0.103751
 1.5989 -1.53248 -0.461821
 -2.03371 0.823774 1.56785
 -1.67554 -0.325438 1.848
 0.737212 0.505418 -2.34343
regression_error on 'test' 0.11174
classification_error on 'test' 0.184211
Save,2049,0.11174,0.184211
sample_count 75 Sample index 70
 i 0:0.259036 i 1:0.622103 i 2:0.173589 i 3:0.135476 bias 1
 test_print 2.1902
net matrix:
 0.924027 -0.330423 -2.08134
outputs matrix:
 0.863898 0.34055 0.0153273
error matrix:
 0.136102 -0.34055 -0.0153273
delta matrix:
 0.0320051 -0.152958 -0.000462648
weights_delta matrix:
 0.000829047 -0.00396217 -1.19843e-05
 0.00199105 -0.00951557 -2.87815e-05
 0.000555573 -0.00265519 -8.03106e-06
 0.000433592 -0.00207222 -6.26777e-06
 0.00320051 -0.0152958 -4.62648e-05
weights matrix:
 -0.878749 0.0678834 0.103739
 1.60089 -1.542 -0.46185
 -2.03315 0.821119 1.56784
 -1.6751 -0.327511 1.848
 0.740412 0.490122 -2.34348
regression_error on 'test' 0.110001
classification_error on 'test' 0.157895
Save,2050,0.110001,0.157895
sample_count 75 Sample index 15
 i 0:0.720948 i 1:0.410364 i 2:0.65746 i 3:0.573489 bias 1
 test_print 3.36226
net matrix:
 -1.53354 0.258312 -0.367617
outputs matrix:
 0.0444858 0.626358 0.324047
error matrix:
 -0.0444858 0.373642 -0.324047
delta matrix:
 -0.00378189 0.17489 -0.141959
weights_delta matrix:
 -0.000272655 0.0126086 -0.0102345
 -0.000155195 0.00717684 -0.00582548
 -0.000248644 0.0114983 -0.00933323
 -0.000216887 0.0100297 -0.00814118
 -0.000378189 0.017489 -0.0141959
weights matrix:
 -0.879021 0.080492 0.0935048
 1.60074 -1.53482 -0.467676
 -2.0334 0.832617 1.55851
 -1.67532 -0.317481 1.83986
 0.740034 0.507611 -2.35768
regression_error on 'test' 0.114297
classification_error on 'test' 0.210526
Save,2051,0.114297,0.210526
sample_count 75 Sample index 46
 i 0:0.928809 i 1:0.480944 i 2:0.854032 i 3:0.901998 bias 1
 test_print 4.16578
net matrix:
 -2.55427 0.268925 0.494808
outputs matrix:
 0.0060086 0.631312 0.729012
error matrix:
 -0.0060086 -0.631312 0.270988
delta matrix:
 -7.17728e-05 -0.293885 0.107069
weights_delta matrix:
 -6.66632e-06 -0.0272963 0.00994468
 -3.45187e-06 -0.0141342 0.00514942
 -6.12963e-06 -0.0250987 0.00914404
 -6.47389e-06 -0.0265084 0.00965761
 -7.17728e-06 -0.0293885 0.0107069
weights matrix:
 -0.879028 0.0531957 0.103449
 1.60073 -1.54895 -0.462526
 -2.03341 0.807518 1.56765
 -1.67533 -0.343989 1.84951
 0.740027 0.478223 -2.34697
regression_error on 'test' 0.107283
classification_error on 'test' 0.157895
Save,2052,0.107283,0.157895
sample_count 75 Sample index 13
 i 0:0.420705 i 1:0.269205 i 2:0.491129 i 3:0.427485 bias 1
 test_print 2.60852
net matrix:
 -0.913701 0.333162 -0.867403
outputs matrix:
 0.138548 0.66068 0.149974
error matrix:
 -0.138548 0.33932 -0.149974
delta matrix:
 -0.0330721 0.152139 -0.0382378
weights_delta matrix:
 -0.00139136 0.00640057 -0.00160868
 -0.000890318 0.00409566 -0.00102938
 -0.00162427 0.007472 -0.00187797
 -0.00141378 0.00650372 -0.00163461
 -0.00330721 0.0152139 -0.00382378
weights matrix:
 -0.880419 0.0595963 0.101841
 1.59984 -1.54486 -0.463556
 -2.03503 0.81499 1.56577
 -1.67674 -0.337485 1.84788
 0.73672 0.493437 -2.35079
regression_error on 'test' 0.109486
classification_error on 'test' 0.157895
Save,2053,0.109486,0.157895
sample_count 75 Sample index 42
 i 0:0.651661 i 1:0.551523 i 2:0.702823 i 3:0.792495 bias 1
 test_print 3.6985
net matrix:
 -1.71374 -0.014413 0.024808
outputs matrix:
 0.0314476 0.492794 0.512401
error matrix:
 -0.0314476 -0.492794 0.487599
delta matrix:
 -0.00191571 -0.246346 0.243649
weights_delta matrix:
 -0.000124839 -0.0160534 0.0158777
 -0.000105656 -0.0135865 0.0134378
 -0.00013464 -0.0173138 0.0171242
 -0.000151819 -0.0195228 0.0193091
 -0.000191571 -0.0246346 0.0243649
weights matrix:
 -0.880544 0.0435429 0.117718
 1.59974 -1.55844 -0.450118
 -2.03517 0.797677 1.5829
 -1.67689 -0.357008 1.86719
 0.736528 0.468802 -2.32643
regression_error on 'test' 0.103235
classification_error on 'test' 0.131579
Save,2054,0.103235,0.131579
sample_count 75 Sample index 58
 i 0:0.282131 i 1:0.516233 i 2:0.158468 i 3:0.0989754 bias 1
 test_print 2.05581
net matrix:
 0.825457 -0.232362 -2.08994
outputs matrix:
 0.839015 0.385866 0.0150698
error matrix:
 0.160985 -0.385866 -0.0150698
delta matrix:
 0.0434883 -0.18288 -0.000447355
weights_delta matrix:
 0.00122694 -0.0051596 -1.26213e-05
 0.00224501 -0.00944085 -2.30939e-05
 0.00068915 -0.00289806 -7.08914e-06
 0.000430427 -0.00181006 -4.42771e-06
 0.00434883 -0.018288 -4.47355e-05
weights matrix:
 -0.879317 0.0383833 0.117706
 1.60198 -1.56789 -0.450141
 -2.03448 0.794779 1.58289
 -1.67646 -0.358818 1.86718
 0.740877 0.450514 -2.32647
regression_error on 'test' 0.101619
classification_error on 'test' 0.105263
Save,2055,0.101619,0.105263
sample_count 75 Sample index 24
 i 0:0.466896 i 1:0.445654 i 2:0.566734 i 3:0.536988 bias 1
 test_print 3.01627
net matrix:
 -1.00899 0.0274477 -0.57239
outputs matrix:
 0.117328 0.51372 0.241444
error matrix:
 -0.117328 0.48628 -0.241444
delta matrix:
 -0.0243015 0.242957 -0.0884402
weights_delta matrix:
 -0.00113463 0.0113436 -0.00412924
 -0.00108301 0.0108275 -0.00394137
 -0.00137725 0.0137692 -0.00501221
 -0.00130496 0.0130465 -0.00474913
 -0.00243015 0.0242957 -0.00884402
weights matrix:
 -0.880452 0.0497269 0.113577
 1.6009 -1.55706 -0.454082
 -2.03585 0.808548 1.57788
 -1.67777 -0.345772 1.86243
 0.738447 0.47481 -2.33532
regression_error on 'test' 0.105323
classification_error on 'test' 0.131579
Save,2056,0.105323,0.131579
sample_count 75 Sample index 56
 i 0:0.328323 i 1:0.727972 i 2:0.158468 i 3:0.208478 bias 1
 test_print 2.42324
net matrix:
 0.94239 -0.586315 -1.99027
outputs matrix:
 0.868159 0.23638 0.0183333
error matrix:
 0.131841 -0.23638 -0.0183333
delta matrix:
 0.0301807 -0.0853352 -0.000659895
weights_delta matrix:
 0.000990902 -0.00280175 -2.16659e-05
 0.00219707 -0.00621216 -4.80385e-05
 0.000478267 -0.00135229 -1.04572e-05
 0.000629201 -0.00177905 -1.37574e-05
 0.00301807 -0.00853352 -6.59895e-05
weights matrix:
 -0.879461 0.0469251 0.113555
 1.6031 -1.56327 -0.45413
 -2.03538 0.807195 1.57787
 -1.67714 -0.347551 1.86242
 0.741465 0.466276 -2.33538
regression_error on 'test' 0.104407
classification_error on 'test' 0.131579
Save,2057,0.104407,0.131579
sample_count 75 Sample index 54
 i 0:0.305227 i 1:0.622103 i 2:0.158468 i 3:0.135476 bias 1
 test_print 2.22127
net matrix:
 0.920568 -0.411086 -2.08088
outputs matrix:
 0.863083 0.305303 0.015341
error matrix:
 0.136917 -0.305303 -0.015341
delta matrix:
 0.0323592 -0.129505 -0.00046347
weights_delta matrix:
 0.00098769 -0.00395285 -1.41463e-05
 0.00201308 -0.00805655 -2.88326e-05
 0.00051279 -0.00205224 -7.34451e-06
 0.000438389 -0.00175448 -6.2789e-06
 0.00323592 -0.0129505 -4.6347e-05
weights matrix:
 -0.878473 0.0429723 0.113541
 1.60511 -1.57133 -0.454159
 -2.03486 0.805143 1.57786
 -1.6767 -0.349305 1.86241
 0.744701 0.453326 -2.33543
regression_error on 'test' 0.103167
classification_error on 'test' 0.131579
Save,2058,0.103167,0.131579
sample_count 75 Sample index 64
 i 0:0.282131 i 1:0.516233 i 2:0.158468 i 3:0.0989754 bias 1
 test_print 2.05581
net matrix:
 0.837055 -0.252704 -2.10347
outputs matrix:
 0.842123 0.37627 0.0146732
error matrix:
 0.157877 -0.37627 -0.0146732
delta matrix:
 0.0419801 -0.176615 -0.000424288
weights_delta matrix:
 0.00118439 -0.00498284 -1.19705e-05
 0.00216715 -0.00911743 -2.19032e-05
 0.00066525 -0.00279878 -6.72361e-06
 0.0004155 -0.00174805 -4.19941e-06
 0.00419801 -0.0176615 -4.24288e-05
weights matrix:
 -0.877289 0.0379894 0.113529
 1.60728 -1.58044 -0.454181
 -2.0342 0.802344 1.57786
 -1.67628 -0.351053 1.86241
 0.748899 0.435664 -2.33547
regression_error on 'test' 0.101665
classification_error on 'test' 0.105263
Save,2059,0.101665,0.105263
sample_count 75 Sample index 13
 i 0:0.420705 i 1:0.269205 i 2:0.491129 i 3:0.427485 bias 1
 test_print 2.60852
net matrix:
 -0.903133 0.270168 -0.838895
outputs matrix:
 0.14109 0.63189 0.157388
error matrix:
 -0.14109 0.36811 -0.157388
delta matrix:
 -0.0341956 0.171248 -0.0417448
weights_delta matrix:
 -0.00143862 0.0072045 -0.00175623
 -0.000920562 0.00461009 -0.00112379
 -0.00167944 0.00841049 -0.00205021
 -0.00146181 0.0073206 -0.00178453
 -0.00341956 0.0171248 -0.00417448
weights matrix:
 -0.878727 0.0451939 0.111773
 1.60636 -1.57583 -0.455305
 -2.03588 0.810755 1.5758
 -1.67774 -0.343733 1.86063
 0.745479 0.452789 -2.33965
regression_error on 'test' 0.10378
classification_error on 'test' 0.131579
Save,2060,0.10378,0.131579
sample_count 75 Sample index 71
 i 0:0.143558 i 1:0.480944 i 2:0.0979839 i 3:0.0989754 bias 1
 test_print 1.82146
net matrix:
 1.02636 -0.253191 -2.20402
outputs matrix:
 0.886222 0.376042 0.0120325
error matrix:
 0.113778 -0.376042 -0.0120325
delta matrix:
 0.022945 -0.176465 -0.00028608
weights_delta matrix:
 0.000329394 -0.00253329 -4.10691e-06
 0.00110353 -0.00848697 -1.37588e-05
 0.000224824 -0.00172907 -2.80312e-06
 0.000227099 -0.00174657 -2.83149e-06
 0.0022945 -0.0176465 -2.8608e-05
weights matrix:
 -0.878398 0.0426606 0.111768
 1.60746 -1.58432 -0.455319
 -2.03565 0.809026 1.5758
 -1.67752 -0.345479 1.86062
 0.747774 0.435143 -2.33968
regression_error on 'test' 0.102404
classification_error on 'test' 0.131579
Save,2061,0.102404,0.131579
sample_count 75 Sample index 64
 i 0:0.282131 i 1:0.516233 i 2:0.158468 i 3:0.0989754 bias 1
 test_print 2.05581
net matrix:
 0.841156 -0.27669 -2.10932
outputs matrix:
 0.84321 0.365081 0.0145051
error matrix:
 0.15679 -0.365081 -0.0145051
delta matrix:
 0.0414572 -0.169249 -0.000414691
weights_delta matrix:
 0.00116964 -0.00477504 -1.16997e-05
 0.00214016 -0.0087372 -2.14077e-05
 0.000656965 -0.00268206 -6.57153e-06
 0.000410325 -0.00167515 -4.10442e-06
 0.00414572 -0.0169249 -4.14691e-05
weights matrix:
 -0.877228 0.0378856 0.111757
 1.6096 -1.59306 -0.45534
 -2.035 0.806344 1.5758
 -1.67711 -0.347154 1.86062
 0.75192 0.418218 -2.33972
regression_error on 'test' 0.101042
classification_error on 'test' 0.105263
Save,2062,0.101042,0.105263
sample_count 75 Sample index 61
 i 0:0.697853 i 1:0.480944 i 2:0.687702 i 3:0.682992 bias 1
 test_print 3.54949
net matrix:
 -1.63105 -0.00409496 -0.126254
outputs matrix:
 0.0368945 0.497953 0.437206
error matrix:
 -0.0368945 0.502047 -0.437206
delta matrix:
 -0.00262196 0.25102 -0.215155
weights_delta matrix:
 -0.000182974 0.0175175 -0.0150147
 -0.000126102 0.0120726 -0.0103478
 -0.000180313 0.0172627 -0.0147963
 -0.000179078 0.0171444 -0.0146949
 -0.000262196 0.025102 -0.0215155
weights matrix:
 -0.877411 0.055403 0.0967421
 1.60947 -1.58099 -0.465688
 -2.03518 0.823607 1.561
 -1.67729 -0.33001 1.84592
 0.751657 0.44332 -2.36123
regression_error on 'test' 0.106549
classification_error on 'test' 0.157895
Save,2063,0.106549,0.157895
sample_count 75 Sample index 5
 i 0:0.536183 i 1:0.198626 i 2:0.687702 i 3:0.60999 bias 1
 test_print 3.0325
net matrix:
 -1.82183 0.524094 -0.202361
outputs matrix:
 0.0254895 0.740427 0.400178
error matrix:
 -0.0254895 -0.740427 0.599822
delta matrix:
 -0.0012663 -0.284613 0.287957
weights_delta matrix:
 -6.78971e-05 -0.0152604 0.0154398
 -2.51521e-05 -0.00565315 0.00571958
 -8.7084e-05 -0.0195729 0.0198029
 -7.72433e-05 -0.0173611 0.0175651
 -0.00012663 -0.0284613 0.0287957
weights matrix:
 -0.877479 0.0401426 0.112182
 1.60945 -1.58664 -0.459968
 -2.03526 0.804034 1.5808
 -1.67736 -0.347371 1.86349
 0.751531 0.414858 -2.33244
regression_error on 'test' 0.100652
classification_error on 'test' 0.105263
Save,2064,0.100652,0.105263
sample_count 75 Sample index 7
 i 0:0.651661 i 1:0.410364 i 2:0.627218 i 3:0.60999 bias 1
 test_print 3.29923
net matrix:
 -1.45956 0.0823298 -0.319869
outputs matrix:
 0.0512167 0.541072 0.345306
error matrix:
 -0.0512167 0.458928 -0.345306
delta matrix:
 -0.00497761 0.227916 -0.156126
weights_delta matrix:
 -0.000324371 0.0148524 -0.0101741
 -0.000204263 0.00935283 -0.00640686
 -0.000312205 0.0142953 -0.00979252
 -0.000303629 0.0139026 -0.00952355
 -0.000497761 0.0227916 -0.0156126
weights matrix:
 -0.877804 0.054995 0.102008
 1.60925 -1.57729 -0.466375
 -2.03558 0.818329 1.57101
 -1.67767 -0.333469 1.85397
 0.751033 0.43765 -2.34805
regression_error on 'test' 0.10487
classification_error on 'test' 0.131579
Save,2065,0.10487,0.131579
sample_count 75 Sample index 14
 i 0:0.697853 i 1:0.516233 i 2:0.778427 i 3:0.938499 bias 1
 test_print 3.93101
net matrix:
 -2.18984 -0.0141692 0.44524
outputs matrix:
 0.0123744 0.492916 0.708989
error matrix:
 -0.0123744 -0.492916 0.291011
delta matrix:
 -0.000302464 -0.246408 0.120085
weights_delta matrix:
 -2.11075e-05 -0.0171957 0.00838014
 -1.56142e-05 -0.0127204 0.00619917
 -2.35446e-05 -0.0191811 0.00934771
 -2.83862e-05 -0.0231254 0.0112699
 -3.02464e-05 -0.0246408 0.0120085
weights matrix:
 -0.877825 0.0377993 0.110388
 1.60923 -1.59001 -0.460176
 -2.0356 0.799148 1.58036
 -1.6777 -0.356594 1.86524
 0.751003 0.413009 -2.33604
regression_error on 'test' 0.100049
classification_error on 'test' 0.0789474
Save,2066,0.100049,0.0789474
sample_count 75 Sample index 74
 i 0:0.443801 i 1:0.480944 i 2:0.551613 i 3:0.536988 bias 1
 test_print 3.01335
net matrix:
 -0.888393 -0.0855858 -0.635015
outputs matrix:
 0.144701 0.457311 0.219252
error matrix:
 -0.144701 0.542689 -0.219252
delta matrix:
 -0.0358169 0.269366 -0.0750635
weights_delta matrix:
 -0.00158956 0.0119545 -0.00333133
 -0.00172259 0.012955 -0.00361013
 -0.00197571 0.0148586 -0.0041406
 -0.00192333 0.0144647 -0.00403082
 -0.00358169 0.0269366 -0.00750635
weights matrix:
 -0.879414 0.0497538 0.107057
 1.60751 -1.57705 -0.463786
 -2.03757 0.814006 1.57622
 -1.67962 -0.342129 1.8612
 0.747421 0.439946 -2.34355
regression_error on 'test' 0.103686
classification_error on 'test' 0.131579
Save,2067,0.103686,0.131579
sample_count 75 Sample index 47
 i 0:0.282131 i 1:0.516233 i 2:0.158468 i 3:0.0989754 bias 1
 test_print 2.05581
net matrix:
 0.840028 -0.265011 -2.11877
outputs matrix:
 0.842912 0.370512 0.0142374
error matrix:
 0.157088 -0.370512 -0.0142374
delta matrix:
 0.0416005 -0.172831 -0.000399635
weights_delta matrix:
 0.00117368 -0.00487609 -1.1275e-05
 0.00214756 -0.0089221 -2.06305e-05
 0.000659235 -0.00273882 -6.33294e-06
 0.000411743 -0.0017106 -3.95541e-06
 0.00416005 -0.0172831 -3.99635e-05
weights matrix:
 -0.878241 0.0448777 0.107045
 1.60965 -1.58597 -0.463807
 -2.03692 0.811268 1.57621
 -1.67921 -0.34384 1.8612
 0.751581 0.422663 -2.34359
regression_error on 'test' 0.102234
classification_error on 'test' 0.131579
Save,2068,0.102234,0.131579
sample_count 75 Sample index 45
 i 0:0.697853 i 1:0.586813 i 2:0.793548 i 3:0.975 bias 1
 test_print 4.05321
net matrix:
 -2.17035 -0.168153 0.524416
outputs matrix:
 0.0128598 0.416707 0.740551
error matrix:
 -0.0128598 -0.416707 0.259449
delta matrix:
 -0.000326496 -0.202572 0.0996988
weights_delta matrix:
 -2.27846e-05 -0.0141365 0.00695751
 -1.91592e-05 -0.0118872 0.00585045
 -2.5909e-05 -0.016075 0.00791157
 -3.18333e-05 -0.0197507 0.00972063
 -3.26496e-05 -0.0202572 0.00996988
weights matrix:
 -0.878263 0.0307412 0.114003
 1.60964 -1.59786 -0.457956
 -2.03694 0.795193 1.58412
 -1.67924 -0.363591 1.87092
 0.751548 0.402406 -2.33362
regression_error on 'test' 0.098438
classification_error on 'test' 0.0789474
Save,2069,0.098438,0.0789474
sample_count 75 Sample index 2
 i 0:0.466896 i 1:0.480944 i 2:0.566734 i 3:0.500487 bias 1
 test_print 3.01506
net matrix:
 -0.879206 -0.0830327 -0.666493
outputs matrix:
 0.146989 0.458579 0.208666
error matrix:
 -0.146989 0.541421 -0.208666
delta matrix:
 -0.0368601 0.268853 -0.0689116
weights_delta matrix:
 -0.00172098 0.0125526 -0.00321745
 -0.00177276 0.0129303 -0.00331426
 -0.00208899 0.0152368 -0.00390545
 -0.0018448 0.0134557 -0.00344894
 -0.00368601 0.0268853 -0.00689116
weights matrix:
 -0.879984 0.0432938 0.110785
 1.60786 -1.58493 -0.46127
 -2.03903 0.810429 1.58022
 -1.68108 -0.350135 1.86747
 0.747862 0.429291 -2.34051
regression_error on 'test' 0.101802
classification_error on 'test' 0.131579
Save,2070,0.101802,0.131579
sample_count 75 Sample index 12
 i 0:0.166653 i 1:0.480944 i 2:0.128226 i 3:0.135476 bias 1
 test_print 1.9113
net matrix:
 0.885299 -0.269274 -2.08827
outputs matrix:
 0.854532 0.368526 0.0151195
error matrix:
 0.145468 -0.368526 -0.0151195
delta matrix:
 0.0361654 -0.171522 -0.000450284
weights_delta matrix:
 0.000602707 -0.00285847 -7.50412e-06
 0.00173935 -0.00824927 -2.16562e-05
 0.000463734 -0.00219936 -5.77381e-06
 0.000489954 -0.00232372 -6.10027e-06
 0.00361654 -0.0171522 -4.50284e-05
weights matrix:
 -0.879382 0.0404353 0.110778
 1.6096 -1.59318 -0.461292
 -2.03857 0.80823 1.58021
 -1.68059 -0.352459 1.86747
 0.751479 0.412139 -2.34055
regression_error on 'test' 0.100523
classification_error on 'test' 0.105263
Save,2071,0.100523,0.105263
sample_count 75 Sample index 61
 i 0:0.697853 i 1:0.480944 i 2:0.687702 i 3:0.682992 bias 1
 test_print 3.54949
net matrix:
 -1.63783 -0.0107786 -0.122924
outputs matrix:
 0.0364157 0.494611 0.438846
error matrix:
 -0.0364157 0.505389 -0.438846
delta matrix:
 -0.00255562 0.252665 -0.216141
weights_delta matrix:
 -0.000178345 0.0176323 -0.0150834
 -0.000122911 0.0121518 -0.0103951
 -0.000175751 0.0173758 -0.014864
 -0.000174547 0.0172568 -0.0147622
 -0.000255562 0.0252665 -0.0216141
weights matrix:
 -0.87956 0.0580676 0.0956944
 1.60948 -1.58103 -0.471687
 -2.03874 0.825606 1.56535
 -1.68077 -0.335202 1.8527
 0.751223 0.437405 -2.36217
regression_error on 'test' 0.105983
classification_error on 'test' 0.157895
Save,2072,0.105983,0.157895
sample_count 75 Sample index 60
 i 0:0.559279 i 1:0.410364 i 2:0.536492 i 3:0.536988 bias 1
 test_print 3.04312
net matrix:
 -1.07655 0.0840159 -0.667535
outputs matrix:
 0.104043 0.541909 0.208322
error matrix:
 -0.104043 0.458091 -0.208322
delta matrix:
 -0.0193973 0.227436 -0.0687145
weights_delta matrix:
 -0.00108485 0.01272 -0.00384306
 -0.000795995 0.00933316 -0.0028198
 -0.00104065 0.0122018 -0.00368648
 -0.00104161 0.012213 -0.00368989
 -0.00193973 0.0227436 -0.00687145
weights matrix:
 -0.880645 0.0707877 0.0918513
 1.60868 -1.57169 -0.474507
 -2.03978 0.837808 1.56166
 -1.68181 -0.322989 1.84901
 0.749284 0.460149 -2.36904
regression_error on 'test' 0.109641
classification_error on 'test' 0.184211
Save,2073,0.109641,0.184211
sample_count 75 Sample index 58
 i 0:0.282131 i 1:0.516233 i 2:0.158468 i 3:0.0989754 bias 1
 test_print 2.05581
net matrix:
 0.841584 -0.230443 -2.1576
outputs matrix:
 0.843323 0.386776 0.0131876
error matrix:
 0.156677 -0.386776 -0.0131876
delta matrix:
 0.041403 -0.183471 -0.000343239
weights_delta matrix:
 0.00116811 -0.00517629 -9.68384e-06
 0.00213736 -0.00947139 -1.77191e-05
 0.000656106 -0.00290743 -5.43924e-06
 0.000409788 -0.00181591 -3.39722e-06
 0.0041403 -0.0183471 -3.43239e-05
weights matrix:
 -0.879477 0.0656114 0.0918416
 1.61082 -1.58117 -0.474525
 -2.03913 0.8349 1.56165
 -1.6814 -0.324805 1.84901
 0.753424 0.441802 -2.36907
regression_error on 'test' 0.107884
classification_error on 'test' 0.157895
Save,2074,0.107884,0.157895
sample_count 75 Sample index 38
 i 0:0.397609 i 1:0.798551 i 2:0.128226 i 3:0.208478 bias 1
 test_print 2.53286
net matrix:
 1.07805 -0.755411 -2.12577
outputs matrix:
 0.896238 0.180817 0.0140424
error matrix:
 0.103762 -0.180817 -0.0140424
delta matrix:
 0.0192987 -0.053566 -0.000388841
weights_delta matrix:
 0.000767334 -0.00212983 -1.54607e-05
 0.0015411 -0.00427752 -3.10509e-05
 0.00024746 -0.000686856 -4.98595e-06
 0.000402336 -0.00111673 -8.10647e-06
 0.00192987 -0.0053566 -3.88841e-05
weights matrix:
 -0.878709 0.0634816 0.0918262
 1.61236 -1.58544 -0.474556
 -2.03888 0.834213 1.56165
 -1.681 -0.325921 1.849
 0.755354 0.436445 -2.36911
regression_error on 'test' 0.107308
classification_error on 'test' 0.157895
Save,2075,0.107308,0.157895
sample_count 75 Sample index 13
 i 0:0.420705 i 1:0.269205 i 2:0.491129 i 3:0.427485 bias 1
 test_print 2.60852
net matrix:
 -0.900222 0.306723 -0.900841
outputs matrix:
 0.141797 0.648726 0.141647
error matrix:
 -0.141797 0.351274 -0.141647
delta matrix:
 -0.0345107 0.160097 -0.0344435
weights_delta matrix:
 -0.00145188 0.00673535 -0.00144906
 -0.000929046 0.00430989 -0.000927238
 -0.00169492 0.00786282 -0.00169162
 -0.00147528 0.0068439 -0.00147241
 -0.00345107 0.0160097 -0.00344435
weights matrix:
 -0.880161 0.0702169 0.0903771
 1.61143 -1.58113 -0.475483
 -2.04057 0.842076 1.55996
 -1.68247 -0.319077 1.84753
 0.751903 0.452455 -2.37256
regression_error on 'test' 0.109484
classification_error on 'test' 0.184211
Save,2076,0.109484,0.184211
sample_count 75 Sample index 53
 i 0:0.489992 i 1:0.410364 i 2:0.702823 i 3:0.938499 bias 1
 test_print 3.54168
net matrix:
 -2.03126 0.130397 0.306886
outputs matrix:
 0.0169147 0.564831 0.648801
error matrix:
 -0.0169147 -0.564831 0.351199
delta matrix:
 -0.000562533 -0.277668 0.160047
weights_delta matrix:
 -2.75637e-05 -0.0136055 0.00784219
 -2.30843e-05 -0.0113945 0.00656776
 -3.95361e-05 -0.0195151 0.0112485
 -5.27937e-05 -0.0260591 0.0150204
 -5.62533e-05 -0.0277668 0.0160047
weights matrix:
 -0.880189 0.0566114 0.0982193
 1.61141 -1.59253 -0.468915
 -2.04061 0.822561 1.57121
 -1.68253 -0.345137 1.86255
 0.751846 0.424688 -2.35655
regression_error on 'test' 0.10367
classification_error on 'test' 0.131579
Save,2077,0.10367,0.131579
sample_count 75 Sample index 73
 i 0:0.582374 i 1:0.410364 i 2:0.65746 i 3:0.719493 bias 1
 test_print 3.36969
net matrix:
 -1.65168 0.0966184 -0.11868
outputs matrix:
 0.0354564 0.548159 0.440937
error matrix:
 -0.0354564 -0.548159 0.559063
delta matrix:
 -0.00242516 -0.271537 0.275631
weights_delta matrix:
 -0.000141235 -0.0158136 0.016052
 -9.95199e-05 -0.0111429 0.0113109
 -0.000159445 -0.0178525 0.0181216
 -0.000174489 -0.0195369 0.0198314
 -0.000242516 -0.0271537 0.0275631
weights matrix:
 -0.88033 0.0407978 0.114271
 1.61131 -1.60367 -0.457604
 -2.04077 0.804709 1.58933
 -1.6827 -0.364673 1.88238
 0.751604 0.397534 -2.32899
regression_error on 'test' 0.0980806
classification_error on 'test' 0.0789474
Save,2078,0.0980806,0.0789474
sample_count 75 Sample index 32
 i 0:0.697853 i 1:0.516233 i 2:0.642339 i 3:0.60999 bias 1
 test_print 3.46642
net matrix:
 -1.36822 -0.107414 -0.316353
outputs matrix:
 0.0608565 0.446498 0.346897
error matrix:
 -0.0608565 0.553502 -0.346897
delta matrix:
 -0.00695627 0.273582 -0.157186
weights_delta matrix:
 -0.000485445 0.019092 -0.0109693
 -0.000359106 0.0141232 -0.00811445
 -0.000446828 0.0175732 -0.0100967
 -0.000424326 0.0166882 -0.00958818
 -0.000695627 0.0273582 -0.0157186
weights matrix:
 -0.880816 0.0598898 0.103302
 1.61095 -1.58955 -0.465719
 -2.04122 0.822282 1.57923
 -1.68312 -0.347985 1.87279
 0.750908 0.424892 -2.34471
regression_error on 'test' 0.102686
classification_error on 'test' 0.131579
Save,2079,0.102686,0.131579
sample_count 75 Sample index 27
 i 0:0.328323 i 1:0.622103 i 2:0.158468 i 3:0.135476 bias 1
 test_print 2.24437
net matrix:
 0.912403 -0.461145 -2.09654
outputs matrix:
 0.861142 0.284491 0.0148751
error matrix:
 0.138858 -0.284491 -0.0148751
delta matrix:
 0.0332084 -0.11582 -0.000435955
weights_delta matrix:
 0.00109031 -0.00380264 -1.43134e-05
 0.00206591 -0.00720519 -2.71209e-05
 0.000526247 -0.00183538 -6.90849e-06
 0.000449894 -0.00156908 -5.90614e-06
 0.00332084 -0.011582 -4.35955e-05
weights matrix:
 -0.879725 0.0560872 0.103288
 1.61302 -1.59675 -0.465746
 -2.04069 0.820446 1.57922
 -1.68267 -0.349554 1.87279
 0.754229 0.41331 -2.34475
regression_error on 'test' 0.101677
classification_error on 'test' 0.131579
Save,2080,0.101677,0.131579
sample_count 75 Sample index 68
 i 0:0.305227 i 1:0.657392 i 2:0.173589 i 3:0.281481 bias 1
 test_print 2.41769
net matrix:
 0.718215 -0.575235 -1.81811
outputs matrix:
 0.807901 0.240403 0.0256751
error matrix:
 0.192099 -0.240403 -0.0256751
delta matrix:
 0.0596263 -0.0877998 -0.00128457
weights_delta matrix:
 0.00181996 -0.00267989 -3.92085e-05
 0.00391979 -0.00577189 -8.44465e-05
 0.00103505 -0.00152411 -2.22987e-05
 0.00167837 -0.0024714 -3.61582e-05
 0.00596263 -0.00877998 -0.000128457
weights matrix:
 -0.877905 0.0534073 0.103249
 1.61694 -1.60252 -0.46583
 -2.03966 0.818922 1.5792
 -1.681 -0.352026 1.87275
 0.760192 0.40453 -2.34488
regression_error on 'test' 0.10089
classification_error on 'test' 0.105263
Save,2081,0.10089,0.105263
sample_count 75 Sample index 47
 i 0:0.282131 i 1:0.516233 i 2:0.158468 i 3:0.0989754 bias 1
 test_print 2.05581
net matrix:
 0.857626 -0.312747 -2.12062
outputs matrix:
 0.847516 0.348533 0.0141857
error matrix:
 0.152484 -0.348533 -0.0141857
delta matrix:
 0.0394118 -0.158274 -0.000396758
weights_delta matrix:
 0.00111193 -0.00446541 -1.11938e-05
 0.00203456 -0.00817064 -2.0482e-05
 0.00062455 -0.00250814 -6.28734e-06
 0.000390079 -0.00156653 -3.92693e-06
 0.00394118 -0.0158274 -3.96758e-05
weights matrix:
 -0.876793 0.0489419 0.103237
 1.61897 -1.6107 -0.465851
 -2.03903 0.816414 1.5792
 -1.68061 -0.353592 1.87275
 0.764133 0.388703 -2.34492
regression_error on 'test' 0.099732
classification_error on 'test' 0.0789474
Save,2082,0.099732,0.0789474
sample_count 75 Sample index 73
 i 0:0.582374 i 1:0.410364 i 2:0.65746 i 3:0.719493 bias 1
 test_print 3.36969
net matrix:
 -1.63189 0.0385866 -0.0902772
outputs matrix:
 0.0368349 0.519284 0.454984
error matrix:
 -0.0368349 -0.519284 0.545016
delta matrix:
 -0.00261367 -0.259256 0.270299
weights_delta matrix:
 -0.000152213 -0.0150984 0.0157415
 -0.000107255 -0.0106389 0.0110921
 -0.000171838 -0.017045 0.0177711
 -0.000188051 -0.0186533 0.0194478
 -0.000261367 -0.0259256 0.0270299
weights matrix:
 -0.876946 0.0338435 0.118979
 1.61886 -1.62133 -0.454759
 -2.03921 0.799369 1.59697
 -1.68079 -0.372245 1.8922
 0.763872 0.362777 -2.31789
regression_error on 'test' 0.0950307
classification_error on 'test' 0.105263
Save,2083,0.0950307,0.105263
sample_count 75 Sample index 59
 i 0:0.60547 i 1:0.233915 i 2:0.596976 i 3:0.536988 bias 1
 test_print 2.97335
net matrix:
 -1.50834 0.281327 -0.382788
outputs matrix:
 0.046678 0.637066 0.317437
error matrix:
 -0.046678 0.362934 -0.317437
delta matrix:
 -0.00415427 0.16783 -0.137558
weights_delta matrix:
 -0.000251528 0.0101616 -0.00832875
 -9.71745e-05 0.00392579 -0.0032177
 -0.000248 0.010019 -0.00821191
 -0.000223079 0.00901226 -0.00738673
 -0.000415427 0.016783 -0.0137558
weights matrix:
 -0.877197 0.0440051 0.11065
 1.61877 -1.61741 -0.457976
 -2.03945 0.809388 1.58876
 -1.68102 -0.363233 1.88481
 0.763456 0.37956 -2.33165
regression_error on 'test' 0.0973872
classification_error on 'test' 0.0789474
Save,2084,0.0973872,0.0789474
sample_count 75 Sample index 66
 i 0:0.60547 i 1:0.304495 i 2:0.672581 i 3:0.60999 bias 1
 test_print 3.19254
net matrix:
 -1.67186 0.236522 -0.18582
outputs matrix:
 0.0341017 0.616104 0.408145
error matrix:
 -0.0341017 0.383896 -0.408145
delta matrix:
 -0.00224653 0.181598 -0.197185
weights_delta matrix:
 -0.000136021 0.0109952 -0.011939
 -6.84058e-05 0.00552957 -0.00600419
 -0.000151098 0.0122139 -0.0132623
 -0.000137036 0.0110773 -0.0120281
 -0.000224653 0.0181598 -0.0197185
weights matrix:
 -0.877333 0.0550003 0.0987112
 1.6187 -1.61188 -0.463981
 -2.03961 0.821602 1.57549
 -1.68115 -0.352156 1.87278
 0.763232 0.39772 -2.35136
regression_error on 'test' 0.100859
classification_error on 'test' 0.105263
Save,2085,0.100859,0.105263
sample_count 75 Sample index 33
 i 0:0.559279 i 1:0.480944 i 2:0.672581 i 3:0.719493 bias 1
 test_print 3.4323
net matrix:
 -1.53032 -0.0475225 -0.112205
outputs matrix:
 0.0447605 0.476257 0.444132
error matrix:
 -0.0447605 -0.476257 0.555868
delta matrix:
 -0.00382765 -0.237591 0.274464
weights_delta matrix:
 -0.000214072 -0.013288 0.0153502
 -0.000184089 -0.0114268 0.0132002
 -0.00025744 -0.0159799 0.0184599
 -0.000275397 -0.0170945 0.0197475
 -0.000382765 -0.0237591 0.0274464
weights matrix:
 -0.877547 0.0417123 0.114061
 1.61851 -1.62331 -0.45078
 -2.03986 0.805622 1.59395
 -1.68143 -0.36925 1.89253
 0.762849 0.373961 -2.32392
regression_error on 'test' 0.096082
classification_error on 'test' 0.105263
Save,2086,0.096082,0.105263
sample_count 75 Sample index 8
 i 0:0.489992 i 1:0.375074 i 2:0.702823 i 3:0.755994 bias 1
 test_print 3.32388
net matrix:
 -1.76489 0.0725987 0.113903
outputs matrix:
 0.0284765 0.536236 0.556707
error matrix:
 -0.0284765 -0.536236 0.443293
delta matrix:
 -0.00157564 -0.26671 0.218796
weights_delta matrix:
 -7.7205e-05 -0.0130686 0.0107208
 -5.90981e-05 -0.0100036 0.00820646
 -0.000110739 -0.018745 0.0153775
 -0.000119117 -0.0201631 0.0165408
 -0.000157564 -0.026671 0.0218796
weights matrix:
 -0.877624 0.0286438 0.124782
 1.61846 -1.63331 -0.442574
 -2.03997 0.786877 1.60933
 -1.68155 -0.389414 1.90907
 0.762691 0.34729 -2.30204
regression_error on 'test' 0.0924103
classification_error on 'test' 0.0789474
Save,2087,0.0924103,0.0789474
sample_count 75 Sample index 48
 i 0:0.744044 i 1:0.516233 i 2:0.748185 i 3:0.828996 bias 1
 test_print 3.83746
net matrix:
 -1.97508 -0.208658 0.349023
outputs matrix:
 0.0188882 0.397159 0.667754
error matrix:
 -0.0188882 -0.397159 0.332246
delta matrix:
 -0.000700049 -0.190179 0.147423
weights_delta matrix:
 -5.20868e-05 -0.0141501 0.0109689
 -3.61389e-05 -0.00981765 0.00761047
 -5.23766e-05 -0.0142289 0.01103
 -5.80338e-05 -0.0157657 0.0122213
 -7.00049e-05 -0.0190179 0.0147423
weights matrix:
 -0.877677 0.0144937 0.135751
 1.61842 -1.64313 -0.434964
 -2.04003 0.772648 1.62036
 -1.68161 -0.405179 1.92129
 0.762621 0.328272 -2.2873
regression_error on 'test' 0.0901322
classification_error on 'test' 0.0789474
Save,2088,0.0901322,0.0789474
sample_count 75 Sample index 12
 i 0:0.166653 i 1:0.480944 i 2:0.128226 i 3:0.135476 bias 1
 test_print 1.9113
net matrix:
 0.905321 -0.415383 -2.0058
outputs matrix:
 0.859439 0.303483 0.0177823
error matrix:
 0.140561 -0.303483 -0.0177823
delta matrix:
 0.0339604 -0.128301 -0.000621177
weights_delta matrix:
 0.00056596 -0.00213818 -1.03521e-05
 0.0016333 -0.00617057 -2.98751e-05
 0.00043546 -0.00164516 -7.9651e-06
 0.000460081 -0.00173817 -8.41545e-06
 0.00339604 -0.0128301 -6.21177e-05
weights matrix:
 -0.877111 0.0123555 0.135741
 1.62005 -1.6493 -0.434993
 -2.03959 0.771003 1.62035
 -1.68115 -0.406917 1.92128
 0.766017 0.315442 -2.28736
regression_error on 'test' 0.0896901
classification_error on 'test' 0.0789474
Save,2089,0.0896901,0.0789474
sample_count 75 Sample index 72
 i 0:0.905713 i 1:0.480944 i 2:0.929637 i 3:0.828996 bias 1
 test_print 4.14529
net matrix:
 -2.53898 -0.087167 0.725452
outputs matrix:
 0.00619398 0.456527 0.810138
error matrix:
 -0.00619398 -0.456527 0.189862
delta matrix:
 -7.62556e-05 -0.226538 0.0584072
weights_delta matrix:
 -6.90657e-06 -0.0205178 0.00529002
 -3.66747e-06 -0.0108952 0.00280906
 -7.08901e-06 -0.0210598 0.00542975
 -6.32156e-06 -0.0187799 0.00484193
 -7.62556e-06 -0.0226538 0.00584072
weights matrix:
 -0.877117 -0.00816234 0.141031
 1.62005 -1.66019 -0.432184
 -2.0396 0.749943 1.62578
 -1.68115 -0.425697 1.92612
 0.76601 0.292788 -2.28152
regression_error on 'test' 0.0880906
classification_error on 'test' 0.157895
Save,2090,0.0880906,0.157895
sample_count 75 Sample index 38
 i 0:0.397609 i 1:0.798551 i 2:0.128226 i 3:0.208478 bias 1
 test_print 2.53286
net matrix:
 1.09894 -1.02879 -1.96054
outputs matrix:
 0.900059 0.113288 0.0194345
error matrix:
 0.0999413 -0.113288 -0.0194345
delta matrix:
 0.0179801 -0.0227605 -0.000740716
weights_delta matrix:
 0.000714903 -0.00090498 -2.94515e-05
 0.0014358 -0.00181755 -5.915e-05
 0.000230551 -0.000291849 -9.49791e-06
 0.000374845 -0.000474507 -1.54423e-05
 0.00179801 -0.00227605 -7.40716e-05
weights matrix:
 -0.876403 -0.00906732 0.141001
 1.62148 -1.66201 -0.432244
 -2.03937 0.749652 1.62577
 -1.68078 -0.426172 1.92611
 0.767808 0.290512 -2.28159
regression_error on 'test' 0.0880284
classification_error on 'test' 0.184211
Save,2091,0.0880284,0.184211
sample_count 75 Sample index 61
 i 0:0.697853 i 1:0.480944 i 2:0.687702 i 3:0.682992 bias 1
 test_print 3.54949
net matrix:
 -1.61438 -0.290684 0.0424868
outputs matrix:
 0.0380973 0.358618 0.521231
error matrix:
 -0.0380973 0.641382 -0.521231
delta matrix:
 -0.00279223 0.29505 -0.260145
weights_delta matrix:
 -0.000194856 0.0205902 -0.0181543
 -0.00013429 0.0141903 -0.0125115
 -0.000192022 0.0202906 -0.0178903
 -0.000190707 0.0201517 -0.0177677
 -0.000279223 0.029505 -0.0260145
weights matrix:
 -0.876597 0.0115228 0.122847
 1.62135 -1.64782 -0.444755
 -2.03956 0.769942 1.60788
 -1.68097 -0.40602 1.90834
 0.767528 0.320017 -2.30761
regression_error on 'test' 0.0907096
classification_error on 'test' 0.0789474
Save,2092,0.0907096,0.0789474
sample_count 75 Sample index 38
 i 0:0.397609 i 1:0.798551 i 2:0.128226 i 3:0.208478 bias 1
 test_print 2.53286
net matrix:
 1.10175 -0.977189 -2.0099
outputs matrix:
 0.900563 0.124077 0.0176398
error matrix:
 0.0994372 -0.124077 -0.0176398
delta matrix:
 0.0178091 -0.0269697 -0.000611347
weights_delta matrix:
 0.000708106 -0.00107234 -2.43077e-05
 0.00142215 -0.00215367 -4.88192e-05
 0.000228359 -0.000345822 -7.83906e-06
 0.000371281 -0.00056226 -1.27452e-05
 0.00178091 -0.00269697 -6.11347e-05
weights matrix:
 -0.875889 0.0104505 0.122823
 1.62277 -1.64997 -0.444804
 -2.03933 0.769596 1.60787
 -1.6806 -0.406582 1.90833
 0.769309 0.31732 -2.30767
regression_error on 'test' 0.0905966
classification_error on 'test' 0.0789474
Save,2093,0.0905966,0.0789474
sample_count 75 Sample index 25
 i 0:0.628566 i 1:0.410364 i 2:0.778427 i 3:0.865497 bias 1
 test_print 3.68285
net matrix:
 -2.15734 -0.106022 0.49027
outputs matrix:
 0.0131944 0.447187 0.727215
error matrix:
 -0.0131944 -0.447187 0.272785
delta matrix:
 -0.000343591 -0.221099 0.108226
weights_delta matrix:
 -2.15969e-05 -0.0138975 0.00680274
 -1.40997e-05 -0.0090731 0.00444122
 -2.6746e-05 -0.0172109 0.00842463
 -2.97377e-05 -0.019136 0.00936696
 -3.43591e-05 -0.0221099 0.0108226
weights matrix:
 -0.875911 -0.00344702 0.129625
 1.62276 -1.65905 -0.440363
 -2.03936 0.752385 1.6163
 -1.68063 -0.425718 1.9177
 0.769275 0.29521 -2.29684
regression_error on 'test' 0.0888015
classification_error on 'test' 0.105263
Save,2094,0.0888015,0.105263
sample_count 75 Sample index 66
 i 0:0.60547 i 1:0.304495 i 2:0.672581 i 3:0.60999 bias 1
 test_print 3.19254
net matrix:
 -1.66374 0.0343081 -0.0955804
outputs matrix:
 0.0346404 0.517147 0.452355
error matrix:
 -0.0346404 0.482853 -0.452355
delta matrix:
 -0.00231678 0.241142 -0.224124
weights_delta matrix:
 -0.000140274 0.0146004 -0.01357
 -7.05448e-05 0.00734267 -0.00682445
 -0.000155822 0.0162188 -0.0150741
 -0.000141321 0.0147094 -0.0136713
 -0.000231678 0.0241142 -0.0224124
weights matrix:
 -0.876051 0.0111534 0.116055
 1.62269 -1.6517 -0.447187
 -2.03951 0.768604 1.60123
 -1.68077 -0.411009 1.90402
 0.769043 0.319325 -2.31926
regression_error on 'test' 0.0910876
classification_error on 'test' 0.0789474
Save,2095,0.0910876,0.0789474
sample_count 75 Sample index 45
 i 0:0.697853 i 1:0.586813 i 2:0.793548 i 3:0.975 bias 1
 test_print 4.05321
net matrix:
 -2.1473 -0.432943 0.626391
outputs matrix:
 0.0134585 0.296111 0.777781
error matrix:
 -0.0134585 -0.296111 0.222219
delta matrix:
 -0.000357385 -0.123437 0.0768156
weights_delta matrix:
 -2.49402e-05 -0.00861405 0.0053606
 -2.09718e-05 -0.00724342 0.00450764
 -2.83602e-05 -0.00979528 0.00609569
 -3.4845e-05 -0.0120351 0.00748952
 -3.57385e-05 -0.0123437 0.00768156
weights matrix:
 -0.876076 0.00253937 0.121416
 1.62267 -1.65895 -0.442679
 -2.03954 0.758809 1.60732
 -1.6808 -0.423044 1.91151
 0.769008 0.306981 -2.31157
regression_error on 'test' 0.089793
classification_error on 'test' 0.0789474
Save,2096,0.089793,0.0789474
sample_count 75 Sample index 16
 i 0:0.60547 i 1:0.304495 i 2:0.687702 i 3:0.755994 bias 1
 test_print 3.35366
net matrix:
 -1.94061 0.00539301 0.177596
outputs matrix:
 0.0202088 0.502696 0.587876
error matrix:
 -0.0202088 -0.502696 0.412124
delta matrix:
 -0.000800284 -0.251341 0.199697
weights_delta matrix:
 -4.84548e-05 -0.0152179 0.012091
 -2.43683e-05 -0.00765321 0.00608067
 -5.50357e-05 -0.0172848 0.0137332
 -6.0501e-05 -0.0190012 0.015097
 -8.00284e-05 -0.0251341 0.0199697
weights matrix:
 -0.876125 -0.0126786 0.133507
 1.62264 -1.6666 -0.436599
 -2.0396 0.741524 1.62105
 -1.68086 -0.442045 1.92661
 0.768928 0.281847 -2.2916
regression_error on 'test' 0.0878526
classification_error on 'test' 0.184211
Save,2097,0.0878526,0.184211
sample_count 75 Sample index 42
 i 0:0.651661 i 1:0.551523 i 2:0.702823 i 3:0.792495 bias 1
 test_print 3.6985
net matrix:
 -1.67264 -0.474742 0.220746
outputs matrix:
 0.0340503 0.278989 0.608614
error matrix:
 -0.0340503 -0.278989 0.391386
delta matrix:
 -0.00223989 -0.112239 0.186458
weights_delta matrix:
 -0.000145965 -0.0073142 0.0121508
 -0.000123535 -0.00619025 0.0102836
 -0.000157425 -0.00788843 0.0131047
 -0.00017751 -0.00889491 0.0147767
 -0.000223989 -0.0112239 0.0186458
weights matrix:
 -0.876271 -0.0199928 0.145658
 1.62252 -1.67279 -0.426315
 -2.03975 0.733636 1.63416
 -1.68104 -0.45094 1.94139
 0.768704 0.270623 -2.27296
regression_error on 'test' 0.0868782
classification_error on 'test' 0.157895
Save,2098,0.0868782,0.157895
sample_count 75 Sample index 70
 i 0:0.259036 i 1:0.622103 i 2:0.173589 i 3:0.135476 bias 1
 test_print 2.1902
net matrix:
 0.969272 -0.708945 -1.95376
outputs matrix:
 0.874192 0.194993 0.0196947
error matrix:
 0.125808 -0.194993 -0.0196947
delta matrix:
 0.0276728 -0.0612162 -0.000760485
weights_delta matrix:
 0.000716825 -0.00158572 -1.96993e-05
 0.00172153 -0.00380828 -4.731e-05
 0.000480369 -0.00106265 -1.32012e-05
 0.0003749 -0.000829333 -1.03027e-05
 0.00276728 -0.00612162 -7.60485e-05
weights matrix:
 -0.875554 -0.0215785 0.145638
 1.62424 -1.6766 -0.426363
 -2.03927 0.732573 1.63415
 -1.68067 -0.451769 1.94138
 0.771471 0.264501 -2.27304
regression_error on 'test' 0.0868069
classification_error on 'test' 0.157895
Save,2099,0.0868069,0.157895
sample_count 75 Sample index 61
 i 0:0.697853 i 1:0.480944 i 2:0.687702 i 3:0.682992 bias 1
 test_print 3.54949
net matrix:
 -1.60866 -0.361671 0.0732927
outputs matrix:
 0.0385189 0.326658 0.536581
error matrix:
 -0.0385189 0.673342 -0.536581
delta matrix:
 -0.00285311 0.296207 -0.266854
weights_delta matrix:
 -0.000199105 0.0206709 -0.0186225
 -0.000137219 0.0142459 -0.0128342
 -0.000196209 0.0203702 -0.0183516
 -0.000194865 0.0202307 -0.0182259
 -0.000285311 0.0296207 -0.0266854
weights matrix:
 -0.875753 -0.000907621 0.127016
 1.6241 -1.66235 -0.439197
 -2.03947 0.752943 1.61579
 -1.68086 -0.431539 1.92315
 0.771185 0.294122 -2.29972
regression_error on 'test' 0.0886981
classification_error on 'test' 0.105263
Save,2100,0.0886981,0.105263
sample_count 75 Sample index 45
 i 0:0.697853 i 1:0.586813 i 2:0.793548 i 3:0.975 bias 1
 test_print 4.05321
net matrix:
 -2.14417 -0.505256 0.688474
outputs matrix:
 0.0135417 0.26688 0.7985
error matrix:
 -0.0135417 -0.26688 0.2015
delta matrix:
 -0.000361788 -0.104433 0.0648416
weights_delta matrix:
 -2.52475e-05 -0.00728787 0.00452499
 -2.12302e-05 -0.00612825 0.00380499
 -2.87096e-05 -0.00828724 0.00514549
 -3.52744e-05 -0.0101822 0.00632206
 -3.61788e-05 -0.0104433 0.00648416
weights matrix:
 -0.875778 -0.00819549 0.131541
 1.62408 -1.66848 -0.435392
 -2.0395 0.744656 1.62094
 -1.6809 -0.441721 1.92947
 0.771149 0.283679 -2.29324
regression_error on 'test' 0.0879231
classification_error on 'test' 0.184211
Save,2101,0.0879231,0.184211
sample_count 75 Sample index 7
 i 0:0.651661 i 1:0.410364 i 2:0.627218 i 3:0.60999 bias 1
 test_print 3.29923
net matrix:
 -1.43764 -0.20873 -0.192544
outputs matrix:
 0.0533895 0.397125 0.4049
error matrix:
 -0.0533895 0.602875 -0.4049
delta matrix:
 -0.00539651 0.288677 -0.195126
weights_delta matrix:
 -0.000351669 0.0188119 -0.0127156
 -0.000221453 0.0118463 -0.00800729
 -0.000338479 0.0181063 -0.0122387
 -0.000329181 0.017609 -0.0119025
 -0.000539651 0.0288677 -0.0195126
weights matrix:
 -0.87613 0.0106165 0.118825
 1.62386 -1.65664 -0.443399
 -2.03984 0.762762 1.6087
 -1.68123 -0.424112 1.91757
 0.77061 0.312546 -2.31275
regression_error on 'test' 0.089968
classification_error on 'test' 0.0789474
Save,2102,0.089968,0.0789474
sample_count 75 Sample index 47
 i 0:0.282131 i 1:0.516233 i 2:0.158468 i 3:0.0989754 bias 1
 test_print 2.05581
net matrix:
 0.872068 -0.460771 -2.0634
outputs matrix:
 0.851212 0.284644 0.0158782
error matrix:
 0.148788 -0.284644 -0.0158782
delta matrix:
 0.0376882 -0.115919 -0.000496227
weights_delta matrix:
 0.0010633 -0.00327044 -1.40001e-05
 0.00194559 -0.00598413 -2.56169e-05
 0.000597238 -0.00183695 -7.8636e-06
 0.000373021 -0.00114731 -4.91142e-06
 0.00376882 -0.0115919 -4.96227e-05
weights matrix:
 -0.875066 0.00734601 0.118811
 1.62581 -1.66262 -0.443425
 -2.03924 0.760925 1.60869
 -1.68085 -0.425259 1.91757
 0.774378 0.300955 -2.3128
regression_error on 'test' 0.0896401
classification_error on 'test' 0.0789474
Save,2103,0.0896401,0.0789474
sample_count 75 Sample index 7
 i 0:0.651661 i 1:0.410364 i 2:0.627218 i 3:0.60999 bias 1
 test_print 3.29923
net matrix:
 -1.43305 -0.158675 -0.238643
outputs matrix:
 0.0538553 0.421322 0.382893
error matrix:
 -0.0538553 0.578678 -0.382893
delta matrix:
 -0.00548838 0.282175 -0.180945
weights_delta matrix:
 -0.000357656 0.0183882 -0.0117915
 -0.000225223 0.0115794 -0.00742532
 -0.000344241 0.0176985 -0.0113492
 -0.000334786 0.0172124 -0.0110374
 -0.000548838 0.0282175 -0.0180945
weights matrix:
 -0.875424 0.0257342 0.10702
 1.62558 -1.65104 -0.45085
 -2.03958 0.778624 1.59734
 -1.68119 -0.408047 1.90653
 0.77383 0.329172 -2.33089
regression_error on 'test' 0.0922319
classification_error on 'test' 0.0789474
Save,2104,0.0922319,0.0789474
sample_count 75 Sample index 42
 i 0:0.651661 i 1:0.551523 i 2:0.702823 i 3:0.792495 bias 1
 test_print 3.6985
net matrix:
 -1.6659 -0.340785 0.123757
outputs matrix:
 0.0344959 0.335911 0.561565
error matrix:
 -0.0344959 -0.335911 0.438435
delta matrix:
 -0.00229784 -0.149867 0.215894
weights_delta matrix:
 -0.000149741 -0.00976622 0.014069
 -0.000126731 -0.00826549 0.0119071
 -0.000161497 -0.010533 0.0151735
 -0.000182103 -0.0118769 0.0171095
 -0.000229784 -0.0149867 0.0215894
weights matrix:
 -0.875574 0.015968 0.121088
 1.62545 -1.65931 -0.438943
 -2.03975 0.768091 1.61252
 -1.68137 -0.419924 1.92364
 0.7736 0.314185 -2.3093
regression_error on 'test' 0.0898999
classification_error on 'test' 0.0789474
Save,2105,0.0898999,0.0789474
sample_count 75 Sample index 10
 i 0:0.697853 i 1:0.304495 i 2:0.808669 i 3:0.719493 bias 1
 test_print 3.53051
net matrix:
 -2.20169 0.139078 0.329579
outputs matrix:
 0.0120879 0.569094 0.659071
error matrix:
 -0.0120879 -0.569094 0.340929
delta matrix:
 -0.000288704 -0.279113 0.153211
weights_delta matrix:
 -2.01473e-05 -0.019478 0.0106919
 -8.7909e-06 -0.00849886 0.00466519
 -2.33466e-05 -0.022571 0.0123897
 -2.07721e-05 -0.020082 0.0110234
 -2.88704e-05 -0.0279113 0.0153211
weights matrix:
 -0.875594 -0.00350998 0.13178
 1.62545 -1.6678 -0.434278
 -2.03977 0.74552 1.62491
 -1.68139 -0.440006 1.93466
 0.773571 0.286274 -2.29398
regression_error on 'test' 0.0878907
classification_error on 'test' 0.184211
Save,2106,0.0878907,0.184211
sample_count 75 Sample index 21
 i 0:0.836426 i 1:0.445654 i 2:0.884274 i 3:0.719493 bias 1
 test_print 3.88585
net matrix:
 -2.24788 -0.117263 0.451543
outputs matrix:
 0.0110332 0.441636 0.711583
error matrix:
 -0.0110332 -0.441636 0.288417
delta matrix:
 -0.000240777 -0.217809 0.118385
weights_delta matrix:
 -2.01392e-05 -0.0182181 0.00990204
 -1.07303e-05 -0.00970675 0.00527588
 -2.12913e-05 -0.0192603 0.0104685
 -1.73237e-05 -0.0156712 0.00851773
 -2.40777e-05 -0.0217809 0.0118385
weights matrix:
 -0.875614 -0.0217281 0.141682
 1.62543 -1.67751 -0.429002
 -2.03979 0.72626 1.63538
 -1.68141 -0.455677 1.94318
 0.773547 0.264493 -2.28214
regression_error on 'test' 0.0867915
classification_error on 'test' 0.157895
Save,2107,0.0867915,0.157895
sample_count 75 Sample index 20
 i 0:0.489992 i 1:0.375074 i 2:0.521371 i 3:0.500487 bias 1
 test_print 2.88692
net matrix:
 -0.950849 -0.224754 -0.548455
outputs matrix:
 0.129916 0.389478 0.250319
error matrix:
 -0.129916 0.610522 -0.250319
delta matrix:
 -0.029371 0.290346 -0.0939496
weights_delta matrix:
 -0.00143916 0.0142267 -0.00460346
 -0.00110163 0.0108901 -0.00352381
 -0.00153132 0.0151378 -0.00489826
 -0.00146998 0.0145314 -0.00470206
 -0.0029371 0.0290346 -0.00939496
weights matrix:
 -0.877053 -0.00750139 0.137079
 1.62433 -1.66662 -0.432526
 -2.04132 0.741397 1.63048
 -1.68288 -0.441146 1.93848
 0.77061 0.293528 -2.29154
regression_error on 'test' 0.087669
classification_error on 'test' 0.157895
Save,2108,0.087669,0.157895
sample_count 75 Sample index 60
 i 0:0.559279 i 1:0.410364 i 2:0.536492 i 3:0.536988 bias 1
 test_print 3.04312
net matrix:
 -1.05218 -0.233725 -0.47669
outputs matrix:
 0.108674 0.38522 0.278206
error matrix:
 -0.108674 0.61478 -0.278206
delta matrix:
 -0.0210532 0.291191 -0.111731
weights_delta matrix:
 -0.00117746 0.0162857 -0.00624891
 -0.000863949 0.0119494 -0.00458506
 -0.00112949 0.0156222 -0.0059943
 -0.00113053 0.0156366 -0.00599984
 -0.00210532 0.0291191 -0.0111731
weights matrix:
 -0.878231 0.00878432 0.13083
 1.62347 -1.65467 -0.437111
 -2.04245 0.75702 1.62448
 -1.68401 -0.425509 1.93248
 0.768504 0.322647 -2.30271
regression_error on 'test' 0.089172
classification_error on 'test' 0.0789474
Save,2109,0.089172,0.0789474
sample_count 75 Sample index 30
 i 0:0.559279 i 1:0.410364 i 2:0.642339 i 3:0.500487 bias 1
 test_print 3.11247
net matrix:
 -1.21123 -0.0781564 -0.398268
outputs matrix:
 0.0814761 0.461001 0.310767
error matrix:
 -0.0814761 0.538999 -0.310767
delta matrix:
 -0.012195 0.26786 -0.133127
weights_delta matrix:
 -0.00068204 0.0149808 -0.00744551
 -0.000500438 0.010992 -0.00546305
 -0.000783332 0.0172057 -0.00855126
 -0.000610343 0.013406 -0.00666283
 -0.0012195 0.026786 -0.0133127
weights matrix:
 -0.878913 0.0237652 0.123385
 1.62297 -1.64368 -0.442574
 -2.04323 0.774225 1.61593
 -1.68462 -0.412103 1.92581
 0.767285 0.349433 -2.31602
regression_error on 'test' 0.0912506
classification_error on 'test' 0.0789474
Save,2110,0.0912506,0.0789474
sample_count 75 Sample index 24
 i 0:0.466896 i 1:0.445654 i 2:0.566734 i 3:0.536988 bias 1
 test_print 3.01627
net matrix:
 -0.982384 -0.154498 -0.505709
outputs matrix:
 0.122952 0.42336 0.266702
error matrix:
 -0.122952 0.57664 -0.266702
delta matrix:
 -0.026517 0.281546 -0.104319
weights_delta matrix:
 -0.00123807 0.0131453 -0.00487062
 -0.00118174 0.0125472 -0.00464902
 -0.00150281 0.0159562 -0.00591212
 -0.00142393 0.0151187 -0.00560181
 -0.0026517 0.0281546 -0.0104319
weights matrix:
 -0.880151 0.0369104 0.118514
 1.62179 -1.63113 -0.447223
 -2.04474 0.790182 1.61002
 -1.68604 -0.396984 1.92021
 0.764633 0.377587 -2.32646
regression_error on 'test' 0.0937765
classification_error on 'test' 0.0789474
Save,2111,0.0937765,0.0789474
sample_count 75 Sample index 31
 i 0:0.559279 i 1:0.339785 i 2:0.778427 i 3:0.573489 bias 1
 test_print 3.25098
net matrix:
 -1.73516 0.231429 -0.0576307
outputs matrix:
 0.0301684 0.613692 0.471217
error matrix:
 -0.0301684 -0.613692 0.528783
delta matrix:
 -0.00176535 -0.290981 0.263516
weights_delta matrix:
 -9.87324e-05 -0.016274 0.0147379
 -5.9984e-05 -0.0098871 0.00895386
 -0.00013742 -0.0226507 0.0205128
 -0.000101241 -0.0166874 0.0151123
 -0.000176535 -0.0290981 0.0263516
weights matrix:
 -0.88025 0.0206365 0.133252
 1.62173 -1.64102 -0.438269
 -2.04487 0.767531 1.63053
 -1.68614 -0.413672 1.93532
 0.764457 0.348489 -2.30011
regression_error on 'test' 0.0902975
classification_error on 'test' 0.0789474
Save,2112,0.0902975,0.0789474
sample_count 75 Sample index 54
 i 0:0.305227 i 1:0.622103 i 2:0.158468 i 3:0.135476 bias 1
 test_print 2.22127
net matrix:
 0.952183 -0.600509 -2.0115
outputs matrix:
 0.870385 0.231294 0.0175843
error matrix:
 0.129615 -0.231294 -0.0175843
delta matrix:
 0.0292451 -0.082247 -0.00060754
weights_delta matrix:
 0.00089264 -0.0025104 -1.85438e-05
 0.00181935 -0.00511661 -3.77953e-05
 0.000463441 -0.00130335 -9.62757e-06
 0.000396201 -0.00111425 -8.23071e-06
 0.00292451 -0.0082247 -6.0754e-05
weights matrix:
 -0.879357 0.0181261 0.133233
 1.62355 -1.64614 -0.438307
 -2.04441 0.766227 1.63052
 -1.68575 -0.414786 1.93532
 0.767381 0.340265 -2.30017
regression_error on 'test' 0.0899419
classification_error on 'test' 0.0789474
Save,2113,0.0899419,0.0789474
sample_count 75 Sample index 74
 i 0:0.443801 i 1:0.480944 i 2:0.551613 i 3:0.536988 bias 1
 test_print 3.01335
net matrix:
 -0.874994 -0.243464 -0.513179
outputs matrix:
 0.148049 0.380617 0.263791
error matrix:
 -0.148049 0.619383 -0.263791
delta matrix:
 -0.0373469 0.292036 -0.102459
weights_delta matrix:
 -0.00165746 0.0129606 -0.00454715
 -0.00179618 0.0140453 -0.00492771
 -0.0020601 0.0161091 -0.00565178
 -0.00200548 0.015682 -0.00550193
 -0.00373469 0.0292036 -0.0102459
weights matrix:
 -0.881014 0.0310867 0.128686
 1.62175 -1.63209 -0.443234
 -2.04647 0.782337 1.62487
 -1.68775 -0.399104 1.92981
 0.763647 0.369468 -2.31041
regression_error on 'test' 0.0922551
classification_error on 'test' 0.0789474
Save,2114,0.0922551,0.0789474
sample_count 75 Sample index 15
 i 0:0.720948 i 1:0.410364 i 2:0.65746 i 3:0.573489 bias 1
 test_print 3.36226
net matrix:
 -1.51939 0.00760204 -0.224508
outputs matrix:
 0.0457042 0.503801 0.389595
error matrix:
 -0.0457042 0.496199 -0.389595
delta matrix:
 -0.0039868 0.248085 -0.185299
weights_delta matrix:
 -0.000287427 0.0178857 -0.0133591
 -0.000163604 0.0101805 -0.00760402
 -0.000262116 0.0163106 -0.0121827
 -0.000228639 0.0142274 -0.0106267
 -0.00039868 0.0248085 -0.0185299
weights matrix:
 -0.881302 0.0489723 0.115327
 1.62159 -1.62191 -0.450838
 -2.04673 0.798647 1.61269
 -1.68798 -0.384877 1.91919
 0.763248 0.394277 -2.32894
regression_error on 'test' 0.0955129
classification_error on 'test' 0.105263
Save,2115,0.0955129,0.105263
sample_count 75 Sample index 46
 i 0:0.928809 i 1:0.480944 i 2:0.854032 i 3:0.901998 bias 1
 test_print 4.16578
net matrix:
 -2.54595 -0.005373 0.669738
outputs matrix:
 0.00610874 0.497314 0.792404
error matrix:
 -0.00610874 -0.497314 0.207596
delta matrix:
 -7.41776e-05 -0.24865 0.0682992
weights_delta matrix:
 -6.88968e-06 -0.0230948 0.00634369
 -3.56753e-06 -0.0119587 0.00328481
 -6.335e-06 -0.0212355 0.00583297
 -6.6908e-06 -0.0224281 0.00616058
 -7.41776e-06 -0.024865 0.00682992
weights matrix:
 -0.881309 0.0258775 0.121671
 1.62158 -1.63387 -0.447554
 -2.04674 0.777412 1.61852
 -1.68799 -0.407305 1.92535
 0.76324 0.369412 -2.32211
regression_error on 'test' 0.0922866
classification_error on 'test' 0.0789474
Save,2116,0.0922866,0.0789474
sample_count 75 Sample index 9
 i 0:0.351418 i 1:0.375074 i 2:0.521371 i 3:0.573489 bias 1
 test_print 2.82135
net matrix:
 -0.973407 -0.062581 -0.499204
outputs matrix:
 0.124901 0.46875 0.269254
error matrix:
 -0.124901 0.53125 -0.269254
delta matrix:
 -0.0273036 0.264587 -0.105955
weights_delta matrix:
 -0.000959497 0.00929807 -0.00372345
 -0.00102409 0.00992398 -0.0039741
 -0.00142353 0.0137948 -0.00552419
 -0.00156583 0.0151738 -0.00607641
 -0.00273036 0.0264587 -0.0105955
weights matrix:
 -0.882268 0.0351756 0.117947
 1.62056 -1.62395 -0.451528
 -2.04816 0.791206 1.613
 -1.68955 -0.392131 1.91927
 0.76051 0.395871 -2.33271
regression_error on 'test' 0.0948045
classification_error on 'test' 0.105263
Save,2117,0.0948045,0.105263
sample_count 75 Sample index 0
 i 0:0.282131 i 1:0.269205 i 2:0.430645 i 3:0.427485 bias 1
 test_print 2.40947
net matrix:
 -0.656433 0.14172 -0.905895
outputs matrix:
 0.212008 0.570389 0.140422
error matrix:
 -0.212008 0.429611 -0.140422
delta matrix:
 -0.0708361 0.210548 -0.0338988
weights_delta matrix:
 -0.00199851 0.00594022 -0.000956391
 -0.00190694 0.00566806 -0.000912574
 -0.00305052 0.00906716 -0.00145984
 -0.00302814 0.00900062 -0.00144912
 -0.00708361 0.0210548 -0.00338988
weights matrix:
 -0.884267 0.0411158 0.116991
 1.61865 -1.61828 -0.45244
 -2.05121 0.800274 1.61154
 -1.69258 -0.38313 1.91782
 0.753427 0.416925 -2.3361
regression_error on 'test' 0.0966066
classification_error on 'test' 0.0526316
Save,2118,0.0966066,0.0526316
sample_count 75 Sample index 19
 i 0:0.674757 i 1:0.480944 i 2:0.596976 i 3:0.573489 bias 1
 test_print 3.32617
net matrix:
 -1.25996 -0.0756089 -0.412856
outputs matrix:
 0.0744733 0.462267 0.304552
error matrix:
 -0.0744733 0.537733 -0.304552
delta matrix:
 -0.0102665 0.267335 -0.129009
weights_delta matrix:
 -0.000692736 0.0180386 -0.00870495
 -0.000493759 0.0128573 -0.00620459
 -0.000612883 0.0159593 -0.0077015
 -0.00058877 0.0153314 -0.0073985
 -0.00102665 0.0267335 -0.0129009
weights matrix:
 -0.884959 0.0591544 0.108286
 1.61816 -1.60542 -0.458645
 -2.05183 0.816233 1.60384
 -1.69317 -0.367799 1.91042
 0.7524 0.443659 -2.349
regression_error on 'test' 0.100569
classification_error on 'test' 0.0789474
Save,2119,0.100569,0.0789474
sample_count 75 Sample index 22
 i 0:0.305227 i 1:0.233915 i 2:0.430645 i 3:0.427485 bias 1
 test_print 2.39727
net matrix:
 -0.746617 0.280461 -0.915869
outputs matrix:
 0.183437 0.636666 0.138031
error matrix:
 -0.183437 0.363334 -0.138031
delta matrix:
 -0.0549532 0.168095 -0.0328456
weights_delta matrix:
 -0.00167732 0.00513071 -0.00100254
 -0.00128544 0.00393199 -0.000768308
 -0.00236653 0.00723892 -0.00141448
 -0.00234917 0.0071858 -0.0014041
 -0.00549532 0.0168095 -0.00328456
weights matrix:
 -0.886637 0.0642852 0.107283
 1.61687 -1.60149 -0.459413
 -2.05419 0.823472 1.60242
 -1.69552 -0.360613 1.90902
 0.746905 0.460468 -2.35228
regression_error on 'test' 0.102452
classification_error on 'test' 0.131579
Save,2120,0.102452,0.131579
sample_count 75 Sample index 49
 i 0:0.397609 i 1:0.480944 i 2:0.612097 i 3:0.60999 bias 1
 test_print 3.10064
net matrix:
 -1.11962 -0.000122925 -0.385257
outputs matrix:
 0.0962814 0.499939 0.316368
error matrix:
 -0.0962814 0.500061 -0.316368
delta matrix:
 -0.0167551 0.250031 -0.136848
weights_delta matrix:
 -0.0006662 0.00994145 -0.00544118
 -0.000805829 0.0120251 -0.0065816
 -0.00102558 0.0153043 -0.00837639
 -0.00102205 0.0152516 -0.00834756
 -0.00167551 0.0250031 -0.0136848
weights matrix:
 -0.887303 0.0742266 0.101842
 1.61607 -1.58946 -0.465995
 -2.05522 0.838776 1.59404
 -1.69654 -0.345361 1.90067
 0.745229 0.485471 -2.36597
regression_error on 'test' 0.106832
classification_error on 'test' 0.157895
Save,2121,0.106832,0.157895
sample_count 75 Sample index 57
 i 0:0.374514 i 1:0.727972 i 2:0.158468 i 3:0.135476 bias 1
 test_print 2.39643
net matrix:
 1.03385 -0.557683 -2.15696
outputs matrix:
 0.887723 0.246872 0.0132044
error matrix:
 0.112277 -0.246872 -0.0132044
delta matrix:
 0.0223815 -0.0917999 -0.000344107
weights_delta matrix:
 0.000838217 -0.00343803 -1.28873e-05
 0.00162931 -0.00668277 -2.50501e-05
 0.000354675 -0.00145473 -5.453e-06
 0.000303215 -0.00124367 -4.66183e-06
 0.00223815 -0.00917999 -3.44107e-05
weights matrix:
 -0.886465 0.0707886 0.101829
 1.6177 -1.59615 -0.46602
 -2.05486 0.837321 1.59404
 -1.69624 -0.346605 1.90067
 0.747467 0.476291 -2.366
regression_error on 'test' 0.105819
classification_error on 'test' 0.157895
Save,2122,0.105819,0.157895
sample_count 75 Sample index 8
 i 0:0.489992 i 1:0.375074 i 2:0.702823 i 3:0.755994 bias 1
 test_print 3.32388
net matrix:
 -1.80669 0.238762 0.0663228
outputs matrix:
 0.0262528 0.617163 0.533113
error matrix:
 -0.0262528 -0.617163 0.466887
delta matrix:
 -0.00134223 -0.291638 0.23242
weights_delta matrix:
 -6.5768e-05 -0.01429 0.0113884
 -5.03434e-05 -0.0109386 0.00871746
 -9.43348e-05 -0.020497 0.016335
 -0.000101472 -0.0220476 0.0175708
 -0.000134223 -0.0291638 0.023242
weights matrix:
 -0.886531 0.0564986 0.113218
 1.61765 -1.60708 -0.457302
 -2.05496 0.816824 1.61037
 -1.69634 -0.368653 1.91824
 0.747333 0.447128 -2.34276
regression_error on 'test' 0.100048
classification_error on 'test' 0.0789474
Save,2123,0.100048,0.0789474
sample_count 75 Sample index 13
 i 0:0.420705 i 1:0.269205 i 2:0.491129 i 3:0.427485 bias 1
 test_print 2.60852
net matrix:
 -0.924567 0.281835 -0.807317
outputs matrix:
 0.135975 0.637301 0.165946
error matrix:
 -0.135975 0.362699 -0.165946
delta matrix:
 -0.0319501 0.167675 -0.0459366
weights_delta matrix:
 -0.00134416 0.00705415 -0.00193258
 -0.000860114 0.00451388 -0.00123664
 -0.00156916 0.00823498 -0.00225608
 -0.00136582 0.00716784 -0.00196372
 -0.00319501 0.0167675 -0.00459366
weights matrix:
 -0.887875 0.0635527 0.111285
 1.61679 -1.60257 -0.458539
 -2.05653 0.825059 1.60812
 -1.69771 -0.361485 1.91628
 0.744138 0.463895 -2.34735
regression_error on 'test' 0.102113
classification_error on 'test' 0.105263
Save,2124,0.102113,0.105263
sample_count 75 Sample index 59
 i 0:0.60547 i 1:0.233915 i 2:0.596976 i 3:0.536988 bias 1
 test_print 2.97335
net matrix:
 -1.5546 0.425937 -0.398208
outputs matrix:
 0.0427294 0.70096 0.310793
error matrix:
 -0.0427294 0.29904 -0.310793
delta matrix:
 -0.00349558 0.125367 -0.133144
weights_delta matrix:
 -0.000211647 0.00759057 -0.00806146
 -8.17668e-05 0.00293251 -0.00311444
 -0.000208678 0.00748408 -0.00794837
 -0.000187708 0.00673203 -0.00714967
 -0.000349558 0.0125367 -0.0133144
weights matrix:
 -0.888086 0.0711433 0.103224
 1.6167 -1.59964 -0.461653
 -2.05674 0.832543 1.60017
 -1.69789 -0.354753 1.90913
 0.743788 0.476432 -2.36067
regression_error on 'test' 0.10461
classification_error on 'test' 0.131579
Save,2125,0.10461,0.131579
sample_count 75 Sample index 51
 i 0:0.628566 i 1:0.516233 i 2:0.763306 i 3:0.719493 bias 1
 test_print 3.6276
net matrix:
 -1.77138 0.0756076 0.0609158
outputs matrix:
 0.0281198 0.537732 0.53042
error matrix:
 -0.0281198 -0.537732 0.46958
delta matrix:
 -0.00153698 -0.267335 0.233921
weights_delta matrix:
 -9.66092e-05 -0.0168038 0.0147035
 -7.93439e-05 -0.0138007 0.0120758
 -0.000117318 -0.0204058 0.0178553
 -0.000110584 -0.0192346 0.0168304
 -0.000153698 -0.0267335 0.0233921
weights matrix:
 -0.888183 0.0543395 0.117927
 1.61662 -1.61344 -0.449578
 -2.05685 0.812138 1.61803
 -1.698 -0.373987 1.92596
 0.743635 0.449698 -2.33728
regression_error on 'test' 0.0990276
classification_error on 'test' 0.0789474
Save,2126,0.0990276,0.0789474
sample_count 75 Sample index 35
 i 0:0.189749 i 1:0.233915 i 2:0.128226 i 3:0.171977 bias 1
 test_print 1.72387
net matrix:
 0.397496 0.122422 -1.88137
outputs matrix:
 0.688902 0.560907 0.0226931
error matrix:
 0.311098 -0.560907 -0.0226931
delta matrix:
 0.133347 -0.276292 -0.00100658
weights_delta matrix:
 0.00253024 -0.00524261 -1.90998e-05
 0.00311918 -0.00646288 -2.35455e-05
 0.00170985 -0.00354278 -1.2907e-05
 0.00229325 -0.00475159 -1.73109e-05
 0.0133347 -0.0276292 -0.000100658
weights matrix:
 -0.885653 0.0490969 0.117908
 1.61974 -1.6199 -0.449601
 -2.05514 0.808595 1.61801
 -1.69571 -0.378739 1.92594
 0.756969 0.422069 -2.33738
regression_error on 'test' 0.0970936
classification_error on 'test' 0.0526316
Save,2127,0.0970936,0.0526316
sample_count 75 Sample index 0
 i 0:0.282131 i 1:0.269205 i 2:0.430645 i 3:0.427485 bias 1
 test_print 2.40947
net matrix:
 -0.666786 0.186147 -0.905047
outputs matrix:
 0.208569 0.592013 0.140627
error matrix:
 -0.208569 0.407987 -0.140627
delta matrix:
 -0.0688561 0.197085 -0.0339897
weights_delta matrix:
 -0.00194264 0.00556038 -0.000958955
 -0.00185364 0.00530562 -0.00091502
 -0.00296525 0.00848736 -0.00146375
 -0.0029435 0.00842508 -0.00145301
 -0.00688561 0.0197085 -0.00339897
weights matrix:
 -0.887595 0.0546573 0.116949
 1.61789 -1.6146 -0.450516
 -2.05811 0.817082 1.61655
 -1.69866 -0.370314 1.92449
 0.750084 0.441778 -2.34078
regression_error on 'test' 0.0990456
classification_error on 'test' 0.0789474
Save,2128,0.0990456,0.0789474
sample_count 75 Sample index 19
 i 0:0.674757 i 1:0.480944 i 2:0.596976 i 3:0.573489 bias 1
 test_print 3.32617
net matrix:
 -1.27351 -0.0224645 -0.409824
outputs matrix:
 0.0726263 0.48877 0.305838
error matrix:
 -0.0726263 0.51123 -0.305838
delta matrix:
 -0.00978301 0.255486 -0.12986
weights_delta matrix:
 -0.000660115 0.0172391 -0.00876237
 -0.000470508 0.0122875 -0.00624552
 -0.000584022 0.0152519 -0.00775231
 -0.000561045 0.0146519 -0.00744731
 -0.000978301 0.0255486 -0.012986
weights matrix:
 -0.888255 0.0718964 0.108187
 1.61742 -1.60231 -0.456762
 -2.05869 0.832334 1.6088
 -1.69922 -0.355662 1.91704
 0.749105 0.467326 -2.35376
regression_error on 'test' 0.103249
classification_error on 'test' 0.131579
Save,2129,0.103249,0.131579
sample_count 75 Sample index 30
 i 0:0.559279 i 1:0.410364 i 2:0.642339 i 3:0.500487 bias 1
 test_print 3.11247
net matrix:
 -1.25676 0.206643 -0.487848
outputs matrix:
 0.0749156 0.601876 0.273747
error matrix:
 -0.0749156 0.398124 -0.273747
delta matrix:
 -0.0103838 0.190798 -0.108847
weights_delta matrix:
 -0.000580744 0.0106709 -0.00608757
 -0.000426114 0.00782967 -0.00446668
 -0.000666992 0.0122557 -0.00699165
 -0.000519696 0.0095492 -0.00544764
 -0.00103838 0.0190798 -0.0108847
weights matrix:
 -0.888836 0.0825673 0.102099
 1.61699 -1.59448 -0.461228
 -2.05936 0.84459 1.6018
 -1.69974 -0.346113 1.91159
 0.748067 0.486406 -2.36465
regression_error on 'test' 0.10665
classification_error on 'test' 0.157895
Save,2130,0.10665,0.157895
sample_count 75 Sample index 61
 i 0:0.697853 i 1:0.480944 i 2:0.687702 i 3:0.682992 bias 1
 test_print 3.54949
net matrix:
 -1.67166 0.121605 -0.108056
outputs matrix:
 0.0341147 0.560505 0.446181
error matrix:
 -0.0341147 0.439495 -0.446181
delta matrix:
 -0.00224821 0.21653 -0.220506
weights_delta matrix:
 -0.000156892 0.0151106 -0.0153881
 -0.000108127 0.0104139 -0.0106051
 -0.00015461 0.0148908 -0.0151642
 -0.000153551 0.0147888 -0.0150604
 -0.000224821 0.021653 -0.0220506
weights matrix:
 -0.888993 0.0976779 0.086711
 1.61689 -1.58406 -0.471834
 -2.05951 0.859481 1.58664
 -1.69989 -0.331324 1.89653
 0.747842 0.508059 -2.3867
regression_error on 'test' 0.112306
classification_error on 'test' 0.184211
Save,2131,0.112306,0.184211
sample_count 75 Sample index 41
 i 0:0.674757 i 1:0.445654 i 2:0.627218 i 3:0.536988 bias 1
 test_print 3.28462
net matrix:
 -1.33603 0.229188 -0.524879
outputs matrix:
 0.0646428 0.612629 0.259272
error matrix:
 -0.0646428 0.387371 -0.259272
delta matrix:
 -0.00781714 0.183858 -0.0995861
weights_delta matrix:
 -0.000527467 0.0124059 -0.00671964
 -0.000348374 0.0081937 -0.00443809
 -0.000490305 0.0115319 -0.00624622
 -0.000419771 0.00987294 -0.00534765
 -0.000781714 0.0183858 -0.00995861
weights matrix:
 -0.889521 0.110084 0.0799914
 1.61654 -1.57587 -0.476272
 -2.06001 0.871013 1.58039
 -1.70031 -0.321451 1.89118
 0.747061 0.526445 -2.39666
regression_error on 'test' 0.116385
classification_error on 'test' 0.210526
Save,2132,0.116385,0.210526
sample_count 75 Sample index 14
 i 0:0.697853 i 1:0.516233 i 2:0.778427 i 3:0.938499 bias 1
 test_print 3.93101
net matrix:
 -2.23849 0.166089 0.418394
outputs matrix:
 0.01124 0.582289 0.697788
error matrix:
 -0.01124 -0.582289 0.302212
delta matrix:
 -0.000249835 -0.283259 0.127461
weights_delta matrix:
 -1.74348e-05 -0.0197673 0.00889488
 -1.28973e-05 -0.0146227 0.00657994
 -1.94478e-05 -0.0220496 0.00992188
 -2.3447e-05 -0.0265838 0.0119622
 -2.49835e-05 -0.0283259 0.0127461
weights matrix:
 -0.889538 0.0903166 0.0888862
 1.61652 -1.59049 -0.469692
 -2.06002 0.848963 1.59032
 -1.70033 -0.348035 1.90314
 0.747036 0.498119 -2.38391
regression_error on 'test' 0.109429
classification_error on 'test' 0.157895
Save,2133,0.109429,0.157895
sample_count 75 Sample index 10
 i 0:0.697853 i 1:0.304495 i 2:0.808669 i 3:0.719493 bias 1
 test_print 3.53051
net matrix:
 -2.27076 0.512971 0.19044
outputs matrix:
 0.0105447 0.736128 0.594085
error matrix:
 -0.0105447 -0.736128 0.405915
delta matrix:
 -0.000220038 -0.285976 0.195771
weights_delta matrix:
 -1.53555e-05 -0.0199569 0.0136619
 -6.70006e-06 -0.00870783 0.00596113
 -1.77938e-05 -0.023126 0.0158314
 -1.58316e-05 -0.0205758 0.0140856
 -2.20038e-05 -0.0285976 0.0195771
weights matrix:
 -0.889553 0.0703597 0.102548
 1.61652 -1.5992 -0.463731
 -2.06004 0.825837 1.60615
 -1.70035 -0.368611 1.91723
 0.747014 0.469521 -2.36433
regression_error on 'test' 0.103154
classification_error on 'test' 0.131579
Save,2134,0.103154,0.131579
sample_count 75 Sample index 48
 i 0:0.744044 i 1:0.516233 i 2:0.748185 i 3:0.828996 bias 1
 test_print 3.83746
net matrix:
 -2.03123 0.0086135 0.263647
outputs matrix:
 0.0169156 0.504307 0.628852
error matrix:
 -0.0169156 -0.504307 0.371148
delta matrix:
 -0.000562596 -0.252135 0.17325
weights_delta matrix:
 -4.18596e-05 -0.0187599 0.0128906
 -2.90431e-05 -0.013016 0.00894374
 -4.20926e-05 -0.0188643 0.0129623
 -4.6639e-05 -0.0209019 0.0143624
 -5.62596e-05 -0.0252135 0.017325
weights matrix:
 -0.889595 0.0515997 0.115439
 1.61649 -1.61222 -0.454787
 -2.06008 0.806973 1.61911
 -1.7004 -0.389513 1.93159
 0.746957 0.444308 -2.34701
regression_error on 'test' 0.0981168
classification_error on 'test' 0.0789474
Save,2135,0.0981168,0.0789474
sample_count 75 Sample index 33
 i 0:0.559279 i 1:0.480944 i 2:0.672581 i 3:0.719493 bias 1
 test_print 3.4323
net matrix:
 -1.58213 -0.0397169 -0.0224219
outputs matrix:
 0.040533 0.480152 0.488791
error matrix:
 -0.040533 -0.480152 0.511209
delta matrix:
 -0.00315267 -0.239698 0.255476
weights_delta matrix:
 -0.000176322 -0.0134058 0.0142882
 -0.000151626 -0.0115281 0.012287
 -0.000212042 -0.0161216 0.0171828
 -0.000226832 -0.0172461 0.0183813
 -0.000315267 -0.0239698 0.0255476
weights matrix:
 -0.889772 0.0381939 0.129727
 1.61634 -1.62375 -0.4425
 -2.0603 0.790851 1.63629
 -1.70062 -0.406759 1.94997
 0.746642 0.420338 -2.32146
regression_error on 'test' 0.0940614
classification_error on 'test' 0.0789474
Save,2136,0.0940614,0.0789474
sample_count 75 Sample index 73
 i 0:0.582374 i 1:0.410364 i 2:0.65746 i 3:0.719493 bias 1
 test_print 3.36969
net matrix:
 -1.6864 0.00354746 0.0512935
outputs matrix:
 0.0331565 0.501774 0.525624
error matrix:
 -0.0331565 -0.501774 0.474376
delta matrix:
 -0.0021258 -0.250884 0.236565
weights_delta matrix:
 -0.000123801 -0.0146108 0.0137769
 -8.72352e-05 -0.0102954 0.00970777
 -0.000139763 -0.0164946 0.0155532
 -0.00015295 -0.0180509 0.0170207
 -0.00021258 -0.0250884 0.0236565
weights matrix:
 -0.889895 0.0235831 0.143504
 1.61625 -1.63404 -0.432792
 -2.06044 0.774356 1.65185
 -1.70077 -0.42481 1.96699
 0.746429 0.39525 -2.2978
regression_error on 'test' 0.0909226
classification_error on 'test' 0.0789474
Save,2137,0.0909226,0.0789474
sample_count 75 Sample index 46
 i 0:0.928809 i 1:0.480944 i 2:0.854032 i 3:0.901998 bias 1
 test_print 4.16578
net matrix:
 -2.59656 -0.0905804 0.81229
outputs matrix:
 0.00552394 0.454833 0.835426
error matrix:
 -0.00552394 -0.454833 0.164574
delta matrix:
 -6.06908e-05 -0.225561 0.0452544
weights_delta matrix:
 -5.63701e-06 -0.0209503 0.00420327
 -2.91889e-06 -0.0108482 0.00217648
 -5.18319e-06 -0.0192636 0.00386487
 -5.4743e-06 -0.0203455 0.00408194
 -6.06908e-06 -0.0225561 0.00452544
weights matrix:
 -0.889901 0.00263283 0.147707
 1.61625 -1.64489 -0.430616
 -2.06044 0.755093 1.65571
 -1.70078 -0.445155 1.97108
 0.746423 0.372694 -2.29328
regression_error on 'test' 0.0887712
classification_error on 'test' 0.105263
Save,2138,0.0887712,0.105263
sample_count 75 Sample index 30
 i 0:0.559279 i 1:0.410364 i 2:0.642339 i 3:0.500487 bias 1
 test_print 3.11247
net matrix:
 -1.26275 -0.0386059 -0.337352
outputs matrix:
 0.0740897 0.480707 0.337445
error matrix:
 -0.0740897 0.519293 -0.337445
delta matrix:
 -0.0101652 0.25926 -0.150889
weights_delta matrix:
 -0.000568516 0.0144999 -0.00843889
 -0.000417142 0.0106391 -0.00619193
 -0.000652948 0.0166533 -0.00969218
 -0.000508753 0.0129756 -0.00755179
 -0.00101652 0.025926 -0.0150889
weights matrix:
 -0.89047 0.0171327 0.139268
 1.61583 -1.63425 -0.436808
 -2.06109 0.771746 1.64602
 -1.70129 -0.432179 1.96352
 0.745407 0.39862 -2.30837
regression_error on 'test' 0.0908702
classification_error on 'test' 0.0789474
Save,2139,0.0908702,0.0789474
sample_count 75 Sample index 35
 i 0:0.189749 i 1:0.233915 i 2:0.128226 i 3:0.171977 bias 1
 test_print 1.72387
net matrix:
 0.397539 0.044228 -1.83537
outputs matrix:
 0.688921 0.5221 0.0248255
error matrix:
 0.311079 -0.5221 -0.0248255
delta matrix:
 0.133334 -0.26054 -0.00120201
weights_delta matrix:
 0.00253 -0.00494372 -2.2808e-05
 0.00311888 -0.00609442 -2.81168e-05
 0.00170969 -0.0033408 -1.54129e-05
 0.00229304 -0.00448069 -2.06718e-05
 0.0133334 -0.026054 -0.000120201
weights matrix:
 -0.88794 0.012189 0.139245
 1.61895 -1.64034 -0.436836
 -2.05938 0.768405 1.646
 -1.699 -0.43666 1.9635
 0.75874 0.372566 -2.30849
regression_error on 'test' 0.0897349
classification_error on 'test' 0.0789474
Save,2140,0.0897349,0.0789474
sample_count 75 Sample index 53
 i 0:0.489992 i 1:0.410364 i 2:0.702823 i 3:0.938499 bias 1
 test_print 3.54168
net matrix:
 -2.05387 -0.164352 0.580076
outputs matrix:
 0.0161787 0.418556 0.76136
error matrix:
 -0.0161787 -0.418556 0.23864
delta matrix:
 -0.000515032 -0.203725 0.0867172
weights_delta matrix:
 -2.52361e-05 -0.00998237 0.00424907
 -2.1135e-05 -0.00836015 0.00355856
 -3.61976e-05 -0.0143183 0.00609468
 -4.83357e-05 -0.0191196 0.0081384
 -5.15032e-05 -0.0203725 0.00867172
weights matrix:
 -0.887965 0.00220662 0.143495
 1.61893 -1.6487 -0.433277
 -2.05942 0.754087 1.6521
 -1.69904 -0.45578 1.97164
 0.758689 0.352193 -2.29982
regression_error on 'test' 0.0881297
classification_error on 'test' 0.131579
Save,2141,0.0881297,0.131579
sample_count 75 Sample index 54
 i 0:0.305227 i 1:0.622103 i 2:0.158468 i 3:0.135476 bias 1
 test_print 2.22127
net matrix:
 0.938265 -0.615046 -1.99664
outputs matrix:
 0.867212 0.226165 0.0181051
error matrix:
 0.132788 -0.226165 -0.0181051
delta matrix:
 0.0305825 -0.0791645 -0.000643721
weights_delta matrix:
 0.000933459 -0.00241631 -1.96481e-05
 0.00190254 -0.00492485 -4.00461e-05
 0.000484634 -0.0012545 -1.02009e-05
 0.000414319 -0.00107249 -8.72088e-06
 0.00305825 -0.00791645 -6.43721e-05
weights matrix:
 -0.887031 -0.000209698 0.143475
 1.62083 -1.65363 -0.433317
 -2.05894 0.752832 1.65209
 -1.69863 -0.456852 1.97163
 0.761747 0.344277 -2.29988
regression_error on 'test' 0.0878564
classification_error on 'test' 0.157895
Save,2142,0.0878564,0.157895
sample_count 75 Sample index 66
 i 0:0.60547 i 1:0.304495 i 2:0.672581 i 3:0.60999 bias 1
 test_print 3.19254
net matrix:
 -1.70274 0.0682934 -0.031113
outputs matrix:
 0.0321248 0.534094 0.484449
error matrix:
 -0.0321248 0.465906 -0.484449
delta matrix:
 -0.00199769 0.23187 -0.24199
weights_delta matrix:
 -0.000120954 0.014039 -0.0146518
 -6.08288e-05 0.00706033 -0.00736847
 -0.000134361 0.0155951 -0.0162758
 -0.000121857 0.0141438 -0.0147611
 -0.000199769 0.023187 -0.024199
weights matrix:
 -0.887152 0.0138293 0.128823
 1.62077 -1.64657 -0.440686
 -2.05907 0.768428 1.63581
 -1.69875 -0.442708 1.95687
 0.761547 0.367464 -2.32408
regression_error on 'test' 0.0899255
classification_error on 'test' 0.0789474
Save,2143,0.0899255,0.0789474
sample_count 75 Sample index 33
 i 0:0.559279 i 1:0.480944 i 2:0.672581 i 3:0.719493 bias 1
 test_print 3.4323
net matrix:
 -1.56225 -0.218405 0.0441966
outputs matrix:
 0.0421078 0.392501 0.522084
error matrix:
 -0.0421078 -0.392501 0.477916
delta matrix:
 -0.00339681 -0.187179 0.238492
weights_delta matrix:
 -0.000189976 -0.0104685 0.0133383
 -0.000163368 -0.00900227 0.0114701
 -0.000228463 -0.0125893 0.0160405
 -0.000244398 -0.0134674 0.0171593
 -0.000339681 -0.0187179 0.0238492
weights matrix:
 -0.887342 0.0033608 0.142161
 1.62061 -1.65557 -0.429215
 -2.0593 0.755838 1.65185
 -1.699 -0.456176 1.97403
 0.761208 0.348746 -2.30023
regression_error on 'test' 0.0880076
classification_error on 'test' 0.157895
Save,2144,0.0880076,0.157895
sample_count 75 Sample index 30
 i 0:0.559279 i 1:0.410364 i 2:0.642339 i 3:0.500487 bias 1
 test_print 3.11247
net matrix:
 -1.24312 -0.0715671 -0.347829
outputs matrix:
 0.0768285 0.464277 0.332775
error matrix:
 -0.0768285 0.535723 -0.332775
delta matrix:
 -0.0108982 0.266494 -0.147776
weights_delta matrix:
 -0.000609516 0.0149045 -0.00826481
 -0.000447225 0.010936 -0.0060642
 -0.000700037 0.017118 -0.00949224
 -0.000545443 0.0133377 -0.00739601
 -0.00108982 0.0266494 -0.0147776
weights matrix:
 -0.887952 0.0182652 0.133897
 1.62016 -1.64464 -0.43528
 -2.06 0.772956 1.64236
 -1.69954 -0.442838 1.96664
 0.760118 0.375395 -2.31501
regression_error on 'test' 0.0899177
classification_error on 'test' 0.0789474
Save,2145,0.0899177,0.0789474
sample_count 75 Sample index 58
 i 0:0.282131 i 1:0.516233 i 2:0.158468 i 3:0.0989754 bias 1
 test_print 2.05581
net matrix:
 0.851321 -0.389808 -2.04703
outputs matrix:
 0.84588 0.314403 0.0163982
error matrix:
 0.15412 -0.314403 -0.0163982
delta matrix:
 0.0401845 -0.135541 -0.00052898
weights_delta matrix:
 0.00113373 -0.00382404 -1.49242e-05
 0.00207446 -0.00699709 -2.73077e-05
 0.000636796 -0.0021479 -8.38264e-06
 0.000397728 -0.00134153 -5.2356e-06
 0.00401845 -0.0135541 -5.2898e-05
weights matrix:
 -0.886818 0.0144412 0.133882
 1.62223 -1.65163 -0.435307
 -2.05936 0.770808 1.64235
 -1.69914 -0.44418 1.96663
 0.764136 0.361841 -2.31506
regression_error on 'test' 0.0893471
classification_error on 'test' 0.0789474
Save,2146,0.0893471,0.0789474
sample_count 75 Sample index 4
 i 0:0.212844 i 1:0.516233 i 2:0.158468 i 3:0.135476 bias 1
 test_print 2.02302
net matrix:
 0.856296 -0.42574 -1.98459
outputs matrix:
 0.847172 0.299123 0.0185387
error matrix:
 0.152828 -0.299123 -0.0185387
delta matrix:
 0.0395737 -0.125421 -0.000674621
weights_delta matrix:
 0.000842302 -0.00266951 -1.43589e-05
 0.00204292 -0.00647465 -3.48262e-05
 0.000627116 -0.00198752 -1.06906e-05
 0.000536129 -0.00169915 -9.13949e-06
 0.00395737 -0.0125421 -6.74621e-05
weights matrix:
 -0.885976 0.0117717 0.133867
 1.62428 -1.65811 -0.435342
 -2.05874 0.768821 1.64234
 -1.69861 -0.445879 1.96662
 0.768094 0.349299 -2.31513
regression_error on 'test' 0.0888781
classification_error on 'test' 0.0789474
Save,2147,0.0888781,0.0789474
sample_count 75 Sample index 17
 i 0:0.443801 i 1:0.304495 i 2:0.521371 i 3:0.463986 bias 1
 test_print 2.73365
net matrix:
 -0.992015 0.0435973 -0.619522
outputs matrix:
 0.12089 0.521785 0.224602
error matrix:
 -0.12089 0.478215 -0.224602
delta matrix:
 -0.0256953 0.238654 -0.0782317
weights_delta matrix:
 -0.00114036 0.0105915 -0.00347193
 -0.000782409 0.00726689 -0.00238212
 -0.00133968 0.0124427 -0.00407878
 -0.00119223 0.0110732 -0.00362984
 -0.00256953 0.0238654 -0.00782317
weights matrix:
 -0.887116 0.0223632 0.130395
 1.62349 -1.65084 -0.437724
 -2.06007 0.781264 1.63826
 -1.6998 -0.434806 1.96299
 0.765524 0.373164 -2.32295
regression_error on 'test' 0.090413
classification_error on 'test' 0.0789474
Save,2148,0.090413,0.0789474
sample_count 75 Sample index 58
 i 0:0.282131 i 1:0.516233 i 2:0.158468 i 3:0.0989754 bias 1
 test_print 2.05581
net matrix:
 0.858647 -0.391974 -2.05823
outputs matrix:
 0.84778 0.313469 0.0160406
error matrix:
 0.15222 -0.313469 -0.0160406
delta matrix:
 0.0392877 -0.134921 -0.00050635
weights_delta matrix:
 0.00110843 -0.00380655 -1.42857e-05
 0.00202816 -0.00696508 -2.61395e-05
 0.000622584 -0.00213807 -8.02403e-06
 0.000388851 -0.00133539 -5.01162e-06
 0.00392877 -0.0134921 -5.0635e-05
weights matrix:
 -0.886008 0.0185566 0.130381
 1.62552 -1.65781 -0.43775
 -2.05945 0.779125 1.63825
 -1.69941 -0.436141 1.96299
 0.769453 0.359672 -2.323
regression_error on 'test' 0.0898288
classification_error on 'test' 0.0789474
Save,2149,0.0898288,0.0789474
sample_count 75 Sample index 0
 i 0:0.282131 i 1:0.269205 i 2:0.430645 i 3:0.427485 bias 1
 test_print 2.40947
net matrix:
 -0.656285 0.0677009 -0.859408
outputs matrix:
 0.212057 0.533799 0.152024
error matrix:
 -0.212057 0.466201 -0.152024
delta matrix:
 -0.0708648 0.232035 -0.0391956
weights_delta matrix:
 -0.00199932 0.00654644 -0.00110583
 -0.00190772 0.00624651 -0.00105516
 -0.00305176 0.00999249 -0.00168794
 -0.00302937 0.00991917 -0.00167555
 -0.00708648 0.0232035 -0.00391956
weights matrix:
 -0.888007 0.0251031 0.129275
 1.62361 -1.65156 -0.438805
 -2.0625 0.789118 1.63657
 -1.70244 -0.426222 1.96131
 0.762366 0.382876 -2.32692
regression_error on 'test' 0.0912195
classification_error on 'test' 0.0789474
Save,2150,0.0912195,0.0789474
sample_count 75 Sample index 39
 i 0:0.397609 i 1:0.622103 i 2:0.18871 i 3:0.135476 bias 1
 test_print 2.3439
net matrix:
 0.799487 -0.543411 -1.97395
outputs matrix:
 0.831875 0.252217 0.0189298
error matrix:
 0.168125 -0.252217 -0.0189298
delta matrix:
 0.0470277 -0.0951382 -0.000703105
weights_delta matrix:
 0.00186986 -0.00378278 -2.79561e-05
 0.00292561 -0.00591857 -4.37404e-05
 0.000887459 -0.00179535 -1.32683e-05
 0.000637112 -0.00128889 -9.52538e-06
 0.00470277 -0.00951382 -7.03105e-05
weights matrix:
 -0.886137 0.0213203 0.129247
 1.62654 -1.65748 -0.438849
 -2.06162 0.787323 1.63655
 -1.7018 -0.427511 1.9613
 0.767069 0.373362 -2.32699
regression_error on 'test' 0.0907027
classification_error on 'test' 0.0789474
Save,2151,0.0907027,0.0789474
sample_count 75 Sample index 33
 i 0:0.559279 i 1:0.480944 i 2:0.672581 i 3:0.719493 bias 1
 test_print 3.4323
net matrix:
 -1.55729 -0.189921 0.0460899
outputs matrix:
 0.0425095 0.406165 0.523029
error matrix:
 -0.0425095 -0.406165 0.476971
delta matrix:
 -0.00346048 -0.19593 0.23798
weights_delta matrix:
 -0.000193537 -0.010958 0.0133097
 -0.00016643 -0.00942314 0.0114455
 -0.000232745 -0.0131779 0.0160061
 -0.000248979 -0.014097 0.0171225
 -0.000346048 -0.019593 0.023798
weights matrix:
 -0.886331 0.0103623 0.142557
 1.62637 -1.6669 -0.427403
 -2.06185 0.774145 1.65256
 -1.70205 -0.441608 1.97842
 0.766723 0.353769 -2.30319
regression_error on 'test' 0.0885945
classification_error on 'test' 0.105263
Save,2152,0.0885945,0.105263
sample_count 75 Sample index 57
 i 0:0.374514 i 1:0.727972 i 2:0.158468 i 3:0.135476 bias 1
 test_print 2.39643
net matrix:
 1.06141 -0.792957 -2.03103
outputs matrix:
 0.893101 0.169959 0.0169221
error matrix:
 0.106899 -0.169959 -0.0169221
delta matrix:
 0.0204115 -0.0479535 -0.000563023
weights_delta matrix:
 0.00076444 -0.00179592 -2.1086e-05
 0.0014859 -0.00349088 -4.09865e-05
 0.000323457 -0.000759909 -8.92211e-06
 0.000276527 -0.000649654 -7.6276e-06
 0.00204115 -0.00479535 -5.63023e-05
weights matrix:
 -0.885566 0.0085664 0.142536
 1.62786 -1.67039 -0.427444
 -2.06153 0.773385 1.65255
 -1.70178 -0.442257 1.97842
 0.768764 0.348974 -2.30325
regression_error on 'test' 0.0883986
classification_error on 'test' 0.105263
Save,2153,0.0883986,0.105263
sample_count 75 Sample index 24
 i 0:0.466896 i 1:0.445654 i 2:0.566734 i 3:0.536988 bias 1
 test_print 3.01627
net matrix:
 -1.00141 -0.190627 -0.42825
outputs matrix:
 0.118907 0.405825 0.298071
error matrix:
 -0.118907 0.594175 -0.298071
delta matrix:
 -0.0249153 0.286548 -0.124728
weights_delta matrix:
 -0.00116328 0.0133788 -0.00582349
 -0.00111036 0.0127701 -0.00555854
 -0.00141203 0.0162397 -0.00706875
 -0.00133792 0.0153873 -0.00669773
 -0.00249153 0.0286548 -0.0124728
weights matrix:
 -0.886729 0.0219452 0.136713
 1.62675 -1.65762 -0.433003
 -2.06294 0.789624 1.64548
 -1.70311 -0.42687 1.97172
 0.766273 0.377628 -2.31572
regression_error on 'test' 0.0904214
classification_error on 'test' 0.0789474
Save,2154,0.0904214,0.0789474
sample_count 75 Sample index 23
 i 0:0.975 i 1:0.763262 i 2:0.899395 i 3:0.792495 bias 1
 test_print 4.43015
net matrix:
 -2.06176 -0.494282 0.529593
outputs matrix:
 0.0159296 0.271196 0.742535
error matrix:
 -0.0159296 -0.271196 0.257465
delta matrix:
 -0.000499421 -0.107203 0.0984427
weights_delta matrix:
 -4.86935e-05 -0.0104523 0.00959816
 -3.81189e-05 -0.00818239 0.00751376
 -4.49176e-05 -0.00964177 0.00885389
 -3.95788e-05 -0.00849577 0.00780153
 -4.99421e-05 -0.0107203 0.00984427
weights matrix:
 -0.886778 0.0114929 0.146311
 1.62671 -1.6658 -0.425489
 -2.06298 0.779983 1.65434
 -1.70315 -0.435366 1.97952
 0.766223 0.366908 -2.30588
regression_error on 'test' 0.089118
classification_error on 'test' 0.0789474
Save,2155,0.089118,0.0789474
sample_count 75 Sample index 42
 i 0:0.651661 i 1:0.551523 i 2:0.702823 i 3:0.792495 bias 1
 test_print 3.6985
net matrix:
 -1.71414 -0.341167 0.286265
outputs matrix:
 0.0314232 0.335741 0.639347
error matrix:
 -0.0314232 -0.335741 0.360653
delta matrix:
 -0.00191278 -0.149753 0.166321
weights_delta matrix:
 -0.000124648 -0.00975882 0.0108385
 -0.000105494 -0.00825922 0.00917297
 -0.000134435 -0.010525 0.0116894
 -0.000151587 -0.0118678 0.0131808
 -0.000191278 -0.0149753 0.0166321
weights matrix:
 -0.886903 0.00173413 0.157149
 1.6266 -1.67406 -0.416316
 -2.06312 0.769458 1.66602
 -1.70331 -0.447234 1.9927
 0.766031 0.351933 -2.28925
regression_error on 'test' 0.0878348
classification_error on 'test' 0.157895
Save,2156,0.0878348,0.157895
sample_count 75 Sample index 52
 i 0:0.443801 i 1:0.410364 i 2:0.672581 i 3:0.792495 bias 1
 test_print 3.31924
net matrix:
 -1.69755 -0.171181 0.309398
outputs matrix:
 0.0324489 0.415236 0.649945
error matrix:
 -0.0324489 -0.415236 0.350055
delta matrix:
 -0.00203753 -0.201651 0.159287
weights_delta matrix:
 -9.04256e-05 -0.0089493 0.00706916
 -8.36127e-05 -0.00827504 0.00653655
 -0.00013704 -0.0135627 0.0107133
 -0.000161473 -0.0159808 0.0126234
 -0.000203753 -0.0201651 0.0159287
weights matrix:
 -0.886993 -0.00721517 0.164218
 1.62652 -1.68234 -0.40978
 -2.06325 0.755895 1.67674
 -1.70347 -0.463214 2.00532
 0.765828 0.331768 -2.27332
regression_error on 'test' 0.0867895
classification_error on 'test' 0.157895
Save,2157,0.0867895,0.157895
sample_count 75 Sample index 58
 i 0:0.282131 i 1:0.516233 i 2:0.158468 i 3:0.0989754 bias 1
 test_print 2.05581
net matrix:
 0.859682 -0.464808 -1.97434
outputs matrix:
 0.848047 0.283003 0.0189154
error matrix:
 0.151953 -0.283003 -0.0189154
delta matrix:
 0.0391624 -0.114849 -0.000702051
weights_delta matrix:
 0.00110489 -0.00324026 -1.9807e-05
 0.00202169 -0.0059289 -3.62422e-05
 0.000620598 -0.00181999 -1.11253e-05
 0.000387611 -0.00113673 -6.94857e-06
 0.00391624 -0.0114849 -7.02051e-05
weights matrix:
 -0.885888 -0.0104554 0.164198
 1.62854 -1.68827 -0.409816
 -2.06263 0.754075 1.67673
 -1.70308 -0.464351 2.00532
 0.769744 0.320283 -2.27339
regression_error on 'test' 0.0865265
classification_error on 'test' 0.157895
Save,2158,0.0865265,0.157895
sample_count 75 Sample index 19
 i 0:0.674757 i 1:0.480944 i 2:0.596976 i 3:0.573489 bias 1
 test_print 3.32617
net matrix:
 -1.25282 -0.314869 -0.208698
outputs matrix:
 0.0754641 0.34757 0.39714
error matrix:
 -0.0754641 0.65243 -0.39714
delta matrix:
 -0.0105301 0.295897 -0.190166
weights_delta matrix:
 -0.000710529 0.0199658 -0.0128316
 -0.000506441 0.014231 -0.00914593
 -0.000628624 0.0176643 -0.0113525
 -0.000603892 0.0169694 -0.0109058
 -0.00105301 0.0295897 -0.0190166
weights matrix:
 -0.886599 0.00951041 0.151367
 1.62804 -1.67404 -0.418962
 -2.06326 0.771739 1.66537
 -1.70368 -0.447382 1.99441
 0.768691 0.349872 -2.2924
regression_error on 'test' 0.0879488
classification_error on 'test' 0.184211
Save,2159,0.0879488,0.184211
sample_count 75 Sample index 48
 i 0:0.744044 i 1:0.516233 i 2:0.748185 i 3:0.828996 bias 1
 test_print 3.83746
net matrix:
 -2.00658 -0.300718 0.503305
outputs matrix:
 0.0177552 0.354015 0.732356
error matrix:
 -0.0177552 -0.354015 0.267644
delta matrix:
 -0.000619303 -0.161918 0.104922
weights_delta matrix:
 -4.60788e-05 -0.0120474 0.00780666
 -3.19704e-05 -0.00835876 0.00541642
 -4.63353e-05 -0.0121145 0.0078501
 -5.13399e-05 -0.013423 0.00869799
 -6.19303e-05 -0.0161918 0.0104922
weights matrix:
 -0.886645 -0.00253703 0.159174
 1.628 -1.68239 -0.413546
 -2.06331 0.759625 1.67322
 -1.70373 -0.460805 2.00311
 0.768629 0.333681 -2.28191
regression_error on 'test' 0.0869383
classification_error on 'test' 0.157895
Save,2160,0.0869383,0.157895
sample_count 75 Sample index 14
 i 0:0.697853 i 1:0.516233 i 2:0.778427 i 3:0.938499 bias 1
 test_print 3.93101
net matrix:
 -2.21478 -0.37775 0.798082
outputs matrix:
 0.0117794 0.319624 0.831482
error matrix:
 -0.0117794 -0.319624 0.168518
delta matrix:
 -0.000274239 -0.139014 0.0472256
weights_delta matrix:
 -1.91379e-05 -0.00970112 0.00329565
 -1.41571e-05 -0.00717635 0.00243794
 -2.13475e-05 -0.0108212 0.00367617
 -2.57373e-05 -0.0130464 0.00443212
 -2.74239e-05 -0.0139014 0.00472256
weights matrix:
 -0.886664 -0.0122382 0.162469
 1.62799 -1.68957 -0.411108
 -2.06333 0.748804 1.6769
 -1.70376 -0.473851 2.00754
 0.768602 0.319779 -2.27719
regression_error on 'test' 0.0863036
classification_error on 'test' 0.157895
Save,2161,0.0863036,0.157895
sample_count 75 Sample index 6
 i 0:0.305227 i 1:0.657392 i 2:0.128226 i 3:0.171977 bias 1
 test_print 2.26282
net matrix:
 1.01062 -0.780142 -1.93758
outputs matrix:
 0.883008 0.173606 0.020329
error matrix:
 0.116992 -0.173606 -0.020329
delta matrix:
 0.0241716 -0.0498134 -0.000809733
weights_delta matrix:
 0.000737783 -0.00152044 -2.47152e-05
 0.00158902 -0.00327469 -5.32312e-05
 0.000309943 -0.000638737 -1.03829e-05
 0.000415696 -0.000856676 -1.39255e-05
 0.00241716 -0.00498134 -8.09733e-05
weights matrix:
 -0.885926 -0.0137586 0.162444
 1.62958 -1.69285 -0.411161
 -2.06302 0.748165 1.67689
 -1.70334 -0.474708 2.00753
 0.771019 0.314798 -2.27727
regression_error on 'test' 0.0862017
classification_error on 'test' 0.157895
Save,2162,0.0862017,0.157895
sample_count 75 Sample index 66
 i 0:0.60547 i 1:0.304495 i 2:0.672581 i 3:0.60999 bias 1
 test_print 3.19254
net matrix:
 -1.69576 0.00463886 0.0483053
outputs matrix:
 0.0325618 0.502319 0.524134
error matrix:
 -0.0325618 0.497681 -0.524134
delta matrix:
 -0.0020515 0.248835 -0.261456
weights_delta matrix:
 -0.000124212 0.0150662 -0.0158304
 -6.2467e-05 0.0075769 -0.00796122
 -0.00013798 0.0167362 -0.0175851
 -0.000125139 0.0151787 -0.0159486
 -0.00020515 0.0248835 -0.0261456
weights matrix:
 -0.886051 0.00130762 0.146614
 1.62952 -1.68527 -0.419122
 -2.06316 0.764901 1.65931
 -1.70347 -0.459529 1.99158
 0.770814 0.339681 -2.30342
regression_error on 'test' 0.0873526
classification_error on 'test' 0.157895
Save,2163,0.0873526,0.157895
sample_count 75 Sample index 5
 i 0:0.536183 i 1:0.198626 i 2:0.687702 i 3:0.60999 bias 1
 test_print 3.0325
net matrix:
 -1.83854 0.25136 0.0478988
outputs matrix:
 0.0246724 0.623098 0.523931
error matrix:
 -0.0246724 -0.623098 0.476069
delta matrix:
 -0.00118742 -0.292665 0.237489
weights_delta matrix:
 -6.36672e-05 -0.0156922 0.0127338
 -2.35852e-05 -0.00581309 0.00471715
 -8.16588e-05 -0.0201267 0.0163322
 -7.24311e-05 -0.0178523 0.0144866
 -0.000118742 -0.0292665 0.0237489
weights matrix:
 -0.886114 -0.0143846 0.159348
 1.62949 -1.69108 -0.414405
 -2.06324 0.744774 1.67564
 -1.70354 -0.477382 2.00607
 0.770695 0.310415 -2.27967
regression_error on 'test' 0.0861044
classification_error on 'test' 0.157895
Save,2164,0.0861044,0.157895
sample_count 75 Sample index 68
 i 0:0.305227 i 1:0.657392 i 2:0.173589 i 3:0.281481 bias 1
 test_print 2.41769
net matrix:
 0.733774 -0.810769 -1.64791
outputs matrix:
 0.812684 0.164993 0.0357146
error matrix:
 0.187316 -0.164993 -0.0357146
delta matrix:
 0.0570295 -0.0454623 -0.00245995
weights_delta matrix:
 0.00174069 -0.00138763 -7.50844e-05
 0.00374907 -0.00298865 -0.000161715
 0.000989969 -0.000789175 -4.27021e-05
 0.00160527 -0.00127968 -6.9243e-05
 0.00570295 -0.00454623 -0.000245995
weights matrix:
 -0.884373 -0.0157722 0.159273
 1.63324 -1.69407 -0.414567
 -2.06225 0.743985 1.67559
 -1.70194 -0.478661 2.006
 0.776398 0.305869 -2.27991
regression_error on 'test' 0.0860081
classification_error on 'test' 0.157895
Save,2165,0.0860081,0.157895
sample_count 75 Sample index 40
 i 0:0.328323 i 1:0.763262 i 2:0.158468 i 3:0.171977 bias 1
 test_print 2.42203
net matrix:
 1.11313 -0.95675 -1.93353
outputs matrix:
 0.902584 0.128588 0.0204911
error matrix:
 0.0974162 -0.128588 -0.0204911
delta matrix:
 0.0171309 -0.0288174 -0.000822566
weights_delta matrix:
 0.000562446 -0.000946142 -2.70067e-05
 0.00130753 -0.00219952 -6.27833e-05
 0.00027147 -0.000456664 -1.3035e-05
 0.000294612 -0.000495593 -1.41462e-05
 0.00171309 -0.00288174 -8.22566e-05
weights matrix:
 -0.883811 -0.0167184 0.159246
 1.63455 -1.69627 -0.414629
 -2.06198 0.743529 1.67558
 -1.70164 -0.479157 2.00598
 0.778111 0.302987 -2.27999
regression_error on 'test' 0.0859587
classification_error on 'test' 0.157895
Save,2166,0.0859587,0.157895
sample_count 75 Sample index 39
 i 0:0.397609 i 1:0.622103 i 2:0.18871 i 3:0.135476 bias 1
 test_print 2.3439
net matrix:
 0.82391 -0.683518 -1.88666
outputs matrix:
 0.838596 0.203099 0.0224597
error matrix:
 0.161404 -0.203099 -0.0224597
delta matrix:
 0.0436928 -0.0657431 -0.000986219
weights_delta matrix:
 0.00173727 -0.00261401 -3.92129e-05
 0.00271814 -0.0040899 -6.1353e-05
 0.000824527 -0.00124064 -1.86109e-05
 0.000591933 -0.000890662 -1.33609e-05
 0.00436928 -0.00657431 -9.86219e-05
weights matrix:
 -0.882074 -0.0193324 0.159207
 1.63727 -1.70036 -0.414691
 -2.06115 0.742288 1.67556
 -1.70105 -0.480047 2.00597
 0.78248 0.296413 -2.28009
regression_error on 'test' 0.0858578
classification_error on 'test' 0.157895
Save,2167,0.0858578,0.157895
sample_count 75 Sample index 43
 i 0:0.582374 i 1:0.198626 i 2:0.612097 i 3:0.60999 bias 1
 test_print 3.00309
net matrix:
 -1.70526 0.108946 -0.020516
outputs matrix:
 0.0319682 0.554259 0.489743
error matrix:
 -0.0319682 0.445741 -0.489743
delta matrix:
 -0.00197859 0.220246 -0.244769
weights_delta matrix:
 -0.000115228 0.0128266 -0.0142547
 -3.92999e-05 0.00437466 -0.00486174
 -0.000121109 0.0134812 -0.0149822
 -0.000120692 0.0134348 -0.0149306
 -0.000197859 0.0220246 -0.0244769
weights matrix:
 -0.882189 -0.00650581 0.144952
 1.63723 -1.69599 -0.419552
 -2.06127 0.755769 1.66058
 -1.70117 -0.466613 1.99104
 0.782282 0.318437 -2.30457
regression_error on 'test' 0.0866737
classification_error on 'test' 0.157895
Save,2168,0.0866737,0.157895
sample_count 75 Sample index 63
 i 0:0.420705 i 1:0.904421 i 2:0.143347 i 3:0.135476 bias 1
 test_print 2.60395
net matrix:
 1.36594 -1.17306 -2.11526
outputs matrix:
 0.938882 0.0873743 0.0143362
error matrix:
 0.0611183 -0.0873743 -0.0143362
delta matrix:
 0.00701427 -0.0139345 -0.000405161
weights_delta matrix:
 0.000295094 -0.00058623 -1.70453e-05
 0.000634386 -0.00126026 -3.66436e-05
 0.000100548 -0.000199746 -5.80786e-06
 9.50266e-05 -0.000188779 -5.48896e-06
 0.000701427 -0.00139345 -4.05161e-05
weights matrix:
 -0.881894 -0.00709204 0.144935
 1.63786 -1.69725 -0.419589
 -2.06117 0.755569 1.66057
 -1.70108 -0.466801 1.99103
 0.782984 0.317044 -2.30461
regression_error on 'test' 0.0866402
classification_error on 'test' 0.157895
Save,2169,0.0866402,0.157895
sample_count 75 Sample index 69
 i 0:0.628566 i 1:0.445654 i 2:0.581855 i 3:0.536988 bias 1
 test_print 3.19306
net matrix:
 -1.15419 -0.254833 -0.365127
outputs matrix:
 0.0904319 0.375272 0.325139
error matrix:
 -0.0904319 0.624728 -0.325139
delta matrix:
 -0.0148768 0.292926 -0.142686
weights_delta matrix:
 -0.000935103 0.0184123 -0.00896878
 -0.000662989 0.0130544 -0.00635888
 -0.000865612 0.0170441 -0.00830228
 -0.000798864 0.0157298 -0.00766209
 -0.00148768 0.0292926 -0.0142686
weights matrix:
 -0.882829 0.0113203 0.135966
 1.6372 -1.68419 -0.425948
 -2.06204 0.772613 1.65227
 -1.70187 -0.451072 1.98337
 0.781496 0.346336 -2.31888
regression_error on 'test' 0.0881399
classification_error on 'test' 0.105263
Save,2170,0.0881399,0.105263
sample_count 75 Sample index 4
 i 0:0.212844 i 1:0.516233 i 2:0.158468 i 3:0.135476 bias 1
 test_print 2.02302
net matrix:
 0.881437 -0.459364 -1.9793
outputs matrix:
 0.853569 0.285217 0.0187323
error matrix:
 0.146431 -0.285217 -0.0187323
delta matrix:
 0.0366044 -0.116293 -0.000688655
weights_delta matrix:
 0.000779102 -0.00247524 -1.46576e-05
 0.00188964 -0.00600345 -3.55506e-05
 0.000580062 -0.00184288 -1.0913e-05
 0.000495901 -0.0015755 -9.32962e-06
 0.00366044 -0.0116293 -6.88655e-05
weights matrix:
 -0.88205 0.00884506 0.135951
 1.63909 -1.69019 -0.425984
 -2.06146 0.770771 1.65226
 -1.70138 -0.452647 1.98336
 0.785156 0.334707 -2.31895
regression_error on 'test' 0.087793
classification_error on 'test' 0.157895
Save,2171,0.087793,0.157895
sample_count 75 Sample index 19
 i 0:0.674757 i 1:0.480944 i 2:0.596976 i 3:0.573489 bias 1
 test_print 3.32617
net matrix:
 -1.22807 -0.27167 -0.308292
outputs matrix:
 0.0789912 0.367411 0.350559
error matrix:
 -0.0789912 0.632589 -0.350559
delta matrix:
 -0.0114935 0.294053 -0.159622
weights_delta matrix:
 -0.00077553 0.0198414 -0.0107706
 -0.000552772 0.0141423 -0.0076769
 -0.000686133 0.0175543 -0.00952903
 -0.000659138 0.0168636 -0.00915412
 -0.00114935 0.0294053 -0.0159622
weights matrix:
 -0.882825 0.0286865 0.125181
 1.63854 -1.67605 -0.43366
 -2.06215 0.788325 1.64273
 -1.70204 -0.435784 1.97421
 0.784007 0.364112 -2.33491
regression_error on 'test' 0.0899777
classification_error on 'test' 0.0789474
Save,2172,0.0899777,0.0789474
sample_count 75 Sample index 26
 i 0:0.489992 i 1:0.339785 i 2:0.536492 i 3:0.500487 bias 1
 test_print 2.86676
net matrix:
 -1.04999 0.013497 -0.551546
outputs matrix:
 0.109098 0.506748 0.249161
error matrix:
 -0.109098 0.493252 -0.249161
delta matrix:
 -0.0212078 0.246581 -0.0932259
weights_delta matrix:
 -0.00103916 0.0120823 -0.004568
 -0.000720609 0.00837845 -0.00316768
 -0.00113778 0.0132289 -0.0050015
 -0.00106142 0.0123411 -0.00466584
 -0.00212078 0.0246581 -0.00932259
weights matrix:
 -0.883865 0.0407688 0.120613
 1.63782 -1.66767 -0.436828
 -2.06328 0.801554 1.63773
 -1.7031 -0.423443 1.96954
 0.781886 0.38877 -2.34423
regression_error on 'test' 0.091947
classification_error on 'test' 0.0789474
Save,2173,0.091947,0.0789474
sample_count 75 Sample index 70
 i 0:0.259036 i 1:0.622103 i 2:0.173589 i 3:0.135476 bias 1
 test_print 2.1902
net matrix:
 0.982932 -0.556359 -2.03362
outputs matrix:
 0.877166 0.247364 0.0168361
error matrix:
 0.122834 -0.247364 -0.0168361
delta matrix:
 0.0264697 -0.0921063 -0.000557366
weights_delta matrix:
 0.00068566 -0.00238588 -1.44378e-05
 0.00164669 -0.00572996 -3.46739e-05
 0.000459484 -0.00159886 -9.67525e-06
 0.0003586 -0.00124782 -7.55097e-06
 0.00264697 -0.00921063 -5.57366e-05
weights matrix:
 -0.883179 0.0383829 0.120598
 1.63946 -1.6734 -0.436863
 -2.06282 0.799955 1.63772
 -1.70274 -0.42469 1.96953
 0.784533 0.37956 -2.34429
regression_error on 'test' 0.0914555
classification_error on 'test' 0.0789474
Save,2174,0.0914555,0.0789474
sample_count 75 Sample index 52
 i 0:0.443801 i 1:0.410364 i 2:0.672581 i 3:0.792495 bias 1
 test_print 3.31924
net matrix:
 -1.67148 -0.0886411 0.192306
outputs matrix:
 0.0341267 0.455795 0.594985
error matrix:
 -0.0341267 -0.455795 0.405015
delta matrix:
 -0.00224978 -0.226116 0.195199
weights_delta matrix:
 -9.98454e-05 -0.0100351 0.00866296
 -9.23228e-05 -0.009279 0.00801027
 -0.000151316 -0.0152082 0.0131287
 -0.000178294 -0.0179196 0.0154694
 -0.000224978 -0.0226116 0.0195199
weights matrix:
 -0.883279 0.0283478 0.129261
 1.63937 -1.68268 -0.428853
 -2.06298 0.784747 1.65085
 -1.70292 -0.44261 1.985
 0.784308 0.356948 -2.32477
regression_error on 'test' 0.0891004
classification_error on 'test' 0.0789474
Save,2175,0.0891004,0.0789474
sample_count 75 Sample index 33
 i 0:0.559279 i 1:0.480944 i 2:0.672581 i 3:0.719493 bias 1
 test_print 3.4323
net matrix:
 -1.534 -0.227123 0.0797968
outputs matrix:
 0.0444465 0.388352 0.539814
error matrix:
 -0.0444465 -0.388352 0.460186
delta matrix:
 -0.00377538 -0.184494 0.228634
weights_delta matrix:
 -0.000211149 -0.0103184 0.012787
 -0.000181575 -0.00887313 0.010996
 -0.000253925 -0.0124087 0.0153775
 -0.000271636 -0.0132742 0.0164501
 -0.000377538 -0.0184494 0.0228634
weights matrix:
 -0.88349 0.0180295 0.142048
 1.63919 -1.69156 -0.417856
 -2.06323 0.772338 1.66623
 -1.70319 -0.455884 2.00145
 0.783931 0.338499 -2.30191
regression_error on 'test' 0.0875117
classification_error on 'test' 0.157895
Save,2176,0.0875117,0.157895
sample_count 75 Sample index 54
 i 0:0.305227 i 1:0.622103 i 2:0.158468 i 3:0.135476 bias 1
 test_print 2.22127
net matrix:
 0.976313 -0.647691 -1.98331
outputs matrix:
 0.875733 0.214943 0.0185855
error matrix:
 0.124267 -0.214943 -0.0185855
delta matrix:
 0.0270468 -0.0725402 -0.000678004
weights_delta matrix:
 0.00082554 -0.00221412 -2.06945e-05
 0.00168259 -0.00451275 -4.21789e-05
 0.000428605 -0.00114953 -1.07442e-05
 0.000366419 -0.000982746 -9.18533e-06
 0.00270468 -0.00725402 -6.78004e-05
weights matrix:
 -0.882664 0.0158153 0.142028
 1.64087 -1.69607 -0.417899
 -2.0628 0.771188 1.66622
 -1.70282 -0.456867 2.00144
 0.786635 0.331245 -2.30197
regression_error on 'test' 0.0872898
classification_error on 'test' 0.157895
Save,2177,0.0872898,0.157895
sample_count 75 Sample index 33
 i 0:0.559279 i 1:0.480944 i 2:0.672581 i 3:0.719493 bias 1
 test_print 3.4323
net matrix:
 -1.53042 -0.28565 0.137165
outputs matrix:
 0.0447515 0.360937 0.568156
error matrix:
 -0.0447515 -0.360937 0.431844
delta matrix:
 -0.00382614 -0.166508 0.21191
weights_delta matrix:
 -0.000213988 -0.00931247 0.0118517
 -0.000184016 -0.00800812 0.0101917
 -0.000257339 -0.011199 0.0142527
 -0.000275288 -0.0119802 0.0152468
 -0.000382614 -0.0166508 0.021191
weights matrix:
 -0.882878 0.00650286 0.153879
 1.64069 -1.70408 -0.407707
 -2.06306 0.759989 1.68047
 -1.7031 -0.468847 2.01669
 0.786253 0.314594 -2.28078
regression_error on 'test' 0.0864413
classification_error on 'test' 0.157895
Save,2178,0.0864413,0.157895
sample_count 75 Sample index 50
 i 0:0.489992 i 1:0.833841 i 2:0.113105 i 3:0.135476 bias 1
 test_print 2.57241
net matrix:
 1.25765 -1.08071 -2.08206
outputs matrix:
 0.925208 0.103269 0.0153054
error matrix:
 0.0747924 -0.103269 -0.0153054
delta matrix:
 0.010351 -0.0191264 -0.00046134
weights_delta matrix:
 0.000507193 -0.000937181 -2.26053e-05
 0.000863113 -0.00159484 -3.84684e-05
 0.000117076 -0.00021633 -5.21799e-06
 0.000140232 -0.000259117 -6.25005e-06
 0.0010351 -0.00191264 -4.6134e-05
weights matrix:
 -0.882371 0.00556568 0.153857
 1.64155 -1.70567 -0.407745
 -2.06294 0.759773 1.68046
 -1.70296 -0.469106 2.01669
 0.787288 0.312681 -2.28083
regression_error on 'test' 0.0863947
classification_error on 'test' 0.157895
Save,2179,0.0863947,0.157895
sample_count 75 Sample index 14
 i 0:0.697853 i 1:0.516233 i 2:0.778427 i 3:0.938499 bias 1
 test_print 3.93101
net matrix:
 -2.18513 -0.412787 0.816825
outputs matrix:
 0.01249 0.304582 0.836669
error matrix:
 -0.01249 -0.304582 0.163331
delta matrix:
 -0.000308103 -0.129028 0.0446396
weights_delta matrix:
 -2.15011e-05 -0.00900426 0.00311519
 -1.59053e-05 -0.00666086 0.00230445
 -2.39836e-05 -0.0100439 0.00347487
 -2.89154e-05 -0.0121093 0.00418943
 -3.08103e-05 -0.0129028 0.00446396
weights matrix:
 -0.882393 -0.00343859 0.156972
 1.64153 -1.71233 -0.405441
 -2.06297 0.749729 1.68394
 -1.70299 -0.481215 2.02087
 0.787257 0.299778 -2.27636
regression_error on 'test' 0.0859511
classification_error on 'test' 0.157895
Save,2180,0.0859511,0.157895
sample_count 75 Sample index 33
 i 0:0.559279 i 1:0.480944 i 2:0.672581 i 3:0.719493 bias 1
 test_print 3.4323
net matrix:
 -1.52956 -0.367658 0.203023
outputs matrix:
 0.0448254 0.324029 0.600139
error matrix:
 -0.0448254 -0.324029 0.399861
delta matrix:
 -0.0038385 -0.141947 0.191911
weights_delta matrix:
 -0.000214679 -0.00793879 0.0107332
 -0.00018461 -0.00682685 0.00922984
 -0.00025817 -0.00954708 0.0129076
 -0.000276177 -0.010213 0.0138079
 -0.00038385 -0.0141947 0.0191911
weights matrix:
 -0.882607 -0.0113774 0.167705
 1.64135 -1.71916 -0.396211
 -2.06322 0.740182 1.69685
 -1.70326 -0.491428 2.03468
 0.786873 0.285584 -2.25717
regression_error on 'test' 0.0858398
classification_error on 'test' 0.157895
Save,2181,0.0858398,0.157895
sample_count 75 Sample index 66
 i 0:0.60547 i 1:0.304495 i 2:0.672581 i 3:0.60999 bias 1
 test_print 3.19254
net matrix:
 -1.6744 -0.0467144 0.106125
outputs matrix:
 0.0339348 0.47666 0.552864
error matrix:
 -0.0339348 0.52334 -0.552864
delta matrix:
 -0.00222499 0.2611 -0.273342
weights_delta matrix:
 -0.000134716 0.0158088 -0.01655
 -6.77497e-05 0.00795036 -0.00832313
 -0.000149648 0.0175611 -0.0183845
 -0.000135722 0.0159268 -0.0166736
 -0.000222499 0.02611 -0.0273342
weights matrix:
 -0.882742 0.00443144 0.151155
 1.64128 -1.71121 -0.404534
 -2.06337 0.757743 1.67846
 -1.7034 -0.475502 2.01801
 0.786651 0.311694 -2.28451
regression_error on 'test' 0.0862494
classification_error on 'test' 0.157895
Save,2182,0.0862494,0.157895
sample_count 75 Sample index 47
 i 0:0.282131 i 1:0.516233 i 2:0.158468 i 3:0.0989754 bias 1
 test_print 2.05581
net matrix:
 0.889313 -0.497424 -1.98498
outputs matrix:
 0.855527 0.269956 0.0185245
error matrix:
 0.144473 -0.269956 -0.0185245
delta matrix:
 0.0357139 -0.106406 -0.000673603
weights_delta matrix:
 0.0010076 -0.00300203 -1.90044e-05
 0.00184367 -0.00549301 -3.47736e-05
 0.00056595 -0.00168619 -1.06745e-05
 0.000353479 -0.00105315 -6.66702e-06
 0.00357139 -0.0106406 -6.73603e-05
weights matrix:
 -0.881734 0.0014294 0.151136
 1.64313 -1.7167 -0.404569
 -2.06281 0.756057 1.67845
 -1.70305 -0.476555 2.018
 0.790222 0.301053 -2.28458
regression_error on 'test' 0.086077
classification_error on 'test' 0.157895
Save,2183,0.086077,0.157895
sample_count 75 Sample index 15
 i 0:0.720948 i 1:0.410364 i 2:0.65746 i 3:0.573489 bias 1
 test_print 3.36226
net matrix:
 -1.50407 -0.178611 -0.0808175
outputs matrix:
 0.0470591 0.411632 0.459679
error matrix:
 -0.0470591 0.588368 -0.459679
delta matrix:
 -0.00422069 0.284995 -0.228345
weights_delta matrix:
 -0.00030429 0.0205466 -0.0164625
 -0.000173202 0.0116952 -0.00937045
 -0.000277493 0.0187373 -0.0150128
 -0.000242052 0.0163441 -0.0130953
 -0.000422069 0.0284995 -0.0228345
weights matrix:
 -0.882039 0.0219761 0.134674
 1.64295 -1.70501 -0.41394
 -2.06308 0.774794 1.66344
 -1.70329 -0.460211 2.00491
 0.7898 0.329553 -2.30741
regression_error on 'test' 0.0873039
classification_error on 'test' 0.157895
Save,2184,0.0873039,0.157895
sample_count 75 Sample index 15
 i 0:0.720948 i 1:0.410364 i 2:0.65746 i 3:0.573489 bias 1
 test_print 3.36226
net matrix:
 -1.50511 -0.108807 -0.136746
outputs matrix:
 0.0469665 0.44581 0.43205
error matrix:
 -0.0469665 0.55419 -0.43205
delta matrix:
 -0.0042045 0.27384 -0.212035
weights_delta matrix:
 -0.000303122 0.0197424 -0.0152866
 -0.000172537 0.0112374 -0.00870116
 -0.000276429 0.0180039 -0.0139405
 -0.000241123 0.0157044 -0.01216
 -0.00042045 0.027384 -0.0212035
weights matrix:
 -0.882342 0.0417185 0.119387
 1.64278 -1.69377 -0.422641
 -2.06336 0.792798 1.6495
 -1.70353 -0.444506 1.99275
 0.78938 0.356937 -2.32861
regression_error on 'test' 0.089316
classification_error on 'test' 0.0789474
Save,2185,0.089316,0.0789474
sample_count 75 Sample index 47
 i 0:0.282131 i 1:0.516233 i 2:0.158468 i 3:0.0989754 bias 1
 test_print 2.05581
net matrix:
 0.892917 -0.424035 -2.05449
outputs matrix:
 0.856416 0.299838 0.0161592
error matrix:
 0.143584 -0.299838 -0.0161592
delta matrix:
 0.0353125 -0.125893 -0.000513804
weights_delta matrix:
 0.000996275 -0.00355183 -1.4496e-05
 0.00182295 -0.00649901 -2.65242e-05
 0.00055959 -0.001995 -8.14214e-06
 0.000349507 -0.00124603 -5.08539e-06
 0.00353125 -0.0125893 -5.13804e-05
weights matrix:
 -0.881346 0.0381667 0.119372
 1.6446 -1.70027 -0.422667
 -2.0628 0.790803 1.64949
 -1.70318 -0.445752 1.99274
 0.792911 0.344347 -2.32866
regression_error on 'test' 0.0888447
classification_error on 'test' 0.0789474
Save,2186,0.0888447,0.0789474
sample_count 75 Sample index 34
 i 0:0.767139 i 1:0.551523 i 2:0.642339 i 3:0.573489 bias 1
 test_print 3.53449
net matrix:
 -1.27794 -0.311781 -0.267852
outputs matrix:
 0.0720324 0.348972 0.369187
error matrix:
 -0.0720324 0.651028 -0.369187
delta matrix:
 -0.00962984 0.295815 -0.171959
weights_delta matrix:
 -0.000738743 0.0226931 -0.0131916
 -0.000531108 0.0163149 -0.00948391
 -0.000618562 0.0190013 -0.0110456
 -0.000552261 0.0169647 -0.00986164
 -0.000962984 0.0295815 -0.0171959
weights matrix:
 -0.882084 0.0608598 0.106181
 1.64407 -1.68395 -0.432151
 -2.06342 0.809804 1.63844
 -1.70373 -0.428788 1.98288
 0.791948 0.373929 -2.34586
regression_error on 'test' 0.0916405
classification_error on 'test' 0.0789474
Save,2187,0.0916405,0.0789474
sample_count 75 Sample index 45
 i 0:0.697853 i 1:0.586813 i 2:0.793548 i 3:0.975 bias 1
 test_print 4.05321
net matrix:
 -2.15742 -0.347215 0.708139
outputs matrix:
 0.0131924 0.333048 0.804754
error matrix:
 -0.0131924 -0.333048 0.195246
delta matrix:
 -0.000343488 -0.147958 0.0613559
weights_delta matrix:
 -2.39704e-05 -0.0103253 0.00428174
 -2.01563e-05 -0.00868238 0.00360044
 -2.72574e-05 -0.0117412 0.00486889
 -3.34901e-05 -0.0144259 0.0059822
 -3.43488e-05 -0.0147958 0.00613559
weights matrix:
 -0.882108 0.0505345 0.110463
 1.64405 -1.69264 -0.428551
 -2.06345 0.798063 1.64331
 -1.70377 -0.443213 1.98886
 0.791914 0.359133 -2.33972
regression_error on 'test' 0.0900171
classification_error on 'test' 0.0789474
Save,2188,0.0900171,0.0789474
sample_count 75 Sample index 31
 i 0:0.559279 i 1:0.339785 i 2:0.778427 i 3:0.573489 bias 1
 test_print 3.25098
net matrix:
 -1.72614 0.17932 -0.00377006
outputs matrix:
 0.0307009 0.588711 0.498115
error matrix:
 -0.0307009 -0.588711 0.501885
delta matrix:
 -0.00182721 -0.28509 0.250939
weights_delta matrix:
 -0.000102192 -0.0159445 0.0140345
 -6.2086e-05 -0.00968692 0.00852653
 -0.000142235 -0.0221921 0.0195338
 -0.000104789 -0.0163496 0.0143911
 -0.000182721 -0.028509 0.0250939
weights matrix:
 -0.882211 0.03459 0.124497
 1.64399 -1.70232 -0.420024
 -2.06359 0.775871 1.66285
 -1.70387 -0.459563 2.00325
 0.791731 0.330624 -2.31463
regression_error on 'test' 0.0876368
classification_error on 'test' 0.157895
Save,2189,0.0876368,0.157895
sample_count 75 Sample index 54
 i 0:0.305227 i 1:0.622103 i 2:0.158468 i 3:0.135476 bias 1
 test_print 2.22127
net matrix:
 0.987341 -0.657147 -2.00303
outputs matrix:
 0.878113 0.211769 0.0178795
error matrix:
 0.121887 -0.211769 -0.0178795
delta matrix:
 0.0260912 -0.0706982 -0.000627925
weights_delta matrix:
 0.000796375 -0.0021579 -1.9166e-05
 0.00162314 -0.00439816 -3.90634e-05
 0.000413462 -0.00112034 -9.9506e-06
 0.000353473 -0.000957791 -8.50687e-06
 0.00260912 -0.00706982 -6.27925e-05
weights matrix:
 -0.881414 0.0324321 0.124478
 1.64561 -1.70672 -0.420063
 -2.06318 0.774751 1.66284
 -1.70352 -0.460521 2.00324
 0.79434 0.323554 -2.31469
regression_error on 'test' 0.0874284
classification_error on 'test' 0.157895
Save,2190,0.0874284,0.157895
sample_count 75 Sample index 18
 i 0:0.513088 i 1:0.480944 i 2:0.566734 i 3:0.60999 bias 1
 test_print 3.17076
net matrix:
 -1.07486 -0.322478 -0.288507
outputs matrix:
 0.104358 0.344127 0.35962
error matrix:
 -0.104358 0.655873 -0.35962
delta matrix:
 -0.0195082 0.296066 -0.165636
weights_delta matrix:
 -0.00100094 0.0151908 -0.0084986
 -0.000938235 0.0142391 -0.00796618
 -0.0011056 0.0167791 -0.00938718
 -0.00118998 0.0180597 -0.0101037
 -0.00195082 0.0296066 -0.0165636
weights matrix:
 -0.882415 0.0476229 0.115979
 1.64467 -1.69248 -0.428029
 -2.06428 0.79153 1.65345
 -1.70471 -0.442461 1.99314
 0.792389 0.353161 -2.33126
regression_error on 'test' 0.0893757
classification_error on 'test' 0.0789474
Save,2191,0.0893757,0.0789474
sample_count 75 Sample index 45
 i 0:0.697853 i 1:0.586813 i 2:0.793548 i 3:0.975 bias 1
 test_print 4.05321
net matrix:
 -2.15849 -0.410058 0.753911
outputs matrix:
 0.0131646 0.305739 0.818738
error matrix:
 -0.0131646 -0.305739 0.181262
delta matrix:
 -0.00034205 -0.129794 0.0538007
weights_delta matrix:
 -2.387e-05 -0.0090577 0.0037545
 -2.00719e-05 -0.00761647 0.00315709
 -2.71433e-05 -0.0102998 0.00426934
 -3.33499e-05 -0.0126549 0.00524557
 -3.4205e-05 -0.0129794 0.00538007
weights matrix:
 -0.882439 0.0385652 0.119734
 1.64465 -1.7001 -0.424872
 -2.06431 0.78123 1.65772
 -1.70474 -0.455116 1.99839
 0.792355 0.340181 -2.32588
regression_error on 'test' 0.0882528
classification_error on 'test' 0.105263
Save,2192,0.0882528,0.105263
sample_count 75 Sample index 37
 i 0:0.720948 i 1:0.551523 i 2:0.82379 i 3:0.901998 bias 1
 test_print 3.99826
net matrix:
 -2.175 -0.336603 0.694272
outputs matrix:
 0.0127423 0.337779 0.80036
error matrix:
 -0.0127423 -0.337779 0.19964
delta matrix:
 -0.000320594 -0.151112 0.0637988
weights_delta matrix:
 -2.31132e-05 -0.0108944 0.00459956
 -1.76815e-05 -0.00833418 0.00351865
 -2.64102e-05 -0.0124485 0.00525568
 -2.89175e-05 -0.0136303 0.00575464
 -3.20594e-05 -0.0151112 0.00637988
weights matrix:
 -0.882462 0.0276708 0.124333
 1.64464 -1.70843 -0.421354
 -2.06434 0.768782 1.66298
 -1.70477 -0.468746 2.00414
 0.792323 0.32507 -2.3195
regression_error on 'test' 0.0871949
classification_error on 'test' 0.157895
Save,2193,0.0871949,0.157895
sample_count 75 Sample index 10
 i 0:0.697853 i 1:0.304495 i 2:0.808669 i 3:0.719493 bias 1
 test_print 3.53051
net matrix:
 -2.21866 0.108601 0.425731
outputs matrix:
 0.0116894 0.554088 0.700874
error matrix:
 -0.0116894 -0.554088 0.299126
delta matrix:
 -0.000270091 -0.273802 0.125423
weights_delta matrix:
 -1.88484e-05 -0.0191074 0.00875271
 -8.22414e-06 -0.00833714 0.00381908
 -2.18414e-05 -0.0221415 0.0101426
 -1.94329e-05 -0.0196999 0.00902413
 -2.70091e-05 -0.0273802 0.0125423
weights matrix:
 -0.882481 0.00856343 0.133086
 1.64463 -1.71677 -0.417535
 -2.06436 0.74664 1.67312
 -1.70479 -0.488446 2.01317
 0.792296 0.29769 -2.30695
regression_error on 'test' 0.0859751
classification_error on 'test' 0.157895
Save,2194,0.0859751,0.157895
sample_count 75 Sample index 27
 i 0:0.328323 i 1:0.622103 i 2:0.158468 i 3:0.135476 bias 1
 test_print 2.24437
net matrix:
 0.967593 -0.71536 -1.98514
outputs matrix:
 0.873822 0.192986 0.0185188
error matrix:
 0.126178 -0.192986 -0.0185188
delta matrix:
 0.0278239 -0.0601125 -0.000673191
weights_delta matrix:
 0.000913523 -0.00197363 -2.21024e-05
 0.00173093 -0.00373961 -4.18794e-05
 0.00044092 -0.00095259 -1.06679e-05
 0.000376947 -0.00081438 -9.12012e-06
 0.00278239 -0.00601125 -6.73191e-05
weights matrix:
 -0.881567 0.0065898 0.133064
 1.64636 -1.72051 -0.417576
 -2.06392 0.745688 1.67311
 -1.70441 -0.489261 2.01316
 0.795078 0.291679 -2.30702
regression_error on 'test' 0.0858984
classification_error on 'test' 0.157895
Save,2195,0.0858984,0.157895
sample_count 75 Sample index 30
 i 0:0.559279 i 1:0.410364 i 2:0.642339 i 3:0.500487 bias 1
 test_print 3.11247
net matrix:
 -1.20113 -0.176555 -0.3217
outputs matrix:
 0.083001 0.412628 0.344478
error matrix:
 -0.083001 0.587372 -0.344478
delta matrix:
 -0.0126347 0.284718 -0.155575
weights_delta matrix:
 -0.000706633 0.0159237 -0.008701
 -0.000518483 0.0116838 -0.00638425
 -0.000811577 0.0182886 -0.00999321
 -0.000632351 0.0142498 -0.00778634
 -0.00126347 0.0284718 -0.0155575
weights matrix:
 -0.882274 0.0225135 0.124363
 1.64584 -1.70883 -0.423961
 -2.06473 0.763976 1.66311
 -1.70504 -0.475011 2.00537
 0.793815 0.320151 -2.32258
regression_error on 'test' 0.0869272
classification_error on 'test' 0.157895
Save,2196,0.0869272,0.157895
sample_count 75 Sample index 27
 i 0:0.328323 i 1:0.622103 i 2:0.158468 i 3:0.135476 bias 1
 test_print 2.24437
net matrix:
 0.969841 -0.67881 -2.01027
outputs matrix:
 0.874317 0.204627 0.0176271
error matrix:
 0.125683 -0.204627 -0.0176271
delta matrix:
 0.0276217 -0.0666083 -0.000610477
weights_delta matrix:
 0.000906885 -0.0021869 -2.00434e-05
 0.00171836 -0.00414372 -3.7978e-05
 0.000437716 -0.00105553 -9.67411e-06
 0.000374208 -0.000902382 -8.2705e-06
 0.00276217 -0.00666083 -6.10477e-05
weights matrix:
 -0.881367 0.0203266 0.124343
 1.64756 -1.71297 -0.423999
 -2.06429 0.762921 1.6631
 -1.70467 -0.475913 2.00536
 0.796577 0.31349 -2.32264
regression_error on 'test' 0.0867778
classification_error on 'test' 0.157895
Save,2197,0.0867778,0.157895
sample_count 75 Sample index 66
 i 0:0.60547 i 1:0.304495 i 2:0.672581 i 3:0.60999 bias 1
 test_print 3.19254
net matrix:
 -1.66362 0.0270299 -0.0346374
outputs matrix:
 0.0346481 0.513512 0.482688
error matrix:
 -0.0346481 0.486488 -0.482688
delta matrix:
 -0.00231779 0.243067 -0.241055
weights_delta matrix:
 -0.000140336 0.0147169 -0.0145951
 -7.05757e-05 0.00740125 -0.00734
 -0.00015589 0.0163482 -0.0162129
 -0.000141383 0.0148268 -0.0147041
 -0.000231779 0.0243067 -0.0241055
weights matrix:
 -0.881507 0.0350435 0.109748
 1.64749 -1.70557 -0.431339
 -2.06445 0.779269 1.64689
 -1.70481 -0.461086 1.99066
 0.796345 0.337796 -2.34675
regression_error on 'test' 0.0885313
classification_error on 'test' 0.0789474
Save,2198,0.0885313,0.0789474
sample_count 75 Sample index 74
 i 0:0.443801 i 1:0.480944 i 2:0.551613 i 3:0.536988 bias 1
 test_print 3.01335
net matrix:
 -0.856757 -0.284677 -0.528084
outputs matrix:
 0.152708 0.361386 0.258042
error matrix:
 -0.152708 0.638614 -0.258042
delta matrix:
 -0.0395175 0.294767 -0.0988078
weights_delta matrix:
 -0.00175379 0.0130818 -0.0043851
 -0.00190057 0.0141766 -0.0047521
 -0.00217983 0.0162597 -0.00545037
 -0.00212204 0.0158286 -0.00530586
 -0.00395175 0.0294767 -0.00988078
weights matrix:
 -0.883261 0.0481253 0.105363
 1.64559 -1.69139 -0.436091
 -2.06663 0.795528 1.64144
 -1.70693 -0.445258 1.98535
 0.792393 0.367273 -2.35663
regression_error on 'test' 0.090498
classification_error on 'test' 0.0789474
Save,2199,0.090498,0.0789474
sample_count 75 Sample index 67
 i 0:0.443801 i 1:0.375074 i 2:0.566734 i 3:0.536988 bias 1
 test_print 2.9226
net matrix:
 -1.07021 -0.0340109 -0.477063
outputs matrix:
 0.10523 0.483001 0.278056
error matrix:
 -0.10523 0.516999 -0.278056
delta matrix:
 -0.0198161 0.258201 -0.111634
weights_delta matrix:
 -0.000879439 0.011459 -0.00495434
 -0.000743249 0.00968444 -0.00418711
 -0.00112304 0.0146331 -0.0063267
 -0.0010641 0.0138651 -0.00599463
 -0.00198161 0.0258201 -0.0111634
weights matrix:
 -0.884141 0.0595843 0.100408
 1.64485 -1.68171 -0.440278
 -2.06775 0.810162 1.63511
 -1.708 -0.431393 1.97936
 0.790412 0.393093 -2.36779
regression_error on 'test' 0.0927763
classification_error on 'test' 0.0789474
Save,2200,0.0927763,0.0789474
sample_count 75 Sample index 61
 i 0:0.697853 i 1:0.480944 i 2:0.687702 i 3:0.682992 bias 1
 test_print 3.54949
net matrix:
 -1.62405 -0.111621 -0.0331128
outputs matrix:
 0.037395 0.44442 0.48345
error matrix:
 -0.037395 0.55558 -0.48345
delta matrix:
 -0.00269218 0.274357 -0.24146
weights_delta matrix:
 -0.000187875 0.0191461 -0.0168504
 -0.000129479 0.0131951 -0.0116129
 -0.000185142 0.0188676 -0.0166053
 -0.000183874 0.0187384 -0.0164915
 -0.000269218 0.0274357 -0.024146
weights matrix:
 -0.884329 0.0787304 0.083558
 1.64472 -1.66851 -0.451891
 -2.06793 0.829029 1.61851
 -1.70818 -0.412654 1.96287
 0.790143 0.420529 -2.39194
regression_error on 'test' 0.0971773
classification_error on 'test' 0.0789474
Save,2201,0.0971773,0.0789474
sample_count 75 Sample index 55
 i 0:0.628566 i 1:0.551523 i 2:0.612097 i 3:0.60999 bias 1
 test_print 3.40218
net matrix:
 -1.16637 -0.194475 -0.40063
outputs matrix:
 0.0884479 0.40397 0.309756
error matrix:
 -0.0884479 0.59603 -0.309756
delta matrix:
 -0.0142622 0.287022 -0.132456
weights_delta matrix:
 -0.000896474 0.0180412 -0.00832574
 -0.000786594 0.0158299 -0.00730526
 -0.000872985 0.0175685 -0.0081076
 -0.00086998 0.0175081 -0.00807969
 -0.00142622 0.0287022 -0.0132456
weights matrix:
 -0.885225 0.0967716 0.0752322
 1.64393 -1.65268 -0.459196
 -2.06881 0.846598 1.6104
 -1.70905 -0.395146 1.95479
 0.788716 0.449231 -2.40518
regression_error on 'test' 0.101602
classification_error on 'test' 0.131579
Save,2202,0.101602,0.131579
sample_count 75 Sample index 11
 i 0:0.536183 i 1:0.198626 i 2:0.536492 i 3:0.427485 bias 1
 test_print 2.69879
net matrix:
 -1.19989 0.458127 -0.756443
outputs matrix:
 0.0831893 0.714278 0.180511
error matrix:
 -0.0831893 0.285722 -0.180511
delta matrix:
 -0.0126895 0.116623 -0.0534051
weights_delta matrix:
 -0.000680389 0.00625313 -0.00286349
 -0.000252046 0.00231644 -0.00106076
 -0.000680781 0.00625674 -0.00286514
 -0.000542457 0.00498546 -0.00228299
 -0.00126895 0.0116623 -0.00534051
weights matrix:
 -0.885905 0.103025 0.0723687
 1.64368 -1.65037 -0.460257
 -2.06949 0.852854 1.60754
 -1.70959 -0.390161 1.9525
 0.787447 0.460893 -2.41052
regression_error on 'test' 0.103264
classification_error on 'test' 0.131579
Save,2203,0.103264,0.131579
sample_count 75 Sample index 64
 i 0:0.282131 i 1:0.516233 i 2:0.158468 i 3:0.0989754 bias 1
 test_print 2.05581
net matrix:
 0.888871 -0.265479 -2.17971
outputs matrix:
 0.855418 0.370293 0.0126243
error matrix:
 0.144582 -0.370293 -0.0126243
delta matrix:
 0.0357633 -0.172687 -0.000314724
weights_delta matrix:
 0.00100899 -0.00487204 -8.87933e-06
 0.00184622 -0.00891468 -1.62471e-05
 0.000566734 -0.00273654 -4.98736e-06
 0.000353969 -0.00170918 -3.11499e-06
 0.00357633 -0.0172687 -3.14724e-05
weights matrix:
 -0.884896 0.0981527 0.0723598
 1.64552 -1.65928 -0.460273
 -2.06892 0.850118 1.60753
 -1.70924 -0.39187 1.9525
 0.791024 0.443625 -2.41055
regression_error on 'test' 0.101813
classification_error on 'test' 0.131579
Save,2204,0.101813,0.131579
sample_count 75 Sample index 50
 i 0:0.489992 i 1:0.833841 i 2:0.113105 i 3:0.135476 bias 1
 test_print 2.57241
net matrix:
 1.26397 -0.848794 -2.31256
outputs matrix:
 0.926077 0.154781 0.0097074
error matrix:
 0.0739225 -0.154781 -0.0097074
delta matrix:
 0.0101212 -0.0404979 -0.000186638
weights_delta matrix:
 0.000495929 -0.00198437 -9.14509e-06
 0.000843945 -0.00337688 -1.55626e-05
 0.000114476 -0.000458052 -2.11096e-06
 0.000137118 -0.00054865 -2.52849e-06
 0.00101212 -0.00404979 -1.86638e-05
weights matrix:
 -0.884401 0.0961683 0.0723507
 1.64637 -1.66266 -0.460289
 -2.06881 0.84966 1.60753
 -1.7091 -0.392419 1.9525
 0.792036 0.439575 -2.41057
regression_error on 'test' 0.101429
classification_error on 'test' 0.131579
Save,2205,0.101429,0.131579
sample_count 75 Sample index 63
 i 0:0.420705 i 1:0.904421 i 2:0.143347 i 3:0.135476 bias 1
 test_print 2.60395
net matrix:
 1.38087 -0.955076 -2.30148
outputs matrix:
 0.940573 0.128964 0.00992272
error matrix:
 0.0594266 -0.128964 -0.00992272
delta matrix:
 0.00664331 -0.0289736 -0.000194967
weights_delta matrix:
 0.000279487 -0.00121893 -8.20234e-06
 0.000600835 -0.00262043 -1.76332e-05
 9.52299e-05 -0.000415328 -2.79479e-06
 9.00009e-05 -0.000392522 -2.64133e-06
 0.000664331 -0.00289736 -1.94967e-05
weights matrix:
 -0.884121 0.0949494 0.0723425
 1.64697 -1.66528 -0.460306
 -2.06871 0.849245 1.60753
 -1.70901 -0.392811 1.95249
 0.7927 0.436678 -2.41059
regression_error on 'test' 0.101158
classification_error on 'test' 0.131579
Save,2206,0.101158,0.131579
sample_count 75 Sample index 22
 i 0:0.305227 i 1:0.233915 i 2:0.430645 i 3:0.427485 bias 1
 test_print 2.39727
net matrix:
 -0.713364 0.273927 -0.969249
outputs matrix:
 0.193609 0.633638 0.125813
error matrix:
 -0.193609 0.366362 -0.125813
delta matrix:
 -0.0604542 0.170095 -0.0276749
weights_delta matrix:
 -0.00184523 0.00519177 -0.000844712
 -0.00141411 0.00397879 -0.000647357
 -0.00260343 0.00732507 -0.0011918
 -0.00258433 0.00727132 -0.00118306
 -0.00604542 0.0170095 -0.00276749
weights matrix:
 -0.885966 0.100141 0.0714978
 1.64555 -1.6613 -0.460954
 -2.07131 0.85657 1.60633
 -1.7116 -0.38554 1.95131
 0.786655 0.453687 -2.41336
regression_error on 'test' 0.102985
classification_error on 'test' 0.131579
Save,2207,0.102985,0.131579
sample_count 75 Sample index 6
 i 0:0.305227 i 1:0.657392 i 2:0.128226 i 3:0.171977 bias 1
 test_print 2.26282
net matrix:
 1.03806 -0.564341 -2.15301
outputs matrix:
 0.88856 0.244404 0.0133077
error matrix:
 0.11144 -0.244404 -0.0133077
delta matrix:
 0.0220699 -0.0902687 -0.000349474
weights_delta matrix:
 0.000673634 -0.00275525 -1.06669e-05
 0.00145086 -0.00593419 -2.29741e-05
 0.000282994 -0.00115748 -4.48117e-06
 0.000379552 -0.00155241 -6.01015e-06
 0.00220699 -0.00902687 -3.49474e-05
weights matrix:
 -0.885293 0.0973859 0.0714871
 1.647 -1.66723 -0.460977
 -2.07103 0.855412 1.60633
 -1.71122 -0.387092 1.95131
 0.788862 0.44466 -2.41339
regression_error on 'test' 0.102179
classification_error on 'test' 0.131579
Save,2208,0.102179,0.131579
sample_count 75 Sample index 21
 i 0:0.836426 i 1:0.445654 i 2:0.884274 i 3:0.719493 bias 1
 test_print 3.88585
net matrix:
 -2.28019 0.261016 0.26535
outputs matrix:
 0.0103498 0.627623 0.629646
error matrix:
 -0.0103498 -0.627623 0.370354
delta matrix:
 -0.000212018 -0.293366 0.172727
weights_delta matrix:
 -1.77337e-05 -0.0245379 0.0144473
 -9.44866e-06 -0.013074 0.00769765
 -1.87482e-05 -0.0259416 0.0152738
 -1.52545e-05 -0.0211075 0.0124276
 -2.12018e-05 -0.0293366 0.0172727
weights matrix:
 -0.88531 0.072848 0.0859345
 1.647 -1.68031 -0.453279
 -2.07105 0.82947 1.6216
 -1.71123 -0.4082 1.96373
 0.788841 0.415324 -2.39612
regression_error on 'test' 0.0966986
classification_error on 'test' 0.0789474
Save,2209,0.0966986,0.0789474
sample_count 75 Sample index 50
 i 0:0.489992 i 1:0.833841 i 2:0.113105 i 3:0.135476 bias 1
 test_print 2.57241
net matrix:
 1.2623 -0.911574 -2.28253
outputs matrix:
 0.925849 0.139056 0.0103021
error matrix:
 0.0741514 -0.139056 -0.0103021
delta matrix:
 0.0101814 -0.0332956 -0.000210079
weights_delta matrix:
 0.000498882 -0.00163146 -1.02937e-05
 0.000848969 -0.00277633 -1.75172e-05
 0.000115157 -0.00037659 -2.3761e-06
 0.000137934 -0.000451076 -2.84606e-06
 0.00101814 -0.00332956 -2.10079e-05
weights matrix:
 -0.884811 0.0712165 0.0859242
 1.64784 -1.68308 -0.453296
 -2.07094 0.829094 1.6216
 -1.7111 -0.408651 1.96373
 0.789859 0.411994 -2.39614
regression_error on 'test' 0.0964434
classification_error on 'test' 0.0789474
Save,2210,0.0964434,0.0789474
sample_count 75 Sample index 73
 i 0:0.582374 i 1:0.410364 i 2:0.65746 i 3:0.719493 bias 1
 test_print 3.36969
net matrix:
 -1.64189 0.0138666 -0.0530911
outputs matrix:
 0.0361315 0.506933 0.473479
error matrix:
 -0.0361315 -0.506933 0.526521
delta matrix:
 -0.00251664 -0.253418 0.26252
weights_delta matrix:
 -0.000146562 -0.0147584 0.0152885
 -0.000103274 -0.0103993 0.0107729
 -0.000165459 -0.0166612 0.0172596
 -0.00018107 -0.0182332 0.0188881
 -0.000251664 -0.0253418 0.026252
weights matrix:
 -0.884958 0.0564582 0.101213
 1.64774 -1.69348 -0.442524
 -2.0711 0.812433 1.63886
 -1.71128 -0.426884 1.98262
 0.789607 0.386652 -2.36989
regression_error on 'test' 0.0923934
classification_error on 'test' 0.0789474
Save,2211,0.0923934,0.0789474
sample_count 75 Sample index 54
 i 0:0.305227 i 1:0.622103 i 2:0.158468 i 3:0.135476 bias 1
 test_print 2.22127
net matrix:
 0.984519 -0.578724 -2.08599
outputs matrix:
 0.877508 0.239131 0.0151875
error matrix:
 0.122492 -0.239131 -0.0151875
delta matrix:
 0.0263329 -0.0870187 -0.000454314
weights_delta matrix:
 0.000803751 -0.00265605 -1.38669e-05
 0.00163818 -0.00541346 -2.8263e-05
 0.000417292 -0.00137897 -7.19942e-06
 0.000356748 -0.0011789 -6.15487e-06
 0.00263329 -0.00870187 -4.54314e-05
weights matrix:
 -0.884154 0.0538021 0.101199
 1.64938 -1.6989 -0.442552
 -2.07068 0.811054 1.63885
 -1.71092 -0.428063 1.98261
 0.79224 0.37795 -2.36994
regression_error on 'test' 0.0919292
classification_error on 'test' 0.0789474
Save,2212,0.0919292,0.0789474
sample_count 75 Sample index 41
 i 0:0.674757 i 1:0.445654 i 2:0.627218 i 3:0.536988 bias 1
 test_print 3.28462
net matrix:
 -1.28681 -0.0640233 -0.406319
outputs matrix:
 0.0708557 0.468032 0.307329
error matrix:
 -0.0708557 0.531968 -0.307329
delta matrix:
 -0.00932959 0.264897 -0.130847
weights_delta matrix:
 -0.000629521 0.0178741 -0.00882898
 -0.000415777 0.0118052 -0.00583124
 -0.000585169 0.0166148 -0.00820695
 -0.000500988 0.0142246 -0.00702632
 -0.000932959 0.0264897 -0.0130847
weights matrix:
 -0.884784 0.0716762 0.0923698
 1.64896 -1.68709 -0.448383
 -2.07127 0.827669 1.63065
 -1.71142 -0.413838 1.97559
 0.791307 0.40444 -2.38302
regression_error on 'test' 0.094951
classification_error on 'test' 0.105263
Save,2213,0.094951,0.105263
sample_count 75 Sample index 22
 i 0:0.305227 i 1:0.233915 i 2:0.430645 i 3:0.427485 bias 1
 test_print 2.39727
net matrix:
 -0.716623 0.211203 -0.912948
outputs matrix:
 0.192593 0.604059 0.138728
error matrix:
 -0.192593 0.395941 -0.138728
delta matrix:
 -0.059897 0.189396 -0.0331511
weights_delta matrix:
 -0.00182822 0.00578087 -0.00101186
 -0.00140108 0.00443025 -0.000775455
 -0.00257943 0.00815623 -0.00142764
 -0.00256051 0.00809639 -0.00141716
 -0.0059897 0.0189396 -0.00331511
weights matrix:
 -0.886612 0.0774571 0.0913579
 1.64756 -1.68266 -0.449159
 -2.07385 0.835825 1.62922
 -1.71398 -0.405742 1.97417
 0.785318 0.42338 -2.38634
regression_error on 'test' 0.0965855
classification_error on 'test' 0.0526316
Save,2214,0.0965855,0.0526316
sample_count 75 Sample index 47
 i 0:0.282131 i 1:0.516233 i 2:0.158468 i 3:0.0989754 bias 1
 test_print 2.05581
net matrix:
 0.887423 -0.331119 -2.13886
outputs matrix:
 0.855059 0.340237 0.0136844
error matrix:
 0.144941 -0.340237 -0.0136844
delta matrix:
 0.0359259 -0.15275 -0.000369402
weights_delta matrix:
 0.00101358 -0.00430955 -1.0422e-05
 0.00185461 -0.00788545 -1.90698e-05
 0.00056931 -0.0024206 -5.85385e-06
 0.000355578 -0.00151185 -3.65618e-06
 0.00359259 -0.015275 -3.69402e-05
weights matrix:
 -0.885598 0.0731475 0.0913475
 1.64942 -1.69055 -0.449178
 -2.07328 0.833404 1.62921
 -1.71363 -0.407254 1.97417
 0.78891 0.408105 -2.38637
regression_error on 'test' 0.0955755
classification_error on 'test' 0.0789474
Save,2215,0.0955755,0.0789474
sample_count 75 Sample index 34
 i 0:0.767139 i 1:0.551523 i 2:0.642339 i 3:0.573489 bias 1
 test_print 3.53449
net matrix:
 -1.29527 -0.166384 -0.385359
outputs matrix:
 0.06975 0.417567 0.316324
error matrix:
 -0.06975 0.582433 -0.316324
delta matrix:
 -0.00905144 0.283301 -0.136818
weights_delta matrix:
 -0.000694371 0.0217331 -0.0104959
 -0.000499208 0.0156247 -0.00754584
 -0.000581409 0.0181975 -0.00878837
 -0.00051909 0.016247 -0.00784637
 -0.000905144 0.0283301 -0.0136818
weights matrix:
 -0.886293 0.0948806 0.0808516
 1.64892 -1.67492 -0.456723
 -2.07386 0.851602 1.62043
 -1.71414 -0.391007 1.96632
 0.788005 0.436435 -2.40006
regression_error on 'test' 0.0998331
classification_error on 'test' 0.105263
Save,2216,0.0998331,0.105263
sample_count 75 Sample index 70
 i 0:0.259036 i 1:0.622103 i 2:0.173589 i 3:0.135476 bias 1
 test_print 2.1902
net matrix:
 0.991995 -0.486105 -2.11556
outputs matrix:
 0.879106 0.27444 0.0143277
error matrix:
 0.120894 -0.27444 -0.0143277
delta matrix:
 0.0256969 -0.109295 -0.000404685
weights_delta matrix:
 0.000665643 -0.00283113 -1.04828e-05
 0.00159861 -0.00679925 -2.51756e-05
 0.00044607 -0.00189724 -7.02489e-06
 0.000348132 -0.00148068 -5.48251e-06
 0.00256969 -0.0109295 -4.04685e-05
weights matrix:
 -0.885627 0.0920495 0.0808412
 1.65052 -1.68172 -0.456749
 -2.07341 0.849704 1.62042
 -1.7138 -0.392487 1.96631
 0.790575 0.425505 -2.4001
regression_error on 'test' 0.098965
classification_error on 'test' 0.0789474
Save,2217,0.098965,0.0789474
sample_count 75 Sample index 58
 i 0:0.282131 i 1:0.516233 i 2:0.158468 i 3:0.0989754 bias 1
 test_print 2.05581
net matrix:
 0.89457 -0.32088 -2.16168
outputs matrix:
 0.856822 0.344849 0.013082
error matrix:
 0.143178 -0.344849 -0.013082
delta matrix:
 0.0351297 -0.155822 -0.000337799
weights_delta matrix:
 0.000991118 -0.00439622 -9.53036e-06
 0.00181351 -0.00804405 -1.74383e-05
 0.000556694 -0.00246928 -5.35303e-06
 0.000347698 -0.00154225 -3.34338e-06
 0.00351297 -0.0155822 -3.37799e-05
weights matrix:
 -0.884636 0.0876533 0.0808316
 1.65233 -1.68976 -0.456766
 -2.07286 0.847235 1.62041
 -1.71345 -0.39403 1.96631
 0.794088 0.409923 -2.40013
regression_error on 'test' 0.0978533
classification_error on 'test' 0.0789474
Save,2218,0.0978533,0.0789474
sample_count 75 Sample index 4
 i 0:0.212844 i 1:0.516233 i 2:0.158468 i 3:0.135476 bias 1
 test_print 2.02302
net matrix:
 0.898173 -0.362855 -2.09555
outputs matrix:
 0.857704 0.326137 0.0149041
error matrix:
 0.142296 -0.326137 -0.0149041
delta matrix:
 0.034734 -0.143351 -0.000437643
weights_delta matrix:
 0.000739293 -0.00305115 -9.31498e-06
 0.00179309 -0.00740027 -2.25926e-05
 0.000550424 -0.00227166 -6.93525e-06
 0.000470563 -0.00194207 -5.92902e-06
 0.0034734 -0.0143351 -4.37643e-05
weights matrix:
 -0.883897 0.0846021 0.0808223
 1.65412 -1.69716 -0.456789
 -2.07231 0.844964 1.62041
 -1.71298 -0.395972 1.9663
 0.797561 0.395588 -2.40017
regression_error on 'test' 0.0969131
classification_error on 'test' 0.0789474
Save,2219,0.0969131,0.0789474
sample_count 75 Sample index 26
 i 0:0.489992 i 1:0.339785 i 2:0.536492 i 3:0.500487 bias 1
 test_print 2.86676
net matrix:
 -1.04259 0.115509 -0.662336
outputs matrix:
 0.110545 0.557499 0.210042
error matrix:
 -0.110545 0.442501 -0.210042
delta matrix:
 -0.0217386 0.218325 -0.0697021
weights_delta matrix:
 -0.00106517 0.0106977 -0.00341535
 -0.000738644 0.00741835 -0.00236837
 -0.00116626 0.0117129 -0.00373946
 -0.00108799 0.0109269 -0.0034885
 -0.00217386 0.0218325 -0.00697021
weights matrix:
 -0.884962 0.0952999 0.077407
 1.65338 -1.68975 -0.459157
 -2.07347 0.856676 1.61667
 -1.71407 -0.385045 1.96282
 0.795387 0.41742 -2.40714
regression_error on 'test' 0.0994606
classification_error on 'test' 0.105263
Save,2220,0.0994606,0.105263
sample_count 75 Sample index 37
 i 0:0.720948 i 1:0.551523 i 2:0.82379 i 3:0.901998 bias 1
 test_print 3.99826
net matrix:
 -2.18494 -0.0873957 0.497677
outputs matrix:
 0.0124948 0.456413 0.730144
error matrix:
 -0.0124948 -0.456413 0.269856
delta matrix:
 -0.000308338 -0.226472 0.106341
weights_delta matrix:
 -2.22296e-05 -0.0163275 0.00766666
 -1.70056e-05 -0.0124905 0.00586497
 -2.54006e-05 -0.0186566 0.0087603
 -2.7812e-05 -0.0204278 0.00959198
 -3.08338e-05 -0.0226472 0.0106341
weights matrix:
 -0.884984 0.0789724 0.0850736
 1.65337 -1.70224 -0.453292
 -2.0735 0.83802 1.62543
 -1.71409 -0.405473 1.97241
 0.795357 0.394773 -2.39651
regression_error on 'test' 0.0956834
classification_error on 'test' 0.0789474
Save,2221,0.0956834,0.0789474
sample_count 75 Sample index 22
 i 0:0.305227 i 1:0.233915 i 2:0.430645 i 3:0.427485 bias 1
 test_print 2.39727
net matrix:
 -0.713708 0.208254 -0.933418
outputs matrix:
 0.193502 0.602648 0.133908
error matrix:
 -0.193502 0.397352 -0.133908
delta matrix:
 -0.0603952 0.190303 -0.0310605
weights_delta matrix:
 -0.00184342 0.00580856 -0.000948052
 -0.00141273 0.00445147 -0.000726553
 -0.00260089 0.00819529 -0.00133761
 -0.0025818 0.00813516 -0.00132779
 -0.00603952 0.0190303 -0.00310605
weights matrix:
 -0.886828 0.084781 0.0841256
 1.65195 -1.69779 -0.454019
 -2.0761 0.846215 1.62409
 -1.71668 -0.397337 1.97108
 0.789317 0.413803 -2.39962
regression_error on 'test' 0.0973198
classification_error on 'test' 0.0789474
Save,2222,0.0973198,0.0789474
sample_count 75 Sample index 48
 i 0:0.744044 i 1:0.516233 i 2:0.748185 i 3:0.828996 bias 1
 test_print 3.83746
net matrix:
 -1.99415 -0.0958345 0.277735
outputs matrix:
 0.018194 0.452229 0.635404
error matrix:
 -0.018194 -0.452229 0.364596
delta matrix:
 -0.000649996 -0.22405 0.168929
weights_delta matrix:
 -4.83626e-05 -0.0166703 0.0125691
 -3.35549e-05 -0.0115662 0.00872067
 -4.86317e-05 -0.0167631 0.012639
 -5.38844e-05 -0.0185737 0.0140041
 -6.49996e-05 -0.022405 0.0168929
weights matrix:
 -0.886876 0.0681106 0.0966946
 1.65192 -1.70935 -0.445298
 -2.07615 0.829452 1.63673
 -1.71673 -0.415911 1.98508
 0.789252 0.391398 -2.38272
regression_error on 'test' 0.0935708
classification_error on 'test' 0.105263
Save,2223,0.0935708,0.105263
sample_count 75 Sample index 51
 i 0:0.628566 i 1:0.516233 i 2:0.763306 i 3:0.719493 bias 1
 test_print 3.6276
net matrix:
 -1.73534 -0.114333 0.125758
outputs matrix:
 0.0301579 0.443081 0.562549
error matrix:
 -0.0301579 -0.443081 0.437451
delta matrix:
 -0.00176414 -0.21867 0.215302
weights_delta matrix:
 -0.000110888 -0.0137448 0.0135332
 -9.10709e-05 -0.0112885 0.0111146
 -0.000134658 -0.0166912 0.0164342
 -0.000126929 -0.0157331 0.0154909
 -0.000176414 -0.021867 0.0215302
weights matrix:
 -0.886987 0.0543658 0.110228
 1.65183 -1.72064 -0.434183
 -2.07628 0.812761 1.65316
 -1.71686 -0.431644 2.00057
 0.789076 0.369531 -2.36119
regression_error on 'test' 0.0905163
classification_error on 'test' 0.0789474
Save,2224,0.0905163,0.0789474
sample_count 75 Sample index 9
 i 0:0.351418 i 1:0.375074 i 2:0.521371 i 3:0.573489 bias 1
 test_print 2.82135
net matrix:
 -0.970181 -0.0805242 -0.476088
outputs matrix:
 0.125608 0.459825 0.278447
error matrix:
 -0.125608 0.540175 -0.278447
delta matrix:
 -0.0275913 0.268344 -0.111888
weights_delta matrix:
 -0.000969607 0.00943009 -0.00393195
 -0.00103488 0.0100649 -0.00419663
 -0.00143853 0.0139907 -0.00583352
 -0.00158233 0.0153892 -0.00641666
 -0.00275913 0.0268344 -0.0111888
weights matrix:
 -0.887956 0.0637959 0.106296
 1.6508 -1.71058 -0.43838
 -2.07772 0.826752 1.64733
 -1.71844 -0.416255 1.99416
 0.786316 0.396366 -2.37238
regression_error on 'test' 0.0928183
classification_error on 'test' 0.0789474
Save,2225,0.0928183,0.0789474
sample_count 75 Sample index 0
 i 0:0.282131 i 1:0.269205 i 2:0.430645 i 3:0.427485 bias 1
 test_print 2.40947
net matrix:
 -0.649168 0.131963 -0.898519
outputs matrix:
 0.214445 0.565601 0.142212
error matrix:
 -0.214445 0.434399 -0.142212
delta matrix:
 -0.0722502 0.213461 -0.0346962
weights_delta matrix:
 -0.0020384 0.00602239 -0.000978889
 -0.00194501 0.00574647 -0.00093404
 -0.00311142 0.00919258 -0.00149418
 -0.00308859 0.00912512 -0.00148321
 -0.00722502 0.0213461 -0.00346962
weights matrix:
 -0.889995 0.0698183 0.105317
 1.64885 -1.70483 -0.439314
 -2.08083 0.835944 1.64583
 -1.72153 -0.40713 1.99267
 0.779091 0.417712 -2.37585
regression_error on 'test' 0.0944922
classification_error on 'test' 0.105263
Save,2226,0.0944922,0.105263
sample_count 75 Sample index 59
 i 0:0.60547 i 1:0.233915 i 2:0.596976 i 3:0.536988 bias 1
 test_print 2.97335
net matrix:
 -1.54073 0.341614 -0.36228
outputs matrix:
 0.0438786 0.664459 0.32639
error matrix:
 -0.0438786 0.335541 -0.32639
delta matrix:
 -0.00368169 0.14962 -0.14352
weights_delta matrix:
 -0.000222916 0.00905904 -0.00868968
 -8.61204e-05 0.00349984 -0.00335714
 -0.000219788 0.00893195 -0.00856778
 -0.000197703 0.00803441 -0.00770683
 -0.000368169 0.014962 -0.014352
weights matrix:
 -0.890218 0.0788773 0.0966273
 1.64876 -1.70133 -0.442671
 -2.08105 0.844876 1.63727
 -1.72172 -0.399096 1.98497
 0.778723 0.432674 -2.3902
regression_error on 'test' 0.0966639
classification_error on 'test' 0.0526316
Save,2227,0.0966639,0.0526316
sample_count 75 Sample index 36
 i 0:0.744044 i 1:0.516233 i 2:0.702823 i 3:0.901998 bias 1
 test_print 3.8651
net matrix:
 -2.0481 -0.153105 0.394317
outputs matrix:
 0.0163637 0.42404 0.687538
error matrix:
 -0.0163637 -0.42404 0.312462
delta matrix:
 -0.000526778 -0.207127 0.134252
weights_delta matrix:
 -3.91946e-05 -0.0154111 0.00998895
 -2.7194e-05 -0.0106926 0.00693054
 -3.70232e-05 -0.0145573 0.00943555
 -4.75152e-05 -0.0186828 0.0121095
 -5.26778e-05 -0.0207127 0.0134252
weights matrix:
 -0.890257 0.0634662 0.106616
 1.64874 -1.71202 -0.435741
 -2.08109 0.830319 1.6467
 -1.72177 -0.417778 1.99708
 0.778671 0.411961 -2.37678
regression_error on 'test' 0.0933969
classification_error on 'test' 0.0789474
Save,2228,0.0933969,0.0789474
sample_count 75 Sample index 67
 i 0:0.443801 i 1:0.375074 i 2:0.566734 i 3:0.536988 bias 1
 test_print 2.9226
net matrix:
 -1.10202 0.0442206 -0.487247
outputs matrix:
 0.0993877 0.522096 0.273986
error matrix:
 -0.0993877 0.477904 -0.273986
delta matrix:
 -0.0177923 0.238485 -0.109001
weights_delta matrix:
 -0.000789626 0.010584 -0.00483748
 -0.000667344 0.00894497 -0.00408835
 -0.00100835 0.0135158 -0.00617746
 -0.000955427 0.0128064 -0.00585323
 -0.00177923 0.0238485 -0.0109001
weights matrix:
 -0.891047 0.0740502 0.101779
 1.64807 -1.70308 -0.439829
 -2.0821 0.843835 1.64052
 -1.72273 -0.404972 1.99122
 0.776891 0.43581 -2.38768
regression_error on 'test' 0.0960665
classification_error on 'test' 0.0789474
Save,2229,0.0960665,0.0789474
sample_count 75 Sample index 35
 i 0:0.189749 i 1:0.233915 i 2:0.128226 i 3:0.171977 bias 1
 test_print 1.72387
net matrix:
 0.430076 0.0900411 -1.91844
outputs matrix:
 0.702692 0.544899 0.0211055
error matrix:
 0.297308 -0.544899 -0.0211055
delta matrix:
 0.124225 -0.270253 -0.000872083
weights_delta matrix:
 0.00235715 -0.00512802 -1.65477e-05
 0.0029058 -0.00632162 -2.03993e-05
 0.00159288 -0.00346534 -1.11824e-05
 0.00213638 -0.00464772 -1.49978e-05
 0.0124225 -0.0270253 -8.72083e-05
weights matrix:
 -0.888689 0.0689221 0.101762
 1.65098 -1.7094 -0.439849
 -2.0805 0.840369 1.64051
 -1.72059 -0.40962 1.99121
 0.789314 0.408784 -2.38776
regression_error on 'test' 0.0944606
classification_error on 'test' 0.105263
Save,2230,0.0944606,0.105263
sample_count 75 Sample index 6
 i 0:0.305227 i 1:0.657392 i 2:0.128226 i 3:0.171977 bias 1
 test_print 2.26282
net matrix:
 1.04072 -0.656611 -2.09306
outputs matrix:
 0.889087 0.211948 0.0149775
error matrix:
 0.110913 -0.211948 -0.0149775
delta matrix:
 0.0218747 -0.0708017 -0.00044193
weights_delta matrix:
 0.000667674 -0.00216106 -1.34889e-05
 0.00143802 -0.00465445 -2.90521e-05
 0.00028049 -0.000907862 -5.66669e-06
 0.000376194 -0.00121763 -7.60017e-06
 0.00218747 -0.00708017 -4.4193e-05
weights matrix:
 -0.888022 0.0667611 0.101749
 1.65241 -1.71405 -0.439878
 -2.08022 0.839461 1.64051
 -1.72022 -0.410837 1.9912
 0.791501 0.401704 -2.38781
regression_error on 'test' 0.0940007
classification_error on 'test' 0.105263
Save,2231,0.0940007,0.105263
sample_count 75 Sample index 30
 i 0:0.559279 i 1:0.410364 i 2:0.642339 i 3:0.500487 bias 1
 test_print 3.11247
net matrix:
 -1.22421 0.0692568 -0.46108
outputs matrix:
 0.0795535 0.534573 0.284518
error matrix:
 -0.0795535 0.465427 -0.284518
delta matrix:
 -0.0116506 0.231601 -0.115837
weights_delta matrix:
 -0.000651592 0.0129529 -0.00647853
 -0.000478098 0.00950406 -0.00475354
 -0.000748362 0.0148766 -0.00744067
 -0.000583096 0.0115913 -0.0057975
 -0.00116506 0.0231601 -0.0115837
weights matrix:
 -0.888673 0.079714 0.0952702
 1.65194 -1.70455 -0.444632
 -2.08097 0.854338 1.63307
 -1.7208 -0.399246 1.9854
 0.790336 0.424864 -2.39939
regression_error on 'test' 0.0968599
classification_error on 'test' 0.0789474
Save,2232,0.0968599,0.0789474
sample_count 75 Sample index 15
 i 0:0.720948 i 1:0.410364 i 2:0.65746 i 3:0.573489 bias 1
 test_print 3.36226
net matrix:
 -1.52747 0.115578 -0.300885
outputs matrix:
 0.0450045 0.557533 0.353939
error matrix:
 -0.0450045 0.442467 -0.353939
delta matrix:
 -0.00386851 0.218304 -0.161868
weights_delta matrix:
 -0.0002789 0.0157386 -0.0116698
 -0.00015875 0.00895842 -0.00664247
 -0.000254339 0.0143526 -0.0106422
 -0.000221855 0.0125195 -0.00928294
 -0.000386851 0.0218304 -0.0161868
weights matrix:
 -0.888952 0.0954526 0.0836004
 1.65178 -1.69559 -0.451274
 -2.08123 0.868691 1.62243
 -1.72102 -0.386726 1.97612
 0.789949 0.446695 -2.41558
regression_error on 'test' 0.100567
classification_error on 'test' 0.105263
Save,2233,0.100567,0.105263
sample_count 75 Sample index 17
 i 0:0.443801 i 1:0.304495 i 2:0.521371 i 3:0.463986 bias 1
 test_print 2.73365
net matrix:
 -0.985232 0.246232 -0.75311
outputs matrix:
 0.122339 0.620687 0.1815
error matrix:
 -0.122339 0.379313 -0.1815
delta matrix:
 -0.0262717 0.178607 -0.0539263
weights_delta matrix:
 -0.00116594 0.00792659 -0.00239325
 -0.000799959 0.00543849 -0.00164203
 -0.00136973 0.00931205 -0.00281156
 -0.00121897 0.00828711 -0.0025021
 -0.00262717 0.0178607 -0.00539263
weights matrix:
 -0.890118 0.103379 0.0812071
 1.65098 -1.69015 -0.452916
 -2.0826 0.878003 1.61961
 -1.72224 -0.378439 1.97362
 0.787322 0.464555 -2.42097
regression_error on 'test' 0.102884
classification_error on 'test' 0.131579
Save,2234,0.102884,0.131579
sample_count 75 Sample index 71
 i 0:0.143558 i 1:0.480944 i 2:0.0979839 i 3:0.0989754 bias 1
 test_print 1.82146
net matrix:
 1.07905 -0.284898 -2.27311
outputs matrix:
 0.896422 0.361284 0.010496
error matrix:
 0.103578 -0.361284 -0.010496
delta matrix:
 0.0192342 -0.166738 -0.000218019
weights_delta matrix:
 0.000276122 -0.00239366 -3.12983e-06
 0.000925057 -0.00801917 -1.04855e-05
 0.000188464 -0.00163377 -2.13623e-06
 0.000190371 -0.0016503 -2.15785e-06
 0.00192342 -0.0166738 -2.18019e-05
weights matrix:
 -0.889842 0.100986 0.081204
 1.6519 -1.69817 -0.452927
 -2.08241 0.876369 1.61961
 -1.72205 -0.38009 1.97362
 0.789246 0.447882 -2.42099
regression_error on 'test' 0.101603
classification_error on 'test' 0.131579
Save,2235,0.101603,0.131579
sample_count 75 Sample index 42
 i 0:0.651661 i 1:0.551523 i 2:0.702823 i 3:0.792495 bias 1
 test_print 3.6985
net matrix:
 -1.70785 -0.108177 0.084506
outputs matrix:
 0.0318085 0.446121 0.542153
error matrix:
 -0.0318085 -0.446121 0.457847
delta matrix:
 -0.0019592 -0.220471 0.227297
weights_delta matrix:
 -0.000127673 -0.0143672 0.014812
 -0.000108054 -0.0121595 0.0125359
 -0.000137697 -0.0154952 0.0159749
 -0.000155266 -0.0174722 0.0180131
 -0.00019592 -0.0220471 0.0227297
weights matrix:
 -0.88997 0.0866184 0.096016
 1.65179 -1.71033 -0.440391
 -2.08255 0.860874 1.63559
 -1.7222 -0.397562 1.99163
 0.78905 0.425835 -2.39826
regression_error on 'test' 0.0969749
classification_error on 'test' 0.0789474
Save,2236,0.0969749,0.0789474
sample_count 75 Sample index 58
 i 0:0.282131 i 1:0.516233 i 2:0.158468 i 3:0.0989754 bias 1
 test_print 2.05581
net matrix:
 0.890199 -0.335585 -2.14221
outputs matrix:
 0.855746 0.338235 0.0135943
error matrix:
 0.144254 -0.338235 -0.0135943
delta matrix:
 0.0356148 -0.151416 -0.000364585
weights_delta matrix:
 0.0010048 -0.00427191 -1.02861e-05
 0.00183855 -0.00781658 -1.88211e-05
 0.00056438 -0.00239946 -5.77751e-06
 0.000352499 -0.00149864 -3.6085e-06
 0.00356148 -0.0151416 -3.64585e-05
weights matrix:
 -0.888965 0.0823464 0.0960057
 1.65363 -1.71815 -0.44041
 -2.08198 0.858474 1.63558
 -1.72185 -0.39906 1.99163
 0.792611 0.410693 -2.3983
regression_error on 'test' 0.0959381
classification_error on 'test' 0.0789474
Save,2237,0.0959381,0.0789474
sample_count 75 Sample index 18
 i 0:0.513088 i 1:0.480944 i 2:0.566734 i 3:0.60999 bias 1
 test_print 3.17076
net matrix:
 -1.09844 -0.130285 -0.419042
outputs matrix:
 0.10003 0.435224 0.301938
error matrix:
 -0.10003 0.564776 -0.301938
delta matrix:
 -0.0180103 0.277649 -0.12728
weights_delta matrix:
 -0.000924088 0.0142458 -0.00653059
 -0.000866196 0.0133533 -0.00612146
 -0.00102071 0.0157353 -0.0072134
 -0.00109861 0.0169363 -0.00776396
 -0.00180103 0.0277649 -0.012728
weights matrix:
 -0.889889 0.0965923 0.0894751
 1.65277 -1.70479 -0.446531
 -2.083 0.87421 1.62837
 -1.72295 -0.382124 1.98386
 0.79081 0.438458 -2.41103
regression_error on 'test' 0.0997297
classification_error on 'test' 0.105263
Save,2238,0.0997297,0.105263
sample_count 75 Sample index 26
 i 0:0.489992 i 1:0.339785 i 2:0.536492 i 3:0.500487 bias 1
 test_print 2.86676
net matrix:
 -1.06347 0.184282 -0.652408
outputs matrix:
 0.106506 0.591112 0.213356
error matrix:
 -0.106506 0.408888 -0.213356
delta matrix:
 -0.0202706 0.197655 -0.0716172
weights_delta matrix:
 -0.000993242 0.00968495 -0.00350918
 -0.000688764 0.00671603 -0.00243344
 -0.0010875 0.010604 -0.0038422
 -0.00101452 0.00989239 -0.00358435
 -0.00202706 0.0197655 -0.00716172
weights matrix:
 -0.890882 0.106277 0.085966
 1.65208 -1.69808 -0.448965
 -2.08409 0.884814 1.62453
 -1.72396 -0.372232 1.98028
 0.788783 0.458223 -2.41819
regression_error on 'test' 0.102419
classification_error on 'test' 0.131579
Save,2239,0.102419,0.131579
sample_count 75 Sample index 56
 i 0:0.328323 i 1:0.727972 i 2:0.158468 i 3:0.208478 bias 1
 test_print 2.42324
net matrix:
 1.00928 -0.680424 -2.04652
outputs matrix:
 0.882732 0.204103 0.0164145
error matrix:
 0.117268 -0.204103 -0.0164145
delta matrix:
 0.0242781 -0.0663108 -0.000530026
weights_delta matrix:
 0.000797107 -0.00217714 -1.7402e-05
 0.00176738 -0.00482724 -3.85844e-05
 0.000384731 -0.00105081 -8.39922e-06
 0.000506146 -0.00138243 -1.10499e-05
 0.00242781 -0.00663108 -5.30026e-05
weights matrix:
 -0.890085 0.1041 0.0859485
 1.65384 -1.7029 -0.449003
 -2.08371 0.883763 1.62452
 -1.72346 -0.373614 1.98027
 0.791211 0.451592 -2.41824
regression_error on 'test' 0.101775
classification_error on 'test' 0.131579
Save,2240,0.101775,0.131579
sample_count 75 Sample index 45
 i 0:0.697853 i 1:0.586813 i 2:0.793548 i 3:0.975 bias 1
 test_print 4.05321
net matrix:
 -2.19333 -0.138014 0.598148
outputs matrix:
 0.0122893 0.431428 0.767865
error matrix:
 -0.0122893 -0.431428 0.232135
delta matrix:
 -0.000298339 -0.211657 0.0827553
weights_delta matrix:
 -2.08197e-05 -0.0147705 0.0057751
 -1.75069e-05 -0.0124203 0.00485619
 -2.36747e-05 -0.016796 0.00656703
 -2.90881e-05 -0.0206365 0.00806864
 -2.98339e-05 -0.0211657 0.00827553
weights matrix:
 -0.890106 0.0893295 0.0917237
 1.65383 -1.71533 -0.444147
 -2.08373 0.866967 1.63108
 -1.72349 -0.394251 1.98834
 0.791181 0.430427 -2.40997
regression_error on 'test' 0.0979719
classification_error on 'test' 0.0789474
Save,2241,0.0979719,0.0789474
sample_count 75 Sample index 24
 i 0:0.466896 i 1:0.445654 i 2:0.566734 i 3:0.536988 bias 1
 test_print 3.01627
net matrix:
 -0.993783 -0.0126757 -0.572975
outputs matrix:
 0.120515 0.493663 0.24123
error matrix:
 -0.120515 0.506337 -0.24123
delta matrix:
 -0.0255469 0.253128 -0.0883083
weights_delta matrix:
 -0.00119277 0.0118184 -0.00412308
 -0.00113851 0.0112808 -0.00393549
 -0.00144783 0.0143456 -0.00500473
 -0.00137184 0.0135927 -0.00474205
 -0.00255469 0.0253128 -0.00883083
weights matrix:
 -0.891299 0.101148 0.0876006
 1.65269 -1.70404 -0.448083
 -2.08518 0.881312 1.62608
 -1.72486 -0.380658 1.98359
 0.788626 0.455739 -2.4188
regression_error on 'test' 0.10136
classification_error on 'test' 0.131579
Save,2242,0.10136,0.131579
sample_count 75 Sample index 13
 i 0:0.420705 i 1:0.269205 i 2:0.491129 i 3:0.427485 bias 1
 test_print 2.60852
net matrix:
 -0.902878 0.309668 -0.855999
outputs matrix:
 0.141152 0.650068 0.152905
error matrix:
 -0.141152 0.349932 -0.152905
delta matrix:
 -0.0342231 0.159205 -0.0396099
weights_delta matrix:
 -0.00143978 0.00669784 -0.00166641
 -0.000921304 0.00428588 -0.00106632
 -0.0016808 0.00781902 -0.00194536
 -0.00146299 0.00680578 -0.00169326
 -0.00342231 0.0159205 -0.00396099
weights matrix:
 -0.892739 0.107846 0.0859342
 1.65177 -1.69976 -0.449149
 -2.08686 0.889131 1.62413
 -1.72632 -0.373852 1.9819
 0.785204 0.47166 -2.42276
regression_error on 'test' 0.103346
classification_error on 'test' 0.131579
Save,2243,0.103346,0.131579
sample_count 75 Sample index 12
 i 0:0.166653 i 1:0.480944 i 2:0.128226 i 3:0.135476 bias 1
 test_print 1.9113
net matrix:
 0.929369 -0.264494 -2.1477
outputs matrix:
 0.86515 0.370753 0.0134479
error matrix:
 0.13485 -0.370753 -0.0134479
delta matrix:
 0.0314647 -0.17299 -0.000356826
weights_delta matrix:
 0.000524369 -0.00288293 -5.94662e-06
 0.00151328 -0.00831984 -1.71614e-05
 0.00040346 -0.00221818 -4.57544e-06
 0.000426272 -0.0023436 -4.83414e-06
 0.00314647 -0.017299 -3.56826e-05
weights matrix:
 -0.892214 0.104963 0.0859282
 1.65328 -1.70808 -0.449166
 -2.08645 0.886913 1.62413
 -1.7259 -0.376196 1.9819
 0.788351 0.454361 -2.4228
regression_error on 'test' 0.101919
classification_error on 'test' 0.131579
Save,2244,0.101919,0.131579
sample_count 75 Sample index 46
 i 0:0.928809 i 1:0.480944 i 2:0.854032 i 3:0.901998 bias 1
 test_print 4.16578
net matrix:
 -2.58386 0.148486 0.615716
outputs matrix:
 0.00566522 0.573702 0.774069
error matrix:
 -0.00566522 -0.573702 0.225931
delta matrix:
 -6.38258e-05 -0.280618 0.0790243
weights_delta matrix:
 -5.9282e-06 -0.0260641 0.00733985
 -3.06966e-06 -0.0134962 0.00380063
 -5.45093e-06 -0.0239657 0.00674893
 -5.75707e-06 -0.0253117 0.00712798
 -6.38258e-06 -0.0280618 0.00790243
weights matrix:
 -0.89222 0.0788988 0.0932681
 1.65328 -1.72157 -0.445365
 -2.08646 0.862948 1.63088
 -1.7259 -0.401508 1.98902
 0.788344 0.426299 -2.41489
regression_error on 'test' 0.097086
classification_error on 'test' 0.0789474
Save,2245,0.097086,0.0789474
sample_count 75 Sample index 60
 i 0:0.559279 i 1:0.410364 i 2:0.536492 i 3:0.536988 bias 1
 test_print 3.04312
net matrix:
 -1.07837 0.0113131 -0.602457
outputs matrix:
 0.103703 0.505656 0.230602
error matrix:
 -0.103703 0.494344 -0.230602
delta matrix:
 -0.0192783 0.24714 -0.0818291
weights_delta matrix:
 -0.00107819 0.013822 -0.00457653
 -0.000791112 0.0101417 -0.00335797
 -0.00103426 0.0132589 -0.00439007
 -0.00103522 0.0132711 -0.00439412
 -0.00192783 0.024714 -0.00818291
weights matrix:
 -0.893298 0.0927209 0.0886915
 1.65249 -1.71143 -0.448723
 -2.08749 0.876206 1.62649
 -1.72694 -0.388237 1.98463
 0.786416 0.451013 -2.42308
regression_error on 'test' 0.100266
classification_error on 'test' 0.105263
Save,2246,0.100266,0.105263
sample_count 75 Sample index 46
 i 0:0.928809 i 1:0.480944 i 2:0.854032 i 3:0.901998 bias 1
 test_print 4.16578
net matrix:
 -2.58901 0.11215 0.622696
outputs matrix:
 0.00560749 0.555841 0.776501
error matrix:
 -0.00560749 -0.555841 0.223499
delta matrix:
 -6.25353e-05 -0.274454 0.0775752
weights_delta matrix:
 -5.80834e-06 -0.0254915 0.00720526
 -3.0076e-06 -0.0131997 0.00373093
 -5.34071e-06 -0.0234392 0.00662517
 -5.64067e-06 -0.0247557 0.00699727
 -6.25353e-06 -0.0274454 0.00775752
weights matrix:
 -0.893304 0.0672293 0.0958968
 1.65248 -1.72463 -0.444992
 -2.0875 0.852767 1.63311
 -1.72694 -0.412992 1.99163
 0.78641 0.423568 -2.41532
regression_error on 'test' 0.09579
classification_error on 'test' 0.0789474
Save,2247,0.09579,0.0789474
sample_count 75 Sample index 41
 i 0:0.674757 i 1:0.445654 i 2:0.627218 i 3:0.536988 bias 1
 test_print 3.28462
net matrix:
 -1.31658 0.0134409 -0.455126
outputs matrix:
 0.0670343 0.50672 0.286948
error matrix:
 -0.0670343 0.49328 -0.286948
delta matrix:
 -0.00838475 0.246595 -0.117424
weights_delta matrix:
 -0.000565767 0.0166392 -0.00792329
 -0.00037367 0.0109896 -0.00523306
 -0.000525906 0.0154669 -0.00736507
 -0.000450251 0.0132419 -0.00630555
 -0.000838475 0.0246595 -0.0117424
weights matrix:
 -0.89387 0.0838685 0.0879735
 1.65211 -1.71364 -0.450226
 -2.08802 0.868234 1.62575
 -1.72739 -0.39975 1.98532
 0.785572 0.448227 -2.42706
regression_error on 'test' 0.0992628
classification_error on 'test' 0.105263
Save,2248,0.0992628,0.105263
sample_count 75 Sample index 20
 i 0:0.489992 i 1:0.375074 i 2:0.521371 i 3:0.500487 bias 1
 test_print 2.88692
net matrix:
 -0.985928 0.0991816 -0.711577
outputs matrix:
 0.12219 0.549429 0.194168
error matrix:
 -0.12219 0.450571 -0.194168
delta matrix:
 -0.026212 0.223084 -0.0607615
weights_delta matrix:
 -0.00128437 0.0109309 -0.00297727
 -0.000983144 0.0083673 -0.00227901
 -0.00136662 0.0116309 -0.00316793
 -0.00131188 0.0111651 -0.00304103
 -0.0026212 0.0223084 -0.00607615
weights matrix:
 -0.895154 0.0947995 0.0849962
 1.65113 -1.70528 -0.452505
 -2.08939 0.879865 1.62258
 -1.72871 -0.388585 1.98228
 0.78295 0.470536 -2.43314
regression_error on 'test' 0.102139
classification_error on 'test' 0.131579
Save,2249,0.102139,0.131579
sample_count 75 Sample index 50
 i 0:0.489992 i 1:0.833841 i 2:0.113105 i 3:0.135476 bias 1
 test_print 2.57241
net matrix:
 1.25059 -0.858069 -2.31673
outputs matrix:
 0.924225 0.152369 0.00962742
error matrix:
 0.0757755 -0.152369 -0.00962742
delta matrix:
 0.0106136 -0.0393579 -0.00018359
weights_delta matrix:
 0.00052006 -0.0019285 -8.99576e-06
 0.000885009 -0.00328182 -1.53085e-05
 0.000120046 -0.000445157 -2.07649e-06
 0.000143789 -0.000533205 -2.4872e-06
 0.00106136 -0.00393579 -1.8359e-05
weights matrix:
 -0.894634 0.0928709 0.0849872
 1.65201 -1.70856 -0.45252
 -2.08927 0.87942 1.62258
 -1.72856 -0.389118 1.98228
 0.784012 0.4666 -2.43316
regression_error on 'test' 0.101747
classification_error on 'test' 0.131579
Save,2250,0.101747,0.131579
sample_count 75 Sample index 67
 i 0:0.443801 i 1:0.375074 i 2:0.566734 i 3:0.536988 bias 1
 test_print 2.9226
net matrix:
 -1.10568 0.156426 -0.581137
outputs matrix:
 0.0987352 0.577581 0.238254
error matrix:
 -0.0987352 0.422419 -0.238254
delta matrix:
 -0.0175722 0.206124 -0.0864813
weights_delta matrix:
 -0.000779856 0.00914782 -0.00383805
 -0.000659087 0.00773119 -0.00324369
 -0.000995876 0.0116818 -0.00490119
 -0.000943606 0.0110686 -0.00464394
 -0.00175722 0.0206124 -0.00864813
weights matrix:
 -0.895414 0.102019 0.0811492
 1.65135 -1.70083 -0.455764
 -2.09027 0.891102 1.61768
 -1.7295 -0.37805 1.97763
 0.782255 0.487212 -2.4418
regression_error on 'test' 0.104885
classification_error on 'test' 0.157895
Save,2251,0.104885,0.157895
sample_count 75 Sample index 58
 i 0:0.282131 i 1:0.516233 i 2:0.158468 i 3:0.0989754 bias 1
 test_print 2.05581
net matrix:
 0.879694 -0.258234 -2.2021
outputs matrix:
 0.853133 0.373678 0.0120782
error matrix:
 0.146867 -0.373678 -0.0120782
delta matrix:
 0.036804 -0.174914 -0.000288241
weights_delta matrix:
 0.00103835 -0.00493485 -8.13217e-06
 0.00189994 -0.00902961 -1.48799e-05
 0.000583226 -0.00277182 -4.56769e-06
 0.000364269 -0.00173121 -2.85287e-06
 0.0036804 -0.0174914 -2.88241e-05
weights matrix:
 -0.894376 0.0970839 0.0811411
 1.65325 -1.70986 -0.455778
 -2.08968 0.88833 1.61767
 -1.72914 -0.379781 1.97763
 0.785935 0.469721 -2.44183
regression_error on 'test' 0.103323
classification_error on 'test' 0.157895
Save,2252,0.103323,0.157895
sample_count 75 Sample index 49
 i 0:0.397609 i 1:0.480944 i 2:0.612097 i 3:0.60999 bias 1
 test_print 3.10064
net matrix:
 -1.1084 -0.00194106 -0.432266
outputs matrix:
 0.0982514 0.499029 0.296393
error matrix:
 -0.0982514 0.500971 -0.296393
delta matrix:
 -0.0174098 0.250484 -0.123622
weights_delta matrix:
 -0.000692228 0.00995948 -0.00491533
 -0.000837313 0.0120469 -0.00594554
 -0.00106565 0.0153321 -0.00756688
 -0.00106198 0.0152793 -0.00754084
 -0.00174098 0.0250484 -0.0123622
weights matrix:
 -0.895068 0.107043 0.0762257
 1.65242 -1.69781 -0.461724
 -2.09075 0.903662 1.61011
 -1.7302 -0.364502 1.97009
 0.784194 0.494769 -2.45419
regression_error on 'test' 0.10768
classification_error on 'test' 0.157895
Save,2253,0.10768,0.157895
sample_count 75 Sample index 17
 i 0:0.443801 i 1:0.304495 i 2:0.521371 i 3:0.463986 bias 1
 test_print 2.73365
net matrix:
 -1.00273 0.32732 -0.807401
outputs matrix:
 0.11863 0.658056 0.165923
error matrix:
 -0.11863 0.341944 -0.165923
delta matrix:
 -0.0248073 0.153888 -0.045925
weights_delta matrix:
 -0.00110095 0.00682955 -0.00203815
 -0.000755371 0.0046858 -0.00139839
 -0.00129338 0.00802325 -0.00239439
 -0.00115103 0.00714017 -0.00213085
 -0.00248073 0.0153888 -0.0045925
weights matrix:
 -0.896169 0.113873 0.0741876
 1.65166 -1.69312 -0.463122
 -2.09204 0.911685 1.60771
 -1.73135 -0.357362 1.96796
 0.781713 0.510158 -2.45879
regression_error on 'test' 0.110048
classification_error on 'test' 0.184211
Save,2254,0.110048,0.184211
sample_count 75 Sample index 11
 i 0:0.536183 i 1:0.198626 i 2:0.536492 i 3:0.427485 bias 1
 test_print 2.69879
net matrix:
 -1.23323 0.571262 -0.8072
outputs matrix:
 0.0782436 0.758143 0.165979
error matrix:
 -0.0782436 0.241857 -0.165979
delta matrix:
 -0.0112861 0.0886951 -0.0459528
weights_delta matrix:
 -0.000605142 0.00475568 -0.00246391
 -0.000224171 0.00176171 -0.000912742
 -0.00060549 0.00475842 -0.00246533
 -0.000482464 0.00379158 -0.00196441
 -0.00112861 0.00886951 -0.00459528
weights matrix:
 -0.896774 0.118629 0.0717237
 1.65144 -1.69136 -0.464035
 -2.09265 0.916444 1.60525
 -1.73184 -0.35357 1.96599
 0.780585 0.519028 -2.46338
regression_error on 'test' 0.111617
classification_error on 'test' 0.184211
Save,2255,0.111617,0.184211
sample_count 75 Sample index 59
 i 0:0.60547 i 1:0.233915 i 2:0.596976 i 3:0.536988 bias 1
 test_print 2.97335
net matrix:
 -1.55533 0.552451 -0.514492
outputs matrix:
 0.04267 0.751177 0.263281
error matrix:
 -0.04267 0.248823 -0.263281
delta matrix:
 -0.00348608 0.0930148 -0.102134
weights_delta matrix:
 -0.000211072 0.00563177 -0.00618393
 -8.15446e-05 0.00217576 -0.00238908
 -0.000208111 0.00555276 -0.00609717
 -0.000187198 0.00499478 -0.00548449
 -0.000348608 0.00930148 -0.0102134
weights matrix:
 -0.896985 0.12426 0.0655397
 1.65135 -1.68919 -0.466424
 -2.09286 0.921996 1.59915
 -1.73202 -0.348575 1.96051
 0.780236 0.528329 -2.4736
regression_error on 'test' 0.113966
classification_error on 'test' 0.210526
Save,2256,0.113966,0.210526
sample_count 75 Sample index 18
 i 0:0.513088 i 1:0.480944 i 2:0.566734 i 3:0.60999 bias 1
 test_print 3.17076
net matrix:
 -1.1284 0.0895813 -0.562108
outputs matrix:
 0.094765 0.544671 0.24523
error matrix:
 -0.094765 0.455329 -0.24523
delta matrix:
 -0.0162587 0.225847 -0.0907804
weights_delta matrix:
 -0.000834217 0.0115879 -0.00465783
 -0.000781954 0.010862 -0.00436603
 -0.000921438 0.0127995 -0.00514483
 -0.000991767 0.0137765 -0.00553751
 -0.00162587 0.0225847 -0.00907804
weights matrix:
 -0.897819 0.135848 0.0608819
 1.65057 -1.67832 -0.47079
 -2.09378 0.934796 1.594
 -1.73302 -0.334799 1.95497
 0.77861 0.550914 -2.48267
regression_error on 'test' 0.118617
classification_error on 'test' 0.236842
Save,2257,0.118617,0.236842
sample_count 75 Sample index 70
 i 0:0.259036 i 1:0.622103 i 2:0.173589 i 3:0.135476 bias 1
 test_print 2.1902
net matrix:
 0.97463 -0.341074 -2.21823
outputs matrix:
 0.875366 0.335782 0.0116993
error matrix:
 0.124634 -0.335782 -0.0116993
delta matrix:
 0.0271953 -0.149781 -0.000270544
weights_delta matrix:
 0.000704456 -0.00387986 -7.00806e-06
 0.00169183 -0.0093179 -1.68306e-05
 0.00047208 -0.00260003 -4.69635e-06
 0.000368431 -0.00202917 -3.66522e-06
 0.00271953 -0.0149781 -2.70544e-05
weights matrix:
 -0.897115 0.131968 0.0608749
 1.65226 -1.68764 -0.470807
 -2.09331 0.932196 1.594
 -1.73265 -0.336828 1.95497
 0.78133 0.535936 -2.4827
regression_error on 'test' 0.11681
classification_error on 'test' 0.236842
Save,2258,0.11681,0.236842
sample_count 75 Sample index 72
 i 0:0.905713 i 1:0.480944 i 2:0.929637 i 3:0.828996 bias 1
 test_print 4.14529
net matrix:
 -2.61892 0.431175 0.448505
outputs matrix:
 0.00528361 0.703151 0.710335
error matrix:
 -0.00528361 -0.703151 0.289665
delta matrix:
 -5.5538e-05 -0.293537 0.119203
weights_delta matrix:
 -5.03015e-06 -0.026586 0.0107963
 -2.67107e-06 -0.0141175 0.00573298
 -5.16302e-06 -0.0272883 0.0110815
 -4.60408e-06 -0.0243341 0.00988186
 -5.5538e-06 -0.0293537 0.0119203
weights matrix:
 -0.89712 0.105382 0.0716712
 1.65226 -1.70176 -0.465074
 -2.09331 0.904908 1.60508
 -1.73265 -0.361162 1.96485
 0.781324 0.506582 -2.47078
regression_error on 'test' 0.109478
classification_error on 'test' 0.184211
Save,2259,0.109478,0.184211
sample_count 75 Sample index 62
 i 0:0.582374 i 1:0.622103 i 2:0.748185 i 3:0.901998 bias 1
 test_print 3.85466
net matrix:
 -1.84229 -0.139444 0.254824
outputs matrix:
 0.0244927 0.430726 0.624724
error matrix:
 -0.0244927 -0.430726 0.375276
delta matrix:
 -0.0011704 -0.211229 0.175962
weights_delta matrix:
 -6.81612e-05 -0.0123014 0.0102476
 -7.28111e-05 -0.0131406 0.0109467
 -8.75677e-05 -0.0158038 0.0131652
 -0.00010557 -0.0190528 0.0158718
 -0.00011704 -0.0211229 0.0175962
weights matrix:
 -0.897188 0.093081 0.0819188
 1.65219 -1.7149 -0.454127
 -2.0934 0.889104 1.61825
 -1.73276 -0.380215 1.98072
 0.781207 0.485459 -2.45318
regression_error on 'test' 0.104124
classification_error on 'test' 0.157895
Save,2260,0.104124,0.157895
sample_count 75 Sample index 7
 i 0:0.651661 i 1:0.410364 i 2:0.627218 i 3:0.60999 bias 1
 test_print 3.29923
net matrix:
 -1.49544 0.168118 -0.362944
outputs matrix:
 0.0478397 0.583276 0.326098
error matrix:
 -0.0478397 0.416724 -0.326098
delta matrix:
 -0.0043583 0.202582 -0.143325
weights_delta matrix:
 -0.000284014 0.0132015 -0.00933994
 -0.000178849 0.00831324 -0.00588155
 -0.000273361 0.0127063 -0.00898961
 -0.000265852 0.0123573 -0.00874269
 -0.00043583 0.0202582 -0.0143325
weights matrix:
 -0.897472 0.106283 0.0725789
 1.65201 -1.70659 -0.460009
 -2.09367 0.90181 1.60926
 -1.73302 -0.367858 1.97198
 0.780771 0.505717 -2.46752
regression_error on 'test' 0.108315
classification_error on 'test' 0.157895
Save,2261,0.108315,0.157895
sample_count 75 Sample index 3
 i 0:0.744044 i 1:0.516233 i 2:0.672581 i 3:0.60999 bias 1
 test_print 3.54285
net matrix:
 -1.49946 0.085951 -0.365743
outputs matrix:
 0.047475 0.54287 0.324869
error matrix:
 -0.047475 0.45713 -0.324869
delta matrix:
 -0.00429375 0.226885 -0.142506
weights_delta matrix:
 -0.000319474 0.0168812 -0.0106031
 -0.000221658 0.0117125 -0.00735664
 -0.00028879 0.0152598 -0.0095847
 -0.000261914 0.0138397 -0.00869274
 -0.000429375 0.0226885 -0.0142506
weights matrix:
 -0.897792 0.123164 0.0619758
 1.65179 -1.69487 -0.467366
 -2.09396 0.91707 1.59967
 -1.73328 -0.354018 1.96329
 0.780342 0.528406 -2.48177
regression_error on 'test' 0.113577
classification_error on 'test' 0.210526
Save,2262,0.113577,0.210526
sample_count 75 Sample index 69
 i 0:0.628566 i 1:0.445654 i 2:0.581855 i 3:0.536988 bias 1
 test_print 3.19306
net matrix:
 -1.19699 0.193994 -0.666056
outputs matrix:
 0.0836332 0.595798 0.20881
error matrix:
 -0.0836332 0.404202 -0.20881
delta matrix:
 -0.0128191 0.194682 -0.0689944
weights_delta matrix:
 -0.000805763 0.0122371 -0.00433676
 -0.000571287 0.00867608 -0.00307477
 -0.000745884 0.0113277 -0.00401448
 -0.000688369 0.0104542 -0.00370492
 -0.00128191 0.0194682 -0.00689944
weights matrix:
 -0.898597 0.135401 0.0576391
 1.65122 -1.6862 -0.47044
 -2.09471 0.928398 1.59566
 -1.73397 -0.343564 1.95958
 0.77906 0.547874 -2.48867
regression_error on 'test' 0.117466
classification_error on 'test' 0.236842
Save,2263,0.117466,0.236842
sample_count 75 Sample index 22
 i 0:0.305227 i 1:0.233915 i 2:0.430645 i 3:0.427485 bias 1
 test_print 2.39727
net matrix:
 -0.752294 0.447717 -1.05626
outputs matrix:
 0.181742 0.71001 0.107885
error matrix:
 -0.181742 0.28999 -0.107885
delta matrix:
 -0.0540545 0.119415 -0.0207671
weights_delta matrix:
 -0.00164989 0.00364488 -0.000633867
 -0.00126441 0.0027933 -0.000485773
 -0.00232783 0.00514256 -0.000894324
 -0.00231075 0.00510483 -0.000887762
 -0.00540545 0.0119415 -0.00207671
weights matrix:
 -0.900247 0.139046 0.0570052
 1.64995 -1.6834 -0.470926
 -2.09703 0.93354 1.59476
 -1.73628 -0.338459 1.95869
 0.773655 0.559816 -2.49074
regression_error on 'test' 0.119271
classification_error on 'test' 0.236842
Save,2264,0.119271,0.236842
sample_count 75 Sample index 73
 i 0:0.582374 i 1:0.410364 i 2:0.65746 i 3:0.719493 bias 1
 test_print 3.36969
net matrix:
 -1.70151 0.32023 -0.193036
outputs matrix:
 0.0322015 0.654858 0.404663
error matrix:
 -0.0322015 -0.654858 0.595337
delta matrix:
 -0.00200709 -0.296021 0.286846
weights_delta matrix:
 -0.000116888 -0.0172395 0.0167052
 -8.23638e-05 -0.0121476 0.0117711
 -0.000131958 -0.0194622 0.018859
 -0.000144409 -0.0212985 0.0206384
 -0.000200709 -0.0296021 0.0286846
weights matrix:
 -0.900364 0.121806 0.0737104
 1.64987 -1.69555 -0.459155
 -2.09717 0.914078 1.61362
 -1.73643 -0.359757 1.97933
 0.773454 0.530214 -2.46206
regression_error on 'test' 0.111132
classification_error on 'test' 0.184211
Save,2265,0.111132,0.184211
sample_count 75 Sample index 65
 i 0:0.928809 i 1:0.410364 i 2:0.944758 i 3:0.792495 bias 1
 test_print 4.07643
net matrix:
 -2.74319 0.526031 0.511077
outputs matrix:
 0.00412572 0.741171 0.735392
error matrix:
 -0.00412572 -0.741171 0.264608
delta matrix:
 -3.39026e-05 -0.284367 0.10298
weights_delta matrix:
 -3.1489e-06 -0.0264123 0.00956492
 -1.39124e-06 -0.0116694 0.00422595
 -3.20297e-06 -0.0268658 0.00972916
 -2.68676e-06 -0.022536 0.00816115
 -3.39026e-06 -0.0284367 0.010298
weights matrix:
 -0.900367 0.0953939 0.0832753
 1.64987 -1.70722 -0.454929
 -2.09717 0.887212 1.62335
 -1.73643 -0.382293 1.98749
 0.77345 0.501777 -2.45176
regression_error on 'test' 0.104805
classification_error on 'test' 0.157895
Save,2266,0.104805,0.157895
sample_count 75 Sample index 65
 i 0:0.928809 i 1:0.410364 i 2:0.944758 i 3:0.792495 bias 1
 test_print 4.07643
net matrix:
 -2.7432 0.425033 0.547653
outputs matrix:
 0.00412562 0.700581 0.749379
error matrix:
 -0.00412562 -0.700581 0.250621
delta matrix:
 -3.3901e-05 -0.293918 0.0941381
weights_delta matrix:
 -3.14875e-06 -0.0272994 0.00874363
 -1.39117e-06 -0.0120613 0.00386309
 -3.20282e-06 -0.0277681 0.00889377
 -2.68664e-06 -0.0232929 0.00746039
 -3.3901e-06 -0.0293918 0.00941381
weights matrix:
 -0.90037 0.0680945 0.0920189
 1.64987 -1.71928 -0.451066
 -2.09717 0.859444 1.63224
 -1.73643 -0.405586 1.99495
 0.773447 0.472385 -2.44235
regression_error on 'test' 0.0992475
classification_error on 'test' 0.105263
Save,2267,0.0992475,0.105263
sample_count 75 Sample index 33
 i 0:0.559279 i 1:0.480944 i 2:0.672581 i 3:0.719493 bias 1
 test_print 3.4323
net matrix:
 -1.59649 -0.0301806 -0.0746475
outputs matrix:
 0.0394309 0.484914 0.462745
error matrix:
 -0.0394309 -0.484914 0.537255
delta matrix:
 -0.00298698 -0.242236 0.267136
weights_delta matrix:
 -0.000167055 -0.0135478 0.0149404
 -0.000143657 -0.0116502 0.0128477
 -0.000200898 -0.0162924 0.0179671
 -0.000214911 -0.0174287 0.0192202
 -0.000298698 -0.0242236 0.0267136
weights matrix:
 -0.900537 0.0545468 0.106959
 1.64972 -1.73093 -0.438218
 -2.09737 0.843152 1.65021
 -1.73665 -0.423015 2.01417
 0.773148 0.448161 -2.41563
regression_error on 'test' 0.0946924
classification_error on 'test' 0.105263
Save,2268,0.0946924,0.105263
sample_count 75 Sample index 60
 i 0:0.559279 i 1:0.410364 i 2:0.536492 i 3:0.536988 bias 1
 test_print 3.04312
net matrix:
 -1.1113 -0.00645416 -0.568729
outputs matrix:
 0.0977393 0.496773 0.242787
error matrix:
 -0.0977393 0.503227 -0.242787
delta matrix:
 -0.0172385 0.251603 -0.0892689
weights_delta matrix:
 -0.000964115 0.0140716 -0.00499262
 -0.000707407 0.0103249 -0.00366327
 -0.000924834 0.0134983 -0.0047892
 -0.000925689 0.0135108 -0.00479363
 -0.00172385 0.0251603 -0.00892689
weights matrix:
 -0.901502 0.0686184 0.101967
 1.64902 -1.72061 -0.441881
 -2.0983 0.85665 1.64542
 -1.73757 -0.409504 2.00938
 0.771424 0.473322 -2.42456
regression_error on 'test' 0.0977309
classification_error on 'test' 0.0789474
Save,2269,0.0977309,0.0789474
sample_count 75 Sample index 68
 i 0:0.305227 i 1:0.657392 i 2:0.173589 i 3:0.281481 bias 1
 test_print 2.41769
net matrix:
 0.726976 -0.603411 -1.8327
outputs matrix:
 0.810606 0.230264 0.0249554
error matrix:
 0.189394 -0.230264 -0.0249554
delta matrix:
 0.058153 -0.0816251 -0.00121446
weights_delta matrix:
 0.00177499 -0.00249142 -3.70686e-05
 0.00382293 -0.00536597 -7.98376e-05
 0.00100947 -0.00141692 -2.10817e-05
 0.0016369 -0.00229759 -3.41847e-05
 0.0058153 -0.00816251 -0.000121446
weights matrix:
 -0.899727 0.066127 0.10193
 1.65284 -1.72597 -0.441961
 -2.09729 0.855233 1.6454
 -1.73594 -0.411802 2.00935
 0.77724 0.465159 -2.42468
regression_error on 'test' 0.0970199
classification_error on 'test' 0.0789474
Save,2270,0.0970199,0.0789474
sample_count 75 Sample index 14
 i 0:0.697853 i 1:0.516233 i 2:0.778427 i 3:0.938499 bias 1
 test_print 3.93101
net matrix:
 -2.25915 -0.100438 0.58489
outputs matrix:
 0.0107899 0.449949 0.763105
error matrix:
 -0.0107899 -0.449949 0.236895
delta matrix:
 -0.000230331 -0.22272 0.0856495
weights_delta matrix:
 -1.60737e-05 -0.0155426 0.00597708
 -1.18904e-05 -0.0114976 0.00442151
 -1.79296e-05 -0.0173372 0.00666719
 -2.16165e-05 -0.0209023 0.0080382
 -2.30331e-05 -0.022272 0.00856495
weights matrix:
 -0.899743 0.0505844 0.107907
 1.65283 -1.73747 -0.43754
 -2.09731 0.837896 1.65207
 -1.73596 -0.432704 2.01739
 0.777217 0.442887 -2.41612
regression_error on 'test' 0.0937075
classification_error on 'test' 0.105263
Save,2271,0.0937075,0.105263
sample_count 75 Sample index 31
 i 0:0.559279 i 1:0.339785 i 2:0.778427 i 3:0.573489 bias 1
 test_print 3.25098
net matrix:
 -1.79254 0.284901 -0.0614732
outputs matrix:
 0.0269861 0.638717 0.469302
error matrix:
 -0.0269861 -0.638717 0.530698
delta matrix:
 -0.00141719 -0.294778 0.264349
weights_delta matrix:
 -7.92606e-05 -0.0164863 0.0147845
 -4.81541e-05 -0.0100161 0.00898217
 -0.000110318 -0.0229463 0.0205776
 -8.12744e-05 -0.0169052 0.0151601
 -0.000141719 -0.0294778 0.0264349
weights matrix:
 -0.899822 0.0340981 0.122691
 1.65278 -1.74749 -0.428558
 -2.09742 0.81495 1.67265
 -1.73604 -0.449609 2.03255
 0.777075 0.413409 -2.38968
regression_error on 'test' 0.0900396
classification_error on 'test' 0.0789474
Save,2272,0.0900396,0.0789474
sample_count 75 Sample index 17
 i 0:0.443801 i 1:0.304495 i 2:0.521371 i 3:0.463986 bias 1
 test_print 2.73365
net matrix:
 -1.01803 0.11272 -0.650583
outputs matrix:
 0.115468 0.556122 0.213969
error matrix:
 -0.115468 0.443878 -0.213969
delta matrix:
 -0.0235865 0.219143 -0.0719732
weights_delta matrix:
 -0.00104677 0.00972557 -0.00319418
 -0.000718197 0.00667278 -0.00219155
 -0.00122973 0.0114255 -0.00375247
 -0.00109438 0.0101679 -0.00333945
 -0.00235865 0.0219143 -0.00719732
weights matrix:
 -0.900869 0.0438236 0.119497
 1.65206 -1.74082 -0.430749
 -2.09865 0.826375 1.66889
 -1.73713 -0.439441 2.02921
 0.774716 0.435324 -2.39688
regression_error on 'test' 0.0917814
classification_error on 'test' 0.0789474
Save,2273,0.0917814,0.0789474
sample_count 75 Sample index 27
 i 0:0.328323 i 1:0.622103 i 2:0.158468 i 3:0.135476 bias 1
 test_print 2.24437
net matrix:
 0.938784 -0.561834 -2.08624
outputs matrix:
 0.867332 0.245332 0.01518
error matrix:
 0.132668 -0.245332 -0.01518
delta matrix:
 0.0305317 -0.0908433 -0.000453867
weights_delta matrix:
 0.00100243 -0.00298259 -1.49015e-05
 0.00189938 -0.00565139 -2.82352e-05
 0.000483829 -0.00143958 -7.19235e-06
 0.000413631 -0.00123071 -6.14881e-06
 0.00305317 -0.00908433 -4.53867e-05
weights matrix:
 -0.899866 0.040841 0.119482
 1.65396 -1.74647 -0.430777
 -2.09816 0.824935 1.66889
 -1.73672 -0.440672 2.0292
 0.77777 0.426239 -2.39692
regression_error on 'test' 0.091249
classification_error on 'test' 0.0789474
Save,2274,0.091249,0.0789474
sample_count 75 Sample index 43
 i 0:0.582374 i 1:0.198626 i 2:0.612097 i 3:0.60999 bias 1
 test_print 3.00309
net matrix:
 -1.76143 0.339266 -0.153593
outputs matrix:
 0.0286687 0.663411 0.423802
error matrix:
 -0.0286687 0.336589 -0.423802
delta matrix:
 -0.00159666 0.150319 -0.20698
weights_delta matrix:
 -9.29853e-05 0.00875417 -0.012054
 -3.17138e-05 0.00298572 -0.00411115
 -9.7731e-05 0.00920096 -0.0126692
 -9.73946e-05 0.00916929 -0.0126255
 -0.000159666 0.0150319 -0.020698
weights matrix:
 -0.899959 0.0495952 0.107428
 1.65393 -1.74348 -0.434889
 -2.09826 0.834136 1.65622
 -1.73682 -0.431503 2.01657
 0.77761 0.441271 -2.41762
regression_error on 'test' 0.0934024
classification_error on 'test' 0.105263
Save,2275,0.0934024,0.105263
sample_count 75 Sample index 63
 i 0:0.420705 i 1:0.904421 i 2:0.143347 i 3:0.135476 bias 1
 test_print 2.60395
net matrix:
 1.35876 -1.05359 -2.25514
outputs matrix:
 0.938053 0.108401 0.0108758
error matrix:
 0.061947 -0.108401 -0.0108758
delta matrix:
 0.00719943 -0.0209538 -0.000233995
weights_delta matrix:
 0.000302884 -0.000881537 -9.84428e-06
 0.000651132 -0.00189511 -2.1163e-05
 0.000103202 -0.000300367 -3.35425e-06
 9.7535e-05 -0.000283874 -3.17007e-06
 0.000719943 -0.00209538 -2.33995e-05
weights matrix:
 -0.899656 0.0487137 0.107418
 1.65458 -1.74538 -0.43491
 -2.09816 0.833836 1.65621
 -1.73672 -0.431786 2.01657
 0.77833 0.439176 -2.41765
regression_error on 'test' 0.093255
classification_error on 'test' 0.105263
Save,2276,0.093255,0.105263
sample_count 75 Sample index 64
 i 0:0.282131 i 1:0.516233 i 2:0.158468 i 3:0.0989754 bias 1
 test_print 2.05581
net matrix:
 0.874274 -0.358701 -2.14981
outputs matrix:
 0.85177 0.327965 0.013392
error matrix:
 0.14823 -0.327965 -0.013392
delta matrix:
 0.0374306 -0.14457 -0.000353889
weights_delta matrix:
 0.00105603 -0.00407876 -9.98431e-06
 0.00193229 -0.00746317 -1.82689e-05
 0.000593156 -0.00229097 -5.60801e-06
 0.000370471 -0.00143089 -3.50263e-06
 0.00374306 -0.014457 -3.53889e-05
weights matrix:
 -0.8986 0.0446349 0.107408
 1.65651 -1.75284 -0.434928
 -2.09756 0.831545 1.65621
 -1.73635 -0.433217 2.01657
 0.782073 0.424719 -2.41768
regression_error on 'test' 0.0924399
classification_error on 'test' 0.0789474
Save,2277,0.0924399,0.0789474
sample_count 75 Sample index 66
 i 0:0.60547 i 1:0.304495 i 2:0.672581 i 3:0.60999 bias 1
 test_print 3.19254
net matrix:
 -1.72754 0.213036 -0.141062
outputs matrix:
 0.0306176 0.604935 0.429933
error matrix:
 -0.0306176 0.395065 -0.429933
delta matrix:
 -0.00181747 0.188832 -0.210745
weights_delta matrix:
 -0.000110043 0.0114332 -0.01276
 -5.53412e-05 0.00574983 -0.00641709
 -0.00012224 0.0127005 -0.0141743
 -0.000110864 0.0115185 -0.0128552
 -0.000181747 0.0188832 -0.0210745
weights matrix:
 -0.89871 0.0560681 0.0946483
 1.65646 -1.74709 -0.441345
 -2.09769 0.844245 1.64203
 -1.73646 -0.421699 2.00371
 0.781891 0.443602 -2.43876
regression_error on 'test' 0.0953944
classification_error on 'test' 0.0789474
Save,2278,0.0953944,0.0789474
sample_count 75 Sample index 7
 i 0:0.651661 i 1:0.410364 i 2:0.627218 i 3:0.60999 bias 1
 test_print 3.29923
net matrix:
 -1.49894 0.0354909 -0.306032
outputs matrix:
 0.0475214 0.517738 0.351589
error matrix:
 -0.0475214 0.482262 -0.351589
delta matrix:
 -0.00430193 0.240828 -0.160306
weights_delta matrix:
 -0.00028034 0.0156938 -0.0104465
 -0.000176536 0.0098827 -0.00657839
 -0.000269825 0.0151051 -0.0100547
 -0.000262413 0.0146902 -0.00977852
 -0.000430193 0.0240828 -0.0160306
weights matrix:
 -0.898991 0.0717619 0.0842017
 1.65628 -1.73721 -0.447923
 -2.09796 0.859351 1.63198
 -1.73672 -0.407009 1.99393
 0.781461 0.467685 -2.45479
regression_error on 'test' 0.0991371
classification_error on 'test' 0.105263
Save,2279,0.0991371,0.105263
sample_count 75 Sample index 10
 i 0:0.697853 i 1:0.304495 i 2:0.808669 i 3:0.719493 bias 1
 test_print 3.53051
net matrix:
 -2.28769 0.390884 0.221936
outputs matrix:
 0.0101974 0.686061 0.609181
error matrix:
 -0.0101974 -0.686061 0.390819
delta matrix:
 -0.000205853 -0.295529 0.186092
weights_delta matrix:
 -1.43655e-05 -0.0206236 0.0129865
 -6.26812e-06 -0.00899872 0.0056664
 -1.66467e-05 -0.0238985 0.0150487
 -1.4811e-05 -0.0212631 0.0133892
 -2.05853e-05 -0.0295529 0.0186092
weights matrix:
 -0.899005 0.0511383 0.0971882
 1.65627 -1.74621 -0.442257
 -2.09797 0.835452 1.64703
 -1.73674 -0.428272 2.00732
 0.78144 0.438132 -2.43618
regression_error on 'test' 0.09437
classification_error on 'test' 0.105263
Save,2280,0.09437,0.105263
sample_count 75 Sample index 41
 i 0:0.674757 i 1:0.445654 i 2:0.627218 i 3:0.536988 bias 1
 test_print 3.28462
net matrix:
 -1.33554 -0.0115317 -0.456738
outputs matrix:
 0.0647017 0.494234 0.286289
error matrix:
 -0.0647017 0.505766 -0.286289
delta matrix:
 -0.0078309 0.252849 -0.116993
weights_delta matrix:
 -0.000528395 0.0170612 -0.00789421
 -0.000348987 0.0112683 -0.00521386
 -0.000491168 0.0158592 -0.00733804
 -0.00042051 0.0135777 -0.00628241
 -0.00078309 0.0252849 -0.0116993
weights matrix:
 -0.899533 0.0681995 0.089294
 1.65592 -1.73494 -0.447471
 -2.09846 0.851311 1.63969
 -1.73716 -0.414694 2.00104
 0.780657 0.463417 -2.44788
regression_error on 'test' 0.0977163
classification_error on 'test' 0.0789474
Save,2281,0.0977163,0.0789474
sample_count 75 Sample index 51
 i 0:0.628566 i 1:0.516233 i 2:0.763306 i 3:0.719493 bias 1
 test_print 3.6276
net matrix:
 -1.78156 -0.0379055 0.0685713
outputs matrix:
 0.0275686 0.481056 0.534232
error matrix:
 -0.0275686 -0.481056 0.465768
delta matrix:
 -0.00147815 -0.240183 0.231792
weights_delta matrix:
 -9.29117e-05 -0.0150971 0.0145697
 -7.63072e-05 -0.012399 0.0119659
 -0.000112828 -0.0183333 0.0176929
 -0.000106352 -0.017281 0.0166773
 -0.000147815 -0.0240183 0.0231792
weights matrix:
 -0.899626 0.0531024 0.103864
 1.65585 -1.74734 -0.435505
 -2.09858 0.832978 1.65738
 -1.73727 -0.431975 2.01772
 0.780509 0.439398 -2.4247
regression_error on 'test' 0.0934435
classification_error on 'test' 0.105263
Save,2282,0.0934435,0.105263
sample_count 75 Sample index 45
 i 0:0.697853 i 1:0.586813 i 2:0.793548 i 3:0.975 bias 1
 test_print 4.05321
net matrix:
 -2.23478 -0.309071 0.674712
outputs matrix:
 0.0113227 0.350204 0.794035
error matrix:
 -0.0113227 -0.350204 0.205965
delta matrix:
 -0.000253503 -0.159386 0.0673682
weights_delta matrix:
 -1.76908e-05 -0.0111228 0.00470131
 -1.48759e-05 -0.00935296 0.00395325
 -2.01167e-05 -0.012648 0.00534599
 -2.47166e-05 -0.0155401 0.0065684
 -2.53503e-05 -0.0159386 0.00673682
weights matrix:
 -0.899644 0.0419796 0.108565
 1.65583 -1.75669 -0.431552
 -2.0986 0.82033 1.66273
 -1.73729 -0.447515 2.02429
 0.780484 0.42346 -2.41796
regression_error on 'test' 0.0913656
classification_error on 'test' 0.0789474
Save,2283,0.0913656,0.0789474
sample_count 75 Sample index 67
 i 0:0.443801 i 1:0.375074 i 2:0.566734 i 3:0.536988 bias 1
 test_print 2.9226
net matrix:
 -1.11997 0.00780078 -0.502301
outputs matrix:
 0.0962209 0.5039 0.268038
error matrix:
 -0.0962209 0.4961 -0.268038
delta matrix:
 -0.0167352 0.248035 -0.105175
weights_delta matrix:
 -0.00074271 0.0110078 -0.00466765
 -0.000627694 0.00930314 -0.00394482
 -0.000948441 0.014057 -0.0059606
 -0.000898661 0.0133192 -0.00564774
 -0.00167352 0.0248035 -0.0105175
weights matrix:
 -0.900387 0.0529874 0.103897
 1.65521 -1.74739 -0.435497
 -2.09955 0.834387 1.65677
 -1.73819 -0.434196 2.01864
 0.778811 0.448263 -2.42848
regression_error on 'test' 0.0938034
classification_error on 'test' 0.105263
Save,2284,0.0938034,0.105263
sample_count 75 Sample index 69
 i 0:0.628566 i 1:0.445654 i 2:0.581855 i 3:0.536988 bias 1
 test_print 3.19306
net matrix:
 -1.20451 -0.0448258 -0.509269
outputs matrix:
 0.0824874 0.477602 0.265312
error matrix:
 -0.0824874 0.522398 -0.265312
delta matrix:
 -0.0124858 0.260675 -0.10343
weights_delta matrix:
 -0.000784816 0.0163851 -0.00650127
 -0.000556435 0.0116171 -0.00460941
 -0.000726493 0.0151675 -0.00601814
 -0.000670473 0.0139979 -0.00555408
 -0.00124858 0.0260675 -0.010343
weights matrix:
 -0.901172 0.0693725 0.0973961
 1.65465 -1.73577 -0.440106
 -2.10027 0.849554 1.65075
 -1.73886 -0.420198 2.01308
 0.777562 0.474331 -2.43882
regression_error on 'test' 0.0970116
classification_error on 'test' 0.0789474
Save,2285,0.0970116,0.0789474
sample_count 75 Sample index 56
 i 0:0.328323 i 1:0.727972 i 2:0.158468 i 3:0.208478 bias 1
 test_print 2.42324
net matrix:
 0.990885 -0.719458 -2.04595
outputs matrix:
 0.87887 0.191713 0.0164328
error matrix:
 0.12113 -0.191713 -0.0164328
delta matrix:
 0.0257905 -0.0594154 -0.000531198
weights_delta matrix:
 0.000846761 -0.00195075 -1.74405e-05
 0.00187748 -0.00432528 -3.86698e-05
 0.000408697 -0.000941545 -8.41779e-06
 0.000537675 -0.00123868 -1.10743e-05
 0.00257905 -0.00594154 -5.31198e-05
weights matrix:
 -0.900325 0.0674218 0.0973786
 1.65653 -1.74009 -0.440145
 -2.09986 0.848613 1.65074
 -1.73832 -0.421437 2.01307
 0.780141 0.468389 -2.43887
regression_error on 'test' 0.0965246
classification_error on 'test' 0.0789474
Save,2286,0.0965246,0.0789474
sample_count 75 Sample index 51
 i 0:0.628566 i 1:0.516233 i 2:0.763306 i 3:0.719493 bias 1
 test_print 3.6276
net matrix:
 -1.78417 -0.042995 0.103531
outputs matrix:
 0.0274292 0.478516 0.551581
error matrix:
 -0.0274292 -0.478516 0.448419
delta matrix:
 -0.00146345 -0.238816 0.221823
weights_delta matrix:
 -9.19874e-05 -0.0150112 0.0139431
 -7.5548e-05 -0.0123285 0.0114512
 -0.000111706 -0.018229 0.0169319
 -0.000105294 -0.0171827 0.01596
 -0.000146345 -0.0238816 0.0221823
weights matrix:
 -0.900417 0.0524106 0.111322
 1.65645 -1.75242 -0.428693
 -2.09998 0.830384 1.66767
 -1.73843 -0.438619 2.02903
 0.779995 0.444508 -2.41669
regression_error on 'test' 0.0925904
classification_error on 'test' 0.0789474
Save,2287,0.0925904,0.0789474
sample_count 75 Sample index 64
 i 0:0.282131 i 1:0.516233 i 2:0.158468 i 3:0.0989754 bias 1
 test_print 2.05581
net matrix:
 0.876234 -0.357187 -2.14149
outputs matrix:
 0.852264 0.328633 0.0136135
error matrix:
 0.147736 -0.328633 -0.0136135
delta matrix:
 0.037203 -0.145015 -0.000365609
weights_delta matrix:
 0.00104961 -0.00409132 -1.0315e-05
 0.00192054 -0.00748614 -1.8874e-05
 0.000589549 -0.00229802 -5.79374e-06
 0.000368218 -0.00143529 -3.61863e-06
 0.0037203 -0.0145015 -3.65609e-05
weights matrix:
 -0.899367 0.0483193 0.111311
 1.65837 -1.75991 -0.428712
 -2.09939 0.828086 1.66767
 -1.73806 -0.440055 2.02903
 0.783715 0.430006 -2.41673
regression_error on 'test' 0.09178
classification_error on 'test' 0.0789474
Save,2288,0.09178,0.0789474
sample_count 75 Sample index 29
 i 0:0.420705 i 1:0.304495 i 2:0.536492 i 3:0.536988 bias 1
 test_print 2.79868
net matrix:
 -1.14931 0.122408 -0.516185
outputs matrix:
 0.0912377 0.5609 0.262625
error matrix:
 -0.0912377 0.4391 -0.262625
delta matrix:
 -0.0151297 0.216293 -0.101716
weights_delta matrix:
 -0.000636512 0.00909954 -0.00427925
 -0.00046069 0.00658601 -0.00309721
 -0.000811694 0.0116039 -0.005457
 -0.000812444 0.0116147 -0.00546204
 -0.00151297 0.0216293 -0.0101716
weights matrix:
 -0.900004 0.0574189 0.107032
 1.65791 -1.75332 -0.43181
 -2.1002 0.83969 1.66221
 -1.73887 -0.42844 2.02357
 0.782202 0.451635 -2.4269
regression_error on 'test' 0.0939346
classification_error on 'test' 0.105263
Save,2289,0.0939346,0.105263
sample_count 75 Sample index 26
 i 0:0.489992 i 1:0.339785 i 2:0.536492 i 3:0.500487 bias 1
 test_print 2.86676
net matrix:
 -1.09248 0.120076 -0.616645
outputs matrix:
 0.101109 0.559751 0.225606
error matrix:
 -0.101109 0.440249 -0.225606
delta matrix:
 -0.0183788 0.216981 -0.0788303
weights_delta matrix:
 -0.000900547 0.0106319 -0.00386262
 -0.000624484 0.00737269 -0.00267854
 -0.000986009 0.0116409 -0.00422918
 -0.000919836 0.0108596 -0.00394535
 -0.00183788 0.0216981 -0.00788303
weights matrix:
 -0.900904 0.0680508 0.103169
 1.65729 -1.74595 -0.434488
 -2.10118 0.851331 1.65798
 -1.73979 -0.41758 2.01962
 0.780364 0.473334 -2.43478
regression_error on 'test' 0.0963284
classification_error on 'test' 0.0789474
Save,2290,0.0963284,0.0789474
sample_count 75 Sample index 51
 i 0:0.628566 i 1:0.516233 i 2:0.763306 i 3:0.719493 bias 1
 test_print 3.6276
net matrix:
 -1.78598 -0.0358293 0.12442
outputs matrix:
 0.0273326 0.482093 0.561891
error matrix:
 -0.0273326 -0.482093 0.438109
delta matrix:
 -0.0014533 -0.240737 0.215698
weights_delta matrix:
 -9.13497e-05 -0.0151319 0.013558
 -7.50243e-05 -0.0124277 0.011135
 -0.000110932 -0.0183756 0.0164644
 -0.000104564 -0.0173209 0.0155193
 -0.00014533 -0.0240737 0.0215698
weights matrix:
 -0.900996 0.0529188 0.116728
 1.65721 -1.75838 -0.423353
 -2.10129 0.832955 1.67445
 -1.7399 -0.434901 2.03514
 0.780219 0.44926 -2.41321
regression_error on 'test' 0.0924916
classification_error on 'test' 0.0789474
Save,2291,0.0924916,0.0789474
sample_count 75 Sample index 36
 i 0:0.744044 i 1:0.516233 i 2:0.702823 i 3:0.901998 bias 1
 test_print 3.8651
net matrix:
 -2.08087 -0.225959 0.467621
outputs matrix:
 0.0153413 0.388905 0.718138
error matrix:
 -0.0153413 -0.388905 0.281862
delta matrix:
 -0.000463487 -0.184853 0.114107
weights_delta matrix:
 -3.44855e-05 -0.0137538 0.00849005
 -2.39268e-05 -0.0095427 0.00589057
 -3.2575e-05 -0.0129919 0.00801969
 -4.18065e-05 -0.0166737 0.0102924
 -4.63487e-05 -0.0184853 0.0114107
weights matrix:
 -0.90103 0.039165 0.125218
 1.65719 -1.76792 -0.417462
 -2.10133 0.819963 1.68247
 -1.73994 -0.451575 2.04543
 0.780172 0.430775 -2.4018
regression_error on 'test' 0.0901704
classification_error on 'test' 0.0789474
Save,2292,0.0901704,0.0789474
sample_count 75 Sample index 6
 i 0:0.305227 i 1:0.657392 i 2:0.128226 i 3:0.171977 bias 1
 test_print 2.26282
net matrix:
 1.0259 -0.692008 -2.07052
outputs matrix:
 0.88613 0.200365 0.0156574
error matrix:
 0.11387 -0.200365 -0.0156574
delta matrix:
 0.0229799 -0.0642044 -0.00048263
weights_delta matrix:
 0.000701408 -0.00195969 -1.47312e-05
 0.00151068 -0.00422075 -3.17277e-05
 0.000294662 -0.000823268 -6.18858e-06
 0.000395201 -0.00110417 -8.30013e-06
 0.00229799 -0.00642044 -4.8263e-05
weights matrix:
 -0.900329 0.0372053 0.125203
 1.6587 -1.77214 -0.417494
 -2.10103 0.81914 1.68246
 -1.73954 -0.452679 2.04543
 0.78247 0.424354 -2.40185
regression_error on 'test' 0.0898352
classification_error on 'test' 0.0789474
Save,2293,0.0898352,0.0789474
sample_count 75 Sample index 22
 i 0:0.305227 i 1:0.233915 i 2:0.430645 i 3:0.427485 bias 1
 test_print 2.39727
net matrix:
 -0.752767 0.180425 -0.862362
outputs matrix:
 0.181602 0.589246 0.151264
error matrix:
 -0.181602 0.410754 -0.151264
delta matrix:
 -0.0539802 0.198834 -0.0388394
weights_delta matrix:
 -0.00164762 0.00606894 -0.00118548
 -0.00126268 0.00465102 -0.000908511
 -0.00232463 0.00856268 -0.0016726
 -0.00230757 0.00849984 -0.00166032
 -0.00539802 0.0198834 -0.00388394
weights matrix:
 -0.901976 0.0432742 0.124017
 1.65744 -1.76749 -0.418403
 -2.10336 0.827703 1.68079
 -1.74185 -0.444179 2.04377
 0.777072 0.444238 -2.40573
regression_error on 'test' 0.0911573
classification_error on 'test' 0.0789474
Save,2294,0.0911573,0.0789474
sample_count 75 Sample index 59
 i 0:0.60547 i 1:0.233915 i 2:0.596976 i 3:0.536988 bias 1
 test_print 2.97335
net matrix:
 -1.57235 0.312596 -0.32765
outputs matrix:
 0.0413003 0.651398 0.341796
error matrix:
 -0.0413003 0.348602 -0.341796
delta matrix:
 -0.00327054 0.15832 -0.153789
weights_delta matrix:
 -0.000198021 0.00958579 -0.00931146
 -7.65027e-05 0.00370334 -0.00359735
 -0.000195243 0.00945131 -0.00918083
 -0.000175624 0.00850159 -0.00825828
 -0.000327054 0.015832 -0.0153789
weights matrix:
 -0.902174 0.05286 0.114706
 1.65736 -1.76379 -0.422
 -2.10355 0.837154 1.67161
 -1.74203 -0.435678 2.03551
 0.776745 0.46007 -2.42111
regression_error on 'test' 0.0930465
classification_error on 'test' 0.105263
Save,2295,0.0930465,0.105263
sample_count 75 Sample index 56
 i 0:0.328323 i 1:0.727972 i 2:0.158468 i 3:0.208478 bias 1
 test_print 2.42324
net matrix:
 0.990532 -0.76473 -2.0014
outputs matrix:
 0.878795 0.178073 0.0179367
error matrix:
 0.121205 -0.178073 -0.0179367
delta matrix:
 0.0258203 -0.0521265 -0.000631911
weights_delta matrix:
 0.00084774 -0.00171143 -2.07471e-05
 0.00187965 -0.00379466 -4.60013e-05
 0.000409169 -0.000826038 -1.00138e-05
 0.000538297 -0.00108672 -1.3174e-05
 0.00258203 -0.00521265 -6.31911e-05
weights matrix:
 -0.901327 0.0511486 0.114685
 1.65924 -1.76758 -0.422046
 -2.10314 0.836328 1.6716
 -1.74149 -0.436764 2.03549
 0.779327 0.454857 -2.42118
regression_error on 'test' 0.0926835
classification_error on 'test' 0.0789474
Save,2296,0.0926835,0.0789474
sample_count 75 Sample index 12
 i 0:0.166653 i 1:0.480944 i 2:0.128226 i 3:0.135476 bias 1
 test_print 1.9113
net matrix:
 0.921512 -0.338659 -2.11494
outputs matrix:
 0.863306 0.33686 0.0143453
error matrix:
 0.136694 -0.33686 -0.0143453
delta matrix:
 0.0322622 -0.150499 -0.000405671
weights_delta matrix:
 0.000537659 -0.00250812 -6.76063e-06
 0.00155163 -0.00723818 -1.95105e-05
 0.000413685 -0.00192979 -5.20176e-06
 0.000437075 -0.0020389 -5.49587e-06
 0.00322622 -0.0150499 -4.05671e-05
weights matrix:
 -0.900789 0.0486405 0.114678
 1.66079 -1.77482 -0.422066
 -2.10273 0.834398 1.67159
 -1.74105 -0.438803 2.03549
 0.782554 0.439807 -2.42122
regression_error on 'test' 0.091871
classification_error on 'test' 0.0789474
Save,2297,0.091871,0.0789474
sample_count 75 Sample index 26
 i 0:0.489992 i 1:0.339785 i 2:0.536492 i 3:0.500487 bias 1
 test_print 2.86676
net matrix:
 -1.09398 0.0886159 -0.592907
outputs matrix:
 0.100836 0.544192 0.234009
error matrix:
 -0.100836 0.455808 -0.234009
delta matrix:
 -0.0182853 0.226123 -0.0838914
weights_delta matrix:
 -0.000895963 0.0110799 -0.00411061
 -0.000621306 0.00768334 -0.0028505
 -0.000980989 0.0121313 -0.00450071
 -0.000915153 0.0113172 -0.00419865
 -0.00182853 0.0226123 -0.00838914
weights matrix:
 -0.901685 0.0597203 0.110568
 1.66017 -1.76714 -0.424916
 -2.10371 0.846529 1.66709
 -1.74196 -0.427486 2.03129
 0.780725 0.462419 -2.42961
regression_error on 'test' 0.0940885
classification_error on 'test' 0.105263
Save,2298,0.0940885,0.105263
sample_count 75 Sample index 14
 i 0:0.697853 i 1:0.516233 i 2:0.778427 i 3:0.938499 bias 1
 test_print 3.93101
net matrix:
 -2.2639 -0.150393 0.632269
outputs matrix:
 0.0106889 0.425366 0.779806
error matrix:
 -0.0106889 -0.425366 0.220194
delta matrix:
 -0.000226063 -0.207944 0.0756181
weights_delta matrix:
 -1.57758e-05 -0.0145114 0.00527704
 -1.16701e-05 -0.0107348 0.00390366
 -1.75973e-05 -0.0161869 0.00588632
 -2.12159e-05 -0.0195155 0.00709676
 -2.26063e-05 -0.0207944 0.00756181
weights matrix:
 -0.901701 0.0452089 0.115845
 1.66016 -1.77787 -0.421012
 -2.10373 0.830342 1.67298
 -1.74199 -0.447002 2.03839
 0.780703 0.441625 -2.42204
regression_error on 'test' 0.0914167
classification_error on 'test' 0.0789474
Save,2299,0.0914167,0.0789474
sample_count 75 Sample index 49
 i 0:0.397609 i 1:0.480944 i 2:0.612097 i 3:0.60999 bias 1
 test_print 3.10064
net matrix:
 -1.12966 -0.159872 -0.311048
outputs matrix:
 0.0945488 0.420738 0.349305
error matrix:
 -0.0945488 0.579262 -0.349305
delta matrix:
 -0.0161885 0.282353 -0.158788
weights_delta matrix:
 -0.00064367 0.0112266 -0.00631354
 -0.000778577 0.0135796 -0.0076368
 -0.000990894 0.0172827 -0.00971935
 -0.000987483 0.0172232 -0.0096859
 -0.00161885 0.0282353 -0.0158788
weights matrix:
 -0.902344 0.0564355 0.109531
 1.65938 -1.76429 -0.428649
 -2.10472 0.847625 1.66326
 -1.74297 -0.429778 2.0287
 0.779084 0.46986 -2.43792
regression_error on 'test' 0.0946196
classification_error on 'test' 0.105263
Save,2300,0.0946196,0.105263
sample_count 75 Sample index 19
 i 0:0.674757 i 1:0.480944 i 2:0.596976 i 3:0.573489 bias 1
 test_print 3.32617
net matrix:
 -1.28775 -0.0810462 -0.413811
outputs matrix:
 0.0707314 0.459565 0.304148
error matrix:
 -0.0707314 0.540435 -0.304148
delta matrix:
 -0.00929813 0.26845 -0.128741
weights_delta matrix:
 -0.000627398 0.0181139 -0.0086869
 -0.000447188 0.0129109 -0.00619173
 -0.000555076 0.0160258 -0.00768554
 -0.000533238 0.0153953 -0.00738316
 -0.000929813 0.026845 -0.0128741
weights matrix:
 -0.902972 0.0745494 0.100844
 1.65893 -1.75138 -0.434841
 -2.10527 0.863651 1.65557
 -1.74351 -0.414383 2.02132
 0.778154 0.496705 -2.4508
regression_error on 'test' 0.0983704
classification_error on 'test' 0.0789474
Save,2301,0.0983704,0.0789474
sample_count 75 Sample index 29
 i 0:0.420705 i 1:0.304495 i 2:0.536492 i 3:0.536988 bias 1
 test_print 2.79868
net matrix:
 -1.1623 0.235605 -0.567155
outputs matrix:
 0.0891061 0.61567 0.243367
error matrix:
 -0.0891061 0.38433 -0.243367
delta matrix:
 -0.0144648 0.181881 -0.0896268
weights_delta matrix:
 -0.000608541 0.00765181 -0.00377064
 -0.000440446 0.00553817 -0.00272909
 -0.000776025 0.00975775 -0.00480841
 -0.000776743 0.00976677 -0.00481285
 -0.00144648 0.0181881 -0.00896268
weights matrix:
 -0.90358 0.0822012 0.0970737
 1.65849 -1.74584 -0.43757
 -2.10605 0.873409 1.65076
 -1.74428 -0.404616 2.0165
 0.776707 0.514893 -2.45976
regression_error on 'test' 0.100896
classification_error on 'test' 0.131579
Save,2302,0.100896,0.131579
sample_count 75 Sample index 57
 i 0:0.374514 i 1:0.727972 i 2:0.158468 i 3:0.135476 bias 1
 test_print 2.39643
net matrix:
 1.07559 -0.641654 -2.20716
outputs matrix:
 0.895779 0.216988 0.011958
error matrix:
 0.104221 -0.216988 -0.011958
delta matrix:
 0.01946 -0.0737342 -0.000282568
weights_delta matrix:
 0.000728804 -0.00276145 -1.05826e-05
 0.00141663 -0.00536764 -2.05701e-05
 0.000308379 -0.00116845 -4.47779e-06
 0.000263636 -0.000998921 -3.82811e-06
 0.001946 -0.00737342 -2.82568e-05
weights matrix:
 -0.902851 0.0794397 0.0970632
 1.65991 -1.75121 -0.437591
 -2.10574 0.87224 1.65076
 -1.74402 -0.405615 2.0165
 0.778653 0.50752 -2.45979
regression_error on 'test' 0.100195
classification_error on 'test' 0.105263
Save,2303,0.100195,0.105263
sample_count 75 Sample index 13
 i 0:0.420705 i 1:0.269205 i 2:0.491129 i 3:0.427485 bias 1
 test_print 2.60852
net matrix:
 -0.934058 0.324494 -0.863996
outputs matrix:
 0.13376 0.656782 0.150845
error matrix:
 -0.13376 0.343218 -0.150845
delta matrix:
 -0.030997 0.154736 -0.0386436
weights_delta matrix:
 -0.00130406 0.00650981 -0.00162575
 -0.000834454 0.00416556 -0.0010403
 -0.00152235 0.00759952 -0.0018979
 -0.00132507 0.00661472 -0.00165195
 -0.0030997 0.0154736 -0.00386436
weights matrix:
 -0.904156 0.0859495 0.0954374
 1.65907 -1.74704 -0.438631
 -2.10726 0.87984 1.64886
 -1.74534 -0.399001 2.01485
 0.775554 0.522993 -2.46365
regression_error on 'test' 0.102104
classification_error on 'test' 0.131579
Save,2304,0.102104,0.131579
sample_count 75 Sample index 33
 i 0:0.559279 i 1:0.480944 i 2:0.672581 i 3:0.719493 bias 1
 test_print 3.4323
net matrix:
 -1.60527 0.0355182 -0.0625715
outputs matrix:
 0.038771 0.517752 0.468755
error matrix:
 -0.038771 -0.517752 0.531245
delta matrix:
 -0.00288983 -0.25855 0.264585
weights_delta matrix:
 -0.000161622 -0.0144601 0.0147977
 -0.000138985 -0.0124348 0.0127251
 -0.000194364 -0.0173895 0.0177955
 -0.000207921 -0.0186025 0.0190367
 -0.000288983 -0.025855 0.0264585
weights matrix:
 -0.904317 0.0714894 0.110235
 1.65893 -1.75948 -0.425906
 -2.10746 0.86245 1.66666
 -1.74555 -0.417603 2.03389
 0.775265 0.497138 -2.43719
regression_error on 'test' 0.0970091
classification_error on 'test' 0.0789474
Save,2305,0.0970091,0.0789474
sample_count 75 Sample index 25
 i 0:0.628566 i 1:0.410364 i 2:0.778427 i 3:0.865497 bias 1
 test_print 3.68285
net matrix:
 -2.26366 0.129968 0.515011
outputs matrix:
 0.0106939 0.56462 0.73692
error matrix:
 -0.0106939 -0.56462 0.26308
delta matrix:
 -0.000226273 -0.277595 0.102006
weights_delta matrix:
 -1.42228e-05 -0.0174487 0.00641174
 -9.28545e-06 -0.0113915 0.00418595
 -1.76137e-05 -0.0216087 0.00794041
 -1.95839e-05 -0.0240257 0.00882858
 -2.26273e-05 -0.0277595 0.0102006
weights matrix:
 -0.904331 0.0540407 0.116647
 1.65893 -1.77087 -0.42172
 -2.10748 0.840842 1.6746
 -1.74557 -0.441629 2.04271
 0.775242 0.469379 -2.42699
regression_error on 'test' 0.0931168
classification_error on 'test' 0.105263
Save,2306,0.0931168,0.105263
sample_count 75 Sample index 1
 i 0:0.582374 i 1:0.445654 i 2:0.581855 i 3:0.536988 bias 1
 test_print 3.14687
net matrix:
 -1.17571 -0.0362461 -0.475717
outputs matrix:
 0.0869534 0.481885 0.278596
error matrix:
 -0.0869534 0.518115 -0.278596
delta matrix:
 -0.0138069 0.258718 -0.111985
weights_delta matrix:
 -0.000804078 0.015067 -0.00652171
 -0.00061531 0.0115298 -0.00499065
 -0.000803361 0.0150536 -0.00651589
 -0.000741414 0.0138928 -0.00601345
 -0.00138069 0.0258718 -0.0111985
weights matrix:
 -0.905135 0.0691078 0.110125
 1.65831 -1.75934 -0.42671
 -2.10828 0.855895 1.66808
 -1.74631 -0.427736 2.0367
 0.773861 0.495251 -2.43819
regression_error on 'test' 0.0962409
classification_error on 'test' 0.0789474
Save,2307,0.0962409,0.0789474
sample_count 75 Sample index 23
 i 0:0.975 i 1:0.763262 i 2:0.899395 i 3:0.792495 bias 1
 test_print 4.43015
net matrix:
 -2.12304 -0.349398 0.457827
outputs matrix:
 0.014118 0.332079 0.714156
error matrix:
 -0.014118 -0.332079 0.285844
delta matrix:
 -0.00039301 -0.147312 0.116703
weights_delta matrix:
 -3.83184e-05 -0.0143629 0.0113785
 -2.99969e-05 -0.0112438 0.0089075
 -3.53471e-05 -0.0132492 0.0104962
 -3.11458e-05 -0.0116744 0.00924866
 -3.9301e-05 -0.0147312 0.0116703
weights matrix:
 -0.905174 0.0547448 0.121504
 1.65828 -1.77058 -0.417803
 -2.10831 0.842646 1.67858
 -1.74634 -0.43941 2.04595
 0.773822 0.480519 -2.42652
regression_error on 'test' 0.0935071
classification_error on 'test' 0.105263
Save,2308,0.0935071,0.105263
sample_count 75 Sample index 68
 i 0:0.305227 i 1:0.657392 i 2:0.173589 i 3:0.281481 bias 1
 test_print 2.41769
net matrix:
 0.730135 -0.644151 -1.79682
outputs matrix:
 0.811574 0.216141 0.0267623
error matrix:
 0.188426 -0.216141 -0.0267623
delta matrix:
 0.0576288 -0.0732387 -0.0013941
weights_delta matrix:
 0.00175899 -0.00223544 -4.25518e-05
 0.00378847 -0.00481465 -9.16472e-05
 0.00100037 -0.00127134 -2.42001e-05
 0.00162214 -0.00206153 -3.92413e-05
 0.00576288 -0.00732387 -0.00013941
weights matrix:
 -0.903415 0.0525094 0.121461
 1.66207 -1.7754 -0.417895
 -2.10731 0.841375 1.67855
 -1.74472 -0.441472 2.04591
 0.779585 0.473196 -2.42666
regression_error on 'test' 0.0929549
classification_error on 'test' 0.0789474
Save,2309,0.0929549,0.0789474
sample_count 75 Sample index 60
 i 0:0.559279 i 1:0.410364 i 2:0.536492 i 3:0.536988 bias 1
 test_print 3.04312
net matrix:
 -1.11108 -0.0116712 -0.53106
outputs matrix:
 0.0977789 0.494165 0.256904
error matrix:
 -0.0977789 0.505835 -0.256904
delta matrix:
 -0.0172517 0.252883 -0.0980885
weights_delta matrix:
 -0.000964854 0.0141432 -0.00548588
 -0.00070795 0.0103774 -0.0040252
 -0.000925542 0.013567 -0.00526237
 -0.000926398 0.0135795 -0.00526723
 -0.00172517 0.0252883 -0.00980885
weights matrix:
 -0.90438 0.0666526 0.115975
 1.66136 -1.76502 -0.42192
 -2.10824 0.854942 1.67329
 -1.74565 -0.427892 2.04064
 0.77786 0.498484 -2.43647
regression_error on 'test' 0.0958441
classification_error on 'test' 0.105263
Save,2310,0.0958441,0.105263
sample_count 75 Sample index 33
 i 0:0.559279 i 1:0.480944 i 2:0.672581 i 3:0.719493 bias 1
 test_print 3.4323
net matrix:
 -1.60286 -0.0459633 0.0191242
outputs matrix:
 0.0389507 0.477035 0.509561
error matrix:
 -0.0389507 -0.477035 0.490439
delta matrix:
 -0.00291613 -0.238014 0.24513
weights_delta matrix:
 -0.000163093 -0.0133116 0.0137096
 -0.00014025 -0.0114471 0.0117894
 -0.000196133 -0.0160084 0.016487
 -0.000209814 -0.0171249 0.0176369
 -0.000291613 -0.0238014 0.024513
weights matrix:
 -0.904543 0.053341 0.129685
 1.66122 -1.77647 -0.41013
 -2.10844 0.838933 1.68978
 -1.74586 -0.445017 2.05828
 0.777568 0.474683 -2.41196
regression_error on 'test' 0.0922642
classification_error on 'test' 0.0789474
Save,2311,0.0922642,0.0789474
sample_count 75 Sample index 34
 i 0:0.767139 i 1:0.551523 i 2:0.642339 i 3:0.573489 bias 1
 test_print 3.53449
net matrix:
 -1.3557 -0.180494 -0.272856
outputs matrix:
 0.0623037 0.41072 0.36686
error matrix:
 -0.0623037 0.58928 -0.36686
delta matrix:
 -0.00727981 0.285246 -0.170424
weights_delta matrix:
 -0.000558463 0.0218823 -0.0130739
 -0.000401498 0.015732 -0.00939926
 -0.000467611 0.0183224 -0.010947
 -0.000417489 0.0163585 -0.00977361
 -0.000727981 0.0285246 -0.0170424
weights matrix:
 -0.905101 0.0752233 0.116611
 1.66082 -1.76074 -0.41953
 -2.1089 0.857256 1.67883
 -1.74628 -0.428659 2.04851
 0.77684 0.503207 -2.429
regression_error on 'test' 0.0961201
classification_error on 'test' 0.105263
Save,2312,0.0961201,0.105263
sample_count 75 Sample index 37
 i 0:0.720948 i 1:0.551523 i 2:0.82379 i 3:0.901998 bias 1
 test_print 3.99826
net matrix:
 -2.27214 -0.0940983 0.654443
outputs matrix:
 0.010516 0.453089 0.787327
error matrix:
 -0.010516 -0.453089 0.212673
delta matrix:
 -0.000218847 -0.22455 0.0712215
weights_delta matrix:
 -1.57777e-05 -0.0161889 0.0051347
 -1.20699e-05 -0.0123845 0.00392803
 -1.80284e-05 -0.0184982 0.00586716
 -1.97399e-05 -0.0202544 0.00642416
 -2.18847e-05 -0.022455 0.00712215
weights matrix:
 -0.905117 0.0590344 0.121746
 1.66081 -1.77312 -0.415602
 -2.10892 0.838757 1.6847
 -1.7463 -0.448913 2.05493
 0.776818 0.480752 -2.42188
regression_error on 'test' 0.0928783
classification_error on 'test' 0.0789474
Save,2313,0.0928783,0.0789474
sample_count 75 Sample index 3
 i 0:0.744044 i 1:0.516233 i 2:0.672581 i 3:0.60999 bias 1
 test_print 3.54285
net matrix:
 -1.52291 -0.100368 -0.159258
outputs matrix:
 0.0453983 0.449984 0.421037
error matrix:
 -0.0453983 0.550016 -0.421037
delta matrix:
 -0.00393488 0.272256 -0.205268
weights_delta matrix:
 -0.000292773 0.0202571 -0.0152729
 -0.000203132 0.0140548 -0.0105966
 -0.000264653 0.0183114 -0.013806
 -0.000240024 0.0166074 -0.0125212
 -0.000393488 0.0272256 -0.0205268
weights matrix:
 -0.90541 0.0792914 0.106473
 1.6606 -1.75907 -0.426198
 -2.10919 0.857069 1.67089
 -1.74654 -0.432306 2.04241
 0.776425 0.507978 -2.4424
regression_error on 'test' 0.0969755
classification_error on 'test' 0.0789474
Save,2314,0.0969755,0.0789474
sample_count 75 Sample index 4
 i 0:0.212844 i 1:0.516233 i 2:0.158468 i 3:0.135476 bias 1
 test_print 2.02302
net matrix:
 0.87012 -0.305983 -2.09828
outputs matrix:
 0.850717 0.351611 0.0148242
error matrix:
 0.149283 -0.351611 -0.0148242
delta matrix:
 0.0379169 -0.160321 -0.000432998
weights_delta matrix:
 0.000807039 -0.00341234 -9.21611e-06
 0.0019574 -0.0082763 -2.23528e-05
 0.000600862 -0.00254057 -6.86164e-06
 0.000513683 -0.00217196 -5.86609e-06
 0.00379169 -0.0160321 -4.32998e-05
weights matrix:
 -0.904603 0.0758791 0.106464
 1.66256 -1.76734 -0.426221
 -2.10859 0.854528 1.67088
 -1.74602 -0.434478 2.0424
 0.780217 0.491946 -2.44245
regression_error on 'test' 0.0957801
classification_error on 'test' 0.0789474
Save,2315,0.0957801,0.0789474
sample_count 75 Sample index 31
 i 0:0.559279 i 1:0.339785 i 2:0.778427 i 3:0.573489 bias 1
 test_print 3.25098
net matrix:
 -1.8035 0.349886 -0.0557704
outputs matrix:
 0.0264163 0.668137 0.472144
error matrix:
 -0.0264163 -0.668137 0.527856
delta matrix:
 -0.00135878 -0.296292 0.263109
weights_delta matrix:
 -7.59937e-05 -0.016571 0.0147151
 -4.61693e-05 -0.0100676 0.00894005
 -0.000105771 -0.0230642 0.0204811
 -7.79245e-05 -0.016992 0.015089
 -0.000135878 -0.0296292 0.0263109
weights matrix:
 -0.904679 0.0593081 0.121179
 1.66251 -1.77741 -0.417281
 -2.10869 0.831464 1.69137
 -1.7461 -0.45147 2.05749
 0.780081 0.462316 -2.41614
regression_error on 'test' 0.091671
classification_error on 'test' 0.0789474
Save,2316,0.091671,0.0789474
sample_count 75 Sample index 36
 i 0:0.744044 i 1:0.516233 i 2:0.702823 i 3:0.901998 bias 1
 test_print 3.8651
net matrix:
 -2.09181 -0.233966 0.503197
outputs matrix:
 0.0150143 0.385106 0.732314
error matrix:
 -0.0150143 -0.385106 0.267686
delta matrix:
 -0.00044409 -0.182385 0.104949
weights_delta matrix:
 -3.30423e-05 -0.0135703 0.00780869
 -2.29254e-05 -0.00941534 0.00541783
 -3.12117e-05 -0.0128185 0.00737608
 -4.00569e-05 -0.0164511 0.00946641
 -4.4409e-05 -0.0182385 0.0104949
weights matrix:
 -0.904712 0.0457378 0.128987
 1.66249 -1.78683 -0.411863
 -2.10872 0.818646 1.69874
 -1.74614 -0.467921 2.06696
 0.780036 0.444078 -2.40564
regression_error on 'test' 0.0895368
classification_error on 'test' 0.0789474
Save,2317,0.0895368,0.0789474
sample_count 75 Sample index 55
 i 0:0.628566 i 1:0.551523 i 2:0.612097 i 3:0.60999 bias 1
 test_print 3.40218
net matrix:
 -1.2276 -0.296985 -0.251097
outputs matrix:
 0.0790586 0.355724 0.377025
error matrix:
 -0.0790586 0.644276 -0.377025
delta matrix:
 -0.0115123 0.295316 -0.177109
weights_delta matrix:
 -0.000723621 0.0185626 -0.0111325
 -0.000634927 0.0162874 -0.00976798
 -0.000704662 0.0180762 -0.0108408
 -0.000702236 0.018014 -0.0108035
 -0.00115123 0.0295316 -0.0177109
weights matrix:
 -0.905435 0.0643004 0.117855
 1.66186 -1.77054 -0.421631
 -2.10943 0.836722 1.6879
 -1.74684 -0.449907 2.05616
 0.778885 0.473609 -2.42335
regression_error on 'test' 0.0927144
classification_error on 'test' 0.0789474
Save,2318,0.0927144,0.0789474
sample_count 75 Sample index 72
 i 0:0.905713 i 1:0.480944 i 2:0.929637 i 3:0.828996 bias 1
 test_print 4.14529
net matrix:
 -2.65105 0.0851939 0.754289
outputs matrix:
 0.00495646 0.542494 0.81885
error matrix:
 -0.00495646 -0.542494 0.18115
delta matrix:
 -4.88896e-05 -0.269288 0.0537414
weights_delta matrix:
 -4.42799e-06 -0.0243898 0.00486743
 -2.35131e-06 -0.0129512 0.00258466
 -4.54495e-06 -0.025034 0.004996
 -4.05292e-06 -0.0223239 0.00445514
 -4.88896e-06 -0.0269288 0.00537414
weights matrix:
 -0.90544 0.0399106 0.122722
 1.66185 -1.78349 -0.419046
 -2.10943 0.811688 1.6929
 -1.74685 -0.472231 2.06061
 0.77888 0.446681 -2.41798
regression_error on 'test' 0.0895958
classification_error on 'test' 0.0789474
Save,2319,0.0895958,0.0789474
sample_count 75 Sample index 65
 i 0:0.928809 i 1:0.410364 i 2:0.944758 i 3:0.792495 bias 1
 test_print 4.07643
net matrix:
 -2.75741 0.144478 0.756447
outputs matrix:
 0.00401054 0.571741 0.81949
error matrix:
 -0.00401054 -0.571741 0.18051
delta matrix:
 -3.20399e-05 -0.279985 0.0534044
weights_delta matrix:
 -2.97589e-06 -0.0260053 0.00496025
 -1.3148e-06 -0.0114896 0.00219152
 -3.02699e-06 -0.0264518 0.00504542
 -2.53914e-06 -0.0221887 0.00423227
 -3.20399e-06 -0.0279985 0.00534044
weights matrix:
 -0.905443 0.0139054 0.127683
 1.66185 -1.79498 -0.416855
 -2.10943 0.785236 1.69794
 -1.74685 -0.494419 2.06484
 0.778877 0.418682 -2.41264
regression_error on 'test' 0.0872096
classification_error on 'test' 0.105263
Save,2320,0.0872096,0.105263
sample_count 75 Sample index 58
 i 0:0.282131 i 1:0.516233 i 2:0.158468 i 3:0.0989754 bias 1
 test_print 2.05581
net matrix:
 0.874154 -0.428523 -2.11837
outputs matrix:
 0.851739 0.297957 0.0142487
error matrix:
 0.148261 -0.297957 -0.0142487
delta matrix:
 0.0374446 -0.124652 -0.000400263
weights_delta matrix:
 0.00105643 -0.00351683 -1.12927e-05
 0.00193301 -0.00643497 -2.06629e-05
 0.000593377 -0.00197534 -6.34288e-06
 0.000370609 -0.00123375 -3.96162e-06
 0.00374446 -0.0124652 -4.00263e-05
weights matrix:
 -0.904386 0.0103885 0.127671
 1.66379 -1.80141 -0.416875
 -2.10884 0.783261 1.69794
 -1.74648 -0.495653 2.06484
 0.782621 0.406217 -2.41268
regression_error on 'test' 0.0868303
classification_error on 'test' 0.105263
Save,2321,0.0868303,0.105263
sample_count 75 Sample index 25
 i 0:0.628566 i 1:0.410364 i 2:0.778427 i 3:0.865497 bias 1
 test_print 3.68285
net matrix:
 -2.25624 -0.145764 0.605332
outputs matrix:
 0.0108522 0.42763 0.770417
error matrix:
 -0.0108522 -0.42763 0.229583
delta matrix:
 -0.000232984 -0.209336 0.0812151
weights_delta matrix:
 -1.46446e-05 -0.0131581 0.0051049
 -9.56082e-06 -0.00859038 0.00333278
 -1.81361e-05 -0.0162952 0.006322
 -2.01647e-05 -0.0181179 0.00702914
 -2.32984e-05 -0.0209336 0.00812151
weights matrix:
 -0.904401 -0.00276958 0.132776
 1.66378 -1.81 -0.413542
 -2.10886 0.766965 1.70426
 -1.7465 -0.513771 2.07187
 0.782598 0.385283 -2.40456
regression_error on 'test' 0.0856751
classification_error on 'test' 0.157895
Save,2322,0.0856751,0.157895
sample_count 75 Sample index 4
 i 0:0.212844 i 1:0.516233 i 2:0.158468 i 3:0.135476 bias 1
 test_print 2.02302
net matrix:
 0.878203 -0.497754 -2.03902
outputs matrix:
 0.852759 0.269825 0.0166584
error matrix:
 0.147241 -0.269825 -0.0166584
delta matrix:
 0.0369755 -0.106322 -0.000545758
weights_delta matrix:
 0.000787002 -0.002263 -1.16161e-05
 0.0019088 -0.00548868 -2.81738e-05
 0.000585944 -0.00168486 -8.64852e-06
 0.00050093 -0.0014404 -7.39371e-06
 0.00369755 -0.0106322 -5.45758e-05
weights matrix:
 -0.903614 -0.00503258 0.132765
 1.66569 -1.81549 -0.413571
 -2.10827 0.765281 1.70425
 -1.746 -0.515212 2.07186
 0.786296 0.374651 -2.40461
regression_error on 'test' 0.0854941
classification_error on 'test' 0.157895
Save,2323,0.0854941,0.157895
sample_count 75 Sample index 65
 i 0:0.928809 i 1:0.410364 i 2:0.944758 i 3:0.792495 bias 1
 test_print 4.07643
net matrix:
 -2.74495 -0.0603338 0.80103
outputs matrix:
 0.00411124 0.46987 0.832306
error matrix:
 -0.00411124 -0.46987 0.167694
delta matrix:
 -3.36657e-05 -0.234082 0.046811
weights_delta matrix:
 -3.1269e-06 -0.0217417 0.00434785
 -1.38152e-06 -0.00960587 0.00192095
 -3.18059e-06 -0.0221151 0.0044225
 -2.66799e-06 -0.0185509 0.00370975
 -3.36657e-06 -0.0234082 0.0046811
weights matrix:
 -0.903617 -0.0267743 0.137112
 1.66568 -1.8251 -0.41165
 -2.10828 0.743166 1.70867
 -1.746 -0.533762 2.07557
 0.786292 0.351243 -2.39993
regression_error on 'test' 0.0848052
classification_error on 'test' 0.157895
Save,2324,0.0848052,0.157895
sample_count 75 Sample index 47
 i 0:0.282131 i 1:0.516233 i 2:0.158468 i 3:0.0989754 bias 1
 test_print 2.05581
net matrix:
 0.884329 -0.533549 -2.09755
outputs matrix:
 0.854291 0.255955 0.0148454
error matrix:
 0.145709 -0.255955 -0.0148454
delta matrix:
 0.0362752 -0.0974895 -0.00043423
weights_delta matrix:
 0.00102344 -0.00275048 -1.2251e-05
 0.00187264 -0.00503273 -2.24164e-05
 0.000574846 -0.0015449 -6.88116e-06
 0.000359035 -0.000964906 -4.29781e-06
 0.00362752 -0.00974895 -4.3423e-05
weights matrix:
 -0.902594 -0.0295248 0.1371
 1.66756 -1.83013 -0.411672
 -2.1077 0.741621 1.70867
 -1.74564 -0.534727 2.07557
 0.78992 0.341494 -2.39997
regression_error on 'test' 0.0847678
classification_error on 'test' 0.157895
Save,2325,0.0847678,0.157895
sample_count 75 Sample index 40
 i 0:0.328323 i 1:0.763262 i 2:0.158468 i 3:0.171977 bias 1
 test_print 2.42203
net matrix:
 1.13215 -1.03951 -2.04146
outputs matrix:
 0.905876 0.111153 0.0165788
error matrix:
 0.0941237 -0.111153 -0.0165788
delta matrix:
 0.0160508 -0.0219635 -0.000540601
weights_delta matrix:
 0.000526985 -0.000721112 -1.77492e-05
 0.0012251 -0.00167639 -4.1262e-05
 0.000254354 -0.000348051 -8.5668e-06
 0.000276037 -0.000377722 -9.2971e-06
 0.00160508 -0.00219635 -5.40601e-05
weights matrix:
 -0.902067 -0.0302459 0.137082
 1.66878 -1.83181 -0.411713
 -2.10745 0.741273 1.70866
 -1.74537 -0.535105 2.07556
 0.791525 0.339298 -2.40003
regression_error on 'test' 0.0847589
classification_error on 'test' 0.157895
Save,2326,0.0847589,0.157895
sample_count 75 Sample index 46
 i 0:0.928809 i 1:0.480944 i 2:0.854032 i 3:0.901998 bias 1
 test_print 4.16578
net matrix:
 -2.61788 -0.419385 0.86068
outputs matrix:
 0.00529463 0.301794 0.848304
error matrix:
 -0.00529463 -0.301794 0.151696
delta matrix:
 -5.57695e-05 -0.127185 0.0390418
weights_delta matrix:
 -5.17992e-06 -0.011813 0.00362624
 -2.6822e-06 -0.00611686 0.00187769
 -4.76289e-06 -0.010862 0.00333429
 -5.03039e-06 -0.011472 0.00352156
 -5.57695e-06 -0.0127185 0.00390418
weights matrix:
 -0.902072 -0.0420589 0.140709
 1.66878 -1.83793 -0.409836
 -2.10745 0.730411 1.71199
 -1.74537 -0.546577 2.07908
 0.791519 0.326579 -2.39612
regression_error on 'test' 0.084616
classification_error on 'test' 0.157895
Save,2327,0.084616,0.157895
sample_count 75 Sample index 36
 i 0:0.744044 i 1:0.516233 i 2:0.702823 i 3:0.901998 bias 1
 test_print 3.8651
net matrix:
 -2.07367 -0.633174 0.57555
outputs matrix:
 0.0155605 0.219883 0.759712
error matrix:
 -0.0155605 -0.219883 0.240288
delta matrix:
 -0.00047672 -0.075435 0.087729
weights_delta matrix:
 -3.54701e-05 -0.0056127 0.00652743
 -2.46099e-05 -0.00389421 0.00452886
 -3.3505e-05 -0.00530175 0.0061658
 -4.30001e-05 -0.00680423 0.00791314
 -4.7672e-05 -0.0075435 0.0087729
weights matrix:
 -0.902107 -0.0476716 0.147236
 1.66875 -1.84182 -0.405307
 -2.10749 0.725109 1.71816
 -1.74541 -0.553381 2.08699
 0.791472 0.319036 -2.38735
regression_error on 'test' 0.0845128
classification_error on 'test' 0.157895
Save,2328,0.0845128,0.157895
sample_count 75 Sample index 43
 i 0:0.582374 i 1:0.198626 i 2:0.612097 i 3:0.60999 bias 1
 test_print 3.00309
net matrix:
 -1.7571 0.0317197 -0.057386
outputs matrix:
 0.0289106 0.515855 0.471338
error matrix:
 -0.0289106 0.484145 -0.471338
delta matrix:
 -0.00162332 0.241829 -0.234895
weights_delta matrix:
 -9.45378e-05 0.0140835 -0.0136797
 -3.22433e-05 0.00480336 -0.00466562
 -9.93628e-05 0.0148023 -0.0143778
 -9.90208e-05 0.0147513 -0.0143284
 -0.000162332 0.0241829 -0.0234895
weights matrix:
 -0.902202 -0.0335881 0.133556
 1.66872 -1.83702 -0.409972
 -2.10759 0.739911 1.70378
 -1.74551 -0.53863 2.07266
 0.791309 0.343219 -2.41084
regression_error on 'test' 0.0848714
classification_error on 'test' 0.157895
Save,2329,0.0848714,0.157895
sample_count 75 Sample index 38
 i 0:0.397609 i 1:0.798551 i 2:0.128226 i 3:0.208478 bias 1
 test_print 2.53286
net matrix:
 1.131 -1.1545 -2.03455
outputs matrix:
 0.90568 0.0903797 0.0168056
error matrix:
 0.0943198 -0.0903797 -0.0168056
delta matrix:
 0.0161143 -0.0148604 -0.000555364
weights_delta matrix:
 0.000640718 -0.000590865 -2.20818e-05
 0.00128681 -0.00118668 -4.43486e-05
 0.000206627 -0.00019055 -7.12121e-06
 0.000335947 -0.000309808 -1.15781e-05
 0.00161143 -0.00148604 -5.55364e-05
weights matrix:
 -0.901561 -0.034179 0.133534
 1.67001 -1.8382 -0.410017
 -2.10738 0.739721 1.70377
 -1.74518 -0.53894 2.07265
 0.792921 0.341733 -2.4109
regression_error on 'test' 0.0848655
classification_error on 'test' 0.157895
Save,2330,0.0848655,0.157895
sample_count 75 Sample index 62
 i 0:0.582374 i 1:0.622103 i 2:0.748185 i 3:0.901998 bias 1
 test_print 3.85466
net matrix:
 -1.84406 -0.754398 0.556063
outputs matrix:
 0.0244082 0.181117 0.752525
error matrix:
 -0.0244082 -0.181117 0.247475
delta matrix:
 -0.00116244 -0.0537243 0.092175
weights_delta matrix:
 -6.76974e-05 -0.00312877 0.00536803
 -7.23156e-05 -0.00334221 0.00573423
 -8.69719e-05 -0.00401957 0.00689639
 -0.000104852 -0.00484592 0.00831417
 -0.000116244 -0.00537243 0.0092175
weights matrix:
 -0.901629 -0.0373077 0.138902
 1.66994 -1.84154 -0.404283
 -2.10747 0.735701 1.71067
 -1.74528 -0.543786 2.08097
 0.792804 0.33636 -2.40168
regression_error on 'test' 0.0846291
classification_error on 'test' 0.157895
Save,2331,0.0846291,0.157895
sample_count 75 Sample index 62
 i 0:0.582374 i 1:0.622103 i 2:0.748185 i 3:0.901998 bias 1
 test_print 3.85466
net matrix:
 -1.84442 -0.771051 0.584633
outputs matrix:
 0.024391 0.17623 0.763012
error matrix:
 -0.024391 -0.17623 0.236988
delta matrix:
 -0.00116083 -0.0511677 0.0857064
weights_delta matrix:
 -6.76034e-05 -0.00297987 0.00499132
 -7.22153e-05 -0.00318316 0.00533182
 -8.68512e-05 -0.00382829 0.00641242
 -0.000104706 -0.00461532 0.0077307
 -0.000116083 -0.00511677 0.00857064
weights matrix:
 -0.901696 -0.0402876 0.143894
 1.66986 -1.84473 -0.398951
 -2.10755 0.731873 1.71708
 -1.74539 -0.548401 2.0887
 0.792688 0.331243 -2.39311
regression_error on 'test' 0.0844914
classification_error on 'test' 0.157895
Save,2332,0.0844914,0.157895
sample_count 75 Sample index 67
 i 0:0.443801 i 1:0.375074 i 2:0.566734 i 3:0.536988 bias 1
 test_print 2.9226
net matrix:
 -1.11284 -0.258253 -0.38415
outputs matrix:
 0.0974687 0.373669 0.316847
error matrix:
 -0.0974687 0.626331 -0.316847
delta matrix:
 -0.0171484 0.293174 -0.137166
weights_delta matrix:
 -0.000761047 0.0130111 -0.00608744
 -0.000643191 0.0109962 -0.00514474
 -0.000971857 0.0166151 -0.00777367
 -0.000920847 0.0157431 -0.00736565
 -0.00171484 0.0293174 -0.0137166
weights matrix:
 -0.902457 -0.0272765 0.137806
 1.66922 -1.83373 -0.404095
 -2.10852 0.748488 1.70931
 -1.74631 -0.532658 2.08133
 0.790974 0.360561 -2.40682
regression_error on 'test' 0.0847924
classification_error on 'test' 0.157895
Save,2333,0.0847924,0.157895
sample_count 75 Sample index 45
 i 0:0.697853 i 1:0.586813 i 2:0.793548 i 3:0.975 bias 1
 test_print 4.05321
net matrix:
 -2.23515 -0.659912 0.837931
outputs matrix:
 0.0113143 0.210847 0.842356
error matrix:
 -0.0113143 -0.210847 0.157644
delta matrix:
 -0.000253131 -0.0701662 0.041868
weights_delta matrix:
 -1.76649e-05 -0.00489657 0.00292177
 -1.48541e-05 -0.00411744 0.00245687
 -2.00872e-05 -0.00556802 0.00332243
 -2.46803e-05 -0.0068412 0.00408213
 -2.53131e-05 -0.00701662 0.0041868
weights matrix:
 -0.902475 -0.0321731 0.140728
 1.66921 -1.83785 -0.401639
 -2.10854 0.74292 1.71263
 -1.74633 -0.539499 2.08541
 0.790948 0.353544 -2.40264
regression_error on 'test' 0.0846099
classification_error on 'test' 0.157895
Save,2334,0.0846099,0.157895
sample_count 75 Sample index 52
 i 0:0.443801 i 1:0.410364 i 2:0.672581 i 3:0.792495 bias 1
 test_print 3.31924
net matrix:
 -1.72672 -0.342798 0.299561
outputs matrix:
 0.0306667 0.335013 0.645456
error matrix:
 -0.0306667 -0.335013 0.354544
delta matrix:
 -0.00182322 -0.149268 0.16227
weights_delta matrix:
 -8.09145e-05 -0.00662454 0.00720155
 -7.48182e-05 -0.00612543 0.00665897
 -0.000122626 -0.0100395 0.010914
 -0.000144489 -0.0118294 0.0128598
 -0.000182322 -0.0149268 0.016227
weights matrix:
 -0.902556 -0.0387976 0.14793
 1.66913 -1.84397 -0.39498
 -2.10867 0.73288 1.72354
 -1.74648 -0.551329 2.09827
 0.790766 0.338617 -2.38641
regression_error on 'test' 0.0843784
classification_error on 'test' 0.157895
Save,2335,0.0843784,0.157895
sample_count 75 Sample index 25
 i 0:0.628566 i 1:0.410364 i 2:0.778427 i 3:0.865497 bias 1
 test_print 3.68285
net matrix:
 -2.24461 -0.34915 0.702189
outputs matrix:
 0.0111047 0.332189 0.802878
error matrix:
 -0.0111047 -0.332189 0.197122
delta matrix:
 -0.000243888 -0.147386 0.0623951
weights_delta matrix:
 -1.533e-05 -0.00926415 0.00392195
 -1.00083e-05 -0.00604817 0.00256047
 -1.89849e-05 -0.0114729 0.004857
 -2.11084e-05 -0.0127562 0.00540028
 -2.43888e-05 -0.0147386 0.00623951
weights matrix:
 -0.902571 -0.0480618 0.151852
 1.66912 -1.85002 -0.392419
 -2.10869 0.721407 1.7284
 -1.7465 -0.564085 2.10367
 0.790742 0.323879 -2.38017
regression_error on 'test' 0.0844033
classification_error on 'test' 0.157895
Save,2336,0.0844033,0.157895
sample_count 75 Sample index 47
 i 0:0.282131 i 1:0.516233 i 2:0.158468 i 3:0.0989754 bias 1
 test_print 2.05581
net matrix:
 0.890734 -0.586234 -2.0578
outputs matrix:
 0.855878 0.236409 0.0160542
error matrix:
 0.144122 -0.236409 -0.0160542
delta matrix:
 0.0355551 -0.085353 -0.000507199
weights_delta matrix:
 0.00100312 -0.00240807 -1.43096e-05
 0.00183547 -0.00440621 -2.61833e-05
 0.000563434 -0.00135257 -8.03748e-06
 0.000351908 -0.000844785 -5.02002e-06
 0.00355551 -0.0085353 -5.07199e-05
weights matrix:
 -0.901568 -0.0504699 0.151837
 1.67096 -1.85443 -0.392445
 -2.10812 0.720055 1.72839
 -1.74615 -0.564929 2.10367
 0.794297 0.315343 -2.38022
regression_error on 'test' 0.0844692
classification_error on 'test' 0.157895
Save,2337,0.0844692,0.157895
sample_count 75 Sample index 30
 i 0:0.559279 i 1:0.410364 i 2:0.642339 i 3:0.500487 bias 1
 test_print 3.11247
net matrix:
 -1.25228 -0.294095 -0.293275
outputs matrix:
 0.0755387 0.35705 0.357427
error matrix:
 -0.0755387 0.64295 -0.357427
delta matrix:
 -0.0105501 0.295198 -0.164182
weights_delta matrix:
 -0.000590047 0.0165098 -0.00918238
 -0.000432939 0.0121139 -0.00673746
 -0.000677676 0.0189617 -0.0105461
 -0.00052802 0.0147743 -0.00821712
 -0.00105501 0.0295198 -0.0164182
weights matrix:
 -0.902158 -0.0339601 0.142655
 1.67052 -1.84232 -0.399183
 -2.1088 0.739017 1.71785
 -1.74667 -0.550155 2.09545
 0.793242 0.344863 -2.39664
regression_error on 'test' 0.0844267
classification_error on 'test' 0.157895
Save,2338,0.0844267,0.157895
sample_count 75 Sample index 25
 i 0:0.628566 i 1:0.410364 i 2:0.778427 i 3:0.865497 bias 1
 test_print 3.68285
net matrix:
 -2.24159 -0.33339 0.680042
outputs matrix:
 0.0111712 0.339218 0.795773
error matrix:
 -0.0111712 -0.339218 0.204227
delta matrix:
 -0.000246805 -0.152071 0.066381
weights_delta matrix:
 -1.55133e-05 -0.00955867 0.00417248
 -1.0128e-05 -0.00624045 0.00272404
 -1.9212e-05 -0.0118376 0.00516728
 -2.13609e-05 -0.0131617 0.00574526
 -2.46805e-05 -0.0152071 0.0066381
weights matrix:
 -0.902174 -0.0435187 0.146827
 1.67051 -1.84856 -0.396459
 -2.10882 0.727179 1.72301
 -1.74669 -0.563317 2.1012
 0.793217 0.329656 -2.39
regression_error on 'test' 0.084364
classification_error on 'test' 0.157895
Save,2339,0.084364,0.157895
sample_count 75 Sample index 41
 i 0:0.674757 i 1:0.445654 i 2:0.627218 i 3:0.536988 bias 1
 test_print 3.28462
net matrix:
 -1.3317 -0.369919 -0.25859
outputs matrix:
 0.0651675 0.323039 0.373512
error matrix:
 -0.0651675 0.676961 -0.373512
delta matrix:
 -0.0079401 0.296082 -0.174804
weights_delta matrix:
 -0.000535764 0.0199784 -0.011795
 -0.000353854 0.013195 -0.00779021
 -0.000498017 0.0185708 -0.010964
 -0.000426374 0.0158993 -0.00938677
 -0.00079401 0.0296082 -0.0174804
weights matrix:
 -0.90271 -0.0235404 0.135032
 1.67016 -1.83536 -0.404249
 -2.10932 0.74575 1.71205
 -1.74712 -0.547418 2.09181
 0.792423 0.359264 -2.40748
regression_error on 'test' 0.0846048
classification_error on 'test' 0.157895
Save,2340,0.0846048,0.157895
sample_count 75 Sample index 16
 i 0:0.60547 i 1:0.304495 i 2:0.687702 i 3:0.755994 bias 1
 test_print 3.35366
net matrix:
 -2.01698 -0.114838 0.309959
outputs matrix:
 0.0173961 0.442832 0.6502
error matrix:
 -0.0173961 -0.442832 0.3498
delta matrix:
 -0.00059472 -0.218522 0.159117
weights_delta matrix:
 -3.60085e-05 -0.0132308 0.00963405
 -1.81089e-05 -0.00665388 0.00484503
 -4.0899e-05 -0.0150278 0.0109425
 -4.49605e-05 -0.0165201 0.0120291
 -5.9472e-05 -0.0218522 0.0159117
weights matrix:
 -0.902746 -0.0367712 0.144666
 1.67014 -1.84201 -0.399404
 -2.10936 0.730722 1.72299
 -1.74717 -0.563938 2.10384
 0.792364 0.337412 -2.39157
regression_error on 'test' 0.0843083
classification_error on 'test' 0.157895
Save,2341,0.0843083,0.157895
sample_count 75 Sample index 58
 i 0:0.282131 i 1:0.516233 i 2:0.158468 i 3:0.0989754 bias 1
 test_print 2.05581
net matrix:
 0.892661 -0.563891 -2.07567
outputs matrix:
 0.856353 0.244571 0.0154992
error matrix:
 0.143647 -0.244571 -0.0154992
delta matrix:
 0.0353408 -0.0903718 -0.000473003
weights_delta matrix:
 0.000997074 -0.00254967 -1.33449e-05
 0.00182441 -0.00466529 -2.4418e-05
 0.000560039 -0.0014321 -7.49559e-06
 0.000349787 -0.000894458 -4.68157e-06
 0.00353408 -0.00903718 -4.73003e-05
weights matrix:
 -0.901749 -0.0393209 0.144653
 1.67197 -1.84668 -0.399428
 -2.1088 0.72929 1.72298
 -1.74682 -0.564832 2.10383
 0.795898 0.328375 -2.39162
regression_error on 'test' 0.0843446
classification_error on 'test' 0.157895
Save,2342,0.0843446,0.157895
sample_count 75 Sample index 52
 i 0:0.443801 i 1:0.410364 i 2:0.672581 i 3:0.792495 bias 1
 test_print 3.31924
net matrix:
 -1.72087 -0.404007 0.334793
outputs matrix:
 0.0310164 0.308314 0.66141
error matrix:
 -0.0310164 -0.308314 0.33859
delta matrix:
 -0.00186436 -0.1315 0.151652
weights_delta matrix:
 -8.27406e-05 -0.00583598 0.00673033
 -7.65067e-05 -0.00539628 0.00622325
 -0.000125393 -0.00884443 0.0101998
 -0.00014775 -0.0104213 0.0120183
 -0.000186436 -0.01315 0.0151652
weights matrix:
 -0.901831 -0.0451568 0.151383
 1.67189 -1.85208 -0.393205
 -2.10892 0.720446 1.73318
 -1.74696 -0.575254 2.11585
 0.795712 0.315225 -2.37645
regression_error on 'test' 0.0844204
classification_error on 'test' 0.184211
Save,2343,0.0844204,0.184211
sample_count 75 Sample index 53
 i 0:0.489992 i 1:0.410364 i 2:0.702823 i 3:0.938499 bias 1
 test_print 3.54168
net matrix:
 -2.08182 -0.500456 0.740214
outputs matrix:
 0.0153127 0.268762 0.814637
error matrix:
 -0.0153127 -0.268762 0.185363
delta matrix:
 -0.000461779 -0.105639 0.0559808
weights_delta matrix:
 -2.26268e-05 -0.00517623 0.00274302
 -1.89497e-05 -0.00433505 0.00229725
 -3.24549e-05 -0.00742456 0.00393446
 -4.33379e-05 -0.00991422 0.0052538
 -4.61779e-05 -0.0105639 0.00559808
weights matrix:
 -0.901854 -0.0503331 0.154126
 1.67187 -1.85641 -0.390908
 -2.10896 0.713021 1.73712
 -1.74701 -0.585168 2.12111
 0.795665 0.304661 -2.37085
regression_error on 'test' 0.0845885
classification_error on 'test' 0.210526
Save,2344,0.0845885,0.210526
sample_count 75 Sample index 38
 i 0:0.397609 i 1:0.798551 i 2:0.128226 i 3:0.208478 bias 1
 test_print 2.53286
net matrix:
 1.13752 -1.22836 -1.95678
outputs matrix:
 0.906788 0.0789489 0.0195781
error matrix:
 0.0932116 -0.0789489 -0.0195781
delta matrix:
 0.0157571 -0.0114817 -0.000751599
weights_delta matrix:
 0.000626515 -0.000456522 -2.98843e-05
 0.00125828 -0.000916871 -6.0019e-05
 0.000202047 -0.000147225 -9.63746e-06
 0.0003285 -0.000239368 -1.56692e-05
 0.00157571 -0.00114817 -7.51599e-05
weights matrix:
 -0.901227 -0.0507896 0.154096
 1.67313 -1.85733 -0.390968
 -2.10875 0.712874 1.73711
 -1.74668 -0.585407 2.12109
 0.797241 0.303513 -2.37093
regression_error on 'test' 0.0846001
classification_error on 'test' 0.210526
Save,2345,0.0846001,0.210526
sample_count 75 Sample index 56
 i 0:0.328323 i 1:0.727972 i 2:0.158468 i 3:0.208478 bias 1
 test_print 2.42324
net matrix:
 1.02102 -1.07432 -1.88747
outputs matrix:
 0.885142 0.104458 0.022424
error matrix:
 0.114858 -0.104458 -0.022424
delta matrix:
 0.0233543 -0.0195434 -0.000983118
weights_delta matrix:
 0.000766776 -0.000641654 -3.2278e-05
 0.00170013 -0.0014227 -7.15682e-05
 0.000370091 -0.0003097 -1.55793e-05
 0.000486886 -0.000407436 -2.04958e-05
 0.00233543 -0.00195434 -9.83118e-05
weights matrix:
 -0.900461 -0.0514313 0.154064
 1.67483 -1.85875 -0.391039
 -2.10838 0.712564 1.73709
 -1.74619 -0.585815 2.12107
 0.799576 0.301559 -2.37103
regression_error on 'test' 0.084622
classification_error on 'test' 0.210526
Save,2346,0.084622,0.210526
sample_count 75 Sample index 61
 i 0:0.697853 i 1:0.480944 i 2:0.687702 i 3:0.682992 bias 1
 test_print 3.54949
net matrix:
 -1.66589 -0.538363 0.191695
outputs matrix:
 0.034497 0.254126 0.59469
error matrix:
 -0.034497 0.745874 -0.59469
delta matrix:
 -0.00229798 0.282755 -0.286681
weights_delta matrix:
 -0.000160365 0.0197321 -0.0200061
 -0.00011052 0.0135989 -0.0137877
 -0.000158032 0.0194451 -0.0197151
 -0.00015695 0.0193119 -0.0195801
 -0.000229798 0.0282755 -0.0286681
weights matrix:
 -0.900621 -0.0316991 0.134058
 1.67472 -1.84515 -0.404827
 -2.10854 0.732009 1.71738
 -1.74635 -0.566503 2.10149
 0.799347 0.329834 -2.3997
regression_error on 'test' 0.0843953
classification_error on 'test' 0.157895
Save,2347,0.0843953,0.157895
sample_count 75 Sample index 0
 i 0:0.282131 i 1:0.269205 i 2:0.430645 i 3:0.427485 bias 1
 test_print 2.40947
net matrix:
 -0.658475 -0.102769 -0.83292
outputs matrix:
 0.211326 0.448796 0.15898
error matrix:
 -0.211326 0.551204 -0.15898
delta matrix:
 -0.0704424 0.272712 -0.0425128
weights_delta matrix:
 -0.0019874 0.00769404 -0.00119942
 -0.00189634 0.00734154 -0.00114447
 -0.00303357 0.0117442 -0.00183079
 -0.00301131 0.011658 -0.00181736
 -0.00704424 0.0272712 -0.00425128
weights matrix:
 -0.902608 -0.0240051 0.132859
 1.67282 -1.83781 -0.405972
 -2.11158 0.743753 1.71555
 -1.74936 -0.554845 2.09967
 0.792302 0.357105 -2.40395
regression_error on 'test' 0.0844553
classification_error on 'test' 0.157895
Save,2348,0.0844553,0.157895
sample_count 75 Sample index 14
 i 0:0.697853 i 1:0.516233 i 2:0.778427 i 3:0.938499 bias 1
 test_print 3.93101
net matrix:
 -2.2595 -0.550148 0.785162
outputs matrix:
 0.0107824 0.249684 0.82783
error matrix:
 -0.0107824 -0.249684 0.17217
delta matrix:
 -0.000230013 -0.0935527 0.0490781
weights_delta matrix:
 -1.60515e-05 -0.0065286 0.00342493
 -1.1874e-05 -0.0048295 0.00253357
 -1.79048e-05 -0.0072824 0.00382037
 -2.15867e-05 -0.00877991 0.00460597
 -2.30013e-05 -0.00935527 0.00490781
weights matrix:
 -0.902624 -0.0305337 0.136284
 1.67281 -1.84264 -0.403438
 -2.11159 0.736471 1.71937
 -1.74938 -0.563625 2.10428
 0.792279 0.34775 -2.39904
regression_error on 'test' 0.0843175
classification_error on 'test' 0.157895
Save,2349,0.0843175,0.157895
sample_count 75 Sample index 58
 i 0:0.282131 i 1:0.516233 i 2:0.158468 i 3:0.0989754 bias 1
 test_print 2.05581
net matrix:
 0.893415 -0.551174 -2.08812
outputs matrix:
 0.856538 0.2493 0.0151239
error matrix:
 0.143462 -0.2493 -0.0151239
delta matrix:
 0.0352573 -0.0933129 -0.000450544
weights_delta matrix:
 0.000994717 -0.00263265 -1.27112e-05
 0.0018201 -0.00481712 -2.32586e-05
 0.000558715 -0.00147871 -7.13968e-06
 0.00034896 -0.000923568 -4.45928e-06
 0.00352573 -0.00933129 -4.50544e-05
weights matrix:
 -0.90163 -0.0331663 0.136271
 1.67463 -1.84746 -0.403461
 -2.11103 0.734992 1.71936
 -1.74903 -0.564548 2.10427
 0.795805 0.338419 -2.39908
regression_error on 'test' 0.0843333
classification_error on 'test' 0.157895
Save,2350,0.0843333,0.157895
sample_count 75 Sample index 42
 i 0:0.651661 i 1:0.551523 i 2:0.702823 i 3:0.792495 bias 1
 test_print 3.6985
net matrix:
 -1.73794 -0.632942 0.343233
outputs matrix:
 0.0300065 0.219963 0.66518
error matrix:
 -0.0300065 -0.219963 0.33482
delta matrix:
 -0.00174674 -0.0754821 0.149139
weights_delta matrix:
 -0.000113828 -0.00491887 0.00971882
 -9.63368e-05 -0.00416301 0.00822537
 -0.000122765 -0.00530505 0.0104818
 -0.000138428 -0.00598192 0.0118192
 -0.000174674 -0.00754821 0.0149139
weights matrix:
 -0.901744 -0.0380852 0.14599
 1.67453 -1.85162 -0.395236
 -2.11116 0.729687 1.72984
 -1.74917 -0.57053 2.11609
 0.79563 0.330871 -2.38417
regression_error on 'test' 0.0842718
classification_error on 'test' 0.157895
Save,2351,0.0842718,0.157895
sample_count 75 Sample index 72
 i 0:0.905713 i 1:0.480944 i 2:0.929637 i 3:0.828996 bias 1
 test_print 4.14529
net matrix:
 -2.6284 -0.388772 0.920326
outputs matrix:
 0.00518494 0.314849 0.863026
error matrix:
 -0.00518494 -0.314849 0.136974
delta matrix:
 -5.34884e-05 -0.135838 0.032384
weights_delta matrix:
 -4.84451e-06 -0.012303 0.00293306
 -2.57249e-06 -0.00653305 0.00155749
 -4.97248e-06 -0.012628 0.00301054
 -4.43417e-06 -0.0112609 0.00268462
 -5.34884e-06 -0.0135838 0.0032384
weights matrix:
 -0.901748 -0.0503882 0.148923
 1.67453 -1.85815 -0.393678
 -2.11116 0.717059 1.73285
 -1.74918 -0.581791 2.11878
 0.795625 0.317287 -2.38093
regression_error on 'test' 0.0843997
classification_error on 'test' 0.184211
Save,2352,0.0843997,0.184211
sample_count 75 Sample index 8
 i 0:0.489992 i 1:0.375074 i 2:0.702823 i 3:0.755994 bias 1
 test_print 3.32388
net matrix:
 -1.82429 -0.340213 0.364053
outputs matrix:
 0.0253677 0.336166 0.674389
error matrix:
 -0.0253677 -0.336166 0.325611
delta matrix:
 -0.00125439 -0.150037 0.143001
weights_delta matrix:
 -6.14643e-05 -0.00735168 0.00700692
 -4.70491e-05 -0.00562749 0.00536358
 -8.81617e-05 -0.0105449 0.0100504
 -9.48315e-05 -0.0113427 0.0108108
 -0.000125439 -0.0150037 0.0143001
weights matrix:
 -0.90181 -0.0577399 0.15593
 1.67448 -1.86378 -0.388315
 -2.11125 0.706514 1.7429
 -1.74927 -0.593134 2.12959
 0.7955 0.302283 -2.36663
regression_error on 'test' 0.0847298
classification_error on 'test' 0.210526
Save,2353,0.0847298,0.210526
sample_count 75 Sample index 46
 i 0:0.928809 i 1:0.480944 i 2:0.854032 i 3:0.901998 bias 1
 test_print 4.16578
net matrix:
 -2.61769 -0.57934 1.00082
outputs matrix:
 0.00529659 0.238907 0.880969
error matrix:
 -0.00529659 -0.238907 0.119031
delta matrix:
 -5.58106e-05 -0.0868813 0.0249638
weights_delta matrix:
 -5.18374e-06 -0.00806961 0.00231866
 -2.68418e-06 -0.0041785 0.00120062
 -4.76641e-06 -0.00741994 0.00213199
 -5.03411e-06 -0.00783667 0.00225173
 -5.58106e-06 -0.00868813 0.00249638
weights matrix:
 -0.901815 -0.0658095 0.158248
 1.67448 -1.86796 -0.387114
 -2.11126 0.699094 1.74504
 -1.74928 -0.60097 2.13184
 0.795494 0.293595 -2.36414
regression_error on 'test' 0.0849736
classification_error on 'test' 0.210526
Save,2354,0.0849736,0.210526
sample_count 75 Sample index 39
 i 0:0.397609 i 1:0.622103 i 2:0.18871 i 3:0.135476 bias 1
 test_print 2.3439
net matrix:
 0.843225 -0.844125 -1.92392
outputs matrix:
 0.843757 0.156006 0.0208804
error matrix:
 0.156243 -0.156006 -0.0208804
delta matrix:
 0.0411955 -0.041082 -0.000853777
weights_delta matrix:
 0.00163797 -0.00163346 -3.3947e-05
 0.00256279 -0.00255573 -5.31137e-05
 0.000777401 -0.000775259 -1.61116e-05
 0.000558101 -0.000556563 -1.15666e-05
 0.00411955 -0.0041082 -8.53777e-05
weights matrix:
 -0.900177 -0.067443 0.158214
 1.67704 -1.87051 -0.387167
 -2.11048 0.698319 1.74502
 -1.74872 -0.601527 2.13183
 0.799614 0.289487 -2.36422
regression_error on 'test' 0.0850427
classification_error on 'test' 0.210526
Save,2355,0.0850427,0.210526
sample_count 75 Sample index 55
 i 0:0.628566 i 1:0.551523 i 2:0.612097 i 3:0.60999 bias 1
 test_print 3.40218
net matrix:
 -1.1998 -0.724024 -0.109789
outputs matrix:
 0.0832038 0.190302 0.445325
error matrix:
 -0.0832038 0.809698 -0.445325
delta matrix:
 -0.0126937 0.249528 -0.22
weights_delta matrix:
 -0.000797885 0.0156845 -0.0138285
 -0.000700089 0.0137621 -0.0121335
 -0.00077698 0.0152735 -0.0134661
 -0.000774305 0.015221 -0.0134198
 -0.00126937 0.0249528 -0.022
weights matrix:
 -0.900975 -0.0517585 0.144386
 1.67634 -1.85675 -0.399301
 -2.11126 0.713593 1.73155
 -1.74949 -0.586306 2.11841
 0.798344 0.31444 -2.38622
regression_error on 'test' 0.0843934
classification_error on 'test' 0.184211
Save,2356,0.0843934,0.184211
sample_count 75 Sample index 11
 i 0:0.536183 i 1:0.198626 i 2:0.536492 i 3:0.427485 bias 1
 test_print 2.69879
net matrix:
 -1.23233 0.0500879 -0.553563
outputs matrix:
 0.078373 0.525023 0.248407
error matrix:
 -0.078373 0.474977 -0.248407
delta matrix:
 -0.0113219 0.236894 -0.0927558
weights_delta matrix:
 -0.000607059 0.0127018 -0.00497341
 -0.000224882 0.00470532 -0.00184237
 -0.000607409 0.0127092 -0.00497627
 -0.000483993 0.0101268 -0.00396517
 -0.00113219 0.0236894 -0.00927558
weights matrix:
 -0.901582 -0.0390567 0.139413
 1.67612 -1.85205 -0.401143
 -2.11186 0.726302 1.72658
 -1.74998 -0.576179 2.11444
 0.797212 0.338129 -2.3955
regression_error on 'test' 0.0842039
classification_error on 'test' 0.157895
Save,2357,0.0842039,0.157895
sample_count 75 Sample index 63
 i 0:0.420705 i 1:0.904421 i 2:0.143347 i 3:0.135476 bias 1
 test_print 2.60395
net matrix:
 1.39402 -1.32728 -2.16569
outputs matrix:
 0.942026 0.0657087 0.0129787
error matrix:
 0.0579738 -0.0657087 -0.0129787
delta matrix:
 0.00633222 -0.00806786 -0.00033252
weights_delta matrix:
 0.0002664 -0.000339419 -1.39893e-05
 0.000572699 -0.000729675 -3.00738e-05
 9.07705e-05 -0.00011565 -4.76658e-06
 8.57864e-05 -0.0001093 -4.50485e-06
 0.000633222 -0.000806786 -3.3252e-05
weights matrix:
 -0.901316 -0.0393961 0.139399
 1.67669 -1.85278 -0.401173
 -2.11177 0.726186 1.72657
 -1.74989 -0.576288 2.11444
 0.797845 0.337322 -2.39553
regression_error on 'test' 0.0842076
classification_error on 'test' 0.157895
Save,2358,0.0842076,0.157895
sample_count 75 Sample index 68
 i 0:0.305227 i 1:0.657392 i 2:0.173589 i 3:0.281481 bias 1
 test_print 2.41769
net matrix:
 0.765843 -0.92886 -1.72182
outputs matrix:
 0.822253 0.134969 0.030959
error matrix:
 0.177747 -0.134969 -0.030959
delta matrix:
 0.0519566 -0.0315159 -0.00185758
weights_delta matrix:
 0.00158586 -0.000961952 -5.66982e-05
 0.00341559 -0.00207183 -0.000122116
 0.00090191 -0.000547082 -3.22455e-05
 0.00146248 -0.000887114 -5.22872e-05
 0.00519566 -0.00315159 -0.000185758
weights matrix:
 -0.89973 -0.040358 0.139342
 1.68011 -1.85485 -0.401295
 -2.11087 0.725639 1.72654
 -1.74843 -0.577175 2.11439
 0.803041 0.33417 -2.39572
regression_error on 'test' 0.0842178
classification_error on 'test' 0.157895
Save,2359,0.0842178,0.157895
sample_count 75 Sample index 54
 i 0:0.305227 i 1:0.622103 i 2:0.158468 i 3:0.135476 bias 1
 test_print 2.22127
net matrix:
 1.00224 -0.795258 -2.04278
outputs matrix:
 0.881268 0.169311 0.0165356
error matrix:
 0.118732 -0.169311 -0.0165356
delta matrix:
 0.0248472 -0.0476256 -0.000537812
weights_delta matrix:
 0.000758402 -0.00145366 -1.64155e-05
 0.00154575 -0.0029628 -3.34574e-05
 0.000393748 -0.000754714 -8.5226e-06
 0.000336619 -0.000645213 -7.28606e-06
 0.00248472 -0.00476256 -5.37812e-05
weights matrix:
 -0.898971 -0.0418117 0.139325
 1.68165 -1.85781 -0.401329
 -2.11048 0.724884 1.72653
 -1.74809 -0.577821 2.11438
 0.805526 0.329408 -2.39577
regression_error on 'test' 0.0842505
classification_error on 'test' 0.157895
Save,2360,0.0842505,0.157895
sample_count 75 Sample index 26
 i 0:0.489992 i 1:0.339785 i 2:0.536492 i 3:0.500487 bias 1
 test_print 2.86676
net matrix:
 -1.07071 -0.222633 -0.479377
outputs matrix:
 0.105135 0.390487 0.277128
error matrix:
 -0.105135 0.609513 -0.277128
delta matrix:
 -0.0197826 0.290137 -0.111033
weights_delta matrix:
 -0.000969333 0.0142165 -0.00544053
 -0.000672184 0.00985841 -0.00377273
 -0.00106132 0.0155656 -0.00595683
 -0.000990094 0.014521 -0.00555705
 -0.00197826 0.0290137 -0.0111033
weights matrix:
 -0.899941 -0.0275952 0.133885
 1.68098 -1.84795 -0.405102
 -2.11154 0.74045 1.72057
 -1.74908 -0.5633 2.10882
 0.803547 0.358422 -2.40687
regression_error on 'test' 0.0842672
classification_error on 'test' 0.157895
Save,2361,0.0842672,0.157895
sample_count 75 Sample index 55
 i 0:0.628566 i 1:0.551523 i 2:0.612097 i 3:0.60999 bias 1
 test_print 3.40218
net matrix:
 -1.19441 -0.568493 -0.206621
outputs matrix:
 0.0840289 0.242874 0.398135
error matrix:
 -0.0840289 0.757126 -0.398135
delta matrix:
 -0.0129351 0.27845 -0.190805
weights_delta matrix:
 -0.000813054 0.0175024 -0.0119934
 -0.000713399 0.0153572 -0.0105233
 -0.000791752 0.0170439 -0.0116791
 -0.000789026 0.0169852 -0.0116389
 -0.00129351 0.027845 -0.0190805
weights matrix:
 -0.900754 -0.0100928 0.121892
 1.68027 -1.8326 -0.415625
 -2.11233 0.757494 1.7089
 -1.74987 -0.546315 2.09718
 0.802254 0.386267 -2.42595
regression_error on 'test' 0.0849552
classification_error on 'test' 0.157895
Save,2362,0.0849552,0.157895
sample_count 75 Sample index 18
 i 0:0.513088 i 1:0.480944 i 2:0.566734 i 3:0.60999 bias 1
 test_print 3.17076
net matrix:
 -1.11633 -0.404237 -0.315554
outputs matrix:
 0.0968559 0.308216 0.347259
error matrix:
 -0.0968559 0.691784 -0.347259
delta matrix:
 -0.0169449 0.295003 -0.157427
weights_delta matrix:
 -0.000869422 0.0151362 -0.00807738
 -0.000814955 0.014188 -0.00757134
 -0.000960325 0.0167188 -0.00892191
 -0.00103362 0.0179949 -0.00960287
 -0.00169449 0.0295003 -0.0157427
weights matrix:
 -0.901623 0.00504345 0.113814
 1.67945 -1.81841 -0.423196
 -2.11329 0.774213 1.69997
 -1.7509 -0.52832 2.08758
 0.800559 0.415767 -2.4417
regression_error on 'test' 0.0862155
classification_error on 'test' 0.105263
Save,2363,0.0862155,0.105263
sample_count 75 Sample index 70
 i 0:0.259036 i 1:0.622103 i 2:0.173589 i 3:0.135476 bias 1
 test_print 2.1902
net matrix:
 1.00775 -0.651344 -2.09757
outputs matrix:
 0.882415 0.213713 0.0148449
error matrix:
 0.117585 -0.213713 -0.0148449
delta matrix:
 0.024401 -0.0718246 -0.000434199
weights_delta matrix:
 0.000632073 -0.00186052 -1.12473e-05
 0.00151799 -0.00446823 -2.70116e-05
 0.000423574 -0.0012468 -7.53721e-06
 0.000330574 -0.000973051 -5.88235e-06
 0.0024401 -0.00718246 -4.34199e-05
weights matrix:
 -0.900991 0.00318293 0.113803
 1.68097 -1.82288 -0.423223
 -2.11287 0.772966 1.69997
 -1.75057 -0.529293 2.08757
 0.803 0.408584 -2.44174
regression_error on 'test' 0.0860505
classification_error on 'test' 0.131579
Save,2364,0.0860505,0.131579
sample_count 75 Sample index 25
 i 0:0.628566 i 1:0.410364 i 2:0.778427 i 3:0.865497 bias 1
 test_print 3.68285
net matrix:
 -2.23335 -0.193861 0.586207
outputs matrix:
 0.0113547 0.404266 0.763581
error matrix:
 -0.0113547 -0.404266 0.236419
delta matrix:
 -0.000254932 -0.194723 0.085359
weights_delta matrix:
 -1.60242e-05 -0.0122396 0.00536538
 -1.04615e-05 -0.00799071 0.00350283
 -1.98446e-05 -0.0151577 0.00664458
 -2.20643e-05 -0.0168532 0.0073878
 -2.54932e-05 -0.0194723 0.0085359
weights matrix:
 -0.901007 -0.00905667 0.119168
 1.68096 -1.83087 -0.419721
 -2.11289 0.757808 1.70661
 -1.7506 -0.546146 2.09496
 0.802974 0.389112 -2.4332
regression_error on 'test' 0.0851139
classification_error on 'test' 0.157895
Save,2365,0.0851139,0.157895
sample_count 75 Sample index 70
 i 0:0.259036 i 1:0.622103 i 2:0.173589 i 3:0.135476 bias 1
 test_print 2.1902
net matrix:
 1.01137 -0.694664 -2.08338
outputs matrix:
 0.883165 0.199515 0.0152658
error matrix:
 0.116835 -0.199515 -0.0152658
delta matrix:
 0.0241112 -0.0637286 -0.000458975
weights_delta matrix:
 0.000624566 -0.0016508 -1.18891e-05
 0.00149996 -0.00396457 -2.8553e-05
 0.000418543 -0.00110626 -7.9673e-06
 0.000326649 -0.000863369 -6.21801e-06
 0.00241112 -0.00637286 -4.58975e-05
weights matrix:
 -0.900383 -0.0107075 0.119156
 1.68246 -1.83483 -0.419749
 -2.11247 0.756702 1.7066
 -1.75027 -0.547009 2.09496
 0.805385 0.382739 -2.43325
regression_error on 'test' 0.0850388
classification_error on 'test' 0.157895
Save,2366,0.0850388,0.157895
sample_count 75 Sample index 72
 i 0:0.905713 i 1:0.480944 i 2:0.929637 i 3:0.828996 bias 1
 test_print 4.14529
net matrix:
 -2.61573 -0.25942 0.796028
outputs matrix:
 0.00531732 0.373123 0.830905
error matrix:
 -0.00531732 -0.373123 0.169095
delta matrix:
 -5.62472e-05 -0.174549 0.0475162
weights_delta matrix:
 -5.09438e-06 -0.0158091 0.00430361
 -2.70517e-06 -0.00839482 0.00228526
 -5.22894e-06 -0.0162267 0.00441729
 -4.66287e-06 -0.01447 0.00393908
 -5.62472e-06 -0.0174549 0.00475162
weights matrix:
 -0.900388 -0.0265166 0.12346
 1.68246 -1.84323 -0.417464
 -2.11247 0.740475 1.71102
 -1.75027 -0.561479 2.0989
 0.80538 0.365284 -2.4285
regression_error on 'test' 0.0845733
classification_error on 'test' 0.157895
Save,2367,0.0845733,0.157895
sample_count 75 Sample index 73
 i 0:0.582374 i 1:0.410364 i 2:0.65746 i 3:0.719493 bias 1
 test_print 3.36969
net matrix:
 -1.67674 -0.3237 0.107158
outputs matrix:
 0.0337815 0.343576 0.553375
error matrix:
 -0.0337815 -0.343576 0.446625
delta matrix:
 -0.00220528 -0.154974 0.220768
weights_delta matrix:
 -0.00012843 -0.0090253 0.0128569
 -9.04967e-05 -0.00635959 0.00905952
 -0.000144988 -0.0101889 0.0145146
 -0.000158668 -0.0111503 0.0158841
 -0.000220528 -0.0154974 0.0220768
weights matrix:
 -0.900516 -0.0355419 0.136317
 1.68237 -1.84959 -0.408404
 -2.11262 0.730286 1.72553
 -1.75043 -0.57263 2.11478
 0.805159 0.349787 -2.40642
regression_error on 'test' 0.0841354
classification_error on 'test' 0.157895
Save,2368,0.0841354,0.157895
sample_count 75 Sample index 26
 i 0:0.489992 i 1:0.339785 i 2:0.536492 i 3:0.500487 bias 1
 test_print 2.86676
net matrix:
 -1.07391 -0.190891 -0.494241
outputs matrix:
 0.104534 0.405697 0.271212
error matrix:
 -0.104534 0.594303 -0.271212
delta matrix:
 -0.0195703 0.286581 -0.107213
weights_delta matrix:
 -0.000958928 0.0140422 -0.00525337
 -0.000664968 0.0097376 -0.00364295
 -0.00104993 0.0153748 -0.00575191
 -0.000979467 0.014343 -0.00536589
 -0.00195703 0.0286581 -0.0107213
weights matrix:
 -0.901475 -0.0214996 0.131064
 1.6817 -1.83985 -0.412047
 -2.11367 0.745661 1.71978
 -1.75141 -0.558287 2.10941
 0.803202 0.378445 -2.41714
regression_error on 'test' 0.0843782
classification_error on 'test' 0.157895
Save,2369,0.0843782,0.157895
sample_count 75 Sample index 23
 i 0:0.975 i 1:0.763262 i 2:0.899395 i 3:0.792495 bias 1
 test_print 4.43015
net matrix:
 -2.08116 -0.818599 0.614609
outputs matrix:
 0.0153325 0.162847 0.773682
error matrix:
 -0.0153325 -0.162847 0.226318
delta matrix:
 -0.000462965 -0.044401 0.079256
weights_delta matrix:
 -4.51391e-05 -0.0043291 0.00772746
 -3.53364e-05 -0.00338896 0.00604931
 -4.16389e-05 -0.00399341 0.00712824
 -3.66898e-05 -0.00351876 0.006281
 -4.62965e-05 -0.0044401 0.0079256
weights matrix:
 -0.90152 -0.0258287 0.138791
 1.68167 -1.84324 -0.405998
 -2.11371 0.741668 1.72691
 -1.75145 -0.561805 2.11569
 0.803156 0.374005 -2.40922
regression_error on 'test' 0.0841846
classification_error on 'test' 0.157895
Save,2370,0.0841846,0.157895
sample_count 75 Sample index 39
 i 0:0.397609 i 1:0.622103 i 2:0.18871 i 3:0.135476 bias 1
 test_print 2.3439
net matrix:
 0.854716 -0.719099 -1.99409
outputs matrix:
 0.846763 0.191824 0.0181961
error matrix:
 0.153237 -0.191824 -0.0181961
delta matrix:
 0.0397668 -0.0594763 -0.000650144
weights_delta matrix:
 0.00158116 -0.00236483 -2.58503e-05
 0.00247391 -0.00370004 -4.04456e-05
 0.00075044 -0.00112238 -1.22689e-05
 0.000538745 -0.000805761 -8.80789e-06
 0.00397668 -0.00594763 -6.50144e-05
weights matrix:
 -0.899939 -0.0281936 0.138765
 1.68414 -1.84694 -0.406038
 -2.11296 0.740545 1.7269
 -1.75091 -0.562611 2.11569
 0.807132 0.368057 -2.40928
regression_error on 'test' 0.0841572
classification_error on 'test' 0.157895
Save,2371,0.0841572,0.157895
sample_count 75 Sample index 19
 i 0:0.674757 i 1:0.480944 i 2:0.596976 i 3:0.573489 bias 1
 test_print 3.32617
net matrix:
 -1.25564 -0.419803 -0.266691
outputs matrix:
 0.0750708 0.301618 0.369729
error matrix:
 -0.0750708 0.698382 -0.369729
delta matrix:
 -0.0104251 0.294221 -0.172315
weights_delta matrix:
 -0.000703441 0.0198527 -0.0116271
 -0.000501389 0.0141504 -0.0082874
 -0.000622354 0.0175643 -0.0102868
 -0.000597868 0.0168732 -0.00988209
 -0.00104251 0.0294221 -0.0172315
weights matrix:
 -0.900642 -0.00834082 0.127138
 1.68364 -1.83279 -0.414326
 -2.11358 0.758109 1.71661
 -1.75151 -0.545738 2.1058
 0.80609 0.397479 -2.42651
regression_error on 'test' 0.0848492
classification_error on 'test' 0.157895
Save,2372,0.0848492,0.157895
sample_count 75 Sample index 6
 i 0:0.305227 i 1:0.657392 i 2:0.128226 i 3:0.171977 bias 1
 test_print 2.26282
net matrix:
 1.06577 -0.806571 -2.07782
outputs matrix:
 0.89393 0.166153 0.0154339
error matrix:
 0.10607 -0.166153 -0.0154339
delta matrix:
 0.0201148 -0.0460397 -0.000469057
weights_delta matrix:
 0.000613958 -0.00140525 -1.43169e-05
 0.00132233 -0.00302661 -3.08355e-05
 0.000257924 -0.000590348 -6.01454e-06
 0.000345929 -0.000791776 -8.06671e-06
 0.00201148 -0.00460397 -4.69057e-05
weights matrix:
 -0.900028 -0.00974608 0.127124
 1.68496 -1.83581 -0.414357
 -2.11332 0.757519 1.71661
 -1.75116 -0.54653 2.1058
 0.808101 0.392875 -2.42656
regression_error on 'test' 0.0847848
classification_error on 'test' 0.157895
Save,2373,0.0847848,0.157895
sample_count 75 Sample index 68
 i 0:0.305227 i 1:0.657392 i 2:0.173589 i 3:0.281481 bias 1
 test_print 2.41769
net matrix:
 0.781301 -0.839289 -1.76943
outputs matrix:
 0.826726 0.157284 0.0282267
error matrix:
 0.173274 -0.157284 -0.0282267
delta matrix:
 0.0496429 -0.0416946 -0.00154851
weights_delta matrix:
 0.00151523 -0.00127263 -4.72647e-05
 0.00326348 -0.00274097 -0.000101798
 0.000861745 -0.000723772 -2.68804e-05
 0.00139735 -0.00117362 -4.35876e-05
 0.00496429 -0.00416946 -0.000154851
weights matrix:
 -0.898513 -0.0110187 0.127077
 1.68823 -1.83855 -0.414458
 -2.11246 0.756795 1.71658
 -1.74976 -0.547703 2.10575
 0.813066 0.388706 -2.42671
regression_error on 'test' 0.0847244
classification_error on 'test' 0.157895
Save,2374,0.0847244,0.157895
sample_count 75 Sample index 72
 i 0:0.905713 i 1:0.480944 i 2:0.929637 i 3:0.828996 bias 1
 test_print 4.14529
net matrix:
 -2.60316 -0.256014 0.830504
outputs matrix:
 0.00545196 0.374718 0.840373
error matrix:
 -0.00545196 -0.374718 0.159627
delta matrix:
 -5.91236e-05 -0.175596 0.0428266
weights_delta matrix:
 -5.3549e-06 -0.015904 0.00387886
 -2.84351e-06 -0.00844519 0.00205972
 -5.49634e-06 -0.0163241 0.00398132
 -4.90132e-06 -0.0145569 0.0035503
 -5.91236e-06 -0.0175596 0.00428266
weights matrix:
 -0.898519 -0.0269227 0.130955
 1.68822 -1.847 -0.412399
 -2.11247 0.740471 1.72056
 -1.74977 -0.56226 2.1093
 0.81306 0.371146 -2.42243
regression_error on 'test' 0.0842942
classification_error on 'test' 0.157895
Save,2375,0.0842942,0.157895
sample_count 75 Sample index 22
 i 0:0.305227 i 1:0.233915 i 2:0.430645 i 3:0.427485 bias 1
 test_print 2.39727
net matrix:
 -0.724015 0.00941042 -0.836281
outputs matrix:
 0.190305 0.504705 0.158083
error matrix:
 -0.190305 0.495295 -0.158083
delta matrix:
 -0.0586478 0.247626 -0.0420793
weights_delta matrix:
 -0.00179009 0.0075582 -0.00128437
 -0.00137186 0.00579233 -0.000984298
 -0.00252564 0.0106639 -0.00181212
 -0.00250711 0.0105856 -0.00179883
 -0.00586478 0.0247626 -0.00420793
weights matrix:
 -0.900309 -0.0193645 0.129671
 1.68685 -1.84121 -0.413383
 -2.11499 0.751135 1.71875
 -1.75228 -0.551674 2.1075
 0.807195 0.395909 -2.42664
regression_error on 'test' 0.0845782
classification_error on 'test' 0.157895
Save,2376,0.0845782,0.157895
sample_count 75 Sample index 50
 i 0:0.489992 i 1:0.833841 i 2:0.113105 i 3:0.135476 bias 1
 test_print 2.57241
net matrix:
 1.29601 -1.13864 -2.22788
outputs matrix:
 0.930346 0.093023 0.0114781
error matrix:
 0.0696539 -0.093023 -0.0114781
delta matrix:
 0.00902746 -0.0156966 -0.000260471
weights_delta matrix:
 0.000442338 -0.000769123 -1.27629e-05
 0.000752747 -0.00130885 -2.17192e-05
 0.000102105 -0.000177537 -2.94606e-06
 0.0001223 -0.000212652 -3.52876e-06
 0.000902746 -0.00156966 -2.60471e-05
weights matrix:
 -0.899866 -0.0201336 0.129658
 1.6876 -1.84252 -0.413405
 -2.11489 0.750958 1.71875
 -1.75215 -0.551887 2.1075
 0.808098 0.394339 -2.42667
regression_error on 'test' 0.0845587
classification_error on 'test' 0.157895
Save,2377,0.0845587,0.157895
sample_count 75 Sample index 58
 i 0:0.282131 i 1:0.516233 i 2:0.158468 i 3:0.0989754 bias 1
 test_print 2.05581
net matrix:
 0.916852 -0.498129 -2.12254
outputs matrix:
 0.862202 0.269678 0.014132
error matrix:
 0.137798 -0.269678 -0.014132
delta matrix:
 0.0327433 -0.106227 -0.00039378
weights_delta matrix:
 0.000923791 -0.00299699 -1.11097e-05
 0.00169032 -0.00548378 -2.03282e-05
 0.000518877 -0.00168336 -6.24015e-06
 0.000324079 -0.00105139 -3.89745e-06
 0.00327433 -0.0106227 -3.9378e-05
weights matrix:
 -0.898943 -0.0231306 0.129647
 1.68929 -1.848 -0.413425
 -2.11437 0.749274 1.71874
 -1.75183 -0.552939 2.1075
 0.811372 0.383717 -2.42671
regression_error on 'test' 0.0844727
classification_error on 'test' 0.157895
Save,2378,0.0844727,0.157895
sample_count 75 Sample index 22
 i 0:0.305227 i 1:0.233915 i 2:0.430645 i 3:0.427485 bias 1
 test_print 2.39727
net matrix:
 -0.727283 0.0306799 -0.842751
outputs matrix:
 0.1893 0.515335 0.156368
error matrix:
 -0.1893 0.484665 -0.156368
delta matrix:
 -0.058102 0.242104 -0.0412554
weights_delta matrix:
 -0.00177343 0.00738968 -0.00125923
 -0.00135909 0.00566319 -0.000965025
 -0.00250213 0.0104261 -0.00177664
 -0.00248377 0.0103496 -0.00176361
 -0.0058102 0.0242104 -0.00412554
weights matrix:
 -0.900716 -0.0157409 0.128388
 1.68794 -1.84234 -0.41439
 -2.11687 0.7597 1.71696
 -1.75431 -0.542589 2.10573
 0.805562 0.407927 -2.43083
regression_error on 'test' 0.0848745
classification_error on 'test' 0.157895
Save,2379,0.0848745,0.157895
sample_count 75 Sample index 64
 i 0:0.282131 i 1:0.516233 i 2:0.158468 i 3:0.0989754 bias 1
 test_print 2.05581
net matrix:
 0.913719 -0.480904 -2.12803
outputs matrix:
 0.861456 0.276516 0.0139798
error matrix:
 0.138544 -0.276516 -0.0139798
delta matrix:
 0.0330702 -0.110637 -0.000385406
weights_delta matrix:
 0.000933013 -0.00312141 -1.08735e-05
 0.00170719 -0.00571145 -1.98959e-05
 0.000524057 -0.00175324 -6.10745e-06
 0.000327314 -0.00109503 -3.81457e-06
 0.00330702 -0.0110637 -3.85406e-05
weights matrix:
 -0.899783 -0.0188623 0.128377
 1.68964 -1.84805 -0.41441
 -2.11635 0.757947 1.71696
 -1.75399 -0.543684 2.10573
 0.808869 0.396863 -2.43087
regression_error on 'test' 0.0847348
classification_error on 'test' 0.157895
Save,2380,0.0847348,0.157895
sample_count 75 Sample index 18
 i 0:0.513088 i 1:0.480944 i 2:0.566734 i 3:0.60999 bias 1
 test_print 3.17076
net matrix:
 -1.1095 -0.40371 -0.306778
outputs matrix:
 0.0980578 0.308441 0.351248
error matrix:
 -0.0980578 0.691559 -0.351248
delta matrix:
 -0.0173449 0.295026 -0.16008
weights_delta matrix:
 -0.000889948 0.0151374 -0.00821352
 -0.000834194 0.0141891 -0.00769896
 -0.000982996 0.0167201 -0.00907228
 -0.00105802 0.0179963 -0.00976473
 -0.00173449 0.0295026 -0.016008
weights matrix:
 -0.900673 -0.00372489 0.120164
 1.68881 -1.83386 -0.422109
 -2.11733 0.774667 1.70788
 -1.75504 -0.525688 2.09596
 0.807134 0.426366 -2.44688
regression_error on 'test' 0.0859567
classification_error on 'test' 0.131579
Save,2381,0.0859567,0.131579
sample_count 75 Sample index 41
 i 0:0.674757 i 1:0.445654 i 2:0.627218 i 3:0.536988 bias 1
 test_print 3.28462
net matrix:
 -1.31844 -0.189817 -0.357188
outputs matrix:
 0.0668018 0.406215 0.328633
error matrix:
 -0.0668018 0.593785 -0.328633
delta matrix:
 -0.00832876 0.286447 -0.145015
weights_delta matrix:
 -0.000561989 0.0193282 -0.00978496
 -0.000371175 0.0127656 -0.00646263
 -0.000522395 0.0179665 -0.00909558
 -0.000447245 0.0153819 -0.00778711
 -0.000832876 0.0286447 -0.0145015
weights matrix:
 -0.901235 0.0156033 0.110379
 1.68844 -1.82109 -0.428572
 -2.11785 0.792634 1.69879
 -1.75549 -0.510306 2.08818
 0.806301 0.455011 -2.46138
regression_error on 'test' 0.0878238
classification_error on 'test' 0.0789474
Save,2382,0.0878238,0.0789474
sample_count 75 Sample index 38
 i 0:0.397609 i 1:0.798551 i 2:0.128226 i 3:0.208478 bias 1
 test_print 2.53286
net matrix:
 1.15872 -0.997773 -2.10656
outputs matrix:
 0.910311 0.119671 0.0145843
error matrix:
 0.0896889 -0.119671 -0.0145843
delta matrix:
 0.0146453 -0.0252148 -0.000419198
weights_delta matrix:
 0.000582308 -0.00100256 -1.66677e-05
 0.0011695 -0.00201353 -3.34751e-05
 0.00018779 -0.000323319 -5.3752e-06
 0.000305321 -0.000525673 -8.73935e-06
 0.00146453 -0.00252148 -4.19198e-05
weights matrix:
 -0.900653 0.0146008 0.110362
 1.68961 -1.82311 -0.428605
 -2.11767 0.79231 1.69878
 -1.75519 -0.510831 2.08817
 0.807766 0.452489 -2.46142
regression_error on 'test' 0.087719
classification_error on 'test' 0.0789474
Save,2383,0.087719,0.0789474
sample_count 75 Sample index 26
 i 0:0.489992 i 1:0.339785 i 2:0.536492 i 3:0.500487 bias 1
 test_print 2.86676
net matrix:
 -1.074 0.00958267 -0.596494
outputs matrix:
 0.104518 0.504791 0.232725
error matrix:
 -0.104518 0.495209 -0.232725
delta matrix:
 -0.0195644 0.247582 -0.0831127
weights_delta matrix:
 -0.000958641 0.0121313 -0.00407246
 -0.000664769 0.00841245 -0.00282405
 -0.00104962 0.0132826 -0.00445893
 -0.000979173 0.0123911 -0.00415968
 -0.00195644 0.0247582 -0.00831127
weights matrix:
 -0.901611 0.0267321 0.106289
 1.68894 -1.81469 -0.431429
 -2.11872 0.805593 1.69432
 -1.75617 -0.49844 2.08401
 0.80581 0.477247 -2.46973
regression_error on 'test' 0.0894272
classification_error on 'test' 0.0789474
Save,2384,0.0894272,0.0789474
sample_count 75 Sample index 13
 i 0:0.420705 i 1:0.269205 i 2:0.491129 i 3:0.427485 bias 1
 test_print 2.60852
net matrix:
 -0.910129 0.182543 -0.818145
outputs matrix:
 0.139403 0.590271 0.162971
error matrix:
 -0.139403 0.409729 -0.162971
delta matrix:
 -0.0334483 0.198187 -0.044462
weights_delta matrix:
 -0.00140719 0.00833782 -0.00187054
 -0.000900445 0.00533529 -0.00119694
 -0.00164274 0.00973353 -0.00218366
 -0.00142986 0.00847219 -0.00190069
 -0.00334483 0.0198187 -0.0044462
weights matrix:
 -0.903018 0.0350699 0.104419
 1.68804 -1.80936 -0.432626
 -2.12036 0.815326 1.69214
 -1.7576 -0.489968 2.08211
 0.802465 0.497066 -2.47418
regression_error on 'test' 0.0908486
classification_error on 'test' 0.0789474
Save,2385,0.0908486,0.0789474
sample_count 75 Sample index 3
 i 0:0.744044 i 1:0.516233 i 2:0.672581 i 3:0.60999 bias 1
 test_print 3.54285
net matrix:
 -1.49623 -0.161394 -0.211656
outputs matrix:
 0.0477679 0.419996 0.395725
error matrix:
 -0.0477679 0.580004 -0.395725
delta matrix:
 -0.00434556 0.282577 -0.189257
weights_delta matrix:
 -0.000323329 0.021025 -0.0140815
 -0.000224332 0.0145876 -0.00977005
 -0.000292274 0.0190056 -0.012729
 -0.000265075 0.0172369 -0.0115445
 -0.000434556 0.0282577 -0.0189257
weights matrix:
 -0.903342 0.0560949 0.0903374
 1.68782 -1.79477 -0.442396
 -2.12065 0.834332 1.67941
 -1.75786 -0.472731 2.07056
 0.80203 0.525324 -2.4931
regression_error on 'test' 0.0947541
classification_error on 'test' 0.0789474
Save,2386,0.0947541,0.0789474
sample_count 75 Sample index 58
 i 0:0.282131 i 1:0.516233 i 2:0.158468 i 3:0.0989754 bias 1
 test_print 2.05581
net matrix:
 0.908436 -0.299944 -2.22493
outputs matrix:
 0.86019 0.354369 0.0115454
error matrix:
 0.13981 -0.354369 -0.0115454
delta matrix:
 0.0336278 -0.162153 -0.000263514
weights_delta matrix:
 0.000948746 -0.00457485 -7.43453e-06
 0.00173598 -0.00837089 -1.36034e-05
 0.000532894 -0.00256961 -4.17585e-06
 0.000332833 -0.00160492 -2.60814e-06
 0.00336278 -0.0162153 -2.63514e-05
weights matrix:
 -0.902393 0.05152 0.09033
 1.68955 -1.80314 -0.44241
 -2.12012 0.831762 1.67941
 -1.75753 -0.474336 2.07056
 0.805393 0.509108 -2.49313
regression_error on 'test' 0.0937087
classification_error on 'test' 0.105263
Save,2387,0.0937087,0.105263
sample_count 75 Sample index 1
 i 0:0.582374 i 1:0.445654 i 2:0.581855 i 3:0.536988 bias 1
 test_print 3.14687
net matrix:
 -1.14455 -0.0352131 -0.548649
outputs matrix:
 0.092029 0.482401 0.250247
error matrix:
 -0.092029 0.517599 -0.250247
delta matrix:
 -0.0153798 0.258479 -0.0939042
weights_delta matrix:
 -0.000895682 0.0150531 -0.00546874
 -0.000685409 0.0115192 -0.00418488
 -0.000894883 0.0150397 -0.00546386
 -0.000825879 0.01388 -0.00504254
 -0.00153798 0.0258479 -0.00939042
weights matrix:
 -0.903289 0.0665732 0.0848612
 1.68887 -1.79162 -0.446595
 -2.12101 0.846802 1.67394
 -1.75835 -0.460456 2.06552
 0.803855 0.534956 -2.50252
regression_error on 'test' 0.0968899
classification_error on 'test' 0.0789474
Save,2388,0.0968899,0.0789474
sample_count 75 Sample index 43
 i 0:0.582374 i 1:0.198626 i 2:0.612097 i 3:0.60999 bias 1
 test_print 3.00309
net matrix:
 -1.75759 0.455315 -0.257244
outputs matrix:
 0.0288835 0.713129 0.374142
error matrix:
 -0.0288835 0.286871 -0.374142
delta matrix:
 -0.00162032 0.117374 -0.175218
weights_delta matrix:
 -9.43633e-05 0.00683554 -0.0102042
 -3.21838e-05 0.00233135 -0.00348028
 -9.91794e-05 0.00718441 -0.010725
 -9.8838e-05 0.00715968 -0.0106881
 -0.000162032 0.0117374 -0.0175218
weights matrix:
 -0.903383 0.0734087 0.074657
 1.68884 -1.78929 -0.450075
 -2.12111 0.853987 1.66322
 -1.75845 -0.453296 2.05483
 0.803693 0.546694 -2.52004
regression_error on 'test' 0.09942
classification_error on 'test' 0.105263
Save,2389,0.09942,0.105263
sample_count 75 Sample index 28
 i 0:0.305227 i 1:0.551523 i 2:0.113105 i 3:0.135476 bias 1
 test_print 2.10533
net matrix:
 0.981251 -0.382556 -2.27898
outputs matrix:
 0.876803 0.317537 0.0103746
error matrix:
 0.123197 -0.317537 -0.0103746
delta matrix:
 0.0266152 -0.137625 -0.000213031
weights_delta matrix:
 0.000812367 -0.0042007 -6.50228e-06
 0.00146789 -0.00759035 -1.17491e-05
 0.000301031 -0.00155661 -2.40949e-06
 0.000360572 -0.00186449 -2.88606e-06
 0.00266152 -0.0137625 -2.13031e-05
weights matrix:
 -0.902571 0.069208 0.0746505
 1.6903 -1.79688 -0.450087
 -2.12081 0.85243 1.66322
 -1.75809 -0.455161 2.05483
 0.806354 0.532931 -2.52006
regression_error on 'test' 0.0983479
classification_error on 'test' 0.105263
Save,2390,0.0983479,0.105263
sample_count 75 Sample index 56
 i 0:0.328323 i 1:0.727972 i 2:0.158468 i 3:0.208478 bias 1
 test_print 2.42324
net matrix:
 1.03791 -0.712235 -2.13125
outputs matrix:
 0.88853 0.193962 0.0138913
error matrix:
 0.11147 -0.193962 -0.0138913
delta matrix:
 0.0220808 -0.0606483 -0.000380575
weights_delta matrix:
 0.000724963 -0.00199122 -1.24951e-05
 0.00160742 -0.00441503 -2.77048e-05
 0.00034991 -0.000961081 -6.03089e-06
 0.000460336 -0.00126438 -7.93415e-06
 0.00220808 -0.00606483 -3.80575e-05
weights matrix:
 -0.901846 0.0672168 0.074638
 1.69191 -1.8013 -0.450114
 -2.12046 0.851469 1.66321
 -1.75763 -0.456425 2.05482
 0.808563 0.526866 -2.5201
regression_error on 'test' 0.0978448
classification_error on 'test' 0.105263
Save,2391,0.0978448,0.105263
sample_count 75 Sample index 46
 i 0:0.928809 i 1:0.480944 i 2:0.854032 i 3:0.901998 bias 1
 test_print 4.16578
net matrix:
 -2.61169 0.0384616 0.60662
outputs matrix:
 0.00536022 0.519221 0.770872
error matrix:
 -0.00536022 -0.519221 0.229128
delta matrix:
 -5.71559e-05 -0.259227 0.0809412
weights_delta matrix:
 -5.30869e-06 -0.0240772 0.00751789
 -2.74888e-06 -0.0124674 0.00389282
 -4.8813e-06 -0.0221388 0.00691264
 -5.15545e-06 -0.0233822 0.00730088
 -5.71559e-06 -0.0259227 0.00809412
weights matrix:
 -0.901851 0.0431395 0.0821559
 1.69191 -1.81376 -0.446221
 -2.12047 0.82933 1.67012
 -1.75764 -0.479808 2.06212
 0.808557 0.500944 -2.51201
regression_error on 'test' 0.0938418
classification_error on 'test' 0.0789474
Save,2392,0.0938418,0.0789474
sample_count 75 Sample index 8
 i 0:0.489992 i 1:0.375074 i 2:0.702823 i 3:0.755994 bias 1
 test_print 3.32388
net matrix:
 -1.81783 0.0619262 0.0936326
outputs matrix:
 0.0256893 0.530924 0.54668
error matrix:
 -0.0256893 -0.530924 0.45332
delta matrix:
 -0.00128597 -0.264446 0.224684
weights_delta matrix:
 -6.30117e-05 -0.0129577 0.0110094
 -4.82335e-05 -0.0099187 0.00842733
 -9.03812e-05 -0.0185859 0.0157913
 -9.72189e-05 -0.019992 0.016986
 -0.000128597 -0.0264446 0.0224684
weights matrix:
 -0.901914 0.0301819 0.0931652
 1.69186 -1.82368 -0.437794
 -2.12056 0.810744 1.68591
 -1.75773 -0.4998 2.07911
 0.808428 0.474499 -2.48954
regression_error on 'test' 0.0901799
classification_error on 'test' 0.0789474
Save,2393,0.0901799,0.0789474
sample_count 75 Sample index 51
 i 0:0.628566 i 1:0.516233 i 2:0.763306 i 3:0.719493 bias 1
 test_print 3.6276
net matrix:
 -1.7684 -0.188732 0.125788
outputs matrix:
 0.028283 0.406739 0.562564
error matrix:
 -0.028283 -0.406739 0.437436
delta matrix:
 -0.00155461 -0.196294 0.215293
weights_delta matrix:
 -9.77175e-05 -0.0123384 0.0135326
 -8.02541e-05 -0.0101333 0.0111142
 -0.000118664 -0.0149832 0.0164335
 -0.000111853 -0.0141232 0.0154902
 -0.000155461 -0.0196294 0.0215293
weights matrix:
 -0.902012 0.0178435 0.106698
 1.69178 -1.83382 -0.42668
 -2.12068 0.795761 1.70235
 -1.75785 -0.513923 2.0946
 0.808273 0.45487 -2.46801
regression_error on 'test' 0.0876728
classification_error on 'test' 0.0789474
Save,2394,0.0876728,0.0789474
sample_count 75 Sample index 41
 i 0:0.674757 i 1:0.445654 i 2:0.627218 i 3:0.536988 bias 1
 test_print 3.28462
net matrix:
 -1.32049 -0.127193 -0.393651
outputs matrix:
 0.0665477 0.436744 0.312748
error matrix:
 -0.0665477 0.563256 -0.312748
delta matrix:
 -0.00826776 0.27712 -0.134442
weights_delta matrix:
 -0.000557873 0.0186989 -0.00907159
 -0.000368456 0.01235 -0.00599148
 -0.000518569 0.0173815 -0.00843246
 -0.000443969 0.014881 -0.00721939
 -0.000826776 0.027712 -0.0134442
weights matrix:
 -0.90257 0.0365424 0.0976263
 1.69141 -1.82147 -0.432671
 -2.12119 0.813142 1.69391
 -1.75829 -0.499042 2.08738
 0.807446 0.482582 -2.48145
regression_error on 'test' 0.0900678
classification_error on 'test' 0.0789474
Save,2395,0.0900678,0.0789474
sample_count 75 Sample index 11
 i 0:0.536183 i 1:0.198626 i 2:0.536492 i 3:0.427485 bias 1
 test_print 2.69879
net matrix:
 -1.23018 0.363296 -0.713955
outputs matrix:
 0.0786836 0.674057 0.193425
error matrix:
 -0.0786836 0.325943 -0.193425
delta matrix:
 -0.0114079 0.143222 -0.060353
weights_delta matrix:
 -0.000611674 0.00767933 -0.00323602
 -0.000226591 0.00284476 -0.00119877
 -0.000612027 0.00768375 -0.00323789
 -0.000487672 0.00612253 -0.00258
 -0.00114079 0.0143222 -0.0060353
weights matrix:
 -0.903181 0.0442217 0.0943902
 1.69118 -1.81862 -0.43387
 -2.12181 0.820826 1.69068
 -1.75878 -0.492919 2.0848
 0.806305 0.496904 -2.48749
regression_error on 'test' 0.0912951
classification_error on 'test' 0.0789474
Save,2396,0.0912951,0.0789474
sample_count 75 Sample index 24
 i 0:0.466896 i 1:0.445654 i 2:0.566734 i 3:0.536988 bias 1
 test_print 3.01627
net matrix:
 -1.00865 -0.0924271 -0.5591
outputs matrix:
 0.117399 0.453918 0.246345
error matrix:
 -0.117399 0.546082 -0.246345
delta matrix:
 -0.0243291 0.270722 -0.0914726
weights_delta matrix:
 -0.00113592 0.0126399 -0.00427082
 -0.00108424 0.0120648 -0.00407651
 -0.00137881 0.0153427 -0.00518406
 -0.00130644 0.0145374 -0.00491197
 -0.00243291 0.0270722 -0.00914726
weights matrix:
 -0.904317 0.0568616 0.0901194
 1.6901 -1.80656 -0.437947
 -2.12319 0.836169 1.68549
 -1.76008 -0.478382 2.07988
 0.803872 0.523976 -2.49664
regression_error on 'test' 0.0940727
classification_error on 'test' 0.105263
Save,2397,0.0940727,0.105263
sample_count 75 Sample index 38
 i 0:0.397609 i 1:0.798551 i 2:0.128226 i 3:0.208478 bias 1
 test_print 2.53286
net matrix:
 1.15475 -0.888557 -2.16079
outputs matrix:
 0.909661 0.14466 0.0131048
error matrix:
 0.0903388 -0.14466 -0.0131048
delta matrix:
 0.0148477 -0.0357985 -0.00033897
weights_delta matrix:
 0.000590357 -0.00142338 -1.34777e-05
 0.00118566 -0.00285869 -2.70685e-05
 0.000190386 -0.00045903 -4.34647e-06
 0.000309541 -0.00074632 -7.06677e-06
 0.00148477 -0.00357985 -3.3897e-05
weights matrix:
 -0.903727 0.0554382 0.0901059
 1.69129 -1.80942 -0.437974
 -2.12299 0.83571 1.68549
 -1.75977 -0.479128 2.07988
 0.805357 0.520396 -2.49667
regression_error on 'test' 0.0938015
classification_error on 'test' 0.105263
Save,2398,0.0938015,0.105263
sample_count 75 Sample index 9
 i 0:0.351418 i 1:0.375074 i 2:0.521371 i 3:0.573489 bias 1
 test_print 2.82135
net matrix:
 -0.993951 0.0221535 -0.557727
outputs matrix:
 0.120479 0.511075 0.246856
error matrix:
 -0.120479 0.488925 -0.246856
delta matrix:
 -0.0255329 0.244343 -0.0917898
weights_delta matrix:
 -0.000897271 0.00858664 -0.00322566
 -0.000957672 0.00916466 -0.0034428
 -0.00133121 0.0127393 -0.00478565
 -0.00146428 0.0140128 -0.00526404
 -0.00255329 0.0244343 -0.00917898
weights matrix:
 -0.904624 0.0640249 0.0868803
 1.69033 -1.80025 -0.441417
 -2.12433 0.848449 1.6807
 -1.76124 -0.465115 2.07461
 0.802804 0.54483 -2.50585
regression_error on 'test' 0.0965938
classification_error on 'test' 0.0789474
Save,2399,0.0965938,0.0789474
sample_count 75 Sample index 27
 i 0:0.328323 i 1:0.622103 i 2:0.158468 i 3:0.135476 bias 1
 test_print 2.24437
net matrix:
 0.98211 -0.48265 -2.20453
outputs matrix:
 0.876989 0.275818 0.0120203
error matrix:
 0.123011 -0.275818 -0.0120203
delta matrix:
 0.0265407 -0.110185 -0.000285501
weights_delta matrix:
 0.000871393 -0.00361763 -9.37364e-06
 0.00165111 -0.00685465 -1.77611e-05
 0.000420586 -0.00174608 -4.52427e-06
 0.000359563 -0.00149274 -3.86785e-06
 0.00265407 -0.0110185 -2.85501e-05
weights matrix:
 -0.903753 0.0604072 0.0868709
 1.69198 -1.80711 -0.441434
 -2.12391 0.846703 1.6807
 -1.76088 -0.466608 2.07461
 0.805458 0.533812 -2.50588
regression_error on 'test' 0.0957429
classification_error on 'test' 0.0789474
Save,2400,0.0957429,0.0789474
sample_count 75 Sample index 38
 i 0:0.397609 i 1:0.798551 i 2:0.128226 i 3:0.208478 bias 1
 test_print 2.53286
net matrix:
 1.1578 -0.873944 -2.17583
outputs matrix:
 0.910162 0.148314 0.0127216
error matrix:
 0.0898384 -0.148314 -0.0127216
delta matrix:
 0.0146917 -0.037469 -0.00031956
weights_delta matrix:
 0.000584156 -0.0014898 -1.2706e-05
 0.00117321 -0.00299209 -2.55185e-05
 0.000188386 -0.00048045 -4.09759e-06
 0.00030629 -0.000781147 -6.66212e-06
 0.00146917 -0.0037469 -3.1956e-05
weights matrix:
 -0.903169 0.0589174 0.0868582
 1.69315 -1.8101 -0.44146
 -2.12372 0.846223 1.68069
 -1.76057 -0.467389 2.0746
 0.806927 0.530065 -2.50591
regression_error on 'test' 0.0954373
classification_error on 'test' 0.0789474
Save,2401,0.0954373,0.0789474
sample_count 75 Sample index 25
 i 0:0.628566 i 1:0.410364 i 2:0.778427 i 3:0.865497 bias 1
 test_print 3.68285
net matrix:
 -2.24289 0.078498 0.471387
outputs matrix:
 0.0111424 0.539169 0.71966
error matrix:
 -0.0111424 -0.539169 0.28034
delta matrix:
 -0.000245542 -0.26793 0.113117
weights_delta matrix:
 -1.54339e-05 -0.0168412 0.00711015
 -1.00761e-05 -0.0109949 0.00464192
 -1.91136e-05 -0.0208564 0.00880534
 -2.12515e-05 -0.0231893 0.00979025
 -2.45542e-05 -0.026793 0.0113117
weights matrix:
 -0.903184 0.0420763 0.0939683
 1.69314 -1.82109 -0.436818
 -2.12374 0.825366 1.6895
 -1.76059 -0.490578 2.08439
 0.806902 0.503272 -2.4946
regression_error on 'test' 0.091776
classification_error on 'test' 0.105263
Save,2402,0.091776,0.105263
sample_count 75 Sample index 46
 i 0:0.928809 i 1:0.480944 i 2:0.854032 i 3:0.901998 bias 1
 test_print 4.16578
net matrix:
 -2.61947 -0.0711025 0.705601
outputs matrix:
 0.00527791 0.464509 0.803955
error matrix:
 -0.00527791 -0.464509 0.196045
delta matrix:
 -5.54185e-05 -0.231084 0.0617976
weights_delta matrix:
 -5.14732e-06 -0.0214633 0.00573982
 -2.66532e-06 -0.0111138 0.00297212
 -4.73292e-06 -0.0197353 0.00527772
 -4.99874e-06 -0.0208437 0.00557414
 -5.54185e-06 -0.0231084 0.00617976
weights matrix:
 -0.903189 0.020613 0.0997082
 1.69314 -1.83221 -0.433846
 -2.12374 0.805631 1.69478
 -1.7606 -0.511422 2.08997
 0.806897 0.480164 -2.48842
regression_error on 'test' 0.0891711
classification_error on 'test' 0.0789474
Save,2403,0.0891711,0.0789474
sample_count 75 Sample index 22
 i 0:0.305227 i 1:0.233915 i 2:0.430645 i 3:0.427485 bias 1
 test_print 2.39727
net matrix:
 -0.739938 0.18619 -0.936191
outputs matrix:
 0.185446 0.592034 0.133266
error matrix:
 -0.185446 0.407966 -0.133266
delta matrix:
 -0.0560255 0.197072 -0.0307862
weights_delta matrix:
 -0.00171005 0.00601516 -0.000939679
 -0.00131052 0.00460981 -0.000720136
 -0.00241271 0.0084868 -0.00132579
 -0.002395 0.00842452 -0.00131607
 -0.00560255 0.0197072 -0.00307862
weights matrix:
 -0.904899 0.0266281 0.0987685
 1.69183 -1.8276 -0.434566
 -2.12615 0.814118 1.69345
 -1.76299 -0.502998 2.08865
 0.801294 0.499871 -2.4915
regression_error on 'test' 0.0903694
classification_error on 'test' 0.0789474
Save,2404,0.0903694,0.0789474
sample_count 75 Sample index 18
 i 0:0.513088 i 1:0.480944 i 2:0.566734 i 3:0.60999 bias 1
 test_print 3.17076
net matrix:
 -1.1297 -0.210874 -0.416029
outputs matrix:
 0.0945425 0.396099 0.30321
error matrix:
 -0.0945425 0.603901 -0.30321
delta matrix:
 -0.0161865 0.288912 -0.128121
weights_delta matrix:
 -0.000830508 0.0148237 -0.00657371
 -0.000778478 0.013895 -0.00616188
 -0.000917342 0.0163736 -0.00726103
 -0.000987358 0.0176233 -0.00781523
 -0.00161865 0.0288912 -0.0128121
weights matrix:
 -0.90573 0.0414519 0.0921948
 1.69105 -1.8137 -0.440728
 -2.12707 0.830491 1.68619
 -1.76398 -0.485374 2.08084
 0.799676 0.528762 -2.50431
regression_error on 'test' 0.0934822
classification_error on 'test' 0.105263
Save,2405,0.0934822,0.105263
sample_count 75 Sample index 43
 i 0:0.582374 i 1:0.198626 i 2:0.612097 i 3:0.60999 bias 1
 test_print 3.00309
net matrix:
 -1.7699 0.404922 -0.236756
outputs matrix:
 0.028201 0.692076 0.383785
error matrix:
 -0.028201 0.307924 -0.383785
delta matrix:
 -0.00154574 0.131241 -0.181526
weights_delta matrix:
 -9.00197e-05 0.00764315 -0.0105716
 -3.07024e-05 0.00260679 -0.00360558
 -9.46141e-05 0.00803324 -0.0111111
 -9.42884e-05 0.00800559 -0.0110729
 -0.000154574 0.0131241 -0.0181526
weights matrix:
 -0.90582 0.049095 0.0816232
 1.69102 -1.8111 -0.444333
 -2.12717 0.838525 1.67508
 -1.76408 -0.477369 2.06976
 0.799521 0.541886 -2.52246
regression_error on 'test' 0.0958871
classification_error on 'test' 0.0789474
Save,2406,0.0958871,0.0789474
sample_count 75 Sample index 44
 i 0:0.536183 i 1:0.375074 i 2:0.702823 i 3:0.646491 bias 1
 test_print 3.26057
net matrix:
 -1.68739 0.169635 -0.129987
outputs matrix:
 0.0330933 0.584013 0.43537
error matrix:
 -0.0330933 0.415987 -0.43537
delta matrix:
 -0.00211784 0.202121 -0.214048
weights_delta matrix:
 -0.000113555 0.0108374 -0.0114769
 -7.94348e-05 0.00758104 -0.00802838
 -0.000148847 0.0142055 -0.0150438
 -0.000136917 0.0130669 -0.013838
 -0.000211784 0.0202121 -0.0214048
weights matrix:
 -0.905933 0.0599324 0.0701463
 1.69094 -1.80351 -0.452362
 -2.12731 0.85273 1.66004
 -1.76421 -0.464302 2.05593
 0.799309 0.562098 -2.54387
regression_error on 'test' 0.0998902
classification_error on 'test' 0.131579
Save,2407,0.0998902,0.131579
sample_count 75 Sample index 45
 i 0:0.697853 i 1:0.586813 i 2:0.793548 i 3:0.975 bias 1
 test_print 4.05321
net matrix:
 -2.24887 -0.230415 0.561478
outputs matrix:
 0.0110116 0.386789 0.754537
error matrix:
 -0.0110116 -0.386789 0.245463
delta matrix:
 -0.000239841 -0.18348 0.090925
weights_delta matrix:
 -1.67374e-05 -0.0128042 0.00634523
 -1.40742e-05 -0.0107668 0.0053356
 -1.90325e-05 -0.01456 0.00721534
 -2.33845e-05 -0.0178893 0.00886519
 -2.39841e-05 -0.018348 0.0090925
weights matrix:
 -0.90595 0.0471282 0.0764915
 1.69093 -1.81428 -0.447026
 -2.12733 0.83817 1.66725
 -1.76424 -0.482191 2.06479
 0.799285 0.54375 -2.53477
regression_error on 'test' 0.0964881
classification_error on 'test' 0.0789474
Save,2408,0.0964881,0.0789474
sample_count 75 Sample index 3
 i 0:0.744044 i 1:0.516233 i 2:0.672581 i 3:0.60999 bias 1
 test_print 3.54285
net matrix:
 -1.50884 -0.0881704 -0.327768
outputs matrix:
 0.0466336 0.456029 0.341743
error matrix:
 -0.0466336 0.543971 -0.341743
delta matrix:
 -0.00414655 0.269882 -0.153753
weights_delta matrix:
 -0.000308522 0.0200804 -0.0114399
 -0.000214059 0.0139322 -0.00793726
 -0.000278889 0.0181518 -0.0103412
 -0.000252935 0.0164625 -0.00937881
 -0.000414655 0.0269882 -0.0153753
weights matrix:
 -0.906259 0.0672086 0.0650516
 1.69071 -1.80035 -0.454963
 -2.12761 0.856322 1.65691
 -1.76449 -0.465728 2.05541
 0.798871 0.570738 -2.55015
regression_error on 'test' 0.101154
classification_error on 'test' 0.131579
Save,2409,0.101154,0.131579
sample_count 75 Sample index 66
 i 0:0.60547 i 1:0.304495 i 2:0.672581 i 3:0.60999 bias 1
 test_print 3.19254
net matrix:
 -1.74234 0.35509 -0.28111
outputs matrix:
 0.0297513 0.670441 0.363034
error matrix:
 -0.0297513 0.329559 -0.363034
delta matrix:
 -0.00171761 0.145632 -0.167896
weights_delta matrix:
 -0.000103996 0.00881758 -0.0101656
 -5.23003e-05 0.00443442 -0.00511235
 -0.000115523 0.00979493 -0.0112924
 -0.000104772 0.00888341 -0.0102415
 -0.000171761 0.0145632 -0.0167896
weights matrix:
 -0.906363 0.0760262 0.054886
 1.69066 -1.79591 -0.460076
 -2.12773 0.866117 1.64562
 -1.76459 -0.456845 2.04517
 0.798699 0.585302 -2.56694
regression_error on 'test' 0.104617
classification_error on 'test' 0.157895
Save,2410,0.104617,0.157895
sample_count 75 Sample index 34
 i 0:0.767139 i 1:0.551523 i 2:0.642339 i 3:0.573489 bias 1
 test_print 3.53449
net matrix:
 -1.34287 -0.0525187 -0.54865
outputs matrix:
 0.0638205 0.473765 0.250246
error matrix:
 -0.0638205 0.526235 -0.250246
delta matrix:
 -0.00762622 0.262393 -0.093904
weights_delta matrix:
 -0.000585037 0.0201292 -0.00720374
 -0.000420603 0.0144716 -0.00517902
 -0.000489862 0.0168545 -0.00603182
 -0.000437355 0.015048 -0.00538529
 -0.000762622 0.0262393 -0.0093904
weights matrix:
 -0.906948 0.0961554 0.0476823
 1.69024 -1.78144 -0.465255
 -2.12822 0.882971 1.63959
 -1.76503 -0.441797 2.03979
 0.797936 0.611541 -2.57633
regression_error on 'test' 0.109612
classification_error on 'test' 0.184211
Save,2411,0.109612,0.184211
sample_count 75 Sample index 21
 i 0:0.836426 i 1:0.445654 i 2:0.884274 i 3:0.719493 bias 1
 test_print 3.88585
net matrix:
 -2.35925 0.360979 0.173664
outputs matrix:
 0.00884953 0.673038 0.58597
error matrix:
 -0.00884953 -0.673038 0.41403
delta matrix:
 -0.000155242 -0.296215 0.200895
weights_delta matrix:
 -1.29849e-05 -0.0247762 0.0168034
 -6.91843e-06 -0.0132009 0.00895297
 -1.37277e-05 -0.0261935 0.0177646
 -1.11696e-05 -0.0213124 0.0144543
 -1.55242e-05 -0.0296215 0.0200895
weights matrix:
 -0.906961 0.0713793 0.0644856
 1.69023 -1.79464 -0.456302
 -2.12823 0.856778 1.65735
 -1.76504 -0.46311 2.05424
 0.797921 0.58192 -2.55624
regression_error on 'test' 0.10239
classification_error on 'test' 0.157895
Save,2412,0.10239,0.157895
sample_count 75 Sample index 32
 i 0:0.697853 i 1:0.516233 i 2:0.642339 i 3:0.60999 bias 1
 test_print 3.46642
net matrix:
 -1.40615 -0.0268729 -0.429151
outputs matrix:
 0.0566626 0.486567 0.297694
error matrix:
 -0.0566626 0.513433 -0.297694
delta matrix:
 -0.00605746 0.256531 -0.124479
weights_delta matrix:
 -0.000422722 0.0179021 -0.00868683
 -0.000312706 0.013243 -0.00642604
 -0.000389094 0.016478 -0.0079958
 -0.000369499 0.0156482 -0.00759312
 -0.000605746 0.0256531 -0.0124479
weights matrix:
 -0.907383 0.0892814 0.0557988
 1.68992 -1.7814 -0.462728
 -2.12862 0.873256 1.64935
 -1.76541 -0.447461 2.04665
 0.797315 0.607573 -2.56869
regression_error on 'test' 0.107353
classification_error on 'test' 0.157895
Save,2413,0.107353,0.157895
sample_count 75 Sample index 50
 i 0:0.489992 i 1:0.833841 i 2:0.113105 i 3:0.135476 bias 1
 test_print 2.57241
net matrix:
 1.2819 -0.795936 -2.46337
outputs matrix:
 0.928495 0.169121 0.00719796
error matrix:
 0.0715048 -0.169121 -0.00719796
delta matrix:
 0.00949467 -0.0475293 -0.000102875
weights_delta matrix:
 0.000465231 -0.0023289 -5.04081e-06
 0.000791705 -0.00396319 -8.57816e-06
 0.000107389 -0.00053758 -1.16357e-06
 0.00012863 -0.000643908 -1.39371e-06
 0.000949467 -0.00475293 -1.02875e-05
weights matrix:
 -0.906918 0.0869525 0.0557938
 1.69071 -1.78536 -0.462736
 -2.12851 0.872718 1.64935
 -1.76528 -0.448105 2.04664
 0.798265 0.60282 -2.5687
regression_error on 'test' 0.106814
classification_error on 'test' 0.157895
Save,2414,0.106814,0.157895
sample_count 75 Sample index 24
 i 0:0.466896 i 1:0.445654 i 2:0.566734 i 3:0.536988 bias 1
 test_print 3.01627
net matrix:
 -1.02594 0.101735 -0.715101
outputs matrix:
 0.113863 0.550693 0.193067
error matrix:
 -0.113863 0.449307 -0.193067
delta matrix:
 -0.0229773 0.222344 -0.0601568
weights_delta matrix:
 -0.0010728 0.0103812 -0.0028087
 -0.00102399 0.00990887 -0.00268091
 -0.0013022 0.012601 -0.00340929
 -0.00123385 0.0119396 -0.00323035
 -0.00229773 0.0222344 -0.00601568
weights matrix:
 -0.907991 0.0973337 0.0529851
 1.68969 -1.77546 -0.465417
 -2.12982 0.885319 1.64594
 -1.76652 -0.436166 2.04341
 0.795967 0.625054 -2.57471
regression_error on 'test' 0.110508
classification_error on 'test' 0.184211
Save,2415,0.110508,0.184211
sample_count 75 Sample index 22
 i 0:0.305227 i 1:0.233915 i 2:0.430645 i 3:0.427485 bias 1
 test_print 2.39727
net matrix:
 -0.758287 0.434262 -1.08506
outputs matrix:
 0.179967 0.704438 0.102465
error matrix:
 -0.179967 0.295562 -0.102465
delta matrix:
 -0.0531184 0.123075 -0.0188467
weights_delta matrix:
 -0.00162132 0.00375658 -0.000575253
 -0.00124252 0.00287891 -0.000440853
 -0.00228752 0.00530016 -0.000811625
 -0.00227073 0.00526127 -0.000805669
 -0.00531184 0.0123075 -0.00188467
weights matrix:
 -0.909612 0.10109 0.0524098
 1.68844 -1.77258 -0.465858
 -2.1321 0.89062 1.64513
 -1.76879 -0.430904 2.04261
 0.790655 0.637362 -2.5766
regression_error on 'test' 0.1122
classification_error on 'test' 0.184211
Save,2416,0.1122,0.184211
sample_count 75 Sample index 30
 i 0:0.559279 i 1:0.410364 i 2:0.642339 i 3:0.500487 bias 1
 test_print 3.11247
net matrix:
 -1.27998 0.322915 -0.659427
outputs matrix:
 0.0717598 0.65607 0.211009
error matrix:
 -0.0717598 0.34393 -0.211009
delta matrix:
 -0.00955989 0.15521 -0.0702594
weights_delta matrix:
 -0.000534665 0.00868057 -0.00392946
 -0.000392304 0.00636926 -0.00288319
 -0.000614069 0.00996974 -0.00451304
 -0.00047846 0.00776806 -0.00351639
 -0.000955989 0.015521 -0.00702594
weights matrix:
 -0.910147 0.109771 0.0484804
 1.68805 -1.76621 -0.468741
 -2.13272 0.900589 1.64062
 -1.76927 -0.423136 2.03909
 0.789699 0.652883 -2.58362
regression_error on 'test' 0.115408
classification_error on 'test' 0.236842
Save,2417,0.115408,0.236842
sample_count 75 Sample index 59
 i 0:0.60547 i 1:0.233915 i 2:0.596976 i 3:0.536988 bias 1
 test_print 2.97335
net matrix:
 -1.58976 0.616614 -0.589538
outputs matrix:
 0.0399436 0.774383 0.235218
error matrix:
 -0.0399436 0.225617 -0.235218
delta matrix:
 -0.00306352 0.0788368 -0.0846271
weights_delta matrix:
 -0.000185487 0.00477333 -0.00512392
 -7.16603e-05 0.00184411 -0.00197955
 -0.000182885 0.00470637 -0.00505203
 -0.000164507 0.00423344 -0.00454437
 -0.000306352 0.00788368 -0.00846271
weights matrix:
 -0.910332 0.114544 0.0433564
 1.68798 -1.76436 -0.470721
 -2.1329 0.905296 1.63557
 -1.76943 -0.418903 2.03455
 0.789393 0.660766 -2.59209
regression_error on 'test' 0.117575
classification_error on 'test' 0.236842
Save,2418,0.117575,0.236842
sample_count 75 Sample index 24
 i 0:0.466896 i 1:0.445654 i 2:0.566734 i 3:0.536988 bias 1
 test_print 3.01627
net matrix:
 -1.04233 0.216067 -0.762164
outputs matrix:
 0.110596 0.606383 0.178825
error matrix:
 -0.110596 0.393617 -0.178825
delta matrix:
 -0.0217576 0.187899 -0.0525198
weights_delta matrix:
 -0.00101585 0.00877293 -0.00245213
 -0.000969635 0.00837379 -0.00234056
 -0.00123308 0.0106489 -0.00297647
 -0.00116836 0.0100899 -0.00282025
 -0.00217576 0.0187899 -0.00525198
weights matrix:
 -0.911348 0.123317 0.0409043
 1.68701 -1.75599 -0.473062
 -2.13413 0.915944 1.63259
 -1.7706 -0.408813 2.03173
 0.787217 0.679556 -2.59734
regression_error on 'test' 0.121291
classification_error on 'test' 0.315789
Save,2419,0.121291,0.315789
sample_count 75 Sample index 73
 i 0:0.582374 i 1:0.410364 i 2:0.65746 i 3:0.719493 bias 1
 test_print 3.36969
net matrix:
 -1.72828 0.338837 -0.232468
outputs matrix:
 0.0305738 0.663219 0.385815
error matrix:
 -0.0305738 -0.663219 0.614185
delta matrix:
 -0.00181236 -0.296273 0.291077
weights_delta matrix:
 -0.000105547 -0.0172541 0.0169515
 -7.43726e-05 -0.012158 0.0119447
 -0.000119155 -0.0194787 0.0191371
 -0.000130398 -0.0213166 0.0209428
 -0.000181236 -0.0296273 0.0291077
weights matrix:
 -0.911454 0.106063 0.0578559
 1.68694 -1.76815 -0.461117
 -2.13425 0.896466 1.65173
 -1.77073 -0.43013 2.05267
 0.787036 0.649929 -2.56823
regression_error on 'test' 0.112617
classification_error on 'test' 0.184211
Save,2420,0.112617,0.184211
sample_count 75 Sample index 12
 i 0:0.166653 i 1:0.480944 i 2:0.128226 i 3:0.135476 bias 1
 test_print 1.9113
net matrix:
 0.932903 -0.126097 -2.29048
outputs matrix:
 0.865972 0.437284 0.0101412
error matrix:
 0.134028 -0.437284 -0.0101412
delta matrix:
 0.0311116 -0.215202 -0.000203601
weights_delta matrix:
 0.000518485 -0.0035864 -3.39307e-06
 0.0014963 -0.01035 -9.79206e-06
 0.000398932 -0.00275945 -2.61069e-06
 0.000421488 -0.00291547 -2.7583e-06
 0.00311116 -0.0215202 -2.03601e-05
weights matrix:
 -0.910935 0.102477 0.0578525
 1.68843 -1.7785 -0.461127
 -2.13385 0.893706 1.65173
 -1.77031 -0.433045 2.05267
 0.790147 0.628409 -2.56825
regression_error on 'test' 0.110378
classification_error on 'test' 0.184211
Save,2421,0.110378,0.184211
sample_count 75 Sample index 57
 i 0:0.374514 i 1:0.727972 i 2:0.158468 i 3:0.135476 bias 1
 test_print 2.39643
net matrix:
 1.10014 -0.544952 -2.34244
outputs matrix:
 0.900275 0.251636 0.00914936
error matrix:
 0.0997255 -0.251636 -0.00914936
delta matrix:
 0.0179068 -0.0947741 -0.00016589
weights_delta matrix:
 0.000670633 -0.00354942 -6.2128e-06
 0.00130356 -0.00689929 -1.20763e-05
 0.000283765 -0.00150187 -2.62882e-06
 0.000242594 -0.00128396 -2.24741e-06
 0.00179068 -0.00947741 -1.6589e-05
weights matrix:
 -0.910265 0.0989271 0.0578463
 1.68974 -1.7854 -0.461139
 -2.13357 0.892204 1.65172
 -1.77006 -0.434329 2.05267
 0.791937 0.618931 -2.56827
regression_error on 'test' 0.109266
classification_error on 'test' 0.184211
Save,2422,0.109266,0.184211
sample_count 75 Sample index 44
 i 0:0.536183 i 1:0.375074 i 2:0.702823 i 3:0.646491 bias 1
 test_print 3.26057
net matrix:
 -1.70621 0.348591 -0.222315
outputs matrix:
 0.0319097 0.667563 0.390638
error matrix:
 -0.0319097 0.332437 -0.390638
delta matrix:
 -0.00197148 0.147551 -0.185975
weights_delta matrix:
 -0.000105707 0.00791143 -0.00997167
 -7.3945e-05 0.00553425 -0.00697544
 -0.00013856 0.0103702 -0.0130708
 -0.000127454 0.00953903 -0.0120231
 -0.000197148 0.0147551 -0.0185975
weights matrix:
 -0.91037 0.106839 0.0478746
 1.68966 -1.77986 -0.468114
 -2.13371 0.902575 1.63865
 -1.77019 -0.42479 2.04064
 0.79174 0.633686 -2.58687
regression_error on 'test' 0.113614
classification_error on 'test' 0.210526
Save,2423,0.113614,0.210526
sample_count 75 Sample index 20
 i 0:0.489992 i 1:0.375074 i 2:0.521371 i 3:0.500487 bias 1
 test_print 2.88692
net matrix:
 -1.019 0.276431 -0.863325
outputs matrix:
 0.115271 0.634799 0.151017
error matrix:
 -0.115271 0.365201 -0.151017
delta matrix:
 -0.0235116 0.169328 -0.0387239
weights_delta matrix:
 -0.00115205 0.00829695 -0.00189744
 -0.000881858 0.00635107 -0.00145243
 -0.00122582 0.00882829 -0.00201895
 -0.00117672 0.00847466 -0.00193808
 -0.00235116 0.0169328 -0.00387239
weights matrix:
 -0.911522 0.115135 0.0459772
 1.68878 -1.77351 -0.469567
 -2.13493 0.911403 1.63663
 -1.77137 -0.416315 2.0387
 0.789389 0.650619 -2.59074
regression_error on 'test' 0.116566
classification_error on 'test' 0.236842
Save,2424,0.116566,0.236842
sample_count 75 Sample index 33
 i 0:0.559279 i 1:0.480944 i 2:0.672581 i 3:0.719493 bias 1
 test_print 3.4323
net matrix:
 -1.6186 0.175509 -0.223258
outputs matrix:
 0.0377895 0.586864 0.390189
error matrix:
 -0.0377895 -0.586864 0.609811
delta matrix:
 -0.00274817 -0.284576 0.290199
weights_delta matrix:
 -0.000153699 -0.0159157 0.0162302
 -0.000132171 -0.0136865 0.0139569
 -0.000184836 -0.01914 0.0195182
 -0.000197729 -0.020475 0.0208796
 -0.000274817 -0.0284576 0.0290199
weights matrix:
 -0.911676 0.0992197 0.0622074
 1.68865 -1.7872 -0.45561
 -2.13512 0.892263 1.65615
 -1.77157 -0.43679 2.05958
 0.789114 0.622162 -2.56172
regression_error on 'test' 0.108529
classification_error on 'test' 0.157895
Save,2425,0.108529,0.157895
sample_count 75 Sample index 62
 i 0:0.582374 i 1:0.622103 i 2:0.748185 i 3:0.901998 bias 1
 test_print 3.85466
net matrix:
 -1.88672 -0.158282 0.287921
outputs matrix:
 0.0224569 0.421513 0.64011
error matrix:
 -0.0224569 -0.421513 0.35989
delta matrix:
 -0.000985975 -0.205563 0.165815
weights_delta matrix:
 -5.74206e-05 -0.0119715 0.00965664
 -6.13378e-05 -0.0127882 0.0103154
 -7.37692e-05 -0.0153799 0.012406
 -8.89348e-05 -0.0185418 0.0149565
 -9.85975e-05 -0.0205563 0.0165815
weights matrix:
 -0.911733 0.0872483 0.071864
 1.68859 -1.79999 -0.445294
 -2.13519 0.876883 1.66856
 -1.77166 -0.455332 2.07454
 0.789016 0.601605 -2.54514
regression_error on 'test' 0.103335
classification_error on 'test' 0.157895
Save,2426,0.103335,0.157895
sample_count 75 Sample index 31
 i 0:0.559279 i 1:0.339785 i 2:0.778427 i 3:0.573489 bias 1
 test_print 3.25098
net matrix:
 -1.82526 0.460255 -0.167673
outputs matrix:
 0.02532 0.715146 0.41694
error matrix:
 -0.02532 -0.715146 0.58306
delta matrix:
 -0.00124974 -0.291368 0.283485
weights_delta matrix:
 -6.98953e-05 -0.0162956 0.0158547
 -4.24643e-05 -0.00990025 0.00963239
 -9.7283e-05 -0.0226809 0.0220672
 -7.16711e-05 -0.0167096 0.0162575
 -0.000124974 -0.0291368 0.0283485
weights matrix:
 -0.911803 0.0709527 0.0877187
 1.68855 -1.80989 -0.435662
 -2.13529 0.854202 1.69062
 -1.77173 -0.472042 2.0908
 0.788891 0.572469 -2.51679
regression_error on 'test' 0.0974638
classification_error on 'test' 0.0789474
Save,2427,0.0974638,0.0789474
sample_count 75 Sample index 34
 i 0:0.767139 i 1:0.551523 i 2:0.642339 i 3:0.573489 bias 1
 test_print 3.53449
net matrix:
 -1.36696 -0.093318 -0.40477
outputs matrix:
 0.0610008 0.453476 0.307988
error matrix:
 -0.0610008 0.546524 -0.307988
delta matrix:
 -0.00698822 0.270896 -0.131284
weights_delta matrix:
 -0.000536093 0.0207815 -0.0100713
 -0.000385416 0.0149405 -0.00724062
 -0.00044888 0.0174007 -0.00843289
 -0.000400767 0.0155356 -0.007529
 -0.000698822 0.0270896 -0.0131284
weights matrix:
 -0.912339 0.0917342 0.0776474
 1.68816 -1.79495 -0.442902
 -2.13574 0.871603 1.68219
 -1.77213 -0.456506 2.08327
 0.788192 0.599558 -2.52992
regression_error on 'test' 0.102145
classification_error on 'test' 0.131579
Save,2428,0.102145,0.131579
sample_count 75 Sample index 2
 i 0:0.466896 i 1:0.480944 i 2:0.566734 i 3:0.500487 bias 1
 test_print 3.01506
net matrix:
 -0.923188 0.0446119 -0.710671
outputs matrix:
 0.136299 0.522291 0.194451
error matrix:
 -0.136299 0.477709 -0.194451
delta matrix:
 -0.0320906 0.23838 -0.0609177
weights_delta matrix:
 -0.0014983 0.0111299 -0.00284422
 -0.00154338 0.0114647 -0.0029298
 -0.00181869 0.0135098 -0.00345241
 -0.00160609 0.0119306 -0.00304885
 -0.00320906 0.023838 -0.00609177
weights matrix:
 -0.913838 0.102864 0.0748032
 1.68662 -1.78348 -0.445832
 -2.13756 0.885113 1.67874
 -1.77373 -0.444576 2.08022
 0.784983 0.623396 -2.53601
regression_error on 'test' 0.105825
classification_error on 'test' 0.157895
Save,2429,0.105825,0.157895
sample_count 75 Sample index 17
 i 0:0.443801 i 1:0.304495 i 2:0.521371 i 3:0.463986 bias 1
 test_print 2.73365
net matrix:
 -1.04446 0.381182 -0.798126
outputs matrix:
 0.110178 0.681867 0.168506
error matrix:
 -0.110178 0.318133 -0.168506
delta matrix:
 -0.0216035 0.138022 -0.0472194
weights_delta matrix:
 -0.000958766 0.00612543 -0.0020956
 -0.000657816 0.0042027 -0.00143781
 -0.00112634 0.00719606 -0.00246188
 -0.00100237 0.00640402 -0.00219091
 -0.00216035 0.0138022 -0.00472194
weights matrix:
 -0.914797 0.108989 0.0727076
 1.68596 -1.77928 -0.44727
 -2.13868 0.892309 1.67628
 -1.77474 -0.438172 2.07803
 0.782823 0.637198 -2.54073
regression_error on 'test' 0.108022
classification_error on 'test' 0.157895
Save,2430,0.108022,0.157895
sample_count 75 Sample index 61
 i 0:0.697853 i 1:0.480944 i 2:0.687702 i 3:0.682992 bias 1
 test_print 3.54949
net matrix:
 -1.72763 0.171899 -0.133047
outputs matrix:
 0.0306125 0.585113 0.433866
error matrix:
 -0.0306125 0.414887 -0.433866
delta matrix:
 -0.00181688 0.201433 -0.213138
weights_delta matrix:
 -0.000126792 0.014057 -0.0148739
 -8.73818e-05 0.00968778 -0.0102507
 -0.000124947 0.0138526 -0.0146575
 -0.000124091 0.0137577 -0.0145572
 -0.000181688 0.0201433 -0.0213138
weights matrix:
 -0.914923 0.123046 0.0578337
 1.68587 -1.76959 -0.457521
 -2.13881 0.906161 1.66162
 -1.77486 -0.424414 2.06347
 0.782641 0.657342 -2.56204
regression_error on 'test' 0.113603
classification_error on 'test' 0.184211
Save,2431,0.113603,0.184211
sample_count 75 Sample index 41
 i 0:0.674757 i 1:0.445654 i 2:0.627218 i 3:0.536988 bias 1
 test_print 3.28462
net matrix:
 -1.37797 0.292199 -0.576659
outputs matrix:
 0.0597517 0.642079 0.239883
error matrix:
 -0.0597517 0.357921 -0.239883
delta matrix:
 -0.00671388 0.16451 -0.0874804
weights_delta matrix:
 -0.000453024 0.0111005 -0.0059028
 -0.000299207 0.00733147 -0.0038986
 -0.000421106 0.0103184 -0.00548693
 -0.000360527 0.00883401 -0.00469759
 -0.000671388 0.016451 -0.00874804
weights matrix:
 -0.915376 0.134147 0.0519309
 1.68557 -1.76226 -0.461419
 -2.13923 0.91648 1.65613
 -1.77522 -0.41558 2.05877
 0.781969 0.673793 -2.57079
regression_error on 'test' 0.117367
classification_error on 'test' 0.236842
Save,2432,0.117367,0.236842
sample_count 75 Sample index 19
 i 0:0.674757 i 1:0.480944 i 2:0.596976 i 3:0.573489 bias 1
 test_print 3.32617
net matrix:
 -1.32016 0.225547 -0.588313
outputs matrix:
 0.0665881 0.6109 0.235659
error matrix:
 -0.0665881 0.3891 -0.235659
delta matrix:
 -0.00827746 0.184979 -0.0848959
weights_delta matrix:
 -0.000558527 0.0124816 -0.00572841
 -0.000398099 0.00889647 -0.00408302
 -0.000494144 0.0110428 -0.00506808
 -0.000474703 0.0106084 -0.00486869
 -0.000827746 0.0184979 -0.00848959
weights matrix:
 -0.915935 0.146629 0.0462025
 1.68517 -1.75336 -0.465502
 -2.13972 0.927522 1.65106
 -1.7757 -0.404971 2.05391
 0.781142 0.692291 -2.57928
regression_error on 'test' 0.121716
classification_error on 'test' 0.289474
Save,2433,0.121716,0.289474
sample_count 75 Sample index 32
 i 0:0.697853 i 1:0.516233 i 2:0.642339 i 3:0.60999 bias 1
 test_print 3.46642
net matrix:
 -1.44569 0.238228 -0.473942
outputs matrix:
 0.0525815 0.61691 0.27931
error matrix:
 -0.0525815 0.38309 -0.27931
delta matrix:
 -0.00523886 0.181073 -0.112448
weights_delta matrix:
 -0.000365596 0.0126362 -0.00784723
 -0.000270447 0.00934756 -0.00580495
 -0.000336513 0.011631 -0.00722299
 -0.000319565 0.0110452 -0.00685923
 -0.000523886 0.0181073 -0.0112448
weights matrix:
 -0.9163 0.159265 0.0383552
 1.6849 -1.74401 -0.471307
 -2.14006 0.939153 1.64384
 -1.77602 -0.393926 2.04705
 0.780618 0.710398 -2.59053
regression_error on 'test' 0.126669
classification_error on 'test' 0.342105
Save,2434,0.126669,0.342105
sample_count 75 Sample index 63
 i 0:0.420705 i 1:0.904421 i 2:0.143347 i 3:0.135476 bias 1
 test_print 2.60395
net matrix:
 1.37161 -0.718665 -2.48769
outputs matrix:
 0.939529 0.191959 0.00685859
error matrix:
 0.0604708 -0.191959 -0.00685859
delta matrix:
 0.00687119 -0.0595499 -9.34352e-05
weights_delta matrix:
 0.000289074 -0.0025053 -3.93087e-06
 0.000621445 -0.00538582 -8.45048e-06
 9.84965e-05 -0.00085363 -1.33937e-06
 9.30882e-05 -0.000806759 -1.26582e-06
 0.000687119 -0.00595499 -9.34352e-06
weights matrix:
 -0.916011 0.156759 0.0383513
 1.68552 -1.7494 -0.471316
 -2.13996 0.9383 1.64384
 -1.77592 -0.394733 2.04705
 0.781305 0.704443 -2.59054
regression_error on 'test' 0.125721
classification_error on 'test' 0.342105
Save,2435,0.125721,0.342105
sample_count 75 Sample index 15
 i 0:0.720948 i 1:0.410364 i 2:0.65746 i 3:0.573489 bias 1
 test_print 3.36226
net matrix:
 -1.61282 0.490087 -0.501581
outputs matrix:
 0.0382119 0.727143 0.26832
error matrix:
 -0.0382119 0.272857 -0.26832
delta matrix:
 -0.0028087 0.108273 -0.105356
weights_delta matrix:
 -0.000202493 0.00780593 -0.00759559
 -0.000115259 0.00444314 -0.00432342
 -0.000184661 0.00711853 -0.00692671
 -0.000161076 0.00620935 -0.00604203
 -0.00028087 0.0108273 -0.0105356
weights matrix:
 -0.916214 0.164565 0.0307557
 1.68541 -1.74496 -0.475639
 -2.14015 0.945418 1.63691
 -1.77608 -0.388524 2.041
 0.781024 0.71527 -2.60107
regression_error on 'test' 0.129164
classification_error on 'test' 0.368421
Save,2436,0.129164,0.368421
sample_count 75 Sample index 52
 i 0:0.443801 i 1:0.410364 i 2:0.672581 i 3:0.792495 bias 1
 test_print 3.31924
net matrix:
 -1.78092 0.400204 -0.0641659
outputs matrix:
 0.027603 0.690062 0.467961
error matrix:
 -0.027603 -0.690062 0.532039
delta matrix:
 -0.00148179 -0.295176 0.264927
weights_delta matrix:
 -6.57618e-05 -0.0130999 0.0117575
 -6.08071e-05 -0.012113 0.0108717
 -9.96621e-05 -0.019853 0.0178185
 -0.000117431 -0.0233926 0.0209954
 -0.000148179 -0.0295176 0.0264927
weights matrix:
 -0.91628 0.151465 0.0425132
 1.68535 -1.75707 -0.464768
 -2.14025 0.925565 1.65473
 -1.7762 -0.411916 2.062
 0.780876 0.685753 -2.57458
regression_error on 'test' 0.120308
classification_error on 'test' 0.236842
Save,2437,0.120308,0.236842
sample_count 75 Sample index 32
 i 0:0.697853 i 1:0.516233 i 2:0.642339 i 3:0.60999 bias 1
 test_print 3.46642
net matrix:
 -1.44675 0.227658 -0.464142
outputs matrix:
 0.052476 0.611902 0.283273
error matrix:
 -0.052476 0.388098 -0.283273
delta matrix:
 -0.00521845 0.184329 -0.115025
weights_delta matrix:
 -0.000364171 0.0128635 -0.00802709
 -0.000269394 0.00951569 -0.00593799
 -0.000335201 0.0118402 -0.00738853
 -0.00031832 0.0112439 -0.00701644
 -0.000521845 0.0184329 -0.0115025
weights matrix:
 -0.916644 0.164329 0.0344861
 1.68508 -1.74755 -0.470706
 -2.14058 0.937406 1.64734
 -1.77652 -0.400672 2.05498
 0.780354 0.704185 -2.58608
regression_error on 'test' 0.125282
classification_error on 'test' 0.342105
Save,2438,0.125282,0.342105
sample_count 75 Sample index 60
 i 0:0.559279 i 1:0.410364 i 2:0.536492 i 3:0.536988 bias 1
 test_print 3.04312
net matrix:
 -1.14318 0.366712 -0.772668
outputs matrix:
 0.0922583 0.675556 0.175761
error matrix:
 -0.0922583 0.324444 -0.175761
delta matrix:
 -0.0154526 0.142223 -0.0509247
weights_delta matrix:
 -0.000864234 0.00795424 -0.00284811
 -0.000634121 0.00583633 -0.00208977
 -0.000829022 0.00763016 -0.00273207
 -0.000829789 0.00763721 -0.00273459
 -0.00154526 0.0142223 -0.00509247
weights matrix:
 -0.917508 0.172283 0.031638
 1.68445 -1.74172 -0.472795
 -2.14141 0.945036 1.64461
 -1.77735 -0.393035 2.05225
 0.778809 0.718408 -2.59117
regression_error on 'test' 0.12847
classification_error on 'test' 0.342105
Save,2439,0.12847,0.342105
sample_count 75 Sample index 32
 i 0:0.697853 i 1:0.516233 i 2:0.642339 i 3:0.60999 bias 1
 test_print 3.46642
net matrix:
 -1.45159 0.30679 -0.50492
outputs matrix:
 0.0519969 0.648757 0.267011
error matrix:
 -0.0519969 0.351243 -0.267011
delta matrix:
 -0.00512618 0.160077 -0.104517
weights_delta matrix:
 -0.000357732 0.011171 -0.00729375
 -0.00026463 0.00826368 -0.00539551
 -0.000329275 0.0102823 -0.00671353
 -0.000312692 0.00976451 -0.00637543
 -0.000512618 0.0160077 -0.0104517
weights matrix:
 -0.917866 0.183454 0.0243443
 1.68418 -1.73345 -0.478191
 -2.14174 0.955318 1.6379
 -1.77766 -0.383271 2.04587
 0.778296 0.734415 -2.60163
regression_error on 'test' 0.133148
classification_error on 'test' 0.368421
Save,2440,0.133148,0.368421
sample_count 75 Sample index 0
 i 0:0.282131 i 1:0.269205 i 2:0.430645 i 3:0.427485 bias 1
 test_print 2.40947
net matrix:
 -0.709526 0.567079 -1.14356
outputs matrix:
 0.19481 0.756606 0.0921958
error matrix:
 -0.19481 0.243394 -0.0921958
delta matrix:
 -0.0611156 0.0896439 -0.0154328
weights_delta matrix:
 -0.00172426 0.00252913 -0.000435407
 -0.00164526 0.00241326 -0.000415459
 -0.00263191 0.00386047 -0.000664606
 -0.0026126 0.00383214 -0.000659729
 -0.00611156 0.00896439 -0.00154328
weights matrix:
 -0.91959 0.185983 0.0239089
 1.68254 -1.73104 -0.478606
 -2.14437 0.959179 1.63723
 -1.78027 -0.379438 2.04521
 0.772185 0.74338 -2.60317
regression_error on 'test' 0.134769
classification_error on 'test' 0.368421
Save,2441,0.134769,0.368421
sample_count 75 Sample index 72
 i 0:0.905713 i 1:0.480944 i 2:0.929637 i 3:0.828996 bias 1
 test_print 4.14529
net matrix:
 -2.72082 0.656428 0.405808
outputs matrix:
 0.00431366 0.787991 0.692454
error matrix:
 -0.00431366 -0.787991 0.307546
delta matrix:
 -3.70549e-05 -0.263286 0.130991
weights_delta matrix:
 -3.35611e-06 -0.0238461 0.011864
 -1.78213e-06 -0.0126626 0.00629993
 -3.44476e-06 -0.024476 0.0121774
 -3.07183e-06 -0.0218263 0.0108591
 -3.70549e-06 -0.0263286 0.0130991
weights matrix:
 -0.919593 0.162137 0.0357729
 1.68253 -1.7437 -0.472306
 -2.14438 0.934703 1.64941
 -1.78028 -0.401265 2.05607
 0.772181 0.717051 -2.59007
regression_error on 'test' 0.126345
classification_error on 'test' 0.342105
Save,2442,0.126345,0.342105
sample_count 75 Sample index 30
 i 0:0.559279 i 1:0.410364 i 2:0.642339 i 3:0.500487 bias 1
 test_print 3.11247
net matrix:
 -1.3201 0.491746 -0.675363
outputs matrix:
 0.0665958 0.727801 0.205752
error matrix:
 -0.0665958 0.272199 -0.205752
delta matrix:
 -0.00827929 0.107849 -0.0672471
weights_delta matrix:
 -0.000463043 0.00603178 -0.00376099
 -0.000339752 0.00442574 -0.00275958
 -0.000531811 0.00692757 -0.00431954
 -0.000414368 0.00539771 -0.00336563
 -0.000827929 0.0107849 -0.00672471
weights matrix:
 -0.920056 0.168169 0.0320119
 1.68219 -1.73928 -0.475066
 -2.14491 0.94163 1.64509
 -1.78069 -0.395867 2.05271
 0.771353 0.727836 -2.59679
regression_error on 'test' 0.129139
classification_error on 'test' 0.342105
Save,2443,0.129139,0.342105
sample_count 75 Sample index 9
 i 0:0.351418 i 1:0.375074 i 2:0.521371 i 3:0.573489 bias 1
 test_print 2.82135
net matrix:
 -1.06052 0.398489 -0.728823
outputs matrix:
 0.107068 0.689328 0.188828
error matrix:
 -0.107068 0.310672 -0.188828
delta matrix:
 -0.0204723 0.133064 -0.0578461
weights_delta matrix:
 -0.000719434 0.00467611 -0.00203282
 -0.000767863 0.00499089 -0.00216966
 -0.00106737 0.00693757 -0.00301593
 -0.00117407 0.00763108 -0.00331741
 -0.00204723 0.0133064 -0.00578461
weights matrix:
 -0.920776 0.172845 0.0299791
 1.68143 -1.73429 -0.477236
 -2.14597 0.948568 1.64208
 -1.78187 -0.388236 2.04939
 0.769306 0.741143 -2.60258
regression_error on 'test' 0.132151
classification_error on 'test' 0.368421
Save,2444,0.132151,0.368421
sample_count 75 Sample index 47
 i 0:0.282131 i 1:0.516233 i 2:0.158468 i 3:0.0989754 bias 1
 test_print 2.05581
net matrix:
 0.861105 0.00650312 -2.37743
outputs matrix:
 0.848413 0.503252 0.00853624
error matrix:
 0.151587 -0.503252 -0.00853624
delta matrix:
 0.0389906 -0.251615 -0.000144491
weights_delta matrix:
 0.00110005 -0.00709884 -4.07653e-06
 0.00201282 -0.0129892 -7.45909e-06
 0.000617877 -0.00398729 -2.28972e-06
 0.000385911 -0.00249037 -1.4301e-06
 0.00389906 -0.0251615 -1.44491e-05
weights matrix:
 -0.919676 0.165746 0.029975
 1.68344 -1.74728 -0.477243
 -2.14536 0.94458 1.64207
 -1.78148 -0.390726 2.04939
 0.773205 0.715981 -2.60259
regression_error on 'test' 0.128651
classification_error on 'test' 0.342105
Save,2445,0.128651,0.342105
sample_count 75 Sample index 54
 i 0:0.305227 i 1:0.622103 i 2:0.158468 i 3:0.135476 bias 1
 test_print 2.22127
net matrix:
 0.958449 -0.223663 -2.35248
outputs matrix:
 0.871792 0.389997 0.0089691
error matrix:
 0.128208 -0.389997 -0.0089691
delta matrix:
 0.0286597 -0.18556 -0.000159446
weights_delta matrix:
 0.000874773 -0.00566379 -4.86673e-06
 0.00178293 -0.0115437 -9.91921e-06
 0.000454165 -0.00294053 -2.52671e-06
 0.000388271 -0.00251389 -2.16012e-06
 0.00286597 -0.018556 -1.59446e-05
weights matrix:
 -0.918801 0.160082 0.0299701
 1.68522 -1.75882 -0.477253
 -2.1449 0.94164 1.64207
 -1.78109 -0.39324 2.04938
 0.776071 0.697425 -2.60261
regression_error on 'test' 0.126016
classification_error on 'test' 0.342105
Save,2446,0.126016,0.342105
sample_count 75 Sample index 32
 i 0:0.697853 i 1:0.516233 i 2:0.642339 i 3:0.60999 bias 1
 test_print 3.46642
net matrix:
 -1.45935 0.266158 -0.523199
outputs matrix:
 0.0512366 0.630023 0.259918
error matrix:
 -0.0512366 0.369977 -0.259918
delta matrix:
 -0.00498137 0.172479 -0.0999957
weights_delta matrix:
 -0.000347626 0.0120365 -0.00697823
 -0.000257155 0.00890393 -0.00516211
 -0.000319973 0.011079 -0.00642311
 -0.000303858 0.010521 -0.00609964
 -0.000498137 0.0172479 -0.00999957
weights matrix:
 -0.919149 0.172119 0.0229919
 1.68496 -1.74992 -0.482415
 -2.14522 0.952719 1.63565
 -1.7814 -0.382719 2.04329
 0.775573 0.714673 -2.61261
regression_error on 'test' 0.130837
classification_error on 'test' 0.368421
Save,2447,0.130837,0.368421
sample_count 75 Sample index 54
 i 0:0.305227 i 1:0.622103 i 2:0.158468 i 3:0.135476 bias 1
 test_print 2.22127
net matrix:
 0.96196 -0.222294 -2.36969
outputs matrix:
 0.872575 0.390648 0.00866827
error matrix:
 0.127425 -0.390648 -0.00866827
delta matrix:
 0.0283363 -0.185982 -0.000148975
weights_delta matrix:
 0.0008649 -0.00567666 -4.54713e-06
 0.00176281 -0.01157 -9.2678e-06
 0.000449039 -0.00294721 -2.36078e-06
 0.000383889 -0.00251961 -2.01826e-06
 0.00283363 -0.0185982 -1.48975e-05
weights matrix:
 -0.918284 0.166442 0.0229874
 1.68673 -1.76149 -0.482424
 -2.14477 0.949772 1.63565
 -1.78101 -0.385239 2.04328
 0.778406 0.696075 -2.61262
regression_error on 'test' 0.128183
classification_error on 'test' 0.368421
Save,2448,0.128183,0.368421
sample_count 75 Sample index 15
 i 0:0.720948 i 1:0.410364 i 2:0.65746 i 3:0.573489 bias 1
 test_print 3.36226
net matrix:
 -1.62295 0.496727 -0.54685
outputs matrix:
 0.0374745 0.72977 0.250922
error matrix:
 -0.0374745 0.27023 -0.250922
delta matrix:
 -0.00270343 0.106582 -0.0943269
weights_delta matrix:
 -0.000194903 0.00768401 -0.00680048
 -0.000110939 0.00437374 -0.00387084
 -0.00017774 0.00700734 -0.00620162
 -0.000155039 0.00611236 -0.00540954
 -0.000270343 0.0106582 -0.00943269
weights matrix:
 -0.918479 0.174126 0.0161869
 1.68662 -1.75711 -0.486295
 -2.14495 0.956779 1.62944
 -1.78117 -0.379126 2.03787
 0.778136 0.706733 -2.62206
regression_error on 'test' 0.13156
classification_error on 'test' 0.368421
Save,2449,0.13156,0.368421
sample_count 75 Sample index 56
 i 0:0.328323 i 1:0.727972 i 2:0.158468 i 3:0.208478 bias 1
 test_print 2.42324
net matrix:
 0.993148 -0.442647 -2.28769
outputs matrix:
 0.879351 0.292082 0.0101974
error matrix:
 0.120649 -0.292082 -0.0101974
delta matrix:
 0.0256001 -0.120788 -0.000205854
weights_delta matrix:
 0.000840511 -0.00396574 -6.75866e-06
 0.00186362 -0.00879301 -1.49856e-05
 0.00040568 -0.0019141 -3.26213e-06
 0.000533706 -0.00251816 -4.2916e-06
 0.00256001 -0.0120788 -2.05854e-05
weights matrix:
 -0.917638 0.170161 0.0161801
 1.68848 -1.76591 -0.48631
 -2.14455 0.954865 1.62944
 -1.78063 -0.381645 2.03787
 0.780696 0.694654 -2.62208
regression_error on 'test' 0.129726
classification_error on 'test' 0.368421
Save,2450,0.129726,0.368421
sample_count 75 Sample index 52
 i 0:0.443801 i 1:0.410364 i 2:0.672581 i 3:0.792495 bias 1
 test_print 3.31924
net matrix:
 -1.78718 0.38528 -0.103529
outputs matrix:
 0.0272687 0.683642 0.44842
error matrix:
 -0.0272687 -0.683642 0.55158
delta matrix:
 -0.00144661 -0.29571 0.272855
weights_delta matrix:
 -6.42007e-05 -0.0131236 0.0121093
 -5.93637e-05 -0.0121349 0.011197
 -9.72962e-05 -0.0198889 0.0183517
 -0.000114643 -0.0234349 0.0216236
 -0.000144661 -0.029571 0.0272855
weights matrix:
 -0.917702 0.157037 0.0282895
 1.68842 -1.77804 -0.475113
 -2.14464 0.934976 1.64779
 -1.78075 -0.405079 2.05949
 0.780551 0.665083 -2.59479
regression_error on 'test' 0.120607
classification_error on 'test' 0.289474
Save,2451,0.120607,0.289474
sample_count 75 Sample index 27
 i 0:0.328323 i 1:0.622103 i 2:0.158468 i 3:0.135476 bias 1
 test_print 2.24437
net matrix:
 0.948514 -0.296197 -2.34094
outputs matrix:
 0.869555 0.356086 0.00917661
error matrix:
 0.130445 -0.356086 -0.00917661
delta matrix:
 0.0295926 -0.163293 -0.000166875
weights_delta matrix:
 0.000971593 -0.00536128 -5.47888e-06
 0.00184096 -0.0101585 -1.03813e-05
 0.000468948 -0.00258767 -2.64443e-06
 0.000400908 -0.00221223 -2.26075e-06
 0.00295926 -0.0163293 -1.66875e-05
weights matrix:
 -0.916731 0.151676 0.028284
 1.69026 -1.7882 -0.475124
 -2.14417 0.932388 1.64779
 -1.78035 -0.407292 2.05949
 0.783511 0.648754 -2.59481
regression_error on 'test' 0.118494
classification_error on 'test' 0.236842
Save,2452,0.118494,0.236842
sample_count 75 Sample index 15
 i 0:0.720948 i 1:0.410364 i 2:0.65746 i 3:0.573489 bias 1
 test_print 3.36226
net matrix:
 -1.6145 0.403722 -0.50494
outputs matrix:
 0.0380889 0.691565 0.267003
error matrix:
 -0.0380889 0.308435 -0.267003
delta matrix:
 -0.00279101 0.13158 -0.104512
weights_delta matrix:
 -0.000201217 0.00948625 -0.00753475
 -0.000114533 0.00539958 -0.00428879
 -0.000183498 0.00865088 -0.00687123
 -0.000160061 0.00754598 -0.00599363
 -0.000279101 0.013158 -0.0104512
weights matrix:
 -0.916932 0.161162 0.0207492
 1.69015 -1.7828 -0.479412
 -2.14436 0.941039 1.64092
 -1.78051 -0.399746 2.0535
 0.783231 0.661912 -2.60526
regression_error on 'test' 0.122161
classification_error on 'test' 0.342105
Save,2453,0.122161,0.342105
sample_count 75 Sample index 73
 i 0:0.582374 i 1:0.410364 i 2:0.65746 i 3:0.719493 bias 1
 test_print 3.36969
net matrix:
 -1.74808 0.355253 -0.233595
outputs matrix:
 0.0294216 0.670513 0.385282
error matrix:
 -0.0294216 -0.670513 0.614718
delta matrix:
 -0.00168032 -0.296267 0.291179
weights_delta matrix:
 -9.78578e-05 -0.0172538 0.0169575
 -6.89545e-05 -0.0121577 0.011949
 -0.000110475 -0.0194783 0.0191439
 -0.000120898 -0.0213162 0.0209502
 -0.000168032 -0.0296267 0.0291179
weights matrix:
 -0.91703 0.143908 0.0377068
 1.69008 -1.79496 -0.467463
 -2.14447 0.921561 1.66006
 -1.78063 -0.421062 2.07445
 0.783063 0.632285 -2.57614
regression_error on 'test' 0.113476
classification_error on 'test' 0.210526
Save,2454,0.113476,0.210526
sample_count 75 Sample index 25
 i 0:0.628566 i 1:0.410364 i 2:0.778427 i 3:0.865497 bias 1
 test_print 3.68285
net matrix:
 -2.31024 0.339095 0.343394
outputs matrix:
 0.00975198 0.663335 0.665252
error matrix:
 -0.00975198 -0.663335 0.334748
delta matrix:
 -0.000188347 -0.296274 0.149091
weights_delta matrix:
 -1.18389e-05 -0.0186228 0.00937137
 -7.7291e-06 -0.012158 0.00611817
 -1.46615e-05 -0.0230628 0.0116057
 -1.63014e-05 -0.0256424 0.0129038
 -1.88347e-05 -0.0296274 0.0149091
weights matrix:
 -0.917042 0.125285 0.0470781
 1.69007 -1.80711 -0.461345
 -2.14448 0.898498 1.67167
 -1.78064 -0.446704 2.08735
 0.783045 0.602658 -2.56123
regression_error on 'test' 0.106616
classification_error on 'test' 0.157895
Save,2455,0.106616,0.157895
sample_count 75 Sample index 25
 i 0:0.628566 i 1:0.410364 i 2:0.778427 i 3:0.865497 bias 1
 test_print 3.68285
net matrix:
 -2.3103 0.252627 0.386907
outputs matrix:
 0.00975092 0.623693 0.684345
error matrix:
 -0.00975092 -0.623693 0.315655
delta matrix:
 -0.000188307 -0.292762 0.136373
weights_delta matrix:
 -1.18363e-05 -0.018402 0.00857197
 -7.72743e-06 -0.0120139 0.00559628
 -1.46583e-05 -0.0227894 0.0106157
 -1.62979e-05 -0.0253384 0.0118031
 -1.88307e-05 -0.0292762 0.0136373
weights matrix:
 -0.917054 0.106883 0.0556501
 1.69006 -1.81913 -0.455749
 -2.1445 0.875709 1.68228
 -1.78066 -0.472043 2.09915
 0.783026 0.573382 -2.5476
regression_error on 'test' 0.100748
classification_error on 'test' 0.131579
Save,2456,0.100748,0.131579
sample_count 75 Sample index 37
 i 0:0.720948 i 1:0.551523 i 2:0.82379 i 3:0.901998 bias 1
 test_print 3.99826
net matrix:
 -2.31878 -0.0572339 0.52045
outputs matrix:
 0.00958845 0.471414 0.739024
error matrix:
 -0.00958845 -0.471414 0.260976
delta matrix:
 -0.000182114 -0.234937 0.100668
weights_delta matrix:
 -1.31294e-05 -0.0169377 0.00725762
 -1.0044e-05 -0.0129573 0.00555206
 -1.50023e-05 -0.0193539 0.00829291
 -1.64266e-05 -0.0211912 0.00908021
 -1.82114e-05 -0.0234937 0.0100668
weights matrix:
 -0.917067 0.0899456 0.0629077
 1.69005 -1.83209 -0.450197
 -2.14451 0.856355 1.69058
 -1.78068 -0.493234 2.10823
 0.783008 0.549888 -2.53753
regression_error on 'test' 0.096469
classification_error on 'test' 0.0789474
Save,2457,0.096469,0.0789474
sample_count 75 Sample index 33
 i 0:0.559279 i 1:0.480944 i 2:0.672581 i 3:0.719493 bias 1
 test_print 3.4323
net matrix:
 -1.64061 -0.0598485 -0.064956
outputs matrix:
 0.0362211 0.470111 0.467568
error matrix:
 -0.0362211 -0.470111 0.532432
delta matrix:
 -0.00252889 -0.234216 0.265096
weights_delta matrix:
 -0.000141436 -0.0130992 0.0148263
 -0.000121626 -0.0112645 0.0127496
 -0.000170089 -0.0157529 0.0178299
 -0.000181952 -0.0168517 0.0190735
 -0.000252889 -0.0234216 0.0265096
weights matrix:
 -0.917208 0.0768464 0.077734
 1.68993 -1.84335 -0.437447
 -2.14468 0.840602 1.70841
 -1.78086 -0.510086 2.12731
 0.782755 0.526467 -2.51102
regression_error on 'test' 0.0922822
classification_error on 'test' 0.105263
Save,2458,0.0922822,0.105263
sample_count 75 Sample index 60
 i 0:0.559279 i 1:0.410364 i 2:0.536492 i 3:0.536988 bias 1
 test_print 3.04312
net matrix:
 -1.14364 -0.00993331 -0.588172
outputs matrix:
 0.0921822 0.495034 0.23571
error matrix:
 -0.0921822 0.504966 -0.23571
delta matrix:
 -0.0154285 0.252458 -0.0849268
weights_delta matrix:
 -0.000862882 0.0141195 -0.00474978
 -0.000633129 0.01036 -0.00348509
 -0.000827726 0.0135442 -0.00455626
 -0.000828491 0.0135567 -0.00456047
 -0.00154285 0.0252458 -0.00849268
weights matrix:
 -0.918071 0.0909658 0.0729842
 1.6893 -1.83299 -0.440932
 -2.14551 0.854146 1.70385
 -1.78169 -0.496529 2.12275
 0.781212 0.551712 -2.51951
regression_error on 'test' 0.0951247
classification_error on 'test' 0.0526316
Save,2459,0.0951247,0.0526316
sample_count 75 Sample index 39
 i 0:0.397609 i 1:0.622103 i 2:0.18871 i 3:0.135476 bias 1
 test_print 2.3439
net matrix:
 0.820841 -0.45851 -2.15568
outputs matrix:
 0.837764 0.285566 0.0132376
error matrix:
 0.162236 -0.285566 -0.0132376
delta matrix:
 0.044101 -0.116521 -0.00034583
weights_delta matrix:
 0.00175349 -0.00463298 -1.37505e-05
 0.00274353 -0.00724881 -2.15142e-05
 0.000832229 -0.00219887 -6.52615e-06
 0.000597462 -0.00157858 -4.68516e-06
 0.0044101 -0.0116521 -3.4583e-05
weights matrix:
 -0.916317 0.0863328 0.0729705
 1.69204 -1.84024 -0.440954
 -2.14468 0.851947 1.70384
 -1.78109 -0.498107 2.12274
 0.785622 0.54006 -2.51955
regression_error on 'test' 0.0942105
classification_error on 'test' 0.0789474
Save,2460,0.0942105,0.0789474
sample_count 75 Sample index 28
 i 0:0.305227 i 1:0.551523 i 2:0.113105 i 3:0.135476 bias 1
 test_print 2.10533
net matrix:
 0.955268 -0.419645 -2.26018
outputs matrix:
 0.871079 0.301684 0.010768
error matrix:
 0.128921 -0.301684 -0.010768
delta matrix:
 0.0289556 -0.127112 -0.000229401
weights_delta matrix:
 0.000883803 -0.00387981 -7.00195e-06
 0.00159697 -0.00701053 -1.2652e-05
 0.000327502 -0.0014377 -2.59465e-06
 0.000392279 -0.00172207 -3.10784e-06
 0.00289556 -0.0127112 -2.29401e-05
weights matrix:
 -0.915434 0.082453 0.0729635
 1.69364 -1.84725 -0.440967
 -2.14435 0.85051 1.70384
 -1.7807 -0.49983 2.12274
 0.788517 0.527349 -2.51957
regression_error on 'test' 0.0933589
classification_error on 'test' 0.105263
Save,2461,0.0933589,0.105263
sample_count 75 Sample index 46
 i 0:0.928809 i 1:0.480944 i 2:0.854032 i 3:0.901998 bias 1
 test_print 4.16578
net matrix:
 -2.68473 -0.00897453 0.705961
outputs matrix:
 0.00463507 0.495513 0.804069
error matrix:
 -0.00463507 -0.495513 0.195931
delta matrix:
 -4.27686e-05 -0.247736 0.0617348
weights_delta matrix:
 -3.97238e-06 -0.02301 0.00573398
 -2.05693e-06 -0.0119147 0.0029691
 -3.65257e-06 -0.0211575 0.00527235
 -3.85772e-06 -0.0223458 0.00556847
 -4.27686e-06 -0.0247736 0.00617348
weights matrix:
 -0.915438 0.0594431 0.0786974
 1.69364 -1.85916 -0.437997
 -2.14435 0.829352 1.70911
 -1.7807 -0.522175 2.12831
 0.788513 0.502575 -2.5134
regression_error on 'test' 0.0902248
classification_error on 'test' 0.0789474
Save,2462,0.0902248,0.0789474
sample_count 75 Sample index 57
 i 0:0.374514 i 1:0.727972 i 2:0.158468 i 3:0.135476 bias 1
 test_print 2.39643
net matrix:
 1.09754 -0.767899 -2.2436
outputs matrix:
 0.899806 0.177147 0.0111269
error matrix:
 0.100194 -0.177147 -0.0111269
delta matrix:
 0.018066 -0.051644 -0.000244863
weights_delta matrix:
 0.000676598 -0.00193414 -9.17045e-06
 0.00131516 -0.00375954 -1.78253e-05
 0.000286289 -0.000818392 -3.88029e-06
 0.000244751 -0.000699653 -3.3173e-06
 0.0018066 -0.0051644 -2.44863e-05
weights matrix:
 -0.914761 0.0575089 0.0786883
 1.69495 -1.86292 -0.438015
 -2.14407 0.828534 1.70911
 -1.78046 -0.522875 2.1283
 0.79032 0.497411 -2.51342
regression_error on 'test' 0.0899427
classification_error on 'test' 0.0789474
Save,2463,0.0899427,0.0789474
sample_count 75 Sample index 47
 i 0:0.282131 i 1:0.516233 i 2:0.158468 i 3:0.0989754 bias 1
 test_print 2.05581
net matrix:
 0.89124 -0.368523 -2.23585
outputs matrix:
 0.856003 0.323651 0.0112988
error matrix:
 0.143997 -0.323651 -0.0112988
delta matrix:
 0.0354988 -0.141695 -0.00025244
weights_delta matrix:
 0.00100153 -0.00399765 -7.12211e-06
 0.00183256 -0.00731475 -1.30318e-05
 0.000562542 -0.00224541 -4.00036e-06
 0.000351351 -0.00140243 -2.49853e-06
 0.00354988 -0.0141695 -2.5244e-05
weights matrix:
 -0.91376 0.0535113 0.0786812
 1.69678 -1.87024 -0.438028
 -2.1435 0.826288 1.70911
 -1.78011 -0.524277 2.1283
 0.79387 0.483241 -2.51345
regression_error on 'test' 0.0893021
classification_error on 'test' 0.0789474
Save,2464,0.0893021,0.0789474
sample_count 75 Sample index 56
 i 0:0.328323 i 1:0.727972 i 2:0.158468 i 3:0.208478 bias 1
 test_print 2.42324
net matrix:
 1.01828 -0.839031 -2.09194
outputs matrix:
 0.884583 0.157352 0.0150104
error matrix:
 0.115417 -0.157352 -0.0150104
delta matrix:
 0.0235672 -0.0417274 -0.000443863
weights_delta matrix:
 0.000773764 -0.00137001 -1.4573e-05
 0.00171562 -0.00303764 -3.2312e-05
 0.000373464 -0.000661246 -7.0338e-06
 0.000491323 -0.000869925 -9.25356e-06
 0.00235672 -0.00417274 -4.43863e-05
weights matrix:
 -0.912986 0.0521413 0.0786666
 1.6985 -1.87328 -0.438061
 -2.14313 0.825627 1.7091
 -1.77961 -0.525147 2.12829
 0.796226 0.479069 -2.51349
regression_error on 'test' 0.0890985
classification_error on 'test' 0.0789474
Save,2465,0.0890985,0.0789474
sample_count 75 Sample index 45
 i 0:0.697853 i 1:0.586813 i 2:0.793548 i 3:0.975 bias 1
 test_print 4.05321
net matrix:
 -2.28 -0.440651 0.715685
outputs matrix:
 0.0103537 0.292908 0.807115
error matrix:
 -0.0103537 -0.292908 0.192885
delta matrix:
 -0.000212178 -0.12133 0.060057
weights_delta matrix:
 -1.48069e-05 -0.00846705 0.00419109
 -1.24509e-05 -0.0071198 0.00352422
 -1.68373e-05 -0.00962812 0.00476581
 -2.06873e-05 -0.0118297 0.00585555
 -2.12178e-05 -0.012133 0.0060057
weights matrix:
 -0.913001 0.0436742 0.0828577
 1.69849 -1.8804 -0.434536
 -2.14315 0.815999 1.71386
 -1.77963 -0.536977 2.13415
 0.796205 0.466936 -2.50748
regression_error on 'test' 0.0878367
classification_error on 'test' 0.0789474
Save,2466,0.0878367,0.0789474
sample_count 75 Sample index 62
 i 0:0.582374 i 1:0.622103 i 2:0.748185 i 3:0.901998 bias 1
 test_print 3.85466
net matrix:
 -1.88757 -0.551264 0.477728
outputs matrix:
 0.0224199 0.249267 0.722211
error matrix:
 -0.0224199 -0.249267 0.277789
delta matrix:
 -0.000982761 -0.0932919 0.111461
weights_delta matrix:
 -5.72335e-05 -0.00543308 0.00649121
 -6.11379e-05 -0.00580372 0.00693403
 -7.35287e-05 -0.00697996 0.00833935
 -8.86449e-05 -0.00841491 0.0100538
 -9.82761e-05 -0.00932919 0.0111461
weights matrix:
 -0.913058 0.0382411 0.0893489
 1.69843 -1.8862 -0.427602
 -2.14322 0.809019 1.7222
 -1.77972 -0.545392 2.1442
 0.796107 0.457607 -2.49634
regression_error on 'test' 0.086721
classification_error on 'test' 0.0789474
Save,2467,0.086721,0.0789474
sample_count 75 Sample index 33
 i 0:0.559279 i 1:0.480944 i 2:0.672581 i 3:0.719493 bias 1
 test_print 3.4323
net matrix:
 -1.61969 -0.276438 0.0490398
outputs matrix:
 0.0377105 0.365198 0.5245
error matrix:
 -0.0377105 -0.365198 0.4755
delta matrix:
 -0.00273691 -0.169326 0.237179
weights_delta matrix:
 -0.00015307 -0.00947006 0.0132649
 -0.00013163 -0.00814365 0.011407
 -0.00018408 -0.0113886 0.0159522
 -0.000196919 -0.0121829 0.0170649
 -0.000273691 -0.0169326 0.0237179
weights matrix:
 -0.913211 0.0287711 0.102614
 1.69829 -1.89434 -0.416195
 -2.14341 0.79763 1.73816
 -1.77992 -0.557575 2.16127
 0.795833 0.440674 -2.47262
regression_error on 'test' 0.0852148
classification_error on 'test' 0.157895
Save,2468,0.0852148,0.157895
sample_count 75 Sample index 54
 i 0:0.305227 i 1:0.622103 i 2:0.158468 i 3:0.135476 bias 1
 test_print 2.22127
net matrix:
 0.992813 -0.67816 -2.13197
outputs matrix:
 0.87928 0.204839 0.0138715
error matrix:
 0.12072 -0.204839 -0.0138715
delta matrix:
 0.0256282 -0.0667283 -0.0003795
weights_delta matrix:
 0.000782242 -0.00203673 -1.15834e-05
 0.00159434 -0.00415119 -2.36088e-05
 0.000406125 -0.00105743 -6.01386e-06
 0.000347201 -0.000904008 -5.14131e-06
 0.00256282 -0.00667283 -3.795e-05
weights matrix:
 -0.912429 0.0267343 0.102602
 1.69989 -1.89849 -0.416219
 -2.143 0.796573 1.73815
 -1.77957 -0.558479 2.16126
 0.798396 0.434001 -2.47266
regression_error on 'test' 0.0850597
classification_error on 'test' 0.157895
Save,2469,0.0850597,0.157895
sample_count 75 Sample index 48
 i 0:0.744044 i 1:0.516233 i 2:0.748185 i 3:0.828996 bias 1
 test_print 3.83746
net matrix:
 -2.08157 -0.393166 0.480951
outputs matrix:
 0.0153202 0.312957 0.723503
error matrix:
 -0.0153202 -0.312957 0.276497
delta matrix:
 -0.000462227 -0.134581 0.110625
weights_delta matrix:
 -3.43917e-05 -0.0100134 0.00823097
 -2.38617e-05 -0.0069475 0.00571081
 -3.45831e-05 -0.0100691 0.00827678
 -3.83184e-05 -0.0111567 0.00917075
 -4.62227e-05 -0.0134581 0.0110625
weights matrix:
 -0.912463 0.0167209 0.110833
 1.69986 -1.90544 -0.410508
 -2.14303 0.786504 1.74643
 -1.77961 -0.569636 2.17043
 0.79835 0.420543 -2.4616
regression_error on 'test' 0.0843541
classification_error on 'test' 0.157895
Save,2470,0.0843541,0.157895
sample_count 75 Sample index 43
 i 0:0.582374 i 1:0.198626 i 2:0.612097 i 3:0.60999 bias 1
 test_print 3.00309
net matrix:
 -1.7927 0.185755 -0.0856624
outputs matrix:
 0.0269777 0.591824 0.457273
error matrix:
 -0.0269777 0.408176 -0.457273
delta matrix:
 -0.00141633 0.197205 -0.226967
weights_delta matrix:
 -8.24833e-05 0.0114847 -0.013218
 -2.8132e-05 0.003917 -0.00450816
 -8.6693e-05 0.0120709 -0.0138926
 -8.63946e-05 0.0120293 -0.0138448
 -0.000141633 0.0197205 -0.0226967
weights matrix:
 -0.912546 0.0282056 0.0976152
 1.69984 -1.90153 -0.415016
 -2.14312 0.798575 1.73253
 -1.7797 -0.557606 2.15659
 0.798208 0.440264 -2.48429
regression_error on 'test' 0.085384
classification_error on 'test' 0.157895
Save,2471,0.085384,0.157895
sample_count 75 Sample index 31
 i 0:0.559279 i 1:0.339785 i 2:0.778427 i 3:0.573489 bias 1
 test_print 3.25098
net matrix:
 -1.82348 0.11178 0.0147159
outputs matrix:
 0.0254078 0.555658 0.507357
error matrix:
 -0.0254078 -0.555658 0.492643
delta matrix:
 -0.00125831 -0.274386 0.246268
weights_delta matrix:
 -7.03748e-05 -0.0153459 0.0137733
 -4.27556e-05 -0.00932324 0.00836782
 -9.79505e-05 -0.021359 0.0191702
 -7.21629e-05 -0.0157358 0.0141232
 -0.000125831 -0.0274386 0.0246268
weights matrix:
 -0.912616 0.0128598 0.111388
 1.69979 -1.91085 -0.406649
 -2.14322 0.777216 1.7517
 -1.77977 -0.573342 2.17071
 0.798082 0.412825 -2.45967
regression_error on 'test' 0.0841142
classification_error on 'test' 0.157895
Save,2472,0.0841142,0.157895
sample_count 75 Sample index 45
 i 0:0.697853 i 1:0.586813 i 2:0.793548 i 3:0.975 bias 1
 test_print 4.05321
net matrix:
 -2.27735 -0.641762 0.885945
outputs matrix:
 0.0104082 0.216951 0.854693
error matrix:
 -0.0104082 -0.216951 0.145307
delta matrix:
 -0.000214405 -0.0737126 0.0360924
weights_delta matrix:
 -1.49623e-05 -0.00514406 0.00251872
 -1.25816e-05 -0.00432555 0.00211795
 -1.70141e-05 -0.00584945 0.0028641
 -2.09045e-05 -0.00718698 0.00351901
 -2.14405e-05 -0.00737126 0.00360924
weights matrix:
 -0.912631 0.00771572 0.113907
 1.69978 -1.91517 -0.404531
 -2.14324 0.771366 1.75457
 -1.77979 -0.580529 2.17423
 0.798061 0.405454 -2.45606
regression_error on 'test' 0.083901
classification_error on 'test' 0.157895
Save,2473,0.083901,0.157895
sample_count 75 Sample index 73
 i 0:0.582374 i 1:0.410364 i 2:0.65746 i 3:0.719493 bias 1
 test_print 3.36969
net matrix:
 -1.72554 -0.286516 0.162177
outputs matrix:
 0.0307366 0.360538 0.580385
error matrix:
 -0.0307366 -0.360538 0.419615
delta matrix:
 -0.0018314 -0.166244 0.204385
weights_delta matrix:
 -0.000106656 -0.00968163 0.0119028
 -7.51541e-05 -0.00682206 0.00838721
 -0.000120407 -0.0109299 0.0134375
 -0.000131768 -0.0119611 0.0147053
 -0.00018314 -0.0166244 0.0204385
weights matrix:
 -0.912737 -0.0019659 0.12581
 1.69971 -1.922 -0.396143
 -2.14336 0.760436 1.76801
 -1.77992 -0.59249 2.18894
 0.797878 0.388829 -2.43562
regression_error on 'test' 0.0836564
classification_error on 'test' 0.157895
Save,2474,0.0836564,0.157895
sample_count 75 Sample index 41
 i 0:0.674757 i 1:0.445654 i 2:0.627218 i 3:0.536988 bias 1
 test_print 3.28462
net matrix:
 -1.36067 -0.310243 -0.242913
outputs matrix:
 0.0617263 0.349671 0.380877
error matrix:
 -0.0617263 0.650329 -0.380877
delta matrix:
 -0.0071499 0.295771 -0.179629
weights_delta matrix:
 -0.000482444 0.0199574 -0.0121206
 -0.000318638 0.0131812 -0.00800525
 -0.000448454 0.0185513 -0.0112667
 -0.000383941 0.0158826 -0.00964588
 -0.00071499 0.0295771 -0.0179629
weights matrix:
 -0.91322 0.0179915 0.113689
 1.69939 -1.90882 -0.404149
 -2.1438 0.778988 1.75674
 -1.78031 -0.576608 2.17929
 0.797163 0.418406 -2.45358
regression_error on 'test' 0.0840835
classification_error on 'test' 0.157895
Save,2475,0.0840835,0.157895
sample_count 75 Sample index 69
 i 0:0.628566 i 1:0.445654 i 2:0.581855 i 3:0.536988 bias 1
 test_print 3.19306
net matrix:
 -1.2229 -0.277329 -0.36981
outputs matrix:
 0.0797456 0.364784 0.323087
error matrix:
 -0.0797456 0.635216 -0.323087
delta matrix:
 -0.0117045 0.29438 -0.141319
weights_delta matrix:
 -0.000735703 0.0185037 -0.00888286
 -0.000521615 0.0131192 -0.00629796
 -0.000681031 0.0171287 -0.00822274
 -0.000628516 0.0158079 -0.00758868
 -0.00117045 0.029438 -0.0141319
weights matrix:
 -0.913956 0.0364952 0.104807
 1.69887 -1.8957 -0.410447
 -2.14449 0.796116 1.74852
 -1.78093 -0.5608 2.1717
 0.795992 0.447844 -2.46771
regression_error on 'test' 0.0851066
classification_error on 'test' 0.157895
Save,2476,0.0851066,0.157895
sample_count 75 Sample index 30
 i 0:0.559279 i 1:0.410364 i 2:0.642339 i 3:0.500487 bias 1
 test_print 3.11247
net matrix:
 -1.28683 -0.0789664 -0.367481
outputs matrix:
 0.0708527 0.460599 0.324107
error matrix:
 -0.0708527 0.539401 -0.324107
delta matrix:
 -0.00932884 0.268026 -0.141999
weights_delta matrix:
 -0.000521742 0.0149901 -0.00794169
 -0.000382822 0.0109988 -0.00582711
 -0.000599228 0.0172163 -0.00912113
 -0.000466896 0.0134143 -0.00710685
 -0.000932884 0.0268026 -0.0141999
weights matrix:
 -0.914477 0.0514853 0.0968649
 1.69848 -1.8847 -0.416274
 -2.14508 0.813333 1.73939
 -1.7814 -0.547385 2.16459
 0.795059 0.474647 -2.48191
regression_error on 'test' 0.0865916
classification_error on 'test' 0.0789474
Save,2477,0.0865916,0.0789474
sample_count 75 Sample index 50
 i 0:0.489992 i 1:0.833841 i 2:0.113105 i 3:0.135476 bias 1
 test_print 2.57241
net matrix:
 1.27928 -1.05383 -2.29157
outputs matrix:
 0.928147 0.108355 0.0101193
error matrix:
 0.0718534 -0.108355 -0.0101193
delta matrix:
 0.00958388 -0.0209372 -0.000202727
weights_delta matrix:
 0.000469603 -0.0010259 -9.93347e-06
 0.000799143 -0.00174583 -1.69042e-05
 0.000108398 -0.00023681 -2.29295e-06
 0.000129839 -0.000283648 -2.74647e-06
 0.000958388 -0.00209372 -2.02727e-05
weights matrix:
 -0.914008 0.0504594 0.0968549
 1.69928 -1.88644 -0.416291
 -2.14498 0.813096 1.73939
 -1.78127 -0.547669 2.16459
 0.796018 0.472553 -2.48193
regression_error on 'test' 0.0865037
classification_error on 'test' 0.0789474
Save,2478,0.0865037,0.0789474
sample_count 75 Sample index 48
 i 0:0.744044 i 1:0.516233 i 2:0.748185 i 3:0.828996 bias 1
 test_print 3.83746
net matrix:
 -2.08833 -0.309416 0.471053
outputs matrix:
 0.0151178 0.350047 0.719525
error matrix:
 -0.0151178 -0.350047 0.280475
delta matrix:
 -0.000450185 -0.159281 0.113205
weights_delta matrix:
 -3.34957e-05 -0.0118512 0.00842292
 -2.324e-05 -0.00822263 0.00584399
 -3.36821e-05 -0.0119172 0.0084698
 -3.73201e-05 -0.0132044 0.00938462
 -4.50185e-05 -0.0159281 0.0113205
weights matrix:
 -0.914041 0.0386082 0.105278
 1.69926 -1.89467 -0.410447
 -2.14501 0.801179 1.74786
 -1.78131 -0.560873 2.17398
 0.795973 0.456625 -2.47061
regression_error on 'test' 0.0853221
classification_error on 'test' 0.157895
Save,2479,0.0853221,0.157895
sample_count 75 Sample index 45
 i 0:0.697853 i 1:0.586813 i 2:0.793548 i 3:0.975 bias 1
 test_print 4.05321
net matrix:
 -2.28369 -0.539324 0.86864
outputs matrix:
 0.0102784 0.253762 0.850341
error matrix:
 -0.0102784 -0.253762 0.149659
delta matrix:
 -0.000209118 -0.0961081 0.0380915
weights_delta matrix:
 -1.45933e-05 -0.00670693 0.00265822
 -1.22713e-05 -0.00563975 0.00223526
 -1.65945e-05 -0.00762664 0.00302274
 -2.0389e-05 -0.00937054 0.00371392
 -2.09118e-05 -0.00961081 0.00380915
weights matrix:
 -0.914056 0.0319013 0.107936
 1.69925 -1.90031 -0.408211
 -2.14503 0.793552 1.75089
 -1.78133 -0.570244 2.17769
 0.795952 0.447014 -2.4668
regression_error on 'test' 0.0847822
classification_error on 'test' 0.157895
Save,2480,0.0847822,0.157895
sample_count 75 Sample index 8
 i 0:0.489992 i 1:0.375074 i 2:0.702823 i 3:0.755994 bias 1
 test_print 3.32388
net matrix:
 -1.86883 -0.123484 0.309858
outputs matrix:
 0.0232559 0.43857 0.650154
error matrix:
 -0.0232559 -0.43857 0.349846
delta matrix:
 -0.00105652 -0.215975 0.159148
weights_delta matrix:
 -5.17684e-05 -0.0105826 0.00779811
 -3.96272e-05 -0.00810066 0.00596922
 -7.42544e-05 -0.0151792 0.0111853
 -7.9872e-05 -0.0163276 0.0120315
 -0.000105652 -0.0215975 0.0159148
weights matrix:
 -0.914108 0.0213187 0.115734
 1.69921 -1.90841 -0.402242
 -2.1451 0.778373 1.76207
 -1.78141 -0.586571 2.18972
 0.795846 0.425417 -2.45089
regression_error on 'test' 0.0839871
classification_error on 'test' 0.157895
Save,2481,0.0839871,0.157895
sample_count 75 Sample index 2
 i 0:0.466896 i 1:0.480944 i 2:0.566734 i 3:0.500487 bias 1
 test_print 3.01506
net matrix:
 -0.920997 -0.334907 -0.495756
outputs matrix:
 0.136816 0.338538 0.270613
error matrix:
 -0.136816 0.661462 -0.270613
delta matrix:
 -0.032315 0.296242 -0.106828
weights_delta matrix:
 -0.00150878 0.0138314 -0.00498777
 -0.00155417 0.0142476 -0.00513784
 -0.0018314 0.0167891 -0.00605432
 -0.00161732 0.0148265 -0.00534662
 -0.0032315 0.0296242 -0.0106828
weights matrix:
 -0.915616 0.0351501 0.110746
 1.69765 -1.89416 -0.40738
 -2.14693 0.795162 1.75602
 -1.78303 -0.571745 2.18437
 0.792615 0.455041 -2.46157
regression_error on 'test' 0.084873
classification_error on 'test' 0.157895
Save,2482,0.084873,0.157895
sample_count 75 Sample index 73
 i 0:0.582374 i 1:0.410364 i 2:0.65746 i 3:0.719493 bias 1
 test_print 3.36969
net matrix:
 -1.73836 -0.190362 0.161903
outputs matrix:
 0.029982 0.405952 0.580252
error matrix:
 -0.029982 -0.405952 0.419748
delta matrix:
 -0.00174394 -0.195795 0.204468
weights_delta matrix:
 -0.000101563 -0.0114026 0.0119077
 -7.1565e-05 -0.00803471 0.00839061
 -0.000114657 -0.0128727 0.0134429
 -0.000125475 -0.0140873 0.0147113
 -0.000174394 -0.0195795 0.0204468
weights matrix:
 -0.915718 0.0237475 0.122654
 1.69758 -1.90219 -0.398989
 -2.14705 0.782289 1.76946
 -1.78315 -0.585832 2.19909
 0.79244 0.435462 -2.44112
regression_error on 'test' 0.084135
classification_error on 'test' 0.157895
Save,2483,0.084135,0.157895
sample_count 75 Sample index 23
 i 0:0.975 i 1:0.763262 i 2:0.899395 i 3:0.792495 bias 1
 test_print 4.43015
net matrix:
 -2.14887 -0.753939 0.708137
outputs matrix:
 0.0134169 0.181254 0.804754
error matrix:
 -0.0134169 -0.181254 0.195246
delta matrix:
 -0.000355194 -0.0537963 0.0613563
weights_delta matrix:
 -3.46314e-05 -0.00524514 0.00598224
 -2.71106e-05 -0.00410607 0.00468309
 -3.19459e-05 -0.00483842 0.00551835
 -2.81489e-05 -0.00426333 0.00486245
 -3.55194e-05 -0.00537963 0.00613563
weights matrix:
 -0.915753 0.0185024 0.128636
 1.69755 -1.9063 -0.394306
 -2.14708 0.777451 1.77498
 -1.78318 -0.590096 2.20395
 0.792405 0.430082 -2.43499
regression_error on 'test' 0.0840015
classification_error on 'test' 0.157895
Save,2484,0.0840015,0.157895
sample_count 75 Sample index 0
 i 0:0.282131 i 1:0.269205 i 2:0.430645 i 3:0.427485 bias 1
 test_print 2.40947
net matrix:
 -0.695879 0.00466498 -0.798306
outputs matrix:
 0.199127 0.502332 0.168456
error matrix:
 -0.199127 0.497668 -0.168456
delta matrix:
 -0.0635119 0.248828 -0.047194
weights_delta matrix:
 -0.00179187 0.00702022 -0.00133149
 -0.00170977 0.00669858 -0.00127049
 -0.00273511 0.0107157 -0.00203239
 -0.00271504 0.010637 -0.00201747
 -0.00635119 0.0248828 -0.0047194
weights matrix:
 -0.917544 0.0255226 0.127305
 1.69584 -1.8996 -0.395577
 -2.14981 0.788166 1.77295
 -1.7859 -0.579459 2.20193
 0.786054 0.454965 -2.43971
regression_error on 'test' 0.0845158
classification_error on 'test' 0.157895
Save,2485,0.0845158,0.157895
sample_count 75 Sample index 0
 i 0:0.282131 i 1:0.269205 i 2:0.430645 i 3:0.427485 bias 1
 test_print 2.40947
net matrix:
 -0.705535 0.0424936 -0.805481
outputs matrix:
 0.196065 0.521234 0.166455
error matrix:
 -0.196065 0.478766 -0.166455
delta matrix:
 -0.0618092 0.238951 -0.0461906
weights_delta matrix:
 -0.00174383 0.00674156 -0.00130318
 -0.00166393 0.00643269 -0.00124347
 -0.00266178 0.0102903 -0.00198918
 -0.00264225 0.0102148 -0.00197458
 -0.00618092 0.0238951 -0.00461906
weights matrix:
 -0.919288 0.0322642 0.126002
 1.69418 -1.89317 -0.39682
 -2.15248 0.798457 1.77096
 -1.78854 -0.569244 2.19996
 0.779873 0.47886 -2.44433
regression_error on 'test' 0.0852431
classification_error on 'test' 0.157895
Save,2486,0.0852431,0.157895
sample_count 75 Sample index 48
 i 0:0.744044 i 1:0.516233 i 2:0.748185 i 3:0.828996 bias 1
 test_print 3.83746
net matrix:
 -2.12267 -0.348957 0.593329
outputs matrix:
 0.0141285 0.332275 0.766143
error matrix:
 -0.0141285 -0.332275 0.233857
delta matrix:
 -0.000393587 -0.147442 0.0837994
weights_delta matrix:
 -2.92846e-05 -0.0109704 0.00623504
 -2.03182e-05 -0.00761146 0.004326
 -2.94476e-05 -0.0110314 0.00626974
 -3.26282e-05 -0.0122229 0.00694694
 -3.93587e-05 -0.0147442 0.00837994
weights matrix:
 -0.919318 0.0212938 0.132237
 1.69416 -1.90078 -0.392494
 -2.15251 0.787425 1.77723
 -1.78857 -0.581467 2.2069
 0.779833 0.464116 -2.43595
regression_error on 'test' 0.0845937
classification_error on 'test' 0.157895
Save,2487,0.0845937,0.157895
sample_count 75 Sample index 14
 i 0:0.697853 i 1:0.516233 i 2:0.778427 i 3:0.938499 bias 1
 test_print 3.93101
net matrix:
 -2.34127 -0.435022 0.908333
outputs matrix:
 0.00917053 0.295245 0.860166
error matrix:
 -0.00917053 -0.295245 0.139834
delta matrix:
 -0.000166655 -0.122866 0.0336388
weights_delta matrix:
 -1.16301e-05 -0.00857427 0.00234749
 -8.60328e-06 -0.00634277 0.00173655
 -1.29729e-05 -0.00956426 0.00261854
 -1.56405e-05 -0.011531 0.003157
 -1.66655e-05 -0.0122866 0.00336388
weights matrix:
 -0.919329 0.0127195 0.134584
 1.69415 -1.90712 -0.390758
 -2.15252 0.777861 1.77984
 -1.78859 -0.592998 2.21006
 0.779817 0.451829 -2.43258
regression_error on 'test' 0.0841657
classification_error on 'test' 0.157895
Save,2488,0.0841657,0.157895
sample_count 75 Sample index 33
 i 0:0.559279 i 1:0.480944 i 2:0.672581 i 3:0.719493 bias 1
 test_print 3.4323
net matrix:
 -1.65417 -0.361759 0.241966
outputs matrix:
 0.0352861 0.326619 0.618676
error matrix:
 -0.0352861 -0.326619 0.381324
delta matrix:
 -0.00240235 -0.143672 0.179921
weights_delta matrix:
 -0.000134358 -0.00803529 0.0100626
 -0.00011554 -0.00690983 0.00865319
 -0.000161578 -0.00966312 0.0121011
 -0.000172848 -0.0103371 0.0129452
 -0.000240235 -0.0143672 0.0179921
weights matrix:
 -0.919464 0.00468423 0.144647
 1.69404 -1.91403 -0.382104
 -2.15268 0.768198 1.79195
 -1.78876 -0.603335 2.22301
 0.779576 0.437462 -2.41459
regression_error on 'test' 0.0841407
classification_error on 'test' 0.157895
Save,2489,0.0841407,0.157895
sample_count 75 Sample index 33
 i 0:0.559279 i 1:0.480944 i 2:0.672581 i 3:0.719493 bias 1
 test_print 3.4323
net matrix:
 -1.65477 -0.39788 0.287201
outputs matrix:
 0.035245 0.310933 0.639778
error matrix:
 -0.035245 -0.310933 0.360222
delta matrix:
 -0.00239686 -0.133237 0.166035
weights_delta matrix:
 -0.000134051 -0.00745167 0.00928599
 -0.000115276 -0.00640796 0.00798535
 -0.000161208 -0.00896127 0.0111672
 -0.000172452 -0.00958631 0.0119461
 -0.000239686 -0.0133237 0.0166035
weights matrix:
 -0.919598 -0.00276744 0.153933
 1.69392 -1.92044 -0.374119
 -2.15284 0.759237 1.80311
 -1.78893 -0.612921 2.23495
 0.779337 0.424138 -2.39799
regression_error on 'test' 0.0843977
classification_error on 'test' 0.157895
Save,2490,0.0843977,0.157895
sample_count 75 Sample index 53
 i 0:0.489992 i 1:0.410364 i 2:0.702823 i 3:0.938499 bias 1
 test_print 3.54168
net matrix:
 -2.16811 -0.406914 0.888681
outputs matrix:
 0.0129168 0.307075 0.855371
error matrix:
 -0.0129168 -0.307075 0.144629
delta matrix:
 -0.000329379 -0.130679 0.0357846
weights_delta matrix:
 -1.61393e-05 -0.00640317 0.00175341
 -1.35165e-05 -0.00536259 0.00146847
 -2.31495e-05 -0.00918442 0.00251502
 -3.09122e-05 -0.0122642 0.00335838
 -3.29379e-05 -0.0130679 0.00357846
weights matrix:
 -0.919614 -0.00917061 0.155686
 1.69391 -1.9258 -0.372651
 -2.15286 0.750052 1.80563
 -1.78896 -0.625185 2.23831
 0.779304 0.41107 -2.39441
regression_error on 'test' 0.0844122
classification_error on 'test' 0.184211
Save,2491,0.0844122,0.184211
sample_count 75 Sample index 61
 i 0:0.697853 i 1:0.480944 i 2:0.687702 i 3:0.682992 bias 1
 test_print 3.54949
net matrix:
 -1.75015 -0.432717 0.305494
outputs matrix:
 0.0293035 0.296205 0.648166
error matrix:
 -0.0293035 0.703795 -0.648166
delta matrix:
 -0.00166707 0.293437 -0.295624
weights_delta matrix:
 -0.000116337 0.0204776 -0.0206302
 -8.01767e-05 0.0141127 -0.0142179
 -0.000114645 0.0201797 -0.0203302
 -0.000113859 0.0200415 -0.0201909
 -0.000166707 0.0293437 -0.0295624
weights matrix:
 -0.91973 0.011307 0.135056
 1.69383 -1.91169 -0.386869
 -2.15298 0.770232 1.7853
 -1.78908 -0.605144 2.21812
 0.779137 0.440414 -2.42397
regression_error on 'test' 0.0840006
classification_error on 'test' 0.157895
Save,2492,0.0840006,0.157895
sample_count 75 Sample index 5
 i 0:0.536183 i 1:0.198626 i 2:0.687702 i 3:0.60999 bias 1
 test_print 3.0325
net matrix:
 -1.94949 0.227324 0.152383
outputs matrix:
 0.01986 0.611744 0.575607
error matrix:
 -0.01986 -0.611744 0.424393
delta matrix:
 -0.00077317 -0.290595 0.207344
weights_delta matrix:
 -4.14561e-05 -0.0155812 0.0111174
 -1.53572e-05 -0.00577196 0.0041184
 -5.31711e-05 -0.0199842 0.0142591
 -4.71626e-05 -0.017726 0.0126478
 -7.7317e-05 -0.0290595 0.0207344
weights matrix:
 -0.919772 -0.00427421 0.146173
 1.69381 -1.91746 -0.38275
 -2.15303 0.750248 1.79956
 -1.78912 -0.62287 2.23077
 0.77906 0.411354 -2.40324
regression_error on 'test' 0.0840668
classification_error on 'test' 0.157895
Save,2493,0.0840668,0.157895
sample_count 75 Sample index 13
 i 0:0.420705 i 1:0.269205 i 2:0.491129 i 3:0.427485 bias 1
 test_print 2.60852
net matrix:
 -0.97415 -0.0044332 -0.607346
outputs matrix:
 0.124739 0.497783 0.228872
error matrix:
 -0.124739 0.502217 -0.228872
delta matrix:
 -0.0272377 0.251103 -0.0807869
weights_delta matrix:
 -0.00114591 0.010564 -0.00339875
 -0.000733254 0.00675983 -0.00217482
 -0.00133772 0.0123324 -0.00396768
 -0.00116437 0.0107343 -0.00345352
 -0.00272377 0.0251103 -0.00807869
weights matrix:
 -0.920917 0.00628984 0.142775
 1.69308 -1.9107 -0.384925
 -2.15437 0.76258 1.79559
 -1.79029 -0.612135 2.22731
 0.776336 0.436465 -2.41132
regression_error on 'test' 0.0841003
classification_error on 'test' 0.157895
Save,2494,0.0841003,0.157895
sample_count 75 Sample index 34
 i 0:0.767139 i 1:0.551523 i 2:0.642339 i 3:0.573489 bias 1
 test_print 3.53449
net matrix:
 -1.40691 -0.473724 -0.083367
outputs matrix:
 0.0565819 0.279398 0.458413
error matrix:
 -0.0565819 0.720602 -0.458413
delta matrix:
 -0.00604073 0.290165 -0.227621
weights_delta matrix:
 -0.000463408 0.0222597 -0.0174617
 -0.00033316 0.0160032 -0.0125538
 -0.00038802 0.0186384 -0.014621
 -0.000346429 0.0166406 -0.0130538
 -0.000604073 0.0290165 -0.0227621
weights matrix:
 -0.921381 0.0285495 0.125313
 1.69275 -1.8947 -0.397479
 -2.15476 0.781218 1.78097
 -1.79063 -0.595495 2.21426
 0.775732 0.465481 -2.43408
regression_error on 'test' 0.0844609
classification_error on 'test' 0.157895
Save,2495,0.0844609,0.157895
sample_count 75 Sample index 61
 i 0:0.697853 i 1:0.480944 i 2:0.687702 i 3:0.682992 bias 1
 test_print 3.54949
net matrix:
 -1.75796 -0.295312 0.199303
outputs matrix:
 0.0288626 0.356492 0.598353
error matrix:
 -0.0288626 0.643508 -0.598353
delta matrix:
 -0.00161801 0.295249 -0.2876
weights_delta matrix:
 -0.000112913 0.020604 -0.0200703
 -7.78173e-05 0.0141998 -0.013832
 -0.000111271 0.0203043 -0.0197783
 -0.000110509 0.0201652 -0.0196429
 -0.000161801 0.0295249 -0.02876
weights matrix:
 -0.921494 0.0491535 0.105243
 1.69267 -1.8805 -0.411311
 -2.15487 0.801523 1.76119
 -1.79074 -0.57533 2.19462
 0.77557 0.495006 -2.46284
regression_error on 'test' 0.0858506
classification_error on 'test' 0.157895
Save,2496,0.0858506,0.157895
sample_count 75 Sample index 35
 i 0:0.189749 i 1:0.233915 i 2:0.128226 i 3:0.171977 bias 1
 test_print 1.72387
net matrix:
 0.412381 0.0682885 -1.93583
outputs matrix:
 0.695246 0.534091 0.0203991
error matrix:
 0.304754 -0.534091 -0.0203991
delta matrix:
 0.129142 -0.265804 -0.000815271
weights_delta matrix:
 0.00245045 -0.00504361 -1.54697e-05
 0.00302082 -0.00621756 -1.90704e-05
 0.00165593 -0.0034083 -1.04539e-05
 0.00222094 -0.00457122 -1.40208e-05
 0.0129142 -0.0265804 -8.15271e-05
weights matrix:
 -0.919043 0.0441099 0.105227
 1.69569 -1.88672 -0.41133
 -2.15321 0.798114 1.76118
 -1.78852 -0.579901 2.1946
 0.788484 0.468426 -2.46292
regression_error on 'test' 0.085079
classification_error on 'test' 0.157895
Save,2497,0.085079,0.157895
sample_count 75 Sample index 73
 i 0:0.582374 i 1:0.410364 i 2:0.65746 i 3:0.719493 bias 1
 test_print 3.36969
net matrix:
 -1.75337 -0.172633 0.166473
outputs matrix:
 0.0291208 0.414531 0.582476
error matrix:
 -0.0291208 -0.414531 0.417524
delta matrix:
 -0.00164665 -0.201209 0.203082
weights_delta matrix:
 -9.58967e-05 -0.0117179 0.011827
 -6.75726e-05 -0.0082569 0.00833375
 -0.000108261 -0.0132287 0.0133518
 -0.000118475 -0.0144769 0.0146116
 -0.000164665 -0.0201209 0.0203082
weights matrix:
 -0.919139 0.032392 0.117054
 1.69562 -1.89497 -0.402996
 -2.15332 0.784886 1.77453
 -1.78864 -0.594378 2.20921
 0.78832 0.448305 -2.44261
regression_error on 'test' 0.0842457
classification_error on 'test' 0.157895
Save,2498,0.0842457,0.157895
sample_count 75 Sample index 71
 i 0:0.143558 i 1:0.480944 i 2:0.0979839 i 3:0.0989754 bias 1
 test_print 1.82146
net matrix:
 1.08385 -0.440344 -2.22709
outputs matrix:
 0.897311 0.293035 0.0114961
error matrix:
 0.102689 -0.293035 -0.0114961
delta matrix:
 0.0189245 -0.121414 -0.000261281
weights_delta matrix:
 0.000271676 -0.00174299 -3.7509e-06
 0.000910163 -0.00583932 -1.25662e-05
 0.00018543 -0.00118966 -2.56014e-06
 0.000187306 -0.0012017 -2.58604e-06
 0.00189245 -0.0121414 -2.61281e-05
weights matrix:
 -0.918868 0.030649 0.11705
 1.69653 -1.90081 -0.403009
 -2.15314 0.783696 1.77453
 -1.78845 -0.595579 2.20921
 0.790212 0.436163 -2.44264
regression_error on 'test' 0.0840636
classification_error on 'test' 0.157895
Save,2499,0.0840636,0.157895
sample_count 75 Sample index 15
 i 0:0.720948 i 1:0.410364 i 2:0.65746 i 3:0.573489 bias 1
 test_print 3.36226
net matrix:
 -1.61731 -0.148075 -0.089991
outputs matrix:
 0.0378836 0.426499 0.455126
error matrix:
 -0.0378836 0.573501 -0.455126
delta matrix:
 -0.0027616 0.280554 -0.22573
weights_delta matrix:
 -0.000199097 0.0202265 -0.0162739
 -0.000113326 0.0115129 -0.00926314
 -0.000181564 0.0184453 -0.0148408
 -0.000158375 0.0160895 -0.0129454
 -0.00027616 0.0280554 -0.022573
weights matrix:
 -0.919067 0.0508755 0.100776
 1.69642 -1.8893 -0.412272
 -2.15332 0.802141 1.75969
 -1.78861 -0.57949 2.19627
 0.789936 0.464219 -2.46521
regression_error on 'test' 0.0851463
classification_error on 'test' 0.157895
Save,2500,0.0851463,0.157895
sample_count 75 Sample index 46
 i 0:0.928809 i 1:0.480944 i 2:0.854032 i 3:0.901998 bias 1
 test_print 4.16578
net matrix:
 -2.70015 -0.234819 0.913969
outputs matrix:
 0.00449496 0.384702 0.861516
error matrix:
 -0.00449496 -0.384702 0.138484
delta matrix:
 -4.02276e-05 -0.182123 0.0330441
weights_delta matrix:
 -3.73638e-06 -0.0169157 0.00306916
 -1.93472e-06 -0.00875908 0.00158923
 -3.43557e-06 -0.0155539 0.00282207
 -3.62852e-06 -0.0164274 0.00298057
 -4.02276e-06 -0.0182123 0.00330441
weights matrix:
 -0.91907 0.0339598 0.103846
 1.69642 -1.89806 -0.410683
 -2.15332 0.786588 1.76251
 -1.78862 -0.595917 2.19925
 0.789932 0.446006 -2.46191
regression_error on 'test' 0.0842323
classification_error on 'test' 0.157895
Save,2501,0.0842323,0.157895
sample_count 75 Sample index 39
 i 0:0.397609 i 1:0.622103 i 2:0.18871 i 3:0.135476 bias 1
 test_print 2.3439
net matrix:
 0.831179 -0.653575 -2.04556
outputs matrix:
 0.840554 0.212964 0.0164457
error matrix:
 0.159446 -0.212964 -0.0164457
delta matrix:
 0.0427387 -0.0713901 -0.000532025
weights_delta matrix:
 0.00169933 -0.00283853 -2.11538e-05
 0.00265879 -0.0044412 -3.30974e-05
 0.000806523 -0.0013472 -1.00398e-05
 0.000579007 -0.000967165 -7.20766e-06
 0.00427387 -0.00713901 -5.32025e-05
weights matrix:
 -0.917371 0.0311212 0.103824
 1.69907 -1.9025 -0.410716
 -2.15251 0.78524 1.7625
 -1.78804 -0.596884 2.19924
 0.794206 0.438867 -2.46196
regression_error on 'test' 0.084083
classification_error on 'test' 0.157895
Save,2502,0.084083,0.157895
sample_count 75 Sample index 23
 i 0:0.975 i 1:0.763262 i 2:0.899395 i 3:0.792495 bias 1
 test_print 4.43015
net matrix:
 -2.15636 -0.749682 0.653855
outputs matrix:
 0.0132199 0.18252 0.78713
error matrix:
 -0.0132199 -0.18252 0.21287
delta matrix:
 -0.000344908 -0.0544665 0.0713356
weights_delta matrix:
 -3.36286e-05 -0.00531048 0.00695522
 -2.63255e-05 -0.00415722 0.00544477
 -3.10209e-05 -0.00489869 0.00641589
 -2.73338e-05 -0.00431644 0.00565331
 -3.44908e-05 -0.00544665 0.00713356
weights matrix:
 -0.917405 0.0258107 0.11078
 1.69905 -1.90666 -0.405271
 -2.15255 0.780342 1.76892
 -1.78807 -0.601201 2.20489
 0.794171 0.433421 -2.45483
regression_error on 'test' 0.0838596
classification_error on 'test' 0.157895
Save,2503,0.0838596,0.157895
sample_count 75 Sample index 68
 i 0:0.305227 i 1:0.657392 i 2:0.173589 i 3:0.281481 bias 1
 test_print 2.41769
net matrix:
 0.754131 -0.84589 -1.75974
outputs matrix:
 0.818803 0.155542 0.0287633
error matrix:
 0.181197 -0.155542 -0.0287633
delta matrix:
 0.0537662 -0.0408604 -0.00160706
weights_delta matrix:
 0.00164109 -0.00124717 -4.90518e-05
 0.00353455 -0.00268613 -0.000105647
 0.000933323 -0.000709291 -2.78968e-05
 0.00151342 -0.00115014 -4.52357e-05
 0.00537662 -0.00408604 -0.000160706
weights matrix:
 -0.915764 0.0245636 0.110731
 1.70258 -1.90934 -0.405376
 -2.15161 0.779632 1.76889
 -1.78655 -0.602351 2.20485
 0.799548 0.429335 -2.45499
regression_error on 'test' 0.0837819
classification_error on 'test' 0.157895
Save,2504,0.0837819,0.157895
sample_count 75 Sample index 15
 i 0:0.720948 i 1:0.410364 i 2:0.65746 i 3:0.573489 bias 1
 test_print 3.36226
net matrix:
 -1.60116 -0.169347 -0.114079
outputs matrix:
 0.0390787 0.416127 0.443207
error matrix:
 -0.0390787 0.583873 -0.443207
delta matrix:
 -0.00293493 0.283722 -0.218744
weights_delta matrix:
 -0.000211593 0.0204549 -0.0157703
 -0.000120439 0.0116429 -0.00897647
 -0.00019296 0.0186536 -0.0143816
 -0.000168315 0.0162711 -0.0125447
 -0.000293493 0.0283722 -0.0218744
weights matrix:
 -0.915975 0.0450184 0.0949603
 1.70246 -1.8977 -0.414353
 -2.15181 0.798286 1.75451
 -1.78672 -0.58608 2.1923
 0.799254 0.457707 -2.47686
regression_error on 'test' 0.0848454
classification_error on 'test' 0.131579
Save,2505,0.0848454,0.131579
sample_count 75 Sample index 64
 i 0:0.282131 i 1:0.516233 i 2:0.158468 i 3:0.0989754 bias 1
 test_print 2.05581
net matrix:
 0.901863 -0.440752 -2.16896
outputs matrix:
 0.858602 0.292866 0.0128953
error matrix:
 0.141398 -0.292866 -0.0128953
delta matrix:
 0.0343328 -0.121303 -0.00032829
weights_delta matrix:
 0.000968634 -0.00342232 -9.26208e-06
 0.00177237 -0.00626204 -1.69474e-05
 0.000544065 -0.00192226 -5.20235e-06
 0.00033981 -0.0012006 -3.24926e-06
 0.00343328 -0.0121303 -3.2829e-05
weights matrix:
 -0.915007 0.0415961 0.0949511
 1.70423 -1.90396 -0.41437
 -2.15126 0.796364 1.7545
 -1.78638 -0.587281 2.1923
 0.802688 0.445577 -2.47689
regression_error on 'test' 0.0845766
classification_error on 'test' 0.157895
Save,2506,0.0845766,0.157895
sample_count 75 Sample index 62
 i 0:0.582374 i 1:0.622103 i 2:0.748185 i 3:0.901998 bias 1
 test_print 3.85466
net matrix:
 -1.89083 -0.648558 0.610763
outputs matrix:
 0.0222772 0.214651 0.772332
error matrix:
 -0.0222772 -0.214651 0.227668
delta matrix:
 -0.000970435 -0.0723698 0.0800641
weights_delta matrix:
 -5.65156e-05 -0.00421463 0.00466272
 -6.03711e-05 -0.00450215 0.00498081
 -7.26065e-05 -0.0054146 0.00599027
 -8.75331e-05 -0.00652774 0.00722176
 -9.70435e-05 -0.00723698 0.00800641
weights matrix:
 -0.915063 0.0373815 0.0996138
 1.70417 -1.90846 -0.409389
 -2.15133 0.790949 1.76049
 -1.78647 -0.593808 2.19952
 0.802591 0.43834 -2.46889
regression_error on 'test' 0.084192
classification_error on 'test' 0.157895
Save,2507,0.084192,0.157895
sample_count 75 Sample index 45
 i 0:0.697853 i 1:0.586813 i 2:0.793548 i 3:0.975 bias 1
 test_print 4.05321
net matrix:
 -2.28495 -0.606792 0.901961
outputs matrix:
 0.0102528 0.229067 0.858626
error matrix:
 -0.0102528 -0.229067 0.141374
delta matrix:
 -0.000208084 -0.0809045 0.0343222
weights_delta matrix:
 -1.45212e-05 -0.00564595 0.00239519
 -1.22106e-05 -0.00474758 0.00201407
 -1.65125e-05 -0.00642016 0.00272363
 -2.02882e-05 -0.00788819 0.00334641
 -2.08084e-05 -0.00809045 0.00343222
weights matrix:
 -0.915078 0.0317355 0.102009
 1.70416 -1.91321 -0.407375
 -2.15135 0.784529 1.76321
 -1.78649 -0.601696 2.20287
 0.80257 0.430249 -2.46546
regression_error on 'test' 0.083891
classification_error on 'test' 0.157895
Save,2508,0.083891,0.157895
sample_count 75 Sample index 39
 i 0:0.397609 i 1:0.622103 i 2:0.18871 i 3:0.135476 bias 1
 test_print 2.3439
net matrix:
 0.850884 -0.680815 -2.04715
outputs matrix:
 0.845765 0.203976 0.0163941
error matrix:
 0.154235 -0.203976 -0.0163941
delta matrix:
 0.0402387 -0.0662389 -0.000528718
weights_delta matrix:
 0.00159993 -0.00263372 -2.10223e-05
 0.00250326 -0.00412074 -3.28917e-05
 0.000759344 -0.00124999 -9.97744e-06
 0.000545137 -0.000897378 -7.16286e-06
 0.00402387 -0.00662389 -5.28718e-05
weights matrix:
 -0.913478 0.0291018 0.101988
 1.70667 -1.91733 -0.407408
 -2.15059 0.783279 1.7632
 -1.78594 -0.602594 2.20286
 0.806594 0.423625 -2.46551
regression_error on 'test' 0.0837923
classification_error on 'test' 0.157895
Save,2509,0.0837923,0.157895
sample_count 75 Sample index 12
 i 0:0.166653 i 1:0.480944 i 2:0.128226 i 3:0.135476 bias 1
 test_print 1.9113
net matrix:
 0.957456 -0.474855 -2.11993
outputs matrix:
 0.87157 0.278943 0.014205
error matrix:
 0.12843 -0.278943 -0.014205
delta matrix:
 0.0287518 -0.11221 -0.000397829
weights_delta matrix:
 0.000479157 -0.00187001 -6.62994e-06
 0.0013828 -0.00539667 -1.91333e-05
 0.000368673 -0.00143882 -5.1012e-06
 0.000389518 -0.00152017 -5.38963e-06
 0.00287518 -0.011221 -3.97829e-05
weights matrix:
 -0.912999 0.0272318 0.101981
 1.70805 -1.92273 -0.407427
 -2.15022 0.78184 1.7632
 -1.78555 -0.604114 2.20286
 0.809469 0.412404 -2.46555
regression_error on 'test' 0.0836919
classification_error on 'test' 0.157895
Save,2510,0.0836919,0.157895
sample_count 75 Sample index 67
 i 0:0.443801 i 1:0.375074 i 2:0.566734 i 3:0.536988 bias 1
 test_print 2.9226
net matrix:
 -1.1325 -0.177983 -0.390932
outputs matrix:
 0.0940633 0.411937 0.313918
error matrix:
 -0.0940633 0.588063 -0.313918
delta matrix:
 -0.0160313 0.284911 -0.135219
weights_delta matrix:
 -0.000711469 0.0126444 -0.00600105
 -0.000601291 0.0106863 -0.00507173
 -0.000908546 0.0161469 -0.00766334
 -0.00086086 0.0152994 -0.00726112
 -0.00160313 0.0284911 -0.0135219
weights matrix:
 -0.91371 0.0398762 0.0959803
 1.70745 -1.91204 -0.412499
 -2.15113 0.797987 1.75554
 -1.78641 -0.588815 2.19559
 0.807866 0.440895 -2.47907
regression_error on 'test' 0.084424
classification_error on 'test' 0.157895
Save,2511,0.084424,0.157895
sample_count 75 Sample index 47
 i 0:0.282131 i 1:0.516233 i 2:0.158468 i 3:0.0989754 bias 1
 test_print 2.05581
net matrix:
 0.913824 -0.466737 -2.16943
outputs matrix:
 0.861481 0.28222 0.0128832
error matrix:
 0.138519 -0.28222 -0.0128832
delta matrix:
 0.0330592 -0.11434 -0.000327679
weights_delta matrix:
 0.000932704 -0.00322588 -9.24484e-06
 0.00170663 -0.00590261 -1.69159e-05
 0.000523883 -0.00181192 -5.19267e-06
 0.000327205 -0.00113168 -3.24322e-06
 0.00330592 -0.011434 -3.27679e-05
weights matrix:
 -0.912777 0.0366503 0.095971
 1.70915 -1.91795 -0.412516
 -2.15061 0.796175 1.75553
 -1.78609 -0.589946 2.19559
 0.811172 0.429461 -2.4791
regression_error on 'test' 0.0842297
classification_error on 'test' 0.157895
Save,2512,0.0842297,0.157895
sample_count 75 Sample index 14
 i 0:0.697853 i 1:0.516233 i 2:0.778427 i 3:0.938499 bias 1
 test_print 3.93101
net matrix:
 -2.29382 -0.468969 0.802029
outputs matrix:
 0.0100743 0.281317 0.832585
error matrix:
 -0.0100743 -0.281317 0.167415
delta matrix:
 -0.000200937 -0.113752 0.0466711
weights_delta matrix:
 -1.40225e-05 -0.00793822 0.00325696
 -1.0373e-05 -0.00587226 0.00240932
 -1.56415e-05 -0.00885477 0.003633
 -1.88579e-05 -0.0106756 0.00438008
 -2.00937e-05 -0.0113752 0.00466711
weights matrix:
 -0.912791 0.0287121 0.099228
 1.70914 -1.92382 -0.410106
 -2.15062 0.78732 1.75916
 -1.78611 -0.600622 2.19997
 0.811152 0.418086 -2.47444
regression_error on 'test' 0.0838321
classification_error on 'test' 0.157895
Save,2513,0.0838321,0.157895
sample_count 75 Sample index 42
 i 0:0.651661 i 1:0.551523 i 2:0.702823 i 3:0.792495 bias 1
 test_print 3.6985
net matrix:
 -1.76803 -0.546876 0.343891
outputs matrix:
 0.0283032 0.250912 0.665473
error matrix:
 -0.0283032 -0.250912 0.334527
delta matrix:
 -0.0015568 -0.0943206 0.148944
weights_delta matrix:
 -0.000101451 -0.0061465 0.00970608
 -8.58611e-05 -0.005202 0.00821458
 -0.000109415 -0.00662907 0.0104681
 -0.000123376 -0.00747486 0.0118037
 -0.00015568 -0.00943206 0.0148944
weights matrix:
 -0.912893 0.0225656 0.108934
 1.70906 -1.92902 -0.401892
 -2.15073 0.780691 1.76963
 -1.78623 -0.608097 2.21177
 0.810996 0.408654 -2.45954
regression_error on 'test' 0.083552
classification_error on 'test' 0.157895
Save,2514,0.083552,0.157895
sample_count 75 Sample index 47
 i 0:0.282131 i 1:0.516233 i 2:0.158468 i 3:0.0989754 bias 1
 test_print 2.05581
net matrix:
 0.918097 -0.517275 -2.13694
outputs matrix:
 0.862498 0.262203 0.0137364
error matrix:
 0.137502 -0.262203 -0.0137364
delta matrix:
 0.0326141 -0.101448 -0.000372195
weights_delta matrix:
 0.000920146 -0.00286215 -1.05008e-05
 0.00168365 -0.00523706 -1.92139e-05
 0.00051683 -0.00160762 -5.8981e-06
 0.0003228 -0.00100408 -3.68381e-06
 0.00326141 -0.0101448 -3.72195e-05
weights matrix:
 -0.911973 0.0197034 0.108924
 1.71074 -1.93426 -0.401911
 -2.15022 0.779084 1.76963
 -1.78591 -0.609101 2.21177
 0.814257 0.398509 -2.45958
regression_error on 'test' 0.0834993
classification_error on 'test' 0.157895
Save,2515,0.0834993,0.157895
sample_count 75 Sample index 66
 i 0:0.60547 i 1:0.304495 i 2:0.672581 i 3:0.60999 bias 1
 test_print 3.19254
net matrix:
 -1.75258 -0.0260811 0.0233667
outputs matrix:
 0.0291657 0.486962 0.511681
error matrix:
 -0.0291657 0.513038 -0.511681
delta matrix:
 -0.00165166 0.256344 -0.255701
weights_delta matrix:
 -0.000100003 0.0155209 -0.0154819
 -5.02921e-05 0.00780556 -0.00778597
 -0.000111087 0.0172412 -0.017198
 -0.000100749 0.0156368 -0.0155975
 -0.000165166 0.0256344 -0.0255701
weights matrix:
 -0.912073 0.0352243 0.0934416
 1.71069 -1.92645 -0.409697
 -2.15033 0.796325 1.75243
 -1.78601 -0.593464 2.19617
 0.814092 0.424144 -2.48515
regression_error on 'test' 0.0841586
classification_error on 'test' 0.157895
Save,2516,0.0841586,0.157895
sample_count 75 Sample index 42
 i 0:0.651661 i 1:0.551523 i 2:0.702823 i 3:0.792495 bias 1
 test_print 3.6985
net matrix:
 -1.76349 -0.526026 0.32189
outputs matrix:
 0.0285545 0.258831 0.655607
error matrix:
 -0.0285545 -0.258831 0.344393
delta matrix:
 -0.00158416 -0.0993071 0.155518
weights_delta matrix:
 -0.000103233 -0.00647145 0.0101345
 -8.73698e-05 -0.00547701 0.00857719
 -0.000111338 -0.00697953 0.0109302
 -0.000125544 -0.00787004 0.0123248
 -0.000158416 -0.00993071 0.0155518
weights matrix:
 -0.912176 0.0287528 0.103576
 1.7106 -1.93193 -0.40112
 -2.15044 0.789345 1.76336
 -1.78613 -0.601334 2.2085
 0.813934 0.414213 -2.4696
regression_error on 'test' 0.0837264
classification_error on 'test' 0.157895
Save,2517,0.0837264,0.157895
sample_count 75 Sample index 21
 i 0:0.836426 i 1:0.445654 i 2:0.884274 i 3:0.719493 bias 1
 test_print 3.88585
net matrix:
 -2.37338 -0.157367 0.586567
outputs matrix:
 0.00860504 0.42196 0.763711
error matrix:
 -0.00860504 -0.42196 0.236289
delta matrix:
 -0.000146819 -0.20584 0.0852797
weights_delta matrix:
 -1.22803e-05 -0.017217 0.00713301
 -6.54305e-06 -0.00917334 0.00380052
 -1.29828e-05 -0.0182019 0.00754106
 -1.05635e-05 -0.01481 0.00613581
 -1.46819e-05 -0.020584 0.00852797
weights matrix:
 -0.912188 0.0115358 0.110709
 1.7106 -1.9411 -0.397319
 -2.15045 0.771143 1.7709
 -1.78614 -0.616144 2.21463
 0.813919 0.393629 -2.46107
regression_error on 'test' 0.0834018
classification_error on 'test' 0.157895
Save,2518,0.0834018,0.157895
sample_count 75 Sample index 5
 i 0:0.536183 i 1:0.198626 i 2:0.687702 i 3:0.60999 bias 1
 test_print 3.0325
net matrix:
 -1.90381 0.168736 0.0881294
outputs matrix:
 0.0217188 0.583576 0.543951
error matrix:
 -0.0217188 -0.583576 0.456049
delta matrix:
 -0.00092292 -0.283636 0.226263
weights_delta matrix:
 -4.94854e-05 -0.0152081 0.0121318
 -1.83316e-05 -0.00563374 0.00449416
 -6.34694e-05 -0.0195057 0.0155601
 -5.62972e-05 -0.0173015 0.0138018
 -9.2292e-05 -0.0283636 0.0226263
weights matrix:
 -0.912238 -0.00367222 0.122841
 1.71058 -1.94674 -0.392825
 -2.15051 0.751638 1.78646
 -1.7862 -0.633446 2.22844
 0.813827 0.365266 -2.43844
regression_error on 'test' 0.0835689
classification_error on 'test' 0.184211
Save,2519,0.0835689,0.184211
sample_count 75 Sample index 1
 i 0:0.582374 i 1:0.445654 i 2:0.581855 i 3:0.536988 bias 1
 test_print 3.14687
net matrix:
 -1.16557 -0.407252 -0.305863
outputs matrix:
 0.0885773 0.306931 0.351665
error matrix:
 -0.0885773 0.693069 -0.351665
delta matrix:
 -0.0143019 0.294865 -0.160357
weights_delta matrix:
 -0.000832907 0.0171722 -0.00933878
 -0.000637371 0.0131408 -0.00714638
 -0.000832165 0.0171569 -0.00933046
 -0.000767997 0.0158339 -0.00861099
 -0.00143019 0.0294865 -0.0160357
weights matrix:
 -0.913071 0.0135 0.113502
 1.70994 -1.9336 -0.399971
 -2.15135 0.768795 1.77713
 -1.78697 -0.617612 2.21983
 0.812397 0.394752 -2.45448
regression_error on 'test' 0.0833788
classification_error on 'test' 0.157895
Save,2520,0.0833788,0.157895
sample_count 75 Sample index 54
 i 0:0.305227 i 1:0.622103 i 2:0.158468 i 3:0.135476 bias 1
 test_print 2.22127
net matrix:
 1.01445 -0.765865 -2.08631
outputs matrix:
 0.883798 0.177741 0.015178
error matrix:
 0.116202 -0.177741 -0.015178
delta matrix:
 0.0238675 -0.0519532 -0.00045375
weights_delta matrix:
 0.000728501 -0.00158575 -1.38497e-05
 0.0014848 -0.00323203 -2.8228e-05
 0.000378223 -0.000823293 -7.19049e-06
 0.000323347 -0.000703842 -6.14723e-06
 0.00238675 -0.00519532 -4.5375e-05
weights matrix:
 -0.912342 0.0119142 0.113488
 1.71143 -1.93683 -0.4
 -2.15097 0.767971 1.77712
 -1.78664 -0.618316 2.21982
 0.814783 0.389557 -2.45452
regression_error on 'test' 0.083373
classification_error on 'test' 0.157895
Save,2521,0.083373,0.157895
sample_count 75 Sample index 36
 i 0:0.744044 i 1:0.516233 i 2:0.702823 i 3:0.901998 bias 1
 test_print 3.8651
net matrix:
 -2.10384 -0.619404 0.674698
outputs matrix:
 0.0146625 0.224643 0.794031
error matrix:
 -0.0146625 -0.224643 0.205969
delta matrix:
 -0.000423676 -0.0782563 0.0673708
weights_delta matrix:
 -3.15233e-05 -0.00582261 0.00501268
 -2.18715e-05 -0.00403985 0.0034779
 -2.97769e-05 -0.00550003 0.00473498
 -3.82155e-05 -0.0070587 0.00607683
 -4.23676e-05 -0.00782563 0.00673708
weights matrix:
 -0.912374 0.00609161 0.118501
 1.7114 -1.94087 -0.396522
 -2.151 0.762471 1.78186
 -1.78668 -0.625374 2.2259
 0.814741 0.381731 -2.44779
regression_error on 'test' 0.0833939
classification_error on 'test' 0.157895
Save,2522,0.0833939,0.157895
sample_count 75 Sample index 39
 i 0:0.397609 i 1:0.622103 i 2:0.18871 i 3:0.135476 bias 1
 test_print 2.3439
net matrix:
 0.868675 -0.764103 -2.00954
outputs matrix:
 0.85035 0.178256 0.0176524
error matrix:
 0.14965 -0.178256 -0.0176524
delta matrix:
 0.0380873 -0.0522223 -0.000612212
weights_delta matrix:
 0.00151438 -0.00207641 -2.43421e-05
 0.00236942 -0.00324876 -3.80859e-05
 0.000718745 -0.000985487 -1.1553e-05
 0.000515991 -0.000707487 -8.294e-06
 0.00380873 -0.00522223 -6.12212e-05
weights matrix:
 -0.910859 0.00401521 0.118477
 1.71377 -1.94412 -0.39656
 -2.15028 0.761486 1.78185
 -1.78617 -0.626082 2.22589
 0.81855 0.376509 -2.44785
regression_error on 'test' 0.0834076
classification_error on 'test' 0.157895
Save,2523,0.0834076,0.157895
sample_count 75 Sample index 36
 i 0:0.744044 i 1:0.516233 i 2:0.702823 i 3:0.901998 bias 1
 test_print 3.8651
net matrix:
 -2.09685 -0.653655 0.695655
outputs matrix:
 0.0148661 0.212937 0.800801
error matrix:
 -0.0148661 -0.212937 0.199199
delta matrix:
 -0.000435431 -0.0713744 0.0635519
weights_delta matrix:
 -3.2398e-05 -0.00531057 0.00472854
 -2.24784e-05 -0.00368458 0.00328076
 -3.06031e-05 -0.00501636 0.00446657
 -3.92758e-05 -0.00643796 0.00573237
 -4.35431e-05 -0.00713744 0.00635519
weights matrix:
 -0.910892 -0.00129537 0.123205
 1.71375 -1.9478 -0.393279
 -2.15031 0.756469 1.78631
 -1.78621 -0.63252 2.23162
 0.818506 0.369371 -2.44149
regression_error on 'test' 0.0835091
classification_error on 'test' 0.157895
Save,2524,0.0835091,0.157895
sample_count 75 Sample index 26
 i 0:0.489992 i 1:0.339785 i 2:0.536492 i 3:0.500487 bias 1
 test_print 2.86676
net matrix:
 -1.09311 -0.203825 -0.439515
outputs matrix:
 0.100994 0.399476 0.293379
error matrix:
 -0.100994 0.600524 -0.293379
delta matrix:
 -0.0183394 0.288125 -0.121639
weights_delta matrix:
 -0.000898617 0.0141179 -0.00596024
 -0.000623146 0.00979007 -0.00413313
 -0.000983895 0.0154577 -0.00652586
 -0.000917864 0.0144203 -0.0060879
 -0.00183394 0.0288125 -0.0121639
weights matrix:
 -0.91179 0.0128225 0.117245
 1.71313 -1.93801 -0.397412
 -2.15129 0.771927 1.77979
 -1.78712 -0.6181 2.22553
 0.816672 0.398184 -2.45366
regression_error on 'test' 0.0833746
classification_error on 'test' 0.157895
Save,2525,0.0833746,0.157895
sample_count 75 Sample index 50
 i 0:0.489992 i 1:0.833841 i 2:0.113105 i 3:0.135476 bias 1
 test_print 2.57241
net matrix:
 1.31294 -1.20795 -2.22478
outputs matrix:
 0.932509 0.0819676 0.0115488
error matrix:
 0.0674908 -0.0819676 -0.0115488
delta matrix:
 0.00849517 -0.0123359 -0.000263671
weights_delta matrix:
 0.000416256 -0.000604451 -1.29196e-05
 0.000708362 -0.00102862 -2.19859e-05
 9.60846e-05 -0.000139526 -2.98225e-06
 0.000115089 -0.000167122 -3.5721e-06
 0.000849517 -0.00123359 -2.63671e-05
weights matrix:
 -0.911374 0.0122181 0.117232
 1.71384 -1.93904 -0.397434
 -2.1512 0.771788 1.77978
 -1.78701 -0.618267 2.22553
 0.817522 0.39695 -2.45368
regression_error on 'test' 0.0833707
classification_error on 'test' 0.157895
Save,2526,0.0833707,0.157895
sample_count 75 Sample index 74
 i 0:0.443801 i 1:0.480944 i 2:0.551613 i 3:0.536988 bias 1
 test_print 3.01335
net matrix:
 -0.908918 -0.43647 -0.415965
outputs matrix:
 0.139694 0.294643 0.303237
error matrix:
 -0.139694 0.705357 -0.303237
delta matrix:
 -0.0335766 0.293187 -0.128138
weights_delta matrix:
 -0.00149013 0.0130116 -0.0056868
 -0.00161485 0.0141006 -0.00616274
 -0.00185213 0.0161726 -0.00706828
 -0.00180302 0.0157438 -0.00688088
 -0.00335766 0.0293187 -0.0128138
weights matrix:
 -0.912864 0.0252297 0.111545
 1.71222 -1.92494 -0.403597
 -2.15305 0.78796 1.77271
 -1.78881 -0.602523 2.21865
 0.814164 0.426269 -2.4665
regression_error on 'test' 0.0836591
classification_error on 'test' 0.157895
Save,2527,0.0836591,0.157895
sample_count 75 Sample index 61
 i 0:0.697853 i 1:0.480944 i 2:0.687702 i 3:0.682992 bias 1
 test_print 3.54949
net matrix:
 -1.7018 -0.351548 0.151656
outputs matrix:
 0.0321832 0.331126 0.575252
error matrix:
 -0.0321832 0.668874 -0.575252
delta matrix:
 -0.00200485 0.296287 -0.281111
weights_delta matrix:
 -0.000139909 0.0206764 -0.0196174
 -9.64222e-05 0.0142497 -0.0135199
 -0.000137874 0.0203757 -0.019332
 -0.00013693 0.0202361 -0.0191996
 -0.000200485 0.0296287 -0.0281111
weights matrix:
 -0.913004 0.0459062 0.0919279
 1.71212 -1.91069 -0.417117
 -2.15319 0.808336 1.75338
 -1.78895 -0.582287 2.19945
 0.813964 0.455898 -2.49461
regression_error on 'test' 0.0849211
classification_error on 'test' 0.157895
Save,2528,0.0849211,0.157895
sample_count 75 Sample index 49
 i 0:0.397609 i 1:0.480944 i 2:0.612097 i 3:0.60999 bias 1
 test_print 3.10064
net matrix:
 -1.13482 -0.305193 -0.243785
outputs matrix:
 0.0936689 0.351971 0.380466
error matrix:
 -0.0936689 0.648029 -0.380466
delta matrix:
 -0.0159041 0.295615 -0.179361
weights_delta matrix:
 -0.00063236 0.0117539 -0.00713154
 -0.000764896 0.0142174 -0.00862624
 -0.000973483 0.0180945 -0.0109786
 -0.000970132 0.0180322 -0.0109408
 -0.00159041 0.0295615 -0.0179361
weights matrix:
 -0.913636 0.0576601 0.0847963
 1.71136 -1.89647 -0.425743
 -2.15416 0.82643 1.7424
 -1.78992 -0.564255 2.18851
 0.812373 0.485459 -2.51254
regression_error on 'test' 0.0866999
classification_error on 'test' 0.0789474
Save,2529,0.0866999,0.0789474
sample_count 75 Sample index 48
 i 0:0.744044 i 1:0.516233 i 2:0.748185 i 3:0.828996 bias 1
 test_print 3.83746
net matrix:
 -2.0795 -0.300102 0.44867
outputs matrix:
 0.0153829 0.354297 0.710402
error matrix:
 -0.0153829 -0.354297 0.289598
delta matrix:
 -0.000465987 -0.162105 0.119158
weights_delta matrix:
 -3.46715e-05 -0.0120614 0.0088659
 -2.40558e-05 -0.00836842 0.00615134
 -3.48645e-05 -0.0121285 0.00891524
 -3.86301e-05 -0.0134385 0.00987817
 -4.65987e-05 -0.0162105 0.0119158
weights matrix:
 -0.913671 0.0455987 0.0936622
 1.71134 -1.90484 -0.419592
 -2.1542 0.814302 1.75132
 -1.78996 -0.577693 2.19839
 0.812327 0.469249 -2.50063
regression_error on 'test' 0.0853596
classification_error on 'test' 0.105263
Save,2530,0.0853596,0.105263
sample_count 75 Sample index 53
 i 0:0.489992 i 1:0.410364 i 2:0.702823 i 3:0.938499 bias 1
 test_print 3.54168
net matrix:
 -2.12699 -0.25994 0.66713
outputs matrix:
 0.0140087 0.37288 0.791544
error matrix:
 -0.0140087 -0.37288 0.208456
delta matrix:
 -0.000386987 -0.174389 0.0687911
weights_delta matrix:
 -1.89621e-05 -0.00854492 0.00337071
 -1.58806e-05 -0.0071563 0.00282294
 -2.71984e-05 -0.0122565 0.0048348
 -3.63187e-05 -0.0163664 0.00645604
 -3.86987e-05 -0.0174389 0.00687911
weights matrix:
 -0.91369 0.0370538 0.0970329
 1.71132 -1.912 -0.416769
 -2.15422 0.802045 1.75615
 -1.78999 -0.594059 2.20484
 0.812288 0.45181 -2.49375
regression_error on 'test' 0.0844456
classification_error on 'test' 0.157895
Save,2531,0.0844456,0.157895
sample_count 75 Sample index 72
 i 0:0.905713 i 1:0.480944 i 2:0.929637 i 3:0.828996 bias 1
 test_print 4.14529
net matrix:
 -2.67875 -0.181055 0.854083
outputs matrix:
 0.0046906 0.410449 0.846598
error matrix:
 -0.0046906 -0.410449 0.153402
delta matrix:
 -4.3797e-05 -0.198641 0.0398445
weights_delta matrix:
 -3.96675e-06 -0.0179912 0.00360877
 -2.10639e-06 -0.00955354 0.0019163
 -4.07153e-06 -0.0184664 0.00370409
 -3.63076e-06 -0.0164673 0.00330309
 -4.3797e-06 -0.0198641 0.00398445
weights matrix:
 -0.913694 0.0190626 0.100642
 1.71132 -1.92155 -0.414853
 -2.15423 0.783579 1.75986
 -1.79 -0.610527 2.20814
 0.812284 0.431946 -2.48976
regression_error on 'test' 0.0836884
classification_error on 'test' 0.157895
Save,2532,0.0836884,0.157895
sample_count 75 Sample index 64
 i 0:0.282131 i 1:0.516233 i 2:0.158468 i 3:0.0989754 bias 1
 test_print 2.05581
net matrix:
 0.919399 -0.490898 -2.1781
outputs matrix:
 0.862807 0.272535 0.0126646
error matrix:
 0.137193 -0.272535 -0.0126646
delta matrix:
 0.0324796 -0.108066 -0.000316724
weights_delta matrix:
 0.000916349 -0.00304887 -8.93576e-06
 0.0016767 -0.00557871 -1.63503e-05
 0.000514697 -0.00171249 -5.01906e-06
 0.000321468 -0.00106958 -3.13479e-06
 0.00324796 -0.0108066 -3.16724e-05
weights matrix:
 -0.912778 0.0160137 0.100633
 1.71299 -1.92713 -0.414869
 -2.15371 0.781866 1.75985
 -1.78968 -0.611596 2.20814
 0.815531 0.421139 -2.4898
regression_error on 'test' 0.0835908
classification_error on 'test' 0.157895
Save,2533,0.0835908,0.157895
sample_count 75 Sample index 2
 i 0:0.466896 i 1:0.480944 i 2:0.566734 i 3:0.500487 bias 1
 test_print 3.01506
net matrix:
 -0.903078 -0.361211 -0.539825
outputs matrix:
 0.141103 0.32686 0.253572
error matrix:
 -0.141103 0.67314 -0.253572
delta matrix:
 -0.0342016 0.296212 -0.0959889
weights_delta matrix:
 -0.00159686 0.01383 -0.00448168
 -0.0016449 0.0142461 -0.00461653
 -0.00193832 0.0167873 -0.00544002
 -0.00171174 0.014825 -0.00480412
 -0.00342016 0.0296212 -0.00959889
weights matrix:
 -0.914374 0.0298437 0.0961511
 1.71135 -1.91288 -0.419485
 -2.15565 0.798654 1.75441
 -1.79139 -0.596771 2.20334
 0.812111 0.45076 -2.4994
regression_error on 'test' 0.0843478
classification_error on 'test' 0.157895
Save,2534,0.0843478,0.157895
sample_count 75 Sample index 66
 i 0:0.60547 i 1:0.304495 i 2:0.672581 i 3:0.60999 bias 1
 test_print 3.19254
net matrix:
 -1.763 0.0595016 -0.0449112
outputs matrix:
 0.0285817 0.529716 0.477559
error matrix:
 -0.0285817 0.470284 -0.477559
delta matrix:
 -0.00158713 0.234312 -0.238299
weights_delta matrix:
 -9.60958e-05 0.0141869 -0.0144283
 -4.83272e-05 0.00713467 -0.00725608
 -0.000106747 0.0157594 -0.0160275
 -9.68132e-05 0.0142928 -0.014536
 -0.000158713 0.0234312 -0.0238299
weights matrix:
 -0.914471 0.0440306 0.0817228
 1.7113 -1.90575 -0.426741
 -2.15576 0.814413 1.73839
 -1.79148 -0.582478 2.1888
 0.811953 0.474191 -2.52323
regression_error on 'test' 0.0858872
classification_error on 'test' 0.0789474
Save,2535,0.0858872,0.0789474
sample_count 75 Sample index 4
 i 0:0.212844 i 1:0.516233 i 2:0.158468 i 3:0.135476 bias 1
 test_print 2.02302
net matrix:
 0.916422 -0.4501 -2.15412
outputs matrix:
 0.8621 0.289009 0.0132785
error matrix:
 0.1379 -0.289009 -0.0132785
delta matrix:
 0.0327881 -0.118773 -0.000347955
weights_delta matrix:
 0.000697874 -0.00252801 -7.40602e-06
 0.00169263 -0.00613145 -1.79626e-05
 0.000519586 -0.00188217 -5.51398e-06
 0.000444199 -0.00160909 -4.71396e-06
 0.00327881 -0.0118773 -3.47955e-05
weights matrix:
 -0.913773 0.0415026 0.0817154
 1.71299 -1.91188 -0.426759
 -2.15524 0.812531 1.73838
 -1.79104 -0.584088 2.1888
 0.815231 0.462314 -2.52326
regression_error on 'test' 0.0855779
classification_error on 'test' 0.105263
Save,2536,0.0855779,0.105263
sample_count 75 Sample index 43
 i 0:0.582374 i 1:0.198626 i 2:0.612097 i 3:0.60999 bias 1
 test_print 3.00309
net matrix:
 -1.78841 0.247795 -0.161235
outputs matrix:
 0.0272036 0.621423 0.420074
error matrix:
 -0.0272036 0.378577 -0.420074
delta matrix:
 -0.00143981 0.178126 -0.20467
weights_delta matrix:
 -8.3851e-05 0.0103736 -0.0119194
 -2.85984e-05 0.00353804 -0.00406528
 -8.81305e-05 0.010903 -0.0125278
 -8.78271e-05 0.0108655 -0.0124847
 -0.000143981 0.0178126 -0.020467
weights matrix:
 -0.913856 0.0518762 0.069796
 1.71297 -1.90834 -0.430825
 -2.15533 0.823434 1.72585
 -1.79113 -0.573222 2.17631
 0.815087 0.480127 -2.54373
regression_error on 'test' 0.0871627
classification_error on 'test' 0.0789474
Save,2537,0.0871627,0.0789474
sample_count 75 Sample index 30
 i 0:0.559279 i 1:0.410364 i 2:0.642339 i 3:0.500487 bias 1
 test_print 3.11247
net matrix:
 -1.27396 -0.0319409 -0.483688
outputs matrix:
 0.0725663 0.484035 0.275404
error matrix:
 -0.0725663 0.515965 -0.275404
delta matrix:
 -0.0097675 0.257719 -0.109917
weights_delta matrix:
 -0.000546276 0.0144137 -0.00614744
 -0.000400823 0.0105759 -0.00451061
 -0.000627404 0.0165543 -0.00706041
 -0.00048885 0.0128985 -0.00550121
 -0.00097675 0.0257719 -0.0109917
weights matrix:
 -0.914403 0.0662899 0.0636485
 1.71256 -1.89776 -0.435335
 -2.15595 0.839988 1.71879
 -1.79162 -0.560324 2.17081
 0.814111 0.505899 -2.55472
regression_error on 'test' 0.0891645
classification_error on 'test' 0.0789474
Save,2538,0.0891645,0.0789474
sample_count 75 Sample index 49
 i 0:0.397609 i 1:0.480944 i 2:0.612097 i 3:0.60999 bias 1
 test_print 3.10064
net matrix:
 -1.13834 -0.2081 -0.362543
outputs matrix:
 0.0930733 0.397426 0.326274
error matrix:
 -0.0930733 0.602574 -0.326274
delta matrix:
 -0.0157128 0.288607 -0.143443
weights_delta matrix:
 -0.000624753 0.0114753 -0.00570341
 -0.000755695 0.0138804 -0.00689879
 -0.000961773 0.0176655 -0.00878008
 -0.000958462 0.0176047 -0.00874985
 -0.00157128 0.0288607 -0.0143443
weights matrix:
 -0.915028 0.0777652 0.0579451
 1.71181 -1.88388 -0.442234
 -2.15692 0.857654 1.71001
 -1.79258 -0.542719 2.16206
 0.812539 0.534759 -2.56906
regression_error on 'test' 0.092099
classification_error on 'test' 0.105263
Save,2539,0.092099,0.105263
sample_count 75 Sample index 8
 i 0:0.489992 i 1:0.375074 i 2:0.702823 i 3:0.755994 bias 1
 test_print 3.32388
net matrix:
 -1.86487 0.0587542 0.1298
outputs matrix:
 0.0234367 0.529343 0.564538
error matrix:
 -0.0234367 -0.529343 0.435462
delta matrix:
 -0.00107281 -0.26376 0.214104
weights_delta matrix:
 -5.25671e-05 -0.012924 0.0104909
 -4.02385e-05 -0.00989296 0.00803047
 -7.53999e-05 -0.0185377 0.0150477
 -8.11041e-05 -0.0199401 0.0161861
 -0.000107281 -0.026376 0.0214104
weights matrix:
 -0.91508 0.0648411 0.068436
 1.71177 -1.89378 -0.434204
 -2.15699 0.839116 1.72506
 -1.79266 -0.562659 2.17825
 0.812432 0.508383 -2.54765
regression_error on 'test' 0.0887369
classification_error on 'test' 0.0789474
Save,2540,0.0887369,0.0789474
sample_count 75 Sample index 43
 i 0:0.582374 i 1:0.198626 i 2:0.612097 i 3:0.60999 bias 1
 test_print 3.00309
net matrix:
 -1.79427 0.340396 -0.209429
outputs matrix:
 0.0268951 0.663915 0.39679
error matrix:
 -0.0268951 0.336085 -0.39679
delta matrix:
 -0.00140778 0.149982 -0.189942
weights_delta matrix:
 -8.19854e-05 0.00873458 -0.0110617
 -2.79622e-05 0.00297904 -0.00377274
 -8.61697e-05 0.00918037 -0.0116263
 -8.58731e-05 0.00914877 -0.0115863
 -0.000140778 0.0149982 -0.0189942
weights matrix:
 -0.915162 0.0735757 0.0573743
 1.71174 -1.8908 -0.437976
 -2.15708 0.848297 1.71343
 -1.79274 -0.55351 2.16666
 0.812291 0.523382 -2.56665
regression_error on 'test' 0.0907783
classification_error on 'test' 0.105263
Save,2541,0.0907783,0.105263
sample_count 75 Sample index 42
 i 0:0.651661 i 1:0.551523 i 2:0.702823 i 3:0.792495 bias 1
 test_print 3.6985
net matrix:
 -1.7768 -0.313943 0.150496
outputs matrix:
 0.0278249 0.34799 0.574685
error matrix:
 -0.0278249 -0.34799 0.425315
delta matrix:
 -0.00150537 -0.157913 0.207913
weights_delta matrix:
 -9.80989e-05 -0.0102906 0.0135489
 -8.30244e-05 -0.00870927 0.0114669
 -0.000105801 -0.0110985 0.0146126
 -0.0001193 -0.0125145 0.016477
 -0.000150537 -0.0157913 0.0207913
weights matrix:
 -0.91526 0.0632851 0.0709232
 1.71166 -1.89951 -0.426509
 -2.15718 0.837198 1.72805
 -1.79286 -0.566025 2.18314
 0.812141 0.50759 -2.54586
regression_error on 'test' 0.0882664
classification_error on 'test' 0.0789474
Save,2542,0.0882664,0.0789474
sample_count 75 Sample index 32
 i 0:0.697853 i 1:0.516233 i 2:0.642339 i 3:0.60999 bias 1
 test_print 3.46642
net matrix:
 -1.42223 -0.236339 -0.274856
outputs matrix:
 0.0549682 0.383983 0.365931
error matrix:
 -0.0549682 0.616017 -0.365931
delta matrix:
 -0.00571083 0.291425 -0.169811
weights_delta matrix:
 -0.000398532 0.0203372 -0.0118503
 -0.000294812 0.0150443 -0.00876619
 -0.000366829 0.0187194 -0.0109076
 -0.000348355 0.0177767 -0.0103583
 -0.000571083 0.0291425 -0.0169811
weights matrix:
 -0.915659 0.0836223 0.0590729
 1.71136 -1.88446 -0.435276
 -2.15755 0.855917 1.71714
 -1.79321 -0.548248 2.17278
 0.81157 0.536733 -2.56284
regression_error on 'test' 0.091514
classification_error on 'test' 0.105263
Save,2543,0.091514,0.105263
sample_count 75 Sample index 34
 i 0:0.767139 i 1:0.551523 i 2:0.642339 i 3:0.573489 bias 1
 test_print 3.53449
net matrix:
 -1.36128 -0.203067 -0.408534
outputs matrix:
 0.0616557 0.399839 0.306386
error matrix:
 -0.0616557 0.600161 -0.306386
delta matrix:
 -0.00713408 0.288039 -0.130223
weights_delta matrix:
 -0.000547283 0.0220966 -0.00998989
 -0.000393461 0.015886 -0.00718208
 -0.00045825 0.0185018 -0.00836471
 -0.000409132 0.0165187 -0.00746813
 -0.000713408 0.0288039 -0.0130223
weights matrix:
 -0.916206 0.105719 0.049083
 1.71097 -1.86858 -0.442458
 -2.15801 0.874419 1.70877
 -1.79362 -0.531729 2.16531
 0.810856 0.565537 -2.57586
regression_error on 'test' 0.0953504
classification_error on 'test' 0.0789474
Save,2544,0.0953504,0.0789474
sample_count 75 Sample index 9
 i 0:0.351418 i 1:0.375074 i 2:0.521371 i 3:0.573489 bias 1
 test_print 2.82135
net matrix:
 -1.02312 0.0527893 -0.591877
outputs matrix:
 0.114433 0.52637 0.234378
error matrix:
 -0.114433 0.47363 -0.234378
delta matrix:
 -0.0231929 0.236156 -0.0841158
weights_delta matrix:
 -0.000815042 0.00829895 -0.00295598
 -0.000869907 0.00885761 -0.00315496
 -0.00120921 0.0123125 -0.00438555
 -0.00133009 0.0135433 -0.00482395
 -0.00231929 0.0236156 -0.00841158
weights matrix:
 -0.917021 0.114018 0.046127
 1.7101 -1.85972 -0.445613
 -2.15922 0.886732 1.70439
 -1.79495 -0.518186 2.16049
 0.808537 0.589152 -2.58427
regression_error on 'test' 0.0982778
classification_error on 'test' 0.105263
Save,2545,0.0982778,0.105263
sample_count 75 Sample index 5
 i 0:0.536183 i 1:0.198626 i 2:0.687702 i 3:0.60999 bias 1
 test_print 3.0325
net matrix:
 -1.92328 0.574617 -0.158061
outputs matrix:
 0.0209065 0.759371 0.421621
error matrix:
 -0.0209065 -0.759371 0.578379
delta matrix:
 -0.000855891 -0.277515 0.282083
weights_delta matrix:
 -4.58914e-05 -0.0148799 0.0151248
 -1.70002e-05 -0.00551216 0.00560291
 -5.88598e-05 -0.0190847 0.0193989
 -5.22085e-05 -0.0169281 0.0172068
 -8.55891e-05 -0.0277515 0.0282083
weights matrix:
 -0.917067 0.099138 0.0612519
 1.71008 -1.86523 -0.44001
 -2.15928 0.867647 1.72379
 -1.795 -0.535114 2.17769
 0.808451 0.561401 -2.55606
regression_error on 'test' 0.0935573
classification_error on 'test' 0.0789474
Save,2546,0.0935573,0.0789474
sample_count 75 Sample index 3
 i 0:0.744044 i 1:0.516233 i 2:0.672581 i 3:0.60999 bias 1
 test_print 3.54285
net matrix:
 -1.53831 -0.0705818 -0.249878
outputs matrix:
 0.0440823 0.464768 0.377598
error matrix:
 -0.0440823 0.535232 -0.377598
delta matrix:
 -0.00371518 0.266287 -0.177485
weights_delta matrix:
 -0.000276426 0.019813 -0.0132056
 -0.00019179 0.0137466 -0.00916234
 -0.000249876 0.01791 -0.0119373
 -0.000226622 0.0162433 -0.0108264
 -0.000371518 0.0266287 -0.0177485
weights matrix:
 -0.917343 0.118951 0.0480462
 1.70989 -1.85149 -0.449172
 -2.15953 0.885557 1.71185
 -1.79523 -0.518871 2.16687
 0.80808 0.588029 -2.57381
regression_error on 'test' 0.0979383
classification_error on 'test' 0.105263
Save,2547,0.0979383,0.105263
sample_count 75 Sample index 29
 i 0:0.420705 i 1:0.304495 i 2:0.536492 i 3:0.536988 bias 1
 test_print 2.79868
net matrix:
 -1.17978 0.270772 -0.608392
outputs matrix:
 0.0863086 0.632171 0.228503
error matrix:
 -0.0863086 0.367829 -0.228503
delta matrix:
 -0.0136125 0.171063 -0.0805652
weights_delta matrix:
 -0.000572684 0.0071967 -0.00338942
 -0.000414494 0.00520878 -0.00245317
 -0.000730299 0.00917739 -0.00432226
 -0.000730975 0.00918588 -0.00432625
 -0.00136125 0.0171063 -0.00805652
weights matrix:
 -0.917916 0.126148 0.0446568
 1.70948 -1.84628 -0.451625
 -2.16026 0.894734 1.70753
 -1.79596 -0.509685 2.16254
 0.806719 0.605136 -2.58187
regression_error on 'test' 0.100374
classification_error on 'test' 0.131579
Save,2548,0.100374,0.131579
sample_count 75 Sample index 3
 i 0:0.744044 i 1:0.516233 i 2:0.672581 i 3:0.60999 bias 1
 test_print 3.54285
net matrix:
 -1.54223 0.036765 -0.314205
outputs matrix:
 0.0437531 0.518374 0.347871
error matrix:
 -0.0437531 0.481626 -0.347871
delta matrix:
 -0.00366115 0.240488 -0.157834
weights_delta matrix:
 -0.000272405 0.0178933 -0.0117435
 -0.000189001 0.0124148 -0.0081479
 -0.000246242 0.0161747 -0.0106156
 -0.000223326 0.0146695 -0.00962771
 -0.000366115 0.0240488 -0.0157834
weights matrix:
 -0.918188 0.144041 0.0329133
 1.70929 -1.83386 -0.459773
 -2.1605 0.910909 1.69691
 -1.79618 -0.495016 2.15291
 0.806353 0.629185 -2.59765
regression_error on 'test' 0.105311
classification_error on 'test' 0.157895
Save,2549,0.105311,0.157895
sample_count 75 Sample index 8
 i 0:0.489992 i 1:0.375074 i 2:0.702823 i 3:0.755994 bias 1
 test_print 3.32388
net matrix:
 -1.8788 0.277909 0.0662464
outputs matrix:
 0.0228075 0.635484 0.533075
error matrix:
 -0.0228075 -0.635484 0.466925
delta matrix:
 -0.00101664 -0.294412 0.232441
weights_delta matrix:
 -4.98144e-05 -0.014426 0.0113894
 -3.81314e-05 -0.0110426 0.00871826
 -7.14516e-05 -0.020692 0.0163365
 -7.68572e-05 -0.0222574 0.0175724
 -0.000101664 -0.0294412 0.0232441
weights matrix:
 -0.918238 0.129615 0.0443027
 1.70925 -1.8449 -0.451055
 -2.16057 0.890217 1.71325
 -1.79626 -0.517273 2.17049
 0.806251 0.599743 -2.57441
regression_error on 'test' 0.0992751
classification_error on 'test' 0.105263
Save,2550,0.0992751,0.105263
sample_count 75 Sample index 7
 i 0:0.651661 i 1:0.410364 i 2:0.627218 i 3:0.60999 bias 1
 test_print 3.29923
net matrix:
 -1.54157 0.169955 -0.332078
outputs matrix:
 0.0438085 0.584169 0.339807
error matrix:
 -0.0438085 0.415831 -0.339807
delta matrix:
 -0.00367021 0.202024 -0.152463
weights_delta matrix:
 -0.000239173 0.0131651 -0.00993544
 -0.000150612 0.00829033 -0.00625654
 -0.000230202 0.0126713 -0.00956277
 -0.000223879 0.0123233 -0.00930011
 -0.000367021 0.0202024 -0.0152463
weights matrix:
 -0.918477 0.14278 0.0343673
 1.7091 -1.83661 -0.457312
 -2.1608 0.902889 1.70369
 -1.79648 -0.50495 2.16119
 0.805884 0.619946 -2.58965
regression_error on 'test' 0.103185
classification_error on 'test' 0.157895
Save,2551,0.103185,0.157895
sample_count 75 Sample index 57
 i 0:0.374514 i 1:0.727972 i 2:0.158468 i 3:0.135476 bias 1
 test_print 2.39643
net matrix:
 1.12028 -0.588914 -2.34692
outputs matrix:
 0.903833 0.235443 0.00906843
error matrix:
 0.0961671 -0.235443 -0.00906843
delta matrix:
 0.0167175 -0.0847639 -0.000162981
weights_delta matrix:
 0.000626094 -0.00317453 -6.10388e-06
 0.00121699 -0.00617057 -1.18646e-05
 0.000264919 -0.00134324 -2.58273e-06
 0.000226482 -0.00114835 -2.20801e-06
 0.00167175 -0.00847639 -1.62981e-05
weights matrix:
 -0.917851 0.139606 0.0343612
 1.71032 -1.84278 -0.457323
 -2.16054 0.901545 1.70368
 -1.79626 -0.506098 2.16118
 0.807556 0.611469 -2.58967
regression_error on 'test' 0.102291
classification_error on 'test' 0.157895
Save,2552,0.102291,0.157895
sample_count 75 Sample index 21
 i 0:0.836426 i 1:0.445654 i 2:0.884274 i 3:0.719493 bias 1
 test_print 3.88585
net matrix:
 -2.40085 0.340074 0.296743
outputs matrix:
 0.00814878 0.663772 0.644165
error matrix:
 -0.00814878 -0.663772 0.355835
delta matrix:
 -0.000131723 -0.29628 0.163127
weights_delta matrix:
 -1.10177e-05 -0.0247816 0.0136443
 -5.87029e-06 -0.0132038 0.00726981
 -1.16479e-05 -0.0261992 0.0144249
 -9.47738e-06 -0.0213171 0.0117369
 -1.31723e-05 -0.029628 0.0163127
weights matrix:
 -0.917862 0.114824 0.0480055
 1.71031 -1.85599 -0.450054
 -2.16055 0.875346 1.71811
 -1.79627 -0.527415 2.17292
 0.807542 0.581841 -2.57336
regression_error on 'test' 0.0964799
classification_error on 'test' 0.0789474
Save,2553,0.0964799,0.0789474
sample_count 75 Sample index 46
 i 0:0.928809 i 1:0.480944 i 2:0.854032 i 3:0.901998 bias 1
 test_print 4.16578
net matrix:
 -2.68782 0.0677106 0.68207
outputs matrix:
 0.00460663 0.533804 0.796432
error matrix:
 -0.00460663 -0.533804 0.203568
delta matrix:
 -4.22466e-05 -0.265682 0.0660083
weights_delta matrix:
 -3.9239e-06 -0.0246768 0.00613091
 -2.03182e-06 -0.0127778 0.00317463
 -3.60799e-06 -0.0226901 0.00563732
 -3.81063e-06 -0.0239645 0.00595393
 -4.22466e-06 -0.0265682 0.00660083
weights matrix:
 -0.917866 0.0901472 0.0541364
 1.71031 -1.86877 -0.446879
 -2.16055 0.852656 1.72375
 -1.79627 -0.55138 2.17887
 0.807538 0.555273 -2.56676
regression_error on 'test' 0.0924452
classification_error on 'test' 0.105263
Save,2554,0.0924452,0.105263
sample_count 75 Sample index 71
 i 0:0.143558 i 1:0.480944 i 2:0.0979839 i 3:0.0989754 bias 1
 test_print 1.82146
net matrix:
 1.10885 -0.301584 -2.38935
outputs matrix:
 0.901827 0.353619 0.00833678
error matrix:
 0.0981727 -0.353619 -0.00833678
delta matrix:
 0.0173834 -0.161655 -0.000137845
weights_delta matrix:
 0.000249553 -0.00232069 -1.97888e-06
 0.000836045 -0.00777472 -6.62957e-06
 0.000170329 -0.00158396 -1.35066e-06
 0.000172053 -0.00159999 -1.36433e-06
 0.00173834 -0.0161655 -1.37845e-05
weights matrix:
 -0.917617 0.0878265 0.0541344
 1.71114 -1.87654 -0.446886
 -2.16038 0.851072 1.72374
 -1.7961 -0.55298 2.17887
 0.809277 0.539108 -2.56677
regression_error on 'test' 0.0915799
classification_error on 'test' 0.105263
Save,2555,0.0915799,0.105263
sample_count 75 Sample index 47
 i 0:0.282131 i 1:0.516233 i 2:0.158468 i 3:0.0989754 bias 1
 test_print 2.05581
net matrix:
 0.913616 -0.32471 -2.29338
outputs matrix:
 0.861432 0.34312 0.0100831
error matrix:
 0.138568 -0.34312 -0.0100831
delta matrix:
 0.033081 -0.154671 -0.000201288
weights_delta matrix:
 0.000933318 -0.00436375 -5.67894e-06
 0.00170775 -0.00798462 -1.03911e-05
 0.000524228 -0.00245104 -3.18976e-06
 0.000327421 -0.00153086 -1.99225e-06
 0.0033081 -0.0154671 -2.01288e-05
weights matrix:
 -0.916683 0.0834628 0.0541287
 1.71285 -1.88453 -0.446896
 -2.15986 0.848621 1.72374
 -1.79577 -0.55451 2.17887
 0.812585 0.523641 -2.56679
regression_error on 'test' 0.0907401
classification_error on 'test' 0.105263
Save,2556,0.0907401,0.105263
sample_count 75 Sample index 22
 i 0:0.305227 i 1:0.233915 i 2:0.430645 i 3:0.427485 bias 1
 test_print 2.39727
net matrix:
 -0.764348 0.236706 -0.981048
outputs matrix:
 0.178185 0.616191 0.12324
error matrix:
 -0.178185 0.383809 -0.12324
delta matrix:
 -0.0521849 0.181541 -0.0266328
weights_delta matrix:
 -0.00159282 0.00554113 -0.000812904
 -0.00122068 0.00424652 -0.00062298
 -0.00224732 0.00781798 -0.00114693
 -0.00223083 0.00776062 -0.00113851
 -0.00521849 0.0181541 -0.00266328
weights matrix:
 -0.918276 0.0890039 0.0533158
 1.71163 -1.88028 -0.447519
 -2.16211 0.856439 1.72259
 -1.798 -0.54675 2.17773
 0.807366 0.541795 -2.56945
regression_error on 'test' 0.0920672
classification_error on 'test' 0.105263
Save,2557,0.0920672,0.105263
sample_count 75 Sample index 47
 i 0:0.282131 i 1:0.516233 i 2:0.158468 i 3:0.0989754 bias 1
 test_print 2.05581
net matrix:
 0.91131 -0.322153 -2.29692
outputs matrix:
 0.86088 0.344274 0.0100127
error matrix:
 0.13912 -0.344274 -0.0100127
delta matrix:
 0.0333235 -0.155439 -0.000198503
weights_delta matrix:
 0.00094016 -0.00438542 -5.60037e-06
 0.00172027 -0.00802428 -1.02474e-05
 0.000528071 -0.00246321 -3.14563e-06
 0.000329821 -0.00153846 -1.96469e-06
 0.00333235 -0.0155439 -1.98503e-05
weights matrix:
 -0.917336 0.0846185 0.0533102
 1.71335 -1.8883 -0.447529
 -2.16158 0.853976 1.72259
 -1.79767 -0.548288 2.17773
 0.810699 0.526251 -2.56947
regression_error on 'test' 0.0911967
classification_error on 'test' 0.105263
Save,2558,0.0911967,0.105263
sample_count 75 Sample index 34
 i 0:0.767139 i 1:0.551523 i 2:0.642339 i 3:0.573489 bias 1
 test_print 3.53449
net matrix:
 -1.36748 -0.216173 -0.420007
outputs matrix:
 0.0609412 0.393566 0.301532
error matrix:
 -0.0609412 0.606434 -0.301532
delta matrix:
 -0.00697501 0.289477 -0.127011
weights_delta matrix:
 -0.00053508 0.0222069 -0.00974355
 -0.000384688 0.0159653 -0.00700498
 -0.000448032 0.0185943 -0.00815844
 -0.000400009 0.0166012 -0.00728397
 -0.000697501 0.0289477 -0.0127011
weights matrix:
 -0.917871 0.106825 0.0435667
 1.71297 -1.87234 -0.454534
 -2.16203 0.87257 1.71443
 -1.79807 -0.531687 2.17045
 0.810001 0.555198 -2.58217
regression_error on 'test' 0.0949376
classification_error on 'test' 0.0789474
Save,2559,0.0949376,0.0789474
sample_count 75 Sample index 71
 i 0:0.143558 i 1:0.480944 i 2:0.0979839 i 3:0.0989754 bias 1
 test_print 1.82146
net matrix:
 1.11227 -0.297082 -2.41172
outputs matrix:
 0.902431 0.35568 0.00797502
error matrix:
 0.0975691 -0.35568 -0.00797502
delta matrix:
 0.0171818 -0.163024 -0.000126187
weights_delta matrix:
 0.000246659 -0.00234034 -1.81152e-06
 0.000826349 -0.00784053 -6.06891e-06
 0.000168354 -0.00159737 -1.23643e-06
 0.000170058 -0.00161353 -1.24895e-06
 0.00171818 -0.0163024 -1.26187e-05
weights matrix:
 -0.917624 0.104485 0.0435649
 1.71379 -1.88018 -0.45454
 -2.16186 0.870973 1.71443
 -1.7979 -0.533301 2.17045
 0.811719 0.538896 -2.58219
regression_error on 'test' 0.0939739
classification_error on 'test' 0.0526316
Save,2560,0.0939739,0.0526316
sample_count 75 Sample index 20
 i 0:0.489992 i 1:0.375074 i 2:0.521371 i 3:0.500487 bias 1
 test_print 2.88692
net matrix:
 -1.02207 0.0720768 -0.751192
outputs matrix:
 0.114646 0.535976 0.18207
error matrix:
 -0.114646 0.464024 -0.18207
delta matrix:
 -0.0232738 0.230811 -0.0542281
weights_delta matrix:
 -0.0011404 0.0113095 -0.00265713
 -0.000872942 0.00865711 -0.00203395
 -0.00121343 0.0120338 -0.0028273
 -0.00116483 0.0115518 -0.00271405
 -0.00232738 0.0230811 -0.00542281
weights matrix:
 -0.918765 0.115795 0.0409078
 1.71292 -1.87152 -0.456574
 -2.16307 0.883006 1.7116
 -1.79907 -0.521749 2.16773
 0.809392 0.561977 -2.58761
regression_error on 'test' 0.0964818
classification_error on 'test' 0.0789474
Save,2561,0.0964818,0.0789474
sample_count 75 Sample index 64
 i 0:0.282131 i 1:0.516233 i 2:0.158468 i 3:0.0989754 bias 1
 test_print 2.05581
net matrix:
 0.913604 -0.283207 -2.32598
outputs matrix:
 0.861429 0.362065 0.00945268
error matrix:
 0.138571 -0.362065 -0.00945268
delta matrix:
 0.0330822 -0.167255 -0.000177017
weights_delta matrix:
 0.000933352 -0.00471878 -4.9942e-06
 0.00170781 -0.00863426 -9.1382e-06
 0.000524247 -0.00265046 -2.80515e-06
 0.000327433 -0.00165541 -1.75203e-06
 0.00330822 -0.0167255 -1.77017e-05
weights matrix:
 -0.917832 0.111076 0.0409028
 1.71463 -1.88016 -0.456583
 -2.16255 0.880356 1.7116
 -1.79874 -0.523404 2.16773
 0.8127 0.545252 -2.58763
regression_error on 'test' 0.0953099
classification_error on 'test' 0.0789474
Save,2562,0.0953099,0.0789474
sample_count 75 Sample index 68
 i 0:0.305227 i 1:0.657392 i 2:0.173589 i 3:0.281481 bias 1
 test_print 2.41769
net matrix:
 0.77803 -0.651352 -1.96801
outputs matrix:
 0.825787 0.21371 0.019152
error matrix:
 0.174213 -0.21371 -0.019152
delta matrix:
 0.0501254 -0.0718229 -0.000719545
weights_delta matrix:
 0.00152996 -0.00219223 -2.19624e-05
 0.0032952 -0.00472158 -4.73023e-05
 0.000870121 -0.00124677 -1.24905e-05
 0.00141093 -0.00202168 -2.02538e-05
 0.00501254 -0.00718229 -7.19545e-05
weights matrix:
 -0.916302 0.108884 0.0408808
 1.71792 -1.88488 -0.456631
 -2.16168 0.879109 1.71159
 -1.79733 -0.525426 2.16771
 0.817713 0.538069 -2.5877
regression_error on 'test' 0.0947625
classification_error on 'test' 0.0789474
Save,2563,0.0947625,0.0789474
sample_count 75 Sample index 10
 i 0:0.697853 i 1:0.304495 i 2:0.808669 i 3:0.719493 bias 1
 test_print 3.53051
net matrix:
 -2.33988 0.372987 0.245549
outputs matrix:
 0.00919592 0.678301 0.620365
error matrix:
 -0.00919592 -0.678301 0.379635
delta matrix:
 -0.000167575 -0.296022 0.178817
weights_delta matrix:
 -1.16942e-05 -0.020658 0.0124788
 -5.10256e-06 -0.00901374 0.0054449
 -1.35512e-05 -0.0239384 0.0144604
 -1.20569e-05 -0.0212986 0.0128658
 -1.67575e-05 -0.0296022 0.0178817
weights matrix:
 -0.916313 0.0882256 0.0533596
 1.71792 -1.89389 -0.451186
 -2.16169 0.855171 1.72605
 -1.79734 -0.546725 2.18058
 0.817696 0.508467 -2.56982
regression_error on 'test' 0.0905999
classification_error on 'test' 0.105263
Save,2564,0.0905999,0.105263
sample_count 75 Sample index 66
 i 0:0.60547 i 1:0.304495 i 2:0.672581 i 3:0.60999 bias 1
 test_print 3.19254
net matrix:
 -1.76428 0.22688 -0.183856
outputs matrix:
 0.0285105 0.611533 0.409094
error matrix:
 -0.0285105 0.388467 -0.409094
delta matrix:
 -0.00157935 0.184569 -0.197785
weights_delta matrix:
 -9.56249e-05 0.0111751 -0.0119753
 -4.80904e-05 0.00562003 -0.00602247
 -0.000106224 0.0124138 -0.0133027
 -9.63388e-05 0.0112585 -0.0120647
 -0.000157935 0.0184569 -0.0197785
weights matrix:
 -0.916409 0.0994007 0.0413843
 1.71787 -1.88827 -0.457208
 -2.1618 0.867585 1.71275
 -1.79744 -0.535466 2.16851
 0.817538 0.526924 -2.5896
regression_error on 'test' 0.0934391
classification_error on 'test' 0.0789474
Save,2565,0.0934391,0.0789474
sample_count 75 Sample index 36
 i 0:0.744044 i 1:0.516233 i 2:0.702823 i 3:0.901998 bias 1
 test_print 3.8651
net matrix:
 -2.11813 -0.247136 0.36492
outputs matrix:
 0.0142553 0.378888 0.67477
error matrix:
 -0.0142553 -0.378888 0.32523
delta matrix:
 -0.000400634 -0.178329 0.142747
weights_delta matrix:
 -2.98089e-05 -0.0132684 0.010621
 -2.0682e-05 -0.00920591 0.00736907
 -2.81574e-05 -0.0125333 0.0100326
 -3.61371e-05 -0.0160852 0.0128757
 -4.00634e-05 -0.0178329 0.0142747
weights matrix:
 -0.916439 0.0861323 0.0520053
 1.71785 -1.89748 -0.449839
 -2.16183 0.855051 1.72278
 -1.79747 -0.551551 2.18139
 0.817498 0.509091 -2.57532
regression_error on 'test' 0.0905793
classification_error on 'test' 0.105263
Save,2566,0.0905793,0.105263
sample_count 75 Sample index 14
 i 0:0.697853 i 1:0.516233 i 2:0.778427 i 3:0.938499 bias 1
 test_print 3.93101
net matrix:
 -2.30498 -0.262377 0.617036
outputs matrix:
 0.00985414 0.371741 0.77453
error matrix:
 -0.00985414 -0.371741 0.22547
delta matrix:
 -0.000192294 -0.17364 0.0787489
weights_delta matrix:
 -1.34193e-05 -0.0121175 0.00549552
 -9.92686e-06 -0.00896388 0.00406528
 -1.49687e-05 -0.0135166 0.00613003
 -1.80468e-05 -0.0162961 0.00739058
 -1.92294e-05 -0.017364 0.00787489
weights matrix:
 -0.916452 0.0740147 0.0575008
 1.71784 -1.90644 -0.445774
 -2.16184 0.841535 1.72891
 -1.79749 -0.567847 2.18878
 0.817479 0.491727 -2.56745
regression_error on 'test' 0.0885885
classification_error on 'test' 0.0789474
Save,2567,0.0885885,0.0789474
sample_count 75 Sample index 35
 i 0:0.189749 i 1:0.233915 i 2:0.128226 i 3:0.171977 bias 1
 test_print 1.72387
net matrix:
 0.45908 0.0700762 -2.0627
outputs matrix:
 0.714667 0.534981 0.0159002
error matrix:
 0.285333 -0.534981 -0.0159002
delta matrix:
 0.116369 -0.266181 -0.000497593
weights_delta matrix:
 0.00220809 -0.00505076 -9.44177e-06
 0.00272205 -0.00622638 -1.16394e-05
 0.00149215 -0.00341313 -6.38043e-06
 0.00200128 -0.0045777 -8.55745e-06
 0.0116369 -0.0266181 -4.97593e-05
weights matrix:
 -0.914244 0.068964 0.0574914
 1.72056 -1.91267 -0.445785
 -2.16035 0.838121 1.7289
 -1.79549 -0.572425 2.18877
 0.829116 0.465109 -2.5675
regression_error on 'test' 0.0877292
classification_error on 'test' 0.0789474
Save,2568,0.0877292,0.0789474
sample_count 75 Sample index 44
 i 0:0.536183 i 1:0.375074 i 2:0.702823 i 3:0.646491 bias 1
 test_print 3.26057
net matrix:
 -1.69486 0.00367805 -0.073741
outputs matrix:
 0.0326184 0.501839 0.463196
error matrix:
 -0.0326184 0.498161 -0.463196
delta matrix:
 -0.00205851 0.249077 -0.230343
weights_delta matrix:
 -0.000110374 0.0133551 -0.0123506
 -7.72092e-05 0.00934224 -0.00863958
 -0.000144677 0.0175057 -0.0161891
 -0.000133081 0.0161026 -0.0148915
 -0.000205851 0.0249077 -0.0230343
weights matrix:
 -0.914354 0.0823191 0.0451408
 1.72048 -1.90332 -0.454425
 -2.16049 0.855627 1.71271
 -1.79562 -0.556322 2.17388
 0.82891 0.490017 -2.59053
regression_error on 'test' 0.0907051
classification_error on 'test' 0.105263
Save,2569,0.0907051,0.105263
sample_count 75 Sample index 41
 i 0:0.674757 i 1:0.445654 i 2:0.627218 i 3:0.536988 bias 1
 test_print 3.28462
net matrix:
 -1.34064 -0.0647359 -0.520997
outputs matrix:
 0.0640865 0.467677 0.260765
error matrix:
 -0.0640865 0.532323 -0.260765
delta matrix:
 -0.00768775 0.265049 -0.100534
weights_delta matrix:
 -0.000518736 0.0178844 -0.00678359
 -0.000342608 0.011812 -0.00448033
 -0.000482189 0.0166244 -0.00630567
 -0.000412823 0.0142328 -0.00539855
 -0.000768775 0.0265049 -0.0100534
weights matrix:
 -0.914873 0.100203 0.0383572
 1.72014 -1.89151 -0.458905
 -2.16098 0.872251 1.70641
 -1.79603 -0.54209 2.16848
 0.828141 0.516522 -2.60058
regression_error on 'test' 0.0935052
classification_error on 'test' 0.0789474
Save,2570,0.0935052,0.0789474
sample_count 75 Sample index 20
 i 0:0.489992 i 1:0.375074 i 2:0.521371 i 3:0.500487 bias 1
 test_print 2.88692
net matrix:
 -1.00052 0.0396211 -0.778946
outputs matrix:
 0.119094 0.5198 0.173949
error matrix:
 -0.119094 0.4802 -0.173949
delta matrix:
 -0.0249883 0.239723 -0.04999
weights_delta matrix:
 -0.0012244 0.0117463 -0.00244947
 -0.000937245 0.0089914 -0.00187499
 -0.00130282 0.0124985 -0.00260633
 -0.00125063 0.0119978 -0.00250193
 -0.00249883 0.0239723 -0.004999
weights matrix:
 -0.916098 0.11195 0.0359077
 1.7192 -1.88252 -0.46078
 -2.16228 0.88475 1.7038
 -1.79729 -0.530092 2.16598
 0.825642 0.540494 -2.60558
regression_error on 'test' 0.0958815
classification_error on 'test' 0.0789474
Save,2571,0.0958815,0.0789474
sample_count 75 Sample index 12
 i 0:0.166653 i 1:0.480944 i 2:0.128226 i 3:0.135476 bias 1
 test_print 1.9113
net matrix:
 0.979063 -0.304603 -2.3093
outputs matrix:
 0.87633 0.35224 0.00977023
error matrix:
 0.12367 -0.35224 -0.00977023
delta matrix:
 0.0268056 -0.160739 -0.00018905
weights_delta matrix:
 0.000446724 -0.00267877 -3.15057e-06
 0.0012892 -0.00773065 -9.09223e-06
 0.000343718 -0.00206109 -2.42411e-06
 0.000363152 -0.00217763 -2.56117e-06
 0.00268056 -0.0160739 -1.8905e-05
weights matrix:
 -0.915651 0.109271 0.0359046
 1.72049 -1.89025 -0.460789
 -2.16193 0.882689 1.7038
 -1.79692 -0.532269 2.16597
 0.828323 0.52442 -2.6056
regression_error on 'test' 0.0949228
classification_error on 'test' 0.0789474
Save,2572,0.0949228,0.0789474
sample_count 75 Sample index 60
 i 0:0.559279 i 1:0.410364 i 2:0.536492 i 3:0.536988 bias 1
 test_print 3.04312
net matrix:
 -1.10254 -0.00242513 -0.697436
outputs matrix:
 0.0992953 0.498787 0.198631
error matrix:
 -0.0992953 0.501213 -0.198631
delta matrix:
 -0.0177611 0.250605 -0.063235
weights_delta matrix:
 -0.000993342 0.0140158 -0.0035366
 -0.000728852 0.0102839 -0.00259494
 -0.00095287 0.0134447 -0.00339251
 -0.000953751 0.0134572 -0.00339564
 -0.00177611 0.0250605 -0.0063235
weights matrix:
 -0.916644 0.123287 0.032368
 1.71976 -1.87997 -0.463384
 -2.16289 0.896134 1.70041
 -1.79788 -0.518812 2.16258
 0.826547 0.549481 -2.61192
regression_error on 'test' 0.0978162
classification_error on 'test' 0.105263
Save,2573,0.0978162,0.105263
sample_count 75 Sample index 29
 i 0:0.420705 i 1:0.304495 i 2:0.536492 i 3:0.536988 bias 1
 test_print 2.79868
net matrix:
 -1.16124 0.23108 -0.665873
outputs matrix:
 0.0892782 0.613526 0.208871
error matrix:
 -0.0892782 0.386474 -0.208871
delta matrix:
 -0.014518 0.183275 -0.0690292
weights_delta matrix:
 -0.000610779 0.00771047 -0.00290409
 -0.000442066 0.00558063 -0.0021019
 -0.000778879 0.00983255 -0.00370336
 -0.000779599 0.00984164 -0.00370679
 -0.0014518 0.0183275 -0.00690292
weights matrix:
 -0.917255 0.130997 0.0294639
 1.71932 -1.87439 -0.465486
 -2.16367 0.905966 1.6967
 -1.79866 -0.508971 2.15887
 0.825095 0.567808 -2.61883
regression_error on 'test' 0.100214
classification_error on 'test' 0.157895
Save,2574,0.100214,0.157895
sample_count 75 Sample index 23
 i 0:0.975 i 1:0.763262 i 2:0.899395 i 3:0.792495 bias 1
 test_print 4.43015
net matrix:
 -2.12835 -0.323654 0.291512
outputs matrix:
 0.013971 0.343597 0.641763
error matrix:
 -0.013971 -0.343597 0.358237
delta matrix:
 -0.000384923 -0.154988 0.16472
weights_delta matrix:
 -3.753e-05 -0.0151113 0.0160602
 -2.93797e-05 -0.0118297 0.0125724
 -3.46198e-05 -0.0139396 0.0148148
 -3.0505e-05 -0.0122827 0.0130539
 -3.84923e-05 -0.0154988 0.016472
weights matrix:
 -0.917292 0.115886 0.045524
 1.71929 -1.88622 -0.452914
 -2.1637 0.892027 1.71152
 -1.79869 -0.521253 2.17193
 0.825056 0.552309 -2.60236
regression_error on 'test' 0.0961768
classification_error on 'test' 0.0789474
Save,2575,0.0961768,0.0789474
sample_count 75 Sample index 46
 i 0:0.928809 i 1:0.480944 i 2:0.854032 i 3:0.901998 bias 1
 test_print 4.16578
net matrix:
 -2.67033 0.0444301 0.642864
outputs matrix:
 0.00476984 0.5222 0.783423
error matrix:
 -0.00476984 -0.5222 0.216577
delta matrix:
 -4.52857e-05 -0.260585 0.0734936
weights_delta matrix:
 -4.20618e-06 -0.0242034 0.00682616
 -2.17799e-06 -0.0125327 0.00353463
 -3.86755e-06 -0.0222548 0.00627659
 -4.08476e-06 -0.0235048 0.00662911
 -4.52857e-06 -0.0260585 0.00734936
weights matrix:
 -0.917297 0.0916824 0.0523502
 1.71929 -1.89875 -0.449379
 -2.1637 0.869772 1.71779
 -1.79869 -0.544758 2.17855
 0.825052 0.526251 -2.59501
regression_error on 'test' 0.0923504
classification_error on 'test' 0.105263
Save,2576,0.0923504,0.105263
sample_count 75 Sample index 11
 i 0:0.536183 i 1:0.198626 i 2:0.536492 i 3:0.427485 bias 1
 test_print 2.69879
net matrix:
 -1.25501 0.432018 -0.803313
outputs matrix:
 0.0751581 0.703503 0.167058
error matrix:
 -0.0751581 0.296497 -0.167058
delta matrix:
 -0.0104484 0.12369 -0.0464919
weights_delta matrix:
 -0.000560224 0.00663207 -0.00249282
 -0.000207532 0.00245681 -0.000923449
 -0.000560547 0.00663589 -0.00249425
 -0.000446652 0.00528758 -0.00198746
 -0.00104484 0.012369 -0.00464919
weights matrix:
 -0.917857 0.0983145 0.0498574
 1.71908 -1.89629 -0.450303
 -2.16426 0.876408 1.7153
 -1.79914 -0.53947 2.17657
 0.824007 0.53862 -2.59966
regression_error on 'test' 0.0935786
classification_error on 'test' 0.0789474
Save,2577,0.0935786,0.0789474
sample_count 75 Sample index 26
 i 0:0.489992 i 1:0.339785 i 2:0.536492 i 3:0.500487 bias 1
 test_print 2.86676
net matrix:
 -1.10317 0.142649 -0.718644
outputs matrix:
 0.0991821 0.570845 0.191966
error matrix:
 -0.0991821 0.429155 -0.191966
delta matrix:
 -0.0177229 0.21027 -0.0595535
weights_delta matrix:
 -0.000868406 0.0103031 -0.00291807
 -0.000602196 0.00714466 -0.00202354
 -0.000950818 0.0112808 -0.003195
 -0.000887007 0.0105237 -0.00298058
 -0.00177229 0.021027 -0.00595535
weights matrix:
 -0.918725 0.108618 0.0469393
 1.71848 -1.88915 -0.452326
 -2.16522 0.887689 1.71211
 -1.80002 -0.528947 2.17359
 0.822235 0.559647 -2.60561
regression_error on 'test' 0.095845
classification_error on 'test' 0.0789474
Save,2578,0.095845,0.0789474
sample_count 75 Sample index 0
 i 0:0.282131 i 1:0.269205 i 2:0.430645 i 3:0.427485 bias 1
 test_print 2.40947
net matrix:
 -0.676265 0.237885 -1.04765
outputs matrix:
 0.205457 0.616748 0.109554
error matrix:
 -0.205457 0.383252 -0.109554
delta matrix:
 -0.0670794 0.181178 -0.0213745
weights_delta matrix:
 -0.00189252 0.0051116 -0.000603041
 -0.00180581 0.00487741 -0.000575412
 -0.00288874 0.00780235 -0.000920482
 -0.00286754 0.0077451 -0.000913727
 -0.00670794 0.0181178 -0.00213745
weights matrix:
 -0.920618 0.113729 0.0463363
 1.71668 -1.88427 -0.452902
 -2.1681 0.895491 1.71118
 -1.80289 -0.521202 2.17267
 0.815527 0.577765 -2.60775
regression_error on 'test' 0.0975398
classification_error on 'test' 0.105263
Save,2579,0.0975398,0.105263
sample_count 75 Sample index 14
 i 0:0.697853 i 1:0.516233 i 2:0.778427 i 3:0.938499 bias 1
 test_print 3.93101
net matrix:
 -2.32045 -0.107665 0.561868
outputs matrix:
 0.00955684 0.446375 0.754681
error matrix:
 -0.00955684 -0.446375 0.245319
delta matrix:
 -0.000180921 -0.22062 0.0908355
weights_delta matrix:
 -1.26256e-05 -0.015396 0.00633898
 -9.33971e-06 -0.0113891 0.00468923
 -1.40833e-05 -0.0171737 0.00707088
 -1.69794e-05 -0.0207052 0.0085249
 -1.80921e-05 -0.022062 0.00908355
weights matrix:
 -0.92063 0.0983331 0.0526752
 1.71667 -1.89566 -0.448212
 -2.16812 0.878317 1.71826
 -1.80291 -0.541907 2.1812
 0.815509 0.555703 -2.59866
regression_error on 'test' 0.0939522
classification_error on 'test' 0.0526316
Save,2580,0.0939522,0.0526316
sample_count 75 Sample index 12
 i 0:0.166653 i 1:0.480944 i 2:0.128226 i 3:0.135476 bias 1
 test_print 1.9113
net matrix:
 0.965443 -0.300409 -2.28963
outputs matrix:
 0.873347 0.354157 0.0101583
error matrix:
 0.126653 -0.354157 -0.0101583
delta matrix:
 0.0280185 -0.162012 -0.000204286
weights_delta matrix:
 0.000466937 -0.00269998 -3.40449e-06
 0.00134753 -0.00779189 -9.82502e-06
 0.00035927 -0.00207742 -2.61948e-06
 0.000379584 -0.00219488 -2.76759e-06
 0.00280185 -0.0162012 -2.04286e-05
weights matrix:
 -0.920164 0.0956332 0.0526718
 1.71801 -1.90345 -0.448222
 -2.16776 0.87624 1.71825
 -1.80253 -0.544102 2.18119
 0.81831 0.539501 -2.59869
regression_error on 'test' 0.0930129
classification_error on 'test' 0.0789474
Save,2581,0.0930129,0.0789474
sample_count 75 Sample index 7
 i 0:0.651661 i 1:0.410364 i 2:0.627218 i 3:0.60999 bias 1
 test_print 3.29923
net matrix:
 -1.5355 0.0384103 -0.340069
outputs matrix:
 0.0443198 0.519196 0.33623
error matrix:
 -0.0443198 0.480804 -0.33623
delta matrix:
 -0.00375438 0.240048 -0.150079
weights_delta matrix:
 -0.000244658 0.015643 -0.00978009
 -0.000154066 0.0098507 -0.00615872
 -0.000235482 0.0150562 -0.00941326
 -0.000229014 0.0146427 -0.0091547
 -0.000375438 0.0240048 -0.0150079
weights matrix:
 -0.920408 0.111276 0.0428917
 1.71786 -1.8936 -0.454381
 -2.16799 0.891296 1.70884
 -1.80276 -0.529459 2.17204
 0.817935 0.563506 -2.61369
regression_error on 'test' 0.0965383
classification_error on 'test' 0.0789474
Save,2582,0.0965383,0.0789474
sample_count 75 Sample index 49
 i 0:0.397609 i 1:0.480944 i 2:0.612097 i 3:0.60999 bias 1
 test_print 3.10064
net matrix:
 -1.14852 -0.0803708 -0.444273
outputs matrix:
 0.0913682 0.459901 0.29141
error matrix:
 -0.0913682 0.540099 -0.29141
delta matrix:
 -0.0151708 0.268313 -0.120347
weights_delta matrix:
 -0.000603205 0.0106684 -0.00478509
 -0.000729631 0.0129043 -0.005788
 -0.0009286 0.0164233 -0.00736639
 -0.000925404 0.0163668 -0.00734103
 -0.00151708 0.0268313 -0.0120347
weights matrix:
 -0.921011 0.121944 0.0381066
 1.71713 -1.8807 -0.460169
 -2.16892 0.907719 1.70147
 -1.80368 -0.513092 2.1647
 0.816418 0.590337 -2.62573
regression_error on 'test' 0.100464
classification_error on 'test' 0.157895
Save,2583,0.100464,0.157895
sample_count 75 Sample index 33
 i 0:0.559279 i 1:0.480944 i 2:0.672581 i 3:0.719493 bias 1
 test_print 3.4323
net matrix:
 -1.62936 -0.00462305 -0.123867
outputs matrix:
 0.0370151 0.497688 0.438381
error matrix:
 -0.0370151 -0.497688 0.561619
delta matrix:
 -0.00263881 -0.248839 0.276545
weights_delta matrix:
 -0.000147583 -0.013917 0.0154666
 -0.000126912 -0.0119678 0.0133002
 -0.000177481 -0.0167364 0.0185999
 -0.00018986 -0.0179038 0.0198972
 -0.000263881 -0.0248839 0.0276545
weights matrix:
 -0.921159 0.108027 0.0535732
 1.717 -1.89266 -0.446869
 -2.1691 0.890983 1.72007
 -1.80387 -0.530996 2.1846
 0.816154 0.565453 -2.59807
regression_error on 'test' 0.0952206
classification_error on 'test' 0.0789474
Save,2584,0.0952206,0.0789474
sample_count 75 Sample index 31
 i 0:0.559279 i 1:0.339785 i 2:0.778427 i 3:0.573489 bias 1
 test_print 3.25098
net matrix:
 -1.83861 0.371817 -0.128157
outputs matrix:
 0.0246694 0.67779 0.43627
error matrix:
 -0.0246694 -0.67779 0.56373
delta matrix:
 -0.00118713 -0.296046 0.277286
weights_delta matrix:
 -6.63936e-05 -0.0165572 0.015508
 -4.03368e-05 -0.0100592 0.00942176
 -9.24093e-05 -0.023045 0.0215847
 -6.80805e-05 -0.0169779 0.015902
 -0.000118713 -0.0296046 0.0277286
weights matrix:
 -0.921225 0.0914702 0.0690812
 1.71696 -1.90272 -0.437447
 -2.16919 0.867938 1.74166
 -1.80394 -0.547974 2.2005
 0.816035 0.535849 -2.57034
regression_error on 'test' 0.0907139
classification_error on 'test' 0.105263
Save,2585,0.0907139,0.105263
sample_count 75 Sample index 45
 i 0:0.697853 i 1:0.586813 i 2:0.793548 i 3:0.975 bias 1
 test_print 4.05321
net matrix:
 -2.29951 -0.362386 0.748739
outputs matrix:
 0.00996145 0.326343 0.817198
error matrix:
 -0.00996145 -0.326343 0.182802
delta matrix:
 -0.000196484 -0.143489 0.0546159
weights_delta matrix:
 -1.37117e-05 -0.0100134 0.00381139
 -1.15299e-05 -0.0084201 0.00320493
 -1.5592e-05 -0.0113865 0.00433403
 -1.91572e-05 -0.0139901 0.00532505
 -1.96484e-05 -0.0143489 0.00546159
weights matrix:
 -0.921239 0.0814568 0.0728926
 1.71695 -1.91114 -0.434242
 -2.16921 0.856551 1.74599
 -1.80396 -0.561964 2.20582
 0.816016 0.5215 -2.56488
regression_error on 'test' 0.0889792
classification_error on 'test' 0.0789474
Save,2586,0.0889792,0.0789474
sample_count 75 Sample index 58
 i 0:0.282131 i 1:0.516233 i 2:0.158468 i 3:0.0989754 bias 1
 test_print 2.05581
net matrix:
 0.920154 -0.361999 -2.27348
outputs matrix:
 0.862985 0.326513 0.0104882
error matrix:
 0.137015 -0.326513 -0.0104882
delta matrix:
 0.0324017 -0.143602 -0.000217696
weights_delta matrix:
 0.000914154 -0.00405146 -6.14188e-06
 0.00167268 -0.00741321 -1.12382e-05
 0.000513464 -0.00227563 -3.44978e-06
 0.000320698 -0.00142131 -2.15465e-06
 0.00324017 -0.0143602 -2.17696e-05
weights matrix:
 -0.920325 0.0774053 0.0728865
 1.71862 -1.91856 -0.434253
 -2.1687 0.854276 1.74599
 -1.80364 -0.563385 2.20582
 0.819256 0.50714 -2.5649
regression_error on 'test' 0.088319
classification_error on 'test' 0.0789474
Save,2587,0.088319,0.0789474
sample_count 75 Sample index 53
 i 0:0.489992 i 1:0.410364 i 2:0.702823 i 3:0.938499 bias 1
 test_print 3.54168
net matrix:
 -2.14336 -0.170571 0.589889
outputs matrix:
 0.0135635 0.415532 0.764908
error matrix:
 -0.0135635 -0.415532 0.235092
delta matrix:
 -0.000362947 -0.201837 0.0845504
weights_delta matrix:
 -1.77841e-05 -0.00988983 0.0041429
 -1.4894e-05 -0.00828265 0.00346964
 -2.55088e-05 -0.0141855 0.0059424
 -3.40625e-05 -0.0189423 0.00793505
 -3.62947e-05 -0.0201837 0.00845504
weights matrix:
 -0.920343 0.0675155 0.0770294
 1.71861 -1.92684 -0.430784
 -2.16872 0.84009 1.75193
 -1.80367 -0.582328 2.21376
 0.81922 0.486956 -2.55645
regression_error on 'test' 0.0865694
classification_error on 'test' 0.0789474
Save,2588,0.0865694,0.0789474
sample_count 75 Sample index 17
 i 0:0.443801 i 1:0.304495 i 2:0.521371 i 3:0.463986 bias 1
 test_print 2.73365
net matrix:
 -1.03351 0.0980132 -0.712878
outputs matrix:
 0.112344 0.54885 0.193761
error matrix:
 -0.112344 0.45115 -0.193761
delta matrix:
 -0.0224065 0.223422 -0.0605377
weights_delta matrix:
 -0.000994404 0.00991548 -0.00268667
 -0.000682267 0.00680308 -0.00184334
 -0.00116821 0.0116486 -0.00315626
 -0.00103963 0.0103665 -0.00280886
 -0.00224065 0.0223422 -0.00605377
weights matrix:
 -0.921337 0.077431 0.0743427
 1.71793 -1.92004 -0.432627
 -2.16989 0.851739 1.74877
 -1.80471 -0.571961 2.21095
 0.816979 0.509298 -2.5625
regression_error on 'test' 0.087939
classification_error on 'test' 0.0789474
Save,2589,0.087939,0.0789474
sample_count 75 Sample index 69
 i 0:0.628566 i 1:0.445654 i 2:0.581855 i 3:0.536988 bias 1
 test_print 3.19306
net matrix:
 -1.22821 -0.109251 -0.503791
outputs matrix:
 0.0789701 0.445591 0.267453
error matrix:
 -0.0789701 0.554409 -0.267453
delta matrix:
 -0.0114876 0.273922 -0.1048
weights_delta matrix:
 -0.00072207 0.0172178 -0.00658737
 -0.000511949 0.0122074 -0.00467045
 -0.000668411 0.0159383 -0.00609784
 -0.000616869 0.0147093 -0.00562763
 -0.00114876 0.0273922 -0.01048
weights matrix:
 -0.922059 0.0946488 0.0677553
 1.71741 -1.90783 -0.437297
 -2.17056 0.867677 1.74268
 -1.80533 -0.557252 2.20532
 0.81583 0.536691 -2.57298
regression_error on 'test' 0.0904322
classification_error on 'test' 0.0789474
Save,2590,0.0904322,0.0789474
sample_count 75 Sample index 26
 i 0:0.489992 i 1:0.339785 i 2:0.536492 i 3:0.500487 bias 1
 test_print 2.86676
net matrix:
 -1.12045 0.12142 -0.649705
outputs matrix:
 0.0961371 0.560414 0.214264
error matrix:
 -0.0961371 0.439586 -0.214264
delta matrix:
 -0.0167076 0.216584 -0.0721449
weights_delta matrix:
 -0.000818661 0.0106125 -0.00353504
 -0.0005677 0.00735921 -0.00245138
 -0.000896351 0.0116196 -0.00387052
 -0.000836195 0.0108398 -0.00361076
 -0.00167076 0.0216584 -0.00721449
weights matrix:
 -0.922878 0.105261 0.0642203
 1.71685 -1.90047 -0.439749
 -2.17145 0.879297 1.73881
 -1.80617 -0.546412 2.20171
 0.814159 0.558349 -2.5802
regression_error on 'test' 0.0925441
classification_error on 'test' 0.105263
Save,2591,0.0925441,0.105263
sample_count 75 Sample index 15
 i 0:0.720948 i 1:0.410364 i 2:0.65746 i 3:0.573489 bias 1
 test_print 3.36226
net matrix:
 -1.61012 0.119093 -0.308504
outputs matrix:
 0.0384114 0.559267 0.350462
error matrix:
 -0.0384114 0.440733 -0.350462
delta matrix:
 -0.00283752 0.21727 -0.159557
weights_delta matrix:
 -0.000204571 0.0156641 -0.0115032
 -0.000116442 0.008916 -0.00654765
 -0.000186556 0.0142847 -0.0104902
 -0.000162729 0.0124602 -0.00915043
 -0.000283752 0.021727 -0.0159557
weights matrix:
 -0.923082 0.120925 0.052717
 1.71673 -1.89155 -0.446296
 -2.17164 0.893581 1.72832
 -1.80633 -0.533952 2.19256
 0.813876 0.580076 -2.59615
regression_error on 'test' 0.0958593
classification_error on 'test' 0.0789474
Save,2592,0.0958593,0.0789474
sample_count 75 Sample index 58
 i 0:0.282131 i 1:0.516233 i 2:0.158468 i 3:0.0989754 bias 1
 test_print 2.05581
net matrix:
 0.916761 -0.273534 -2.32078
outputs matrix:
 0.862181 0.366545 0.00955052
error matrix:
 0.137819 -0.366545 -0.00955052
delta matrix:
 0.0327528 -0.170216 -0.000180683
weights_delta matrix:
 0.000924058 -0.00480232 -5.09762e-06
 0.00169081 -0.00878711 -9.32743e-06
 0.000519027 -0.00269738 -2.86324e-06
 0.000324172 -0.00168472 -1.78831e-06
 0.00327528 -0.0170216 -1.80683e-05
weights matrix:
 -0.922158 0.116123 0.0527119
 1.71842 -1.90034 -0.446306
 -2.17112 0.890884 1.72831
 -1.80601 -0.535637 2.19256
 0.817151 0.563054 -2.59617
regression_error on 'test' 0.0946351
classification_error on 'test' 0.0789474
Save,2593,0.0946351,0.0789474
sample_count 75 Sample index 71
 i 0:0.143558 i 1:0.480944 i 2:0.0979839 i 3:0.0989754 bias 1
 test_print 1.82146
net matrix:
 1.11975 -0.299956 -2.4169
outputs matrix:
 0.90374 0.354364 0.00789348
error matrix:
 0.0962596 -0.354364 -0.00789348
delta matrix:
 0.0167479 -0.16215 -0.00012363
weights_delta matrix:
 0.00024043 -0.00232779 -1.77481e-06
 0.000805482 -0.00779851 -5.94593e-06
 0.000164103 -0.00158881 -1.21138e-06
 0.000165763 -0.00160489 -1.22364e-06
 0.00167479 -0.016215 -1.2363e-05
weights matrix:
 -0.921918 0.113795 0.0527102
 1.71923 -1.90814 -0.446312
 -2.17096 0.889295 1.72831
 -1.80584 -0.537242 2.19256
 0.818826 0.546839 -2.59618
regression_error on 'test' 0.0936592
classification_error on 'test' 0.0789474
Save,2594,0.0936592,0.0789474
sample_count 75 Sample index 25
 i 0:0.628566 i 1:0.410364 i 2:0.778427 i 3:0.865497 bias 1
 test_print 3.68285
net matrix:
 -2.30803 0.0626057 0.496812
outputs matrix:
 0.00979476 0.531262 0.729803
error matrix:
 -0.00979476 -0.531262 0.270197
delta matrix:
 -0.000189995 -0.264593 0.106561
weights_delta matrix:
 -1.19425e-05 -0.0166314 0.00669803
 -7.79673e-06 -0.0108579 0.00437286
 -1.47898e-05 -0.0205966 0.00829496
 -1.6444e-05 -0.0229004 0.00922278
 -1.89995e-05 -0.0264593 0.0106561
weights matrix:
 -0.92193 0.0971638 0.0594082
 1.71922 -1.919 -0.441939
 -2.17097 0.868699 1.73661
 -1.80586 -0.560142 2.20178
 0.818807 0.52038 -2.58553
regression_error on 'test' 0.0902787
classification_error on 'test' 0.105263
Save,2595,0.0902787,0.105263
sample_count 75 Sample index 27
 i 0:0.328323 i 1:0.622103 i 2:0.158468 i 3:0.135476 bias 1
 test_print 2.24437
net matrix:
 0.996967 -0.579758 -2.26747
outputs matrix:
 0.880159 0.238755 0.0106137
error matrix:
 0.119841 -0.238755 -0.0106137
delta matrix:
 0.0252815 -0.0867881 -0.00022291
weights_delta matrix:
 0.000830051 -0.00284945 -7.31864e-06
 0.00157277 -0.00539912 -1.38673e-05
 0.000400631 -0.00137531 -3.5324e-06
 0.000342504 -0.00117577 -3.01989e-06
 0.00252815 -0.00867881 -2.2291e-05
weights matrix:
 -0.9211 0.0943144 0.0594009
 1.72079 -1.9244 -0.441953
 -2.17057 0.867323 1.7366
 -1.80551 -0.561318 2.20178
 0.821335 0.511701 -2.58555
regression_error on 'test' 0.0898223
classification_error on 'test' 0.0789474
Save,2596,0.0898223,0.0789474
sample_count 75 Sample index 33
 i 0:0.559279 i 1:0.480944 i 2:0.672581 i 3:0.719493 bias 1
 test_print 3.4323
net matrix:
 -1.62515 -0.181597 -0.0127153
outputs matrix:
 0.037316 0.410187 0.493643
error matrix:
 -0.037316 -0.410187 0.506357
delta matrix:
 -0.00268104 -0.198476 0.253138
weights_delta matrix:
 -0.000149945 -0.0111003 0.0141575
 -0.000128943 -0.00954558 0.0121745
 -0.000180322 -0.0133491 0.0170256
 -0.000192899 -0.0142802 0.0182131
 -0.000268104 -0.0198476 0.0253138
weights matrix:
 -0.92125 0.083214 0.0735583
 1.72066 -1.93394 -0.429778
 -2.17075 0.853974 1.75363
 -1.80571 -0.575598 2.21999
 0.821067 0.491854 -2.56024
regression_error on 'test' 0.0871842
classification_error on 'test' 0.0789474
Save,2597,0.0871842,0.0789474
sample_count 75 Sample index 16
 i 0:0.60547 i 1:0.304495 i 2:0.687702 i 3:0.755994 bias 1
 test_print 3.35366
net matrix:
 -2.07072 0.105493 0.237707
outputs matrix:
 0.015651 0.552552 0.616664
error matrix:
 -0.015651 -0.552552 0.383336
delta matrix:
 -0.000482241 -0.273224 0.181233
weights_delta matrix:
 -2.91982e-05 -0.0165429 0.0109731
 -1.4684e-05 -0.00831953 0.00551845
 -3.31638e-05 -0.0187897 0.0124634
 -3.64571e-05 -0.0206556 0.0137011
 -4.82241e-05 -0.0273224 0.0181233
weights matrix:
 -0.921279 0.0666712 0.0845314
 1.72065 -1.94226 -0.42426
 -2.17078 0.835184 1.76609
 -1.80574 -0.596254 2.23369
 0.821018 0.464531 -2.54211
regression_error on 'test' 0.0850947
classification_error on 'test' 0.105263
Save,2598,0.0850947,0.105263
sample_count 75 Sample index 39
 i 0:0.397609 i 1:0.622103 i 2:0.18871 i 3:0.135476 bias 1
 test_print 2.3439
net matrix:
 0.870846 -0.640417 -2.13655
outputs matrix:
 0.850902 0.217408 0.013747
error matrix:
 0.149098 -0.217408 -0.013747
delta matrix:
 0.0378315 -0.0739805 -0.000372765
weights_delta matrix:
 0.00150421 -0.00294153 -1.48215e-05
 0.00235351 -0.00460235 -2.31898e-05
 0.000713918 -0.00139609 -7.03444e-06
 0.000512526 -0.00100226 -5.05007e-06
 0.00378315 -0.00739805 -3.72765e-05
weights matrix:
 -0.919775 0.0637296 0.0845166
 1.723 -1.94686 -0.424283
 -2.17007 0.833788 1.76609
 -1.80523 -0.597256 2.23368
 0.824802 0.457133 -2.54215
regression_error on 'test' 0.084885
classification_error on 'test' 0.105263
Save,2599,0.084885,0.105263
sample_count 75 Sample index 2
 i 0:0.466896 i 1:0.480944 i 2:0.566734 i 3:0.500487 bias 1
 test_print 3.01506
net matrix:
 -0.909318 -0.275827 -0.587916
outputs matrix:
 0.139598 0.365481 0.235802
error matrix:
 -0.139598 0.634519 -0.235802
delta matrix:
 -0.0335342 0.294296 -0.084983
weights_delta matrix:
 -0.0015657 0.0137406 -0.00396782
 -0.00161281 0.014154 -0.00408721
 -0.0019005 0.0166787 -0.00481628
 -0.00167834 0.0147291 -0.00425329
 -0.00335342 0.0294296 -0.0084983
weights matrix:
 -0.92134 0.0774702 0.0805488
 1.72139 -1.93271 -0.42837
 -2.17197 0.850467 1.76127
 -1.80691 -0.582527 2.22943
 0.821448 0.486563 -2.55065
regression_error on 'test' 0.0863958
classification_error on 'test' 0.0789474
Save,2600,0.0863958,0.0789474
sample_count 75 Sample index 57
 i 0:0.374514 i 1:0.727972 i 2:0.158468 i 3:0.135476 bias 1
 test_print 2.39643
net matrix:
 1.14054 -0.835529 -2.25118
outputs matrix:
 0.907297 0.158283 0.0109612
error matrix:
 0.0927029 -0.158283 -0.0109612
delta matrix:
 0.0155943 -0.042176 -0.000237663
weights_delta matrix:
 0.000584028 -0.00157955 -8.90081e-06
 0.00113522 -0.0030703 -1.73012e-05
 0.00024712 -0.000668355 -3.7662e-06
 0.000211265 -0.000571384 -3.21976e-06
 0.00155943 -0.0042176 -2.37663e-05
weights matrix:
 -0.920756 0.0758906 0.0805399
 1.72252 -1.93578 -0.428388
 -2.17172 0.849799 1.76127
 -1.8067 -0.583098 2.22943
 0.823008 0.482345 -2.55067
regression_error on 'test' 0.0862303
classification_error on 'test' 0.0789474
Save,2601,0.0862303,0.0789474
sample_count 75 Sample index 36
 i 0:0.744044 i 1:0.516233 i 2:0.702823 i 3:0.901998 bias 1
 test_print 3.8651
net matrix:
 -2.12883 -0.389198 0.536902
outputs matrix:
 0.0139579 0.314666 0.74532
error matrix:
 -0.0139579 -0.314666 0.25468
delta matrix:
 -0.000384207 -0.135716 0.096686
weights_delta matrix:
 -2.85867e-05 -0.0100979 0.00719387
 -1.9834e-05 -0.00700611 0.00499125
 -2.70029e-05 -0.00953844 0.00679532
 -3.46554e-05 -0.0122416 0.00872106
 -3.84207e-05 -0.0135716 0.0096686
weights matrix:
 -0.920785 0.0657928 0.0877338
 1.7225 -1.94279 -0.423396
 -2.17175 0.84026 1.76806
 -1.80673 -0.59534 2.23815
 0.822969 0.468774 -2.541
regression_error on 'test' 0.0851264
classification_error on 'test' 0.105263
Save,2602,0.0851264,0.105263
sample_count 75 Sample index 66
 i 0:0.60547 i 1:0.304495 i 2:0.672581 i 3:0.60999 bias 1
 test_print 3.19254
net matrix:
 -1.77281 0.119032 -0.0623938
outputs matrix:
 0.0280416 0.559237 0.468844
error matrix:
 -0.0280416 0.440763 -0.468844
delta matrix:
 -0.00152856 0.217288 -0.233512
weights_delta matrix:
 -9.255e-05 0.0131562 -0.0141384
 -4.6544e-05 0.00661632 -0.00711031
 -0.000102808 0.0146144 -0.0157055
 -9.32409e-05 0.0132544 -0.014244
 -0.000152856 0.0217288 -0.0233512
weights matrix:
 -0.920878 0.0789489 0.0735953
 1.72246 -1.93617 -0.430507
 -2.17185 0.854875 1.75235
 -1.80682 -0.582085 2.2239
 0.822816 0.490503 -2.56436
regression_error on 'test' 0.0869568
classification_error on 'test' 0.0789474
Save,2603,0.0869568,0.0789474
sample_count 75 Sample index 19
 i 0:0.674757 i 1:0.480944 i 2:0.596976 i 3:0.573489 bias 1
 test_print 3.32617
net matrix:
 -1.30289 -0.210895 -0.400247
outputs matrix:
 0.0687679 0.396088 0.30992
error matrix:
 -0.0687679 0.603912 -0.30992
delta matrix:
 -0.00880764 0.288914 -0.132565
weights_delta matrix:
 -0.000594301 0.0194947 -0.0089449
 -0.000423598 0.0138952 -0.00637562
 -0.000525795 0.0172475 -0.0079138
 -0.000505108 0.0165689 -0.00760245
 -0.000880764 0.0288914 -0.0132565
weights matrix:
 -0.921472 0.0984436 0.0646504
 1.72203 -1.92228 -0.436882
 -2.17238 0.872122 1.74444
 -1.80733 -0.565516 2.2163
 0.821936 0.519394 -2.57761
regression_error on 'test' 0.0895157
classification_error on 'test' 0.0789474
Save,2604,0.0895157,0.0789474
sample_count 75 Sample index 65
 i 0:0.928809 i 1:0.410364 i 2:0.944758 i 3:0.792495 bias 1
 test_print 4.07643
net matrix:
 -2.81195 0.197772 0.707639
outputs matrix:
 0.00359755 0.597617 0.804597
error matrix:
 -0.00359755 -0.597617 0.195403
delta matrix:
 -2.57917e-05 -0.287419 0.0614428
weights_delta matrix:
 -2.39555e-06 -0.0266957 0.00570686
 -1.0584e-06 -0.0117946 0.00252139
 -2.43669e-06 -0.0271541 0.00580486
 -2.04398e-06 -0.0227778 0.00486931
 -2.57917e-06 -0.0287419 0.00614428
weights matrix:
 -0.921474 0.0717479 0.0703573
 1.72203 -1.93407 -0.434361
 -2.17238 0.844968 1.75025
 -1.80733 -0.588294 2.22117
 0.821933 0.490652 -2.57147
regression_error on 'test' 0.0867971
classification_error on 'test' 0.0789474
Save,2605,0.0867971,0.0789474
sample_count 75 Sample index 66
 i 0:0.60547 i 1:0.304495 i 2:0.672581 i 3:0.60999 bias 1
 test_print 3.19254
net matrix:
 -1.7752 0.154635 -0.129054
outputs matrix:
 0.0279118 0.576707 0.435829
error matrix:
 -0.0279118 0.423293 -0.435829
delta matrix:
 -0.00151464 0.206665 -0.214325
weights_delta matrix:
 -9.1707e-05 0.012513 -0.0129767
 -4.61201e-05 0.00629286 -0.00652609
 -0.000101872 0.0138999 -0.0144151
 -9.23916e-05 0.0126064 -0.0130736
 -0.000151464 0.0206665 -0.0214325
weights matrix:
 -0.921566 0.0842608 0.0573806
 1.72199 -1.92778 -0.440887
 -2.17248 0.858868 1.73583
 -1.80742 -0.575688 2.2081
 0.821782 0.511319 -2.5929
regression_error on 'test' 0.0891108
classification_error on 'test' 0.0789474
Save,2606,0.0891108,0.0789474
sample_count 75 Sample index 66
 i 0:0.60547 i 1:0.304495 i 2:0.672581 i 3:0.60999 bias 1
 test_print 3.19254
net matrix:
 -1.77555 0.201832 -0.178001
outputs matrix:
 0.027893 0.599568 0.411928
error matrix:
 -0.027893 0.400432 -0.411928
delta matrix:
 -0.00151264 0.192277 -0.199573
weights_delta matrix:
 -9.15855e-05 0.0116418 -0.0120836
 -4.6059e-05 0.00585473 -0.00607691
 -0.000101737 0.0129322 -0.0134229
 -9.22692e-05 0.0117287 -0.0121738
 -0.000151264 0.0192277 -0.0199573
weights matrix:
 -0.921658 0.0959026 0.045297
 1.72194 -1.92192 -0.446964
 -2.17259 0.8718 1.72241
 -1.80752 -0.563959 2.19592
 0.82163 0.530546 -2.61286
regression_error on 'test' 0.0917873
classification_error on 'test' 0.105263
Save,2607,0.0917873,0.105263
sample_count 75 Sample index 2
 i 0:0.466896 i 1:0.480944 i 2:0.566734 i 3:0.500487 bias 1
 test_print 3.01506
net matrix:
 -0.916448 -0.13719 -0.731494
outputs matrix:
 0.137894 0.431832 0.188011
error matrix:
 -0.137894 0.568168 -0.188011
delta matrix:
 -0.0327853 0.278803 -0.0574044
weights_delta matrix:
 -0.00153073 0.0130172 -0.00268019
 -0.00157679 0.0134089 -0.00276083
 -0.00185806 0.0158007 -0.0032533
 -0.00164086 0.0139538 -0.00287302
 -0.00327853 0.0278803 -0.00574044
weights matrix:
 -0.923188 0.10892 0.0426168
 1.72036 -1.90851 -0.449725
 -2.17444 0.887601 1.71915
 -1.80916 -0.550005 2.19305
 0.818352 0.558427 -2.6186
regression_error on 'test' 0.0944938
classification_error on 'test' 0.0789474
Save,2608,0.0944938,0.0789474
sample_count 75 Sample index 18
 i 0:0.513088 i 1:0.480944 i 2:0.566734 i 3:0.60999 bias 1
 test_print 3.17076
net matrix:
 -1.16383 -0.13604 -0.500981
outputs matrix:
 0.0888586 0.432396 0.268556
error matrix:
 -0.0888586 0.567604 -0.268556
delta matrix:
 -0.0143885 0.278614 -0.105507
weights_delta matrix:
 -0.000738255 0.0142953 -0.00541342
 -0.000692005 0.0133998 -0.00507428
 -0.000815444 0.01579 -0.00597942
 -0.000877682 0.0169952 -0.0064358
 -0.00143885 0.0278614 -0.0105507
weights matrix:
 -0.923927 0.123215 0.0372034
 1.71967 -1.89511 -0.454799
 -2.17526 0.903391 1.71318
 -1.81004 -0.53301 2.18662
 0.816913 0.586288 -2.62915
regression_error on 'test' 0.0982092
classification_error on 'test' 0.131579
Save,2609,0.0982092,0.131579
sample_count 75 Sample index 43
 i 0:0.582374 i 1:0.198626 i 2:0.612097 i 3:0.60999 bias 1
 test_print 3.00309
net matrix:
 -1.81516 0.509458 -0.315374
outputs matrix:
 0.0258232 0.734762 0.347341
error matrix:
 -0.0258232 0.265238 -0.347341
delta matrix:
 -0.00129924 0.103383 -0.157481
weights_delta matrix:
 -7.56641e-05 0.00602076 -0.00917129
 -2.58062e-05 0.00205346 -0.00312798
 -7.95258e-05 0.00632805 -0.00963937
 -7.92521e-05 0.00630626 -0.00960619
 -0.000129924 0.0103383 -0.0157481
weights matrix:
 -0.924002 0.129236 0.0280321
 1.71965 -1.89306 -0.457927
 -2.17534 0.909719 1.70354
 -1.81011 -0.526704 2.17701
 0.816783 0.596626 -2.6449
regression_error on 'test' 0.100664
classification_error on 'test' 0.157895
Save,2610,0.100664,0.157895
sample_count 75 Sample index 68
 i 0:0.305227 i 1:0.657392 i 2:0.173589 i 3:0.281481 bias 1
 test_print 2.41769
net matrix:
 0.778106 -0.59875 -2.02888
outputs matrix:
 0.825809 0.23192 0.016994
error matrix:
 0.174191 -0.23192 -0.016994
delta matrix:
 0.0501141 -0.0826254 -0.000567779
weights_delta matrix:
 0.00152962 -0.00252195 -1.73302e-05
 0.00329446 -0.00543173 -3.73254e-05
 0.000869926 -0.00143429 -9.85603e-06
 0.00141062 -0.00232575 -1.59819e-05
 0.00501141 -0.00826254 -5.67779e-05
weights matrix:
 -0.922473 0.126714 0.0280148
 1.72294 -1.89849 -0.457964
 -2.17447 0.908285 1.70353
 -1.8087 -0.52903 2.17699
 0.821794 0.588364 -2.64495
regression_error on 'test' 0.0999037
classification_error on 'test' 0.157895
Save,2611,0.0999037,0.157895
sample_count 75 Sample index 30
 i 0:0.559279 i 1:0.410364 i 2:0.642339 i 3:0.500487 bias 1
 test_print 3.11247
net matrix:
 -1.28907 0.198814 -0.633419
outputs matrix:
 0.0705584 0.598117 0.219799
error matrix:
 -0.0705584 0.401883 -0.219799
delta matrix:
 -0.00925443 0.193203 -0.0753855
weights_delta matrix:
 -0.000517581 0.0108055 -0.00421615
 -0.000379768 0.00792837 -0.00309355
 -0.000594448 0.0124102 -0.0048423
 -0.000463172 0.00966958 -0.00377294
 -0.000925443 0.0193203 -0.00753855
weights matrix:
 -0.92299 0.137519 0.0237986
 1.72256 -1.89056 -0.461058
 -2.17506 0.920695 1.69868
 -1.80917 -0.51936 2.17322
 0.820869 0.607684 -2.65249
regression_error on 'test' 0.102898
classification_error on 'test' 0.157895
Save,2612,0.102898,0.157895
sample_count 75 Sample index 28
 i 0:0.305227 i 1:0.551523 i 2:0.113105 i 3:0.135476 bias 1
 test_print 2.10533
net matrix:
 0.99807 -0.359256 -2.41296
outputs matrix:
 0.880391 0.327721 0.00795533
error matrix:
 0.119609 -0.327721 -0.00795533
delta matrix:
 0.0251902 -0.144407 -0.000125568
weights_delta matrix:
 0.000768874 -0.00440768 -3.83266e-06
 0.0013893 -0.00796436 -6.92534e-06
 0.000284914 -0.00163331 -1.42023e-06
 0.000341267 -0.00195636 -1.70114e-06
 0.00251902 -0.0144407 -1.25568e-05
weights matrix:
 -0.922221 0.133112 0.0237948
 1.72395 -1.89853 -0.461065
 -2.17478 0.919061 1.69868
 -1.80883 -0.521316 2.17322
 0.823388 0.593243 -2.6525
regression_error on 'test' 0.101657
classification_error on 'test' 0.157895
Save,2613,0.101657,0.157895
sample_count 75 Sample index 42
 i 0:0.651661 i 1:0.551523 i 2:0.702823 i 3:0.792495 bias 1
 test_print 3.6985
net matrix:
 -1.78876 -0.134298 0.0248518
outputs matrix:
 0.0271852 0.433252 0.512423
error matrix:
 -0.0271852 -0.433252 0.487577
delta matrix:
 -0.00143789 -0.212765 0.243638
weights_delta matrix:
 -9.37019e-05 -0.0138651 0.0158769
 -7.93031e-05 -0.0117345 0.0134372
 -0.000101058 -0.0149536 0.0171234
 -0.000113952 -0.0168616 0.0193082
 -0.000143789 -0.0212765 0.0243638
weights matrix:
 -0.922315 0.119247 0.0396717
 1.72387 -1.91026 -0.447628
 -2.17488 0.904108 1.71581
 -1.80894 -0.538178 2.19253
 0.823244 0.571967 -2.62814
regression_error on 'test' 0.0965421
classification_error on 'test' 0.0789474
Save,2614,0.0965421,0.0789474
sample_count 75 Sample index 40
 i 0:0.328323 i 1:0.763262 i 2:0.158468 i 3:0.171977 bias 1
 test_print 2.42203
net matrix:
 1.18045 -0.796195 -2.30781
outputs matrix:
 0.913796 0.169048 0.00979911
error matrix:
 0.0862037 -0.169048 -0.00979911
delta matrix:
 0.013581 -0.0474926 -0.000190163
weights_delta matrix:
 0.000445895 -0.00155929 -6.2435e-06
 0.00103659 -0.00362493 -1.45144e-05
 0.000215215 -0.000752606 -3.01348e-06
 0.000233562 -0.000816764 -3.27037e-06
 0.0013581 -0.00474926 -1.90163e-05
weights matrix:
 -0.921869 0.117687 0.0396655
 1.72491 -1.91389 -0.447642
 -2.17466 0.903355 1.7158
 -1.80871 -0.538995 2.19252
 0.824602 0.567218 -2.62816
regression_error on 'test' 0.0961643
classification_error on 'test' 0.0789474
Save,2615,0.0961643,0.0789474
sample_count 75 Sample index 59
 i 0:0.60547 i 1:0.233915 i 2:0.596976 i 3:0.536988 bias 1
 test_print 2.97335
net matrix:
 -1.59956 0.440634 -0.507202
outputs matrix:
 0.0391991 0.707085 0.266119
error matrix:
 -0.0391991 0.292915 -0.266119
delta matrix:
 -0.00295268 0.121335 -0.103946
weights_delta matrix:
 -0.000178776 0.00734644 -0.00629361
 -6.90676e-05 0.0028382 -0.00243145
 -0.000176268 0.00724338 -0.00620532
 -0.000158555 0.00651552 -0.00558177
 -0.000295268 0.0121335 -0.0103946
weights matrix:
 -0.922048 0.125034 0.0333719
 1.72484 -1.91105 -0.450073
 -2.17484 0.910599 1.7096
 -1.80886 -0.532479 2.18694
 0.824307 0.579351 -2.63855
regression_error on 'test' 0.0981954
classification_error on 'test' 0.131579
Save,2616,0.0981954,0.131579
sample_count 75 Sample index 64
 i 0:0.282131 i 1:0.516233 i 2:0.158468 i 3:0.0989754 bias 1
 test_print 2.05581
net matrix:
 0.930911 -0.280321 -2.37411
outputs matrix:
 0.865509 0.363399 0.0085926
error matrix:
 0.134491 -0.363399 -0.0085926
delta matrix:
 0.0313102 -0.168137 -0.000146397
weights_delta matrix:
 0.000883359 -0.00474368 -4.13031e-06
 0.00161634 -0.00867981 -7.55749e-06
 0.000496167 -0.00266444 -2.31992e-06
 0.000309894 -0.00166415 -1.44897e-06
 0.00313102 -0.0168137 -1.46397e-05
weights matrix:
 -0.921164 0.12029 0.0333677
 1.72645 -1.91973 -0.450081
 -2.17434 0.907934 1.7096
 -1.80855 -0.534143 2.18694
 0.827438 0.562537 -2.63857
regression_error on 'test' 0.0969848
classification_error on 'test' 0.105263
Save,2617,0.0969848,0.105263
sample_count 75 Sample index 0
 i 0:0.282131 i 1:0.269205 i 2:0.430645 i 3:0.427485 bias 1
 test_print 2.40947
net matrix:
 -0.677182 0.242333 -1.07921
outputs matrix:
 0.205158 0.618849 0.103548
error matrix:
 -0.205158 0.381151 -0.103548
delta matrix:
 -0.0669095 0.179808 -0.0192238
weights_delta matrix:
 -0.00188772 0.00507294 -0.000542362
 -0.00180124 0.00484052 -0.000517513
 -0.00288142 0.00774333 -0.000827862
 -0.00286028 0.00768651 -0.000821787
 -0.00669095 0.0179808 -0.00192238
weights matrix:
 -0.923052 0.125363 0.0328254
 1.72465 -1.91489 -0.450599
 -2.17723 0.915678 1.70877
 -1.81142 -0.526457 2.18612
 0.820747 0.580518 -2.64049
regression_error on 'test' 0.0986721
classification_error on 'test' 0.131579
Save,2618,0.0986721,0.131579
sample_count 75 Sample index 37
 i 0:0.720948 i 1:0.551523 i 2:0.82379 i 3:0.901998 bias 1
 test_print 3.99826
net matrix:
 -2.32101 -0.105744 0.514199
outputs matrix:
 0.00954621 0.447324 0.736605
error matrix:
 -0.00954621 -0.447324 0.263395
delta matrix:
 -0.00018052 -0.22118 0.102207
weights_delta matrix:
 -1.30146e-05 -0.0159459 0.00736858
 -9.95611e-06 -0.0121986 0.00563694
 -1.48711e-05 -0.0182206 0.00841969
 -1.62829e-05 -0.0199504 0.00921903
 -1.8052e-05 -0.022118 0.0102207
weights matrix:
 -0.923065 0.109417 0.0401939
 1.72464 -1.92709 -0.444962
 -2.17724 0.897457 1.71719
 -1.81143 -0.546407 2.19534
 0.820729 0.5584 -2.63027
regression_error on 'test' 0.0948263
classification_error on 'test' 0.0789474
Save,2619,0.0948263,0.0789474
sample_count 75 Sample index 59
 i 0:0.60547 i 1:0.233915 i 2:0.596976 i 3:0.536988 bias 1
 test_print 2.97335
net matrix:
 -1.60722 0.41622 -0.506028
outputs matrix:
 0.0386262 0.696871 0.266578
error matrix:
 -0.0386262 0.303129 -0.266578
delta matrix:
 -0.0028687 0.128067 -0.104239
weights_delta matrix:
 -0.000173691 0.00775408 -0.00631138
 -6.71032e-05 0.00299568 -0.00243831
 -0.000171255 0.0076453 -0.00622283
 -0.000154046 0.00687705 -0.00559752
 -0.00028687 0.0128067 -0.0104239
weights matrix:
 -0.923239 0.117171 0.0338826
 1.72458 -1.92409 -0.4474
 -2.17741 0.905102 1.71096
 -1.81159 -0.53953 2.18974
 0.820442 0.571207 -2.64069
regression_error on 'test' 0.0968266
classification_error on 'test' 0.105263
Save,2620,0.0968266,0.105263
sample_count 75 Sample index 69
 i 0:0.628566 i 1:0.445654 i 2:0.581855 i 3:0.536988 bias 1
 test_print 3.19306
net matrix:
 -1.23105 0.0242947 -0.647386
outputs matrix:
 0.0785585 0.512145 0.215046
error matrix:
 -0.0785585 0.487855 -0.215046
delta matrix:
 -0.0113732 0.243784 -0.0726003
weights_delta matrix:
 -0.000714883 0.0153234 -0.00456341
 -0.000506853 0.0108643 -0.00323546
 -0.000661757 0.0141847 -0.00422428
 -0.000610729 0.0130909 -0.00389855
 -0.00113732 0.0243784 -0.00726003
weights matrix:
 -0.923954 0.132495 0.0293192
 1.72407 -1.91323 -0.450635
 -2.17807 0.919287 1.70674
 -1.8122 -0.526439 2.18584
 0.819305 0.595585 -2.64795
regression_error on 'test' 0.100158
classification_error on 'test' 0.157895
Save,2621,0.100158,0.157895
sample_count 75 Sample index 40
 i 0:0.328323 i 1:0.763262 i 2:0.158468 i 3:0.171977 bias 1
 test_print 2.42203
net matrix:
 1.17506 -0.766065 -2.3359
outputs matrix:
 0.912943 0.177682 0.00926864
error matrix:
 0.087057 -0.177682 -0.00926864
delta matrix:
 0.0138383 -0.0519227 -0.000170223
weights_delta matrix:
 0.000454342 -0.00170474 -5.58881e-06
 0.00105622 -0.00396306 -1.29925e-05
 0.000219292 -0.000822809 -2.69749e-06
 0.000237986 -0.000892952 -2.92744e-06
 0.00138383 -0.00519227 -1.70223e-05
weights matrix:
 -0.923499 0.13079 0.0293136
 1.72513 -1.91719 -0.450648
 -2.17785 0.918464 1.70674
 -1.81196 -0.527332 2.18584
 0.820689 0.590393 -2.64797
regression_error on 'test' 0.099692
classification_error on 'test' 0.131579
Save,2622,0.099692,0.131579
sample_count 75 Sample index 74
 i 0:0.443801 i 1:0.480944 i 2:0.551613 i 3:0.536988 bias 1
 test_print 3.01335
net matrix:
 -0.933805 -0.0501578 -0.736471
outputs matrix:
 0.133818 0.474942 0.186496
error matrix:
 -0.133818 0.525058 -0.186496
delta matrix:
 -0.0310221 0.26187 -0.0565884
weights_delta matrix:
 -0.00137676 0.0116218 -0.0025114
 -0.00149199 0.0125945 -0.00272159
 -0.00171122 0.0144451 -0.00312149
 -0.00166585 0.0140621 -0.00303873
 -0.00310221 0.026187 -0.00565884
weights matrix:
 -0.924876 0.142412 0.0268022
 1.72363 -1.9046 -0.45337
 -2.17957 0.932909 1.70362
 -1.81362 -0.51327 2.1828
 0.817586 0.61658 -2.65363
regression_error on 'test' 0.103269
classification_error on 'test' 0.157895
Save,2623,0.103269,0.157895
sample_count 75 Sample index 53
 i 0:0.489992 i 1:0.410364 i 2:0.702823 i 3:0.938499 bias 1
 test_print 3.54168
net matrix:
 -2.16221 0.0787495 0.419351
outputs matrix:
 0.0130681 0.539294 0.698192
error matrix:
 -0.0130681 -0.539294 0.301808
delta matrix:
 -0.000337089 -0.267981 0.127194
weights_delta matrix:
 -1.65171e-05 -0.0131309 0.0062324
 -1.38329e-05 -0.010997 0.00521958
 -2.36914e-05 -0.0188344 0.00893948
 -3.16358e-05 -0.02515 0.0119371
 -3.37089e-05 -0.0267981 0.0127194
weights matrix:
 -0.924893 0.129281 0.0330346
 1.72362 -1.91559 -0.44815
 -2.17959 0.914075 1.71256
 -1.81366 -0.53842 2.19474
 0.817553 0.589782 -2.64091
regression_error on 'test' 0.0983769
classification_error on 'test' 0.131579
Save,2624,0.0983769,0.131579
sample_count 75 Sample index 36
 i 0:0.744044 i 1:0.516233 i 2:0.702823 i 3:0.901998 bias 1
 test_print 3.8651
net matrix:
 -2.1486 -0.146141 0.33559
outputs matrix:
 0.013424 0.427445 0.661767
error matrix:
 -0.013424 -0.427445 0.338233
delta matrix:
 -0.000355569 -0.209222 0.151414
weights_delta matrix:
 -2.64559e-05 -0.0155671 0.0112659
 -1.83557e-05 -0.0108007 0.0078165
 -2.49902e-05 -0.0147046 0.0106417
 -3.20723e-05 -0.0188718 0.0136575
 -3.55569e-05 -0.0209222 0.0151414
weights matrix:
 -0.924919 0.113714 0.0443005
 1.7236 -1.92639 -0.440334
 -2.17961 0.89937 1.7232
 -1.81369 -0.557292 2.20839
 0.817517 0.568859 -2.62577
regression_error on 'test' 0.094378
classification_error on 'test' 0.0789474
Save,2625,0.094378,0.0789474
sample_count 75 Sample index 1
 i 0:0.582374 i 1:0.445654 i 2:0.581855 i 3:0.536988 bias 1
 test_print 3.14687
net matrix:
 -1.19515 0.000622432 -0.607675
outputs matrix:
 0.0839154 0.500311 0.228756
error matrix:
 -0.0839154 0.499689 -0.228756
delta matrix:
 -0.0129017 0.249844 -0.0807173
weights_delta matrix:
 -0.000751364 0.0145503 -0.00470076
 -0.000574971 0.0111344 -0.0035972
 -0.000750695 0.0145373 -0.00469657
 -0.000692808 0.0134163 -0.00433442
 -0.00129017 0.0249844 -0.00807173
weights matrix:
 -0.925671 0.128264 0.0395997
 1.72303 -1.91526 -0.443931
 -2.18037 0.913908 1.7185
 -1.81438 -0.543876 2.20406
 0.816227 0.593844 -2.63384
regression_error on 'test' 0.0975696
classification_error on 'test' 0.105263
Save,2626,0.0975696,0.105263
sample_count 75 Sample index 57
 i 0:0.374514 i 1:0.727972 i 2:0.158468 i 3:0.135476 bias 1
 test_print 2.39643
net matrix:
 1.13254 -0.681231 -2.37126
outputs matrix:
 0.905944 0.20384 0.0086414
error matrix:
 0.0940562 -0.20384 -0.0086414
delta matrix:
 0.016029 -0.0661623 -0.000148057
weights_delta matrix:
 0.000600308 -0.00247787 -5.54495e-06
 0.00116687 -0.00481643 -1.07781e-05
 0.000254008 -0.00104846 -2.34623e-06
 0.000217154 -0.00089634 -2.00582e-06
 0.0016029 -0.00661623 -1.48057e-05
weights matrix:
 -0.92507 0.125786 0.0395942
 1.72419 -1.92008 -0.443942
 -2.18011 0.912859 1.7185
 -1.81416 -0.544772 2.20406
 0.81783 0.587228 -2.63386
regression_error on 'test' 0.0970091
classification_error on 'test' 0.105263
Save,2627,0.0970091,0.105263
sample_count 75 Sample index 46
 i 0:0.928809 i 1:0.480944 i 2:0.854032 i 3:0.901998 bias 1
 test_print 4.16578
net matrix:
 -2.7104 0.0688379 0.645116
outputs matrix:
 0.00440413 0.534365 0.784187
error matrix:
 -0.00440413 -0.534365 0.215813
delta matrix:
 -3.86218e-05 -0.26592 0.0730477
weights_delta matrix:
 -3.58723e-06 -0.0246989 0.00678473
 -1.85749e-06 -0.0127893 0.00351318
 -3.29843e-06 -0.0227104 0.0062385
 -3.48368e-06 -0.023986 0.00658889
 -3.86218e-06 -0.026592 0.00730477
weights matrix:
 -0.925074 0.101087 0.0463789
 1.72419 -1.93286 -0.440429
 -2.18011 0.890149 1.72474
 -1.81417 -0.568758 2.21065
 0.817826 0.560636 -2.62655
regression_error on 'test' 0.0929251
classification_error on 'test' 0.0789474
Save,2628,0.0929251,0.0789474
sample_count 75 Sample index 17
 i 0:0.443801 i 1:0.304495 i 2:0.521371 i 3:0.463986 bias 1
 test_print 2.73365
net matrix:
 -1.04611 0.217153 -0.81514
outputs matrix:
 0.109855 0.606901 0.163792
error matrix:
 -0.109855 0.393099 -0.163792
delta matrix:
 -0.0214848 0.187565 -0.0448673
weights_delta matrix:
 -0.000953496 0.00832415 -0.00199121
 -0.0006542 0.00571125 -0.00136619
 -0.00112015 0.00977909 -0.00233925
 -0.000996863 0.00870274 -0.00208178
 -0.00214848 0.0187565 -0.00448673
weights matrix:
 -0.926027 0.109411 0.0443877
 1.72354 -1.92715 -0.441795
 -2.18123 0.899928 1.7224
 -1.81516 -0.560055 2.20857
 0.815678 0.579392 -2.63104
regression_error on 'test' 0.0947706
classification_error on 'test' 0.0789474
Save,2629,0.0947706,0.0789474
sample_count 75 Sample index 21
 i 0:0.836426 i 1:0.445654 i 2:0.884274 i 3:0.719493 bias 1
 test_print 3.88585
net matrix:
 -2.42558 0.20489 0.321319
outputs matrix:
 0.00775861 0.601035 0.65535
error matrix:
 -0.00775861 -0.601035 0.34465
delta matrix:
 -0.000119458 -0.288247 0.15569
weights_delta matrix:
 -9.99179e-06 -0.0241097 0.0130223
 -5.3237e-06 -0.0128458 0.00693838
 -1.05634e-05 -0.0254889 0.0137672
 -8.59493e-06 -0.0207391 0.0112018
 -1.19458e-05 -0.0288247 0.015569
weights matrix:
 -0.926037 0.0853017 0.05741
 1.72353 -1.94 -0.434856
 -2.18125 0.874439 1.73616
 -1.81517 -0.580794 2.21977
 0.815666 0.550567 -2.61547
regression_error on 'test' 0.090472
classification_error on 'test' 0.105263
Save,2630,0.090472,0.105263
sample_count 75 Sample index 48
 i 0:0.744044 i 1:0.516233 i 2:0.748185 i 3:0.828996 bias 1
 test_print 3.83746
net matrix:
 -2.12035 -0.21469 0.341909
outputs matrix:
 0.0141932 0.394274 0.66459
error matrix:
 -0.0141932 -0.394274 0.33541
delta matrix:
 -0.000397176 -0.188323 0.149532
weights_delta matrix:
 -2.95516e-05 -0.014012 0.0111259
 -2.05035e-05 -0.00972185 0.00771935
 -2.97161e-05 -0.01409 0.0111878
 -3.29257e-05 -0.0156119 0.0123962
 -3.97176e-05 -0.0188323 0.0149532
weights matrix:
 -0.926067 0.0712897 0.0685358
 1.72351 -1.94972 -0.427137
 -2.18127 0.860349 1.74735
 -1.81521 -0.596406 2.23216
 0.815626 0.531735 -2.60052
regression_error on 'test' 0.0879511
classification_error on 'test' 0.0789474
Save,2631,0.0879511,0.0789474
sample_count 75 Sample index 52
 i 0:0.443801 i 1:0.410364 i 2:0.672581 i 3:0.792495 bias 1
 test_print 3.31924
net matrix:
 -1.79372 -0.130716 0.198833
outputs matrix:
 0.026924 0.435011 0.598127
error matrix:
 -0.026924 -0.435011 0.401873
delta matrix:
 -0.00141077 -0.213831 0.193198
weights_delta matrix:
 -6.26102e-05 -0.00948985 0.00857413
 -5.7893e-05 -0.00877486 0.00792813
 -9.48858e-05 -0.0143819 0.0129941
 -0.000111803 -0.016946 0.0153108
 -0.000141077 -0.0213831 0.0193198
weights matrix:
 -0.926129 0.0617998 0.07711
 1.72345 -1.9585 -0.419209
 -2.18137 0.845967 1.76035
 -1.81532 -0.613352 2.24747
 0.815485 0.510352 -2.5812
regression_error on 'test' 0.0858458
classification_error on 'test' 0.0789474
Save,2632,0.0858458,0.0789474
sample_count 75 Sample index 57
 i 0:0.374514 i 1:0.727972 i 2:0.158468 i 3:0.135476 bias 1
 test_print 2.39643
net matrix:
 1.13165 -0.841269 -2.27405
outputs matrix:
 0.905792 0.15676 0.0104763
error matrix:
 0.0942079 -0.15676 -0.0104763
delta matrix:
 0.016078 -0.0414429 -0.000217207
weights_delta matrix:
 0.000602145 -0.00155209 -8.13472e-06
 0.00117044 -0.00301693 -1.58121e-05
 0.000254785 -0.000656737 -3.44204e-06
 0.000217819 -0.000561452 -2.94264e-06
 0.0016078 -0.00414429 -2.17207e-05
weights matrix:
 -0.925527 0.0602477 0.0771018
 1.72462 -1.96151 -0.419225
 -2.18112 0.84531 1.76034
 -1.8151 -0.613914 2.24747
 0.817093 0.506208 -2.58122
regression_error on 'test' 0.0856988
classification_error on 'test' 0.0789474
Save,2633,0.0856988,0.0789474
sample_count 75 Sample index 16
 i 0:0.60547 i 1:0.304495 i 2:0.687702 i 3:0.755994 bias 1
 test_print 3.35366
net matrix:
 -2.09031 0.0626215 0.247479
outputs matrix:
 0.0150588 0.53127 0.621274
error matrix:
 -0.0150588 -0.53127 0.378726
delta matrix:
 -0.000446707 -0.264596 0.178223
weights_delta matrix:
 -2.70468e-05 -0.0160205 0.0107909
 -1.3602e-05 -0.00805682 0.0054268
 -3.07202e-05 -0.0181963 0.0122564
 -3.37708e-05 -0.0200033 0.0134736
 -4.46707e-05 -0.0264596 0.0178223
weights matrix:
 -0.925554 0.0442272 0.0878927
 1.72461 -1.96957 -0.413798
 -2.18115 0.827114 1.7726
 -1.81513 -0.633917 2.26094
 0.817048 0.479748 -2.5634
regression_error on 'test' 0.0840261
classification_error on 'test' 0.157895
Save,2634,0.0840261,0.157895
sample_count 75 Sample index 48
 i 0:0.744044 i 1:0.516233 i 2:0.748185 i 3:0.828996 bias 1
 test_print 3.83746
net matrix:
 -2.11794 -0.410782 0.488931
outputs matrix:
 0.0142607 0.305432 0.726684
error matrix:
 -0.0142607 -0.305432 0.273316
delta matrix:
 -0.000400933 -0.12959 0.108569
weights_delta matrix:
 -2.98312e-05 -0.0096421 0.00807803
 -2.06975e-05 -0.00668989 0.0056047
 -2.99972e-05 -0.00969577 0.00812299
 -3.32372e-05 -0.010743 0.00900035
 -4.00933e-05 -0.012959 0.0108569
weights matrix:
 -0.925584 0.0345851 0.0959707
 1.72459 -1.97626 -0.408193
 -2.18118 0.817418 1.78072
 -1.81517 -0.64466 2.26995
 0.817008 0.466789 -2.55254
regression_error on 'test' 0.0833606
classification_error on 'test' 0.157895
Save,2635,0.0833606,0.157895
sample_count 75 Sample index 47
 i 0:0.282131 i 1:0.516233 i 2:0.158468 i 3:0.0989754 bias 1
 test_print 2.05581
net matrix:
 0.920859 -0.477935 -2.22933
outputs matrix:
 0.863152 0.277706 0.0114454
error matrix:
 0.136848 -0.277706 -0.0114454
delta matrix:
 0.0323293 -0.111408 -0.000258995
weights_delta matrix:
 0.000912109 -0.00314315 -7.30704e-06
 0.00166894 -0.00575122 -1.33702e-05
 0.000512316 -0.00176545 -4.10424e-06
 0.00031998 -0.00110266 -2.56341e-06
 0.00323293 -0.0111408 -2.58995e-05
weights matrix:
 -0.924672 0.031442 0.0959634
 1.72626 -1.98201 -0.408207
 -2.18066 0.815653 1.78072
 -1.81485 -0.645763 2.26994
 0.820241 0.455648 -2.55256
regression_error on 'test' 0.0832291
classification_error on 'test' 0.157895
Save,2636,0.0832291,0.157895
sample_count 75 Sample index 8
 i 0:0.489992 i 1:0.375074 i 2:0.702823 i 3:0.755994 bias 1
 test_print 3.32388
net matrix:
 -1.89 -0.187279 0.308942
outputs matrix:
 0.0223134 0.40744 0.649737
error matrix:
 -0.0223134 -0.40744 0.350263
delta matrix:
 -0.000973561 -0.196739 0.159425
weights_delta matrix:
 -4.77037e-05 -0.00964003 0.00781169
 -3.65157e-05 -0.00737915 0.00597961
 -6.84241e-05 -0.0138272 0.0112048
 -7.36006e-05 -0.0148733 0.0120524
 -9.73561e-05 -0.0196739 0.0159425
weights matrix:
 -0.92472 0.0218019 0.103775
 1.72622 -1.98939 -0.402227
 -2.18073 0.801825 1.79192
 -1.81492 -0.660636 2.28199
 0.820143 0.435975 -2.53662
regression_error on 'test' 0.0827765
classification_error on 'test' 0.157895
Save,2637,0.0827765,0.157895
sample_count 75 Sample index 39
 i 0:0.397609 i 1:0.622103 i 2:0.18871 i 3:0.135476 bias 1
 test_print 2.3439
net matrix:
 0.86895 -0.73115 -2.09828
outputs matrix:
 0.85042 0.188116 0.0148243
error matrix:
 0.14958 -0.188116 -0.0148243
delta matrix:
 0.0380548 -0.0574612 -0.000433002
weights_delta matrix:
 0.00151309 -0.00228471 -1.72165e-05
 0.0023674 -0.00357468 -2.69372e-05
 0.000718132 -0.00108435 -8.17118e-06
 0.000515551 -0.000778461 -5.86614e-06
 0.00380548 -0.00574612 -4.33002e-05
weights matrix:
 -0.923207 0.0195172 0.103758
 1.72859 -1.99296 -0.402254
 -2.18001 0.800741 1.79191
 -1.8144 -0.661414 2.28199
 0.823949 0.430228 -2.53667
regression_error on 'test' 0.0827534
classification_error on 'test' 0.157895
Save,2638,0.0827534,0.157895
sample_count 75 Sample index 26
 i 0:0.489992 i 1:0.339785 i 2:0.536492 i 3:0.500487 bias 1
 test_print 2.86676
net matrix:
 -1.11871 -0.138826 -0.519051
outputs matrix:
 0.0964398 0.43103 0.261516
error matrix:
 -0.0964398 0.56897 -0.261516
delta matrix:
 -0.0168074 0.279072 -0.101011
weights_delta matrix:
 -0.000823547 0.0136743 -0.00494946
 -0.000571089 0.00948245 -0.0034322
 -0.000901702 0.014972 -0.00541916
 -0.000841187 0.0139672 -0.00505547
 -0.00168074 0.0279072 -0.0101011
weights matrix:
 -0.92403 0.0331915 0.0988084
 1.72802 -1.98348 -0.405686
 -2.18092 0.815713 1.7865
 -1.81525 -0.647447 2.27693
 0.822268 0.458136 -2.54677
regression_error on 'test' 0.0831212
classification_error on 'test' 0.157895
Save,2639,0.0831212,0.157895
sample_count 75 Sample index 3
 i 0:0.744044 i 1:0.516233 i 2:0.672581 i 3:0.60999 bias 1
 test_print 3.54285
net matrix:
 -1.54731 -0.387411 -0.0922076
outputs matrix:
 0.0433293 0.315437 0.454026
error matrix:
 -0.0433293 0.684563 -0.454026
delta matrix:
 -0.00359216 0.295644 -0.225094
weights_delta matrix:
 -0.000267273 0.0219972 -0.016748
 -0.000185439 0.0152621 -0.0116201
 -0.000241602 0.0198845 -0.0151394
 -0.000219118 0.018034 -0.0137305
 -0.000359216 0.0295644 -0.0225094
weights matrix:
 -0.924298 0.0551888 0.0820605
 1.72783 -1.96822 -0.417306
 -2.18116 0.835597 1.77136
 -1.81546 -0.629413 2.2632
 0.821909 0.4877 -2.56928
regression_error on 'test' 0.0844538
classification_error on 'test' 0.105263
Save,2640,0.0844538,0.105263
sample_count 75 Sample index 60
 i 0:0.559279 i 1:0.410364 i 2:0.536492 i 3:0.536988 bias 1
 test_print 3.04312
net matrix:
 -1.13105 -0.178817 -0.528997
outputs matrix:
 0.0943114 0.411533 0.257693
error matrix:
 -0.0943114 0.588467 -0.257693
delta matrix:
 -0.0161115 0.285022 -0.0985867
weights_delta matrix:
 -0.000901085 0.0159407 -0.00551375
 -0.00066116 0.0116963 -0.00404564
 -0.000864371 0.0152912 -0.0052891
 -0.00086517 0.0153054 -0.00529399
 -0.00161115 0.0285022 -0.00985867
weights matrix:
 -0.925199 0.0711295 0.0765467
 1.72717 -1.95652 -0.421352
 -2.18202 0.850889 1.76607
 -1.81633 -0.614108 2.25791
 0.820298 0.516202 -2.57913
regression_error on 'test' 0.0859544
classification_error on 'test' 0.0789474
Save,2641,0.0859544,0.0789474
sample_count 75 Sample index 72
 i 0:0.905713 i 1:0.480944 i 2:0.929637 i 3:0.828996 bias 1
 test_print 4.14529
net matrix:
 -2.72121 -0.0784285 0.801147
outputs matrix:
 0.00431032 0.460866 0.832339
error matrix:
 -0.00431032 -0.460866 0.167661
delta matrix:
 -3.69976e-05 -0.229021 0.0467946
weights_delta matrix:
 -3.35092e-06 -0.0207428 0.00423825
 -1.77938e-06 -0.0110146 0.00225056
 -3.43943e-06 -0.0212907 0.0043502
 -3.06708e-06 -0.0189858 0.00387925
 -3.69976e-06 -0.0229021 0.00467946
weights matrix:
 -0.925202 0.0503867 0.080785
 1.72717 -1.96754 -0.419101
 -2.18202 0.829598 1.77042
 -1.81633 -0.633094 2.26179
 0.820294 0.4933 -2.57446
regression_error on 'test' 0.0844354
classification_error on 'test' 0.105263
Save,2642,0.0844354,0.105263
sample_count 75 Sample index 10
 i 0:0.697853 i 1:0.304495 i 2:0.808669 i 3:0.719493 bias 1
 test_print 3.53051
net matrix:
 -2.37082 0.144721 0.413329
outputs matrix:
 0.00864885 0.571859 0.695648
error matrix:
 -0.00864885 -0.571859 0.304352
delta matrix:
 -0.000148311 -0.280024 0.128876
weights_delta matrix:
 -1.035e-05 -0.0195415 0.00899365
 -4.51601e-06 -0.00852658 0.00392421
 -1.19935e-05 -0.0226447 0.0104218
 -1.06709e-05 -0.0201475 0.00927254
 -1.48311e-05 -0.0280024 0.0128876
weights matrix:
 -0.925212 0.0308452 0.0897786
 1.72717 -1.97607 -0.415177
 -2.18204 0.806953 1.78084
 -1.81634 -0.653241 2.27106
 0.820279 0.465298 -2.56157
regression_error on 'test' 0.0832157
classification_error on 'test' 0.157895
Save,2643,0.0832157,0.157895
sample_count 75 Sample index 13
 i 0:0.420705 i 1:0.269205 i 2:0.491129 i 3:0.427485 bias 1
 test_print 2.60852
net matrix:
 -0.952122 0.0633753 -0.790099
outputs matrix:
 0.129629 0.531645 0.170767
error matrix:
 -0.129629 0.468355 -0.170767
delta matrix:
 -0.0292508 0.233239 -0.0483634
weights_delta matrix:
 -0.0012306 0.00981249 -0.00203467
 -0.000787447 0.00627892 -0.00130197
 -0.00143659 0.0114551 -0.00237527
 -0.00125043 0.00997063 -0.00206746
 -0.00292508 0.0233239 -0.00483634
weights matrix:
 -0.926443 0.0406577 0.0877439
 1.72638 -1.96979 -0.416479
 -2.18347 0.818408 1.77846
 -1.81759 -0.643271 2.26899
 0.817354 0.488622 -2.5664
regression_error on 'test' 0.0837673
classification_error on 'test' 0.131579
Save,2644,0.0837673,0.131579
sample_count 75 Sample index 16
 i 0:0.60547 i 1:0.304495 i 2:0.687702 i 3:0.755994 bias 1
 test_print 3.35366
net matrix:
 -2.09357 -0.0100389 0.298305
outputs matrix:
 0.0149622 0.494981 0.64488
error matrix:
 -0.0149622 -0.494981 0.35512
delta matrix:
 -0.000441038 -0.247465 0.162652
weights_delta matrix:
 -2.67036e-05 -0.0149833 0.00984807
 -1.34294e-05 -0.0075352 0.00495266
 -3.03303e-05 -0.0170182 0.0111856
 -3.33422e-05 -0.0187082 0.0122964
 -4.41038e-05 -0.0247465 0.0162652
weights matrix:
 -0.92647 0.0256744 0.097592
 1.72636 -1.97732 -0.411526
 -2.1835 0.80139 1.78965
 -1.81763 -0.661979 2.28129
 0.81731 0.463875 -2.55014
regression_error on 'test' 0.0828697
classification_error on 'test' 0.157895
Save,2645,0.0828697,0.157895
sample_count 75 Sample index 50
 i 0:0.489992 i 1:0.833841 i 2:0.113105 i 3:0.135476 bias 1
 test_print 2.57241
net matrix:
 1.30965 -1.17136 -2.33399
outputs matrix:
 0.932094 0.0876466 0.00930387
error matrix:
 0.0679065 -0.0876466 -0.00930387
delta matrix:
 0.0085963 -0.0140173 -0.000171513
weights_delta matrix:
 0.000421212 -0.000686835 -8.40401e-06
 0.000716795 -0.00116882 -1.43015e-05
 9.72285e-05 -0.000158542 -1.9399e-06
 0.000116459 -0.0001899 -2.32359e-06
 0.00085963 -0.00140173 -1.71513e-05
weights matrix:
 -0.926048 0.0249875 0.0975836
 1.72708 -1.97849 -0.411541
 -2.18341 0.801232 1.78965
 -1.81751 -0.662169 2.28129
 0.81817 0.462473 -2.55016
regression_error on 'test' 0.0828538
classification_error on 'test' 0.157895
Save,2646,0.0828538,0.157895
sample_count 75 Sample index 49
 i 0:0.397609 i 1:0.480944 i 2:0.612097 i 3:0.60999 bias 1
 test_print 3.10064
net matrix:
 -1.16453 -0.392619 -0.222283
outputs matrix:
 0.0887453 0.313192 0.390653
error matrix:
 -0.0887453 0.686808 -0.390653
delta matrix:
 -0.0143536 0.295469 -0.185985
weights_delta matrix:
 -0.000570711 0.0117481 -0.00739492
 -0.000690327 0.0142104 -0.00894483
 -0.000878578 0.0180855 -0.0113841
 -0.000875554 0.0180233 -0.0113449
 -0.00143536 0.0295469 -0.0185985
weights matrix:
 -0.926619 0.0367356 0.0901887
 1.72639 -1.96428 -0.420486
 -2.18429 0.819317 1.77826
 -1.81839 -0.644145 2.26994
 0.816734 0.49202 -2.56875
regression_error on 'test' 0.0837901
classification_error on 'test' 0.131579
Save,2647,0.0837901,0.131579
sample_count 75 Sample index 6
 i 0:0.305227 i 1:0.657392 i 2:0.128226 i 3:0.171977 bias 1
 test_print 2.26282
net matrix:
 1.07602 -0.793789 -2.19925
outputs matrix:
 0.895859 0.169725 0.0121464
error matrix:
 0.104141 -0.169725 -0.0121464
delta matrix:
 0.0194318 -0.0478347 -0.000291484
weights_delta matrix:
 0.000593112 -0.00146004 -8.89688e-06
 0.00127743 -0.00314461 -1.91619e-05
 0.000249167 -0.000613365 -3.73758e-06
 0.000334183 -0.000822647 -5.01285e-06
 0.00194318 -0.00478347 -2.91484e-05
weights matrix:
 -0.926026 0.0352756 0.0901798
 1.72767 -1.96742 -0.420505
 -2.18404 0.818704 1.77826
 -1.81805 -0.644968 2.26994
 0.818678 0.487237 -2.56878
regression_error on 'test' 0.0836934
classification_error on 'test' 0.131579
Save,2648,0.0836934,0.131579
sample_count 75 Sample index 51
 i 0:0.628566 i 1:0.516233 i 2:0.763306 i 3:0.719493 bias 1
 test_print 3.6276
net matrix:
 -1.84668 -0.345368 0.261382
outputs matrix:
 0.0242841 0.333869 0.627794
error matrix:
 -0.0242841 -0.333869 0.372206
delta matrix:
 -0.00115079 -0.148506 0.173946
weights_delta matrix:
 -7.23349e-05 -0.00933455 0.0109336
 -5.94077e-05 -0.00766635 0.00897965
 -8.78407e-05 -0.0113355 0.0132774
 -8.27987e-05 -0.0106849 0.0125153
 -0.000115079 -0.0148506 0.0173946
weights matrix:
 -0.926098 0.025941 0.101113
 1.72761 -1.97509 -0.411525
 -2.18412 0.807368 1.79154
 -1.81814 -0.655653 2.28245
 0.818562 0.472386 -2.55139
regression_error on 'test' 0.0829737
classification_error on 'test' 0.157895
Save,2649,0.0829737,0.157895
sample_count 75 Sample index 63
 i 0:0.420705 i 1:0.904421 i 2:0.143347 i 3:0.135476 bias 1
 test_print 2.60395
net matrix:
 1.43203 -1.27611 -2.31501
outputs matrix:
 0.946041 0.0722781 0.00966028
error matrix:
 0.0539588 -0.0722781 -0.00966028
delta matrix:
 0.00550889 -0.00969308 -0.000184839
weights_delta matrix:
 0.000231762 -0.000407793 -7.77626e-06
 0.000498236 -0.000876662 -1.67172e-05
 7.89683e-05 -0.000138947 -2.64961e-06
 7.46322e-05 -0.000131318 -2.50412e-06
 0.000550889 -0.000969308 -1.84839e-05
weights matrix:
 -0.925867 0.0255333 0.101106
 1.72811 -1.97597 -0.411542
 -2.18404 0.807229 1.79153
 -1.81806 -0.655784 2.28245
 0.819113 0.471417 -2.55141
regression_error on 'test' 0.0829597
classification_error on 'test' 0.157895
Save,2650,0.0829597,0.157895
sample_count 75 Sample index 42
 i 0:0.651661 i 1:0.551523 i 2:0.702823 i 3:0.792495 bias 1
 test_print 3.6985
net matrix:
 -1.80695 -0.554102 0.355466
outputs matrix:
 0.0262396 0.248206 0.670607
error matrix:
 -0.0262396 -0.248206 0.329393
delta matrix:
 -0.0013409 -0.0926303 0.145521
weights_delta matrix:
 -8.73813e-05 -0.00603636 0.00948305
 -7.39538e-05 -0.00510878 0.00802583
 -9.42416e-05 -0.00651027 0.0102276
 -0.000106266 -0.00734091 0.0115325
 -0.00013409 -0.00926303 0.0145521
weights matrix:
 -0.925954 0.0194969 0.110589
 1.72803 -1.98108 -0.403516
 -2.18414 0.800719 1.80176
 -1.81817 -0.663125 2.29398
 0.818979 0.462154 -2.53686
regression_error on 'test' 0.0826923
classification_error on 'test' 0.157895
Save,2651,0.0826923,0.157895
sample_count 75 Sample index 22
 i 0:0.305227 i 1:0.233915 i 2:0.430645 i 3:0.427485 bias 1
 test_print 2.39727
net matrix:
 -0.777262 0.0660511 -0.840926
outputs matrix:
 0.174434 0.532978 0.15685
error matrix:
 -0.174434 0.467022 -0.15685
delta matrix:
 -0.0502393 0.232495 -0.0414864
weights_delta matrix:
 -0.00153344 0.00709639 -0.00126628
 -0.00117517 0.00543842 -0.000970429
 -0.00216353 0.0100123 -0.00178659
 -0.00214766 0.00993883 -0.00177348
 -0.00502393 0.0232495 -0.00414864
weights matrix:
 -0.927487 0.0265933 0.109322
 1.72686 -1.97564 -0.404486
 -2.1863 0.810731 1.79998
 -1.82031 -0.653186 2.29221
 0.813955 0.485403 -2.541
regression_error on 'test' 0.083027
classification_error on 'test' 0.157895
Save,2652,0.083027,0.157895
sample_count 75 Sample index 28
 i 0:0.305227 i 1:0.551523 i 2:0.113105 i 3:0.135476 bias 1
 test_print 2.10533
net matrix:
 0.989373 -0.592882 -2.21659
outputs matrix:
 0.878547 0.234017 0.0117372
error matrix:
 0.121453 -0.234017 -0.0117372
delta matrix:
 0.0259185 -0.0838967 -0.000272289
weights_delta matrix:
 0.000791102 -0.00256075 -8.31099e-06
 0.00142946 -0.00462709 -1.50173e-05
 0.000293151 -0.000948913 -3.07972e-06
 0.000351133 -0.0011366 -3.68886e-06
 0.00259185 -0.00838967 -2.72289e-05
weights matrix:
 -0.926696 0.0240325 0.109314
 1.72829 -1.98026 -0.404501
 -2.18601 0.809782 1.79997
 -1.81996 -0.654323 2.29221
 0.816547 0.477014 -2.54103
regression_error on 'test' 0.0829143
classification_error on 'test' 0.157895
Save,2653,0.0829143,0.157895
sample_count 75 Sample index 18
 i 0:0.513088 i 1:0.480944 i 2:0.566734 i 3:0.60999 bias 1
 test_print 3.17076
net matrix:
 -1.17677 -0.403251 -0.261158
outputs matrix:
 0.0867856 0.308636 0.372311
error matrix:
 -0.0867856 0.691364 -0.372311
delta matrix:
 -0.0137562 0.295046 -0.174015
weights_delta matrix:
 -0.000705813 0.0151385 -0.00892849
 -0.000661595 0.0141901 -0.00836913
 -0.000779609 0.0167213 -0.00986201
 -0.000839113 0.0179975 -0.0106147
 -0.00137562 0.0295046 -0.0174015
weights matrix:
 -0.927402 0.039171 0.100386
 1.72763 -1.96607 -0.412871
 -2.18679 0.826504 1.79011
 -1.8208 -0.636325 2.28159
 0.815172 0.506518 -2.55843
regression_error on 'test' 0.0838744
classification_error on 'test' 0.131579
Save,2654,0.0838744,0.131579
sample_count 75 Sample index 0
 i 0:0.282131 i 1:0.269205 i 2:0.430645 i 3:0.427485 bias 1
 test_print 2.40947
net matrix:
 -0.701487 0.0722028 -0.89501
outputs matrix:
 0.197345 0.536039 0.14307
error matrix:
 -0.197345 0.463961 -0.14307
delta matrix:
 -0.0625186 0.230775 -0.0350812
weights_delta matrix:
 -0.00176384 0.00651089 -0.00098975
 -0.00168303 0.00621259 -0.000944404
 -0.00269233 0.00993823 -0.00151075
 -0.00267258 0.0098653 -0.00149967
 -0.00625186 0.0230775 -0.00350812
weights matrix:
 -0.929166 0.0456819 0.0993959
 1.72594 -1.95986 -0.413815
 -2.18948 0.836442 1.7886
 -1.82347 -0.62646 2.28009
 0.80892 0.529596 -2.56194
regression_error on 'test' 0.0846943
classification_error on 'test' 0.105263
Save,2655,0.0846943,0.105263
sample_count 75 Sample index 64
 i 0:0.282131 i 1:0.516233 i 2:0.158468 i 3:0.0989754 bias 1
 test_print 2.05581
net matrix:
 0.91032 -0.398716 -2.23841
outputs matrix:
 0.860643 0.310575 0.0112416
error matrix:
 0.139357 -0.310575 -0.0112416
delta matrix:
 0.0334281 -0.133 -0.000249906
weights_delta matrix:
 0.000943109 -0.00375233 -7.05062e-06
 0.00172567 -0.00686588 -1.2901e-05
 0.000529728 -0.00210762 -3.96021e-06
 0.000330855 -0.00131637 -2.47345e-06
 0.00334281 -0.0133 -2.49906e-05
weights matrix:
 -0.928223 0.0419296 0.0993888
 1.72767 -1.96673 -0.413828
 -2.18895 0.834334 1.7886
 -1.82314 -0.627776 2.28009
 0.812263 0.516296 -2.56197
regression_error on 'test' 0.0843034
classification_error on 'test' 0.157895
Save,2656,0.0843034,0.157895
sample_count 75 Sample index 71
 i 0:0.143558 i 1:0.480944 i 2:0.0979839 i 3:0.0989754 bias 1
 test_print 1.82146
net matrix:
 1.11499 -0.403954 -2.3458
outputs matrix:
 0.90291 0.308337 0.00908865
error matrix:
 0.09709 -0.308337 -0.00908865
delta matrix:
 0.0170225 -0.131515 -0.000163706
weights_delta matrix:
 0.000244372 -0.001888 -2.35012e-06
 0.000818687 -0.00632513 -7.87332e-06
 0.000166793 -0.00128863 -1.60405e-06
 0.000168481 -0.00130167 -1.62028e-06
 0.00170225 -0.0131515 -1.63706e-05
weights matrix:
 -0.927978 0.0400416 0.0993865
 1.72849 -1.97305 -0.413836
 -2.18878 0.833046 1.78859
 -1.82298 -0.629078 2.28009
 0.813965 0.503145 -2.56198
regression_error on 'test' 0.0840076
classification_error on 'test' 0.157895
Save,2657,0.0840076,0.157895
sample_count 75 Sample index 34
 i 0:0.767139 i 1:0.551523 i 2:0.642339 i 3:0.573489 bias 1
 test_print 3.53449
net matrix:
 -1.39602 -0.379994 -0.25749
outputs matrix:
 0.0577557 0.318649 0.374027
error matrix:
 -0.0577557 0.681351 -0.374027
delta matrix:
 -0.00628612 0.295859 -0.175142
weights_delta matrix:
 -0.000482233 0.0226965 -0.0134358
 -0.000346694 0.0163173 -0.0096595
 -0.000403782 0.0190042 -0.0112501
 -0.000360502 0.0169672 -0.0100442
 -0.000628612 0.0295859 -0.0175142
weights matrix:
 -0.928461 0.062738 0.0859506
 1.72814 -1.95674 -0.423495
 -2.18919 0.85205 1.77734
 -1.82334 -0.612111 2.27004
 0.813336 0.53273 -2.5795
regression_error on 'test' 0.0859096
classification_error on 'test' 0.0789474
Save,2658,0.0859096,0.0789474
sample_count 75 Sample index 36
 i 0:0.744044 i 1:0.516233 i 2:0.702823 i 3:0.901998 bias 1
 test_print 3.8651
net matrix:
 -2.16861 -0.384004 0.562565
outputs matrix:
 0.012904 0.31691 0.754939
error matrix:
 -0.012904 -0.31691 0.245061
delta matrix:
 -0.00032873 -0.137208 0.0906756
weights_delta matrix:
 -2.4459e-05 -0.0102089 0.00674666
 -1.69702e-05 -0.00708314 0.00468097
 -2.31039e-05 -0.00964331 0.00637289
 -2.96514e-05 -0.0123762 0.00817892
 -3.2873e-05 -0.0137208 0.00906756
weights matrix:
 -0.928485 0.0525291 0.0926973
 1.72812 -1.96382 -0.418814
 -2.18921 0.842407 1.78372
 -1.82337 -0.624487 2.27822
 0.813303 0.51901 -2.57043
regression_error on 'test' 0.0847946
classification_error on 'test' 0.105263
Save,2659,0.0847946,0.105263
sample_count 75 Sample index 65
 i 0:0.928809 i 1:0.410364 i 2:0.944758 i 3:0.792495 bias 1
 test_print 4.07643
net matrix:
 -2.85321 0.062886 0.834463
outputs matrix:
 0.00331356 0.531402 0.841433
error matrix:
 -0.00331356 -0.531402 0.158567
delta matrix:
 -2.18866e-05 -0.264653 0.0423133
weights_delta matrix:
 -2.03285e-06 -0.0245812 0.0039301
 -8.98149e-07 -0.0108604 0.00173639
 -2.06776e-06 -0.0250033 0.00399759
 -1.73451e-06 -0.0209736 0.00335331
 -2.18866e-06 -0.0264653 0.00423133
weights matrix:
 -0.928487 0.0279479 0.0966274
 1.72812 -1.97468 -0.417078
 -2.18921 0.817403 1.78771
 -1.82337 -0.645461 2.28158
 0.813301 0.492544 -2.5662
regression_error on 'test' 0.0834059
classification_error on 'test' 0.157895
Save,2660,0.0834059,0.157895
sample_count 75 Sample index 55
 i 0:0.628566 i 1:0.551523 i 2:0.612097 i 3:0.60999 bias 1
 test_print 3.40218
net matrix:
 -1.26946 -0.472364 -0.249496
outputs matrix:
 0.0731741 0.279946 0.377777
error matrix:
 -0.0731741 0.720054 -0.377777
delta matrix:
 -0.00992528 0.290292 -0.177602
weights_delta matrix:
 -0.00062387 0.0182467 -0.0111635
 -0.000547402 0.0160102 -0.00979516
 -0.000607524 0.0177687 -0.010871
 -0.000605432 0.0177075 -0.0108335
 -0.000992528 0.0290292 -0.0177602
weights matrix:
 -0.929111 0.0461947 0.0854639
 1.72758 -1.95867 -0.426873
 -2.18982 0.835172 1.77684
 -1.82397 -0.627753 2.27074
 0.812309 0.521573 -2.58396
regression_error on 'test' 0.0849253
classification_error on 'test' 0.0789474
Save,2661,0.0849253,0.0789474
sample_count 75 Sample index 61
 i 0:0.697853 i 1:0.480944 i 2:0.687702 i 3:0.682992 bias 1
 test_print 3.54949
net matrix:
 -1.75691 -0.242601 0.0432187
outputs matrix:
 0.0289215 0.381025 0.521596
error matrix:
 -0.0289215 0.618975 -0.521596
delta matrix:
 -0.00162452 0.291964 -0.260311
weights_delta matrix:
 -0.000113368 0.0203748 -0.0181659
 -7.81305e-05 0.0140418 -0.0125195
 -0.000111719 0.0200784 -0.0179017
 -0.000110954 0.0199409 -0.0177791
 -0.000162452 0.0291964 -0.0260311
weights matrix:
 -0.929224 0.0665695 0.067298
 1.7275 -1.94463 -0.439393
 -2.18993 0.85525 1.75894
 -1.82408 -0.607812 2.25296
 0.812146 0.55077 -2.60999
regression_error on 'test' 0.0877641
classification_error on 'test' 0.0789474
Save,2662,0.0877641,0.0789474
sample_count 75 Sample index 42
 i 0:0.651661 i 1:0.551523 i 2:0.702823 i 3:0.792495 bias 1
 test_print 3.6985
net matrix:
 -1.82535 -0.358955 0.213218
outputs matrix:
 0.0253154 0.327854 0.605022
error matrix:
 -0.0253154 -0.327854 0.394978
delta matrix:
 -0.00124929 -0.144495 0.188776
weights_delta matrix:
 -8.14111e-05 -0.0094162 0.0123018
 -6.8901e-05 -0.00796925 0.0104114
 -8.78028e-05 -0.0101555 0.0132676
 -9.90054e-05 -0.0114512 0.0149604
 -0.000124929 -0.0144495 0.0188776
weights matrix:
 -0.929306 0.0571533 0.0795998
 1.72743 -1.9526 -0.428981
 -2.19002 0.845095 1.77221
 -1.82418 -0.619263 2.26792
 0.812021 0.53632 -2.59111
regression_error on 'test' 0.0859335
classification_error on 'test' 0.0789474
Save,2663,0.0859335,0.0789474
sample_count 75 Sample index 37
 i 0:0.720948 i 1:0.551523 i 2:0.82379 i 3:0.901998 bias 1
 test_print 3.99826
net matrix:
 -2.35477 -0.361771 0.735273
outputs matrix:
 0.00892848 0.326614 0.81314
error matrix:
 -0.00892848 -0.326614 0.18686
delta matrix:
 -0.000158012 -0.143669 0.056784
weights_delta matrix:
 -1.13918e-05 -0.0103578 0.00409383
 -8.71473e-06 -0.00792367 0.00313177
 -1.30169e-05 -0.0118353 0.00467781
 -1.42527e-05 -0.0129589 0.00512191
 -1.58012e-05 -0.0143669 0.0056784
weights matrix:
 -0.929317 0.0467955 0.0836936
 1.72742 -1.96052 -0.425849
 -2.19003 0.83326 1.77689
 -1.8242 -0.632222 2.27304
 0.812005 0.521953 -2.58543
regression_error on 'test' 0.0848232
classification_error on 'test' 0.0789474
Save,2664,0.0848232,0.0789474
sample_count 75 Sample index 55
 i 0:0.628566 i 1:0.551523 i 2:0.612097 i 3:0.60999 bias 1
 test_print 3.40218
net matrix:
 -1.27268 -0.405518 -0.29353
outputs matrix:
 0.0727395 0.30767 0.35731
error matrix:
 -0.0727395 0.69233 -0.35731
delta matrix:
 -0.00981232 0.294945 -0.164105
weights_delta matrix:
 -0.000616769 0.0185393 -0.0103151
 -0.000541172 0.0162669 -0.00905077
 -0.000600609 0.0180535 -0.0100448
 -0.000598542 0.0179914 -0.0100102
 -0.000981232 0.0294945 -0.0164105
weights matrix:
 -0.929934 0.0653348 0.0733786
 1.72688 -1.94425 -0.4349
 -2.19063 0.851313 1.76684
 -1.8248 -0.614231 2.26303
 0.811024 0.551448 -2.60184
regression_error on 'test' 0.0870739
classification_error on 'test' 0.0789474
Save,2665,0.0870739,0.0789474
sample_count 75 Sample index 68
 i 0:0.305227 i 1:0.657392 i 2:0.173589 i 3:0.281481 bias 1
 test_print 2.41769
net matrix:
 0.768504 -0.731862 -1.92164
outputs matrix:
 0.823029 0.187898 0.0209739
error matrix:
 0.176971 -0.187898 -0.0209739
delta matrix:
 0.0515523 -0.0573437 -0.000861354
weights_delta matrix:
 0.00157351 -0.00175029 -2.62908e-05
 0.00338901 -0.00376973 -5.66247e-05
 0.000894891 -0.000995424 -1.49522e-05
 0.0014511 -0.00161412 -2.42455e-05
 0.00515523 -0.00573437 -8.61354e-05
weights matrix:
 -0.928361 0.0635845 0.0733523
 1.73027 -1.94802 -0.434957
 -2.18974 0.850318 1.76683
 -1.82334 -0.615845 2.26301
 0.816179 0.545714 -2.60193
regression_error on 'test' 0.0867898
classification_error on 'test' 0.0789474
Save,2666,0.0867898,0.0789474
sample_count 75 Sample index 62
 i 0:0.582374 i 1:0.622103 i 2:0.748185 i 3:0.901998 bias 1
 test_print 3.85466
net matrix:
 -1.93105 -0.548424 0.533346
outputs matrix:
 0.0205908 0.250331 0.743967
error matrix:
 -0.0205908 -0.250331 0.256033
delta matrix:
 -0.000830502 -0.093957 0.0975383
weights_delta matrix:
 -4.83663e-05 -0.00547181 0.00568037
 -5.16658e-05 -0.00584509 0.00606788
 -6.21369e-05 -0.00702972 0.00729767
 -7.49111e-05 -0.0084749 0.00879793
 -8.30502e-05 -0.0093957 0.00975383
weights matrix:
 -0.928409 0.0581127 0.0790326
 1.73022 -1.95387 -0.428889
 -2.1898 0.843288 1.77413
 -1.82342 -0.62432 2.27181
 0.816096 0.536318 -2.59218
regression_error on 'test' 0.0857418
classification_error on 'test' 0.0789474
Save,2667,0.0857418,0.0789474
sample_count 75 Sample index 40
 i 0:0.328323 i 1:0.763262 i 2:0.158468 i 3:0.171977 bias 1
 test_print 2.42203
net matrix:
 1.17129 -0.90965 -2.22174
outputs matrix:
 0.912342 0.139518 0.0116184
error matrix:
 0.0876579 -0.139518 -0.0116184
delta matrix:
 0.0140207 -0.033499 -0.000266836
weights_delta matrix:
 0.000460332 -0.00109985 -8.76084e-06
 0.00107015 -0.00255685 -2.03666e-05
 0.000222183 -0.000530851 -4.2285e-06
 0.000241124 -0.000576105 -4.58897e-06
 0.00140207 -0.0033499 -2.66836e-05
weights matrix:
 -0.927949 0.0570128 0.0790239
 1.73129 -1.95642 -0.428909
 -2.18958 0.842757 1.77412
 -1.82318 -0.624896 2.2718
 0.817498 0.532968 -2.5922
regression_error on 'test' 0.0856079
classification_error on 'test' 0.0789474
Save,2668,0.0856079,0.0789474
sample_count 75 Sample index 32
 i 0:0.697853 i 1:0.516233 i 2:0.642339 i 3:0.60999 bias 1
 test_print 3.46642
net matrix:
 -1.4549 -0.277061 -0.233108
outputs matrix:
 0.0516713 0.364909 0.385512
error matrix:
 -0.0516713 0.635091 -0.385512
delta matrix:
 -0.00506393 0.294365 -0.18265
weights_delta matrix:
 -0.000353388 0.0205424 -0.0127463
 -0.000261417 0.0151961 -0.009429
 -0.000325276 0.0189082 -0.0117323
 -0.000308895 0.017956 -0.0111415
 -0.000506393 0.0294365 -0.018265
weights matrix:
 -0.928302 0.0775552 0.0662776
 1.73102 -1.94123 -0.438338
 -2.1899 0.861665 1.76239
 -1.82349 -0.60694 2.26066
 0.816992 0.562405 -2.61047
regression_error on 'test' 0.0883142
classification_error on 'test' 0.0789474
Save,2669,0.0883142,0.0789474
sample_count 75 Sample index 65
 i 0:0.928809 i 1:0.410364 i 2:0.944758 i 3:0.792495 bias 1
 test_print 4.07643
net matrix:
 -2.84891 0.170896 0.727808
outputs matrix:
 0.00334208 0.584626 0.810861
error matrix:
 -0.00334208 -0.584626 0.189139
delta matrix:
 -2.22643e-05 -0.283939 0.0580147
weights_delta matrix:
 -2.06793e-06 -0.0263725 0.00538845
 -9.13646e-07 -0.0116518 0.00238071
 -2.10344e-06 -0.0268254 0.00548098
 -1.76443e-06 -0.022502 0.00459763
 -2.22643e-06 -0.0283939 0.00580147
weights matrix:
 -0.928304 0.0511827 0.071666
 1.73102 -1.95288 -0.435958
 -2.18991 0.83484 1.76787
 -1.82349 -0.629442 2.26526
 0.81699 0.534011 -2.60467
regression_error on 'test' 0.0857735
classification_error on 'test' 0.0789474
Save,2670,0.0857735,0.0789474
sample_count 75 Sample index 43
 i 0:0.582374 i 1:0.198626 i 2:0.612097 i 3:0.60999 bias 1
 test_print 3.00309
net matrix:
 -1.83255 0.302975 -0.185628
outputs matrix:
 0.0249626 0.647016 0.408237
error matrix:
 -0.0249626 0.352984 -0.408237
delta matrix:
 -0.00121515 0.161233 -0.197244
weights_delta matrix:
 -7.07671e-05 0.0093898 -0.011487
 -2.4136e-05 0.00320251 -0.00391777
 -7.43788e-05 0.00986904 -0.0120732
 -7.41228e-05 0.00983507 -0.0120317
 -0.000121515 0.0161233 -0.0197244
weights matrix:
 -0.928375 0.0605725 0.0601791
 1.731 -1.94968 -0.439875
 -2.18998 0.844709 1.7558
 -1.82356 -0.619607 2.25323
 0.816868 0.550134 -2.62439
regression_error on 'test' 0.0874985
classification_error on 'test' 0.0789474
Save,2671,0.0874985,0.0789474
sample_count 75 Sample index 69
 i 0:0.628566 i 1:0.445654 i 2:0.581855 i 3:0.536988 bias 1
 test_print 3.19306
net matrix:
 -1.24873 -0.121898 -0.551021
outputs matrix:
 0.076036 0.439351 0.249358
error matrix:
 -0.076036 0.560649 -0.249358
delta matrix:
 -0.0106838 0.2762 -0.0933487
weights_delta matrix:
 -0.000671545 0.017361 -0.00586758
 -0.000476126 0.012309 -0.00416012
 -0.00062164 0.0160708 -0.00543154
 -0.000573705 0.0148316 -0.00501272
 -0.00106838 0.02762 -0.00933487
weights matrix:
 -0.929046 0.0779335 0.0543115
 1.73052 -1.93737 -0.444035
 -2.1906 0.86078 1.75036
 -1.82414 -0.604776 2.24822
 0.8158 0.577754 -2.63373
regression_error on 'test' 0.0899148
classification_error on 'test' 0.105263
Save,2672,0.0899148,0.105263
sample_count 75 Sample index 62
 i 0:0.582374 i 1:0.622103 i 2:0.748185 i 3:0.901998 bias 1
 test_print 3.85466
net matrix:
 -1.93303 -0.483587 0.459151
outputs matrix:
 0.0205111 0.275444 0.714696
error matrix:
 -0.0205111 -0.275444 0.285304
delta matrix:
 -0.000824151 -0.109943 0.11635
weights_delta matrix:
 -4.79964e-05 -0.00640282 0.00677593
 -5.12707e-05 -0.00683961 0.00723818
 -6.16617e-05 -0.0082258 0.00870514
 -7.43382e-05 -0.00991688 0.0104948
 -8.24151e-05 -0.0109943 0.011635
weights matrix:
 -0.929094 0.0715306 0.0610874
 1.73047 -1.94421 -0.436797
 -2.19066 0.852554 1.75907
 -1.82421 -0.614692 2.25871
 0.815717 0.56676 -2.62209
regression_error on 'test' 0.0882281
classification_error on 'test' 0.0789474
Save,2673,0.0882281,0.0789474
sample_count 75 Sample index 53
 i 0:0.489992 i 1:0.410364 i 2:0.702823 i 3:0.938499 bias 1
 test_print 3.54168
net matrix:
 -2.18108 -0.173718 0.584708
outputs matrix:
 0.0125903 0.414004 0.76304
error matrix:
 -0.0125903 -0.414004 0.23696
delta matrix:
 -0.000313042 -0.200879 0.0856897
weights_delta matrix:
 -1.53388e-05 -0.0098429 0.00419873
 -1.28461e-05 -0.00824334 0.0035164
 -2.20013e-05 -0.0141182 0.00602247
 -2.93789e-05 -0.0188525 0.00804197
 -3.13042e-05 -0.0200879 0.00856897
weights matrix:
 -0.92911 0.0616877 0.0652862
 1.73046 -1.95245 -0.433281
 -2.19069 0.838436 1.76509
 -1.82424 -0.633545 2.26675
 0.815686 0.546672 -2.61352
regression_error on 'test' 0.0863745
classification_error on 'test' 0.0789474
Save,2674,0.0863745,0.0789474
sample_count 75 Sample index 59
 i 0:0.60547 i 1:0.233915 i 2:0.596976 i 3:0.536988 bias 1
 test_print 2.97335
net matrix:
 -1.62946 0.287634 -0.404407
outputs matrix:
 0.0370074 0.639978 0.308143
error matrix:
 -0.0370074 0.360022 -0.308143
delta matrix:
 -0.00263773 0.165903 -0.131387
weights_delta matrix:
 -0.000159706 0.0100449 -0.00795508
 -6.17004e-05 0.00388071 -0.00307334
 -0.000157466 0.00990399 -0.00784348
 -0.000141643 0.00890877 -0.00705532
 -0.000263773 0.0165903 -0.0131387
weights matrix:
 -0.929269 0.0717326 0.0573311
 1.7304 -1.94857 -0.436354
 -2.19084 0.84834 1.75725
 -1.82438 -0.624636 2.2597
 0.815422 0.563262 -2.62666
regression_error on 'test' 0.0879127
classification_error on 'test' 0.0789474
Save,2675,0.0879127,0.0789474
sample_count 75 Sample index 56
 i 0:0.328323 i 1:0.727972 i 2:0.158468 i 3:0.208478 bias 1
 test_print 2.42324
net matrix:
 1.04248 -0.82748 -2.17593
outputs matrix:
 0.889433 0.16044 0.0127191
error matrix:
 0.110567 -0.16044 -0.0127191
delta matrix:
 0.0217468 -0.0432221 -0.000319435
weights_delta matrix:
 0.000713997 -0.00141908 -1.04878e-05
 0.00158311 -0.00314644 -2.3254e-05
 0.000344617 -0.000684931 -5.06202e-06
 0.000453373 -0.000901085 -6.65952e-06
 0.00217468 -0.00432221 -3.19435e-05
weights matrix:
 -0.928555 0.0703136 0.0573206
 1.73198 -1.95172 -0.436377
 -2.1905 0.847655 1.75724
 -1.82393 -0.625537 2.25969
 0.817597 0.55894 -2.62669
regression_error on 'test' 0.0876998
classification_error on 'test' 0.0789474
Save,2676,0.0876998,0.0789474
sample_count 75 Sample index 28
 i 0:0.305227 i 1:0.551523 i 2:0.113105 i 3:0.135476 bias 1
 test_print 2.10533
net matrix:
 0.994549 -0.484887 -2.34498
outputs matrix:
 0.879648 0.274925 0.0091034
error matrix:
 0.120352 -0.274925 -0.0091034
delta matrix:
 0.0254828 -0.109608 -0.000164235
weights_delta matrix:
 0.000777805 -0.00334553 -5.01289e-06
 0.00140544 -0.00604514 -9.05793e-06
 0.000288223 -0.00123972 -1.85758e-06
 0.000345231 -0.00148493 -2.22499e-06
 0.00254828 -0.0109608 -1.64235e-05
weights matrix:
 -0.927778 0.066968 0.0573156
 1.73339 -1.95776 -0.436386
 -2.19021 0.846415 1.75724
 -1.82358 -0.627022 2.25969
 0.820145 0.547979 -2.62671
regression_error on 'test' 0.0872524
classification_error on 'test' 0.0789474
Save,2677,0.0872524,0.0789474
sample_count 75 Sample index 33
 i 0:0.559279 i 1:0.480944 i 2:0.672581 i 3:0.719493 bias 1
 test_print 3.4323
net matrix:
 -1.65023 -0.237997 0.00318703
outputs matrix:
 0.0355554 0.383199 0.501594
error matrix:
 -0.0355554 -0.383199 0.498406
delta matrix:
 -0.00243848 -0.181144 0.249201
weights_delta matrix:
 -0.000136379 -0.010131 0.0139373
 -0.000117277 -0.008712 0.0119852
 -0.000164008 -0.0121834 0.0167608
 -0.000175447 -0.0130332 0.0179298
 -0.000243848 -0.0181144 0.0249201
weights matrix:
 -0.927914 0.056837 0.0712528
 1.73327 -1.96648 -0.424401
 -2.19038 0.834232 1.774
 -1.82376 -0.640055 2.27762
 0.819902 0.529865 -2.60179
regression_error on 'test' 0.0851337
classification_error on 'test' 0.0789474
Save,2678,0.0851337,0.0789474
sample_count 75 Sample index 39
 i 0:0.397609 i 1:0.622103 i 2:0.18871 i 3:0.135476 bias 1
 test_print 2.3439
net matrix:
 0.868805 -0.600171 -2.19414
outputs matrix:
 0.850383 0.231414 0.0122696
error matrix:
 0.149617 -0.231414 -0.0122696
delta matrix:
 0.038072 -0.0823196 -0.00029739
weights_delta matrix:
 0.00151378 -0.0032731 -1.18245e-05
 0.00236847 -0.00512113 -1.85007e-05
 0.000718456 -0.00155345 -5.61205e-06
 0.000515784 -0.00111523 -4.02892e-06
 0.0038072 -0.00823196 -2.9739e-05
weights matrix:
 -0.9264 0.0535639 0.071241
 1.73564 -1.9716 -0.42442
 -2.18966 0.832678 1.774
 -1.82324 -0.64117 2.27761
 0.823709 0.521633 -2.60182
regression_error on 'test' 0.0848659
classification_error on 'test' 0.0789474
Save,2679,0.0848659,0.0789474
sample_count 75 Sample index 56
 i 0:0.328323 i 1:0.727972 i 2:0.158468 i 3:0.208478 bias 1
 test_print 2.42324
net matrix:
 1.05595 -0.897765 -2.13144
outputs matrix:
 0.892054 0.142396 0.0138862
error matrix:
 0.107946 -0.142396 -0.0138862
delta matrix:
 0.0207889 -0.0347787 -0.000380296
weights_delta matrix:
 0.000682549 -0.00114186 -1.2486e-05
 0.00151338 -0.00253179 -2.76845e-05
 0.000329438 -0.00055113 -6.02648e-06
 0.000433404 -0.000725058 -7.92834e-06
 0.00207889 -0.00347787 -3.80296e-05
weights matrix:
 -0.925718 0.0524221 0.0712285
 1.73715 -1.97413 -0.424448
 -2.18933 0.832127 1.77399
 -1.82281 -0.641896 2.27761
 0.825788 0.518155 -2.60186
regression_error on 'test' 0.0847575
classification_error on 'test' 0.0789474
Save,2680,0.0847575,0.0789474
sample_count 75 Sample index 21
 i 0:0.836426 i 1:0.445654 i 2:0.884274 i 3:0.719493 bias 1
 test_print 3.88585
net matrix:
 -2.4218 -0.043787 0.47598
outputs matrix:
 0.00781701 0.47812 0.721509
error matrix:
 -0.00781701 -0.47812 0.278491
delta matrix:
 -0.000121256 -0.238602 0.111916
weights_delta matrix:
 -1.01422e-05 -0.0199573 0.00936097
 -5.40382e-06 -0.0106334 0.00498759
 -1.07223e-05 -0.021099 0.00989646
 -8.72428e-06 -0.0171673 0.0080523
 -1.21256e-05 -0.0238602 0.0111916
weights matrix:
 -0.925728 0.0324648 0.0805895
 1.73715 -1.98476 -0.41946
 -2.18934 0.811028 1.78389
 -1.82282 -0.659063 2.28566
 0.825775 0.494295 -2.59066
regression_error on 'test' 0.0834018
classification_error on 'test' 0.131579
Save,2681,0.0834018,0.131579
sample_count 75 Sample index 6
 i 0:0.305227 i 1:0.657392 i 2:0.128226 i 3:0.171977 bias 1
 test_print 2.26282
net matrix:
 1.09099 -0.809911 -2.21999
outputs matrix:
 0.89862 0.165229 0.0116585
error matrix:
 0.10138 -0.165229 -0.0116585
delta matrix:
 0.0184719 -0.0455797 -0.000268674
weights_delta matrix:
 0.000563814 -0.00139122 -8.20066e-06
 0.00121433 -0.00299637 -1.76624e-05
 0.000236858 -0.00058445 -3.4451e-06
 0.000317675 -0.000783866 -4.62058e-06
 0.00184719 -0.00455797 -2.68674e-05
weights matrix:
 -0.925164 0.0310735 0.0805813
 1.73836 -1.98776 -0.419478
 -2.1891 0.810444 1.78388
 -1.8225 -0.659847 2.28565
 0.827623 0.489737 -2.59069
regression_error on 'test' 0.0833312
classification_error on 'test' 0.157895
Save,2682,0.0833312,0.157895
sample_count 75 Sample index 4
 i 0:0.212844 i 1:0.516233 i 2:0.158468 i 3:0.135476 bias 1
 test_print 2.02302
net matrix:
 0.934298 -0.49076 -2.19775
outputs matrix:
 0.866296 0.27259 0.0121825
error matrix:
 0.133704 -0.27259 -0.0121825
delta matrix:
 0.0309732 -0.108101 -0.000293211
weights_delta matrix:
 0.000659247 -0.00230087 -6.24082e-06
 0.00159894 -0.00558053 -1.51365e-05
 0.000490827 -0.00171306 -4.64646e-06
 0.000419613 -0.00146451 -3.97231e-06
 0.00309732 -0.0108101 -2.93211e-05
weights matrix:
 -0.924505 0.0287727 0.0805751
 1.73996 -1.99334 -0.419493
 -2.18861 0.808731 1.78388
 -1.82208 -0.661311 2.28565
 0.83072 0.478926 -2.59072
regression_error on 'test' 0.0832038
classification_error on 'test' 0.157895
Save,2683,0.0832038,0.157895
sample_count 75 Sample index 49
 i 0:0.397609 i 1:0.480944 i 2:0.612097 i 3:0.60999 bias 1
 test_print 3.10064
net matrix:
 -1.15114 -0.376689 -0.274305
outputs matrix:
 0.090934 0.320086 0.366187
error matrix:
 -0.090934 0.679914 -0.366187
delta matrix:
 -0.0150341 0.295941 -0.16998
weights_delta matrix:
 -0.00059777 0.0117669 -0.00675854
 -0.000723057 0.0142331 -0.00817507
 -0.000920234 0.0181144 -0.0104044
 -0.000917066 0.0180521 -0.0103686
 -0.00150341 0.0295941 -0.016998
weights matrix:
 -0.925102 0.0405395 0.0738165
 1.73924 -1.97911 -0.427668
 -2.18953 0.826845 1.77347
 -1.823 -0.643259 2.27528
 0.829217 0.508521 -2.60772
regression_error on 'test' 0.0844604
classification_error on 'test' 0.105263
Save,2684,0.0844604,0.105263
sample_count 75 Sample index 1
 i 0:0.582374 i 1:0.445654 i 2:0.581855 i 3:0.536988 bias 1
 test_print 3.14687
net matrix:
 -1.18736 -0.214185 -0.501618
outputs matrix:
 0.0851209 0.394516 0.268306
error matrix:
 -0.0851209 0.605484 -0.268306
delta matrix:
 -0.0132576 0.289268 -0.105346
weights_delta matrix:
 -0.000772091 0.0168462 -0.0061351
 -0.000590832 0.0128913 -0.00469481
 -0.000771403 0.0168312 -0.00612964
 -0.00071192 0.0155333 -0.00565698
 -0.00132576 0.0289268 -0.0105346
weights matrix:
 -0.925875 0.0573857 0.0676814
 1.73864 -1.96621 -0.432363
 -2.1903 0.843676 1.76735
 -1.82371 -0.627726 2.26962
 0.827891 0.537447 -2.61825
regression_error on 'test' 0.086101
classification_error on 'test' 0.0789474
Save,2685,0.086101,0.0789474
sample_count 75 Sample index 56
 i 0:0.328323 i 1:0.727972 i 2:0.158468 i 3:0.208478 bias 1
 test_print 2.42324
net matrix:
 1.06229 -0.872232 -2.15755
outputs matrix:
 0.89327 0.148747 0.0131891
error matrix:
 0.10673 -0.148747 -0.0131891
delta matrix:
 0.020351 -0.037669 -0.000343314
weights_delta matrix:
 0.00066817 -0.00123676 -1.12718e-05
 0.0014815 -0.0027422 -2.49923e-05
 0.000322498 -0.000596934 -5.44044e-06
 0.000424274 -0.000785317 -7.15735e-06
 0.0020351 -0.0037669 -3.43314e-05
weights matrix:
 -0.925206 0.056149 0.0676701
 1.74013 -1.96896 -0.432388
 -2.18998 0.843079 1.76734
 -1.82329 -0.628511 2.26962
 0.829926 0.53368 -2.61829
regression_error on 'test' 0.0859564
classification_error on 'test' 0.0789474
Save,2686,0.0859564,0.0789474
sample_count 75 Sample index 16
 i 0:0.60547 i 1:0.304495 i 2:0.687702 i 3:0.755994 bias 1
 test_print 3.35366
net matrix:
 -2.08485 0.0727764 0.222245
outputs matrix:
 0.0152217 0.536324 0.609328
error matrix:
 -0.0152217 -0.536324 0.390672
delta matrix:
 -0.000456349 -0.266747 0.185997
weights_delta matrix:
 -2.76306e-05 -0.0161507 0.0112615
 -1.38956e-05 -0.00812231 0.00566351
 -3.13832e-05 -0.0183442 0.012791
 -3.44997e-05 -0.0201659 0.0140612
 -4.56349e-05 -0.0266747 0.0185997
weights matrix:
 -0.925234 0.0399983 0.0789317
 1.74011 -1.97708 -0.426724
 -2.19001 0.824735 1.78013
 -1.82332 -0.648677 2.28368
 0.82988 0.507006 -2.59969
regression_error on 'test' 0.0840367
classification_error on 'test' 0.105263
Save,2687,0.0840367,0.105263
sample_count 75 Sample index 72
 i 0:0.905713 i 1:0.480944 i 2:0.929637 i 3:0.828996 bias 1
 test_print 4.14529
net matrix:
 -2.71866 -0.178678 0.814607
outputs matrix:
 0.00433228 0.4116 0.836062
error matrix:
 -0.00433228 -0.4116 0.163938
delta matrix:
 -3.73746e-05 -0.199367 0.0449395
weights_delta matrix:
 -3.38507e-06 -0.0180569 0.00407023
 -1.79751e-06 -0.00958844 0.00216134
 -3.47448e-06 -0.0185339 0.00417774
 -3.09834e-06 -0.0165274 0.00372547
 -3.73746e-06 -0.0199367 0.00449395
weights matrix:
 -0.925237 0.0219413 0.0830019
 1.74011 -1.98667 -0.424563
 -2.19001 0.806201 1.78431
 -1.82332 -0.665204 2.2874
 0.829877 0.487069 -2.59519
regression_error on 'test' 0.0831731
classification_error on 'test' 0.157895
Save,2688,0.0831731,0.157895
sample_count 75 Sample index 16
 i 0:0.60547 i 1:0.304495 i 2:0.687702 i 3:0.755994 bias 1
 test_print 3.35366
net matrix:
 -2.08497 -0.0530406 0.28212
outputs matrix:
 0.015218 0.473505 0.637433
error matrix:
 -0.015218 -0.473505 0.362567
delta matrix:
 -0.000456126 -0.236087 0.167587
weights_delta matrix:
 -2.76171e-05 -0.0142944 0.0101469
 -1.38888e-05 -0.00718874 0.00510295
 -3.13679e-05 -0.0162358 0.011525
 -3.44828e-05 -0.0178481 0.0126695
 -4.56126e-05 -0.0236087 0.0167587
weights matrix:
 -0.925265 0.00764695 0.0931488
 1.7401 -1.99386 -0.41946
 -2.19005 0.789965 1.79583
 -1.82336 -0.683053 2.30007
 0.829831 0.46346 -2.57843
regression_error on 'test' 0.0824592
classification_error on 'test' 0.157895
Save,2689,0.0824592,0.157895
sample_count 75 Sample index 29
 i 0:0.420705 i 1:0.304495 i 2:0.536492 i 3:0.536988 bias 1
 test_print 2.79868
net matrix:
 -1.18365 -0.0834225 -0.468408
outputs matrix:
 0.0857012 0.458385 0.281544
error matrix:
 -0.0857012 0.541615 -0.281544
delta matrix:
 -0.0134305 0.268931 -0.1139
weights_delta matrix:
 -0.000565027 0.0113141 -0.00479182
 -0.000408952 0.00818883 -0.00346819
 -0.000720535 0.014428 -0.00611063
 -0.000721201 0.0144413 -0.00611627
 -0.00134305 0.0268931 -0.01139
weights matrix:
 -0.92583 0.018961 0.088357
 1.73969 -1.98567 -0.422928
 -2.19077 0.804393 1.78972
 -1.82408 -0.668611 2.29396
 0.828488 0.490353 -2.58982
regression_error on 'test' 0.0829442
classification_error on 'test' 0.157895
Save,2690,0.0829442,0.157895
sample_count 75 Sample index 62
 i 0:0.582374 i 1:0.622103 i 2:0.748185 i 3:0.901998 bias 1
 test_print 3.85466
net matrix:
 -1.91284 -0.735144 0.606715
outputs matrix:
 0.0213383 0.186899 0.770905
error matrix:
 -0.0213383 -0.186899 0.229095
delta matrix:
 -0.000891215 -0.0568051 0.0809209
weights_delta matrix:
 -5.19021e-05 -0.00330818 0.00471262
 -5.54428e-05 -0.00353386 0.00503411
 -6.66794e-05 -0.00425007 0.00605438
 -8.03875e-05 -0.00512381 0.00729905
 -8.91215e-05 -0.00568051 0.00809209
weights matrix:
 -0.925882 0.0156528 0.0930696
 1.73963 -1.9892 -0.417894
 -2.19083 0.800143 1.79578
 -1.82416 -0.673735 2.30126
 0.828399 0.484673 -2.58173
regression_error on 'test' 0.0826465
classification_error on 'test' 0.157895
Save,2691,0.0826465,0.157895
sample_count 75 Sample index 71
 i 0:0.143558 i 1:0.480944 i 2:0.0979839 i 3:0.0989754 bias 1
 test_print 1.82146
net matrix:
 1.13693 -0.458056 -2.36563
outputs matrix:
 0.906689 0.285751 0.00873832
error matrix:
 0.0933106 -0.285751 -0.00873832
delta matrix:
 0.0157888 -0.116642 -0.000151382
weights_delta matrix:
 0.000226661 -0.00167449 -2.17321e-06
 0.000759355 -0.00560982 -7.28062e-06
 0.000154705 -0.0011429 -1.4833e-06
 0.000156271 -0.00115447 -1.49831e-06
 0.00157888 -0.0116642 -1.51382e-05
weights matrix:
 -0.925655 0.0139784 0.0930674
 1.74039 -1.99481 -0.417901
 -2.19068 0.799 1.79578
 -1.824 -0.674889 2.30125
 0.829978 0.473009 -2.58175
regression_error on 'test' 0.0825792
classification_error on 'test' 0.157895
Save,2692,0.0825792,0.157895
sample_count 75 Sample index 15
 i 0:0.720948 i 1:0.410364 i 2:0.65746 i 3:0.573489 bias 1
 test_print 3.36226
net matrix:
 -1.60951 -0.197243 -0.185748
outputs matrix:
 0.0384564 0.402638 0.40818
error matrix:
 -0.0384564 0.597362 -0.40818
delta matrix:
 -0.00284405 0.287356 -0.197207
weights_delta matrix:
 -0.000205041 0.0207169 -0.0142176
 -0.00011671 0.011792 -0.00809267
 -0.000186985 0.0188925 -0.0129656
 -0.000163103 0.0164795 -0.0113096
 -0.000284405 0.0287356 -0.0197207
weights matrix:
 -0.92586 0.0346952 0.0788498
 1.74027 -1.98302 -0.425994
 -2.19087 0.817893 1.78281
 -1.82417 -0.65841 2.28994
 0.829693 0.501744 -2.60147
regression_error on 'test' 0.0836291
classification_error on 'test' 0.131579
Save,2693,0.0836291,0.131579
sample_count 75 Sample index 7
 i 0:0.651661 i 1:0.410364 i 2:0.627218 i 3:0.60999 bias 1
 test_print 3.29923
net matrix:
 -1.54638 -0.178032 -0.209844
outputs matrix:
 0.0434068 0.411913 0.396592
error matrix:
 -0.0434068 0.588087 -0.396592
delta matrix:
 -0.00360473 0.284917 -0.189814
weights_delta matrix:
 -0.000234906 0.0185669 -0.0123694
 -0.000147925 0.011692 -0.00778928
 -0.000226095 0.0178705 -0.0119055
 -0.000219885 0.0173797 -0.0115785
 -0.000360473 0.0284917 -0.0189814
weights matrix:
 -0.926095 0.0532622 0.0664804
 1.74013 -1.97133 -0.433783
 -2.19109 0.835763 1.7709
 -1.82439 -0.64103 2.27837
 0.829333 0.530236 -2.62045
regression_error on 'test' 0.0853805
classification_error on 'test' 0.0789474
Save,2694,0.0853805,0.0789474
sample_count 75 Sample index 11
 i 0:0.536183 i 1:0.198626 i 2:0.536492 i 3:0.427485 bias 1
 test_print 2.69879
net matrix:
 -1.27699 0.341587 -0.746921
outputs matrix:
 0.0721595 0.664447 0.183346
error matrix:
 -0.0721595 0.335553 -0.183346
delta matrix:
 -0.00966253 0.149628 -0.0549047
weights_delta matrix:
 -0.000518088 0.0080228 -0.0029439
 -0.000191923 0.002972 -0.00109055
 -0.000518387 0.00802742 -0.00294559
 -0.000413059 0.00639637 -0.00234709
 -0.000966253 0.0149628 -0.00549047
weights matrix:
 -0.926613 0.061285 0.0635365
 1.73994 -1.96835 -0.434874
 -2.19161 0.843791 1.76796
 -1.8248 -0.634634 2.27602
 0.828367 0.545199 -2.62594
regression_error on 'test' 0.086233
classification_error on 'test' 0.0789474
Save,2695,0.086233,0.0789474
sample_count 75 Sample index 47
 i 0:0.282131 i 1:0.516233 i 2:0.158468 i 3:0.0989754 bias 1
 test_print 2.05581
net matrix:
 0.937242 -0.38274 -2.32708
outputs matrix:
 0.866976 0.317458 0.00943217
error matrix:
 0.133024 -0.317458 -0.00943217
delta matrix:
 0.0306829 -0.137573 -0.000176253
weights_delta matrix:
 0.000865659 -0.00388135 -4.97265e-06
 0.00158395 -0.00710195 -9.09878e-06
 0.000486225 -0.00218008 -2.79305e-06
 0.000303685 -0.00136163 -1.74447e-06
 0.00306829 -0.0137573 -1.76253e-05
weights matrix:
 -0.925748 0.0574036 0.0635315
 1.74152 -1.97546 -0.434883
 -2.19112 0.841611 1.76796
 -1.8245 -0.635996 2.27602
 0.831435 0.531442 -2.62596
regression_error on 'test' 0.0857838
classification_error on 'test' 0.0789474
Save,2696,0.0857838,0.0789474
sample_count 75 Sample index 0
 i 0:0.282131 i 1:0.269205 i 2:0.430645 i 3:0.427485 bias 1
 test_print 2.40947
net matrix:
 -0.684463 0.106391 -0.990782
outputs matrix:
 0.202794 0.552996 0.121152
error matrix:
 -0.202794 0.447004 -0.121152
delta matrix:
 -0.0655706 0.220991 -0.0257992
weights_delta matrix:
 -0.00184995 0.00623485 -0.000727876
 -0.00176519 0.0059492 -0.000694528
 -0.00282376 0.00951688 -0.00111103
 -0.00280304 0.00944704 -0.00110288
 -0.00655706 0.0220991 -0.00257992
weights matrix:
 -0.927598 0.0636385 0.0628037
 1.73975 -1.96951 -0.435577
 -2.19395 0.851128 1.76685
 -1.8273 -0.626548 2.27491
 0.824878 0.553541 -2.62854
regression_error on 'test' 0.086809
classification_error on 'test' 0.0789474
Save,2697,0.086809,0.0789474
sample_count 75 Sample index 50
 i 0:0.489992 i 1:0.833841 i 2:0.113105 i 3:0.135476 bias 1
 test_print 2.57241
net matrix:
 1.32534 -1.04615 -2.45293
outputs matrix:
 0.934053 0.109848 0.00734865
error matrix:
 0.0659473 -0.109848 -0.00734865
delta matrix:
 0.00812447 -0.0214821 -0.000107212
weights_delta matrix:
 0.000398092 -0.00105261 -5.25328e-06
 0.000677451 -0.00179127 -8.93974e-06
 9.18918e-05 -0.000242973 -1.21262e-06
 0.000110067 -0.000291031 -1.45246e-06
 0.000812447 -0.00214821 -1.07212e-05
weights matrix:
 -0.9272 0.0625859 0.0627984
 1.74043 -1.9713 -0.435586
 -2.19386 0.850885 1.76684
 -1.82719 -0.62684 2.27491
 0.82569 0.551392 -2.62855
regression_error on 'test' 0.0867117
classification_error on 'test' 0.0789474
Save,2698,0.0867117,0.0789474
sample_count 75 Sample index 12
 i 0:0.166653 i 1:0.480944 i 2:0.128226 i 3:0.135476 bias 1
 test_print 1.9113
net matrix:
 0.97937 -0.362078 -2.29282
outputs matrix:
 0.876397 0.326479 0.0100942
error matrix:
 0.123603 -0.326479 -0.0100942
delta matrix:
 0.0267789 -0.143579 -0.000201729
weights_delta matrix:
 0.000446278 -0.00239279 -3.36187e-06
 0.00128791 -0.00690534 -9.70202e-06
 0.000343374 -0.00184106 -2.58669e-06
 0.000362789 -0.00194515 -2.73294e-06
 0.00267789 -0.0143579 -2.01729e-05
weights matrix:
 -0.926753 0.0601931 0.062795
 1.74172 -1.9782 -0.435596
 -2.19351 0.849044 1.76684
 -1.82683 -0.628785 2.27491
 0.828368 0.537035 -2.62857
regression_error on 'test' 0.0862323
classification_error on 'test' 0.0789474
Save,2699,0.0862323,0.0789474
sample_count 75 Sample index 9
 i 0:0.351418 i 1:0.375074 i 2:0.521371 i 3:0.573489 bias 1
 test_print 2.82135
net matrix:
 -1.03533 -0.10172 -0.544066
outputs matrix:
 0.111981 0.449315 0.25197
error matrix:
 -0.111981 0.550685 -0.25197
delta matrix:
 -0.0222709 0.272513 -0.0949832
weights_delta matrix:
 -0.000782639 0.0095766 -0.00333788
 -0.000835323 0.0102213 -0.00356257
 -0.00116114 0.014208 -0.00495215
 -0.00127721 0.0156283 -0.00544718
 -0.00222709 0.0272513 -0.00949832
weights matrix:
 -0.927536 0.0697697 0.0594572
 1.74088 -1.96798 -0.439159
 -2.19467 0.863252 1.76189
 -1.8281 -0.613156 2.26946
 0.826141 0.564286 -2.63807
regression_error on 'test' 0.0881095
classification_error on 'test' 0.0789474
Save,2700,0.0881095,0.0789474
sample_count 75 Sample index 40
 i 0:0.328323 i 1:0.763262 i 2:0.158468 i 3:0.171977 bias 1
 test_print 2.42203
net matrix:
 1.18818 -0.883544 -2.28424
outputs matrix:
 0.915007 0.145905 0.0102672
error matrix:
 0.0849928 -0.145905 -0.0102672
delta matrix:
 0.0132196 -0.0363643 -0.000208666
weights_delta matrix:
 0.00043403 -0.00119392 -6.85098e-06
 0.001009 -0.00277555 -1.59267e-05
 0.000209488 -0.000576258 -3.30669e-06
 0.000227347 -0.000625382 -3.58857e-06
 0.00132196 -0.00363643 -2.08666e-05
weights matrix:
 -0.927102 0.0685758 0.0594503
 1.74189 -1.97076 -0.439174
 -2.19446 0.862675 1.76189
 -1.82788 -0.613782 2.26946
 0.827463 0.560649 -2.63809
regression_error on 'test' 0.0879289
classification_error on 'test' 0.0789474
Save,2701,0.0879289,0.0789474
sample_count 75 Sample index 55
 i 0:0.628566 i 1:0.551523 i 2:0.612097 i 3:0.60999 bias 1
 test_print 3.40218
net matrix:
 -1.2528 -0.329524 -0.380142
outputs matrix:
 0.0754668 0.340953 0.318585
error matrix:
 -0.0754668 0.659047 -0.318585
delta matrix:
 -0.0105309 0.296181 -0.138322
weights_delta matrix:
 -0.000661934 0.0186169 -0.00869446
 -0.000580801 0.0163351 -0.00762879
 -0.000644591 0.0181292 -0.00846666
 -0.000642372 0.0180667 -0.00843751
 -0.00105309 0.0296181 -0.0138322
weights matrix:
 -0.927764 0.0871927 0.0507558
 1.74131 -1.95442 -0.446803
 -2.19511 0.880805 1.75342
 -1.82852 -0.595715 2.26102
 0.82641 0.590268 -2.65192
regression_error on 'test' 0.0910862
classification_error on 'test' 0.105263
Save,2702,0.0910862,0.105263
sample_count 75 Sample index 56
 i 0:0.328323 i 1:0.727972 i 2:0.158468 i 3:0.208478 bias 1
 test_print 2.42324
net matrix:
 1.06037 -0.788484 -2.21128
outputs matrix:
 0.892903 0.171225 0.011861
error matrix:
 0.107097 -0.171225 -0.011861
delta matrix:
 0.0204829 -0.0485962 -0.000278031
weights_delta matrix:
 0.000672501 -0.00159552 -9.12841e-06
 0.0014911 -0.00353766 -2.02399e-05
 0.000324588 -0.000770094 -4.40591e-06
 0.000427023 -0.00101312 -5.79634e-06
 0.00204829 -0.00485962 -2.78031e-05
weights matrix:
 -0.927091 0.0855972 0.0507467
 1.7428 -1.95796 -0.446823
 -2.19478 0.880035 1.75342
 -1.82809 -0.596728 2.26102
 0.828458 0.585408 -2.65195
regression_error on 'test' 0.0907733
classification_error on 'test' 0.105263
Save,2703,0.0907733,0.105263
sample_count 75 Sample index 5
 i 0:0.536183 i 1:0.198626 i 2:0.687702 i 3:0.60999 bias 1
 test_print 3.0325
net matrix:
 -1.94694 0.483605 -0.128465
outputs matrix:
 0.0199596 0.724563 0.436119
error matrix:
 -0.0199596 -0.724563 0.563881
delta matrix:
 -0.000780871 -0.289204 0.277339
weights_delta matrix:
 -4.1869e-05 -0.0155066 0.0148704
 -1.55101e-05 -0.00574435 0.00550866
 -5.37006e-05 -0.0198886 0.0190726
 -4.76323e-05 -0.0176412 0.0169174
 -7.80871e-05 -0.0289204 0.0277339
weights matrix:
 -0.927133 0.0700905 0.0656171
 1.74279 -1.9637 -0.441315
 -2.19484 0.860146 1.77249
 -1.82814 -0.614369 2.27793
 0.82838 0.556488 -2.62421
regression_error on 'test' 0.0872746
classification_error on 'test' 0.0789474
Save,2704,0.0872746,0.0789474
sample_count 75 Sample index 33
 i 0:0.559279 i 1:0.480944 i 2:0.672581 i 3:0.719493 bias 1
 test_print 3.4323
net matrix:
 -1.6435 -0.212261 0.0313351
outputs matrix:
 0.0360197 0.395435 0.515662
error matrix:
 -0.0360197 -0.395435 0.484338
delta matrix:
 -0.00250138 -0.18907 0.241931
weights_delta matrix:
 -0.000139897 -0.0105743 0.0135307
 -0.000120302 -0.00909323 0.0116355
 -0.000168238 -0.0127165 0.0162718
 -0.000179972 -0.0136035 0.0174068
 -0.000250138 -0.018907 0.0241931
weights matrix:
 -0.927273 0.0595162 0.0791478
 1.74267 -1.9728 -0.429679
 -2.19501 0.847429 1.78876
 -1.82832 -0.627973 2.29534
 0.82813 0.537581 -2.60002
regression_error on 'test' 0.0852025
classification_error on 'test' 0.0789474
Save,2705,0.0852025,0.0789474
sample_count 75 Sample index 40
 i 0:0.328323 i 1:0.763262 i 2:0.158468 i 3:0.171977 bias 1
 test_print 2.42203
net matrix:
 1.19153 -0.922347 -2.22379
outputs matrix:
 0.915526 0.136497 0.0115715
error matrix:
 0.0844737 -0.136497 -0.0115715
delta matrix:
 0.013066 -0.0321766 -0.0002647
weights_delta matrix:
 0.000428988 -0.00105643 -8.6907e-06
 0.00099728 -0.00245592 -2.02035e-05
 0.000207055 -0.000509896 -4.19464e-06
 0.000224706 -0.000553364 -4.55223e-06
 0.0013066 -0.00321766 -2.647e-05
weights matrix:
 -0.926844 0.0584598 0.0791391
 1.74366 -1.97525 -0.429699
 -2.1948 0.846919 1.78876
 -1.82809 -0.628526 2.29534
 0.829437 0.534363 -2.60005
regression_error on 'test' 0.08508
classification_error on 'test' 0.0789474
Save,2706,0.08508,0.0789474
sample_count 75 Sample index 61
 i 0:0.697853 i 1:0.480944 i 2:0.687702 i 3:0.682992 bias 1
 test_print 3.54949
net matrix:
 -1.7367 -0.221678 0.0463451
outputs matrix:
 0.0300786 0.390942 0.523156
error matrix:
 -0.0300786 0.609058 -0.523156
delta matrix:
 -0.00175502 0.290041 -0.261017
weights_delta matrix:
 -0.000122475 0.0202406 -0.0182151
 -8.44066e-05 0.0139494 -0.0125535
 -0.000120693 0.0199462 -0.0179502
 -0.000119866 0.0198096 -0.0178272
 -0.000175502 0.0290041 -0.0261017
weights matrix:
 -0.926967 0.0787004 0.060924
 1.74358 -1.9613 -0.442253
 -2.19492 0.866866 1.77081
 -1.82821 -0.608717 2.27751
 0.829261 0.563367 -2.62615
regression_error on 'test' 0.088034
classification_error on 'test' 0.0789474
Save,2707,0.088034,0.0789474
sample_count 75 Sample index 39
 i 0:0.397609 i 1:0.622103 i 2:0.18871 i 3:0.135476 bias 1
 test_print 2.3439
net matrix:
 0.883495 -0.544355 -2.23434
outputs matrix:
 0.854083 0.251861 0.0113326
error matrix:
 0.145917 -0.251861 -0.0113326
delta matrix:
 0.0363699 -0.094915 -0.000253946
weights_delta matrix:
 0.0014461 -0.00377391 -1.00971e-05
 0.00226258 -0.00590469 -1.57981e-05
 0.000686337 -0.00179114 -4.79222e-06
 0.000492725 -0.00128587 -3.44036e-06
 0.00363699 -0.0094915 -2.53946e-05
weights matrix:
 -0.92552 0.0749265 0.0609139
 1.74584 -1.96721 -0.442269
 -2.19423 0.865075 1.7708
 -1.82772 -0.610002 2.27751
 0.832898 0.553875 -2.62617
regression_error on 'test' 0.0875545
classification_error on 'test' 0.0789474
Save,2708,0.0875545,0.0789474
sample_count 75 Sample index 74
 i 0:0.443801 i 1:0.480944 i 2:0.551613 i 3:0.536988 bias 1
 test_print 3.01335
net matrix:
 -0.930028 -0.209367 -0.612058
outputs matrix:
 0.134697 0.39682 0.227213
error matrix:
 -0.134697 0.60318 -0.227213
delta matrix:
 -0.0313987 0.288747 -0.0797913
weights_delta matrix:
 -0.00139348 0.0128146 -0.00354115
 -0.0015101 0.0138871 -0.00383752
 -0.00173199 0.0159277 -0.00440139
 -0.00168607 0.0155054 -0.0042847
 -0.00313987 0.0288747 -0.00797913
weights matrix:
 -0.926914 0.0877411 0.0573728
 1.74433 -1.95332 -0.446106
 -2.19596 0.881002 1.7664
 -1.82941 -0.594497 2.27322
 0.829758 0.58275 -2.63415
regression_error on 'test' 0.0899701
classification_error on 'test' 0.105263
Save,2709,0.0899701,0.105263
sample_count 75 Sample index 25
 i 0:0.628566 i 1:0.410364 i 2:0.778427 i 3:0.865497 bias 1
 test_print 3.68285
net matrix:
 -2.3298 0.00758857 0.561321
outputs matrix:
 0.00938137 0.503794 0.754478
error matrix:
 -0.00938137 -0.503794 0.245522
delta matrix:
 -0.000174369 -0.251883 0.0909612
weights_delta matrix:
 -1.09602e-05 -0.0158325 0.00571751
 -7.15547e-06 -0.0103364 0.00373272
 -1.35733e-05 -0.0196072 0.00708067
 -1.50916e-05 -0.0218004 0.00787267
 -1.74369e-05 -0.0251883 0.00909612
weights matrix:
 -0.926925 0.0719086 0.0630903
 1.74433 -1.96366 -0.442374
 -2.19598 0.861395 1.77348
 -1.82942 -0.616297 2.28109
 0.829741 0.557562 -2.62506
regression_error on 'test' 0.0872938
classification_error on 'test' 0.0789474
Save,2710,0.0872938,0.0789474
sample_count 75 Sample index 72
 i 0:0.905713 i 1:0.480944 i 2:0.929637 i 3:0.828996 bias 1
 test_print 4.14529
net matrix:
 -2.72891 -0.0318428 0.759036
outputs matrix:
 0.00424474 0.484084 0.820255
error matrix:
 -0.00424474 -0.484084 0.179745
delta matrix:
 -3.58826e-05 -0.241797 0.0530023
weights_delta matrix:
 -3.24993e-06 -0.0218998 0.00480049
 -1.72575e-06 -0.0116291 0.00254911
 -3.33578e-06 -0.0224783 0.00492729
 -2.97465e-06 -0.0200449 0.00439387
 -3.58826e-06 -0.0241797 0.00530023
weights matrix:
 -0.926928 0.0500088 0.0678908
 1.74432 -1.97529 -0.439824
 -2.19598 0.838917 1.77841
 -1.82943 -0.636342 2.28549
 0.829737 0.533382 -2.61976
regression_error on 'test' 0.0852618
classification_error on 'test' 0.0789474
Save,2711,0.0852618,0.0789474
sample_count 75 Sample index 20
 i 0:0.489992 i 1:0.375074 i 2:0.521371 i 3:0.500487 bias 1
 test_print 2.88692
net matrix:
 -1.03072 -0.0640872 -0.680392
outputs matrix:
 0.112901 0.468 0.204113
error matrix:
 -0.112901 0.532 -0.204113
delta matrix:
 -0.0226149 0.26491 -0.0663166
weights_delta matrix:
 -0.00110811 0.0129804 -0.00324946
 -0.000848226 0.0099361 -0.00248736
 -0.00117908 0.0138117 -0.00345756
 -0.00113185 0.0132584 -0.00331906
 -0.00226149 0.026491 -0.00663166
weights matrix:
 -0.928036 0.0629892 0.0646413
 1.74348 -1.96535 -0.442312
 -2.19716 0.852728 1.77495
 -1.83056 -0.623084 2.28217
 0.827476 0.559873 -2.62639
regression_error on 'test' 0.0868263
classification_error on 'test' 0.0789474
Save,2712,0.0868263,0.0789474
sample_count 75 Sample index 8
 i 0:0.489992 i 1:0.375074 i 2:0.702823 i 3:0.755994 bias 1
 test_print 3.32388
net matrix:
 -1.90143 -0.0181454 0.212165
outputs matrix:
 0.0218202 0.490928 0.604519
error matrix:
 -0.0218202 -0.490928 0.395481
delta matrix:
 -0.000931467 -0.245383 0.1891
weights_delta matrix:
 -4.56411e-05 -0.0120236 0.00926574
 -3.49369e-05 -0.00920369 0.00709264
 -6.54657e-05 -0.0172461 0.0132904
 -7.04184e-05 -0.0185508 0.0142958
 -9.31467e-05 -0.0245383 0.01891
weights matrix:
 -0.928082 0.0509656 0.073907
 1.74344 -1.97456 -0.435219
 -2.19723 0.835482 1.78824
 -1.83063 -0.641635 2.29646
 0.827383 0.535335 -2.60748
regression_error on 'test' 0.084712
classification_error on 'test' 0.0789474
Save,2713,0.084712,0.0789474
sample_count 75 Sample index 53
 i 0:0.489992 i 1:0.410364 i 2:0.702823 i 3:0.938499 bias 1
 test_print 3.54168
net matrix:
 -2.17423 -0.264956 0.662181
outputs matrix:
 0.0127618 0.370537 0.789907
error matrix:
 -0.0127618 -0.370537 0.210093
delta matrix:
 -0.000321569 -0.172848 0.0697317
weights_delta matrix:
 -1.57566e-05 -0.00846941 0.0034168
 -1.3196e-05 -0.00709305 0.00286154
 -2.26006e-05 -0.0121481 0.00490091
 -3.01792e-05 -0.0162218 0.00654432
 -3.21569e-05 -0.0172848 0.00697317
weights matrix:
 -0.928098 0.0424962 0.0773238
 1.74343 -1.98165 -0.432358
 -2.19725 0.823334 1.79314
 -1.83066 -0.657856 2.30301
 0.82735 0.51805 -2.60051
regression_error on 'test' 0.0837074
classification_error on 'test' 0.105263
Save,2714,0.0837074,0.105263
sample_count 75 Sample index 47
 i 0:0.282131 i 1:0.516233 i 2:0.158468 i 3:0.0989754 bias 1
 test_print 2.05581
net matrix:
 0.936136 -0.427592 -2.28979
outputs matrix:
 0.866721 0.298346 0.010155
error matrix:
 0.133279 -0.298346 -0.010155
delta matrix:
 0.0307916 -0.124909 -0.000204153
weights_delta matrix:
 0.000868727 -0.00352408 -5.7598e-06
 0.00158957 -0.00644823 -1.05391e-05
 0.000487949 -0.00197941 -3.23518e-06
 0.000304761 -0.00123629 -2.02062e-06
 0.00307916 -0.0124909 -2.04153e-05
weights matrix:
 -0.927229 0.0389721 0.0773181
 1.74502 -1.9881 -0.432368
 -2.19676 0.821355 1.79314
 -1.83035 -0.659093 2.30301
 0.83043 0.505559 -2.60053
regression_error on 'test' 0.0834604
classification_error on 'test' 0.157895
Save,2715,0.0834604,0.157895
sample_count 75 Sample index 9
 i 0:0.351418 i 1:0.375074 i 2:0.521371 i 3:0.573489 bias 1
 test_print 2.82135
net matrix:
 -1.03592 -0.176181 -0.479887
outputs matrix:
 0.111864 0.41281 0.276923
error matrix:
 -0.111864 0.58719 -0.276923
delta matrix:
 -0.0222275 0.284667 -0.110901
weights_delta matrix:
 -0.000781115 0.0100037 -0.00389724
 -0.000833697 0.0106771 -0.00415959
 -0.00115888 0.0148417 -0.00578203
 -0.00127472 0.0163254 -0.00636002
 -0.00222275 0.0284667 -0.0110901
weights matrix:
 -0.92801 0.0489758 0.0734208
 1.74418 -1.97742 -0.436528
 -2.19792 0.836196 1.78736
 -1.83163 -0.642767 2.29665
 0.828207 0.534026 -2.61162
regression_error on 'test' 0.0846853
classification_error on 'test' 0.0789474
Save,2716,0.0846853,0.0789474
sample_count 75 Sample index 35
 i 0:0.189749 i 1:0.233915 i 2:0.128226 i 3:0.171977 bias 1
 test_print 1.72387
net matrix:
 0.46328 0.0774519 -2.07564
outputs matrix:
 0.716377 0.538649 0.0155002
error matrix:
 0.283623 -0.538649 -0.0155002
delta matrix:
 0.115254 -0.267715 -0.000473066
weights_delta matrix:
 0.00218693 -0.00507987 -8.97637e-06
 0.00269596 -0.00626226 -1.10657e-05
 0.00147785 -0.0034328 -6.06593e-06
 0.0019821 -0.00460409 -8.13564e-06
 0.0115254 -0.0267715 -4.73066e-05
weights matrix:
 -0.925823 0.043896 0.0734118
 1.74688 -1.98368 -0.436539
 -2.19644 0.832764 1.78735
 -1.82965 -0.647371 2.29664
 0.839732 0.507254 -2.61166
regression_error on 'test' 0.084073
classification_error on 'test' 0.105263
Save,2717,0.084073,0.105263
sample_count 75 Sample index 63
 i 0:0.420705 i 1:0.904421 i 2:0.143347 i 3:0.135476 bias 1
 test_print 2.60395
net matrix:
 1.46742 -1.23669 -2.40824
outputs matrix:
 0.949542 0.0777454 0.00803017
error matrix:
 0.0504578 -0.0777454 -0.00803017
delta matrix:
 0.00483505 -0.0111489 -0.000127932
weights_delta matrix:
 0.000203413 -0.000469038 -5.38215e-06
 0.000437292 -0.00100833 -1.15704e-05
 6.93089e-05 -0.000159816 -1.83386e-06
 6.55033e-05 -0.00015104 -1.73317e-06
 0.000483505 -0.00111489 -1.27932e-05
weights matrix:
 -0.92562 0.0434269 0.0734065
 1.74732 -1.98469 -0.43655
 -2.19637 0.832604 1.78735
 -1.82958 -0.647522 2.29664
 0.840216 0.50614 -2.61168
regression_error on 'test' 0.0840443
classification_error on 'test' 0.105263
Save,2718,0.0840443,0.105263
sample_count 75 Sample index 58
 i 0:0.282131 i 1:0.516233 i 2:0.158468 i 3:0.0989754 bias 1
 test_print 2.05581
net matrix:
 0.951954 -0.438319 -2.30578
outputs matrix:
 0.870333 0.293875 0.00983854
error matrix:
 0.129667 -0.293875 -0.00983854
delta matrix:
 0.0292667 -0.121966 -0.000191689
weights_delta matrix:
 0.000825704 -0.00344103 -5.40814e-06
 0.00151084 -0.00629626 -9.89563e-06
 0.000463783 -0.00193276 -3.03766e-06
 0.000289668 -0.00120716 -1.89725e-06
 0.00292667 -0.0121966 -1.91689e-05
weights matrix:
 -0.924794 0.0399859 0.0734011
 1.74883 -1.99099 -0.43656
 -2.19591 0.830671 1.78734
 -1.82929 -0.64873 2.29663
 0.843142 0.493943 -2.6117
regression_error on 'test' 0.0838073
classification_error on 'test' 0.105263
Save,2719,0.0838073,0.105263
sample_count 75 Sample index 28
 i 0:0.305227 i 1:0.551523 i 2:0.113105 i 3:0.135476 bias 1
 test_print 2.10533
net matrix:
 1.0292 -0.585861 -2.31677
outputs matrix:
 0.886793 0.236544 0.00962674
error matrix:
 0.113207 -0.236544 -0.00962674
delta matrix:
 0.0227301 -0.0854353 -0.000183564
weights_delta matrix:
 0.000693783 -0.00260772 -5.60287e-06
 0.00125362 -0.00471195 -1.0124e-05
 0.000257088 -0.000966316 -2.0762e-06
 0.000307938 -0.00115744 -2.48685e-06
 0.00227301 -0.00854353 -1.83564e-05
weights matrix:
 -0.9241 0.0373782 0.0733955
 1.75008 -1.9957 -0.43657
 -2.19565 0.829705 1.78734
 -1.82898 -0.649887 2.29663
 0.845415 0.485399 -2.61171
regression_error on 'test' 0.0836634
classification_error on 'test' 0.131579
Save,2720,0.0836634,0.131579
sample_count 75 Sample index 17
 i 0:0.443801 i 1:0.304495 i 2:0.521371 i 3:0.463986 bias 1
 test_print 2.73365
net matrix:
 -1.02518 0.0253532 -0.714601
outputs matrix:
 0.114016 0.512674 0.193223
error matrix:
 -0.114016 0.487326 -0.193223
delta matrix:
 -0.0230348 0.243506 -0.0602422
weights_delta matrix:
 -0.00102229 0.0108068 -0.00267356
 -0.000701399 0.00741465 -0.00183435
 -0.00120097 0.0126957 -0.00314086
 -0.00106878 0.0112984 -0.00279516
 -0.00230348 0.0243506 -0.00602422
weights matrix:
 -0.925122 0.048185 0.0707219
 1.74938 -1.98828 -0.438405
 -2.19685 0.8424 1.7842
 -1.83005 -0.638589 2.29384
 0.843112 0.50975 -2.61774
regression_error on 'test' 0.0845207
classification_error on 'test' 0.0789474
Save,2721,0.0845207,0.0789474
sample_count 75 Sample index 22
 i 0:0.305227 i 1:0.233915 i 2:0.430645 i 3:0.427485 bias 1
 test_print 2.39727
net matrix:
 -0.758438 0.149157 -0.949763
outputs matrix:
 0.179922 0.57403 0.130162
error matrix:
 -0.179922 0.42597 -0.130162
delta matrix:
 -0.0530951 0.208316 -0.0294739
weights_delta matrix:
 -0.0016206 0.00635836 -0.000899622
 -0.00124197 0.00487282 -0.000689438
 -0.00228651 0.00897102 -0.00126928
 -0.00226973 0.00890519 -0.00125996
 -0.00530951 0.0208316 -0.00294739
weights matrix:
 -0.926743 0.0545434 0.0698223
 1.74814 -1.98341 -0.439094
 -2.19914 0.851371 1.78293
 -1.83232 -0.629684 2.29258
 0.837802 0.530582 -2.62069
regression_error on 'test' 0.0853164
classification_error on 'test' 0.0789474
Save,2722,0.0853164,0.0789474
sample_count 75 Sample index 1
 i 0:0.582374 i 1:0.445654 i 2:0.581855 i 3:0.536988 bias 1
 test_print 3.14687
net matrix:
 -1.18636 -0.164326 -0.507213
outputs matrix:
 0.0852769 0.418568 0.266115
error matrix:
 -0.0852769 0.581432 -0.266115
delta matrix:
 -0.013304 0.283005 -0.103943
weights_delta matrix:
 -0.000774791 0.0164815 -0.00605338
 -0.000592898 0.0126122 -0.00463227
 -0.0007741 0.0164668 -0.00604798
 -0.000714409 0.015197 -0.00558162
 -0.0013304 0.0283005 -0.0103943
weights matrix:
 -0.927518 0.0710249 0.0637689
 1.74754 -1.9708 -0.443726
 -2.19991 0.867838 1.77688
 -1.83304 -0.614487 2.287
 0.836472 0.558882 -2.63108
regression_error on 'test' 0.0873187
classification_error on 'test' 0.0789474
Save,2723,0.0873187,0.0789474
sample_count 75 Sample index 9
 i 0:0.351418 i 1:0.375074 i 2:0.521371 i 3:0.573489 bias 1
 test_print 2.82135
net matrix:
 -1.03221 -0.0552893 -0.537118
outputs matrix:
 0.112603 0.472383 0.254598
error matrix:
 -0.112603 0.527617 -0.254598
delta matrix:
 -0.0225033 0.263003 -0.0966343
weights_delta matrix:
 -0.000790808 0.00924242 -0.0033959
 -0.000844042 0.00986458 -0.0036245
 -0.00117326 0.0137122 -0.00503823
 -0.00129054 0.015083 -0.00554187
 -0.00225033 0.0263003 -0.00966343
weights matrix:
 -0.928309 0.0802673 0.060373
 1.7467 -1.96093 -0.447351
 -2.20109 0.88155 1.77185
 -1.83433 -0.599404 2.28145
 0.834222 0.585183 -2.64074
regression_error on 'test' 0.089476
classification_error on 'test' 0.0789474
Save,2724,0.089476,0.0789474
sample_count 75 Sample index 6
 i 0:0.305227 i 1:0.657392 i 2:0.128226 i 3:0.171977 bias 1
 test_print 2.26282
net matrix:
 1.10145 -0.669466 -2.29685
outputs matrix:
 0.900509 0.207686 0.0100141
error matrix:
 0.0994912 -0.207686 -0.0100141
delta matrix:
 0.0178274 -0.0683504 -0.000198557
weights_delta matrix:
 0.00054414 -0.00208624 -6.0605e-06
 0.00117196 -0.0044933 -1.3053e-05
 0.000228593 -0.000876429 -2.54602e-06
 0.00030659 -0.00117547 -3.41473e-06
 0.00178274 -0.00683504 -1.98557e-05
weights matrix:
 -0.927765 0.078181 0.0603669
 1.74787 -1.96543 -0.447364
 -2.20086 0.880674 1.77184
 -1.83402 -0.600579 2.28145
 0.836004 0.578347 -2.64076
regression_error on 'test' 0.0890856
classification_error on 'test' 0.0789474
Save,2725,0.0890856,0.0789474
sample_count 75 Sample index 12
 i 0:0.166653 i 1:0.480944 i 2:0.128226 i 3:0.135476 bias 1
 test_print 1.9113
net matrix:
 0.991346 -0.322323 -2.30958
outputs matrix:
 0.878968 0.344197 0.00976475
error matrix:
 0.121032 -0.344197 -0.00976475
delta matrix:
 0.0257517 -0.155388 -0.000188838
weights_delta matrix:
 0.000429159 -0.00258959 -3.14705e-06
 0.00123851 -0.0074733 -9.08207e-06
 0.000330203 -0.00199248 -2.4214e-06
 0.000348873 -0.00210514 -2.55831e-06
 0.00257517 -0.0155388 -1.88838e-05
weights matrix:
 -0.927335 0.0755914 0.0603638
 1.74911 -1.9729 -0.447373
 -2.20053 0.878682 1.77184
 -1.83367 -0.602684 2.28145
 0.838579 0.562809 -2.64078
regression_error on 'test' 0.0883594
classification_error on 'test' 0.0789474
Save,2726,0.0883594,0.0789474
sample_count 75 Sample index 57
 i 0:0.374514 i 1:0.727972 i 2:0.158468 i 3:0.135476 bias 1
 test_print 2.39643
net matrix:
 1.16745 -0.787504 -2.35399
outputs matrix:
 0.911727 0.171504 0.00894232
error matrix:
 0.0882732 -0.171504 -0.00894232
delta matrix:
 0.0142086 -0.0487379 -0.0001585
weights_delta matrix:
 0.000532134 -0.0018253 -5.93605e-06
 0.00103435 -0.00354799 -1.15384e-05
 0.000225162 -0.00077234 -2.51172e-06
 0.000192493 -0.000660282 -2.1473e-06
 0.00142086 -0.00487379 -1.585e-05
weights matrix:
 -0.926803 0.0737661 0.0603579
 1.75015 -1.97645 -0.447385
 -2.2003 0.877909 1.77184
 -1.83348 -0.603344 2.28145
 0.84 0.557935 -2.6408
regression_error on 'test' 0.0881064
classification_error on 'test' 0.0789474
Save,2727,0.0881064,0.0789474
sample_count 75 Sample index 58
 i 0:0.282131 i 1:0.516233 i 2:0.158468 i 3:0.0989754 bias 1
 test_print 2.05581
net matrix:
 0.951856 -0.362157 -2.34814
outputs matrix:
 0.870311 0.326444 0.00904663
error matrix:
 0.129689 -0.326444 -0.00904663
delta matrix:
 0.0292759 -0.143556 -0.000162202
weights_delta matrix:
 0.000825963 -0.00405015 -4.57623e-06
 0.00151132 -0.00741082 -8.37342e-06
 0.000463929 -0.0022749 -2.57039e-06
 0.000289759 -0.00142085 -1.6054e-06
 0.00292759 -0.0143556 -1.62202e-05
weights matrix:
 -0.925977 0.069716 0.0603533
 1.75166 -1.98386 -0.447393
 -2.19984 0.875634 1.77184
 -1.83319 -0.604765 2.28144
 0.842928 0.543579 -2.64081
regression_error on 'test' 0.0874878
classification_error on 'test' 0.0789474
Save,2728,0.0874878,0.0789474
sample_count 75 Sample index 62
 i 0:0.582374 i 1:0.622103 i 2:0.748185 i 3:0.901998 bias 1
 test_print 3.85466
net matrix:
 -1.90604 -0.540345 0.499528
outputs matrix:
 0.021624 0.253375 0.730873
error matrix:
 -0.021624 -0.253375 0.269127
delta matrix:
 -0.000914973 -0.0958652 0.105873
weights_delta matrix:
 -5.32857e-05 -0.00558294 0.00616579
 -5.69208e-05 -0.0059638 0.00658641
 -6.84569e-05 -0.00717249 0.00792129
 -8.25304e-05 -0.00864702 0.00954976
 -9.14973e-05 -0.00958652 0.0105873
weights matrix:
 -0.926031 0.064133 0.0665191
 1.7516 -1.98982 -0.440807
 -2.19991 0.868462 1.77976
 -1.83327 -0.613412 2.29099
 0.842836 0.533993 -2.63023
regression_error on 'test' 0.0862616
classification_error on 'test' 0.0789474
Save,2729,0.0862616,0.0789474
sample_count 75 Sample index 46
 i 0:0.928809 i 1:0.480944 i 2:0.854032 i 3:0.901998 bias 1
 test_print 4.16578
net matrix:
 -2.70725 -0.175036 0.805994
outputs matrix:
 0.00443187 0.413365 0.833687
error matrix:
 -0.00443187 -0.413365 0.166313
delta matrix:
 -3.91089e-05 -0.200477 0.0461195
weights_delta matrix:
 -3.63247e-06 -0.0186205 0.00428362
 -1.88092e-06 -0.00964184 0.00221809
 -3.34003e-06 -0.0171214 0.00393875
 -3.52762e-06 -0.018083 0.00415997
 -3.91089e-06 -0.0200477 0.00461195
weights matrix:
 -0.926034 0.0455125 0.0708027
 1.7516 -1.99947 -0.438588
 -2.19991 0.85134 1.7837
 -1.83327 -0.631495 2.29515
 0.842833 0.513945 -2.62562
regression_error on 'test' 0.0847663
classification_error on 'test' 0.0789474
Save,2730,0.0847663,0.0789474
sample_count 75 Sample index 45
 i 0:0.697853 i 1:0.586813 i 2:0.793548 i 3:0.975 bias 1
 test_print 4.05321
net matrix:
 -2.30872 -0.567734 0.819648
outputs matrix:
 0.00978143 0.243153 0.837439
error matrix:
 -0.00978143 -0.243153 0.162561
delta matrix:
 -0.000189481 -0.0894949 0.0442604
weights_delta matrix:
 -1.3223e-05 -0.00624543 0.00308872
 -1.1119e-05 -0.00525167 0.00259726
 -1.50362e-05 -0.00710185 0.00351227
 -1.84744e-05 -0.00872575 0.00431539
 -1.89481e-05 -0.00894949 0.00442604
weights matrix:
 -0.926047 0.0392671 0.0738914
 1.75159 -2.00472 -0.435991
 -2.19993 0.844239 1.78721
 -1.83329 -0.640221 2.29947
 0.842814 0.504996 -2.62119
regression_error on 'test' 0.0841493
classification_error on 'test' 0.105263
Save,2731,0.0841493,0.105263
sample_count 75 Sample index 5
 i 0:0.536183 i 1:0.198626 i 2:0.687702 i 3:0.60999 bias 1
 test_print 3.0325
net matrix:
 -1.93699 0.317917 -0.0364493
outputs matrix:
 0.0203527 0.653811 0.481783
error matrix:
 -0.0203527 -0.653811 0.518217
delta matrix:
 -0.000811601 -0.29597 0.258764
weights_delta matrix:
 -4.35167e-05 -0.0158694 0.0138745
 -1.61205e-05 -0.00587873 0.00513973
 -5.5814e-05 -0.0203539 0.0177953
 -4.95069e-05 -0.0180539 0.0157844
 -8.11601e-05 -0.029597 0.0258764
weights matrix:
 -0.926091 0.0233977 0.0877659
 1.75157 -2.0106 -0.430851
 -2.19998 0.823885 1.805
 -1.83334 -0.658275 2.31525
 0.842732 0.475399 -2.59531
regression_error on 'test' 0.0827445
classification_error on 'test' 0.157895
Save,2732,0.0827445,0.157895
sample_count 75 Sample index 27
 i 0:0.328323 i 1:0.622103 i 2:0.158468 i 3:0.135476 bias 1
 test_print 2.24437
net matrix:
 1.03133 -0.726338 -2.23483
outputs matrix:
 0.887221 0.18959 0.0113215
error matrix:
 0.112779 -0.18959 -0.0113215
delta matrix:
 0.0225693 -0.0582594 -0.000253449
weights_delta matrix:
 0.000741001 -0.00191279 -8.32131e-06
 0.00140404 -0.00362433 -1.57671e-05
 0.000357651 -0.000923225 -4.01635e-06
 0.00030576 -0.000789275 -3.43362e-06
 0.00225693 -0.00582594 -2.53449e-05
weights matrix:
 -0.92535 0.0214849 0.0877576
 1.75297 -2.01422 -0.430867
 -2.19962 0.822961 1.805
 -1.83304 -0.659064 2.31525
 0.844989 0.469573 -2.59534
regression_error on 'test' 0.0826864
classification_error on 'test' 0.157895
Save,2733,0.0826864,0.157895
sample_count 75 Sample index 26
 i 0:0.489992 i 1:0.339785 i 2:0.536492 i 3:0.500487 bias 1
 test_print 2.86676
net matrix:
 -1.11028 -0.0926425 -0.57162
outputs matrix:
 0.097919 0.453811 0.241726
error matrix:
 -0.097919 0.546189 -0.241726
delta matrix:
 -0.0172985 0.270764 -0.0886142
weights_delta matrix:
 -0.000847615 0.0132672 -0.00434203
 -0.000587779 0.00920016 -0.00301098
 -0.000928053 0.0145263 -0.00475408
 -0.00086577 0.0135514 -0.00443503
 -0.00172985 0.0270764 -0.00886142
weights matrix:
 -0.926198 0.0347521 0.0834156
 1.75239 -2.00502 -0.433878
 -2.20055 0.837488 1.80025
 -1.8339 -0.645513 2.31081
 0.843259 0.496649 -2.6042
regression_error on 'test' 0.0833936
classification_error on 'test' 0.157895
Save,2734,0.0833936,0.157895
sample_count 75 Sample index 10
 i 0:0.697853 i 1:0.304495 i 2:0.808669 i 3:0.719493 bias 1
 test_print 3.53051
net matrix:
 -2.3685 0.123191 0.440316
outputs matrix:
 0.00868883 0.561286 0.706953
error matrix:
 -0.00868883 -0.561286 0.293047
delta matrix:
 -0.00014968 -0.276427 0.121421
weights_delta matrix:
 -1.04454e-05 -0.0192905 0.00847341
 -4.55767e-06 -0.00841705 0.00369721
 -1.21041e-05 -0.0223538 0.00981895
 -1.07693e-05 -0.0198887 0.00873617
 -1.4968e-05 -0.0276427 0.0121421
weights matrix:
 -0.926208 0.0154616 0.091889
 1.75238 -2.01344 -0.430181
 -2.20056 0.815134 1.81006
 -1.83391 -0.665402 2.31955
 0.843245 0.469006 -2.59206
regression_error on 'test' 0.0824637
classification_error on 'test' 0.157895
Save,2735,0.0824637,0.157895
sample_count 75 Sample index 37
 i 0:0.720948 i 1:0.551523 i 2:0.82379 i 3:0.901998 bias 1
 test_print 3.99826
net matrix:
 -2.32501 -0.558995 0.820278
outputs matrix:
 0.00947081 0.246384 0.837611
error matrix:
 -0.00947081 -0.246384 0.162389
delta matrix:
 -0.000177693 -0.0914968 0.0441761
weights_delta matrix:
 -1.28108e-05 -0.00659645 0.00318487
 -9.8002e-06 -0.00504626 0.00243641
 -1.46382e-05 -0.00753742 0.00363918
 -1.60279e-05 -0.008253 0.00398467
 -1.77693e-05 -0.00914968 0.00441761
weights matrix:
 -0.926221 0.00886517 0.0950738
 1.75237 -2.01848 -0.427745
 -2.20058 0.807596 1.8137
 -1.83393 -0.673655 2.32354
 0.843227 0.459857 -2.58764
regression_error on 'test' 0.0822682
classification_error on 'test' 0.157895
Save,2736,0.0822682,0.157895
sample_count 75 Sample index 66
 i 0:0.60547 i 1:0.304495 i 2:0.672581 i 3:0.60999 bias 1
 test_print 3.19254
net matrix:
 -1.78273 -0.0171421 -0.0231254
outputs matrix:
 0.027506 0.49143 0.488439
error matrix:
 -0.027506 0.50857 -0.488439
delta matrix:
 -0.00147154 0.25421 -0.244089
weights_delta matrix:
 -8.90975e-05 0.0153917 -0.0147789
 -4.48077e-05 0.00774058 -0.00743239
 -9.89731e-05 0.0170977 -0.016417
 -8.97626e-05 0.0155066 -0.0148892
 -0.000147154 0.025421 -0.0244089
weights matrix:
 -0.92631 0.0242568 0.080295
 1.75233 -2.01074 -0.435177
 -2.20068 0.824694 1.79729
 -1.83402 -0.658148 2.30865
 0.84308 0.485278 -2.61205
regression_error on 'test' 0.0830851
classification_error on 'test' 0.157895
Save,2737,0.0830851,0.157895
sample_count 75 Sample index 48
 i 0:0.744044 i 1:0.516233 i 2:0.748185 i 3:0.828996 bias 1
 test_print 3.83746
net matrix:
 -2.10843 -0.463264 0.481603
outputs matrix:
 0.0145305 0.28363 0.723763
error matrix:
 -0.0145305 -0.28363 0.276237
delta matrix:
 -0.000416134 -0.115258 0.110456
weights_delta matrix:
 -3.09622e-05 -0.0085757 0.00821841
 -2.14822e-05 -0.00595 0.0057021
 -3.11345e-05 -0.00862343 0.00826415
 -3.44974e-05 -0.00955484 0.00915676
 -4.16134e-05 -0.0115258 0.0110456
weights matrix:
 -0.926341 0.0156811 0.0885134
 1.75231 -2.01669 -0.429475
 -2.20071 0.816071 1.80555
 -1.83405 -0.667703 2.3178
 0.843038 0.473752 -2.601
regression_error on 'test' 0.0825574
classification_error on 'test' 0.157895
Save,2738,0.0825574,0.157895
sample_count 75 Sample index 53
 i 0:0.489992 i 1:0.410364 i 2:0.702823 i 3:0.938499 bias 1
 test_print 3.54168
net matrix:
 -2.15974 -0.399227 0.710365
outputs matrix:
 0.0131319 0.310356 0.805453
error matrix:
 -0.0131319 -0.310356 0.194547
delta matrix:
 -0.000340367 -0.132854 0.0609705
weights_delta matrix:
 -1.66777e-05 -0.00650975 0.00298751
 -1.39674e-05 -0.00545186 0.00250201
 -2.39218e-05 -0.0093373 0.00428515
 -3.19434e-05 -0.0124684 0.00572207
 -3.40367e-05 -0.0132854 0.00609705
weights matrix:
 -0.926358 0.00917139 0.0915009
 1.75229 -2.02214 -0.426973
 -2.20073 0.806733 1.80984
 -1.83409 -0.680171 2.32352
 0.843004 0.460467 -2.59491
regression_error on 'test' 0.0822883
classification_error on 'test' 0.157895
Save,2739,0.0822883,0.157895
sample_count 75 Sample index 42
 i 0:0.651661 i 1:0.551523 i 2:0.702823 i 3:0.792495 bias 1
 test_print 3.6985
net matrix:
 -1.79447 -0.620857 0.342613
outputs matrix:
 0.026885 0.224138 0.664904
error matrix:
 -0.026885 -0.224138 0.335096
delta matrix:
 -0.00140674 -0.0779551 0.149323
weights_delta matrix:
 -9.16719e-05 -0.00508003 0.00973082
 -7.75851e-05 -0.0042994 0.00823552
 -9.88691e-05 -0.00547886 0.0104948
 -0.000111484 -0.0061779 0.0118338
 -0.000140674 -0.00779551 0.0149323
weights matrix:
 -0.926449 0.00409137 0.101232
 1.75221 -2.02644 -0.418737
 -2.20083 0.801255 1.82033
 -1.8342 -0.686349 2.33536
 0.842863 0.452671 -2.57997
regression_error on 'test' 0.0820987
classification_error on 'test' 0.157895
Save,2740,0.0820987,0.157895
sample_count 75 Sample index 50
 i 0:0.489992 i 1:0.833841 i 2:0.113105 i 3:0.135476 bias 1
 test_print 2.57241
net matrix:
 1.35256 -1.23741 -2.35726
outputs matrix:
 0.937329 0.0776418 0.00888457
error matrix:
 0.0626714 -0.0776418 -0.00888457
delta matrix:
 0.0073631 -0.0111204 -0.000156468
weights_delta matrix:
 0.000360786 -0.000544891 -7.66683e-06
 0.000613965 -0.000927265 -1.3047e-05
 8.32803e-05 -0.000125777 -1.76974e-06
 9.97523e-05 -0.000150655 -2.11977e-06
 0.00073631 -0.00111204 -1.56468e-05
weights matrix:
 -0.926088 0.00354648 0.101224
 1.75283 -2.02737 -0.41875
 -2.20075 0.801129 1.82033
 -1.8341 -0.6865 2.33536
 0.8436 0.451559 -2.57999
regression_error on 'test' 0.0820991
classification_error on 'test' 0.157895
Save,2741,0.0820991,0.157895
sample_count 75 Sample index 28
 i 0:0.305227 i 1:0.551523 i 2:0.113105 i 3:0.135476 bias 1
 test_print 2.10533
net matrix:
 1.03027 -0.667893 -2.25777
outputs matrix:
 0.887008 0.208204 0.0108194
error matrix:
 0.112992 -0.208204 -0.0108194
delta matrix:
 0.0226494 -0.068647 -0.000231584
weights_delta matrix:
 0.000691321 -0.00209529 -7.06856e-06
 0.00124917 -0.00378604 -1.27724e-05
 0.000256176 -0.000776431 -2.61933e-06
 0.000306845 -0.000930002 -3.1374e-06
 0.00226494 -0.0068647 -2.31584e-05
weights matrix:
 -0.925397 0.00145119 0.101217
 1.75408 -2.03116 -0.418763
 -2.20049 0.800352 1.82033
 -1.83379 -0.68743 2.33535
 0.845865 0.444694 -2.58001
regression_error on 'test' 0.0821144
classification_error on 'test' 0.157895
Save,2742,0.0821144,0.157895
sample_count 75 Sample index 63
 i 0:0.420705 i 1:0.904421 i 2:0.143347 i 3:0.135476 bias 1
 test_print 2.60395
net matrix:
 1.4791 -1.37012 -2.33885
outputs matrix:
 0.95065 0.0606404 0.00921476
error matrix:
 0.0493502 -0.0606404 -0.00921476
delta matrix:
 0.00463051 -0.00690854 -0.000168259
weights_delta matrix:
 0.000194808 -0.000290646 -7.07873e-06
 0.000418793 -0.000624823 -1.52177e-05
 6.6377e-05 -9.90318e-05 -2.41194e-06
 6.27323e-05 -9.35941e-05 -2.2795e-06
 0.000463051 -0.000690854 -1.68259e-05
weights matrix:
 -0.925202 0.00116054 0.10121
 1.7545 -2.03178 -0.418778
 -2.20043 0.800253 1.82032
 -1.83373 -0.687523 2.33535
 0.846328 0.444003 -2.58003
regression_error on 'test' 0.0821162
classification_error on 'test' 0.157895
Save,2743,0.0821162,0.157895
sample_count 75 Sample index 58
 i 0:0.282131 i 1:0.516233 i 2:0.158468 i 3:0.0989754 bias 1
 test_print 2.05581
net matrix:
 0.960837 -0.545775 -2.24806
outputs matrix:
 0.872325 0.251326 0.0110293
error matrix:
 0.127675 -0.251326 -0.0110293
delta matrix:
 0.0284393 -0.0945799 -0.000240606
weights_delta matrix:
 0.000802362 -0.00266839 -6.78824e-06
 0.00146813 -0.00488253 -1.24209e-05
 0.000450672 -0.00149879 -3.81283e-06
 0.000281479 -0.000936108 -2.38141e-06
 0.00284393 -0.00945799 -2.40606e-05
weights matrix:
 -0.9244 -0.00150785 0.101203
 1.75596 -2.03666 -0.418791
 -2.19998 0.798755 1.82032
 -1.83345 -0.688459 2.33535
 0.849172 0.434545 -2.58005
regression_error on 'test' 0.0821567
classification_error on 'test' 0.157895
Save,2744,0.0821567,0.157895
sample_count 75 Sample index 6
 i 0:0.305227 i 1:0.657392 i 2:0.128226 i 3:0.171977 bias 1
 test_print 2.26282
net matrix:
 1.12397 -0.92078 -2.18943
outputs matrix:
 0.904473 0.136867 0.0123842
error matrix:
 0.0955269 -0.136867 -0.0123842
delta matrix:
 0.0165073 -0.0323374 -0.00030294
weights_delta matrix:
 0.000503848 -0.000987025 -9.24655e-06
 0.00108518 -0.00212583 -1.9915e-05
 0.000211667 -0.000414649 -3.88448e-06
 0.000283888 -0.000556129 -5.20987e-06
 0.00165073 -0.00323374 -3.0294e-05
weights matrix:
 -0.923896 -0.00249488 0.101194
 1.75705 -2.03879 -0.418811
 -2.19976 0.79834 1.82032
 -1.83316 -0.689016 2.33534
 0.850822 0.431312 -2.58008
regression_error on 'test' 0.0821748
classification_error on 'test' 0.157895
Save,2745,0.0821748,0.157895
sample_count 75 Sample index 35
 i 0:0.189749 i 1:0.233915 i 2:0.128226 i 3:0.171977 bias 1
 test_print 1.72387
net matrix:
 0.489186 -0.0621922 -2.02381
outputs matrix:
 0.726785 0.468944 0.0171641
error matrix:
 0.273215 -0.468944 -0.0171641
delta matrix:
 0.108504 -0.233567 -0.0005791
weights_delta matrix:
 0.00205885 -0.00443192 -1.09884e-05
 0.00253807 -0.00546349 -1.3546e-05
 0.0013913 -0.00299494 -7.42556e-06
 0.00186602 -0.00401682 -9.95918e-06
 0.0108504 -0.0233567 -5.791e-05
weights matrix:
 -0.921837 -0.00692679 0.101183
 1.75959 -2.04425 -0.418824
 -2.19837 0.795345 1.82031
 -1.8313 -0.693032 2.33533
 0.861673 0.407955 -2.58014
regression_error on 'test' 0.0823466
classification_error on 'test' 0.157895
Save,2746,0.0823466,0.157895
sample_count 75 Sample index 44
 i 0:0.536183 i 1:0.375074 i 2:0.702823 i 3:0.646491 bias 1
 test_print 3.26057
net matrix:
 -1.70161 -0.251558 0.106148
outputs matrix:
 0.0321951 0.376809 0.552876
error matrix:
 -0.0321951 0.623191 -0.552876
delta matrix:
 -0.00200631 0.29268 -0.273346
weights_delta matrix:
 -0.000107575 0.015693 -0.0146564
 -7.52514e-05 0.0109777 -0.0102525
 -0.000141008 0.0205703 -0.0192114
 -0.000129706 0.0189215 -0.0176716
 -0.000200631 0.029268 -0.0273346
weights matrix:
 -0.921945 0.00876623 0.0865265
 1.75951 -2.03328 -0.429077
 -2.19851 0.815915 1.8011
 -1.83143 -0.674111 2.31766
 0.861472 0.437223 -2.60748
regression_error on 'test' 0.082562
classification_error on 'test' 0.157895
Save,2747,0.082562,0.157895
sample_count 75 Sample index 18
 i 0:0.513088 i 1:0.480944 i 2:0.566734 i 3:0.60999 bias 1
 test_print 3.17076
net matrix:
 -1.12846 -0.484965 -0.334948
outputs matrix:
 0.0947537 0.274894 0.33852
error matrix:
 -0.0947537 0.725106 -0.33852
delta matrix:
 -0.0162551 0.289067 -0.151606
weights_delta matrix:
 -0.000834028 0.0148317 -0.0077787
 -0.000781778 0.0139025 -0.00729138
 -0.00092123 0.0163824 -0.00859201
 -0.000991543 0.0176328 -0.00924779
 -0.00162551 0.0289067 -0.0151606
weights matrix:
 -0.922779 0.0235979 0.0787478
 1.75873 -2.01937 -0.436368
 -2.19943 0.832298 1.79251
 -1.83242 -0.656478 2.30841
 0.859846 0.46613 -2.62264
regression_error on 'test' 0.0831848
classification_error on 'test' 0.157895
Save,2748,0.0831848,0.157895
sample_count 75 Sample index 0
 i 0:0.282131 i 1:0.269205 i 2:0.430645 i 3:0.427485 bias 1
 test_print 2.40947
net matrix:
 -0.657545 0.00695227 -0.959146
outputs matrix:
 0.211636 0.503476 0.128052
error matrix:
 -0.211636 0.496524 -0.128052
delta matrix:
 -0.0706215 0.24825 -0.0285953
weights_delta matrix:
 -0.00199245 0.0070039 -0.000806761
 -0.00190117 0.00668301 -0.000769799
 -0.00304128 0.0106908 -0.00123144
 -0.00301896 0.0106123 -0.00122241
 -0.00706215 0.024825 -0.00285953
weights matrix:
 -0.924771 0.0306018 0.0779411
 1.75683 -2.01269 -0.437138
 -2.20248 0.842988 1.79127
 -1.83544 -0.645866 2.30719
 0.852784 0.490955 -2.6255
regression_error on 'test' 0.0836592
classification_error on 'test' 0.105263
Save,2749,0.0836592,0.105263
sample_count 75 Sample index 4
 i 0:0.212844 i 1:0.516233 i 2:0.158468 i 3:0.135476 bias 1
 test_print 2.02302
net matrix:
 0.965206 -0.495462 -2.23814
outputs matrix:
 0.873295 0.27073 0.0112476
error matrix:
 0.126705 -0.27073 -0.0112476
delta matrix:
 0.02804 -0.106903 -0.000250173
weights_delta matrix:
 0.000596814 -0.00227537 -5.32477e-06
 0.00144752 -0.00551869 -1.29147e-05
 0.000444344 -0.00169407 -3.96443e-06
 0.000379875 -0.00144828 -3.38924e-06
 0.002804 -0.0106903 -2.50173e-05
weights matrix:
 -0.924174 0.0283264 0.0779357
 1.75828 -2.01821 -0.437151
 -2.20203 0.841294 1.79127
 -1.83506 -0.647314 2.30719
 0.855588 0.480264 -2.62552
regression_error on 'test' 0.0835062
classification_error on 'test' 0.157895
Save,2750,0.0835062,0.157895
sample_count 75 Sample index 46
 i 0:0.928809 i 1:0.480944 i 2:0.854032 i 3:0.901998 bias 1
 test_print 4.16578
net matrix:
 -2.69298 -0.329455 0.847502
outputs matrix:
 0.00455953 0.340985 0.844881
error matrix:
 -0.00455953 -0.340985 0.155119
delta matrix:
 -4.13891e-05 -0.153248 0.0406588
weights_delta matrix:
 -3.84426e-06 -0.0142338 0.00377642
 -1.99058e-06 -0.00737037 0.00195546
 -3.53476e-06 -0.0130879 0.00347239
 -3.73329e-06 -0.0138229 0.00366741
 -4.13891e-06 -0.0153248 0.00406588
weights matrix:
 -0.924178 0.0140926 0.0817122
 1.75828 -2.02558 -0.435195
 -2.20203 0.828206 1.79474
 -1.83506 -0.661137 2.31086
 0.855584 0.46494 -2.62146
regression_error on 'test' 0.0829664
classification_error on 'test' 0.157895
Save,2751,0.0829664,0.157895
sample_count 75 Sample index 69
 i 0:0.628566 i 1:0.445654 i 2:0.581855 i 3:0.536988 bias 1
 test_print 3.19306
net matrix:
 -1.20841 -0.302036 -0.478859
outputs matrix:
 0.081899 0.353412 0.277335
error matrix:
 -0.081899 0.646588 -0.277335
delta matrix:
 -0.0123162 0.295506 -0.111167
weights_delta matrix:
 -0.000774155 0.0185745 -0.00698761
 -0.000548877 0.0131693 -0.00495422
 -0.000716625 0.0171942 -0.00646833
 -0.000661366 0.0158683 -0.00596956
 -0.00123162 0.0295506 -0.0111167
weights matrix:
 -0.924952 0.0326671 0.0747245
 1.75773 -2.01241 -0.44015
 -2.20275 0.845401 1.78827
 -1.83572 -0.645269 2.30489
 0.854353 0.49449 -2.63257
regression_error on 'test' 0.0839197
classification_error on 'test' 0.105263
Save,2752,0.0839197,0.105263
sample_count 75 Sample index 26
 i 0:0.489992 i 1:0.339785 i 2:0.536492 i 3:0.500487 bias 1
 test_print 2.86676
net matrix:
 -1.10213 -0.0426878 -0.632553
outputs matrix:
 0.0993684 0.478669 0.220096
error matrix:
 -0.0993684 0.521331 -0.220096
delta matrix:
 -0.0177858 0.260191 -0.0755606
weights_delta matrix:
 -0.000871491 0.0127492 -0.00370241
 -0.000604336 0.0088409 -0.00256744
 -0.000954195 0.013959 -0.00405377
 -0.000890157 0.0130222 -0.00378171
 -0.00177858 0.0260191 -0.00755606
weights matrix:
 -0.925824 0.0454163 0.0710221
 1.75712 -2.00357 -0.442717
 -2.20371 0.85936 1.78422
 -1.83661 -0.632246 2.3011
 0.852574 0.520509 -2.64013
regression_error on 'test' 0.0850231
classification_error on 'test' 0.0789474
Save,2753,0.0850231,0.0789474
sample_count 75 Sample index 48
 i 0:0.744044 i 1:0.516233 i 2:0.748185 i 3:0.828996 bias 1
 test_print 3.83746
net matrix:
 -2.10052 -0.361177 0.426704
outputs matrix:
 0.0147589 0.326875 0.701281
error matrix:
 -0.0147589 -0.326875 0.298719
delta matrix:
 -0.000429223 -0.143843 0.125155
weights_delta matrix:
 -3.19361e-05 -0.0107025 0.00931205
 -2.21579e-05 -0.00742565 0.00646089
 -3.21138e-05 -0.0107621 0.00936388
 -3.55824e-05 -0.0119245 0.0103753
 -4.29223e-05 -0.0143843 0.0125155
weights matrix:
 -0.925856 0.0347137 0.0803342
 1.7571 -2.01099 -0.436256
 -2.20374 0.848598 1.79358
 -1.83665 -0.644171 2.31148
 0.852531 0.506125 -2.62761
regression_error on 'test' 0.083854
classification_error on 'test' 0.105263
Save,2754,0.083854,0.105263
sample_count 75 Sample index 3
 i 0:0.744044 i 1:0.516233 i 2:0.672581 i 3:0.60999 bias 1
 test_print 3.54285
net matrix:
 -1.5318 -0.328376 -0.17674
outputs matrix:
 0.0446338 0.34147 0.412539
error matrix:
 -0.0446338 0.65853 -0.412539
delta matrix:
 -0.00380651 0.296165 -0.199958
weights_delta matrix:
 -0.000283221 0.022036 -0.0148778
 -0.000196505 0.015289 -0.0103225
 -0.000256019 0.0199195 -0.0134488
 -0.000232193 0.0180658 -0.0121972
 -0.000380651 0.0296165 -0.0199958
weights matrix:
 -0.926139 0.0567497 0.0654564
 1.7569 -1.99571 -0.446579
 -2.20399 0.868517 1.78014
 -1.83688 -0.626105 2.29928
 0.85215 0.535742 -2.64761
regression_error on 'test' 0.0860299
classification_error on 'test' 0.0789474
Save,2755,0.0860299,0.0789474
sample_count 75 Sample index 10
 i 0:0.697853 i 1:0.304495 i 2:0.808669 i 3:0.719493 bias 1
 test_print 3.53051
net matrix:
 -2.36311 0.219527 0.355948
outputs matrix:
 0.00878203 0.608033 0.67082
error matrix:
 -0.00878203 -0.608033 0.32918
delta matrix:
 -0.000152893 -0.289824 0.14538
weights_delta matrix:
 -1.06697e-05 -0.0202254 0.0101454
 -4.65553e-06 -0.00882499 0.00442673
 -1.2364e-05 -0.0234371 0.0117564
 -1.10006e-05 -0.0208526 0.01046
 -1.52893e-05 -0.0289824 0.014538
weights matrix:
 -0.92615 0.0365243 0.0756018
 1.7569 -2.00453 -0.442152
 -2.20401 0.84508 1.79189
 -1.83689 -0.646958 2.30974
 0.852135 0.506759 -2.63307
regression_error on 'test' 0.0839956
classification_error on 'test' 0.105263
Save,2756,0.0839956,0.105263
sample_count 75 Sample index 37
 i 0:0.720948 i 1:0.551523 i 2:0.82379 i 3:0.901998 bias 1
 test_print 3.99826
net matrix:
 -2.31911 -0.45984 0.737103
outputs matrix:
 0.00958219 0.285023 0.813696
error matrix:
 -0.00958219 -0.285023 0.186304
delta matrix:
 -0.000181877 -0.116167 0.0564855
weights_delta matrix:
 -1.31124e-05 -0.00837503 0.00407231
 -1.00309e-05 -0.00640687 0.0031153
 -1.49829e-05 -0.00956971 0.00465322
 -1.64053e-05 -0.0104782 0.00509498
 -1.81877e-05 -0.0116167 0.00564855
weights matrix:
 -0.926163 0.0281493 0.0796741
 1.75689 -2.01094 -0.439037
 -2.20402 0.83551 1.79655
 -1.83691 -0.657436 2.31484
 0.852117 0.495142 -2.62742
regression_error on 'test' 0.083346
classification_error on 'test' 0.157895
Save,2757,0.083346,0.157895
sample_count 75 Sample index 37
 i 0:0.720948 i 1:0.551523 i 2:0.82379 i 3:0.901998 bias 1
 test_print 3.99826
net matrix:
 -2.31917 -0.498363 0.755835
outputs matrix:
 0.00958105 0.269586 0.819309
error matrix:
 -0.00958105 -0.269586 0.180691
delta matrix:
 -0.000181834 -0.106168 0.0534999
weights_delta matrix:
 -1.31093e-05 -0.00765415 0.00385706
 -1.00286e-05 -0.0058554 0.00295064
 -1.49793e-05 -0.008746 0.00440727
 -1.64014e-05 -0.00957632 0.00482568
 -1.81834e-05 -0.0106168 0.00534999
weights matrix:
 -0.926176 0.0204951 0.0835312
 1.75688 -2.01679 -0.436086
 -2.20404 0.826764 1.80095
 -1.83692 -0.667012 2.31966
 0.852099 0.484526 -2.62207
regression_error on 'test' 0.0828697
classification_error on 'test' 0.157895
Save,2758,0.0828697,0.157895
sample_count 75 Sample index 68
 i 0:0.305227 i 1:0.657392 i 2:0.173589 i 3:0.281481 bias 1
 test_print 2.41769
net matrix:
 0.824708 -0.879276 -1.91769
outputs matrix:
 0.838812 0.146972 0.0211368
error matrix:
 0.161188 -0.146972 -0.0211368
delta matrix:
 0.0435873 -0.036852 -0.00087464
weights_delta matrix:
 0.0013304 -0.00112482 -2.66964e-05
 0.0028654 -0.00242262 -5.74981e-05
 0.000756628 -0.00063971 -1.51828e-05
 0.0012269 -0.00103731 -2.46195e-05
 0.00435873 -0.0036852 -8.7464e-05
weights matrix:
 -0.924846 0.0193703 0.0835045
 1.75974 -2.01922 -0.436143
 -2.20328 0.826125 1.80094
 -1.8357 -0.66805 2.31964
 0.856457 0.48084 -2.62216
regression_error on 'test' 0.0828266
classification_error on 'test' 0.157895
Save,2759,0.0828266,0.157895
sample_count 75 Sample index 2
 i 0:0.466896 i 1:0.480944 i 2:0.566734 i 3:0.500487 bias 1
 test_print 3.01506
net matrix:
 -0.896426 -0.347403 -0.611331
outputs matrix:
 0.142723 0.332965 0.227468
error matrix:
 -0.142723 0.667035 -0.227468
delta matrix:
 -0.0349254 0.296296 -0.0799445
weights_delta matrix:
 -0.00163065 0.0138339 -0.00373257
 -0.00167971 0.0142502 -0.00384488
 -0.00197934 0.0167921 -0.00453072
 -0.00174797 0.0148292 -0.00400112
 -0.00349254 0.0296296 -0.00799445
weights matrix:
 -0.926476 0.0332042 0.0797719
 1.75806 -2.00497 -0.439988
 -2.20526 0.842917 1.79641
 -1.83744 -0.65322 2.31564
 0.852965 0.51047 -2.63015
regression_error on 'test' 0.0836983
classification_error on 'test' 0.105263
Save,2760,0.0836983,0.105263
sample_count 75 Sample index 61
 i 0:0.697853 i 1:0.480944 i 2:0.687702 i 3:0.682992 bias 1
 test_print 3.54949
net matrix:
 -1.71957 -0.297103 0.0308596
outputs matrix:
 0.0310944 0.35567 0.515425
error matrix:
 -0.0310944 0.64433 -0.515425
delta matrix:
 -0.0018736 0.295321 -0.257467
weights_delta matrix:
 -0.00013075 0.020609 -0.0179674
 -9.01096e-05 0.0142033 -0.0123827
 -0.000128848 0.0203093 -0.0177061
 -0.000127965 0.0201702 -0.0175848
 -0.00018736 0.0295321 -0.0257467
weights matrix:
 -0.926607 0.0538133 0.0618045
 1.75797 -1.99076 -0.452371
 -2.20539 0.863226 1.7787
 -1.83757 -0.63305 2.29805
 0.852778 0.540002 -2.6559
regression_error on 'test' 0.0861537
classification_error on 'test' 0.0789474
Save,2761,0.0861537,0.0789474
sample_count 75 Sample index 38
 i 0:0.397609 i 1:0.798551 i 2:0.128226 i 3:0.208478 bias 1
 test_print 2.53286
net matrix:
 1.2223 -1.04962 -2.2854
outputs matrix:
 0.920166 0.109172 0.0102437
error matrix:
 0.0798342 -0.109172 -0.0102437
delta matrix:
 0.0117293 -0.0212346 -0.000207716
weights_delta matrix:
 0.000466369 -0.000844305 -8.25898e-06
 0.000936648 -0.00169569 -1.65872e-05
 0.000150401 -0.000272282 -2.66346e-06
 0.000244531 -0.000442694 -4.33043e-06
 0.00117293 -0.00212346 -2.07716e-05
weights matrix:
 -0.926141 0.052969 0.0617962
 1.75891 -1.99246 -0.452388
 -2.20524 0.862954 1.7787
 -1.83733 -0.633493 2.29805
 0.853951 0.537879 -2.65592
regression_error on 'test' 0.086072
classification_error on 'test' 0.0789474
Save,2762,0.086072,0.0789474
sample_count 75 Sample index 7
 i 0:0.651661 i 1:0.410364 i 2:0.627218 i 3:0.60999 bias 1
 test_print 3.29923
net matrix:
 -1.5317 -0.0904009 -0.283877
outputs matrix:
 0.0446423 0.454922 0.361755
error matrix:
 -0.0446423 0.545078 -0.361755
delta matrix:
 -0.00380794 0.270324 -0.16705
weights_delta matrix:
 -0.000248149 0.0176159 -0.010886
 -0.000156264 0.0110931 -0.00685514
 -0.000238841 0.0169552 -0.0104777
 -0.00023228 0.0164895 -0.0101899
 -0.000380794 0.0270324 -0.016705
weights matrix:
 -0.926389 0.0705849 0.0509102
 1.75875 -1.98136 -0.459243
 -2.20548 0.879909 1.76822
 -1.83756 -0.617003 2.28786
 0.85357 0.564911 -2.67263
regression_error on 'test' 0.0886438
classification_error on 'test' 0.0789474
Save,2763,0.0886438,0.0789474
sample_count 75 Sample index 65
 i 0:0.928809 i 1:0.410364 i 2:0.944758 i 3:0.792495 bias 1
 test_print 4.07643
net matrix:
 -2.82504 0.159719 0.669859
outputs matrix:
 0.00350493 0.579187 0.792444
error matrix:
 -0.00350493 -0.579187 0.207556
delta matrix:
 -2.44829e-05 -0.28233 0.0682764
weights_delta matrix:
 -2.274e-06 -0.0262231 0.00634157
 -1.00469e-06 -0.0115858 0.00280182
 -2.31304e-06 -0.0266733 0.00645047
 -1.94026e-06 -0.0223745 0.00541087
 -2.44829e-06 -0.028233 0.00682764
weights matrix:
 -0.926391 0.0443619 0.0572518
 1.75875 -1.99295 -0.456441
 -2.20548 0.853235 1.77467
 -1.83756 -0.639378 2.29327
 0.853567 0.536678 -2.6658
regression_error on 'test' 0.0860955
classification_error on 'test' 0.0789474
Save,2764,0.0860955,0.0789474
sample_count 75 Sample index 64
 i 0:0.282131 i 1:0.516233 i 2:0.158468 i 3:0.0989754 bias 1
 test_print 2.05581
net matrix:
 0.968759 -0.407705 -2.37707
outputs matrix:
 0.874079 0.306739 0.00854234
error matrix:
 0.125921 -0.306739 -0.00854234
delta matrix:
 0.0277189 -0.130456 -0.000144697
weights_delta matrix:
 0.000782035 -0.00368057 -4.08234e-06
 0.00143094 -0.00673457 -7.46971e-06
 0.000439255 -0.00206731 -2.29298e-06
 0.000274348 -0.00129119 -1.43214e-06
 0.00277189 -0.0130456 -1.44697e-05
weights matrix:
 -0.925609 0.0406813 0.0572477
 1.76018 -1.99969 -0.456448
 -2.20504 0.851168 1.77467
 -1.83729 -0.640669 2.29327
 0.856339 0.523632 -2.66581
regression_error on 'test' 0.08574
classification_error on 'test' 0.0789474
Save,2765,0.08574,0.0789474
sample_count 75 Sample index 69
 i 0:0.628566 i 1:0.445654 i 2:0.581855 i 3:0.536988 bias 1
 test_print 3.19306
net matrix:
 -1.21065 -0.19074 -0.56919
outputs matrix:
 0.0815631 0.40577 0.242618
error matrix:
 -0.0815631 0.59423 -0.242618
delta matrix:
 -0.0122199 0.286562 -0.0891641
weights_delta matrix:
 -0.000768099 0.0180123 -0.00560456
 -0.000544583 0.0127708 -0.00397364
 -0.000711019 0.0166738 -0.00518806
 -0.000656192 0.0153881 -0.00478801
 -0.00122199 0.0286562 -0.00891641
weights matrix:
 -0.926377 0.0586936 0.0516431
 1.75964 -1.98691 -0.460422
 -2.20575 0.867842 1.76948
 -1.83794 -0.625281 2.28848
 0.855117 0.552289 -2.67473
regression_error on 'test' 0.0876519
classification_error on 'test' 0.0789474
Save,2766,0.0876519,0.0789474
sample_count 75 Sample index 4
 i 0:0.212844 i 1:0.516233 i 2:0.158468 i 3:0.135476 bias 1
 test_print 2.02302
net matrix:
 0.96779 -0.408115 -2.31098
outputs matrix:
 0.873866 0.306565 0.0097377
error matrix:
 0.126134 -0.306565 -0.0097377
delta matrix:
 0.0278062 -0.130341 -0.000187799
weights_delta matrix:
 0.000591838 -0.00277422 -3.99718e-06
 0.00143545 -0.00672861 -9.69479e-06
 0.000440639 -0.00206548 -2.97601e-06
 0.000376707 -0.0017658 -2.54422e-06
 0.00278062 -0.0130341 -1.87799e-05
weights matrix:
 -0.925785 0.0559194 0.0516391
 1.76108 -1.99364 -0.460432
 -2.20531 0.865776 1.76948
 -1.83757 -0.627047 2.28848
 0.857898 0.539255 -2.67475
regression_error on 'test' 0.0871933
classification_error on 'test' 0.0789474
Save,2767,0.0871933,0.0789474
sample_count 75 Sample index 33
 i 0:0.559279 i 1:0.480944 i 2:0.672581 i 3:0.719493 bias 1
 test_print 3.4323
net matrix:
 -1.61826 -0.257153 -0.0306495
outputs matrix:
 0.0378142 0.374185 0.48468
error matrix:
 -0.0378142 -0.374185 0.51532
delta matrix:
 -0.00275168 -0.175246 0.257418
weights_delta matrix:
 -0.000153896 -0.00980115 0.0143969
 -0.000132341 -0.00842836 0.0123804
 -0.000185073 -0.0117867 0.0173135
 -0.000197982 -0.0126088 0.0185211
 -0.000275168 -0.0175246 0.0257418
weights matrix:
 -0.925939 0.0461182 0.066036
 1.76094 -2.00207 -0.448051
 -2.20549 0.85399 1.78679
 -1.83777 -0.639656 2.307
 0.857623 0.52173 -2.64901
regression_error on 'test' 0.0849421
classification_error on 'test' 0.0789474
Save,2768,0.0849421,0.0789474
sample_count 75 Sample index 42
 i 0:0.651661 i 1:0.551523 i 2:0.702823 i 3:0.792495 bias 1
 test_print 3.6985
net matrix:
 -1.78107 -0.459125 0.230998
outputs matrix:
 0.0275951 0.285314 0.613488
error matrix:
 -0.0275951 -0.285314 0.386512
delta matrix:
 -0.00148095 -0.116357 0.1833
weights_delta matrix:
 -9.65079e-05 -0.00758253 0.011945
 -8.16779e-05 -0.00641736 0.0101094
 -0.000104085 -0.00817784 0.0128828
 -0.000117365 -0.00922123 0.0145264
 -0.000148095 -0.0116357 0.01833
weights matrix:
 -0.926036 0.0385357 0.0779809
 1.76086 -2.00849 -0.437942
 -2.2056 0.845812 1.79967
 -1.83788 -0.648877 2.32152
 0.857475 0.510094 -2.63068
regression_error on 'test' 0.0837182
classification_error on 'test' 0.105263
Save,2769,0.0837182,0.105263
sample_count 75 Sample index 58
 i 0:0.282131 i 1:0.516233 i 2:0.158468 i 3:0.0989754 bias 1
 test_print 2.05581
net matrix:
 0.973804 -0.446071 -2.31979
outputs matrix:
 0.875186 0.290668 0.00956927
error matrix:
 0.124814 -0.290668 -0.00956927
delta matrix:
 0.0272684 -0.11986 -0.000181389
weights_delta matrix:
 0.000769326 -0.00338162 -5.11756e-06
 0.00140768 -0.00618757 -9.36392e-06
 0.000432117 -0.0018994 -2.87444e-06
 0.00026989 -0.00118632 -1.79531e-06
 0.00272684 -0.011986 -1.81389e-05
weights matrix:
 -0.925266 0.0351541 0.0779758
 1.76227 -2.01468 -0.437951
 -2.20517 0.843912 1.79967
 -1.83761 -0.650063 2.32152
 0.860201 0.498108 -2.63069
regression_error on 'test' 0.0834943
classification_error on 'test' 0.105263
Save,2770,0.0834943,0.105263
sample_count 75 Sample index 0
 i 0:0.282131 i 1:0.269205 i 2:0.430645 i 3:0.427485 bias 1
 test_print 2.40947
net matrix:
 -0.661629 0.0511998 -0.959159
outputs matrix:
 0.210277 0.525578 0.128049
error matrix:
 -0.210277 0.474422 -0.128049
delta matrix:
 -0.0698373 0.23659 -0.0285941
weights_delta matrix:
 -0.00197033 0.00667495 -0.000806728
 -0.00188006 0.00636913 -0.000769768
 -0.00300751 0.0101887 -0.00123139
 -0.00298544 0.0101139 -0.00122236
 -0.00698373 0.023659 -0.00285941
weights matrix:
 -0.927237 0.041829 0.0771691
 1.76039 -2.00831 -0.438721
 -2.20817 0.854101 1.79844
 -1.8406 -0.639949 2.3203
 0.853218 0.521767 -2.63355
regression_error on 'test' 0.0841889
classification_error on 'test' 0.0789474
Save,2771,0.0841889,0.0789474
sample_count 75 Sample index 17
 i 0:0.443801 i 1:0.304495 i 2:0.521371 i 3:0.463986 bias 1
 test_print 2.73365
net matrix:
 -1.02755 0.0771876 -0.718654
outputs matrix:
 0.113538 0.538517 0.191963
error matrix:
 -0.113538 0.461483 -0.191963
delta matrix:
 -0.0228545 0.229372 -0.0595518
weights_delta matrix:
 -0.00101429 0.0101796 -0.00264291
 -0.000695908 0.00698426 -0.00181332
 -0.00119157 0.0119588 -0.00310486
 -0.00106042 0.0106425 -0.00276312
 -0.00228545 0.0229372 -0.00595518
weights matrix:
 -0.928251 0.0520086 0.0745262
 1.75969 -2.00132 -0.440534
 -2.20937 0.86606 1.79533
 -1.84166 -0.629307 2.31754
 0.850932 0.544705 -2.63951
regression_error on 'test' 0.0852805
classification_error on 'test' 0.0789474
Save,2772,0.0852805,0.0789474
sample_count 75 Sample index 63
 i 0:0.420705 i 1:0.904421 i 2:0.143347 i 3:0.135476 bias 1
 test_print 2.60395
net matrix:
 1.48571 -1.20456 -2.43526
outputs matrix:
 0.951266 0.0824795 0.00761104
error matrix:
 0.0487339 -0.0824795 -0.00761104
delta matrix:
 0.0045185 -0.0124835 -0.000114974
weights_delta matrix:
 0.000190096 -0.000525189 -4.83701e-06
 0.000408663 -0.00112904 -1.03985e-05
 6.47713e-05 -0.000178948 -1.64812e-06
 6.12148e-05 -0.000169122 -1.55762e-06
 0.00045185 -0.00124835 -1.14974e-05
weights matrix:
 -0.928061 0.0514834 0.0745213
 1.7601 -2.00245 -0.440545
 -2.2093 0.865881 1.79533
 -1.8416 -0.629476 2.31754
 0.851384 0.543456 -2.63952
regression_error on 'test' 0.0852312
classification_error on 'test' 0.0789474
Save,2773,0.0852312,0.0789474
sample_count 75 Sample index 40
 i 0:0.328323 i 1:0.763262 i 2:0.158468 i 3:0.171977 bias 1
 test_print 2.42203
net matrix:
 1.22328 -0.939077 -2.26824
outputs matrix:
 0.92031 0.132601 0.0105975
error matrix:
 0.07969 -0.132601 -0.0105975
delta matrix:
 0.0116888 -0.030503 -0.000222236
weights_delta matrix:
 0.000383772 -0.00100148 -7.29651e-06
 0.000892165 -0.00232818 -1.69624e-05
 0.000185231 -0.000483375 -3.52172e-06
 0.000201021 -0.000524582 -3.82194e-06
 0.00116888 -0.0030503 -2.22236e-05
weights matrix:
 -0.927677 0.0504819 0.0745141
 1.76099 -2.00478 -0.440562
 -2.20912 0.865398 1.79533
 -1.8414 -0.630001 2.31753
 0.852553 0.540406 -2.63954
regression_error on 'test' 0.0851189
classification_error on 'test' 0.0789474
Save,2774,0.0851189,0.0789474
sample_count 75 Sample index 52
 i 0:0.443801 i 1:0.410364 i 2:0.672581 i 3:0.792495 bias 1
 test_print 3.31924
net matrix:
 -1.78161 -0.177102 0.256873
outputs matrix:
 0.027566 0.412363 0.625684
error matrix:
 -0.027566 -0.412363 0.374316
delta matrix:
 -0.00147788 -0.199848 0.175332
weights_delta matrix:
 -6.55884e-05 -0.00886926 0.00778126
 -6.06468e-05 -0.00820102 0.007195
 -9.93993e-05 -0.0134414 0.0117925
 -0.000117121 -0.0158378 0.013895
 -0.000147788 -0.0199848 0.0175332
weights matrix:
 -0.927743 0.0416127 0.0822953
 1.76093 -2.01298 -0.433367
 -2.20921 0.851956 1.80712
 -1.84151 -0.645838 2.33143
 0.852405 0.520421 -2.62201
regression_error on 'test' 0.0836816
classification_error on 'test' 0.105263
Save,2775,0.0836816,0.105263
sample_count 75 Sample index 69
 i 0:0.628566 i 1:0.445654 i 2:0.581855 i 3:0.536988 bias 1
 test_print 3.19306
net matrix:
 -1.22029 -0.201608 -0.459982
outputs matrix:
 0.0801303 0.40054 0.284965
error matrix:
 -0.0801303 0.59946 -0.284965
delta matrix:
 -0.0118127 0.28787 -0.116129
weights_delta matrix:
 -0.000742508 0.0180945 -0.00729947
 -0.000526439 0.012829 -0.00517533
 -0.00068733 0.0167499 -0.00675702
 -0.000634329 0.0154583 -0.00623599
 -0.00118127 0.028787 -0.0116129
weights matrix:
 -0.928485 0.0597072 0.0749958
 1.76041 -2.00015 -0.438542
 -2.2099 0.868706 1.80036
 -1.84215 -0.63038 2.32519
 0.851224 0.549208 -2.63362
regression_error on 'test' 0.0853046
classification_error on 'test' 0.0789474
Save,2776,0.0853046,0.0789474
sample_count 75 Sample index 52
 i 0:0.443801 i 1:0.410364 i 2:0.672581 i 3:0.792495 bias 1
 test_print 3.31924
net matrix:
 -1.78466 -0.160382 0.273292
outputs matrix:
 0.0274028 0.42049 0.633343
error matrix:
 -0.0274028 -0.42049 0.366657
delta matrix:
 -0.00146067 -0.204928 0.17029
weights_delta matrix:
 -6.48248e-05 -0.00909473 0.00755749
 -5.99408e-05 -0.00840951 0.00698809
 -9.82421e-05 -0.0137831 0.0114534
 -0.000115758 -0.0162405 0.0134954
 -0.000146067 -0.0204928 0.017029
weights matrix:
 -0.92855 0.0506125 0.0825533
 1.76035 -2.00856 -0.431554
 -2.21 0.854923 1.81182
 -1.84226 -0.646621 2.33869
 0.851078 0.528715 -2.61659
regression_error on 'test' 0.0838274
classification_error on 'test' 0.105263
Save,2777,0.0838274,0.105263
sample_count 75 Sample index 21
 i 0:0.836426 i 1:0.445654 i 2:0.884274 i 3:0.719493 bias 1
 test_print 3.88585
net matrix:
 -2.42082 -0.0333275 0.544944
outputs matrix:
 0.00783224 0.483342 0.748361
error matrix:
 -0.00783224 -0.483342 0.251639
delta matrix:
 -0.000121727 -0.241403 0.0947758
weights_delta matrix:
 -1.01816e-05 -0.0201916 0.0079273
 -5.42482e-06 -0.0107582 0.00422372
 -1.0764e-05 -0.0213466 0.00838078
 -8.75818e-06 -0.0173688 0.00681906
 -1.21727e-05 -0.0241403 0.00947758
weights matrix:
 -0.92856 0.0304209 0.0904806
 1.76034 -2.01932 -0.42733
 -2.21001 0.833576 1.8202
 -1.84227 -0.663989 2.34551
 0.851066 0.504575 -2.60712
regression_error on 'test' 0.0826492
classification_error on 'test' 0.157895
Save,2778,0.0826492,0.157895
sample_count 75 Sample index 65
 i 0:0.928809 i 1:0.410364 i 2:0.944758 i 3:0.792495 bias 1
 test_print 4.07643
net matrix:
 -2.83693 -0.0345063 0.880011
outputs matrix:
 0.00342285 0.482754 0.853212
error matrix:
 -0.00342285 -0.482754 0.146788
delta matrix:
 -2.33516e-05 -0.24109 0.0367677
weights_delta matrix:
 -2.16892e-06 -0.0223926 0.00341501
 -9.58268e-07 -0.00989345 0.00150881
 -2.20617e-06 -0.0227771 0.00347365
 -1.85061e-06 -0.0191062 0.00291382
 -2.33516e-06 -0.024109 0.00367677
weights matrix:
 -0.928562 0.00802827 0.0938956
 1.76034 -2.02921 -0.425822
 -2.21001 0.810799 1.82367
 -1.84227 -0.683096 2.34842
 0.851063 0.480466 -2.60344
regression_error on 'test' 0.0820263
classification_error on 'test' 0.157895
Save,2779,0.0820263,0.157895
sample_count 75 Sample index 29
 i 0:0.420705 i 1:0.304495 i 2:0.536492 i 3:0.536988 bias 1
 test_print 2.79868
net matrix:
 -1.17851 -0.0658686 -0.454139
outputs matrix:
 0.08651 0.467113 0.287352
error matrix:
 -0.08651 0.532887 -0.287352
delta matrix:
 -0.0136731 0.265291 -0.117689
weights_delta matrix:
 -0.000575233 0.0111609 -0.00495122
 -0.000416338 0.00807797 -0.00358356
 -0.00073355 0.0142326 -0.0063139
 -0.000734228 0.0142458 -0.00631974
 -0.00136731 0.0265291 -0.0117689
weights matrix:
 -0.929138 0.0191892 0.0889444
 1.75992 -2.02114 -0.429405
 -2.21075 0.825032 1.81736
 -1.84301 -0.66885 2.3421
 0.849696 0.506995 -2.61521
regression_error on 'test' 0.0825199
classification_error on 'test' 0.157895
Save,2780,0.0825199,0.157895
sample_count 75 Sample index 25
 i 0:0.628566 i 1:0.410364 i 2:0.778427 i 3:0.865497 bias 1
 test_print 3.68285
net matrix:
 -2.32814 -0.247005 0.706248
outputs matrix:
 0.00941227 0.378949 0.804159
error matrix:
 -0.00941227 -0.378949 0.195841
delta matrix:
 -0.000175514 -0.178369 0.0616848
weights_delta matrix:
 -1.10322e-05 -0.0112117 0.00387729
 -7.20246e-06 -0.00731962 0.00253132
 -1.36625e-05 -0.0138847 0.00480171
 -1.51907e-05 -0.0154378 0.0053388
 -1.75514e-05 -0.0178369 0.00616848
weights matrix:
 -0.929149 0.00797751 0.0928217
 1.75992 -2.02846 -0.426874
 -2.21076 0.811147 1.82216
 -1.84302 -0.684288 2.34744
 0.849678 0.489158 -2.60904
regression_error on 'test' 0.0820578
classification_error on 'test' 0.157895
Save,2781,0.0820578,0.157895
sample_count 75 Sample index 36
 i 0:0.744044 i 1:0.516233 i 2:0.702823 i 3:0.901998 bias 1
 test_print 3.8651
net matrix:
 -2.1493 -0.599195 0.637698
outputs matrix:
 0.0134055 0.231762 0.781665
error matrix:
 -0.0134055 -0.231762 0.218335
delta matrix:
 -0.000354594 -0.0825296 0.0745241
weights_delta matrix:
 -2.63834e-05 -0.00614056 0.00554492
 -1.83053e-05 -0.00426045 0.00384718
 -2.49217e-05 -0.00580037 0.00523773
 -3.19843e-05 -0.00744415 0.00672206
 -3.54594e-05 -0.00825296 0.00745241
weights matrix:
 -0.929175 0.00183694 0.0983666
 1.7599 -2.03272 -0.423027
 -2.21079 0.805347 1.8274
 -1.84306 -0.691732 2.35416
 0.849643 0.480905 -2.60159
regression_error on 'test' 0.0818834
classification_error on 'test' 0.157895
Save,2782,0.0818834,0.157895
sample_count 75 Sample index 23
 i 0:0.975 i 1:0.763262 i 2:0.899395 i 3:0.792495 bias 1
 test_print 4.43015
net matrix:
 -2.16202 -0.892667 0.680653
outputs matrix:
 0.0130731 0.143646 0.795972
error matrix:
 -0.0130731 -0.143646 0.204028
delta matrix:
 -0.000337342 -0.0353402 0.0662686
weights_delta matrix:
 -3.28909e-05 -0.00344567 0.00646119
 -2.5748e-05 -0.00269738 0.00505803
 -3.03404e-05 -0.00317848 0.00596016
 -2.67342e-05 -0.00280069 0.00525175
 -3.37342e-05 -0.00353402 0.00662686
weights matrix:
 -0.929208 -0.00160872 0.104828
 1.75987 -2.03541 -0.417969
 -2.21082 0.802168 1.83336
 -1.84308 -0.694532 2.35941
 0.849609 0.477371 -2.59496
regression_error on 'test' 0.0818259
classification_error on 'test' 0.157895
Save,2783,0.0818259,0.157895
sample_count 75 Sample index 28
 i 0:0.305227 i 1:0.551523 i 2:0.113105 i 3:0.135476 bias 1
 test_print 2.10533
net matrix:
 1.03685 -0.64906 -2.26648
outputs matrix:
 0.888321 0.214482 0.0106346
error matrix:
 0.111679 -0.214482 -0.0106346
delta matrix:
 0.0221586 -0.0722714 -0.000223782
weights_delta matrix:
 0.00067634 -0.00220592 -6.83043e-06
 0.0012221 -0.00398593 -1.23421e-05
 0.000250625 -0.000817425 -2.53109e-06
 0.000300196 -0.000979104 -3.03171e-06
 0.00221586 -0.00722714 -2.23782e-05
weights matrix:
 -0.928532 -0.00381464 0.104821
 1.7611 -2.0394 -0.417981
 -2.21057 0.801351 1.83336
 -1.84278 -0.695512 2.35941
 0.851825 0.470144 -2.59498
regression_error on 'test' 0.0818273
classification_error on 'test' 0.157895
Save,2784,0.0818273,0.157895
sample_count 75 Sample index 61
 i 0:0.697853 i 1:0.480944 i 2:0.687702 i 3:0.682992 bias 1
 test_print 3.54949
net matrix:
 -1.72798 -0.437293 0.149401
outputs matrix:
 0.0305916 0.294301 0.57415
error matrix:
 -0.0305916 0.705699 -0.57415
delta matrix:
 -0.00181443 0.29313 -0.280761
weights_delta matrix:
 -0.000126621 0.0204562 -0.019593
 -8.72639e-05 0.0140979 -0.013503
 -0.000124779 0.0201586 -0.019308
 -0.000123924 0.0200206 -0.0191758
 -0.000181443 0.029313 -0.0280761
weights matrix:
 -0.928658 0.0166415 0.085228
 1.76101 -2.0253 -0.431484
 -2.21069 0.821509 1.81405
 -1.84291 -0.675491 2.34023
 0.851644 0.499457 -2.62306
regression_error on 'test' 0.082452
classification_error on 'test' 0.157895
Save,2785,0.082452,0.157895
sample_count 75 Sample index 4
 i 0:0.212844 i 1:0.516233 i 2:0.158468 i 3:0.135476 bias 1
 test_print 2.02302
net matrix:
 0.963082 -0.503858 -2.22315
outputs matrix:
 0.872824 0.267427 0.011586
error matrix:
 0.127176 -0.267427 -0.011586
delta matrix:
 0.0282336 -0.104783 -0.000265361
weights_delta matrix:
 0.000600935 -0.00223025 -5.64806e-06
 0.00145751 -0.00540926 -1.36988e-05
 0.000447412 -0.00166048 -4.20513e-06
 0.000382497 -0.00141956 -3.59501e-06
 0.00282336 -0.0104783 -2.65361e-05
weights matrix:
 -0.928057 0.0144113 0.0852223
 1.76247 -2.03071 -0.431498
 -2.21024 0.819849 1.81404
 -1.84252 -0.676911 2.34023
 0.854467 0.488979 -2.62309
regression_error on 'test' 0.0823638
classification_error on 'test' 0.157895
Save,2786,0.0823638,0.157895
sample_count 75 Sample index 38
 i 0:0.397609 i 1:0.798551 i 2:0.128226 i 3:0.208478 bias 1
 test_print 2.53286
net matrix:
 1.22535 -1.16291 -2.21328
outputs matrix:
 0.920612 0.0890067 0.0118143
error matrix:
 0.079388 -0.0890067 -0.0118143
delta matrix:
 0.0116042 -0.0144341 -0.000275858
weights_delta matrix:
 0.000461395 -0.000573914 -1.09684e-05
 0.000926658 -0.00115264 -2.20287e-05
 0.000148797 -0.000185083 -3.53722e-06
 0.000241923 -0.00030092 -5.75104e-06
 0.00116042 -0.00144341 -2.75858e-05
weights matrix:
 -0.927596 0.0138374 0.0852114
 1.76339 -2.03186 -0.43152
 -2.21009 0.819664 1.81404
 -1.84228 -0.677211 2.34022
 0.855627 0.487535 -2.62311
regression_error on 'test' 0.0823505
classification_error on 'test' 0.157895
Save,2787,0.0823505,0.157895
sample_count 75 Sample index 1
 i 0:0.582374 i 1:0.445654 i 2:0.581855 i 3:0.536988 bias 1
 test_print 3.14687
net matrix:
 -1.17395 -0.296643 -0.453616
outputs matrix:
 0.0872321 0.355881 0.287566
error matrix:
 -0.0872321 0.644119 -0.287566
delta matrix:
 -0.0138913 0.295302 -0.117829
weights_delta matrix:
 -0.000808993 0.0171976 -0.00686203
 -0.000619071 0.0131603 -0.00525108
 -0.000808272 0.0171823 -0.00685592
 -0.000745946 0.0158574 -0.00632726
 -0.00138913 0.0295302 -0.0117829
weights matrix:
 -0.928405 0.031035 0.0783493
 1.76277 -2.0187 -0.436771
 -2.2109 0.836846 1.80718
 -1.84303 -0.661354 2.3339
 0.854238 0.517066 -2.6349
regression_error on 'test' 0.0832252
classification_error on 'test' 0.105263
Save,2788,0.0832252,0.105263
sample_count 75 Sample index 18
 i 0:0.513088 i 1:0.480944 i 2:0.566734 i 3:0.60999 bias 1
 test_print 3.17076
net matrix:
 -1.15154 -0.367044 -0.356912
outputs matrix:
 0.0908679 0.324298 0.328755
error matrix:
 -0.0908679 0.675702 -0.328755
delta matrix:
 -0.0150134 0.296132 -0.145096
weights_delta matrix:
 -0.000770318 0.0151942 -0.00744469
 -0.000722059 0.0142423 -0.0069783
 -0.000850858 0.0167828 -0.00822307
 -0.0009158 0.0180637 -0.0088507
 -0.00150134 0.0296132 -0.0145096
weights matrix:
 -0.929175 0.0462292 0.0709046
 1.76205 -2.00446 -0.443749
 -2.21175 0.853629 1.79896
 -1.84394 -0.64329 2.32505
 0.852737 0.546679 -2.64941
regression_error on 'test' 0.084774
classification_error on 'test' 0.0789474
Save,2789,0.084774,0.0789474
sample_count 75 Sample index 32
 i 0:0.697853 i 1:0.516233 i 2:0.642339 i 3:0.60999 bias 1
 test_print 3.46642
net matrix:
 -1.43154 -0.29991 -0.255205
outputs matrix:
 0.0540087 0.354385 0.375098
error matrix:
 -0.0540087 0.645615 -0.375098
delta matrix:
 -0.0055188 0.295429 -0.175845
weights_delta matrix:
 -0.000385131 0.0206166 -0.0122714
 -0.000284899 0.015251 -0.00907771
 -0.000354494 0.0189765 -0.0112952
 -0.000336641 0.0180209 -0.0107264
 -0.00055188 0.0295429 -0.0175845
weights matrix:
 -0.92956 0.0668458 0.0586332
 1.76177 -1.98921 -0.452827
 -2.21211 0.872606 1.78767
 -1.84428 -0.625269 2.31432
 0.852185 0.576222 -2.66699
regression_error on 'test' 0.0873323
classification_error on 'test' 0.0789474
Save,2790,0.0873323,0.0789474
sample_count 75 Sample index 55
 i 0:0.628566 i 1:0.551523 i 2:0.612097 i 3:0.60999 bias 1
 test_print 3.40218
net matrix:
 -1.23947 -0.326145 -0.373943
outputs matrix:
 0.0773482 0.342474 0.321282
error matrix:
 -0.0773482 0.657526 -0.321282
delta matrix:
 -0.01104 0.296131 -0.140118
weights_delta matrix:
 -0.000693936 0.0186138 -0.00880731
 -0.000608881 0.0163323 -0.0077278
 -0.000675754 0.0181261 -0.00857655
 -0.000673428 0.0180637 -0.00854703
 -0.001104 0.0296131 -0.0140118
weights matrix:
 -0.930254 0.0854595 0.0498259
 1.76116 -1.97288 -0.460555
 -2.21278 0.890732 1.77909
 -1.84495 -0.607206 2.30577
 0.851081 0.605835 -2.681
regression_error on 'test' 0.0904767
classification_error on 'test' 0.105263
Save,2791,0.0904767,0.105263
sample_count 75 Sample index 4
 i 0:0.212844 i 1:0.516233 i 2:0.158468 i 3:0.135476 bias 1
 test_print 2.02302
net matrix:
 0.961647 -0.335549 -2.31384
outputs matrix:
 0.872505 0.338251 0.00968266
error matrix:
 0.127495 -0.338251 -0.00968266
delta matrix:
 0.0283649 -0.151426 -0.000185692
weights_delta matrix:
 0.000603731 -0.00322302 -3.95234e-06
 0.00146429 -0.00781712 -9.58604e-06
 0.000449494 -0.00239962 -2.94263e-06
 0.000384277 -0.00205146 -2.51568e-06
 0.00283649 -0.0151426 -1.85692e-05
weights matrix:
 -0.929651 0.0822365 0.049822
 1.76262 -1.98069 -0.460564
 -2.21233 0.888332 1.77909
 -1.84457 -0.609257 2.30577
 0.853918 0.590692 -2.68102
regression_error on 'test' 0.0896464
classification_error on 'test' 0.105263
Save,2792,0.0896464,0.105263
sample_count 75 Sample index 47
 i 0:0.282131 i 1:0.516233 i 2:0.158468 i 3:0.0989754 bias 1
 test_print 2.05581
net matrix:
 0.968407 -0.328135 -2.39458
outputs matrix:
 0.874002 0.341578 0.0082508
error matrix:
 0.125998 -0.341578 -0.0082508
delta matrix:
 0.0277506 -0.153643 -0.000135028
weights_delta matrix:
 0.00078293 -0.00433476 -3.80956e-06
 0.00143258 -0.00793158 -6.9706e-06
 0.000439758 -0.00243476 -2.13976e-06
 0.000274662 -0.00152069 -1.33645e-06
 0.00277506 -0.0153643 -1.35028e-05
weights matrix:
 -0.928868 0.0779018 0.0498182
 1.76405 -1.98863 -0.460571
 -2.21189 0.885897 1.77908
 -1.84429 -0.610778 2.30577
 0.856693 0.575328 -2.68103
regression_error on 'test' 0.0888709
classification_error on 'test' 0.105263
Save,2793,0.0888709,0.105263
sample_count 75 Sample index 62
 i 0:0.582374 i 1:0.622103 i 2:0.748185 i 3:0.901998 bias 1
 test_print 3.85466
net matrix:
 -1.90529 -0.50454 0.472339
outputs matrix:
 0.0216561 0.26716 0.720044
error matrix:
 -0.0216561 -0.26716 0.279956
delta matrix:
 -0.000917656 -0.104612 0.112868
weights_delta matrix:
 -5.34419e-05 -0.00609234 0.00657312
 -5.70877e-05 -0.00650795 0.00702153
 -6.86577e-05 -0.00782692 0.00844459
 -8.27724e-05 -0.009436 0.0101806
 -9.17656e-05 -0.0104612 0.0112868
weights matrix:
 -0.928921 0.0718094 0.0563913
 1.764 -1.99513 -0.45355
 -2.21196 0.87807 1.78753
 -1.84438 -0.620214 2.31595
 0.856601 0.564867 -2.66975
regression_error on 'test' 0.087324
classification_error on 'test' 0.0789474
Save,2794,0.087324,0.0789474
sample_count 75 Sample index 69
 i 0:0.628566 i 1:0.445654 i 2:0.581855 i 3:0.536988 bias 1
 test_print 3.19306
net matrix:
 -1.2186 -0.101274 -0.552708
outputs matrix:
 0.0803789 0.449536 0.248726
error matrix:
 -0.0803789 0.550464 -0.248726
delta matrix:
 -0.0118829 0.272429 -0.0929548
weights_delta matrix:
 -0.00074692 0.0171239 -0.00584282
 -0.000529567 0.0121409 -0.00414257
 -0.000691414 0.0158514 -0.00540862
 -0.000638098 0.0146291 -0.00499156
 -0.00118829 0.0272429 -0.00929548
weights matrix:
 -0.929668 0.0889333 0.0505485
 1.76347 -1.98299 -0.457692
 -2.21265 0.893922 1.78212
 -1.84502 -0.605585 2.31096
 0.855413 0.592109 -2.67904
regression_error on 'test' 0.0898103
classification_error on 'test' 0.105263
Save,2795,0.0898103,0.105263
sample_count 75 Sample index 14
 i 0:0.697853 i 1:0.516233 i 2:0.778427 i 3:0.938499 bias 1
 test_print 3.93101
net matrix:
 -2.33693 -0.242002 0.676039
outputs matrix:
 0.00924974 0.381307 0.794469
error matrix:
 -0.00924974 -0.381307 0.205531
delta matrix:
 -0.000169533 -0.17991 0.0671214
weights_delta matrix:
 -1.18309e-05 -0.0125551 0.00468409
 -8.75183e-06 -0.00928753 0.00346503
 -1.31969e-05 -0.0140047 0.00522491
 -1.59106e-05 -0.0168845 0.00629934
 -1.69533e-05 -0.017991 0.00671214
weights matrix:
 -0.92968 0.0763783 0.0552325
 1.76346 -1.99228 -0.454227
 -2.21267 0.879917 1.78734
 -1.84503 -0.622469 2.31726
 0.855396 0.574118 -2.67233
regression_error on 'test' 0.0877208
classification_error on 'test' 0.0789474
Save,2796,0.0877208,0.0789474
sample_count 75 Sample index 33
 i 0:0.559279 i 1:0.480944 i 2:0.672581 i 3:0.719493 bias 1
 test_print 3.4323
net matrix:
 -1.63211 -0.197387 0.00948674
outputs matrix:
 0.0368189 0.402569 0.504743
error matrix:
 -0.0368189 -0.402569 0.495257
delta matrix:
 -0.00261144 -0.193641 0.247606
weights_delta matrix:
 -0.000146052 -0.0108299 0.0138481
 -0.000125596 -0.00931306 0.0119085
 -0.00017564 -0.0130239 0.0166535
 -0.000187891 -0.0139324 0.0178151
 -0.000261144 -0.0193641 0.0247606
weights matrix:
 -0.929826 0.0655483 0.0690806
 1.76333 -2.00159 -0.442319
 -2.21284 0.866893 1.804
 -1.84522 -0.636402 2.33507
 0.855134 0.554754 -2.64757
regression_error on 'test' 0.0853793
classification_error on 'test' 0.0789474
Save,2797,0.0853793,0.0789474
sample_count 75 Sample index 74
 i 0:0.443801 i 1:0.480944 i 2:0.551613 i 3:0.536988 bias 1
 test_print 3.01335
net matrix:
 -0.920952 -0.24236 -0.580628
outputs matrix:
 0.136826 0.381138 0.238439
error matrix:
 -0.136826 0.618862 -0.238439
delta matrix:
 -0.0323197 0.291944 -0.0865945
weights_delta matrix:
 -0.00143435 0.0129565 -0.00384307
 -0.0015544 0.0140409 -0.00416471
 -0.0017828 0.016104 -0.00477666
 -0.00173553 0.0156771 -0.00465002
 -0.00323197 0.0291944 -0.00865945
weights matrix:
 -0.93126 0.0785049 0.0652376
 1.76178 -1.98755 -0.446483
 -2.21463 0.882997 1.79922
 -1.84695 -0.620725 2.33042
 0.851903 0.583949 -2.65623
regression_error on 'test' 0.0874496
classification_error on 'test' 0.0789474
Save,2798,0.0874496,0.0789474
sample_count 75 Sample index 24
 i 0:0.466896 i 1:0.445654 i 2:0.566734 i 3:0.536988 bias 1
 test_print 3.01627
net matrix:
 -1.04465 -0.0980556 -0.553658
outputs matrix:
 0.110141 0.451129 0.248372
error matrix:
 -0.110141 0.548871 -0.248372
delta matrix:
 -0.0215898 0.271814 -0.0927335
weights_delta matrix:
 -0.00100802 0.0126909 -0.00432969
 -0.000962157 0.0121135 -0.00413271
 -0.00122357 0.0154046 -0.00525552
 -0.00115935 0.0145961 -0.00497968
 -0.00215898 0.0271814 -0.00927335
weights matrix:
 -0.932268 0.0911957 0.0609079
 1.76082 -1.97544 -0.450616
 -2.21585 0.898402 1.79397
 -1.84811 -0.606129 2.32544
 0.849744 0.61113 -2.6655
regression_error on 'test' 0.0899255
classification_error on 'test' 0.105263
Save,2799,0.0899255,0.105263
sample_count 75 Sample index 52
 i 0:0.443801 i 1:0.410364 i 2:0.672581 i 3:0.792495 bias 1
 test_print 3.31924
net matrix:
 -1.79638 -0.0351521 0.226101
outputs matrix:
 0.026785 0.482431 0.611163
error matrix:
 -0.026785 -0.482431 0.388837
delta matrix:
 -0.00139644 -0.240918 0.184809
weights_delta matrix:
 -6.19741e-05 -0.010692 0.00820183
 -5.73048e-05 -0.0098864 0.00758389
 -9.39219e-05 -0.0162037 0.0124299
 -0.000110667 -0.0190926 0.014646
 -0.000139644 -0.0240918 0.0184809
weights matrix:
 -0.93233 0.0805038 0.0691097
 1.76076 -1.98533 -0.443032
 -2.21594 0.882198 1.8064
 -1.84822 -0.625221 2.34009
 0.849604 0.587038 -2.64702
regression_error on 'test' 0.0871311
classification_error on 'test' 0.0789474
Save,2800,0.0871311,0.0789474
sample_count 75 Sample index 34
 i 0:0.767139 i 1:0.551523 i 2:0.642339 i 3:0.573489 bias 1
 test_print 3.53449
net matrix:
 -1.37785 -0.238044 -0.336014
outputs matrix:
 0.0597659 0.383176 0.338043
error matrix:
 -0.0597659 0.616824 -0.338043
delta matrix:
 -0.00671696 0.291575 -0.151288
weights_delta matrix:
 -0.000515284 0.0223679 -0.0116059
 -0.000370456 0.016081 -0.00834387
 -0.000431456 0.018729 -0.0097178
 -0.00038521 0.0167215 -0.00867619
 -0.000671696 0.0291575 -0.0151288
weights matrix:
 -0.932845 0.102872 0.0575038
 1.76039 -1.96924 -0.451376
 -2.21637 0.900927 1.79668
 -1.84861 -0.6085 2.33141
 0.848932 0.616196 -2.66215
regression_error on 'test' 0.090387
classification_error on 'test' 0.105263
Save,2801,0.090387,0.105263
sample_count 75 Sample index 24
 i 0:0.466896 i 1:0.445654 i 2:0.566734 i 3:0.536988 bias 1
 test_print 3.01627
net matrix:
 -1.05086 -0.0295464 -0.566281
outputs matrix:
 0.108929 0.485231 0.243689
error matrix:
 -0.108929 0.514769 -0.243689
delta matrix:
 -0.0211462 0.25716 -0.0898259
weights_delta matrix:
 -0.000987309 0.0120067 -0.00419394
 -0.00094239 0.0114604 -0.00400313
 -0.00119843 0.0145741 -0.00509074
 -0.00113553 0.0138092 -0.00482354
 -0.00211462 0.025716 -0.00898259
weights matrix:
 -0.933833 0.114878 0.0533099
 1.75945 -1.95778 -0.455379
 -2.21757 0.915501 1.79159
 -1.84975 -0.59469 2.32659
 0.846818 0.641912 -2.67113
regression_error on 'test' 0.0932811
classification_error on 'test' 0.0789474
Save,2802,0.0932811,0.0789474
sample_count 75 Sample index 69
 i 0:0.628566 i 1:0.445654 i 2:0.581855 i 3:0.536988 bias 1
 test_print 3.19306
net matrix:
 -1.23965 0.0549736 -0.548771
outputs matrix:
 0.077322 0.527459 0.250201
error matrix:
 -0.077322 0.472541 -0.250201
delta matrix:
 -0.0110328 0.235558 -0.0938754
weights_delta matrix:
 -0.000693486 0.0148064 -0.00590069
 -0.000491682 0.0104977 -0.00418359
 -0.00064195 0.0137061 -0.00546219
 -0.000592449 0.0126492 -0.005041
 -0.00110328 0.0235558 -0.00938754
weights matrix:
 -0.934526 0.129685 0.0474092
 1.75895 -1.94729 -0.459563
 -2.21822 0.929207 1.78613
 -1.85034 -0.582041 2.32155
 0.845714 0.665468 -2.68052
regression_error on 'test' 0.0965294
classification_error on 'test' 0.0789474
Save,2803,0.0965294,0.0789474
sample_count 75 Sample index 22
 i 0:0.305227 i 1:0.233915 i 2:0.430645 i 3:0.427485 bias 1
 test_print 2.39727
net matrix:
 -0.774337 0.400896 -1.01194
outputs matrix:
 0.175278 0.690358 0.116719
error matrix:
 -0.175278 0.309642 -0.116719
delta matrix:
 -0.0506747 0.132381 -0.0240665
weights_delta matrix:
 -0.00154673 0.00404062 -0.000734576
 -0.00118536 0.00309658 -0.000562953
 -0.00218228 0.00570091 -0.00103641
 -0.00216627 0.00565908 -0.00102881
 -0.00506747 0.0132381 -0.00240665
weights matrix:
 -0.936073 0.133725 0.0466746
 1.75777 -1.94419 -0.460126
 -2.2204 0.934908 1.78509
 -1.8525 -0.576382 2.32052
 0.840647 0.678706 -2.68293
regression_error on 'test' 0.0980001
classification_error on 'test' 0.105263
Save,2804,0.0980001,0.105263
sample_count 75 Sample index 42
 i 0:0.651661 i 1:0.551523 i 2:0.702823 i 3:0.792495 bias 1
 test_print 3.6985
net matrix:
 -1.82855 -0.106121 0.18732
outputs matrix:
 0.0251579 0.447138 0.59258
error matrix:
 -0.0251579 -0.447138 0.40742
delta matrix:
 -0.00123399 -0.22107 0.196726
weights_delta matrix:
 -8.04146e-05 -0.0144063 0.0128199
 -6.80576e-05 -0.0121925 0.0108499
 -8.67279e-05 -0.0155373 0.0138264
 -9.77934e-05 -0.0175197 0.0155904
 -0.000123399 -0.022107 0.0196726
weights matrix:
 -0.936153 0.119319 0.0594945
 1.7577 -1.95638 -0.449276
 -2.22048 0.919371 1.79892
 -1.8526 -0.593902 2.33611
 0.840523 0.656599 -2.66325
regression_error on 'test' 0.093838
classification_error on 'test' 0.0789474
Save,2805,0.093838,0.0789474
sample_count 75 Sample index 23
 i 0:0.975 i 1:0.763262 i 2:0.899395 i 3:0.792495 bias 1
 test_print 4.43015
net matrix:
 -2.19591 -0.364084 0.521128
outputs matrix:
 0.0122268 0.325597 0.739285
error matrix:
 -0.0122268 -0.325597 0.260715
delta matrix:
 -0.000295336 -0.142991 0.100502
weights_delta matrix:
 -2.87952e-05 -0.0139417 0.00979893
 -2.25419e-05 -0.010914 0.00767092
 -2.65624e-05 -0.0128606 0.00903908
 -2.34052e-05 -0.011332 0.00796472
 -2.95336e-05 -0.0142991 0.0100502
weights matrix:
 -0.936182 0.105377 0.0692934
 1.75768 -1.9673 -0.441605
 -2.22051 0.90651 1.80795
 -1.85263 -0.605234 2.34407
 0.840494 0.6423 -2.6532
regression_error on 'test' 0.0912772
classification_error on 'test' 0.105263
Save,2806,0.0912772,0.105263
sample_count 75 Sample index 68
 i 0:0.305227 i 1:0.657392 i 2:0.173589 i 3:0.281481 bias 1
 test_print 2.41769
net matrix:
 0.803295 -0.631823 -1.94871
outputs matrix:
 0.832937 0.220347 0.0198906
error matrix:
 0.167063 -0.220347 -0.0198906
delta matrix:
 0.0464944 -0.0757087 -0.000775533
weights_delta matrix:
 0.00141914 -0.00231083 -2.36714e-05
 0.00305651 -0.00497703 -5.09829e-05
 0.000807093 -0.00131422 -1.34624e-05
 0.00130873 -0.00213106 -2.18298e-05
 0.00464944 -0.00757087 -7.75533e-05
weights matrix:
 -0.934763 0.103067 0.0692698
 1.76074 -1.97227 -0.441656
 -2.2197 0.905196 1.80794
 -1.85132 -0.607365 2.34405
 0.845143 0.634729 -2.65328
regression_error on 'test' 0.0906726
classification_error on 'test' 0.105263
Save,2807,0.0906726,0.105263
sample_count 75 Sample index 19
 i 0:0.674757 i 1:0.480944 i 2:0.596976 i 3:0.573489 bias 1
 test_print 3.32617
net matrix:
 -1.3256 -0.0522161 -0.395368
outputs matrix:
 0.0659152 0.473916 0.312011
error matrix:
 -0.0659152 0.526084 -0.312011
delta matrix:
 -0.00811685 0.262326 -0.133952
weights_delta matrix:
 -0.00054769 0.0177006 -0.00903853
 -0.000390375 0.0126164 -0.00644236
 -0.000484557 0.0156602 -0.00799664
 -0.000465493 0.0150441 -0.00768203
 -0.000811685 0.0262326 -0.0133952
weights matrix:
 -0.935311 0.120767 0.0602312
 1.76034 -1.95966 -0.448098
 -2.22019 0.920856 1.79994
 -1.85178 -0.592321 2.33637
 0.844332 0.660961 -2.66668
regression_error on 'test' 0.0941311
classification_error on 'test' 0.0789474
Save,2808,0.0941311,0.0789474
sample_count 75 Sample index 21
 i 0:0.836426 i 1:0.445654 i 2:0.884274 i 3:0.719493 bias 1
 test_print 3.88585
net matrix:
 -2.44908 0.276764 0.456651
outputs matrix:
 0.00740504 0.634954 0.713675
error matrix:
 -0.00740504 -0.634954 0.286325
delta matrix:
 -0.000108857 -0.294349 0.117017
weights_delta matrix:
 -9.1051e-06 -0.0246201 0.00978759
 -4.85127e-06 -0.0131178 0.0052149
 -9.62596e-06 -0.0260285 0.0103475
 -7.8322e-06 -0.0211782 0.00841928
 -1.08857e-05 -0.0294349 0.0117017
weights matrix:
 -0.93532 0.0961471 0.0700188
 1.76034 -1.97277 -0.442883
 -2.2202 0.894828 1.81029
 -1.85179 -0.613499 2.34479
 0.844321 0.631526 -2.65498
regression_error on 'test' 0.089847
classification_error on 'test' 0.0789474
Save,2809,0.089847,0.0789474
sample_count 75 Sample index 58
 i 0:0.282131 i 1:0.516233 i 2:0.158468 i 3:0.0989754 bias 1
 test_print 2.05581
net matrix:
 0.954072 -0.278678 -2.3449
outputs matrix:
 0.87081 0.364159 0.00910482
error matrix:
 0.12919 -0.364159 -0.00910482
delta matrix:
 0.0290676 -0.16864 -0.000164286
weights_delta matrix:
 0.000820086 -0.00475786 -4.63502e-06
 0.00150056 -0.00870576 -8.48098e-06
 0.000460628 -0.00267241 -2.60341e-06
 0.000287697 -0.00166912 -1.62603e-06
 0.00290676 -0.016864 -1.64286e-05
weights matrix:
 -0.9345 0.0913893 0.0700142
 1.76184 -1.98148 -0.442892
 -2.21974 0.892155 1.81029
 -1.8515 -0.615168 2.34479
 0.847228 0.614662 -2.65499
regression_error on 'test' 0.0888085
classification_error on 'test' 0.0789474
Save,2810,0.0888085,0.0789474
sample_count 75 Sample index 49
 i 0:0.397609 i 1:0.480944 i 2:0.612097 i 3:0.60999 bias 1
 test_print 3.10064
net matrix:
 -1.16508 -0.131142 -0.30179
outputs matrix:
 0.0886552 0.434802 0.353525
error matrix:
 -0.0886552 0.565198 -0.353525
delta matrix:
 -0.0143259 0.277794 -0.161593
weights_delta matrix:
 -0.000569609 0.0110453 -0.00642508
 -0.000688994 0.0133603 -0.00777171
 -0.000876882 0.0170037 -0.00989105
 -0.000873863 0.0169451 -0.009857
 -0.00143259 0.0277794 -0.0161593
weights matrix:
 -0.935069 0.102435 0.0635891
 1.76115 -1.96812 -0.450664
 -2.22061 0.909159 1.8004
 -1.85238 -0.598223 2.33493
 0.845795 0.642442 -2.67115
regression_error on 'test' 0.0919985
classification_error on 'test' 0.105263
Save,2811,0.0919985,0.105263
sample_count 75 Sample index 46
 i 0:0.928809 i 1:0.480944 i 2:0.854032 i 3:0.901998 bias 1
 test_print 4.16578
net matrix:
 -2.74301 0.0278836 0.814868
outputs matrix:
 0.00412724 0.513938 0.836133
error matrix:
 -0.00412724 -0.513938 0.163867
delta matrix:
 -3.39276e-05 -0.256769 0.0449042
weights_delta matrix:
 -3.15122e-06 -0.023849 0.00417074
 -1.63173e-06 -0.0123492 0.00215964
 -2.89752e-06 -0.0219289 0.00383496
 -3.06026e-06 -0.0231605 0.00405035
 -3.39276e-06 -0.0256769 0.00449042
weights matrix:
 -0.935073 0.0785856 0.0677598
 1.76115 -1.98047 -0.448504
 -2.22062 0.88723 1.80423
 -1.85238 -0.621384 2.33898
 0.845792 0.616765 -2.66666
regression_error on 'test' 0.0886226
classification_error on 'test' 0.0789474
Save,2812,0.0886226,0.0789474
sample_count 75 Sample index 72
 i 0:0.905713 i 1:0.480944 i 2:0.929637 i 3:0.828996 bias 1
 test_print 4.14529
net matrix:
 -2.75408 0.0451237 0.795293
outputs matrix:
 0.00403716 0.522547 0.830698
error matrix:
 -0.00403716 -0.522547 0.169302
delta matrix:
 -3.24658e-05 -0.260742 0.0476206
weights_delta matrix:
 -2.94047e-06 -0.0236157 0.00431306
 -1.56142e-06 -0.0125402 0.00229029
 -3.01814e-06 -0.0242395 0.00442699
 -2.6914e-06 -0.0216154 0.00394773
 -3.24658e-06 -0.0260742 0.00476206
weights matrix:
 -0.935075 0.0549699 0.0720729
 1.76115 -1.99301 -0.446214
 -2.22062 0.862991 1.80866
 -1.85238 -0.642999 2.34293
 0.845788 0.590691 -2.6619
regression_error on 'test' 0.085916
classification_error on 'test' 0.0789474
Save,2813,0.085916,0.0789474
sample_count 75 Sample index 49
 i 0:0.397609 i 1:0.480944 i 2:0.612097 i 3:0.60999 bias 1
 test_print 3.10064
net matrix:
 -1.16816 -0.209968 -0.311607
outputs matrix:
 0.088159 0.396532 0.349051
error matrix:
 -0.088159 0.603468 -0.349051
delta matrix:
 -0.0141737 0.288813 -0.158619
weights_delta matrix:
 -0.000563559 0.0114835 -0.00630682
 -0.000681675 0.0138903 -0.00762867
 -0.000867567 0.0176782 -0.009709
 -0.000864581 0.0176173 -0.00967558
 -0.00141737 0.0288813 -0.0158619
weights matrix:
 -0.935639 0.0664534 0.0657661
 1.76047 -1.97912 -0.453842
 -2.22149 0.880669 1.79895
 -1.85325 -0.625382 2.33325
 0.844371 0.619572 -2.67776
regression_error on 'test' 0.0885529
classification_error on 'test' 0.0789474
Save,2814,0.0885529,0.0789474
sample_count 75 Sample index 51
 i 0:0.628566 i 1:0.516233 i 2:0.763306 i 3:0.719493 bias 1
 test_print 3.6276
net matrix:
 -1.864 -0.138082 0.181199
outputs matrix:
 0.0234764 0.431394 0.589621
error matrix:
 -0.0234764 -0.431394 0.410379
delta matrix:
 -0.00107641 -0.211636 0.198597
weights_delta matrix:
 -6.76592e-05 -0.0133027 0.0124832
 -5.55676e-05 -0.0109254 0.0102523
 -8.21627e-05 -0.0161543 0.0151591
 -7.74466e-05 -0.0152271 0.0142889
 -0.000107641 -0.0211636 0.0198597
weights matrix:
 -0.935707 0.0531506 0.0782492
 1.76041 -1.99004 -0.44359
 -2.22157 0.864514 1.81411
 -1.85332 -0.640609 2.34754
 0.844263 0.598408 -2.6579
regression_error on 'test' 0.085989
classification_error on 'test' 0.0789474
Save,2815,0.085989,0.0789474
sample_count 75 Sample index 35
 i 0:0.189749 i 1:0.233915 i 2:0.128226 i 3:0.171977 bias 1
 test_print 1.72387
net matrix:
 0.474908 0.143676 -2.11048
outputs matrix:
 0.721078 0.571348 0.0144721
error matrix:
 0.278922 -0.571348 -0.0144721
delta matrix:
 0.112196 -0.279857 -0.000412823
weights_delta matrix:
 0.00212891 -0.00531026 -7.83328e-06
 0.00262443 -0.00654627 -9.65655e-06
 0.00143864 -0.00358849 -5.29346e-06
 0.00192951 -0.0048129 -7.09961e-06
 0.0112196 -0.0279857 -4.12823e-05
weights matrix:
 -0.933578 0.0478404 0.0782414
 1.76304 -1.99659 -0.4436
 -2.22013 0.860926 1.8141
 -1.85139 -0.645422 2.34754
 0.855483 0.570423 -2.65794
regression_error on 'test' 0.0849749
classification_error on 'test' 0.0789474
Save,2816,0.0849749,0.0789474
sample_count 75 Sample index 53
 i 0:0.489992 i 1:0.410364 i 2:0.702823 i 3:0.938499 bias 1
 test_print 3.54168
net matrix:
 -2.17637 -0.226114 0.676512
outputs matrix:
 0.012708 0.388831 0.794624
error matrix:
 -0.012708 -0.388831 0.205376
delta matrix:
 -0.000318882 -0.184805 0.0670336
weights_delta matrix:
 -1.5625e-05 -0.00905529 0.00328459
 -1.30858e-05 -0.00758373 0.00275082
 -2.24117e-05 -0.0129885 0.00471127
 -2.9927e-05 -0.0173439 0.00629109
 -3.18882e-05 -0.0184805 0.00670336
weights matrix:
 -0.933593 0.0387851 0.081526
 1.76302 -2.00417 -0.440849
 -2.22015 0.847937 1.81882
 -1.85142 -0.662766 2.35383
 0.855451 0.551942 -2.65124
regression_error on 'test' 0.083739
classification_error on 'test' 0.105263
Save,2817,0.083739,0.105263
sample_count 75 Sample index 67
 i 0:0.443801 i 1:0.375074 i 2:0.566734 i 3:0.536988 bias 1
 test_print 2.9226
net matrix:
 -1.15004 -0.0579008 -0.485647
outputs matrix:
 0.0911157 0.471082 0.274623
error matrix:
 -0.0911157 0.528918 -0.274623
delta matrix:
 -0.0150912 0.263574 -0.109412
weights_delta matrix:
 -0.000669751 0.0116975 -0.00485573
 -0.000566033 0.00988599 -0.00410378
 -0.000855272 0.0149377 -0.00620077
 -0.000810382 0.0141536 -0.00587532
 -0.00150912 0.0263574 -0.0109412
weights matrix:
 -0.934263 0.0504825 0.0766703
 1.76246 -1.99429 -0.444953
 -2.22101 0.862875 1.81262
 -1.85223 -0.648612 2.34795
 0.853942 0.5783 -2.66218
regression_error on 'test' 0.0852575
classification_error on 'test' 0.0789474
Save,2818,0.0852575,0.0789474
sample_count 75 Sample index 13
 i 0:0.420705 i 1:0.269205 i 2:0.491129 i 3:0.427485 bias 1
 test_print 2.60852
net matrix:
 -0.94725 0.209177 -0.855766
outputs matrix:
 0.130732 0.603089 0.152965
error matrix:
 -0.130732 0.396911 -0.152965
delta matrix:
 -0.0297132 0.190019 -0.0396384
weights_delta matrix:
 -0.00125005 0.0079942 -0.00166761
 -0.000799895 0.00511541 -0.00106708
 -0.0014593 0.00933239 -0.00194676
 -0.0012702 0.00812304 -0.00169448
 -0.00297132 0.0190019 -0.00396384
weights matrix:
 -0.935513 0.0584767 0.0750026
 1.76166 -1.98917 -0.44602
 -2.22247 0.872208 1.81067
 -1.8535 -0.640489 2.34626
 0.850971 0.597302 -2.66614
regression_error on 'test' 0.0863892
classification_error on 'test' 0.0789474
Save,2819,0.0863892,0.0789474
sample_count 75 Sample index 72
 i 0:0.905713 i 1:0.480944 i 2:0.929637 i 3:0.828996 bias 1
 test_print 4.14529
net matrix:
 -2.75171 -0.0265425 0.815578
outputs matrix:
 0.00405626 0.486732 0.836328
error matrix:
 -0.00405626 -0.486732 0.163672
delta matrix:
 -3.27731e-05 -0.243195 0.044808
weights_delta matrix:
 -2.9683e-06 -0.0220264 0.00405832
 -1.5762e-06 -0.0116963 0.00215501
 -3.04671e-06 -0.0226083 0.00416552
 -2.71687e-06 -0.0201607 0.00371456
 -3.27731e-06 -0.0243195 0.0044808
weights matrix:
 -0.935516 0.0364503 0.079061
 1.76166 -2.00087 -0.443865
 -2.22247 0.849599 1.81483
 -1.85351 -0.66065 2.34997
 0.850967 0.572982 -2.66166
regression_error on 'test' 0.0843527
classification_error on 'test' 0.0789474
Save,2820,0.0843527,0.0789474
sample_count 75 Sample index 1
 i 0:0.582374 i 1:0.445654 i 2:0.581855 i 3:0.536988 bias 1
 test_print 3.14687
net matrix:
 -1.19723 -0.157903 -0.495554
outputs matrix:
 0.0835959 0.421698 0.270693
error matrix:
 -0.0835959 0.578302 -0.270693
delta matrix:
 -0.0128082 0.28206 -0.10688
weights_delta matrix:
 -0.000745914 0.0164264 -0.0062244
 -0.000570801 0.0125701 -0.00476314
 -0.000745249 0.0164118 -0.00621885
 -0.000687783 0.0151463 -0.00573932
 -0.00128082 0.028206 -0.010688
weights matrix:
 -0.936262 0.0528767 0.0728366
 1.76108 -1.9883 -0.448628
 -2.22322 0.866011 1.80862
 -1.8542 -0.645503 2.34423
 0.849686 0.601188 -2.67235
regression_error on 'test' 0.0863138
classification_error on 'test' 0.0789474
Save,2821,0.0863138,0.0789474
sample_count 75 Sample index 68
 i 0:0.305227 i 1:0.657392 i 2:0.173589 i 3:0.281481 bias 1
 test_print 2.41769
net matrix:
 0.81379 -0.721131 -1.97123
outputs matrix:
 0.835838 0.191195 0.0190312
error matrix:
 0.164162 -0.191195 -0.0190312
delta matrix:
 0.0450503 -0.0591327 -0.000710585
weights_delta matrix:
 0.00137506 -0.00180489 -2.1689e-05
 0.00296157 -0.00388734 -4.67133e-05
 0.000782024 -0.00102648 -1.2335e-05
 0.00126808 -0.00166447 -2.00016e-05
 0.00450503 -0.00591327 -7.10585e-05
weights matrix:
 -0.934887 0.0510718 0.0728149
 1.76405 -1.99219 -0.448675
 -2.22243 0.864985 1.8086
 -1.85293 -0.647168 2.34421
 0.854191 0.595275 -2.67242
regression_error on 'test' 0.0860163
classification_error on 'test' 0.0789474
Save,2822,0.0860163,0.0789474
sample_count 75 Sample index 1
 i 0:0.582374 i 1:0.445654 i 2:0.581855 i 3:0.536988 bias 1
 test_print 3.14687
net matrix:
 -1.19224 -0.107034 -0.518812
outputs matrix:
 0.0843635 0.446686 0.261609
error matrix:
 -0.0843635 0.553314 -0.261609
delta matrix:
 -0.0130335 0.273511 -0.10107
weights_delta matrix:
 -0.000759039 0.0159286 -0.00588604
 -0.000580844 0.0121891 -0.00450421
 -0.000758362 0.0159144 -0.00588079
 -0.000699885 0.0146872 -0.00542732
 -0.00130335 0.0273511 -0.010107
weights matrix:
 -0.935646 0.0670004 0.0669288
 1.76346 -1.98 -0.453179
 -2.22319 0.880899 1.80272
 -1.85363 -0.632481 2.33878
 0.852888 0.622626 -2.68253
regression_error on 'test' 0.0883721
classification_error on 'test' 0.0789474
Save,2823,0.0883721,0.0789474
sample_count 75 Sample index 48
 i 0:0.744044 i 1:0.516233 i 2:0.748185 i 3:0.828996 bias 1
 test_print 3.83746
net matrix:
 -2.13292 -0.214911 0.420936
outputs matrix:
 0.0138456 0.394169 0.698859
error matrix:
 -0.0138456 -0.394169 0.301141
delta matrix:
 -0.000378091 -0.188255 0.126753
weights_delta matrix:
 -2.81317e-05 -0.014007 0.00943099
 -1.95183e-05 -0.00971833 0.00654342
 -2.82882e-05 -0.0140849 0.00948348
 -3.13436e-05 -0.0156062 0.0105078
 -3.78091e-05 -0.0188255 0.0126753
weights matrix:
 -0.935674 0.0529934 0.0763598
 1.76345 -1.98972 -0.446635
 -2.22322 0.866814 1.81221
 -1.85366 -0.648087 2.34929
 0.85285 0.6038 -2.66985
regression_error on 'test' 0.0861454
classification_error on 'test' 0.0789474
Save,2824,0.0861454,0.0789474
sample_count 75 Sample index 32
 i 0:0.697853 i 1:0.516233 i 2:0.642339 i 3:0.60999 bias 1
 test_print 3.46642
net matrix:
 -1.44854 -0.224913 -0.250039
outputs matrix:
 0.0522982 0.389402 0.377522
error matrix:
 -0.0522982 0.610598 -0.377522
delta matrix:
 -0.00518413 0.290361 -0.177435
weights_delta matrix:
 -0.000361776 0.020263 -0.0123824
 -0.000267622 0.0149894 -0.00915978
 -0.000332997 0.018651 -0.0113973
 -0.000316227 0.0177118 -0.0108234
 -0.000518413 0.0290361 -0.0177435
weights matrix:
 -0.936036 0.0732564 0.0639775
 1.76318 -1.97473 -0.455795
 -2.22355 0.885465 1.80081
 -1.85397 -0.630375 2.33847
 0.852332 0.632837 -2.6876
regression_error on 'test' 0.0892848
classification_error on 'test' 0.105263
Save,2825,0.0892848,0.105263
sample_count 75 Sample index 48
 i 0:0.744044 i 1:0.516233 i 2:0.748185 i 3:0.828996 bias 1
 test_print 3.83746
net matrix:
 -2.13448 -0.192163 0.410627
outputs matrix:
 0.0138032 0.405084 0.694503
error matrix:
 -0.0138032 -0.405084 0.305497
delta matrix:
 -0.000375798 -0.195243 0.129634
weights_delta matrix:
 -2.7961e-05 -0.0145269 0.00964534
 -1.93999e-05 -0.0100791 0.00669213
 -2.81167e-05 -0.0146078 0.00969902
 -3.11535e-05 -0.0161856 0.0107466
 -3.75798e-05 -0.0195243 0.0129634
weights matrix:
 -0.936064 0.0587294 0.0736228
 1.76316 -1.98481 -0.449103
 -2.22358 0.870857 1.81051
 -1.85401 -0.646561 2.34922
 0.852294 0.613312 -2.67463
regression_error on 'test' 0.0868174
classification_error on 'test' 0.0789474
Save,2826,0.0868174,0.0789474
sample_count 75 Sample index 39
 i 0:0.397609 i 1:0.622103 i 2:0.18871 i 3:0.135476 bias 1
 test_print 2.3439
net matrix:
 0.906188 -0.521344 -2.26483
outputs matrix:
 0.859649 0.260632 0.0106694
error matrix:
 0.140351 -0.260632 -0.0106694
delta matrix:
 0.0338676 -0.100449 -0.000225242
weights_delta matrix:
 0.0013466 -0.00399394 -8.95581e-06
 0.00210691 -0.00624896 -1.40123e-05
 0.000639115 -0.00189557 -4.25053e-06
 0.000458824 -0.00136084 -3.05148e-06
 0.00338676 -0.0100449 -2.25242e-05
weights matrix:
 -0.934717 0.0547355 0.0736139
 1.76527 -1.99105 -0.449117
 -2.22294 0.868962 1.8105
 -1.85355 -0.647922 2.34921
 0.855681 0.603267 -2.67466
regression_error on 'test' 0.0862973
classification_error on 'test' 0.0789474
Save,2827,0.0862973,0.0789474
sample_count 75 Sample index 65
 i 0:0.928809 i 1:0.410364 i 2:0.944758 i 3:0.792495 bias 1
 test_print 4.07643
net matrix:
 -2.85716 0.144533 0.781642
outputs matrix:
 0.00328754 0.571768 0.826824
error matrix:
 -0.00328754 -0.571768 0.173176
delta matrix:
 -2.15448e-05 -0.279994 0.0495928
weights_delta matrix:
 -2.0011e-06 -0.0260061 0.00460622
 -8.8412e-07 -0.0114899 0.00203511
 -2.03546e-06 -0.0264526 0.00468532
 -1.70741e-06 -0.0221894 0.0039302
 -2.15448e-06 -0.0279994 0.00495928
weights matrix:
 -0.934719 0.0287294 0.0782201
 1.76526 -2.00254 -0.447082
 -2.22294 0.842509 1.81519
 -1.85355 -0.670111 2.35314
 0.855679 0.575268 -2.6697
regression_error on 'test' 0.0840559
classification_error on 'test' 0.0789474
Save,2828,0.0840559,0.0789474
sample_count 75 Sample index 47
 i 0:0.282131 i 1:0.516233 i 2:0.158468 i 3:0.0989754 bias 1
 test_print 2.05581
net matrix:
 0.967532 -0.38322 -2.35787
outputs matrix:
 0.873809 0.31725 0.0088737
error matrix:
 0.126191 -0.31725 -0.0088737
delta matrix:
 0.0278294 -0.137434 -0.000156088
weights_delta matrix:
 0.000785154 -0.00387744 -4.40372e-06
 0.00143665 -0.0070948 -8.05776e-06
 0.000441007 -0.00217789 -2.47349e-06
 0.000275443 -0.00136026 -1.54488e-06
 0.00278294 -0.0137434 -1.56088e-05
weights matrix:
 -0.933934 0.024852 0.0782157
 1.7667 -2.00964 -0.44709
 -2.2225 0.840331 1.81519
 -1.85327 -0.671471 2.35314
 0.858462 0.561525 -2.66971
regression_error on 'test' 0.0836801
classification_error on 'test' 0.0789474
Save,2829,0.0836801,0.0789474
sample_count 75 Sample index 63
 i 0:0.420705 i 1:0.904421 i 2:0.143347 i 3:0.135476 bias 1
 test_print 2.60395
net matrix:
 1.49373 -1.21609 -2.46217
outputs matrix:
 0.952004 0.0807516 0.0072151
error matrix:
 0.0479957 -0.0807516 -0.0072151
delta matrix:
 0.00438605 -0.0119885 -0.000103364
weights_delta matrix:
 0.000184523 -0.000504363 -4.34858e-06
 0.000396683 -0.00108427 -9.34846e-06
 6.28726e-05 -0.000171852 -1.48169e-06
 5.94204e-05 -0.000162416 -1.40034e-06
 0.000438605 -0.00119885 -1.03364e-05
weights matrix:
 -0.93375 0.0243476 0.0782113
 1.7671 -2.01072 -0.447099
 -2.22244 0.840159 1.81518
 -1.85321 -0.671634 2.35314
 0.8589 0.560326 -2.66972
regression_error on 'test' 0.0836442
classification_error on 'test' 0.0789474
Save,2830,0.0836442,0.0789474
sample_count 75 Sample index 42
 i 0:0.651661 i 1:0.551523 i 2:0.702823 i 3:0.792495 bias 1
 test_print 3.6985
net matrix:
 -1.80564 -0.474551 0.275263
outputs matrix:
 0.0263066 0.279065 0.634258
error matrix:
 -0.0263066 -0.279065 0.365742
delta matrix:
 -0.00134767 -0.112289 0.169686
weights_delta matrix:
 -8.78221e-05 -0.00731745 0.0110578
 -7.43268e-05 -0.00619301 0.00935857
 -9.4717e-05 -0.00789194 0.0119259
 -0.000106802 -0.00889886 0.0134475
 -0.000134767 -0.0112289 0.0169686
weights matrix:
 -0.933837 0.0170301 0.0892691
 1.76702 -2.01692 -0.437741
 -2.22254 0.832267 1.82711
 -1.85332 -0.680532 2.36659
 0.858766 0.549097 -2.65275
regression_error on 'test' 0.0827018
classification_error on 'test' 0.157895
Save,2831,0.0827018,0.157895
sample_count 75 Sample index 58
 i 0:0.282131 i 1:0.516233 i 2:0.158468 i 3:0.0989754 bias 1
 test_print 2.05581
net matrix:
 0.971863 -0.422765 -2.32977
outputs matrix:
 0.874761 0.300371 0.00938191
error matrix:
 0.125239 -0.300371 -0.00938191
delta matrix:
 0.0274409 -0.126245 -0.000174389
weights_delta matrix:
 0.000774194 -0.00356176 -4.92005e-06
 0.00141659 -0.00651718 -9.00253e-06
 0.000434851 -0.00200058 -2.76351e-06
 0.000271598 -0.00124952 -1.72602e-06
 0.00274409 -0.0126245 -1.74389e-05
weights matrix:
 -0.933063 0.0134684 0.0892642
 1.76844 -2.02343 -0.43775
 -2.2221 0.830267 1.82711
 -1.85305 -0.681782 2.36659
 0.86151 0.536472 -2.65277
regression_error on 'test' 0.0824756
classification_error on 'test' 0.131579
Save,2832,0.0824756,0.131579
sample_count 75 Sample index 65
 i 0:0.928809 i 1:0.410364 i 2:0.944758 i 3:0.792495 bias 1
 test_print 4.07643
net matrix:
 -2.8473 -0.03727 0.852182
outputs matrix:
 0.00335278 0.481374 0.846104
error matrix:
 -0.00335278 -0.481374 0.153896
delta matrix:
 -2.24069e-05 -0.240353 0.0400782
weights_delta matrix:
 -2.08117e-06 -0.0223242 0.0037225
 -9.19498e-07 -0.00986321 0.00164467
 -2.11691e-06 -0.0227075 0.00378642
 -1.77574e-06 -0.0190478 0.00317618
 -2.24069e-06 -0.0240353 0.00400782
weights matrix:
 -0.933065 -0.0088558 0.0929867
 1.76844 -2.0333 -0.436105
 -2.2221 0.807559 1.83089
 -1.85305 -0.70083 2.36976
 0.861508 0.512437 -2.64876
regression_error on 'test' 0.0817705
classification_error on 'test' 0.157895
Save,2833,0.0817705,0.157895
sample_count 75 Sample index 13
 i 0:0.420705 i 1:0.269205 i 2:0.491129 i 3:0.427485 bias 1
 test_print 2.60852
net matrix:
 -0.938456 0.0583592 -0.814803
outputs matrix:
 0.132744 0.529147 0.163884
error matrix:
 -0.132744 0.470853 -0.163884
delta matrix:
 -0.0305638 0.234627 -0.0449129
weights_delta matrix:
 -0.00128583 0.00987086 -0.00188951
 -0.000822793 0.00631627 -0.00120908
 -0.00150108 0.0115232 -0.0022058
 -0.00130656 0.0100299 -0.00191996
 -0.00305638 0.0234627 -0.00449129
weights matrix:
 -0.934351 0.00101506 0.0910972
 1.76762 -2.02698 -0.437314
 -2.2236 0.819082 1.82869
 -1.85436 -0.6908 2.36784
 0.858451 0.5359 -2.65326
regression_error on 'test' 0.0821466
classification_error on 'test' 0.157895
Save,2834,0.0821466,0.157895
sample_count 75 Sample index 5
 i 0:0.536183 i 1:0.198626 i 2:0.687702 i 3:0.60999 bias 1
 test_print 3.0325
net matrix:
 -1.95175 0.275737 0.0106797
outputs matrix:
 0.0197722 0.634477 0.50534
error matrix:
 -0.0197722 -0.634477 0.49466
delta matrix:
 -0.000766421 -0.294291 0.247302
weights_delta matrix:
 -4.10942e-05 -0.0157794 0.0132599
 -1.52231e-05 -0.00584538 0.00491206
 -5.27069e-05 -0.0202384 0.017007
 -4.67509e-05 -0.0179514 0.0150852
 -7.66421e-05 -0.0294291 0.0247302
weights matrix:
 -0.934392 -0.0147643 0.104357
 1.7676 -2.03283 -0.432402
 -2.22366 0.798844 1.8457
 -1.8544 -0.708751 2.38293
 0.858375 0.506471 -2.62853
regression_error on 'test' 0.0814436
classification_error on 'test' 0.157895
Save,2835,0.0814436,0.157895
sample_count 75 Sample index 32
 i 0:0.697853 i 1:0.516233 i 2:0.642339 i 3:0.60999 bias 1
 test_print 3.46642
net matrix:
 -1.44071 -0.472447 -0.139796
outputs matrix:
 0.0530798 0.279913 0.430554
error matrix:
 -0.0530798 0.720087 -0.430554
delta matrix:
 -0.00533583 0.290284 -0.211124
weights_delta matrix:
 -0.000372362 0.0202575 -0.0147334
 -0.000275453 0.0149854 -0.0108989
 -0.000342741 0.0186461 -0.0135613
 -0.00032548 0.017707 -0.0128784
 -0.000533583 0.0290284 -0.0211124
weights matrix:
 -0.934765 0.00549325 0.0896237
 1.76733 -2.01784 -0.443301
 -2.224 0.81749 1.83213
 -1.85473 -0.691044 2.37005
 0.857841 0.535499 -2.64964
regression_error on 'test' 0.0821413
classification_error on 'test' 0.157895
Save,2836,0.0821413,0.157895
sample_count 75 Sample index 36
 i 0:0.744044 i 1:0.516233 i 2:0.702823 i 3:0.901998 bias 1
 test_print 3.8651
net matrix:
 -2.16135 -0.550859 0.613645
outputs matrix:
 0.0130903 0.249418 0.773344
error matrix:
 -0.0130903 -0.249418 0.226656
delta matrix:
 -0.000338225 -0.0933864 0.079458
weights_delta matrix:
 -2.51655e-05 -0.00694836 0.00591203
 -1.74603e-05 -0.00482092 0.00410189
 -2.37713e-05 -0.00656341 0.00558449
 -3.05079e-05 -0.00842344 0.0071671
 -3.38225e-05 -0.00933864 0.0079458
weights matrix:
 -0.93479 -0.00145511 0.0955358
 1.76731 -2.02266 -0.439199
 -2.22402 0.810927 1.83772
 -1.85476 -0.699468 2.37722
 0.857807 0.52616 -2.64169
regression_error on 'test' 0.081768
classification_error on 'test' 0.157895
Save,2837,0.081768,0.157895
sample_count 75 Sample index 50
 i 0:0.489992 i 1:0.833841 i 2:0.113105 i 3:0.135476 bias 1
 test_print 2.57241
net matrix:
 1.3706 -1.16417 -2.43119
outputs matrix:
 0.939414 0.0888026 0.00767271
error matrix:
 0.0605858 -0.0888026 -0.00767271
delta matrix:
 0.0068965 -0.0143712 -0.000116838
weights_delta matrix:
 0.000337923 -0.000704179 -5.72495e-06
 0.000575059 -0.00119833 -9.74239e-06
 7.80029e-05 -0.000162546 -1.32149e-06
 9.3431e-05 -0.000194696 -1.58287e-06
 0.00068965 -0.00143712 -1.16838e-05
weights matrix:
 -0.934452 -0.00215929 0.09553
 1.76788 -2.02386 -0.439209
 -2.22395 0.810764 1.83772
 -1.85467 -0.699662 2.37721
 0.858497 0.524723 -2.6417
regression_error on 'test' 0.0817514
classification_error on 'test' 0.157895
Save,2838,0.0817514,0.157895
sample_count 75 Sample index 28
 i 0:0.305227 i 1:0.551523 i 2:0.113105 i 3:0.135476 bias 1
 test_print 2.10533
net matrix:
 1.0455 -0.595227 -2.32487
outputs matrix:
 0.890026 0.233178 0.00947351
error matrix:
 0.109974 -0.233178 -0.00947351
delta matrix:
 0.0215285 -0.0833871 -0.000177794
weights_delta matrix:
 0.000657107 -0.0025452 -5.42676e-06
 0.00118735 -0.00459899 -9.80576e-06
 0.000243498 -0.00094315 -2.01094e-06
 0.000291659 -0.0011297 -2.40869e-06
 0.00215285 -0.00833871 -1.77794e-05
weights matrix:
 -0.933795 -0.00470449 0.0955246
 1.76907 -2.02846 -0.439219
 -2.2237 0.809821 1.83771
 -1.85438 -0.700792 2.37721
 0.86065 0.516385 -2.64172
regression_error on 'test' 0.0816844
classification_error on 'test' 0.157895
Save,2839,0.0816844,0.157895
sample_count 75 Sample index 57
 i 0:0.374514 i 1:0.727972 i 2:0.158468 i 3:0.135476 bias 1
 test_print 2.39643
net matrix:
 1.19516 -0.928648 -2.31241
outputs matrix:
 0.916085 0.135018 0.00971019
error matrix:
 0.0839145 -0.135018 -0.00971019
delta matrix:
 0.0129015 -0.0315372 -0.000186745
weights_delta matrix:
 0.000483179 -0.00118111 -6.99384e-06
 0.000939194 -0.00229582 -1.35945e-05
 0.000204448 -0.000499764 -2.9593e-06
 0.000174784 -0.000427253 -2.52994e-06
 0.00129015 -0.00315372 -1.86745e-05
weights matrix:
 -0.933312 -0.00588561 0.0955176
 1.77001 -2.03075 -0.439232
 -2.2235 0.809321 1.83771
 -1.8542 -0.701219 2.37721
 0.86194 0.513231 -2.64174
regression_error on 'test' 0.0816607
classification_error on 'test' 0.157895
Save,2840,0.0816607,0.157895
sample_count 75 Sample index 11
 i 0:0.536183 i 1:0.198626 i 2:0.536492 i 3:0.427485 bias 1
 test_print 2.69879
net matrix:
 -1.27245 0.241148 -0.675629
outputs matrix:
 0.0727702 0.61829 0.205665
error matrix:
 -0.0727702 0.38171 -0.205665
delta matrix:
 -0.0098203 0.180173 -0.0671976
weights_delta matrix:
 -0.000526548 0.00966056 -0.00360302
 -0.000195057 0.0035787 -0.00133472
 -0.000526851 0.00966613 -0.0036051
 -0.000419803 0.00770212 -0.0028726
 -0.00098203 0.0180173 -0.00671976
weights matrix:
 -0.933838 0.00377496 0.0919146
 1.76981 -2.02718 -0.440567
 -2.22402 0.818987 1.83411
 -1.85462 -0.693517 2.37434
 0.860958 0.531248 -2.64846
regression_error on 'test' 0.0819924
classification_error on 'test' 0.157895
Save,2841,0.0819924,0.157895
sample_count 75 Sample index 54
 i 0:0.305227 i 1:0.622103 i 2:0.158468 i 3:0.135476 bias 1
 test_print 2.22127
net matrix:
 1.07324 -0.692883 -2.28217
outputs matrix:
 0.895339 0.200084 0.0103094
error matrix:
 0.104661 -0.200084 -0.0103094
delta matrix:
 0.0196149 -0.0640473 -0.000210374
weights_delta matrix:
 0.000598699 -0.0019549 -6.42119e-06
 0.00122025 -0.0039844 -1.30874e-05
 0.000310833 -0.00101494 -3.33376e-06
 0.000265735 -0.000867687 -2.85007e-06
 0.00196149 -0.00640473 -2.10374e-05
weights matrix:
 -0.933239 0.00182006 0.0919082
 1.77103 -2.03116 -0.44058
 -2.22371 0.817972 1.8341
 -1.85435 -0.694385 2.37433
 0.862919 0.524843 -2.64848
regression_error on 'test' 0.081918
classification_error on 'test' 0.157895
Save,2842,0.081918,0.157895
sample_count 75 Sample index 5
 i 0:0.536183 i 1:0.198626 i 2:0.687702 i 3:0.60999 bias 1
 test_print 3.0325
net matrix:
 -1.94608 0.261331 0.0229247
outputs matrix:
 0.0199932 0.62777 0.51146
error matrix:
 -0.0199932 -0.62777 0.48854
delta matrix:
 -0.000783471 -0.293388 0.244141
weights_delta matrix:
 -4.20084e-05 -0.015731 0.0130905
 -1.55618e-05 -0.00582745 0.00484928
 -5.38795e-05 -0.0201764 0.0167897
 -4.7791e-05 -0.0178964 0.0148924
 -7.83471e-05 -0.0293388 0.0244141
weights matrix:
 -0.933281 -0.0139109 0.104999
 1.77102 -2.03699 -0.435731
 -2.22377 0.797796 1.85089
 -1.8544 -0.712281 2.38923
 0.862841 0.495505 -2.62407
regression_error on 'test' 0.081387
classification_error on 'test' 0.157895
Save,2843,0.081387,0.157895
sample_count 75 Sample index 8
 i 0:0.489992 i 1:0.375074 i 2:0.702823 i 3:0.755994 bias 1
 test_print 3.32388
net matrix:
 -1.89503 -0.253104 0.371042
outputs matrix:
 0.0220951 0.376083 0.677451
error matrix:
 -0.0220951 -0.376083 0.322549
delta matrix:
 -0.000954815 -0.176492 0.140961
weights_delta matrix:
 -4.67852e-05 -0.00864795 0.00690697
 -3.58126e-05 -0.00661974 0.00528708
 -6.71066e-05 -0.0124042 0.00990706
 -7.21834e-05 -0.0133427 0.0106566
 -9.54815e-05 -0.0176492 0.0140961
weights matrix:
 -0.933328 -0.0225589 0.111906
 1.77098 -2.04361 -0.430444
 -2.22383 0.785392 1.8608
 -1.85447 -0.725624 2.39988
 0.862745 0.477855 -2.60997
regression_error on 'test' 0.0814214
classification_error on 'test' 0.157895
Save,2844,0.0814214,0.157895
sample_count 75 Sample index 29
 i 0:0.420705 i 1:0.304495 i 2:0.536492 i 3:0.536988 bias 1
 test_print 2.79868
net matrix:
 -1.17955 -0.122198 -0.406947
outputs matrix:
 0.0863444 0.439203 0.307062
error matrix:
 -0.0863444 0.560797 -0.307062
delta matrix:
 -0.0136233 0.276253 -0.13067
weights_delta matrix:
 -0.000573138 0.0116221 -0.00549735
 -0.000414822 0.00841176 -0.00397883
 -0.000730877 0.0148207 -0.00701033
 -0.000731553 0.0148344 -0.00701682
 -0.00136233 0.0276253 -0.013067
weights matrix:
 -0.933901 -0.0109368 0.106408
 1.77057 -2.0352 -0.434423
 -2.22457 0.800213 1.85379
 -1.85521 -0.71079 2.39287
 0.861383 0.505481 -2.62304
regression_error on 'test' 0.0813866
classification_error on 'test' 0.157895
Save,2845,0.0813866,0.157895
sample_count 75 Sample index 34
 i 0:0.767139 i 1:0.551523 i 2:0.642339 i 3:0.573489 bias 1
 test_print 3.53449
net matrix:
 -1.3714 -0.518989 -0.217958
outputs matrix:
 0.060494 0.26154 0.392715
error matrix:
 -0.060494 0.73846 -0.392715
delta matrix:
 -0.00687629 0.285248 -0.187317
weights_delta matrix:
 -0.000527507 0.0218825 -0.0143698
 -0.000379243 0.0157321 -0.010331
 -0.000441691 0.0183226 -0.0120321
 -0.000394348 0.0163586 -0.0107424
 -0.000687629 0.0285248 -0.0187317
weights matrix:
 -0.934429 0.0109457 0.0920384
 1.77019 -2.01946 -0.444754
 -2.22501 0.818535 1.84176
 -1.8556 -0.694431 2.38212
 0.860695 0.534005 -2.64177
regression_error on 'test' 0.0819486
classification_error on 'test' 0.157895
Save,2846,0.0819486,0.157895
sample_count 75 Sample index 20
 i 0:0.489992 i 1:0.375074 i 2:0.521371 i 3:0.500487 bias 1
 test_print 2.88692
net matrix:
 -1.02197 -0.138873 -0.611026
outputs matrix:
 0.114666 0.431007 0.227576
error matrix:
 -0.114666 0.568993 -0.227576
delta matrix:
 -0.0232811 0.27908 -0.0800088
weights_delta matrix:
 -0.00114075 0.0136747 -0.00392037
 -0.000873213 0.0104676 -0.00300092
 -0.00121381 0.0145504 -0.00417143
 -0.00116519 0.0139676 -0.00400434
 -0.00232811 0.027908 -0.00800088
weights matrix:
 -0.93557 0.0246204 0.0881181
 1.76932 -2.009 -0.447754
 -2.22622 0.833086 1.83759
 -1.85677 -0.680463 2.37812
 0.858367 0.561913 -2.64977
regression_error on 'test' 0.0828131
classification_error on 'test' 0.105263
Save,2847,0.0828131,0.105263
sample_count 75 Sample index 7
 i 0:0.651661 i 1:0.410364 i 2:0.627218 i 3:0.60999 bias 1
 test_print 3.29923
net matrix:
 -1.55418 -0.139012 -0.172893
outputs matrix:
 0.042764 0.430938 0.414405
error matrix:
 -0.042764 0.569062 -0.414405
delta matrix:
 -0.0035011 0.279102 -0.20113
weights_delta matrix:
 -0.000228153 0.018188 -0.0131069
 -0.000143673 0.0114534 -0.00825365
 -0.000219595 0.0175058 -0.0126152
 -0.000213564 0.017025 -0.0122687
 -0.00035011 0.0279102 -0.020113
weights matrix:
 -0.935798 0.0428084 0.0750112
 1.76917 -1.99754 -0.456008
 -2.22644 0.850591 1.82497
 -1.85698 -0.663438 2.36585
 0.858017 0.589824 -2.66988
regression_error on 'test' 0.084613
classification_error on 'test' 0.0789474
Save,2848,0.084613,0.0789474
sample_count 75 Sample index 26
 i 0:0.489992 i 1:0.339785 i 2:0.536492 i 3:0.500487 bias 1
 test_print 2.86676
net matrix:
 -1.12324 0.0563576 -0.624913
outputs matrix:
 0.0956537 0.528149 0.22273
error matrix:
 -0.0956537 0.471851 -0.22273
delta matrix:
 -0.0165489 0.235178 -0.0771188
weights_delta matrix:
 -0.000810881 0.0115235 -0.00377876
 -0.000562305 0.00799099 -0.00262038
 -0.000887833 0.0126171 -0.00413736
 -0.000828249 0.0117703 -0.00385969
 -0.00165489 0.0235178 -0.00771188
weights matrix:
 -0.936609 0.0543319 0.0712325
 1.76861 -1.98955 -0.458628
 -2.22733 0.863208 1.82083
 -1.85781 -0.651668 2.36199
 0.856362 0.613341 -2.6776
regression_error on 'test' 0.0861705
classification_error on 'test' 0.0789474
Save,2849,0.0861705,0.0789474
sample_count 75 Sample index 34
 i 0:0.767139 i 1:0.551523 i 2:0.642339 i 3:0.573489 bias 1
 test_print 3.53449
net matrix:
 -1.38285 -0.261514 -0.351726
outputs matrix:
 0.0592062 0.372145 0.331047
error matrix:
 -0.0592062 0.627855 -0.331047
delta matrix:
 -0.00659566 0.293401 -0.146624
weights_delta matrix:
 -0.000505979 0.0225079 -0.0112481
 -0.000363766 0.0161817 -0.00808667
 -0.000423665 0.0188463 -0.00941825
 -0.000378254 0.0168262 -0.00840874
 -0.000659566 0.0293401 -0.0146624
weights matrix:
 -0.937115 0.0768398 0.0599843
 1.76825 -1.97337 -0.466715
 -2.22775 0.882055 1.81142
 -1.85819 -0.634842 2.35358
 0.855703 0.642682 -2.69226
regression_error on 'test' 0.0893049
classification_error on 'test' 0.105263
Save,2850,0.0893049,0.105263
sample_count 75 Sample index 56
 i 0:0.328323 i 1:0.727972 i 2:0.158468 i 3:0.208478 bias 1
 test_print 2.42324
net matrix:
 1.09484 -0.761221 -2.2346
outputs matrix:
 0.899319 0.179102 0.0113268
error matrix:
 0.100681 -0.179102 -0.0113268
delta matrix:
 0.0182321 -0.0526648 -0.000253685
weights_delta matrix:
 0.000598601 -0.00172911 -8.32907e-06
 0.00132724 -0.00383385 -1.84676e-05
 0.00028892 -0.000834569 -4.0201e-06
 0.000380098 -0.00109795 -5.28878e-06
 0.00182321 -0.00526648 -2.53685e-05
weights matrix:
 -0.936516 0.0751107 0.059976
 1.76957 -1.9772 -0.466734
 -2.22746 0.88122 1.81141
 -1.85781 -0.63594 2.35358
 0.857526 0.637415 -2.69228
regression_error on 'test' 0.0889492
classification_error on 'test' 0.0789474
Save,2851,0.0889492,0.0789474
sample_count 75 Sample index 27
 i 0:0.328323 i 1:0.622103 i 2:0.158468 i 3:0.135476 bias 1
 test_print 2.24437
net matrix:
 1.04623 -0.514458 -2.35704
outputs matrix:
 0.890169 0.263294 0.00888833
error matrix:
 0.109831 -0.263294 -0.00888833
delta matrix:
 0.021476 -0.102143 -0.000156601
weights_delta matrix:
 0.000705106 -0.00335358 -5.14156e-06
 0.00133603 -0.00635432 -9.74217e-06
 0.000340326 -0.00161863 -2.48162e-06
 0.000290948 -0.00138379 -2.12156e-06
 0.0021476 -0.0102143 -1.56601e-05
weights matrix:
 -0.935811 0.0717571 0.0599709
 1.77091 -1.98356 -0.466743
 -2.22712 0.879601 1.81141
 -1.85751 -0.637323 2.35357
 0.859674 0.627201 -2.6923
regression_error on 'test' 0.0883316
classification_error on 'test' 0.0789474
Save,2852,0.0883316,0.0789474
sample_count 75 Sample index 4
 i 0:0.212844 i 1:0.516233 i 2:0.158468 i 3:0.135476 bias 1
 test_print 2.02302
net matrix:
 0.970118 -0.328458 -2.31458
outputs matrix:
 0.874378 0.341433 0.00966858
error matrix:
 0.125622 -0.341433 -0.00966858
delta matrix:
 0.0275969 -0.153547 -0.000185155
weights_delta matrix:
 0.000587384 -0.00326815 -3.94092e-06
 0.00142464 -0.00792659 -9.55832e-06
 0.000437323 -0.00243323 -2.93412e-06
 0.000373872 -0.00208019 -2.50841e-06
 0.00275969 -0.0153547 -1.85155e-05
weights matrix:
 -0.935224 0.068489 0.0599669
 1.77233 -1.99148 -0.466753
 -2.22669 0.877168 1.81141
 -1.85714 -0.639404 2.35357
 0.862433 0.611846 -2.69232
regression_error on 'test' 0.087538
classification_error on 'test' 0.0789474
Save,2853,0.087538,0.0789474
sample_count 75 Sample index 35
 i 0:0.189749 i 1:0.233915 i 2:0.128226 i 3:0.171977 bias 1
 test_print 1.72387
net matrix:
 0.494647 0.161517 -2.15309
outputs matrix:
 0.728948 0.580063 0.0133056
error matrix:
 0.271052 -0.580063 -0.0133056
delta matrix:
 0.10711 -0.282595 -0.000349365
weights_delta matrix:
 0.00203241 -0.00536221 -6.62916e-06
 0.00250547 -0.00661032 -8.17216e-06
 0.00137343 -0.0036236 -4.47976e-06
 0.00184205 -0.00485999 -6.00827e-06
 0.010711 -0.0282595 -3.49365e-05
weights matrix:
 -0.933191 0.0631268 0.0599603
 1.77484 -1.9981 -0.466761
 -2.22531 0.873545 1.8114
 -1.8553 -0.644264 2.35357
 0.873144 0.583587 -2.69235
regression_error on 'test' 0.0863759
classification_error on 'test' 0.0789474
Save,2854,0.0863759,0.0789474
sample_count 75 Sample index 52
 i 0:0.443801 i 1:0.410364 i 2:0.672581 i 3:0.792495 bias 1
 test_print 3.31924
net matrix:
 -1.77969 -0.13139 0.22622
outputs matrix:
 0.0276689 0.43468 0.611219
error matrix:
 -0.0276689 -0.43468 0.388781
delta matrix:
 -0.00148877 -0.213631 0.184772
weights_delta matrix:
 -6.60718e-05 -0.00948096 0.0082002
 -6.10938e-05 -0.00876664 0.00758238
 -0.000100132 -0.0143684 0.0124274
 -0.000117984 -0.0169301 0.0146431
 -0.000148877 -0.0213631 0.0184772
weights matrix:
 -0.933257 0.0536458 0.0681605
 1.77478 -2.00686 -0.459179
 -2.22541 0.859176 1.82383
 -1.85542 -0.661194 2.36821
 0.872995 0.562223 -2.67387
regression_error on 'test' 0.0843824
classification_error on 'test' 0.0789474
Save,2855,0.0843824,0.0789474
sample_count 75 Sample index 37
 i 0:0.720948 i 1:0.551523 i 2:0.82379 i 3:0.901998 bias 1
 test_print 3.99826
net matrix:
 -2.32786 -0.394546 0.76059
outputs matrix:
 0.00941758 0.312364 0.820712
error matrix:
 -0.00941758 -0.312364 0.179288
delta matrix:
 -0.000175711 -0.134187 0.0527621
weights_delta matrix:
 -1.26679e-05 -0.00967418 0.00380388
 -9.69088e-06 -0.00740072 0.00290995
 -1.44749e-05 -0.0110542 0.00434649
 -1.58491e-05 -0.0121036 0.00475913
 -1.75711e-05 -0.0134187 0.00527621
weights matrix:
 -0.93327 0.0439716 0.0719644
 1.77477 -2.01426 -0.456269
 -2.22543 0.848122 1.82818
 -1.85543 -0.673297 2.37297
 0.872978 0.548805 -2.6686
regression_error on 'test' 0.0834392
classification_error on 'test' 0.105263
Save,2856,0.0834392,0.105263
sample_count 75 Sample index 8
 i 0:0.489992 i 1:0.375074 i 2:0.702823 i 3:0.755994 bias 1
 test_print 3.32388
net matrix:
 -1.88542 -0.098076 0.274363
outputs matrix:
 0.022514 0.451119 0.63384
error matrix:
 -0.022514 -0.451119 0.36616
delta matrix:
 -0.000990935 -0.223404 0.169962
weights_delta matrix:
 -4.8555e-05 -0.0109466 0.008328
 -3.71674e-05 -0.00837928 0.00637483
 -6.96452e-05 -0.0157013 0.0119453
 -7.49141e-05 -0.0168892 0.012849
 -9.90935e-05 -0.0223404 0.0169962
weights matrix:
 -0.933318 0.0330251 0.0802924
 1.77473 -2.02264 -0.449894
 -2.2255 0.832421 1.84012
 -1.85551 -0.690187 2.38582
 0.872879 0.526464 -2.6516
regression_error on 'test' 0.0822623
classification_error on 'test' 0.157895
Save,2857,0.0822623,0.157895
sample_count 75 Sample index 17
 i 0:0.443801 i 1:0.304495 i 2:0.521371 i 3:0.463986 bias 1
 test_print 2.73365
net matrix:
 -1.02217 0.0389998 -0.686587
outputs matrix:
 0.114625 0.51949 0.202107
error matrix:
 -0.114625 0.48051 -0.202107
delta matrix:
 -0.0232659 0.23989 -0.0651837
weights_delta matrix:
 -0.00103254 0.0106463 -0.00289286
 -0.000708434 0.00730453 -0.00198481
 -0.00121301 0.0125072 -0.00339849
 -0.0010795 0.0111306 -0.00302443
 -0.00232659 0.023989 -0.00651837
weights matrix:
 -0.934351 0.0436714 0.0773995
 1.77402 -2.01534 -0.451879
 -2.22671 0.844928 1.83672
 -1.85659 -0.679056 2.38279
 0.870552 0.550453 -2.65812
regression_error on 'test' 0.0830428
classification_error on 'test' 0.105263
Save,2858,0.0830428,0.105263
sample_count 75 Sample index 27
 i 0:0.328323 i 1:0.622103 i 2:0.158468 i 3:0.135476 bias 1
 test_print 2.24437
net matrix:
 1.06302 -0.647057 -2.29995
outputs matrix:
 0.893409 0.215157 0.00995277
error matrix:
 0.106591 -0.215157 -0.00995277
delta matrix:
 0.0203011 -0.0726649 -0.000196144
weights_delta matrix:
 0.000666533 -0.00238575 -6.43984e-06
 0.00126294 -0.0045205 -1.22021e-05
 0.000321708 -0.00115151 -3.10825e-06
 0.000275032 -0.000984434 -2.65727e-06
 0.00203011 -0.00726649 -1.96144e-05
weights matrix:
 -0.933684 0.0412856 0.0773931
 1.77529 -2.01986 -0.451891
 -2.22639 0.843776 1.83672
 -1.85631 -0.68004 2.38279
 0.872582 0.543187 -2.65814
regression_error on 'test' 0.0828631
classification_error on 'test' 0.105263
Save,2859,0.0828631,0.105263
sample_count 75 Sample index 32
 i 0:0.697853 i 1:0.516233 i 2:0.642339 i 3:0.60999 bias 1
 test_print 3.46642
net matrix:
 -1.42496 -0.343546 -0.204138
outputs matrix:
 0.0546857 0.33468 0.399326
error matrix:
 -0.0546857 0.66532 -0.399326
delta matrix:
 -0.00565397 0.296293 -0.191568
weights_delta matrix:
 -0.000394564 0.0206769 -0.0133687
 -0.000291877 0.0152956 -0.00988939
 -0.000363177 0.019032 -0.0123052
 -0.000344886 0.0180736 -0.0116855
 -0.000565397 0.0296293 -0.0191568
weights matrix:
 -0.934079 0.0619625 0.0640244
 1.77499 -2.00456 -0.46178
 -2.22675 0.862808 1.82441
 -1.85666 -0.661967 2.3711
 0.872017 0.572816 -2.6773
regression_error on 'test' 0.0848183
classification_error on 'test' 0.0789474
Save,2860,0.0848183,0.0789474
sample_count 75 Sample index 5
 i 0:0.536183 i 1:0.198626 i 2:0.687702 i 3:0.60999 bias 1
 test_print 3.0325
net matrix:
 -1.94014 0.397443 -0.0336864
outputs matrix:
 0.0202273 0.68888 0.483163
error matrix:
 -0.0202273 -0.68888 0.516837
delta matrix:
 -0.000801737 -0.295288 0.258125
weights_delta matrix:
 -4.29878e-05 -0.0158328 0.0138402
 -1.59246e-05 -0.00586518 0.00512704
 -5.51356e-05 -0.020307 0.0177513
 -4.89052e-05 -0.0180122 0.0157454
 -8.01737e-05 -0.0295288 0.0258125
weights matrix:
 -0.934122 0.0461297 0.0778647
 1.77498 -2.01043 -0.456653
 -2.22681 0.842501 1.84217
 -1.85671 -0.679979 2.38685
 0.871937 0.543287 -2.65148
regression_error on 'test' 0.0828549
classification_error on 'test' 0.105263
Save,2861,0.0828549,0.105263
sample_count 75 Sample index 47
 i 0:0.282131 i 1:0.516233 i 2:0.158468 i 3:0.0989754 bias 1
 test_print 2.05581
net matrix:
 0.988049 -0.415338 -2.33709
outputs matrix:
 0.878265 0.303502 0.00924683
error matrix:
 0.121735 -0.303502 -0.00924683
delta matrix:
 0.0260309 -0.128314 -0.000169426
weights_delta matrix:
 0.000734413 -0.00362013 -4.78004e-06
 0.0013438 -0.00662397 -8.74635e-06
 0.000412507 -0.00203336 -2.68487e-06
 0.000257642 -0.00126999 -1.6769e-06
 0.00260309 -0.0128314 -1.69426e-05
weights matrix:
 -0.933388 0.0425096 0.0778599
 1.77632 -2.01705 -0.456662
 -2.22639 0.840468 1.84216
 -1.85645 -0.681249 2.38685
 0.87454 0.530456 -2.6515
regression_error on 'test' 0.0825819
classification_error on 'test' 0.131579
Save,2862,0.0825819,0.131579
sample_count 75 Sample index 15
 i 0:0.720948 i 1:0.410364 i 2:0.65746 i 3:0.573489 bias 1
 test_print 3.36226
net matrix:
 -1.59786 -0.104737 -0.202787
outputs matrix:
 0.0393269 0.447822 0.399974
error matrix:
 -0.0393269 0.552178 -0.399974
delta matrix:
 -0.00297157 0.273082 -0.191983
weights_delta matrix:
 -0.000214235 0.0196878 -0.013841
 -0.000121942 0.0112063 -0.00787831
 -0.000195369 0.0179541 -0.0126221
 -0.000170416 0.015661 -0.01101
 -0.000297157 0.0273082 -0.0191983
weights matrix:
 -0.933602 0.0621974 0.0640189
 1.7762 -2.00584 -0.46454
 -2.22659 0.858422 1.82954
 -1.85662 -0.665588 2.37584
 0.874243 0.557764 -2.6707
regression_error on 'test' 0.0842047
classification_error on 'test' 0.0789474
Save,2863,0.0842047,0.0789474
sample_count 75 Sample index 47
 i 0:0.282131 i 1:0.516233 i 2:0.158468 i 3:0.0989754 bias 1
 test_print 2.05581
net matrix:
 0.991175 -0.390016 -2.36738
outputs matrix:
 0.878932 0.314313 0.00870813
error matrix:
 0.121068 -0.314313 -0.00870813
delta matrix:
 0.025766 -0.135482 -0.000150342
weights_delta matrix:
 0.000726939 -0.00382236 -4.24162e-06
 0.00133013 -0.00699402 -7.76117e-06
 0.000408309 -0.00214695 -2.38244e-06
 0.00025502 -0.00134094 -1.48802e-06
 0.0025766 -0.0135482 -1.50342e-05
weights matrix:
 -0.932875 0.058375 0.0640146
 1.77753 -2.01284 -0.464548
 -2.22618 0.856275 1.82954
 -1.85636 -0.666929 2.37584
 0.876819 0.544216 -2.67071
regression_error on 'test' 0.0838082
classification_error on 'test' 0.0789474
Save,2864,0.0838082,0.0789474
sample_count 75 Sample index 37
 i 0:0.720948 i 1:0.551523 i 2:0.82379 i 3:0.901998 bias 1
 test_print 3.99826
net matrix:
 -2.32373 -0.420003 0.769383
outputs matrix:
 0.00949496 0.301533 0.823285
error matrix:
 -0.00949496 -0.301533 0.176715
delta matrix:
 -0.000178596 -0.127013 0.0514193
weights_delta matrix:
 -1.28759e-05 -0.00915694 0.00370706
 -9.85e-06 -0.00700503 0.00283589
 -1.47126e-05 -0.0104632 0.00423587
 -1.61094e-05 -0.0114565 0.00463801
 -1.78596e-05 -0.0127013 0.00514193
weights matrix:
 -0.932888 0.0492181 0.0677217
 1.77752 -2.01984 -0.461712
 -2.2262 0.845812 1.83377
 -1.85638 -0.678386 2.38048
 0.876801 0.531515 -2.66557
regression_error on 'test' 0.0830146
classification_error on 'test' 0.105263
Save,2865,0.0830146,0.105263
sample_count 75 Sample index 72
 i 0:0.905713 i 1:0.480944 i 2:0.929637 i 3:0.828996 bias 1
 test_print 4.14529
net matrix:
 -2.72172 -0.17142 0.851854
outputs matrix:
 0.00430593 0.41512 0.846018
error matrix:
 -0.00430593 -0.41512 0.153982
delta matrix:
 -3.69224e-05 -0.201578 0.0401187
weights_delta matrix:
 -3.34411e-06 -0.0182572 0.0036336
 -1.77576e-06 -0.00969478 0.00192949
 -3.43244e-06 -0.0187395 0.00372958
 -3.06085e-06 -0.0167108 0.00332583
 -3.69224e-06 -0.0201578 0.00401187
weights matrix:
 -0.932891 0.0309609 0.0713553
 1.77752 -2.02954 -0.459783
 -2.2262 0.827073 1.8375
 -1.85638 -0.695096 2.3838
 0.876798 0.511357 -2.66156
regression_error on 'test' 0.0821626
classification_error on 'test' 0.157895
Save,2866,0.0821626,0.157895
sample_count 75 Sample index 4
 i 0:0.212844 i 1:0.516233 i 2:0.158468 i 3:0.135476 bias 1
 test_print 2.02302
net matrix:
 0.991575 -0.492872 -2.2696
outputs matrix:
 0.879017 0.271753 0.0105691
error matrix:
 0.120983 -0.271753 -0.0105691
delta matrix:
 0.0257323 -0.107562 -0.000221053
weights_delta matrix:
 0.000547697 -0.00228939 -4.70497e-06
 0.00132839 -0.0055527 -1.14115e-05
 0.000407775 -0.00170451 -3.50298e-06
 0.000348611 -0.00145721 -2.99473e-06
 0.00257323 -0.0107562 -2.21053e-05
weights matrix:
 -0.932343 0.0286715 0.0713506
 1.77885 -2.03509 -0.459794
 -2.22579 0.825368 1.8375
 -1.85603 -0.696554 2.3838
 0.879371 0.500601 -2.66158
regression_error on 'test' 0.0820597
classification_error on 'test' 0.157895
Save,2867,0.0820597,0.157895
sample_count 75 Sample index 74
 i 0:0.443801 i 1:0.480944 i 2:0.551613 i 3:0.536988 bias 1
 test_print 3.01335
net matrix:
 -0.903321 -0.384197 -0.557393
outputs matrix:
 0.141044 0.316827 0.24698
error matrix:
 -0.141044 0.683173 -0.24698
delta matrix:
 -0.0341753 0.295742 -0.0918669
weights_delta matrix:
 -0.0015167 0.0131251 -0.00407706
 -0.00164364 0.0142236 -0.00441828
 -0.00188516 0.0163135 -0.0050675
 -0.00183517 0.015881 -0.00493314
 -0.00341753 0.0295742 -0.00918669
weights matrix:
 -0.93386 0.0417966 0.0672735
 1.7772 -2.02087 -0.464212
 -2.22768 0.841682 1.83243
 -1.85787 -0.680673 2.37886
 0.875953 0.530175 -2.67077
regression_error on 'test' 0.082922
classification_error on 'test' 0.105263
Save,2868,0.082922,0.105263
sample_count 75 Sample index 24
 i 0:0.466896 i 1:0.445654 i 2:0.566734 i 3:0.536988 bias 1
 test_print 3.01627
net matrix:
 -1.0282 -0.239422 -0.530315
outputs matrix:
 0.113408 0.382525 0.257189
error matrix:
 -0.113408 0.617475 -0.257189
delta matrix:
 -0.0228055 0.291695 -0.0982684
weights_delta matrix:
 -0.00106478 0.0136191 -0.00458811
 -0.00101634 0.0129995 -0.00437937
 -0.00129247 0.0165313 -0.0055692
 -0.00122463 0.0156637 -0.00527689
 -0.00228055 0.0291695 -0.00982684
weights matrix:
 -0.934925 0.0554157 0.0626854
 1.77619 -2.00787 -0.468592
 -2.22897 0.858213 1.82686
 -1.85909 -0.665009 2.37359
 0.873673 0.559345 -2.6806
regression_error on 'test' 0.0843021
classification_error on 'test' 0.0789474
Save,2869,0.0843021,0.0789474
sample_count 75 Sample index 33
 i 0:0.559279 i 1:0.480944 i 2:0.672581 i 3:0.719493 bias 1
 test_print 3.4323
net matrix:
 -1.63173 -0.276586 0.065589
outputs matrix:
 0.0368462 0.365129 0.532748
error matrix:
 -0.0368462 -0.365129 0.467252
delta matrix:
 -0.00261523 -0.169281 0.232624
weights_delta matrix:
 -0.000146264 -0.00946751 0.0130102
 -0.000125778 -0.00814145 0.0111879
 -0.000175895 -0.0113855 0.0156459
 -0.000188164 -0.0121796 0.0167371
 -0.000261523 -0.0169281 0.0232624
weights matrix:
 -0.935071 0.0459481 0.0756956
 1.77606 -2.01601 -0.457404
 -2.22914 0.846827 1.84251
 -1.85928 -0.677189 2.39033
 0.873411 0.542417 -2.65733
regression_error on 'test' 0.0828959
classification_error on 'test' 0.105263
Save,2870,0.0828959,0.105263
sample_count 75 Sample index 33
 i 0:0.559279 i 1:0.480944 i 2:0.672581 i 3:0.719493 bias 1
 test_print 3.4323
net matrix:
 -1.63239 -0.319146 0.124074
outputs matrix:
 0.0367995 0.345633 0.561721
error matrix:
 -0.0367995 -0.345633 0.438279
delta matrix:
 -0.00260874 -0.156344 0.215801
weights_delta matrix:
 -0.000145901 -0.008744 0.0120693
 -0.000125466 -0.00751927 0.0103788
 -0.000175459 -0.0105154 0.0145143
 -0.000187697 -0.0112488 0.0155267
 -0.000260874 -0.0156344 0.0215801
weights matrix:
 -0.935217 0.0372042 0.0877649
 1.77594 -2.02353 -0.447025
 -2.22932 0.836312 1.85702
 -1.85947 -0.688437 2.40585
 0.87315 0.526782 -2.63575
regression_error on 'test' 0.0820886
classification_error on 'test' 0.157895
Save,2871,0.0820886,0.157895
sample_count 75 Sample index 35
 i 0:0.189749 i 1:0.233915 i 2:0.128226 i 3:0.171977 bias 1
 test_print 1.72387
net matrix:
 0.505469 0.0493493 -2.0718
outputs matrix:
 0.733204 0.524655 0.0156179
error matrix:
 0.266796 -0.524655 -0.0156179
delta matrix:
 0.104379 -0.261689 -0.000480221
weights_delta matrix:
 0.00198058 -0.00496553 -9.11214e-06
 0.00244159 -0.00612131 -1.12331e-05
 0.00133841 -0.00335554 -6.15768e-06
 0.00179508 -0.00450046 -8.25869e-06
 0.0104379 -0.0261689 -4.80221e-05
weights matrix:
 -0.933237 0.0322386 0.0877558
 1.77838 -2.02965 -0.447036
 -2.22798 0.832956 1.85702
 -1.85767 -0.692938 2.40584
 0.883588 0.500613 -2.6358
regression_error on 'test' 0.081773
classification_error on 'test' 0.157895
Save,2872,0.081773,0.157895
sample_count 75 Sample index 12
 i 0:0.166653 i 1:0.480944 i 2:0.128226 i 3:0.135476 bias 1
 test_print 1.9113
net matrix:
 1.04601 -0.457232 -2.27213
outputs matrix:
 0.890124 0.286087 0.0105164
error matrix:
 0.109876 -0.286087 -0.0105164
delta matrix:
 0.0214923 -0.116862 -0.000218862
weights_delta matrix:
 0.000358176 -0.00194753 -3.6474e-06
 0.00103366 -0.00562039 -1.0526e-05
 0.000275587 -0.00149847 -2.80638e-06
 0.000291169 -0.00158319 -2.96505e-06
 0.00214923 -0.0116862 -2.18862e-05
weights matrix:
 -0.932878 0.0302911 0.0877521
 1.77941 -2.03527 -0.447047
 -2.22771 0.831458 1.85701
 -1.85738 -0.694521 2.40584
 0.885738 0.488927 -2.63582
regression_error on 'test' 0.0816787
classification_error on 'test' 0.157895
Save,2873,0.0816787,0.157895
sample_count 75 Sample index 16
 i 0:0.60547 i 1:0.304495 i 2:0.687702 i 3:0.755994 bias 1
 test_print 3.35366
net matrix:
 -2.07344 -0.0657209 0.377057
outputs matrix:
 0.0155675 0.467187 0.680075
error matrix:
 -0.0155675 -0.467187 0.319925
delta matrix:
 -0.000477151 -0.232587 0.139214
weights_delta matrix:
 -2.88901e-05 -0.0140825 0.00842901
 -1.4529e-05 -0.00708217 0.00423901
 -3.28138e-05 -0.0159951 0.0095738
 -3.60724e-05 -0.0175835 0.0105245
 -4.77151e-05 -0.0232587 0.0139214
weights matrix:
 -0.932907 0.0162086 0.0961811
 1.7794 -2.04235 -0.442808
 -2.22774 0.815463 1.86659
 -1.85742 -0.712105 2.41637
 0.88569 0.465668 -2.6219
regression_error on 'test' 0.0814263
classification_error on 'test' 0.157895
Save,2874,0.0814263,0.157895
sample_count 75 Sample index 20
 i 0:0.489992 i 1:0.375074 i 2:0.521371 i 3:0.500487 bias 1
 test_print 2.88692
net matrix:
 -0.995114 -0.223663 -0.558316
outputs matrix:
 0.120233 0.389996 0.246637
error matrix:
 -0.120233 0.610004 -0.246637
delta matrix:
 -0.0254357 0.290239 -0.0916536
weights_delta matrix:
 -0.00124633 0.0142215 -0.00449095
 -0.000954026 0.0108861 -0.00343769
 -0.00132614 0.0151322 -0.00477855
 -0.00127302 0.0145261 -0.00458714
 -0.00254357 0.0290239 -0.00916536
weights matrix:
 -0.934154 0.0304301 0.0916902
 1.77844 -2.03147 -0.446246
 -2.22906 0.830595 1.86181
 -1.85869 -0.697578 2.41178
 0.883146 0.494692 -2.63107
regression_error on 'test' 0.0816433
classification_error on 'test' 0.157895
Save,2875,0.0816433,0.157895
sample_count 75 Sample index 18
 i 0:0.513088 i 1:0.480944 i 2:0.566734 i 3:0.60999 bias 1
 test_print 3.17076
net matrix:
 -1.1379 -0.421506 -0.272331
outputs matrix:
 0.0931479 0.300901 0.367104
error matrix:
 -0.0931479 0.699099 -0.367104
delta matrix:
 -0.0157366 0.294124 -0.170585
weights_delta matrix:
 -0.000807429 0.0150912 -0.0087525
 -0.000756845 0.0141457 -0.00820417
 -0.000891849 0.016669 -0.00966762
 -0.00095992 0.0179413 -0.0104055
 -0.00157366 0.0294124 -0.0170585
weights matrix:
 -0.934961 0.0455213 0.0829377
 1.77769 -2.01732 -0.45445
 -2.22996 0.847264 1.85214
 -1.85965 -0.679637 2.40137
 0.881573 0.524105 -2.64813
regression_error on 'test' 0.0824324
classification_error on 'test' 0.131579
Save,2876,0.0824324,0.131579
sample_count 75 Sample index 50
 i 0:0.489992 i 1:0.833841 i 2:0.113105 i 3:0.135476 bias 1
 test_print 2.57241
net matrix:
 1.4016 -1.13196 -2.45161
outputs matrix:
 0.942848 0.0941555 0.00736793
error matrix:
 0.0571516 -0.0941555 -0.00736793
delta matrix:
 0.00615926 -0.0160611 -0.000107773
weights_delta matrix:
 0.000301799 -0.00078698 -5.28078e-06
 0.000513584 -0.00133924 -8.98654e-06
 6.96643e-05 -0.000181659 -1.21896e-06
 8.34431e-05 -0.000217589 -1.46006e-06
 0.000615926 -0.00160611 -1.07773e-05
weights matrix:
 -0.934659 0.0447343 0.0829324
 1.7782 -2.01866 -0.454459
 -2.22989 0.847083 1.85214
 -1.85957 -0.679855 2.40137
 0.882189 0.522498 -2.64814
regression_error on 'test' 0.0823956
classification_error on 'test' 0.157895
Save,2877,0.0823956,0.157895
sample_count 75 Sample index 41
 i 0:0.674757 i 1:0.445654 i 2:0.627218 i 3:0.536988 bias 1
 test_print 3.28462
net matrix:
 -1.35321 -0.180709 -0.343506
outputs matrix:
 0.0625957 0.410616 0.334698
error matrix:
 -0.0625957 0.589384 -0.334698
delta matrix:
 -0.00734592 0.285274 -0.149058
weights_delta matrix:
 -0.000495671 0.0192491 -0.0100578
 -0.000327374 0.0127134 -0.00664283
 -0.00046075 0.0178929 -0.00934919
 -0.000394467 0.0153189 -0.00800424
 -0.000734592 0.0285274 -0.0149058
weights matrix:
 -0.935155 0.0639833 0.0728746
 1.77787 -2.00595 -0.461102
 -2.23035 0.864975 1.84279
 -1.85996 -0.664536 2.39337
 0.881454 0.551026 -2.66304
regression_error on 'test' 0.0837969
classification_error on 'test' 0.0789474
Save,2878,0.0837969,0.0789474
sample_count 75 Sample index 3
 i 0:0.744044 i 1:0.516233 i 2:0.672581 i 3:0.60999 bias 1
 test_print 3.54285
net matrix:
 -1.53119 -0.260498 -0.147501
outputs matrix:
 0.0446856 0.372619 0.42678
error matrix:
 -0.0446856 0.627381 -0.42678
delta matrix:
 -0.00381515 0.293331 -0.208814
weights_delta matrix:
 -0.000283864 0.0218251 -0.0155367
 -0.000196951 0.0151427 -0.0107797
 -0.0002566 0.0197289 -0.0140444
 -0.00023272 0.0178929 -0.0127374
 -0.000381515 0.0293331 -0.0208814
weights matrix:
 -0.935439 0.0858084 0.0573379
 1.77768 -1.9908 -0.471881
 -2.2306 0.884704 1.82875
 -1.8602 -0.646643 2.38063
 0.881072 0.580359 -2.68392
regression_error on 'test' 0.0862872
classification_error on 'test' 0.0789474
Save,2879,0.0862872,0.0789474
sample_count 75 Sample index 53
 i 0:0.489992 i 1:0.410364 i 2:0.702823 i 3:0.938499 bias 1
 test_print 3.54168
net matrix:
 -2.1613 -0.179633 0.670032
outputs matrix:
 0.0130916 0.411137 0.7925
error matrix:
 -0.0130916 -0.411137 0.2075
delta matrix:
 -0.000338293 -0.199075 0.068244
weights_delta matrix:
 -1.65761e-05 -0.00975453 0.0033439
 -1.38823e-05 -0.00816934 0.00280049
 -2.3776e-05 -0.0139915 0.00479634
 -3.17487e-05 -0.0186832 0.00640469
 -3.38293e-05 -0.0199075 0.0068244
weights matrix:
 -0.935455 0.0760539 0.0606818
 1.77766 -1.99897 -0.469081
 -2.23063 0.870713 1.83354
 -1.86023 -0.665326 2.38703
 0.881039 0.560451 -2.6771
regression_error on 'test' 0.0846515
classification_error on 'test' 0.0789474
Save,2880,0.0846515,0.0789474
sample_count 75 Sample index 52
 i 0:0.443801 i 1:0.410364 i 2:0.672581 i 3:0.792495 bias 1
 test_print 3.31924
net matrix:
 -1.77913 -0.167745 0.282256
outputs matrix:
 0.0276993 0.416905 0.637496
error matrix:
 -0.0276993 -0.416905 0.362504
delta matrix:
 -0.001492 -0.202695 0.167546
weights_delta matrix:
 -6.62152e-05 -0.00899564 0.0074357
 -6.12264e-05 -0.00831789 0.00687547
 -0.000100349 -0.0136329 0.0112688
 -0.00011824 -0.0160635 0.0132779
 -0.0001492 -0.0202695 0.0167546
weights matrix:
 -0.935522 0.0670583 0.0681175
 1.7776 -2.00729 -0.462205
 -2.23073 0.85708 1.84481
 -1.86035 -0.68139 2.40031
 0.880889 0.540182 -2.66035
regression_error on 'test' 0.0831949
classification_error on 'test' 0.105263
Save,2881,0.0831949,0.105263
sample_count 75 Sample index 59
 i 0:0.60547 i 1:0.233915 i 2:0.596976 i 3:0.536988 bias 1
 test_print 2.97335
net matrix:
 -1.60041 0.257006 -0.336972
outputs matrix:
 0.039135 0.625747 0.337614
error matrix:
 -0.039135 0.374253 -0.337614
delta matrix:
 -0.00294322 0.175291 -0.151002
weights_delta matrix:
 -0.000178203 0.0106134 -0.00914272
 -6.88464e-05 0.00410032 -0.00353216
 -0.000175703 0.0104645 -0.00901446
 -0.000158048 0.00941293 -0.00810863
 -0.000294322 0.0175291 -0.0151002
weights matrix:
 -0.9357 0.0776716 0.0589748
 1.77753 -2.00319 -0.465737
 -2.2309 0.867544 1.8358
 -1.8605 -0.671977 2.3922
 0.880595 0.557711 -2.67545
regression_error on 'test' 0.0843114
classification_error on 'test' 0.0789474
Save,2882,0.0843114,0.0789474
sample_count 75 Sample index 5
 i 0:0.536183 i 1:0.198626 i 2:0.687702 i 3:0.60999 bias 1
 test_print 3.0325
net matrix:
 -1.93713 0.388184 -0.0146299
outputs matrix:
 0.020347 0.684897 0.492686
error matrix:
 -0.020347 -0.684897 0.507314
delta matrix:
 -0.000811151 -0.295619 0.253603
weights_delta matrix:
 -4.34926e-05 -0.0158506 0.0135978
 -1.61116e-05 -0.00587177 0.00503721
 -5.5783e-05 -0.0203298 0.0174403
 -4.94794e-05 -0.0180325 0.0154695
 -8.11151e-05 -0.0295619 0.0253603
weights matrix:
 -0.935743 0.061821 0.0725726
 1.77752 -2.00906 -0.4607
 -2.23096 0.847215 1.85324
 -1.86055 -0.690009 2.40767
 0.880514 0.528149 -2.65009
regression_error on 'test' 0.0825463
classification_error on 'test' 0.131579
Save,2883,0.0825463,0.131579
sample_count 75 Sample index 56
 i 0:0.328323 i 1:0.727972 i 2:0.158468 i 3:0.208478 bias 1
 test_print 2.42324
net matrix:
 1.12585 -0.923691 -2.16601
outputs matrix:
 0.904797 0.136181 0.0129705
error matrix:
 0.0952031 -0.136181 -0.0129705
delta matrix:
 0.0164015 -0.0320394 -0.000332106
weights_delta matrix:
 0.000538498 -0.00105193 -1.09038e-05
 0.00119398 -0.00233238 -2.41764e-05
 0.000259911 -0.000507721 -5.26282e-06
 0.000341935 -0.00066795 -6.92368e-06
 0.00164015 -0.00320394 -3.32106e-05
weights matrix:
 -0.935205 0.0607691 0.0725617
 1.77871 -2.0114 -0.460724
 -2.2307 0.846707 1.85323
 -1.86021 -0.690677 2.40767
 0.882154 0.524945 -2.65012
regression_error on 'test' 0.0824694
classification_error on 'test' 0.131579
Save,2884,0.0824694,0.131579
sample_count 75 Sample index 19
 i 0:0.674757 i 1:0.480944 i 2:0.596976 i 3:0.573489 bias 1
 test_print 3.32617
net matrix:
 -1.29191 -0.292051 -0.335634
outputs matrix:
 0.0701874 0.357989 0.338213
error matrix:
 -0.0701874 0.642011 -0.338213
delta matrix:
 -0.00916101 0.29511 -0.151401
weights_delta matrix:
 -0.000618146 0.0199128 -0.0102159
 -0.000440593 0.0141932 -0.00728154
 -0.00054689 0.0176174 -0.00903827
 -0.000525374 0.0169243 -0.00868268
 -0.000916101 0.029511 -0.0151401
weights matrix:
 -0.935823 0.0806819 0.0623458
 1.77827 -1.9972 -0.468006
 -2.23125 0.864324 1.84419
 -1.86074 -0.673753 2.39898
 0.881238 0.554456 -2.66526
regression_error on 'test' 0.0840267
classification_error on 'test' 0.0789474
Save,2885,0.0840267,0.0789474
sample_count 75 Sample index 34
 i 0:0.767139 i 1:0.551523 i 2:0.642339 i 3:0.573489 bias 1
 test_print 3.53449
net matrix:
 -1.35624 -0.316353 -0.315158
outputs matrix:
 0.0622408 0.346897 0.347439
error matrix:
 -0.0622408 0.653103 -0.347439
delta matrix:
 -0.00726561 0.295933 -0.157546
weights_delta matrix:
 -0.000557373 0.0227022 -0.012086
 -0.000400715 0.0163214 -0.00868904
 -0.000466698 0.019009 -0.0101198
 -0.000416675 0.0169715 -0.0090351
 -0.000726561 0.0295933 -0.0157546
weights matrix:
 -0.93638 0.103384 0.0502598
 1.77787 -1.98088 -0.476695
 -2.23171 0.883333 1.83408
 -1.86115 -0.656782 2.38995
 0.880512 0.584049 -2.68101
regression_error on 'test' 0.0864696
classification_error on 'test' 0.0789474
Save,2886,0.0864696,0.0789474
sample_count 75 Sample index 18
 i 0:0.513088 i 1:0.480944 i 2:0.566734 i 3:0.60999 bias 1
 test_print 3.17076
net matrix:
 -1.14495 -0.215613 -0.387212
outputs matrix:
 0.0919626 0.393833 0.315523
error matrix:
 -0.0919626 0.606167 -0.315523
delta matrix:
 -0.0153588 0.289419 -0.136286
weights_delta matrix:
 -0.000788039 0.0148497 -0.00699266
 -0.00073867 0.0139194 -0.00655458
 -0.000870433 0.0164023 -0.00772378
 -0.000936868 0.0176542 -0.0083133
 -0.00153588 0.0289419 -0.0136286
weights matrix:
 -0.937168 0.118234 0.0432671
 1.77713 -1.96696 -0.483249
 -2.23258 0.899736 1.82635
 -1.86209 -0.639127 2.38163
 0.878976 0.612991 -2.69464
regression_error on 'test' 0.0893027
classification_error on 'test' 0.0789474
Save,2887,0.0893027,0.0789474
sample_count 75 Sample index 4
 i 0:0.212844 i 1:0.516233 i 2:0.158468 i 3:0.135476 bias 1
 test_print 2.02302
net matrix:
 0.990856 -0.321261 -2.32283
outputs matrix:
 0.878864 0.344677 0.00951185
error matrix:
 0.121136 -0.344677 -0.00951185
delta matrix:
 0.025793 -0.155708 -0.000179229
weights_delta matrix:
 0.000548988 -0.00331414 -3.81479e-06
 0.00133152 -0.00803814 -9.25242e-06
 0.000408736 -0.00246747 -2.84021e-06
 0.000349433 -0.00210946 -2.42813e-06
 0.0025793 -0.0155708 -1.79229e-05
weights matrix:
 -0.936619 0.11492 0.0432633
 1.77846 -1.975 -0.483259
 -2.23218 0.897268 1.82635
 -1.86174 -0.641237 2.38163
 0.881555 0.597421 -2.69466
regression_error on 'test' 0.088407
classification_error on 'test' 0.0789474
Save,2888,0.088407,0.0789474
sample_count 75 Sample index 28
 i 0:0.305227 i 1:0.551523 i 2:0.113105 i 3:0.135476 bias 1
 test_print 2.10533
net matrix:
 1.07184 -0.442147 -2.41876
outputs matrix:
 0.895077 0.292289 0.00786435
error matrix:
 0.104923 -0.292289 -0.00786435
delta matrix:
 0.0197073 -0.120923 -0.000122723
weights_delta matrix:
 0.000601521 -0.00369091 -3.74584e-06
 0.00108691 -0.0066692 -6.76847e-06
 0.0002229 -0.0013677 -1.38806e-06
 0.000266987 -0.00163822 -1.66261e-06
 0.00197073 -0.0120923 -1.22723e-05
weights matrix:
 -0.936018 0.111229 0.0432596
 1.77955 -1.98167 -0.483266
 -2.23195 0.8959 1.82635
 -1.86147 -0.642875 2.38163
 0.883526 0.585328 -2.69467
regression_error on 'test' 0.0877479
classification_error on 'test' 0.0789474
Save,2889,0.0877479,0.0789474
sample_count 75 Sample index 23
 i 0:0.975 i 1:0.763262 i 2:0.899395 i 3:0.792495 bias 1
 test_print 4.43015
net matrix:
 -2.15345 -0.522463 0.508686
outputs matrix:
 0.0132962 0.260201 0.73446
error matrix:
 -0.0132962 -0.260201 0.26554
delta matrix:
 -0.000348876 -0.100175 0.103576
weights_delta matrix:
 -3.40154e-05 -0.00976709 0.0100986
 -2.66284e-05 -0.007646 0.00790553
 -3.13778e-05 -0.00900972 0.00931554
 -2.76483e-05 -0.00793884 0.00820831
 -3.48876e-05 -0.0100175 0.0103576
weights matrix:
 -0.936052 0.101462 0.0533582
 1.77952 -1.98931 -0.47536
 -2.23198 0.886891 1.83566
 -1.8615 -0.650814 2.38984
 0.883491 0.575311 -2.68431
regression_error on 'test' 0.0862722
classification_error on 'test' 0.0789474
Save,2890,0.0862722,0.0789474
sample_count 75 Sample index 36
 i 0:0.744044 i 1:0.516233 i 2:0.702823 i 3:0.901998 bias 1
 test_print 3.8651
net matrix:
 -2.14209 -0.339853 0.555766
outputs matrix:
 0.0135976 0.336327 0.752414
error matrix:
 -0.0135976 -0.336327 0.247586
delta matrix:
 -0.000364761 -0.150144 0.0922439
weights_delta matrix:
 -2.71398e-05 -0.0111714 0.00686335
 -1.88302e-05 -0.00775092 0.00476193
 -2.56362e-05 -0.0105525 0.00648311
 -3.29014e-05 -0.0135429 0.00832038
 -3.64761e-05 -0.0150144 0.00922439
weights matrix:
 -0.936079 0.0902903 0.0602215
 1.7795 -1.99707 -0.470598
 -2.23201 0.876338 1.84215
 -1.86153 -0.664357 2.39816
 0.883454 0.560296 -2.67509
regression_error on 'test' 0.0847964
classification_error on 'test' 0.0789474
Save,2891,0.0847964,0.0789474
sample_count 75 Sample index 11
 i 0:0.536183 i 1:0.198626 i 2:0.536492 i 3:0.427485 bias 1
 test_print 2.69879
net matrix:
 -1.25823 0.398185 -0.7228
outputs matrix:
 0.0747119 0.689198 0.19068
error matrix:
 -0.0747119 0.310802 -0.19068
delta matrix:
 -0.0103297 0.13315 -0.0588517
weights_delta matrix:
 -0.000553859 0.0071393 -0.00315553
 -0.000205174 0.00264471 -0.00116895
 -0.000554178 0.00714341 -0.00315735
 -0.000441578 0.00569198 -0.00251582
 -0.00103297 0.013315 -0.00588517
weights matrix:
 -0.936633 0.0974296 0.057066
 1.7793 -1.99442 -0.471767
 -2.23256 0.883482 1.83899
 -1.86198 -0.658665 2.39564
 0.882421 0.573611 -2.68098
regression_error on 'test' 0.0856618
classification_error on 'test' 0.0789474
Save,2892,0.0856618,0.0789474
sample_count 75 Sample index 47
 i 0:0.282131 i 1:0.516233 i 2:0.158468 i 3:0.0989754 bias 1
 test_print 2.05581
net matrix:
 0.99862 -0.353675 -2.37989
outputs matrix:
 0.880507 0.330185 0.00849478
error matrix:
 0.119493 -0.330185 -0.00849478
delta matrix:
 0.0251447 -0.146049 -0.000143096
weights_delta matrix:
 0.000709411 -0.0041205 -4.03719e-06
 0.00129805 -0.00753954 -7.38711e-06
 0.000398464 -0.00231441 -2.26762e-06
 0.000248871 -0.00144553 -1.4163e-06
 0.00251447 -0.0146049 -1.43096e-05
weights matrix:
 -0.935923 0.0933091 0.057062
 1.7806 -2.00196 -0.471774
 -2.23216 0.881167 1.83899
 -1.86173 -0.66011 2.39564
 0.884936 0.559006 -2.68099
regression_error on 'test' 0.0850676
classification_error on 'test' 0.0789474
Save,2893,0.0850676,0.0789474
sample_count 75 Sample index 28
 i 0:0.305227 i 1:0.551523 i 2:0.113105 i 3:0.135476 bias 1
 test_print 2.10533
net matrix:
 1.07662 -0.506405 -2.39122
outputs matrix:
 0.895971 0.26643 0.00830602
error matrix:
 0.104029 -0.26643 -0.00830602
delta matrix:
 0.0193926 -0.104145 -0.000136834
weights_delta matrix:
 0.000591913 -0.00317879 -4.17654e-06
 0.00106954 -0.00574384 -7.54671e-06
 0.00021934 -0.00117793 -1.54766e-06
 0.000262723 -0.00141092 -1.85377e-06
 0.00193926 -0.0104145 -1.36834e-05
weights matrix:
 -0.935331 0.0901303 0.0570578
 1.78166 -2.0077 -0.471782
 -2.23195 0.879989 1.83898
 -1.86146 -0.661521 2.39564
 0.886875 0.548592 -2.681
regression_error on 'test' 0.0846785
classification_error on 'test' 0.0789474
Save,2894,0.0846785,0.0789474
sample_count 75 Sample index 58
 i 0:0.282131 i 1:0.516233 i 2:0.158468 i 3:0.0989754 bias 1
 test_print 2.05581
net matrix:
 1.00481 -0.388447 -2.37993
outputs matrix:
 0.881804 0.31499 0.00849412
error matrix:
 0.118196 -0.31499 -0.00849412
delta matrix:
 0.0246382 -0.135931 -0.000143074
weights_delta matrix:
 0.00069512 -0.00383505 -4.03657e-06
 0.0012719 -0.00701723 -7.38597e-06
 0.000390436 -0.00215408 -2.26727e-06
 0.000243857 -0.00134539 -1.41608e-06
 0.00246382 -0.0135931 -1.43074e-05
weights matrix:
 -0.934636 0.0862953 0.0570538
 1.78294 -2.01472 -0.471789
 -2.23156 0.877835 1.83898
 -1.86122 -0.662867 2.39564
 0.889339 0.534999 -2.68102
regression_error on 'test' 0.0842297
classification_error on 'test' 0.0789474
Save,2895,0.0842297,0.0789474
sample_count 75 Sample index 9
 i 0:0.351418 i 1:0.375074 i 2:0.521371 i 3:0.573489 bias 1
 test_print 2.82135
net matrix:
 -1.00123 -0.112814 -0.505259
outputs matrix:
 0.118944 0.443831 0.266878
error matrix:
 -0.118944 0.556169 -0.266878
delta matrix:
 -0.0249298 0.274575 -0.104432
weights_delta matrix:
 -0.000876079 0.00964906 -0.00366992
 -0.000935053 0.0102986 -0.00391697
 -0.00129977 0.0143155 -0.00544477
 -0.0014297 0.0157466 -0.00598905
 -0.00249298 0.0274575 -0.0104432
weights matrix:
 -0.935512 0.0959443 0.0533838
 1.782 -2.00442 -0.475706
 -2.23285 0.892151 1.83354
 -1.86265 -0.64712 2.38965
 0.886846 0.562456 -2.69146
regression_error on 'test' 0.0859299
classification_error on 'test' 0.0789474
Save,2896,0.0859299,0.0789474
sample_count 75 Sample index 25
 i 0:0.628566 i 1:0.410364 i 2:0.778427 i 3:0.865497 bias 1
 test_print 3.68285
net matrix:
 -2.32015 -0.0653856 0.642392
outputs matrix:
 0.00956249 0.467354 0.783263
error matrix:
 -0.00956249 -0.467354 0.216737
delta matrix:
 -0.000181134 -0.232681 0.0735875
weights_delta matrix:
 -1.13855e-05 -0.0146255 0.00462546
 -7.43308e-06 -0.00954838 0.00301977
 -1.40999e-05 -0.0181125 0.00572825
 -1.56771e-05 -0.0201384 0.00636898
 -1.81134e-05 -0.0232681 0.00735875
weights matrix:
 -0.935524 0.0813188 0.0580093
 1.78199 -2.01397 -0.472687
 -2.23287 0.874038 1.83927
 -1.86267 -0.667258 2.39602
 0.886828 0.539188 -2.6841
regression_error on 'test' 0.0841202
classification_error on 'test' 0.0789474
Save,2897,0.0841202,0.0789474
sample_count 75 Sample index 63
 i 0:0.420705 i 1:0.904421 i 2:0.143347 i 3:0.135476 bias 1
 test_print 2.60395
net matrix:
 1.5325 -1.21319 -2.49895
outputs matrix:
 0.955426 0.0811838 0.00670684
error matrix:
 0.0445743 -0.0811838 -0.00670684
delta matrix:
 0.00379661 -0.0121115 -8.93601e-05
weights_delta matrix:
 0.000159725 -0.000509536 -3.75943e-06
 0.000343374 -0.00109539 -8.08192e-06
 5.44233e-05 -0.000173615 -1.28095e-06
 5.1435e-05 -0.000164082 -1.21062e-06
 0.000379661 -0.00121115 -8.93601e-06
weights matrix:
 -0.935364 0.0808093 0.0580055
 1.78234 -2.01507 -0.472695
 -2.23281 0.873865 1.83926
 -1.86261 -0.667423 2.39602
 0.887207 0.537977 -2.68411
regression_error on 'test' 0.0840769
classification_error on 'test' 0.0789474
Save,2898,0.0840769,0.0789474
sample_count 75 Sample index 60
 i 0:0.559279 i 1:0.410364 i 2:0.536492 i 3:0.536988 bias 1
 test_print 3.04312
net matrix:
 -1.1026 -0.133315 -0.572263
outputs matrix:
 0.0992838 0.433734 0.24149
error matrix:
 -0.0992838 0.566266 -0.24149
delta matrix:
 -0.0177572 0.27816 -0.0884689
weights_delta matrix:
 -0.000993124 0.0155569 -0.00494788
 -0.000728692 0.0114147 -0.00363044
 -0.00095266 0.014923 -0.00474628
 -0.000953541 0.0149368 -0.00475067
 -0.00177572 0.027816 -0.00884689
weights matrix:
 -0.936357 0.0963662 0.0530577
 1.78161 -2.00365 -0.476325
 -2.23377 0.888788 1.83452
 -1.86357 -0.652486 2.39127
 0.885432 0.565793 -2.69296
regression_error on 'test' 0.0858357
classification_error on 'test' 0.0789474
Save,2899,0.0858357,0.0789474
sample_count 75 Sample index 27
 i 0:0.328323 i 1:0.622103 i 2:0.158468 i 3:0.135476 bias 1
 test_print 2.24437
net matrix:
 1.0799 -0.596597 -2.35719
outputs matrix:
 0.896581 0.232688 0.00888577
error matrix:
 0.103419 -0.232688 -0.00888577
delta matrix:
 0.0191788 -0.0830903 -0.000156511
weights_delta matrix:
 0.000629685 -0.00272804 -5.1386e-06
 0.00119312 -0.00516907 -9.73657e-06
 0.000303923 -0.00131671 -2.48019e-06
 0.000259827 -0.00112567 -2.12034e-06
 0.00191788 -0.00830903 -1.56511e-05
weights matrix:
 -0.935728 0.0936381 0.0530525
 1.7828 -2.00882 -0.476335
 -2.23346 0.887471 1.83452
 -1.86331 -0.653611 2.39126
 0.88735 0.557484 -2.69297
regression_error on 'test' 0.0854777
classification_error on 'test' 0.0789474
Save,2900,0.0854777,0.0789474
sample_count 75 Sample index 73
 i 0:0.582374 i 1:0.410364 i 2:0.65746 i 3:0.719493 bias 1
 test_print 3.36969
net matrix:
 -1.73505 -0.0991235 0.0690712
outputs matrix:
 0.0301753 0.4506 0.534481
error matrix:
 -0.0301753 -0.4506 0.465519
delta matrix:
 -0.00176614 -0.223101 0.231653
weights_delta matrix:
 -0.000102856 -0.0129928 0.0134908
 -7.24761e-05 -0.00915525 0.00950619
 -0.000116117 -0.014668 0.0152302
 -0.000127073 -0.0160519 0.0166672
 -0.000176614 -0.0223101 0.0231653
weights matrix:
 -0.93583 0.0806453 0.0665434
 1.78273 -2.01798 -0.466829
 -2.23358 0.872803 1.84975
 -1.86344 -0.669663 2.40793
 0.887173 0.535174 -2.66981
regression_error on 'test' 0.0835649
classification_error on 'test' 0.105263
Save,2901,0.0835649,0.105263
sample_count 75 Sample index 19
 i 0:0.674757 i 1:0.480944 i 2:0.596976 i 3:0.573489 bias 1
 test_print 3.32617
net matrix:
 -1.28895 -0.243946 -0.36425
outputs matrix:
 0.070575 0.38039 0.325524
error matrix:
 -0.070575 0.61961 -0.325524
delta matrix:
 -0.00925861 0.292076 -0.142943
weights_delta matrix:
 -0.000624731 0.019708 -0.00964518
 -0.000445287 0.0140472 -0.00687476
 -0.000552717 0.0174362 -0.00853335
 -0.000530971 0.0167502 -0.00819762
 -0.000925861 0.0292076 -0.0142943
weights matrix:
 -0.936455 0.100353 0.0568982
 1.78228 -2.00393 -0.473703
 -2.23413 0.890239 1.84121
 -1.86397 -0.652913 2.39973
 0.886247 0.564382 -2.6841
regression_error on 'test' 0.085582
classification_error on 'test' 0.0789474
Save,2902,0.085582,0.0789474
sample_count 75 Sample index 62
 i 0:0.582374 i 1:0.622103 i 2:0.748185 i 3:0.901998 bias 1
 test_print 3.85466
net matrix:
 -1.90319 -0.546688 0.596464
outputs matrix:
 0.021745 0.250983 0.767264
error matrix:
 -0.021745 -0.250983 0.232736
delta matrix:
 -0.000925124 -0.0943649 0.083119
weights_delta matrix:
 -5.38768e-05 -0.00549556 0.00484064
 -5.75522e-05 -0.00587047 0.00517086
 -6.92164e-05 -0.00706024 0.00621884
 -8.3446e-05 -0.00851169 0.00749732
 -9.25124e-05 -0.00943649 0.0083119
weights matrix:
 -0.936509 0.0948578 0.0617388
 1.78223 -2.0098 -0.468532
 -2.2342 0.883179 1.84743
 -1.86405 -0.661425 2.40723
 0.886155 0.554945 -2.67579
regression_error on 'test' 0.084645
classification_error on 'test' 0.0789474
Save,2903,0.084645,0.0789474
sample_count 75 Sample index 62
 i 0:0.582374 i 1:0.622103 i 2:0.748185 i 3:0.901998 bias 1
 test_print 3.85466
net matrix:
 -1.90348 -0.575937 0.622228
outputs matrix:
 0.0217328 0.240147 0.776339
error matrix:
 -0.0217328 -0.240147 0.223661
delta matrix:
 -0.000924098 -0.0876423 0.0776718
weights_delta matrix:
 -5.38171e-05 -0.00510406 0.0045234
 -5.74884e-05 -0.00545225 0.00483199
 -6.91396e-05 -0.00655726 0.00581129
 -8.33534e-05 -0.00790532 0.00700598
 -9.24098e-05 -0.00876423 0.00776718
weights matrix:
 -0.936563 0.0897537 0.0662622
 1.78217 -2.01525 -0.4637
 -2.23427 0.876622 1.85324
 -1.86413 -0.66933 2.41424
 0.886062 0.546181 -2.66802
regression_error on 'test' 0.0838938
classification_error on 'test' 0.105263
Save,2904,0.0838938,0.105263
sample_count 75 Sample index 12
 i 0:0.166653 i 1:0.480944 i 2:0.128226 i 3:0.135476 bias 1
 test_print 1.9113
net matrix:
 1.04807 -0.386357 -2.31529
outputs matrix:
 0.890527 0.315892 0.00965498
error matrix:
 0.109473 -0.315892 -0.00965498
delta matrix:
 0.0213447 -0.136531 -0.000184637
weights_delta matrix:
 0.000355717 -0.00227534 -3.07704e-06
 0.00102656 -0.00656639 -8.88002e-06
 0.000273695 -0.00175069 -2.36753e-06
 0.00028917 -0.00184967 -2.50139e-06
 0.00213447 -0.0136531 -1.84637e-05
weights matrix:
 -0.936207 0.0874784 0.0662592
 1.7832 -2.02182 -0.463709
 -2.234 0.874871 1.85324
 -1.86384 -0.67118 2.41424
 0.888197 0.532528 -2.66804
regression_error on 'test' 0.0835002
classification_error on 'test' 0.105263
Save,2905,0.0835002,0.105263
sample_count 75 Sample index 8
 i 0:0.489992 i 1:0.375074 i 2:0.702823 i 3:0.755994 bias 1
 test_print 3.32388
net matrix:
 -1.88087 -0.0754684 0.318146
outputs matrix:
 0.0227154 0.462337 0.653915
error matrix:
 -0.0227154 -0.462337 0.346085
delta matrix:
 -0.00100854 -0.229857 0.156645
weights_delta matrix:
 -4.94177e-05 -0.0112628 0.00767549
 -3.78278e-05 -0.00862134 0.00587535
 -7.08826e-05 -0.0161549 0.0110094
 -7.62451e-05 -0.0173771 0.0118423
 -0.000100854 -0.0229857 0.0156645
weights matrix:
 -0.936256 0.0762156 0.0739346
 1.78316 -2.03044 -0.457834
 -2.23407 0.858716 1.86425
 -1.86392 -0.688557 2.42608
 0.888096 0.509542 -2.65238
regression_error on 'test' 0.0823459
classification_error on 'test' 0.157895
Save,2906,0.0823459,0.157895
sample_count 75 Sample index 6
 i 0:0.305227 i 1:0.657392 i 2:0.128226 i 3:0.171977 bias 1
 test_print 2.26282
net matrix:
 1.16754 -0.810296 -2.27451
outputs matrix:
 0.911741 0.165123 0.0104668
error matrix:
 0.0882587 -0.165123 -0.0104668
delta matrix:
 0.0142042 -0.045527 -0.000216815
weights_delta matrix:
 0.000433551 -0.00138961 -6.61777e-06
 0.000933773 -0.00299291 -1.42532e-05
 0.000182135 -0.000583774 -2.78013e-06
 0.00024428 -0.00078296 -3.72871e-06
 0.00142042 -0.0045527 -2.16815e-05
weights matrix:
 -0.935823 0.074826 0.073928
 1.78409 -2.03343 -0.457848
 -2.23389 0.858132 1.86425
 -1.86368 -0.68934 2.42607
 0.889516 0.504989 -2.6524
regression_error on 'test' 0.0822565
classification_error on 'test' 0.157895
Save,2907,0.0822565,0.157895
sample_count 75 Sample index 62
 i 0:0.582374 i 1:0.622103 i 2:0.748185 i 3:0.901998 bias 1
 test_print 3.85466
net matrix:
 -1.89799 -0.69618 0.688941
outputs matrix:
 0.0219677 0.199031 0.798651
error matrix:
 -0.0219677 -0.199031 0.201349
delta matrix:
 -0.000943954 -0.0634583 0.0647571
weights_delta matrix:
 -5.49734e-05 -0.00369565 0.00377128
 -5.87236e-05 -0.00394776 0.00402856
 -7.06252e-05 -0.00474786 0.00484503
 -8.51444e-05 -0.00572393 0.00584108
 -9.43954e-05 -0.00634583 0.00647571
weights matrix:
 -0.935878 0.0711303 0.0776993
 1.78403 -2.03738 -0.45382
 -2.23396 0.853385 1.86909
 -1.86376 -0.695064 2.43191
 0.889422 0.498644 -2.64592
regression_error on 'test' 0.0820024
classification_error on 'test' 0.157895
Save,2908,0.0820024,0.157895
sample_count 75 Sample index 49
 i 0:0.397609 i 1:0.480944 i 2:0.612097 i 3:0.60999 bias 1
 test_print 3.10064
net matrix:
 -1.12895 -0.354568 -0.205782
outputs matrix:
 0.094671 0.32979 0.398537
error matrix:
 -0.094671 0.67021 -0.398537
delta matrix:
 -0.0162282 0.296271 -0.191063
weights_delta matrix:
 -0.000645248 0.01178 -0.00759683
 -0.000780486 0.014249 -0.00918906
 -0.000993323 0.0181347 -0.0116949
 -0.000989904 0.0180722 -0.0116546
 -0.00162282 0.0296271 -0.0191063
weights matrix:
 -0.936523 0.0829103 0.0701025
 1.78325 -2.02313 -0.463009
 -2.23495 0.871519 1.8574
 -1.86475 -0.676991 2.42026
 0.887799 0.528271 -2.66503
regression_error on 'test' 0.0831225
classification_error on 'test' 0.105263
Save,2909,0.0831225,0.105263
sample_count 75 Sample index 9
 i 0:0.351418 i 1:0.375074 i 2:0.521371 i 3:0.573489 bias 1
 test_print 2.82135
net matrix:
 -1.00711 -0.135279 -0.457671
outputs matrix:
 0.117717 0.43277 0.285908
error matrix:
 -0.117717 0.56723 -0.285908
delta matrix:
 -0.0244523 0.278487 -0.116744
weights_delta matrix:
 -0.000859297 0.00978655 -0.00410261
 -0.000917141 0.0104453 -0.00437878
 -0.00127487 0.0145195 -0.00608672
 -0.00140231 0.0159709 -0.00669516
 -0.00244523 0.0278487 -0.0116744
weights matrix:
 -0.937382 0.0926969 0.0659999
 1.78234 -2.01269 -0.467388
 -2.23622 0.886039 1.85131
 -1.86615 -0.661021 2.41357
 0.885354 0.556119 -2.6767
regression_error on 'test' 0.0845521
classification_error on 'test' 0.0789474
Save,2910,0.0845521,0.0789474
sample_count 75 Sample index 40
 i 0:0.328323 i 1:0.763262 i 2:0.158468 i 3:0.171977 bias 1
 test_print 2.42203
net matrix:
 1.26267 -0.922924 -2.30332
outputs matrix:
 0.9259 0.136361 0.00988653
error matrix:
 0.0741003 -0.136361 -0.00988653
delta matrix:
 0.010168 -0.0321176 -0.000193554
weights_delta matrix:
 0.000333838 -0.00105449 -6.35484e-06
 0.000776083 -0.00245141 -1.47733e-05
 0.00016113 -0.000508961 -3.06722e-06
 0.000174866 -0.000552349 -3.32869e-06
 0.0010168 -0.00321176 -1.93554e-05
weights matrix:
 -0.937049 0.0916424 0.0659935
 1.78311 -2.01514 -0.467402
 -2.23606 0.88553 1.85131
 -1.86598 -0.661573 2.41356
 0.886371 0.552908 -2.67672
regression_error on 'test' 0.0844193
classification_error on 'test' 0.0789474
Save,2911,0.0844193,0.0789474
sample_count 75 Sample index 3
 i 0:0.744044 i 1:0.516233 i 2:0.672581 i 3:0.60999 bias 1
 test_print 3.54285
net matrix:
 -1.5325 -0.227149 -0.151507
outputs matrix:
 0.0445746 0.388339 0.424821
error matrix:
 -0.0445746 0.611661 -0.424821
delta matrix:
 -0.00379667 0.290578 -0.207608
weights_delta matrix:
 -0.000282489 0.0216203 -0.015447
 -0.000195996 0.0150006 -0.0107174
 -0.000255357 0.0195437 -0.0139633
 -0.000231593 0.017725 -0.0126639
 -0.000379667 0.0290578 -0.0207608
weights matrix:
 -0.937331 0.113263 0.0505465
 1.78292 -2.00014 -0.47812
 -2.23632 0.905073 1.83734
 -1.86621 -0.643848 2.4009
 0.885991 0.581965 -2.69748
regression_error on 'test' 0.0871281
classification_error on 'test' 0.0789474
Save,2912,0.0871281,0.0789474
sample_count 75 Sample index 45
 i 0:0.697853 i 1:0.586813 i 2:0.793548 i 3:0.975 bias 1
 test_print 4.05321
net matrix:
 -2.31607 -0.422233 0.856119
outputs matrix:
 0.00964004 0.300595 0.847126
error matrix:
 -0.00964004 -0.300595 0.152874
delta matrix:
 -0.000184069 -0.126393 0.0395953
weights_delta matrix:
 -1.28453e-05 -0.00882037 0.00276317
 -1.08014e-05 -0.0074169 0.0023235
 -1.46068e-05 -0.0100299 0.00314208
 -1.79467e-05 -0.0123233 0.00386054
 -1.84069e-05 -0.0126393 0.00395953
weights matrix:
 -0.937344 0.104442 0.0533097
 1.7829 -2.00755 -0.475796
 -2.23633 0.895044 1.84049
 -1.86623 -0.656171 2.40476
 0.885973 0.569326 -2.69352
regression_error on 'test' 0.0858323
classification_error on 'test' 0.0789474
Save,2913,0.0858323,0.0789474
sample_count 75 Sample index 22
 i 0:0.305227 i 1:0.233915 i 2:0.430645 i 3:0.427485 bias 1
 test_print 2.39727
net matrix:
 -0.743932 0.23655 -0.967955
outputs matrix:
 0.184242 0.616117 0.126098
error matrix:
 -0.184242 0.383883 -0.126098
delta matrix:
 -0.0553822 0.181589 -0.0277913
weights_delta matrix:
 -0.00169042 0.0055426 -0.000848265
 -0.00129547 0.00424765 -0.00065008
 -0.00238501 0.00782005 -0.00119682
 -0.00236751 0.00776267 -0.00118804
 -0.00553822 0.0181589 -0.00277913
weights matrix:
 -0.939034 0.109985 0.0524615
 1.78161 -2.00331 -0.476446
 -2.23872 0.902864 1.83929
 -1.8686 -0.648409 2.40357
 0.880434 0.587485 -2.6963
regression_error on 'test' 0.0869217
classification_error on 'test' 0.0789474
Save,2914,0.0869217,0.0789474
sample_count 75 Sample index 59
 i 0:0.60547 i 1:0.233915 i 2:0.596976 i 3:0.536988 bias 1
 test_print 2.97335
net matrix:
 -1.61125 0.376275 -0.387288
outputs matrix:
 0.0383276 0.679734 0.31549
error matrix:
 -0.0383276 0.320266 -0.31549
delta matrix:
 -0.0028254 0.139441 -0.136264
weights_delta matrix:
 -0.000171069 0.00844274 -0.00825037
 -6.60903e-05 0.00326174 -0.00318742
 -0.000168669 0.0083243 -0.00813463
 -0.00015172 0.00748782 -0.00731721
 -0.00028254 0.0139441 -0.0136264
weights matrix:
 -0.939205 0.118428 0.0442111
 1.78154 -2.00004 -0.479634
 -2.23889 0.911188 1.83115
 -1.86875 -0.640921 2.39625
 0.880152 0.601429 -2.70993
regression_error on 'test' 0.088454
classification_error on 'test' 0.0789474
Save,2915,0.088454,0.0789474
sample_count 75 Sample index 42
 i 0:0.651661 i 1:0.551523 i 2:0.702823 i 3:0.792495 bias 1
 test_print 3.6985
net matrix:
 -1.80384 -0.291989 0.240347
outputs matrix:
 0.0263987 0.358018 0.617912
error matrix:
 -0.0263987 -0.358018 0.382088
delta matrix:
 -0.00135699 -0.164574 0.18042
weights_delta matrix:
 -8.84295e-05 -0.0107247 0.0117572
 -7.48409e-05 -0.00907665 0.00995055
 -9.53721e-05 -0.0115667 0.0126803
 -0.00010754 -0.0130424 0.0142982
 -0.000135699 -0.0164574 0.018042
weights matrix:
 -0.939294 0.107703 0.0559683
 1.78147 -2.00912 -0.469683
 -2.23898 0.899621 1.84383
 -1.86885 -0.653963 2.41055
 0.880016 0.584972 -2.69189
regression_error on 'test' 0.086293
classification_error on 'test' 0.0789474
Save,2916,0.086293,0.0789474
sample_count 75 Sample index 33
 i 0:0.559279 i 1:0.480944 i 2:0.672581 i 3:0.719493 bias 1
 test_print 3.4323
net matrix:
 -1.63905 -0.186521 0.0880253
outputs matrix:
 0.0363302 0.407806 0.543899
error matrix:
 -0.0363302 -0.407806 0.456101
delta matrix:
 -0.00254386 -0.196971 0.226292
weights_delta matrix:
 -0.000142273 -0.0110162 0.0126561
 -0.000122346 -0.00947319 0.0108834
 -0.000171095 -0.0132479 0.01522
 -0.000183029 -0.0141719 0.0162816
 -0.000254386 -0.0196971 0.0226292
weights matrix:
 -0.939436 0.0966868 0.0686244
 1.78135 -2.01859 -0.4588
 -2.23915 0.886373 1.85905
 -1.86904 -0.668135 2.42683
 0.879762 0.565275 -2.66926
regression_error on 'test' 0.0844194
classification_error on 'test' 0.0789474
Save,2917,0.0844194,0.0789474
sample_count 75 Sample index 55
 i 0:0.628566 i 1:0.551523 i 2:0.612097 i 3:0.60999 bias 1
 test_print 3.40218
net matrix:
 -1.23896 -0.352262 -0.260897
outputs matrix:
 0.0774212 0.33081 0.372433
error matrix:
 -0.0774212 0.66919 -0.372433
delta matrix:
 -0.0110599 0.296284 -0.174095
weights_delta matrix:
 -0.000695191 0.0186234 -0.010943
 -0.000609981 0.0163407 -0.00960173
 -0.000676976 0.0181354 -0.0106563
 -0.000674646 0.018073 -0.0106196
 -0.00110599 0.0296284 -0.0174095
weights matrix:
 -0.940131 0.11531 0.0576814
 1.78074 -2.00225 -0.468402
 -2.23983 0.904509 1.8484
 -1.86971 -0.650062 2.41621
 0.878656 0.594903 -2.68667
regression_error on 'test' 0.0869007
classification_error on 'test' 0.0789474
Save,2918,0.0869007,0.0789474
sample_count 75 Sample index 46
 i 0:0.928809 i 1:0.480944 i 2:0.854032 i 3:0.901998 bias 1
 test_print 4.16578
net matrix:
 -2.73748 -0.0748428 0.899642
outputs matrix:
 0.00417294 0.462648 0.858062
error matrix:
 -0.00417294 -0.462648 0.141938
delta matrix:
 -3.46815e-05 -0.230033 0.0345738
weights_delta matrix:
 -3.22125e-06 -0.0213657 0.00321124
 -1.66799e-06 -0.0110633 0.0016628
 -2.96191e-06 -0.0196456 0.00295271
 -3.12827e-06 -0.020749 0.00311855
 -3.46815e-06 -0.0230033 0.00345738
weights matrix:
 -0.940135 0.0939445 0.0608926
 1.78073 -2.01332 -0.466739
 -2.23983 0.884863 1.85135
 -1.86972 -0.670811 2.41933
 0.878652 0.5719 -2.68321
regression_error on 'test' 0.0847157
classification_error on 'test' 0.0789474
Save,2919,0.0847157,0.0789474
sample_count 75 Sample index 62
 i 0:0.582374 i 1:0.622103 i 2:0.748185 i 3:0.901998 bias 1
 test_print 3.85466
net matrix:
 -1.92335 -0.568909 0.629277
outputs matrix:
 0.0209039 0.242721 0.778777
error matrix:
 -0.0209039 -0.242721 0.221223
delta matrix:
 -0.000855677 -0.0892281 0.076226
weights_delta matrix:
 -4.98324e-05 -0.00519641 0.0044392
 -5.32319e-05 -0.00555091 0.00474204
 -6.40205e-05 -0.00667591 0.00570312
 -7.71819e-05 -0.00804836 0.00687557
 -8.55677e-05 -0.00892281 0.0076226
weights matrix:
 -0.940184 0.0887481 0.0653318
 1.78068 -2.01887 -0.461997
 -2.2399 0.878187 1.85705
 -1.86979 -0.678859 2.42621
 0.878567 0.562977 -2.67559
regression_error on 'test' 0.0839388
classification_error on 'test' 0.0789474
Save,2920,0.0839388,0.0789474
sample_count 75 Sample index 55
 i 0:0.628566 i 1:0.551523 i 2:0.612097 i 3:0.60999 bias 1
 test_print 3.40218
net matrix:
 -1.2419 -0.371253 -0.272665
outputs matrix:
 0.0770011 0.322457 0.366948
error matrix:
 -0.0770011 0.677543 -0.366948
delta matrix:
 -0.0109452 0.296057 -0.170482
weights_delta matrix:
 -0.00068798 0.0186091 -0.0107159
 -0.000603655 0.0163282 -0.00940248
 -0.000669954 0.0181216 -0.0104352
 -0.000667648 0.0180592 -0.0103992
 -0.00109452 0.0296057 -0.0170482
weights matrix:
 -0.940872 0.107357 0.0546159
 1.78008 -2.00254 -0.471399
 -2.24057 0.896309 1.84662
 -1.87046 -0.6608 2.41581
 0.877472 0.592583 -2.69264
regression_error on 'test' 0.0862974
classification_error on 'test' 0.0789474
Save,2921,0.0862974,0.0789474
sample_count 75 Sample index 60
 i 0:0.559279 i 1:0.410364 i 2:0.536492 i 3:0.536988 bias 1
 test_print 3.04312
net matrix:
 -1.12472 -0.0431241 -0.56758
outputs matrix:
 0.0953978 0.478451 0.24321
error matrix:
 -0.0953978 0.521549 -0.24321
delta matrix:
 -0.0164651 0.26029 -0.0895299
weights_delta matrix:
 -0.000920859 0.0145575 -0.00500722
 -0.000675669 0.0106814 -0.00367399
 -0.00088334 0.0139643 -0.00480321
 -0.000884157 0.0139773 -0.00480765
 -0.00164651 0.026029 -0.00895299
weights matrix:
 -0.941793 0.121915 0.0496087
 1.7794 -1.99186 -0.475073
 -2.24145 0.910273 1.84182
 -1.87134 -0.646823 2.411
 0.875826 0.618612 -2.70159
regression_error on 'test' 0.0885971
classification_error on 'test' 0.0789474
Save,2922,0.0885971,0.0789474
sample_count 75 Sample index 73
 i 0:0.582374 i 1:0.410364 i 2:0.65746 i 3:0.719493 bias 1
 test_print 3.36969
net matrix:
 -1.76253 0.00530839 0.0779663
outputs matrix:
 0.0286075 0.502654 0.538904
error matrix:
 -0.0286075 -0.502654 0.461096
delta matrix:
 -0.00158995 -0.25132 0.229152
weights_delta matrix:
 -9.25946e-05 -0.0146362 0.0133452
 -6.52458e-05 -0.0103133 0.00940357
 -0.000104533 -0.0165233 0.0150658
 -0.000114396 -0.0180823 0.0164873
 -0.000158995 -0.025132 0.0229152
weights matrix:
 -0.941886 0.107278 0.0629539
 1.77934 -2.00217 -0.46567
 -2.24156 0.89375 1.85688
 -1.87146 -0.664905 2.42749
 0.875667 0.59348 -2.67867
regression_error on 'test' 0.0858331
classification_error on 'test' 0.0789474
Save,2923,0.0858331,0.0789474
sample_count 75 Sample index 27
 i 0:0.328323 i 1:0.622103 i 2:0.158468 i 3:0.135476 bias 1
 test_print 2.24437
net matrix:
 1.0646 -0.565303 -2.32458
outputs matrix:
 0.893709 0.244049 0.00947898
error matrix:
 0.106291 -0.244049 -0.00947898
delta matrix:
 0.0201937 -0.0900489 -0.000177999
weights_delta matrix:
 0.000663006 -0.00295651 -5.84411e-06
 0.00125626 -0.00560197 -1.10733e-05
 0.000320006 -0.00142699 -2.82071e-06
 0.000273576 -0.00121995 -2.41145e-06
 0.00201937 -0.00900489 -1.77999e-05
weights matrix:
 -0.941223 0.104322 0.062948
 1.78059 -2.00777 -0.465681
 -2.24124 0.892323 1.85688
 -1.87119 -0.666125 2.42749
 0.877686 0.584475 -2.67869
regression_error on 'test' 0.0853867
classification_error on 'test' 0.0789474
Save,2924,0.0853867,0.0789474
sample_count 75 Sample index 13
 i 0:0.420705 i 1:0.269205 i 2:0.491129 i 3:0.427485 bias 1
 test_print 2.60852
net matrix:
 -0.939586 0.241348 -0.827893
outputs matrix:
 0.132484 0.618384 0.160329
error matrix:
 -0.132484 0.381616 -0.160329
delta matrix:
 -0.0304533 0.180111 -0.0431679
weights_delta matrix:
 -0.00128119 0.00757737 -0.0018161
 -0.000819818 0.00484869 -0.0011621
 -0.00149565 0.00884579 -0.0021201
 -0.00130183 0.00769949 -0.00184536
 -0.00304533 0.0180111 -0.00431679
weights matrix:
 -0.942504 0.111899 0.0611319
 1.77977 -2.00292 -0.466843
 -2.24273 0.901169 1.85476
 -1.87249 -0.658426 2.42564
 0.874641 0.602486 -2.68301
regression_error on 'test' 0.0865778
classification_error on 'test' 0.0789474
Save,2925,0.0865778,0.0789474
sample_count 75 Sample index 56
 i 0:0.328323 i 1:0.727972 i 2:0.158468 i 3:0.208478 bias 1
 test_print 2.42324
net matrix:
 1.11505 -0.813309 -2.20317
outputs matrix:
 0.902919 0.164294 0.0120526
error matrix:
 0.0970805 -0.164294 -0.0120526
delta matrix:
 0.0170194 -0.0451157 -0.000287029
weights_delta matrix:
 0.000558785 -0.00148125 -9.42382e-06
 0.00123896 -0.0032843 -2.08949e-05
 0.000269703 -0.00071494 -4.54849e-06
 0.000354816 -0.000940564 -5.98392e-06
 0.00170194 -0.00451157 -2.87029e-05
weights matrix:
 -0.941945 0.110418 0.0611225
 1.78101 -2.00621 -0.466864
 -2.24246 0.900454 1.85475
 -1.87213 -0.659366 2.42563
 0.876343 0.597974 -2.68304
regression_error on 'test' 0.0863158
classification_error on 'test' 0.0789474
Save,2926,0.0863158,0.0789474
sample_count 75 Sample index 13
 i 0:0.420705 i 1:0.269205 i 2:0.491129 i 3:0.427485 bias 1
 test_print 2.60852
net matrix:
 -0.942127 0.264716 -0.83516
outputs matrix:
 0.131901 0.629351 0.158382
error matrix:
 -0.131901 0.370649 -0.158382
delta matrix:
 -0.0302061 0.172922 -0.0422235
weights_delta matrix:
 -0.00127079 0.0072749 -0.00177637
 -0.000813164 0.00465514 -0.00113668
 -0.00148351 0.00849268 -0.00207372
 -0.00129127 0.00739214 -0.00180499
 -0.00302061 0.0172922 -0.00422235
weights matrix:
 -0.943216 0.117693 0.0593461
 1.7802 -2.00155 -0.468
 -2.24394 0.908947 1.85268
 -1.87342 -0.651974 2.42383
 0.873322 0.615266 -2.68726
regression_error on 'test' 0.0875796
classification_error on 'test' 0.0789474
Save,2927,0.0875796,0.0789474
sample_count 75 Sample index 16
 i 0:0.60547 i 1:0.304495 i 2:0.687702 i 3:0.755994 bias 1
 test_print 3.35366
net matrix:
 -2.11517 0.209259 0.312661
outputs matrix:
 0.0143389 0.603128 0.651428
error matrix:
 -0.0143389 -0.603128 0.348572
delta matrix:
 -0.000405313 -0.288735 0.1583
weights_delta matrix:
 -2.45405e-05 -0.017482 0.00958461
 -1.23416e-05 -0.00879184 0.00482016
 -2.78734e-05 -0.0198564 0.0108863
 -3.06414e-05 -0.0218282 0.0119674
 -4.05313e-05 -0.0288735 0.01583
weights matrix:
 -0.943241 0.100211 0.0689308
 1.78019 -2.01035 -0.46318
 -2.24397 0.88909 1.86357
 -1.87345 -0.673802 2.4358
 0.873281 0.586393 -2.67143
regression_error on 'test' 0.0849404
classification_error on 'test' 0.0789474
Save,2928,0.0849404,0.0789474
sample_count 75 Sample index 21
 i 0:0.836426 i 1:0.445654 i 2:0.884274 i 3:0.719493 bias 1
 test_print 3.88585
net matrix:
 -2.45455 0.0756966 0.580249
outputs matrix:
 0.00732513 0.537776 0.761423
error matrix:
 -0.00732513 -0.537776 0.238577
delta matrix:
 -0.000106529 -0.267353 0.0866786
weights_delta matrix:
 -8.91036e-06 -0.0223621 0.00725003
 -4.7475e-06 -0.0119147 0.00386287
 -9.42008e-06 -0.0236414 0.00766477
 -7.66468e-06 -0.0192359 0.00623647
 -1.06529e-05 -0.0267353 0.00866786
weights matrix:
 -0.943249 0.0778488 0.0761808
 1.78018 -2.02226 -0.459317
 -2.24398 0.865449 1.87123
 -1.87346 -0.693038 2.44203
 0.873271 0.559658 -2.66276
regression_error on 'test' 0.0830124
classification_error on 'test' 0.105263
Save,2929,0.0830124,0.105263
sample_count 75 Sample index 74
 i 0:0.443801 i 1:0.480944 i 2:0.551613 i 3:0.536988 bias 1
 test_print 3.01335
net matrix:
 -0.933013 -0.273147 -0.506321
outputs matrix:
 0.134002 0.366724 0.266463
error matrix:
 -0.134002 0.633276 -0.266463
delta matrix:
 -0.0311008 0.294141 -0.104166
weights_delta matrix:
 -0.00138025 0.013054 -0.0046229
 -0.00149577 0.0141465 -0.0050098
 -0.00171556 0.0162252 -0.00574593
 -0.00167007 0.015795 -0.00559359
 -0.00311008 0.0294141 -0.0104166
weights matrix:
 -0.94463 0.0909028 0.0715579
 1.77869 -2.00811 -0.464327
 -2.2457 0.881674 1.86549
 -1.87513 -0.677243 2.43644
 0.870161 0.589072 -2.67318
regression_error on 'test' 0.0846278
classification_error on 'test' 0.0789474
Save,2930,0.0846278,0.0789474
sample_count 75 Sample index 43
 i 0:0.582374 i 1:0.198626 i 2:0.612097 i 3:0.60999 bias 1
 test_print 3.00309
net matrix:
 -1.84507 0.369706 -0.0956711
outputs matrix:
 0.0243602 0.676867 0.45231
error matrix:
 -0.0243602 0.323133 -0.45231
delta matrix:
 -0.00115793 0.14135 -0.224098
weights_delta matrix:
 -6.74349e-05 0.00823185 -0.0130509
 -2.29995e-05 0.00280758 -0.00445116
 -7.08767e-05 0.00865199 -0.0137169
 -7.06327e-05 0.0086222 -0.0136697
 -0.000115793 0.014135 -0.0224098
weights matrix:
 -0.944697 0.0991346 0.058507
 1.77866 -2.00531 -0.468778
 -2.24577 0.890326 1.85177
 -1.8752 -0.668621 2.42277
 0.870045 0.603207 -2.69559
regression_error on 'test' 0.0859531
classification_error on 'test' 0.0789474
Save,2931,0.0859531,0.0789474
sample_count 75 Sample index 19
 i 0:0.674757 i 1:0.480944 i 2:0.596976 i 3:0.573489 bias 1
 test_print 3.32617
net matrix:
 -1.32804 -0.146285 -0.386674
outputs matrix:
 0.0656156 0.427375 0.315756
error matrix:
 -0.0656156 0.572625 -0.315756
delta matrix:
 -0.00804582 0.280272 -0.13644
weights_delta matrix:
 -0.000542897 0.0189116 -0.00920642
 -0.000386959 0.0134795 -0.00656202
 -0.000480316 0.0167316 -0.00814517
 -0.000461419 0.0160733 -0.00782471
 -0.000804582 0.0280272 -0.013644
weights matrix:
 -0.94524 0.118046 0.0493006
 1.77828 -1.99183 -0.47534
 -2.24625 0.907058 1.84362
 -1.87566 -0.652548 2.41494
 0.86924 0.631234 -2.70923
regression_error on 'test' 0.0887344
classification_error on 'test' 0.0789474
Save,2932,0.0887344,0.0789474
sample_count 75 Sample index 70
 i 0:0.259036 i 1:0.622103 i 2:0.173589 i 3:0.135476 bias 1
 test_print 2.1902
net matrix:
 1.08663 -0.508259 -2.34497
outputs matrix:
 0.897822 0.265706 0.00910355
error matrix:
 0.102178 -0.265706 -0.00910355
delta matrix:
 0.0187471 -0.103682 -0.00016424
weights_delta matrix:
 0.000485618 -0.00268574 -4.25441e-06
 0.00116626 -0.00645009 -1.02174e-05
 0.000325429 -0.00179981 -2.85103e-06
 0.000253978 -0.00140464 -2.22506e-06
 0.00187471 -0.0103682 -1.6424e-05
weights matrix:
 -0.944754 0.11536 0.0492964
 1.77944 -1.99828 -0.47535
 -2.24592 0.905258 1.84362
 -1.87541 -0.653952 2.41494
 0.871115 0.620866 -2.70925
regression_error on 'test' 0.0880896
classification_error on 'test' 0.0789474
Save,2933,0.0880896,0.0789474
sample_count 75 Sample index 30
 i 0:0.559279 i 1:0.410364 i 2:0.642339 i 3:0.500487 bias 1
 test_print 3.11247
net matrix:
 -1.30831 0.119551 -0.483869
outputs matrix:
 0.0680764 0.559492 0.275332
error matrix:
 -0.0680764 0.440508 -0.275332
delta matrix:
 -0.00863782 0.217136 -0.109871
weights_delta matrix:
 -0.000483095 0.0121439 -0.00614484
 -0.000354465 0.00891046 -0.0045087
 -0.000554841 0.0139475 -0.00705742
 -0.000432311 0.0108674 -0.00549889
 -0.000863782 0.0217136 -0.0109871
weights matrix:
 -0.945238 0.127504 0.0431515
 1.77909 -1.98937 -0.479859
 -2.24648 0.919205 1.83656
 -1.87584 -0.643085 2.40944
 0.870251 0.642579 -2.72024
regression_error on 'test' 0.0904675
classification_error on 'test' 0.105263
Save,2934,0.0904675,0.105263
sample_count 75 Sample index 7
 i 0:0.651661 i 1:0.410364 i 2:0.627218 i 3:0.60999 bias 1
 test_print 3.29923
net matrix:
 -1.56893 0.0935712 -0.267371
outputs matrix:
 0.0415726 0.54665 0.369412
error matrix:
 -0.0415726 0.45335 -0.369412
delta matrix:
 -0.00331286 0.224702 -0.172106
weights_delta matrix:
 -0.000215886 0.014643 -0.0112155
 -0.000135948 0.00922097 -0.00706263
 -0.000207789 0.0140937 -0.0107948
 -0.000202081 0.0137066 -0.0104983
 -0.000331286 0.0224702 -0.0172106
weights matrix:
 -0.945453 0.142147 0.031936
 1.77895 -1.98015 -0.486922
 -2.24669 0.933299 1.82577
 -1.87604 -0.629378 2.39895
 0.86992 0.665049 -2.73745
regression_error on 'test' 0.093766
classification_error on 'test' 0.0526316
Save,2935,0.093766,0.0526316
sample_count 75 Sample index 59
 i 0:0.60547 i 1:0.233915 i 2:0.596976 i 3:0.536988 bias 1
 test_print 2.97335
net matrix:
 -1.63503 0.507118 -0.453864
outputs matrix:
 0.0366126 0.733848 0.287465
error matrix:
 -0.0366126 0.266152 -0.287465
delta matrix:
 -0.00258281 0.103967 -0.117762
weights_delta matrix:
 -0.000156381 0.00629488 -0.00713015
 -6.04158e-05 0.00243194 -0.00275464
 -0.000154188 0.00620657 -0.00703012
 -0.000138694 0.00558289 -0.00632369
 -0.000258281 0.0103967 -0.0117762
weights matrix:
 -0.94561 0.148442 0.0248059
 1.77889 -1.97771 -0.489676
 -2.24684 0.939505 1.81874
 -1.87618 -0.623795 2.39262
 0.869662 0.675446 -2.74922
regression_error on 'test' 0.0955412
classification_error on 'test' 0.0789474
Save,2936,0.0955412,0.0789474
sample_count 75 Sample index 15
 i 0:0.720948 i 1:0.410364 i 2:0.65746 i 3:0.573489 bias 1
 test_print 3.36226
net matrix:
 -1.63526 0.23083 -0.364395
outputs matrix:
 0.0365966 0.613408 0.32546
error matrix:
 -0.0365966 0.386592 -0.32546
delta matrix:
 -0.00258059 0.183352 -0.1429
weights_delta matrix:
 -0.000186047 0.0132187 -0.0103024
 -0.000105898 0.0075241 -0.00586412
 -0.000169663 0.0120546 -0.00939513
 -0.000147994 0.010515 -0.00819518
 -0.000258059 0.0183352 -0.01429
weights matrix:
 -0.945796 0.161661 0.0145035
 1.77879 -1.97019 -0.495541
 -2.24701 0.95156 1.80934
 -1.87633 -0.61328 2.38443
 0.869404 0.693781 -2.76351
regression_error on 'test' 0.0989162
classification_error on 'test' 0.131579
Save,2937,0.0989162,0.131579
sample_count 75 Sample index 65
 i 0:0.928809 i 1:0.410364 i 2:0.944758 i 3:0.792495 bias 1
 test_print 4.07643
net matrix:
 -2.88897 0.448411 0.645644
outputs matrix:
 0.00308551 0.710296 0.784365
error matrix:
 -0.00308551 -0.710296 0.215635
delta matrix:
 -1.8982e-05 -0.292323 0.0729435
weights_delta matrix:
 -1.76306e-06 -0.0271512 0.00677506
 -7.78952e-07 -0.0119959 0.00299334
 -1.79334e-06 -0.0276175 0.0068914
 -1.50431e-06 -0.0231665 0.00578074
 -1.8982e-06 -0.0292323 0.00729435
weights matrix:
 -0.945798 0.13451 0.0212785
 1.77878 -1.98219 -0.492547
 -2.24701 0.923943 1.81623
 -1.87633 -0.636447 2.39021
 0.869402 0.664549 -2.75622
regression_error on 'test' 0.0938373
classification_error on 'test' 0.0789474
Save,2938,0.0938373,0.0789474
sample_count 75 Sample index 46
 i 0:0.928809 i 1:0.480944 i 2:0.854032 i 3:0.901998 bias 1
 test_print 4.16578
net matrix:
 -2.76504 0.0511655 0.733742
outputs matrix:
 0.00395004 0.52556 0.812675
error matrix:
 -0.00395004 -0.52556 0.187325
delta matrix:
 -3.10824e-05 -0.262093 0.0570348
weights_delta matrix:
 -2.88696e-06 -0.0243435 0.00529744
 -1.49489e-06 -0.0126052 0.00274305
 -2.65453e-06 -0.0223836 0.00487095
 -2.80362e-06 -0.0236408 0.00514452
 -3.10824e-06 -0.0262093 0.00570348
weights matrix:
 -0.9458 0.110166 0.026576
 1.77878 -1.99479 -0.489804
 -2.24701 0.901559 1.82111
 -1.87634 -0.660088 2.39535
 0.869399 0.63834 -2.75052
regression_error on 'test' 0.0900302
classification_error on 'test' 0.105263
Save,2939,0.0900302,0.105263
sample_count 75 Sample index 41
 i 0:0.674757 i 1:0.445654 i 2:0.627218 i 3:0.536988 bias 1
 test_print 3.28462
net matrix:
 -1.393 0.0347036 -0.522361
outputs matrix:
 0.0580851 0.517345 0.26024
error matrix:
 -0.0580851 0.482655 -0.26024
delta matrix:
 -0.00635582 0.241037 -0.1002
weights_delta matrix:
 -0.000428864 0.0162642 -0.00676108
 -0.00028325 0.0107419 -0.00446547
 -0.000398649 0.0151183 -0.00628474
 -0.0003413 0.0129434 -0.00538063
 -0.000635582 0.0241037 -0.01002
weights matrix:
 -0.946229 0.12643 0.0198149
 1.7785 -1.98405 -0.49427
 -2.24741 0.916677 1.81482
 -1.87668 -0.647144 2.38997
 0.868763 0.662443 -2.76054
regression_error on 'test' 0.0930581
classification_error on 'test' 0.0526316
Save,2940,0.0930581,0.0526316
sample_count 75 Sample index 74
 i 0:0.443801 i 1:0.480944 i 2:0.551613 i 3:0.536988 bias 1
 test_print 3.01335
net matrix:
 -0.943271 -0.0775206 -0.704993
outputs matrix:
 0.131639 0.461317 0.196236
error matrix:
 -0.131639 0.538683 -0.196236
delta matrix:
 -0.0300955 0.267729 -0.0619038
weights_delta matrix:
 -0.00133564 0.0118819 -0.0027473
 -0.00144742 0.0128763 -0.00297722
 -0.00166011 0.0147683 -0.00341469
 -0.00161609 0.0143767 -0.00332416
 -0.00300955 0.0267729 -0.00619038
weights matrix:
 -0.947565 0.138312 0.0170676
 1.77705 -1.97117 -0.497247
 -2.24907 0.931446 1.81141
 -1.87829 -0.632768 2.38665
 0.865754 0.689216 -2.76673
regression_error on 'test' 0.0963508
classification_error on 'test' 0.105263
Save,2941,0.0963508,0.105263
sample_count 75 Sample index 63
 i 0:0.420705 i 1:0.904421 i 2:0.143347 i 3:0.135476 bias 1
 test_print 2.60395
net matrix:
 1.49745 -0.98757 -2.62627
outputs matrix:
 0.952343 0.121838 0.00520692
error matrix:
 0.0476568 -0.121838 -0.00520692
delta matrix:
 0.00432587 -0.0260717 -5.39417e-05
weights_delta matrix:
 0.000181991 -0.00109685 -2.26936e-06
 0.00039124 -0.00235798 -4.8786e-06
 6.201e-05 -0.000373731 -7.73239e-07
 5.86051e-05 -0.000353209 -7.30781e-07
 0.000432587 -0.00260717 -5.39417e-06
weights matrix:
 -0.947383 0.137215 0.0170653
 1.77744 -1.97353 -0.497252
 -2.24901 0.931072 1.81141
 -1.87823 -0.633121 2.38665
 0.866186 0.686609 -2.76673
regression_error on 'test' 0.0960954
classification_error on 'test' 0.105263
Save,2942,0.0960954,0.105263
sample_count 75 Sample index 44
 i 0:0.536183 i 1:0.375074 i 2:0.702823 i 3:0.646491 bias 1
 test_print 3.26057
net matrix:
 -1.77003 0.265034 -0.128044
outputs matrix:
 0.0281936 0.629499 0.436325
error matrix:
 -0.0281936 0.370501 -0.436325
delta matrix:
 -0.00154494 0.172824 -0.214625
weights_delta matrix:
 -8.28372e-05 0.00926653 -0.0115078
 -5.79468e-05 0.00648218 -0.00805001
 -0.000108582 0.0121465 -0.0150843
 -9.98791e-05 0.0111729 -0.0138753
 -0.000154494 0.0172824 -0.0214625
weights matrix:
 -0.947466 0.146482 0.00555753
 1.77739 -1.96705 -0.505302
 -2.24912 0.943218 1.79632
 -1.87833 -0.621948 2.37277
 0.866032 0.703891 -2.78819
regression_error on 'test' 0.0999544
classification_error on 'test' 0.157895
Save,2943,0.0999544,0.157895
sample_count 75 Sample index 21
 i 0:0.836426 i 1:0.445654 i 2:0.884274 i 3:0.719493 bias 1
 test_print 3.88585
net matrix:
 -2.47464 0.336366 0.286897
outputs matrix:
 0.00703861 0.662115 0.639638
error matrix:
 -0.00703861 -0.662115 0.360362
delta matrix:
 -9.83866e-05 -0.296255 0.166128
weights_delta matrix:
 -8.22931e-06 -0.0247795 0.0138953
 -4.38464e-06 -0.0132027 0.00740354
 -8.70007e-06 -0.0261971 0.0146902
 -7.07885e-06 -0.0213153 0.0119528
 -9.83866e-06 -0.0296255 0.0166128
weights matrix:
 -0.947474 0.121702 0.0194529
 1.77738 -1.98025 -0.497898
 -2.24913 0.917021 1.81101
 -1.87834 -0.643263 2.38472
 0.866022 0.674266 -2.77158
regression_error on 'test' 0.0941881
classification_error on 'test' 0.0789474
Save,2944,0.0941881,0.0789474
sample_count 75 Sample index 62
 i 0:0.582374 i 1:0.622103 i 2:0.748185 i 3:0.901998 bias 1
 test_print 3.85466
net matrix:
 -1.95707 -0.380898 0.435992
outputs matrix:
 0.0195671 0.318256 0.705158
error matrix:
 -0.0195671 -0.318256 0.294842
delta matrix:
 -0.000750759 -0.138104 0.122601
weights_delta matrix:
 -4.37223e-05 -0.0080428 0.00713997
 -4.6705e-05 -0.00859147 0.00762706
 -5.61707e-05 -0.0103327 0.00917284
 -6.77183e-05 -0.0124569 0.0110586
 -7.50759e-05 -0.0138104 0.0122601
weights matrix:
 -0.947518 0.11366 0.0265928
 1.77733 -1.98884 -0.490271
 -2.24918 0.906689 1.82018
 -1.87841 -0.65572 2.39578
 0.865947 0.660456 -2.75932
regression_error on 'test' 0.0915643
classification_error on 'test' 0.0526316
Save,2945,0.0915643,0.0526316
sample_count 75 Sample index 29
 i 0:0.420705 i 1:0.304495 i 2:0.536492 i 3:0.536988 bias 1
 test_print 2.79868
net matrix:
 -1.20684 0.236998 -0.634397
outputs matrix:
 0.0821352 0.616329 0.219464
error matrix:
 -0.0821352 0.383671 -0.219464
delta matrix:
 -0.0123842 0.181452 -0.0751879
weights_delta matrix:
 -0.000521009 0.00763376 -0.00316319
 -0.000377092 0.00552511 -0.00228944
 -0.000664401 0.00973473 -0.00403377
 -0.000665015 0.00974373 -0.0040375
 -0.00123842 0.0181452 -0.00751879
weights matrix:
 -0.948039 0.121293 0.0234297
 1.77696 -1.98332 -0.492561
 -2.24985 0.916423 1.81615
 -1.87907 -0.645976 2.39174
 0.864708 0.678601 -2.76684
regression_error on 'test' 0.0936969
classification_error on 'test' 0.0789474
Save,2946,0.0936969,0.0789474
sample_count 75 Sample index 63
 i 0:0.420705 i 1:0.904421 i 2:0.143347 i 3:0.135476 bias 1
 test_print 2.60395
net matrix:
 1.4959 -1.02027 -2.6181
outputs matrix:
 0.952203 0.115011 0.00529227
error matrix:
 0.0477975 -0.115011 -0.00529227
delta matrix:
 0.0043508 -0.0234126 -5.57197e-05
weights_delta matrix:
 0.00018304 -0.000984979 -2.34416e-06
 0.000393495 -0.00211748 -5.03941e-06
 6.23674e-05 -0.000335612 -7.98726e-07
 5.89429e-05 -0.000317184 -7.54869e-07
 0.00043508 -0.00234126 -5.57197e-06
weights matrix:
 -0.947856 0.120308 0.0234273
 1.77735 -1.98543 -0.492566
 -2.24979 0.916088 1.81615
 -1.87902 -0.646294 2.39174
 0.865143 0.676259 -2.76685
regression_error on 'test' 0.0934915
classification_error on 'test' 0.0789474
Save,2947,0.0934915,0.0789474
sample_count 75 Sample index 72
 i 0:0.905713 i 1:0.480944 i 2:0.929637 i 3:0.828996 bias 1
 test_print 4.14529
net matrix:
 -2.78772 0.146196 0.688583
outputs matrix:
 0.00377553 0.572582 0.798535
error matrix:
 -0.00377553 -0.572582 0.201465
delta matrix:
 -2.84016e-05 -0.280258 0.0648218
weights_delta matrix:
 -2.57237e-06 -0.0253833 0.005871
 -1.36596e-06 -0.0134788 0.00311757
 -2.64031e-06 -0.0260538 0.00602608
 -2.35448e-06 -0.0232333 0.0053737
 -2.84016e-06 -0.0280258 0.00648218
weights matrix:
 -0.947858 0.094925 0.0292983
 1.77735 -1.99891 -0.489448
 -2.24979 0.890034 1.82218
 -1.87902 -0.669527 2.39712
 0.865141 0.648234 -2.76036
regression_error on 'test' 0.0895079
classification_error on 'test' 0.105263
Save,2948,0.0895079,0.105263
sample_count 75 Sample index 61
 i 0:0.697853 i 1:0.480944 i 2:0.687702 i 3:0.682992 bias 1
 test_print 3.54949
net matrix:
 -1.77206 -0.0920914 -0.0849879
outputs matrix:
 0.0280827 0.454084 0.457608
error matrix:
 -0.0280827 0.545916 -0.457608
delta matrix:
 -0.00153298 0.270656 -0.227159
weights_delta matrix:
 -0.00010698 0.0188878 -0.0158524
 -7.3728e-05 0.013017 -0.0109251
 -0.000105424 0.0186131 -0.0156218
 -0.000104702 0.0184856 -0.0155148
 -0.000153298 0.0270656 -0.0227159
weights matrix:
 -0.947965 0.113813 0.0134459
 1.77728 -1.9859 -0.500373
 -2.24989 0.908647 1.80655
 -1.87912 -0.651041 2.3816
 0.864987 0.675299 -2.78308
regression_error on 'test' 0.0939863
classification_error on 'test' 0.0789474
Save,2949,0.0939863,0.0789474
sample_count 75 Sample index 12
 i 0:0.166653 i 1:0.480944 i 2:0.128226 i 3:0.135476 bias 1
 test_print 1.9113
net matrix:
 1.01871 -0.232527 -2.46719
outputs matrix:
 0.884669 0.385788 0.00714349
error matrix:
 0.115331 -0.385788 -0.00714349
delta matrix:
 0.0235343 -0.182829 -0.00010133
weights_delta matrix:
 0.000392206 -0.0030469 -1.68869e-06
 0.00113187 -0.00879305 -4.8734e-06
 0.000301771 -0.00234434 -1.29931e-06
 0.000318833 -0.0024769 -1.37278e-06
 0.00235343 -0.0182829 -1.0133e-05
weights matrix:
 -0.947573 0.110766 0.0134442
 1.77841 -1.99469 -0.500378
 -2.24959 0.906303 1.80655
 -1.8788 -0.653518 2.3816
 0.867341 0.657016 -2.78309
regression_error on 'test' 0.0928035
classification_error on 'test' 0.0789474
Save,2950,0.0928035,0.0789474
sample_count 75 Sample index 59
 i 0:0.60547 i 1:0.233915 i 2:0.596976 i 3:0.536988 bias 1
 test_print 2.97335
net matrix:
 -1.64224 0.447604 -0.534635
outputs matrix:
 0.0361076 0.709964 0.255542
error matrix:
 -0.0361076 0.290036 -0.255542
delta matrix:
 -0.00251337 0.119446 -0.0972288
weights_delta matrix:
 -0.000152177 0.00723209 -0.00588691
 -5.87915e-05 0.00279402 -0.00227433
 -0.000150042 0.00713063 -0.00580432
 -0.000134965 0.0064141 -0.00522107
 -0.000251337 0.0119446 -0.00972288
weights matrix:
 -0.947725 0.117998 0.00755733
 1.77835 -1.9919 -0.502652
 -2.24974 0.913433 1.80075
 -1.87894 -0.647104 2.37638
 0.867089 0.668961 -2.79281
regression_error on 'test' 0.0946628
classification_error on 'test' 0.0789474
Save,2951,0.0946628,0.0789474
sample_count 75 Sample index 41
 i 0:0.674757 i 1:0.445654 i 2:0.627218 i 3:0.536988 bias 1
 test_print 3.28462
net matrix:
 -1.39991 0.0863195 -0.606172
outputs matrix:
 0.0573336 0.543053 0.229287
error matrix:
 -0.0573336 0.456947 -0.229287
delta matrix:
 -0.00619735 0.22678 -0.0810364
weights_delta matrix:
 -0.00041817 0.0153021 -0.00546799
 -0.000276187 0.0101065 -0.00361142
 -0.000388709 0.014224 -0.00508275
 -0.00033279 0.0121778 -0.00435156
 -0.000619735 0.022678 -0.00810364
weights matrix:
 -0.948143 0.1333 0.00208934
 1.77807 -1.98179 -0.506264
 -2.25013 0.927657 1.79567
 -1.87927 -0.634926 2.37203
 0.86647 0.691639 -2.80092
regression_error on 'test' 0.097955
classification_error on 'test' 0.131579
Save,2952,0.097955,0.131579
sample_count 75 Sample index 72
 i 0:0.905713 i 1:0.480944 i 2:0.929637 i 3:0.828996 bias 1
 test_print 4.14529
net matrix:
 -2.78684 0.195274 0.593212
outputs matrix:
 0.00378215 0.596415 0.766101
error matrix:
 -0.00378215 -0.596415 0.233899
delta matrix:
 -2.85011e-05 -0.287119 0.0838249
weights_delta matrix:
 -2.58138e-06 -0.0260047 0.00759213
 -1.37074e-06 -0.0138088 0.00403151
 -2.64957e-06 -0.0266917 0.00779267
 -2.36273e-06 -0.0238021 0.00694905
 -2.85011e-06 -0.0287119 0.00838249
weights matrix:
 -0.948146 0.107295 0.00968147
 1.77807 -1.9956 -0.502232
 -2.25013 0.900966 1.80346
 -1.87927 -0.658728 2.37898
 0.866467 0.662927 -2.79253
regression_error on 'test' 0.0931336
classification_error on 'test' 0.0789474
Save,2953,0.0931336,0.0789474
sample_count 75 Sample index 57
 i 0:0.374514 i 1:0.727972 i 2:0.158468 i 3:0.135476 bias 1
 test_print 2.39643
net matrix:
 1.19459 -0.696096 -2.54643
outputs matrix:
 0.915998 0.199058 0.00610292
error matrix:
 0.0840018 -0.199058 -0.00610292
delta matrix:
 0.0129271 -0.0634732 -7.40366e-05
weights_delta matrix:
 0.000484139 -0.00237716 -2.77277e-06
 0.000941058 -0.00462067 -5.38965e-06
 0.000204853 -0.00100585 -1.17324e-06
 0.000175131 -0.000859909 -1.00302e-06
 0.00129271 -0.00634732 -7.40366e-06
weights matrix:
 -0.947662 0.104918 0.0096787
 1.77901 -2.00022 -0.502238
 -2.24993 0.89996 1.80346
 -1.8791 -0.659588 2.37898
 0.867759 0.65658 -2.79254
regression_error on 'test' 0.0926806
classification_error on 'test' 0.0789474
Save,2954,0.0926806,0.0789474
sample_count 75 Sample index 45
 i 0:0.697853 i 1:0.586813 i 2:0.793548 i 3:0.975 bias 1
 test_print 4.05321
net matrix:
 -2.36717 -0.372894 0.670127
outputs matrix:
 0.0087117 0.32174 0.792532
error matrix:
 -0.0087117 -0.32174 0.207468
delta matrix:
 -0.000150465 -0.140422 0.0682261
weights_delta matrix:
 -1.05002e-05 -0.0097994 0.00476118
 -8.82948e-06 -0.00824016 0.0040036
 -1.19401e-05 -0.0111432 0.00541407
 -1.46703e-05 -0.0136912 0.00665204
 -1.50465e-05 -0.0140422 0.00682261
weights matrix:
 -0.947672 0.0951188 0.0144399
 1.779 -2.00846 -0.498234
 -2.24994 0.888817 1.80887
 -1.87911 -0.673279 2.38563
 0.867744 0.642537 -2.78572
regression_error on 'test' 0.0905083
classification_error on 'test' 0.0789474
Save,2955,0.0905083,0.0789474
sample_count 75 Sample index 62
 i 0:0.582374 i 1:0.622103 i 2:0.748185 i 3:0.901998 bias 1
 test_print 3.85466
net matrix:
 -1.95576 -0.493833 0.417942
outputs matrix:
 0.0196175 0.271373 0.697597
error matrix:
 -0.0196175 -0.271373 0.302403
delta matrix:
 -0.000754593 -0.107317 0.127587
weights_delta matrix:
 -4.39456e-05 -0.00624987 0.00743032
 -4.69435e-05 -0.00667623 0.00793721
 -5.64575e-05 -0.00802931 0.00954585
 -6.80642e-05 -0.00967999 0.0115083
 -7.54593e-05 -0.0107317 0.0127587
weights matrix:
 -0.947716 0.088869 0.0218702
 1.77896 -2.01513 -0.490297
 -2.25 0.880787 1.81842
 -1.87918 -0.682959 2.39714
 0.867669 0.631806 -2.77296
regression_error on 'test' 0.0885021
classification_error on 'test' 0.105263
Save,2956,0.0885021,0.105263
sample_count 75 Sample index 16
 i 0:0.60547 i 1:0.304495 i 2:0.687702 i 3:0.755994 bias 1
 test_print 3.35366
net matrix:
 -2.13244 0.161421 0.15374
outputs matrix:
 0.0138588 0.580017 0.57627
error matrix:
 -0.0138588 -0.580017 0.42373
delta matrix:
 -0.00037881 -0.282581 0.206935
weights_delta matrix:
 -2.29358e-05 -0.0171094 0.0125293
 -1.15346e-05 -0.00860445 0.00630107
 -2.60508e-05 -0.0194332 0.014231
 -2.86378e-05 -0.021363 0.0156442
 -3.7881e-05 -0.0282581 0.0206935
weights matrix:
 -0.947739 0.0717595 0.0343995
 1.77895 -2.02374 -0.483996
 -2.25002 0.861354 1.83265
 -1.87921 -0.704322 2.41278
 0.867631 0.603548 -2.75227
regression_error on 'test' 0.085326
classification_error on 'test' 0.0789474
Save,2957,0.085326,0.0789474
sample_count 75 Sample index 35
 i 0:0.189749 i 1:0.233915 i 2:0.128226 i 3:0.171977 bias 1
 test_print 1.72387
net matrix:
 0.492228 0.133102 -2.20902
outputs matrix:
 0.727991 0.566161 0.0119143
error matrix:
 0.272009 -0.566161 -0.0119143
delta matrix:
 0.107726 -0.278124 -0.000280517
weights_delta matrix:
 0.00204409 -0.00527737 -5.32279e-06
 0.00251988 -0.00650574 -6.56172e-06
 0.00138133 -0.00356627 -3.59696e-06
 0.00185264 -0.00478309 -4.82425e-06
 0.0107726 -0.0278124 -2.80517e-05
weights matrix:
 -0.945695 0.0664821 0.0343942
 1.78146 -2.03024 -0.484002
 -2.24864 0.857788 1.83264
 -1.87736 -0.709105 2.41278
 0.878404 0.575735 -2.75229
regression_error on 'test' 0.0845276
classification_error on 'test' 0.0789474
Save,2958,0.0845276,0.0789474
sample_count 75 Sample index 3
 i 0:0.744044 i 1:0.516233 i 2:0.672581 i 3:0.60999 bias 1
 test_print 3.54285
net matrix:
 -1.56315 -0.278494 -0.272189
outputs matrix:
 0.0420356 0.364245 0.36717
error matrix:
 -0.0420356 0.635755 -0.36717
delta matrix:
 -0.00338542 0.294444 -0.170628
weights_delta matrix:
 -0.00025189 0.021908 -0.0126955
 -0.000174767 0.0152002 -0.00880839
 -0.000227697 0.0198038 -0.0114761
 -0.000206508 0.0179608 -0.0104081
 -0.000338542 0.0294444 -0.0170628
weights matrix:
 -0.945947 0.0883901 0.0216987
 1.78129 -2.01504 -0.492811
 -2.24887 0.877592 1.82117
 -1.87756 -0.691145 2.40237
 0.878065 0.60518 -2.76936
regression_error on 'test' 0.0872818
classification_error on 'test' 0.0789474
Save,2959,0.0872818,0.0789474
sample_count 75 Sample index 37
 i 0:0.720948 i 1:0.551523 i 2:0.82379 i 3:0.901998 bias 1
 test_print 3.99826
net matrix:
 -2.36765 -0.342899 0.641683
outputs matrix:
 0.00870347 0.334969 0.783022
error matrix:
 -0.00870347 -0.334969 0.216978
delta matrix:
 -0.000150182 -0.149238 0.0737285
weights_delta matrix:
 -1.08273e-05 -0.0107593 0.00531544
 -8.28288e-06 -0.00823083 0.00406629
 -1.23718e-05 -0.0122941 0.00607368
 -1.35464e-05 -0.0134613 0.00665029
 -1.50182e-05 -0.0149238 0.00737285
weights matrix:
 -0.945958 0.0776308 0.0270141
 1.78128 -2.02328 -0.488744
 -2.24888 0.865298 1.82724
 -1.87758 -0.704606 2.40902
 0.87805 0.590256 -2.76198
regression_error on 'test' 0.0856766
classification_error on 'test' 0.0789474
Save,2960,0.0856766,0.0789474
sample_count 75 Sample index 11
 i 0:0.536183 i 1:0.198626 i 2:0.536492 i 3:0.427485 bias 1
 test_print 2.69879
net matrix:
 -1.28449 0.393022 -0.834456
outputs matrix:
 0.0711616 0.686981 0.158569
error matrix:
 -0.0711616 0.313019 -0.158569
delta matrix:
 -0.00940722 0.134622 -0.0423142
weights_delta matrix:
 -0.000504399 0.0072182 -0.00226881
 -0.000186852 0.00267394 -0.00084047
 -0.00050469 0.00722236 -0.00227012
 -0.000402144 0.00575488 -0.00180887
 -0.000940722 0.0134622 -0.00423142
weights matrix:
 -0.946462 0.084849 0.0247453
 1.7811 -2.0206 -0.489585
 -2.24939 0.87252 1.82497
 -1.87798 -0.698851 2.40721
 0.877109 0.603718 -2.76622
regression_error on 'test' 0.0865512
classification_error on 'test' 0.0789474
Save,2961,0.0865512,0.0789474
sample_count 75 Sample index 23
 i 0:0.975 i 1:0.763262 i 2:0.899395 i 3:0.792495 bias 1
 test_print 4.43015
net matrix:
 -2.19763 -0.624898 0.433303
outputs matrix:
 0.0121855 0.222735 0.704039
error matrix:
 -0.0121855 -0.222735 0.295961
delta matrix:
 -0.000293352 -0.0771218 0.123338
weights_delta matrix:
 -2.86018e-05 -0.00751937 0.0120254
 -2.23904e-05 -0.00588641 0.0094139
 -2.63839e-05 -0.00693629 0.0110929
 -2.3248e-05 -0.00611186 0.00977446
 -2.93352e-05 -0.00771218 0.0123338
weights matrix:
 -0.946491 0.0773296 0.0367707
 1.78107 -2.02649 -0.480171
 -2.24941 0.865584 1.83606
 -1.878 -0.704963 2.41698
 0.87708 0.596006 -2.75388
regression_error on 'test' 0.0851231
classification_error on 'test' 0.0789474
Save,2962,0.0851231,0.0789474
sample_count 75 Sample index 57
 i 0:0.374514 i 1:0.727972 i 2:0.158468 i 3:0.135476 bias 1
 test_print 2.39643
net matrix:
 1.20829 -0.808598 -2.47126
outputs matrix:
 0.918083 0.165592 0.00708602
error matrix:
 0.0819167 -0.165592 -0.00708602
delta matrix:
 0.0123213 -0.0457601 -9.97116e-05
weights_delta matrix:
 0.00046145 -0.00171378 -3.73434e-06
 0.000896957 -0.00333121 -7.25873e-06
 0.000195253 -0.000725151 -1.58011e-06
 0.000166924 -0.00061994 -1.35085e-06
 0.00123213 -0.00457601 -9.97116e-06
weights matrix:
 -0.946029 0.0756158 0.036767
 1.78197 -2.02982 -0.480178
 -2.24922 0.864858 1.83606
 -1.87784 -0.705583 2.41698
 0.878312 0.59143 -2.75389
regression_error on 'test' 0.0849487
classification_error on 'test' 0.0789474
Save,2963,0.0849487,0.0789474
sample_count 75 Sample index 58
 i 0:0.282131 i 1:0.516233 i 2:0.158468 i 3:0.0989754 bias 1
 test_print 2.05581
net matrix:
 0.989031 -0.367879 -2.46122
outputs matrix:
 0.878474 0.323932 0.00722866
error matrix:
 0.121526 -0.323932 -0.00722866
delta matrix:
 0.0259475 -0.141883 -0.000103752
weights_delta matrix:
 0.000732058 -0.00400295 -2.92716e-06
 0.00133949 -0.00732444 -5.35601e-06
 0.000411184 -0.00224838 -1.64413e-06
 0.000256816 -0.00140429 -1.02689e-06
 0.00259475 -0.0141883 -1.03752e-05
weights matrix:
 -0.945297 0.0716129 0.0367641
 1.78331 -2.03714 -0.480184
 -2.24881 0.86261 1.83606
 -1.87758 -0.706987 2.41698
 0.880907 0.577242 -2.7539
regression_error on 'test' 0.0845095
classification_error on 'test' 0.0789474
Save,2964,0.0845095,0.0789474
sample_count 75 Sample index 31
 i 0:0.559279 i 1:0.339785 i 2:0.778427 i 3:0.573489 bias 1
 test_print 3.25098
net matrix:
 -1.86914 0.191132 -0.0811469
outputs matrix:
 0.023242 0.594419 0.459515
error matrix:
 -0.023242 -0.594419 0.540485
delta matrix:
 -0.00105527 -0.286611 0.268471
weights_delta matrix:
 -5.9019e-05 -0.0160296 0.015015
 -3.58565e-05 -0.00973861 0.00912223
 -8.2145e-05 -0.0223106 0.0208985
 -6.05186e-05 -0.0164368 0.0153965
 -0.000105527 -0.0286611 0.0268471
weights matrix:
 -0.945356 0.0555833 0.0517791
 1.78327 -2.04688 -0.471061
 -2.24889 0.840299 1.85696
 -1.87764 -0.723424 2.43238
 0.880801 0.548581 -2.72705
regression_error on 'test' 0.0823534
classification_error on 'test' 0.105263
Save,2965,0.0823534,0.105263
sample_count 75 Sample index 41
 i 0:0.674757 i 1:0.445654 i 2:0.627218 i 3:0.536988 bias 1
 test_print 3.28462
net matrix:
 -1.38118 -0.187534 -0.43117
outputs matrix:
 0.0593929 0.407317 0.296851
error matrix:
 -0.0593929 0.592683 -0.296851
delta matrix:
 -0.00663602 0.286159 -0.123924
weights_delta matrix:
 -0.00044777 0.0193088 -0.00836183
 -0.000295737 0.0127528 -0.0055227
 -0.000416223 0.0179484 -0.00777271
 -0.000356346 0.0153664 -0.00665455
 -0.000663602 0.0286159 -0.0123924
weights matrix:
 -0.945804 0.0748921 0.0434173
 1.78298 -2.03413 -0.476584
 -2.24931 0.858248 1.84919
 -1.878 -0.708057 2.42572
 0.880138 0.577196 -2.73945
regression_error on 'test' 0.083859
classification_error on 'test' 0.0789474
Save,2966,0.083859,0.0789474
sample_count 75 Sample index 42
 i 0:0.651661 i 1:0.551523 i 2:0.702823 i 3:0.792495 bias 1
 test_print 3.6985
net matrix:
 -1.82202 -0.453804 0.248025
outputs matrix:
 0.0254804 0.28749 0.621531
error matrix:
 -0.0254804 -0.28749 0.378469
delta matrix:
 -0.00126541 -0.117778 0.178055
weights_delta matrix:
 -8.24619e-05 -0.00767515 0.0116031
 -6.97903e-05 -0.00649574 0.00982014
 -8.8936e-05 -0.00827773 0.0125141
 -0.000100283 -0.00933387 0.0141108
 -0.000126541 -0.0117778 0.0178055
weights matrix:
 -0.945887 0.067217 0.0550204
 1.78291 -2.04063 -0.466764
 -2.24939 0.84997 1.8617
 -1.8781 -0.717391 2.43983
 0.880011 0.565419 -2.72164
regression_error on 'test' 0.0826564
classification_error on 'test' 0.105263
Save,2967,0.0826564,0.105263
sample_count 75 Sample index 46
 i 0:0.928809 i 1:0.480944 i 2:0.854032 i 3:0.901998 bias 1
 test_print 4.16578
net matrix:
 -2.75615 -0.27476 0.895653
outputs matrix:
 0.00402057 0.365976 0.857087
error matrix:
 -0.00402057 -0.365976 0.142913
delta matrix:
 -3.22e-05 -0.16984 0.0350103
weights_delta matrix:
 -2.99076e-06 -0.0157749 0.00325179
 -1.54864e-06 -0.00816836 0.0016838
 -2.74998e-06 -0.0145049 0.00298999
 -2.90443e-06 -0.0153196 0.00315792
 -3.22e-06 -0.016984 0.00350103
weights matrix:
 -0.94589 0.0514421 0.0582722
 1.78291 -2.04879 -0.46508
 -2.2494 0.835465 1.86469
 -1.8781 -0.732711 2.44299
 0.880008 0.548435 -2.71814
regression_error on 'test' 0.0818409
classification_error on 'test' 0.105263
Save,2968,0.0818409,0.105263
sample_count 75 Sample index 31
 i 0:0.559279 i 1:0.339785 i 2:0.778427 i 3:0.573489 bias 1
 test_print 3.25098
net matrix:
 -1.87126 0.111203 0.00897836
outputs matrix:
 0.0231457 0.555373 0.504489
error matrix:
 -0.0231457 -0.555373 0.495511
delta matrix:
 -0.00104665 -0.274281 0.247735
weights_delta matrix:
 -5.85369e-05 -0.01534 0.0138553
 -3.55636e-05 -0.00931965 0.00841768
 -8.1474e-05 -0.0213508 0.0192844
 -6.00242e-05 -0.0157297 0.0142074
 -0.000104665 -0.0274281 0.0247735
weights matrix:
 -0.945948 0.0361021 0.0721275
 1.78287 -2.05811 -0.456662
 -2.24948 0.814114 1.88398
 -1.87816 -0.748441 2.4572
 0.879903 0.521007 -2.69337
regression_error on 'test' 0.0809364
classification_error on 'test' 0.157895
Save,2969,0.0809364,0.157895
sample_count 75 Sample index 65
 i 0:0.928809 i 1:0.410364 i 2:0.944758 i 3:0.792495 bias 1
 test_print 4.07643
net matrix:
 -2.88072 -0.114031 0.913448
outputs matrix:
 0.00313671 0.44323 0.861392
error matrix:
 -0.00313671 -0.44323 0.138608
delta matrix:
 -1.96161e-05 -0.218758 0.0330986
weights_delta matrix:
 -1.82196e-06 -0.0203185 0.00307423
 -8.04975e-07 -0.00897705 0.00135825
 -1.85325e-06 -0.0206674 0.00312702
 -1.55457e-06 -0.0173365 0.00262305
 -1.96161e-06 -0.0218758 0.00330986
weights matrix:
 -0.94595 0.0157837 0.0752018
 1.78287 -2.06709 -0.455304
 -2.24948 0.793447 1.8871
 -1.87816 -0.765777 2.45982
 0.879901 0.499131 -2.69006
regression_error on 'test' 0.0807693
classification_error on 'test' 0.157895
Save,2970,0.0807693,0.157895
sample_count 75 Sample index 13
 i 0:0.420705 i 1:0.269205 i 2:0.491129 i 3:0.427485 bias 1
 test_print 2.60852
net matrix:
 -0.945777 0.0116266 -0.802641
outputs matrix:
 0.131067 0.505813 0.167245
error matrix:
 -0.131067 0.494187 -0.167245
delta matrix:
 -0.0298541 0.24706 -0.0465856
weights_delta matrix:
 -0.00125598 0.0103939 -0.00195988
 -0.000803689 0.00665098 -0.00125411
 -0.00146622 0.0121338 -0.00228796
 -0.00127622 0.0105614 -0.00199147
 -0.00298541 0.024706 -0.00465856
weights matrix:
 -0.947206 0.0261776 0.0732419
 1.78207 -2.06044 -0.456558
 -2.25095 0.805581 1.88481
 -1.87944 -0.755216 2.45783
 0.876916 0.523837 -2.69472
regression_error on 'test' 0.080821
classification_error on 'test' 0.157895
Save,2971,0.080821,0.157895
sample_count 75 Sample index 7
 i 0:0.651661 i 1:0.410364 i 2:0.627218 i 3:0.60999 bias 1
 test_print 3.29923
net matrix:
 -1.56732 -0.260034 -0.152899
outputs matrix:
 0.041701 0.372837 0.424141
error matrix:
 -0.041701 0.627163 -0.424141
delta matrix:
 -0.00333291 0.293299 -0.207189
weights_delta matrix:
 -0.000217193 0.0191131 -0.0135017
 -0.000136771 0.0120359 -0.00850228
 -0.000209046 0.0183962 -0.0129953
 -0.000203304 0.0178909 -0.0126383
 -0.000333291 0.0293299 -0.0207189
weights matrix:
 -0.947423 0.0452907 0.0597402
 1.78193 -2.0484 -0.465061
 -2.25116 0.823977 1.87182
 -1.87964 -0.737325 2.44519
 0.876583 0.553167 -2.71543
regression_error on 'test' 0.0815816
classification_error on 'test' 0.131579
Save,2972,0.0815816,0.131579
sample_count 75 Sample index 30
 i 0:0.559279 i 1:0.410364 i 2:0.642339 i 3:0.500487 bias 1
 test_print 3.11247
net matrix:
 -1.30879 -0.101843 -0.446737
outputs matrix:
 0.0680153 0.449254 0.290393
error matrix:
 -0.0680153 0.550746 -0.290393
delta matrix:
 -0.00862287 0.272537 -0.11968
weights_delta matrix:
 -0.000482259 0.0152424 -0.00669345
 -0.000353852 0.0111839 -0.00491123
 -0.000553881 0.0175061 -0.00768751
 -0.000431563 0.0136401 -0.00598982
 -0.000862287 0.0272537 -0.011968
weights matrix:
 -0.947905 0.0605331 0.0530467
 1.78158 -2.03722 -0.469972
 -2.25171 0.841483 1.86413
 -1.88007 -0.723685 2.4392
 0.87572 0.58042 -2.7274
regression_error on 'test' 0.0826738
classification_error on 'test' 0.0789474
Save,2973,0.0826738,0.0789474
sample_count 75 Sample index 57
 i 0:0.374514 i 1:0.727972 i 2:0.158468 i 3:0.135476 bias 1
 test_print 2.39643
net matrix:
 1.20613 -0.844642 -2.4238
outputs matrix:
 0.917757 0.15587 0.00778604
error matrix:
 0.0822433 -0.15587 -0.00778604
delta matrix:
 0.0124153 -0.0410171 -0.000120301
weights_delta matrix:
 0.000464972 -0.00153615 -4.50543e-06
 0.000903802 -0.00298593 -8.75756e-06
 0.000196743 -0.00064999 -1.90638e-06
 0.000168198 -0.000555683 -1.62979e-06
 0.00124153 -0.00410171 -1.20301e-05
weights matrix:
 -0.94744 0.058997 0.0530422
 1.78248 -2.04021 -0.469981
 -2.25151 0.840833 1.86413
 -1.8799 -0.72424 2.4392
 0.876962 0.576319 -2.72741
regression_error on 'test' 0.082565
classification_error on 'test' 0.105263
Save,2974,0.082565,0.105263
sample_count 75 Sample index 5
 i 0:0.536183 i 1:0.198626 i 2:0.687702 i 3:0.60999 bias 1
 test_print 3.0325
net matrix:
 -1.97208 0.339177 -0.0224696
outputs matrix:
 0.0189993 0.663371 0.488767
error matrix:
 -0.0189993 -0.663371 0.511233
delta matrix:
 -0.000708232 -0.296275 0.255487
weights_delta matrix:
 -3.79742e-05 -0.0158857 0.0136988
 -1.40673e-05 -0.00588478 0.00507464
 -4.87053e-05 -0.0203749 0.0175699
 -4.32014e-05 -0.0180725 0.0155845
 -7.08232e-05 -0.0296275 0.0255487
weights matrix:
 -0.947478 0.0431112 0.066741
 1.78247 -2.04609 -0.464906
 -2.25156 0.820458 1.8817
 -1.87995 -0.742313 2.45479
 0.876891 0.546691 -2.70187
regression_error on 'test' 0.0812219
classification_error on 'test' 0.157895
Save,2975,0.0812219,0.157895
sample_count 75 Sample index 17
 i 0:0.443801 i 1:0.304495 i 2:0.521371 i 3:0.463986 bias 1
 test_print 2.73365
net matrix:
 -1.04702 0.0261401 -0.693757
outputs matrix:
 0.109678 0.513067 0.199805
error matrix:
 -0.109678 0.486933 -0.199805
delta matrix:
 -0.0214199 0.2433 -0.0638908
weights_delta matrix:
 -0.000950616 0.0107977 -0.00283548
 -0.000652224 0.00740837 -0.00194544
 -0.00111677 0.012685 -0.00333108
 -0.000993852 0.0112888 -0.00296444
 -0.00214199 0.02433 -0.00638908
weights matrix:
 -0.948429 0.0539089 0.0639056
 1.78181 -2.03868 -0.466851
 -2.25268 0.833143 1.87837
 -1.88094 -0.731024 2.45182
 0.874749 0.571021 -2.70825
regression_error on 'test' 0.0818538
classification_error on 'test' 0.105263
Save,2976,0.0818538,0.105263
sample_count 75 Sample index 63
 i 0:0.420705 i 1:0.904421 i 2:0.143347 i 3:0.135476 bias 1
 test_print 2.60395
net matrix:
 1.50951 -1.22973 -2.50218
outputs matrix:
 0.953426 0.078749 0.00666395
error matrix:
 0.0465738 -0.078749 -0.00666395
delta matrix:
 0.00413618 -0.0114261 -8.82247e-05
weights_delta matrix:
 0.000174011 -0.000480702 -3.71166e-06
 0.000374085 -0.0010334 -7.97922e-06
 5.92909e-05 -0.00016379 -1.26467e-06
 5.60353e-05 -0.000154796 -1.19523e-06
 0.000413618 -0.00114261 -8.82247e-06
weights matrix:
 -0.948255 0.0534282 0.0639018
 1.78219 -2.03972 -0.466859
 -2.25262 0.83298 1.87837
 -1.88088 -0.731179 2.45182
 0.875163 0.569878 -2.70826
regression_error on 'test' 0.0818266
classification_error on 'test' 0.105263
Save,2977,0.0818266,0.105263
sample_count 75 Sample index 69
 i 0:0.628566 i 1:0.445654 i 2:0.581855 i 3:0.536988 bias 1
 test_print 3.19306
net matrix:
 -1.24735 -0.213507 -0.466619
outputs matrix:
 0.0762307 0.39484 0.282268
error matrix:
 -0.0762307 0.60516 -0.282268
delta matrix:
 -0.0107363 0.289196 -0.114371
weights_delta matrix:
 -0.000674845 0.0181779 -0.00718898
 -0.000478466 0.0128881 -0.005097
 -0.000624695 0.016827 -0.00665474
 -0.000576524 0.0155295 -0.00614159
 -0.00107363 0.0289196 -0.0114371
weights matrix:
 -0.94893 0.0716061 0.0567129
 1.78171 -2.02683 -0.471956
 -2.25324 0.849807 1.87171
 -1.88146 -0.715649 2.44568
 0.874089 0.598798 -2.7197
regression_error on 'test' 0.08321
classification_error on 'test' 0.0789474
Save,2978,0.08321,0.0789474
sample_count 75 Sample index 15
 i 0:0.720948 i 1:0.410364 i 2:0.65746 i 3:0.573489 bias 1
 test_print 3.36226
net matrix:
 -1.63931 -0.0330178 -0.239341
outputs matrix:
 0.0363123 0.483497 0.382563
error matrix:
 -0.0363123 0.516503 -0.382563
delta matrix:
 -0.0025414 0.25797 -0.18073
weights_delta matrix:
 -0.000183222 0.0185983 -0.0130297
 -0.00010429 0.0105862 -0.00741649
 -0.000167087 0.0169605 -0.0118822
 -0.000145747 0.0147943 -0.0103646
 -0.00025414 0.025797 -0.018073
weights matrix:
 -0.949113 0.0902044 0.0436832
 1.7816 -2.01624 -0.479373
 -2.25341 0.866767 1.85983
 -1.88161 -0.700855 2.43531
 0.873835 0.624595 -2.73777
regression_error on 'test' 0.0853117
classification_error on 'test' 0.0789474
Save,2979,0.0853117,0.0789474
sample_count 75 Sample index 49
 i 0:0.397609 i 1:0.480944 i 2:0.612097 i 3:0.60999 bias 1
 test_print 3.10064
net matrix:
 -1.17376 -0.206207 -0.327042
outputs matrix:
 0.0872637 0.398333 0.34207
error matrix:
 -0.0872637 0.601667 -0.34207
delta matrix:
 -0.0139009 0.288396 -0.153971
weights_delta matrix:
 -0.000552712 0.0114669 -0.00612203
 -0.000668555 0.0138702 -0.00740515
 -0.000850869 0.0176526 -0.00942453
 -0.00084794 0.0175918 -0.00939209
 -0.00139009 0.0288396 -0.0153971
weights matrix:
 -0.949666 0.101671 0.0375612
 1.78094 -2.00237 -0.486778
 -2.25426 0.88442 1.85041
 -1.88245 -0.683263 2.42592
 0.872445 0.653435 -2.75317
regression_error on 'test' 0.0880162
classification_error on 'test' 0.0789474
Save,2980,0.0880162,0.0789474
sample_count 75 Sample index 58
 i 0:0.282131 i 1:0.516233 i 2:0.158468 i 3:0.0989754 bias 1
 test_print 2.05581
net matrix:
 0.980348 -0.279045 -2.46053
outputs matrix:
 0.876608 0.36399 0.00723865
error matrix:
 0.123392 -0.36399 -0.00723865
delta matrix:
 0.0266937 -0.168528 -0.000104038
weights_delta matrix:
 0.000753111 -0.0047547 -2.93522e-06
 0.00137802 -0.00869997 -5.37076e-06
 0.000423009 -0.00267063 -1.64866e-06
 0.000264202 -0.00166801 -1.02972e-06
 0.00266937 -0.0168528 -1.04038e-05
weights matrix:
 -0.948913 0.0969165 0.0375582
 1.78231 -2.01107 -0.486783
 -2.25384 0.881749 1.8504
 -1.88219 -0.684931 2.42592
 0.875114 0.636582 -2.75318
regression_error on 'test' 0.0871092
classification_error on 'test' 0.0789474
Save,2981,0.0871092,0.0789474
sample_count 75 Sample index 51
 i 0:0.628566 i 1:0.516233 i 2:0.763306 i 3:0.719493 bias 1
 test_print 3.6276
net matrix:
 -1.87584 -0.16044 0.176991
outputs matrix:
 0.0229396 0.420461 0.587583
error matrix:
 -0.0229396 -0.420461 0.412417
delta matrix:
 -0.00102831 -0.204911 0.199881
weights_delta matrix:
 -6.46359e-05 -0.01288 0.0125639
 -5.30846e-05 -0.0105782 0.0103185
 -7.84913e-05 -0.015641 0.0152571
 -7.3986e-05 -0.0147432 0.0143813
 -0.000102831 -0.0204911 0.0199881
weights matrix:
 -0.948977 0.0840365 0.0501221
 1.78226 -2.02165 -0.476465
 -2.25392 0.866108 1.86566
 -1.88226 -0.699674 2.4403
 0.875011 0.616091 -2.73319
regression_error on 'test' 0.0846881
classification_error on 'test' 0.0789474
Save,2982,0.0846881,0.0789474
sample_count 75 Sample index 67
 i 0:0.443801 i 1:0.375074 i 2:0.566734 i 3:0.536988 bias 1
 test_print 2.9226
net matrix:
 -1.16579 0.0102544 -0.521911
outputs matrix:
 0.0885409 0.505127 0.260413
error matrix:
 -0.0885409 0.494873 -0.260413
delta matrix:
 -0.0142908 0.24741 -0.10031
weights_delta matrix:
 -0.000634225 0.0109801 -0.00445177
 -0.000536009 0.00927972 -0.00376237
 -0.000809906 0.0140216 -0.00568492
 -0.000767397 0.0132856 -0.00538654
 -0.00142908 0.024741 -0.010031
weights matrix:
 -0.949612 0.0950166 0.0456703
 1.78172 -2.01237 -0.480227
 -2.25473 0.88013 1.85998
 -1.88303 -0.686389 2.43492
 0.873582 0.640832 -2.74322
regression_error on 'test' 0.0865974
classification_error on 'test' 0.0789474
Save,2983,0.0865974,0.0789474
sample_count 75 Sample index 55
 i 0:0.628566 i 1:0.551523 i 2:0.612097 i 3:0.60999 bias 1
 test_print 3.40218
net matrix:
 -1.26939 -0.289277 -0.355613
outputs matrix:
 0.0731837 0.359265 0.329328
error matrix:
 -0.0731837 0.640735 -0.329328
delta matrix:
 -0.00992779 0.294986 -0.145478
weights_delta matrix:
 -0.000624027 0.0185418 -0.00914426
 -0.00054754 0.0162692 -0.00802345
 -0.000607677 0.018056 -0.00890467
 -0.000605585 0.0179939 -0.00887402
 -0.000992779 0.0294986 -0.0145478
weights matrix:
 -0.950236 0.113558 0.0365261
 1.78118 -1.9961 -0.488251
 -2.25533 0.898186 1.85107
 -1.88364 -0.668395 2.42604
 0.87259 0.67033 -2.75777
regression_error on 'test' 0.0899201
classification_error on 'test' 0.105263
Save,2984,0.0899201,0.105263
sample_count 75 Sample index 11
 i 0:0.536183 i 1:0.198626 i 2:0.536492 i 3:0.427485 bias 1
 test_print 2.69879
net matrix:
 -1.29832 0.530882 -0.804985
outputs matrix:
 0.0693552 0.743027 0.166593
error matrix:
 -0.0693552 0.256973 -0.166593
delta matrix:
 -0.00895307 0.0981315 -0.0462594
weights_delta matrix:
 -0.000480049 0.00526164 -0.00248035
 -0.000177831 0.00194915 -0.000918832
 -0.000480325 0.00526468 -0.00248178
 -0.00038273 0.00419497 -0.00197752
 -0.000895307 0.00981315 -0.00462594
weights matrix:
 -0.950716 0.11882 0.0340457
 1.781 -1.99415 -0.48917
 -2.25582 0.90345 1.84859
 -1.88402 -0.6642 2.42406
 0.871694 0.680144 -2.7624
regression_error on 'test' 0.0909746
classification_error on 'test' 0.0789474
Save,2985,0.0909746,0.0789474
sample_count 75 Sample index 14
 i 0:0.697853 i 1:0.516233 i 2:0.778427 i 3:0.938499 bias 1
 test_print 3.93101
net matrix:
 -2.39649 -0.186465 0.722811
outputs matrix:
 0.00821955 0.407833 0.809324
error matrix:
 -0.00821955 -0.407833 0.190676
delta matrix:
 -0.000134011 -0.196988 0.0588499
weights_delta matrix:
 -9.35203e-06 -0.0137469 0.00410686
 -6.91811e-06 -0.0101692 0.00303803
 -1.04318e-05 -0.0153341 0.00458104
 -1.2577e-05 -0.0184873 0.00552306
 -1.34011e-05 -0.0196988 0.00588499
weights matrix:
 -0.950725 0.105073 0.0381526
 1.78099 -2.00432 -0.486131
 -2.25583 0.888116 1.85317
 -1.88403 -0.682687 2.42959
 0.871681 0.660445 -2.75651
regression_error on 'test' 0.08836
classification_error on 'test' 0.0789474
Save,2986,0.08836,0.0789474
sample_count 75 Sample index 19
 i 0:0.674757 i 1:0.480944 i 2:0.596976 i 3:0.573489 bias 1
 test_print 3.32617
net matrix:
 -1.34042 -0.0939515 -0.46493
outputs matrix:
 0.064114 0.453162 0.282953
error matrix:
 -0.064114 0.546838 -0.282953
delta matrix:
 -0.00769411 0.27102 -0.114817
weights_delta matrix:
 -0.000519166 0.0182872 -0.00774735
 -0.000370044 0.0130345 -0.00552205
 -0.00045932 0.0161792 -0.0068543
 -0.000441249 0.0155427 -0.00658463
 -0.000769411 0.027102 -0.0114817
weights matrix:
 -0.951244 0.123361 0.0304052
 1.78062 -1.99129 -0.491654
 -2.25628 0.904296 1.84632
 -1.88447 -0.667144 2.423
 0.870911 0.687547 -2.76799
regression_error on 'test' 0.0916351
classification_error on 'test' 0.0789474
Save,2987,0.0916351,0.0789474
sample_count 75 Sample index 27
 i 0:0.328323 i 1:0.622103 i 2:0.158468 i 3:0.135476 bias 1
 test_print 2.24437
net matrix:
 1.05348 -0.457816 -2.44303
outputs matrix:
 0.891577 0.285849 0.00749452
error matrix:
 0.108423 -0.285849 -0.00749452
delta matrix:
 0.0209619 -0.116706 -0.000111494
weights_delta matrix:
 0.000688227 -0.00383172 -3.6606e-06
 0.00130405 -0.00726031 -6.93606e-06
 0.000332179 -0.00184941 -1.76682e-06
 0.000283983 -0.00158108 -1.51047e-06
 0.00209619 -0.0116706 -1.11494e-05
weights matrix:
 -0.950556 0.119529 0.0304016
 1.78193 -1.99855 -0.49166
 -2.25595 0.902446 1.84632
 -1.88419 -0.668726 2.423
 0.873008 0.675876 -2.76801
regression_error on 'test' 0.0907651
classification_error on 'test' 0.0789474
Save,2988,0.0907651,0.0789474
sample_count 75 Sample index 27
 i 0:0.328323 i 1:0.622103 i 2:0.158468 i 3:0.135476 bias 1
 test_print 2.24437
net matrix:
 1.0567 -0.475769 -2.44305
outputs matrix:
 0.892199 0.278576 0.00749427
error matrix:
 0.107801 -0.278576 -0.00749427
delta matrix:
 0.0207366 -0.111971 -0.000111486
weights_delta matrix:
 0.00068083 -0.00367628 -3.66035e-06
 0.00129003 -0.00696578 -6.93559e-06
 0.000328608 -0.00177439 -1.7667e-06
 0.000280931 -0.00151694 -1.51037e-06
 0.00207366 -0.0111971 -1.11486e-05
weights matrix:
 -0.949875 0.115853 0.0303979
 1.78322 -2.00551 -0.491667
 -2.25562 0.900672 1.84631
 -1.88391 -0.670243 2.423
 0.875081 0.664679 -2.76802
regression_error on 'test' 0.0899794
classification_error on 'test' 0.105263
Save,2989,0.0899794,0.105263
sample_count 75 Sample index 23
 i 0:0.975 i 1:0.763262 i 2:0.899395 i 3:0.792495 bias 1
 test_print 4.43015
net matrix:
 -2.21167 -0.4742 0.467131
outputs matrix:
 0.0118519 0.279207 0.717939
error matrix:
 -0.0118519 -0.279207 0.282061
delta matrix:
 -0.000277607 -0.112381 0.114236
weights_delta matrix:
 -2.70667e-05 -0.0109571 0.011138
 -2.11887e-05 -0.00857761 0.00871921
 -2.49678e-05 -0.0101075 0.0102743
 -2.20002e-05 -0.00890613 0.00905316
 -2.77607e-05 -0.0112381 0.0114236
weights matrix:
 -0.949902 0.104895 0.0415359
 1.7832 -2.01409 -0.482948
 -2.25565 0.890564 1.85659
 -1.88393 -0.679149 2.43205
 0.875054 0.653441 -2.75659
regression_error on 'test' 0.0879518
classification_error on 'test' 0.0789474
Save,2990,0.0879518,0.0789474
sample_count 75 Sample index 41
 i 0:0.674757 i 1:0.445654 i 2:0.627218 i 3:0.536988 bias 1
 test_print 3.28462
net matrix:
 -1.39764 0.0205161 -0.473326
outputs matrix:
 0.0575794 0.510257 0.279559
error matrix:
 -0.0575794 0.489743 -0.279559
delta matrix:
 -0.00624898 0.244769 -0.112609
weights_delta matrix:
 -0.000421654 0.0165159 -0.0075984
 -0.000278488 0.0109082 -0.00501848
 -0.000391947 0.0153523 -0.00706307
 -0.000335563 0.0131438 -0.00604699
 -0.000624898 0.0244769 -0.0112609
weights matrix:
 -0.950324 0.121411 0.0339375
 1.78292 -2.00318 -0.487967
 -2.25604 0.905917 1.84952
 -1.88427 -0.666005 2.42601
 0.874429 0.677918 -2.76785
regression_error on 'test' 0.0908114
classification_error on 'test' 0.0789474
Save,2991,0.0908114,0.0789474
sample_count 75 Sample index 38
 i 0:0.397609 i 1:0.798551 i 2:0.128226 i 3:0.208478 bias 1
 test_print 2.53286
net matrix:
 1.23821 -0.896136 -2.4011
outputs matrix:
 0.922472 0.142795 0.00814477
error matrix:
 0.0775278 -0.142795 -0.00814477
delta matrix:
 0.0110892 -0.0349573 -0.000131594
weights_delta matrix:
 0.000440915 -0.00138993 -5.23229e-06
 0.000885526 -0.00279152 -1.05084e-05
 0.000142192 -0.000448244 -1.68738e-06
 0.000231185 -0.000728783 -2.74344e-06
 0.00110892 -0.00349573 -1.31594e-05
weights matrix:
 -0.949883 0.120021 0.0339323
 1.7838 -2.00597 -0.487977
 -2.2559 0.905468 1.84952
 -1.88404 -0.666734 2.426
 0.875538 0.674422 -2.76787
regression_error on 'test' 0.0905335
classification_error on 'test' 0.105263
Save,2992,0.0905335,0.105263
sample_count 75 Sample index 23
 i 0:0.975 i 1:0.763262 i 2:0.899395 i 3:0.792495 bias 1
 test_print 4.43015
net matrix:
 -2.21112 -0.453649 0.47881
outputs matrix:
 0.0118648 0.287553 0.722645
error matrix:
 -0.0118648 -0.287553 0.277355
delta matrix:
 -0.000278206 -0.11782 0.11118
weights_delta matrix:
 -2.71251e-05 -0.0114874 0.0108401
 -2.12344e-05 -0.00899274 0.00848596
 -2.50217e-05 -0.0105967 0.00999948
 -2.20477e-05 -0.00933716 0.00881097
 -2.78206e-05 -0.011782 0.011118
weights matrix:
 -0.94991 0.108534 0.0447724
 1.78378 -2.01497 -0.479491
 -2.25592 0.894872 1.85952
 -1.88406 -0.676071 2.43481
 0.87551 0.66264 -2.75675
regression_error on 'test' 0.0884161
classification_error on 'test' 0.0789474
Save,2993,0.0884161,0.0789474
sample_count 75 Sample index 0
 i 0:0.282131 i 1:0.269205 i 2:0.430645 i 3:0.427485 bias 1
 test_print 2.40947
net matrix:
 -0.689195 0.247184 -1.03156
outputs matrix:
 0.201268 0.621135 0.112734
error matrix:
 -0.201268 0.378865 -0.112734
delta matrix:
 -0.0647112 0.178314 -0.0225523
weights_delta matrix:
 -0.0018257 0.00503079 -0.000636271
 -0.00174206 0.0048003 -0.00060712
 -0.00278675 0.007679 -0.000971205
 -0.00276631 0.00762265 -0.000964079
 -0.00647112 0.0178314 -0.00225523
weights matrix:
 -0.951736 0.113565 0.0441361
 1.78204 -2.01016 -0.480098
 -2.25871 0.902551 1.85855
 -1.88682 -0.668448 2.43385
 0.869039 0.680471 -2.759
regression_error on 'test' 0.0898348
classification_error on 'test' 0.105263
Save,2994,0.0898348,0.105263
sample_count 75 Sample index 22
 i 0:0.305227 i 1:0.233915 i 2:0.430645 i 3:0.427485 bias 1
 test_print 2.39727
net matrix:
 -0.783902 0.347854 -1.01702
outputs matrix:
 0.17253 0.667236 0.115674
error matrix:
 -0.17253 0.332764 -0.115674
delta matrix:
 -0.0492617 0.147769 -0.0236654
weights_delta matrix:
 -0.0015036 0.00451031 -0.000722332
 -0.00115231 0.00345654 -0.000553569
 -0.00212143 0.00636359 -0.00101914
 -0.00210586 0.0063169 -0.00101166
 -0.00492617 0.0147769 -0.00236654
weights matrix:
 -0.953239 0.118075 0.0434138
 1.78089 -2.00671 -0.480652
 -2.26083 0.908914 1.85753
 -1.88893 -0.662131 2.43284
 0.864112 0.695248 -2.76137
regression_error on 'test' 0.0911309
classification_error on 'test' 0.105263
Save,2995,0.0911309,0.105263
sample_count 75 Sample index 54
 i 0:0.305227 i 1:0.622103 i 2:0.158468 i 3:0.135476 bias 1
 test_print 2.22127
net matrix:
 1.06688 -0.46276 -2.42318
outputs matrix:
 0.894141 0.283834 0.00779561
error matrix:
 0.105859 -0.283834 -0.00779561
delta matrix:
 0.0200396 -0.115391 -0.000120595
weights_delta matrix:
 0.000611664 -0.00352206 -3.6809e-06
 0.00124667 -0.00717853 -7.50228e-06
 0.000317564 -0.00182858 -1.91105e-06
 0.000271489 -0.00156328 -1.63378e-06
 0.00200396 -0.0115391 -1.20595e-05
weights matrix:
 -0.952628 0.114553 0.0434101
 1.78213 -2.01389 -0.480659
 -2.26051 0.907086 1.85753
 -1.88866 -0.663695 2.43284
 0.866116 0.683709 -2.76138
regression_error on 'test' 0.0902713
classification_error on 'test' 0.105263
Save,2996,0.0902713,0.105263
sample_count 75 Sample index 18
 i 0:0.513088 i 1:0.480944 i 2:0.566734 i 3:0.60999 bias 1
 test_print 3.17076
net matrix:
 -1.19873 -0.116853 -0.433548
outputs matrix:
 0.0833663 0.441838 0.295859
error matrix:
 -0.0833663 0.558162 -0.295859
delta matrix:
 -0.0127411 0.275305 -0.12327
weights_delta matrix:
 -0.00065373 0.0141255 -0.00632485
 -0.000612775 0.0132406 -0.00592861
 -0.000722081 0.0156024 -0.00698615
 -0.000777194 0.0167933 -0.00751937
 -0.00127411 0.0275305 -0.012327
weights matrix:
 -0.953281 0.128679 0.0370852
 1.78152 -2.00065 -0.486588
 -2.26124 0.922688 1.85054
 -1.88944 -0.646901 2.42532
 0.864842 0.71124 -2.77371
regression_error on 'test' 0.0938453
classification_error on 'test' 0.0526316
Save,2997,0.0938453,0.0526316
sample_count 75 Sample index 41
 i 0:0.674757 i 1:0.445654 i 2:0.627218 i 3:0.536988 bias 1
 test_print 3.28462
net matrix:
 -1.41734 0.137819 -0.502475
outputs matrix:
 0.0554785 0.568476 0.267969
error matrix:
 -0.0554785 0.431524 -0.267969
delta matrix:
 -0.00581422 0.211715 -0.105131
weights_delta matrix:
 -0.000392318 0.0142856 -0.00709376
 -0.000259113 0.00943516 -0.00468518
 -0.000364678 0.0132791 -0.00659398
 -0.000312216 0.0113688 -0.00564538
 -0.000581422 0.0211715 -0.0105131
weights matrix:
 -0.953674 0.142964 0.0299915
 1.78126 -1.99121 -0.491273
 -2.2616 0.935967 1.84395
 -1.88975 -0.635532 2.41967
 0.864261 0.732411 -2.78422
regression_error on 'test' 0.0971403
classification_error on 'test' 0.105263
Save,2998,0.0971403,0.105263
sample_count 75 Sample index 26
 i 0:0.489992 i 1:0.339785 i 2:0.536492 i 3:0.500487 bias 1
 test_print 2.86676
net matrix:
 -1.15691 0.309942 -0.736176
outputs matrix:
 0.0899847 0.650192 0.186585
error matrix:
 -0.0899847 0.349808 -0.186585
delta matrix:
 -0.0147372 0.159122 -0.0566366
weights_delta matrix:
 -0.000722113 0.00779686 -0.00277515
 -0.00050075 0.00540673 -0.00192443
 -0.000790642 0.00853678 -0.00303851
 -0.00073758 0.00796386 -0.00283459
 -0.00147372 0.0159122 -0.00566366
weights matrix:
 -0.954396 0.150761 0.0272163
 1.78076 -1.9858 -0.493198
 -2.26239 0.944504 1.84091
 -1.89049 -0.627569 2.41684
 0.862787 0.748323 -2.78989
regression_error on 'test' 0.0994465
classification_error on 'test' 0.131579
Save,2999,0.0994465,0.131579
sample_count 75 Sample index 49
 i 0:0.397609 i 1:0.480944 i 2:0.612097 i 3:0.60999 bias 1
 test_print 3.10064
net matrix:
 -1.19822 0.0485241 -0.415203
outputs matrix:
 0.0834441 0.524243 0.303559
error matrix:
 -0.0834441 0.475757 -0.303559
delta matrix:
 -0.0127638 0.237319 -0.128352
weights_delta matrix:
 -0.0005075 0.00943603 -0.00510338
 -0.000613867 0.0114137 -0.006173
 -0.000781268 0.0145262 -0.00785637
 -0.000778579 0.0144762 -0.00782932
 -0.00127638 0.0237319 -0.0128352
weights matrix:
 -0.954903 0.160197 0.0221129
 1.78015 -1.97439 -0.499371
 -2.26317 0.95903 1.83306
 -1.89126 -0.613092 2.40901
 0.861511 0.772055 -2.80272
regression_error on 'test' 0.103678
classification_error on 'test' 0.157895
Save,3000,0.103678,0.157895
sample_count 75 Sample index 32
 i 0:0.697853 i 1:0.516233 i 2:0.642339 i 3:0.60999 bias 1
 test_print 3.46642
net matrix:
 -1.49328 0.106646 -0.398168
outputs matrix:
 0.048037 0.553122 0.31081
error matrix:
 -0.048037 0.446878 -0.31081
delta matrix:
 -0.00439342 0.220917 -0.133155
weights_delta matrix:
 -0.000306596 0.0154168 -0.00929228
 -0.000226803 0.0114045 -0.00687392
 -0.000282206 0.0141904 -0.00855308
 -0.000267994 0.0134757 -0.00812234
 -0.000439342 0.0220917 -0.0133155
weights matrix:
 -0.95521 0.175614 0.0128206
 1.77992 -1.96299 -0.506245
 -2.26346 0.973221 1.8245
 -1.89153 -0.599617 2.40089
 0.861071 0.794147 -2.81604
regression_error on 'test' 0.108504
classification_error on 'test' 0.157895
Save,3001,0.108504,0.157895
sample_count 75 Sample index 39
 i 0:0.397609 i 1:0.622103 i 2:0.18871 i 3:0.135476 bias 1
 test_print 2.3439
net matrix:
 0.905171 -0.254784 -2.45631
outputs matrix:
 0.859403 0.375295 0.00729949
error matrix:
 0.140597 -0.375295 -0.00729949
delta matrix:
 0.0339764 -0.175975 -0.000105787
weights_delta matrix:
 0.00135093 -0.00699691 -4.2062e-06
 0.00211368 -0.0109474 -6.58106e-06
 0.000641169 -0.00332082 -1.99631e-06
 0.000460299 -0.00238403 -1.43316e-06
 0.00339764 -0.0175975 -1.05787e-05
weights matrix:
 -0.953859 0.168617 0.0128164
 1.78203 -1.97393 -0.506251
 -2.26281 0.9699 1.8245
 -1.89107 -0.602001 2.40088
 0.864469 0.77655 -2.81605
regression_error on 'test' 0.106298
classification_error on 'test' 0.157895
Save,3002,0.106298,0.157895
sample_count 75 Sample index 33
 i 0:0.559279 i 1:0.480944 i 2:0.672581 i 3:0.719493 bias 1
 test_print 3.4323
net matrix:
 -1.69448 0.140703 -0.0978147
outputs matrix:
 0.032642 0.569891 0.451248
error matrix:
 -0.032642 -0.569891 0.548752
delta matrix:
 -0.00206144 -0.279378 0.271767
weights_delta matrix:
 -0.000115292 -0.015625 0.0151994
 -9.91438e-05 -0.0134365 0.0130705
 -0.000138649 -0.0187904 0.0182786
 -0.000148319 -0.020101 0.0195535
 -0.000206144 -0.0279378 0.0271767
weights matrix:
 -0.953974 0.152992 0.0280158
 1.78193 -1.98737 -0.493181
 -2.26295 0.951109 1.84278
 -1.89122 -0.622102 2.42044
 0.864263 0.748612 -2.78887
regression_error on 'test' 0.0998406
classification_error on 'test' 0.131579
Save,3003,0.0998406,0.131579
sample_count 75 Sample index 62
 i 0:0.582374 i 1:0.622103 i 2:0.748185 i 3:0.901998 bias 1
 test_print 3.85466
net matrix:
 -1.98174 -0.248167 0.482605
outputs matrix:
 0.0186426 0.378402 0.724164
error matrix:
 -0.0186426 -0.378402 0.275836
delta matrix:
 -0.000682135 -0.178011 0.110197
weights_delta matrix:
 -3.97258e-05 -0.0103669 0.00641758
 -4.24358e-05 -0.0110741 0.00685539
 -5.10363e-05 -0.0133185 0.00824477
 -6.15284e-05 -0.0160566 0.00993974
 -6.82135e-05 -0.0178011 0.0110197
weights matrix:
 -0.954014 0.142625 0.0344334
 1.78189 -1.99844 -0.486325
 -2.263 0.937791 1.85102
 -1.89128 -0.638158 2.43038
 0.864195 0.730811 -2.77785
regression_error on 'test' 0.0962589
classification_error on 'test' 0.0789474
Save,3004,0.0962589,0.0789474
sample_count 75 Sample index 73
 i 0:0.582374 i 1:0.410364 i 2:0.65746 i 3:0.719493 bias 1
 test_print 3.36969
net matrix:
 -1.80877 0.151192 0.00824487
outputs matrix:
 0.0261465 0.575025 0.504122
error matrix:
 -0.0261465 -0.575025 0.495878
delta matrix:
 -0.00133153 -0.281039 0.247922
weights_delta matrix:
 -7.75451e-05 -0.016367 0.0144383
 -5.46414e-05 -0.0115328 0.0101738
 -8.7543e-05 -0.0184772 0.0162999
 -9.58029e-05 -0.0202206 0.0178378
 -0.000133153 -0.0281039 0.0247922
weights matrix:
 -0.954092 0.126258 0.0488717
 1.78184 -2.00998 -0.476151
 -2.26309 0.919314 1.86732
 -1.89138 -0.658379 2.44822
 0.864062 0.702707 -2.75306
regression_error on 'test' 0.0915606
classification_error on 'test' 0.105263
Save,3005,0.0915606,0.105263
sample_count 75 Sample index 39
 i 0:0.397609 i 1:0.622103 i 2:0.18871 i 3:0.135476 bias 1
 test_print 2.3439
net matrix:
 0.909889 -0.413216 -2.34579
outputs matrix:
 0.860539 0.3044 0.00908889
error matrix:
 0.139461 -0.3044 -0.00908889
delta matrix:
 0.0334737 -0.128908 -0.000163714
weights_delta matrix:
 0.00133095 -0.00512549 -6.50943e-06
 0.00208241 -0.00801939 -1.01847e-05
 0.000631683 -0.00243262 -3.08945e-06
 0.000453489 -0.00174639 -2.21794e-06
 0.00334737 -0.0128908 -1.63714e-05
weights matrix:
 -0.952761 0.121132 0.0488652
 1.78392 -2.018 -0.476162
 -2.26246 0.916881 1.86732
 -1.89092 -0.660125 2.44821
 0.867409 0.689816 -2.75308
regression_error on 'test' 0.0905047
classification_error on 'test' 0.105263
Save,3006,0.0905047,0.105263
sample_count 75 Sample index 57
 i 0:0.374514 i 1:0.727972 i 2:0.158468 i 3:0.135476 bias 1
 test_print 2.39643
net matrix:
 1.19453 -0.677998 -2.45382
outputs matrix:
 0.915989 0.204892 0.00733566
error matrix:
 0.084011 -0.204892 -0.00733566
delta matrix:
 0.0129298 -0.0667583 -0.000106834
weights_delta matrix:
 0.00048424 -0.00250019 -4.00109e-06
 0.000941255 -0.00485982 -7.77723e-06
 0.000204896 -0.00105791 -1.69298e-06
 0.000175168 -0.000904415 -1.44735e-06
 0.00129298 -0.00667583 -1.06834e-05
weights matrix:
 -0.952276 0.118632 0.0488612
 1.78486 -2.02286 -0.476169
 -2.26225 0.915823 1.86732
 -1.89075 -0.66103 2.44821
 0.868702 0.68314 -2.75309
regression_error on 'test' 0.0899805
classification_error on 'test' 0.105263
Save,3007,0.0899805,0.105263
sample_count 75 Sample index 62
 i 0:0.582374 i 1:0.622103 i 2:0.748185 i 3:0.901998 bias 1
 test_print 3.85466
net matrix:
 -1.97355 -0.417239 0.584525
outputs matrix:
 0.0189449 0.302699 0.762973
error matrix:
 -0.0189449 -0.302699 0.237027
delta matrix:
 -0.000704217 -0.127783 0.0857303
weights_delta matrix:
 -4.10118e-05 -0.00744174 0.00499271
 -4.38096e-05 -0.00794941 0.00533331
 -5.26885e-05 -0.00956052 0.00641421
 -6.35202e-05 -0.011526 0.00773286
 -7.04217e-05 -0.0127783 0.00857303
weights matrix:
 -0.952317 0.111191 0.0538539
 1.78482 -2.03081 -0.470836
 -2.26231 0.906263 1.87373
 -1.89081 -0.672556 2.45594
 0.868632 0.670362 -2.74451
regression_error on 'test' 0.0881953
classification_error on 'test' 0.0789474
Save,3008,0.0881953,0.0789474
sample_count 75 Sample index 33
 i 0:0.559279 i 1:0.480944 i 2:0.672581 i 3:0.719493 bias 1
 test_print 3.4323
net matrix:
 -1.68759 -0.11852 0.0864323
outputs matrix:
 0.03308 0.441016 0.543109
error matrix:
 -0.03308 -0.441016 0.456891
delta matrix:
 -0.00211618 -0.217439 0.226747
weights_delta matrix:
 -0.000118353 -0.0121609 0.0126815
 -0.000101776 -0.0104576 0.0109053
 -0.00014233 -0.0146246 0.0152506
 -0.000152257 -0.0156446 0.0163143
 -0.000211618 -0.0217439 0.0226747
weights matrix:
 -0.952436 0.0990296 0.0665354
 1.78472 -2.04126 -0.459931
 -2.26245 0.891638 1.88898
 -1.89096 -0.6882 2.47226
 0.86842 0.648618 -2.72184
regression_error on 'test' 0.0857249
classification_error on 'test' 0.0789474
Save,3009,0.0857249,0.0789474
sample_count 75 Sample index 49
 i 0:0.397609 i 1:0.480944 i 2:0.612097 i 3:0.60999 bias 1
 test_print 3.10064
net matrix:
 -1.19024 -0.167767 -0.25229
outputs matrix:
 0.0846739 0.416895 0.376465
error matrix:
 -0.0846739 0.583105 -0.376465
delta matrix:
 -0.0131252 0.283498 -0.176742
weights_delta matrix:
 -0.000521868 0.0112721 -0.00702742
 -0.000631247 0.0136347 -0.0085003
 -0.000803387 0.0173528 -0.0108183
 -0.000800622 0.0172931 -0.0107811
 -0.00131252 0.0283498 -0.0176742
weights matrix:
 -0.952958 0.110302 0.059508
 1.78408 -2.02763 -0.468431
 -2.26325 0.908991 1.87817
 -1.89176 -0.670907 2.46148
 0.867107 0.676968 -2.73951
regression_error on 'test' 0.0884334
classification_error on 'test' 0.0789474
Save,3010,0.0884334,0.0789474
sample_count 75 Sample index 13
 i 0:0.420705 i 1:0.269205 i 2:0.491129 i 3:0.427485 bias 1
 test_print 2.60852
net matrix:
 -0.973773 0.337153 -0.865915
outputs matrix:
 0.124821 0.662467 0.150354
error matrix:
 -0.124821 0.337533 -0.150354
delta matrix:
 -0.0272712 0.150948 -0.0384145
weights_delta matrix:
 -0.00114731 0.00635045 -0.00161612
 -0.000734154 0.00406359 -0.00103414
 -0.00133937 0.00741349 -0.00188665
 -0.0011658 0.00645279 -0.00164216
 -0.00272712 0.0150948 -0.00384145
weights matrix:
 -0.954105 0.116652 0.0578919
 1.78335 -2.02357 -0.469465
 -2.26459 0.916404 1.87628
 -1.89293 -0.664454 2.45984
 0.86438 0.692062 -2.74335
regression_error on 'test' 0.0897987
classification_error on 'test' 0.0789474
Save,3011,0.0897987,0.0789474
sample_count 75 Sample index 68
 i 0:0.305227 i 1:0.657392 i 2:0.173589 i 3:0.281481 bias 1
 test_print 2.41769
net matrix:
 0.81959 -0.630561 -2.01621
outputs matrix:
 0.837423 0.220781 0.0174225
error matrix:
 0.162577 -0.220781 -0.0174225
delta matrix:
 0.0442682 -0.0759647 -0.000596509
weights_delta matrix:
 0.00135119 -0.00231865 -1.82071e-05
 0.00291016 -0.00499386 -3.9214e-05
 0.000768448 -0.00131866 -1.03547e-05
 0.00124607 -0.00213826 -1.67906e-05
 0.00442682 -0.00759647 -5.96509e-05
weights matrix:
 -0.952754 0.114334 0.0578737
 1.78626 -2.02856 -0.469504
 -2.26382 0.915086 1.87627
 -1.89168 -0.666593 2.45982
 0.868807 0.684466 -2.74341
regression_error on 'test' 0.0891963
classification_error on 'test' 0.0789474
Save,3012,0.0891963,0.0789474
sample_count 75 Sample index 25
 i 0:0.628566 i 1:0.410364 i 2:0.778427 i 3:0.865497 bias 1
 test_print 3.68285
net matrix:
 -2.39651 0.0592782 0.6898
outputs matrix:
 0.00821922 0.529604 0.798927
error matrix:
 -0.00821922 -0.529604 0.201073
delta matrix:
 -0.000134001 -0.263874 0.064602
weights_delta matrix:
 -8.42282e-06 -0.0165862 0.00406066
 -5.4989e-06 -0.0108284 0.00265103
 -1.0431e-05 -0.0205407 0.0050288
 -1.15977e-05 -0.0228382 0.00559129
 -1.34001e-05 -0.0263874 0.0064602
weights matrix:
 -0.952762 0.0977473 0.0619344
 1.78625 -2.03939 -0.466853
 -2.26383 0.894545 1.8813
 -1.8917 -0.689431 2.46541
 0.868794 0.658079 -2.73695
regression_error on 'test' 0.0862634
classification_error on 'test' 0.0789474
Save,3013,0.0862634,0.0789474
sample_count 75 Sample index 58
 i 0:0.282131 i 1:0.516233 i 2:0.158468 i 3:0.0989754 bias 1
 test_print 2.05581
net matrix:
 0.976137 -0.293623 -2.41835
outputs matrix:
 0.875694 0.357267 0.00787082
error matrix:
 0.124306 -0.357267 -0.00787082
delta matrix:
 0.0270623 -0.164077 -0.000122925
weights_delta matrix:
 0.00076351 -0.00462911 -3.46808e-06
 0.00139704 -0.00847017 -6.34577e-06
 0.00042885 -0.00260009 -1.94796e-06
 0.00026785 -0.00162395 -1.21665e-06
 0.00270623 -0.0164077 -1.22925e-05
weights matrix:
 -0.951999 0.0931182 0.0619309
 1.78765 -2.04786 -0.46686
 -2.26341 0.891945 1.8813
 -1.89143 -0.691055 2.46541
 0.8715 0.641671 -2.73697
regression_error on 'test' 0.0854274
classification_error on 'test' 0.0789474
Save,3014,0.0854274,0.0789474
sample_count 75 Sample index 25
 i 0:0.628566 i 1:0.410364 i 2:0.778427 i 3:0.865497 bias 1
 test_print 3.68285
net matrix:
 -2.39223 -0.0439568 0.708634
outputs matrix:
 0.00828939 0.478036 0.80491
error matrix:
 -0.00828939 -0.478036 0.19509
delta matrix:
 -0.000136289 -0.238557 0.06127
weights_delta matrix:
 -8.56665e-06 -0.0149949 0.00385123
 -5.5928e-06 -0.0097895 0.0025143
 -1.06091e-05 -0.0185699 0.00476942
 -1.17957e-05 -0.020647 0.0053029
 -1.36289e-05 -0.0238557 0.006127
weights matrix:
 -0.952007 0.0781234 0.0657821
 1.78765 -2.05765 -0.464345
 -2.26342 0.873375 1.88606
 -1.89144 -0.711702 2.47071
 0.871486 0.617815 -2.73084
regression_error on 'test' 0.0835025
classification_error on 'test' 0.0789474
Save,3015,0.0835025,0.0789474
sample_count 75 Sample index 36
 i 0:0.744044 i 1:0.516233 i 2:0.702823 i 3:0.901998 bias 1
 test_print 3.8651
net matrix:
 -2.21086 -0.414408 0.632542
outputs matrix:
 0.0118709 0.303895 0.7799
error matrix:
 -0.0118709 -0.303895 0.2201
delta matrix:
 -0.000278489 -0.128574 0.0755629
weights_delta matrix:
 -2.07208e-05 -0.00956646 0.00562221
 -1.43765e-05 -0.00663741 0.00390081
 -1.95729e-05 -0.00903647 0.00531074
 -2.51197e-05 -0.0115973 0.00681576
 -2.78489e-05 -0.0128574 0.00755629
weights matrix:
 -0.952028 0.0685569 0.0714043
 1.78763 -2.06428 -0.460445
 -2.26344 0.864339 1.89138
 -1.89147 -0.723299 2.47753
 0.871458 0.604958 -2.72328
regression_error on 'test' 0.0825792
classification_error on 'test' 0.105263
Save,3016,0.0825792,0.105263
sample_count 75 Sample index 72
 i 0:0.905713 i 1:0.480944 i 2:0.929637 i 3:0.828996 bias 1
 test_print 4.14529
net matrix:
 -2.80325 -0.121845 0.932094
outputs matrix:
 0.00366049 0.439377 0.865784
error matrix:
 -0.00366049 -0.439377 0.134216
delta matrix:
 -2.67003e-05 -0.216459 0.0311922
weights_delta matrix:
 -2.41828e-06 -0.019605 0.00282512
 -1.28413e-06 -0.0104105 0.00150017
 -2.48216e-06 -0.0201228 0.00289974
 -2.21344e-06 -0.0179444 0.00258582
 -2.67003e-06 -0.0216459 0.00311922
weights matrix:
 -0.95203 0.0489519 0.0742295
 1.78763 -2.07469 -0.458945
 -2.26344 0.844216 1.89428
 -1.89147 -0.741243 2.48011
 0.871456 0.583312 -2.72016
regression_error on 'test' 0.0814505
classification_error on 'test' 0.131579
Save,3017,0.0814505,0.131579
sample_count 75 Sample index 44
 i 0:0.536183 i 1:0.375074 i 2:0.702823 i 3:0.646491 bias 1
 test_print 3.26057
net matrix:
 -1.78213 -0.0544779 0.0822099
outputs matrix:
 0.0275383 0.472788 0.541013
error matrix:
 -0.0275383 0.527212 -0.541013
delta matrix:
 -0.00147495 0.262825 -0.268686
weights_delta matrix:
 -7.90843e-05 0.0140922 -0.0144065
 -5.53216e-05 0.00985789 -0.0100777
 -0.000103663 0.018472 -0.0188839
 -9.53542e-05 0.0169914 -0.0173703
 -0.000147495 0.0262825 -0.0268686
weights matrix:
 -0.952109 0.0630442 0.059823
 1.78758 -2.06484 -0.469022
 -2.26354 0.862688 1.87539
 -1.89156 -0.724252 2.46274
 0.871308 0.609595 -2.74703
regression_error on 'test' 0.0829688
classification_error on 'test' 0.0789474
Save,3018,0.0829688,0.0789474
sample_count 75 Sample index 40
 i 0:0.328323 i 1:0.763262 i 2:0.158468 i 3:0.171977 bias 1
 test_print 2.42203
net matrix:
 1.23909 -0.933565 -2.36465
outputs matrix:
 0.922598 0.133874 0.00875526
error matrix:
 0.0774017 -0.133874 -0.00875526
delta matrix:
 0.0110546 -0.031046 -0.000151967
weights_delta matrix:
 0.000362948 -0.00101931 -4.98942e-06
 0.000843756 -0.00236962 -1.15991e-05
 0.00017518 -0.000491979 -2.40819e-06
 0.000190114 -0.000533919 -2.61348e-06
 0.00110546 -0.0031046 -1.51967e-05
weights matrix:
 -0.951746 0.0620249 0.059818
 1.78842 -2.06721 -0.469034
 -2.26337 0.862196 1.87539
 -1.89137 -0.724786 2.46274
 0.872414 0.60649 -2.74705
regression_error on 'test' 0.0828655
classification_error on 'test' 0.0789474
Save,3019,0.0828655,0.0789474
sample_count 75 Sample index 24
 i 0:0.466896 i 1:0.445654 i 2:0.566734 i 3:0.536988 bias 1
 test_print 3.01627
net matrix:
 -1.07331 -0.186376 -0.542837
outputs matrix:
 0.104648 0.407876 0.252434
error matrix:
 -0.104648 0.592124 -0.252434
delta matrix:
 -0.0196103 0.286011 -0.0952741
weights_delta matrix:
 -0.000915598 0.0133538 -0.00444831
 -0.000873941 0.0127462 -0.00424593
 -0.00111138 0.0162092 -0.00539951
 -0.00105305 0.0153585 -0.0051161
 -0.00196103 0.0286011 -0.00952741
weights matrix:
 -0.952662 0.0753786 0.0553697
 1.78755 -2.05446 -0.47328
 -2.26448 0.878405 1.86999
 -1.89243 -0.709427 2.45762
 0.870453 0.635091 -2.75658
regression_error on 'test' 0.0845662
classification_error on 'test' 0.0789474
Save,3020,0.0845662,0.0789474
sample_count 75 Sample index 67
 i 0:0.443801 i 1:0.375074 i 2:0.566734 i 3:0.536988 bias 1
 test_print 2.9226
net matrix:
 -1.18144 0.0148374 -0.530015
outputs matrix:
 0.0860467 0.507418 0.257304
error matrix:
 -0.0860467 0.492582 -0.257304
delta matrix:
 -0.0135339 0.246237 -0.0983406
weights_delta matrix:
 -0.000600635 0.010928 -0.00436437
 -0.000507621 0.0092357 -0.0036885
 -0.000767011 0.0139551 -0.0055733
 -0.000726753 0.0132226 -0.00528077
 -0.00135339 0.0246237 -0.00983406
weights matrix:
 -0.953263 0.0863066 0.0510053
 1.78704 -2.04522 -0.476968
 -2.26525 0.89236 1.86442
 -1.89315 -0.696205 2.45234
 0.869099 0.659715 -2.76641
regression_error on 'test' 0.0864626
classification_error on 'test' 0.0789474
Save,3021,0.0864626,0.0789474
sample_count 75 Sample index 59
 i 0:0.60547 i 1:0.233915 i 2:0.596976 i 3:0.536988 bias 1
 test_print 2.97335
net matrix:
 -1.65895 0.392426 -0.417206
outputs matrix:
 0.0349619 0.686725 0.302713
error matrix:
 -0.0349619 0.313275 -0.302713
delta matrix:
 -0.00235919 0.134792 -0.127792
weights_delta matrix:
 -0.000142842 0.00816126 -0.00773742
 -5.51851e-05 0.00315299 -0.00298925
 -0.000140838 0.00804677 -0.00762887
 -0.000126686 0.00723818 -0.00686228
 -0.000235919 0.0134792 -0.0127792
weights matrix:
 -0.953406 0.0944679 0.0432679
 1.78698 -2.04207 -0.479958
 -2.26539 0.900407 1.85679
 -1.89328 -0.688967 2.44548
 0.868863 0.673194 -2.77919
regression_error on 'test' 0.0879909
classification_error on 'test' 0.0789474
Save,3022,0.0879909,0.0789474
sample_count 75 Sample index 40
 i 0:0.328323 i 1:0.763262 i 2:0.158468 i 3:0.171977 bias 1
 test_print 2.42203
net matrix:
 1.23518 -0.830227 -2.41651
outputs matrix:
 0.922038 0.159701 0.00789957
error matrix:
 0.077962 -0.159701 -0.00789957
delta matrix:
 0.0112084 -0.0428627 -0.000123821
weights_delta matrix:
 0.000367998 -0.00140728 -4.06531e-06
 0.000855497 -0.00327155 -9.45075e-06
 0.000177618 -0.000679237 -1.96216e-06
 0.000192759 -0.000737141 -2.12943e-06
 0.00112084 -0.00428627 -1.23821e-05
weights matrix:
 -0.953038 0.0930606 0.0432638
 1.78784 -2.04534 -0.479967
 -2.26521 0.899728 1.85679
 -1.89309 -0.689704 2.44548
 0.869984 0.668908 -2.7792
regression_error on 'test' 0.0877192
classification_error on 'test' 0.0789474
Save,3023,0.0877192,0.0789474
sample_count 75 Sample index 68
 i 0:0.305227 i 1:0.657392 i 2:0.173589 i 3:0.281481 bias 1
 test_print 2.41769
net matrix:
 0.828319 -0.685236 -2.07085
outputs matrix:
 0.839786 0.202544 0.0156471
error matrix:
 0.160214 -0.202544 -0.0156471
delta matrix:
 0.0431121 -0.0654296 -0.000482004
weights_delta matrix:
 0.0013159 -0.00199709 -1.47121e-05
 0.00283415 -0.00430129 -3.16865e-05
 0.000748379 -0.00113579 -8.36705e-06
 0.00121352 -0.00184172 -1.35675e-05
 0.00431121 -0.00654296 -4.82004e-05
weights matrix:
 -0.951722 0.0910635 0.0432491
 1.79067 -2.04964 -0.479999
 -2.26446 0.898592 1.85678
 -1.89187 -0.691546 2.44547
 0.874295 0.662365 -2.77925
regression_error on 'test' 0.0873103
classification_error on 'test' 0.0789474
Save,3024,0.0873103,0.0789474
sample_count 75 Sample index 59
 i 0:0.60547 i 1:0.233915 i 2:0.596976 i 3:0.536988 bias 1
 test_print 2.97335
net matrix:
 -1.65082 0.403144 -0.443705
outputs matrix:
 0.035515 0.691318 0.291645
error matrix:
 -0.035515 0.308682 -0.291645
delta matrix:
 -0.00243304 0.131744 -0.120501
weights_delta matrix:
 -0.000147313 0.00797669 -0.00729595
 -5.69124e-05 0.00308169 -0.00281869
 -0.000145247 0.00786479 -0.0071936
 -0.000130651 0.00707448 -0.00647074
 -0.000243304 0.0131744 -0.0120501
weights matrix:
 -0.951869 0.0990402 0.0359531
 1.79062 -2.04656 -0.482817
 -2.26461 0.906457 1.84958
 -1.892 -0.684471 2.439
 0.874052 0.675539 -2.7913
regression_error on 'test' 0.0889041
classification_error on 'test' 0.105263
Save,3025,0.0889041,0.105263
sample_count 75 Sample index 39
 i 0:0.397609 i 1:0.622103 i 2:0.18871 i 3:0.135476 bias 1
 test_print 2.3439
net matrix:
 0.925853 -0.479927 -2.39791
outputs matrix:
 0.864327 0.276908 0.00819655
error matrix:
 0.135673 -0.276908 -0.00819655
delta matrix:
 0.0318195 -0.11089 -0.000133266
weights_delta matrix:
 0.00126517 -0.0044091 -5.29876e-06
 0.0019795 -0.00689852 -8.29049e-06
 0.000600466 -0.00209261 -2.51486e-06
 0.000431078 -0.0015023 -1.80543e-06
 0.00318195 -0.011089 -1.33266e-05
weights matrix:
 -0.950604 0.0946311 0.0359478
 1.79259 -2.05346 -0.482826
 -2.264 0.904364 1.84958
 -1.89157 -0.685973 2.43899
 0.877234 0.66445 -2.79131
regression_error on 'test' 0.0882063
classification_error on 'test' 0.105263
Save,3026,0.0882063,0.105263
sample_count 75 Sample index 47
 i 0:0.282131 i 1:0.516233 i 2:0.158468 i 3:0.0989754 bias 1
 test_print 2.05581
net matrix:
 0.988444 -0.293498 -2.49592
outputs matrix:
 0.878349 0.357324 0.0067473
error matrix:
 0.121651 -0.357324 -0.0067473
delta matrix:
 0.0259973 -0.164115 -9.04378e-05
weights_delta matrix:
 0.000733464 -0.00463018 -2.55153e-06
 0.00134207 -0.00847214 -4.6687e-06
 0.000411974 -0.00260069 -1.43315e-06
 0.000257309 -0.00162433 -8.95112e-07
 0.00259973 -0.0164115 -9.04378e-06
weights matrix:
 -0.94987 0.0900009 0.0359453
 1.79394 -2.06193 -0.48283
 -2.26359 0.901763 1.84958
 -1.89132 -0.687598 2.43899
 0.879834 0.648039 -2.79132
regression_error on 'test' 0.0873548
classification_error on 'test' 0.0789474
Save,3027,0.0873548,0.0789474
sample_count 75 Sample index 55
 i 0:0.628566 i 1:0.551523 i 2:0.612097 i 3:0.60999 bias 1
 test_print 3.40218
net matrix:
 -1.26705 -0.300055 -0.415136
outputs matrix:
 0.0735024 0.354319 0.303587
error matrix:
 -0.0735024 0.645681 -0.303587
delta matrix:
 -0.010011 0.295434 -0.12837
weights_delta matrix:
 -0.000629257 0.01857 -0.00806891
 -0.00055213 0.0162939 -0.00707991
 -0.00061277 0.0180834 -0.0078575
 -0.000610661 0.0180212 -0.00783045
 -0.0010011 0.0295434 -0.012837
weights matrix:
 -0.9505 0.108571 0.0278764
 1.79338 -2.04564 -0.48991
 -2.26421 0.919847 1.84172
 -1.89193 -0.669576 2.43116
 0.878833 0.677582 -2.80416
regression_error on 'test' 0.0907259
classification_error on 'test' 0.0789474
Save,3028,0.0907259,0.0789474
sample_count 75 Sample index 5
 i 0:0.536183 i 1:0.198626 i 2:0.687702 i 3:0.60999 bias 1
 test_print 3.0325
net matrix:
 -1.98575 0.553624 -0.13698
outputs matrix:
 0.0184965 0.751616 0.431935
error matrix:
 -0.0184965 -0.751616 0.568065
delta matrix:
 -0.000671588 -0.280638 0.278769
weights_delta matrix:
 -3.60094e-05 -0.0150473 0.0149471
 -1.33395e-05 -0.00557419 0.00553708
 -4.61853e-05 -0.0192995 0.019171
 -4.09662e-05 -0.0171186 0.0170046
 -6.71588e-05 -0.0280638 0.0278769
weights matrix:
 -0.950536 0.0935236 0.0428235
 1.79337 -2.05121 -0.484373
 -2.26425 0.900547 1.86089
 -1.89197 -0.686695 2.44817
 0.878766 0.649518 -2.77628
regression_error on 'test' 0.0869729
classification_error on 'test' 0.0789474
Save,3029,0.0869729,0.0789474
sample_count 75 Sample index 73
 i 0:0.582374 i 1:0.410364 i 2:0.65746 i 3:0.719493 bias 1
 test_print 3.36969
net matrix:
 -1.78878 -0.0397589 0.0347899
outputs matrix:
 0.0271843 0.480131 0.517388
error matrix:
 -0.0271843 -0.480131 0.482612
delta matrix:
 -0.00143779 -0.239686 0.241014
weights_delta matrix:
 -8.37331e-05 -0.0139587 0.014036
 -5.90017e-05 -0.00983587 0.00989036
 -9.45289e-05 -0.0157584 0.0158457
 -0.000103448 -0.0172453 0.0173408
 -0.000143779 -0.0239686 0.0241014
weights matrix:
 -0.950619 0.0795649 0.0568595
 1.79331 -2.06105 -0.474483
 -2.26435 0.884789 1.87674
 -1.89207 -0.70394 2.46551
 0.878622 0.62555 -2.75218
regression_error on 'test' 0.0843374
classification_error on 'test' 0.0789474
Save,3030,0.0843374,0.0789474
sample_count 75 Sample index 29
 i 0:0.420705 i 1:0.304495 i 2:0.536492 i 3:0.536988 bias 1
 test_print 2.79868
net matrix:
 -1.20608 0.128118 -0.541933
outputs matrix:
 0.0822506 0.563711 0.252775
error matrix:
 -0.0822506 0.436289 -0.252775
delta matrix:
 -0.0124175 0.214603 -0.0954881
weights_delta matrix:
 -0.000522409 0.00902844 -0.00401723
 -0.000378105 0.00653454 -0.00290757
 -0.000666187 0.0115133 -0.00512286
 -0.000666803 0.0115239 -0.0051276
 -0.00124175 0.0214603 -0.00954881
weights matrix:
 -0.951142 0.0885933 0.0528423
 1.79293 -2.05452 -0.47739
 -2.26501 0.896302 1.87162
 -1.89274 -0.692416 2.46038
 0.87738 0.64701 -2.76173
regression_error on 'test' 0.0858931
classification_error on 'test' 0.0789474
Save,3031,0.0858931,0.0789474
sample_count 75 Sample index 37
 i 0:0.720948 i 1:0.551523 i 2:0.82379 i 3:0.901998 bias 1
 test_print 3.99826
net matrix:
 -2.39264 -0.308425 0.774152
outputs matrix:
 0.00828263 0.350498 0.824669
error matrix:
 -0.00828263 -0.350498 0.175331
delta matrix:
 -0.000136067 -0.159581 0.0507024
weights_delta matrix:
 -9.80976e-06 -0.011505 0.00365538
 -7.50443e-06 -0.00880128 0.00279636
 -1.12091e-05 -0.0131461 0.00417682
 -1.22733e-05 -0.0143942 0.00457335
 -1.36067e-05 -0.0159581 0.00507024
weights matrix:
 -0.951152 0.0770883 0.0564977
 1.79293 -2.06332 -0.474594
 -2.26502 0.883156 1.87579
 -1.89275 -0.706811 2.46495
 0.877366 0.631052 -2.75666
regression_error on 'test' 0.0843724
classification_error on 'test' 0.0789474
Save,3032,0.0843724,0.0789474
sample_count 75 Sample index 14
 i 0:0.697853 i 1:0.516233 i 2:0.778427 i 3:0.938499 bias 1
 test_print 3.93101
net matrix:
 -2.40033 -0.356173 0.811291
outputs matrix:
 0.00815725 0.329081 0.835151
error matrix:
 -0.00815725 -0.329081 0.164849
delta matrix:
 -0.000131996 -0.145313 0.0453908
weights_delta matrix:
 -9.21138e-06 -0.0101407 0.00316761
 -6.81407e-06 -0.00750155 0.00234322
 -1.02749e-05 -0.0113116 0.00353334
 -1.23878e-05 -0.0136376 0.00425992
 -1.31996e-05 -0.0145313 0.00453908
weights matrix:
 -0.951161 0.0669476 0.0596653
 1.79292 -2.07082 -0.472251
 -2.26503 0.871844 1.87933
 -1.89276 -0.720448 2.46921
 0.877353 0.61652 -2.75212
regression_error on 'test' 0.0832293
classification_error on 'test' 0.0789474
Save,3033,0.0832293,0.0789474
sample_count 75 Sample index 63
 i 0:0.420705 i 1:0.904421 i 2:0.143347 i 3:0.135476 bias 1
 test_print 2.60395
net matrix:
 1.51764 -1.20083 -2.55022
outputs matrix:
 0.954143 0.0830458 0.00605719
error matrix:
 0.0458573 -0.0830458 -0.00605719
delta matrix:
 0.00401291 -0.0126477 -7.29347e-05
weights_delta matrix:
 0.000168825 -0.000532096 -3.0684e-06
 0.000362936 -0.00114389 -6.59636e-06
 5.75239e-05 -0.000181301 -1.0455e-06
 5.43653e-05 -0.000171346 -9.8809e-07
 0.000401291 -0.00126477 -7.29347e-06
weights matrix:
 -0.950992 0.0664155 0.0596622
 1.79328 -2.07196 -0.472257
 -2.26498 0.871663 1.87932
 -1.89271 -0.72062 2.46921
 0.877755 0.615256 -2.75213
regression_error on 'test' 0.0831811
classification_error on 'test' 0.0789474
Save,3034,0.0831811,0.0789474
sample_count 75 Sample index 25
 i 0:0.628566 i 1:0.410364 i 2:0.778427 i 3:0.865497 bias 1
 test_print 3.68285
net matrix:
 -2.38536 -0.138424 0.69159
outputs matrix:
 0.00840308 0.431226 0.799501
error matrix:
 -0.00840308 -0.431226 0.200499
delta matrix:
 -0.000140037 -0.211534 0.0642795
weights_delta matrix:
 -8.80223e-06 -0.0132963 0.00404039
 -5.7466e-06 -0.00868059 0.0026378
 -1.09008e-05 -0.0164664 0.00500369
 -1.21201e-05 -0.0183082 0.00556337
 -1.40037e-05 -0.0211534 0.00642795
weights matrix:
 -0.951001 0.0531192 0.0637026
 1.79328 -2.08064 -0.46962
 -2.26499 0.855197 1.88433
 -1.89272 -0.738928 2.47478
 0.877741 0.594102 -2.7457
regression_error on 'test' 0.0819585
classification_error on 'test' 0.105263
Save,3035,0.0819585,0.105263
sample_count 75 Sample index 13
 i 0:0.420705 i 1:0.269205 i 2:0.491129 i 3:0.427485 bias 1
 test_print 2.60852
net matrix:
 -0.961101 0.160462 -0.861945
outputs matrix:
 0.127616 0.579549 0.151371
error matrix:
 -0.127616 0.420451 -0.151371
delta matrix:
 -0.0284151 0.204904 -0.0388895
weights_delta matrix:
 -0.00119544 0.00862042 -0.0016361
 -0.000764948 0.00551612 -0.00104692
 -0.00139555 0.0100634 -0.00190997
 -0.0012147 0.00875934 -0.00166247
 -0.00284151 0.0204904 -0.00388895
weights matrix:
 -0.952196 0.0617396 0.0620665
 1.79251 -2.07513 -0.470666
 -2.26638 0.86526 1.88242
 -1.89393 -0.730169 2.47311
 0.874899 0.614593 -2.74959
regression_error on 'test' 0.0827253
classification_error on 'test' 0.0789474
Save,3036,0.0827253,0.0789474
sample_count 75 Sample index 27
 i 0:0.328323 i 1:0.622103 i 2:0.158468 i 3:0.135476 bias 1
 test_print 2.24437
net matrix:
 1.06167 -0.617883 -2.38866
outputs matrix:
 0.89315 0.225174 0.00834821
error matrix:
 0.10685 -0.225174 -0.00834821
delta matrix:
 0.0203939 -0.0785723 -0.000138222
weights_delta matrix:
 0.000669579 -0.00257971 -4.53813e-06
 0.00126871 -0.00488801 -8.59881e-06
 0.000323178 -0.00124512 -2.19037e-06
 0.000276288 -0.00106447 -1.87257e-06
 0.00203939 -0.00785723 -1.38222e-05
weights matrix:
 -0.951527 0.0591599 0.062062
 1.79378 -2.08001 -0.470675
 -2.26606 0.864015 1.88242
 -1.89366 -0.731233 2.47311
 0.876938 0.606735 -2.7496
regression_error on 'test' 0.08249
classification_error on 'test' 0.0789474
Save,3037,0.08249,0.0789474
sample_count 75 Sample index 59
 i 0:0.60547 i 1:0.233915 i 2:0.596976 i 3:0.536988 bias 1
 test_print 2.97335
net matrix:
 -1.64924 0.279141 -0.370335
outputs matrix:
 0.035623 0.636055 0.322858
error matrix:
 -0.035623 0.363945 -0.322858
delta matrix:
 -0.00244759 0.168499 -0.141167
weights_delta matrix:
 -0.000148194 0.0102021 -0.00854723
 -5.72528e-05 0.00394143 -0.0033021
 -0.000146115 0.010059 -0.00842732
 -0.000131433 0.00904817 -0.00758049
 -0.000244759 0.0168499 -0.0141167
weights matrix:
 -0.951675 0.069362 0.0535147
 1.79372 -2.07607 -0.473977
 -2.26621 0.874074 1.87399
 -1.89379 -0.722185 2.46553
 0.876694 0.623585 -2.76372
regression_error on 'test' 0.0836062
classification_error on 'test' 0.0789474
Save,3038,0.0836062,0.0789474
sample_count 75 Sample index 0
 i 0:0.282131 i 1:0.269205 i 2:0.430645 i 3:0.427485 bias 1
 test_print 2.40947
net matrix:
 -0.694421 0.151958 -1.01522
outputs matrix:
 0.199593 0.575399 0.116045
error matrix:
 -0.199593 0.424601 -0.116045
delta matrix:
 -0.0637721 0.207473 -0.0238073
weights_delta matrix:
 -0.00179921 0.00585344 -0.000671678
 -0.00171678 0.00558527 -0.000640905
 -0.00274631 0.0089347 -0.00102525
 -0.00272616 0.00886914 -0.00101773
 -0.00637721 0.0207473 -0.00238073
weights matrix:
 -0.953474 0.0752154 0.0528431
 1.79201 -2.07049 -0.474618
 -2.26895 0.883009 1.87296
 -1.89652 -0.713316 2.46451
 0.870316 0.644333 -2.7661
regression_error on 'test' 0.0846051
classification_error on 'test' 0.0789474
Save,3039,0.0846051,0.0789474
sample_count 75 Sample index 37
 i 0:0.720948 i 1:0.551523 i 2:0.82379 i 3:0.901998 bias 1
 test_print 3.99826
net matrix:
 -2.40855 -0.359358 0.77615
outputs matrix:
 0.0080253 0.327676 0.825246
error matrix:
 -0.0080253 -0.327676 0.174754
delta matrix:
 -0.000127777 -0.144377 0.0504045
weights_delta matrix:
 -9.21208e-06 -0.0104088 0.0036339
 -7.04721e-06 -0.00796271 0.00277992
 -1.05262e-05 -0.0118936 0.00415227
 -1.15255e-05 -0.0130228 0.00454648
 -1.27777e-05 -0.0144377 0.00504045
weights matrix:
 -0.953483 0.0648066 0.056477
 1.792 -2.07845 -0.471838
 -2.26896 0.871115 1.87712
 -1.89653 -0.726338 2.46906
 0.870304 0.629895 -2.76106
regression_error on 'test' 0.0833978
classification_error on 'test' 0.0789474
Save,3040,0.0833978,0.0789474
sample_count 75 Sample index 33
 i 0:0.559279 i 1:0.480944 i 2:0.672581 i 3:0.719493 bias 1
 test_print 3.4323
net matrix:
 -1.69171 -0.270178 0.0825836
outputs matrix:
 0.0328179 0.368105 0.541198
error matrix:
 -0.0328179 -0.368105 0.458802
delta matrix:
 -0.00208333 -0.171245 0.227843
weights_delta matrix:
 -0.000116516 -0.00957737 0.0127428
 -0.000100197 -0.00823592 0.010958
 -0.000140121 -0.0115176 0.0153243
 -0.000149894 -0.012321 0.0163932
 -0.000208333 -0.0171245 0.0227843
weights matrix:
 -0.9536 0.0552293 0.0692198
 1.7919 -2.08669 -0.46088
 -2.2691 0.859597 1.89244
 -1.89668 -0.738659 2.48545
 0.870095 0.61277 -2.73827
regression_error on 'test' 0.0820482
classification_error on 'test' 0.105263
Save,3041,0.0820482,0.105263
sample_count 75 Sample index 65
 i 0:0.928809 i 1:0.410364 i 2:0.944758 i 3:0.792495 bias 1
 test_print 4.07643
net matrix:
 -2.92715 0.0344945 0.894496
outputs matrix:
 0.00285937 0.51724 0.856804
error matrix:
 -0.00285937 -0.51724 0.143196
delta matrix:
 -1.63052e-05 -0.258313 0.0351379
weights_delta matrix:
 -1.51444e-06 -0.0239923 0.00326364
 -6.69107e-07 -0.0106002 0.00144193
 -1.54045e-06 -0.0244043 0.00331968
 -1.29218e-06 -0.0204712 0.00278466
 -1.63052e-06 -0.0258313 0.00351379
weights matrix:
 -0.953601 0.0312369 0.0724834
 1.7919 -2.09729 -0.459438
 -2.2691 0.835193 1.89576
 -1.89668 -0.759131 2.48824
 0.870094 0.586939 -2.73476
regression_error on 'test' 0.0809456
classification_error on 'test' 0.157895
Save,3042,0.0809456,0.157895
sample_count 75 Sample index 30
 i 0:0.559279 i 1:0.410364 i 2:0.642339 i 3:0.500487 bias 1
 test_print 3.11247
net matrix:
 -1.3347 -0.0996995 -0.419708
outputs matrix:
 0.0648031 0.450315 0.301658
error matrix:
 -0.0648031 0.549685 -0.301658
delta matrix:
 -0.00785461 0.272129 -0.127095
weights_delta matrix:
 -0.000439292 0.0152196 -0.00710814
 -0.000322325 0.0111672 -0.00521551
 -0.000504533 0.0174799 -0.00816379
 -0.000393113 0.0136197 -0.00636092
 -0.000785461 0.0272129 -0.0127095
weights matrix:
 -0.954041 0.0464565 0.0653753
 1.79158 -2.08612 -0.464654
 -2.26961 0.852673 1.8876
 -1.89707 -0.745511 2.48188
 0.869308 0.614152 -2.74747
regression_error on 'test' 0.0819107
classification_error on 'test' 0.105263
Save,3043,0.0819107,0.105263
sample_count 75 Sample index 35
 i 0:0.189749 i 1:0.233915 i 2:0.128226 i 3:0.171977 bias 1
 test_print 1.72387
net matrix:
 0.490081 0.116117 -2.17489
outputs matrix:
 0.72714 0.557799 0.0127451
error matrix:
 0.27286 -0.557799 -0.0127451
delta matrix:
 0.108275 -0.275172 -0.000320735
weights_delta matrix:
 0.0020545 -0.00522137 -6.08592e-06
 0.00253271 -0.0064367 -7.50248e-06
 0.00138836 -0.00352843 -4.11266e-06
 0.00186207 -0.00473233 -5.51591e-06
 0.0108275 -0.0275172 -3.20735e-05
weights matrix:
 -0.951986 0.0412352 0.0653692
 1.79411 -2.09256 -0.464661
 -2.26822 0.849145 1.88759
 -1.89521 -0.750243 2.48187
 0.880136 0.586635 -2.7475
regression_error on 'test' 0.0814108
classification_error on 'test' 0.105263
Save,3044,0.0814108,0.105263
sample_count 75 Sample index 48
 i 0:0.744044 i 1:0.516233 i 2:0.748185 i 3:0.828996 bias 1
 test_print 3.83746
net matrix:
 -2.17017 -0.449562 0.530991
outputs matrix:
 0.0128643 0.28923 0.743069
error matrix:
 -0.0128643 -0.28923 0.256931
delta matrix:
 -0.000326724 -0.118918 0.0981051
weights_delta matrix:
 -2.43097e-05 -0.008848 0.00729945
 -1.68666e-05 -0.00613893 0.00506451
 -2.4445e-05 -0.00889725 0.00734008
 -2.70853e-05 -0.00985823 0.00813287
 -3.26724e-05 -0.0118918 0.00981051
weights matrix:
 -0.95201 0.0323872 0.0726686
 1.79409 -2.0987 -0.459597
 -2.26825 0.840247 1.89493
 -1.89524 -0.760101 2.49
 0.880103 0.574743 -2.73769
regression_error on 'test' 0.0808929
classification_error on 'test' 0.157895
Save,3045,0.0808929,0.157895
sample_count 75 Sample index 55
 i 0:0.628566 i 1:0.551523 i 2:0.612097 i 3:0.60999 bias 1
 test_print 3.40218
net matrix:
 -1.27328 -0.51172 -0.266733
outputs matrix:
 0.0726584 0.264358 0.369709
error matrix:
 -0.0726584 0.735642 -0.369709
delta matrix:
 -0.00979133 0.286125 -0.172302
weights_delta matrix:
 -0.00061545 0.0179848 -0.0108303
 -0.000540015 0.0157804 -0.00950286
 -0.000599325 0.0175136 -0.0105466
 -0.000597262 0.0174533 -0.0105103
 -0.000979133 0.0286125 -0.0172302
weights matrix:
 -0.952626 0.050372 0.0618383
 1.79355 -2.08291 -0.4691
 -2.26884 0.857761 1.88439
 -1.89583 -0.742648 2.47949
 0.879124 0.603355 -2.75492
regression_error on 'test' 0.0820338
classification_error on 'test' 0.105263
Save,3046,0.0820338,0.105263
sample_count 75 Sample index 72
 i 0:0.905713 i 1:0.480944 i 2:0.929637 i 3:0.828996 bias 1
 test_print 4.14529
net matrix:
 -2.80192 -0.171033 0.88276
outputs matrix:
 0.00367015 0.415308 0.8539
error matrix:
 -0.00367015 -0.415308 0.1461
delta matrix:
 -2.68411e-05 -0.201696 0.0364535
weights_delta matrix:
 -2.43103e-06 -0.0182679 0.00330164
 -1.29091e-06 -0.00970045 0.00175321
 -2.49525e-06 -0.0187504 0.00338885
 -2.22511e-06 -0.0167205 0.00302198
 -2.68411e-06 -0.0201696 0.00364535
weights matrix:
 -0.952628 0.0321041 0.06514
 1.79355 -2.09262 -0.467346
 -2.26885 0.839011 1.88777
 -1.89584 -0.759369 2.48252
 0.879121 0.583186 -2.75128
regression_error on 'test' 0.0811537
classification_error on 'test' 0.131579
Save,3047,0.0811537,0.131579
sample_count 75 Sample index 23
 i 0:0.975 i 1:0.763262 i 2:0.899395 i 3:0.792495 bias 1
 test_print 4.43015
net matrix:
 -2.22377 -0.82992 0.620763
outputs matrix:
 0.0115718 0.159783 0.77583
error matrix:
 -0.0115718 -0.159783 0.22417
delta matrix:
 -0.000264715 -0.0429027 0.0779745
weights_delta matrix:
 -2.58097e-05 -0.00418301 0.00760252
 -2.02047e-05 -0.0032746 0.0059515
 -2.38083e-05 -0.00385865 0.00701299
 -2.09785e-05 -0.00340002 0.00617944
 -2.64715e-05 -0.00429027 0.00779745
weights matrix:
 -0.952654 0.0279211 0.0727425
 1.79353 -2.09589 -0.461395
 -2.26887 0.835152 1.89479
 -1.89586 -0.762769 2.48869
 0.879095 0.578896 -2.74348
regression_error on 'test' 0.0808633
classification_error on 'test' 0.157895
Save,3048,0.0808633,0.157895
sample_count 75 Sample index 1
 i 0:0.582374 i 1:0.445654 i 2:0.581855 i 3:0.536988 bias 1
 test_print 3.14687
net matrix:
 -1.21462 -0.262546 -0.467847
outputs matrix:
 0.0809703 0.371662 0.281771
error matrix:
 -0.0809703 0.628338 -0.281771
delta matrix:
 -0.0120507 0.293471 -0.114047
weights_delta matrix:
 -0.000701799 0.017091 -0.00664182
 -0.000537043 0.0130786 -0.00508257
 -0.000701174 0.0170757 -0.0066359
 -0.000647106 0.015759 -0.00612421
 -0.00120507 0.0293471 -0.0114047
weights matrix:
 -0.953356 0.0450121 0.0661006
 1.79299 -2.08281 -0.466477
 -2.26957 0.852228 1.88815
 -1.8965 -0.74701 2.48257
 0.87789 0.608243 -2.75488
regression_error on 'test' 0.0818339
classification_error on 'test' 0.105263
Save,3049,0.0818339,0.105263
sample_count 75 Sample index 14
 i 0:0.697853 i 1:0.516233 i 2:0.778427 i 3:0.938499 bias 1
 test_print 3.93101
net matrix:
 -2.40837 -0.473232 0.850112
outputs matrix:
 0.00802811 0.279596 0.845564
error matrix:
 -0.00802811 -0.279596 0.154436
delta matrix:
 -0.000127866 -0.112634 0.0403342
weights_delta matrix:
 -8.92318e-06 -0.00786019 0.00281473
 -6.60088e-06 -0.00581453 0.00208219
 -9.95345e-06 -0.00876773 0.00313972
 -1.20002e-05 -0.0105707 0.00378536
 -1.27866e-05 -0.0112634 0.00403342
weights matrix:
 -0.953365 0.0371519 0.0689154
 1.79299 -2.08863 -0.464395
 -2.26958 0.84346 1.89129
 -1.89652 -0.75758 2.48636
 0.877877 0.596979 -2.75085
regression_error on 'test' 0.0812967
classification_error on 'test' 0.105263
Save,3050,0.0812967,0.105263
sample_count 75 Sample index 24
 i 0:0.466896 i 1:0.445654 i 2:0.566734 i 3:0.536988 bias 1
 test_print 3.01627
net matrix:
 -1.07285 -0.245273 -0.518631
outputs matrix:
 0.104734 0.379765 0.261679
error matrix:
 -0.104734 0.620235 -0.261679
delta matrix:
 -0.0196407 0.292185 -0.101114
weights_delta matrix:
 -0.000917017 0.013642 -0.00472098
 -0.000875296 0.0130213 -0.00450619
 -0.00111311 0.0165591 -0.00573048
 -0.00105468 0.01569 -0.00542971
 -0.00196407 0.0292185 -0.0101114
weights matrix:
 -0.954282 0.0507939 0.0641944
 1.79211 -2.0756 -0.468901
 -2.27069 0.860019 1.88556
 -1.89757 -0.74189 2.48093
 0.875913 0.626198 -2.76096
regression_error on 'test' 0.0824779
classification_error on 'test' 0.0789474
Save,3051,0.0824779,0.0789474
sample_count 75 Sample index 69
 i 0:0.628566 i 1:0.445654 i 2:0.581855 i 3:0.536988 bias 1
 test_print 3.19306
net matrix:
 -1.26544 -0.164856 -0.500228
outputs matrix:
 0.0737212 0.418311 0.268852
error matrix:
 -0.0737212 0.581689 -0.268852
delta matrix:
 -0.0100683 0.283081 -0.105697
weights_delta matrix:
 -0.00063286 0.0177935 -0.00664373
 -0.000448699 0.0126156 -0.00471041
 -0.00058583 0.0164712 -0.00615001
 -0.000540657 0.0152011 -0.00567578
 -0.00100683 0.0283081 -0.0105697
weights matrix:
 -0.954915 0.0685874 0.0575507
 1.79166 -2.06299 -0.473612
 -2.27128 0.87649 1.87941
 -1.89811 -0.726689 2.47525
 0.874906 0.654506 -2.77153
regression_error on 'test' 0.0842477
classification_error on 'test' 0.0789474
Save,3052,0.0842477,0.0789474
sample_count 75 Sample index 50
 i 0:0.489992 i 1:0.833841 i 2:0.113105 i 3:0.135476 bias 1
 test_print 2.57241
net matrix:
 1.38693 -1.0314 -2.59034
outputs matrix:
 0.941246 0.112764 0.00559271
error matrix:
 0.0587536 -0.112764 -0.00559271
delta matrix:
 0.00649835 -0.0225638 -6.2207e-05
weights_delta matrix:
 0.000318414 -0.00110561 -3.04809e-06
 0.000541859 -0.00188147 -5.18708e-06
 7.34995e-05 -0.000255208 -7.03593e-07
 8.8037e-05 -0.000305686 -8.42756e-07
 0.000649835 -0.00225638 -6.2207e-06
weights matrix:
 -0.954596 0.0674818 0.0575476
 1.79221 -2.06487 -0.473617
 -2.27121 0.876235 1.87941
 -1.89802 -0.726995 2.47525
 0.875556 0.652249 -2.77154
regression_error on 'test' 0.0841403
classification_error on 'test' 0.0789474
Save,3053,0.0841403,0.0789474
sample_count 75 Sample index 64
 i 0:0.282131 i 1:0.516233 i 2:0.158468 i 3:0.0989754 bias 1
 test_print 2.05581
net matrix:
 0.983659 -0.327765 -2.45698
outputs matrix:
 0.877323 0.341744 0.00728977
error matrix:
 0.122677 -0.341744 -0.00728977
delta matrix:
 0.0264069 -0.153754 -0.000105507
weights_delta matrix:
 0.000745021 -0.00433788 -2.97668e-06
 0.00136321 -0.0079373 -5.44661e-06
 0.000418465 -0.00243651 -1.67195e-06
 0.000261364 -0.00152179 -1.04426e-06
 0.00264069 -0.0153754 -1.05507e-05
weights matrix:
 -0.953851 0.0631439 0.0575447
 1.79357 -2.07281 -0.473623
 -2.27079 0.873799 1.87941
 -1.89776 -0.728517 2.47525
 0.878196 0.636874 -2.77155
regression_error on 'test' 0.0835658
classification_error on 'test' 0.0789474
Save,3054,0.0835658,0.0789474
sample_count 75 Sample index 62
 i 0:0.582374 i 1:0.622103 i 2:0.748185 i 3:0.901998 bias 1
 test_print 3.85466
net matrix:
 -1.97226 -0.61921 0.606137
outputs matrix:
 0.0189926 0.224711 0.770701
error matrix:
 -0.0189926 -0.224711 0.229299
delta matrix:
 -0.000707737 -0.0782966 0.0810439
weights_delta matrix:
 -4.12168e-05 -0.00455979 0.00471978
 -4.40285e-05 -0.00487085 0.00504176
 -5.29518e-05 -0.00585803 0.00606358
 -6.38378e-05 -0.00706234 0.00731014
 -7.07737e-05 -0.00782966 0.00810439
weights matrix:
 -0.953892 0.0585841 0.0622644
 1.79352 -2.07768 -0.468581
 -2.27084 0.867941 1.88547
 -1.89783 -0.735579 2.48256
 0.878126 0.629044 -2.76344
regression_error on 'test' 0.0828367
classification_error on 'test' 0.0789474
Save,3055,0.0828367,0.0789474
sample_count 75 Sample index 12
 i 0:0.166653 i 1:0.480944 i 2:0.128226 i 3:0.135476 bias 1
 test_print 1.9113
net matrix:
 1.03345 -0.3488 -2.40033
outputs matrix:
 0.887644 0.332345 0.00815716
error matrix:
 0.112356 -0.332345 -0.00815716
delta matrix:
 0.0224109 -0.147489 -0.000131993
weights_delta matrix:
 0.000373484 -0.00245795 -2.1997e-06
 0.00107784 -0.00709339 -6.34812e-06
 0.000287366 -0.00189119 -1.69249e-06
 0.000303614 -0.00199812 -1.78819e-06
 0.00224109 -0.0147489 -1.31993e-05
weights matrix:
 -0.953519 0.0561262 0.0622622
 1.7946 -2.08477 -0.468587
 -2.27055 0.866049 1.88547
 -1.89752 -0.737577 2.48256
 0.880367 0.614295 -2.76346
regression_error on 'test' 0.0824357
classification_error on 'test' 0.0789474
Save,3056,0.0824357,0.0789474
sample_count 75 Sample index 28
 i 0:0.305227 i 1:0.551523 i 2:0.113105 i 3:0.135476 bias 1
 test_print 2.10533
net matrix:
 1.06521 -0.520342 -2.45331
outputs matrix:
 0.893825 0.261018 0.00734318
error matrix:
 0.106175 -0.261018 -0.00734318
delta matrix:
 0.0201523 -0.100694 -0.000107053
weights_delta matrix:
 0.000615104 -0.00307346 -3.26754e-06
 0.00111145 -0.00555352 -5.9042e-06
 0.000227933 -0.0011389 -1.21082e-06
 0.000273016 -0.00136417 -1.45031e-06
 0.00201523 -0.0100694 -1.07053e-05
weights matrix:
 -0.952904 0.0530527 0.062259
 1.79571 -2.09033 -0.468593
 -2.27033 0.86491 1.88547
 -1.89725 -0.738941 2.48256
 0.882382 0.604226 -2.76347
regression_error on 'test' 0.0821762
classification_error on 'test' 0.105263
Save,3057,0.0821762,0.105263
sample_count 75 Sample index 11
 i 0:0.536183 i 1:0.198626 i 2:0.536492 i 3:0.427485 bias 1
 test_print 2.69879
net matrix:
 -1.30093 0.36561 -0.750366
outputs matrix:
 0.0690187 0.675073 0.182316
error matrix:
 -0.0690187 0.324927 -0.182316
delta matrix:
 -0.00886961 0.142545 -0.0543584
weights_delta matrix:
 -0.000475574 0.00764302 -0.00291461
 -0.000176174 0.00283132 -0.0010797
 -0.000475848 0.00764743 -0.00291629
 -0.000379163 0.00609359 -0.00232374
 -0.000886961 0.0142545 -0.00543584
weights matrix:
 -0.953379 0.0606957 0.0593444
 1.79554 -2.08749 -0.469673
 -2.2708 0.872558 1.88255
 -1.89763 -0.732848 2.48023
 0.881495 0.618481 -2.7689
regression_error on 'test' 0.0828174
classification_error on 'test' 0.0789474
Save,3058,0.0828174,0.0789474
sample_count 75 Sample index 67
 i 0:0.443801 i 1:0.375074 i 2:0.566734 i 3:0.536988 bias 1
 test_print 2.9226
net matrix:
 -1.1741 -0.0365695 -0.519967
outputs matrix:
 0.0872089 0.481723 0.261163
error matrix:
 -0.0872089 0.518277 -0.261163
delta matrix:
 -0.0138843 0.258792 -0.100786
weights_delta matrix:
 -0.000616185 0.0114852 -0.0044729
 -0.000520762 0.00970662 -0.00378023
 -0.000786868 0.0146666 -0.0057119
 -0.000745568 0.0138968 -0.0054121
 -0.00138843 0.0258792 -0.0100786
weights matrix:
 -0.953996 0.072181 0.0548715
 1.79502 -2.07779 -0.473453
 -2.27159 0.887224 1.87684
 -1.89837 -0.718951 2.47482
 0.880107 0.64436 -2.77898
regression_error on 'test' 0.084367
classification_error on 'test' 0.0789474
Save,3059,0.084367,0.0789474
sample_count 75 Sample index 34
 i 0:0.767139 i 1:0.551523 i 2:0.642339 i 3:0.573489 bias 1
 test_print 3.53449
net matrix:
 -1.40957 -0.288626 -0.373158
outputs matrix:
 0.0562982 0.359565 0.321624
error matrix:
 -0.0562982 0.640435 -0.321624
delta matrix:
 -0.00598209 0.294956 -0.140345
weights_delta matrix:
 -0.00045891 0.0226272 -0.0107664
 -0.000329926 0.0162675 -0.00774037
 -0.000384253 0.0189462 -0.00901493
 -0.000343066 0.0169154 -0.00804866
 -0.000598209 0.0294956 -0.0140345
weights matrix:
 -0.954454 0.0948082 0.044105
 1.79469 -2.06152 -0.481193
 -2.27197 0.906171 1.86783
 -1.89872 -0.702035 2.46677
 0.879508 0.673855 -2.79302
regression_error on 'test' 0.0871903
classification_error on 'test' 0.0789474
Save,3060,0.0871903,0.0789474
sample_count 75 Sample index 10
 i 0:0.697853 i 1:0.304495 i 2:0.808669 i 3:0.719493 bias 1
 test_print 3.53051
net matrix:
 -2.44348 0.339978 0.376519
outputs matrix:
 0.0074879 0.663729 0.67984
error matrix:
 -0.0074879 -0.663729 0.32016
delta matrix:
 -0.000111298 -0.296279 0.13937
weights_delta matrix:
 -7.76695e-06 -0.0206759 0.009726
 -3.38896e-06 -0.00902155 0.00424376
 -9.0003e-06 -0.0239592 0.0112705
 -8.00779e-06 -0.0213171 0.0100276
 -1.11298e-05 -0.0296279 0.013937
weights matrix:
 -0.954462 0.0741323 0.053831
 1.79468 -2.07054 -0.47695
 -2.27198 0.882211 1.8791
 -1.89872 -0.723353 2.4768
 0.879497 0.644227 -2.77908
regression_error on 'test' 0.0842719
classification_error on 'test' 0.0789474
Save,3061,0.0842719,0.0789474
sample_count 75 Sample index 21
 i 0:0.836426 i 1:0.445654 i 2:0.884274 i 3:0.719493 bias 1
 test_print 3.88585
net matrix:
 -2.49421 0.0431582 0.497067
outputs matrix:
 0.00677033 0.521566 0.729904
error matrix:
 -0.00677033 -0.521566 0.270096
delta matrix:
 -9.10541e-05 -0.260298 0.106496
weights_delta matrix:
 -7.616e-06 -0.021772 0.00890759
 -4.05786e-06 -0.0116003 0.00474603
 -8.05168e-06 -0.0230175 0.00941715
 -6.55128e-06 -0.0187282 0.0076623
 -9.10541e-06 -0.0260298 0.0106496
weights matrix:
 -0.95447 0.0523603 0.0627386
 1.79468 -2.08214 -0.472204
 -2.27199 0.859194 1.88851
 -1.89873 -0.742081 2.48446
 0.879488 0.618198 -2.76843
regression_error on 'test' 0.0823076
classification_error on 'test' 0.0789474
Save,3062,0.0823076,0.0789474
sample_count 75 Sample index 71
 i 0:0.143558 i 1:0.480944 i 2:0.0979839 i 3:0.0989754 bias 1
 test_print 1.82146
net matrix:
 1.19506 -0.36494 -2.55558
outputs matrix:
 0.916071 0.325221 0.00599293
error matrix:
 0.0839291 -0.325221 -0.00599293
delta matrix:
 0.0129058 -0.142741 -7.13998e-05
weights_delta matrix:
 0.000185273 -0.00204916 -1.025e-06
 0.000620696 -0.00686505 -3.43393e-06
 0.000126456 -0.00139863 -6.99603e-07
 0.000127736 -0.00141279 -7.06683e-07
 0.00129058 -0.0142741 -7.13998e-06
weights matrix:
 -0.954285 0.0503111 0.0627376
 1.7953 -2.08901 -0.472207
 -2.27186 0.857795 1.88851
 -1.8986 -0.743494 2.48446
 0.880779 0.603924 -2.76844
regression_error on 'test' 0.082
classification_error on 'test' 0.105263
Save,3063,0.082,0.105263
sample_count 75 Sample index 24
 i 0:0.466896 i 1:0.445654 i 2:0.566734 i 3:0.536988 bias 1
 test_print 3.01627
net matrix:
 -1.07176 -0.216666 -0.545176
outputs matrix:
 0.104938 0.393331 0.251552
error matrix:
 -0.104938 0.606669 -0.251552
delta matrix:
 -0.0197129 0.289529 -0.0947211
weights_delta matrix:
 -0.000920388 0.013518 -0.00442249
 -0.000878514 0.012903 -0.00422128
 -0.0011172 0.0164086 -0.00536817
 -0.00105856 0.0155473 -0.00508641
 -0.00197129 0.0289529 -0.00947211
weights matrix:
 -0.955205 0.0638291 0.0583151
 1.79442 -2.0761 -0.476428
 -2.27298 0.874204 1.88314
 -1.89966 -0.727946 2.47937
 0.878807 0.632876 -2.77791
regression_error on 'test' 0.0834523
classification_error on 'test' 0.0789474
Save,3064,0.0834523,0.0789474
sample_count 75 Sample index 61
 i 0:0.697853 i 1:0.480944 i 2:0.687702 i 3:0.682992 bias 1
 test_print 3.54949
net matrix:
 -1.78536 -0.217059 0.0220857
outputs matrix:
 0.0273658 0.393143 0.511041
error matrix:
 -0.0273658 0.606857 -0.511041
delta matrix:
 -0.00145679 0.28957 -0.255396
weights_delta matrix:
 -0.000101662 0.0202077 -0.0178229
 -7.00634e-05 0.0139267 -0.0122831
 -0.000100184 0.0199138 -0.0175636
 -9.94975e-05 0.0197774 -0.0174433
 -0.000145679 0.028957 -0.0255396
weights matrix:
 -0.955307 0.0840368 0.0404922
 1.79435 -2.06218 -0.488711
 -2.27308 0.894118 1.86558
 -1.89976 -0.708169 2.46193
 0.878662 0.661833 -2.80345
regression_error on 'test' 0.0865146
classification_error on 'test' 0.0789474
Save,3065,0.0865146,0.0789474
sample_count 75 Sample index 73
 i 0:0.582374 i 1:0.410364 i 2:0.65746 i 3:0.719493 bias 1
 test_print 3.36969
net matrix:
 -1.80267 -0.0571447 0.0174699
outputs matrix:
 0.026459 0.471459 0.508734
error matrix:
 -0.026459 -0.471459 0.491266
delta matrix:
 -0.00136311 -0.234961 0.245558
weights_delta matrix:
 -7.9384e-05 -0.0136835 0.0143007
 -5.59371e-05 -0.00964196 0.0100768
 -8.9619e-05 -0.0154478 0.0161445
 -9.80748e-05 -0.0169053 0.0176677
 -0.000136311 -0.0234961 0.0245558
weights matrix:
 -0.955386 0.0703533 0.0547929
 1.7943 -2.07182 -0.478635
 -2.27317 0.87867 1.88173
 -1.89986 -0.725074 2.4796
 0.878526 0.638337 -2.77889
regression_error on 'test' 0.0838966
classification_error on 'test' 0.0789474
Save,3066,0.0838966,0.0789474
sample_count 75 Sample index 37
 i 0:0.720948 i 1:0.551523 i 2:0.82379 i 3:0.901998 bias 1
 test_print 3.99826
net matrix:
 -2.40695 -0.383773 0.783371
outputs matrix:
 0.00805083 0.31701 0.827319
error matrix:
 -0.00805083 -0.31701 0.172681
delta matrix:
 -0.000128588 -0.137275 0.0493394
weights_delta matrix:
 -9.27054e-06 -0.00989679 0.00355711
 -7.09194e-06 -0.00757101 0.00272118
 -1.0593e-05 -0.0113086 0.00406453
 -1.15986e-05 -0.0123821 0.0044504
 -1.28588e-05 -0.0137275 0.00493394
weights matrix:
 -0.955395 0.0604565 0.05835
 1.79429 -2.07939 -0.475913
 -2.27318 0.867361 1.88579
 -1.89987 -0.737456 2.48405
 0.878513 0.62461 -2.77396
regression_error on 'test' 0.0828341
classification_error on 'test' 0.0789474
Save,3067,0.0828341,0.0789474
sample_count 75 Sample index 65
 i 0:0.928809 i 1:0.410364 i 2:0.944758 i 3:0.792495 bias 1
 test_print 4.07643
net matrix:
 -2.9258 0.0624719 0.835151
outputs matrix:
 0.00286705 0.531195 0.841616
error matrix:
 -0.00286705 -0.531195 0.158384
delta matrix:
 -1.63928e-05 -0.264564 0.0422247
weights_delta matrix:
 -1.52258e-06 -0.0245729 0.00392187
 -6.72701e-07 -0.0108567 0.00173275
 -1.54872e-06 -0.0249949 0.00398921
 -1.29912e-06 -0.0209666 0.00334629
 -1.63928e-06 -0.0264564 0.00422247
weights matrix:
 -0.955397 0.0358836 0.0622719
 1.79429 -2.09025 -0.474181
 -2.27318 0.842367 1.88978
 -1.89987 -0.758423 2.4874
 0.878511 0.598153 -2.76974
regression_error on 'test' 0.0814332
classification_error on 'test' 0.105263
Save,3068,0.0814332,0.105263
sample_count 75 Sample index 34
 i 0:0.767139 i 1:0.551523 i 2:0.642339 i 3:0.573489 bias 1
 test_print 3.53449
net matrix:
 -1.41453 -0.421 -0.343114
outputs matrix:
 0.0557738 0.301114 0.334873
error matrix:
 -0.0557738 0.698886 -0.334873
delta matrix:
 -0.00587445 0.294153 -0.149174
weights_delta matrix:
 -0.000450652 0.0225656 -0.0114437
 -0.000323989 0.0162232 -0.0082273
 -0.000377339 0.0188946 -0.00958204
 -0.000336893 0.0168694 -0.00855498
 -0.000587445 0.0294153 -0.0149174
weights matrix:
 -0.955847 0.0584492 0.0508281
 1.79396 -2.07402 -0.482408
 -2.27356 0.861261 1.8802
 -1.90021 -0.741553 2.47884
 0.877924 0.627569 -2.78465
regression_error on 'test' 0.0830638
classification_error on 'test' 0.0789474
Save,3069,0.0830638,0.0789474
sample_count 75 Sample index 14
 i 0:0.697853 i 1:0.516233 i 2:0.778427 i 3:0.938499 bias 1
 test_print 3.93101
net matrix:
 -2.41616 -0.42784 0.791767
outputs matrix:
 0.00790503 0.298243 0.829704
error matrix:
 -0.00790503 -0.298243 0.170296
delta matrix:
 -0.000123991 -0.124841 0.0481239
weights_delta matrix:
 -8.65275e-06 -0.00871206 0.00335834
 -6.40083e-06 -0.0064447 0.00248431
 -9.6518e-06 -0.00971795 0.00374609
 -1.16365e-05 -0.0117163 0.00451642
 -1.23991e-05 -0.0124841 0.00481239
weights matrix:
 -0.955856 0.0497372 0.0541865
 1.79396 -2.08047 -0.479924
 -2.27357 0.851543 1.88394
 -1.90022 -0.75327 2.48336
 0.877911 0.615085 -2.77984
regression_error on 'test' 0.0822342
classification_error on 'test' 0.0789474
Save,3070,0.0822342,0.0789474
sample_count 75 Sample index 4
 i 0:0.212844 i 1:0.516233 i 2:0.158468 i 3:0.135476 bias 1
 test_print 2.02302
net matrix:
 0.98284 -0.415443 -2.38108
outputs matrix:
 0.877146 0.303458 0.00847468
error matrix:
 0.122854 -0.303458 -0.00847468
delta matrix:
 0.0264775 -0.128284 -0.000142423
weights_delta matrix:
 0.000563559 -0.00273046 -3.03139e-06
 0.00136686 -0.00662247 -7.35235e-06
 0.000419584 -0.0020329 -2.25695e-06
 0.000358707 -0.00173795 -1.92949e-06
 0.00264775 -0.0128284 -1.42423e-05
weights matrix:
 -0.955293 0.0470067 0.0541834
 1.79532 -2.08709 -0.479931
 -2.27315 0.84951 1.88394
 -1.89986 -0.755008 2.48335
 0.880559 0.602256 -2.77986
regression_error on 'test' 0.0819607
classification_error on 'test' 0.105263
Save,3071,0.0819607,0.105263
sample_count 75 Sample index 67
 i 0:0.443801 i 1:0.375074 i 2:0.566734 i 3:0.536988 bias 1
 test_print 2.9226
net matrix:
 -1.1785 -0.0836792 -0.534594
outputs matrix:
 0.0865115 0.458258 0.255558
error matrix:
 -0.0865115 0.541742 -0.255558
delta matrix:
 -0.0136735 0.268983 -0.0972386
weights_delta matrix:
 -0.000606833 0.0119375 -0.00431546
 -0.000512859 0.0100889 -0.00364717
 -0.000774926 0.0152442 -0.00551084
 -0.000734253 0.0144441 -0.0052216
 -0.00136735 0.0268983 -0.00972386
weights matrix:
 -0.955899 0.0589442 0.049868
 1.79481 -2.077 -0.483578
 -2.27393 0.864755 1.87843
 -1.9006 -0.740564 2.47813
 0.879192 0.629155 -2.78958
regression_error on 'test' 0.0832404
classification_error on 'test' 0.0789474
Save,3072,0.0832404,0.0789474
sample_count 75 Sample index 5
 i 0:0.536183 i 1:0.198626 i 2:0.687702 i 3:0.60999 bias 1
 test_print 3.0325
net matrix:
 -1.99998 0.39117 -0.0554561
outputs matrix:
 0.017987 0.686184 0.4723
error matrix:
 -0.017987 -0.686184 0.5277
delta matrix:
 -0.000635427 -0.29552 0.26304
weights_delta matrix:
 -3.40705e-05 -0.0158453 0.0141038
 -1.26212e-05 -0.00586979 0.00522466
 -4.36984e-05 -0.0203229 0.0180893
 -3.87604e-05 -0.0180264 0.0160452
 -6.35427e-05 -0.029552 0.026304
weights matrix:
 -0.955933 0.0430989 0.0639717
 1.7948 -2.08287 -0.478353
 -2.27397 0.844432 1.89652
 -1.90064 -0.75859 2.49418
 0.879128 0.599603 -2.76328
regression_error on 'test' 0.0813916
classification_error on 'test' 0.105263
Save,3073,0.0813916,0.105263
sample_count 75 Sample index 11
 i 0:0.536183 i 1:0.198626 i 2:0.536492 i 3:0.427485 bias 1
 test_print 2.69879
net matrix:
 -1.30939 0.337744 -0.740297
outputs matrix:
 0.0679391 0.662731 0.185338
error matrix:
 -0.0679391 0.337269 -0.185338
delta matrix:
 -0.00860428 0.150772 -0.0559673
weights_delta matrix:
 -0.000461347 0.00808413 -0.00300087
 -0.000170903 0.00299472 -0.00111166
 -0.000461612 0.00808879 -0.0030026
 -0.00036782 0.00644527 -0.00239252
 -0.000860428 0.0150772 -0.00559673
weights matrix:
 -0.956395 0.0511831 0.0609709
 1.79463 -2.07988 -0.479465
 -2.27443 0.85252 1.89352
 -1.901 -0.752145 2.49179
 0.878268 0.61468 -2.76887
regression_error on 'test' 0.0819438
classification_error on 'test' 0.105263
Save,3074,0.0819438,0.105263
sample_count 75 Sample index 28
 i 0:0.305227 i 1:0.551523 i 2:0.113105 i 3:0.135476 bias 1
 test_print 2.10533
net matrix:
 1.06134 -0.522271 -2.46296
outputs matrix:
 0.893088 0.260275 0.00720385
error matrix:
 0.106912 -0.260275 -0.00720385
delta matrix:
 0.0204164 -0.100222 -0.000103043
weights_delta matrix:
 0.000623162 -0.00305905 -3.14515e-06
 0.00112601 -0.00552749 -5.68306e-06
 0.000230919 -0.00113356 -1.16547e-06
 0.000276593 -0.00135777 -1.39599e-06
 0.00204164 -0.0100222 -1.03043e-05
weights matrix:
 -0.955772 0.048124 0.0609677
 1.79575 -2.0854 -0.479471
 -2.2742 0.851387 1.89352
 -1.90073 -0.753503 2.49178
 0.880309 0.604658 -2.76888
regression_error on 'test' 0.0817162
classification_error on 'test' 0.105263
Save,3075,0.0817162,0.105263
sample_count 75 Sample index 53
 i 0:0.489992 i 1:0.410364 i 2:0.702823 i 3:0.938499 bias 1
 test_print 3.54168
net matrix:
 -2.23329 -0.336324 0.733577
outputs matrix:
 0.0113561 0.337904 0.812624
error matrix:
 -0.0113561 -0.337904 0.187376
delta matrix:
 -0.000254994 -0.151195 0.0570619
weights_delta matrix:
 -1.24945e-05 -0.00740844 0.00279599
 -1.0464e-05 -0.00620451 0.00234161
 -1.79216e-05 -0.0106263 0.00401044
 -2.39312e-05 -0.0141897 0.00535525
 -2.54994e-05 -0.0151195 0.00570619
weights matrix:
 -0.955784 0.0407156 0.0637637
 1.79574 -2.09161 -0.477129
 -2.27422 0.84076 1.89753
 -1.90075 -0.767692 2.49714
 0.880284 0.589538 -2.76318
regression_error on 'test' 0.0810795
classification_error on 'test' 0.131579
Save,3076,0.0810795,0.131579
sample_count 75 Sample index 43
 i 0:0.582374 i 1:0.198626 i 2:0.612097 i 3:0.60999 bias 1
 test_print 3.00309
net matrix:
 -1.87114 0.244144 -0.136112
outputs matrix:
 0.0231513 0.619703 0.432361
error matrix:
 -0.0231513 0.380297 -0.432361
delta matrix:
 -0.00104715 0.17925 -0.212224
weights_delta matrix:
 -6.09834e-05 0.0104391 -0.0123594
 -2.07992e-05 0.00356037 -0.00421533
 -6.40958e-05 0.0109718 -0.0129902
 -6.38752e-05 0.0109341 -0.0129455
 -0.000104715 0.017925 -0.0212224
weights matrix:
 -0.955845 0.0511546 0.0514043
 1.79572 -2.08805 -0.481344
 -2.27428 0.851732 1.88454
 -1.90081 -0.756758 2.48419
 0.880179 0.607463 -2.7844
regression_error on 'test' 0.0821164
classification_error on 'test' 0.0789474
Save,3077,0.0821164,0.0789474
sample_count 75 Sample index 2
 i 0:0.466896 i 1:0.480944 i 2:0.566734 i 3:0.500487 bias 1
 test_print 3.01506
net matrix:
 -0.942705 -0.268929 -0.680561
outputs matrix:
 0.131769 0.368686 0.204058
error matrix:
 -0.131769 0.631314 -0.204058
delta matrix:
 -0.0301502 0.293885 -0.0662855
weights_delta matrix:
 -0.0014077 0.0137214 -0.00309485
 -0.00145005 0.0141342 -0.00318796
 -0.00170871 0.0166555 -0.00375663
 -0.00150898 0.0147086 -0.0033175
 -0.00301502 0.0293885 -0.00662855
weights matrix:
 -0.957253 0.064876 0.0483095
 1.79427 -2.07391 -0.484532
 -2.27599 0.868388 1.88078
 -1.90232 -0.74205 2.48088
 0.877164 0.636852 -2.79103
regression_error on 'test' 0.0834953
classification_error on 'test' 0.0789474
Save,3078,0.0834953,0.0789474
sample_count 75 Sample index 53
 i 0:0.489992 i 1:0.410364 i 2:0.702823 i 3:0.938499 bias 1
 test_print 3.54168
net matrix:
 -2.24052 -0.268509 0.683964
outputs matrix:
 0.0111948 0.368881 0.797045
error matrix:
 -0.0111948 -0.368881 0.202955
delta matrix:
 -0.000247841 -0.171757 0.0656616
weights_delta matrix:
 -1.2144e-05 -0.00841596 0.00321737
 -1.01705e-05 -0.00704829 0.00269452
 -1.74188e-05 -0.0120715 0.00461485
 -2.32598e-05 -0.0161194 0.00616234
 -2.47841e-05 -0.0171757 0.00656616
weights matrix:
 -0.957265 0.05646 0.0515268
 1.79426 -2.08096 -0.481838
 -2.27601 0.856316 1.88539
 -1.90235 -0.758169 2.48704
 0.877139 0.619676 -2.78446
regression_error on 'test' 0.0823756
classification_error on 'test' 0.0789474
Save,3079,0.0823756,0.0789474
sample_count 75 Sample index 45
 i 0:0.697853 i 1:0.586813 i 2:0.793548 i 3:0.975 bias 1
 test_print 4.05321
net matrix:
 -2.3989 -0.621746 0.889762
outputs matrix:
 0.00818033 0.223829 0.855638
error matrix:
 -0.00818033 -0.223829 0.144362
delta matrix:
 -0.000132741 -0.0777713 0.0356637
weights_delta matrix:
 -9.26336e-06 -0.0054273 0.0024888
 -7.78941e-06 -0.00456372 0.00209279
 -1.05336e-05 -0.00617153 0.00283008
 -1.29422e-05 -0.0075827 0.00347721
 -1.32741e-05 -0.00777713 0.00356637
weights matrix:
 -0.957274 0.0510328 0.0540156
 1.79425 -2.08553 -0.479745
 -2.27602 0.850145 1.88822
 -1.90236 -0.765752 2.49052
 0.877126 0.611899 -2.7809
regression_error on 'test' 0.0818838
classification_error on 'test' 0.105263
Save,3080,0.0818838,0.105263
sample_count 75 Sample index 68
 i 0:0.305227 i 1:0.657392 i 2:0.173589 i 3:0.281481 bias 1
 test_print 2.41769
net matrix:
 0.833899 -0.811502 -2.05098
outputs matrix:
 0.841282 0.164791 0.0162711
error matrix:
 0.158718 -0.164791 -0.0162711
delta matrix:
 0.0423862 -0.045362 -0.00052088
weights_delta matrix:
 0.00129374 -0.00138457 -1.58987e-05
 0.00278643 -0.00298206 -3.42422e-05
 0.000735778 -0.000787435 -9.04191e-06
 0.00119309 -0.00127686 -1.46618e-05
 0.00423862 -0.0045362 -5.2088e-05
weights matrix:
 -0.955981 0.0496482 0.0539997
 1.79704 -2.08851 -0.479779
 -2.27528 0.849357 1.88822
 -1.90117 -0.767028 2.4905
 0.881365 0.607363 -2.78095
regression_error on 'test' 0.0817727
classification_error on 'test' 0.105263
Save,3081,0.0817727,0.105263
sample_count 75 Sample index 3
 i 0:0.744044 i 1:0.516233 i 2:0.672581 i 3:0.60999 bias 1
 test_print 3.54285
net matrix:
 -1.59224 -0.330472 -0.199288
outputs matrix:
 0.039754 0.340528 0.401654
error matrix:
 -0.039754 0.659472 -0.401654
delta matrix:
 -0.00303511 0.296194 -0.193058
weights_delta matrix:
 -0.000225825 0.0220381 -0.0143643
 -0.000156682 0.0152905 -0.00996627
 -0.000204135 0.0199214 -0.0129847
 -0.000185138 0.0180675 -0.0117763
 -0.000303511 0.0296194 -0.0193058
weights matrix:
 -0.956206 0.0716863 0.0396354
 1.79688 -2.07322 -0.489746
 -2.27549 0.869279 1.87523
 -1.90135 -0.748961 2.47873
 0.881061 0.636982 -2.80025
regression_error on 'test' 0.0838304
classification_error on 'test' 0.0789474
Save,3082,0.0838304,0.0789474
sample_count 75 Sample index 16
 i 0:0.60547 i 1:0.304495 i 2:0.687702 i 3:0.755994 bias 1
 test_print 3.35366
net matrix:
 -2.15302 0.080696 0.238121
outputs matrix:
 0.0133074 0.540261 0.61686
error matrix:
 -0.0133074 -0.540261 0.38314
delta matrix:
 -0.000349462 -0.268379 0.181105
weights_delta matrix:
 -2.11589e-05 -0.0162495 0.0109654
 -1.06409e-05 -0.008172 0.00551457
 -2.40326e-05 -0.0184565 0.0124547
 -2.64191e-05 -0.0202893 0.0136915
 -3.49462e-05 -0.0268379 0.0181105
weights matrix:
 -0.956227 0.0554367 0.0506008
 1.79687 -2.08139 -0.484231
 -2.27551 0.850822 1.88769
 -1.90138 -0.76925 2.49242
 0.881026 0.610144 -2.78214
regression_error on 'test' 0.0819243
classification_error on 'test' 0.0789474
Save,3083,0.0819243,0.0789474
sample_count 75 Sample index 44
 i 0:0.536183 i 1:0.375074 i 2:0.702823 i 3:0.646491 bias 1
 test_print 3.26057
net matrix:
 -1.78623 -0.0401429 0.00139977
outputs matrix:
 0.0273193 0.479939 0.5007
error matrix:
 -0.0273193 0.520061 -0.5007
delta matrix:
 -0.00145191 0.259612 -0.250349
weights_delta matrix:
 -7.78488e-05 0.0139199 -0.0134233
 -5.44573e-05 0.00973736 -0.00938996
 -0.000102043 0.0182461 -0.0175951
 -9.38645e-05 0.0167837 -0.0161849
 -0.000145191 0.0259612 -0.0250349
weights matrix:
 -0.956305 0.0693567 0.0371775
 1.79682 -2.07165 -0.493621
 -2.27561 0.869068 1.87009
 -1.90147 -0.752467 2.47623
 0.880881 0.636105 -2.80718
regression_error on 'test' 0.084003
classification_error on 'test' 0.0789474
Save,3084,0.084003,0.0789474
sample_count 75 Sample index 44
 i 0:0.536183 i 1:0.375074 i 2:0.702823 i 3:0.646491 bias 1
 test_print 3.26057
net matrix:
 -1.78657 0.0206084 -0.0571841
outputs matrix:
 0.0273012 0.510303 0.471439
error matrix:
 -0.0273012 0.489697 -0.471439
delta matrix:
 -0.00145002 0.244745 -0.23495
weights_delta matrix:
 -7.77474e-05 0.0131228 -0.0125976
 -5.43864e-05 0.00917974 -0.00881238
 -0.000101911 0.0172012 -0.0165129
 -9.37423e-05 0.0158225 -0.0151893
 -0.000145002 0.0244745 -0.023495
weights matrix:
 -0.956383 0.0824795 0.0245798
 1.79676 -2.06247 -0.502433
 -2.27571 0.88627 1.85358
 -1.90157 -0.736644 2.46104
 0.880736 0.66058 -2.83067
regression_error on 'test' 0.0867263
classification_error on 'test' 0.0789474
Save,3085,0.0867263,0.0789474
sample_count 75 Sample index 55
 i 0:0.628566 i 1:0.551523 i 2:0.612097 i 3:0.60999 bias 1
 test_print 3.40218
net matrix:
 -1.28235 -0.33194 -0.456546
outputs matrix:
 0.071445 0.339868 0.286368
error matrix:
 -0.071445 0.660132 -0.286368
delta matrix:
 -0.0094794 0.296211 -0.117045
weights_delta matrix:
 -0.000595843 0.0186188 -0.00735704
 -0.000522811 0.0163367 -0.00645529
 -0.000580231 0.018131 -0.00716428
 -0.000578234 0.0180686 -0.00713962
 -0.00094794 0.0296211 -0.0117045
weights matrix:
 -0.956979 0.101098 0.0172228
 1.79624 -2.04614 -0.508889
 -2.2763 0.904401 1.84641
 -1.90214 -0.718575 2.4539
 0.879788 0.690201 -2.84238
regression_error on 'test' 0.0898707
classification_error on 'test' 0.0789474
Save,3086,0.0898707,0.0789474
sample_count 75 Sample index 56
 i 0:0.328323 i 1:0.727972 i 2:0.158468 i 3:0.208478 bias 1
 test_print 2.42324
net matrix:
 1.11593 -0.772625 -2.403
outputs matrix:
 0.903074 0.175773 0.00811419
error matrix:
 0.096926 -0.175773 -0.00811419
delta matrix:
 0.0169681 -0.0509311 -0.000130612
weights_delta matrix:
 0.000557102 -0.00167219 -4.28828e-06
 0.00123523 -0.00370764 -9.50816e-06
 0.00026889 -0.000807095 -2.06978e-06
 0.000353748 -0.0010618 -2.72297e-06
 0.00169681 -0.00509311 -1.30612e-05
weights matrix:
 -0.956422 0.0994261 0.0172185
 1.79748 -2.04984 -0.508898
 -2.27603 0.903594 1.84641
 -1.90179 -0.719637 2.4539
 0.881485 0.685108 -2.84239
regression_error on 'test' 0.0895426
classification_error on 'test' 0.0789474
Save,3087,0.0895426,0.0789474
sample_count 75 Sample index 73
 i 0:0.582374 i 1:0.410364 i 2:0.65746 i 3:0.719493 bias 1
 test_print 3.36969
net matrix:
 -1.80261 -0.0218685 -0.0616907
outputs matrix:
 0.0264621 0.489067 0.469194
error matrix:
 -0.0264621 -0.489067 0.530806
delta matrix:
 -0.00136343 -0.244417 0.264396
weights_delta matrix:
 -7.94024e-05 -0.0142342 0.0153977
 -5.59501e-05 -0.01003 0.0108498
 -8.96399e-05 -0.0160694 0.017383
 -9.80976e-05 -0.0175856 0.0190231
 -0.000136343 -0.0244417 0.0264396
weights matrix:
 -0.956501 0.0851919 0.0326162
 1.79742 -2.05987 -0.498048
 -2.27612 0.887524 1.86379
 -1.90189 -0.737223 2.47292
 0.881348 0.660666 -2.81595
regression_error on 'test' 0.085959
classification_error on 'test' 0.0789474
Save,3088,0.085959,0.0789474
sample_count 75 Sample index 66
 i 0:0.60547 i 1:0.304495 i 2:0.672581 i 3:0.60999 bias 1
 test_print 3.19254
net matrix:
 -1.84148 0.232259 -0.185845
outputs matrix:
 0.0245313 0.614086 0.408133
error matrix:
 -0.0245313 0.385914 -0.408133
delta matrix:
 -0.00117405 0.182912 -0.197177
weights_delta matrix:
 -7.1085e-05 0.0110747 -0.0119385
 -3.57491e-05 0.00556956 -0.00600395
 -7.89641e-05 0.0123023 -0.0132618
 -7.16156e-05 0.0111574 -0.0120276
 -0.000117405 0.0182912 -0.0197177
weights matrix:
 -0.956572 0.0962667 0.0206777
 1.79739 -2.0543 -0.504052
 -2.27619 0.899826 1.85053
 -1.90196 -0.726065 2.4609
 0.881231 0.678957 -2.83567
regression_error on 'test' 0.0884323
classification_error on 'test' 0.105263
Save,3089,0.0884323,0.105263
sample_count 75 Sample index 25
 i 0:0.628566 i 1:0.410364 i 2:0.778427 i 3:0.865497 bias 1
 test_print 3.68285
net matrix:
 -2.40045 -0.0315037 0.540886
outputs matrix:
 0.00815533 0.484253 0.746829
error matrix:
 -0.00815533 -0.484253 0.253171
delta matrix:
 -0.000131934 -0.241887 0.0957368
weights_delta matrix:
 -8.29292e-06 -0.0152042 0.00601769
 -5.41409e-06 -0.00992615 0.00392869
 -1.02701e-05 -0.0188291 0.00745241
 -1.14188e-05 -0.0209352 0.00828599
 -1.31934e-05 -0.0241887 0.00957368
weights matrix:
 -0.956581 0.0810625 0.0266954
 1.79738 -2.06423 -0.500124
 -2.27621 0.880997 1.85798
 -1.90197 -0.747001 2.46918
 0.881218 0.654768 -2.82609
regression_error on 'test' 0.0858234
classification_error on 'test' 0.0789474
Save,3090,0.0858234,0.0789474
sample_count 75 Sample index 9
 i 0:0.351418 i 1:0.375074 i 2:0.521371 i 3:0.573489 bias 1
 test_print 2.82135
net matrix:
 -1.0583 -0.060054 -0.619549
outputs matrix:
 0.107494 0.470009 0.224593
error matrix:
 -0.107494 0.529991 -0.224593
delta matrix:
 -0.0206258 0.264042 -0.0782262
weights_delta matrix:
 -0.000724828 0.00927891 -0.00274901
 -0.00077362 0.00990353 -0.00293406
 -0.00107537 0.0137664 -0.00407849
 -0.00118287 0.0151425 -0.00448619
 -0.00206258 0.0264042 -0.00782262
weights matrix:
 -0.957305 0.0903414 0.0239464
 1.79661 -2.05433 -0.503058
 -2.27728 0.894764 1.85391
 -1.90315 -0.731858 2.4647
 0.879155 0.681173 -2.83392
regression_error on 'test' 0.0878742
classification_error on 'test' 0.105263
Save,3091,0.0878742,0.105263
sample_count 75 Sample index 53
 i 0:0.489992 i 1:0.410364 i 2:0.702823 i 3:0.938499 bias 1
 test_print 3.54168
net matrix:
 -2.23929 -0.17557 0.587461
outputs matrix:
 0.0112222 0.413106 0.764034
error matrix:
 -0.0112222 -0.413106 0.235966
delta matrix:
 -0.000249049 -0.200315 0.0850829
weights_delta matrix:
 -1.22032e-05 -0.00981526 0.004169
 -1.02201e-05 -0.00822019 0.0034915
 -1.75038e-05 -0.0140786 0.00597983
 -2.33733e-05 -0.0187995 0.00798503
 -2.49049e-05 -0.0200315 0.00850829
weights matrix:
 -0.957318 0.0805262 0.0281154
 1.7966 -2.06255 -0.499566
 -2.2773 0.880685 1.85989
 -1.90318 -0.750658 2.47268
 0.87913 0.661141 -2.82541
regression_error on 'test' 0.0857724
classification_error on 'test' 0.0789474
Save,3092,0.0857724,0.0789474
sample_count 75 Sample index 23
 i 0:0.975 i 1:0.763262 i 2:0.899395 i 3:0.792495 bias 1
 test_print 4.43015
net matrix:
 -2.23943 -0.637418 0.453062
outputs matrix:
 0.011219 0.218431 0.712207
error matrix:
 -0.011219 -0.218431 0.287793
delta matrix:
 -0.00024891 -0.0745803 0.117977
weights_delta matrix:
 -2.42687e-05 -0.00727158 0.0115028
 -1.89984e-05 -0.00569243 0.00900474
 -2.23868e-05 -0.00670772 0.0106108
 -1.9726e-05 -0.00591045 0.00934963
 -2.4891e-05 -0.00745803 0.0117977
weights matrix:
 -0.957342 0.0732546 0.0396181
 1.79658 -2.06824 -0.490561
 -2.27732 0.873977 1.8705
 -1.9032 -0.756568 2.48203
 0.879105 0.653683 -2.81361
regression_error on 'test' 0.0844222
classification_error on 'test' 0.0789474
Save,3093,0.0844222,0.0789474
sample_count 75 Sample index 57
 i 0:0.374514 i 1:0.727972 i 2:0.158468 i 3:0.135476 bias 1
 test_print 2.39643
net matrix:
 1.20971 -0.788502 -2.52322
outputs matrix:
 0.918296 0.17122 0.00639109
error matrix:
 0.0817044 -0.17122 -0.00639109
delta matrix:
 0.0122604 -0.0485937 -8.117e-05
weights_delta matrix:
 0.000459168 -0.0018199 -3.03993e-06
 0.000892521 -0.00353748 -5.90895e-06
 0.000194288 -0.000770054 -1.28629e-06
 0.000166099 -0.000658328 -1.09966e-06
 0.00122604 -0.00485937 -8.117e-06
weights matrix:
 -0.956883 0.0714347 0.0396151
 1.79747 -2.07178 -0.490567
 -2.27713 0.873207 1.8705
 -1.90303 -0.757226 2.48203
 0.880331 0.648824 -2.81362
regression_error on 'test' 0.0842272
classification_error on 'test' 0.0789474
Save,3094,0.0842272,0.0789474
sample_count 75 Sample index 3
 i 0:0.744044 i 1:0.516233 i 2:0.672581 i 3:0.60999 bias 1
 test_print 3.54285
net matrix:
 -1.5961 -0.242143 -0.265319
outputs matrix:
 0.0394603 0.381241 0.370368
error matrix:
 -0.0394603 0.618759 -0.370368
delta matrix:
 -0.00299134 0.291926 -0.172737
weights_delta matrix:
 -0.000222569 0.0217206 -0.0128524
 -0.000154423 0.0150702 -0.00891723
 -0.000201192 0.0196344 -0.0116179
 -0.000182469 0.0178072 -0.0105368
 -0.000299134 0.0291926 -0.0172737
weights matrix:
 -0.957105 0.0931553 0.0267627
 1.79732 -2.05671 -0.499485
 -2.27733 0.892842 1.85888
 -1.90321 -0.739419 2.47149
 0.880032 0.678016 -2.83089
regression_error on 'test' 0.0872067
classification_error on 'test' 0.105263
Save,3095,0.0872067,0.105263
sample_count 75 Sample index 10
 i 0:0.697853 i 1:0.304495 i 2:0.808669 i 3:0.719493 bias 1
 test_print 3.53051
net matrix:
 -2.45157 0.306775 0.317131
outputs matrix:
 0.0073686 0.64875 0.653455
error matrix:
 -0.0073686 -0.64875 0.346545
delta matrix:
 -0.000107792 -0.295666 0.156951
weights_delta matrix:
 -7.52233e-06 -0.0206331 0.0109529
 -3.28222e-06 -0.00900288 0.00477909
 -8.71684e-06 -0.0239096 0.0126922
 -7.75559e-06 -0.0212729 0.0112925
 -1.07792e-05 -0.0295666 0.0156951
weights matrix:
 -0.957113 0.0725221 0.0377156
 1.79731 -2.06571 -0.494706
 -2.27734 0.868932 1.87157
 -1.90322 -0.760692 2.48278
 0.880022 0.64845 -2.8152
regression_error on 'test' 0.0842111
classification_error on 'test' 0.0789474
Save,3096,0.0842111,0.0789474
sample_count 75 Sample index 33
 i 0:0.559279 i 1:0.480944 i 2:0.672581 i 3:0.719493 bias 1
 test_print 3.4323
net matrix:
 -1.69191 -0.267366 0.0130984
outputs matrix:
 0.0328048 0.369414 0.506549
error matrix:
 -0.0328048 -0.369414 0.493451
delta matrix:
 -0.00208171 -0.172108 0.246683
weights_delta matrix:
 -0.000116425 -0.00962563 0.0137965
 -0.000100118 -0.00827743 0.0118641
 -0.000140012 -0.0115757 0.0165914
 -0.000149777 -0.012383 0.0177487
 -0.000208171 -0.0172108 0.0246683
weights matrix:
 -0.957229 0.0628965 0.0515121
 1.79721 -2.07399 -0.482841
 -2.27748 0.857356 1.88816
 -1.90337 -0.773075 2.50053
 0.879813 0.631239 -2.79053
regression_error on 'test' 0.0823489
classification_error on 'test' 0.0789474
Save,3097,0.0823489,0.0789474
sample_count 75 Sample index 17
 i 0:0.443801 i 1:0.304495 i 2:0.521371 i 3:0.463986 bias 1
 test_print 2.73365
net matrix:
 -1.06831 0.115939 -0.770046
outputs matrix:
 0.105588 0.557711 0.176522
error matrix:
 -0.105588 0.442289 -0.176522
delta matrix:
 -0.0199433 0.218198 -0.0513191
weights_delta matrix:
 -0.000885084 0.00968367 -0.00227755
 -0.000607262 0.00664403 -0.00156264
 -0.00103978 0.0113762 -0.00267563
 -0.000925339 0.0101241 -0.00238113
 -0.00199433 0.0218198 -0.00513191
weights matrix:
 -0.958114 0.0725802 0.0492346
 1.7966 -2.06734 -0.484404
 -2.27852 0.868733 1.88549
 -1.9043 -0.762951 2.49815
 0.877819 0.653059 -2.79566
regression_error on 'test' 0.0834059
classification_error on 'test' 0.0789474
Save,3098,0.0834059,0.0789474
sample_count 75 Sample index 52
 i 0:0.443801 i 1:0.410364 i 2:0.672581 i 3:0.792495 bias 1
 test_print 3.31924
net matrix:
 -1.85176 -0.183435 0.275322
outputs matrix:
 0.0240441 0.409298 0.634285
error matrix:
 -0.0240441 -0.409298 0.365715
delta matrix:
 -0.00112844 -0.197914 0.169668
weights_delta matrix:
 -5.00803e-05 -0.00878346 0.00752989
 -4.63071e-05 -0.00812169 0.00696257
 -7.58968e-05 -0.0133113 0.0114116
 -8.94284e-05 -0.0156846 0.0134461
 -0.000112844 -0.0197914 0.0169668
weights matrix:
 -0.958164 0.0637967 0.0567645
 1.79656 -2.07546 -0.477442
 -2.27859 0.855421 1.8969
 -1.90439 -0.778636 2.5116
 0.877706 0.633267 -2.77869
regression_error on 'test' 0.0819298
classification_error on 'test' 0.0789474
Save,3099,0.0819298,0.0789474
sample_count 75 Sample index 67
 i 0:0.443801 i 1:0.375074 i 2:0.566734 i 3:0.536988 bias 1
 test_print 2.9226
net matrix:
 -1.18767 -0.0501939 -0.508844
outputs matrix:
 0.085072 0.474924 0.265478
error matrix:
 -0.085072 0.525076 -0.265478
delta matrix:
 -0.0132431 0.261878 -0.103536
weights_delta matrix:
 -0.000587731 0.0116222 -0.00459494
 -0.000496715 0.00982235 -0.00388337
 -0.000750533 0.0148415 -0.00586774
 -0.00071114 0.0140625 -0.00555976
 -0.00132431 0.0261878 -0.0103536
weights matrix:
 -0.958752 0.0754189 0.0521695
 1.79606 -2.06564 -0.481325
 -2.27934 0.870263 1.89103
 -1.9051 -0.764573 2.50604
 0.876382 0.659455 -2.78905
regression_error on 'test' 0.0833508
classification_error on 'test' 0.0789474
Save,3100,0.0833508,0.0789474
sample_count 75 Sample index 9
 i 0:0.351418 i 1:0.375074 i 2:0.521371 i 3:0.573489 bias 1
 test_print 2.82135
net matrix:
 -1.06782 -0.0735544 -0.528134
outputs matrix:
 0.105681 0.463289 0.258023
error matrix:
 -0.105681 0.536711 -0.258023
delta matrix:
 -0.0199763 0.266909 -0.0987957
weights_delta matrix:
 -0.000702002 0.00937966 -0.00347186
 -0.000749258 0.0100111 -0.00370557
 -0.0010415 0.0139159 -0.00515092
 -0.00114562 0.0153069 -0.00566583
 -0.00199763 0.0266909 -0.00987957
weights matrix:
 -0.959454 0.0847985 0.0486977
 1.79531 -2.05563 -0.48503
 -2.28038 0.884179 1.88588
 -1.90624 -0.749266 2.50037
 0.874384 0.686146 -2.79893
regression_error on 'test' 0.0851684
classification_error on 'test' 0.0789474
Save,3101,0.0851684,0.0789474
sample_count 75 Sample index 57
 i 0:0.374514 i 1:0.727972 i 2:0.158468 i 3:0.135476 bias 1
 test_print 2.39643
net matrix:
 1.20237 -0.739931 -2.49619
outputs matrix:
 0.917189 0.185448 0.00674375
error matrix:
 0.0828113 -0.185448 -0.00674375
delta matrix:
 0.0125796 -0.0560266 -9.03429e-05
weights_delta matrix:
 0.000471125 -0.00209827 -3.38347e-06
 0.000915762 -0.00407858 -6.57671e-06
 0.000199347 -0.000887842 -1.43165e-06
 0.000170424 -0.000759026 -1.22393e-06
 0.00125796 -0.00560266 -9.03429e-06
weights matrix:
 -0.958983 0.0827003 0.0486943
 1.79623 -2.05971 -0.485037
 -2.28018 0.883291 1.88588
 -1.90607 -0.750025 2.50037
 0.875642 0.680543 -2.79894
regression_error on 'test' 0.0848739
classification_error on 'test' 0.0789474
Save,3102,0.0848739,0.0789474
sample_count 75 Sample index 60
 i 0:0.559279 i 1:0.410364 i 2:0.536492 i 3:0.536988 bias 1
 test_print 3.04312
net matrix:
 -1.17043 -0.0473108 -0.616317
outputs matrix:
 0.0877953 0.476362 0.225721
error matrix:
 -0.0877953 0.523638 -0.225721
delta matrix:
 -0.0140626 0.261234 -0.0788987
weights_delta matrix:
 -0.000786491 0.0146103 -0.00441264
 -0.000577078 0.0107201 -0.00323772
 -0.000754446 0.014015 -0.00423285
 -0.000755144 0.0140279 -0.00423677
 -0.00140626 0.0261234 -0.00788987
weights matrix:
 -0.95977 0.0973105 0.0442816
 1.79565 -2.04899 -0.488275
 -2.28094 0.897306 1.88164
 -1.90683 -0.735997 2.49613
 0.874236 0.706667 -2.80683
regression_error on 'test' 0.0870843
classification_error on 'test' 0.0789474
Save,3103,0.0870843,0.0789474
sample_count 75 Sample index 66
 i 0:0.60547 i 1:0.304495 i 2:0.672581 i 3:0.60999 bias 1
 test_print 3.19254
net matrix:
 -1.85737 0.296238 -0.140517
outputs matrix:
 0.0237824 0.643933 0.4302
error matrix:
 -0.0237824 0.356067 -0.4302
delta matrix:
 -0.0011043 0.16328 -0.210908
weights_delta matrix:
 -6.6862e-05 0.00988614 -0.0127699
 -3.36254e-05 0.0049718 -0.00642205
 -7.42731e-05 0.0109819 -0.0141853
 -6.73611e-05 0.00995994 -0.0128652
 -0.00011043 0.016328 -0.0210908
weights matrix:
 -0.959836 0.107197 0.0315118
 1.79562 -2.04402 -0.494697
 -2.28101 0.908288 1.86746
 -1.90689 -0.726037 2.48327
 0.874126 0.722995 -2.82792
regression_error on 'test' 0.0895289
classification_error on 'test' 0.105263
Save,3104,0.0895289,0.105263
sample_count 75 Sample index 68
 i 0:0.305227 i 1:0.657392 i 2:0.173589 i 3:0.281481 bias 1
 test_print 2.41769
net matrix:
 0.828869 -0.634704 -2.12035
outputs matrix:
 0.839934 0.219359 0.0141933
error matrix:
 0.160066 -0.219359 -0.0141933
delta matrix:
 0.0430401 -0.0751262 -0.000397181
weights_delta matrix:
 0.0013137 -0.00229305 -1.2123e-05
 0.00282942 -0.00493873 -2.61103e-05
 0.000747129 -0.00130411 -6.89462e-06
 0.0012115 -0.00211466 -1.11799e-05
 0.00430401 -0.00751262 -3.97181e-05
weights matrix:
 -0.958523 0.104904 0.0314996
 1.79845 -2.04896 -0.494723
 -2.28027 0.906984 1.86745
 -1.90568 -0.728152 2.48326
 0.87843 0.715482 -2.82796
regression_error on 'test' 0.0889779
classification_error on 'test' 0.105263
Save,3105,0.0889779,0.105263
sample_count 75 Sample index 65
 i 0:0.928809 i 1:0.410364 i 2:0.944758 i 3:0.792495 bias 1
 test_print 4.07643
net matrix:
 -2.93838 0.251923 0.730543
outputs matrix:
 0.00279601 0.623363 0.811699
error matrix:
 -0.00279601 -0.623363 0.188301
delta matrix:
 -1.55916e-05 -0.292708 0.0575614
weights_delta matrix:
 -1.44816e-06 -0.027187 0.00534635
 -6.39824e-07 -0.0120117 0.00236211
 -1.47303e-06 -0.0276538 0.00543815
 -1.23563e-06 -0.023197 0.00456171
 -1.55916e-06 -0.0292708 0.00575614
weights matrix:
 -0.958524 0.0777166 0.036846
 1.79845 -2.06097 -0.492361
 -2.28027 0.87933 1.87289
 -1.90568 -0.751349 2.48782
 0.878428 0.686211 -2.8222
regression_error on 'test' 0.0856473
classification_error on 'test' 0.0789474
Save,3106,0.0856473,0.0789474
sample_count 75 Sample index 44
 i 0:0.536183 i 1:0.375074 i 2:0.702823 i 3:0.646491 bias 1
 test_print 3.26057
net matrix:
 -1.7956 0.0871389 -0.0624532
outputs matrix:
 0.0268259 0.54346 0.468814
error matrix:
 -0.0268259 0.45654 -0.468814
delta matrix:
 -0.00140065 0.226546 -0.233495
weights_delta matrix:
 -7.51002e-05 0.012147 -0.0125196
 -5.25346e-05 0.00849714 -0.00875779
 -9.84406e-05 0.0159222 -0.0164106
 -9.05505e-05 0.014646 -0.0150952
 -0.000140065 0.0226546 -0.0233495
weights matrix:
 -0.958599 0.0898636 0.0243264
 1.79839 -2.05247 -0.501119
 -2.28037 0.895252 1.85648
 -1.90578 -0.736703 2.47272
 0.878288 0.708866 -2.84555
regression_error on 'test' 0.0887111
classification_error on 'test' 0.105263
Save,3107,0.0887111,0.105263
sample_count 75 Sample index 14
 i 0:0.697853 i 1:0.516233 i 2:0.778427 i 3:0.938499 bias 1
 test_print 3.93101
net matrix:
 -2.42595 -0.282483 0.678515
outputs matrix:
 0.00775295 0.362399 0.795277
error matrix:
 -0.00775295 -0.362399 0.204723
delta matrix:
 -0.000119284 -0.167476 0.0666627
weights_delta matrix:
 -8.32429e-06 -0.0116874 0.00465208
 -6.15785e-06 -0.00864569 0.00344135
 -9.28542e-06 -0.0130368 0.00518921
 -1.11948e-05 -0.0157176 0.00625629
 -1.19284e-05 -0.0167476 0.00666627
weights matrix:
 -0.958608 0.0781762 0.0289785
 1.79839 -2.06112 -0.497677
 -2.28038 0.882215 1.86167
 -1.90579 -0.752421 2.47898
 0.878276 0.692118 -2.83888
regression_error on 'test' 0.0866595
classification_error on 'test' 0.0789474
Save,3108,0.0866595,0.0789474
sample_count 75 Sample index 67
 i 0:0.443801 i 1:0.375074 i 2:0.566734 i 3:0.536988 bias 1
 test_print 2.9226
net matrix:
 -1.18838 0.0496821 -0.626435
outputs matrix:
 0.0849626 0.524821 0.222204
error matrix:
 -0.0849626 0.475179 -0.222204
delta matrix:
 -0.0132107 0.237004 -0.0768065
weights_delta matrix:
 -0.00058629 0.0105183 -0.00340868
 -0.000495497 0.00888941 -0.00288081
 -0.000748693 0.0134318 -0.00435289
 -0.000709396 0.0127268 -0.00412442
 -0.00132107 0.0237004 -0.00768065
weights matrix:
 -0.959194 0.0886945 0.0255698
 1.79789 -2.05223 -0.500558
 -2.28112 0.895647 1.85732
 -1.9065 -0.739694 2.47486
 0.876955 0.715819 -2.84656
regression_error on 'test' 0.088803
classification_error on 'test' 0.105263
Save,3109,0.088803,0.105263
sample_count 75 Sample index 0
 i 0:0.282131 i 1:0.269205 i 2:0.430645 i 3:0.427485 bias 1
 test_print 2.40947
net matrix:
 -0.707015 0.25787 -1.1163
outputs matrix:
 0.195599 0.626151 0.0968617
error matrix:
 -0.195599 0.373849 -0.0968617
delta matrix:
 -0.0615513 0.175025 -0.0169468
weights_delta matrix:
 -0.00173655 0.00493801 -0.000478123
 -0.00165699 0.00471177 -0.000456217
 -0.00265067 0.00753738 -0.000729807
 -0.00263122 0.00748208 -0.000724451
 -0.00615513 0.0175025 -0.00169468
weights matrix:
 -0.96093 0.0936325 0.0250917
 1.79623 -2.04752 -0.501014
 -2.28377 0.903184 1.85659
 -1.90913 -0.732212 2.47413
 0.8708 0.733321 -2.84826
regression_error on 'test' 0.0901516
classification_error on 'test' 0.0789474
Save,3110,0.0901516,0.0789474
sample_count 75 Sample index 59
 i 0:0.60547 i 1:0.233915 i 2:0.596976 i 3:0.536988 bias 1
 test_print 2.97335
net matrix:
 -1.67939 0.457059 -0.513346
outputs matrix:
 0.0336091 0.713842 0.263726
error matrix:
 -0.0336091 0.286158 -0.263726
delta matrix:
 -0.00218322 0.116908 -0.102418
weights_delta matrix:
 -0.000132187 0.00707842 -0.00620109
 -5.10688e-05 0.00273465 -0.00239571
 -0.000130333 0.00697912 -0.0061141
 -0.000117236 0.00627781 -0.00549972
 -0.000218322 0.0116908 -0.0102418
weights matrix:
 -0.961063 0.100711 0.0188906
 1.79618 -2.04478 -0.50341
 -2.2839 0.910164 1.85047
 -1.90924 -0.725934 2.46863
 0.870582 0.745012 -2.8585
regression_error on 'test' 0.0918771
classification_error on 'test' 0.0526316
Save,3111,0.0918771,0.0526316
sample_count 75 Sample index 60
 i 0:0.559279 i 1:0.410364 i 2:0.536492 i 3:0.536988 bias 1
 test_print 3.04312
net matrix:
 -1.18037 0.0607107 -0.736128
outputs matrix:
 0.086216 0.530318 0.1866
error matrix:
 -0.086216 0.469682 -0.1866
delta matrix:
 -0.0135847 0.233977 -0.0566444
weights_delta matrix:
 -0.000759762 0.0130859 -0.003168
 -0.000557466 0.00960159 -0.00232448
 -0.000728807 0.0125527 -0.00303893
 -0.000729481 0.0125643 -0.00304174
 -0.00135847 0.0233977 -0.00566444
weights matrix:
 -0.961822 0.113797 0.0157226
 1.79563 -2.03518 -0.505734
 -2.28463 0.922716 1.84743
 -1.90997 -0.71337 2.46559
 0.869223 0.76841 -2.86417
regression_error on 'test' 0.0947262
classification_error on 'test' 0.105263
Save,3112,0.0947262,0.105263
sample_count 75 Sample index 3
 i 0:0.744044 i 1:0.516233 i 2:0.672581 i 3:0.60999 bias 1
 test_print 3.54285
net matrix:
 -1.62112 -0.0120941 -0.36701
outputs matrix:
 0.0376068 0.493953 0.324313
error matrix:
 -0.0376068 0.506047 -0.324313
delta matrix:
 -0.00272217 0.252986 -0.142136
weights_delta matrix:
 -0.000202541 0.0188233 -0.0105755
 -0.000140527 0.01306 -0.00733753
 -0.000183088 0.0170154 -0.0095598
 -0.000166049 0.0154319 -0.00867016
 -0.000272217 0.0252986 -0.0142136
weights matrix:
 -0.962025 0.13262 0.00514702
 1.79549 -2.02212 -0.513072
 -2.28482 0.939732 1.83787
 -1.91014 -0.697938 2.45692
 0.868951 0.793708 -2.87838
regression_error on 'test' 0.0993689
classification_error on 'test' 0.157895
Save,3113,0.0993689,0.157895
sample_count 75 Sample index 0
 i 0:0.282131 i 1:0.269205 i 2:0.430645 i 3:0.427485 bias 1
 test_print 2.40947
net matrix:
 -0.719613 0.393093 -1.17328
outputs matrix:
 0.191665 0.687012 0.0873394
error matrix:
 -0.191665 0.312988 -0.0873394
delta matrix:
 -0.0593892 0.134602 -0.0139239
weights_delta matrix:
 -0.00167555 0.00379753 -0.000392835
 -0.00159879 0.00362354 -0.000374837
 -0.00255757 0.00579655 -0.000599624
 -0.0025388 0.00575402 -0.000595224
 -0.00593892 0.0134602 -0.00139239
weights matrix:
 -0.9637 0.136418 0.00475419
 1.79389 -2.0185 -0.513447
 -2.28737 0.945528 1.83727
 -1.91268 -0.692184 2.45633
 0.863012 0.807169 -2.87977
regression_error on 'test' 0.100959
classification_error on 'test' 0.157895
Save,3114,0.100959,0.157895
sample_count 75 Sample index 6
 i 0:0.305227 i 1:0.657392 i 2:0.128226 i 3:0.171977 bias 1
 test_print 2.26282
net matrix:
 1.12591 -0.475934 -2.55784
outputs matrix:
 0.904808 0.278509 0.0059661
error matrix:
 0.0951919 -0.278509 -0.0059661
delta matrix:
 0.0163978 -0.111928 -7.0764e-05
weights_delta matrix:
 0.000500506 -0.00341635 -2.15991e-06
 0.00107798 -0.00735807 -4.65197e-06
 0.000210263 -0.00143521 -9.07379e-07
 0.000282005 -0.00192491 -1.21698e-06
 0.00163978 -0.0111928 -7.0764e-06
weights matrix:
 -0.9632 0.133001 0.00475203
 1.79497 -2.02585 -0.513451
 -2.28716 0.944093 1.83727
 -1.9124 -0.694109 2.45632
 0.864652 0.795976 -2.87978
regression_error on 'test' 0.0998111
classification_error on 'test' 0.157895
Save,3115,0.0998111,0.157895
sample_count 75 Sample index 47
 i 0:0.282131 i 1:0.516233 i 2:0.158468 i 3:0.0989754 bias 1
 test_print 2.05581
net matrix:
 0.967801 -0.131404 -2.60923
outputs matrix:
 0.873868 0.434673 0.00538645
error matrix:
 0.126132 -0.434673 -0.00538645
delta matrix:
 0.0278052 -0.213627 -5.77151e-05
weights_delta matrix:
 0.00078447 -0.00602707 -1.62832e-06
 0.00143539 -0.0110281 -2.97944e-06
 0.000440623 -0.0033853 -9.14599e-07
 0.000275203 -0.00211438 -5.71237e-07
 0.00278052 -0.0213627 -5.77151e-06
weights matrix:
 -0.962415 0.126974 0.0047504
 1.7964 -2.03688 -0.513454
 -2.28672 0.940708 1.83727
 -1.91212 -0.696223 2.45632
 0.867432 0.774613 -2.87978
regression_error on 'test' 0.0978862
classification_error on 'test' 0.131579
Save,3116,0.0978862,0.131579
sample_count 75 Sample index 55
 i 0:0.628566 i 1:0.551523 i 2:0.612097 i 3:0.60999 bias 1
 test_print 3.40218
net matrix:
 -1.31282 -0.117847 -0.537059
outputs matrix:
 0.0675058 0.441348 0.254621
error matrix:
 -0.0675058 0.558652 -0.254621
delta matrix:
 -0.00849882 0.275483 -0.0966484
weights_delta matrix:
 -0.000534207 0.0173159 -0.00607499
 -0.000468729 0.0151935 -0.00533038
 -0.00052021 0.0168622 -0.00591582
 -0.000518419 0.0168042 -0.00589545
 -0.000849882 0.0275483 -0.00966484
weights matrix:
 -0.96295 0.14429 -0.00132459
 1.79593 -2.02169 -0.518785
 -2.28724 0.95757 1.83136
 -1.91264 -0.679419 2.45043
 0.866582 0.802161 -2.88945
regression_error on 'test' 0.102669
classification_error on 'test' 0.157895
Save,3117,0.102669,0.157895
sample_count 75 Sample index 39
 i 0:0.397609 i 1:0.622103 i 2:0.18871 i 3:0.135476 bias 1
 test_print 2.3439
net matrix:
 0.910217 -0.309508 -2.53514
outputs matrix:
 0.860618 0.350005 0.00624141
error matrix:
 0.139382 -0.350005 -0.00624141
delta matrix:
 0.033439 -0.159254 -7.74241e-05
weights_delta matrix:
 0.00132956 -0.00633206 -3.07845e-06
 0.00208025 -0.00990721 -4.81657e-06
 0.000631027 -0.00300527 -1.46107e-06
 0.000453018 -0.0021575 -1.04891e-06
 0.0033439 -0.0159254 -7.74241e-06
weights matrix:
 -0.96162 0.137958 -0.00132767
 1.79801 -2.0316 -0.51879
 -2.28661 0.954565 1.83135
 -1.91219 -0.681576 2.45043
 0.869926 0.786236 -2.88946
regression_error on 'test' 0.100966
classification_error on 'test' 0.157895
Save,3118,0.100966,0.157895
sample_count 75 Sample index 22
 i 0:0.305227 i 1:0.233915 i 2:0.430645 i 3:0.427485 bias 1
 test_print 2.39727
net matrix:
 -0.805154 0.472839 -1.17503
outputs matrix:
 0.166546 0.720245 0.0870609
error matrix:
 -0.166546 0.279755 -0.0870609
delta matrix:
 -0.046236 0.112737 -0.0138394
weights_delta matrix:
 -0.00141125 0.00344103 -0.000422417
 -0.00108153 0.00263708 -0.000323725
 -0.00199113 0.00485496 -0.000595988
 -0.00197652 0.00481933 -0.000591615
 -0.0046236 0.0112737 -0.00138394
weights matrix:
 -0.963031 0.141399 -0.00175008
 1.79693 -2.02896 -0.519113
 -2.2886 0.95942 1.83076
 -1.91416 -0.676757 2.44984
 0.865303 0.79751 -2.89084
regression_error on 'test' 0.102327
classification_error on 'test' 0.157895
Save,3119,0.102327,0.157895
sample_count 75 Sample index 23
 i 0:0.975 i 1:0.763262 i 2:0.899395 i 3:0.792495 bias 1
 test_print 4.43015
net matrix:
 -2.27745 -0.286683 0.29929
outputs matrix:
 0.0104062 0.360461 0.645331
error matrix:
 -0.0104062 -0.360461 0.354669
delta matrix:
 -0.000214323 -0.166193 0.162352
weights_delta matrix:
 -2.08965e-05 -0.0162038 0.0158293
 -1.63585e-05 -0.0126849 0.0123917
 -1.92761e-05 -0.0149473 0.0146019
 -1.6985e-05 -0.0131707 0.0128663
 -2.14323e-05 -0.0166193 0.0162352
weights matrix:
 -0.963052 0.125195 0.0140793
 1.79691 -2.04164 -0.506722
 -2.28862 0.944472 1.84536
 -1.91418 -0.689928 2.4627
 0.865281 0.78089 -2.87461
regression_error on 'test' 0.0976223
classification_error on 'test' 0.131579
Save,3120,0.0976223,0.131579
sample_count 75 Sample index 64
 i 0:0.282131 i 1:0.516233 i 2:0.158468 i 3:0.0989754 bias 1
 test_print 2.05581
net matrix:
 0.96907 -0.156369 -2.59604
outputs matrix:
 0.874148 0.422446 0.00552965
error matrix:
 0.125852 -0.422446 -0.00552965
delta matrix:
 0.0276909 -0.206142 -6.08159e-05
weights_delta matrix:
 0.000781246 -0.00581589 -1.71581e-06
 0.00142949 -0.0106417 -3.13952e-06
 0.000438812 -0.00326668 -9.63738e-07
 0.000274072 -0.00204029 -6.01928e-07
 0.00276909 -0.0206142 -6.08159e-06
weights matrix:
 -0.962271 0.119379 0.0140775
 1.79834 -2.05229 -0.506725
 -2.28818 0.941206 1.84536
 -1.91391 -0.691968 2.4627
 0.86805 0.760276 -2.87461
regression_error on 'test' 0.0958726
classification_error on 'test' 0.131579
Save,3121,0.0958726,0.131579
sample_count 75 Sample index 31
 i 0:0.559279 i 1:0.339785 i 2:0.778427 i 3:0.573489 bias 1
 test_print 3.25098
net matrix:
 -1.93787 0.465531 -0.190107
outputs matrix:
 0.0203178 0.717291 0.406075
error matrix:
 -0.0203178 -0.717291 0.593925
delta matrix:
 -0.00080885 -0.290911 0.286483
weights_delta matrix:
 -4.52373e-05 -0.0162701 0.0160224
 -2.74835e-05 -0.00988473 0.00973427
 -6.2963e-05 -0.0226453 0.0223006
 -4.63866e-05 -0.0166834 0.0164295
 -8.0885e-05 -0.0290911 0.0286483
weights matrix:
 -0.962316 0.103109 0.0300999
 1.79832 -2.06217 -0.496991
 -2.28825 0.91856 1.86766
 -1.91395 -0.708652 2.47913
 0.867969 0.731185 -2.84596
regression_error on 'test' 0.090666
classification_error on 'test' 0.0526316
Save,3122,0.090666,0.0526316
sample_count 75 Sample index 2
 i 0:0.466896 i 1:0.480944 i 2:0.566734 i 3:0.500487 bias 1
 test_print 3.01506
net matrix:
 -0.971179 -0.0465534 -0.771696
outputs matrix:
 0.125389 0.47674 0.176043
error matrix:
 -0.125389 0.52326 -0.176043
delta matrix:
 -0.027502 0.261064 -0.0510706
weights_delta matrix:
 -0.00128406 0.012189 -0.00238447
 -0.00132269 0.0125557 -0.00245621
 -0.00155863 0.0147954 -0.00289435
 -0.00137644 0.0130659 -0.00255602
 -0.0027502 0.0261064 -0.00510706
weights matrix:
 -0.9636 0.115298 0.0277155
 1.79699 -2.04961 -0.499447
 -2.28981 0.933356 1.86477
 -1.91533 -0.695586 2.47657
 0.865219 0.757292 -2.85107
regression_error on 'test' 0.0936443
classification_error on 'test' 0.0789474
Save,3123,0.0936443,0.0789474
sample_count 75 Sample index 65
 i 0:0.928809 i 1:0.410364 i 2:0.944758 i 3:0.792495 bias 1
 test_print 4.07643
net matrix:
 -2.97356 0.353841 0.694142
outputs matrix:
 0.00260654 0.669889 0.800318
error matrix:
 -0.00260654 -0.669889 0.199682
delta matrix:
 -1.35527e-05 -0.296275 0.0638219
weights_delta matrix:
 -1.25879e-06 -0.0275183 0.00592784
 -5.56153e-07 -0.0121581 0.00261902
 -1.2804e-06 -0.0279909 0.00602963
 -1.07404e-06 -0.0234797 0.00505786
 -1.35527e-06 -0.0296275 0.00638219
weights matrix:
 -0.963602 0.0877799 0.0336433
 1.79699 -2.06177 -0.496828
 -2.28981 0.905365 1.8708
 -1.91533 -0.719065 2.48163
 0.865218 0.727664 -2.84469
regression_error on 'test' 0.0892906
classification_error on 'test' 0.105263
Save,3124,0.0892906,0.105263
sample_count 75 Sample index 14
 i 0:0.697853 i 1:0.516233 i 2:0.778427 i 3:0.938499 bias 1
 test_print 3.93101
net matrix:
 -2.45955 -0.245515 0.707598
outputs matrix:
 0.00725271 0.379651 0.804584
error matrix:
 -0.00725271 -0.379651 0.195416
delta matrix:
 -0.000104441 -0.178828 0.0614499
weights_delta matrix:
 -7.28843e-06 -0.0124795 0.0042883
 -5.39157e-06 -0.00923168 0.00317225
 -8.12995e-06 -0.0139204 0.00478343
 -9.80175e-06 -0.016783 0.00576707
 -1.04441e-05 -0.0178828 0.00614499
weights matrix:
 -0.963609 0.0753003 0.0379316
 1.79699 -2.071 -0.493655
 -2.28982 0.891444 1.87558
 -1.91534 -0.735848 2.4874
 0.865207 0.709781 -2.83854
regression_error on 'test' 0.0870365
classification_error on 'test' 0.0789474
Save,3125,0.0870365,0.0789474
sample_count 75 Sample index 57
 i 0:0.374514 i 1:0.727972 i 2:0.158468 i 3:0.135476 bias 1
 test_print 2.39643
net matrix:
 1.19013 -0.728075 -2.5495
outputs matrix:
 0.91531 0.189057 0.00606579
error matrix:
 0.0846898 -0.189057 -0.00606579
delta matrix:
 0.0131299 -0.0579703 -7.31413e-05
weights_delta matrix:
 0.000491732 -0.00217107 -2.73925e-06
 0.000955818 -0.00422007 -5.32448e-06
 0.000208066 -0.000918643 -1.15906e-06
 0.000177878 -0.000785358 -9.9089e-07
 0.00131299 -0.00579703 -7.31413e-06
weights matrix:
 -0.963117 0.0731293 0.0379289
 1.79794 -2.07522 -0.493661
 -2.28961 0.890526 1.87558
 -1.91516 -0.736634 2.4874
 0.86652 0.703984 -2.83855
regression_error on 'test' 0.0867004
classification_error on 'test' 0.0789474
Save,3126,0.0867004,0.0789474
sample_count 75 Sample index 0
 i 0:0.282131 i 1:0.269205 i 2:0.430645 i 3:0.427485 bias 1
 test_print 2.40947
net matrix:
 -0.7259 0.234556 -1.08971
outputs matrix:
 0.189725 0.615174 0.101613
error matrix:
 -0.189725 0.384826 -0.101613
delta matrix:
 -0.0583324 0.182204 -0.0185522
weights_delta matrix:
 -0.00164574 0.00514053 -0.000523415
 -0.00157034 0.00490502 -0.000499435
 -0.00251206 0.00784652 -0.000798942
 -0.00249362 0.00778894 -0.000793079
 -0.00583324 0.0182204 -0.00185522
weights matrix:
 -0.964763 0.0782698 0.0374055
 1.79637 -2.07032 -0.49416
 -2.29212 0.898372 1.87478
 -1.91766 -0.728845 2.48661
 0.860687 0.722205 -2.84041
regression_error on 'test' 0.0879544
classification_error on 'test' 0.105263
Save,3127,0.0879544,0.105263
sample_count 75 Sample index 47
 i 0:0.282131 i 1:0.516233 i 2:0.158468 i 3:0.0989754 bias 1
 test_print 2.05581
net matrix:
 0.962816 -0.254255 -2.54175
outputs matrix:
 0.872765 0.375543 0.00616
error matrix:
 0.127235 -0.375543 -0.00616
delta matrix:
 0.0282578 -0.176138 -7.54238e-05
weights_delta matrix:
 0.000797241 -0.00496939 -2.12794e-06
 0.00145876 -0.0090928 -3.89363e-06
 0.000447796 -0.00279122 -1.19523e-06
 0.000279683 -0.00174333 -7.4651e-07
 0.00282578 -0.0176138 -7.54238e-06
weights matrix:
 -0.963966 0.0733004 0.0374033
 1.79783 -2.07941 -0.494164
 -2.29167 0.895581 1.87478
 -1.91738 -0.730588 2.4866
 0.863513 0.704591 -2.84041
regression_error on 'test' 0.0869926
classification_error on 'test' 0.0789474
Save,3128,0.0869926,0.0789474
sample_count 75 Sample index 51
 i 0:0.628566 i 1:0.516233 i 2:0.763306 i 3:0.719493 bias 1
 test_print 3.6276
net matrix:
 -1.94309 -0.164847 0.148116
outputs matrix:
 0.0201109 0.418315 0.573521
error matrix:
 -0.0201109 -0.418315 0.426479
delta matrix:
 -0.000792631 -0.203575 0.208629
weights_delta matrix:
 -4.98221e-05 -0.012796 0.0131137
 -4.09182e-05 -0.0105092 0.0107701
 -6.0502e-05 -0.015539 0.0159248
 -5.70293e-05 -0.0146471 0.0150107
 -7.92631e-05 -0.0203575 0.0208629
weights matrix:
 -0.964015 0.0605044 0.050517
 1.79779 -2.08992 -0.483394
 -2.29173 0.880042 1.8907
 -1.91743 -0.745235 2.50162
 0.863434 0.684233 -2.81955
regression_error on 'test' 0.084377
classification_error on 'test' 0.0789474
Save,3129,0.084377,0.0789474
sample_count 75 Sample index 29
 i 0:0.420705 i 1:0.304495 i 2:0.536492 i 3:0.536988 bias 1
 test_print 2.79868
net matrix:
 -1.25385 0.14527 -0.587805
outputs matrix:
 0.0753204 0.572128 0.235842
error matrix:
 -0.0753204 0.427872 -0.235842
delta matrix:
 -0.0104917 0.209484 -0.0850074
weights_delta matrix:
 -0.000441391 0.00881309 -0.0035763
 -0.000319467 0.00637867 -0.00258843
 -0.000562872 0.0112386 -0.00456058
 -0.000563392 0.011249 -0.0045648
 -0.00104917 0.0209484 -0.00850074
weights matrix:
 -0.964457 0.0693175 0.0469407
 1.79747 -2.08354 -0.485982
 -2.29229 0.891281 1.88614
 -1.918 -0.733986 2.49705
 0.862384 0.705182 -2.82805
regression_error on 'test' 0.0859763
classification_error on 'test' 0.0789474
Save,3130,0.0859763,0.0789474
sample_count 75 Sample index 16
 i 0:0.60547 i 1:0.304495 i 2:0.687702 i 3:0.755994 bias 1
 test_print 3.35366
net matrix:
 -2.20065 0.170769 0.237249
outputs matrix:
 0.0121128 0.584564 0.616448
error matrix:
 -0.0121128 -0.584564 0.383552
delta matrix:
 -0.000289885 -0.283922 0.181374
weights_delta matrix:
 -1.75517e-05 -0.0171906 0.0109817
 -8.82685e-06 -0.00864527 0.00552275
 -1.99354e-05 -0.0195253 0.0124731
 -2.19151e-05 -0.0214643 0.0137118
 -2.89885e-05 -0.0283922 0.0181374
weights matrix:
 -0.964474 0.0521269 0.0579224
 1.79746 -2.09219 -0.48046
 -2.29231 0.871755 1.89861
 -1.91802 -0.75545 2.51076
 0.862356 0.676789 -2.80991
regression_error on 'test' 0.0833076
classification_error on 'test' 0.0789474
Save,3131,0.0833076,0.0789474
sample_count 75 Sample index 60
 i 0:0.559279 i 1:0.410364 i 2:0.536492 i 3:0.536988 bias 1
 test_print 3.04312
net matrix:
 -1.1992 -0.0905937 -0.607842
outputs matrix:
 0.0832945 0.454827 0.228697
error matrix:
 -0.0832945 0.545173 -0.228697
delta matrix:
 -0.0127201 0.270362 -0.0806818
weights_delta matrix:
 -0.000711411 0.0151208 -0.00451237
 -0.000521989 0.0110947 -0.00331089
 -0.000682426 0.0145047 -0.00432852
 -0.000683057 0.0145181 -0.00433252
 -0.00127201 0.0270362 -0.00806818
weights matrix:
 -0.965186 0.0672476 0.05341
 1.79694 -2.08109 -0.483771
 -2.293 0.88626 1.89429
 -1.9187 -0.740932 2.50643
 0.861083 0.703826 -2.81798
regression_error on 'test' 0.0852193
classification_error on 'test' 0.0789474
Save,3132,0.0852193,0.0789474
sample_count 75 Sample index 11
 i 0:0.536183 i 1:0.198626 i 2:0.536492 i 3:0.427485 bias 1
 test_print 2.69879
net matrix:
 -1.3499 0.485257 -0.797704
outputs matrix:
 0.0629847 0.725222 0.168624
error matrix:
 -0.0629847 0.274778 -0.168624
delta matrix:
 -0.00743441 0.109513 -0.047279
weights_delta matrix:
 -0.00039862 0.00587189 -0.00253502
 -0.000147667 0.00217521 -0.000939084
 -0.00039885 0.00587527 -0.00253648
 -0.00031781 0.00468151 -0.00202111
 -0.000743441 0.0109513 -0.0047279
weights matrix:
 -0.965584 0.0731195 0.050875
 1.79679 -2.07892 -0.48471
 -2.2934 0.892135 1.89175
 -1.91902 -0.736251 2.50441
 0.86034 0.714777 -2.82271
regression_error on 'test' 0.0860956
classification_error on 'test' 0.0789474
Save,3133,0.0860956,0.0789474
sample_count 75 Sample index 1
 i 0:0.582374 i 1:0.445654 i 2:0.581855 i 3:0.536988 bias 1
 test_print 3.14687
net matrix:
 -1.26616 -0.0453828 -0.563533
outputs matrix:
 0.0736236 0.477324 0.244703
error matrix:
 -0.0736236 0.522676 -0.244703
delta matrix:
 -0.0100427 0.2608 -0.0904536
weights_delta matrix:
 -0.000584863 0.0151883 -0.00526778
 -0.000447558 0.0116227 -0.0040311
 -0.000584341 0.0151748 -0.00526309
 -0.000539283 0.0140047 -0.00485725
 -0.00100427 0.02608 -0.00904536
weights matrix:
 -0.966169 0.0883078 0.0456072
 1.79635 -2.0673 -0.488741
 -2.29398 0.90731 1.88649
 -1.91956 -0.722246 2.49955
 0.859336 0.740857 -2.83176
regression_error on 'test' 0.0886966
classification_error on 'test' 0.105263
Save,3134,0.0886966,0.105263
sample_count 75 Sample index 51
 i 0:0.628566 i 1:0.516233 i 2:0.763306 i 3:0.719493 bias 1
 test_print 3.6276
net matrix:
 -1.95275 -0.0979376 0.182984
outputs matrix:
 0.0197336 0.451187 0.590484
error matrix:
 -0.0197336 -0.451187 0.409516
delta matrix:
 -0.000763462 -0.223444 0.198052
weights_delta matrix:
 -4.79886e-05 -0.0140449 0.0124489
 -3.94124e-05 -0.0115349 0.0102241
 -5.82755e-05 -0.0170556 0.0151174
 -5.49306e-05 -0.0160766 0.0142497
 -7.63462e-05 -0.0223444 0.0198052
weights matrix:
 -0.966217 0.0742629 0.0580561
 1.79631 -2.07883 -0.478517
 -2.29404 0.890254 1.9016
 -1.91961 -0.738323 2.5138
 0.859259 0.718513 -2.81195
regression_error on 'test' 0.0857142
classification_error on 'test' 0.0789474
Save,3135,0.0857142,0.0789474
sample_count 75 Sample index 57
 i 0:0.374514 i 1:0.727972 i 2:0.158468 i 3:0.135476 bias 1
 test_print 2.39643
net matrix:
 1.18146 -0.725953 -2.49665
outputs matrix:
 0.913956 0.189708 0.00673753
error matrix:
 0.0860435 -0.189708 -0.00673753
delta matrix:
 0.0135329 -0.0583236 -9.01768e-05
weights_delta matrix:
 0.000506827 -0.0021843 -3.37725e-06
 0.00098516 -0.0042458 -6.56462e-06
 0.000214454 -0.000924242 -1.42901e-06
 0.000183339 -0.000790145 -1.22168e-06
 0.00135329 -0.00583236 -9.01768e-06
weights matrix:
 -0.96571 0.0720786 0.0580527
 1.79729 -2.08308 -0.478523
 -2.29382 0.88933 1.9016
 -1.91943 -0.739113 2.5138
 0.860613 0.71268 -2.81196
regression_error on 'test' 0.0853724
classification_error on 'test' 0.0789474
Save,3136,0.0853724,0.0789474
sample_count 75 Sample index 66
 i 0:0.60547 i 1:0.304495 i 2:0.672581 i 3:0.60999 bias 1
 test_print 3.19254
net matrix:
 -1.89045 0.269331 -0.110143
outputs matrix:
 0.022294 0.631501 0.44515
error matrix:
 -0.022294 0.368499 -0.44515
delta matrix:
 -0.000971885 0.171505 -0.219896
weights_delta matrix:
 -5.88447e-05 0.0103841 -0.0133141
 -2.95934e-05 0.00522224 -0.00669574
 -6.53671e-05 0.0115351 -0.0147898
 -5.9284e-05 0.0104616 -0.0134135
 -9.71885e-05 0.0171505 -0.0219896
weights matrix:
 -0.965769 0.0824628 0.0447386
 1.79726 -2.07785 -0.485219
 -2.29389 0.900865 1.88681
 -1.91949 -0.728651 2.50039
 0.860516 0.729831 -2.83395
regression_error on 'test' 0.0875896
classification_error on 'test' 0.105263
Save,3137,0.0875896,0.105263
sample_count 75 Sample index 73
 i 0:0.582374 i 1:0.410364 i 2:0.65746 i 3:0.719493 bias 1
 test_print 3.36969
net matrix:
 -1.85359 -0.00679801 0.0325038
outputs matrix:
 0.0239585 0.496601 0.516246
error matrix:
 -0.0239585 -0.496601 0.483754
delta matrix:
 -0.00112051 -0.248289 0.241622
weights_delta matrix:
 -6.52557e-05 -0.0144597 0.0140714
 -4.59818e-05 -0.0101889 0.00991528
 -7.36692e-05 -0.016324 0.0158857
 -8.06201e-05 -0.0178642 0.0173845
 -0.000112051 -0.0248289 0.0241622
weights matrix:
 -0.965835 0.068003 0.0588101
 1.79722 -2.08804 -0.475304
 -2.29396 0.884541 1.9027
 -1.91957 -0.746515 2.51777
 0.860403 0.705002 -2.80979
regression_error on 'test' 0.0846265
classification_error on 'test' 0.0789474
Save,3138,0.0846265,0.0789474
sample_count 75 Sample index 71
 i 0:0.143558 i 1:0.480944 i 2:0.0979839 i 3:0.0989754 bias 1
 test_print 1.82146
net matrix:
 1.17135 -0.276683 -2.59431
outputs matrix:
 0.912352 0.365084 0.00554877
error matrix:
 0.087648 -0.365084 -0.00554877
delta matrix:
 0.0140177 -0.169251 -6.1236e-05
weights_delta matrix:
 0.000201235 -0.00242973 -8.79092e-07
 0.000674172 -0.00814003 -2.94511e-06
 0.000137351 -0.00165839 -6.00014e-07
 0.000138741 -0.00167517 -6.06086e-07
 0.00140177 -0.0169251 -6.1236e-06
weights matrix:
 -0.965633 0.0655733 0.0588092
 1.79789 -2.09618 -0.475307
 -2.29383 0.882883 1.9027
 -1.91943 -0.748191 2.51777
 0.861805 0.688077 -2.80979
regression_error on 'test' 0.0839468
classification_error on 'test' 0.0789474
Save,3139,0.0839468,0.0789474
sample_count 75 Sample index 35
 i 0:0.189749 i 1:0.233915 i 2:0.128226 i 3:0.171977 bias 1
 test_print 1.72387
net matrix:
 0.474905 0.194728 -2.23284
outputs matrix:
 0.721077 0.596152 0.0113662
error matrix:
 0.278923 -0.596152 -0.0113662
delta matrix:
 0.112197 -0.287053 -0.000255443
weights_delta matrix:
 0.00212892 -0.0054468 -4.847e-06
 0.00262445 -0.0067146 -5.97519e-06
 0.00143866 -0.00368076 -3.27544e-06
 0.00192953 -0.00493665 -4.39303e-06
 0.0112197 -0.0287053 -2.55443e-05
weights matrix:
 -0.963504 0.0601265 0.0588043
 1.80051 -2.1029 -0.475313
 -2.29239 0.879202 1.90269
 -1.9175 -0.753127 2.51777
 0.873025 0.659371 -2.80982
regression_error on 'test' 0.0829521
classification_error on 'test' 0.0789474
Save,3140,0.0829521,0.0789474
sample_count 75 Sample index 73
 i 0:0.582374 i 1:0.410364 i 2:0.65746 i 3:0.719493 bias 1
 test_print 3.36969
net matrix:
 -1.83601 -0.132395 0.091837
outputs matrix:
 0.0247946 0.434186 0.54579
error matrix:
 -0.0247946 -0.434186 0.45421
delta matrix:
 -0.00119906 -0.213332 0.2252
weights_delta matrix:
 -6.98302e-05 -0.0124239 0.0131151
 -4.92051e-05 -0.00875437 0.00924141
 -7.88335e-05 -0.0140257 0.014806
 -8.62716e-05 -0.0153491 0.016203
 -0.000119906 -0.0213332 0.02252
weights matrix:
 -0.963574 0.0477026 0.0719194
 1.80046 -2.11165 -0.466071
 -2.29247 0.865176 1.9175
 -1.91759 -0.768476 2.53397
 0.872905 0.638038 -2.7873
regression_error on 'test' 0.0814408
classification_error on 'test' 0.105263
Save,3141,0.0814408,0.105263
sample_count 75 Sample index 32
 i 0:0.697853 i 1:0.516233 i 2:0.642339 i 3:0.60999 bias 1
 test_print 3.46642
net matrix:
 -1.51232 -0.331803 -0.200329
outputs matrix:
 0.0463252 0.33993 0.401154
error matrix:
 -0.0463252 0.66007 -0.401154
delta matrix:
 -0.00409322 0.29621 -0.192738
weights_delta matrix:
 -0.000285646 0.0206711 -0.0134503
 -0.000211305 0.0152913 -0.00994977
 -0.000262923 0.0190267 -0.0123803
 -0.000249682 0.0180685 -0.0117568
 -0.000409322 0.029621 -0.0192738
weights matrix:
 -0.96386 0.0683737 0.0584691
 1.80025 -2.09636 -0.476021
 -2.29273 0.884203 1.90512
 -1.91784 -0.750408 2.52221
 0.872496 0.667659 -2.80657
regression_error on 'test' 0.0833651
classification_error on 'test' 0.0789474
Save,3142,0.0833651,0.0789474
sample_count 75 Sample index 73
 i 0:0.582374 i 1:0.410364 i 2:0.65746 i 3:0.719493 bias 1
 test_print 3.36969
net matrix:
 -1.83732 -0.111377 0.0993911
outputs matrix:
 0.0247314 0.44454 0.549533
error matrix:
 -0.0247314 -0.44454 0.450467
delta matrix:
 -0.00119303 -0.219536 0.223023
weights_delta matrix:
 -6.94789e-05 -0.0127852 0.0129883
 -4.89576e-05 -0.00900895 0.00915207
 -7.84369e-05 -0.0144336 0.0146629
 -8.58376e-05 -0.0157954 0.0160464
 -0.000119303 -0.0219536 0.0223023
weights matrix:
 -0.963929 0.0555885 0.0714574
 1.8002 -2.10537 -0.466869
 -2.29281 0.869769 1.91978
 -1.91792 -0.766203 2.53826
 0.872376 0.645706 -2.78427
regression_error on 'test' 0.0817424
classification_error on 'test' 0.105263
Save,3143,0.0817424,0.105263
sample_count 75 Sample index 53
 i 0:0.489992 i 1:0.410364 i 2:0.702823 i 3:0.938499 bias 1
 test_print 3.54168
net matrix:
 -2.27261 -0.298811 0.790578
outputs matrix:
 0.0105063 0.354888 0.829368
error matrix:
 -0.0105063 -0.354888 0.170632
delta matrix:
 -0.000218445 -0.162498 0.0482944
weights_delta matrix:
 -1.07037e-05 -0.00796226 0.00236639
 -8.96422e-06 -0.00666833 0.00198183
 -1.53529e-05 -0.0114207 0.00339424
 -2.05011e-05 -0.0152504 0.00453243
 -2.18445e-05 -0.0162498 0.00482944
weights matrix:
 -0.96394 0.0476263 0.0738238
 1.8002 -2.11204 -0.464887
 -2.29282 0.858349 1.92318
 -1.91794 -0.781454 2.54279
 0.872355 0.629456 -2.77944
regression_error on 'test' 0.0809764
classification_error on 'test' 0.131579
Save,3144,0.0809764,0.131579
sample_count 75 Sample index 32
 i 0:0.697853 i 1:0.516233 i 2:0.642339 i 3:0.60999 bias 1
 test_print 3.46642
net matrix:
 -1.51371 -0.352939 -0.181503
outputs matrix:
 0.0462024 0.33051 0.410232
error matrix:
 -0.0462024 0.66949 -0.410232
delta matrix:
 -0.00407208 0.29628 -0.198504
weights_delta matrix:
 -0.000284171 0.020676 -0.0138527
 -0.000210214 0.015295 -0.0102475
 -0.000261565 0.0190312 -0.0127507
 -0.000248393 0.0180728 -0.0121086
 -0.000407208 0.029628 -0.0198504
weights matrix:
 -0.964224 0.0683023 0.0599711
 1.79999 -2.09674 -0.475135
 -2.29308 0.87738 1.91043
 -1.91819 -0.763381 2.53068
 0.871947 0.659084 -2.79929
regression_error on 'test' 0.0826357
classification_error on 'test' 0.0789474
Save,3145,0.0826357,0.0789474
sample_count 75 Sample index 4
 i 0:0.212844 i 1:0.516233 i 2:0.158468 i 3:0.135476 bias 1
 test_print 2.02302
net matrix:
 0.97268 -0.373169 -2.38622
outputs matrix:
 0.87494 0.32162 0.00838878
error matrix:
 0.12506 -0.32162 -0.00838878
delta matrix:
 0.0273682 -0.140342 -0.000139562
weights_delta matrix:
 0.000582515 -0.0029871 -2.9705e-06
 0.00141284 -0.00724493 -7.20467e-06
 0.000433698 -0.00222398 -2.21162e-06
 0.000370773 -0.0019013 -1.89074e-06
 0.00273682 -0.0140342 -1.39562e-05
weights matrix:
 -0.963642 0.0653152 0.0599682
 1.8014 -2.10399 -0.475142
 -2.29265 0.875156 1.91042
 -1.91782 -0.765282 2.53068
 0.874684 0.64505 -2.7993
regression_error on 'test' 0.0821927
classification_error on 'test' 0.0789474
Save,3146,0.0821927,0.0789474
sample_count 75 Sample index 2
 i 0:0.466896 i 1:0.480944 i 2:0.566734 i 3:0.500487 bias 1
 test_print 3.01506
net matrix:
 -0.968032 -0.223388 -0.650547
outputs matrix:
 0.126081 0.390128 0.213981
error matrix:
 -0.126081 0.609872 -0.213981
delta matrix:
 -0.0277843 0.290212 -0.0719802
weights_delta matrix:
 -0.00129724 0.0135499 -0.00336073
 -0.00133627 0.0139575 -0.00346184
 -0.00157463 0.0164473 -0.00407936
 -0.00139057 0.0145247 -0.00360251
 -0.00277843 0.0290212 -0.00719802
weights matrix:
 -0.964939 0.078865 0.0566074
 1.80006 -2.09003 -0.478604
 -2.29423 0.891603 1.90634
 -1.91921 -0.750757 2.52708
 0.871906 0.674071 -2.8065
regression_error on 'test' 0.0838532
classification_error on 'test' 0.0789474
Save,3147,0.0838532,0.0789474
sample_count 75 Sample index 64
 i 0:0.282131 i 1:0.516233 i 2:0.158468 i 3:0.0989754 bias 1
 test_print 2.05581
net matrix:
 0.975402 -0.315637 -2.48539
outputs matrix:
 0.875534 0.347222 0.00688994
error matrix:
 0.124466 -0.347222 -0.00688994
delta matrix:
 0.0271271 -0.157402 -9.42883e-05
weights_delta matrix:
 0.000765338 -0.00444079 -2.66016e-06
 0.00140039 -0.00812559 -4.86747e-06
 0.000429877 -0.00249431 -1.49417e-06
 0.000268491 -0.00155789 -9.33222e-07
 0.00271271 -0.0157402 -9.42883e-06
weights matrix:
 -0.964174 0.0744242 0.0566048
 1.80146 -2.09816 -0.478608
 -2.2938 0.889109 1.90634
 -1.91894 -0.752315 2.52708
 0.874618 0.658331 -2.80651
regression_error on 'test' 0.0832322
classification_error on 'test' 0.0789474
Save,3148,0.0832322,0.0789474
sample_count 75 Sample index 21
 i 0:0.836426 i 1:0.445654 i 2:0.884274 i 3:0.719493 bias 1
 test_print 3.88585
net matrix:
 -2.53802 0.03046 0.531484
outputs matrix:
 0.00620581 0.515225 0.743257
error matrix:
 -0.00620581 -0.515225 0.256743
delta matrix:
 -7.65461e-05 -0.257374 0.0979863
weights_delta matrix:
 -6.40251e-06 -0.0215274 0.00819583
 -3.41131e-06 -0.01147 0.0043668
 -6.76877e-06 -0.0227589 0.00866467
 -5.50743e-06 -0.0185179 0.00705005
 -7.65461e-06 -0.0257374 0.00979863
weights matrix:
 -0.96418 0.0528968 0.0648006
 1.80146 -2.10963 -0.474242
 -2.2938 0.86635 1.91501
 -1.91895 -0.770833 2.53413
 0.874611 0.632593 -2.79671
regression_error on 'test' 0.0815001
classification_error on 'test' 0.105263
Save,3149,0.0815001,0.105263
sample_count 75 Sample index 25
 i 0:0.628566 i 1:0.410364 i 2:0.778427 i 3:0.865497 bias 1
 test_print 3.68285
net matrix:
 -2.43859 -0.192635 0.73338
outputs matrix:
 0.00756089 0.404856 0.812564
error matrix:
 -0.00756089 -0.404856 0.187436
delta matrix:
 -0.00011347 -0.195098 0.0570942
weights_delta matrix:
 -7.13232e-06 -0.0122632 0.00358875
 -4.65639e-06 -0.00800613 0.00234294
 -8.83279e-06 -0.015187 0.00444437
 -9.82077e-06 -0.0168857 0.00494149
 -1.1347e-05 -0.0195098 0.00570942
weights matrix:
 -0.964187 0.0406336 0.0683894
 1.80145 -2.11763 -0.471899
 -2.29381 0.851163 1.91945
 -1.91896 -0.787719 2.53907
 0.874599 0.613083 -2.791
regression_error on 'test' 0.0806648
classification_error on 'test' 0.131579
Save,3150,0.0806648,0.131579
sample_count 75 Sample index 64
 i 0:0.282131 i 1:0.516233 i 2:0.158468 i 3:0.0989754 bias 1
 test_print 2.05581
net matrix:
 0.979117 -0.411726 -2.45984
outputs matrix:
 0.876342 0.305031 0.00724851
error matrix:
 0.123658 -0.305031 -0.00724851
delta matrix:
 0.0268009 -0.129325 -0.00010432
weights_delta matrix:
 0.000756137 -0.00364867 -2.9432e-06
 0.00138355 -0.0066762 -5.38535e-06
 0.000424709 -0.00204939 -1.65314e-06
 0.000265263 -0.00128 -1.03251e-06
 0.00268009 -0.0129325 -1.0432e-05
weights matrix:
 -0.963431 0.0369849 0.0683864
 1.80284 -2.12431 -0.471904
 -2.29339 0.849114 1.91945
 -1.91869 -0.788999 2.53907
 0.87728 0.600151 -2.79101
regression_error on 'test' 0.0804893
classification_error on 'test' 0.157895
Save,3151,0.0804893,0.157895
sample_count 75 Sample index 62
 i 0:0.582374 i 1:0.622103 i 2:0.748185 i 3:0.901998 bias 1
 test_print 3.85466
net matrix:
 -2.00878 -0.77623 0.681577
outputs matrix:
 0.0176786 0.174731 0.796272
error matrix:
 -0.0176786 -0.174731 0.203728
delta matrix:
 -0.000614016 -0.0503926 0.0660988
weights_delta matrix:
 -3.57587e-05 -0.00293474 0.00384942
 -3.81981e-05 -0.00313494 0.00411202
 -4.59398e-05 -0.0037703 0.00494541
 -5.53841e-05 -0.00454541 0.0059621
 -6.14016e-05 -0.00503926 0.00660988
weights matrix:
 -0.963467 0.0340502 0.0722358
 1.8028 -2.12744 -0.467792
 -2.29343 0.845343 1.9244
 -1.91875 -0.793544 2.54503
 0.877218 0.595112 -2.7844
regression_error on 'test' 0.0802796
classification_error on 'test' 0.157895
Save,3152,0.0802796,0.157895
sample_count 75 Sample index 33
 i 0:0.559279 i 1:0.480944 i 2:0.672581 i 3:0.719493 bias 1
 test_print 3.4323
net matrix:
 -1.71763 -0.411413 0.156457
outputs matrix:
 0.0312116 0.305164 0.577596
error matrix:
 -0.0312116 -0.305164 0.422404
delta matrix:
 -0.00188752 -0.129413 0.206115
weights_delta matrix:
 -0.000105565 -0.00723781 0.0115276
 -9.0779e-05 -0.00622406 0.00991298
 -0.000126951 -0.00870409 0.0138629
 -0.000135806 -0.0093112 0.0148298
 -0.000188752 -0.0129413 0.0206115
weights matrix:
 -0.963572 0.0268124 0.0837634
 1.80271 -2.13367 -0.457879
 -2.29356 0.836639 1.93826
 -1.91888 -0.802856 2.55986
 0.877029 0.58217 -2.76379
regression_error on 'test' 0.0800044
classification_error on 'test' 0.157895
Save,3153,0.0800044,0.157895
sample_count 75 Sample index 66
 i 0:0.60547 i 1:0.304495 i 2:0.672581 i 3:0.60999 bias 1
 test_print 3.19254
net matrix:
 -1.87057 0.0216874 0.0126261
outputs matrix:
 0.0231769 0.510842 0.506313
error matrix:
 -0.0231769 0.489158 -0.506313
delta matrix:
 -0.00104944 0.244464 -0.253116
weights_delta matrix:
 -6.35406e-05 0.0148016 -0.0153254
 -3.1955e-05 0.00744381 -0.00770726
 -7.05835e-05 0.0164422 -0.0170241
 -6.40149e-05 0.0149121 -0.0154398
 -0.000104944 0.0244464 -0.0253116
weights matrix:
 -0.963636 0.041614 0.068438
 1.80268 -2.12622 -0.465586
 -2.29363 0.853081 1.92124
 -1.91895 -0.787944 2.54442
 0.876924 0.606617 -2.7891
regression_error on 'test' 0.0805479
classification_error on 'test' 0.131579
Save,3154,0.0805479,0.131579
sample_count 75 Sample index 52
 i 0:0.443801 i 1:0.410364 i 2:0.672581 i 3:0.792495 bias 1
 test_print 3.31924
net matrix:
 -1.87439 -0.298115 0.358834
outputs matrix:
 0.0230046 0.355207 0.672093
error matrix:
 -0.0230046 -0.355207 0.327907
delta matrix:
 -0.00103408 -0.162709 0.144531
weights_delta matrix:
 -4.58924e-05 -0.00722106 0.00641428
 -4.24348e-05 -0.00667701 0.00593102
 -6.955e-05 -0.0109435 0.00972086
 -8.195e-05 -0.0128946 0.011454
 -0.000103408 -0.0162709 0.0144531
weights matrix:
 -0.963682 0.0343929 0.0748523
 1.80263 -2.1329 -0.459655
 -2.2937 0.842138 1.93096
 -1.91903 -0.800838 2.55587
 0.876821 0.590346 -2.77465
regression_error on 'test' 0.0801054
classification_error on 'test' 0.157895
Save,3155,0.0801054,0.157895
sample_count 75 Sample index 47
 i 0:0.282131 i 1:0.516233 i 2:0.158468 i 3:0.0989754 bias 1
 test_print 2.05581
net matrix:
 0.982101 -0.446836 -2.43186
outputs matrix:
 0.876987 0.290353 0.00766254
error matrix:
 0.123013 -0.290353 -0.00766254
delta matrix:
 0.0265415 -0.119653 -0.000116529
weights_delta matrix:
 0.000748817 -0.00337579 -3.28766e-06
 0.00137016 -0.0061769 -6.01563e-06
 0.000420597 -0.00189612 -1.84662e-06
 0.000262695 -0.00118427 -1.15335e-06
 0.00265415 -0.0119653 -1.16529e-05
weights matrix:
 -0.962933 0.0310171 0.074849
 1.804 -2.13908 -0.459661
 -2.29328 0.840242 1.93095
 -1.91877 -0.802022 2.55587
 0.879475 0.57838 -2.77466
regression_error on 'test' 0.0800333
classification_error on 'test' 0.157895
Save,3156,0.0800333,0.157895
sample_count 75 Sample index 48
 i 0:0.744044 i 1:0.516233 i 2:0.748185 i 3:0.828996 bias 1
 test_print 3.83746
net matrix:
 -2.21215 -0.53902 0.607254
outputs matrix:
 0.0118407 0.253877 0.771096
error matrix:
 -0.0118407 -0.253877 0.228904
delta matrix:
 -0.000277085 -0.0961805 0.0808065
weights_delta matrix:
 -2.06163e-05 -0.00715625 0.00601236
 -1.4304e-05 -0.00496515 0.0041715
 -2.07311e-05 -0.00719608 0.00604582
 -2.29702e-05 -0.00797332 0.00669883
 -2.77085e-05 -0.00961805 0.00808065
weights matrix:
 -0.962954 0.0238609 0.0808614
 1.80399 -2.14404 -0.45549
 -2.2933 0.833046 1.937
 -1.91879 -0.809996 2.56257
 0.879447 0.568762 -2.76658
regression_error on 'test' 0.0799322
classification_error on 'test' 0.157895
Save,3157,0.0799322,0.157895
sample_count 75 Sample index 29
 i 0:0.420705 i 1:0.304495 i 2:0.536492 i 3:0.536988 bias 1
 test_print 2.79868
net matrix:
 -1.23707 -0.0620848 -0.456003
outputs matrix:
 0.077691 0.468997 0.286589
error matrix:
 -0.077691 0.531003 -0.286589
delta matrix:
 -0.0111339 0.264481 -0.11719
weights_delta matrix:
 -0.00046841 0.0111268 -0.00493023
 -0.000339022 0.0080533 -0.00356837
 -0.000597326 0.0141892 -0.00628714
 -0.000597878 0.0142023 -0.00629295
 -0.00111339 0.0264481 -0.011719
weights matrix:
 -0.963422 0.0349877 0.0759311
 1.80365 -2.13599 -0.459058
 -2.2939 0.847235 1.93071
 -1.91939 -0.795793 2.55628
 0.878334 0.59521 -2.7783
regression_error on 'test' 0.0801795
classification_error on 'test' 0.157895
Save,3158,0.0801795,0.157895
sample_count 75 Sample index 71
 i 0:0.143558 i 1:0.480944 i 2:0.0979839 i 3:0.0989754 bias 1
 test_print 1.82146
net matrix:
 1.19275 -0.422806 -2.546
outputs matrix:
 0.915714 0.300354 0.00610824
error matrix:
 0.0842858 -0.300354 -0.00610824
delta matrix:
 0.0130107 -0.126234 -7.41653e-05
weights_delta matrix:
 0.000186778 -0.00181219 -1.0647e-06
 0.00062574 -0.00607113 -3.56694e-06
 0.000127483 -0.00123689 -7.26701e-07
 0.000128773 -0.0012494 -7.34054e-07
 0.00130107 -0.0126234 -7.41653e-06
weights matrix:
 -0.963235 0.0331755 0.0759301
 1.80428 -2.14206 -0.459062
 -2.29377 0.845998 1.93071
 -1.91926 -0.797043 2.55628
 0.879635 0.582587 -2.77831
regression_error on 'test' 0.0801005
classification_error on 'test' 0.157895
Save,3159,0.0801005,0.157895
sample_count 75 Sample index 2
 i 0:0.466896 i 1:0.480944 i 2:0.566734 i 3:0.500487 bias 1
 test_print 3.01506
net matrix:
 -0.962861 -0.351588 -0.590057
outputs matrix:
 0.127225 0.331108 0.235032
error matrix:
 -0.127225 0.668892 -0.235032
delta matrix:
 -0.0282538 0.296286 -0.0845136
weights_delta matrix:
 -0.00131916 0.0138335 -0.00394591
 -0.00135885 0.0142497 -0.00406463
 -0.00160124 0.0167916 -0.00478967
 -0.00141406 0.0148287 -0.00422979
 -0.00282538 0.0296286 -0.00845136
weights matrix:
 -0.964554 0.047009 0.0719842
 1.80292 -2.12781 -0.463126
 -2.29537 0.86279 1.92592
 -1.92067 -0.782214 2.55205
 0.87681 0.612216 -2.78676
regression_error on 'test' 0.080689
classification_error on 'test' 0.131579
Save,3160,0.080689,0.131579
sample_count 75 Sample index 59
 i 0:0.60547 i 1:0.233915 i 2:0.596976 i 3:0.536988 bias 1
 test_print 2.97335
net matrix:
 -1.68713 0.237977 -0.33136
outputs matrix:
 0.0331097 0.616792 0.340129
error matrix:
 -0.0331097 0.383208 -0.340129
delta matrix:
 -0.00211991 0.18115 -0.152678
weights_delta matrix:
 -0.000128354 0.0109681 -0.00924419
 -4.95879e-05 0.00423737 -0.00357136
 -0.000126554 0.0108142 -0.0091145
 -0.000113837 0.00972753 -0.00819862
 -0.000211991 0.018115 -0.0152678
weights matrix:
 -0.964683 0.0579771 0.06274
 1.80287 -2.12357 -0.466698
 -2.2955 0.873604 1.91681
 -1.92079 -0.772487 2.54385
 0.876598 0.630331 -2.80203
regression_error on 'test' 0.0814348
classification_error on 'test' 0.105263
Save,3161,0.0814348,0.105263
sample_count 75 Sample index 13
 i 0:0.420705 i 1:0.269205 i 2:0.491129 i 3:0.427485 bias 1
 test_print 2.60852
net matrix:
 -0.992401 0.181871 -0.872413
outputs matrix:
 0.120808 0.589946 0.148701
error matrix:
 -0.120808 0.410054 -0.148701
delta matrix:
 -0.0256628 0.198392 -0.0376478
weights_delta matrix:
 -0.00107965 0.00834645 -0.00158386
 -0.000690856 0.00534081 -0.0010135
 -0.00126038 0.00974361 -0.00184899
 -0.00109705 0.00848096 -0.00160939
 -0.00256628 0.0198392 -0.00376478
weights matrix:
 -0.965762 0.0663235 0.0611561
 1.80218 -2.11823 -0.467711
 -2.29676 0.883347 1.91496
 -1.92189 -0.764006 2.54224
 0.874032 0.65017 -2.80579
regression_error on 'test' 0.0822017
classification_error on 'test' 0.0789474
Save,3162,0.0822017,0.0789474
sample_count 75 Sample index 62
 i 0:0.582374 i 1:0.622103 i 2:0.748185 i 3:0.901998 bias 1
 test_print 3.85466
net matrix:
 -2.0192 -0.657188 0.664697
outputs matrix:
 0.0173204 0.211756 0.79074
error matrix:
 -0.0173204 -0.211756 0.20926
delta matrix:
 -0.000589601 -0.0706905 0.0692524
weights_delta matrix:
 -3.43368e-05 -0.00411683 0.00403308
 -3.66792e-05 -0.00439767 0.00430821
 -4.4113e-05 -0.00528895 0.00518136
 -5.31818e-05 -0.00637627 0.00624655
 -5.89601e-05 -0.00706905 0.00692524
weights matrix:
 -0.965797 0.0622067 0.0651892
 1.80214 -2.12263 -0.463403
 -2.2968 0.878058 1.92014
 -1.92194 -0.770382 2.54849
 0.873973 0.643101 -2.79887
regression_error on 'test' 0.0816886
classification_error on 'test' 0.105263
Save,3163,0.0816886,0.105263
sample_count 75 Sample index 47
 i 0:0.282131 i 1:0.516233 i 2:0.158468 i 3:0.0989754 bias 1
 test_print 2.05581
net matrix:
 0.977622 -0.372225 -2.46318
outputs matrix:
 0.876017 0.322032 0.00720061
error matrix:
 0.123983 -0.322032 -0.00720061
delta matrix:
 0.0269318 -0.140617 -0.000102951
weights_delta matrix:
 0.000759829 -0.00396723 -2.90456e-06
 0.00139031 -0.0072591 -5.31466e-06
 0.000426782 -0.00222833 -1.63144e-06
 0.000266558 -0.00139176 -1.01896e-06
 0.00269318 -0.0140617 -1.02951e-05
weights matrix:
 -0.965037 0.0582395 0.0651863
 1.80353 -2.12989 -0.463408
 -2.29637 0.87583 1.92014
 -1.92167 -0.771774 2.54849
 0.876666 0.629039 -2.79888
regression_error on 'test' 0.0813356
classification_error on 'test' 0.105263
Save,3164,0.0813356,0.105263
sample_count 75 Sample index 66
 i 0:0.60547 i 1:0.304495 i 2:0.672581 i 3:0.60999 bias 1
 test_print 3.19254
net matrix:
 -1.87517 0.134054 -0.054516
outputs matrix:
 0.0229699 0.566628 0.472769
error matrix:
 -0.0229699 0.433372 -0.472769
delta matrix:
 -0.00103099 0.212838 -0.235683
weights_delta matrix:
 -6.24234e-05 0.0128867 -0.0142699
 -3.13931e-05 0.00648082 -0.00717644
 -6.93425e-05 0.0143151 -0.0158516
 -6.28894e-05 0.0129829 -0.0143764
 -0.000103099 0.0212838 -0.0235683
weights matrix:
 -0.965099 0.0711262 0.0509164
 1.8035 -2.12341 -0.470585
 -2.29644 0.890145 1.90429
 -1.92173 -0.758791 2.53411
 0.876563 0.650323 -2.82245
regression_error on 'test' 0.0827673
classification_error on 'test' 0.0789474
Save,3165,0.0827673,0.0789474
sample_count 75 Sample index 39
 i 0:0.397609 i 1:0.622103 i 2:0.18871 i 3:0.135476 bias 1
 test_print 2.3439
net matrix:
 0.921082 -0.577194 -2.39228
outputs matrix:
 0.863205 0.239689 0.00828844
error matrix:
 0.136795 -0.239689 -0.00828844
delta matrix:
 0.0323063 -0.0873608 -0.000136258
weights_delta matrix:
 0.00128453 -0.00347354 -5.41773e-06
 0.00200978 -0.00543474 -8.47664e-06
 0.000609652 -0.00164859 -2.57132e-06
 0.000437673 -0.00118353 -1.84597e-06
 0.00323063 -0.00873608 -1.36258e-05
weights matrix:
 -0.963815 0.0676526 0.0509109
 1.80551 -2.12884 -0.470593
 -2.29583 0.888497 1.90428
 -1.9213 -0.759974 2.53411
 0.879793 0.641587 -2.82246
regression_error on 'test' 0.0824663
classification_error on 'test' 0.0789474
Save,3166,0.0824663,0.0789474
sample_count 75 Sample index 29
 i 0:0.420705 i 1:0.304495 i 2:0.536492 i 3:0.536988 bias 1
 test_print 2.79868
net matrix:
 -1.23933 0.0904011 -0.561916
outputs matrix:
 0.0773678 0.545078 0.245301
error matrix:
 -0.0773678 0.454922 -0.245301
delta matrix:
 -0.0110453 0.225612 -0.0908244
weights_delta matrix:
 -0.000464683 0.00949162 -0.00382103
 -0.000336325 0.00686978 -0.00276556
 -0.000592574 0.0121039 -0.00487266
 -0.000593122 0.0121151 -0.00487716
 -0.00110453 0.0225612 -0.00908244
weights matrix:
 -0.964279 0.0771443 0.0470899
 1.80517 -2.12197 -0.473359
 -2.29643 0.900601 1.89941
 -1.92189 -0.747859 2.52923
 0.878689 0.664148 -2.83154
regression_error on 'test' 0.0837648
classification_error on 'test' 0.0789474
Save,3167,0.0837648,0.0789474
sample_count 75 Sample index 35
 i 0:0.189749 i 1:0.233915 i 2:0.128226 i 3:0.171977 bias 1
 test_print 1.72387
net matrix:
 0.492992 0.169291 -2.25481
outputs matrix:
 0.728294 0.583846 0.0108829
error matrix:
 0.271706 -0.583846 -0.0108829
delta matrix:
 0.107531 -0.283714 -0.000234297
weights_delta matrix:
 0.0020404 -0.00538344 -4.44577e-06
 0.00251532 -0.00663649 -5.48057e-06
 0.00137883 -0.00363795 -3.0043e-06
 0.00184929 -0.00487923 -4.02938e-06
 0.0107531 -0.0283714 -2.34297e-05
weights matrix:
 -0.962239 0.0717608 0.0470855
 1.80769 -2.12861 -0.473364
 -2.29505 0.896963 1.89941
 -1.92004 -0.752738 2.52923
 0.889442 0.635777 -2.83157
regression_error on 'test' 0.0828897
classification_error on 'test' 0.0789474
Save,3168,0.0828897,0.0789474
sample_count 75 Sample index 14
 i 0:0.697853 i 1:0.516233 i 2:0.778427 i 3:0.938499 bias 1
 test_print 3.93101
net matrix:
 -2.43735 -0.421227 0.809154
outputs matrix:
 0.00757943 0.301018 0.834562
error matrix:
 -0.00757943 -0.301018 0.165438
delta matrix:
 -0.000114025 -0.126672 0.0456837
weights_delta matrix:
 -7.95724e-06 -0.00883985 0.00318805
 -5.88633e-06 -0.00653923 0.00235834
 -8.87598e-06 -0.0098605 0.00355614
 -1.07012e-05 -0.0118882 0.00428741
 -1.14025e-05 -0.0126672 0.00456837
weights matrix:
 -0.962247 0.062921 0.0502735
 1.80768 -2.13515 -0.471006
 -2.29506 0.887102 1.90296
 -1.92005 -0.764627 2.53351
 0.88943 0.62311 -2.827
regression_error on 'test' 0.0820489
classification_error on 'test' 0.0789474
Save,3169,0.0820489,0.0789474
sample_count 75 Sample index 2
 i 0:0.466896 i 1:0.480944 i 2:0.566734 i 3:0.500487 bias 1
 test_print 3.01506
net matrix:
 -0.952092 -0.254334 -0.683587
outputs matrix:
 0.129636 0.375506 0.203077
error matrix:
 -0.129636 0.624494 -0.203077
delta matrix:
 -0.0292536 0.292889 -0.0657305
weights_delta matrix:
 -0.00136584 0.0136749 -0.00306893
 -0.00140694 0.0140863 -0.00316127
 -0.0016579 0.016599 -0.00372517
 -0.00146411 0.0146587 -0.00328973
 -0.00292536 0.0292889 -0.00657305
weights matrix:
 -0.963613 0.0765958 0.0472046
 1.80628 -2.12106 -0.474167
 -2.29671 0.903701 1.89924
 -1.92152 -0.749968 2.53022
 0.886505 0.652399 -2.83357
regression_error on 'test' 0.0835253
classification_error on 'test' 0.0789474
Save,3170,0.0835253,0.0789474
sample_count 75 Sample index 70
 i 0:0.259036 i 1:0.622103 i 2:0.173589 i 3:0.135476 bias 1
 test_print 2.1902
net matrix:
 1.10158 -0.59201 -2.44385
outputs matrix:
 0.900533 0.23433 0.0074823
error matrix:
 0.099467 -0.23433 -0.0074823
delta matrix:
 0.0178192 -0.0840869 -0.000111132
weights_delta matrix:
 0.00046158 -0.00217815 -2.87872e-06
 0.00110854 -0.00523107 -6.91355e-06
 0.000309321 -0.00145966 -1.92913e-06
 0.000241407 -0.00113918 -1.50557e-06
 0.00178192 -0.00840869 -1.11132e-05
weights matrix:
 -0.963151 0.0744177 0.0472017
 1.80738 -2.12629 -0.474174
 -2.29641 0.902242 1.89924
 -1.92127 -0.751107 2.53022
 0.888287 0.64399 -2.83358
regression_error on 'test' 0.0832234
classification_error on 'test' 0.0789474
Save,3171,0.0832234,0.0789474
sample_count 75 Sample index 64
 i 0:0.282131 i 1:0.516233 i 2:0.158468 i 3:0.0989754 bias 1
 test_print 2.05581
net matrix:
 0.995518 -0.364042 -2.51365
outputs matrix:
 0.879853 0.325615 0.00651377
error matrix:
 0.120147 -0.325615 -0.00651377
delta matrix:
 0.025402 -0.143004 -8.43057e-05
weights_delta matrix:
 0.000716669 -0.00403458 -2.37852e-06
 0.00131134 -0.00738232 -4.35214e-06
 0.00040254 -0.00226615 -1.33597e-06
 0.000251417 -0.00141538 -8.34419e-07
 0.0025402 -0.0143004 -8.43057e-06
weights matrix:
 -0.962435 0.0703831 0.0471993
 1.8087 -2.13368 -0.474179
 -2.296 0.899975 1.89924
 -1.92102 -0.752522 2.53022
 0.890827 0.629689 -2.83359
regression_error on 'test' 0.0827833
classification_error on 'test' 0.0789474
Save,3172,0.0827833,0.0789474
sample_count 75 Sample index 34
 i 0:0.767139 i 1:0.551523 i 2:0.642339 i 3:0.573489 bias 1
 test_print 3.53449
net matrix:
 -1.42645 -0.346562 -0.387894
outputs matrix:
 0.0545312 0.333338 0.315228
error matrix:
 -0.0545312 0.666662 -0.315228
delta matrix:
 -0.00562298 0.296296 -0.13609
weights_delta matrix:
 -0.000431361 0.02273 -0.01044
 -0.000310121 0.0163414 -0.00750567
 -0.000361186 0.0190323 -0.00874159
 -0.000322472 0.0169923 -0.00780461
 -0.000562298 0.0296296 -0.013609
weights matrix:
 -0.962866 0.0931132 0.0367593
 1.80839 -2.11733 -0.481684
 -2.29636 0.919008 1.89049
 -1.92135 -0.73553 2.52242
 0.890265 0.659319 -2.8472
regression_error on 'test' 0.0851009
classification_error on 'test' 0.0789474
Save,3173,0.0851009,0.0789474
sample_count 75 Sample index 68
 i 0:0.305227 i 1:0.657392 i 2:0.173589 i 3:0.281481 bias 1
 test_print 2.41769
net matrix:
 0.845745 -0.751687 -2.11445
outputs matrix:
 0.84442 0.181923 0.0143591
error matrix:
 0.15558 -0.181923 -0.0143591
delta matrix:
 0.0408786 -0.05415 -0.000406448
weights_delta matrix:
 0.00124773 -0.00165281 -1.24059e-05
 0.00268733 -0.00355978 -2.67196e-05
 0.000709608 -0.000939985 -7.05549e-06
 0.00115066 -0.00152422 -1.14407e-05
 0.00408786 -0.005415 -4.06448e-05
weights matrix:
 -0.961618 0.0914603 0.0367469
 1.81107 -2.12089 -0.481711
 -2.29565 0.918068 1.89049
 -1.92019 -0.737054 2.52241
 0.894353 0.653904 -2.84724
regression_error on 'test' 0.0848395
classification_error on 'test' 0.0789474
Save,3174,0.0848395,0.0789474
sample_count 75 Sample index 42
 i 0:0.651661 i 1:0.551523 i 2:0.702823 i 3:0.792495 bias 1
 test_print 3.6985
net matrix:
 -1.86863 -0.395089 0.238704
outputs matrix:
 0.0232651 0.31213 0.617136
error matrix:
 -0.0232651 -0.31213 0.382864
delta matrix:
 -0.00105734 -0.134032 0.180926
weights_delta matrix:
 -6.89028e-05 -0.00873433 0.0117902
 -5.83148e-05 -0.00739216 0.00997848
 -7.43124e-05 -0.00942007 0.0127159
 -8.37938e-05 -0.010622 0.0143383
 -0.000105734 -0.0134032 0.0180926
weights matrix:
 -0.961687 0.082726 0.0485372
 1.81101 -2.12829 -0.471732
 -2.29573 0.908648 1.9032
 -1.92028 -0.747676 2.53674
 0.894247 0.640501 -2.82915
regression_error on 'test' 0.0832266
classification_error on 'test' 0.0789474
Save,3175,0.0832266,0.0789474
sample_count 75 Sample index 43
 i 0:0.582374 i 1:0.198626 i 2:0.612097 i 3:0.60999 bias 1
 test_print 3.00309
net matrix:
 -1.88266 0.366051 -0.182245
outputs matrix:
 0.022636 0.675266 0.409873
error matrix:
 -0.022636 0.324734 -0.409873
delta matrix:
 -0.00100158 0.142416 -0.198278
weights_delta matrix:
 -5.83293e-05 0.00829396 -0.0115472
 -1.98939e-05 0.00282876 -0.00393831
 -6.13063e-05 0.00871726 -0.0121365
 -6.10953e-05 0.00868725 -0.0120947
 -0.000100158 0.0142416 -0.0198278
weights matrix:
 -0.961745 0.09102 0.03699
 1.81099 -2.12546 -0.475671
 -2.29579 0.917365 1.89107
 -1.92034 -0.738989 2.52465
 0.894147 0.654743 -2.84898
regression_error on 'test' 0.0846961
classification_error on 'test' 0.0789474
Save,3176,0.0846961,0.0789474
sample_count 75 Sample index 50
 i 0:0.489992 i 1:0.833841 i 2:0.113105 i 3:0.135476 bias 1
 test_print 2.57241
net matrix:
 1.41316 -1.06931 -2.67157
outputs matrix:
 0.944081 0.1054 0.00475813
error matrix:
 0.0559188 -0.1054 -0.00475813
delta matrix:
 0.00590412 -0.0198764 -4.50642e-05
weights_delta matrix:
 0.000289297 -0.000973928 -2.20811e-06
 0.000492309 -0.00165738 -3.75763e-06
 6.67785e-05 -0.000224812 -5.09698e-07
 7.99866e-05 -0.000269278 -6.10511e-07
 0.000590412 -0.00198764 -4.50642e-06
weights matrix:
 -0.961456 0.090046 0.0369878
 1.81149 -2.12711 -0.475674
 -2.29572 0.91714 1.89107
 -1.92026 -0.739258 2.52465
 0.894737 0.652755 -2.84898
regression_error on 'test' 0.0846032
classification_error on 'test' 0.0789474
Save,3177,0.0846032,0.0789474
sample_count 75 Sample index 44
 i 0:0.536183 i 1:0.375074 i 2:0.702823 i 3:0.646491 bias 1
 test_print 3.26057
net matrix:
 -1.79626 0.0698739 -0.046313
outputs matrix:
 0.0267916 0.53488 0.47686
error matrix:
 -0.0267916 0.46512 -0.47686
delta matrix:
 -0.00139712 0.231428 -0.237919
weights_delta matrix:
 -7.49111e-05 0.0124088 -0.0127568
 -5.24022e-05 0.00868027 -0.00892374
 -9.81926e-05 0.0162653 -0.0167215
 -9.03224e-05 0.0149616 -0.0153813
 -0.000139712 0.0231428 -0.0237919
weights matrix:
 -0.961531 0.102455 0.024231
 1.81143 -2.11843 -0.484598
 -2.29582 0.933405 1.87435
 -1.92035 -0.724297 2.50927
 0.894598 0.675898 -2.87277
regression_error on 'test' 0.0874036
classification_error on 'test' 0.105263
Save,3178,0.0874036,0.105263
sample_count 75 Sample index 9
 i 0:0.351418 i 1:0.375074 i 2:0.521371 i 3:0.573489 bias 1
 test_print 2.82135
net matrix:
 -1.06215 -0.0113932 -0.62975
outputs matrix:
 0.106757 0.494304 0.22106
error matrix:
 -0.106757 0.505696 -0.22106
delta matrix:
 -0.0203605 0.252815 -0.0761297
weights_delta matrix:
 -0.000715506 0.00888439 -0.00267533
 -0.000763671 0.00948245 -0.00285543
 -0.00106154 0.0131811 -0.00396918
 -0.00116765 0.0144987 -0.00436595
 -0.00203605 0.0252815 -0.00761297
weights matrix:
 -0.962247 0.111339 0.0215556
 1.81067 -2.10895 -0.487454
 -2.29688 0.946586 1.87038
 -1.92152 -0.709798 2.5049
 0.892562 0.701179 -2.88038
regression_error on 'test' 0.089699
classification_error on 'test' 0.0789474
Save,3179,0.089699,0.0789474
sample_count 75 Sample index 71
 i 0:0.143558 i 1:0.480944 i 2:0.0979839 i 3:0.0989754 bias 1
 test_print 1.82146
net matrix:
 1.21001 -0.274627 -2.68054
outputs matrix:
 0.918342 0.366037 0.00467391
error matrix:
 0.0816581 -0.366037 -0.00467391
delta matrix:
 0.0122471 -0.169881 -4.34866e-05
weights_delta matrix:
 0.000175817 -0.00243878 -6.24285e-07
 0.000589017 -0.00817032 -2.09146e-06
 0.000120002 -0.00166456 -4.26099e-07
 0.000121216 -0.0016814 -4.3041e-07
 0.00122471 -0.0169881 -4.34866e-06
weights matrix:
 -0.962071 0.1089 0.021555
 1.81126 -2.11712 -0.487456
 -2.29676 0.944922 1.87038
 -1.9214 -0.711479 2.5049
 0.893786 0.684191 -2.88039
regression_error on 'test' 0.0888147
classification_error on 'test' 0.105263
Save,3180,0.0888147,0.105263
sample_count 75 Sample index 69
 i 0:0.628566 i 1:0.445654 i 2:0.581855 i 3:0.536988 bias 1
 test_print 3.19306
net matrix:
 -1.27189 -0.0231102 -0.650688
outputs matrix:
 0.072845 0.488447 0.213934
error matrix:
 -0.072845 0.511553 -0.213934
delta matrix:
 -0.00983971 0.25564 -0.0719527
weights_delta matrix:
 -0.00061849 0.0160687 -0.0045227
 -0.00043851 0.0113927 -0.0032066
 -0.000572528 0.0148745 -0.00418661
 -0.00052838 0.0137276 -0.00386377
 -0.000983971 0.025564 -0.00719527
weights matrix:
 -0.962689 0.124969 0.0170323
 1.81082 -2.10573 -0.490662
 -2.29734 0.959796 1.86619
 -1.92192 -0.697752 2.50104
 0.892802 0.709755 -2.88758
regression_error on 'test' 0.0915981
classification_error on 'test' 0.0526316
Save,3181,0.0915981,0.0526316
sample_count 75 Sample index 74
 i 0:0.443801 i 1:0.480944 i 2:0.551613 i 3:0.536988 bias 1
 test_print 3.01335
net matrix:
 -0.962827 -0.0927697 -0.743565
outputs matrix:
 0.127232 0.453748 0.184353
error matrix:
 -0.127232 0.546252 -0.184353
delta matrix:
 -0.0282569 0.270789 -0.0554411
weights_delta matrix:
 -0.00125404 0.0120176 -0.00246048
 -0.001359 0.0130234 -0.00266641
 -0.00155869 0.0149371 -0.0030582
 -0.00151736 0.014541 -0.00297712
 -0.00282569 0.0270789 -0.00554411
weights matrix:
 -0.963943 0.136987 0.0145718
 1.80946 -2.09271 -0.493329
 -2.29889 0.974733 1.86313
 -1.92344 -0.683211 2.49806
 0.889977 0.736834 -2.89313
regression_error on 'test' 0.0947227
classification_error on 'test' 0.105263
Save,3182,0.0947227,0.105263
sample_count 75 Sample index 35
 i 0:0.189749 i 1:0.233915 i 2:0.128226 i 3:0.171977 bias 1
 test_print 1.72387
net matrix:
 0.504764 0.280801 -2.33725
outputs matrix:
 0.732928 0.636823 0.00924395
error matrix:
 0.267072 -0.636823 -0.00924395
delta matrix:
 0.104556 -0.294568 -0.000169321
weights_delta matrix:
 0.00198394 -0.0055894 -3.21286e-06
 0.00244572 -0.00689039 -3.96068e-06
 0.00134068 -0.00377713 -2.17114e-06
 0.00179812 -0.0050659 -2.91194e-06
 0.0104556 -0.0294568 -1.69321e-05
weights matrix:
 -0.961959 0.131397 0.0145686
 1.81191 -2.0996 -0.493333
 -2.29755 0.970956 1.86313
 -1.92164 -0.688277 2.49806
 0.900432 0.707377 -2.89315
regression_error on 'test' 0.0927591
classification_error on 'test' 0.0789474
Save,3183,0.0927591,0.0789474
sample_count 75 Sample index 28
 i 0:0.305227 i 1:0.551523 i 2:0.113105 i 3:0.135476 bias 1
 test_print 2.10533
net matrix:
 1.08592 -0.393918 -2.61163
outputs matrix:
 0.897693 0.312634 0.00536087
error matrix:
 0.102307 -0.312634 -0.00536087
delta matrix:
 0.0187919 -0.134366 -5.71697e-05
weights_delta matrix:
 0.000573579 -0.00410122 -1.74497e-06
 0.00103642 -0.0074106 -3.15304e-06
 0.000212546 -0.00151975 -6.46618e-07
 0.000254585 -0.00182034 -7.74513e-07
 0.00187919 -0.0134366 -5.71697e-06
weights matrix:
 -0.961386 0.127296 0.0145669
 1.81294 -2.10701 -0.493336
 -2.29734 0.969437 1.86313
 -1.92139 -0.690097 2.49806
 0.902311 0.693941 -2.89315
regression_error on 'test' 0.0918363
classification_error on 'test' 0.0789474
Save,3184,0.0918363,0.0789474
sample_count 75 Sample index 42
 i 0:0.651661 i 1:0.551523 i 2:0.702823 i 3:0.792495 bias 1
 test_print 3.6985
net matrix:
 -1.86162 -0.250725 0.133402
outputs matrix:
 0.0235858 0.3772 0.566308
error matrix:
 -0.0235858 -0.3772 0.433692
delta matrix:
 -0.00108634 -0.177224 0.213032
weights_delta matrix:
 -7.07924e-05 -0.011549 0.0138825
 -5.99141e-05 -0.00977431 0.0117492
 -7.63504e-05 -0.0124557 0.0149724
 -8.60918e-05 -0.0140449 0.0168827
 -0.000108634 -0.0177224 0.0213032
weights matrix:
 -0.961457 0.115747 0.0284493
 1.81288 -2.11678 -0.481587
 -2.29742 0.956981 1.8781
 -1.92148 -0.704142 2.51494
 0.902203 0.676218 -2.87185
regression_error on 'test' 0.0885309
classification_error on 'test' 0.105263
Save,3185,0.0885309,0.105263
sample_count 75 Sample index 13
 i 0:0.420705 i 1:0.269205 i 2:0.491129 i 3:0.427485 bias 1
 test_print 2.60852
net matrix:
 -0.963979 0.324056 -0.992036
outputs matrix:
 0.126977 0.656585 0.120885
error matrix:
 -0.126977 0.343415 -0.120885
delta matrix:
 -0.0281516 0.154867 -0.0256935
weights_delta matrix:
 -0.00118435 0.00651534 -0.00108094
 -0.000757856 0.0041691 -0.000691681
 -0.00138261 0.00760598 -0.00126188
 -0.00120344 0.00662034 -0.00109836
 -0.00281516 0.0154867 -0.00256935
weights matrix:
 -0.962641 0.122262 0.0273684
 1.81213 -2.11261 -0.482278
 -2.2988 0.964587 1.87684
 -1.92268 -0.697522 2.51384
 0.899388 0.691705 -2.87442
regression_error on 'test' 0.0898264
classification_error on 'test' 0.0789474
Save,3186,0.0898264,0.0789474
sample_count 75 Sample index 52
 i 0:0.443801 i 1:0.410364 i 2:0.672581 i 3:0.792495 bias 1
 test_print 3.31924
net matrix:
 -1.85404 -0.0249945 0.194351
outputs matrix:
 0.0239373 0.487505 0.59597
error matrix:
 -0.0239373 -0.487505 0.40403
delta matrix:
 -0.00111856 -0.2436 0.194572
weights_delta matrix:
 -4.96417e-05 -0.010811 0.00863514
 -4.59016e-05 -0.00999649 0.00798455
 -7.5232e-05 -0.0163841 0.0130866
 -8.86451e-05 -0.0193052 0.0154198
 -0.000111856 -0.02436 0.0194572
weights matrix:
 -0.962691 0.111451 0.0360035
 1.81208 -2.12261 -0.474294
 -2.29888 0.948203 1.88993
 -1.92277 -0.716827 2.52926
 0.899276 0.667345 -2.85496
regression_error on 'test' 0.0866531
classification_error on 'test' 0.0789474
Save,3187,0.0866531,0.0789474
sample_count 75 Sample index 68
 i 0:0.305227 i 1:0.657392 i 2:0.173589 i 3:0.281481 bias 1
 test_print 2.41769
net matrix:
 0.856402 -0.731199 -2.11576
outputs matrix:
 0.8472 0.188101 0.0143222
error matrix:
 0.1528 -0.188101 -0.0143222
delta matrix:
 0.0395607 -0.0574531 -0.000404376
weights_delta matrix:
 0.0012075 -0.00175363 -1.23427e-05
 0.00260069 -0.00377692 -2.65834e-05
 0.000686731 -0.000997323 -7.01953e-06
 0.00111356 -0.0016172 -1.13824e-05
 0.00395607 -0.00574531 -4.04376e-05
weights matrix:
 -0.961483 0.109698 0.0359912
 1.81468 -2.12639 -0.47432
 -2.29819 0.947205 1.88992
 -1.92165 -0.718444 2.52925
 0.903232 0.6616 -2.855
regression_error on 'test' 0.0863224
classification_error on 'test' 0.0789474
Save,3188,0.0863224,0.0789474
sample_count 75 Sample index 42
 i 0:0.651661 i 1:0.551523 i 2:0.702823 i 3:0.792495 bias 1
 test_print 3.6985
net matrix:
 -1.86061 -0.343311 0.23955
outputs matrix:
 0.0236323 0.334785 0.617535
error matrix:
 -0.0236323 -0.334785 0.382465
delta matrix:
 -0.00109058 -0.149116 0.180665
weights_delta matrix:
 -7.10688e-05 -0.0097173 0.0117732
 -6.01479e-05 -0.00822409 0.0099641
 -7.66484e-05 -0.0104802 0.0126976
 -8.64278e-05 -0.0118174 0.0143176
 -0.000109058 -0.0149116 0.0180665
weights matrix:
 -0.961554 0.0999805 0.0477644
 1.81462 -2.13461 -0.464356
 -2.29827 0.936725 1.90262
 -1.92174 -0.730261 2.54357
 0.903123 0.646688 -2.83693
regression_error on 'test' 0.0844092
classification_error on 'test' 0.0789474
Save,3189,0.0844092,0.0789474
sample_count 75 Sample index 26
 i 0:0.489992 i 1:0.339785 i 2:0.536492 i 3:0.500487 bias 1
 test_print 2.86676
net matrix:
 -1.14626 0.107428 -0.677551
outputs matrix:
 0.0917449 0.553509 0.205038
error matrix:
 -0.0917449 0.446491 -0.205038
delta matrix:
 -0.0152898 0.220689 -0.0668411
weights_delta matrix:
 -0.000749187 0.0108136 -0.00327516
 -0.000519524 0.00749868 -0.00227116
 -0.000820285 0.0118398 -0.00358597
 -0.000765234 0.0110452 -0.00334531
 -0.00152898 0.0220689 -0.00668411
weights matrix:
 -0.962303 0.110794 0.0444893
 1.8141 -2.12711 -0.466627
 -2.29909 0.948565 1.89903
 -1.92251 -0.719216 2.54022
 0.901594 0.668757 -2.84362
regression_error on 'test' 0.0860269
classification_error on 'test' 0.0789474
Save,3190,0.0860269,0.0789474
sample_count 75 Sample index 70
 i 0:0.259036 i 1:0.622103 i 2:0.173589 i 3:0.135476 bias 1
 test_print 2.1902
net matrix:
 1.12133 -0.558602 -2.44859
outputs matrix:
 0.904016 0.24653 0.0074122
error matrix:
 0.0959842 -0.24653 -0.0074122
delta matrix:
 0.0166573 -0.0915876 -0.000109067
weights_delta matrix:
 0.000431485 -0.00237245 -2.82523e-06
 0.00103626 -0.00569769 -6.78509e-06
 0.000289153 -0.00158986 -1.89328e-06
 0.000225667 -0.00124079 -1.4776e-06
 0.00166573 -0.00915876 -1.09067e-05
weights matrix:
 -0.961872 0.108422 0.0444865
 1.81514 -2.13281 -0.466634
 -2.2988 0.946975 1.89903
 -1.92228 -0.720457 2.54022
 0.903259 0.659598 -2.84363
regression_error on 'test' 0.0855579
classification_error on 'test' 0.0789474
Save,3191,0.0855579,0.0789474
sample_count 75 Sample index 26
 i 0:0.489992 i 1:0.339785 i 2:0.536492 i 3:0.500487 bias 1
 test_print 2.86676
net matrix:
 -1.14666 0.135493 -0.690226
outputs matrix:
 0.0916785 0.567335 0.200936
error matrix:
 -0.0916785 0.432665 -0.200936
delta matrix:
 -0.0152688 0.212409 -0.0645251
weights_delta matrix:
 -0.000748159 0.0104079 -0.00316168
 -0.000518811 0.00721735 -0.00219247
 -0.000819158 0.0113956 -0.00346172
 -0.000764183 0.0106308 -0.0032294
 -0.00152688 0.0212409 -0.00645251
weights matrix:
 -0.96262 0.11883 0.0413248
 1.81462 -2.12559 -0.468827
 -2.29962 0.958371 1.89557
 -1.92304 -0.709826 2.53699
 0.901733 0.680839 -2.85008
regression_error on 'test' 0.0873008
classification_error on 'test' 0.0789474
Save,3192,0.0873008,0.0789474
sample_count 75 Sample index 16
 i 0:0.60547 i 1:0.304495 i 2:0.687702 i 3:0.755994 bias 1
 test_print 3.35366
net matrix:
 -2.16382 0.228004 0.253718
outputs matrix:
 0.0130267 0.612067 0.624205
error matrix:
 -0.0130267 -0.612067 0.375795
delta matrix:
 -0.000334967 -0.29066 0.176303
weights_delta matrix:
 -2.02812e-05 -0.0175986 0.0106746
 -1.01996e-05 -0.00885044 0.00536833
 -2.30357e-05 -0.0199887 0.0121244
 -2.53233e-05 -0.0219737 0.0133284
 -3.34967e-05 -0.029066 0.0176303
weights matrix:
 -0.96264 0.101231 0.0519994
 1.81461 -2.13444 -0.463458
 -2.29964 0.938382 1.90769
 -1.92307 -0.7318 2.55032
 0.901699 0.651773 -2.83245
regression_error on 'test' 0.0843632
classification_error on 'test' 0.0789474
Save,3193,0.0843632,0.0789474
sample_count 75 Sample index 57
 i 0:0.374514 i 1:0.727972 i 2:0.158468 i 3:0.135476 bias 1
 test_print 2.39643
net matrix:
 1.23721 -0.814566 -2.50255
outputs matrix:
 0.922329 0.163949 0.00665908
error matrix:
 0.0776706 -0.163949 -0.00665908
delta matrix:
 0.0111283 -0.044945 -8.80961e-05
weights_delta matrix:
 0.000416771 -0.00168325 -3.29932e-06
 0.00081011 -0.00327187 -6.41315e-06
 0.000176348 -0.000712234 -1.39604e-06
 0.000150762 -0.000608897 -1.19349e-06
 0.00111283 -0.0044945 -8.80961e-06
weights matrix:
 -0.962223 0.0995477 0.0519961
 1.81542 -2.13771 -0.463465
 -2.29946 0.93767 1.90769
 -1.92292 -0.732409 2.55032
 0.902812 0.647279 -2.83246
regression_error on 'test' 0.0841522
classification_error on 'test' 0.0789474
Save,3194,0.0841522,0.0789474
sample_count 75 Sample index 51
 i 0:0.628566 i 1:0.516233 i 2:0.763306 i 3:0.719493 bias 1
 test_print 3.6276
net matrix:
 -1.90355 -0.204942 0.252053
outputs matrix:
 0.0217299 0.39894 0.623424
error matrix:
 -0.0217299 -0.39894 0.376576
delta matrix:
 -0.000923852 -0.191321 0.176815
weights_delta matrix:
 -5.80702e-05 -0.0120258 0.011114
 -4.76923e-05 -0.00987663 0.00912777
 -7.05182e-05 -0.0146037 0.0134964
 -6.64705e-05 -0.0137654 0.0127217
 -9.23852e-05 -0.0191321 0.0176815
weights matrix:
 -0.962282 0.0875219 0.0631101
 1.81537 -2.14759 -0.454337
 -2.29953 0.923066 1.92119
 -1.92299 -0.746174 2.56304
 0.90272 0.628146 -2.81478
regression_error on 'test' 0.0825245
classification_error on 'test' 0.0789474
Save,3195,0.0825245,0.0789474
sample_count 75 Sample index 59
 i 0:0.60547 i 1:0.233915 i 2:0.596976 i 3:0.536988 bias 1
 test_print 2.97335
net matrix:
 -1.66066 0.329146 -0.35962
outputs matrix:
 0.0348472 0.658877 0.32756
error matrix:
 -0.0348472 0.341123 -0.32756
delta matrix:
 -0.00234403 0.15334 -0.1443
weights_delta matrix:
 -0.000141924 0.0092843 -0.00873692
 -5.48303e-05 0.00358686 -0.00337539
 -0.000139933 0.00915406 -0.00861435
 -0.000125872 0.0082342 -0.00774872
 -0.000234403 0.015334 -0.01443
weights matrix:
 -0.962423 0.0968062 0.0543731
 1.81532 -2.144 -0.457712
 -2.29967 0.93222 1.91257
 -1.92311 -0.73794 2.55529
 0.902485 0.643481 -2.82921
regression_error on 'test' 0.0835837
classification_error on 'test' 0.0789474
Save,3196,0.0835837,0.0789474
sample_count 75 Sample index 73
 i 0:0.582374 i 1:0.410364 i 2:0.65746 i 3:0.719493 bias 1
 test_print 3.36969
net matrix:
 -1.80867 -0.0980092 0.110581
outputs matrix:
 0.0261516 0.451152 0.555066
error matrix:
 -0.0261516 -0.451152 0.444934
delta matrix:
 -0.00133204 -0.223423 0.219769
weights_delta matrix:
 -7.75748e-05 -0.0130116 0.0127987
 -5.46623e-05 -0.00916847 0.00901851
 -8.75766e-05 -0.0146892 0.0144489
 -9.58396e-05 -0.0160751 0.0158122
 -0.000133204 -0.0223423 0.0219769
weights matrix:
 -0.962501 0.0837947 0.0671719
 1.81526 -2.15317 -0.448694
 -2.29976 0.917531 1.92702
 -1.92321 -0.754015 2.5711
 0.902352 0.621138 -2.80723
regression_error on 'test' 0.0819756
classification_error on 'test' 0.105263
Save,3197,0.0819756,0.105263
sample_count 75 Sample index 5
 i 0:0.536183 i 1:0.198626 i 2:0.687702 i 3:0.60999 bias 1
 test_print 3.0325
net matrix:
 -2.00785 0.409438 0.033225
outputs matrix:
 0.0177109 0.693998 0.516606
error matrix:
 -0.0177109 -0.693998 0.483394
delta matrix:
 -0.00061624 -0.294762 0.24143
weights_delta matrix:
 -3.30417e-05 -0.0158046 0.0129451
 -1.22401e-05 -0.00585473 0.00479543
 -4.23789e-05 -0.0202708 0.0166032
 -3.759e-05 -0.0179802 0.014727
 -6.1624e-05 -0.0294762 0.024143
weights matrix:
 -0.962534 0.0679901 0.080117
 1.81525 -2.15903 -0.443898
 -2.2998 0.89726 1.94362
 -1.92324 -0.771995 2.58583
 0.90229 0.591662 -2.78309
regression_error on 'test' 0.0808231
classification_error on 'test' 0.157895
Save,3198,0.0808231,0.157895
sample_count 75 Sample index 19
 i 0:0.674757 i 1:0.480944 i 2:0.596976 i 3:0.573489 bias 1
 test_print 3.32617
net matrix:
 -1.35004 -0.30792 -0.299278
outputs matrix:
 0.0629687 0.350728 0.354674
error matrix:
 -0.0629687 0.649272 -0.354674
delta matrix:
 -0.00743077 0.295702 -0.162356
weights_delta matrix:
 -0.000501397 0.0199527 -0.0109551
 -0.000357379 0.0142216 -0.00780841
 -0.000443599 0.0176527 -0.00969226
 -0.000426147 0.0169582 -0.00931093
 -0.000743077 0.0295702 -0.0162356
weights matrix:
 -0.963035 0.0879427 0.0691619
 1.81489 -2.14481 -0.451707
 -2.30025 0.914913 1.93393
 -1.92367 -0.755037 2.57652
 0.901547 0.621232 -2.79932
regression_error on 'test' 0.0819736
classification_error on 'test' 0.105263
Save,3199,0.0819736,0.105263
sample_count 75 Sample index 64
 i 0:0.282131 i 1:0.516233 i 2:0.158468 i 3:0.0989754 bias 1
 test_print 2.05581
net matrix:
 1.01184 -0.390921 -2.45152
outputs matrix:
 0.883261 0.313923 0.00736928
error matrix:
 0.116739 -0.313923 -0.00736928
delta matrix:
 0.0240741 -0.135222 -0.000107812
weights_delta matrix:
 0.000679204 -0.00381505 -3.04172e-06
 0.00124278 -0.00698063 -5.56563e-06
 0.000381497 -0.00214284 -1.70848e-06
 0.000238274 -0.00133837 -1.06708e-06
 0.00240741 -0.0135222 -1.07812e-05
weights matrix:
 -0.962356 0.0841277 0.0691588
 1.81614 -2.15179 -0.451712
 -2.29986 0.91277 1.93393
 -1.92343 -0.756375 2.57652
 0.903955 0.60771 -2.79933
regression_error on 'test' 0.0816069
classification_error on 'test' 0.105263
Save,3200,0.0816069,0.105263
sample_count 75 Sample index 60
 i 0:0.559279 i 1:0.410364 i 2:0.536492 i 3:0.536988 bias 1
 test_print 3.04312
net matrix:
 -1.15571 -0.144725 -0.524926
outputs matrix:
 0.090181 0.428138 0.259254
error matrix:
 -0.090181 0.571862 -0.259254
delta matrix:
 -0.0147984 0.280025 -0.0995748
weights_delta matrix:
 -0.000827644 0.0156612 -0.00556901
 -0.000607273 0.0114912 -0.00408619
 -0.000793923 0.0150231 -0.00534211
 -0.000794657 0.015037 -0.00534705
 -0.00147984 0.0280025 -0.00995748
weights matrix:
 -0.963184 0.0997889 0.0635898
 1.81553 -2.14029 -0.455799
 -2.30066 0.927793 1.92859
 -1.92423 -0.741338 2.57117
 0.902475 0.635712 -2.80929
regression_error on 'test' 0.0829892
classification_error on 'test' 0.0789474
Save,3201,0.0829892,0.0789474
sample_count 75 Sample index 15
 i 0:0.720948 i 1:0.410364 i 2:0.65746 i 3:0.573489 bias 1
 test_print 3.36226
net matrix:
 -1.66302 0.0141925 -0.207984
outputs matrix:
 0.0346888 0.507096 0.397482
error matrix:
 -0.0346888 0.492904 -0.397482
delta matrix:
 -0.00232314 0.246402 -0.190386
weights_delta matrix:
 -0.000167486 0.0177643 -0.0137258
 -9.53332e-05 0.0101115 -0.00781276
 -0.000152737 0.0162 -0.0125171
 -0.000133229 0.0141309 -0.0109184
 -0.000232314 0.0246402 -0.0190386
weights matrix:
 -0.963351 0.117553 0.049864
 1.81543 -2.13018 -0.463611
 -2.30081 0.943993 1.91607
 -1.92436 -0.727208 2.56025
 0.902242 0.660353 -2.82833
regression_error on 'test' 0.0849954
classification_error on 'test' 0.0789474
Save,3202,0.0849954,0.0789474
sample_count 75 Sample index 53
 i 0:0.489992 i 1:0.410364 i 2:0.702823 i 3:0.938499 bias 1
 test_print 3.54168
net matrix:
 -2.24788 -0.175221 0.755305
outputs matrix:
 0.0110332 0.413275 0.819152
error matrix:
 -0.0110332 -0.413275 0.180848
delta matrix:
 -0.000240776 -0.200421 0.0535826
weights_delta matrix:
 -1.17978e-05 -0.00982046 0.00262551
 -9.88057e-06 -0.00822455 0.00219884
 -1.69223e-05 -0.014086 0.00376591
 -2.25968e-05 -0.0188095 0.00502872
 -2.40776e-05 -0.0200421 0.00535826
weights matrix:
 -0.963363 0.107733 0.0524895
 1.81542 -2.13841 -0.461413
 -2.30083 0.929907 1.91984
 -1.92438 -0.746017 2.56528
 0.902218 0.640311 -2.82297
regression_error on 'test' 0.0833789
classification_error on 'test' 0.0789474
Save,3203,0.0833789,0.0789474
sample_count 75 Sample index 71
 i 0:0.143558 i 1:0.480944 i 2:0.0979839 i 3:0.0989754 bias 1
 test_print 1.82146
net matrix:
 1.22113 -0.355399 -2.59534
outputs matrix:
 0.919993 0.329422 0.00553741
error matrix:
 0.080007 -0.329422 -0.00553741
delta matrix:
 0.011778 -0.145541 -6.09862e-05
weights_delta matrix:
 0.000169082 -0.00208936 -8.75505e-07
 0.000566454 -0.00699971 -2.93309e-06
 0.000115405 -0.00142607 -5.97566e-07
 0.000116573 -0.0014405 -6.03613e-07
 0.0011778 -0.0145541 -6.09862e-06
weights matrix:
 -0.963194 0.105643 0.0524886
 1.81599 -2.14541 -0.461415
 -2.30071 0.928481 1.91984
 -1.92427 -0.747458 2.56528
 0.903396 0.625756 -2.82298
regression_error on 'test' 0.0829085
classification_error on 'test' 0.0789474
Save,3204,0.0829085,0.0789474
sample_count 75 Sample index 60
 i 0:0.559279 i 1:0.410364 i 2:0.536492 i 3:0.536988 bias 1
 test_print 3.04312
net matrix:
 -1.1577 -0.0988105 -0.57547
outputs matrix:
 0.089855 0.450755 0.240317
error matrix:
 -0.089855 0.549245 -0.240317
delta matrix:
 -0.0146969 0.271959 -0.087747
weights_delta matrix:
 -0.000821966 0.0152101 -0.00490751
 -0.000603107 0.0111602 -0.00360082
 -0.000788476 0.0145904 -0.00470756
 -0.000789205 0.0146039 -0.00471191
 -0.00146969 0.0271959 -0.0087747
weights matrix:
 -0.964016 0.120853 0.0475811
 1.81539 -2.13425 -0.465016
 -2.3015 0.943071 1.91513
 -1.92506 -0.732854 2.56057
 0.901927 0.652952 -2.83175
regression_error on 'test' 0.0846902
classification_error on 'test' 0.0789474
Save,3205,0.0846902,0.0789474
sample_count 75 Sample index 20
 i 0:0.489992 i 1:0.375074 i 2:0.521371 i 3:0.500487 bias 1
 test_print 2.88692
net matrix:
 -1.05293 0.0365752 -0.702831
outputs matrix:
 0.108528 0.518279 0.196919
error matrix:
 -0.108528 0.481721 -0.196919
delta matrix:
 -0.0210003 0.240538 -0.0622823
weights_delta matrix:
 -0.001029 0.0117862 -0.00305178
 -0.000787665 0.00902197 -0.00233605
 -0.00109489 0.012541 -0.00324722
 -0.00105104 0.0120386 -0.00311715
 -0.00210003 0.0240538 -0.00622823
weights matrix:
 -0.965045 0.13264 0.0445293
 1.8146 -2.12523 -0.467352
 -2.3026 0.955612 1.91188
 -1.92611 -0.720815 2.55745
 0.899826 0.677006 -2.83798
regression_error on 'test' 0.0865311
classification_error on 'test' 0.0789474
Save,3206,0.0865311,0.0789474
sample_count 75 Sample index 17
 i 0:0.443801 i 1:0.304495 i 2:0.521371 i 3:0.463986 bias 1
 test_print 2.73365
net matrix:
 -1.07012 0.252532 -0.777105
outputs matrix:
 0.105247 0.623649 0.174479
error matrix:
 -0.105247 0.376351 -0.174479
delta matrix:
 -0.0198223 0.176668 -0.0502625
weights_delta matrix:
 -0.000879714 0.00784053 -0.00223066
 -0.000603578 0.00537944 -0.00153047
 -0.00103347 0.00921094 -0.00262054
 -0.000919725 0.00819713 -0.00233211
 -0.00198223 0.0176668 -0.00502625
weights matrix:
 -0.965925 0.14048 0.0422987
 1.814 -2.11985 -0.468883
 -2.30363 0.964823 1.90926
 -1.92703 -0.712618 2.55512
 0.897844 0.694673 -2.84301
regression_error on 'test' 0.0880409
classification_error on 'test' 0.0789474
Save,3207,0.0880409,0.0789474
sample_count 75 Sample index 35
 i 0:0.189749 i 1:0.233915 i 2:0.128226 i 3:0.171977 bias 1
 test_print 1.72387
net matrix:
 0.512092 0.226627 -2.26042
outputs matrix:
 0.735787 0.611412 0.0107627
error matrix:
 0.264213 -0.611412 -0.0107627
delta matrix:
 0.102728 -0.290528 -0.00022918
weights_delta matrix:
 0.00194926 -0.00551273 -4.34866e-06
 0.00240297 -0.00679588 -5.36086e-06
 0.00131725 -0.00372532 -2.93868e-06
 0.00176669 -0.00499641 -3.94137e-06
 0.0102728 -0.0290528 -2.2918e-05
weights matrix:
 -0.963976 0.134967 0.0422943
 1.8164 -2.12664 -0.468888
 -2.30231 0.961098 1.90926
 -1.92526 -0.717614 2.55511
 0.908117 0.66562 -2.84303
regression_error on 'test' 0.0865156
classification_error on 'test' 0.0789474
Save,3208,0.0865156,0.0789474
sample_count 75 Sample index 65
 i 0:0.928809 i 1:0.410364 i 2:0.944758 i 3:0.792495 bias 1
 test_print 4.07643
net matrix:
 -2.94273 0.257581 0.832539
outputs matrix:
 0.00277184 0.626016 0.840919
error matrix:
 -0.00277184 -0.626016 0.159081
delta matrix:
 -1.53236e-05 -0.293126 0.0425621
weights_delta matrix:
 -1.42327e-06 -0.0272258 0.0039532
 -6.28825e-07 -0.0120288 0.00174659
 -1.44771e-06 -0.0276933 0.00402109
 -1.21439e-06 -0.0232301 0.00337302
 -1.53236e-06 -0.0293126 0.00425621
weights matrix:
 -0.963977 0.107742 0.0462475
 1.8164 -2.13867 -0.467142
 -2.30231 0.933405 1.91328
 -1.92526 -0.740844 2.55849
 0.908116 0.636308 -2.83877
regression_error on 'test' 0.08372
classification_error on 'test' 0.0789474
Save,3209,0.08372,0.0789474
sample_count 75 Sample index 26
 i 0:0.489992 i 1:0.339785 i 2:0.536492 i 3:0.500487 bias 1
 test_print 2.86676
net matrix:
 -1.14578 0.0923932 -0.667893
outputs matrix:
 0.0918241 0.546066 0.208204
error matrix:
 -0.0918241 0.453934 -0.208204
delta matrix:
 -0.0153149 0.225041 -0.0686469
weights_delta matrix:
 -0.000750416 0.0110268 -0.00336365
 -0.000520376 0.00764654 -0.00233252
 -0.00082163 0.0120733 -0.00368285
 -0.000766489 0.011263 -0.00343569
 -0.00153149 0.0225041 -0.00686469
weights matrix:
 -0.964727 0.118768 0.0428839
 1.81588 -2.13102 -0.469474
 -2.30314 0.945478 1.9096
 -1.92603 -0.729581 2.55505
 0.906584 0.658812 -2.84564
regression_error on 'test' 0.0852551
classification_error on 'test' 0.0789474
Save,3210,0.0852551,0.0789474
sample_count 75 Sample index 8
 i 0:0.489992 i 1:0.375074 i 2:0.702823 i 3:0.755994 bias 1
 test_print 3.32388
net matrix:
 -1.9598 0.0306601 0.272998
outputs matrix:
 0.0194628 0.515325 0.633206
error matrix:
 -0.0194628 -0.515325 0.366794
delta matrix:
 -0.000742856 -0.257421 0.17038
weights_delta matrix:
 -3.63993e-05 -0.0126134 0.0083485
 -2.78626e-05 -0.00965518 0.00639052
 -5.22096e-05 -0.0180921 0.0119747
 -5.61594e-05 -0.0194608 0.0128807
 -7.42856e-05 -0.0257421 0.017038
weights matrix:
 -0.964764 0.106155 0.0512324
 1.81585 -2.14068 -0.463084
 -2.30319 0.927386 1.92157
 -1.92608 -0.749042 2.56793
 0.90651 0.63307 -2.8286
regression_error on 'test' 0.0830636
classification_error on 'test' 0.0789474
Save,3211,0.0830636,0.0789474
sample_count 75 Sample index 36
 i 0:0.744044 i 1:0.516233 i 2:0.702823 i 3:0.901998 bias 1
 test_print 3.8651
net matrix:
 -2.22997 -0.416882 0.637253
outputs matrix:
 0.0114308 0.30285 0.781513
error matrix:
 -0.0114308 -0.30285 0.218487
delta matrix:
 -0.000258341 -0.127882 0.0746134
weights_delta matrix:
 -1.92217e-05 -0.00951501 0.00555157
 -1.33364e-05 -0.00660171 0.00385179
 -1.81568e-05 -0.00898787 0.005244
 -2.33023e-05 -0.011535 0.00673012
 -2.58341e-05 -0.0127882 0.00746134
weights matrix:
 -0.964783 0.0966401 0.056784
 1.81584 -2.14728 -0.459232
 -2.30321 0.918398 1.92681
 -1.92611 -0.760577 2.57466
 0.906484 0.620281 -2.82114
regression_error on 'test' 0.08212
classification_error on 'test' 0.105263
Save,3212,0.08212,0.105263
sample_count 75 Sample index 2
 i 0:0.466896 i 1:0.480944 i 2:0.566734 i 3:0.500487 bias 1
 test_print 3.01506
net matrix:
 -0.93995 -0.227491 -0.634916
outputs matrix:
 0.1324 0.388177 0.219286
error matrix:
 -0.1324 0.611823 -0.219286
delta matrix:
 -0.0304177 0.290611 -0.0750834
weights_delta matrix:
 -0.00142019 0.0135685 -0.00350561
 -0.00146292 0.0139767 -0.00361109
 -0.00172388 0.0164699 -0.00425523
 -0.00152237 0.0145447 -0.00375783
 -0.00304177 0.0290611 -0.00750834
weights matrix:
 -0.966203 0.110209 0.0532783
 1.81437 -2.1333 -0.462843
 -2.30493 0.934868 1.92256
 -1.92763 -0.746033 2.57091
 0.903442 0.649342 -2.82865
regression_error on 'test' 0.0837428
classification_error on 'test' 0.0789474
Save,3213,0.0837428,0.0789474
sample_count 75 Sample index 44
 i 0:0.536183 i 1:0.375074 i 2:0.702823 i 3:0.646491 bias 1
 test_print 3.26057
net matrix:
 -1.80025 0.0830308 0.039604
outputs matrix:
 0.0265842 0.54142 0.519792
error matrix:
 -0.0265842 0.45858 -0.519792
delta matrix:
 -0.00137586 0.227716 -0.259489
weights_delta matrix:
 -7.37713e-05 0.0122098 -0.0139133
 -5.16049e-05 0.00854105 -0.00973274
 -9.66986e-05 0.0160044 -0.0182375
 -8.89481e-05 0.0147217 -0.0167757
 -0.000137586 0.0227716 -0.0259489
weights matrix:
 -0.966277 0.122418 0.039365
 1.81432 -2.12476 -0.472576
 -2.30503 0.950872 1.90432
 -1.92772 -0.731311 2.55413
 0.903305 0.672114 -2.8546
regression_error on 'test' 0.0861085
classification_error on 'test' 0.0789474
Save,3214,0.0861085,0.0789474
sample_count 75 Sample index 41
 i 0:0.674757 i 1:0.445654 i 2:0.627218 i 3:0.536988 bias 1
 test_print 3.28462
net matrix:
 -1.42105 0.0115066 -0.472679
outputs matrix:
 0.0550908 0.505753 0.279819
error matrix:
 -0.0550908 0.494247 -0.279819
delta matrix:
 -0.00573558 0.247091 -0.112779
weights_delta matrix:
 -0.000387012 0.0166726 -0.00760982
 -0.000255609 0.0110117 -0.00502603
 -0.000359746 0.015498 -0.00707368
 -0.000307994 0.0132685 -0.00605608
 -0.000573558 0.0247091 -0.0112779
weights matrix:
 -0.966664 0.139091 0.0317552
 1.81407 -2.11375 -0.477602
 -2.30539 0.96637 1.89725
 -1.92803 -0.718042 2.54807
 0.902731 0.696823 -2.86587
regression_error on 'test' 0.0887259
classification_error on 'test' 0.105263
Save,3215,0.0887259,0.105263
sample_count 75 Sample index 22
 i 0:0.305227 i 1:0.233915 i 2:0.430645 i 3:0.427485 bias 1
 test_print 2.39727
net matrix:
 -0.784989 0.354049 -1.0616
outputs matrix:
 0.17222 0.669981 0.106863
error matrix:
 -0.17222 0.330019 -0.106863
delta matrix:
 -0.0491032 0.145939 -0.0203986
weights_delta matrix:
 -0.00149876 0.00445444 -0.000622622
 -0.0011486 0.00341372 -0.000477155
 -0.00211461 0.00628478 -0.000878458
 -0.00209909 0.00623866 -0.000872012
 -0.00491032 0.0145939 -0.00203986
weights matrix:
 -0.968163 0.143545 0.0311326
 1.81292 -2.11034 -0.478079
 -2.3075 0.972655 1.89637
 -1.93012 -0.711804 2.5472
 0.897821 0.711417 -2.86791
regression_error on 'test' 0.0899349
classification_error on 'test' 0.105263
Save,3216,0.0899349,0.105263
sample_count 75 Sample index 34
 i 0:0.767139 i 1:0.551523 i 2:0.642339 i 3:0.573489 bias 1
 test_print 3.53449
net matrix:
 -1.43413 -0.125801 -0.428799
outputs matrix:
 0.0537448 0.437429 0.297841
error matrix:
 -0.0537448 0.562571 -0.297841
delta matrix:
 -0.00546653 0.27688 -0.124576
weights_delta matrix:
 -0.000419359 0.0212406 -0.00955673
 -0.000301492 0.0152706 -0.00687066
 -0.000351136 0.0177851 -0.00800202
 -0.000313499 0.0158788 -0.00714431
 -0.000546653 0.027688 -0.0124576
weights matrix:
 -0.968582 0.164786 0.0215758
 1.81262 -2.09507 -0.484949
 -2.30785 0.99044 1.88837
 -1.93044 -0.695925 2.54006
 0.897274 0.739105 -2.88037
regression_error on 'test' 0.0939007
classification_error on 'test' 0.0789474
Save,3217,0.0939007,0.0789474
sample_count 75 Sample index 71
 i 0:0.143558 i 1:0.480944 i 2:0.0979839 i 3:0.0989754 bias 1
 test_print 1.82146
net matrix:
 1.21279 -0.216681 -2.67408
outputs matrix:
 0.918758 0.393324 0.00473441
error matrix:
 0.0812421 -0.393324 -0.00473441
delta matrix:
 0.0121281 -0.18771 -4.46171e-05
weights_delta matrix:
 0.000174109 -0.00269473 -6.40514e-07
 0.000583294 -0.0090278 -2.14583e-06
 0.000118836 -0.00183926 -4.37176e-07
 0.000120038 -0.00185787 -4.416e-07
 0.00121281 -0.018771 -4.46171e-06
weights matrix:
 -0.968408 0.162091 0.0215752
 1.8132 -2.10409 -0.484952
 -2.30773 0.988601 1.88837
 -1.93032 -0.697783 2.54006
 0.898487 0.720334 -2.88038
regression_error on 'test' 0.0925558
classification_error on 'test' 0.0526316
Save,3218,0.0925558,0.0526316
sample_count 75 Sample index 15
 i 0:0.720948 i 1:0.410364 i 2:0.65746 i 3:0.573489 bias 1
 test_print 3.36226
net matrix:
 -1.67987 0.223543 -0.365609
outputs matrix:
 0.0335775 0.609946 0.324928
error matrix:
 -0.0335775 0.390054 -0.324928
delta matrix:
 -0.00217919 0.185597 -0.142546
weights_delta matrix:
 -0.000157108 0.0133806 -0.0102768
 -8.9426e-05 0.00761622 -0.00584955
 -0.000143273 0.0122022 -0.0093718
 -0.000124974 0.0106438 -0.00817483
 -0.000217919 0.0185597 -0.0142546
weights matrix:
 -0.968565 0.175472 0.0112984
 1.81311 -2.09648 -0.490801
 -2.30788 1.0008 1.87899
 -1.93044 -0.687139 2.53188
 0.898269 0.738894 -2.89463
regression_error on 'test' 0.0956829
classification_error on 'test' 0.105263
Save,3219,0.0956829,0.105263
sample_count 75 Sample index 1
 i 0:0.582374 i 1:0.445654 i 2:0.581855 i 3:0.536988 bias 1
 test_print 3.14687
net matrix:
 -1.23725 0.120117 -0.653886
outputs matrix:
 0.0776648 0.559771 0.21286
error matrix:
 -0.0776648 0.440229 -0.21286
delta matrix:
 -0.0111267 0.216969 -0.0713296
weights_delta matrix:
 -0.000647992 0.0126357 -0.00415405
 -0.000495867 0.00966931 -0.00317883
 -0.000647414 0.0126244 -0.00415035
 -0.000597492 0.011651 -0.00383031
 -0.00111267 0.0216969 -0.00713296
weights matrix:
 -0.969213 0.188107 0.00714436
 1.81261 -2.08681 -0.49398
 -2.30852 1.01343 1.87484
 -1.93104 -0.675488 2.52805
 0.897156 0.760591 -2.90176
regression_error on 'test' 0.0989311
classification_error on 'test' 0.157895
Save,3220,0.0989311,0.157895
sample_count 75 Sample index 22
 i 0:0.305227 i 1:0.233915 i 2:0.430645 i 3:0.427485 bias 1
 test_print 2.39727
net matrix:
 -0.794321 0.477537 -1.12704
outputs matrix:
 0.169575 0.722134 0.0949987
error matrix:
 -0.169575 0.277866 -0.0949987
delta matrix:
 -0.0477588 0.111511 -0.0163348
weights_delta matrix:
 -0.00145773 0.00340362 -0.000498583
 -0.00111715 0.00260841 -0.000382096
 -0.00205671 0.00480217 -0.000703451
 -0.00204162 0.00476693 -0.00069829
 -0.00477588 0.0111511 -0.00163348
weights matrix:
 -0.970671 0.191511 0.00664578
 1.8115 -2.0842 -0.494362
 -2.31058 1.01823 1.87414
 -1.93308 -0.670721 2.52735
 0.89238 0.771742 -2.9034
regression_error on 'test' 0.100267
classification_error on 'test' 0.157895
Save,3221,0.100267,0.157895
sample_count 75 Sample index 10
 i 0:0.697853 i 1:0.304495 i 2:0.808669 i 3:0.719493 bias 1
 test_print 3.53051
net matrix:
 -2.49275 0.611591 0.284682
outputs matrix:
 0.00678997 0.772623 0.638616
error matrix:
 -0.00678997 -0.772623 0.361384
delta matrix:
 -9.15813e-05 -0.271464 0.166804
weights_delta matrix:
 -6.39103e-06 -0.0189442 0.0116405
 -2.78861e-06 -0.00826593 0.0050791
 -7.4059e-06 -0.0219524 0.0134889
 -6.58921e-06 -0.0195316 0.0120014
 -9.15813e-06 -0.0271464 0.0166804
weights matrix:
 -0.970677 0.172567 0.0182863
 1.81149 -2.09247 -0.489283
 -2.31059 0.996277 1.88763
 -1.93309 -0.690253 2.53935
 0.892371 0.744595 -2.88672
regression_error on 'test' 0.0951397
classification_error on 'test' 0.0789474
Save,3222,0.0951397,0.0789474
sample_count 75 Sample index 5
 i 0:0.536183 i 1:0.198626 i 2:0.687702 i 3:0.60999 bias 1
 test_print 3.0325
net matrix:
 -2.03644 0.685599 -0.126989
outputs matrix:
 0.0167431 0.797574 0.436845
error matrix:
 -0.0167431 -0.797574 0.563155
delta matrix:
 -0.000551279 -0.257536 0.277085
weights_delta matrix:
 -2.95586e-05 -0.0138087 0.0148568
 -1.09498e-05 -0.00511534 0.00550363
 -3.79115e-05 -0.0177108 0.0190552
 -3.36274e-05 -0.0157095 0.0169019
 -5.51279e-05 -0.0257536 0.0277085
weights matrix:
 -0.970707 0.158758 0.0331431
 1.81148 -2.09758 -0.483779
 -2.31063 0.978566 1.90669
 -1.93312 -0.705962 2.55626
 0.892316 0.718842 -2.85901
regression_error on 'test' 0.090954
classification_error on 'test' 0.0789474
Save,3223,0.090954,0.0789474
sample_count 75 Sample index 15
 i 0:0.720948 i 1:0.410364 i 2:0.65746 i 3:0.573489 bias 1
 test_print 3.36226
net matrix:
 -1.69191 0.211033 -0.314086
outputs matrix:
 0.0328047 0.603977 0.347925
error matrix:
 -0.0328047 0.396023 -0.347925
delta matrix:
 -0.00208169 0.189448 -0.15787
weights_delta matrix:
 -0.000150079 0.0136582 -0.0113816
 -8.54251e-05 0.00777428 -0.00647841
 -0.000136863 0.0124555 -0.0103793
 -0.000119383 0.0108647 -0.00905366
 -0.000208169 0.0189448 -0.015787
weights matrix:
 -0.970857 0.172417 0.0217615
 1.8114 -2.08981 -0.490258
 -2.31076 0.991022 1.89631
 -1.93324 -0.695098 2.5472
 0.892108 0.737787 -2.8748
regression_error on 'test' 0.093949
classification_error on 'test' 0.0789474
Save,3224,0.093949,0.0789474
sample_count 75 Sample index 44
 i 0:0.536183 i 1:0.375074 i 2:0.702823 i 3:0.646491 bias 1
 test_print 3.26057
net matrix:
 -1.82292 0.293539 -0.0674994
outputs matrix:
 0.0254355 0.642695 0.466301
error matrix:
 -0.0254355 0.357305 -0.466301
delta matrix:
 -0.00126102 0.164102 -0.232092
weights_delta matrix:
 -6.76138e-05 0.00879887 -0.0124444
 -4.72976e-05 0.00615504 -0.00870515
 -8.86274e-05 0.0115335 -0.0163119
 -8.15238e-05 0.010609 -0.0150045
 -0.000126102 0.0164102 -0.0232092
weights matrix:
 -0.970924 0.181215 0.00931714
 1.81135 -2.08365 -0.498963
 -2.31085 1.00256 1.87999
 -1.93332 -0.684489 2.5322
 0.891982 0.754197 -2.89801
regression_error on 'test' 0.0973759
classification_error on 'test' 0.131579
Save,3225,0.0973759,0.131579
sample_count 75 Sample index 56
 i 0:0.328323 i 1:0.727972 i 2:0.158468 i 3:0.208478 bias 1
 test_print 2.42324
net matrix:
 1.12257 -0.686975 -2.43235
outputs matrix:
 0.90423 0.201982 0.00765508
error matrix:
 0.0957703 -0.201982 -0.00765508
delta matrix:
 0.0165871 -0.0651133 -0.000116303
weights_delta matrix:
 0.000544592 -0.00213782 -3.81851e-06
 0.00120749 -0.00474007 -8.46656e-06
 0.000262852 -0.00103184 -1.84304e-06
 0.000345804 -0.00135747 -2.42467e-06
 0.00165871 -0.00651133 -1.16303e-05
weights matrix:
 -0.97038 0.179078 0.00931332
 1.81256 -2.08839 -0.498971
 -2.31059 1.00152 1.87999
 -1.93298 -0.685846 2.5322
 0.893641 0.747685 -2.89802
regression_error on 'test' 0.0967186
classification_error on 'test' 0.131579
Save,3226,0.0967186,0.131579
sample_count 75 Sample index 74
 i 0:0.443801 i 1:0.480944 i 2:0.551613 i 3:0.536988 bias 1
 test_print 3.01335
net matrix:
 -0.977813 0.00692248 -0.737074
outputs matrix:
 0.123941 0.503461 0.186313
error matrix:
 -0.123941 0.496539 -0.186313
delta matrix:
 -0.026915 0.248258 -0.0564903
weights_delta matrix:
 -0.00119449 0.0110177 -0.00250705
 -0.00129446 0.0119398 -0.00271687
 -0.00148467 0.0136942 -0.00311608
 -0.0014453 0.0133311 -0.00303346
 -0.0026915 0.0248258 -0.00564903
weights matrix:
 -0.971574 0.190095 0.00680628
 1.81126 -2.07645 -0.501688
 -2.31207 1.01522 1.87688
 -1.93442 -0.672515 2.52916
 0.890949 0.772511 -2.90367
regression_error on 'test' 0.100282
classification_error on 'test' 0.157895
Save,3227,0.100282,0.157895
sample_count 75 Sample index 20
 i 0:0.489992 i 1:0.375074 i 2:0.521371 i 3:0.500487 bias 1
 test_print 2.88692
net matrix:
 -1.07936 0.279553 -0.844139
outputs matrix:
 0.103519 0.636246 0.156002
error matrix:
 -0.103519 0.363754 -0.156002
delta matrix:
 -0.0192139 0.168373 -0.0410803
weights_delta matrix:
 -0.000941464 0.00825012 -0.0020129
 -0.000720662 0.00631522 -0.00154082
 -0.00100176 0.00877846 -0.00214181
 -0.000961629 0.00842683 -0.00205602
 -0.00192139 0.0168373 -0.00410803
weights matrix:
 -0.972516 0.198345 0.00479338
 1.81054 -2.07014 -0.503229
 -2.31308 1.024 1.87473
 -1.93538 -0.664088 2.52711
 0.889028 0.789348 -2.90777
regression_error on 'test' 0.102826
classification_error on 'test' 0.157895
Save,3228,0.102826,0.157895
sample_count 75 Sample index 38
 i 0:0.397609 i 1:0.798551 i 2:0.128226 i 3:0.208478 bias 1
 test_print 2.53286
net matrix:
 1.24808 -0.792043 -2.54049
outputs matrix:
 0.923872 0.170218 0.00617549
error matrix:
 0.0761284 -0.170218 -0.00617549
delta matrix:
 0.0107087 -0.0480842 -7.58024e-05
weights_delta matrix:
 0.000425786 -0.00191187 -3.01397e-06
 0.000855142 -0.00383977 -6.05321e-06
 0.000137313 -0.000616565 -9.71983e-07
 0.000223252 -0.00100245 -1.58031e-06
 0.00107087 -0.00480842 -7.58024e-06
weights matrix:
 -0.97209 0.196433 0.00479036
 1.8114 -2.07398 -0.503235
 -2.31294 1.02338 1.87473
 -1.93516 -0.665091 2.52711
 0.890099 0.78454 -2.90778
regression_error on 'test' 0.102244
classification_error on 'test' 0.157895
Save,3229,0.102244,0.157895
sample_count 75 Sample index 71
 i 0:0.143558 i 1:0.480944 i 2:0.0979839 i 3:0.0989754 bias 1
 test_print 1.82146
net matrix:
 1.20356 -0.15028 -2.71531
outputs matrix:
 0.917369 0.42542 0.0043613
error matrix:
 0.0826308 -0.42542 -0.0043613
delta matrix:
 0.0125273 -0.207978 -3.7876e-05
weights_delta matrix:
 0.00017984 -0.00298569 -5.43741e-07
 0.000602493 -0.0100026 -1.82163e-06
 0.000122747 -0.00203785 -3.71124e-07
 0.00012399 -0.00205847 -3.7488e-07
 0.00125273 -0.0207978 -3.7876e-06
weights matrix:
 -0.97191 0.193448 0.00478982
 1.812 -2.08398 -0.503237
 -2.31281 1.02134 1.87473
 -1.93504 -0.667149 2.5271
 0.891351 0.763742 -2.90779
regression_error on 'test' 0.100355
classification_error on 'test' 0.157895
Save,3230,0.100355,0.157895
sample_count 75 Sample index 9
 i 0:0.351418 i 1:0.375074 i 2:0.521371 i 3:0.573489 bias 1
 test_print 2.82135
net matrix:
 -1.08612 0.199972 -0.668155
outputs matrix:
 0.102271 0.598674 0.208118
error matrix:
 -0.102271 0.401326 -0.208118
delta matrix:
 -0.0187795 0.192848 -0.0685975
weights_delta matrix:
 -0.000659945 0.00677702 -0.00241064
 -0.00070437 0.00723322 -0.00257291
 -0.000979108 0.0100545 -0.00357647
 -0.00107698 0.0110596 -0.00393399
 -0.00187795 0.0192848 -0.00685975
weights matrix:
 -0.97257 0.200225 0.00237918
 1.8113 -2.07675 -0.50581
 -2.31379 1.0314 1.87116
 -1.93611 -0.656089 2.52317
 0.889473 0.783027 -2.91464
regression_error on 'test' 0.103352
classification_error on 'test' 0.157895
Save,3231,0.103352,0.157895
sample_count 75 Sample index 0
 i 0:0.282131 i 1:0.269205 i 2:0.430645 i 3:0.427485 bias 1
 test_print 2.40947
net matrix:
 -0.721393 0.444143 -1.16572
outputs matrix:
 0.191114 0.708536 0.0885526
error matrix:
 -0.191114 0.291464 -0.0885526
delta matrix:
 -0.0590886 0.120382 -0.0142944
weights_delta matrix:
 -0.00166707 0.00339634 -0.000403288
 -0.00159069 0.00324074 -0.000384811
 -0.00254462 0.00518418 -0.000615579
 -0.00252595 0.00514614 -0.000611062
 -0.00590886 0.0120382 -0.00142944
weights matrix:
 -0.974237 0.203621 0.00197589
 1.8097 -2.07351 -0.506195
 -2.31634 1.03658 1.87054
 -1.93864 -0.650943 2.52256
 0.883564 0.795065 -2.91607
regression_error on 'test' 0.104928
classification_error on 'test' 0.157895
Save,3232,0.104928,0.157895
sample_count 75 Sample index 11
 i 0:0.536183 i 1:0.198626 i 2:0.536492 i 3:0.427485 bias 1
 test_print 2.69879
net matrix:
 -1.35079 0.77024 -0.933672
outputs matrix:
 0.0628805 0.823534 0.133849
error matrix:
 -0.0628805 0.176466 -0.133849
delta matrix:
 -0.00741066 0.0512899 -0.0310353
weights_delta matrix:
 -0.000397347 0.00275008 -0.00166406
 -0.000147195 0.00101875 -0.000616442
 -0.000397576 0.00275166 -0.00166502
 -0.000316795 0.00219257 -0.00132671
 -0.000741066 0.00512899 -0.00310353
weights matrix:
 -0.974635 0.206371 0.000311829
 1.80956 -2.07249 -0.506811
 -2.31674 1.03933 1.86888
 -1.93896 -0.648751 2.52123
 0.882823 0.800194 -2.91918
regression_error on 'test' 0.105835
classification_error on 'test' 0.157895
Save,3233,0.105835,0.157895
sample_count 75 Sample index 63
 i 0:0.420705 i 1:0.904421 i 2:0.143347 i 3:0.135476 bias 1
 test_print 2.60395
net matrix:
 1.51461 -0.926291 -2.76795
outputs matrix:
 0.953877 0.13557 0.00392715
error matrix:
 0.0461229 -0.13557 -0.00392715
delta matrix:
 0.00405841 -0.0317751 -3.07239e-05
weights_delta matrix:
 0.000170739 -0.0013368 -1.29257e-06
 0.000367051 -0.00287381 -2.77874e-06
 5.81761e-05 -0.000455487 -4.40418e-07
 5.49817e-05 -0.000430477 -4.16235e-07
 0.000405841 -0.00317751 -3.07239e-06
weights matrix:
 -0.974464 0.205034 0.000310537
 1.80992 -2.07536 -0.506814
 -2.31668 1.03888 1.86888
 -1.9389 -0.649181 2.52123
 0.883229 0.797017 -2.91918
regression_error on 'test' 0.105425
classification_error on 'test' 0.157895
Save,3234,0.105425,0.157895
sample_count 75 Sample index 49
 i 0:0.397609 i 1:0.480944 i 2:0.612097 i 3:0.60999 bias 1
 test_print 3.10064
net matrix:
 -1.2345 0.120307 -0.480947
outputs matrix:
 0.0780607 0.559865 0.276499
error matrix:
 -0.0780607 0.440135 -0.276499
delta matrix:
 -0.0112356 0.216913 -0.110626
weights_delta matrix:
 -0.000446738 0.00862465 -0.00439858
 -0.00054037 0.0104323 -0.00532049
 -0.000687729 0.0132772 -0.00677138
 -0.000685361 0.0132315 -0.00674807
 -0.00112356 0.0216913 -0.0110626
weights matrix:
 -0.974911 0.213659 -0.00408805
 1.80938 -2.06493 -0.512134
 -2.31737 1.05215 1.8621
 -1.93959 -0.63595 2.51448
 0.882106 0.818708 -2.93024
regression_error on 'test' 0.109701
classification_error on 'test' 0.184211
Save,3235,0.109701,0.184211
sample_count 75 Sample index 48
 i 0:0.744044 i 1:0.516233 i 2:0.748185 i 3:0.828996 bias 1
 test_print 3.83746
net matrix:
 -2.25094 0.171701 0.28003
outputs matrix:
 0.0109666 0.585017 0.636466
error matrix:
 -0.0109666 -0.585017 0.363534
delta matrix:
 -0.000237896 -0.284052 0.168227
weights_delta matrix:
 -1.77005e-05 -0.0211347 0.0125168
 -1.2281e-05 -0.0146637 0.00868441
 -1.7799e-05 -0.0212523 0.0125865
 -1.97215e-05 -0.0235478 0.0139459
 -2.37896e-05 -0.0284052 0.0168227
weights matrix:
 -0.974928 0.192524 0.00842875
 1.80937 -2.07959 -0.50345
 -2.31738 1.0309 1.87469
 -1.93961 -0.659497 2.52843
 0.882082 0.790303 -2.91342
regression_error on 'test' 0.102906
classification_error on 'test' 0.157895
Save,3236,0.102906,0.157895
sample_count 75 Sample index 8
 i 0:0.489992 i 1:0.375074 i 2:0.702823 i 3:0.755994 bias 1
 test_print 3.32388
net matrix:
 -2.01202 0.330602 0.130932
outputs matrix:
 0.0175665 0.659531 0.565094
error matrix:
 -0.0175665 -0.659531 0.434906
delta matrix:
 -0.000606324 -0.296195 0.213767
weights_delta matrix:
 -2.97094e-05 -0.0145133 0.0104744
 -2.27416e-05 -0.0111095 0.00801785
 -4.26139e-05 -0.0208173 0.015024
 -4.58377e-05 -0.0223922 0.0161607
 -6.06324e-05 -0.0296195 0.0213767
weights matrix:
 -0.974958 0.178011 0.0189032
 1.80935 -2.0907 -0.495432
 -2.31743 1.01008 1.88971
 -1.93965 -0.68189 2.54459
 0.882021 0.760683 -2.89204
regression_error on 'test' 0.0971064
classification_error on 'test' 0.105263
Save,3237,0.0971064,0.105263
sample_count 75 Sample index 66
 i 0:0.60547 i 1:0.304495 i 2:0.672581 i 3:0.60999 bias 1
 test_print 3.19254
net matrix:
 -1.89917 0.495273 -0.208294
outputs matrix:
 0.0219166 0.729196 0.397333
error matrix:
 -0.0219166 0.270804 -0.397333
delta matrix:
 -0.000939623 0.106951 -0.190291
weights_delta matrix:
 -5.68913e-05 0.00647557 -0.0115215
 -2.8611e-05 0.00325661 -0.00579425
 -6.31972e-05 0.00719333 -0.0127986
 -5.7316e-05 0.00652391 -0.0116075
 -9.39623e-05 0.0106951 -0.0190291
weights matrix:
 -0.975015 0.184487 0.00738165
 1.80932 -2.08745 -0.501226
 -2.31749 1.01728 1.87692
 -1.93971 -0.675366 2.53298
 0.881927 0.771378 -2.91107
regression_error on 'test' 0.0997289
classification_error on 'test' 0.157895
Save,3238,0.0997289,0.157895
sample_count 75 Sample index 61
 i 0:0.697853 i 1:0.480944 i 2:0.687702 i 3:0.682992 bias 1
 test_print 3.54949
net matrix:
 -1.84686 0.134493 -0.126217
outputs matrix:
 0.0242755 0.566844 0.437224
error matrix:
 -0.0242755 0.433156 -0.437224
delta matrix:
 -0.00114999 0.212707 -0.215166
weights_delta matrix:
 -8.02522e-05 0.0148438 -0.0150154
 -5.5308e-05 0.01023 -0.0103483
 -7.90849e-05 0.0146279 -0.014797
 -7.85432e-05 0.0145277 -0.0146957
 -0.000114999 0.0212707 -0.0215166
weights matrix:
 -0.975095 0.19933 -0.00763379
 1.80927 -2.07722 -0.511575
 -2.31757 1.03191 1.86212
 -1.93979 -0.660838 2.51829
 0.881812 0.792649 -2.93259
regression_error on 'test' 0.104861
classification_error on 'test' 0.157895
Save,3239,0.104861,0.157895
sample_count 75 Sample index 50
 i 0:0.489992 i 1:0.833841 i 2:0.113105 i 3:0.135476 bias 1
 test_print 2.57241
net matrix:
 1.38774 -0.814562 -2.81112
outputs matrix:
 0.941336 0.16395 0.0036035
error matrix:
 0.0586637 -0.16395 -0.0036035
delta matrix:
 0.00647908 -0.0449456 -2.58769e-05
weights_delta matrix:
 0.00031747 -0.0022023 -1.26795e-06
 0.000540252 -0.00374775 -2.15772e-06
 7.32817e-05 -0.000508357 -2.9268e-07
 8.7776e-05 -0.000608905 -3.50569e-07
 0.000647908 -0.00449456 -2.58769e-06
weights matrix:
 -0.974778 0.197128 -0.00763505
 1.80981 -2.08096 -0.511577
 -2.3175 1.0314 1.86212
 -1.9397 -0.661447 2.51829
 0.88246 0.788155 -2.93259
regression_error on 'test' 0.104308
classification_error on 'test' 0.157895
Save,3240,0.104308,0.157895
sample_count 75 Sample index 69
 i 0:0.628566 i 1:0.445654 i 2:0.581855 i 3:0.536988 bias 1
 test_print 3.19306
net matrix:
 -1.31375 0.229608 -0.729605
outputs matrix:
 0.0673898 0.612828 0.188588
error matrix:
 -0.0673898 0.387172 -0.188588
delta matrix:
 -0.00847067 0.183729 -0.0577166
weights_delta matrix:
 -0.000532438 0.0115485 -0.00362787
 -0.000377499 0.00818793 -0.00257216
 -0.00049287 0.0106903 -0.00335827
 -0.000454865 0.009866 -0.00309931
 -0.000847067 0.0183729 -0.00577166
weights matrix:
 -0.97531 0.208677 -0.0112629
 1.80943 -2.07278 -0.514149
 -2.31799 1.04209 1.85876
 -1.94016 -0.651581 2.51519
 0.881613 0.806527 -2.93836
regression_error on 'test' 0.107647
classification_error on 'test' 0.157895
Save,3241,0.107647,0.157895
sample_count 75 Sample index 46
 i 0:0.928809 i 1:0.480944 i 2:0.854032 i 3:0.901998 bias 1
 test_print 4.16578
net matrix:
 -2.88368 0.305711 0.660033
outputs matrix:
 0.00311823 0.648265 0.789193
error matrix:
 -0.00311823 -0.648265 0.210807
delta matrix:
 -1.93861e-05 -0.295632 0.0701429
weights_delta matrix:
 -1.8006e-06 -0.0274585 0.00651494
 -9.32363e-07 -0.0142182 0.00337348
 -1.65564e-06 -0.0252479 0.00599043
 -1.74862e-06 -0.0266659 0.00632688
 -1.93861e-06 -0.0295632 0.00701429
weights matrix:
 -0.975312 0.181218 -0.00474799
 1.80943 -2.08699 -0.510775
 -2.31799 1.01684 1.86475
 -1.94016 -0.678247 2.52151
 0.881611 0.776964 -2.93135
regression_error on 'test' 0.101253
classification_error on 'test' 0.157895
Save,3242,0.101253,0.157895
sample_count 75 Sample index 64
 i 0:0.282131 i 1:0.516233 i 2:0.158468 i 3:0.0989754 bias 1
 test_print 2.05581
net matrix:
 0.981176 -0.155277 -2.6513
outputs matrix:
 0.876787 0.42298 0.004954
error matrix:
 0.123213 -0.42298 -0.004954
delta matrix:
 0.0266216 -0.206471 -4.8841e-05
weights_delta matrix:
 0.000751079 -0.0058252 -1.37796e-06
 0.0013743 -0.0106587 -2.52133e-06
 0.000421868 -0.00327191 -7.73974e-07
 0.000263489 -0.00204356 -4.83406e-07
 0.00266216 -0.0206471 -4.8841e-06
weights matrix:
 -0.974561 0.175393 -0.00474936
 1.8108 -2.09765 -0.510778
 -2.31757 1.01357 1.86475
 -1.93989 -0.68029 2.52151
 0.884273 0.756317 -2.93135
regression_error on 'test' 0.0993262
classification_error on 'test' 0.157895
Save,3243,0.0993262,0.157895
sample_count 75 Sample index 49
 i 0:0.397609 i 1:0.480944 i 2:0.612097 i 3:0.60999 bias 1
 test_print 3.10064
net matrix:
 -1.23422 0.022633 -0.499392
outputs matrix:
 0.0781006 0.511315 0.269181
error matrix:
 -0.0781006 0.488685 -0.269181
delta matrix:
 -0.0112466 0.244218 -0.105908
weights_delta matrix:
 -0.000447176 0.00971031 -0.00421098
 -0.0005409 0.0117455 -0.00509357
 -0.000688403 0.0149485 -0.00648258
 -0.000686033 0.014897 -0.00646026
 -0.00112466 0.0244218 -0.0105908
weights matrix:
 -0.975008 0.185103 -0.00896035
 1.81026 -2.08591 -0.515872
 -2.31826 1.02852 1.85827
 -1.94058 -0.665393 2.51505
 0.883149 0.780739 -2.94195
regression_error on 'test' 0.103493
classification_error on 'test' 0.157895
Save,3244,0.103493,0.157895
sample_count 75 Sample index 67
 i 0:0.443801 i 1:0.375074 i 2:0.566734 i 3:0.536988 bias 1
 test_print 2.9226
net matrix:
 -1.22648 0.306105 -0.735715
outputs matrix:
 0.079222 0.648445 0.186725
error matrix:
 -0.079222 0.351555 -0.186725
delta matrix:
 -0.0115578 0.160284 -0.0567119
weights_delta matrix:
 -0.000512938 0.00711341 -0.00251688
 -0.000433505 0.00601183 -0.00212712
 -0.000655023 0.00908383 -0.00321406
 -0.000620643 0.00860705 -0.00304536
 -0.00115578 0.0160284 -0.00567119
weights matrix:
 -0.975521 0.192217 -0.0114772
 1.80983 -2.0799 -0.517999
 -2.31891 1.0376 1.85505
 -1.9412 -0.656786 2.51201
 0.881993 0.796767 -2.94762
regression_error on 'test' 0.106196
classification_error on 'test' 0.157895
Save,3245,0.106196,0.157895
sample_count 75 Sample index 30
 i 0:0.559279 i 1:0.410364 i 2:0.642339 i 3:0.500487 bias 1
 test_print 3.11247
net matrix:
 -1.38198 0.388534 -0.717803
outputs matrix:
 0.059303 0.685048 0.192227
error matrix:
 -0.059303 0.314952 -0.192227
delta matrix:
 -0.00661657 0.135906 -0.0596963
weights_delta matrix:
 -0.000370051 0.00760096 -0.00333869
 -0.00027152 0.00557711 -0.00244972
 -0.000425008 0.0087298 -0.00383453
 -0.000331151 0.00680194 -0.00298772
 -0.000661657 0.0135906 -0.00596963
weights matrix:
 -0.975891 0.199818 -0.0148159
 1.80956 -2.07432 -0.520448
 -2.31934 1.04633 1.85122
 -1.94153 -0.649984 2.50902
 0.881331 0.810358 -2.95359
regression_error on 'test' 0.108818
classification_error on 'test' 0.184211
Save,3246,0.108818,0.184211
sample_count 75 Sample index 71
 i 0:0.143558 i 1:0.480944 i 2:0.0979839 i 3:0.0989754 bias 1
 test_print 1.82146
net matrix:
 1.19211 -0.120396 -2.7763
outputs matrix:
 0.915616 0.440091 0.0038624
error matrix:
 0.0843843 -0.440091 -0.0038624
delta matrix:
 0.0130397 -0.216886 -2.9721e-05
weights_delta matrix:
 0.000187195 -0.00311358 -4.26669e-07
 0.000627135 -0.010431 -1.42941e-06
 0.000127768 -0.00212514 -2.91218e-07
 0.000129061 -0.00214664 -2.94165e-07
 0.00130397 -0.0216886 -2.9721e-06
weights matrix:
 -0.975704 0.196704 -0.0148163
 1.81018 -2.08475 -0.52045
 -2.31921 1.0442 1.85122
 -1.9414 -0.652131 2.50902
 0.882635 0.788669 -2.95359
regression_error on 'test' 0.106679
classification_error on 'test' 0.157895
Save,3247,0.106679,0.157895
sample_count 75 Sample index 26
 i 0:0.489992 i 1:0.339785 i 2:0.536492 i 3:0.500487 bias 1
 test_print 2.86676
net matrix:
 -1.19626 0.410511 -0.888794
outputs matrix:
 0.0837444 0.694453 0.144601
error matrix:
 -0.0837444 0.305547 -0.144601
delta matrix:
 -0.0128516 0.129667 -0.035772
weights_delta matrix:
 -0.00062972 0.00635357 -0.0017528
 -0.00043668 0.00440588 -0.00121548
 -0.00068948 0.00695652 -0.00191914
 -0.000643208 0.00648965 -0.00179034
 -0.00128516 0.0129667 -0.0035772
weights matrix:
 -0.976334 0.203058 -0.0165691
 1.80975 -2.08034 -0.521665
 -2.3199 1.05116 1.8493
 -1.94205 -0.645641 2.50723
 0.88135 0.801636 -2.95717
regression_error on 'test' 0.108848
classification_error on 'test' 0.184211
Save,3248,0.108848,0.184211
sample_count 75 Sample index 3
 i 0:0.744044 i 1:0.516233 i 2:0.672581 i 3:0.60999 bias 1
 test_print 3.54285
net matrix:
 -1.65578 0.191934 -0.465606
outputs matrix:
 0.0351766 0.594806 0.282679
error matrix:
 -0.0351766 0.405194 -0.282679
delta matrix:
 -0.00238773 0.195313 -0.114638
weights_delta matrix:
 -0.000177657 0.0145322 -0.0085296
 -0.000123262 0.0100827 -0.00591801
 -0.000160594 0.0131364 -0.00771036
 -0.000145649 0.0119139 -0.00699283
 -0.000238773 0.0195313 -0.0114638
weights matrix:
 -0.976511 0.21759 -0.0250987
 1.80962 -2.07026 -0.527583
 -2.32006 1.0643 1.84159
 -1.94219 -0.633727 2.50024
 0.881111 0.821167 -2.96863
regression_error on 'test' 0.11356
classification_error on 'test' 0.236842
Save,3249,0.11356,0.236842
sample_count 75 Sample index 11
 i 0:0.536183 i 1:0.198626 i 2:0.536492 i 3:0.427485 bias 1
 test_print 2.69879
net matrix:
 -1.35799 0.826706 -1.03007
outputs matrix:
 0.062037 0.839352 0.113032
error matrix:
 -0.062037 0.160648 -0.113032
delta matrix:
 -0.00721966 0.0433238 -0.0226643
weights_delta matrix:
 -0.000387106 0.00232295 -0.00121522
 -0.000143401 0.000860523 -0.000450172
 -0.000387329 0.00232429 -0.00121592
 -0.00030863 0.00185203 -0.000968866
 -0.000721966 0.00433238 -0.00226643
weights matrix:
 -0.976898 0.219913 -0.026314
 1.80948 -2.0694 -0.528033
 -2.32045 1.06662 1.84037
 -1.9425 -0.631875 2.49927
 0.880389 0.8255 -2.9709
regression_error on 'test' 0.11441
classification_error on 'test' 0.236842
Save,3250,0.11441,0.236842
sample_count 75 Sample index 5
 i 0:0.536183 i 1:0.198626 i 2:0.687702 i 3:0.60999 bias 1
 test_print 3.0325
net matrix:
 -2.06468 0.880457 -0.29973
outputs matrix:
 0.0158383 0.853324 0.354467
error matrix:
 -0.0158383 -0.853324 0.645533
delta matrix:
 -0.000493759 -0.213608 0.295422
weights_delta matrix:
 -2.64745e-05 -0.0114533 0.01584
 -9.80735e-06 -0.0042428 0.00586785
 -3.39559e-05 -0.0146898 0.0203162
 -3.01188e-05 -0.0130299 0.0180204
 -4.93759e-05 -0.0213608 0.0295422
weights matrix:
 -0.976925 0.20846 -0.0104739
 1.80947 -2.07364 -0.522166
 -2.32048 1.05193 1.86069
 -1.94253 -0.644905 2.51729
 0.88034 0.804139 -2.94135
regression_error on 'test' 0.108268
classification_error on 'test' 0.157895
Save,3251,0.108268,0.157895
sample_count 75 Sample index 2
 i 0:0.466896 i 1:0.480944 i 2:0.566734 i 3:0.500487 bias 1
 test_print 3.01506
net matrix:
 -0.992835 0.177561 -0.882991
outputs matrix:
 0.120716 0.587859 0.146043
error matrix:
 -0.120716 0.412141 -0.146043
delta matrix:
 -0.0256264 0.199708 -0.0364273
weights_delta matrix:
 -0.00119648 0.00932427 -0.00170077
 -0.00123248 0.00960482 -0.00175195
 -0.00145233 0.0113181 -0.00206446
 -0.00128257 0.00999511 -0.00182314
 -0.00256264 0.0199708 -0.00364273
weights matrix:
 -0.978121 0.217784 -0.0121747
 1.80824 -2.06404 -0.523918
 -2.32193 1.06325 1.85862
 -1.94381 -0.63491 2.51547
 0.877777 0.82411 -2.945
regression_error on 'test' 0.111737
classification_error on 'test' 0.184211
Save,3252,0.111737,0.184211
sample_count 75 Sample index 73
 i 0:0.582374 i 1:0.410364 i 2:0.65746 i 3:0.719493 bias 1
 test_print 3.36969
net matrix:
 -1.87496 0.346165 -0.135253
outputs matrix:
 0.0229793 0.666485 0.432783
error matrix:
 -0.0229793 -0.666485 0.567217
delta matrix:
 -0.00103183 -0.296296 0.278483
weights_delta matrix:
 -6.00909e-05 -0.0172555 0.0162181
 -4.23425e-05 -0.0121589 0.0114279
 -6.78385e-05 -0.0194803 0.0183091
 -7.42392e-05 -0.0213183 0.0200367
 -0.000103183 -0.0296296 0.0278483
weights matrix:
 -0.978181 0.200528 0.0040434
 1.80819 -2.0762 -0.51249
 -2.322 1.04377 1.87693
 -1.94389 -0.656228 2.5355
 0.877674 0.79448 -2.91715
regression_error on 'test' 0.104364
classification_error on 'test' 0.157895
Save,3253,0.104364,0.157895
sample_count 75 Sample index 62
 i 0:0.582374 i 1:0.622103 i 2:0.748185 i 3:0.901998 bias 1
 test_print 3.85466
net matrix:
 -2.05778 -0.19133 0.457697
outputs matrix:
 0.0160549 0.405486 0.714103
error matrix:
 -0.0160549 -0.405486 0.285897
delta matrix:
 -0.000507243 -0.195498 0.116738
weights_delta matrix:
 -2.95405e-05 -0.0113853 0.0067985
 -3.15557e-05 -0.012162 0.00726228
 -3.79511e-05 -0.0146269 0.00873414
 -4.57532e-05 -0.0176339 0.0105297
 -5.07243e-05 -0.0195498 0.0116738
weights matrix:
 -0.978211 0.189143 0.0108419
 1.80816 -2.08836 -0.505227
 -2.32204 1.02914 1.88567
 -1.94393 -0.673862 2.54603
 0.877623 0.77493 -2.90548
regression_error on 'test' 0.100024
classification_error on 'test' 0.157895
Save,3254,0.100024,0.157895
sample_count 75 Sample index 17
 i 0:0.443801 i 1:0.304495 i 2:0.521371 i 3:0.463986 bias 1
 test_print 2.73365
net matrix:
 -1.11853 0.44688 -0.890047
outputs matrix:
 0.0964712 0.709665 0.144292
error matrix:
 -0.0964712 0.290335 -0.144292
delta matrix:
 -0.0168177 0.119641 -0.0356318
weights_delta matrix:
 -0.000746372 0.00530969 -0.00158134
 -0.000512091 0.00364302 -0.00108497
 -0.000876827 0.00623775 -0.00185774
 -0.000780318 0.00555119 -0.00165327
 -0.00168177 0.0119641 -0.00356318
weights matrix:
 -0.978957 0.194453 0.00926056
 1.80765 -2.08472 -0.506312
 -2.32291 1.03538 1.88381
 -1.94471 -0.668311 2.54438
 0.875942 0.786894 -2.90904
regression_error on 'test' 0.101771
classification_error on 'test' 0.157895
Save,3255,0.101771,0.157895
sample_count 75 Sample index 19
 i 0:0.674757 i 1:0.480944 i 2:0.596976 i 3:0.573489 bias 1
 test_print 3.32617
net matrix:
 -1.41723 0.150299 -0.562534
outputs matrix:
 0.0554898 0.574589 0.245072
error matrix:
 -0.0554898 0.425411 -0.245072
delta matrix:
 -0.00581651 0.207972 -0.0906825
weights_delta matrix:
 -0.000392473 0.0140331 -0.00611887
 -0.000279742 0.0100023 -0.00436132
 -0.000347232 0.0124154 -0.00541353
 -0.00033357 0.011927 -0.00520054
 -0.000581651 0.0207972 -0.00906825
weights matrix:
 -0.97935 0.208486 0.00314169
 1.80737 -2.07471 -0.510674
 -2.32326 1.0478 1.8784
 -1.94505 -0.656384 2.53918
 0.87536 0.807692 -2.91811
regression_error on 'test' 0.105714
classification_error on 'test' 0.157895
Save,3256,0.105714,0.157895
sample_count 75 Sample index 20
 i 0:0.489992 i 1:0.375074 i 2:0.521371 i 3:0.500487 bias 1
 test_print 2.88692
net matrix:
 -1.11137 0.349456 -0.85794
outputs matrix:
 0.0977273 0.667946 0.152403
error matrix:
 -0.0977273 0.332054 -0.152403
delta matrix:
 -0.0172345 0.147295 -0.0393735
weights_delta matrix:
 -0.000844479 0.00721734 -0.00192927
 -0.000646423 0.00552466 -0.0014768
 -0.000898559 0.00767954 -0.00205282
 -0.000862566 0.00737193 -0.00197059
 -0.00172345 0.0147295 -0.00393735
weights matrix:
 -0.980194 0.215703 0.00121242
 1.80673 -2.06919 -0.51215
 -2.32416 1.05548 1.87634
 -1.94591 -0.649012 2.53721
 0.873637 0.822421 -2.92204
regression_error on 'test' 0.108198
classification_error on 'test' 0.157895
Save,3257,0.108198,0.157895
sample_count 75 Sample index 69
 i 0:0.628566 i 1:0.445654 i 2:0.581855 i 3:0.536988 bias 1
 test_print 3.19306
net matrix:
 -1.33456 0.301484 -0.695313
outputs matrix:
 0.0648202 0.646335 0.199308
error matrix:
 -0.0648202 0.353665 -0.199308
delta matrix:
 -0.00785861 0.161686 -0.0636127
weights_delta matrix:
 -0.000493966 0.010163 -0.00399848
 -0.000350222 0.00720559 -0.00283493
 -0.000457257 0.00940776 -0.00370134
 -0.000421998 0.00868233 -0.00341593
 -0.000785861 0.0161686 -0.00636127
weights matrix:
 -0.980688 0.225866 -0.00278606
 1.80637 -2.06198 -0.514985
 -2.32462 1.06488 1.87264
 -1.94633 -0.64033 2.53379
 0.872851 0.83859 -2.92841
regression_error on 'test' 0.111419
classification_error on 'test' 0.184211
Save,3258,0.111419,0.184211
sample_count 75 Sample index 39
 i 0:0.397609 i 1:0.622103 i 2:0.18871 i 3:0.135476 bias 1
 test_print 2.3439
net matrix:
 0.904312 -0.240165 -2.55323
outputs matrix:
 0.859195 0.382174 0.00602099
error matrix:
 0.140805 -0.382174 -0.00602099
delta matrix:
 0.0340687 -0.180476 -7.2068e-05
weights_delta matrix:
 0.0013546 -0.00717587 -2.86549e-06
 0.00211943 -0.0112274 -4.48337e-06
 0.000642911 -0.00340576 -1.36e-06
 0.000461549 -0.00244501 -9.76349e-07
 0.00340687 -0.0180476 -7.2068e-06
weights matrix:
 -0.979334 0.21869 -0.00278893
 1.80849 -2.07321 -0.51499
 -2.32397 1.06148 1.87264
 -1.94587 -0.642775 2.53379
 0.876258 0.820542 -2.92841
regression_error on 'test' 0.10905
classification_error on 'test' 0.157895
Save,3259,0.10905,0.157895
sample_count 75 Sample index 35
 i 0:0.189749 i 1:0.233915 i 2:0.128226 i 3:0.171977 bias 1
 test_print 1.72387
net matrix:
 0.480825 0.40265 -2.37353
outputs matrix:
 0.723452 0.691107 0.00860252
error matrix:
 0.276548 -0.691107 -0.00860252
delta matrix:
 0.110657 -0.295072 -0.000146733
weights_delta matrix:
 0.00209971 -0.00559897 -2.78425e-06
 0.00258844 -0.00690219 -3.43231e-06
 0.00141892 -0.0037836 -1.8815e-06
 0.00190305 -0.00507457 -2.52348e-06
 0.0110657 -0.0295072 -1.46733e-05
weights matrix:
 -0.977234 0.213091 -0.00279171
 1.81108 -2.08011 -0.514993
 -2.32256 1.05769 1.87264
 -1.94397 -0.647849 2.53379
 0.887323 0.791035 -2.92843
regression_error on 'test' 0.106061
classification_error on 'test' 0.157895
Save,3260,0.106061,0.157895
sample_count 75 Sample index 65
 i 0:0.928809 i 1:0.410364 i 2:0.944758 i 3:0.792495 bias 1
 test_print 4.07643
net matrix:
 -3.01197 0.6212 0.634851
outputs matrix:
 0.00241425 0.775981 0.780692
error matrix:
 -0.00241425 -0.775981 0.219308
delta matrix:
 -1.16291e-05 -0.269784 0.0750964
weights_delta matrix:
 -1.08012e-06 -0.0250578 0.00697502
 -4.77215e-07 -0.011071 0.00308169
 -1.09866e-06 -0.0254881 0.0070948
 -9.21597e-07 -0.0213803 0.00595135
 -1.16291e-06 -0.0269784 0.00750964
weights matrix:
 -0.977235 0.188033 0.00418331
 1.81108 -2.09118 -0.511912
 -2.32256 1.03221 1.87973
 -1.94397 -0.66923 2.53974
 0.887322 0.764056 -2.92092
regression_error on 'test' 0.100336
classification_error on 'test' 0.157895
Save,3261,0.100336,0.157895
sample_count 75 Sample index 49
 i 0:0.397609 i 1:0.480944 i 2:0.612097 i 3:0.60999 bias 1
 test_print 3.10064
net matrix:
 -1.23764 0.0566645 -0.465659
outputs matrix:
 0.0776098 0.528302 0.282657
error matrix:
 -0.0776098 0.471698 -0.282657
delta matrix:
 -0.0111116 0.235093 -0.114624
weights_delta matrix:
 -0.000441808 0.00934752 -0.00455757
 -0.000534407 0.0113067 -0.00551279
 -0.000680139 0.01439 -0.00701613
 -0.000677798 0.0143405 -0.00699197
 -0.00111116 0.0235093 -0.0114624
weights matrix:
 -0.977677 0.197381 -0.000374258
 1.81055 -2.07988 -0.517424
 -2.32324 1.0466 1.87272
 -1.94465 -0.654889 2.53275
 0.886211 0.787566 -2.93238
regression_error on 'test' 0.104529
classification_error on 'test' 0.157895
Save,3262,0.104529,0.157895
sample_count 75 Sample index 36
 i 0:0.744044 i 1:0.516233 i 2:0.702823 i 3:0.901998 bias 1
 test_print 3.8651
net matrix:
 -2.29345 0.00558739 0.400953
outputs matrix:
 0.0100817 0.502794 0.690382
error matrix:
 -0.0100817 -0.502794 0.309618
delta matrix:
 -0.000201232 -0.251389 0.132365
weights_delta matrix:
 -1.49725e-05 -0.0187044 0.0098485
 -1.03883e-05 -0.0129775 0.00683309
 -1.4143e-05 -0.0176682 0.00930288
 -1.81511e-05 -0.0226752 0.0119393
 -2.01232e-05 -0.0251389 0.0132365
weights matrix:
 -0.977692 0.178676 0.00947424
 1.81054 -2.09285 -0.510591
 -2.32325 1.02893 1.88202
 -1.94466 -0.677565 2.54469
 0.886191 0.762427 -2.91914
regression_error on 'test' 0.0990731
classification_error on 'test' 0.157895
Save,3263,0.0990731,0.157895
sample_count 75 Sample index 53
 i 0:0.489992 i 1:0.410364 i 2:0.702823 i 3:0.938499 bias 1
 test_print 3.54168
net matrix:
 -2.30779 0.078405 0.586885
outputs matrix:
 0.00979945 0.539122 0.763826
error matrix:
 -0.00979945 -0.539122 0.236174
delta matrix:
 -0.000190176 -0.267911 0.0852098
weights_delta matrix:
 -9.31849e-06 -0.0131274 0.00417521
 -7.80415e-06 -0.0109941 0.0034967
 -1.3366e-05 -0.0188294 0.00598874
 -1.7848e-05 -0.0251434 0.00799693
 -1.90176e-05 -0.0267911 0.00852098
weights matrix:
 -0.977701 0.165549 0.0136495
 1.81053 -2.10385 -0.507095
 -2.32326 1.0101 1.88801
 -1.94468 -0.702708 2.55268
 0.886172 0.735636 -2.91062
regression_error on 'test' 0.0946241
classification_error on 'test' 0.105263
Save,3264,0.0946241,0.105263
sample_count 75 Sample index 14
 i 0:0.697853 i 1:0.516233 i 2:0.778427 i 3:0.938499 bias 1
 test_print 3.93101
net matrix:
 -2.49504 -0.108114 0.702493
outputs matrix:
 0.00675914 0.446152 0.802974
error matrix:
 -0.00675914 -0.446152 0.197026
delta matrix:
 -9.07544e-05 -0.220489 0.0623417
weights_delta matrix:
 -6.33332e-06 -0.0153869 0.00435053
 -4.68504e-06 -0.0113824 0.00321828
 -7.06457e-06 -0.0171635 0.00485285
 -8.51729e-06 -0.0206929 0.00585076
 -9.07544e-06 -0.0220489 0.00623417
weights matrix:
 -0.977707 0.150162 0.018
 1.81052 -2.11523 -0.503876
 -2.32327 0.992935 1.89286
 -1.94469 -0.723401 2.55853
 0.886163 0.713587 -2.90439
regression_error on 'test' 0.0911849
classification_error on 'test' 0.0526316
Save,3265,0.0911849,0.0526316
sample_count 75 Sample index 62
 i 0:0.582374 i 1:0.622103 i 2:0.748185 i 3:0.901998 bias 1
 test_print 3.85466
net matrix:
 -2.04924 -0.424461 0.516636
outputs matrix:
 0.0163269 0.299659 0.73755
error matrix:
 -0.0163269 -0.299659 0.26245
delta matrix:
 -0.000524431 -0.125775 0.101605
weights_delta matrix:
 -3.05415e-05 -0.0073248 0.00591721
 -3.2625e-05 -0.00782449 0.00632088
 -3.92372e-05 -0.00941029 0.00760193
 -4.73036e-05 -0.0113449 0.00916475
 -5.24431e-05 -0.0125775 0.0101605
weights matrix:
 -0.977738 0.142837 0.0239172
 1.81049 -2.12306 -0.497555
 -2.32331 0.983525 1.90046
 -1.94474 -0.734746 2.5677
 0.88611 0.701009 -2.89423
regression_error on 'test' 0.0890932
classification_error on 'test' 0.105263
Save,3266,0.0890932,0.105263
sample_count 75 Sample index 26
 i 0:0.489992 i 1:0.339785 i 2:0.536492 i 3:0.500487 bias 1
 test_print 2.86676
net matrix:
 -1.19755 0.209538 -0.746886
outputs matrix:
 0.0835472 0.603262 0.183356
error matrix:
 -0.0835472 0.396738 -0.183356
delta matrix:
 -0.0127939 0.189908 -0.0549103
weights_delta matrix:
 -0.000626893 0.00930534 -0.00269056
 -0.000434719 0.00645279 -0.00186577
 -0.000686385 0.0101884 -0.0029459
 -0.00064032 0.00950464 -0.00274819
 -0.00127939 0.0189908 -0.00549103
weights matrix:
 -0.978365 0.152143 0.0212266
 1.81006 -2.1166 -0.499421
 -2.324 0.993713 1.89752
 -1.94538 -0.725241 2.56495
 0.884831 0.72 -2.89972
regression_error on 'test' 0.0910913
classification_error on 'test' 0.0526316
Save,3267,0.0910913,0.0526316
sample_count 75 Sample index 22
 i 0:0.305227 i 1:0.233915 i 2:0.430645 i 3:0.427485 bias 1
 test_print 2.39727
net matrix:
 -0.822831 0.389241 -1.09643
outputs matrix:
 0.161696 0.685353 0.100394
error matrix:
 -0.161696 0.314647 -0.100394
delta matrix:
 -0.043836 0.135704 -0.0181342
weights_delta matrix:
 -0.00133799 0.00414205 -0.000553505
 -0.00102539 0.00317431 -0.000424186
 -0.00188778 0.00584402 -0.000780941
 -0.00187392 0.00580113 -0.00077521
 -0.0043836 0.0135704 -0.00181342
weights matrix:
 -0.979703 0.156285 0.0206731
 1.80903 -2.11343 -0.499845
 -2.32589 0.999557 1.89674
 -1.94725 -0.71944 2.56418
 0.880447 0.73357 -2.90153
regression_error on 'test' 0.0923546
classification_error on 'test' 0.0526316
Save,3268,0.0923546,0.0526316
sample_count 75 Sample index 53
 i 0:0.489992 i 1:0.410364 i 2:0.702823 i 3:0.938499 bias 1
 test_print 3.54168
net matrix:
 -2.31942 -0.0298082 0.643027
outputs matrix:
 0.00957637 0.4851 0.783478
error matrix:
 -0.00957637 -0.4851 0.216522
delta matrix:
 -0.000181657 -0.242335 0.0734614
weights_delta matrix:
 -8.90106e-06 -0.0118742 0.00359955
 -7.45456e-06 -0.00994455 0.00301459
 -1.27673e-05 -0.0170318 0.00516304
 -1.70485e-05 -0.0227431 0.00689435
 -1.81657e-05 -0.0242335 0.00734614
weights matrix:
 -0.979712 0.144411 0.0242727
 1.80902 -2.12337 -0.496831
 -2.3259 0.982525 1.9019
 -1.94727 -0.742183 2.57107
 0.880429 0.709337 -2.89419
regression_error on 'test' 0.0891259
classification_error on 'test' 0.105263
Save,3269,0.0891259,0.105263
sample_count 75 Sample index 64
 i 0:0.282131 i 1:0.516233 i 2:0.158468 i 3:0.0989754 bias 1
 test_print 2.05581
net matrix:
 0.976588 -0.263835 -2.58796
outputs matrix:
 0.875793 0.371061 0.00561931
error matrix:
 0.124207 -0.371061 -0.00561931
delta matrix:
 0.0270225 -0.173192 -6.27985e-05
weights_delta matrix:
 0.00076239 -0.00488629 -1.77174e-06
 0.00139499 -0.00894076 -3.24187e-06
 0.000428221 -0.00274454 -9.95155e-07
 0.000267457 -0.00171418 -6.21551e-07
 0.00270225 -0.0173192 -6.27985e-06
weights matrix:
 -0.978949 0.139524 0.0242709
 1.81042 -2.13231 -0.496834
 -2.32547 0.979781 1.9019
 -1.947 -0.743897 2.57107
 0.883131 0.692018 -2.89419
regression_error on 'test' 0.0880615
classification_error on 'test' 0.105263
Save,3270,0.0880615,0.105263
sample_count 75 Sample index 50
 i 0:0.489992 i 1:0.833841 i 2:0.113105 i 3:0.135476 bias 1
 test_print 2.57241
net matrix:
 1.38626 -1.00759 -2.73315
outputs matrix:
 0.941173 0.117618 0.00420907
error matrix:
 0.0588271 -0.117618 -0.00420907
delta matrix:
 0.0065141 -0.0244139 -3.52834e-05
weights_delta matrix:
 0.000319186 -0.00119626 -1.72886e-06
 0.000543172 -0.00203573 -2.94208e-06
 7.36777e-05 -0.000276134 -3.99073e-07
 8.82504e-05 -0.00033075 -4.78006e-07
 0.00065141 -0.00244139 -3.52834e-06
weights matrix:
 -0.97863 0.138328 0.0242692
 1.81096 -2.13435 -0.496837
 -2.3254 0.979505 1.9019
 -1.94691 -0.744228 2.57107
 0.883783 0.689576 -2.8942
regression_error on 'test' 0.0878937
classification_error on 'test' 0.105263
Save,3271,0.0878937,0.105263
sample_count 75 Sample index 24
 i 0:0.466896 i 1:0.445654 i 2:0.566734 i 3:0.536988 bias 1
 test_print 3.01627
net matrix:
 -1.12942 -0.0415432 -0.645778
outputs matrix:
 0.0945892 0.47924 0.21559
error matrix:
 -0.0945892 0.52076 -0.21559
delta matrix:
 -0.0162016 0.259931 -0.0729171
weights_delta matrix:
 -0.000756447 0.0121361 -0.00340447
 -0.000722032 0.0115839 -0.00324958
 -0.000918201 0.0147312 -0.00413246
 -0.000870008 0.013958 -0.00391556
 -0.00162016 0.0259931 -0.00729171
weights matrix:
 -0.979387 0.150464 0.0208647
 1.81024 -2.12277 -0.500087
 -2.32631 0.994236 1.89777
 -1.94778 -0.73027 2.56715
 0.882163 0.715569 -2.90149
regression_error on 'test' 0.0905798
classification_error on 'test' 0.0789474
Save,3272,0.0905798,0.0789474
sample_count 75 Sample index 36
 i 0:0.744044 i 1:0.516233 i 2:0.702823 i 3:0.901998 bias 1
 test_print 3.8651
net matrix:
 -2.30392 -0.228251 0.505237
outputs matrix:
 0.00987482 0.387816 0.733113
error matrix:
 -0.00987482 -0.387816 0.266887
delta matrix:
 -0.000193098 -0.184147 0.104437
weights_delta matrix:
 -1.43674e-05 -0.0137013 0.00777059
 -9.96836e-06 -0.00950625 0.0053914
 -1.35714e-05 -0.0129422 0.00734009
 -1.74174e-05 -0.01661 0.00942022
 -1.93098e-05 -0.0184147 0.0104437
weights matrix:
 -0.979401 0.136763 0.0286353
 1.81023 -2.13227 -0.494695
 -2.32633 0.981293 1.90511
 -1.9478 -0.74688 2.57657
 0.882143 0.697155 -2.89104
regression_error on 'test' 0.08789
classification_error on 'test' 0.105263
Save,3273,0.08789,0.105263
sample_count 75 Sample index 39
 i 0:0.397609 i 1:0.622103 i 2:0.18871 i 3:0.135476 bias 1
 test_print 2.3439
net matrix:
 0.915993 -0.490964 -2.47883
outputs matrix:
 0.861998 0.272509 0.00698025
error matrix:
 0.138002 -0.272509 -0.00698025
delta matrix:
 0.0328326 -0.108049 -9.67676e-05
weights_delta matrix:
 0.00130546 -0.00429612 -3.84757e-06
 0.00204253 -0.00672175 -6.01994e-06
 0.000619585 -0.00203899 -1.8261e-06
 0.000444804 -0.0014638 -1.31097e-06
 0.00328326 -0.0108049 -9.67676e-06
weights matrix:
 -0.978095 0.132467 0.0286315
 1.81227 -2.13899 -0.494701
 -2.32571 0.979254 1.90511
 -1.94736 -0.748344 2.57657
 0.885427 0.68635 -2.89105
regression_error on 'test' 0.0871986
classification_error on 'test' 0.105263
Save,3274,0.0871986,0.105263
sample_count 75 Sample index 73
 i 0:0.582374 i 1:0.410364 i 2:0.65746 i 3:0.719493 bias 1
 test_print 3.36969
net matrix:
 -1.87067 -0.00887838 0.0289697
outputs matrix:
 0.0231727 0.495561 0.514481
error matrix:
 -0.0231727 -0.495561 0.485519
delta matrix:
 -0.00104906 -0.247761 0.242556
weights_delta matrix:
 -6.10945e-05 -0.014429 0.0141258
 -4.30496e-05 -0.0101672 0.00995362
 -6.89714e-05 -0.0162893 0.0159471
 -7.54791e-05 -0.0178262 0.0174517
 -0.000104906 -0.0247761 0.0242556
weights matrix:
 -0.978157 0.118038 0.0427573
 1.81223 -2.14916 -0.484748
 -2.32578 0.962965 1.92105
 -1.94743 -0.76617 2.59402
 0.885322 0.661574 -2.8668
regression_error on 'test' 0.0843099
classification_error on 'test' 0.0789474
Save,3275,0.0843099,0.0789474
sample_count 75 Sample index 28
 i 0:0.305227 i 1:0.551523 i 2:0.113105 i 3:0.135476 bias 1
 test_print 2.10533
net matrix:
 1.05936 -0.482591 -2.55239
outputs matrix:
 0.89271 0.275842 0.0060311
error matrix:
 0.10729 -0.275842 -0.0060311
delta matrix:
 0.0205524 -0.110201 -7.23097e-05
weights_delta matrix:
 0.000627313 -0.00336362 -2.20709e-06
 0.00113351 -0.00607781 -3.98804e-06
 0.000232457 -0.00124642 -8.17858e-07
 0.000278435 -0.00149295 -9.79622e-07
 0.00205524 -0.0110201 -7.23097e-06
weights matrix:
 -0.977529 0.114674 0.0427551
 1.81336 -2.15524 -0.484752
 -2.32554 0.961719 1.92105
 -1.94715 -0.767663 2.59402
 0.887377 0.650554 -2.86681
regression_error on 'test' 0.0838369
classification_error on 'test' 0.0789474
Save,3276,0.0838369,0.0789474
sample_count 75 Sample index 46
 i 0:0.928809 i 1:0.480944 i 2:0.854032 i 3:0.901998 bias 1
 test_print 4.16578
net matrix:
 -2.89085 -0.150577 0.920211
outputs matrix:
 0.00307398 0.425275 0.862999
error matrix:
 -0.00307398 -0.425275 0.137001
delta matrix:
 -1.88406e-05 -0.207888 0.0323959
weights_delta matrix:
 -1.74993e-06 -0.0193089 0.00300896
 -9.06126e-07 -0.00999827 0.00155806
 -1.60904e-06 -0.0177543 0.00276671
 -1.69942e-06 -0.0187515 0.0029221
 -1.88406e-06 -0.0207888 0.00323959
weights matrix:
 -0.977531 0.0953652 0.045764
 1.81336 -2.16524 -0.483194
 -2.32555 0.943964 1.92382
 -1.94715 -0.786414 2.59695
 0.887375 0.629765 -2.86357
regression_error on 'test' 0.0822525
classification_error on 'test' 0.0789474
Save,3277,0.0822525,0.0789474
sample_count 75 Sample index 69
 i 0:0.628566 i 1:0.445654 i 2:0.581855 i 3:0.536988 bias 1
 test_print 3.19306
net matrix:
 -1.31766 -0.148283 -0.536225
outputs matrix:
 0.066899 0.426397 0.254937
error matrix:
 -0.066899 0.573603 -0.254937
delta matrix:
 -0.00835214 0.280587 -0.0968478
weights_delta matrix:
 -0.000524987 0.0176367 -0.00608753
 -0.000372217 0.0125045 -0.00431606
 -0.000485974 0.0163261 -0.00563514
 -0.0004485 0.0150672 -0.00520061
 -0.000835214 0.0280587 -0.00968478
weights matrix:
 -0.978056 0.113002 0.0396765
 1.81299 -2.15273 -0.48751
 -2.32603 0.96029 1.91818
 -1.9476 -0.771347 2.59175
 0.88654 0.657824 -2.87325
regression_error on 'test' 0.0840637
classification_error on 'test' 0.0789474
Save,3278,0.0840637,0.0789474
sample_count 75 Sample index 32
 i 0:0.697853 i 1:0.516233 i 2:0.642339 i 3:0.60999 bias 1
 test_print 3.46642
net matrix:
 -1.54219 -0.228311 -0.284168
outputs matrix:
 0.0437559 0.387787 0.361621
error matrix:
 -0.0437559 0.612213 -0.361621
delta matrix:
 -0.00366161 0.290689 -0.166961
weights_delta matrix:
 -0.000255526 0.0202858 -0.0116514
 -0.000189024 0.0150063 -0.00861909
 -0.000235199 0.0186721 -0.0107246
 -0.000223354 0.0177317 -0.0101845
 -0.000366161 0.0290689 -0.0166961
weights matrix:
 -0.978312 0.133288 0.0280251
 1.8128 -2.13773 -0.496129
 -2.32627 0.978963 1.90746
 -1.94783 -0.753616 2.58156
 0.886174 0.686892 -2.88995
regression_error on 'test' 0.086994
classification_error on 'test' 0.105263
Save,3279,0.086994,0.105263
sample_count 75 Sample index 50
 i 0:0.489992 i 1:0.833841 i 2:0.113105 i 3:0.135476 bias 1
 test_print 2.57241
net matrix:
 1.3914 -1.02169 -2.72442
outputs matrix:
 0.941739 0.114722 0.00428283
error matrix:
 0.0582606 -0.114722 -0.00428283
delta matrix:
 0.00639309 -0.0233027 -3.65282e-05
weights_delta matrix:
 0.000313256 -0.00114181 -1.78985e-06
 0.000533082 -0.00194308 -3.04587e-06
 7.23091e-05 -0.000263565 -4.13152e-07
 8.66111e-05 -0.000315696 -4.9487e-07
 0.000639309 -0.00233027 -3.65282e-06
weights matrix:
 -0.977998 0.132146 0.0280233
 1.81333 -2.13967 -0.496132
 -2.3262 0.978699 1.90746
 -1.94774 -0.753931 2.58156
 0.886813 0.684562 -2.88995
regression_error on 'test' 0.0868434
classification_error on 'test' 0.0789474
Save,3280,0.0868434,0.0789474
sample_count 75 Sample index 57
 i 0:0.374514 i 1:0.727972 i 2:0.158468 i 3:0.135476 bias 1
 test_print 2.39643
net matrix:
 1.2081 -0.770614 -2.58861
outputs matrix:
 0.918054 0.176357 0.00561195
error matrix:
 0.0819462 -0.176357 -0.00561195
delta matrix:
 0.0123298 -0.0512335 -6.26345e-05
weights_delta matrix:
 0.000461768 -0.00191877 -2.34575e-06
 0.000897575 -0.00372965 -4.55962e-06
 0.000195388 -0.000811887 -9.92557e-07
 0.000167039 -0.000694091 -8.48547e-07
 0.00123298 -0.00512335 -6.26345e-06
weights matrix:
 -0.977536 0.130227 0.0280209
 1.81423 -2.1434 -0.496136
 -2.326 0.977887 1.90746
 -1.94757 -0.754625 2.58156
 0.888046 0.679439 -2.88996
regression_error on 'test' 0.086537
classification_error on 'test' 0.0789474
Save,3281,0.086537,0.0789474
sample_count 75 Sample index 14
 i 0:0.697853 i 1:0.516233 i 2:0.778427 i 3:0.938499 bias 1
 test_print 3.93101
net matrix:
 -2.49598 -0.283176 0.781083
outputs matrix:
 0.00674651 0.362079 0.826664
error matrix:
 -0.00674651 -0.362079 0.173336
delta matrix:
 -9.04166e-05 -0.167264 0.0496749
weights_delta matrix:
 -6.30975e-06 -0.0116726 0.00346658
 -4.6676e-06 -0.00863474 0.00256438
 -7.03827e-06 -0.0130203 0.00386683
 -8.48559e-06 -0.0156977 0.00466198
 -9.04166e-06 -0.0167264 0.00496749
weights matrix:
 -0.977543 0.118555 0.0314875
 1.81423 -2.15203 -0.493572
 -2.32601 0.964867 1.91132
 -1.94758 -0.770323 2.58622
 0.888037 0.662712 -2.88499
regression_error on 'test' 0.0847997
classification_error on 'test' 0.0789474
Save,3282,0.0847997,0.0789474
sample_count 75 Sample index 52
 i 0:0.443801 i 1:0.410364 i 2:0.672581 i 3:0.792495 bias 1
 test_print 3.31924
net matrix:
 -1.90918 -0.129316 0.261529
outputs matrix:
 0.0214917 0.4357 0.627862
error matrix:
 -0.0214917 -0.4357 0.372138
delta matrix:
 -0.000903936 -0.214247 0.173901
weights_delta matrix:
 -4.01168e-05 -0.00950831 0.00771773
 -3.70943e-05 -0.00879193 0.00713626
 -6.0797e-05 -0.0144099 0.0116962
 -7.16364e-05 -0.016979 0.0137816
 -9.03936e-05 -0.0214247 0.0173901
weights matrix:
 -0.977583 0.109046 0.0392052
 1.81419 -2.16083 -0.486436
 -2.32607 0.950457 1.92302
 -1.94765 -0.787302 2.6
 0.887947 0.641288 -2.8676
regression_error on 'test' 0.0828485
classification_error on 'test' 0.0789474
Save,3283,0.0828485,0.0789474
sample_count 75 Sample index 55
 i 0:0.628566 i 1:0.551523 i 2:0.612097 i 3:0.60999 bias 1
 test_print 3.40218
net matrix:
 -1.33779 -0.380389 -0.348186
outputs matrix:
 0.0644299 0.318477 0.332617
error matrix:
 -0.0644299 0.681523 -0.332617
delta matrix:
 -0.0077675 0.295848 -0.147671
weights_delta matrix:
 -0.000488239 0.018596 -0.00928208
 -0.000428396 0.0163167 -0.00814438
 -0.000475447 0.0181088 -0.00903888
 -0.00047381 0.0180465 -0.00900777
 -0.00077675 0.0295848 -0.0147671
weights matrix:
 -0.978071 0.127642 0.0299232
 1.81376 -2.14451 -0.49458
 -2.32654 0.968566 1.91398
 -1.94813 -0.769256 2.591
 0.88717 0.670873 -2.88237
regression_error on 'test' 0.085285
classification_error on 'test' 0.0789474
Save,3284,0.085285,0.0789474
sample_count 75 Sample index 1
 i 0:0.582374 i 1:0.445654 i 2:0.581855 i 3:0.536988 bias 1
 test_print 3.14687
net matrix:
 -1.27395 -0.0600171 -0.580358
outputs matrix:
 0.0725671 0.470027 0.238537
error matrix:
 -0.0725671 0.529973 -0.238537
delta matrix:
 -0.00976769 0.264034 -0.0866544
weights_delta matrix:
 -0.000568845 0.0153767 -0.00504653
 -0.000435301 0.0117668 -0.00386179
 -0.000568338 0.015363 -0.00504203
 -0.000524513 0.0141783 -0.00465324
 -0.000976769 0.0264034 -0.00866544
weights matrix:
 -0.97864 0.143019 0.0248766
 1.81333 -2.13274 -0.498442
 -2.32711 0.983929 1.90894
 -1.94865 -0.755077 2.58634
 0.886193 0.697276 -2.89103
regression_error on 'test' 0.08772
classification_error on 'test' 0.105263
Save,3285,0.08772,0.105263
sample_count 75 Sample index 47
 i 0:0.282131 i 1:0.516233 i 2:0.158468 i 3:0.0989754 bias 1
 test_print 2.05581
net matrix:
 0.984546 -0.282179 -2.58283
outputs matrix:
 0.877514 0.36254 0.00567683
error matrix:
 0.122486 -0.36254 -0.00567683
delta matrix:
 0.0263305 -0.167569 -6.40868e-05
weights_delta matrix:
 0.000742866 -0.00472765 -1.80809e-06
 0.00135927 -0.00865048 -3.30837e-06
 0.000417255 -0.00265544 -1.01557e-06
 0.000260607 -0.00165852 -6.34302e-07
 0.00263305 -0.0167569 -6.40868e-06
weights matrix:
 -0.977897 0.138291 0.0248748
 1.81469 -2.14139 -0.498445
 -2.32669 0.981273 1.90894
 -1.94839 -0.756736 2.58634
 0.888826 0.680519 -2.89104
regression_error on 'test' 0.0867732
classification_error on 'test' 0.0789474
Save,3286,0.0867732,0.0789474
sample_count 75 Sample index 52
 i 0:0.443801 i 1:0.410364 i 2:0.672581 i 3:0.792495 bias 1
 test_print 3.31924
net matrix:
 -1.90946 -0.0765812 0.249036
outputs matrix:
 0.0214798 0.461784 0.622006
error matrix:
 -0.0214798 -0.461784 0.377994
delta matrix:
 -0.000902943 -0.229543 0.177744
weights_delta matrix:
 -4.00727e-05 -0.0101872 0.00788828
 -3.70536e-05 -0.00941963 0.00729396
 -6.07303e-05 -0.0154386 0.0119547
 -7.15578e-05 -0.0181912 0.0140861
 -9.02943e-05 -0.0229543 0.0177744
weights matrix:
 -0.977937 0.128104 0.0327631
 1.81465 -2.15081 -0.491151
 -2.32676 0.965835 1.92089
 -1.94846 -0.774927 2.60043
 0.888736 0.657565 -2.87326
regression_error on 'test' 0.0843141
classification_error on 'test' 0.0789474
Save,3287,0.0843141,0.0789474
sample_count 75 Sample index 21
 i 0:0.836426 i 1:0.445654 i 2:0.884274 i 3:0.719493 bias 1
 test_print 3.88585
net matrix:
 -2.57992 0.102704 0.504842
outputs matrix:
 0.00570978 0.551172 0.732958
error matrix:
 -0.00570978 -0.551172 0.267042
delta matrix:
 -6.48308e-05 -0.2727 0.104536
weights_delta matrix:
 -5.42262e-06 -0.0228093 0.0087437
 -2.88921e-06 -0.012153 0.00465871
 -5.73282e-06 -0.0241141 0.00924388
 -4.66453e-06 -0.0196205 0.00752132
 -6.48308e-06 -0.02727 0.0104536
weights matrix:
 -0.977943 0.105295 0.0415068
 1.81465 -2.16297 -0.486492
 -2.32676 0.941721 1.93014
 -1.94847 -0.794548 2.60795
 0.888729 0.630295 -2.86281
regression_error on 'test' 0.0821036
classification_error on 'test' 0.0789474
Save,3288,0.0821036,0.0789474
sample_count 75 Sample index 18
 i 0:0.513088 i 1:0.480944 i 2:0.566734 i 3:0.60999 bias 1
 test_print 3.17076
net matrix:
 -1.2475 -0.306906 -0.390792
outputs matrix:
 0.0762097 0.35119 0.313979
error matrix:
 -0.0762097 0.64881 -0.313979
delta matrix:
 -0.0107306 0.29567 -0.135259
weights_delta matrix:
 -0.000550575 0.0151705 -0.00694
 -0.000516082 0.0142201 -0.00650522
 -0.00060814 0.0167566 -0.00766562
 -0.000654556 0.0180356 -0.00825069
 -0.00107306 0.029567 -0.0135259
weights matrix:
 -0.978493 0.120465 0.0345668
 1.81413 -2.14875 -0.492998
 -2.32737 0.958477 1.92247
 -1.94912 -0.776512 2.5997
 0.887656 0.659862 -2.87634
regression_error on 'test' 0.0840952
classification_error on 'test' 0.0789474
Save,3289,0.0840952,0.0789474
sample_count 75 Sample index 16
 i 0:0.60547 i 1:0.304495 i 2:0.687702 i 3:0.755994 bias 1
 test_print 3.35366
net matrix:
 -2.22646 0.150626 0.281921
outputs matrix:
 0.0115105 0.574749 0.637341
error matrix:
 -0.0115105 -0.574749 0.362659
delta matrix:
 -0.000261933 -0.280952 0.167648
weights_delta matrix:
 -1.58593e-05 -0.0170108 0.0101506
 -7.97574e-06 -0.00855484 0.0051048
 -1.80132e-05 -0.0193211 0.0115292
 -1.9802e-05 -0.0212398 0.0126741
 -2.61933e-05 -0.0280952 0.0167648
weights matrix:
 -0.978509 0.103455 0.0447174
 1.81412 -2.1573 -0.487893
 -2.32739 0.939156 1.934
 -1.94914 -0.797752 2.61237
 0.88763 0.631767 -2.85957
regression_error on 'test' 0.0819497
classification_error on 'test' 0.0789474
Save,3290,0.0819497,0.0789474
sample_count 75 Sample index 56
 i 0:0.328323 i 1:0.727972 i 2:0.158468 i 3:0.208478 bias 1
 test_print 2.42324
net matrix:
 1.11182 -0.922208 -2.34896
outputs matrix:
 0.902353 0.13653 0.00903186
error matrix:
 0.0976469 -0.13653 -0.00903186
delta matrix:
 0.0172077 -0.0321908 -0.000161675
weights_delta matrix:
 0.00056497 -0.0010569 -5.30817e-06
 0.00125268 -0.0023434 -1.17695e-05
 0.000272688 -0.000510121 -2.56204e-06
 0.000358744 -0.000671108 -3.37057e-06
 0.00172077 -0.00321908 -1.61675e-05
weights matrix:
 -0.977944 0.102398 0.0447121
 1.81537 -2.15964 -0.487905
 -2.32711 0.938646 1.934
 -1.94878 -0.798423 2.61237
 0.889351 0.628547 -2.85959
regression_error on 'test' 0.0818404
classification_error on 'test' 0.0789474
Save,3291,0.0818404,0.0789474
sample_count 75 Sample index 8
 i 0:0.489992 i 1:0.375074 i 2:0.702823 i 3:0.755994 bias 1
 test_print 3.32388
net matrix:
 -2.01775 -0.0752055 0.313514
outputs matrix:
 0.0173697 0.462468 0.651815
error matrix:
 -0.0173697 -0.462468 0.348185
delta matrix:
 -0.000592935 -0.229931 0.158042
weights_delta matrix:
 -2.90534e-05 -0.0112664 0.00774395
 -2.22395e-05 -0.00862412 0.00592776
 -4.16728e-05 -0.0161601 0.0111076
 -4.48255e-05 -0.0173827 0.0119479
 -5.92935e-05 -0.0229931 0.0158042
weights matrix:
 -0.977973 0.0911312 0.052456
 1.81535 -2.16827 -0.481977
 -2.32716 0.922486 1.94511
 -1.94883 -0.815805 2.62432
 0.889292 0.605554 -2.84378
regression_error on 'test' 0.080637
classification_error on 'test' 0.105263
Save,3292,0.080637,0.105263
sample_count 75 Sample index 42
 i 0:0.651661 i 1:0.551523 i 2:0.702823 i 3:0.792495 bias 1
 test_print 3.6985
net matrix:
 -1.92682 -0.529086 0.371402
outputs matrix:
 0.0207622 0.257659 0.677609
error matrix:
 -0.0207622 -0.257659 0.322391
delta matrix:
 -0.000844234 -0.0985653 0.140856
weights_delta matrix:
 -5.50155e-05 -0.00642312 0.00917904
 -4.65615e-05 -0.0054361 0.00776854
 -5.93347e-05 -0.0069274 0.00989969
 -6.69052e-05 -0.00781125 0.0111628
 -8.44234e-05 -0.00985653 0.0140856
weights matrix:
 -0.978028 0.0847081 0.0616351
 1.81531 -2.1737 -0.474208
 -2.32722 0.915558 1.95501
 -1.94889 -0.823617 2.63548
 0.889207 0.595698 -2.8297
regression_error on 'test' 0.0802022
classification_error on 'test' 0.157895
Save,3293,0.0802022,0.157895
sample_count 75 Sample index 69
 i 0:0.628566 i 1:0.445654 i 2:0.581855 i 3:0.536988 bias 1
 test_print 3.19306
net matrix:
 -1.31718 -0.229327 -0.449538
outputs matrix:
 0.066959 0.387305 0.28924
error matrix:
 -0.066959 0.612695 -0.28924
delta matrix:
 -0.00836659 0.290785 -0.118924
weights_delta matrix:
 -0.000525895 0.0182777 -0.00747518
 -0.00037286 0.0129589 -0.00529991
 -0.000486814 0.0169195 -0.00691967
 -0.000449276 0.0156148 -0.00638609
 -0.000836659 0.0290785 -0.0118924
weights matrix:
 -0.978554 0.102986 0.0541599
 1.81493 -2.16074 -0.479508
 -2.3277 0.932478 1.94809
 -1.94934 -0.808002 2.62909
 0.88837 0.624776 -2.84159
regression_error on 'test' 0.0812283
classification_error on 'test' 0.0789474
Save,3294,0.0812283,0.0789474
sample_count 75 Sample index 38
 i 0:0.397609 i 1:0.798551 i 2:0.128226 i 3:0.208478 bias 1
 test_print 2.53286
net matrix:
 1.24374 -1.10862 -2.40506
outputs matrix:
 0.923259 0.0982124 0.00808099
error matrix:
 0.0767408 -0.0982124 -0.00808099
delta matrix:
 0.0108744 -0.0173967 -0.000129549
weights_delta matrix:
 0.000432377 -0.000691709 -5.151e-06
 0.000868379 -0.00138922 -1.03452e-05
 0.000139438 -0.000223071 -1.66116e-06
 0.000226708 -0.000362683 -2.70082e-06
 0.00108744 -0.00173967 -1.29549e-05
weights matrix:
 -0.978122 0.102294 0.0541547
 1.8158 -2.16213 -0.479519
 -2.32756 0.932255 1.94808
 -1.94912 -0.808365 2.62909
 0.889458 0.623037 -2.8416
regression_error on 'test' 0.0811735
classification_error on 'test' 0.0789474
Save,3295,0.0811735,0.0789474
sample_count 75 Sample index 56
 i 0:0.328323 i 1:0.727972 i 2:0.158468 i 3:0.208478 bias 1
 test_print 2.42324
net matrix:
 1.11498 -0.938144 -2.31608
outputs matrix:
 0.902908 0.132816 0.00963984
error matrix:
 0.0970924 -0.132816 -0.00963984
delta matrix:
 0.0170233 -0.0305943 -0.000184062
weights_delta matrix:
 0.000558914 -0.00100448 -6.04316e-06
 0.00123925 -0.00222718 -1.33992e-05
 0.000269765 -0.000484822 -2.91679e-06
 0.000354898 -0.000637824 -3.83728e-06
 0.00170233 -0.00305943 -1.84062e-05
weights matrix:
 -0.977563 0.10129 0.0541487
 1.81704 -2.16436 -0.479532
 -2.32729 0.93177 1.94808
 -1.94876 -0.809002 2.62909
 0.89116 0.619977 -2.84162
regression_error on 'test' 0.0810835
classification_error on 'test' 0.0789474
Save,3296,0.0810835,0.0789474
sample_count 75 Sample index 56
 i 0:0.328323 i 1:0.727972 i 2:0.158468 i 3:0.208478 bias 1
 test_print 2.42324
net matrix:
 1.11788 -0.943365 -2.31611
outputs matrix:
 0.903416 0.131618 0.00963924
error matrix:
 0.0965843 -0.131618 -0.00963924
delta matrix:
 0.0168551 -0.0300864 -0.000184039
weights_delta matrix:
 0.000553391 -0.000987806 -6.04241e-06
 0.001227 -0.00219021 -1.33975e-05
 0.000267099 -0.000476773 -2.91642e-06
 0.000351391 -0.000627235 -3.8368e-06
 0.00168551 -0.00300864 -1.84039e-05
weights matrix:
 -0.977009 0.100302 0.0541427
 1.81827 -2.16655 -0.479545
 -2.32703 0.931293 1.94808
 -1.94841 -0.80963 2.62908
 0.892846 0.616969 -2.84164
regression_error on 'test' 0.0809985
classification_error on 'test' 0.0789474
Save,3297,0.0809985,0.0789474
sample_count 75 Sample index 64
 i 0:0.282131 i 1:0.516233 i 2:0.158468 i 3:0.0989754 bias 1
 test_print 2.05581
net matrix:
 0.994247 -0.405732 -2.505
outputs matrix:
 0.879584 0.307579 0.00662671
error matrix:
 0.120416 -0.307579 -0.00662671
delta matrix:
 0.0255081 -0.131013 -8.72447e-05
weights_delta matrix:
 0.000719662 -0.00369627 -2.46144e-06
 0.00131681 -0.0067633 -4.50386e-06
 0.000404221 -0.00207613 -1.38255e-06
 0.000252467 -0.0012967 -8.63508e-07
 0.00255081 -0.0131013 -8.72447e-06
weights matrix:
 -0.97629 0.0966055 0.0541402
 1.81958 -2.17331 -0.47955
 -2.32662 0.929217 1.94808
 -1.94816 -0.810926 2.62908
 0.895397 0.603867 -2.84165
regression_error on 'test' 0.0807149
classification_error on 'test' 0.105263
Save,3298,0.0807149,0.105263
sample_count 75 Sample index 56
 i 0:0.328323 i 1:0.727972 i 2:0.158468 i 3:0.208478 bias 1
 test_print 2.42324
net matrix:
 1.12462 -0.968336 -2.31616
outputs matrix:
 0.904585 0.126014 0.00963839
error matrix:
 0.0954148 -0.126014 -0.00963839
delta matrix:
 0.0164706 -0.0277569 -0.000184006
weights_delta matrix:
 0.000540769 -0.000911324 -6.04135e-06
 0.00119902 -0.00202063 -1.33951e-05
 0.000261007 -0.000439859 -2.91591e-06
 0.000343377 -0.000578671 -3.83613e-06
 0.00164706 -0.00277569 -1.84006e-05
weights matrix:
 -0.975749 0.0956942 0.0541342
 1.82078 -2.17534 -0.479563
 -2.32636 0.928777 1.94807
 -1.94781 -0.811505 2.62908
 0.897044 0.601092 -2.84167
regression_error on 'test' 0.0806509
classification_error on 'test' 0.105263
Save,3299,0.0806509,0.105263
sample_count 75 Sample index 11
 i 0:0.536183 i 1:0.198626 i 2:0.536492 i 3:0.427485 bias 1
 test_print 2.69879
net matrix:
 -1.34522 0.371698 -0.738877
outputs matrix:
 0.0635402 0.677738 0.185767
error matrix:
 -0.0635402 0.322262 -0.185767
delta matrix:
 -0.00756165 0.14077 -0.0561973
weights_delta matrix:
 -0.000405443 0.00754784 -0.0030132
 -0.000150194 0.00279605 -0.00111622
 -0.000405676 0.00755219 -0.00301494
 -0.000323249 0.0060177 -0.00240235
 -0.000756165 0.014077 -0.00561973
weights matrix:
 -0.976154 0.103242 0.051121
 1.82063 -2.17254 -0.480679
 -2.32677 0.936329 1.94506
 -1.94814 -0.805487 2.62668
 0.896287 0.615169 -2.84729
regression_error on 'test' 0.081134
classification_error on 'test' 0.105263
Save,3300,0.081134,0.105263
sample_count 75 Sample index 31
 i 0:0.559279 i 1:0.339785 i 2:0.778427 i 3:0.573489 bias 1
 test_print 3.25098
net matrix:
 -1.95948 0.20164 0.0384328
outputs matrix:
 0.0194748 0.599475 0.519207
error matrix:
 -0.0194748 -0.599475 0.480793
delta matrix:
 -0.00074376 -0.287874 0.240042
weights_delta matrix:
 -4.15969e-05 -0.0161002 0.013425
 -2.52719e-05 -0.00978151 0.00815626
 -5.78963e-05 -0.0224089 0.0186855
 -4.26538e-05 -0.0165092 0.0137661
 -7.4376e-05 -0.0287874 0.0240042
weights matrix:
 -0.976196 0.0871419 0.064546
 1.82061 -2.18232 -0.472523
 -2.32682 0.913921 1.96374
 -1.94818 -0.821997 2.64044
 0.896213 0.586381 -2.82328
regression_error on 'test' 0.0800926
classification_error on 'test' 0.157895
Save,3301,0.0800926,0.157895
sample_count 75 Sample index 31
 i 0:0.559279 i 1:0.339785 i 2:0.778427 i 3:0.573489 bias 1
 test_print 3.25098
net matrix:
 -1.95966 0.133613 0.0951567
outputs matrix:
 0.019468 0.566412 0.547435
error matrix:
 -0.019468 -0.566412 0.452565
delta matrix:
 -0.000743253 -0.278209 0.224246
weights_delta matrix:
 -4.15686e-05 -0.0155597 0.0125416
 -2.52546e-05 -0.00945314 0.00761953
 -5.78568e-05 -0.0216566 0.0174559
 -4.26247e-05 -0.015955 0.0128602
 -7.43253e-05 -0.0278209 0.0224246
weights matrix:
 -0.976238 0.0715822 0.0770876
 1.82058 -2.19177 -0.464904
 -2.32688 0.892264 1.9812
 -1.94822 -0.837952 2.6533
 0.896139 0.55856 -2.80086
regression_error on 'test' 0.079822
classification_error on 'test' 0.157895
Save,3302,0.079822,0.157895
sample_count 75 Sample index 36
 i 0:0.744044 i 1:0.516233 i 2:0.702823 i 3:0.901998 bias 1
 test_print 3.8651
net matrix:
 -2.28306 -0.648372 0.802207
outputs matrix:
 0.0102912 0.214713 0.832634
error matrix:
 -0.0102912 -0.214713 0.167366
delta matrix:
 -0.000209639 -0.0724063 0.0466463
weights_delta matrix:
 -1.5598e-05 -0.00538735 0.00347069
 -1.08222e-05 -0.00373785 0.00240804
 -1.47339e-05 -0.00508888 0.00327841
 -1.89094e-05 -0.00653104 0.00420749
 -2.09639e-05 -0.00724063 0.00466463
weights matrix:
 -0.976253 0.0661949 0.0805583
 1.82057 -2.19551 -0.462496
 -2.3269 0.887175 1.98448
 -1.94824 -0.844483 2.65751
 0.896118 0.55132 -2.79619
regression_error on 'test' 0.0798433
classification_error on 'test' 0.157895
Save,3303,0.0798433,0.157895
sample_count 75 Sample index 67
 i 0:0.443801 i 1:0.375074 i 2:0.566734 i 3:0.536988 bias 1
 test_print 2.9226
net matrix:
 -1.21921 -0.193467 -0.382189
outputs matrix:
 0.0802896 0.404456 0.317697
error matrix:
 -0.0802896 0.595544 -0.317697
delta matrix:
 -0.0118577 0.286899 -0.137731
weights_delta matrix:
 -0.000526245 0.0127326 -0.00611253
 -0.000444751 0.0107608 -0.00516594
 -0.000672015 0.0162595 -0.0078057
 -0.000636743 0.0154061 -0.007396
 -0.00118577 0.0286899 -0.0137731
weights matrix:
 -0.976779 0.0789275 0.0744457
 1.82013 -2.18475 -0.467662
 -2.32757 0.903435 1.97667
 -1.94888 -0.829076 2.65011
 0.894932 0.58001 -2.80997
regression_error on 'test' 0.0799338
classification_error on 'test' 0.157895
Save,3304,0.0799338,0.157895
sample_count 75 Sample index 47
 i 0:0.282131 i 1:0.516233 i 2:0.158468 i 3:0.0989754 bias 1
 test_print 2.05581
net matrix:
 0.997226 -0.464456 -2.45485
outputs matrix:
 0.880213 0.283146 0.00732072
error matrix:
 0.119787 -0.283146 -0.00732072
delta matrix:
 0.0252601 -0.114943 -0.000106401
weights_delta matrix:
 0.000712666 -0.00324288 -3.00191e-06
 0.00130401 -0.00593371 -5.49278e-06
 0.000400292 -0.00182147 -1.68612e-06
 0.000250013 -0.00113765 -1.05311e-06
 0.00252601 -0.0114943 -1.06401e-05
weights matrix:
 -0.976067 0.0756846 0.0744427
 1.82143 -2.19068 -0.467667
 -2.32717 0.901613 1.97667
 -1.94863 -0.830214 2.65011
 0.897458 0.568515 -2.80998
regression_error on 'test' 0.0798479
classification_error on 'test' 0.157895
Save,3305,0.0798479,0.157895
sample_count 75 Sample index 34
 i 0:0.767139 i 1:0.551523 i 2:0.642339 i 3:0.573489 bias 1
 test_print 3.53449
net matrix:
 -1.45911 -0.478614 -0.221295
outputs matrix:
 0.0512604 0.277433 0.391124
error matrix:
 -0.0512604 0.722567 -0.391124
delta matrix:
 -0.00498587 0.289697 -0.186289
weights_delta matrix:
 -0.000382486 0.0222238 -0.014291
 -0.000274982 0.0159775 -0.0102743
 -0.000320262 0.0186084 -0.0119661
 -0.000285934 0.0166138 -0.0106835
 -0.000498587 0.0289697 -0.0186289
weights matrix:
 -0.976449 0.0979084 0.0601518
 1.82116 -2.17471 -0.477941
 -2.32749 0.920222 1.9647
 -1.94891 -0.8136 2.63943
 0.896959 0.597485 -2.82861
regression_error on 'test' 0.0804141
classification_error on 'test' 0.157895
Save,3306,0.0804141,0.157895
sample_count 75 Sample index 72
 i 0:0.905713 i 1:0.480944 i 2:0.929637 i 3:0.828996 bias 1
 test_print 4.14529
net matrix:
 -2.89091 -0.17875 1.01055
outputs matrix:
 0.00307362 0.411565 0.882995
error matrix:
 -0.00307362 -0.411565 0.117005
delta matrix:
 -1.88361e-05 -0.199345 0.0241768
weights_delta matrix:
 -1.70601e-06 -0.0180549 0.00218972
 -9.05913e-07 -0.00958738 0.00116277
 -1.75108e-06 -0.0185319 0.00224756
 -1.56151e-06 -0.0165256 0.00200425
 -1.88361e-06 -0.0199345 0.00241768
weights matrix:
 -0.976451 0.0798535 0.0623415
 1.82116 -2.18429 -0.476779
 -2.32749 0.90169 1.96695
 -1.94892 -0.830126 2.64143
 0.896958 0.577551 -2.82619
regression_error on 'test' 0.0798085
classification_error on 'test' 0.157895
Save,3307,0.0798085,0.157895
sample_count 75 Sample index 70
 i 0:0.259036 i 1:0.622103 i 2:0.173589 i 3:0.135476 bias 1
 test_print 2.1902
net matrix:
 1.10891 -0.716559 -2.40735
outputs matrix:
 0.901838 0.192613 0.00804438
error matrix:
 0.0981617 -0.192613 -0.00804438
delta matrix:
 0.0173797 -0.0599079 -0.000128383
weights_delta matrix:
 0.000450197 -0.00155183 -3.32558e-06
 0.0010812 -0.00372689 -7.98674e-06
 0.000301693 -0.00103993 -2.22859e-06
 0.000235453 -0.000811608 -1.73928e-06
 0.00173797 -0.00599079 -1.28383e-05
weights matrix:
 -0.976001 0.0783016 0.0623382
 1.82224 -2.18802 -0.476787
 -2.32719 0.90065 1.96695
 -1.94868 -0.830938 2.64143
 0.898695 0.57156 -2.8262
regression_error on 'test' 0.0797601
classification_error on 'test' 0.157895
Save,3308,0.0797601,0.157895
sample_count 75 Sample index 6
 i 0:0.305227 i 1:0.657392 i 2:0.128226 i 3:0.171977 bias 1
 test_print 2.26282
net matrix:
 1.16518 -0.870344 -2.41413
outputs matrix:
 0.911361 0.149226 0.00793694
error matrix:
 0.0886391 -0.149226 -0.00793694
delta matrix:
 0.0143209 -0.0378906 -0.00012499
weights_delta matrix:
 0.000437113 -0.00115652 -3.81503e-06
 0.000941446 -0.0024909 -8.21674e-06
 0.000183631 -0.000485856 -1.6027e-06
 0.000246287 -0.000651631 -2.14954e-06
 0.00143209 -0.00378906 -1.2499e-05
weights matrix:
 -0.975564 0.0771451 0.0623343
 1.82318 -2.19051 -0.476795
 -2.32701 0.900164 1.96695
 -1.94843 -0.831589 2.64143
 0.900128 0.567771 -2.82621
regression_error on 'test' 0.0797329
classification_error on 'test' 0.157895
Save,3309,0.0797329,0.157895
sample_count 75 Sample index 6
 i 0:0.305227 i 1:0.657392 i 2:0.128226 i 3:0.171977 bias 1
 test_print 2.26282
net matrix:
 1.16743 -0.876297 -2.41415
outputs matrix:
 0.911724 0.14772 0.00793663
error matrix:
 0.0882762 -0.14772 -0.00793663
delta matrix:
 0.0142095 -0.0371956 -0.00012498
weights_delta matrix:
 0.000433714 -0.00113531 -3.81474e-06
 0.000934124 -0.00244521 -8.21611e-06
 0.000182203 -0.000476945 -1.60257e-06
 0.000244372 -0.000639679 -2.14937e-06
 0.00142095 -0.00371956 -1.2498e-05
weights matrix:
 -0.97513 0.0760098 0.0623305
 1.82411 -2.19296 -0.476803
 -2.32682 0.899687 1.96695
 -1.94819 -0.832229 2.64143
 0.901549 0.564051 -2.82623
regression_error on 'test' 0.07971
classification_error on 'test' 0.157895
Save,3310,0.07971,0.157895
sample_count 75 Sample index 22
 i 0:0.305227 i 1:0.233915 i 2:0.430645 i 3:0.427485 bias 1
 test_print 2.39727
net matrix:
 -0.804257 0.105966 -0.942506
outputs matrix:
 0.166795 0.552786 0.131814
error matrix:
 -0.166795 0.447214 -0.131814
delta matrix:
 -0.0463605 0.221115 -0.0301695
weights_delta matrix:
 -0.00141505 0.00674903 -0.000920854
 -0.00108444 0.00517221 -0.000705709
 -0.00199649 0.00952221 -0.00129923
 -0.00198184 0.00945234 -0.0012897
 -0.00463605 0.0221115 -0.00301695
weights matrix:
 -0.976545 0.0827588 0.0614097
 1.82303 -2.18779 -0.477509
 -2.32882 0.909209 1.96565
 -1.95017 -0.822777 2.64014
 0.896912 0.586163 -2.82924
regression_error on 'test' 0.0799643
classification_error on 'test' 0.157895
Save,3311,0.0799643,0.157895
sample_count 75 Sample index 63
 i 0:0.420705 i 1:0.904421 i 2:0.143347 i 3:0.135476 bias 1
 test_print 2.60395
net matrix:
 1.53683 -1.33883 -2.59583
outputs matrix:
 0.955793 0.0643041 0.00553198
error matrix:
 0.044207 -0.0643041 -0.00553198
delta matrix:
 0.00373574 -0.00773825 -6.0867e-05
weights_delta matrix:
 0.000157164 -0.000325552 -2.5607e-06
 0.000337868 -0.000699863 -5.50494e-06
 5.35506e-05 -0.000110925 -8.7251e-07
 5.06103e-05 -0.000104835 -8.24601e-07
 0.000373574 -0.000773825 -6.0867e-06
weights matrix:
 -0.976388 0.0824333 0.0614071
 1.82337 -2.18849 -0.477514
 -2.32877 0.909098 1.96565
 -1.95012 -0.822881 2.64014
 0.897286 0.585389 -2.82925
regression_error on 'test' 0.0799535
classification_error on 'test' 0.157895
Save,3312,0.0799535,0.157895
sample_count 75 Sample index 20
 i 0:0.489992 i 1:0.375074 i 2:0.521371 i 3:0.500487 bias 1
 test_print 2.88692
net matrix:
 -1.0874 -0.132927 -0.632077
outputs matrix:
 0.102036 0.433925 0.220259
error matrix:
 -0.102036 0.566075 -0.220259
delta matrix:
 -0.0186981 0.278095 -0.075657
weights_delta matrix:
 -0.000916193 0.0136264 -0.00370713
 -0.000701318 0.0104306 -0.0028377
 -0.000974866 0.014499 -0.00394454
 -0.000935817 0.0139183 -0.00378654
 -0.00186981 0.0278095 -0.0075657
weights matrix:
 -0.977304 0.0960597 0.0577
 1.82266 -2.17805 -0.480352
 -2.32974 0.923597 1.9617
 -1.95106 -0.808963 2.63635
 0.895416 0.613198 -2.83681
regression_error on 'test' 0.0806422
classification_error on 'test' 0.105263
Save,3313,0.0806422,0.105263
sample_count 75 Sample index 52
 i 0:0.443801 i 1:0.410364 i 2:0.672581 i 3:0.792495 bias 1
 test_print 3.31924
net matrix:
 -1.9035 -0.257871 0.400372
outputs matrix:
 0.021732 0.373849 0.690134
error matrix:
 -0.021732 -0.373849 0.309866
delta matrix:
 -0.000924033 -0.175025 0.132529
weights_delta matrix:
 -4.10087e-05 -0.00776764 0.00588167
 -3.7919e-05 -0.00718241 0.00543853
 -6.21487e-05 -0.0117719 0.00891368
 -7.32291e-05 -0.0138707 0.0105029
 -9.24033e-05 -0.0175025 0.0132529
weights matrix:
 -0.977345 0.0882921 0.0635816
 1.82263 -2.18524 -0.474913
 -2.3298 0.911825 1.97062
 -1.95113 -0.822834 2.64685
 0.895324 0.595696 -2.82356
regression_error on 'test' 0.0800915
classification_error on 'test' 0.157895
Save,3314,0.0800915,0.157895
sample_count 75 Sample index 21
 i 0:0.836426 i 1:0.445654 i 2:0.884274 i 3:0.719493 bias 1
 test_print 3.88585
net matrix:
 -2.5739 -0.0900336 0.66493
outputs matrix:
 0.00577858 0.455104 0.790817
error matrix:
 -0.00577858 -0.455104 0.209183
delta matrix:
 -6.63981e-05 -0.225718 0.0692082
weights_delta matrix:
 -5.55371e-06 -0.0188796 0.00578875
 -2.95906e-06 -0.0100592 0.00308429
 -5.87141e-06 -0.0199596 0.0061199
 -4.77729e-06 -0.0162402 0.00497948
 -6.63981e-06 -0.0225718 0.00692082
weights matrix:
 -0.977351 0.0694124 0.0693704
 1.82262 -2.1953 -0.471829
 -2.32981 0.891866 1.97674
 -1.95114 -0.839074 2.65183
 0.895317 0.573124 -2.81664
regression_error on 'test' 0.0796512
classification_error on 'test' 0.157895
Save,3315,0.0796512,0.157895
sample_count 75 Sample index 21
 i 0:0.836426 i 1:0.445654 i 2:0.884274 i 3:0.719493 bias 1
 test_print 3.88585
net matrix:
 -2.57392 -0.162214 0.687061
outputs matrix:
 0.00577834 0.419597 0.798045
error matrix:
 -0.00577834 -0.419597 0.201955
delta matrix:
 -6.63925e-05 -0.204373 0.0650976
weights_delta matrix:
 -5.55324e-06 -0.0170943 0.00544493
 -2.95881e-06 -0.00910798 0.0029011
 -5.87091e-06 -0.0180722 0.00575641
 -4.77689e-06 -0.0147045 0.00468373
 -6.63925e-06 -0.0204373 0.00650976
weights matrix:
 -0.977356 0.0523181 0.0748153
 1.82262 -2.2044 -0.468928
 -2.32981 0.873794 1.98249
 -1.95114 -0.853778 2.65652
 0.895311 0.552687 -2.81013
regression_error on 'test' 0.0795943
classification_error on 'test' 0.157895
Save,3316,0.0795943,0.157895
sample_count 75 Sample index 24
 i 0:0.466896 i 1:0.445654 i 2:0.566734 i 3:0.536988 bias 1
 test_print 3.01627
net matrix:
 -1.11688 -0.368548 -0.434116
outputs matrix:
 0.0967597 0.32364 0.295622
error matrix:
 -0.0967597 0.67636 -0.295622
delta matrix:
 -0.0169131 0.296107 -0.123115
weights_delta matrix:
 -0.000789665 0.0138251 -0.00574817
 -0.000753738 0.0131961 -0.00548665
 -0.000958521 0.0167814 -0.00697733
 -0.000908212 0.0159006 -0.00661111
 -0.00169131 0.0296107 -0.0123115
weights matrix:
 -0.978146 0.0661432 0.0690672
 1.82187 -2.19121 -0.474415
 -2.33077 0.890575 1.97552
 -1.95205 -0.837878 2.64991
 0.893619 0.582297 -2.82244
regression_error on 'test' 0.0796205
classification_error on 'test' 0.157895
Save,3317,0.0796205,0.157895
sample_count 75 Sample index 73
 i 0:0.582374 i 1:0.410364 i 2:0.65746 i 3:0.719493 bias 1
 test_print 3.36969
net matrix:
 -1.86527 -0.295705 0.228508
outputs matrix:
 0.0234181 0.356311 0.612306
error matrix:
 -0.0234181 -0.356311 0.387694
delta matrix:
 -0.00107113 -0.163443 0.184067
weights_delta matrix:
 -6.238e-05 -0.00951847 0.0107196
 -4.39554e-05 -0.00670709 0.00755346
 -7.04227e-05 -0.0107457 0.0121017
 -7.70672e-05 -0.0117596 0.0132435
 -0.000107113 -0.0163443 0.0184067
weights matrix:
 -0.978208 0.0566248 0.0797868
 1.82182 -2.19792 -0.466861
 -2.33084 0.879829 1.98762
 -1.95213 -0.849637 2.66315
 0.893512 0.565953 -2.80404
regression_error on 'test' 0.0796729
classification_error on 'test' 0.157895
Save,3318,0.0796729,0.157895
sample_count 75 Sample index 19
 i 0:0.674757 i 1:0.480944 i 2:0.596976 i 3:0.573489 bias 1
 test_print 3.32617
net matrix:
 -1.40133 -0.414934 -0.260887
outputs matrix:
 0.057181 0.303673 0.372437
error matrix:
 -0.057181 0.696327 -0.372437
delta matrix:
 -0.00616542 0.294485 -0.174098
weights_delta matrix:
 -0.000416016 0.0198706 -0.0117474
 -0.000296522 0.0141631 -0.00837314
 -0.000368061 0.01758 -0.0103932
 -0.00035358 0.0168884 -0.00998433
 -0.000616542 0.0294485 -0.0174098
weights matrix:
 -0.978624 0.0764953 0.0680394
 1.82153 -2.18375 -0.475234
 -2.33121 0.897409 1.97722
 -1.95248 -0.832749 2.65316
 0.892896 0.595402 -2.82145
regression_error on 'test' 0.0798099
classification_error on 'test' 0.157895
Save,3319,0.0798099,0.157895
sample_count 75 Sample index 19
 i 0:0.674757 i 1:0.480944 i 2:0.596976 i 3:0.573489 bias 1
 test_print 3.32617
net matrix:
 -1.40279 -0.345086 -0.302181
outputs matrix:
 0.0570236 0.333995 0.353346
error matrix:
 -0.0570236 0.666005 -0.353346
delta matrix:
 -0.00613253 0.296295 -0.161474
weights_delta matrix:
 -0.000413797 0.0199927 -0.0108956
 -0.00029494 0.0142502 -0.007766
 -0.000366097 0.0176881 -0.00963962
 -0.000351694 0.0169922 -0.00926037
 -0.000613253 0.0296295 -0.0161474
weights matrix:
 -0.979038 0.0964881 0.0571438
 1.82123 -2.1695 -0.483
 -2.33158 0.915097 1.96758
 -1.95283 -0.815757 2.6439
 0.892282 0.625031 -2.83759
regression_error on 'test' 0.0806033
classification_error on 'test' 0.105263
Save,3320,0.0806033,0.105263
sample_count 75 Sample index 66
 i 0:0.60547 i 1:0.304495 i 2:0.672581 i 3:0.60999 bias 1
 test_print 3.19254
net matrix:
 -1.90532 0.140723 -0.0139506
outputs matrix:
 0.0216546 0.569901 0.493025
error matrix:
 -0.0216546 0.430099 -0.493025
delta matrix:
 -0.000917537 0.210847 -0.246465
weights_delta matrix:
 -5.55541e-05 0.0127661 -0.0149227
 -2.79385e-05 0.00642018 -0.00750472
 -6.17118e-05 0.0141811 -0.0165767
 -5.59688e-05 0.0128614 -0.0150341
 -9.17537e-05 0.0210847 -0.0246465
weights matrix:
 -0.979093 0.109254 0.0422211
 1.8212 -2.16308 -0.490505
 -2.33164 0.929279 1.95101
 -1.95289 -0.802895 2.62887
 0.892191 0.646116 -2.86224
regression_error on 'test' 0.081746
classification_error on 'test' 0.0789474
Save,3321,0.081746,0.0789474
sample_count 75 Sample index 53
 i 0:0.489992 i 1:0.410364 i 2:0.702823 i 3:0.938499 bias 1
 test_print 3.54168
net matrix:
 -2.31171 -0.2884 0.795568
outputs matrix:
 0.00972362 0.359669 0.830776
error matrix:
 -0.00972362 -0.359669 0.169224
delta matrix:
 -0.000187259 -0.165669 0.0475816
weights_delta matrix:
 -9.17554e-06 -0.00811765 0.00233146
 -7.68443e-06 -0.00679846 0.00195258
 -1.3161e-05 -0.0116436 0.00334414
 -1.75742e-05 -0.015548 0.00446553
 -1.87259e-05 -0.0165669 0.00475816
weights matrix:
 -0.979103 0.101137 0.0445526
 1.8212 -2.16988 -0.488553
 -2.33165 0.917635 1.95435
 -1.9529 -0.818443 2.63334
 0.892172 0.629549 -2.85748
regression_error on 'test' 0.0808642
classification_error on 'test' 0.0789474
Save,3322,0.0808642,0.0789474
sample_count 75 Sample index 27
 i 0:0.328323 i 1:0.622103 i 2:0.158468 i 3:0.135476 bias 1
 test_print 2.24437
net matrix:
 1.06962 -0.652598 -2.48033
outputs matrix:
 0.894658 0.213292 0.00695956
error matrix:
 0.105342 -0.213292 -0.00695956
delta matrix:
 0.0198557 -0.07158 -9.61967e-05
weights_delta matrix:
 0.00065191 -0.00235014 -3.15836e-06
 0.00123523 -0.00445301 -5.98443e-06
 0.00031465 -0.00113431 -1.52441e-06
 0.000268998 -0.000969737 -1.30323e-06
 0.00198557 -0.007158 -9.61967e-06
weights matrix:
 -0.978451 0.0987864 0.0445494
 1.82243 -2.17433 -0.488559
 -2.33134 0.916501 1.95435
 -1.95264 -0.819413 2.63333
 0.894157 0.622391 -2.85749
regression_error on 'test' 0.0806933
classification_error on 'test' 0.0789474
Save,3323,0.0806933,0.0789474
sample_count 75 Sample index 34
 i 0:0.767139 i 1:0.551523 i 2:0.642339 i 3:0.573489 bias 1
 test_print 3.53449
net matrix:
 -1.46866 -0.382241 -0.327223
outputs matrix:
 0.0503391 0.317674 0.341988
error matrix:
 -0.0503391 0.682326 -0.341988
delta matrix:
 -0.00481292 0.295798 -0.153917
weights_delta matrix:
 -0.000369218 0.0226918 -0.0118076
 -0.000265444 0.0163139 -0.00848887
 -0.000309153 0.0190003 -0.00988668
 -0.000276016 0.0169637 -0.00882696
 -0.000481292 0.0295798 -0.0153917
weights matrix:
 -0.97882 0.121478 0.0327418
 1.82217 -2.15802 -0.497047
 -2.33165 0.935501 1.94446
 -1.95291 -0.80245 2.62451
 0.893676 0.651971 -2.87288
regression_error on 'test' 0.0823908
classification_error on 'test' 0.0789474
Save,3324,0.0823908,0.0789474
sample_count 75 Sample index 24
 i 0:0.466896 i 1:0.445654 i 2:0.566734 i 3:0.536988 bias 1
 test_print 3.01627
net matrix:
 -1.12139 -0.153767 -0.567784
outputs matrix:
 0.0959742 0.423717 0.243135
error matrix:
 -0.0959742 0.576283 -0.243135
delta matrix:
 -0.0166541 0.281435 -0.0894835
weights_delta matrix:
 -0.000777571 0.0131401 -0.00417795
 -0.000742195 0.0125422 -0.00398787
 -0.000943842 0.0159499 -0.00507133
 -0.000894303 0.0151127 -0.00480516
 -0.00166541 0.0281435 -0.00894835
weights matrix:
 -0.979598 0.134618 0.0285639
 1.82142 -2.14548 -0.501035
 -2.33259 0.951451 1.93939
 -1.95381 -0.787337 2.6197
 0.892011 0.680114 -2.88183
regression_error on 'test' 0.0842502
classification_error on 'test' 0.0789474
Save,3325,0.0842502,0.0789474
sample_count 75 Sample index 65
 i 0:0.928809 i 1:0.410364 i 2:0.944758 i 3:0.792495 bias 1
 test_print 4.07643
net matrix:
 -3.02252 0.199653 0.847449
outputs matrix:
 0.002364 0.598521 0.844867
error matrix:
 -0.002364 -0.598521 0.155133
delta matrix:
 -1.11506e-05 -0.287641 0.0406654
weights_delta matrix:
 -1.03567e-06 -0.0267164 0.00377704
 -4.57579e-07 -0.0118038 0.00166876
 -1.05346e-06 -0.0271752 0.0038419
 -8.83677e-07 -0.0227954 0.00322271
 -1.11506e-06 -0.0287641 0.00406654
weights matrix:
 -0.979599 0.107902 0.0323409
 1.82142 -2.15728 -0.499366
 -2.33259 0.924276 1.94323
 -1.95381 -0.810132 2.62292
 0.89201 0.65135 -2.87776
regression_error on 'test' 0.0819544
classification_error on 'test' 0.0789474
Save,3326,0.0819544,0.0789474
sample_count 75 Sample index 15
 i 0:0.720948 i 1:0.410364 i 2:0.65746 i 3:0.573489 bias 1
 test_print 3.36226
net matrix:
 -1.72086 -0.0130563 -0.277553
outputs matrix:
 0.031017 0.493472 0.36468
error matrix:
 -0.031017 0.506528 -0.36468
delta matrix:
 -0.00186443 0.253221 -0.168985
weights_delta matrix:
 -0.000134415 0.0182559 -0.0121829
 -7.65094e-05 0.0103913 -0.00693452
 -0.000122579 0.0166483 -0.0111101
 -0.000106923 0.0145219 -0.00969108
 -0.000186443 0.0253221 -0.0168985
weights matrix:
 -0.979733 0.126158 0.020158
 1.82135 -2.14689 -0.506301
 -2.33271 0.940924 1.93212
 -1.95391 -0.79561 2.61323
 0.891823 0.676672 -2.89466
regression_error on 'test' 0.0839752
classification_error on 'test' 0.0789474
Save,3327,0.0839752,0.0789474
sample_count 75 Sample index 58
 i 0:0.282131 i 1:0.516233 i 2:0.158468 i 3:0.0989754 bias 1
 test_print 2.05581
net matrix:
 0.992599 -0.32567 -2.58552
outputs matrix:
 0.879234 0.342688 0.0056466
error matrix:
 0.120766 -0.342688 -0.0056466
delta matrix:
 0.0256462 -0.154383 -6.34082e-05
weights_delta matrix:
 0.000723557 -0.00435562 -1.78894e-06
 0.00132394 -0.00796975 -3.27334e-06
 0.000406409 -0.00244647 -1.00482e-06
 0.000253834 -0.00152801 -6.27585e-07
 0.00256462 -0.0154383 -6.34082e-06
weights matrix:
 -0.979009 0.121802 0.0201562
 1.82267 -2.15486 -0.506304
 -2.33231 0.938477 1.93212
 -1.95366 -0.797138 2.61323
 0.894388 0.661234 -2.89467
regression_error on 'test' 0.0833634
classification_error on 'test' 0.0789474
Save,3328,0.0833634,0.0789474
sample_count 75 Sample index 31
 i 0:0.559279 i 1:0.339785 i 2:0.778427 i 3:0.573489 bias 1
 test_print 3.25098
net matrix:
 -1.96977 0.270552 -0.0527539
outputs matrix:
 0.0190858 0.632069 0.473647
error matrix:
 -0.0190858 -0.632069 0.526353
delta matrix:
 -0.000714633 -0.293985 0.262445
weights_delta matrix:
 -3.99679e-05 -0.016442 0.014678
 -2.42822e-05 -0.00998918 0.00891749
 -5.5629e-05 -0.0228846 0.0204294
 -4.09834e-05 -0.0168597 0.0150509
 -7.14633e-05 -0.0293985 0.0262445
weights matrix:
 -0.979049 0.10536 0.0348342
 1.82265 -2.16485 -0.497387
 -2.33236 0.915593 1.95255
 -1.9537 -0.813998 2.62828
 0.894316 0.631835 -2.86842
regression_error on 'test' 0.0811538
classification_error on 'test' 0.105263
Save,3329,0.0811538,0.105263
sample_count 75 Sample index 71
 i 0:0.143558 i 1:0.480944 i 2:0.0979839 i 3:0.0989754 bias 1
 test_print 1.82146
net matrix:
 1.20845 -0.385063 -2.65118
outputs matrix:
 0.918108 0.316452 0.0049551
error matrix:
 0.0818924 -0.316452 -0.0049551
delta matrix:
 0.0123143 -0.136904 -4.88628e-05
weights_delta matrix:
 0.000176782 -0.00196536 -7.01464e-07
 0.00059225 -0.00658429 -2.35003e-06
 0.000120661 -0.00134143 -4.78776e-07
 0.000121882 -0.00135501 -4.83621e-07
 0.00123143 -0.0136904 -4.88628e-06
weights matrix:
 -0.978873 0.103395 0.0348335
 1.82324 -2.17143 -0.497389
 -2.33224 0.914251 1.95255
 -1.95358 -0.815353 2.62828
 0.895548 0.618145 -2.86843
regression_error on 'test' 0.0808772
classification_error on 'test' 0.105263
Save,3330,0.0808772,0.105263
sample_count 75 Sample index 69
 i 0:0.628566 i 1:0.445654 i 2:0.581855 i 3:0.536988 bias 1
 test_print 3.19306
net matrix:
 -1.31328 -0.190445 -0.520739
outputs matrix:
 0.0674485 0.405912 0.260865
error matrix:
 -0.0674485 0.594088 -0.260865
delta matrix:
 -0.0084849 0.286526 -0.100597
weights_delta matrix:
 -0.000533332 0.01801 -0.00632319
 -0.000378133 0.0127691 -0.00448315
 -0.000493698 0.0166716 -0.00585329
 -0.000455629 0.0153861 -0.00540194
 -0.00084849 0.0286526 -0.0100597
weights matrix:
 -0.979406 0.121405 0.0285103
 1.82286 -2.15866 -0.501872
 -2.33274 0.930923 1.9467
 -1.95403 -0.799967 2.62288
 0.894699 0.646797 -2.87849
regression_error on 'test' 0.0823225
classification_error on 'test' 0.0789474
Save,3331,0.0823225,0.0789474
sample_count 75 Sample index 62
 i 0:0.582374 i 1:0.622103 i 2:0.748185 i 3:0.901998 bias 1
 test_print 3.85466
net matrix:
 -2.04953 -0.650477 0.648223
outputs matrix:
 0.0163176 0.214005 0.785236
error matrix:
 -0.0163176 -0.214005 0.214764
delta matrix:
 -0.000523841 -0.071994 0.0724357
weights_delta matrix:
 -3.05071e-05 -0.00419274 0.00421847
 -3.25883e-05 -0.00447877 0.00450625
 -3.9193e-05 -0.00538648 0.00541953
 -4.72504e-05 -0.00649385 0.00653369
 -5.23841e-05 -0.0071994 0.00724357
weights matrix:
 -0.979436 0.117212 0.0327288
 1.82283 -2.16314 -0.497366
 -2.33278 0.925537 1.95212
 -1.95408 -0.806461 2.62942
 0.894647 0.639598 -2.87125
regression_error on 'test' 0.0817072
classification_error on 'test' 0.0789474
Save,3332,0.0817072,0.0789474
sample_count 75 Sample index 4
 i 0:0.212844 i 1:0.516233 i 2:0.158468 i 3:0.135476 bias 1
 test_print 2.02302
net matrix:
 0.992782 -0.414728 -2.45547
outputs matrix:
 0.879273 0.30376 0.00731177
error matrix:
 0.120727 -0.30376 -0.00731177
delta matrix:
 0.0256308 -0.128484 -0.000106142
weights_delta matrix:
 0.000545536 -0.00273472 -2.25917e-06
 0.00132315 -0.00663279 -5.47941e-06
 0.000406166 -0.00203607 -1.68202e-06
 0.000347236 -0.00174066 -1.43797e-06
 0.00256308 -0.0128484 -1.06142e-05
weights matrix:
 -0.978891 0.114477 0.0327266
 1.82415 -2.16978 -0.497372
 -2.33237 0.9235 1.95212
 -1.95373 -0.808202 2.62941
 0.89721 0.62675 -2.87126
regression_error on 'test' 0.0813576
classification_error on 'test' 0.0789474
Save,3333,0.0813576,0.0789474
sample_count 75 Sample index 7
 i 0:0.651661 i 1:0.410364 i 2:0.627218 i 3:0.60999 bias 1
 test_print 3.29923
net matrix:
 -1.64679 -0.102806 -0.225714
outputs matrix:
 0.035792 0.448777 0.389021
error matrix:
 -0.035792 0.551223 -0.389021
delta matrix:
 -0.00247042 0.272719 -0.184928
weights_delta matrix:
 -0.000160988 0.017772 -0.012051
 -0.000101377 0.0111914 -0.00758878
 -0.000154949 0.0171054 -0.011599
 -0.000150693 0.0166356 -0.0112804
 -0.000247042 0.0272719 -0.0184928
weights matrix:
 -0.979052 0.132249 0.0206755
 1.82405 -2.15858 -0.50496
 -2.33252 0.940606 1.94052
 -1.95388 -0.791566 2.61813
 0.896963 0.654021 -2.88975
regression_error on 'test' 0.083247
classification_error on 'test' 0.0789474
Save,3334,0.083247,0.0789474
sample_count 75 Sample index 31
 i 0:0.559279 i 1:0.339785 i 2:0.778427 i 3:0.573489 bias 1
 test_print 3.25098
net matrix:
 -1.96705 0.27277 -0.0377419
outputs matrix:
 0.019188 0.6331 0.481138
error matrix:
 -0.019188 -0.6331 0.518862
delta matrix:
 -0.000722231 -0.294119 0.259062
weights_delta matrix:
 -4.03928e-05 -0.0164494 0.0144888
 -2.45403e-05 -0.00999371 0.00880253
 -5.62204e-05 -0.022895 0.0201661
 -4.14191e-05 -0.0168674 0.0148569
 -7.22231e-05 -0.0294119 0.0259062
weights matrix:
 -0.979092 0.1158 0.0351643
 1.82402 -2.16858 -0.496158
 -2.33258 0.917711 1.96068
 -1.95393 -0.808433 2.63299
 0.896891 0.62461 -2.86384
regression_error on 'test' 0.0811259
classification_error on 'test' 0.105263
Save,3335,0.0811259,0.105263
sample_count 75 Sample index 28
 i 0:0.305227 i 1:0.551523 i 2:0.113105 i 3:0.135476 bias 1
 test_print 2.10533
net matrix:
 1.0755 -0.541791 -2.54828
outputs matrix:
 0.895762 0.252829 0.00608053
error matrix:
 0.104238 -0.252829 -0.00608053
delta matrix:
 0.0194658 -0.0955219 -7.34961e-05
weights_delta matrix:
 0.00059415 -0.00291559 -2.2433e-06
 0.00107359 -0.00526825 -4.05348e-06
 0.000220168 -0.0010804 -8.31277e-07
 0.000263715 -0.00129409 -9.95695e-07
 0.00194658 -0.00955219 -7.34961e-06
weights matrix:
 -0.978498 0.112884 0.0351621
 1.8251 -2.17385 -0.496162
 -2.33236 0.916631 1.96068
 -1.95366 -0.809727 2.63299
 0.898837 0.615057 -2.86385
regression_error on 'test' 0.0808972
classification_error on 'test' 0.0789474
Save,3336,0.0808972,0.0789474
sample_count 75 Sample index 19
 i 0:0.674757 i 1:0.480944 i 2:0.596976 i 3:0.573489 bias 1
 test_print 3.32617
net matrix:
 -1.39641 -0.271434 -0.39828
outputs matrix:
 0.0577136 0.367521 0.310762
error matrix:
 -0.0577136 0.632479 -0.310762
delta matrix:
 -0.00627724 0.294039 -0.133124
weights_delta matrix:
 -0.000423561 0.0198405 -0.00898261
 -0.0003019 0.0141416 -0.0064025
 -0.000374736 0.0175534 -0.00794716
 -0.000359993 0.0168628 -0.00763449
 -0.000627724 0.0294039 -0.0133124
weights matrix:
 -0.978922 0.132725 0.0261795
 1.8248 -2.1597 -0.502564
 -2.33274 0.934184 1.95274
 -1.95402 -0.792865 2.62535
 0.89821 0.644461 -2.87716
regression_error on 'test' 0.0825346
classification_error on 'test' 0.0789474
Save,3337,0.0825346,0.0789474
sample_count 75 Sample index 6
 i 0:0.305227 i 1:0.657392 i 2:0.128226 i 3:0.171977 bias 1
 test_print 2.26282
net matrix:
 1.16386 -0.751367 -2.49766
outputs matrix:
 0.911147 0.182018 0.00672401
error matrix:
 0.0888533 -0.182018 -0.00672401
delta matrix:
 0.0143868 -0.0542004 -8.98167e-05
weights_delta matrix:
 0.000439125 -0.00165434 -2.74145e-06
 0.00094578 -0.00356309 -5.90448e-06
 0.000184477 -0.00069499 -1.15168e-06
 0.000247421 -0.000932122 -1.54464e-06
 0.00143868 -0.00542004 -8.98167e-06
weights matrix:
 -0.978483 0.131071 0.0261767
 1.82574 -2.16327 -0.50257
 -2.33255 0.933489 1.95273
 -1.95378 -0.793797 2.62535
 0.899648 0.639041 -2.87717
regression_error on 'test' 0.0823371
classification_error on 'test' 0.0789474
Save,3338,0.0823371,0.0789474
sample_count 75 Sample index 24
 i 0:0.466896 i 1:0.445654 i 2:0.566734 i 3:0.536988 bias 1
 test_print 3.01627
net matrix:
 -1.11464 -0.16105 -0.572458
outputs matrix:
 0.0971515 0.420164 0.241419
error matrix:
 -0.0971515 0.579836 -0.241419
delta matrix:
 -0.0170429 0.282527 -0.0884249
weights_delta matrix:
 -0.000795726 0.0131911 -0.00412852
 -0.000759524 0.0125909 -0.00394069
 -0.000965879 0.0160117 -0.00501134
 -0.000915183 0.0151713 -0.00474831
 -0.00170429 0.0282527 -0.00884249
weights matrix:
 -0.979278 0.144262 0.0220482
 1.82498 -2.15068 -0.506511
 -2.33352 0.949501 1.94772
 -1.95469 -0.778625 2.62061
 0.897944 0.667294 -2.88601
regression_error on 'test' 0.0841643
classification_error on 'test' 0.0789474
Save,3339,0.0841643,0.0789474
sample_count 75 Sample index 25
 i 0:0.628566 i 1:0.410364 i 2:0.778427 i 3:0.865497 bias 1
 test_print 3.68285
net matrix:
 -2.47694 -0.0593692 0.704277
outputs matrix:
 0.00700652 0.47035 0.803538
error matrix:
 -0.00700652 -0.47035 0.196462
delta matrix:
 -9.74949e-05 -0.234348 0.062029
weights_delta matrix:
 -6.1282e-06 -0.0147303 0.00389893
 -4.00084e-06 -0.0096168 0.00254545
 -7.58926e-06 -0.0182423 0.00482851
 -8.43815e-06 -0.0202828 0.00536859
 -9.74949e-06 -0.0234348 0.0062029
weights matrix:
 -0.979284 0.129531 0.0259471
 1.82498 -2.16029 -0.503965
 -2.33352 0.931258 1.95255
 -1.9547 -0.798908 2.62597
 0.897934 0.643859 -2.87981
regression_error on 'test' 0.0823326
classification_error on 'test' 0.0789474
Save,3340,0.0823326,0.0789474
sample_count 75 Sample index 12
 i 0:0.166653 i 1:0.480944 i 2:0.128226 i 3:0.135476 bias 1
 test_print 1.9113
net matrix:
 1.04841 -0.362355 -2.51174
outputs matrix:
 0.890594 0.326356 0.00653852
error matrix:
 0.109406 -0.326356 -0.00653852
delta matrix:
 0.0213201 -0.143498 -8.49455e-05
weights_delta matrix:
 0.000355307 -0.00239143 -1.41564e-06
 0.00102538 -0.00690143 -4.0854e-06
 0.00027338 -0.00184001 -1.08922e-06
 0.000288837 -0.00194405 -1.15081e-06
 0.00213201 -0.0143498 -8.49455e-06
weights matrix:
 -0.978929 0.12714 0.0259457
 1.826 -2.16719 -0.50397
 -2.33325 0.929418 1.95255
 -1.95441 -0.800852 2.62597
 0.900066 0.629509 -2.87982
regression_error on 'test' 0.0819127
classification_error on 'test' 0.0789474
Save,3341,0.0819127,0.0789474
sample_count 75 Sample index 46
 i 0:0.928809 i 1:0.480944 i 2:0.854032 i 3:0.901998 bias 1
 test_print 4.16578
net matrix:
 -2.88651 -0.223315 0.93806
outputs matrix:
 0.0031007 0.390162 0.867165
error matrix:
 -0.0031007 -0.390162 0.132835
delta matrix:
 -1.9169e-05 -0.185667 0.0306026
weights_delta matrix:
 -1.78044e-06 -0.0172449 0.00284239
 -9.21923e-07 -0.00892954 0.00147181
 -1.6371e-06 -0.0158566 0.00261356
 -1.72904e-06 -0.0167471 0.00276034
 -1.9169e-06 -0.0185667 0.00306026
weights matrix:
 -0.978931 0.109895 0.0287881
 1.826 -2.17612 -0.502498
 -2.33325 0.913562 1.95516
 -1.95441 -0.817599 2.62873
 0.900064 0.610943 -2.87676
regression_error on 'test' 0.0808606
classification_error on 'test' 0.105263
Save,3342,0.0808606,0.105263
sample_count 75 Sample index 65
 i 0:0.928809 i 1:0.410364 i 2:0.944758 i 3:0.792495 bias 1
 test_print 4.07643
net matrix:
 -3.01307 0.0351626 0.874186
outputs matrix:
 0.00240898 0.517574 0.851747
error matrix:
 -0.00240898 -0.517574 0.148253
delta matrix:
 -1.15784e-05 -0.258467 0.0374408
weights_delta matrix:
 -1.07541e-06 -0.0240067 0.00347754
 -4.75136e-07 -0.0106066 0.00153644
 -1.09388e-06 -0.0244189 0.00353725
 -9.17582e-07 -0.0204834 0.00296716
 -1.15784e-06 -0.0258467 0.00374408
weights matrix:
 -0.978932 0.0858882 0.0322656
 1.826 -2.18673 -0.500961
 -2.33325 0.889143 1.9587
 -1.95441 -0.838083 2.6317
 0.900063 0.585096 -2.87302
regression_error on 'test' 0.0799477
classification_error on 'test' 0.131579
Save,3343,0.0799477,0.131579
sample_count 75 Sample index 10
 i 0:0.697853 i 1:0.304495 i 2:0.808669 i 3:0.719493 bias 1
 test_print 3.53051
net matrix:
 -2.5201 0.0952124 0.474392
outputs matrix:
 0.00643089 0.547463 0.72087
error matrix:
 -0.00643089 -0.547463 0.27913
delta matrix:
 -8.21809e-05 -0.271265 0.112331
weights_delta matrix:
 -5.73502e-06 -0.0189303 0.00783904
 -2.50237e-06 -0.00825988 0.00342042
 -6.64571e-06 -0.0219363 0.00908385
 -5.91286e-06 -0.0195173 0.00808212
 -8.21809e-06 -0.0271265 0.0112331
weights matrix:
 -0.978938 0.0669579 0.0401047
 1.826 -2.19499 -0.497541
 -2.33326 0.867207 1.96778
 -1.95442 -0.8576 2.63978
 0.900055 0.557969 -2.86178
regression_error on 'test' 0.0794765
classification_error on 'test' 0.157895
Save,3344,0.0794765,0.157895
sample_count 75 Sample index 0
 i 0:0.282131 i 1:0.269205 i 2:0.430645 i 3:0.427485 bias 1
 test_print 2.40947
net matrix:
 -0.724857 -0.00719503 -1.00852
outputs matrix:
 0.190046 0.496403 0.117425
error matrix:
 -0.190046 0.503597 -0.117425
delta matrix:
 -0.0585068 0.251786 -0.0243388
weights_delta matrix:
 -0.00165066 0.00710365 -0.000686674
 -0.00157503 0.0067782 -0.000655214
 -0.00251957 0.010843 -0.00104814
 -0.00250108 0.0107635 -0.00104045
 -0.00585068 0.0251786 -0.00243388
weights matrix:
 -0.980588 0.0740616 0.039418
 1.82443 -2.18821 -0.498196
 -2.33578 0.87805 1.96674
 -1.95692 -0.846837 2.63874
 0.894204 0.583148 -2.86422
regression_error on 'test' 0.0795879
classification_error on 'test' 0.157895
Save,3345,0.0795879,0.157895
sample_count 75 Sample index 63
 i 0:0.420705 i 1:0.904421 i 2:0.143347 i 3:0.135476 bias 1
 test_print 2.60395
net matrix:
 1.53177 -1.35362 -2.6588
outputs matrix:
 0.955364 0.0625476 0.00488058
error matrix:
 0.0446364 -0.0625476 -0.00488058
delta matrix:
 0.00380694 -0.007335 -4.74075e-05
weights_delta matrix:
 0.00016016 -0.000308587 -1.99446e-06
 0.000344308 -0.000663393 -4.28764e-06
 5.45714e-05 -0.000105145 -6.79573e-07
 5.15749e-05 -9.93717e-05 -6.42258e-07
 0.000380694 -0.0007335 -4.74075e-06
weights matrix:
 -0.980428 0.073753 0.039416
 1.82477 -2.18888 -0.4982
 -2.33573 0.877944 1.96674
 -1.95687 -0.846936 2.63874
 0.894585 0.582415 -2.86422
regression_error on 'test' 0.0795832
classification_error on 'test' 0.157895
Save,3346,0.0795832,0.157895
sample_count 75 Sample index 31
 i 0:0.559279 i 1:0.339785 i 2:0.778427 i 3:0.573489 bias 1
 test_print 3.25098
net matrix:
 -1.97415 0.0776231 0.032792
outputs matrix:
 0.0189224 0.538734 0.51639
error matrix:
 -0.0189224 -0.538734 0.48361
delta matrix:
 -0.000702563 -0.26775 0.241545
weights_delta matrix:
 -3.92929e-05 -0.0149747 0.0135091
 -2.3872e-05 -0.00909776 0.00820734
 -5.46894e-05 -0.0208424 0.0188025
 -4.02912e-05 -0.0153552 0.0138523
 -7.02563e-05 -0.026775 0.0241545
weights matrix:
 -0.980468 0.0587783 0.0529251
 1.82475 -2.19797 -0.489993
 -2.33578 0.857102 1.98554
 -1.95691 -0.862291 2.65259
 0.894515 0.555639 -2.84007
regression_error on 'test' 0.0792996
classification_error on 'test' 0.157895
Save,3347,0.0792996,0.157895
sample_count 75 Sample index 1
 i 0:0.582374 i 1:0.445654 i 2:0.581855 i 3:0.536988 bias 1
 test_print 3.14687
net matrix:
 -1.2732 -0.353996 -0.447905
outputs matrix:
 0.0726686 0.330043 0.289912
error matrix:
 -0.0726686 0.669957 -0.289912
delta matrix:
 -0.00979397 0.296275 -0.119364
weights_delta matrix:
 -0.000570375 0.0172543 -0.00695148
 -0.000436472 0.0132036 -0.00531953
 -0.000569867 0.0172389 -0.00694528
 -0.000525925 0.0159096 -0.00640973
 -0.000979397 0.0296275 -0.0119364
weights matrix:
 -0.981038 0.0760326 0.0459736
 1.82431 -2.18477 -0.495313
 -2.33635 0.874341 1.97859
 -1.95743 -0.846382 2.64618
 0.893535 0.585267 -2.852
regression_error on 'test' 0.0794414
classification_error on 'test' 0.157895
Save,3348,0.0794414,0.157895
sample_count 75 Sample index 38
 i 0:0.397609 i 1:0.798551 i 2:0.128226 i 3:0.208478 bias 1
 test_print 2.53286
net matrix:
 1.25261 -1.19349 -2.42388
outputs matrix:
 0.924507 0.0841708 0.00778489
error matrix:
 0.0754935 -0.0841708 -0.00778489
delta matrix:
 0.010538 -0.0129768 -0.000120266
weights_delta matrix:
 0.000419001 -0.000515969 -4.78187e-06
 0.000841514 -0.00103626 -9.60382e-06
 0.000135125 -0.000166396 -1.54212e-06
 0.000219694 -0.000270538 -2.50727e-06
 0.0010538 -0.00129768 -1.20266e-05
weights matrix:
 -0.980619 0.0755166 0.0459689
 1.82515 -2.18581 -0.495322
 -2.33621 0.874175 1.97859
 -1.95721 -0.846652 2.64618
 0.894589 0.583969 -2.85201
regression_error on 'test' 0.0794314
classification_error on 'test' 0.157895
Save,3349,0.0794314,0.157895
sample_count 75 Sample index 28
 i 0:0.305227 i 1:0.551523 i 2:0.113105 i 3:0.135476 bias 1
 test_print 2.10533
net matrix:
 1.0725 -0.614331 -2.52888
outputs matrix:
 0.8952 0.226416 0.00631956
error matrix:
 0.1048 -0.226416 -0.00631956
delta matrix:
 0.019664 -0.0793142 -7.9369e-05
weights_delta matrix:
 0.000600199 -0.00242088 -2.42256e-06
 0.00108452 -0.00437436 -4.37738e-06
 0.00022241 -0.000897083 -8.97703e-07
 0.0002664 -0.00107452 -1.07526e-06
 0.0019664 -0.00793142 -7.9369e-06
weights matrix:
 -0.980019 0.0730957 0.0459664
 1.82624 -2.19018 -0.495327
 -2.33599 0.873277 1.97859
 -1.95695 -0.847727 2.64618
 0.896556 0.576038 -2.85202
regression_error on 'test' 0.0794001
classification_error on 'test' 0.157895
Save,3350,0.0794001,0.157895
sample_count 75 Sample index 20
 i 0:0.489992 i 1:0.375074 i 2:0.521371 i 3:0.500487 bias 1
 test_print 2.88692
net matrix:
 -1.09602 -0.1786 -0.659325
outputs matrix:
 0.100468 0.411637 0.211043
error matrix:
 -0.100468 0.588363 -0.211043
delta matrix:
 -0.0181594 0.284993 -0.0702789
weights_delta matrix:
 -0.000889795 0.0139645 -0.00344361
 -0.000681111 0.0106894 -0.00263598
 -0.000946778 0.0148587 -0.00366414
 -0.000908854 0.0142636 -0.00351737
 -0.00181594 0.0284993 -0.00702789
weights matrix:
 -0.980908 0.0870602 0.0425228
 1.82555 -2.17949 -0.497963
 -2.33694 0.888136 1.97493
 -1.95786 -0.833463 2.64266
 0.89474 0.604537 -2.85905
regression_error on 'test' 0.0798149
classification_error on 'test' 0.131579
Save,3351,0.0798149,0.131579
sample_count 75 Sample index 30
 i 0:0.559279 i 1:0.410364 i 2:0.642339 i 3:0.500487 bias 1
 test_print 3.11247
net matrix:
 -1.38571 -0.0878095 -0.448424
outputs matrix:
 0.0588883 0.456208 0.289699
error matrix:
 -0.0588883 0.543792 -0.289699
delta matrix:
 -0.00652724 0.26981 -0.119225
weights_delta matrix:
 -0.000365055 0.0150899 -0.00666798
 -0.000267854 0.011072 -0.00489255
 -0.00041927 0.017331 -0.00765826
 -0.00032668 0.0135037 -0.00596704
 -0.000652724 0.026981 -0.0119225
weights matrix:
 -0.981274 0.10215 0.0358548
 1.82529 -2.16842 -0.502855
 -2.33736 0.905467 1.96727
 -1.95818 -0.819959 2.6367
 0.894087 0.631518 -2.87097
regression_error on 'test' 0.0807169
classification_error on 'test' 0.105263
Save,3352,0.0807169,0.105263
sample_count 75 Sample index 6
 i 0:0.305227 i 1:0.657392 i 2:0.128226 i 3:0.171977 bias 1
 test_print 2.26282
net matrix:
 1.15803 -0.787714 -2.4849
outputs matrix:
 0.910199 0.171444 0.0068967
error matrix:
 0.0898013 -0.171444 -0.0068967
delta matrix:
 0.0146802 -0.0487076 -9.44727e-05
weights_delta matrix:
 0.000448079 -0.00148669 -2.88356e-06
 0.000965064 -0.003202 -6.21056e-06
 0.000188238 -0.000624558 -1.21139e-06
 0.000252466 -0.000837658 -1.62471e-06
 0.00146802 -0.00487076 -9.44727e-06
weights matrix:
 -0.980825 0.100663 0.035852
 1.82625 -2.17162 -0.502861
 -2.33717 0.904843 1.96727
 -1.95793 -0.820797 2.63669
 0.895555 0.626647 -2.87098
regression_error on 'test' 0.0806027
classification_error on 'test' 0.0789474
Save,3353,0.0806027,0.0789474
sample_count 75 Sample index 47
 i 0:0.282131 i 1:0.516233 i 2:0.158468 i 3:0.0989754 bias 1
 test_print 2.05581
net matrix:
 0.997451 -0.403865 -2.54774
outputs matrix:
 0.880261 0.308375 0.00608703
error matrix:
 0.119739 -0.308375 -0.00608703
delta matrix:
 0.0252414 -0.13154 -7.36529e-05
weights_delta matrix:
 0.000712139 -0.00371115 -2.07798e-06
 0.00130305 -0.00679053 -3.8022e-06
 0.000399996 -0.00208449 -1.16716e-06
 0.000249828 -0.00130192 -7.28982e-07
 0.00252414 -0.013154 -7.36529e-06
weights matrix:
 -0.980113 0.0969522 0.0358499
 1.82755 -2.17841 -0.502865
 -2.33677 0.902758 1.96727
 -1.95768 -0.822099 2.63669
 0.898079 0.613493 -2.87099
regression_error on 'test' 0.0803527
classification_error on 'test' 0.0789474
Save,3354,0.0803527,0.0789474
sample_count 75 Sample index 41
 i 0:0.674757 i 1:0.445654 i 2:0.627218 i 3:0.536988 bias 1
 test_print 3.28462
net matrix:
 -1.46572 -0.167136 -0.421126
outputs matrix:
 0.0506212 0.417201 0.30106
error matrix:
 -0.0506212 0.582799 -0.30106
delta matrix:
 -0.00486558 0.283408 -0.1267
weights_delta matrix:
 -0.000328309 0.0191232 -0.00854918
 -0.000216837 0.0126302 -0.00564644
 -0.000305178 0.0177759 -0.00794686
 -0.000261276 0.0152187 -0.00680365
 -0.000486558 0.0283408 -0.01267
weights matrix:
 -0.980442 0.116075 0.0273007
 1.82734 -2.16578 -0.508512
 -2.33708 0.920534 1.95932
 -1.95794 -0.80688 2.62989
 0.897592 0.641834 -2.88366
regression_error on 'test' 0.0816879
classification_error on 'test' 0.0789474
Save,3355,0.0816879,0.0789474
sample_count 75 Sample index 30
 i 0:0.559279 i 1:0.410364 i 2:0.642339 i 3:0.500487 bias 1
 test_print 3.11247
net matrix:
 -1.38199 0.00545595 -0.502293
outputs matrix:
 0.0593015 0.502728 0.268041
error matrix:
 -0.0593015 0.497272 -0.268041
delta matrix:
 -0.00661625 0.248629 -0.105176
weights_delta matrix:
 -0.000370033 0.0139053 -0.00588229
 -0.000271507 0.0102028 -0.00431606
 -0.000424987 0.0159704 -0.00675589
 -0.000331135 0.0124435 -0.00526394
 -0.000661625 0.0248629 -0.0105176
weights matrix:
 -0.980812 0.129981 0.0214184
 1.82707 -2.15558 -0.512828
 -2.3375 0.936504 1.95256
 -1.95827 -0.794437 2.62463
 0.896931 0.666697 -2.89418
regression_error on 'test' 0.0832514
classification_error on 'test' 0.0789474
Save,3356,0.0832514,0.0789474
sample_count 75 Sample index 14
 i 0:0.697853 i 1:0.516233 i 2:0.778427 i 3:0.938499 bias 1
 test_print 3.93101
net matrix:
 -2.50175 -0.371954 0.839167
outputs matrix:
 0.00666961 0.32215 0.842684
error matrix:
 -0.00666961 -0.32215 0.157316
delta matrix:
 -8.83739e-05 -0.140696 0.0417101
weights_delta matrix:
 -6.1672e-06 -0.00981848 0.00291075
 -4.56215e-06 -0.00726317 0.00215321
 -6.87926e-06 -0.0109521 0.00324683
 -8.29388e-06 -0.0132043 0.00391449
 -8.83739e-06 -0.0140696 0.00417101
weights matrix:
 -0.980818 0.120162 0.0243292
 1.82706 -2.16284 -0.510674
 -2.33751 0.925552 1.95581
 -1.95828 -0.807641 2.62854
 0.896922 0.652628 -2.89001
regression_error on 'test' 0.0821519
classification_error on 'test' 0.0789474
Save,3357,0.0821519,0.0789474
sample_count 75 Sample index 56
 i 0:0.328323 i 1:0.727972 i 2:0.158468 i 3:0.208478 bias 1
 test_print 2.42324
net matrix:
 1.12627 -0.904113 -2.39585
outputs matrix:
 0.904869 0.140853 0.00823005
error matrix:
 0.095131 -0.140853 -0.00823005
delta matrix:
 0.016378 -0.03409 -0.000134353
weights_delta matrix:
 0.000537726 -0.00111925 -4.41111e-06
 0.00119227 -0.00248166 -9.7805e-06
 0.000259538 -0.000540218 -2.12906e-06
 0.000341444 -0.000710702 -2.80096e-06
 0.0016378 -0.003409 -1.34353e-05
weights matrix:
 -0.98028 0.119043 0.0243247
 1.82825 -2.16532 -0.510684
 -2.33725 0.925012 1.95581
 -1.95794 -0.808352 2.62854
 0.89856 0.649219 -2.89002
regression_error on 'test' 0.0820278
classification_error on 'test' 0.0789474
Save,3358,0.0820278,0.0789474
sample_count 75 Sample index 65
 i 0:0.928809 i 1:0.410364 i 2:0.944758 i 3:0.792495 bias 1
 test_print 4.07643
net matrix:
 -3.02148 0.104514 0.853875
outputs matrix:
 0.00236892 0.552068 0.846544
error matrix:
 -0.00236892 -0.552068 0.153456
delta matrix:
 -1.11969e-05 -0.27304 0.03987
weights_delta matrix:
 -1.03998e-06 -0.0253602 0.00370316
 -4.59482e-07 -0.0112046 0.00163612
 -1.05784e-06 -0.0257957 0.00376675
 -8.87352e-07 -0.0216383 0.00315968
 -1.11969e-06 -0.027304 0.003987
weights matrix:
 -0.980281 0.0936827 0.0280279
 1.82825 -2.17653 -0.509048
 -2.33725 0.899216 1.95957
 -1.95794 -0.82999 2.6317
 0.898559 0.621915 -2.88603
regression_error on 'test' 0.0805404
classification_error on 'test' 0.105263
Save,3359,0.0805404,0.105263
sample_count 75 Sample index 23
 i 0:0.975 i 1:0.763262 i 2:0.899395 i 3:0.792495 bias 1
 test_print 4.43015
net matrix:
 -2.31555 -0.797018 0.600796
outputs matrix:
 0.00965004 0.168817 0.768808
error matrix:
 -0.00965004 -0.168817 0.231192
delta matrix:
 -0.000184449 -0.047376 0.0821853
weights_delta matrix:
 -1.79838e-05 -0.00461916 0.00801307
 -1.40783e-05 -0.00361603 0.00627289
 -1.65893e-05 -0.00426097 0.00739171
 -1.46175e-05 -0.00375452 0.00651315
 -1.84449e-05 -0.0047376 0.00821853
weights matrix:
 -0.980299 0.0890636 0.036041
 1.82824 -2.18014 -0.502775
 -2.33727 0.894955 1.96697
 -1.95796 -0.833745 2.63821
 0.89854 0.617177 -2.87781
regression_error on 'test' 0.0801393
classification_error on 'test' 0.0789474
Save,3360,0.0801393,0.0789474
sample_count 75 Sample index 30
 i 0:0.559279 i 1:0.410364 i 2:0.642339 i 3:0.500487 bias 1
 test_print 3.11247
net matrix:
 -1.38073 -0.0700778 -0.480129
outputs matrix:
 0.0594432 0.465018 0.276826
error matrix:
 -0.0594432 0.534982 -0.276826
delta matrix:
 -0.0066469 0.266181 -0.110838
weights_delta matrix:
 -0.000371747 0.014887 -0.00619892
 -0.000272765 0.0109231 -0.00454838
 -0.000426957 0.0170979 -0.00711954
 -0.000332669 0.013322 -0.00554729
 -0.00066469 0.0266181 -0.0110838
weights matrix:
 -0.980671 0.103951 0.0298421
 1.82797 -2.16922 -0.507324
 -2.33769 0.912053 1.95985
 -1.95829 -0.820423 2.63266
 0.897876 0.643795 -2.8889
regression_error on 'test' 0.081214
classification_error on 'test' 0.0789474
Save,3361,0.081214,0.0789474
sample_count 75 Sample index 60
 i 0:0.559279 i 1:0.410364 i 2:0.536492 i 3:0.536988 bias 1
 test_print 3.04312
net matrix:
 -1.20619 -0.139485 -0.615245
outputs matrix:
 0.0822332 0.430706 0.226096
error matrix:
 -0.0822332 0.569294 -0.226096
delta matrix:
 -0.0124124 0.27918 -0.0791228
weights_delta matrix:
 -0.0006942 0.0156139 -0.00442517
 -0.000509361 0.0114565 -0.00324692
 -0.000665916 0.0149778 -0.00424488
 -0.000666532 0.0149916 -0.0042488
 -0.00124124 0.027918 -0.00791228
weights matrix:
 -0.981365 0.119564 0.0254169
 1.82746 -2.15776 -0.51057
 -2.33836 0.927031 1.9556
 -1.95896 -0.805431 2.62841
 0.896634 0.671713 -2.89681
regression_error on 'test' 0.0827034
classification_error on 'test' 0.0789474
Save,3362,0.0827034,0.0789474
sample_count 75 Sample index 62
 i 0:0.582374 i 1:0.622103 i 2:0.748185 i 3:0.901998 bias 1
 test_print 3.85466
net matrix:
 -2.05452 -0.633914 0.634341
outputs matrix:
 0.0161582 0.219629 0.780517
error matrix:
 -0.0161582 -0.219629 0.219483
delta matrix:
 -0.000513736 -0.0752856 0.0751994
weights_delta matrix:
 -2.99187e-05 -0.00438444 0.00437942
 -3.19597e-05 -0.00468354 0.00467818
 -3.8437e-05 -0.00563276 0.00562631
 -4.63389e-05 -0.00679075 0.00678297
 -5.13736e-05 -0.00752856 0.00751994
weights matrix:
 -0.981395 0.11518 0.0297963
 1.82743 -2.16245 -0.505892
 -2.3384 0.921398 1.96123
 -1.959 -0.812222 2.6352
 0.896583 0.664185 -2.88929
regression_error on 'test' 0.0819897
classification_error on 'test' 0.0789474
Save,3363,0.0819897,0.0789474
sample_count 75 Sample index 34
 i 0:0.767139 i 1:0.551523 i 2:0.642339 i 3:0.573489 bias 1
 test_print 3.53449
net matrix:
 -1.47393 -0.314046 -0.374414
outputs matrix:
 0.0498381 0.347943 0.321077
error matrix:
 -0.0498381 0.652057 -0.321077
delta matrix:
 -0.0047201 0.295876 -0.139981
weights_delta matrix:
 -0.000362097 0.0226978 -0.0107385
 -0.000260324 0.0163182 -0.00772026
 -0.00030319 0.0190052 -0.00899151
 -0.000270693 0.0169681 -0.00802774
 -0.00047201 0.0295876 -0.0139981
weights matrix:
 -0.981757 0.137878 0.0190578
 1.82716 -2.14613 -0.513613
 -2.3387 0.940403 1.95224
 -1.95927 -0.795253 2.62717
 0.896111 0.693772 -2.90329
regression_error on 'test' 0.0843665
classification_error on 'test' 0.0789474
Save,3364,0.0843665,0.0789474
sample_count 75 Sample index 67
 i 0:0.443801 i 1:0.375074 i 2:0.566734 i 3:0.536988 bias 1
 test_print 2.9226
net matrix:
 -1.2318 0.0559221 -0.570316
outputs matrix:
 0.0784499 0.527932 0.242204
error matrix:
 -0.0784499 0.472068 -0.242204
delta matrix:
 -0.0113432 0.235297 -0.088909
weights_delta matrix:
 -0.00050341 0.0104425 -0.00394579
 -0.000425452 0.00882539 -0.00333475
 -0.000642855 0.0133351 -0.00503878
 -0.000609114 0.0126352 -0.00477431
 -0.00113432 0.0235297 -0.0088909
weights matrix:
 -0.982261 0.14832 0.015112
 1.82674 -2.1373 -0.516947
 -2.33934 0.953739 1.9472
 -1.95988 -0.782618 2.6224
 0.894977 0.717302 -2.91218
regression_error on 'test' 0.0863655
classification_error on 'test' 0.0789474
Save,3365,0.0863655,0.0789474
sample_count 75 Sample index 71
 i 0:0.143558 i 1:0.480944 i 2:0.0979839 i 3:0.0989754 bias 1
 test_print 1.82146
net matrix:
 1.20933 -0.273338 -2.70829
outputs matrix:
 0.918239 0.366636 0.0044227
error matrix:
 0.0817613 -0.366636 -0.0044227
delta matrix:
 0.0122767 -0.170276 -3.89475e-05
weights_delta matrix:
 0.000176242 -0.00244445 -5.59123e-07
 0.00059044 -0.00818932 -1.87316e-06
 0.000120292 -0.00166843 -3.81623e-07
 0.000121509 -0.00168531 -3.85485e-07
 0.00122767 -0.0170276 -3.89475e-06
weights matrix:
 -0.982084 0.145876 0.0151115
 1.82733 -2.14549 -0.516949
 -2.33922 0.95207 1.9472
 -1.95976 -0.784304 2.62239
 0.896204 0.700274 -2.91218
regression_error on 'test' 0.0855323
classification_error on 'test' 0.0789474
Save,3366,0.0855323,0.0789474
sample_count 75 Sample index 40
 i 0:0.328323 i 1:0.763262 i 2:0.158468 i 3:0.171977 bias 1
 test_print 2.42203
net matrix:
 1.26077 -0.873415 -2.54223
outputs matrix:
 0.925638 0.148448 0.00615413
error matrix:
 0.074362 -0.148448 -0.00615413
delta matrix:
 0.010237 -0.0375308 -7.52804e-05
weights_delta matrix:
 0.000336105 -0.00123222 -2.47163e-06
 0.000781352 -0.00286458 -5.74587e-06
 0.000162224 -0.000594743 -1.19295e-06
 0.000176053 -0.000645443 -1.29465e-06
 0.0010237 -0.00375308 -7.52804e-06
weights matrix:
 -0.981748 0.144644 0.015109
 1.82811 -2.14836 -0.516955
 -2.33906 0.951475 1.9472
 -1.95958 -0.784949 2.62239
 0.897228 0.696521 -2.91219
regression_error on 'test' 0.0853158
classification_error on 'test' 0.0789474
Save,3367,0.0853158,0.0789474
sample_count 75 Sample index 63
 i 0:0.420705 i 1:0.904421 i 2:0.143347 i 3:0.135476 bias 1
 test_print 2.60395
net matrix:
 1.53681 -1.1556 -2.73898
outputs matrix:
 0.955791 0.0902001 0.00416044
error matrix:
 0.0442086 -0.0902001 -0.00416044
delta matrix:
 0.003736 -0.0148044 -3.44744e-05
weights_delta matrix:
 0.000157176 -0.000622827 -1.45036e-06
 0.000337892 -0.00133894 -3.11794e-06
 5.35545e-05 -0.000212216 -4.9418e-07
 5.06139e-05 -0.000200564 -4.67046e-07
 0.0003736 -0.00148044 -3.44744e-06
weights matrix:
 -0.981591 0.144021 0.0151076
 1.82845 -2.1497 -0.516958
 -2.33901 0.951263 1.9472
 -1.95953 -0.78515 2.62239
 0.897602 0.695041 -2.91219
regression_error on 'test' 0.0852279
classification_error on 'test' 0.0789474
Save,3368,0.0852279,0.0789474
sample_count 75 Sample index 2
 i 0:0.466896 i 1:0.480944 i 2:0.566734 i 3:0.500487 bias 1
 test_print 3.01506
net matrix:
 -0.987633 -0.125444 -0.737753
outputs matrix:
 0.121824 0.437605 0.186107
error matrix:
 -0.121824 0.562395 -0.186107
delta matrix:
 -0.0260663 0.276819 -0.0563798
weights_delta matrix:
 -0.00121702 0.0129246 -0.00263235
 -0.00125364 0.0133134 -0.00271155
 -0.00147727 0.0156883 -0.00319524
 -0.00130458 0.0138544 -0.00282174
 -0.00260663 0.0276819 -0.00563798
weights matrix:
 -0.982808 0.156945 0.0124752
 1.8272 -2.13638 -0.51967
 -2.34048 0.966951 1.944
 -1.96084 -0.771295 2.61957
 0.894995 0.722723 -2.91783
regression_error on 'test' 0.087638
classification_error on 'test' 0.105263
Save,3369,0.087638,0.105263
sample_count 75 Sample index 64
 i 0:0.282131 i 1:0.516233 i 2:0.158468 i 3:0.0989754 bias 1
 test_print 2.05581
net matrix:
 0.996006 -0.258978 -2.61525
outputs matrix:
 0.879956 0.37333 0.00532239
error matrix:
 0.120044 -0.37333 -0.00532239
delta matrix:
 0.0253614 -0.174685 -5.63541e-05
weights_delta matrix:
 0.000715523 -0.0049284 -1.58992e-06
 0.00130924 -0.0090178 -2.90918e-06
 0.000401896 -0.00276819 -8.93032e-07
 0.000251015 -0.00172895 -5.57767e-07
 0.00253614 -0.0174685 -5.63541e-06
weights matrix:
 -0.982092 0.152017 0.0124736
 1.8285 -2.1454 -0.519672
 -2.34008 0.964183 1.944
 -1.96059 -0.773024 2.61957
 0.897531 0.705254 -2.91784
regression_error on 'test' 0.0866095
classification_error on 'test' 0.0789474
Save,3370,0.0866095,0.0789474
sample_count 75 Sample index 13
 i 0:0.420705 i 1:0.269205 i 2:0.491129 i 3:0.427485 bias 1
 test_print 2.60852
net matrix:
 -1.0108 0.334738 -0.977907
outputs matrix:
 0.116953 0.661386 0.123921
error matrix:
 -0.116953 0.338614 -0.123921
delta matrix:
 -0.0241568 0.151668 -0.0269068
weights_delta matrix:
 -0.00101629 0.00638077 -0.00113198
 -0.000650313 0.00408299 -0.000724344
 -0.00118641 0.00744888 -0.00132147
 -0.00103267 0.0064836 -0.00115022
 -0.00241568 0.0151668 -0.00269068
weights matrix:
 -0.983109 0.158398 0.0113416
 1.82785 -2.14132 -0.520397
 -2.34127 0.971632 1.94268
 -1.96162 -0.766541 2.61842
 0.895115 0.720421 -2.92053
regression_error on 'test' 0.0878483
classification_error on 'test' 0.105263
Save,3371,0.0878483,0.105263
sample_count 75 Sample index 66
 i 0:0.60547 i 1:0.304495 i 2:0.672581 i 3:0.60999 bias 1
 test_print 3.19254
net matrix:
 -1.91482 0.350225 -0.168301
outputs matrix:
 0.021256 0.668287 0.416635
error matrix:
 -0.021256 0.331713 -0.416635
delta matrix:
 -0.000884425 0.147068 -0.202527
weights_delta matrix:
 -5.35493e-05 0.00890451 -0.0122624
 -2.69303e-05 0.00447814 -0.00616683
 -5.94848e-05 0.00989149 -0.0136216
 -5.39491e-05 0.00897098 -0.0123539
 -8.84425e-05 0.0147068 -0.0202527
weights matrix:
 -0.983162 0.167302 -0.000920742
 1.82783 -2.13684 -0.526564
 -2.34133 0.981524 1.92906
 -1.96167 -0.75757 2.60607
 0.895027 0.735128 -2.94078
regression_error on 'test' 0.0902795
classification_error on 'test' 0.0526316
Save,3372,0.0902795,0.0526316
sample_count 75 Sample index 12
 i 0:0.166653 i 1:0.480944 i 2:0.128226 i 3:0.135476 bias 1
 test_print 1.9113
net matrix:
 1.04428 -0.241467 -2.59377
outputs matrix:
 0.889787 0.38156 0.00555473
error matrix:
 0.110213 -0.38156 -0.00555473
delta matrix:
 0.0216163 -0.180075 -6.13672e-05
weights_delta matrix:
 0.000360242 -0.003001 -1.0227e-06
 0.00103962 -0.00866058 -2.95142e-06
 0.000277177 -0.00230903 -7.86888e-07
 0.000292849 -0.00243958 -8.31379e-07
 0.00216163 -0.0180075 -6.13672e-06
weights matrix:
 -0.982802 0.164301 -0.000921765
 1.82887 -2.1455 -0.526567
 -2.34105 0.979215 1.92906
 -1.96138 -0.760009 2.60607
 0.897189 0.71712 -2.94079
regression_error on 'test' 0.0891578
classification_error on 'test' 0.0789474
Save,3373,0.0891578,0.0789474
sample_count 75 Sample index 56
 i 0:0.328323 i 1:0.727972 i 2:0.158468 i 3:0.208478 bias 1
 test_print 2.42324
net matrix:
 1.12599 -0.794071 -2.47541
outputs matrix:
 0.904821 0.169645 0.00702779
error matrix:
 0.0951789 -0.169645 -0.00702779
delta matrix:
 0.0163936 -0.0477945 -9.80856e-05
weights_delta matrix:
 0.000538239 -0.0015692 -3.22038e-06
 0.00119341 -0.0034793 -7.14036e-06
 0.000259786 -0.000757389 -1.55434e-06
 0.00034177 -0.000996409 -2.04487e-06
 0.00163936 -0.00477945 -9.80856e-06
weights matrix:
 -0.982264 0.162732 -0.000924985
 1.83006 -2.14898 -0.526574
 -2.34079 0.978457 1.92905
 -1.96104 -0.761006 2.60606
 0.898828 0.712341 -2.9408
regression_error on 'test' 0.0888193
classification_error on 'test' 0.0789474
Save,3374,0.0888193,0.0789474
sample_count 75 Sample index 53
 i 0:0.489992 i 1:0.410364 i 2:0.702823 i 3:0.938499 bias 1
 test_print 3.54168
net matrix:
 -2.31708 -0.116307 0.644234
outputs matrix:
 0.00962085 0.442108 0.783888
error matrix:
 -0.00962085 -0.442108 0.216112
delta matrix:
 -0.000183341 -0.21809 0.0732221
weights_delta matrix:
 -8.98354e-06 -0.0106862 0.00358782
 -7.52364e-06 -0.00894964 0.00300477
 -1.28856e-05 -0.0153279 0.00514622
 -1.72065e-05 -0.0204678 0.00687188
 -1.83341e-05 -0.021809 0.00732221
weights matrix:
 -0.982273 0.152046 0.00266284
 1.83005 -2.15793 -0.523569
 -2.3408 0.963129 1.9342
 -1.96106 -0.781473 2.61294
 0.89881 0.690532 -2.93348
regression_error on 'test' 0.0863343
classification_error on 'test' 0.105263
Save,3375,0.0863343,0.105263
sample_count 75 Sample index 13
 i 0:0.420705 i 1:0.269205 i 2:0.491129 i 3:0.427485 bias 1
 test_print 2.60852
net matrix:
 -1.00974 0.312525 -1.00637
outputs matrix:
 0.117173 0.651366 0.117872
error matrix:
 -0.117173 0.348634 -0.117872
delta matrix:
 -0.0242417 0.158341 -0.0245122
weights_delta matrix:
 -0.00101986 0.00666149 -0.00103124
 -0.000652599 0.00426262 -0.00065988
 -0.00119058 0.00777659 -0.00120386
 -0.0010363 0.00676885 -0.00104786
 -0.00242417 0.0158341 -0.00245122
weights matrix:
 -0.983293 0.158707 0.0016316
 1.8294 -2.15367 -0.524229
 -2.34199 0.970906 1.933
 -1.96209 -0.774704 2.61189
 0.896385 0.706366 -2.93593
regression_error on 'test' 0.0875309
classification_error on 'test' 0.105263
Save,3376,0.0875309,0.105263
sample_count 75 Sample index 21
 i 0:0.836426 i 1:0.445654 i 2:0.884274 i 3:0.719493 bias 1
 test_print 3.88585
net matrix:
 -2.59346 0.180475 0.420347
outputs matrix:
 0.00555809 0.58927 0.698612
error matrix:
 -0.00555809 -0.58927 0.301388
delta matrix:
 -6.14414e-05 -0.285243 0.126917
weights_delta matrix:
 -5.13912e-06 -0.0238585 0.0106156
 -2.73816e-06 -0.012712 0.0056561
 -5.4331e-06 -0.0252233 0.0112229
 -4.42067e-06 -0.020523 0.00913157
 -6.14414e-06 -0.0285243 0.0126917
weights matrix:
 -0.983298 0.134849 0.0122472
 1.8294 -2.16638 -0.518573
 -2.342 0.945683 1.94422
 -1.9621 -0.795228 2.62102
 0.896379 0.677842 -2.92323
regression_error on 'test' 0.0842621
classification_error on 'test' 0.0789474
Save,3377,0.0842621,0.0789474
sample_count 75 Sample index 62
 i 0:0.582374 i 1:0.622103 i 2:0.748185 i 3:0.901998 bias 1
 test_print 3.85466
net matrix:
 -2.06025 -0.601085 0.580082
outputs matrix:
 0.015977 0.231089 0.761363
error matrix:
 -0.015977 -0.231089 0.238637
delta matrix:
 -0.00050237 -0.0821232 0.0867159
weights_delta matrix:
 -2.92567e-05 -0.00478264 0.00505011
 -3.12526e-05 -0.00510891 0.00539462
 -3.75866e-05 -0.00614434 0.00648795
 -4.53137e-05 -0.0074075 0.00782175
 -5.0237e-05 -0.00821232 0.00867159
weights matrix:
 -0.983327 0.130066 0.0172974
 1.82937 -2.17149 -0.513178
 -2.34204 0.939538 1.95071
 -1.96214 -0.802635 2.62884
 0.896329 0.669629 -2.91456
regression_error on 'test' 0.0832745
classification_error on 'test' 0.0789474
Save,3378,0.0832745,0.0789474
sample_count 75 Sample index 66
 i 0:0.60547 i 1:0.304495 i 2:0.672581 i 3:0.60999 bias 1
 test_print 3.19254
net matrix:
 -1.91411 0.229489 -0.144775
outputs matrix:
 0.0212854 0.612772 0.428114
error matrix:
 -0.0212854 0.387228 -0.428114
delta matrix:
 -0.000886846 0.183765 -0.209633
weights_delta matrix:
 -5.36959e-05 0.0111264 -0.0126926
 -2.7004e-05 0.00559555 -0.0063832
 -5.96476e-05 0.0123597 -0.0140995
 -5.40967e-05 0.0112095 -0.0127874
 -8.86846e-05 0.0183765 -0.0209633
weights matrix:
 -0.983381 0.141193 0.00460473
 1.82934 -2.16589 -0.519561
 -2.3421 0.951898 1.93661
 -1.9622 -0.791426 2.61605
 0.89624 0.688006 -2.93553
regression_error on 'test' 0.0853478
classification_error on 'test' 0.0789474
Save,3379,0.0853478,0.0789474
sample_count 75 Sample index 60
 i 0:0.559279 i 1:0.410364 i 2:0.536492 i 3:0.536988 bias 1
 test_print 3.04312
net matrix:
 -1.21324 -0.0361328 -0.702396
outputs matrix:
 0.0811754 0.481941 0.197057
error matrix:
 -0.0811754 0.518059 -0.197057
delta matrix:
 -0.0121091 0.258691 -0.0623588
weights_delta matrix:
 -0.000677237 0.0144681 -0.0034876
 -0.000496914 0.0106158 -0.00255898
 -0.000649644 0.0138786 -0.0033455
 -0.000650244 0.0138914 -0.00334859
 -0.00121091 0.0258691 -0.00623588
weights matrix:
 -0.984058 0.155661 0.00111714
 1.82884 -2.15528 -0.52212
 -2.34275 0.965777 1.93326
 -1.96285 -0.777534 2.6127
 0.895029 0.713875 -2.94176
regression_error on 'test' 0.0875737
classification_error on 'test' 0.105263
Save,3380,0.0875737,0.105263
sample_count 75 Sample index 15
 i 0:0.720948 i 1:0.410364 i 2:0.65746 i 3:0.573489 bias 1
 test_print 3.36226
net matrix:
 -1.72987 0.130702 -0.385816
outputs matrix:
 0.0304799 0.564982 0.316126
error matrix:
 -0.0304799 0.435018 -0.316126
delta matrix:
 -0.00180141 0.213835 -0.136687
weights_delta matrix:
 -0.000129872 0.0154164 -0.00985442
 -7.39235e-05 0.00877503 -0.00560914
 -0.000118436 0.0140588 -0.00898662
 -0.000103309 0.0122632 -0.00783885
 -0.000180141 0.0213835 -0.0136687
weights matrix:
 -0.984188 0.171077 -0.00873728
 1.82877 -2.1465 -0.527729
 -2.34287 0.979835 1.92428
 -1.96295 -0.765271 2.60487
 0.894849 0.735258 -2.95543
regression_error on 'test' 0.090448
classification_error on 'test' 0.0526316
Save,3381,0.090448,0.0526316
sample_count 75 Sample index 12
 i 0:0.166653 i 1:0.480944 i 2:0.128226 i 3:0.135476 bias 1
 test_print 1.9113
net matrix:
 1.04402 -0.246614 -2.61106
outputs matrix:
 0.889735 0.379134 0.00536696
error matrix:
 0.110265 -0.379134 -0.00536696
delta matrix:
 0.0216355 -0.17849 -5.72993e-05
weights_delta matrix:
 0.000360562 -0.00297458 -9.5491e-07
 0.00104055 -0.00858435 -2.75578e-06
 0.000277423 -0.0022887 -7.34726e-07
 0.000293109 -0.0024181 -7.76268e-07
 0.00216355 -0.017849 -5.72993e-06
weights matrix:
 -0.983827 0.168103 -0.00873824
 1.82981 -2.15509 -0.527732
 -2.34259 0.977547 1.92428
 -1.96266 -0.767689 2.60487
 0.897013 0.71741 -2.95544
regression_error on 'test' 0.0893646
classification_error on 'test' 0.0789474
Save,3382,0.0893646,0.0789474
sample_count 75 Sample index 67
 i 0:0.443801 i 1:0.375074 i 2:0.566734 i 3:0.536988 bias 1
 test_print 2.9226
net matrix:
 -1.23484 0.125466 -0.66792
outputs matrix:
 0.0780106 0.562406 0.208195
error matrix:
 -0.0780106 0.437594 -0.208195
delta matrix:
 -0.0112218 0.215389 -0.0686419
weights_delta matrix:
 -0.000498026 0.00955897 -0.00304633
 -0.000420902 0.00807867 -0.00257458
 -0.000635979 0.0122068 -0.00389017
 -0.000602599 0.0115661 -0.00368599
 -0.00112218 0.0215389 -0.00686419
weights matrix:
 -0.984325 0.177661 -0.0117846
 1.82939 -2.14701 -0.530307
 -2.34322 0.989753 1.92039
 -1.96326 -0.756123 2.60118
 0.895891 0.738948 -2.9623
regression_error on 'test' 0.0917406
classification_error on 'test' 0.0526316
Save,3383,0.0917406,0.0526316
sample_count 75 Sample index 73
 i 0:0.582374 i 1:0.410364 i 2:0.65746 i 3:0.719493 bias 1
 test_print 3.36969
net matrix:
 -1.87977 0.0680575 -0.0526759
outputs matrix:
 0.0227643 0.533976 0.473686
error matrix:
 -0.0227643 -0.533976 0.526314
delta matrix:
 -0.00101283 -0.265755 0.262428
weights_delta matrix:
 -5.89848e-05 -0.0154769 0.0152831
 -4.1563e-05 -0.0109056 0.0107691
 -6.65897e-05 -0.0174723 0.0172536
 -7.28727e-05 -0.0191209 0.0188815
 -0.000101283 -0.0265755 0.0262428
weights matrix:
 -0.984384 0.162185 0.00349855
 1.82935 -2.15791 -0.519538
 -2.34329 0.972281 1.93764
 -1.96333 -0.775244 2.62006
 0.895789 0.712373 -2.93606
regression_error on 'test' 0.087503
classification_error on 'test' 0.105263
Save,3384,0.087503,0.105263
sample_count 75 Sample index 36
 i 0:0.744044 i 1:0.516233 i 2:0.702823 i 3:0.901998 bias 1
 test_print 3.8651
net matrix:
 -2.31011 -0.296867 0.523449
outputs matrix:
 0.0097546 0.355778 0.740179
error matrix:
 -0.0097546 -0.355778 0.259821
delta matrix:
 -0.000188448 -0.163089 0.0999345
weights_delta matrix:
 -1.40214e-05 -0.0121345 0.00743557
 -9.72831e-06 -0.00841919 0.00515895
 -1.32446e-05 -0.0114623 0.00702363
 -1.6998e-05 -0.0147106 0.00901407
 -1.88448e-05 -0.0163089 0.00999345
weights matrix:
 -0.984398 0.15005 0.0109341
 1.82934 -2.16633 -0.514379
 -2.3433 0.960819 1.94466
 -1.96335 -0.789954 2.62907
 0.895771 0.696064 -2.92606
regression_error on 'test' 0.0854005
classification_error on 'test' 0.0789474
Save,3385,0.0854005,0.0789474
sample_count 75 Sample index 10
 i 0:0.697853 i 1:0.304495 i 2:0.808669 i 3:0.719493 bias 1
 test_print 3.53051
net matrix:
 -2.54174 0.349757 0.389129
outputs matrix:
 0.00616007 0.66808 0.685305
error matrix:
 -0.00616007 -0.66808 0.314695
delta matrix:
 -7.54254e-05 -0.296292 0.135736
weights_delta matrix:
 -5.26359e-06 -0.0206768 0.00947236
 -2.29667e-06 -0.00902195 0.00413309
 -6.09942e-06 -0.0239602 0.0109765
 -5.42681e-06 -0.021318 0.00976609
 -7.54254e-06 -0.0296292 0.0135736
weights matrix:
 -0.984404 0.129373 0.0204065
 1.82933 -2.17535 -0.510246
 -2.34331 0.936859 1.95564
 -1.96335 -0.811272 2.63884
 0.895763 0.666435 -2.91249
regression_error on 'test' 0.0827005
classification_error on 'test' 0.0789474
Save,3386,0.0827005,0.0789474
sample_count 75 Sample index 5
 i 0:0.536183 i 1:0.198626 i 2:0.687702 i 3:0.60999 bias 1
 test_print 3.0325
net matrix:
 -2.07783 0.453132 -0.048334
outputs matrix:
 0.0154335 0.712235 0.475852
error matrix:
 -0.0154335 -0.712235 0.524148
delta matrix:
 -0.000469035 -0.291954 0.261463
weights_delta matrix:
 -2.51489e-05 -0.0156541 0.0140192
 -9.31626e-06 -0.00579897 0.00519333
 -3.22556e-05 -0.0200777 0.0179808
 -2.86107e-05 -0.0178089 0.015949
 -4.69035e-05 -0.0291954 0.0261463
weights matrix:
 -0.984429 0.113719 0.0344257
 1.82933 -2.18115 -0.505052
 -2.34334 0.916781 1.97362
 -1.96338 -0.829081 2.65479
 0.895716 0.637239 -2.88634
regression_error on 'test' 0.0807457
classification_error on 'test' 0.105263
Save,3387,0.0807457,0.105263
sample_count 75 Sample index 28
 i 0:0.305227 i 1:0.551523 i 2:0.113105 i 3:0.135476 bias 1
 test_print 2.10533
net matrix:
 1.07312 -0.539635 -2.5715
outputs matrix:
 0.895317 0.253644 0.00580625
error matrix:
 0.104683 -0.253644 -0.00580625
delta matrix:
 0.0196226 -0.0960342 -6.70336e-05
weights_delta matrix:
 0.000598936 -0.00293122 -2.04605e-06
 0.00108223 -0.00529651 -3.69706e-06
 0.000221942 -0.00108619 -7.58184e-07
 0.00026584 -0.00130103 -9.08145e-07
 0.00196226 -0.00960342 -6.70336e-06
weights matrix:
 -0.98383 0.110788 0.0344236
 1.83041 -2.18645 -0.505056
 -2.34312 0.915695 1.97362
 -1.96312 -0.830382 2.65479
 0.897678 0.627636 -2.88635
regression_error on 'test' 0.0805288
classification_error on 'test' 0.0789474
Save,3388,0.0805288,0.0789474
sample_count 75 Sample index 66
 i 0:0.60547 i 1:0.304495 i 2:0.672581 i 3:0.60999 bias 1
 test_print 3.19254
net matrix:
 -1.91407 0.138306 -0.0724825
outputs matrix:
 0.021287 0.568715 0.463822
error matrix:
 -0.021287 0.431285 -0.463822
delta matrix:
 -0.00088698 0.21157 -0.230697
weights_delta matrix:
 -5.3704e-05 0.0128099 -0.013968
 -2.70081e-05 0.00644219 -0.00702461
 -5.96566e-05 0.0142298 -0.0155162
 -5.41049e-05 0.0129055 -0.0140723
 -8.8698e-05 0.021157 -0.0230697
weights matrix:
 -0.983884 0.123598 0.0204556
 1.83038 -2.18001 -0.512081
 -2.34318 0.929924 1.9581
 -1.96317 -0.817477 2.64072
 0.89759 0.648793 -2.90942
regression_error on 'test' 0.0819424
classification_error on 'test' 0.0789474
Save,3389,0.0819424,0.0789474
sample_count 75 Sample index 71
 i 0:0.143558 i 1:0.480944 i 2:0.0979839 i 3:0.0989754 bias 1
 test_print 1.82146
net matrix:
 1.21276 -0.371718 -2.69954
outputs matrix:
 0.918752 0.322253 0.00450041
error matrix:
 0.0812478 -0.322253 -0.00450041
delta matrix:
 0.0121298 -0.140764 -4.03251e-05
weights_delta matrix:
 0.000174132 -0.00202078 -5.78899e-07
 0.000583373 -0.00676997 -1.93941e-06
 0.000118852 -0.00137926 -3.95121e-07
 0.000120055 -0.00139322 -3.99119e-07
 0.00121298 -0.0140764 -4.03251e-06
weights matrix:
 -0.983709 0.121577 0.020455
 1.83096 -2.18678 -0.512083
 -2.34306 0.928545 1.9581
 -1.96305 -0.81887 2.64072
 0.898803 0.634716 -2.90943
regression_error on 'test' 0.0815982
classification_error on 'test' 0.0789474
Save,3390,0.0815982,0.0789474
sample_count 75 Sample index 51
 i 0:0.628566 i 1:0.516233 i 2:0.763306 i 3:0.719493 bias 1
 test_print 3.6276
net matrix:
 -1.97519 -0.298158 0.233687
outputs matrix:
 0.0188838 0.355187 0.614762
error matrix:
 -0.0188838 -0.355187 0.385238
delta matrix:
 -0.000699726 -0.162696 0.182472
weights_delta matrix:
 -4.39824e-05 -0.0102265 0.0114696
 -3.61222e-05 -0.00839892 0.00941979
 -5.34105e-05 -0.0124187 0.0139282
 -5.03448e-05 -0.0117059 0.0131287
 -6.99726e-05 -0.0162696 0.0182472
weights matrix:
 -0.983753 0.11135 0.0319246
 1.83093 -2.19518 -0.502663
 -2.34311 0.916126 1.97203
 -1.9631 -0.830576 2.65385
 0.898733 0.618447 -2.89118
regression_error on 'test' 0.0804438
classification_error on 'test' 0.0789474
Save,3391,0.0804438,0.0789474
sample_count 75 Sample index 73
 i 0:0.582374 i 1:0.410364 i 2:0.65746 i 3:0.719493 bias 1
 test_print 3.36969
net matrix:
 -1.87577 -0.212804 0.127094
outputs matrix:
 0.0229426 0.395176 0.563207
error matrix:
 -0.0229426 -0.395176 0.436793
delta matrix:
 -0.00102857 -0.188903 0.214907
weights_delta matrix:
 -5.99015e-05 -0.0110012 0.0125156
 -4.2209e-05 -0.00775191 0.00881899
 -6.76246e-05 -0.0124196 0.0141292
 -7.40052e-05 -0.0135915 0.0154624
 -0.000102857 -0.0188903 0.0214907
weights matrix:
 -0.983813 0.100349 0.0444402
 1.83089 -2.20293 -0.493844
 -2.34318 0.903707 1.98616
 -1.96318 -0.844167 2.66931
 0.89863 0.599556 -2.86969
regression_error on 'test' 0.079654
classification_error on 'test' 0.157895
Save,3392,0.079654,0.157895
sample_count 75 Sample index 56
 i 0:0.328323 i 1:0.727972 i 2:0.158468 i 3:0.208478 bias 1
 test_print 2.42324
net matrix:
 1.12786 -1.00395 -2.34337
outputs matrix:
 0.905142 0.118376 0.00913258
error matrix:
 0.0948579 -0.118376 -0.00913258
delta matrix:
 0.016289 -0.0247083 -0.000165285
weights_delta matrix:
 0.000534804 -0.00081123 -5.42667e-06
 0.00118579 -0.00179869 -1.20323e-05
 0.000258128 -0.000391547 -2.61923e-06
 0.000339589 -0.000515114 -3.44582e-06
 0.0016289 -0.00247083 -1.65285e-05
weights matrix:
 -0.983278 0.099538 0.0444348
 1.83207 -2.20473 -0.493856
 -2.34292 0.903315 1.98616
 -1.96284 -0.844682 2.6693
 0.900259 0.597086 -2.8697
regression_error on 'test' 0.0796206
classification_error on 'test' 0.157895
Save,3393,0.0796206,0.157895
sample_count 75 Sample index 38
 i 0:0.397609 i 1:0.798551 i 2:0.128226 i 3:0.208478 bias 1
 test_print 2.53286
net matrix:
 1.26267 -1.18419 -2.43524
outputs matrix:
 0.925899 0.0856154 0.00761135
error matrix:
 0.0741009 -0.0856154 -0.00761135
delta matrix:
 0.0101681 -0.0134049 -0.000114983
weights_delta matrix:
 0.000404294 -0.000532989 -4.57184e-06
 0.000811976 -0.00107045 -9.18201e-06
 0.000130382 -0.000171885 -1.47439e-06
 0.000211983 -0.000279462 -2.39715e-06
 0.00101681 -0.00134049 -1.14983e-05
weights matrix:
 -0.982874 0.099005 0.0444302
 1.83288 -2.2058 -0.493865
 -2.34279 0.903143 1.98616
 -1.96262 -0.844962 2.6693
 0.901276 0.595745 -2.86972
regression_error on 'test' 0.0796024
classification_error on 'test' 0.157895
Save,3394,0.0796024,0.157895
sample_count 75 Sample index 10
 i 0:0.697853 i 1:0.304495 i 2:0.808669 i 3:0.719493 bias 1
 test_print 3.53051
net matrix:
 -2.53316 0.115582 0.537597
outputs matrix:
 0.00626606 0.557535 0.745584
error matrix:
 -0.00626606 -0.557535 0.254416
delta matrix:
 -7.80349e-05 -0.275076 0.0965199
weights_delta matrix:
 -5.44569e-06 -0.0191963 0.00673567
 -2.37612e-06 -0.00837593 0.00293898
 -6.31044e-06 -0.0222446 0.00780526
 -5.61455e-06 -0.0197915 0.00694454
 -7.80349e-06 -0.0275076 0.00965199
weights matrix:
 -0.98288 0.0798088 0.0511659
 1.83288 -2.21417 -0.490926
 -2.3428 0.880899 1.99396
 -1.96263 -0.864754 2.67625
 0.901268 0.568238 -2.86006
regression_error on 'test' 0.0792077
classification_error on 'test' 0.157895
Save,3395,0.0792077,0.157895
sample_count 75 Sample index 25
 i 0:0.628566 i 1:0.410364 i 2:0.778427 i 3:0.865497 bias 1
 test_print 3.68285
net matrix:
 -2.48674 -0.352941 0.839076
outputs matrix:
 0.00687152 0.33051 0.84266
error matrix:
 -0.00687152 -0.33051 0.15734
delta matrix:
 -9.37866e-05 -0.146266 0.0417218
weights_delta matrix:
 -5.89511e-06 -0.00919376 0.00262249
 -3.84866e-06 -0.00600222 0.00171211
 -7.3006e-06 -0.0113857 0.00324774
 -8.1172e-06 -0.0126593 0.00361101
 -9.37866e-06 -0.0146266 0.00417218
weights matrix:
 -0.982886 0.070615 0.0537883
 1.83288 -2.22018 -0.489214
 -2.34281 0.869513 1.99721
 -1.96264 -0.877413 2.67986
 0.901258 0.553611 -2.85589
regression_error on 'test' 0.0792021
classification_error on 'test' 0.157895
Save,3396,0.0792021,0.157895
sample_count 75 Sample index 11
 i 0:0.536183 i 1:0.198626 i 2:0.536492 i 3:0.427485 bias 1
 test_print 2.69879
net matrix:
 -1.35759 0.241895 -0.707136
outputs matrix:
 0.0620839 0.618642 0.195561
error matrix:
 -0.0620839 0.381358 -0.195561
delta matrix:
 -0.00723023 0.179943 -0.0615301
weights_delta matrix:
 -0.000387673 0.00964823 -0.00329914
 -0.000143611 0.00357413 -0.00122215
 -0.000387896 0.00965379 -0.00330104
 -0.000309082 0.00769228 -0.00263032
 -0.000723023 0.0179943 -0.00615301
weights matrix:
 -0.983273 0.0802632 0.0504892
 1.83273 -2.2166 -0.490436
 -2.34319 0.879167 1.99391
 -1.96295 -0.86972 2.67723
 0.900535 0.571605 -2.86204
regression_error on 'test' 0.0791785
classification_error on 'test' 0.157895
Save,3397,0.0791785,0.157895
sample_count 75 Sample index 50
 i 0:0.489992 i 1:0.833841 i 2:0.113105 i 3:0.135476 bias 1
 test_print 2.57241
net matrix:
 1.41599 -1.25575 -2.65803
outputs matrix:
 0.94438 0.0750562 0.00488806
error matrix:
 0.0556205 -0.0750562 -0.00488806
delta matrix:
 0.00584314 -0.0104212 -4.75527e-05
weights_delta matrix:
 0.000286309 -0.000510632 -2.33005e-06
 0.000487225 -0.000868965 -3.96514e-06
 6.60888e-05 -0.000117869 -5.37845e-07
 7.91605e-05 -0.000141183 -6.44225e-07
 0.000584314 -0.00104212 -4.75527e-06
weights matrix:
 -0.982987 0.0797526 0.0504869
 1.83322 -2.21747 -0.49044
 -2.34313 0.879049 1.99391
 -1.96287 -0.869862 2.67723
 0.90112 0.570563 -2.86205
regression_error on 'test' 0.0791779
classification_error on 'test' 0.157895
Save,3398,0.0791779,0.157895
sample_count 75 Sample index 14
 i 0:0.697853 i 1:0.516233 i 2:0.778427 i 3:0.938499 bias 1
 test_print 3.93101
net matrix:
 -2.5046 -0.650601 0.984687
outputs matrix:
 0.00663202 0.213963 0.877544
error matrix:
 -0.00663202 -0.213963 0.122456
delta matrix:
 -8.73839e-05 -0.0719696 0.0263184
weights_delta matrix:
 -6.09811e-06 -0.00502242 0.00183664
 -4.51105e-06 -0.00371531 0.00135864
 -6.8022e-06 -0.00560231 0.00204869
 -8.20097e-06 -0.00675434 0.00246998
 -8.73839e-06 -0.00719696 0.00263184
weights matrix:
 -0.982993 0.0747302 0.0523235
 1.83322 -2.22119 -0.489081
 -2.34314 0.873447 1.99596
 -1.96288 -0.876616 2.6797
 0.901111 0.563366 -2.85942
regression_error on 'test' 0.0791633
classification_error on 'test' 0.157895
Save,3399,0.0791633,0.157895
sample_count 75 Sample index 13
 i 0:0.420705 i 1:0.269205 i 2:0.491129 i 3:0.427485 bias 1
 test_print 2.60852
net matrix:
 -1.00881 0.051086 -0.843266
outputs matrix:
 0.117365 0.525521 0.156233
error matrix:
 -0.117365 0.474479 -0.156233
delta matrix:
 -0.0243159 0.236622 -0.0411904
weights_delta matrix:
 -0.00102298 0.00995479 -0.0017329
 -0.000654596 0.00636997 -0.00110887
 -0.00119422 0.0116212 -0.00202298
 -0.00103947 0.0101152 -0.00176083
 -0.00243159 0.0236622 -0.00411904
weights matrix:
 -0.984016 0.084685 0.0505906
 1.83256 -2.21482 -0.49019
 -2.34433 0.885068 1.99393
 -1.96392 -0.866501 2.67794
 0.898679 0.587028 -2.86354
regression_error on 'test' 0.0792101
classification_error on 'test' 0.157895
Save,3400,0.0792101,0.157895
sample_count 75 Sample index 16
 i 0:0.60547 i 1:0.304495 i 2:0.687702 i 3:0.755994 bias 1
 test_print 3.35366
net matrix:
 -2.23602 -0.0825042 0.413569
outputs matrix:
 0.011295 0.458841 0.69575
error matrix:
 -0.011295 -0.458841 0.30425
delta matrix:
 -0.000252274 -0.227866 0.128809
weights_delta matrix:
 -1.52744e-05 -0.0137966 0.00779899
 -7.68162e-06 -0.00693841 0.00392216
 -1.7349e-05 -0.0156704 0.00885821
 -1.90718e-05 -0.0172265 0.00973787
 -2.52274e-05 -0.0227866 0.0128809
weights matrix:
 -0.984031 0.0708884 0.0583896
 1.83255 -2.22175 -0.486268
 -2.34435 0.869398 2.00279
 -1.96393 -0.883727 2.68767
 0.898654 0.564242 -2.85066
regression_error on 'test' 0.0791659
classification_error on 'test' 0.157895
Save,3401,0.0791659,0.157895
sample_count 75 Sample index 4
 i 0:0.212844 i 1:0.516233 i 2:0.158468 i 3:0.135476 bias 1
 test_print 2.02302
net matrix:
 0.997664 -0.549565 -2.40776
outputs matrix:
 0.880306 0.249903 0.00803785
error matrix:
 0.119694 -0.249903 -0.00803785
delta matrix:
 0.0252238 -0.0936893 -0.000128176
weights_delta matrix:
 0.000536874 -0.00199412 -2.72814e-06
 0.00130214 -0.00483655 -6.61684e-06
 0.000399717 -0.00148468 -2.03117e-06
 0.000341722 -0.00126927 -1.73647e-06
 0.00252238 -0.00936893 -1.28176e-05
weights matrix:
 -0.983494 0.0688942 0.0583869
 1.83386 -2.22659 -0.486275
 -2.34395 0.867913 2.00279
 -1.96359 -0.884997 2.68767
 0.901176 0.554873 -2.85067
regression_error on 'test' 0.0792168
classification_error on 'test' 0.157895
Save,3402,0.0792168,0.157895
sample_count 75 Sample index 57
 i 0:0.374514 i 1:0.727972 i 2:0.158468 i 3:0.135476 bias 1
 test_print 2.39643
net matrix:
 1.23038 -1.02258 -2.5013
outputs matrix:
 0.921345 0.114542 0.00667555
error matrix:
 0.0786553 -0.114542 -0.00667555
delta matrix:
 0.0114001 -0.0232343 -8.8531e-05
weights_delta matrix:
 0.000426949 -0.000870157 -3.31561e-06
 0.000829895 -0.00169139 -6.44481e-06
 0.000180655 -0.000368189 -1.40293e-06
 0.000154444 -0.000314769 -1.19938e-06
 0.00114001 -0.00232343 -8.8531e-06
weights matrix:
 -0.983067 0.0680241 0.0583836
 1.83469 -2.22828 -0.486281
 -2.34377 0.867545 2.00279
 -1.96344 -0.885311 2.68767
 0.902316 0.552549 -2.85068
regression_error on 'test' 0.0792321
classification_error on 'test' 0.157895
Save,3403,0.0792321,0.157895
sample_count 75 Sample index 28
 i 0:0.305227 i 1:0.551523 i 2:0.113105 i 3:0.135476 bias 1
 test_print 2.10533
net matrix:
 1.08304 -0.677451 -2.51041
outputs matrix:
 0.897162 0.20507 0.00655583
error matrix:
 0.102838 -0.20507 -0.00655583
delta matrix:
 0.0189763 -0.0668595 -8.53942e-05
weights_delta matrix:
 0.000579208 -0.00204073 -2.60646e-06
 0.00104659 -0.00368745 -4.70969e-06
 0.000214631 -0.000756214 -9.65851e-07
 0.000257083 -0.000905785 -1.15689e-06
 0.00189763 -0.00668595 -8.53942e-06
weights matrix:
 -0.982488 0.0659833 0.0583809
 1.83573 -2.23197 -0.486286
 -2.34355 0.866788 2.00279
 -1.96318 -0.886217 2.68767
 0.904214 0.545863 -2.85069
regression_error on 'test' 0.0792831
classification_error on 'test' 0.157895
Save,3404,0.0792831,0.157895
sample_count 75 Sample index 37
 i 0:0.720948 i 1:0.551523 i 2:0.82379 i 3:0.901998 bias 1
 test_print 3.99826
net matrix:
 -2.49304 -0.722863 0.997354
outputs matrix:
 0.00678602 0.19066 0.88024
error matrix:
 -0.00678602 -0.19066 0.11976
delta matrix:
 -9.14752e-05 -0.0588411 0.0252495
weights_delta matrix:
 -6.59488e-06 -0.00424214 0.00182036
 -5.04507e-06 -0.00324522 0.00139257
 -7.53563e-06 -0.00484727 0.00208003
 -8.25104e-06 -0.00530746 0.0022775
 -9.14752e-06 -0.00588411 0.00252495
weights matrix:
 -0.982495 0.0617412 0.0602013
 1.83573 -2.23521 -0.484893
 -2.34356 0.861941 2.00487
 -1.96319 -0.891525 2.68995
 0.904205 0.539979 -2.84816
regression_error on 'test' 0.0793675
classification_error on 'test' 0.157895
Save,3405,0.0793675,0.157895
sample_count 75 Sample index 35
 i 0:0.189749 i 1:0.233915 i 2:0.128226 i 3:0.171977 bias 1
 test_print 1.72387
net matrix:
 0.509053 -0.0139541 -2.23048
outputs matrix:
 0.734603 0.493023 0.0114194
error matrix:
 0.265397 -0.493023 -0.0114194
delta matrix:
 0.103484 -0.246464 -0.000257829
weights_delta matrix:
 0.0019636 -0.00467662 -4.89228e-06
 0.00242065 -0.00576516 -6.03101e-06
 0.00132693 -0.00316031 -3.30604e-06
 0.00177969 -0.00423861 -4.43407e-06
 0.0103484 -0.0246464 -2.57829e-05
weights matrix:
 -0.980531 0.0570646 0.0601964
 1.83815 -2.24098 -0.484899
 -2.34223 0.858781 2.00486
 -1.96141 -0.895763 2.68994
 0.914553 0.515333 -2.84819
regression_error on 'test' 0.0796354
classification_error on 'test' 0.157895
Save,3406,0.0796354,0.157895
sample_count 75 Sample index 18
 i 0:0.513088 i 1:0.480944 i 2:0.566734 i 3:0.60999 bias 1
 test_print 3.17076
net matrix:
 -1.22836 -0.59288 -0.273448
outputs matrix:
 0.0789481 0.234018 0.366585
error matrix:
 -0.0789481 0.765982 -0.366585
delta matrix:
 -0.0114815 0.27461 -0.170242
weights_delta matrix:
 -0.000589101 0.0140899 -0.00873493
 -0.000552195 0.0132072 -0.00818771
 -0.000650694 0.0155631 -0.00964822
 -0.000700359 0.0167509 -0.0103846
 -0.00114815 0.027461 -0.0170242
weights matrix:
 -0.98112 0.0711545 0.0514615
 1.8376 -2.22777 -0.493087
 -2.34288 0.874344 1.99522
 -1.96211 -0.879012 2.67956
 0.913405 0.542794 -2.86521
regression_error on 'test' 0.0792358
classification_error on 'test' 0.157895
Save,3407,0.0792358,0.157895
sample_count 75 Sample index 59
 i 0:0.60547 i 1:0.233915 i 2:0.596976 i 3:0.536988 bias 1
 test_print 2.97335
net matrix:
 -1.70307 0.11471 -0.319407
outputs matrix:
 0.0321043 0.557105 0.345515
error matrix:
 -0.0321043 0.442895 -0.345515
delta matrix:
 -0.00199519 0.218559 -0.156265
weights_delta matrix:
 -0.000120803 0.0132331 -0.00946141
 -4.66705e-05 0.00511243 -0.00365528
 -0.000119108 0.0130475 -0.00932868
 -0.000107139 0.0117364 -0.00839127
 -0.000199519 0.0218559 -0.0156265
weights matrix:
 -0.981241 0.0843876 0.0420001
 1.83755 -2.22266 -0.496742
 -2.343 0.887391 1.98589
 -1.96222 -0.867276 2.67117
 0.913206 0.56465 -2.88084
regression_error on 'test' 0.0792716
classification_error on 'test' 0.157895
Save,3408,0.0792716,0.157895
sample_count 75 Sample index 74
 i 0:0.443801 i 1:0.480944 i 2:0.551613 i 3:0.536988 bias 1
 test_print 3.01335
net matrix:
 -0.98463 -0.443094 -0.571278
outputs matrix:
 0.122468 0.291897 0.241852
error matrix:
 -0.122468 0.708103 -0.241852
delta matrix:
 -0.0263233 0.29272 -0.0886915
weights_delta matrix:
 -0.00116823 0.0129909 -0.00393614
 -0.00126601 0.0140782 -0.00426556
 -0.00145203 0.0161468 -0.00489234
 -0.00141353 0.0157187 -0.00476263
 -0.00263233 0.029272 -0.00886915
weights matrix:
 -0.982409 0.0973785 0.0380639
 1.83628 -2.20858 -0.501008
 -2.34445 0.903538 1.98099
 -1.96363 -0.851557 2.6664
 0.910573 0.593922 -2.88971
regression_error on 'test' 0.0796066
classification_error on 'test' 0.131579
Save,3409,0.0796066,0.131579
sample_count 75 Sample index 10
 i 0:0.697853 i 1:0.304495 i 2:0.808669 i 3:0.719493 bias 1
 test_print 3.53051
net matrix:
 -2.52457 0.107349 0.50473
outputs matrix:
 0.00637394 0.55347 0.732914
error matrix:
 -0.00637394 -0.55347 0.267086
delta matrix:
 -8.07363e-05 -0.27357 0.104565
weights_delta matrix:
 -5.63421e-06 -0.0190912 0.00729707
 -2.45838e-06 -0.00833007 0.00318394
 -6.5289e-06 -0.0221228 0.00845581
 -5.80892e-06 -0.0196832 0.00752334
 -8.07363e-06 -0.027357 0.0104565
weights matrix:
 -0.982415 0.0782874 0.045361
 1.83628 -2.21691 -0.497824
 -2.34446 0.881415 1.98945
 -1.96364 -0.87124 2.67393
 0.910565 0.566565 -2.87925
regression_error on 'test' 0.0791801
classification_error on 'test' 0.157895
Save,3410,0.0791801,0.157895
sample_count 75 Sample index 21
 i 0:0.836426 i 1:0.445654 i 2:0.884274 i 3:0.719493 bias 1
 test_print 3.88585
net matrix:
 -2.57878 -0.203368 0.619925
outputs matrix:
 0.00572284 0.399695 0.775538
error matrix:
 -0.00572284 -0.399695 0.224462
delta matrix:
 -6.5127e-05 -0.191805 0.0781483
weights_delta matrix:
 -5.44739e-06 -0.0160431 0.00653652
 -2.90241e-06 -0.00854786 0.00348271
 -5.75901e-06 -0.0169608 0.00691045
 -4.68584e-06 -0.0138002 0.00562271
 -6.5127e-06 -0.0191805 0.00781483
weights matrix:
 -0.98242 0.0622443 0.0518975
 1.83628 -2.22546 -0.494341
 -2.34447 0.864455 1.99636
 -1.96364 -0.885041 2.67955
 0.910559 0.547384 -2.87143
regression_error on 'test' 0.0791866
classification_error on 'test' 0.157895
Save,3411,0.0791866,0.157895
sample_count 75 Sample index 14
 i 0:0.697853 i 1:0.516233 i 2:0.778427 i 3:0.938499 bias 1
 test_print 3.93101
net matrix:
 -2.49495 -0.715729 0.978362
outputs matrix:
 0.00676032 0.192872 0.876178
error matrix:
 -0.00676032 -0.192872 0.123822
delta matrix:
 -9.07859e-05 -0.0600495 0.0268669
weights_delta matrix:
 -6.33552e-06 -0.00419057 0.00187492
 -4.68667e-06 -0.00309995 0.00138696
 -7.06702e-06 -0.00467441 0.00209139
 -8.52025e-06 -0.00563564 0.00252146
 -9.07859e-06 -0.00600495 0.00268669
weights matrix:
 -0.982427 0.0580538 0.0537724
 1.83627 -2.22856 -0.492954
 -2.34447 0.85978 1.99845
 -1.96365 -0.890676 2.68207
 0.91055 0.541379 -2.86875
regression_error on 'test' 0.0792435
classification_error on 'test' 0.157895
Save,3412,0.0792435,0.157895
sample_count 75 Sample index 74
 i 0:0.443801 i 1:0.480944 i 2:0.551613 i 3:0.536988 bias 1
 test_print 3.01335
net matrix:
 -0.990007 -0.508685 -0.539355
outputs matrix:
 0.121317 0.26554 0.25375
error matrix:
 -0.121317 0.73446 -0.25375
delta matrix:
 -0.0258648 0.286481 -0.0961007
weights_delta matrix:
 -0.00114788 0.0127141 -0.00426496
 -0.00124395 0.0137781 -0.00462191
 -0.00142673 0.0158027 -0.00530104
 -0.00138891 0.0153837 -0.00516049
 -0.00258648 0.0286481 -0.00961007
weights matrix:
 -0.983575 0.0707678 0.0495075
 1.83503 -2.21478 -0.497576
 -2.3459 0.875583 1.99315
 -1.96504 -0.875293 2.67691
 0.907963 0.570028 -2.87836
regression_error on 'test' 0.079096
classification_error on 'test' 0.157895
Save,3413,0.079096,0.157895
sample_count 75 Sample index 65
 i 0:0.928809 i 1:0.410364 i 2:0.944758 i 3:0.792495 bias 1
 test_print 4.07643
net matrix:
 -3.02615 -0.13956 0.967921
outputs matrix:
 0.00234692 0.430669 0.873895
error matrix:
 -0.00234692 -0.430669 0.126105
delta matrix:
 -1.09902e-05 -0.211194 0.0277944
weights_delta matrix:
 -1.02078e-06 -0.0196159 0.00258156
 -4.50997e-07 -0.00866666 0.00114058
 -1.03831e-06 -0.0199528 0.00262589
 -8.70966e-07 -0.0167371 0.00220269
 -1.09902e-06 -0.0211194 0.00277944
weights matrix:
 -0.983576 0.0511519 0.052089
 1.83503 -2.22345 -0.496436
 -2.3459 0.85563 1.99578
 -1.96504 -0.89203 2.67911
 0.907962 0.548908 -2.87558
regression_error on 'test' 0.0791832
classification_error on 'test' 0.157895
Save,3414,0.0791832,0.157895
sample_count 75 Sample index 12
 i 0:0.166653 i 1:0.480944 i 2:0.128226 i 3:0.135476 bias 1
 test_print 1.9113
net matrix:
 1.05957 -0.523056 -2.48679
outputs matrix:
 0.89275 0.259972 0.0068708
error matrix:
 0.10725 -0.259972 -0.0068708
delta matrix:
 0.0205379 -0.10003 -9.37672e-05
weights_delta matrix:
 0.00034227 -0.00166704 -1.56266e-06
 0.000987758 -0.00481091 -4.50968e-06
 0.000263349 -0.00128265 -1.20234e-06
 0.000278239 -0.00135517 -1.27032e-06
 0.00205379 -0.010003 -9.37672e-06
weights matrix:
 -0.983233 0.0494849 0.0520875
 1.83602 -2.22826 -0.49644
 -2.34564 0.854348 1.99578
 -1.96476 -0.893385 2.67911
 0.910016 0.538905 -2.87559
regression_error on 'test' 0.0792878
classification_error on 'test' 0.157895
Save,3415,0.0792878,0.157895
sample_count 75 Sample index 35
 i 0:0.189749 i 1:0.233915 i 2:0.128226 i 3:0.171977 bias 1
 test_print 1.72387
net matrix:
 0.514255 -0.0170206 -2.26517
outputs matrix:
 0.736627 0.491491 0.010662
error matrix:
 0.263373 -0.491491 -0.010662
delta matrix:
 0.102193 -0.245674 -0.000224934
weights_delta matrix:
 0.0019391 -0.00466164 -4.26809e-06
 0.00239045 -0.00574669 -5.26154e-06
 0.00131038 -0.00315018 -2.88423e-06
 0.00175748 -0.00422503 -3.86834e-06
 0.0102193 -0.0245674 -2.24934e-05
weights matrix:
 -0.981294 0.0448232 0.0520832
 1.83841 -2.23401 -0.496445
 -2.34433 0.851197 1.99577
 -1.963 -0.89761 2.67911
 0.920235 0.514338 -2.87561
regression_error on 'test' 0.0795834
classification_error on 'test' 0.157895
Save,3416,0.0795834,0.157895
sample_count 75 Sample index 0
 i 0:0.282131 i 1:0.269205 i 2:0.430645 i 3:0.427485 bias 1
 test_print 2.40947
net matrix:
 -0.710438 -0.0915728 -0.989814
outputs matrix:
 0.194524 0.454341 0.121358
error matrix:
 -0.194524 0.545659 -0.121358
delta matrix:
 -0.0609579 0.270554 -0.0258811
weights_delta matrix:
 -0.00171981 0.00763318 -0.000730185
 -0.00164102 0.00728346 -0.000696731
 -0.00262512 0.0116513 -0.00111456
 -0.00260586 0.0115658 -0.00110638
 -0.00609579 0.0270554 -0.00258811
weights matrix:
 -0.983014 0.0524564 0.051353
 1.83677 -2.22672 -0.497142
 -2.34695 0.862849 1.99466
 -1.96561 -0.886044 2.678
 0.914139 0.541393 -2.8782
regression_error on 'test' 0.0792366
classification_error on 'test' 0.157895
Save,3417,0.0792366,0.157895
sample_count 75 Sample index 18
 i 0:0.513088 i 1:0.480944 i 2:0.566734 i 3:0.60999 bias 1
 test_print 3.17076
net matrix:
 -1.23595 -0.554093 -0.326953
outputs matrix:
 0.0778514 0.248209 0.34211
error matrix:
 -0.0778514 0.751791 -0.34211
delta matrix:
 -0.011178 0.28057 -0.153998
weights_delta matrix:
 -0.000573529 0.0143957 -0.00790145
 -0.000537599 0.0134939 -0.00740643
 -0.000633495 0.0159009 -0.00872758
 -0.000681846 0.0171145 -0.00939371
 -0.0011178 0.028057 -0.0153998
weights matrix:
 -0.983588 0.0668521 0.0434516
 1.83623 -2.21323 -0.504549
 -2.34759 0.878749 1.98593
 -1.96629 -0.868929 2.66861
 0.913022 0.56945 -2.8936
regression_error on 'test' 0.079217
classification_error on 'test' 0.157895
Save,3418,0.079217,0.157895
sample_count 75 Sample index 63
 i 0:0.420705 i 1:0.904421 i 2:0.143347 i 3:0.135476 bias 1
 test_print 2.60395
net matrix:
 1.55704 -1.39587 -2.68543
outputs matrix:
 0.95747 0.0577723 0.00462858
error matrix:
 0.0425302 -0.0577723 -0.00462858
delta matrix:
 0.00346378 -0.00628964 -4.26491e-05
weights_delta matrix:
 0.000145723 -0.000264608 -1.79427e-06
 0.000313271 -0.000568848 -3.85728e-06
 4.96522e-05 -9.01601e-05 -6.11363e-07
 4.69259e-05 -8.52095e-05 -5.77794e-07
 0.000346378 -0.000628964 -4.26491e-06
weights matrix:
 -0.983442 0.0665875 0.0434498
 1.83654 -2.2138 -0.504552
 -2.34754 0.878659 1.98593
 -1.96624 -0.869015 2.66861
 0.913368 0.568821 -2.8936
regression_error on 'test' 0.0792178
classification_error on 'test' 0.157895
Save,3419,0.0792178,0.157895
sample_count 75 Sample index 43
 i 0:0.582374 i 1:0.198626 i 2:0.612097 i 3:0.60999 bias 1
 test_print 3.00309
net matrix:
 -1.93089 0.175617 -0.125111
outputs matrix:
 0.0205974 0.586917 0.437769
error matrix:
 -0.0205974 0.413083 -0.437769
delta matrix:
 -0.000831031 0.2003 -0.215494
weights_delta matrix:
 -4.83971e-05 0.011665 -0.0125498
 -1.65064e-05 0.00397849 -0.00428027
 -5.08672e-05 0.0122603 -0.0131903
 -5.06921e-05 0.0122181 -0.0131449
 -8.31031e-05 0.02003 -0.0215494
weights matrix:
 -0.98349 0.0782525 0.0309
 1.83653 -2.20982 -0.508833
 -2.34759 0.89092 1.97274
 -1.9663 -0.856797 2.65546
 0.913285 0.588851 -2.91515
regression_error on 'test' 0.079726
classification_error on 'test' 0.131579
Save,3420,0.079726,0.131579
sample_count 75 Sample index 66
 i 0:0.60547 i 1:0.304495 i 2:0.672581 i 3:0.60999 bias 1
 test_print 3.19254
net matrix:
 -1.90134 0.0399301 -0.104748
outputs matrix:
 0.021824 0.519954 0.447817
error matrix:
 -0.021824 0.480046 -0.447817
delta matrix:
 -0.000931784 0.23964 -0.22147
weights_delta matrix:
 -5.64167e-05 0.0145095 -0.0134093
 -2.83724e-05 0.00729693 -0.00674364
 -6.267e-05 0.0161178 -0.0148956
 -5.68379e-05 0.0146178 -0.0135094
 -9.31784e-05 0.023964 -0.022147
weights matrix:
 -0.983547 0.092762 0.0174907
 1.8365 -2.20252 -0.515576
 -2.34765 0.907037 1.95784
 -1.96635 -0.842179 2.64195
 0.913192 0.612815 -2.9373
regression_error on 'test' 0.0808246
classification_error on 'test' 0.0789474
Save,3421,0.0808246,0.0789474
sample_count 75 Sample index 16
 i 0:0.60547 i 1:0.304495 i 2:0.687702 i 3:0.755994 bias 1
 test_print 3.35366
net matrix:
 -2.22415 -0.0145878 0.260014
outputs matrix:
 0.0115632 0.492707 0.627154
error matrix:
 -0.0115632 -0.492707 0.372846
delta matrix:
 -0.000264325 -0.246301 0.174366
weights_delta matrix:
 -1.60041e-05 -0.0149128 0.0105574
 -8.04856e-06 -0.00749974 0.00530936
 -1.81777e-05 -0.0169382 0.0119912
 -1.99828e-05 -0.0186202 0.013182
 -2.64325e-05 -0.0246301 0.0174366
weights matrix:
 -0.983563 0.0778492 0.028048
 1.83649 -2.21002 -0.510267
 -2.34767 0.890099 1.96984
 -1.96637 -0.860799 2.65514
 0.913165 0.588185 -2.91986
regression_error on 'test' 0.0797911
classification_error on 'test' 0.105263
Save,3422,0.0797911,0.105263
sample_count 75 Sample index 42
 i 0:0.651661 i 1:0.551523 i 2:0.702823 i 3:0.792495 bias 1
 test_print 3.6985
net matrix:
 -1.92325 -0.636558 0.305618
outputs matrix:
 0.0209077 0.218724 0.648223
error matrix:
 -0.0209077 -0.218724 0.351777
delta matrix:
 -0.000855985 -0.0747529 0.160432
weights_delta matrix:
 -5.57812e-05 -0.00487136 0.0104547
 -4.72095e-05 -0.0041228 0.00884817
 -6.01606e-05 -0.00525381 0.0112755
 -6.78364e-05 -0.00592413 0.0127141
 -8.55985e-05 -0.00747529 0.0160432
weights matrix:
 -0.983619 0.0729779 0.0385027
 1.83644 -2.21414 -0.501419
 -2.34773 0.884845 1.98111
 -1.96644 -0.866723 2.66785
 0.91308 0.58071 -2.90382
regression_error on 'test' 0.0793333
classification_error on 'test' 0.157895
Save,3423,0.0793333,0.157895
sample_count 75 Sample index 24
 i 0:0.466896 i 1:0.445654 i 2:0.566734 i 3:0.536988 bias 1
 test_print 3.01627
net matrix:
 -1.11424 -0.335907 -0.553936
outputs matrix:
 0.0972214 0.338091 0.248268
error matrix:
 -0.0972214 0.661909 -0.248268
delta matrix:
 -0.0170661 0.296251 -0.0926689
weights_delta matrix:
 -0.000796811 0.0138319 -0.00432667
 -0.000760559 0.0132026 -0.00412982
 -0.000967196 0.0167896 -0.00525186
 -0.000916431 0.0159083 -0.00497621
 -0.00170661 0.0296251 -0.00926689
weights matrix:
 -0.984415 0.0868097 0.034176
 1.83568 -2.20094 -0.505549
 -2.3487 0.901635 1.97586
 -1.96736 -0.850815 2.66287
 0.911373 0.610335 -2.91309
regression_error on 'test' 0.0798267
classification_error on 'test' 0.105263
Save,3424,0.0798267,0.105263
sample_count 75 Sample index 32
 i 0:0.697853 i 1:0.516233 i 2:0.642339 i 3:0.60999 bias 1
 test_print 3.46642
net matrix:
 -1.53669 -0.405117 -0.25672
outputs matrix:
 0.0442186 0.307841 0.374387
error matrix:
 -0.0442186 0.692159 -0.374387
delta matrix:
 -0.00373765 0.294963 -0.175379
weights_delta matrix:
 -0.000260833 0.0205841 -0.0122389
 -0.00019295 0.015227 -0.00905365
 -0.000240084 0.0189467 -0.0112653
 -0.000227993 0.0179925 -0.0106979
 -0.000373765 0.0294963 -0.0175379
weights matrix:
 -0.984676 0.107394 0.0219372
 1.83549 -2.18572 -0.514602
 -2.34894 0.920582 1.96459
 -1.96758 -0.832822 2.65218
 0.910999 0.639831 -2.93062
regression_error on 'test' 0.0812084
classification_error on 'test' 0.0789474
Save,3425,0.0812084,0.0789474
sample_count 75 Sample index 52
 i 0:0.443801 i 1:0.410364 i 2:0.672581 i 3:0.792495 bias 1
 test_print 3.31924
net matrix:
 -1.91193 -0.250288 0.291121
outputs matrix:
 0.0213762 0.377405 0.641583
error matrix:
 -0.0213762 -0.377405 0.358417
delta matrix:
 -0.000894352 -0.177358 0.164839
weights_delta matrix:
 -3.96914e-05 -0.00787118 0.00731557
 -3.6701e-05 -0.00727815 0.0067644
 -6.01524e-05 -0.0119288 0.0110868
 -7.08769e-05 -0.0140556 0.0130634
 -8.94352e-05 -0.0177358 0.0164839
weights matrix:
 -0.984716 0.0995226 0.0292527
 1.83545 -2.19299 -0.507838
 -2.349 0.908653 1.97568
 -1.96766 -0.846878 2.66524
 0.91091 0.622095 -2.91414
regression_error on 'test' 0.0801417
classification_error on 'test' 0.0789474
Save,3426,0.0801417,0.0789474
sample_count 75 Sample index 26
 i 0:0.489992 i 1:0.339785 i 2:0.536492 i 3:0.500487 bias 1
 test_print 2.86676
net matrix:
 -1.19294 -0.0106518 -0.678509
outputs matrix:
 0.0842561 0.494674 0.204726
error matrix:
 -0.0842561 0.505326 -0.204726
delta matrix:
 -0.0130019 0.252634 -0.0666639
weights_delta matrix:
 -0.000637082 0.0123789 -0.00326648
 -0.000441785 0.00858413 -0.00226514
 -0.000697541 0.0135536 -0.00357647
 -0.000650728 0.012644 -0.00333644
 -0.00130019 0.0252634 -0.00666639
weights matrix:
 -0.985353 0.111902 0.0259862
 1.83501 -2.18441 -0.510103
 -2.34969 0.922207 1.9721
 -1.96831 -0.834234 2.6619
 0.90961 0.647359 -2.92081
regression_error on 'test' 0.081045
classification_error on 'test' 0.0789474
Save,3427,0.081045,0.0789474
sample_count 75 Sample index 43
 i 0:0.582374 i 1:0.198626 i 2:0.612097 i 3:0.60999 bias 1
 test_print 3.00309
net matrix:
 -1.93864 0.334253 -0.17614
outputs matrix:
 0.0202869 0.661168 0.412829
error matrix:
 -0.0202869 0.338832 -0.412829
delta matrix:
 -0.000806421 0.151813 -0.200141
weights_delta matrix:
 -4.69639e-05 0.00884122 -0.0116557
 -1.60176e-05 0.00301541 -0.00397532
 -4.93608e-05 0.00929245 -0.0122506
 -4.91909e-05 0.00926046 -0.0122084
 -8.06421e-05 0.0151813 -0.0200141
weights matrix:
 -0.9854 0.120743 0.0143306
 1.83499 -2.18139 -0.514078
 -2.34974 0.931499 1.95985
 -1.96836 -0.824973 2.64969
 0.909529 0.66254 -2.94082
regression_error on 'test' 0.0823062
classification_error on 'test' 0.0789474
Save,3428,0.0823062,0.0789474
sample_count 75 Sample index 4
 i 0:0.212844 i 1:0.516233 i 2:0.158468 i 3:0.135476 bias 1
 test_print 2.02302
net matrix:
 1.00805 -0.402019 -2.53361
outputs matrix:
 0.882478 0.309162 0.00626046
error matrix:
 0.117522 -0.309162 -0.00626046
delta matrix:
 0.0243767 -0.132062 -7.78959e-05
weights_delta matrix:
 0.000518843 -0.00281087 -1.65797e-06
 0.0012584 -0.0068175 -4.02124e-06
 0.000386292 -0.00209277 -1.2344e-06
 0.000330245 -0.00178913 -1.0553e-06
 0.00243767 -0.0132062 -7.78959e-06
weights matrix:
 -0.984881 0.117932 0.0143289
 1.83625 -2.18821 -0.514082
 -2.34936 0.929406 1.95985
 -1.96803 -0.826762 2.64969
 0.911967 0.649334 -2.94083
regression_error on 'test' 0.0819287
classification_error on 'test' 0.0789474
Save,3429,0.0819287,0.0789474
sample_count 75 Sample index 17
 i 0:0.443801 i 1:0.304495 i 2:0.521371 i 3:0.463986 bias 1
 test_print 2.73365
net matrix:
 -1.10402 0.136332 -0.839775
outputs matrix:
 0.0990312 0.567747 0.157155
error matrix:
 -0.0990312 0.432253 -0.157155
delta matrix:
 -0.0176719 0.212159 -0.0416327
weights_delta matrix:
 -0.000784282 0.00941563 -0.00184766
 -0.000538101 0.00646013 -0.0012677
 -0.000921363 0.0110613 -0.00217061
 -0.000819953 0.00984387 -0.0019317
 -0.00176719 0.0212159 -0.00416327
weights matrix:
 -0.985665 0.127347 0.0124812
 1.83571 -2.18175 -0.51535
 -2.35028 0.940468 1.95768
 -1.96885 -0.816919 2.64776
 0.910199 0.67055 -2.94499
regression_error on 'test' 0.0829731
classification_error on 'test' 0.0789474
Save,3430,0.0829731,0.0789474
sample_count 75 Sample index 34
 i 0:0.767139 i 1:0.551523 i 2:0.642339 i 3:0.573489 bias 1
 test_print 3.53449
net matrix:
 -1.47229 -0.299438 -0.443688
outputs matrix:
 0.0499932 0.354601 0.291652
error matrix:
 -0.0499932 0.645399 -0.291652
delta matrix:
 -0.00474874 0.295411 -0.120505
weights_delta matrix:
 -0.000364295 0.0226621 -0.00924443
 -0.000261904 0.0162926 -0.00664614
 -0.00030503 0.0189754 -0.00774052
 -0.000272335 0.0169415 -0.00691085
 -0.000474874 0.0295411 -0.0120505
weights matrix:
 -0.98603 0.15001 0.00323682
 1.83545 -2.16546 -0.521996
 -2.35058 0.959443 1.94994
 -1.96912 -0.799977 2.64085
 0.909725 0.700091 -2.95704
regression_error on 'test' 0.0855894
classification_error on 'test' 0.0789474
Save,3431,0.0855894,0.0789474
sample_count 75 Sample index 20
 i 0:0.489992 i 1:0.375074 i 2:0.521371 i 3:0.500487 bias 1
 test_print 2.88692
net matrix:
 -1.09604 0.0612349 -0.81289
outputs matrix:
 0.100465 0.530579 0.164409
error matrix:
 -0.100465 0.469421 -0.164409
delta matrix:
 -0.0181583 0.233832 -0.0451727
weights_delta matrix:
 -0.000889744 0.0114576 -0.00221343
 -0.000681072 0.00877045 -0.00169431
 -0.000946723 0.0121913 -0.00235518
 -0.000908801 0.011703 -0.00226084
 -0.00181583 0.0233832 -0.00451727
weights matrix:
 -0.986919 0.161467 0.00102339
 1.83477 -2.15669 -0.52369
 -2.35153 0.971634 1.94759
 -1.97003 -0.788274 2.63859
 0.907909 0.723474 -2.96156
regression_error on 'test' 0.0875365
classification_error on 'test' 0.105263
Save,3432,0.0875365,0.105263
sample_count 75 Sample index 22
 i 0:0.305227 i 1:0.233915 i 2:0.430645 i 3:0.427485 bias 1
 test_print 2.39727
net matrix:
 -0.818977 0.349731 -1.11707
outputs matrix:
 0.162744 0.668068 0.0967261
error matrix:
 -0.162744 0.331932 -0.0967261
delta matrix:
 -0.0443504 0.147214 -0.016902
weights_delta matrix:
 -0.00135369 0.00449336 -0.000515894
 -0.00103742 0.00344355 -0.000395362
 -0.00190993 0.00633968 -0.000727875
 -0.00189591 0.00629316 -0.000722534
 -0.00443504 0.0147214 -0.0016902
weights matrix:
 -0.988273 0.165961 0.000507495
 1.83373 -2.15324 -0.524086
 -2.35344 0.977974 1.94686
 -1.97192 -0.781981 2.63787
 0.903474 0.738196 -2.96325
regression_error on 'test' 0.0886838
classification_error on 'test' 0.0789474
Save,3433,0.0886838,0.0789474
sample_count 75 Sample index 68
 i 0:0.305227 i 1:0.657392 i 2:0.173589 i 3:0.281481 bias 1
 test_print 2.41769
net matrix:
 0.843718 -0.677022 -2.22716
outputs matrix:
 0.843887 0.20521 0.0114945
error matrix:
 0.156113 -0.20521 -0.0114945
delta matrix:
 0.0411334 -0.0669391 -0.00026121
weights_delta matrix:
 0.0012555 -0.00204316 -7.97284e-06
 0.00270408 -0.00440052 -1.71717e-05
 0.00071403 -0.00116199 -4.53432e-06
 0.00115783 -0.00188421 -7.35257e-06
 0.00411334 -0.00669391 -2.6121e-05
weights matrix:
 -0.987018 0.163917 0.000499522
 1.83644 -2.15765 -0.524103
 -2.35273 0.976812 1.94685
 -1.97076 -0.783865 2.63786
 0.907587 0.731502 -2.96328
regression_error on 'test' 0.0881977
classification_error on 'test' 0.105263
Save,3434,0.0881977,0.105263
sample_count 75 Sample index 25
 i 0:0.628566 i 1:0.410364 i 2:0.778427 i 3:0.865497 bias 1
 test_print 3.68285
net matrix:
 -2.49633 0.0310586 0.620507
outputs matrix:
 0.00674187 0.515524 0.775741
error matrix:
 -0.00674187 -0.515524 0.224259
delta matrix:
 -9.02927e-05 -0.257514 0.0780275
weights_delta matrix:
 -5.67549e-06 -0.0161864 0.00490454
 -3.70529e-06 -0.0105674 0.00320197
 -7.02863e-06 -0.0200456 0.00607387
 -7.8148e-06 -0.0222877 0.00675326
 -9.02927e-06 -0.0257514 0.00780275
weights matrix:
 -0.987023 0.147731 0.00540407
 1.83643 -2.16821 -0.520901
 -2.35273 0.956766 1.95293
 -1.97077 -0.806153 2.64461
 0.907578 0.70575 -2.95547
regression_error on 'test' 0.0853004
classification_error on 'test' 0.0789474
Save,3435,0.0853004,0.0789474
sample_count 75 Sample index 36
 i 0:0.744044 i 1:0.516233 i 2:0.702823 i 3:0.901998 bias 1
 test_print 3.8651
net matrix:
 -2.30997 -0.358345 0.537639
outputs matrix:
 0.00975724 0.328122 0.745599
error matrix:
 -0.00975724 -0.328122 0.254401
delta matrix:
 -0.00018855 -0.144674 0.09651
weights_delta matrix:
 -1.40289e-05 -0.0107644 0.00718077
 -9.73355e-06 -0.00746857 0.00498216
 -1.32517e-05 -0.010168 0.00678294
 -1.70071e-05 -0.0130496 0.00870518
 -1.8855e-05 -0.0144674 0.009651
weights matrix:
 -0.987037 0.136967 0.0125848
 1.83642 -2.17568 -0.515919
 -2.35275 0.946598 1.95971
 -1.97079 -0.819202 2.65332
 0.907559 0.691283 -2.94582
regression_error on 'test' 0.0836415
classification_error on 'test' 0.0789474
Save,3436,0.0836415,0.0789474
sample_count 75 Sample index 5
 i 0:0.536183 i 1:0.198626 i 2:0.687702 i 3:0.60999 bias 1
 test_print 3.0325
net matrix:
 -2.07706 0.483847 -0.0753556
outputs matrix:
 0.0154569 0.72466 0.462393
error matrix:
 -0.0154569 -0.72466 0.537607
delta matrix:
 -0.000470444 -0.28918 0.267283
weights_delta matrix:
 -2.52244e-05 -0.0155053 0.0143312
 -9.34425e-06 -0.00574386 0.00530893
 -3.23526e-05 -0.019887 0.0183811
 -2.86966e-05 -0.0176397 0.016304
 -4.70444e-05 -0.028918 0.0267283
weights matrix:
 -0.987062 0.121461 0.0269161
 1.83641 -2.18142 -0.51061
 -2.35278 0.926711 1.97809
 -1.97082 -0.836842 2.66962
 0.907512 0.662365 -2.91909
regression_error on 'test' 0.0812923
classification_error on 'test' 0.0789474
Save,3437,0.0812923,0.0789474
sample_count 75 Sample index 44
 i 0:0.536183 i 1:0.375074 i 2:0.702823 i 3:0.646491 bias 1
 test_print 3.26057
net matrix:
 -1.86065 0.0195977 0.0199558
outputs matrix:
 0.0236308 0.509798 0.509977
error matrix:
 -0.0236308 0.490202 -0.509977
delta matrix:
 -0.00109044 0.245007 -0.254887
weights_delta matrix:
 -5.84673e-05 0.0131369 -0.0136666
 -4.08994e-05 0.00918958 -0.00956014
 -7.66383e-05 0.0172197 -0.017914
 -7.04957e-05 0.0158395 -0.0164782
 -0.000109044 0.0245007 -0.0254887
weights matrix:
 -0.987121 0.134598 0.0132495
 1.83637 -2.17224 -0.52017
 -2.35286 0.943931 1.96018
 -1.97089 -0.821003 2.65314
 0.907403 0.686866 -2.94458
regression_error on 'test' 0.0834399
classification_error on 'test' 0.0789474
Save,3438,0.0834399,0.0789474
sample_count 75 Sample index 20
 i 0:0.489992 i 1:0.375074 i 2:0.521371 i 3:0.500487 bias 1
 test_print 2.88692
net matrix:
 -1.10062 0.0193057 -0.783349
outputs matrix:
 0.0996398 0.509652 0.172687
error matrix:
 -0.0996398 0.490348 -0.172687
delta matrix:
 -0.0178777 0.245083 -0.0493425
weights_delta matrix:
 -0.000875993 0.0120089 -0.00241774
 -0.000670546 0.00919242 -0.00185071
 -0.000932092 0.0127779 -0.00257258
 -0.000894756 0.0122661 -0.00246953
 -0.00178777 0.0245083 -0.00493425
weights matrix:
 -0.987997 0.146607 0.0108317
 1.8357 -2.16304 -0.522021
 -2.35379 0.956709 1.9576
 -1.97178 -0.808737 2.65067
 0.905615 0.711374 -2.94952
regression_error on 'test' 0.0851543
classification_error on 'test' 0.0789474
Save,3439,0.0851543,0.0789474
sample_count 75 Sample index 5
 i 0:0.536183 i 1:0.198626 i 2:0.687702 i 3:0.60999 bias 1
 test_print 3.0325
net matrix:
 -2.08099 0.524955 -0.0842628
outputs matrix:
 0.0153379 0.740758 0.457968
error matrix:
 -0.0153379 -0.740758 0.542032
delta matrix:
 -0.000463286 -0.284504 0.269101
weights_delta matrix:
 -2.48406e-05 -0.0152546 0.0144287
 -9.20207e-06 -0.00565099 0.00534504
 -3.18603e-05 -0.0195654 0.0185061
 -2.826e-05 -0.0173545 0.0164149
 -4.63286e-05 -0.0284504 0.0269101
weights matrix:
 -0.988022 0.131352 0.0252605
 1.83569 -2.16869 -0.516676
 -2.35382 0.937144 1.97611
 -1.97181 -0.826091 2.66709
 0.905569 0.682923 -2.92261
regression_error on 'test' 0.0824134
classification_error on 'test' 0.0789474
Save,3440,0.0824134,0.0789474
sample_count 75 Sample index 31
 i 0:0.559279 i 1:0.339785 i 2:0.778427 i 3:0.573489 bias 1
 test_print 3.25098
net matrix:
 -1.98636 0.27524 -0.0162338
outputs matrix:
 0.0184745 0.634247 0.491884
error matrix:
 -0.0184745 -0.634247 0.508116
delta matrix:
 -0.000670004 -0.294262 0.253991
weights_delta matrix:
 -3.74719e-05 -0.0164575 0.0142052
 -2.27657e-05 -0.00999859 0.00863024
 -5.21549e-05 -0.0229062 0.0197714
 -3.8424e-05 -0.0168756 0.0145661
 -6.70004e-05 -0.0294262 0.0253991
weights matrix:
 -0.988059 0.114895 0.0394657
 1.83567 -2.17869 -0.508046
 -2.35387 0.914237 1.99588
 -1.97185 -0.842967 2.68166
 0.905502 0.653497 -2.89721
regression_error on 'test' 0.0804527
classification_error on 'test' 0.0789474
Save,3441,0.0804527,0.0789474
sample_count 75 Sample index 18
 i 0:0.513088 i 1:0.480944 i 2:0.566734 i 3:0.60999 bias 1
 test_print 3.17076
net matrix:
 -1.25543 -0.331452 -0.354383
outputs matrix:
 0.0751001 0.340087 0.329872
error matrix:
 -0.0751001 0.659913 -0.329872
delta matrix:
 -0.0104329 0.296206 -0.14584
weights_delta matrix:
 -0.0005353 0.015198 -0.0074829
 -0.000501765 0.0142458 -0.00701411
 -0.000591269 0.016787 -0.00826527
 -0.000636397 0.0180683 -0.00889612
 -0.00104329 0.0296206 -0.014584
weights matrix:
 -0.988595 0.130093 0.0319828
 1.83517 -2.16445 -0.51506
 -2.35446 0.931024 1.98762
 -1.97249 -0.824898 2.67276
 0.904459 0.683118 -2.91179
regression_error on 'test' 0.0820914
classification_error on 'test' 0.0789474
Save,3442,0.0820914,0.0789474
sample_count 75 Sample index 19
 i 0:0.674757 i 1:0.480944 i 2:0.596976 i 3:0.573489 bias 1
 test_print 3.32617
net matrix:
 -1.41675 -0.18735 -0.418569
outputs matrix:
 0.055541 0.407406 0.302138
error matrix:
 -0.055541 0.592594 -0.302138
delta matrix:
 -0.00582694 0.286136 -0.127412
weights_delta matrix:
 -0.000393177 0.0193072 -0.00859721
 -0.000280243 0.0137615 -0.0061278
 -0.000347854 0.0170816 -0.00760619
 -0.000334169 0.0164096 -0.00730694
 -0.000582694 0.0286136 -0.0127412
weights matrix:
 -0.988988 0.1494 0.0233855
 1.83489 -2.15069 -0.521187
 -2.35481 0.948106 1.98001
 -1.97282 -0.808489 2.66545
 0.903876 0.711731 -2.92453
regression_error on 'test' 0.084366
classification_error on 'test' 0.0789474
Save,3443,0.084366,0.0789474
sample_count 75 Sample index 7
 i 0:0.651661 i 1:0.410364 i 2:0.627218 i 3:0.60999 bias 1
 test_print 3.29923
net matrix:
 -1.66802 0.0280248 -0.255373
outputs matrix:
 0.0343555 0.514009 0.375019
error matrix:
 -0.0343555 0.485991 -0.375019
delta matrix:
 -0.0022795 0.242805 -0.175794
weights_delta matrix:
 -0.000148546 0.0158226 -0.0114558
 -9.35427e-05 0.00996384 -0.00721394
 -0.000142975 0.0152292 -0.0110261
 -0.000139047 0.0148109 -0.0107232
 -0.00022795 0.0242805 -0.0175794
weights matrix:
 -0.989136 0.165223 0.0119298
 1.8348 -2.14072 -0.528401
 -2.35495 0.963335 1.96898
 -1.97296 -0.793678 2.65473
 0.903648 0.736012 -2.94211
regression_error on 'test' 0.0870543
classification_error on 'test' 0.105263
Save,3444,0.0870543,0.105263
sample_count 75 Sample index 8
 i 0:0.489992 i 1:0.375074 i 2:0.702823 i 3:0.755994 bias 1
 test_print 3.32388
net matrix:
 -2.0395 0.0910791 0.25635
outputs matrix:
 0.0166428 0.545414 0.625439
error matrix:
 -0.0166428 -0.545414 0.374561
delta matrix:
 -0.000544746 -0.270457 0.175493
weights_delta matrix:
 -2.66921e-05 -0.0132522 0.00859901
 -2.0432e-05 -0.0101441 0.00658228
 -3.8286e-05 -0.0190084 0.012334
 -4.11824e-05 -0.0204464 0.0132672
 -5.44746e-05 -0.0270457 0.0175493
weights matrix:
 -0.989163 0.15197 0.0205288
 1.83478 -2.15087 -0.521819
 -2.35499 0.944327 1.98132
 -1.973 -0.814124 2.668
 0.903594 0.708966 -2.92456
regression_error on 'test' 0.0840958
classification_error on 'test' 0.0789474
Save,3445,0.0840958,0.0789474
sample_count 75 Sample index 9
 i 0:0.351418 i 1:0.375074 i 2:0.521371 i 3:0.573489 bias 1
 test_print 2.82135
net matrix:
 -1.11516 -0.0189092 -0.550001
outputs matrix:
 0.0970609 0.490547 0.249739
error matrix:
 -0.0970609 0.509453 -0.249739
delta matrix:
 -0.0170129 0.254636 -0.0935872
weights_delta matrix:
 -0.000597862 0.00894836 -0.00328882
 -0.000638108 0.00955072 -0.00351021
 -0.000887001 0.013276 -0.00487936
 -0.000975669 0.0146031 -0.00536712
 -0.00170129 0.0254636 -0.00935872
weights matrix:
 -0.989761 0.160919 0.01724
 1.83414 -2.14131 -0.525329
 -2.35588 0.957603 1.97644
 -1.97398 -0.799521 2.66263
 0.901892 0.73443 -2.93392
regression_error on 'test' 0.0862231
classification_error on 'test' 0.0789474
Save,3446,0.0862231,0.0789474
sample_count 75 Sample index 19
 i 0:0.674757 i 1:0.480944 i 2:0.596976 i 3:0.573489 bias 1
 test_print 3.32617
net matrix:
 -1.4223 -0.0736925 -0.468068
outputs matrix:
 0.0549616 0.46322 0.281682
error matrix:
 -0.0549616 0.53678 -0.281682
delta matrix:
 -0.00570951 0.266938 -0.113989
weights_delta matrix:
 -0.000385253 0.0180118 -0.0076915
 -0.000274595 0.0128382 -0.00548224
 -0.000340844 0.0159355 -0.00680488
 -0.000327434 0.0153086 -0.00653716
 -0.000570951 0.0266938 -0.0113989
weights matrix:
 -0.990146 0.178931 0.00954845
 1.83386 -2.12848 -0.530812
 -2.35622 0.973538 1.96963
 -1.9743 -0.784213 2.65609
 0.901321 0.761123 -2.94532
regression_error on 'test' 0.0893362
classification_error on 'test' 0.0789474
Save,3447,0.0893362,0.0789474
sample_count 75 Sample index 60
 i 0:0.559279 i 1:0.410364 i 2:0.536492 i 3:0.536988 bias 1
 test_print 3.04312
net matrix:
 -1.22417 0.0889281 -0.674824
outputs matrix:
 0.0795607 0.544347 0.205928
error matrix:
 -0.0795607 0.455653 -0.205928
delta matrix:
 -0.0116526 0.226034 -0.0673473
weights_delta matrix:
 -0.000651704 0.0126416 -0.00376659
 -0.00047818 0.00927563 -0.00276369
 -0.000625151 0.0121266 -0.00361313
 -0.000625729 0.0121378 -0.00361647
 -0.00116526 0.0226034 -0.00673473
weights matrix:
 -0.990798 0.191572 0.00578186
 1.83338 -2.1192 -0.533575
 -2.35684 0.985665 1.96602
 -1.97493 -0.772075 2.65248
 0.900156 0.783727 -2.95206
regression_error on 'test' 0.0920726
classification_error on 'test' 0.0526316
Save,3448,0.0920726,0.0526316
sample_count 75 Sample index 4
 i 0:0.212844 i 1:0.516233 i 2:0.158468 i 3:0.135476 bias 1
 test_print 2.02302
net matrix:
 0.994684 -0.217901 -2.55538
outputs matrix:
 0.879676 0.392742 0.00599539
error matrix:
 0.120324 -0.392742 -0.00599539
delta matrix:
 0.0254715 -0.187334 -7.14583e-05
weights_delta matrix:
 0.000542146 -0.0039873 -1.52095e-06
 0.00131492 -0.00967082 -3.68891e-06
 0.000403642 -0.00296865 -1.13239e-06
 0.000345078 -0.00253793 -9.68089e-07
 0.00254715 -0.0187334 -7.14583e-06
weights matrix:
 -0.990256 0.187585 0.00578034
 1.8347 -2.12887 -0.533579
 -2.35644 0.982696 1.96602
 -1.97458 -0.774613 2.65247
 0.902703 0.764993 -2.95206
regression_error on 'test' 0.0906055
classification_error on 'test' 0.0526316
Save,3449,0.0906055,0.0526316
sample_count 75 Sample index 60
 i 0:0.559279 i 1:0.410364 i 2:0.536492 i 3:0.536988 bias 1
 test_print 3.04312
net matrix:
 -1.22277 0.107544 -0.688691
outputs matrix:
 0.0797651 0.553566 0.20143
error matrix:
 -0.0797651 0.446434 -0.20143
delta matrix:
 -0.0117099 0.220655 -0.0648024
weights_delta matrix:
 -0.000654913 0.0123408 -0.00362426
 -0.000480534 0.0090549 -0.00265926
 -0.000628229 0.011838 -0.0034766
 -0.00062881 0.0118489 -0.00347981
 -0.00117099 0.0220655 -0.00648024
weights matrix:
 -0.990911 0.199926 0.00215608
 1.83422 -2.11982 -0.536238
 -2.35707 0.994534 1.96254
 -1.97521 -0.762764 2.64899
 0.901532 0.787059 -2.95854
regression_error on 'test' 0.0934074
classification_error on 'test' 0.0526316
Save,3450,0.0934074,0.0526316
sample_count 75 Sample index 29
 i 0:0.420705 i 1:0.304495 i 2:0.536492 i 3:0.536988 bias 1
 test_print 2.79868
net matrix:
 -1.28205 0.34966 -0.645551
outputs matrix:
 0.0714845 0.668037 0.215666
error matrix:
 -0.0714845 0.331963 -0.215666
delta matrix:
 -0.0094895 0.147235 -0.0729619
weights_delta matrix:
 -0.000399228 0.00619424 -0.00306954
 -0.000288951 0.00448322 -0.00222165
 -0.000509104 0.00789903 -0.00391435
 -0.000509575 0.00790633 -0.00391797
 -0.00094895 0.0147235 -0.00729619
weights matrix:
 -0.99131 0.20612 -0.000913468
 1.83393 -2.11533 -0.53846
 -2.35758 1.00243 1.95863
 -1.97572 -0.754858 2.64508
 0.900583 0.801782 -2.96584
regression_error on 'test' 0.0954479
classification_error on 'test' 0.0789474
Save,3451,0.0954479,0.0789474
sample_count 75 Sample index 70
 i 0:0.259036 i 1:0.622103 i 2:0.173589 i 3:0.135476 bias 1
 test_print 2.1902
net matrix:
 1.10778 -0.389034 -2.60271
outputs matrix:
 0.901638 0.314736 0.00545678
error matrix:
 0.0983621 -0.314736 -0.00545678
delta matrix:
 0.0174469 -0.135763 -5.92279e-05
weights_delta matrix:
 0.000451937 -0.00351675 -1.53422e-06
 0.00108537 -0.00844586 -3.68459e-06
 0.000302858 -0.0023567 -1.02813e-06
 0.000236363 -0.00183926 -8.02396e-07
 0.00174469 -0.0135763 -5.92279e-06
weights matrix:
 -0.990858 0.202603 -0.000915002
 1.83502 -2.12378 -0.538464
 -2.35728 1.00008 1.95863
 -1.97549 -0.756697 2.64508
 0.902328 0.788206 -2.96584
regression_error on 'test' 0.0941805
classification_error on 'test' 0.0789474
Save,3452,0.0941805,0.0789474
sample_count 75 Sample index 1
 i 0:0.582374 i 1:0.445654 i 2:0.581855 i 3:0.536988 bias 1
 test_print 3.14687
net matrix:
 -1.28935 0.135289 -0.646335
outputs matrix:
 0.0705225 0.567235 0.215401
error matrix:
 -0.0705225 0.432765 -0.215401
delta matrix:
 -0.00924538 0.21247 -0.0728072
weights_delta matrix:
 -0.000538427 0.0123737 -0.0042401
 -0.000412024 0.00946882 -0.00324468
 -0.000537947 0.0123627 -0.00423632
 -0.000496466 0.0114094 -0.00390966
 -0.000924538 0.021247 -0.00728072
weights matrix:
 -0.991396 0.214977 -0.0051551
 1.8346 -2.11431 -0.541708
 -2.35781 1.01244 1.95439
 -1.97598 -0.745288 2.64117
 0.901403 0.809453 -2.97313
regression_error on 'test' 0.0973636
classification_error on 'test' 0.131579
Save,3453,0.0973636,0.131579
sample_count 75 Sample index 71
 i 0:0.143558 i 1:0.480944 i 2:0.0979839 i 3:0.0989754 bias 1
 test_print 1.82146
net matrix:
 1.21482 -0.151113 -2.78149
outputs matrix:
 0.91906 0.425014 0.00382267
error matrix:
 0.0809402 -0.425014 -0.00382267
delta matrix:
 0.0120421 -0.207727 -2.91139e-05
weights_delta matrix:
 0.000172874 -0.00298209 -4.17954e-07
 0.000579157 -0.00999051 -1.40022e-06
 0.000117993 -0.00203539 -2.8527e-07
 0.000119187 -0.00205599 -2.88156e-07
 0.00120421 -0.0207727 -2.91139e-06
weights matrix:
 -0.991223 0.211995 -0.00515552
 1.83518 -2.1243 -0.54171
 -2.3577 1.0104 1.95439
 -1.97586 -0.747344 2.64117
 0.902608 0.78868 -2.97313
regression_error on 'test' 0.0956046
classification_error on 'test' 0.105263
Save,3454,0.0956046,0.105263
sample_count 75 Sample index 19
 i 0:0.674757 i 1:0.480944 i 2:0.596976 i 3:0.573489 bias 1
 test_print 3.32617
net matrix:
 -1.42423 0.084649 -0.555735
outputs matrix:
 0.0547609 0.542224 0.247597
error matrix:
 -0.0547609 0.457776 -0.247597
delta matrix:
 -0.00566908 0.227256 -0.092251
weights_delta matrix:
 -0.000382525 0.0153342 -0.0062247
 -0.000272651 0.0109297 -0.00443676
 -0.00033843 0.0135666 -0.00550716
 -0.000325115 0.0130329 -0.00529049
 -0.000566908 0.0227256 -0.0092251
weights matrix:
 -0.991606 0.227329 -0.0113802
 1.83491 -2.11337 -0.546146
 -2.35803 1.02397 1.94888
 -1.97619 -0.734311 2.63588
 0.902041 0.811406 -2.98235
regression_error on 'test' 0.0994056
classification_error on 'test' 0.157895
Save,3455,0.0994056,0.157895
sample_count 75 Sample index 33
 i 0:0.559279 i 1:0.480944 i 2:0.672581 i 3:0.719493 bias 1
 test_print 3.4323
net matrix:
 -1.77788 0.0825048 -0.0441079
outputs matrix:
 0.0277668 0.541159 0.47796
error matrix:
 -0.0277668 -0.541159 0.52204
delta matrix:
 -0.00149917 -0.268746 0.260513
weights_delta matrix:
 -8.38456e-05 -0.0150304 0.0145699
 -7.21018e-05 -0.0129252 0.0125292
 -0.000100831 -0.0180753 0.0175216
 -0.000107864 -0.0193361 0.0187437
 -0.000149917 -0.0268746 0.0260513
weights matrix:
 -0.99169 0.212299 0.00318971
 1.83484 -2.1263 -0.533617
 -2.35813 1.0059 1.96641
 -1.9763 -0.753647 2.65462
 0.901891 0.784531 -2.9563
regression_error on 'test' 0.0940477
classification_error on 'test' 0.0526316
Save,3456,0.0940477,0.0526316
sample_count 75 Sample index 25
 i 0:0.628566 i 1:0.410364 i 2:0.778427 i 3:0.865497 bias 1
 test_print 3.68285
net matrix:
 -2.51461 0.176156 0.654993
outputs matrix:
 0.00650131 0.587178 0.787511
error matrix:
 -0.00650131 -0.587178 0.212489
delta matrix:
 -8.39844e-05 -0.284664 0.0711148
weights_delta matrix:
 -5.27897e-06 -0.017893 0.00447003
 -3.44642e-06 -0.0116816 0.00291829
 -6.53757e-06 -0.022159 0.00553576
 -7.26882e-06 -0.0246376 0.00615496
 -8.39844e-06 -0.0284664 0.00711148
weights matrix:
 -0.991695 0.194406 0.00765974
 1.83483 -2.13798 -0.530699
 -2.35814 0.983736 1.97194
 -1.9763 -0.778284 2.66077
 0.901882 0.756065 -2.94919
regression_error on 'test' 0.0898185
classification_error on 'test' 0.0789474
Save,3457,0.0898185,0.0789474
sample_count 75 Sample index 45
 i 0:0.697853 i 1:0.586813 i 2:0.793548 i 3:0.975 bias 1
 test_print 4.05321
net matrix:
 -2.51166 -0.341047 0.903818
outputs matrix:
 0.00653952 0.335794 0.859076
error matrix:
 -0.00653952 -0.335794 0.140924
delta matrix:
 -8.49714e-05 -0.149789 0.0341218
weights_delta matrix:
 -5.92975e-06 -0.010453 0.0023812
 -4.98623e-06 -0.00878979 0.00200231
 -6.74289e-06 -0.0118864 0.00270773
 -8.28471e-06 -0.0146044 0.00332687
 -8.49714e-06 -0.0149789 0.00341218
weights matrix:
 -0.991701 0.183953 0.0100409
 1.83483 -2.14677 -0.528697
 -2.35815 0.97185 1.97465
 -1.97631 -0.792889 2.6641
 0.901874 0.741086 -2.94578
regression_error on 'test' 0.0877391
classification_error on 'test' 0.105263
Save,3458,0.0877391,0.105263
sample_count 75 Sample index 2
 i 0:0.466896 i 1:0.480944 i 2:0.566734 i 3:0.500487 bias 1
 test_print 3.01506
net matrix:
 -1.00426 -0.0515525 -0.742915
outputs matrix:
 0.118312 0.474247 0.184548
error matrix:
 -0.118312 0.525753 -0.184548
delta matrix:
 -0.0246831 0.262179 -0.0555454
weights_delta matrix:
 -0.00115244 0.012241 -0.00259339
 -0.00118712 0.0126094 -0.00267142
 -0.00139888 0.0148586 -0.00314795
 -0.00123536 0.0131217 -0.00277998
 -0.00246831 0.0262179 -0.00555454
weights matrix:
 -0.992853 0.196194 0.00744754
 1.83364 -2.13416 -0.531368
 -2.35955 0.986708 1.9715
 -1.97755 -0.779767 2.66132
 0.899406 0.767304 -2.95133
regression_error on 'test' 0.090563
classification_error on 'test' 0.0789474
Save,3459,0.090563,0.0789474
sample_count 75 Sample index 29
 i 0:0.420705 i 1:0.304495 i 2:0.536492 i 3:0.536988 bias 1
 test_print 2.79868
net matrix:
 -1.28776 0.310639 -0.623207
outputs matrix:
 0.0707312 0.650509 0.223322
error matrix:
 -0.0707312 0.349491 -0.223322
delta matrix:
 -0.00929809 0.158911 -0.0774698
weights_delta matrix:
 -0.000391176 0.00668549 -0.00325919
 -0.000283122 0.00483878 -0.00235892
 -0.000498835 0.00852547 -0.00415619
 -0.000499297 0.00853336 -0.00416004
 -0.000929809 0.0158911 -0.00774698
weights matrix:
 -0.993245 0.202879 0.00418835
 1.83336 -2.12932 -0.533727
 -2.36005 0.995234 1.96735
 -1.97805 -0.771234 2.65716
 0.898476 0.783195 -2.95908
regression_error on 'test' 0.0925414
classification_error on 'test' 0.0526316
Save,3460,0.0925414,0.0526316
sample_count 75 Sample index 40
 i 0:0.328323 i 1:0.763262 i 2:0.158468 i 3:0.171977 bias 1
 test_print 2.42203
net matrix:
 1.25753 -0.750346 -2.59635
outputs matrix:
 0.925191 0.182322 0.00552631
error matrix:
 0.0748086 -0.182322 -0.00552631
delta matrix:
 0.0103554 -0.0543616 -6.07426e-05
weights_delta matrix:
 0.00033999 -0.00178482 -1.99432e-06
 0.000790385 -0.00414922 -4.63625e-06
 0.000164099 -0.000861458 -9.62576e-07
 0.000178088 -0.000934895 -1.04463e-06
 0.00103554 -0.00543616 -6.07426e-06
weights matrix:
 -0.992905 0.201094 0.00418635
 1.83415 -2.13347 -0.533732
 -2.35988 0.994372 1.96734
 -1.97787 -0.772168 2.65716
 0.899511 0.777759 -2.95909
regression_error on 'test' 0.0920371
classification_error on 'test' 0.0526316
Save,3461,0.0920371,0.0526316
sample_count 75 Sample index 13
 i 0:0.420705 i 1:0.269205 i 2:0.491129 i 3:0.427485 bias 1
 test_print 2.60852
net matrix:
 -1.02896 0.446295 -0.998893
outputs matrix:
 0.113254 0.709424 0.119436
error matrix:
 -0.113254 0.290576 -0.119436
delta matrix:
 -0.0227477 0.119799 -0.0251223
weights_delta matrix:
 -0.000957007 0.00504002 -0.00105691
 -0.000612379 0.00322506 -0.000676304
 -0.00111721 0.0058837 -0.00123383
 -0.00097243 0.00512125 -0.00107394
 -0.00227477 0.0119799 -0.00251223
weights matrix:
 -0.993862 0.206134 0.00312945
 1.83354 -2.13024 -0.534408
 -2.361 1.00026 1.96611
 -1.97884 -0.767047 2.65609
 0.897237 0.789739 -2.9616
regression_error on 'test' 0.0933874
classification_error on 'test' 0.0526316
Save,3462,0.0933874,0.0526316
sample_count 75 Sample index 49
 i 0:0.397609 i 1:0.480944 i 2:0.612097 i 3:0.60999 bias 1
 test_print 3.10064
net matrix:
 -1.26834 -0.00846567 -0.393738
outputs matrix:
 0.0733269 0.495767 0.312711
error matrix:
 -0.0733269 0.504233 -0.312711
delta matrix:
 -0.00996513 0.252098 -0.134417
weights_delta matrix:
 -0.000396223 0.0100237 -0.00534455
 -0.000479267 0.0121245 -0.00646472
 -0.000609963 0.0154309 -0.00822764
 -0.000607863 0.0153777 -0.00819932
 -0.000996513 0.0252098 -0.0134417
weights matrix:
 -0.994258 0.216158 -0.0022151
 1.83306 -2.11812 -0.540873
 -2.36161 1.01569 1.95788
 -1.97945 -0.75167 2.64789
 0.89624 0.814949 -2.97504
regression_error on 'test' 0.097303
classification_error on 'test' 0.131579
Save,3463,0.097303,0.131579
sample_count 75 Sample index 62
 i 0:0.582374 i 1:0.622103 i 2:0.748185 i 3:0.901998 bias 1
 test_print 3.85466
net matrix:
 -2.09482 -0.294938 0.540438
outputs matrix:
 0.0149256 0.356663 0.74666
error matrix:
 -0.0149256 -0.356663 0.25334
delta matrix:
 -0.000438899 -0.163676 0.0958432
weights_delta matrix:
 -2.55603e-05 -0.00953208 0.00558166
 -2.7304e-05 -0.0101823 0.00596243
 -3.28378e-05 -0.012246 0.00717084
 -3.95886e-05 -0.0147636 0.00864503
 -4.38899e-05 -0.0163676 0.00958432
weights matrix:
 -0.994283 0.206626 0.00336655
 1.83303 -2.1283 -0.53491
 -2.36164 1.00344 1.96505
 -1.97949 -0.766433 2.65653
 0.896196 0.798581 -2.96546
regression_error on 'test' 0.0941461
classification_error on 'test' 0.0526316
Save,3464,0.0941461,0.0526316
sample_count 75 Sample index 6
 i 0:0.305227 i 1:0.657392 i 2:0.128226 i 3:0.171977 bias 1
 test_print 2.26282
net matrix:
 1.15448 -0.540621 -2.60724
outputs matrix:
 0.909617 0.253271 0.00540785
error matrix:
 0.0903831 -0.253271 -0.00540785
delta matrix:
 0.0148615 -0.0957996 -5.81733e-05
weights_delta matrix:
 0.000453613 -0.00292406 -1.77561e-06
 0.000976984 -0.00629779 -3.82427e-06
 0.000190563 -0.0012284 -7.45933e-07
 0.000255584 -0.00164753 -1.00045e-06
 0.00148615 -0.00957996 -5.81733e-06
weights matrix:
 -0.99383 0.203702 0.00336478
 1.83401 -2.1346 -0.534914
 -2.36145 1.00221 1.96505
 -1.97923 -0.768081 2.65653
 0.897682 0.789001 -2.96546
regression_error on 'test' 0.0932552
classification_error on 'test' 0.0526316
Save,3465,0.0932552,0.0526316
sample_count 75 Sample index 51
 i 0:0.628566 i 1:0.516233 i 2:0.763306 i 3:0.719493 bias 1
 test_print 3.6276
net matrix:
 -2.00678 0.0274567 0.171805
outputs matrix:
 0.0177481 0.513725 0.585067
error matrix:
 -0.0177481 -0.513725 0.414933
delta matrix:
 -0.00061881 -0.256669 0.201461
weights_delta matrix:
 -3.88963e-05 -0.0161333 0.0126632
 -3.1945e-05 -0.0132501 0.0104001
 -4.72341e-05 -0.0195917 0.0153777
 -4.45229e-05 -0.0184671 0.014495
 -6.1881e-05 -0.0256669 0.0201461
weights matrix:
 -0.993869 0.187569 0.0160279
 1.83398 -2.14785 -0.524514
 -2.3615 0.982621 1.98043
 -1.97928 -0.786548 2.67103
 0.89762 0.763334 -2.94532
regression_error on 'test' 0.0890524
classification_error on 'test' 0.105263
Save,3466,0.0890524,0.105263
sample_count 75 Sample index 0
 i 0:0.282131 i 1:0.269205 i 2:0.430645 i 3:0.427485 bias 1
 test_print 2.40947
net matrix:
 -0.752144 0.324965 -1.08731
outputs matrix:
 0.181787 0.656995 0.102053
error matrix:
 -0.181787 0.343005 -0.102053
delta matrix:
 -0.0540781 0.154594 -0.0187039
weights_delta matrix:
 -0.00152571 0.00436159 -0.000527695
 -0.00145581 0.00416176 -0.000503518
 -0.00232884 0.00665753 -0.000805474
 -0.00231176 0.00660868 -0.000799563
 -0.00540781 0.0154594 -0.00187039
weights matrix:
 -0.995394 0.19193 0.0155003
 1.83252 -2.14369 -0.525017
 -2.36383 0.989278 1.97962
 -1.98159 -0.779939 2.67023
 0.892213 0.778794 -2.94719
regression_error on 'test' 0.0904818
classification_error on 'test' 0.0789474
Save,3467,0.0904818,0.0789474
sample_count 75 Sample index 11
 i 0:0.536183 i 1:0.198626 i 2:0.536492 i 3:0.427485 bias 1
 test_print 2.69879
net matrix:
 -1.39279 0.653239 -0.839623
outputs matrix:
 0.0581085 0.786923 0.157195
error matrix:
 -0.0581085 0.213077 -0.157195
delta matrix:
 -0.00636078 0.0714553 -0.0416521
weights_delta matrix:
 -0.000341054 0.00383131 -0.00223331
 -0.000126342 0.00141929 -0.000827319
 -0.000341251 0.00383352 -0.0022346
 -0.000271914 0.00305461 -0.00178056
 -0.000636078 0.00714553 -0.00416521
weights matrix:
 -0.995735 0.195761 0.0132669
 1.83239 -2.14227 -0.525845
 -2.36417 0.993112 1.97739
 -1.98186 -0.776884 2.66845
 0.891577 0.785939 -2.95135
regression_error on 'test' 0.0913409
classification_error on 'test' 0.0789474
Save,3468,0.0913409,0.0789474
sample_count 75 Sample index 20
 i 0:0.489992 i 1:0.375074 i 2:0.521371 i 3:0.500487 bias 1
 test_print 2.88692
net matrix:
 -1.13355 0.207311 -0.775605
outputs matrix:
 0.0938851 0.602195 0.174912
error matrix:
 -0.0938851 0.397805 -0.174912
delta matrix:
 -0.0159737 0.190593 -0.0504856
weights_delta matrix:
 -0.0007827 0.0093389 -0.00247375
 -0.000599133 0.00714865 -0.00189358
 -0.000832824 0.00993697 -0.00263217
 -0.000799464 0.00953893 -0.00252674
 -0.00159737 0.0190593 -0.00504856
weights matrix:
 -0.996518 0.2051 0.0107932
 1.83179 -2.13512 -0.527738
 -2.365 1.00305 1.97476
 -1.98266 -0.767346 2.66592
 0.889979 0.804999 -2.9564
regression_error on 'test' 0.0936984
classification_error on 'test' 0.0526316
Save,3469,0.0936984,0.0526316
sample_count 75 Sample index 21
 i 0:0.836426 i 1:0.445654 i 2:0.884274 i 3:0.719493 bias 1
 test_print 3.88585
net matrix:
 -2.64501 0.359895 0.481776
outputs matrix:
 0.00501639 0.672561 0.723833
error matrix:
 -0.00501639 -0.672561 0.276167
delta matrix:
 -5.00759e-05 -0.296226 0.110411
weights_delta matrix:
 -4.18848e-06 -0.0247771 0.00923508
 -2.23165e-06 -0.0132014 0.00492052
 -4.42808e-06 -0.0261945 0.00976337
 -3.60293e-06 -0.0213133 0.00794401
 -5.00759e-06 -0.0296226 0.0110411
weights matrix:
 -0.996522 0.180323 0.0200283
 1.83179 -2.14832 -0.522818
 -2.36501 0.976854 1.98452
 -1.98266 -0.788659 2.67386
 0.889974 0.775376 -2.94536
regression_error on 'test' 0.0890343
classification_error on 'test' 0.105263
Save,3470,0.0890343,0.105263
sample_count 75 Sample index 16
 i 0:0.60547 i 1:0.304495 i 2:0.687702 i 3:0.755994 bias 1
 test_print 3.35366
net matrix:
 -2.28092 0.305966 0.293756
outputs matrix:
 0.0103349 0.648382 0.642794
error matrix:
 -0.0103349 -0.648382 0.357206
delta matrix:
 -0.000211412 -0.29564 0.164036
weights_delta matrix:
 -1.28004e-05 -0.0179001 0.00993189
 -6.4374e-06 -0.00900209 0.00499481
 -1.45389e-05 -0.0203312 0.0112808
 -1.59827e-05 -0.0223502 0.012401
 -2.11412e-05 -0.029564 0.0164036
weights matrix:
 -0.996535 0.162423 0.0299601
 1.83179 -2.15732 -0.517823
 -2.36502 0.956523 1.9958
 -1.98268 -0.811009 2.68626
 0.889953 0.745812 -2.92896
regression_error on 'test' 0.0855046
classification_error on 'test' 0.0789474
Save,3471,0.0855046,0.0789474
sample_count 75 Sample index 28
 i 0:0.305227 i 1:0.551523 i 2:0.113105 i 3:0.135476 bias 1
 test_print 2.10533
net matrix:
 1.05995 -0.39611 -2.61574
outputs matrix:
 0.892823 0.311692 0.00531716
error matrix:
 0.107177 -0.311692 -0.00531716
delta matrix:
 0.0205115 -0.133741 -5.62437e-05
weights_delta matrix:
 0.000626066 -0.00408213 -1.71671e-06
 0.00113126 -0.00737612 -3.10197e-06
 0.000231995 -0.00151268 -6.36145e-07
 0.000277882 -0.00181187 -7.61968e-07
 0.00205115 -0.0133741 -5.62437e-06
weights matrix:
 -0.995909 0.158341 0.0299584
 1.83292 -2.1647 -0.517826
 -2.36479 0.95501 1.9958
 -1.9824 -0.812821 2.68626
 0.892004 0.732438 -2.92896
regression_error on 'test' 0.0847303
classification_error on 'test' 0.0789474
Save,3472,0.0847303,0.0789474
sample_count 75 Sample index 16
 i 0:0.60547 i 1:0.304495 i 2:0.687702 i 3:0.755994 bias 1
 test_print 3.35366
net matrix:
 -2.27783 0.211443 0.334818
outputs matrix:
 0.0103983 0.604174 0.661422
error matrix:
 -0.0103983 -0.604174 0.338578
delta matrix:
 -0.000214002 -0.288974 0.151644
weights_delta matrix:
 -1.29572e-05 -0.0174965 0.00918162
 -6.51625e-06 -0.0087991 0.0046175
 -1.47169e-05 -0.0198728 0.0104286
 -1.61784e-05 -0.0218462 0.0114642
 -2.14002e-05 -0.0288974 0.0151644
weights matrix:
 -0.995922 0.140844 0.03914
 1.83291 -2.1735 -0.513209
 -2.3648 0.935138 2.00623
 -1.98242 -0.834667 2.69773
 0.891983 0.703541 -2.9138
regression_error on 'test' 0.0822388
classification_error on 'test' 0.0789474
Save,3473,0.0822388,0.0789474
sample_count 75 Sample index 13
 i 0:0.420705 i 1:0.269205 i 2:0.491129 i 3:0.427485 bias 1
 test_print 2.60852
net matrix:
 -1.04246 0.280143 -0.896932
outputs matrix:
 0.110572 0.636519 0.1426
error matrix:
 -0.110572 0.363481 -0.1426
delta matrix:
 -0.0217486 0.168192 -0.0348698
weights_delta matrix:
 -0.000914975 0.00707592 -0.00146699
 -0.000585484 0.00452781 -0.000938714
 -0.00106814 0.00826039 -0.00171256
 -0.000929721 0.00718995 -0.00149063
 -0.00217486 0.0168192 -0.00348698
weights matrix:
 -0.996837 0.14792 0.0376731
 1.83232 -2.16897 -0.514147
 -2.36587 0.943398 2.00452
 -1.98335 -0.827477 2.69624
 0.889808 0.72036 -2.91728
regression_error on 'test' 0.083237
classification_error on 'test' 0.0789474
Save,3474,0.083237,0.0789474
sample_count 75 Sample index 12
 i 0:0.166653 i 1:0.480944 i 2:0.128226 i 3:0.135476 bias 1
 test_print 1.9113
net matrix:
 1.03287 -0.289278 -2.53597
outputs matrix:
 0.887527 0.359265 0.00623112
error matrix:
 0.112473 -0.359265 -0.00623112
delta matrix:
 0.0224546 -0.165401 -7.71698e-05
weights_delta matrix:
 0.000374212 -0.00275646 -1.28606e-06
 0.00107994 -0.00795487 -3.71144e-06
 0.000287926 -0.00212087 -9.89518e-07
 0.000304205 -0.00224079 -1.04547e-06
 0.00224546 -0.0165401 -7.71698e-06
weights matrix:
 -0.996463 0.145164 0.0376718
 1.8334 -2.17693 -0.514151
 -2.36558 0.941277 2.00452
 -1.98304 -0.829718 2.69624
 0.892053 0.70382 -2.91729
regression_error on 'test' 0.0825327
classification_error on 'test' 0.0789474
Save,3475,0.0825327,0.0789474
sample_count 75 Sample index 25
 i 0:0.628566 i 1:0.410364 i 2:0.778427 i 3:0.865497 bias 1
 test_print 3.68285
net matrix:
 -2.53968 -0.0836702 0.789353
outputs matrix:
 0.00618541 0.458262 0.829021
error matrix:
 -0.00618541 -0.458262 0.170979
delta matrix:
 -7.60454e-05 -0.227535 0.0484708
weights_delta matrix:
 -4.77995e-06 -0.014302 0.00304671
 -3.12063e-06 -0.0093372 0.00198907
 -5.91958e-06 -0.0177119 0.0037731
 -6.5817e-06 -0.019693 0.00419514
 -7.60454e-06 -0.0227535 0.00484708
weights matrix:
 -0.996468 0.130862 0.0407185
 1.8334 -2.18626 -0.512162
 -2.36559 0.923565 2.00829
 -1.98305 -0.849411 2.70043
 0.892046 0.681066 -2.91244
regression_error on 'test' 0.0809645
classification_error on 'test' 0.105263
Save,3476,0.0809645,0.105263
sample_count 75 Sample index 22
 i 0:0.305227 i 1:0.233915 i 2:0.430645 i 3:0.427485 bias 1
 test_print 2.39727
net matrix:
 -0.849696 0.244227 -1.00056
outputs matrix:
 0.154545 0.619742 0.119084
error matrix:
 -0.154545 0.380258 -0.119084
delta matrix:
 -0.0403858 0.179224 -0.0249847
weights_delta matrix:
 -0.00123268 0.00547041 -0.000762601
 -0.000944684 0.00419233 -0.00058443
 -0.00173919 0.00771821 -0.00107595
 -0.00172643 0.00766157 -0.00106806
 -0.00403858 0.0179224 -0.00249847
weights matrix:
 -0.9977 0.136332 0.0399559
 1.83246 -2.18207 -0.512746
 -2.36733 0.931283 2.00721
 -1.98478 -0.841749 2.69936
 0.888007 0.698989 -2.91494
regression_error on 'test' 0.0817448
classification_error on 'test' 0.0789474
Save,3477,0.0817448,0.0789474
sample_count 75 Sample index 32
 i 0:0.697853 i 1:0.516233 i 2:0.642339 i 3:0.60999 bias 1
 test_print 3.46642
net matrix:
 -1.59359 -0.247587 -0.21586
outputs matrix:
 0.0396512 0.378675 0.393716
error matrix:
 -0.0396512 0.621325 -0.393716
delta matrix:
 -0.00301975 0.292371 -0.187963
weights_delta matrix:
 -0.000210734 0.0204032 -0.013117
 -0.00015589 0.0150932 -0.00970326
 -0.000193971 0.0187801 -0.0120736
 -0.000184202 0.0178343 -0.0114655
 -0.000301975 0.0292371 -0.0187963
weights matrix:
 -0.997911 0.156736 0.0268388
 1.8323 -2.16698 -0.52245
 -2.36752 0.950063 1.99514
 -1.98496 -0.823915 2.6879
 0.887705 0.728226 -2.93374
regression_error on 'test' 0.0841856
classification_error on 'test' 0.0789474
Save,3478,0.0841856,0.0789474
sample_count 75 Sample index 62
 i 0:0.582374 i 1:0.622103 i 2:0.748185 i 3:0.901998 bias 1
 test_print 3.85466
net matrix:
 -2.11535 -0.560925 0.674086
outputs matrix:
 0.0143338 0.245668 0.793831
error matrix:
 -0.0143338 -0.245668 0.206169
delta matrix:
 -0.000405027 -0.0910521 0.0674848
weights_delta matrix:
 -2.35877e-05 -0.00530264 0.00393014
 -2.51968e-05 -0.00566438 0.00419825
 -3.03035e-05 -0.00681238 0.00504911
 -3.65333e-05 -0.00821289 0.00608712
 -4.05027e-05 -0.00910521 0.00674848
weights matrix:
 -0.997935 0.151433 0.030769
 1.83228 -2.17264 -0.518251
 -2.36755 0.943251 2.00019
 -1.985 -0.832128 2.69398
 0.887665 0.719121 -2.92699
regression_error on 'test' 0.0832281
classification_error on 'test' 0.0789474
Save,3479,0.0832281,0.0789474
sample_count 75 Sample index 26
 i 0:0.489992 i 1:0.339785 i 2:0.536492 i 3:0.500487 bias 1
 test_print 2.86676
net matrix:
 -1.24237 0.144668 -0.666618
outputs matrix:
 0.0769343 0.571833 0.208625
error matrix:
 -0.0769343 0.428167 -0.208625
delta matrix:
 -0.0109271 0.209665 -0.068888
weights_delta matrix:
 -0.000535417 0.0102734 -0.00337546
 -0.000371285 0.00712409 -0.00234071
 -0.000586228 0.0112483 -0.00369579
 -0.000546885 0.0104934 -0.00344776
 -0.00109271 0.0209665 -0.0068888
weights matrix:
 -0.99847 0.161706 0.0273935
 1.8319 -2.16552 -0.520592
 -2.36814 0.954499 1.99649
 -1.98554 -0.821635 2.69054
 0.886572 0.740087 -2.93388
regression_error on 'test' 0.0848285
classification_error on 'test' 0.0789474
Save,3480,0.0848285,0.0789474
sample_count 75 Sample index 17
 i 0:0.443801 i 1:0.304495 i 2:0.521371 i 3:0.463986 bias 1
 test_print 2.73365
net matrix:
 -1.15469 0.268884 -0.790954
outputs matrix:
 0.0903494 0.631293 0.170525
error matrix:
 -0.0903494 0.368707 -0.170525
delta matrix:
 -0.014851 0.171642 -0.0482404
weights_delta matrix:
 -0.000659088 0.00761749 -0.00214091
 -0.000452205 0.00522641 -0.0014689
 -0.000774287 0.00894891 -0.00251512
 -0.000689065 0.00796394 -0.00223829
 -0.0014851 0.0171642 -0.00482404
weights matrix:
 -0.999129 0.169324 0.0252526
 1.83145 -2.16029 -0.522061
 -2.36891 0.963448 1.99398
 -1.98623 -0.813671 2.6883
 0.885087 0.757251 -2.9387
regression_error on 'test' 0.0862591
classification_error on 'test' 0.0789474
Save,3481,0.0862591,0.0789474
sample_count 75 Sample index 16
 i 0:0.60547 i 1:0.304495 i 2:0.687702 i 3:0.755994 bias 1
 test_print 3.35366
net matrix:
 -2.29287 0.249409 0.321222
outputs matrix:
 0.0100932 0.622181 0.655306
error matrix:
 -0.0100932 -0.622181 0.344694
delta matrix:
 -0.000201689 -0.292515 0.155719
weights_delta matrix:
 -1.22116e-05 -0.0177109 0.00942833
 -6.14132e-06 -0.00890692 0.00474157
 -1.38702e-05 -0.0201163 0.0107088
 -1.52475e-05 -0.0221139 0.0117723
 -2.01689e-05 -0.0292515 0.0155719
weights matrix:
 -0.999141 0.151613 0.0346809
 1.83145 -2.1692 -0.517319
 -2.36893 0.943332 2.00469
 -1.98625 -0.835785 2.70007
 0.885067 0.728 -2.92313
regression_error on 'test' 0.0833539
classification_error on 'test' 0.0789474
Save,3482,0.0833539,0.0789474
sample_count 75 Sample index 73
 i 0:0.582374 i 1:0.410364 i 2:0.65746 i 3:0.719493 bias 1
 test_print 3.36969
net matrix:
 -1.93181 -0.0550038 0.14546
outputs matrix:
 0.0205601 0.472526 0.572222
error matrix:
 -0.0205601 -0.472526 0.427778
delta matrix:
 -0.000828052 -0.23555 0.209427
weights_delta matrix:
 -4.82236e-05 -0.0137178 0.0121965
 -3.39803e-05 -0.00966611 0.00859412
 -5.44411e-05 -0.0154864 0.013769
 -5.95778e-05 -0.0169476 0.0150681
 -8.28052e-05 -0.023555 0.0209427
weights matrix:
 -0.99919 0.137895 0.0468774
 1.83141 -2.17886 -0.508725
 -2.36898 0.927846 2.01846
 -1.98631 -0.852732 2.71514
 0.884984 0.704445 -2.90219
regression_error on 'test' 0.0815369
classification_error on 'test' 0.105263
Save,3483,0.0815369,0.105263
sample_count 75 Sample index 18
 i 0:0.513088 i 1:0.480944 i 2:0.566734 i 3:0.60999 bias 1
 test_print 3.17076
net matrix:
 -1.30109 -0.267031 -0.322669
outputs matrix:
 0.068998 0.36957 0.344041
error matrix:
 -0.068998 0.63043 -0.344041
delta matrix:
 -0.00886448 0.293765 -0.155284
weights_delta matrix:
 -0.000454826 0.0150727 -0.00796743
 -0.000426332 0.0141285 -0.00746829
 -0.00050238 0.0166487 -0.00880047
 -0.000540724 0.0179194 -0.00947216
 -0.000886448 0.0293765 -0.0155284
weights matrix:
 -0.999644 0.152968 0.03891
 1.83099 -2.16474 -0.516194
 -2.36948 0.944494 2.00966
 -1.98685 -0.834813 2.70567
 0.884098 0.733821 -2.91772
regression_error on 'test' 0.0835796
classification_error on 'test' 0.0789474
Save,3484,0.0835796,0.0789474
sample_count 75 Sample index 12
 i 0:0.166653 i 1:0.480944 i 2:0.128226 i 3:0.135476 bias 1
 test_print 1.9113
net matrix:
 1.02511 -0.273791 -2.53525
outputs matrix:
 0.885969 0.366425 0.0062401
error matrix:
 0.114031 -0.366425 -0.0062401
delta matrix:
 0.0230407 -0.170137 -7.73918e-05
weights_delta matrix:
 0.000383979 -0.00283539 -1.28976e-06
 0.00110813 -0.00818264 -3.72211e-06
 0.000295441 -0.0021816 -9.92364e-07
 0.000312146 -0.00230495 -1.04847e-06
 0.00230407 -0.0170137 -7.73918e-06
weights matrix:
 -0.99926 0.150132 0.0389087
 1.83209 -2.17292 -0.516197
 -2.36919 0.942313 2.00965
 -1.98654 -0.837118 2.70567
 0.886402 0.716808 -2.91772
regression_error on 'test' 0.0828071
classification_error on 'test' 0.0789474
Save,3485,0.0828071,0.0789474
sample_count 75 Sample index 69
 i 0:0.628566 i 1:0.445654 i 2:0.581855 i 3:0.536988 bias 1
 test_print 3.19306
net matrix:
 -1.37049 -0.058427 -0.501076
outputs matrix:
 0.0605981 0.47082 0.268519
error matrix:
 -0.0605981 0.52918 -0.268519
delta matrix:
 -0.0068992 0.263689 -0.105483
weights_delta matrix:
 -0.00043366 0.0165746 -0.0066303
 -0.000307466 0.0117514 -0.00470089
 -0.000401434 0.0153429 -0.00613758
 -0.000370479 0.0141598 -0.00566431
 -0.00068992 0.0263689 -0.0105483
weights matrix:
 -0.999694 0.166707 0.0322784
 1.83179 -2.16117 -0.520898
 -2.36959 0.957656 2.00352
 -1.98691 -0.822958 2.7
 0.885712 0.743176 -2.92827
regression_error on 'test' 0.0849821
classification_error on 'test' 0.0789474
Save,3486,0.0849821,0.0789474
sample_count 75 Sample index 29
 i 0:0.420705 i 1:0.304495 i 2:0.536492 i 3:0.536988 bias 1
 test_print 2.79868
net matrix:
 -1.31531 0.227102 -0.548565
outputs matrix:
 0.067194 0.611638 0.250278
error matrix:
 -0.067194 0.388362 -0.250278
delta matrix:
 -0.00842331 0.1845 -0.0939238
weights_delta matrix:
 -0.000354373 0.00776202 -0.00395142
 -0.000256486 0.00561794 -0.00285993
 -0.000451904 0.0098983 -0.00503894
 -0.000452322 0.00990745 -0.0050436
 -0.000842331 0.01845 -0.00939238
weights matrix:
 -1.00005 0.174469 0.028327
 1.83153 -2.15555 -0.523758
 -2.37004 0.967554 1.99848
 -1.98736 -0.81305 2.69496
 0.884869 0.761627 -2.93767
regression_error on 'test' 0.0866599
classification_error on 'test' 0.0789474
Save,3487,0.0866599,0.0789474
sample_count 75 Sample index 14
 i 0:0.697853 i 1:0.516233 i 2:0.778427 i 3:0.938499 bias 1
 test_print 3.93101
net matrix:
 -2.57756 -0.239262 0.896606
outputs matrix:
 0.00573668 0.382601 0.857321
error matrix:
 -0.00573668 -0.382601 0.142679
delta matrix:
 -6.54413e-05 -0.180754 0.0349057
weights_delta matrix:
 -4.56684e-06 -0.012614 0.0024359
 -3.3783e-06 -0.00933111 0.00180194
 -5.09413e-06 -0.0140704 0.00271715
 -6.14166e-06 -0.0169637 0.00327589
 -6.54413e-06 -0.0180754 0.00349057
weights matrix:
 -1.00005 0.161855 0.0307629
 1.83153 -2.16488 -0.521956
 -2.37005 0.953484 2.0012
 -1.98737 -0.830014 2.69823
 0.884863 0.743551 -2.93417
regression_error on 'test' 0.0846091
classification_error on 'test' 0.0789474
Save,3488,0.0846091,0.0789474
sample_count 75 Sample index 16
 i 0:0.60547 i 1:0.304495 i 2:0.687702 i 3:0.755994 bias 1
 test_print 3.35366
net matrix:
 -2.29527 0.210581 0.341593
outputs matrix:
 0.0100454 0.603761 0.664449
error matrix:
 -0.0100454 -0.603761 0.335551
delta matrix:
 -0.000199793 -0.28888 0.149626
weights_delta matrix:
 -1.20969e-05 -0.0174908 0.00905943
 -6.08361e-06 -0.00879625 0.00455605
 -1.37398e-05 -0.0198663 0.0102898
 -1.51043e-05 -0.0218392 0.0113117
 -1.99793e-05 -0.028888 0.0149626
weights matrix:
 -1.00007 0.144364 0.0398223
 1.83152 -2.17368 -0.5174
 -2.37006 0.933617 2.01149
 -1.98738 -0.851853 2.70954
 0.884843 0.714663 -2.91921
regression_error on 'test' 0.0821292
classification_error on 'test' 0.0789474
Save,3489,0.0821292,0.0789474
sample_count 75 Sample index 8
 i 0:0.489992 i 1:0.375074 i 2:0.702823 i 3:0.755994 bias 1
 test_print 3.32388
net matrix:
 -2.08641 -0.0177175 0.368355
outputs matrix:
 0.015175 0.491142 0.676276
error matrix:
 -0.015175 -0.491142 0.323724
delta matrix:
 -0.000453573 -0.245494 0.141744
weights_delta matrix:
 -2.22247e-05 -0.012029 0.00694533
 -1.70124e-05 -0.00920784 0.00531644
 -3.18782e-05 -0.0172539 0.00996207
 -3.42899e-05 -0.0185592 0.0107157
 -4.53573e-05 -0.0245494 0.0141744
weights matrix:
 -1.00009 0.132335 0.0467676
 1.8315 -2.18288 -0.512084
 -2.37009 0.916363 2.02145
 -1.98742 -0.870413 2.72026
 0.884797 0.690114 -2.90504
regression_error on 'test' 0.0806034
classification_error on 'test' 0.0789474
Save,3490,0.0806034,0.0789474
sample_count 75 Sample index 43
 i 0:0.582374 i 1:0.198626 i 2:0.612097 i 3:0.60999 bias 1
 test_print 3.00309
net matrix:
 -1.99687 0.363565 -0.0828608
outputs matrix:
 0.018097 0.674175 0.458664
error matrix:
 -0.018097 0.325825 -0.458664
delta matrix:
 -0.000643149 0.143143 -0.227765
weights_delta matrix:
 -3.74553e-05 0.0083363 -0.0132644
 -1.27746e-05 0.0028432 -0.004524
 -3.9367e-05 0.00876176 -0.0139414
 -3.92315e-05 0.0087316 -0.0138934
 -6.43149e-05 0.0143143 -0.0227765
weights matrix:
 -1.00012 0.140672 0.0335032
 1.83149 -2.18004 -0.516608
 -2.37013 0.925125 2.00751
 -1.98745 -0.861681 2.70637
 0.884733 0.704428 -2.92781
regression_error on 'test' 0.0815036
classification_error on 'test' 0.0789474
Save,3491,0.0815036,0.0789474
sample_count 75 Sample index 56
 i 0:0.328323 i 1:0.727972 i 2:0.158468 i 3:0.208478 bias 1
 test_print 2.42324
net matrix:
 1.09971 -0.869434 -2.41055
outputs matrix:
 0.900198 0.149457 0.00799356
error matrix:
 0.0998021 -0.149457 -0.00799356
delta matrix:
 0.0179328 -0.0379977 -0.000126772
weights_delta matrix:
 0.000588775 -0.00124755 -4.16223e-06
 0.00130546 -0.00276613 -9.22868e-06
 0.000284177 -0.000602142 -2.00894e-06
 0.000373859 -0.000792169 -2.64293e-06
 0.00179328 -0.00379977 -1.26772e-05
weights matrix:
 -0.999536 0.139424 0.033499
 1.8328 -2.18281 -0.516617
 -2.36985 0.924523 2.0075
 -1.98708 -0.862473 2.70636
 0.886526 0.700628 -2.92783
regression_error on 'test' 0.0813446
classification_error on 'test' 0.0789474
Save,3492,0.0813446,0.0789474
sample_count 75 Sample index 21
 i 0:0.836426 i 1:0.445654 i 2:0.884274 i 3:0.719493 bias 1
 test_print 3.88585
net matrix:
 -2.658 0.0414575 0.592354
outputs matrix:
 0.00488831 0.520717 0.765793
error matrix:
 -0.00488831 -0.520717 0.234207
delta matrix:
 -4.75576e-05 -0.259911 0.0840117
weights_delta matrix:
 -3.97784e-06 -0.0217397 0.00702696
 -2.11942e-06 -0.0115831 0.00374402
 -4.20539e-06 -0.0229833 0.00742894
 -3.42173e-06 -0.0187004 0.00604459
 -4.75576e-06 -0.0259911 0.00840117
weights matrix:
 -0.99954 0.117684 0.040526
 1.83279 -2.19439 -0.512873
 -2.36985 0.90154 2.01493
 -1.98708 -0.881174 2.71241
 0.886522 0.674637 -2.91943
regression_error on 'test' 0.0798225
classification_error on 'test' 0.0789474
Save,3493,0.0798225,0.0789474
sample_count 75 Sample index 69
 i 0:0.628566 i 1:0.445654 i 2:0.581855 i 3:0.536988 bias 1
 test_print 3.19306
net matrix:
 -1.37091 -0.177944 -0.493586
outputs matrix:
 0.0605499 0.411955 0.271471
error matrix:
 -0.0605499 0.588045 -0.271471
delta matrix:
 -0.00688859 0.284905 -0.10738
weights_delta matrix:
 -0.000432993 0.0179082 -0.00674954
 -0.000306993 0.0126969 -0.00478543
 -0.000400816 0.0165774 -0.00624796
 -0.000369909 0.0152991 -0.00576618
 -0.000688859 0.0284905 -0.010738
weights matrix:
 -0.999973 0.135593 0.0337765
 1.83249 -2.18169 -0.517658
 -2.37025 0.918117 2.00869
 -1.98745 -0.865874 2.70664
 0.885833 0.703128 -2.93016
regression_error on 'test' 0.0811881
classification_error on 'test' 0.0789474
Save,3494,0.0811881,0.0789474
sample_count 75 Sample index 20
 i 0:0.489992 i 1:0.375074 i 2:0.521371 i 3:0.500487 bias 1
 test_print 2.88692
net matrix:
 -1.1473 -0.00340894 -0.705864
outputs matrix:
 0.0915706 0.498296 0.195962
error matrix:
 -0.0915706 0.501704 -0.195962
delta matrix:
 -0.0152347 0.250849 -0.0617517
weights_delta matrix:
 -0.000746487 0.0122914 -0.00302579
 -0.000571413 0.00940871 -0.00231615
 -0.000794291 0.0130786 -0.00321956
 -0.000762475 0.0125547 -0.00309059
 -0.00152347 0.0250849 -0.00617517
weights matrix:
 -1.00072 0.147884 0.0307507
 1.83192 -2.17228 -0.519974
 -2.37105 0.931196 2.00547
 -1.98822 -0.85332 2.70355
 0.884309 0.728213 -2.93634
regression_error on 'test' 0.082655
classification_error on 'test' 0.0789474
Save,3495,0.082655,0.0789474
sample_count 75 Sample index 4
 i 0:0.212844 i 1:0.516233 i 2:0.158468 i 3:0.135476 bias 1
 test_print 2.02302
net matrix:
 0.971917 -0.329756 -2.51415
outputs matrix:
 0.874773 0.340849 0.00650727
error matrix:
 0.125227 -0.340849 -0.00650727
delta matrix:
 0.0274362 -0.153158 -8.41381e-05
weights_delta matrix:
 0.000583962 -0.00325987 -1.79083e-06
 0.00141634 -0.00790652 -4.34349e-06
 0.000434775 -0.00242706 -1.33332e-06
 0.000371694 -0.00207492 -1.13987e-06
 0.00274362 -0.0153158 -8.41381e-06
weights matrix:
 -1.00014 0.144624 0.0307489
 1.83333 -2.18019 -0.519979
 -2.37061 0.928768 2.00546
 -1.98784 -0.855395 2.70355
 0.887053 0.712897 -2.93635
regression_error on 'test' 0.0820168
classification_error on 'test' 0.0789474
Save,3496,0.0820168,0.0789474
sample_count 75 Sample index 46
 i 0:0.928809 i 1:0.480944 i 2:0.854032 i 3:0.901998 bias 1
 test_print 4.16578
net matrix:
 -2.97776 -0.179691 0.99346
outputs matrix:
 0.00258478 0.411109 0.879417
error matrix:
 -0.00258478 -0.411109 0.120583
delta matrix:
 -1.33277e-05 -0.199058 0.0255739
weights_delta matrix:
 -1.23789e-06 -0.0184887 0.00237533
 -6.40987e-07 -0.00957356 0.00122996
 -1.13823e-06 -0.0170002 0.00218409
 -1.20215e-06 -0.017955 0.00230676
 -1.33277e-06 -0.0199058 0.00255739
weights matrix:
 -1.00014 0.126135 0.0331242
 1.83333 -2.18976 -0.518749
 -2.37061 0.911768 2.00765
 -1.98785 -0.87335 2.70586
 0.887052 0.692991 -2.93379
regression_error on 'test' 0.0806067
classification_error on 'test' 0.0789474
Save,3497,0.0806067,0.0789474
sample_count 75 Sample index 21
 i 0:0.836426 i 1:0.445654 i 2:0.884274 i 3:0.719493 bias 1
 test_print 3.88585
net matrix:
 -2.65897 0.000500526 0.584891
outputs matrix:
 0.00487892 0.50025 0.763105
error matrix:
 -0.00487892 -0.50025 0.236895
delta matrix:
 -4.73754e-05 -0.250125 0.0856495
weights_delta matrix:
 -3.9626e-06 -0.0209211 0.00716394
 -2.11131e-06 -0.0111469 0.003817
 -4.18929e-06 -0.0221179 0.00757376
 -3.40863e-06 -0.0179963 0.00616242
 -4.73754e-06 -0.0250125 0.00856495
weights matrix:
 -1.00014 0.105214 0.0402881
 1.83333 -2.20091 -0.514932
 -2.37062 0.88965 2.01522
 -1.98785 -0.891346 2.71202
 0.887047 0.667979 -2.92522
regression_error on 'test' 0.0793668
classification_error on 'test' 0.105263
Save,3498,0.0793668,0.105263
sample_count 75 Sample index 15
 i 0:0.720948 i 1:0.410364 i 2:0.65746 i 3:0.573489 bias 1
 test_print 3.36226
net matrix:
 -1.78027 -0.08561 -0.227247
outputs matrix:
 0.0276381 0.457299 0.388293
error matrix:
 -0.0276381 0.542701 -0.388293
delta matrix:
 -0.00148551 0.269371 -0.184456
weights_delta matrix:
 -0.000107097 0.0194203 -0.0132983
 -6.09598e-05 0.011054 -0.0075694
 -9.76661e-05 0.0177101 -0.0121272
 -8.51922e-05 0.0154481 -0.0105783
 -0.000148551 0.0269371 -0.0184456
weights matrix:
 -1.00025 0.124635 0.0269898
 1.83327 -2.18986 -0.522501
 -2.37072 0.90736 2.00309
 -1.98793 -0.875898 2.70144
 0.886898 0.694916 -2.94367
regression_error on 'test' 0.080675
classification_error on 'test' 0.0789474
Save,3499,0.080675,0.0789474
sample_count 75 Sample index 43
 i 0:0.582374 i 1:0.198626 i 2:0.612097 i 3:0.60999 bias 1
 test_print 3.00309
net matrix:
 -1.99521 0.353641 -0.157794
outputs matrix:
 0.0181561 0.6698 0.421752
error matrix:
 -0.0181561 0.3302 -0.421752
delta matrix:
 -0.000647317 0.146059 -0.205711
weights_delta matrix:
 -3.76981e-05 0.00850611 -0.0119801
 -1.28574e-05 0.00290112 -0.00408596
 -3.96221e-05 0.00894024 -0.0125915
 -3.94857e-05 0.00890947 -0.0125482
 -6.47317e-05 0.0146059 -0.0205711
weights matrix:
 -1.00029 0.133141 0.0150098
 1.83326 -2.18696 -0.526587
 -2.37075 0.916301 1.9905
 -1.98797 -0.866988 2.68889
 0.886834 0.709522 -2.96424
regression_error on 'test' 0.0818874
classification_error on 'test' 0.0789474
Save,3500,0.0818874,0.0789474
sample_count 75 Sample index 42
 i 0:0.651661 i 1:0.551523 i 2:0.702823 i 3:0.792495 bias 1
 test_print 3.6985
net matrix:
 -1.99561 -0.452959 0.285021
outputs matrix:
 0.0181419 0.287836 0.638773
error matrix:
 -0.0181419 -0.287836 0.361227
delta matrix:
 -0.000646315 -0.118005 0.166701
weights_delta matrix:
 -4.21178e-05 -0.00768991 0.0108632
 -3.56457e-05 -0.00650823 0.00919392
 -4.54245e-05 -0.00829364 0.0117161
 -5.12201e-05 -0.00935182 0.0132109
 -6.46315e-05 -0.0118005 0.0166701
weights matrix:
 -1.00033 0.125451 0.025873
 1.83322 -2.19346 -0.517393
 -2.3708 0.908007 2.00222
 -1.98803 -0.87634 2.7021
 0.886769 0.697721 -2.94757
regression_error on 'test' 0.0807322
classification_error on 'test' 0.0789474
Save,3501,0.0807322,0.0789474
sample_count 75 Sample index 9
 i 0:0.351418 i 1:0.375074 i 2:0.521371 i 3:0.573489 bias 1
 test_print 2.82135
net matrix:
 -1.15335 -0.110068 -0.539014
outputs matrix:
 0.0905699 0.445187 0.25388
error matrix:
 -0.0905699 0.554813 -0.25388
delta matrix:
 -0.0149199 0.274073 -0.0961821
weights_delta matrix:
 -0.000524313 0.0096314 -0.00338001
 -0.000559608 0.0102797 -0.00360754
 -0.000777882 0.0142893 -0.00501466
 -0.000855642 0.0157178 -0.00551594
 -0.00149199 0.0274073 -0.00961821
weights matrix:
 -1.00085 0.135082 0.022493
 1.83266 -2.18319 -0.521001
 -2.37158 0.922296 1.9972
 -1.98888 -0.860622 2.69659
 0.885277 0.725128 -2.95719
regression_error on 'test' 0.0822272
classification_error on 'test' 0.0789474
Save,3502,0.0822272,0.0789474
sample_count 75 Sample index 49
 i 0:0.397609 i 1:0.480944 i 2:0.612097 i 3:0.60999 bias 1
 test_print 3.10064
net matrix:
 -1.2961 -0.231588 -0.331443
outputs matrix:
 0.0696425 0.386233 0.340091
error matrix:
 -0.0696425 0.613767 -0.340091
delta matrix:
 -0.0090246 0.290996 -0.152653
weights_delta matrix:
 -0.000358826 0.0115702 -0.00606962
 -0.000434033 0.0139953 -0.00734175
 -0.000552393 0.0178118 -0.00934384
 -0.000550492 0.0177504 -0.00931168
 -0.00090246 0.0290996 -0.0152653
weights matrix:
 -1.00121 0.146652 0.0164234
 1.83223 -2.16919 -0.528343
 -2.37213 0.940108 1.98786
 -1.98943 -0.842872 2.68728
 0.884375 0.754228 -2.97246
regression_error on 'test' 0.0846315
classification_error on 'test' 0.0789474
Save,3503,0.0846315,0.0789474
sample_count 75 Sample index 35
 i 0:0.189749 i 1:0.233915 i 2:0.128226 i 3:0.171977 bias 1
 test_print 1.72387
net matrix:
 0.476676 0.250241 -2.37588
outputs matrix:
 0.721789 0.622572 0.00856252
error matrix:
 0.278211 -0.622572 -0.00856252
delta matrix:
 0.111735 -0.292579 -0.000145378
weights_delta matrix:
 0.00212016 -0.00555166 -2.75853e-06
 0.00261365 -0.00684387 -3.40061e-06
 0.00143273 -0.00375163 -1.86412e-06
 0.00192159 -0.00503169 -2.50017e-06
 0.0111735 -0.0292579 -1.45378e-05
weights matrix:
 -0.999091 0.141101 0.0164206
 1.83484 -2.17603 -0.528346
 -2.3707 0.936357 1.98786
 -1.98751 -0.847904 2.68727
 0.895548 0.72497 -2.97247
regression_error on 'test' 0.0833497
classification_error on 'test' 0.0789474
Save,3504,0.0833497,0.0789474
sample_count 75 Sample index 22
 i 0:0.305227 i 1:0.233915 i 2:0.430645 i 3:0.427485 bias 1
 test_print 2.39727
net matrix:
 -0.850765 0.299802 -1.08621
outputs matrix:
 0.154266 0.645566 0.102254
error matrix:
 -0.154266 0.354434 -0.102254
delta matrix:
 -0.0402534 0.162197 -0.0187734
weights_delta matrix:
 -0.00122864 0.00495068 -0.000573015
 -0.000941587 0.00379402 -0.000439138
 -0.00173349 0.00698492 -0.000808467
 -0.00172077 0.00693366 -0.000802535
 -0.00402534 0.0162197 -0.00187734
weights matrix:
 -1.00032 0.146051 0.0158476
 1.8339 -2.17224 -0.528785
 -2.37243 0.943341 1.98705
 -1.98923 -0.84097 2.68647
 0.891523 0.74119 -2.97435
regression_error on 'test' 0.0843163
classification_error on 'test' 0.0789474
Save,3505,0.0843163,0.0789474
sample_count 75 Sample index 61
 i 0:0.697853 i 1:0.480944 i 2:0.687702 i 3:0.682992 bias 1
 test_print 3.54949
net matrix:
 -1.91471 -0.127252 -0.016266
outputs matrix:
 0.0212606 0.436715 0.491868
error matrix:
 -0.0212606 0.563285 -0.491868
delta matrix:
 -0.000884805 0.27713 -0.245869
weights_delta matrix:
 -6.17464e-05 0.0193396 -0.017158
 -4.25542e-05 0.0133284 -0.0118249
 -6.08482e-05 0.0190583 -0.0169084
 -6.04315e-05 0.0189278 -0.0167926
 -8.84805e-05 0.027713 -0.0245869
weights matrix:
 -1.00038 0.165391 -0.00131045
 1.83386 -2.15891 -0.54061
 -2.37249 0.9624 1.97014
 -1.98929 -0.822042 2.66968
 0.891434 0.768903 -2.99893
regression_error on 'test' 0.0880506
classification_error on 'test' 0.0789474
Save,3506,0.0880506,0.0789474
sample_count 75 Sample index 37
 i 0:0.720948 i 1:0.551523 i 2:0.82379 i 3:0.901998 bias 1
 test_print 3.99826
net matrix:
 -2.56715 -0.251213 0.732992
outputs matrix:
 0.00585671 0.376971 0.812446
error matrix:
 -0.00585671 -0.376971 0.187554
delta matrix:
 -6.82003e-05 -0.177073 0.057158
weights_delta matrix:
 -4.91689e-06 -0.0127661 0.00412079
 -3.7614e-06 -0.00976601 0.00315239
 -5.61827e-06 -0.0145871 0.00470862
 -6.15165e-06 -0.015972 0.00515564
 -6.82003e-06 -0.0177073 0.0057158
weights matrix:
 -1.00039 0.152625 0.00281034
 1.83385 -2.16868 -0.537458
 -2.3725 0.947813 1.97485
 -1.9893 -0.838014 2.67484
 0.891427 0.751195 -2.99322
regression_error on 'test' 0.0858063
classification_error on 'test' 0.105263
Save,3507,0.0858063,0.105263
sample_count 75 Sample index 44
 i 0:0.536183 i 1:0.375074 i 2:0.702823 i 3:0.646491 bias 1
 test_print 3.26057
net matrix:
 -1.91064 0.143992 -0.0760702
outputs matrix:
 0.0214304 0.571502 0.462038
error matrix:
 -0.0214304 0.428498 -0.462038
delta matrix:
 -0.000898838 0.209867 -0.229687
weights_delta matrix:
 -4.81942e-05 0.0112527 -0.0123154
 -3.37131e-05 0.00787158 -0.00861498
 -6.31724e-05 0.01475 -0.016143
 -5.81091e-05 0.0135677 -0.0148491
 -8.98838e-05 0.0209867 -0.0229687
weights matrix:
 -1.00043 0.163878 -0.0095051
 1.83382 -2.16081 -0.546073
 -2.37256 0.962563 1.95871
 -1.98936 -0.824446 2.65999
 0.891338 0.772182 -3.01619
regression_error on 'test' 0.0889636
classification_error on 'test' 0.0526316
Save,3508,0.0889636,0.0526316
sample_count 75 Sample index 70
 i 0:0.259036 i 1:0.622103 i 2:0.173589 i 3:0.135476 bias 1
 test_print 2.1902
net matrix:
 1.09165 -0.474214 -2.65799
outputs matrix:
 0.89874 0.279201 0.00488847
error matrix:
 0.10126 -0.279201 -0.00488847
delta matrix:
 0.0184305 -0.112377 -4.75606e-05
weights_delta matrix:
 0.000477417 -0.00291098 -1.23199e-06
 0.00114657 -0.00699102 -2.95876e-06
 0.000319934 -0.00195075 -8.256e-07
 0.00024969 -0.00152244 -6.44332e-07
 0.00184305 -0.0112377 -4.75606e-06
weights matrix:
 -0.999957 0.160967 -0.00950633
 1.83496 -2.1678 -0.546076
 -2.37224 0.960612 1.95871
 -1.98911 -0.825969 2.65999
 0.893181 0.760944 -3.01619
regression_error on 'test' 0.0882385
classification_error on 'test' 0.0789474
Save,3509,0.0882385,0.0789474
sample_count 75 Sample index 25
 i 0:0.628566 i 1:0.410364 i 2:0.778427 i 3:0.865497 bias 1
 test_print 3.68285
net matrix:
 -2.55054 0.00542945 0.580663
outputs matrix:
 0.00605335 0.502715 0.761574
error matrix:
 -0.00605335 -0.502715 0.238426
delta matrix:
 -7.28424e-05 -0.25135 0.0865865
weights_delta matrix:
 -4.57862e-06 -0.015799 0.00544254
 -2.98919e-06 -0.0103145 0.0035532
 -5.67025e-06 -0.0195658 0.00674013
 -6.30449e-06 -0.0217543 0.00749404
 -7.28424e-06 -0.025135 0.00865865
weights matrix:
 -0.999961 0.145168 -0.0040638
 1.83496 -2.17811 -0.542522
 -2.37225 0.941046 1.96545
 -1.98911 -0.847723 2.66748
 0.893173 0.735809 -3.00753
regression_error on 'test' 0.0853474
classification_error on 'test' 0.105263
Save,3510,0.0853474,0.105263
sample_count 75 Sample index 47
 i 0:0.282131 i 1:0.516233 i 2:0.158468 i 3:0.0989754 bias 1
 test_print 2.05581
net matrix:
 0.985523 -0.282425 -2.71327
outputs matrix:
 0.877723 0.362426 0.00437901
error matrix:
 0.122277 -0.362426 -0.00437901
delta matrix:
 0.0262467 -0.167494 -3.81835e-05
weights_delta matrix:
 0.000740501 -0.00472552 -1.07728e-06
 0.00135494 -0.00864659 -1.97116e-06
 0.000415926 -0.00265424 -6.05086e-07
 0.000259778 -0.00165778 -3.77923e-07
 0.00262467 -0.0167494 -3.81835e-06
weights matrix:
 -0.999221 0.140442 -0.00406488
 1.83632 -2.18676 -0.542524
 -2.37183 0.938392 1.96545
 -1.98885 -0.849381 2.66748
 0.895798 0.71906 -3.00754
regression_error on 'test' 0.0846071
classification_error on 'test' 0.0789474
Save,3511,0.0846071,0.0789474
sample_count 75 Sample index 12
 i 0:0.166653 i 1:0.480944 i 2:0.128226 i 3:0.135476 bias 1
 test_print 1.9113
net matrix:
 1.03887 -0.303987 -2.65574
outputs matrix:
 0.88872 0.352521 0.00491041
error matrix:
 0.11128 -0.352521 -0.00491041
delta matrix:
 0.0220103 -0.160926 -4.79875e-05
weights_delta matrix:
 0.000366809 -0.00268188 -7.99727e-07
 0.00105857 -0.00773964 -2.30793e-06
 0.00028223 -0.00206349 -6.15325e-07
 0.000298187 -0.00218016 -6.50116e-07
 0.00220103 -0.0160926 -4.79875e-06
weights matrix:
 -0.998854 0.13776 -0.00406567
 1.83738 -2.1945 -0.542527
 -2.37155 0.936328 1.96545
 -1.98855 -0.851561 2.66748
 0.897999 0.702967 -3.00754
regression_error on 'test' 0.0840126
classification_error on 'test' 0.0789474
Save,3512,0.0840126,0.0789474
sample_count 75 Sample index 41
 i 0:0.674757 i 1:0.445654 i 2:0.627218 i 3:0.536988 bias 1
 test_print 3.28462
net matrix:
 -1.51246 -0.0520605 -0.586897
outputs matrix:
 0.0463128 0.473993 0.23617
error matrix:
 -0.0463128 0.526007 -0.23617
delta matrix:
 -0.00409108 0.262292 -0.0852071
weights_delta matrix:
 -0.000276049 0.0176983 -0.00574941
 -0.000182321 0.0116891 -0.00379729
 -0.0002566 0.0164514 -0.00534434
 -0.000219686 0.0140848 -0.00457552
 -0.000409108 0.0262292 -0.00852071
weights matrix:
 -0.99913 0.155459 -0.00981508
 1.83719 -2.18281 -0.546324
 -2.3718 0.95278 1.9601
 -1.98877 -0.837476 2.6629
 0.89759 0.729197 -3.01606
regression_error on 'test' 0.0862562
classification_error on 'test' 0.105263
Save,3513,0.0862562,0.105263
sample_count 75 Sample index 22
 i 0:0.305227 i 1:0.233915 i 2:0.430645 i 3:0.427485 bias 1
 test_print 2.39727
net matrix:
 -0.849202 0.318356 -1.16439
outputs matrix:
 0.154674 0.65401 0.0887669
error matrix:
 -0.154674 0.34599 -0.0887669
delta matrix:
 -0.0404472 0.156582 -0.0143602
weights_delta matrix:
 -0.00123456 0.0047793 -0.000438313
 -0.000946121 0.00366268 -0.000335908
 -0.00174184 0.00674312 -0.000618417
 -0.00172906 0.00669364 -0.000613879
 -0.00404472 0.0156582 -0.00143602
weights matrix:
 -1.00036 0.160238 -0.0102534
 1.83625 -2.17915 -0.54666
 -2.37355 0.959523 1.95948
 -1.9905 -0.830783 2.66229
 0.893545 0.744855 -3.0175
regression_error on 'test' 0.0872952
classification_error on 'test' 0.0789474
Save,3514,0.0872952,0.0789474
sample_count 75 Sample index 8
 i 0:0.489992 i 1:0.375074 i 2:0.702823 i 3:0.755994 bias 1
 test_print 3.32388
net matrix:
 -2.08089 0.0523372 0.162284
outputs matrix:
 0.0153408 0.526145 0.580437
error matrix:
 -0.0153408 -0.526145 0.419563
delta matrix:
 -0.000463462 -0.262353 0.204352
weights_delta matrix:
 -2.27093e-05 -0.0128551 0.0100131
 -1.73833e-05 -0.00984018 0.00766472
 -3.25732e-05 -0.0184388 0.0143623
 -3.50374e-05 -0.0198337 0.0154489
 -4.63462e-05 -0.0262353 0.0204352
weights matrix:
 -1.00039 0.147383 -0.000240305
 1.83623 -2.18899 -0.538995
 -2.37358 0.941084 1.97385
 -1.99054 -0.850616 2.67774
 0.893499 0.718619 -2.99706
regression_error on 'test' 0.0841145
classification_error on 'test' 0.0789474
Save,3515,0.0841145,0.0789474
sample_count 75 Sample index 31
 i 0:0.559279 i 1:0.339785 i 2:0.778427 i 3:0.573489 bias 1
 test_print 3.25098
net matrix:
 -2.03128 0.302009 -0.108192
outputs matrix:
 0.0169138 0.646575 0.446114
error matrix:
 -0.0169138 -0.646575 0.553886
delta matrix:
 -0.000562476 -0.295505 0.273726
weights_delta matrix:
 -3.14581e-05 -0.016527 0.0153089
 -1.91121e-05 -0.0100408 0.00930081
 -4.37847e-05 -0.0230029 0.0213076
 -3.22574e-05 -0.0169469 0.0156979
 -5.62476e-05 -0.0295505 0.0273726
weights matrix:
 -1.00042 0.130856 0.0150686
 1.83621 -2.19903 -0.529694
 -2.37362 0.918081 1.99515
 -1.99057 -0.867563 2.69344
 0.893443 0.689069 -2.96969
regression_error on 'test' 0.081326
classification_error on 'test' 0.0789474
Save,3516,0.081326,0.0789474
sample_count 75 Sample index 16
 i 0:0.60547 i 1:0.304495 i 2:0.687702 i 3:0.755994 bias 1
 test_print 3.35366
net matrix:
 -2.29037 0.0741992 0.286436
outputs matrix:
 0.0101434 0.537032 0.639426
error matrix:
 -0.0101434 -0.537032 0.360574
delta matrix:
 -0.00020369 -0.267043 0.166268
weights_delta matrix:
 -1.23328e-05 -0.0161686 0.0100671
 -6.20225e-06 -0.00813132 0.00506279
 -1.40078e-05 -0.0183646 0.0114343
 -1.53988e-05 -0.0201883 0.0125698
 -2.0369e-05 -0.0267043 0.0166268
weights matrix:
 -1.00043 0.114687 0.0251357
 1.8362 -2.20716 -0.524631
 -2.37364 0.899717 2.00659
 -1.99059 -0.887752 2.70601
 0.893422 0.662365 -2.95306
regression_error on 'test' 0.0797772
classification_error on 'test' 0.0789474
Save,3517,0.0797772,0.0789474
sample_count 75 Sample index 14
 i 0:0.697853 i 1:0.516233 i 2:0.778427 i 3:0.938499 bias 1
 test_print 3.93101
net matrix:
 -2.57269 -0.529799 0.895211
outputs matrix:
 0.00579253 0.257386 0.856979
error matrix:
 -0.00579253 -0.257386 0.143021
delta matrix:
 -6.67181e-05 -0.098393 0.035059
weights_delta matrix:
 -4.65594e-06 -0.00686638 0.00244661
 -3.44421e-06 -0.00507937 0.00180986
 -5.19352e-06 -0.00765918 0.00272909
 -6.26149e-06 -0.00923417 0.00329029
 -6.67181e-06 -0.0098393 0.0035059
weights matrix:
 -1.00044 0.107821 0.0275823
 1.8362 -2.21224 -0.522822
 -2.37364 0.892057 2.00932
 -1.99059 -0.896986 2.7093
 0.893416 0.652525 -2.94956
regression_error on 'test' 0.0793717
classification_error on 'test' 0.0789474
Save,3518,0.0793717,0.0789474
sample_count 75 Sample index 45
 i 0:0.697853 i 1:0.586813 i 2:0.793548 i 3:0.975 bias 1
 test_print 4.05321
net matrix:
 -2.55166 -0.737072 0.998945
outputs matrix:
 0.00603982 0.186314 0.880575
error matrix:
 -0.00603982 -0.186314 0.119425
delta matrix:
 -7.25182e-05 -0.0564906 0.025118
weights_delta matrix:
 -5.06071e-06 -0.00394221 0.00175287
 -4.25546e-06 -0.00331494 0.00147396
 -5.75467e-06 -0.0044828 0.00199323
 -7.07053e-06 -0.00550783 0.002449
 -7.25182e-06 -0.00564906 0.0025118
weights matrix:
 -1.00044 0.103879 0.0293352
 1.8362 -2.21555 -0.521348
 -2.37365 0.887575 2.01131
 -1.9906 -0.902494 2.71175
 0.893408 0.646876 -2.94705
regression_error on 'test' 0.0791623
classification_error on 'test' 0.105263
Save,3519,0.0791623,0.105263
sample_count 75 Sample index 32
 i 0:0.697853 i 1:0.516233 i 2:0.642339 i 3:0.60999 bias 1
 test_print 3.46642
net matrix:
 -1.59578 -0.404761 -0.249631
outputs matrix:
 0.0394846 0.307992 0.377714
error matrix:
 -0.0394846 0.692008 -0.377714
delta matrix:
 -0.00299496 0.294979 -0.17756
weights_delta matrix:
 -0.000209004 0.0205852 -0.0123911
 -0.000154609 0.0152278 -0.00916626
 -0.000192378 0.0189477 -0.0114054
 -0.000182689 0.0179934 -0.010831
 -0.000299496 0.0294979 -0.017756
weights matrix:
 -1.00065 0.124464 0.016944
 1.83604 -2.20032 -0.530514
 -2.37384 0.906522 1.9999
 -1.99078 -0.8845 2.70091
 0.893109 0.676374 -2.9648
regression_error on 'test' 0.0804622
classification_error on 'test' 0.0789474
Save,3520,0.0804622,0.0789474
sample_count 75 Sample index 74
 i 0:0.443801 i 1:0.480944 i 2:0.551613 i 3:0.536988 bias 1
 test_print 3.01335
net matrix:
 -1.04641 -0.301538 -0.658898
outputs matrix:
 0.109796 0.35364 0.211185
error matrix:
 -0.109796 0.64636 -0.211185
delta matrix:
 -0.021463 0.295488 -0.070361
weights_delta matrix:
 -0.000952531 0.0131138 -0.00312263
 -0.00103225 0.0142113 -0.00338397
 -0.00118393 0.0162995 -0.0038812
 -0.00115254 0.0158674 -0.0037783
 -0.0021463 0.0295488 -0.0070361
weights matrix:
 -1.0016 0.137578 0.0138214
 1.83501 -2.18611 -0.533898
 -2.37502 0.922822 1.99602
 -1.99193 -0.868633 2.69714
 0.890962 0.705923 -2.97184
regression_error on 'test' 0.0819107
classification_error on 'test' 0.0789474
Save,3521,0.0819107,0.0789474
sample_count 75 Sample index 66
 i 0:0.60547 i 1:0.304495 i 2:0.672581 i 3:0.60999 bias 1
 test_print 3.19254
net matrix:
 -1.96918 0.214377 -0.138326
outputs matrix:
 0.0191078 0.605576 0.431275
error matrix:
 -0.0191078 0.394424 -0.431275
delta matrix:
 -0.000716264 0.188419 -0.211563
weights_delta matrix:
 -4.33676e-05 0.0114082 -0.0128095
 -2.18099e-05 0.00573727 -0.006442
 -4.81746e-05 0.0126727 -0.0142294
 -4.36914e-05 0.0114934 -0.0129052
 -7.16264e-05 0.0188419 -0.0211563
weights matrix:
 -1.00165 0.148986 0.00101188
 1.83499 -2.18038 -0.54034
 -2.37507 0.935495 1.98179
 -1.99198 -0.857139 2.68423
 0.890891 0.724765 -2.99299
regression_error on 'test' 0.0838658
classification_error on 'test' 0.0789474
Save,3522,0.0838658,0.0789474
sample_count 75 Sample index 14
 i 0:0.697853 i 1:0.516233 i 2:0.778427 i 3:0.938499 bias 1
 test_print 3.93101
net matrix:
 -2.57912 -0.373057 0.7906
outputs matrix:
 0.00571893 0.321669 0.829374
error matrix:
 -0.00571893 -0.321669 0.170626
delta matrix:
 -6.50382e-05 -0.140375 0.0482913
weights_delta matrix:
 -4.53871e-06 -0.0097961 0.00337002
 -3.35749e-06 -0.00724661 0.00249296
 -5.06275e-06 -0.0109272 0.00375913
 -6.10383e-06 -0.0131742 0.00453214
 -6.50382e-06 -0.0140375 0.00482913
weights matrix:
 -1.00165 0.13919 0.00438191
 1.83498 -2.18762 -0.537847
 -2.37508 0.924567 1.98555
 -1.99198 -0.870314 2.68876
 0.890884 0.710728 -2.98817
regression_error on 'test' 0.0825879
classification_error on 'test' 0.0789474
Save,3523,0.0825879,0.0789474
sample_count 75 Sample index 20
 i 0:0.489992 i 1:0.375074 i 2:0.521371 i 3:0.500487 bias 1
 test_print 2.88692
net matrix:
 -1.14692 0.00487106 -0.80685
outputs matrix:
 0.0916344 0.502436 0.166076
error matrix:
 -0.0916344 0.497564 -0.166076
delta matrix:
 -0.0152548 0.248776 -0.0460011
weights_delta matrix:
 -0.000747475 0.0121898 -0.00225402
 -0.00057217 0.00933095 -0.00172538
 -0.000795344 0.0129705 -0.00239836
 -0.000763485 0.0124509 -0.00230229
 -0.00152548 0.0248776 -0.00460011
weights matrix:
 -1.0024 0.15138 0.00212789
 1.83441 -2.17829 -0.539572
 -2.37587 0.937538 1.98315
 -1.99275 -0.857863 2.68646
 0.889359 0.735605 -2.99277
regression_error on 'test' 0.084182
classification_error on 'test' 0.0789474
Save,3524,0.084182,0.0789474
sample_count 75 Sample index 37
 i 0:0.720948 i 1:0.551523 i 2:0.82379 i 3:0.901998 bias 1
 test_print 3.99826
net matrix:
 -2.57627 -0.358092 0.768067
outputs matrix:
 0.0057514 0.328234 0.822902
error matrix:
 -0.0057514 -0.328234 0.177098
delta matrix:
 -6.57767e-05 -0.144749 0.0516185
weights_delta matrix:
 -4.74216e-06 -0.0104356 0.00372143
 -3.62774e-06 -0.00798323 0.00284688
 -5.41862e-06 -0.0119243 0.00425228
 -5.93305e-06 -0.0130563 0.00465598
 -6.57767e-06 -0.0144749 0.00516185
weights matrix:
 -1.0024 0.140944 0.00584932
 1.83441 -2.18627 -0.536725
 -2.37588 0.925614 1.98741
 -1.99275 -0.870919 2.69112
 0.889352 0.72113 -2.9876
regression_error on 'test' 0.0827813
classification_error on 'test' 0.0789474
Save,3525,0.0827813,0.0789474
sample_count 75 Sample index 11
 i 0:0.536183 i 1:0.198626 i 2:0.536492 i 3:0.427485 bias 1
 test_print 2.69879
net matrix:
 -1.41027 0.486731 -0.874435
outputs matrix:
 0.0562243 0.725809 0.14819
error matrix:
 -0.0562243 0.274191 -0.14819
delta matrix:
 -0.00596688 0.109134 -0.0374119
weights_delta matrix:
 -0.000319934 0.00585157 -0.00200596
 -0.000118518 0.00216768 -0.000743097
 -0.000320118 0.00585494 -0.00200712
 -0.000255075 0.00466531 -0.0015993
 -0.000596688 0.0109134 -0.00374119
weights matrix:
 -1.00272 0.146796 0.00384336
 1.83429 -2.18411 -0.537469
 -2.3762 0.931469 1.9854
 -1.99301 -0.866254 2.68952
 0.888756 0.732044 -2.99134
regression_error on 'test' 0.0835017
classification_error on 'test' 0.0789474
Save,3526,0.0835017,0.0789474
sample_count 75 Sample index 1
 i 0:0.582374 i 1:0.445654 i 2:0.581855 i 3:0.536988 bias 1
 test_print 3.14687
net matrix:
 -1.33057 -0.0790107 -0.629178
outputs matrix:
 0.0653057 0.460577 0.221257
error matrix:
 -0.0653057 0.539423 -0.221257
delta matrix:
 -0.00797264 0.268035 -0.0762462
weights_delta matrix:
 -0.000464306 0.0156097 -0.00444038
 -0.000355304 0.0119451 -0.00339794
 -0.000463892 0.0155957 -0.00443642
 -0.000428121 0.0143932 -0.00409433
 -0.000797264 0.0268035 -0.00762462
weights matrix:
 -1.00319 0.162405 -0.000597019
 1.83393 -2.17216 -0.540866
 -2.37666 0.947064 1.98096
 -1.99344 -0.851861 2.68542
 0.887958 0.758847 -2.99897
regression_error on 'test' 0.0857516
classification_error on 'test' 0.105263
Save,3527,0.0857516,0.105263
sample_count 75 Sample index 60
 i 0:0.559279 i 1:0.410364 i 2:0.536492 i 3:0.536988 bias 1
 test_print 3.04312
net matrix:
 -1.26603 0.00895343 -0.716445
outputs matrix:
 0.0736404 0.504477 0.192649
error matrix:
 -0.0736404 0.495523 -0.192649
delta matrix:
 -0.0100471 0.247742 -0.0599274
weights_delta matrix:
 -0.000561915 0.0138557 -0.00335161
 -0.000412298 0.0101664 -0.00245921
 -0.000539021 0.0132912 -0.00321506
 -0.000539519 0.0133034 -0.00321803
 -0.00100471 0.0247742 -0.00599274
weights matrix:
 -1.00375 0.176261 -0.00394863
 1.83352 -2.162 -0.543326
 -2.3772 0.960355 1.97775
 -1.99398 -0.838557 2.6822
 0.886954 0.783621 -3.00496
regression_error on 'test' 0.0881454
classification_error on 'test' 0.0789474
Save,3528,0.0881454,0.0789474
sample_count 75 Sample index 32
 i 0:0.697853 i 1:0.516233 i 2:0.642339 i 3:0.60999 bias 1
 test_print 3.46642
net matrix:
 -1.61027 -0.104106 -0.381697
outputs matrix:
 0.0384004 0.448134 0.31791
error matrix:
 -0.0384004 0.551866 -0.31791
delta matrix:
 -0.00283593 0.272964 -0.137873
weights_delta matrix:
 -0.000197906 0.0190489 -0.00962151
 -0.0001464 0.0140913 -0.00711746
 -0.000182163 0.0175335 -0.00885612
 -0.000172989 0.0166505 -0.00841012
 -0.000283593 0.0272964 -0.0137873
weights matrix:
 -1.00395 0.19531 -0.0135701
 1.83338 -2.1479 -0.550443
 -2.37738 0.977889 1.96889
 -1.99415 -0.821907 2.67379
 0.88667 0.810918 -3.01875
regression_error on 'test' 0.0920383
classification_error on 'test' 0.0526316
Save,3529,0.0920383,0.0526316
sample_count 75 Sample index 16
 i 0:0.60547 i 1:0.304495 i 2:0.687702 i 3:0.755994 bias 1
 test_print 3.35366
net matrix:
 -2.30543 0.326286 0.180811
outputs matrix:
 0.00984533 0.65759 0.589433
error matrix:
 -0.00984533 -0.65759 0.410567
delta matrix:
 -0.000191953 -0.296133 0.198716
weights_delta matrix:
 -1.16222e-05 -0.01793 0.0120317
 -5.84486e-06 -0.0090171 0.0060508
 -1.32006e-05 -0.0203651 0.0136657
 -1.45115e-05 -0.0223875 0.0150228
 -1.91953e-05 -0.0296133 0.0198716
weights matrix:
 -1.00396 0.17738 -0.00153849
 1.83337 -2.15692 -0.544392
 -2.3774 0.957524 1.98256
 -1.99416 -0.844294 2.68882
 0.886651 0.781304 -2.99888
regression_error on 'test' 0.0876188
classification_error on 'test' 0.105263
Save,3530,0.0876188,0.105263
sample_count 75 Sample index 6
 i 0:0.305227 i 1:0.657392 i 2:0.128226 i 3:0.171977 bias 1
 test_print 2.26282
net matrix:
 1.13766 -0.604917 -2.6406
outputs matrix:
 0.906813 0.22973 0.00506062
error matrix:
 0.093187 -0.22973 -0.00506062
delta matrix:
 0.0157492 -0.0813036 -5.09606e-05
weights_delta matrix:
 0.000480708 -0.0024816 -1.55545e-06
 0.00103534 -0.00534483 -3.35011e-06
 0.000201946 -0.00104252 -6.53447e-07
 0.00027085 -0.00139823 -8.76405e-07
 0.00157492 -0.00813036 -5.09606e-06
weights matrix:
 -1.00348 0.174898 -0.00154005
 1.83441 -2.16227 -0.544396
 -2.37719 0.956481 1.98256
 -1.99389 -0.845692 2.68882
 0.888226 0.773174 -2.99888
regression_error on 'test' 0.0870674
classification_error on 'test' 0.105263
Save,3531,0.0870674,0.105263
sample_count 75 Sample index 51
 i 0:0.628566 i 1:0.516233 i 2:0.763306 i 3:0.719493 bias 1
 test_print 3.6276
net matrix:
 -2.04466 -0.111506 0.166997
outputs matrix:
 0.0164745 0.444477 0.582731
error matrix:
 -0.0164745 -0.444477 0.417269
delta matrix:
 -0.000533877 -0.219498 0.202923
weights_delta matrix:
 -3.35577e-05 -0.0137969 0.012755
 -2.75605e-05 -0.0113312 0.0104755
 -4.07511e-05 -0.0167544 0.0154892
 -3.84121e-05 -0.0157927 0.0146002
 -5.33877e-05 -0.0219498 0.0202923
weights matrix:
 -1.00351 0.161101 0.011215
 1.83438 -2.1736 -0.53392
 -2.37724 0.939727 1.99805
 -1.99393 -0.861485 2.70342
 0.888172 0.751224 -2.97859
regression_error on 'test' 0.0841202
classification_error on 'test' 0.0789474
Save,3532,0.0841202,0.0789474
sample_count 75 Sample index 2
 i 0:0.466896 i 1:0.480944 i 2:0.566734 i 3:0.500487 bias 1
 test_print 3.01506
net matrix:
 -1.04333 -0.117524 -0.744754
outputs matrix:
 0.110401 0.441507 0.183995
error matrix:
 -0.110401 0.558493 -0.183995
delta matrix:
 -0.0216855 0.275425 -0.0552506
weights_delta matrix:
 -0.00101249 0.0128595 -0.00257963
 -0.00104295 0.0132464 -0.00265724
 -0.00122899 0.0156093 -0.00313124
 -0.00108533 0.0137847 -0.00276522
 -0.00216855 0.0275425 -0.00552506
weights matrix:
 -1.00452 0.173961 0.00863536
 1.83333 -2.16035 -0.536577
 -2.37846 0.955336 1.99492
 -1.99502 -0.8477 2.70065
 0.886004 0.778767 -2.98412
regression_error on 'test' 0.0865009
classification_error on 'test' 0.105263
Save,3533,0.0865009,0.105263
sample_count 75 Sample index 32
 i 0:0.697853 i 1:0.516233 i 2:0.642339 i 3:0.60999 bias 1
 test_print 3.46642
net matrix:
 -1.6133 -0.118518 -0.326306
outputs matrix:
 0.038177 0.441017 0.342401
error matrix:
 -0.038177 0.558983 -0.342401
delta matrix:
 -0.00280368 0.275602 -0.154192
weights_delta matrix:
 -0.000195656 0.019233 -0.0107603
 -0.000144735 0.0142275 -0.00795989
 -0.000180091 0.017703 -0.00990434
 -0.000171022 0.0168115 -0.00940555
 -0.000280368 0.0275602 -0.0154192
weights matrix:
 -1.00472 0.193194 -0.00212496
 1.83319 -2.14612 -0.544537
 -2.37864 0.973039 1.98501
 -1.99519 -0.830889 2.69125
 0.885723 0.806327 -2.99953
regression_error on 'test' 0.0901833
classification_error on 'test' 0.0526316
Save,3534,0.0901833,0.0526316
sample_count 75 Sample index 12
 i 0:0.166653 i 1:0.480944 i 2:0.128226 i 3:0.135476 bias 1
 test_print 1.9113
net matrix:
 1.02464 -0.181439 -2.64265
outputs matrix:
 0.885875 0.410263 0.00503997
error matrix:
 0.114125 -0.410263 -0.00503997
delta matrix:
 0.0230761 -0.198524 -5.05465e-05
weights_delta matrix:
 0.00038457 -0.00330847 -8.42372e-07
 0.00110983 -0.0095479 -2.431e-06
 0.000295896 -0.0025456 -6.48137e-07
 0.000312626 -0.00268953 -6.84783e-07
 0.00230761 -0.0198524 -5.05465e-06
weights matrix:
 -1.00433 0.189885 -0.0021258
 1.8343 -2.15567 -0.54454
 -2.37835 0.970494 1.98501
 -1.99487 -0.833578 2.69125
 0.888031 0.786475 -2.99954
regression_error on 'test' 0.0888103
classification_error on 'test' 0.0789474
Save,3535,0.0888103,0.0789474
sample_count 75 Sample index 24
 i 0:0.466896 i 1:0.445654 i 2:0.566734 i 3:0.536988 bias 1
 test_print 3.01627
net matrix:
 -1.18254 0.0168377 -0.67307
outputs matrix:
 0.0858745 0.508418 0.206502
error matrix:
 -0.0858745 0.491582 -0.206502
delta matrix:
 -0.0134823 0.245721 -0.0676746
weights_delta matrix:
 -0.000629483 0.0114726 -0.0031597
 -0.000600844 0.0109507 -0.00301594
 -0.000764088 0.0139259 -0.00383535
 -0.000723984 0.0131949 -0.00363404
 -0.00134823 0.0245721 -0.00676746
weights matrix:
 -1.00496 0.201358 -0.0052855
 1.8337 -2.14472 -0.547556
 -2.37911 0.984419 1.98117
 -1.9956 -0.820384 2.68761
 0.886683 0.811047 -3.00631
regression_error on 'test' 0.0917109
classification_error on 'test' 0.0526316
Save,3536,0.0917109,0.0526316
sample_count 75 Sample index 18
 i 0:0.513088 i 1:0.480944 i 2:0.566734 i 3:0.60999 bias 1
 test_print 3.17076
net matrix:
 -1.31267 -0.0596514 -0.510148
outputs matrix:
 0.0675259 0.47021 0.26497
error matrix:
 -0.0675259 0.52979 -0.26497
delta matrix:
 -0.00850369 0.263955 -0.103211
weights_delta matrix:
 -0.000436314 0.0135432 -0.00529566
 -0.00040898 0.0126948 -0.00496389
 -0.000481933 0.0149592 -0.00584935
 -0.000518717 0.016101 -0.0062958
 -0.000850369 0.0263955 -0.0103211
weights matrix:
 -1.0054 0.214901 -0.0105812
 1.83329 -2.13203 -0.55252
 -2.37959 0.999379 1.97533
 -1.99612 -0.804283 2.68132
 0.885832 0.837442 -3.01663
regression_error on 'test' 0.0955662
classification_error on 'test' 0.105263
Save,3537,0.0955662,0.105263
sample_count 75 Sample index 49
 i 0:0.397609 i 1:0.480944 i 2:0.612097 i 3:0.60999 bias 1
 test_print 3.10064
net matrix:
 -1.30637 0.018616 -0.4419
outputs matrix:
 0.0683232 0.509307 0.292391
error matrix:
 -0.0683232 0.490693 -0.292391
delta matrix:
 -0.00869824 0.245262 -0.12099
weights_delta matrix:
 -0.00034585 0.00975182 -0.00481069
 -0.000418337 0.0117957 -0.00581896
 -0.000532417 0.0150124 -0.00740579
 -0.000530584 0.0149607 -0.00738029
 -0.000869824 0.0245262 -0.012099
weights matrix:
 -1.00575 0.224653 -0.0153918
 1.83287 -2.12023 -0.558339
 -2.38013 1.01439 1.96792
 -1.99665 -0.789322 2.67394
 0.884963 0.861968 -3.02873
regression_error on 'test' 0.0996593
classification_error on 'test' 0.157895
Save,3538,0.0996593,0.157895
sample_count 75 Sample index 45
 i 0:0.697853 i 1:0.586813 i 2:0.793548 i 3:0.975 bias 1
 test_print 4.05321
net matrix:
 -2.57682 -0.190057 0.801616
outputs matrix:
 0.00574509 0.4061 0.83247
error matrix:
 -0.00574509 -0.4061 0.16753
delta matrix:
 -6.56328e-05 -0.195888 0.0467289
weights_delta matrix:
 -4.5802e-06 -0.0136701 0.00326099
 -3.85142e-06 -0.011495 0.00274211
 -5.20828e-06 -0.0155447 0.00370816
 -6.39919e-06 -0.0190991 0.00455606
 -6.56328e-06 -0.0195888 0.00467289
weights matrix:
 -1.00575 0.210983 -0.0121309
 1.83287 -2.13173 -0.555596
 -2.38013 0.998846 1.97163
 -1.99665 -0.808421 2.67849
 0.884956 0.842379 -3.02405
regression_error on 'test' 0.0958778
classification_error on 'test' 0.131579
Save,3539,0.0958778,0.131579
sample_count 75 Sample index 66
 i 0:0.60547 i 1:0.304495 i 2:0.672581 i 3:0.60999 bias 1
 test_print 3.19254
net matrix:
 -1.98467 0.4997 -0.240644
outputs matrix:
 0.0185359 0.730941 0.381948
error matrix:
 -0.0185359 0.269059 -0.381948
delta matrix:
 -0.000674423 0.10583 -0.180328
weights_delta matrix:
 -4.08343e-05 0.00640769 -0.0109183
 -2.05358e-05 0.00322247 -0.00549091
 -4.53604e-05 0.00711792 -0.0121285
 -4.11391e-05 0.00645552 -0.0109998
 -6.74423e-05 0.010583 -0.0180328
weights matrix:
 -1.00579 0.21739 -0.0230492
 1.83285 -2.1285 -0.561087
 -2.38018 1.00596 1.9595
 -1.9967 -0.801965 2.66749
 0.884889 0.852962 -3.04209
regression_error on 'test' 0.0985195
classification_error on 'test' 0.157895
Save,3540,0.0985195,0.157895
sample_count 75 Sample index 51
 i 0:0.628566 i 1:0.516233 i 2:0.763306 i 3:0.719493 bias 1
 test_print 3.6276
net matrix:
 -2.05455 0.0816533 0.0687117
outputs matrix:
 0.0161571 0.540736 0.534302
error matrix:
 -0.0161571 -0.540736 0.465698
delta matrix:
 -0.000513667 -0.268573 0.231753
weights_delta matrix:
 -3.22873e-05 -0.0168816 0.0145672
 -2.65172e-05 -0.0138646 0.0119639
 -3.92085e-05 -0.0205004 0.0176899
 -3.6958e-05 -0.0193237 0.0166745
 -5.13667e-05 -0.0268573 0.0231753
weights matrix:
 -1.00582 0.200509 -0.00848198
 1.83282 -2.14237 -0.549123
 -2.38022 0.985464 1.97719
 -1.99673 -0.821289 2.68417
 0.884837 0.826105 -3.01891
regression_error on 'test' 0.0929519
classification_error on 'test' 0.0526316
Save,3541,0.0929519,0.0526316
sample_count 75 Sample index 17
 i 0:0.443801 i 1:0.304495 i 2:0.521371 i 3:0.463986 bias 1
 test_print 2.73365
net matrix:
 -1.1709 0.395477 -0.913617
outputs matrix:
 0.0877205 0.688036 0.138568
error matrix:
 -0.0877205 0.311964 -0.138568
delta matrix:
 -0.0140398 0.133921 -0.0330809
weights_delta matrix:
 -0.000623086 0.00594345 -0.00146813
 -0.000427504 0.00407784 -0.0010073
 -0.000731992 0.00698228 -0.00172474
 -0.000651425 0.00621377 -0.00153491
 -0.00140398 0.0133921 -0.00330809
weights matrix:
 -1.00645 0.206452 -0.00995011
 1.83239 -2.13829 -0.550131
 -2.38095 0.992446 1.97546
 -1.99738 -0.815075 2.68263
 0.883433 0.839497 -3.02222
regression_error on 'test' 0.094616
classification_error on 'test' 0.105263
Save,3542,0.094616,0.105263
sample_count 75 Sample index 3
 i 0:0.744044 i 1:0.516233 i 2:0.672581 i 3:0.60999 bias 1
 test_print 3.54285
net matrix:
 -1.73923 0.0595638 -0.348581
outputs matrix:
 0.0299313 0.529747 0.332442
error matrix:
 -0.0299313 0.470253 -0.332442
delta matrix:
 -0.00173814 0.234294 -0.147554
weights_delta matrix:
 -0.000129325 0.0174325 -0.0109786
 -8.97283e-05 0.0120951 -0.00761721
 -0.000116904 0.0157582 -0.00992418
 -0.000106025 0.0142917 -0.00900063
 -0.000173814 0.0234294 -0.0147554
weights matrix:
 -1.00658 0.223885 -0.0209288
 1.8323 -2.12619 -0.557748
 -2.38107 1.0082 1.96554
 -1.99749 -0.800784 2.67363
 0.883259 0.862927 -3.03698
regression_error on 'test' 0.0991118
classification_error on 'test' 0.157895
Save,3543,0.0991118,0.157895
sample_count 75 Sample index 18
 i 0:0.513088 i 1:0.480944 i 2:0.566734 i 3:0.60999 bias 1
 test_print 3.17076
net matrix:
 -1.31985 0.0381325 -0.571133
outputs matrix:
 0.066627 0.519057 0.241904
error matrix:
 -0.066627 0.480943 -0.241904
delta matrix:
 -0.00828679 0.240122 -0.0887241
weights_delta matrix:
 -0.000425185 0.0123204 -0.00455233
 -0.000398548 0.0115485 -0.00426713
 -0.00046964 0.0136085 -0.0050283
 -0.000505486 0.0146472 -0.00541208
 -0.000828679 0.0240122 -0.00887241
weights matrix:
 -1.007 0.236205 -0.0254811
 1.83191 -2.11465 -0.562015
 -2.38154 1.02181 1.96051
 -1.998 -0.786136 2.66822
 0.882431 0.886939 -3.04585
regression_error on 'test' 0.103355
classification_error on 'test' 0.157895
Save,3544,0.103355,0.157895
sample_count 75 Sample index 39
 i 0:0.397609 i 1:0.622103 i 2:0.18871 i 3:0.135476 bias 1
 test_print 2.3439
net matrix:
 0.901572 -0.248348 -2.67416
outputs matrix:
 0.858531 0.378318 0.00473359
error matrix:
 0.141469 -0.378318 -0.00473359
delta matrix:
 0.0343643 -0.177956 -4.46017e-05
weights_delta matrix:
 0.00136636 -0.00707567 -1.7734e-06
 0.00213781 -0.0110707 -2.77468e-06
 0.000648489 -0.0033582 -8.41678e-07
 0.000465554 -0.00241087 -6.04245e-07
 0.00343643 -0.0177956 -4.46017e-06
weights matrix:
 -1.00564 0.22913 -0.0254829
 1.83404 -2.12572 -0.562018
 -2.38089 1.01845 1.96051
 -1.99753 -0.788547 2.66822
 0.885867 0.869143 -3.04585
regression_error on 'test' 0.10124
classification_error on 'test' 0.157895
Save,3545,0.10124,0.157895
sample_count 75 Sample index 63
 i 0:0.420705 i 1:0.904421 i 2:0.143347 i 3:0.135476 bias 1
 test_print 2.60395
net matrix:
 1.50963 -0.91784 -2.92236
outputs matrix:
 0.953437 0.137563 0.00288678
error matrix:
 0.0465635 -0.137563 -0.00288678
delta matrix:
 0.0041344 -0.0326408 -1.66189e-05
weights_delta matrix:
 0.000173936 -0.00137321 -6.99165e-07
 0.000373924 -0.0029521 -1.50305e-06
 5.92654e-05 -0.000467895 -2.38227e-07
 5.60112e-05 -0.000442204 -2.25146e-07
 0.00041344 -0.00326408 -1.66189e-06
weights matrix:
 -1.00546 0.227756 -0.0254836
 1.83442 -2.12867 -0.562019
 -2.38083 1.01799 1.96051
 -1.99747 -0.788989 2.66822
 0.886281 0.865879 -3.04585
regression_error on 'test' 0.100839
classification_error on 'test' 0.157895
Save,3546,0.100839,0.157895
sample_count 75 Sample index 26
 i 0:0.489992 i 1:0.339785 i 2:0.536492 i 3:0.500487 bias 1
 test_print 2.86676
net matrix:
 -1.26008 0.405451 -0.8621
outputs matrix:
 0.0744563 0.692302 0.151331
error matrix:
 -0.0744563 0.307698 -0.151331
delta matrix:
 -0.0102619 0.131092 -0.0388708
weights_delta matrix:
 -0.000502827 0.00642339 -0.00190464
 -0.000348685 0.0044543 -0.00132077
 -0.000550545 0.00703297 -0.00208539
 -0.000513597 0.00656097 -0.00194543
 -0.00102619 0.0131092 -0.00388708
weights matrix:
 -1.00596 0.23418 -0.0273882
 1.83407 -2.12421 -0.56334
 -2.38138 1.02502 1.95843
 -1.99799 -0.782428 2.66627
 0.885254 0.878988 -3.04974
regression_error on 'test' 0.10294
classification_error on 'test' 0.157895
Save,3547,0.10294,0.157895
sample_count 75 Sample index 32
 i 0:0.697853 i 1:0.516233 i 2:0.642339 i 3:0.60999 bias 1
 test_print 3.46642
net matrix:
 -1.61836 0.126958 -0.475297
outputs matrix:
 0.0378071 0.56314 0.278766
error matrix:
 -0.0378071 0.43686 -0.278766
delta matrix:
 -0.00275068 0.214947 -0.112095
weights_delta matrix:
 -0.000191957 0.0150001 -0.00782255
 -0.000141999 0.0110963 -0.00578669
 -0.000176687 0.0138069 -0.00720027
 -0.000167789 0.0131115 -0.00683766
 -0.000275068 0.0214947 -0.0112095
weights matrix:
 -1.00616 0.24918 -0.0352107
 1.83393 -2.11312 -0.569127
 -2.38156 1.03883 1.95123
 -1.99816 -0.769317 2.65943
 0.884979 0.900483 -3.06095
regression_error on 'test' 0.107588
classification_error on 'test' 0.157895
Save,3548,0.107588,0.157895
sample_count 75 Sample index 2
 i 0:0.466896 i 1:0.480944 i 2:0.566734 i 3:0.500487 bias 1
 test_print 3.01506
net matrix:
 -1.05253 0.204238 -0.914271
outputs matrix:
 0.108605 0.600722 0.138412
error matrix:
 -0.108605 0.399278 -0.138412
delta matrix:
 -0.0210282 0.191538 -0.0330125
weights_delta matrix:
 -0.000981797 0.00894281 -0.00154134
 -0.00101134 0.00921188 -0.00158771
 -0.00119174 0.0108551 -0.00187093
 -0.00105243 0.0095862 -0.00165223
 -0.00210282 0.0191538 -0.00330125
weights matrix:
 -1.00714 0.258123 -0.0367521
 1.83291 -2.10391 -0.570715
 -2.38275 1.04968 1.94935
 -1.99921 -0.759731 2.65778
 0.882877 0.919637 -3.06425
regression_error on 'test' 0.111004
classification_error on 'test' 0.184211
Save,3549,0.111004,0.184211
sample_count 75 Sample index 71
 i 0:0.143558 i 1:0.480944 i 2:0.0979839 i 3:0.0989754 bias 1
 test_print 1.82146
net matrix:
 1.18848 -0.0275115 -2.88995
outputs matrix:
 0.915053 0.486248 0.00307952
error matrix:
 0.0849465 -0.486248 -0.00307952
delta matrix:
 0.0132059 -0.24294 -1.89084e-05
weights_delta matrix:
 0.000189581 -0.0034876 -2.71446e-07
 0.00063513 -0.0116841 -9.0939e-07
 0.000129397 -0.00238042 -1.85272e-07
 0.000130706 -0.00240451 -1.87147e-07
 0.00132059 -0.024294 -1.89084e-06
weights matrix:
 -1.00695 0.254635 -0.0367524
 1.83355 -2.11559 -0.570715
 -2.38262 1.0473 1.94935
 -1.99908 -0.762135 2.65778
 0.884197 0.895343 -3.06425
regression_error on 'test' 0.108325
classification_error on 'test' 0.157895
Save,3550,0.108325,0.157895
sample_count 75 Sample index 65
 i 0:0.928809 i 1:0.410364 i 2:0.944758 i 3:0.792495 bias 1
 test_print 4.07643
net matrix:
 -3.1339 0.649146 0.615356
outputs matrix:
 0.00189281 0.785547 0.773943
error matrix:
 -0.00189281 -0.785547 0.226057
delta matrix:
 -7.15193e-06 -0.264671 0.0790996
weights_delta matrix:
 -6.64278e-07 -0.0245829 0.00734685
 -2.9349e-07 -0.0108611 0.00324596
 -6.75684e-07 -0.025005 0.007473
 -5.66787e-07 -0.020975 0.00626861
 -7.15193e-07 -0.0264671 0.00790996
weights matrix:
 -1.00695 0.230052 -0.0294055
 1.83355 -2.12645 -0.567469
 -2.38262 1.0223 1.95683
 -1.99908 -0.78311 2.66405
 0.884196 0.868876 -3.05634
regression_error on 'test' 0.102257
classification_error on 'test' 0.157895
Save,3551,0.102257,0.157895
sample_count 75 Sample index 1
 i 0:0.582374 i 1:0.445654 i 2:0.581855 i 3:0.536988 bias 1
 test_print 3.14687
net matrix:
 -1.34491 0.229498 -0.757211
outputs matrix:
 0.0635762 0.612776 0.180284
error matrix:
 -0.0635762 0.387224 -0.180284
delta matrix:
 -0.00756992 0.183762 -0.0532855
weights_delta matrix:
 -0.000440853 0.0107018 -0.00310321
 -0.000337357 0.00818944 -0.00237469
 -0.00044046 0.0106923 -0.00310044
 -0.000406496 0.00986781 -0.00286137
 -0.000756992 0.0183762 -0.00532855
weights matrix:
 -1.00739 0.240754 -0.0325087
 1.83321 -2.11826 -0.569844
 -2.38306 1.03299 1.95373
 -1.99948 -0.773242 2.66119
 0.883439 0.887252 -3.06167
regression_error on 'test' 0.105524
classification_error on 'test' 0.157895
Save,3552,0.105524,0.157895
sample_count 75 Sample index 39
 i 0:0.397609 i 1:0.622103 i 2:0.18871 i 3:0.135476 bias 1
 test_print 2.3439
net matrix:
 0.90275 -0.24462 -2.69988
outputs matrix:
 0.858817 0.380073 0.0044973
error matrix:
 0.141183 -0.380073 -0.0044973
delta matrix:
 0.0342369 -0.179104 -4.02696e-05
weights_delta matrix:
 0.00136129 -0.00712132 -1.60115e-06
 0.00212989 -0.0111421 -2.50518e-06
 0.000646085 -0.00337986 -7.59927e-07
 0.000463828 -0.00242642 -5.45556e-07
 0.00342369 -0.0179104 -4.02696e-06
weights matrix:
 -1.00603 0.233633 -0.0325103
 1.83534 -2.1294 -0.569847
 -2.38241 1.02961 1.95373
 -1.99902 -0.775669 2.66119
 0.886863 0.869342 -3.06168
regression_error on 'test' 0.103352
classification_error on 'test' 0.157895
Save,3553,0.103352,0.157895
sample_count 75 Sample index 56
 i 0:0.328323 i 1:0.727972 i 2:0.158468 i 3:0.208478 bias 1
 test_print 2.42324
net matrix:
 1.09835 -0.602648 -2.62278
outputs matrix:
 0.899953 0.230534 0.00524323
error matrix:
 0.100047 -0.230534 -0.00524323
delta matrix:
 0.018016 -0.0817882 -5.46946e-05
weights_delta matrix:
 0.000591507 -0.0026853 -1.79575e-06
 0.00131152 -0.00595395 -3.98161e-06
 0.000285496 -0.00129608 -8.66734e-07
 0.000375594 -0.0017051 -1.14026e-06
 0.0018016 -0.00817882 -5.46946e-06
weights matrix:
 -1.00544 0.230947 -0.0325121
 1.83665 -2.13536 -0.569851
 -2.38213 1.02831 1.95372
 -1.99864 -0.777374 2.66119
 0.888665 0.861163 -3.06168
regression_error on 'test' 0.102375
classification_error on 'test' 0.157895
Save,3554,0.102375,0.157895
sample_count 75 Sample index 73
 i 0:0.582374 i 1:0.410364 i 2:0.65746 i 3:0.719493 bias 1
 test_print 3.36969
net matrix:
 -1.94734 0.236146 -0.115261
outputs matrix:
 0.0199439 0.615926 0.442624
error matrix:
 -0.0199439 -0.615926 0.557376
delta matrix:
 -0.000779653 -0.291408 0.275018
weights_delta matrix:
 -4.5405e-05 -0.0169709 0.0160164
 -3.19942e-05 -0.0119583 0.0112858
 -5.12591e-05 -0.0191589 0.0180814
 -5.60955e-05 -0.0209666 0.0197874
 -7.79653e-05 -0.0291408 0.0275018
weights matrix:
 -1.00548 0.213977 -0.0164958
 1.83662 -2.14732 -0.558565
 -2.38218 1.00915 1.97181
 -1.9987 -0.798341 2.68097
 0.888587 0.832022 -3.03418
regression_error on 'test' 0.0959725
classification_error on 'test' 0.131579
Save,3555,0.0959725,0.131579
sample_count 75 Sample index 54
 i 0:0.305227 i 1:0.622103 i 2:0.158468 i 3:0.135476 bias 1
 test_print 2.22127
net matrix:
 1.07598 -0.386756 -2.71102
outputs matrix:
 0.895852 0.31572 0.00439866
error matrix:
 0.104148 -0.31572 -0.00439866
delta matrix:
 0.0194344 -0.136417 -3.85261e-05
weights_delta matrix:
 0.00059319 -0.00416381 -1.17592e-06
 0.00120902 -0.00848653 -2.39672e-06
 0.000307973 -0.00216177 -6.10516e-07
 0.000263289 -0.00184812 -5.21937e-07
 0.00194344 -0.0136417 -3.85261e-06
weights matrix:
 -1.00489 0.209813 -0.0164969
 1.83783 -2.1558 -0.558567
 -2.38187 1.00699 1.97181
 -1.99844 -0.800189 2.68097
 0.89053 0.81838 -3.03418
regression_error on 'test' 0.094691
classification_error on 'test' 0.105263
Save,3556,0.094691,0.105263
sample_count 75 Sample index 67
 i 0:0.443801 i 1:0.375074 i 2:0.566734 i 3:0.536988 bias 1
 test_print 2.9226
net matrix:
 -1.28914 0.243915 -0.693869
outputs matrix:
 0.0705492 0.619595 0.199769
error matrix:
 -0.0705492 0.380405 -0.199769
delta matrix:
 -0.0092521 0.179321 -0.0638708
weights_delta matrix:
 -0.000410609 0.00795827 -0.00283459
 -0.000347022 0.00672585 -0.00239563
 -0.000524348 0.0101627 -0.00361977
 -0.000496827 0.00962931 -0.00342978
 -0.00092521 0.0179321 -0.00638708
weights matrix:
 -1.0053 0.217771 -0.0193315
 1.83748 -2.14908 -0.560963
 -2.38239 1.01715 1.96819
 -1.99893 -0.790559 2.67754
 0.889605 0.836312 -3.04057
regression_error on 'test' 0.0972751
classification_error on 'test' 0.131579
Save,3557,0.0972751,0.131579
sample_count 75 Sample index 51
 i 0:0.628566 i 1:0.516233 i 2:0.763306 i 3:0.719493 bias 1
 test_print 3.6276
net matrix:
 -2.05044 0.0713695 0.086493
outputs matrix:
 0.0162885 0.535624 0.543139
error matrix:
 -0.0162885 -0.535624 0.456861
delta matrix:
 -0.000521985 -0.266453 0.22673
weights_delta matrix:
 -3.28102e-05 -0.0167483 0.0142515
 -2.69466e-05 -0.0137552 0.0117046
 -3.98434e-05 -0.0203385 0.0173064
 -3.75565e-05 -0.0191711 0.0163131
 -5.21985e-05 -0.0266453 0.022673
weights matrix:
 -1.00533 0.201023 -0.00508004
 1.83746 -2.16283 -0.549258
 -2.38243 0.996816 1.98549
 -1.99897 -0.809731 2.69386
 0.889553 0.809667 -3.0179
regression_error on 'test' 0.0920015
classification_error on 'test' 0.0526316
Save,3558,0.0920015,0.0526316
sample_count 75 Sample index 39
 i 0:0.397609 i 1:0.622103 i 2:0.18871 i 3:0.135476 bias 1
 test_print 2.3439
net matrix:
 0.912509 -0.377499 -2.62198
outputs matrix:
 0.861167 0.319733 0.00525161
error matrix:
 0.138833 -0.319733 -0.00525161
delta matrix:
 0.0331972 -0.139086 -5.48691e-05
weights_delta matrix:
 0.00131995 -0.0055302 -2.18164e-06
 0.00206521 -0.00865261 -3.41342e-06
 0.000626465 -0.0026247 -1.03543e-06
 0.000449743 -0.00188429 -7.43345e-07
 0.00331972 -0.0139086 -5.48691e-06
weights matrix:
 -1.00401 0.195493 -0.00508222
 1.83952 -2.17149 -0.549262
 -2.38181 0.994191 1.98549
 -1.99852 -0.811615 2.69386
 0.892873 0.795758 -3.0179
regression_error on 'test' 0.090792
classification_error on 'test' 0.0526316
Save,3559,0.090792,0.0526316
sample_count 75 Sample index 2
 i 0:0.466896 i 1:0.480944 i 2:0.566734 i 3:0.500487 bias 1
 test_print 3.01506
net matrix:
 -1.04128 -9.00911e-05 -0.810955
outputs matrix:
 0.110804 0.499955 0.164942
error matrix:
 -0.110804 0.500045 -0.164942
delta matrix:
 -0.0218344 0.250023 -0.0454368
weights_delta matrix:
 -0.00101944 0.0116735 -0.00212143
 -0.00105011 0.0120247 -0.00218526
 -0.00123743 0.0141696 -0.00257506
 -0.00109278 0.0125133 -0.00227405
 -0.00218344 0.0250023 -0.00454368
weights matrix:
 -1.00503 0.207166 -0.00720365
 1.83847 -2.15946 -0.551447
 -2.38305 1.00836 1.98292
 -1.99961 -0.799102 2.69158
 0.890689 0.820761 -3.02245
regression_error on 'test' 0.0938553
classification_error on 'test' 0.0789474
Save,3560,0.0938553,0.0789474
sample_count 75 Sample index 68
 i 0:0.305227 i 1:0.657392 i 2:0.173589 i 3:0.281481 bias 1
 test_print 2.41769
net matrix:
 0.815999 -0.58551 -2.28532
outputs matrix:
 0.836443 0.236671 0.0102453
error matrix:
 0.163557 -0.236671 -0.0102453
delta matrix:
 0.0447511 -0.0855127 -0.00020778
weights_delta matrix:
 0.00136593 -0.00261008 -6.34201e-06
 0.0029419 -0.00562154 -1.36593e-05
 0.00077683 -0.00148441 -3.60683e-06
 0.00125966 -0.00240702 -5.84861e-06
 0.00447511 -0.00855127 -2.0778e-05
weights matrix:
 -1.00367 0.204556 -0.00720999
 1.84141 -2.16508 -0.551461
 -2.38227 1.00688 1.98291
 -1.99836 -0.801509 2.69158
 0.895164 0.812209 -3.02247
regression_error on 'test' 0.0930175
classification_error on 'test' 0.0789474
Save,3561,0.0930175,0.0789474
sample_count 75 Sample index 22
 i 0:0.305227 i 1:0.233915 i 2:0.430645 i 3:0.427485 bias 1
 test_print 2.39727
net matrix:
 -0.860626 0.459174 -1.14912
outputs matrix:
 0.15171 0.714705 0.0912683
error matrix:
 -0.15171 0.285295 -0.0912683
delta matrix:
 -0.0390483 0.116344 -0.0151393
weights_delta matrix:
 -0.00119186 0.00355114 -0.000462092
 -0.000913398 0.00272146 -0.000354131
 -0.0016816 0.0050103 -0.000651966
 -0.00166926 0.00497354 -0.000647182
 -0.00390483 0.0116344 -0.00151393
weights matrix:
 -1.00486 0.208107 -0.00767208
 1.8405 -2.16236 -0.551815
 -2.38395 1.01189 1.98226
 -2.00002 -0.796535 2.69093
 0.891259 0.823844 -3.02398
regression_error on 'test' 0.094255
classification_error on 'test' 0.0789474
Save,3562,0.094255,0.0789474
sample_count 75 Sample index 53
 i 0:0.489992 i 1:0.410364 i 2:0.702823 i 3:0.938499 bias 1
 test_print 3.54168
net matrix:
 -2.39835 0.00208994 0.664427
outputs matrix:
 0.00818927 0.501045 0.790651
error matrix:
 -0.00818927 -0.501045 0.209349
delta matrix:
 -0.00013303 -0.250521 0.0693037
weights_delta matrix:
 -6.51835e-06 -0.0122753 0.00339582
 -5.45906e-06 -0.0102805 0.00284397
 -9.34964e-06 -0.0176072 0.00487082
 -1.24848e-05 -0.0235114 0.00650414
 -1.3303e-05 -0.0250521 0.00693037
weights matrix:
 -1.00486 0.195832 -0.00427626
 1.8405 -2.17264 -0.548971
 -2.38396 0.99428 1.98713
 -2.00004 -0.820046 2.69743
 0.891246 0.798792 -3.01705
regression_error on 'test' 0.0905216
classification_error on 'test' 0.0526316
Save,3563,0.0905216,0.0526316
sample_count 75 Sample index 47
 i 0:0.282131 i 1:0.516233 i 2:0.158468 i 3:0.0989754 bias 1
 test_print 2.05581
net matrix:
 0.982131 -0.19115 -2.71978
outputs matrix:
 0.876993 0.405572 0.00432264
error matrix:
 0.123007 -0.405572 -0.00432264
delta matrix:
 0.0265389 -0.195554 -3.72089e-05
weights_delta matrix:
 0.000748744 -0.00551717 -1.04978e-06
 0.00137002 -0.0100951 -1.92085e-06
 0.000420556 -0.0030989 -5.89642e-07
 0.00026267 -0.0019355 -3.68277e-07
 0.00265389 -0.0195554 -3.72089e-06
weights matrix:
 -1.00412 0.190315 -0.00427731
 1.84187 -2.18274 -0.548973
 -2.38354 0.991181 1.98713
 -1.99977 -0.821982 2.69743
 0.8939 0.779236 -3.01706
regression_error on 'test' 0.0891096
classification_error on 'test' 0.0789474
Save,3564,0.0891096,0.0789474
sample_count 75 Sample index 54
 i 0:0.305227 i 1:0.622103 i 2:0.158468 i 3:0.135476 bias 1
 test_print 2.22127
net matrix:
 1.08461 -0.47485 -2.67954
outputs matrix:
 0.897451 0.278945 0.00468316
error matrix:
 0.102549 -0.278945 -0.00468316
delta matrix:
 0.0188756 -0.112211 -4.36585e-05
weights_delta matrix:
 0.000576135 -0.00342499 -1.33258e-06
 0.00117426 -0.0069807 -2.71601e-06
 0.000299118 -0.00177819 -6.91848e-07
 0.000255719 -0.00152019 -5.91468e-07
 0.00188756 -0.0112211 -4.36585e-06
weights matrix:
 -1.00354 0.18689 -0.00427864
 1.84304 -2.18972 -0.548975
 -2.38324 0.989403 1.98713
 -1.99952 -0.823502 2.69743
 0.895788 0.768015 -3.01706
regression_error on 'test' 0.0883126
classification_error on 'test' 0.0789474
Save,3565,0.0883126,0.0789474
sample_count 75 Sample index 65
 i 0:0.928809 i 1:0.410364 i 2:0.944758 i 3:0.792495 bias 1
 test_print 4.07643
net matrix:
 -3.11619 0.325144 0.768746
outputs matrix:
 0.00196093 0.657075 0.8231
error matrix:
 -0.00196093 -0.657075 0.1769
delta matrix:
 -7.67545e-06 -0.296114 0.0515156
weights_delta matrix:
 -7.12903e-07 -0.0275033 0.00478482
 -3.14973e-07 -0.0121515 0.00211402
 -7.25144e-07 -0.0279756 0.00486698
 -6.08276e-07 -0.0234669 0.00408259
 -7.67545e-07 -0.0296114 0.00515156
weights matrix:
 -1.00354 0.159386 0.000506177
 1.84304 -2.20187 -0.546861
 -2.38324 0.961427 1.992
 -1.99952 -0.846969 2.70152
 0.895787 0.738404 -3.01191
regression_error on 'test' 0.0848216
classification_error on 'test' 0.0789474
Save,3566,0.0848216,0.0789474
sample_count 75 Sample index 72
 i 0:0.905713 i 1:0.480944 i 2:0.929637 i 3:0.828996 bias 1
 test_print 4.14529
net matrix:
 -2.99988 0.015431 0.816921
outputs matrix:
 0.00247323 0.507715 0.836695
error matrix:
 -0.00247323 -0.507715 0.163305
delta matrix:
 -1.22035e-05 -0.253797 0.0446268
weights_delta matrix:
 -1.10529e-06 -0.0229867 0.0040419
 -5.86921e-07 -0.0122062 0.0021463
 -1.13448e-06 -0.0235939 0.00414867
 -1.01167e-06 -0.0210397 0.00369954
 -1.22035e-06 -0.0253797 0.00446268
weights matrix:
 -1.00354 0.136399 0.00454808
 1.84304 -2.21407 -0.544715
 -2.38324 0.937833 1.99615
 -1.99952 -0.868009 2.70522
 0.895786 0.713024 -3.00745
regression_error on 'test' 0.0824996
classification_error on 'test' 0.0789474
Save,3567,0.0824996,0.0789474
sample_count 75 Sample index 50
 i 0:0.489992 i 1:0.833841 i 2:0.113105 i 3:0.135476 bias 1
 test_print 2.57241
net matrix:
 1.40042 -1.07785 -2.86716
outputs matrix:
 0.942721 0.1038 0.00322268
error matrix:
 0.0572793 -0.1038 -0.00322268
delta matrix:
 0.00618597 -0.0193122 -2.07044e-05
weights_delta matrix:
 0.000303108 -0.00094628 -1.0145e-06
 0.000515812 -0.00161033 -1.72642e-06
 6.99664e-05 -0.00021843 -2.34177e-07
 8.38051e-05 -0.000261633 -2.80495e-07
 0.000618597 -0.00193122 -2.07044e-06
weights matrix:
 -1.00324 0.135453 0.00454707
 1.84355 -2.21568 -0.544717
 -2.38317 0.937615 1.99615
 -1.99944 -0.86827 2.70521
 0.896404 0.711093 -3.00745
regression_error on 'test' 0.0824195
classification_error on 'test' 0.0789474
Save,3568,0.0824195,0.0789474
sample_count 75 Sample index 17
 i 0:0.443801 i 1:0.304495 i 2:0.521371 i 3:0.463986 bias 1
 test_print 2.73365
net matrix:
 -1.15771 0.182522 -0.875379
outputs matrix:
 0.0898542 0.590261 0.147952
error matrix:
 -0.0898542 0.409739 -0.147952
delta matrix:
 -0.0146966 0.198193 -0.0373022
weights_delta matrix:
 -0.000652238 0.00879583 -0.00165547
 -0.000447505 0.00603488 -0.00113583
 -0.00076624 0.0103332 -0.00194483
 -0.000681903 0.00919589 -0.00173077
 -0.00146966 0.0198193 -0.00373022
weights matrix:
 -1.00389 0.144249 0.00289159
 1.84311 -2.20965 -0.545853
 -2.38394 0.947948 1.9942
 -2.00012 -0.859074 2.70348
 0.894934 0.730912 -3.01118
regression_error on 'test' 0.08358
classification_error on 'test' 0.0789474
Save,3569,0.08358,0.0789474
sample_count 75 Sample index 42
 i 0:0.651661 i 1:0.551523 i 2:0.702823 i 3:0.792495 bias 1
 test_print 3.6985
net matrix:
 -2.00332 -0.408332 0.233724
outputs matrix:
 0.0178694 0.306472 0.61478
error matrix:
 -0.0178694 -0.306472 0.38522
delta matrix:
 -0.000627221 -0.13028 0.18246
weights_delta matrix:
 -4.08736e-05 -0.00848982 0.0118902
 -3.45927e-05 -0.00718522 0.0100631
 -4.40826e-05 -0.00915635 0.0128237
 -4.9707e-05 -0.0103246 0.0144599
 -6.27221e-05 -0.013028 0.018246
weights matrix:
 -1.00393 0.135759 0.0147818
 1.84307 -2.21684 -0.53579
 -2.38398 0.938792 2.00702
 -2.00017 -0.869399 2.71794
 0.894872 0.717884 -2.99293
regression_error on 'test' 0.0819165
classification_error on 'test' 0.0789474
Save,3570,0.0819165,0.0789474
sample_count 75 Sample index 41
 i 0:0.674757 i 1:0.445654 i 2:0.627218 i 3:0.536988 bias 1
 test_print 3.28462
net matrix:
 -1.53051 -0.0564825 -0.503389
outputs matrix:
 0.0447442 0.471789 0.267611
error matrix:
 -0.0447442 0.528211 -0.267611
delta matrix:
 -0.00382493 0.263265 -0.104901
weights_delta matrix:
 -0.00025809 0.017764 -0.00707826
 -0.00017046 0.0117325 -0.00467495
 -0.000239907 0.0165124 -0.00657957
 -0.000205394 0.014137 -0.00563305
 -0.000382493 0.0263265 -0.0104901
weights matrix:
 -1.00419 0.153523 0.00770354
 1.8429 -2.2051 -0.540465
 -2.38422 0.955304 2.00044
 -2.00037 -0.855262 2.71231
 0.894489 0.744211 -3.00342
regression_error on 'test' 0.0839896
classification_error on 'test' 0.0789474
Save,3571,0.0839896,0.0789474
sample_count 75 Sample index 68
 i 0:0.305227 i 1:0.657392 i 2:0.173589 i 3:0.281481 bias 1
 test_print 2.41769
net matrix:
 0.82255 -0.733456 -2.24565
outputs matrix:
 0.838228 0.187412 0.0110819
error matrix:
 0.161772 -0.187412 -0.0110819
delta matrix:
 0.0438732 -0.0570817 -0.000242896
weights_delta matrix:
 0.00133913 -0.00174229 -7.41384e-06
 0.00288419 -0.0037525 -1.59678e-05
 0.000761591 -0.000990875 -4.21641e-06
 0.00123495 -0.00160674 -6.83706e-06
 0.00438732 -0.00570817 -2.42896e-05
weights matrix:
 -1.00285 0.151781 0.00769613
 1.84579 -2.20886 -0.540481
 -2.38346 0.954313 2.00044
 -1.99914 -0.856869 2.7123
 0.898877 0.738503 -3.00345
regression_error on 'test' 0.0836757
classification_error on 'test' 0.0789474
Save,3572,0.0836757,0.0789474
sample_count 75 Sample index 37
 i 0:0.720948 i 1:0.551523 i 2:0.82379 i 3:0.901998 bias 1
 test_print 3.99826
net matrix:
 -2.57282 -0.357046 0.798451
outputs matrix:
 0.00579098 0.328695 0.831585
error matrix:
 -0.00579098 -0.328695 0.168415
delta matrix:
 -6.66825e-05 -0.145056 0.0471735
weights_delta matrix:
 -4.80746e-06 -0.0104578 0.00340097
 -3.6777e-06 -0.00800019 0.00260173
 -5.49324e-06 -0.0119496 0.00388611
 -6.01475e-06 -0.0130841 0.00425504
 -6.66825e-06 -0.0145056 0.00471735
weights matrix:
 -1.00286 0.141323 0.0110971
 1.84578 -2.21686 -0.537879
 -2.38347 0.942364 2.00433
 -1.99914 -0.869953 2.71656
 0.89887 0.723997 -2.99873
regression_error on 'test' 0.0823325
classification_error on 'test' 0.0789474
Save,3573,0.0823325,0.0789474
sample_count 75 Sample index 44
 i 0:0.536183 i 1:0.375074 i 2:0.702823 i 3:0.646491 bias 1
 test_print 3.26057
net matrix:
 -1.91412 0.0681854 -0.0296049
outputs matrix:
 0.0212848 0.53404 0.485202
error matrix:
 -0.0212848 0.46596 -0.485202
delta matrix:
 -0.000886803 0.2319 -0.242388
weights_delta matrix:
 -4.75489e-05 0.0124341 -0.0129965
 -3.32617e-05 0.00869797 -0.00909136
 -6.23266e-05 0.0162985 -0.0170356
 -5.7331e-05 0.0149921 -0.0156702
 -8.86803e-05 0.02319 -0.0242388
weights matrix:
 -1.0029 0.153757 -0.00189936
 1.84575 -2.20816 -0.54697
 -2.38353 0.958662 1.98729
 -1.9992 -0.854961 2.70089
 0.898781 0.747187 -3.02297
regression_error on 'test' 0.0849325
classification_error on 'test' 0.0789474
Save,3574,0.0849325,0.0789474
sample_count 75 Sample index 63
 i 0:0.420705 i 1:0.904421 i 2:0.143347 i 3:0.135476 bias 1
 test_print 2.60395
net matrix:
 1.53367 -1.16364 -2.86768
outputs matrix:
 0.955526 0.0888894 0.00321932
error matrix:
 0.0444744 -0.0888894 -0.00321932
delta matrix:
 0.00378001 -0.014398 -2.06613e-05
weights_delta matrix:
 0.000159027 -0.000605729 -8.69233e-07
 0.000341872 -0.00130218 -1.86865e-06
 5.41853e-05 -0.00020639 -2.96174e-07
 5.12101e-05 -0.000195058 -2.79912e-07
 0.000378001 -0.0014398 -2.06613e-06
weights matrix:
 -1.00274 0.153151 -0.00190023
 1.84609 -2.20946 -0.546972
 -2.38347 0.958456 1.98729
 -1.99915 -0.855156 2.70089
 0.899159 0.745747 -3.02297
regression_error on 'test' 0.0848505
classification_error on 'test' 0.0789474
Save,3575,0.0848505,0.0789474
sample_count 75 Sample index 53
 i 0:0.489992 i 1:0.410364 i 2:0.702823 i 3:0.938499 bias 1
 test_print 3.54168
net matrix:
 -2.38597 -0.214831 0.683137
outputs matrix:
 0.00839292 0.394207 0.796777
error matrix:
 -0.00839292 -0.394207 0.203223
delta matrix:
 -0.0001397 -0.18828 0.0658129
weights_delta matrix:
 -6.84518e-06 -0.00922555 0.00322478
 -5.73278e-06 -0.00772632 0.00270072
 -9.81842e-06 -0.0132327 0.00462548
 -1.31108e-05 -0.01767 0.00617653
 -1.397e-05 -0.018828 0.00658129
weights matrix:
 -1.00275 0.143926 0.00132455
 1.84609 -2.21719 -0.544271
 -2.38348 0.945223 1.99192
 -1.99916 -0.872826 2.70707
 0.899145 0.726919 -3.01639
regression_error on 'test' 0.0831261
classification_error on 'test' 0.0789474
Save,3576,0.0831261,0.0789474
sample_count 75 Sample index 10
 i 0:0.697853 i 1:0.304495 i 2:0.808669 i 3:0.719493 bias 1
 test_print 3.53051
net matrix:
 -2.60434 0.288617 0.377324
outputs matrix:
 0.00543917 0.640431 0.68019
error matrix:
 -0.00543917 -0.640431 0.31981
delta matrix:
 -5.88473e-05 -0.294956 0.139137
weights_delta matrix:
 -4.10668e-06 -0.0205836 0.00970973
 -1.79187e-06 -0.00898126 0.00423666
 -4.7588e-06 -0.0238522 0.0112516
 -4.23402e-06 -0.0212219 0.0100108
 -5.88473e-06 -0.0294956 0.0139137
weights matrix:
 -1.00275 0.123342 0.0110343
 1.84608 -2.22617 -0.540035
 -2.38349 0.921371 2.00317
 -1.99917 -0.894048 2.71708
 0.899139 0.697424 -3.00247
regression_error on 'test' 0.0808747
classification_error on 'test' 0.0789474
Save,3577,0.0808747,0.0789474
sample_count 75 Sample index 14
 i 0:0.697853 i 1:0.516233 i 2:0.778427 i 3:0.938499 bias 1
 test_print 3.93101
net matrix:
 -2.57922 -0.487565 0.835735
outputs matrix:
 0.00571783 0.273859 0.841772
error matrix:
 -0.00571783 -0.273859 0.158228
delta matrix:
 -6.50133e-05 -0.108919 0.0421495
weights_delta matrix:
 -4.53697e-06 -0.00760097 0.00294142
 -3.3562e-06 -0.00562278 0.0021759
 -5.06081e-06 -0.00847858 0.00328103
 -6.10149e-06 -0.0102221 0.00395573
 -6.50133e-06 -0.0108919 0.00421495
weights matrix:
 -1.00276 0.115741 0.0139757
 1.84608 -2.23179 -0.537859
 -2.38349 0.912892 2.00645
 -1.99917 -0.90427 2.72103
 0.899133 0.686532 -2.99826
regression_error on 'test' 0.080221
classification_error on 'test' 0.0789474
Save,3578,0.080221,0.0789474
sample_count 75 Sample index 63
 i 0:0.420705 i 1:0.904421 i 2:0.143347 i 3:0.135476 bias 1
 test_print 2.60395
net matrix:
 1.53439 -1.2749 -2.82258
outputs matrix:
 0.955587 0.07244 0.00352215
error matrix:
 0.0444133 -0.07244 -0.00352215
delta matrix:
 0.00376986 -0.00973484 -2.47237e-05
weights_delta matrix:
 0.0001586 -0.00040955 -1.04014e-06
 0.000340954 -0.00088044 -2.23606e-06
 5.40398e-05 -0.000139546 -3.54407e-07
 5.10726e-05 -0.000131884 -3.34947e-07
 0.000376986 -0.000973484 -2.47237e-06
weights matrix:
 -1.0026 0.115332 0.0139747
 1.84642 -2.23267 -0.537861
 -2.38344 0.912753 2.00645
 -1.99912 -0.904402 2.72103
 0.89951 0.685558 -2.99826
regression_error on 'test' 0.0801977
classification_error on 'test' 0.0789474
Save,3579,0.0801977,0.0789474
sample_count 75 Sample index 64
 i 0:0.282131 i 1:0.516233 i 2:0.158468 i 3:0.0989754 bias 1
 test_print 2.05581
net matrix:
 0.994266 -0.379353 -2.68471
outputs matrix:
 0.879588 0.318927 0.00463527
error matrix:
 0.120412 -0.318927 -0.00463527
delta matrix:
 0.0255065 -0.13855 -4.27722e-05
weights_delta matrix:
 0.000719618 -0.00390893 -1.20674e-06
 0.00131673 -0.00715242 -2.20804e-06
 0.000404197 -0.00219558 -6.77802e-07
 0.000252452 -0.00137131 -4.2334e-07
 0.00255065 -0.013855 -4.27722e-06
weights matrix:
 -1.00188 0.111423 0.0139735
 1.84774 -2.23982 -0.537863
 -2.38304 0.910557 2.00645
 -1.99887 -0.905773 2.72103
 0.902061 0.671703 -2.99827
regression_error on 'test' 0.0799545
classification_error on 'test' 0.0789474
Save,3580,0.0799545,0.0789474
sample_count 75 Sample index 11
 i 0:0.536183 i 1:0.198626 i 2:0.536492 i 3:0.427485 bias 1
 test_print 2.69879
net matrix:
 -1.40109 0.387862 -0.857964
outputs matrix:
 0.0572066 0.684758 0.152396
error matrix:
 -0.0572066 0.315242 -0.152396
delta matrix:
 -0.00617076 0.136099 -0.0393706
weights_delta matrix:
 -0.000330866 0.00729742 -0.00211098
 -0.000122567 0.00270329 -0.000782002
 -0.000331056 0.00730162 -0.0021122
 -0.000263791 0.00581804 -0.00168303
 -0.000617076 0.0136099 -0.00393706
weights matrix:
 -1.00221 0.11872 0.0118625
 1.84762 -2.23712 -0.538645
 -2.38337 0.917859 2.00434
 -1.99913 -0.899955 2.71935
 0.901443 0.685313 -3.0022
regression_error on 'test' 0.0804196
classification_error on 'test' 0.0789474
Save,3581,0.0804196,0.0789474
sample_count 75 Sample index 53
 i 0:0.489992 i 1:0.410364 i 2:0.702823 i 3:0.938499 bias 1
 test_print 3.54168
net matrix:
 -2.38271 -0.374063 0.743367
outputs matrix:
 0.00844738 0.32123 0.815588
error matrix:
 -0.00844738 -0.32123 0.184412
delta matrix:
 -0.000141511 -0.140083 0.0554729
weights_delta matrix:
 -6.93392e-06 -0.00686394 0.00271813
 -5.80709e-06 -0.00574849 0.00227641
 -9.9457e-06 -0.00984534 0.00389876
 -1.32808e-05 -0.0131468 0.00520613
 -1.41511e-05 -0.0140083 0.00554729
weights matrix:
 -1.00222 0.111856 0.0145806
 1.84761 -2.24287 -0.536369
 -2.38338 0.908013 2.00823
 -1.99915 -0.913102 2.72455
 0.901429 0.671305 -2.99666
regression_error on 'test' 0.0797607
classification_error on 'test' 0.105263
Save,3582,0.0797607,0.105263
sample_count 75 Sample index 43
 i 0:0.582374 i 1:0.198626 i 2:0.612097 i 3:0.60999 bias 1
 test_print 3.00309
net matrix:
 -1.99357 0.289765 -0.203516
outputs matrix:
 0.0182147 0.640959 0.399624
error matrix:
 -0.0182147 0.359041 -0.399624
delta matrix:
 -0.000651466 0.165253 -0.191759
weights_delta matrix:
 -3.79397e-05 0.00962388 -0.0111676
 -1.29398e-05 0.00328235 -0.00380884
 -3.9876e-05 0.0101151 -0.0117375
 -3.97388e-05 0.0100802 -0.0116971
 -6.51466e-05 0.0165253 -0.0191759
weights matrix:
 -1.00226 0.12148 0.00341304
 1.8476 -2.23959 -0.540178
 -2.38342 0.918128 1.9965
 -1.99919 -0.903021 2.71286
 0.901364 0.68783 -3.01583
regression_error on 'test' 0.080906
classification_error on 'test' 0.0789474
Save,3583,0.080906,0.0789474
sample_count 75 Sample index 27
 i 0:0.328323 i 1:0.622103 i 2:0.158468 i 3:0.135476 bias 1
 test_print 2.24437
net matrix:
 1.07316 -0.642382 -2.66685
outputs matrix:
 0.895324 0.21674 0.004803
error matrix:
 0.104676 -0.21674 -0.004803
delta matrix:
 0.0196202 -0.0735895 -4.59161e-05
weights_delta matrix:
 0.000644177 -0.00241611 -1.50753e-06
 0.00122058 -0.00457802 -2.85645e-06
 0.000310918 -0.00116616 -7.27623e-07
 0.000265807 -0.000996961 -6.22053e-07
 0.00196202 -0.00735895 -4.59161e-06
weights matrix:
 -1.00161 0.119064 0.00341153
 1.84882 -2.24416 -0.540181
 -2.38311 0.916962 1.9965
 -1.99892 -0.904018 2.71286
 0.903326 0.680471 -3.01584
regression_error on 'test' 0.0807508
classification_error on 'test' 0.0789474
Save,3584,0.0807508,0.0789474
sample_count 75 Sample index 11
 i 0:0.536183 i 1:0.198626 i 2:0.536492 i 3:0.427485 bias 1
 test_print 2.69879
net matrix:
 -1.39952 0.404051 -0.890492
outputs matrix:
 0.0573756 0.691705 0.144182
error matrix:
 -0.0573756 0.308295 -0.144182
delta matrix:
 -0.00620616 0.131487 -0.0355822
weights_delta matrix:
 -0.000332764 0.00705013 -0.00190785
 -0.000123271 0.00261168 -0.000706754
 -0.000332956 0.0070542 -0.00190895
 -0.000265304 0.00562089 -0.00152108
 -0.000620616 0.0131487 -0.00355822
weights matrix:
 -1.00195 0.126114 0.00150368
 1.84869 -2.24155 -0.540887
 -2.38344 0.924016 1.99459
 -1.99919 -0.898397 2.71134
 0.902706 0.69362 -3.01939
regression_error on 'test' 0.0812661
classification_error on 'test' 0.0789474
Save,3585,0.0812661,0.0789474
sample_count 75 Sample index 18
 i 0:0.513088 i 1:0.480944 i 2:0.566734 i 3:0.60999 bias 1
 test_print 3.17076
net matrix:
 -1.29252 -0.344075 -0.494472
outputs matrix:
 0.0701072 0.334445 0.271121
error matrix:
 -0.0701072 0.665555 -0.271121
delta matrix:
 -0.00914088 0.296294 -0.107155
weights_delta matrix:
 -0.000469008 0.0152025 -0.00549798
 -0.000439625 0.0142501 -0.00515354
 -0.000518045 0.016792 -0.00607282
 -0.000557584 0.0180736 -0.00653633
 -0.000914088 0.0296294 -0.0107155
weights matrix:
 -1.00241 0.141317 -0.0039943
 1.84825 -2.2273 -0.546041
 -2.38396 0.940808 1.98851
 -1.99974 -0.880324 2.7048
 0.901791 0.723249 -3.03011
regression_error on 'test' 0.0830875
classification_error on 'test' 0.0789474
Save,3586,0.0830875,0.0789474
sample_count 75 Sample index 6
 i 0:0.305227 i 1:0.657392 i 2:0.128226 i 3:0.171977 bias 1
 test_print 2.26282
net matrix:
 1.16126 -0.728587 -2.67015
outputs matrix:
 0.910725 0.1889 0.00477156
error matrix:
 0.089275 -0.1889 -0.00477156
delta matrix:
 0.014517 -0.0578853 -4.53182e-05
weights_delta matrix:
 0.000443098 -0.00176682 -1.38324e-06
 0.000954336 -0.00380533 -2.97918e-06
 0.000186146 -0.00074224 -5.81098e-07
 0.000249659 -0.000995494 -7.79369e-07
 0.0014517 -0.00578853 -4.53182e-06
weights matrix:
 -1.00197 0.13955 -0.00399568
 1.84921 -2.23111 -0.546044
 -2.38377 0.940066 1.98851
 -1.99949 -0.881319 2.7048
 0.903243 0.717461 -3.03011
regression_error on 'test' 0.0828736
classification_error on 'test' 0.0789474
Save,3587,0.0828736,0.0789474
sample_count 75 Sample index 55
 i 0:0.628566 i 1:0.551523 i 2:0.612097 i 3:0.60999 bias 1
 test_print 3.40218
net matrix:
 -1.38545 -0.387514 -0.466719
outputs matrix:
 0.0589169 0.315392 0.282228
error matrix:
 -0.0589169 0.684608 -0.282228
delta matrix:
 -0.00653339 0.295641 -0.114345
weights_delta matrix:
 -0.000410666 0.018583 -0.00718732
 -0.000360331 0.0163053 -0.00630638
 -0.000399907 0.0180961 -0.00699901
 -0.00039853 0.0180338 -0.00697492
 -0.000653339 0.0295641 -0.0114345
weights matrix:
 -1.00238 0.158133 -0.011183
 1.84885 -2.2148 -0.55235
 -2.38417 0.958162 1.98151
 -1.99989 -0.863285 2.69782
 0.90259 0.747025 -3.04155
regression_error on 'test' 0.085407
classification_error on 'test' 0.105263
Save,3588,0.085407,0.105263
sample_count 75 Sample index 70
 i 0:0.259036 i 1:0.622103 i 2:0.173589 i 3:0.135476 bias 1
 test_print 2.1902
net matrix:
 1.10831 -0.540476 -2.67861
outputs matrix:
 0.901732 0.253326 0.00469192
error matrix:
 0.0982684 -0.253326 -0.00469192
delta matrix:
 0.0174155 -0.0958342 -4.38216e-05
weights_delta matrix:
 0.000451123 -0.00248245 -1.13514e-06
 0.00108342 -0.00596187 -2.72616e-06
 0.000302313 -0.00166358 -7.60696e-07
 0.000235938 -0.00129832 -5.93678e-07
 0.00174155 -0.00958342 -4.38216e-06
weights matrix:
 -1.00193 0.15565 -0.0111841
 1.84993 -2.22076 -0.552353
 -2.38387 0.956499 1.98151
 -1.99966 -0.864584 2.69782
 0.904331 0.737441 -3.04155
regression_error on 'test' 0.0849532
classification_error on 'test' 0.105263
Save,3589,0.0849532,0.105263
sample_count 75 Sample index 23
 i 0:0.975 i 1:0.763262 i 2:0.899395 i 3:0.792495 bias 1
 test_print 4.43015
net matrix:
 -2.38933 -0.630732 0.446127
outputs matrix:
 0.00833723 0.220722 0.709355
error matrix:
 -0.00833723 -0.220722 0.290645
delta matrix:
 -0.00013786 -0.07593 0.119845
weights_delta matrix:
 -1.34413e-05 -0.00740318 0.0116849
 -1.05223e-05 -0.00579545 0.0091473
 -1.2399e-05 -0.00682911 0.0107788
 -1.09253e-05 -0.00601742 0.00949765
 -1.3786e-05 -0.007593 0.0119845
weights matrix:
 -1.00194 0.148247 0.000500736
 1.84992 -2.22656 -0.543206
 -2.38388 0.94967 1.99229
 -1.99967 -0.870601 2.70732
 0.904318 0.729848 -3.02957
regression_error on 'test' 0.083491
classification_error on 'test' 0.0789474
Save,3590,0.083491,0.0789474
sample_count 75 Sample index 57
 i 0:0.374514 i 1:0.727972 i 2:0.158468 i 3:0.135476 bias 1
 test_print 2.39643
net matrix:
 1.22709 -0.802957 -2.74233
outputs matrix:
 0.920867 0.167157 0.00413281
error matrix:
 0.0791334 -0.167157 -0.00413281
delta matrix:
 0.0115331 -0.0465415 -3.4019e-05
weights_delta matrix:
 0.000431931 -0.00174305 -1.27406e-06
 0.000839577 -0.00338809 -2.47649e-06
 0.000182763 -0.000737535 -5.39093e-07
 0.000156246 -0.000630526 -4.60876e-07
 0.00115331 -0.00465415 -3.4019e-06
weights matrix:
 -1.00151 0.146504 0.000499462
 1.85076 -2.22995 -0.543208
 -2.3837 0.948932 1.99229
 -1.99951 -0.871232 2.70732
 0.905471 0.725194 -3.02957
regression_error on 'test' 0.0832893
classification_error on 'test' 0.0789474
Save,3591,0.0832893,0.0789474
sample_count 75 Sample index 40
 i 0:0.328323 i 1:0.763262 i 2:0.158468 i 3:0.171977 bias 1
 test_print 2.42203
net matrix:
 1.26766 -0.928195 -2.66271
outputs matrix:
 0.926581 0.135124 0.00484277
error matrix:
 0.0734194 -0.135124 -0.00484277
delta matrix:
 0.00998929 -0.0315828 -4.66776e-05
weights_delta matrix:
 0.000327971 -0.00103694 -1.53253e-06
 0.000762444 -0.00241059 -3.56273e-06
 0.000158298 -0.000500486 -7.39691e-07
 0.000171793 -0.000543151 -8.02748e-07
 0.000998929 -0.00315828 -4.66776e-06
weights matrix:
 -1.00118 0.145467 0.00049793
 1.85152 -2.23236 -0.543212
 -2.38354 0.948432 1.99229
 -1.99934 -0.871775 2.70732
 0.90647 0.722036 -3.02958
regression_error on 'test' 0.0831556
classification_error on 'test' 0.0789474
Save,3592,0.0831556,0.0789474
sample_count 75 Sample index 45
 i 0:0.697853 i 1:0.586813 i 2:0.793548 i 3:0.975 bias 1
 test_print 4.05321
net matrix:
 -2.54652 -0.58378 0.872622
outputs matrix:
 0.00610185 0.237296 0.851352
error matrix:
 -0.00610185 -0.237296 0.148648
delta matrix:
 -7.40108e-05 -0.0858949 0.0376234
weights_delta matrix:
 -5.16486e-06 -0.0059942 0.00262556
 -4.34305e-06 -0.00504043 0.00220779
 -5.87311e-06 -0.00681617 0.0029856
 -7.21605e-06 -0.00837475 0.00366828
 -7.40108e-06 -0.00858949 0.00376234
weights matrix:
 -1.00119 0.139473 0.00312349
 1.85152 -2.2374 -0.541004
 -2.38355 0.941615 1.99528
 -1.99935 -0.88015 2.71099
 0.906462 0.713447 -3.02581
regression_error on 'test' 0.0823654
classification_error on 'test' 0.0789474
Save,3593,0.0823654,0.0789474
sample_count 75 Sample index 13
 i 0:0.420705 i 1:0.269205 i 2:0.491129 i 3:0.427485 bias 1
 test_print 2.60852
net matrix:
 -1.04162 0.256009 -1.0313
outputs matrix:
 0.110736 0.625279 0.112786
error matrix:
 -0.110736 0.374721 -0.112786
delta matrix:
 -0.021809 0.175598 -0.0225719
weights_delta matrix:
 -0.000917516 0.00738749 -0.000949613
 -0.00058711 0.00472719 -0.000607648
 -0.0010711 0.00862413 -0.00110857
 -0.000932303 0.00750655 -0.000964917
 -0.0021809 0.0175598 -0.00225719
weights matrix:
 -1.00211 0.146861 0.00217388
 1.85093 -2.23267 -0.541611
 -2.38462 0.95024 1.99417
 -2.00028 -0.872643 2.71002
 0.904282 0.731006 -3.02807
regression_error on 'test' 0.0832653
classification_error on 'test' 0.0789474
Save,3594,0.0832653,0.0789474
sample_count 75 Sample index 12
 i 0:0.166653 i 1:0.480944 i 2:0.128226 i 3:0.135476 bias 1
 test_print 1.9113
net matrix:
 1.05071 -0.314685 -2.66535
outputs matrix:
 0.891042 0.347653 0.00481739
error matrix:
 0.108958 -0.347653 -0.00481739
delta matrix:
 0.0211568 -0.157689 -4.61908e-05
weights_delta matrix:
 0.000352584 -0.00262793 -7.69784e-07
 0.00101752 -0.00758395 -2.22152e-06
 0.000271285 -0.00202198 -5.92287e-07
 0.000286624 -0.00213631 -6.25775e-07
 0.00211568 -0.0157689 -4.61908e-06
weights matrix:
 -1.00175 0.144233 0.00217311
 1.85195 -2.24026 -0.541614
 -2.38434 0.948218 1.99417
 -1.99999 -0.874779 2.71002
 0.906397 0.715237 -3.02808
regression_error on 'test' 0.0827255
classification_error on 'test' 0.0789474
Save,3595,0.0827255,0.0789474
sample_count 75 Sample index 25
 i 0:0.628566 i 1:0.410364 i 2:0.778427 i 3:0.865497 bias 1
 test_print 3.68285
net matrix:
 -2.55032 -0.132424 0.64886
outputs matrix:
 0.00605589 0.434173 0.785451
error matrix:
 -0.00605589 -0.434173 0.214549
delta matrix:
 -7.29034e-05 -0.213324 0.0723105
weights_delta matrix:
 -4.58246e-06 -0.0134088 0.00454519
 -2.99169e-06 -0.00875403 0.00296736
 -5.675e-06 -0.0166057 0.00562885
 -6.30977e-06 -0.0184631 0.00625845
 -7.29034e-06 -0.0213324 0.00723105
weights matrix:
 -1.00176 0.130824 0.0067183
 1.85195 -2.24901 -0.538646
 -2.38435 0.931612 1.9998
 -2 -0.893242 2.71628
 0.90639 0.693905 -3.02085
regression_error on 'test' 0.0812266
classification_error on 'test' 0.0789474
Save,3596,0.0812266,0.0789474
sample_count 75 Sample index 3
 i 0:0.744044 i 1:0.516233 i 2:0.672581 i 3:0.60999 bias 1
 test_print 3.54285
net matrix:
 -1.70658 -0.288053 -0.291985
outputs matrix:
 0.031887 0.359829 0.35802
error matrix:
 -0.031887 0.640171 -0.35802
delta matrix:
 -0.00196871 0.294929 -0.164576
weights_delta matrix:
 -0.000146481 0.0219441 -0.0122452
 -0.000101631 0.0152252 -0.00849594
 -0.000132412 0.0198364 -0.011069
 -0.00012009 0.0179904 -0.0100389
 -0.000196871 0.0294929 -0.0164576
weights matrix:
 -1.00191 0.152768 -0.00552685
 1.85184 -2.23378 -0.547142
 -2.38448 0.951448 1.98873
 -2.00012 -0.875252 2.70624
 0.906193 0.723398 -3.0373
regression_error on 'test' 0.0836011
classification_error on 'test' 0.0789474
Save,3597,0.0836011,0.0789474
sample_count 75 Sample index 9
 i 0:0.351418 i 1:0.375074 i 2:0.521371 i 3:0.573489 bias 1
 test_print 2.82135
net matrix:
 -1.14156 -0.0666407 -0.6556
outputs matrix:
 0.0925302 0.466729 0.212286
error matrix:
 -0.0925302 0.533271 -0.212286
delta matrix:
 -0.0155392 0.265455 -0.0709973
weights_delta matrix:
 -0.000546076 0.00932856 -0.00249497
 -0.000582835 0.00995652 -0.00266293
 -0.000810169 0.0138401 -0.0037016
 -0.000891157 0.0152235 -0.00407162
 -0.00155392 0.0265455 -0.00709973
weights matrix:
 -1.00245 0.162096 -0.00802182
 1.85126 -2.22383 -0.549805
 -2.38529 0.965288 1.98503
 -2.00101 -0.860029 2.70217
 0.904639 0.749944 -3.0444
regression_error on 'test' 0.0855082
classification_error on 'test' 0.105263
Save,3598,0.0855082,0.105263
sample_count 75 Sample index 0
 i 0:0.282131 i 1:0.269205 i 2:0.430645 i 3:0.427485 bias 1
 test_print 2.40947
net matrix:
 -0.762431 0.245058 -1.1847
outputs matrix:
 0.178747 0.620134 0.0855364
error matrix:
 -0.178747 0.379866 -0.0855364
delta matrix:
 -0.0524787 0.178969 -0.0133813
weights_delta matrix:
 -0.00148059 0.00504926 -0.000377528
 -0.00141275 0.00481792 -0.000360231
 -0.00225997 0.00770719 -0.000576259
 -0.00224338 0.00765064 -0.000572031
 -0.00524787 0.0178969 -0.00133813
weights matrix:
 -1.00393 0.167146 -0.00839935
 1.84985 -2.21901 -0.550165
 -2.38755 0.972996 1.98445
 -2.00325 -0.852378 2.7016
 0.899391 0.76784 -3.04574
regression_error on 'test' 0.0866758
classification_error on 'test' 0.105263
Save,3599,0.0866758,0.105263
sample_count 75 Sample index 72
 i 0:0.905713 i 1:0.480944 i 2:0.929637 i 3:0.828996 bias 1
 test_print 4.14529
net matrix:
 -3.00046 0.049922 0.766485
outputs matrix:
 0.00247037 0.52494 0.82244
error matrix:
 -0.00247037 -0.52494 0.17756
delta matrix:
 -1.21753e-05 -0.261817 0.0518589
weights_delta matrix:
 -1.10273e-06 -0.0237131 0.00469693
 -5.85564e-07 -0.0125919 0.00249412
 -1.13186e-06 -0.0243395 0.00482099
 -1.00933e-06 -0.0217045 0.00429908
 -1.21753e-06 -0.0261817 0.00518589
weights matrix:
 -1.00393 0.143433 -0.00370243
 1.84985 -2.2316 -0.547671
 -2.38755 0.948656 1.98927
 -2.00326 -0.874082 2.7059
 0.89939 0.741659 -3.04056
regression_error on 'test' 0.0839239
classification_error on 'test' 0.0789474
Save,3600,0.0839239,0.0789474
sample_count 75 Sample index 29
 i 0:0.420705 i 1:0.304495 i 2:0.536492 i 3:0.536988 bias 1
 test_print 2.79868
net matrix:
 -1.31633 0.162065 -0.688614
outputs matrix:
 0.0670661 0.58033 0.201455
error matrix:
 -0.0670661 0.41967 -0.201455
delta matrix:
 -0.00839241 0.204419 -0.0648162
weights_delta matrix:
 -0.000353073 0.00859999 -0.00272685
 -0.000255545 0.00622445 -0.00197362
 -0.000450246 0.0109669 -0.00347734
 -0.000450663 0.010977 -0.00348055
 -0.000839241 0.0204419 -0.00648162
weights matrix:
 -1.00429 0.152033 -0.00642928
 1.84959 -2.22538 -0.549645
 -2.388 0.959623 1.98579
 -2.00371 -0.863105 2.70242
 0.898551 0.762101 -3.04704
regression_error on 'test' 0.0854773
classification_error on 'test' 0.105263
Save,3601,0.0854773,0.105263
sample_count 75 Sample index 18
 i 0:0.513088 i 1:0.480944 i 2:0.566734 i 3:0.60999 bias 1
 test_print 3.17076
net matrix:
 -1.30279 -0.21281 -0.54082
outputs matrix:
 0.0687802 0.395173 0.253196
error matrix:
 -0.0687802 0.604827 -0.253196
delta matrix:
 -0.00881067 0.289121 -0.0957523
weights_delta matrix:
 -0.000452065 0.0148345 -0.00491294
 -0.000423744 0.0139051 -0.00460515
 -0.000499331 0.0163855 -0.00542661
 -0.000537442 0.0176361 -0.00584079
 -0.000881067 0.0289121 -0.00957523
weights matrix:
 -1.00474 0.166867 -0.0113422
 1.84917 -2.21147 -0.55425
 -2.3885 0.976008 1.98037
 -2.00424 -0.845469 2.69658
 0.89767 0.791013 -3.05661
regression_error on 'test' 0.0883911
classification_error on 'test' 0.0526316
Save,3602,0.0883911,0.0526316
sample_count 75 Sample index 66
 i 0:0.60547 i 1:0.304495 i 2:0.672581 i 3:0.60999 bias 1
 test_print 3.19254
net matrix:
 -1.97664 0.35938 -0.255405
outputs matrix:
 0.0188304 0.672334 0.375004
error matrix:
 -0.0188304 0.327666 -0.375004
delta matrix:
 -0.000695812 0.14437 -0.175784
weights_delta matrix:
 -4.21293e-05 0.00874118 -0.0106432
 -2.11871e-05 0.004396 -0.00535253
 -4.6799e-05 0.00971007 -0.0118229
 -4.24438e-05 0.00880644 -0.0107226
 -6.95812e-05 0.014437 -0.0175784
weights matrix:
 -1.00478 0.175608 -0.0219854
 1.84915 -2.20708 -0.559603
 -2.38855 0.985718 1.96854
 -2.00429 -0.836663 2.68585
 0.8976 0.80545 -3.07419
regression_error on 'test' 0.0909806
classification_error on 'test' 0.0789474
Save,3603,0.0909806,0.0789474
sample_count 75 Sample index 43
 i 0:0.582374 i 1:0.198626 i 2:0.612097 i 3:0.60999 bias 1
 test_print 3.00309
net matrix:
 -2.00489 0.562336 -0.354863
outputs matrix:
 0.0178144 0.754854 0.32966
error matrix:
 -0.0178144 0.245146 -0.32966
delta matrix:
 -0.000623396 0.0907281 -0.145699
weights_delta matrix:
 -3.63049e-05 0.00528377 -0.00848514
 -1.23823e-05 0.0018021 -0.00289396
 -3.81579e-05 0.00555344 -0.0089182
 -3.80265e-05 0.00553432 -0.0088875
 -6.23396e-05 0.00907281 -0.0145699
weights matrix:
 -1.00482 0.180892 -0.0304705
 1.84914 -2.20527 -0.562497
 -2.38859 0.991272 1.95963
 -2.00432 -0.831129 2.67697
 0.897538 0.814522 -3.08876
regression_error on 'test' 0.092963
classification_error on 'test' 0.105263
Save,3604,0.092963,0.105263
sample_count 75 Sample index 39
 i 0:0.397609 i 1:0.622103 i 2:0.18871 i 3:0.135476 bias 1
 test_print 2.3439
net matrix:
 0.926078 -0.410996 -2.71834
outputs matrix:
 0.86438 0.305341 0.00433503
error matrix:
 0.13562 -0.305341 -0.00433503
delta matrix:
 0.0317967 -0.129531 -3.74221e-05
weights_delta matrix:
 0.00126427 -0.00515025 -1.48794e-06
 0.00197808 -0.00805813 -2.32804e-06
 0.000600036 -0.00244437 -7.06192e-07
 0.000430769 -0.00175483 -5.06979e-07
 0.00317967 -0.0129531 -3.74221e-06
weights matrix:
 -1.00355 0.175742 -0.030472
 1.85111 -2.21333 -0.562499
 -2.38799 0.988828 1.95963
 -2.00389 -0.832883 2.67696
 0.900717 0.801569 -3.08876
regression_error on 'test' 0.0919625
classification_error on 'test' 0.0789474
Save,3605,0.0919625,0.0789474
sample_count 75 Sample index 54
 i 0:0.305227 i 1:0.622103 i 2:0.158468 i 3:0.135476 bias 1
 test_print 2.22127
net matrix:
 1.09609 -0.477848 -2.77479
outputs matrix:
 0.899545 0.277741 0.00387399
error matrix:
 0.100455 -0.277741 -0.00387399
delta matrix:
 0.018155 -0.11143 -2.98993e-05
weights_delta matrix:
 0.000554138 -0.00340115 -9.12606e-07
 0.00112943 -0.0069321 -1.86004e-06
 0.000287698 -0.00176581 -4.73808e-07
 0.000245956 -0.00150961 -4.05063e-07
 0.0018155 -0.011143 -2.98993e-06
weights matrix:
 -1.003 0.172341 -0.0304729
 1.85224 -2.22026 -0.562501
 -2.3877 0.987062 1.95962
 -2.00365 -0.834393 2.67696
 0.902533 0.790426 -3.08877
regression_error on 'test' 0.0911928
classification_error on 'test' 0.0789474
Save,3606,0.0911928,0.0789474
sample_count 75 Sample index 21
 i 0:0.836426 i 1:0.445654 i 2:0.884274 i 3:0.719493 bias 1
 test_print 3.88585
net matrix:
 -2.66393 0.2176 0.293966
outputs matrix:
 0.00483096 0.607115 0.642891
error matrix:
 -0.00483096 -0.607115 0.357109
delta matrix:
 -4.64509e-05 -0.289626 0.163972
weights_delta matrix:
 -3.88527e-06 -0.0242251 0.013715
 -2.0701e-06 -0.0129073 0.00730748
 -4.10753e-06 -0.0256109 0.0144996
 -3.34211e-06 -0.0208384 0.0117977
 -4.64509e-06 -0.0289626 0.0163972
weights matrix:
 -1.003 0.148116 -0.0167579
 1.85224 -2.23317 -0.555193
 -2.38771 0.961451 1.97412
 -2.00365 -0.855231 2.68876
 0.902528 0.761464 -3.07237
regression_error on 'test' 0.0868259
classification_error on 'test' 0.0789474
Save,3607,0.0868259,0.0789474
sample_count 75 Sample index 49
 i 0:0.397609 i 1:0.480944 i 2:0.612097 i 3:0.60999 bias 1
 test_print 3.10064
net matrix:
 -1.28916 -0.186856 -0.497576
outputs matrix:
 0.0705463 0.407644 0.269896
error matrix:
 -0.0705463 0.592356 -0.269896
delta matrix:
 -0.00925137 0.286073 -0.106367
weights_delta matrix:
 -0.000367843 0.0113745 -0.00422924
 -0.000444939 0.0137585 -0.00511565
 -0.000566273 0.0175104 -0.00651068
 -0.000564324 0.0174501 -0.00648827
 -0.000925137 0.0286073 -0.0106367
weights matrix:
 -1.00337 0.15949 -0.0209871
 1.8518 -2.21941 -0.560309
 -2.38827 0.978961 1.96761
 -2.00421 -0.837781 2.68227
 0.901603 0.790071 -3.08301
regression_error on 'test' 0.0898466
classification_error on 'test' 0.0526316
Save,3608,0.0898466,0.0526316
sample_count 75 Sample index 69
 i 0:0.628566 i 1:0.445654 i 2:0.581855 i 3:0.536988 bias 1
 test_print 3.19306
net matrix:
 -1.36969 0.0209661 -0.760688
outputs matrix:
 0.0606895 0.510481 0.179259
error matrix:
 -0.0606895 0.489519 -0.179259
delta matrix:
 -0.00691936 0.244652 -0.0527471
weights_delta matrix:
 -0.000434928 0.015378 -0.0033155
 -0.000308364 0.010903 -0.0023507
 -0.000402607 0.0142352 -0.00306912
 -0.000371562 0.0131375 -0.00283246
 -0.000691936 0.0244652 -0.00527471
weights matrix:
 -1.00381 0.174868 -0.0243026
 1.85149 -2.20851 -0.56266
 -2.38867 0.993196 1.96454
 -2.00459 -0.824644 2.67944
 0.900911 0.814536 -3.08828
regression_error on 'test' 0.0926554
classification_error on 'test' 0.105263
Save,3609,0.0926554,0.105263
sample_count 75 Sample index 9
 i 0:0.351418 i 1:0.375074 i 2:0.521371 i 3:0.573489 bias 1
 test_print 2.82135
net matrix:
 -1.15239 0.0925332 -0.746974
outputs matrix:
 0.0907274 0.546135 0.18333
error matrix:
 -0.0907274 0.453865 -0.18333
delta matrix:
 -0.0149693 0.225 -0.0548963
weights_delta matrix:
 -0.000526048 0.00790692 -0.00192916
 -0.000561459 0.00843918 -0.00205902
 -0.000780456 0.0117309 -0.00286213
 -0.000858472 0.0129035 -0.00314824
 -0.00149693 0.0225 -0.00548963
weights matrix:
 -1.00433 0.182775 -0.0262318
 1.85093 -2.20007 -0.564719
 -2.38945 1.00493 1.96168
 -2.00544 -0.81174 2.67629
 0.899414 0.837036 -3.09377
regression_error on 'test' 0.0953525
classification_error on 'test' 0.131579
Save,3610,0.0953525,0.131579
sample_count 75 Sample index 39
 i 0:0.397609 i 1:0.622103 i 2:0.18871 i 3:0.135476 bias 1
 test_print 2.3439
net matrix:
 0.928946 -0.379293 -2.72275
outputs matrix:
 0.865051 0.318953 0.00429712
error matrix:
 0.134949 -0.318953 -0.00429712
delta matrix:
 0.0315072 -0.138568 -3.67719e-05
weights_delta matrix:
 0.00125276 -0.00550957 -1.46208e-06
 0.00196007 -0.00862033 -2.28759e-06
 0.000594573 -0.00261491 -6.93922e-07
 0.000426847 -0.00187726 -4.9817e-07
 0.00315072 -0.0138568 -3.67719e-06
weights matrix:
 -1.00308 0.177265 -0.0262333
 1.85289 -2.20869 -0.564721
 -2.38886 1.00231 1.96168
 -2.00502 -0.813617 2.67629
 0.902565 0.82318 -3.09377
regression_error on 'test' 0.0941455
classification_error on 'test' 0.131579
Save,3611,0.0941455,0.131579
sample_count 75 Sample index 57
 i 0:0.374514 i 1:0.727972 i 2:0.158468 i 3:0.135476 bias 1
 test_print 2.39643
net matrix:
 1.22556 -0.669688 -2.84126
outputs matrix:
 0.920643 0.207613 0.00339339
error matrix:
 0.079357 -0.207613 -0.00339339
delta matrix:
 0.0115956 -0.0683085 -2.29521e-05
weights_delta matrix:
 0.00043427 -0.00255825 -8.59587e-07
 0.000844125 -0.00497267 -1.67085e-06
 0.000183753 -0.00108247 -3.63717e-07
 0.000157092 -0.000925416 -3.10945e-07
 0.00115956 -0.00683085 -2.29521e-06
weights matrix:
 -1.00264 0.174707 -0.0262341
 1.85373 -2.21366 -0.564723
 -2.38868 1.00123 1.96168
 -2.00486 -0.814543 2.67629
 0.903725 0.816349 -3.09378
regression_error on 'test' 0.0935742
classification_error on 'test' 0.131579
Save,3612,0.0935742,0.131579
sample_count 75 Sample index 39
 i 0:0.397609 i 1:0.622103 i 2:0.18871 i 3:0.135476 bias 1
 test_print 2.3439
net matrix:
 0.935898 -0.412722 -2.72276
outputs matrix:
 0.866666 0.304609 0.00429704
error matrix:
 0.133334 -0.304609 -0.00429704
delta matrix:
 0.0308151 -0.129046 -3.67704e-05
weights_delta matrix:
 0.00122524 -0.00513099 -1.46203e-06
 0.00191702 -0.008028 -2.2875e-06
 0.000581512 -0.00243523 -6.93895e-07
 0.000417471 -0.00174827 -4.98151e-07
 0.00308151 -0.0129046 -3.67704e-06
weights matrix:
 -1.00142 0.169576 -0.0262356
 1.85565 -2.22169 -0.564725
 -2.38809 0.998795 1.96168
 -2.00444 -0.816291 2.67629
 0.906806 0.803444 -3.09378
regression_error on 'test' 0.092553
classification_error on 'test' 0.105263
Save,3613,0.092553,0.105263
sample_count 75 Sample index 59
 i 0:0.60547 i 1:0.233915 i 2:0.596976 i 3:0.536988 bias 1
 test_print 2.97335
net matrix:
 -1.76746 0.544348 -0.63355
outputs matrix:
 0.028335 0.748136 0.219754
error matrix:
 -0.028335 0.251864 -0.219754
delta matrix:
 -0.00156025 0.0949166 -0.075359
weights_delta matrix:
 -9.44683e-05 0.00574691 -0.00456276
 -3.64965e-05 0.00222024 -0.00176276
 -9.3143e-05 0.00566629 -0.00449875
 -8.37834e-05 0.00509691 -0.00404669
 -0.000156025 0.00949166 -0.0075359
weights matrix:
 -1.00151 0.175323 -0.0307983
 1.85561 -2.21947 -0.566488
 -2.38819 1.00446 1.95718
 -2.00453 -0.811194 2.67224
 0.90665 0.812936 -3.10132
regression_error on 'test' 0.0941042
classification_error on 'test' 0.131579
Save,3614,0.0941042,0.131579
sample_count 75 Sample index 61
 i 0:0.697853 i 1:0.480944 i 2:0.687702 i 3:0.682992 bias 1
 test_print 3.54949
net matrix:
 -1.91125 0.00457479 -0.224178
outputs matrix:
 0.0214048 0.502287 0.389752
error matrix:
 -0.0214048 0.497713 -0.389752
delta matrix:
 -0.000896717 0.248851 -0.185401
weights_delta matrix:
 -6.25776e-05 0.0173661 -0.0129383
 -4.3127e-05 0.0119683 -0.00891676
 -6.16674e-05 0.0171135 -0.0127501
 -6.1245e-05 0.0169963 -0.0126628
 -8.96717e-05 0.0248851 -0.0185401
weights matrix:
 -1.00158 0.192689 -0.0437366
 1.85557 -2.2075 -0.575404
 -2.38825 1.02157 1.94443
 -2.00459 -0.794198 2.65958
 0.90656 0.837821 -3.11986
regression_error on 'test' 0.0991436
classification_error on 'test' 0.157895
Save,3615,0.0991436,0.157895
sample_count 75 Sample index 27
 i 0:0.328323 i 1:0.622103 i 2:0.158468 i 3:0.135476 bias 1
 test_print 2.24437
net matrix:
 1.08204 -0.417917 -2.82374
outputs matrix:
 0.896977 0.302413 0.00351402
error matrix:
 0.103023 -0.302413 -0.00351402
delta matrix:
 0.0190405 -0.127594 -2.46099e-05
weights_delta matrix:
 0.000625144 -0.00418919 -8.07999e-07
 0.00118452 -0.00793764 -1.53099e-06
 0.000301731 -0.00202195 -3.89988e-07
 0.000257953 -0.00172859 -3.33405e-07
 0.00190405 -0.0127594 -2.46099e-06
weights matrix:
 -1.00095 0.1885 -0.0437374
 1.85675 -2.21544 -0.575406
 -2.38795 1.01955 1.94443
 -2.00433 -0.795926 2.65958
 0.908464 0.825062 -3.11986
regression_error on 'test' 0.0980164
classification_error on 'test' 0.157895
Save,3616,0.0980164,0.157895
sample_count 75 Sample index 2
 i 0:0.466896 i 1:0.480944 i 2:0.566734 i 3:0.500487 bias 1
 test_print 3.01506
net matrix:
 -1.02235 0.0270328 -0.983956
outputs matrix:
 0.114588 0.513513 0.122613
error matrix:
 -0.114588 0.486487 -0.122613
delta matrix:
 -0.0232517 0.243066 -0.0263813
weights_delta matrix:
 -0.00108561 0.0113486 -0.00123173
 -0.00111828 0.0116901 -0.00126879
 -0.00131775 0.0137754 -0.00149512
 -0.00116372 0.0121651 -0.00132035
 -0.00232517 0.0243066 -0.00263813
weights matrix:
 -1.00204 0.199849 -0.0449692
 1.85563 -2.20375 -0.576675
 -2.38927 1.03333 1.94294
 -2.00549 -0.783761 2.65826
 0.906139 0.849368 -3.1225
regression_error on 'test' 0.10118
classification_error on 'test' 0.157895
Save,3617,0.10118,0.157895
sample_count 75 Sample index 45
 i 0:0.697853 i 1:0.586813 i 2:0.793548 i 3:0.975 bias 1
 test_print 4.05321
net matrix:
 -2.55558 -0.248528 0.641339
outputs matrix:
 0.00599297 0.378233 0.782905
error matrix:
 -0.00599297 -0.378233 0.217095
delta matrix:
 -7.1401e-05 -0.1779 0.0737968
weights_delta matrix:
 -4.98274e-06 -0.0124148 0.00514993
 -4.1899e-06 -0.0104394 0.00433049
 -5.66601e-06 -0.0141172 0.00585613
 -6.9616e-06 -0.0173452 0.00719519
 -7.1401e-06 -0.01779 0.00737968
weights matrix:
 -1.00204 0.187434 -0.0398192
 1.85563 -2.21419 -0.572344
 -2.38927 1.01921 1.94879
 -2.0055 -0.801107 2.66546
 0.906132 0.831578 -3.11512
regression_error on 'test' 0.0975142
classification_error on 'test' 0.157895
Save,3618,0.0975142,0.157895
sample_count 75 Sample index 60
 i 0:0.559279 i 1:0.410364 i 2:0.536492 i 3:0.536988 bias 1
 test_print 3.04312
net matrix:
 -1.25156 0.144396 -0.895427
outputs matrix:
 0.0756398 0.5717 0.142968
error matrix:
 -0.0756398 0.4283 -0.142968
delta matrix:
 -0.0105772 0.209746 -0.0350352
weights_delta matrix:
 -0.000591562 0.0117307 -0.00195945
 -0.000434051 0.00860723 -0.00143772
 -0.00056746 0.0112527 -0.00187961
 -0.000567984 0.0112631 -0.00188135
 -0.00105772 0.0209746 -0.00350352
weights matrix:
 -1.00263 0.199165 -0.0417787
 1.8552 -2.20558 -0.573782
 -2.38984 1.03046 1.94691
 -2.00607 -0.789843 2.66358
 0.905074 0.852553 -3.11862
regression_error on 'test' 0.100379
classification_error on 'test' 0.157895
Save,3619,0.100379,0.157895
sample_count 75 Sample index 72
 i 0:0.905713 i 1:0.480944 i 2:0.929637 i 3:0.828996 bias 1
 test_print 4.14529
net matrix:
 -2.99548 0.275357 0.585598
outputs matrix:
 0.002495 0.634301 0.763361
error matrix:
 -0.002495 -0.634301 0.236639
delta matrix:
 -1.2419e-05 -0.294269 0.0854933
weights_delta matrix:
 -1.12481e-06 -0.0266523 0.00774324
 -5.97285e-07 -0.0141527 0.00411175
 -1.15452e-06 -0.0273563 0.00794777
 -1.02953e-06 -0.0243948 0.00708736
 -1.2419e-06 -0.0294269 0.00854933
weights matrix:
 -1.00263 0.172512 -0.0340354
 1.85519 -2.21974 -0.56967
 -2.38984 1.00311 1.95486
 -2.00607 -0.814238 2.67066
 0.905073 0.823126 -3.11007
regression_error on 'test' 0.0948674
classification_error on 'test' 0.131579
Save,3620,0.0948674,0.131579
sample_count 75 Sample index 45
 i 0:0.697853 i 1:0.586813 i 2:0.793548 i 3:0.975 bias 1
 test_print 4.05321
net matrix:
 -2.55834 -0.356924 0.687059
outputs matrix:
 0.0059602 0.328749 0.798045
error matrix:
 -0.0059602 -0.328749 0.201955
delta matrix:
 -7.06246e-05 -0.145092 0.0650981
weights_delta matrix:
 -4.92856e-06 -0.0101253 0.00454289
 -4.14434e-06 -0.00851419 0.00382004
 -5.6044e-06 -0.0115138 0.00516585
 -6.8859e-06 -0.0141465 0.00634706
 -7.06246e-06 -0.0145092 0.00650981
weights matrix:
 -1.00264 0.162387 -0.0294925
 1.85519 -2.22825 -0.56585
 -2.38985 0.991593 1.96003
 -2.00608 -0.828385 2.67701
 0.905066 0.808617 -3.10356
regression_error on 'test' 0.0922912
classification_error on 'test' 0.105263
Save,3621,0.0922912,0.105263
sample_count 75 Sample index 19
 i 0:0.674757 i 1:0.480944 i 2:0.596976 i 3:0.573489 bias 1
 test_print 3.32617
net matrix:
 -1.45637 -0.0365871 -0.69028
outputs matrix:
 0.0515272 0.481715 0.200919
error matrix:
 -0.0515272 0.518285 -0.200919
delta matrix:
 -0.00503648 0.258796 -0.0645154
weights_delta matrix:
 -0.00033984 0.0174624 -0.00435322
 -0.000242227 0.0124466 -0.00310283
 -0.000300666 0.0154495 -0.00385141
 -0.000288837 0.0148417 -0.00369989
 -0.000503648 0.0258796 -0.00645154
weights matrix:
 -1.00298 0.179849 -0.0338458
 1.85495 -2.2158 -0.568953
 -2.39015 1.00704 1.95618
 -2.00637 -0.813543 2.67331
 0.904562 0.834496 -3.11001
regression_error on 'test' 0.0957326
classification_error on 'test' 0.157895
Save,3622,0.0957326,0.157895
sample_count 75 Sample index 37
 i 0:0.720948 i 1:0.551523 i 2:0.82379 i 3:0.901998 bias 1
 test_print 3.99826
net matrix:
 -2.5742 -0.16213 0.574593
outputs matrix:
 0.00577512 0.419638 0.759362
error matrix:
 -0.00577512 -0.419638 0.240638
delta matrix:
 -6.63187e-05 -0.204399 0.0879442
weights_delta matrix:
 -4.78123e-06 -0.0147361 0.00634032
 -3.65763e-06 -0.0112731 0.00485032
 -5.46327e-06 -0.0168382 0.00724475
 -5.98194e-06 -0.0184367 0.00793255
 -6.63187e-06 -0.0204399 0.00879442
weights matrix:
 -1.00298 0.165113 -0.0275054
 1.85494 -2.22708 -0.564103
 -2.39015 0.990205 1.96342
 -2.00637 -0.83198 2.68124
 0.904556 0.814056 -3.10122
regression_error on 'test' 0.0921173
classification_error on 'test' 0.105263
Save,3623,0.0921173,0.105263
sample_count 75 Sample index 15
 i 0:0.720948 i 1:0.410364 i 2:0.65746 i 3:0.573489 bias 1
 test_print 3.36226
net matrix:
 -1.7794 0.193071 -0.524003
outputs matrix:
 0.0276846 0.595354 0.259608
error matrix:
 -0.0276846 0.404646 -0.259608
delta matrix:
 -0.00149044 0.194965 -0.0997994
weights_delta matrix:
 -0.000107453 0.0140559 -0.00719502
 -6.11623e-05 0.00800065 -0.00409541
 -9.79904e-05 0.0128182 -0.00656141
 -8.54751e-05 0.011181 -0.00572339
 -0.000149044 0.0194965 -0.00997994
weights matrix:
 -1.00309 0.179169 -0.0347005
 1.85488 -2.21908 -0.568198
 -2.39025 1.00302 1.95686
 -2.00646 -0.820799 2.67552
 0.904407 0.833553 -3.1112
regression_error on 'test' 0.0951783
classification_error on 'test' 0.131579
Save,3624,0.0951783,0.131579
sample_count 75 Sample index 32
 i 0:0.697853 i 1:0.516233 i 2:0.642339 i 3:0.60999 bias 1
 test_print 3.46642
net matrix:
 -1.59732 -0.0433717 -0.539731
outputs matrix:
 0.0393679 0.478328 0.253608
error matrix:
 -0.0393679 0.521672 -0.253608
delta matrix:
 -0.00297764 0.260346 -0.0960113
weights_delta matrix:
 -0.000207795 0.0181683 -0.00670018
 -0.000153715 0.0134399 -0.00495642
 -0.000191265 0.016723 -0.00616718
 -0.000181633 0.0158809 -0.00585659
 -0.000297764 0.0260346 -0.00960113
weights matrix:
 -1.0033 0.197338 -0.0414006
 1.85473 -2.20564 -0.573155
 -2.39044 1.01975 1.95069
 -2.00664 -0.804918 2.66966
 0.904109 0.859587 -3.1208
regression_error on 'test' 0.0994971
classification_error on 'test' 0.157895
Save,3625,0.0994971,0.157895
sample_count 75 Sample index 50
 i 0:0.489992 i 1:0.833841 i 2:0.113105 i 3:0.135476 bias 1
 test_print 2.57241
net matrix:
 1.41683 -0.876577 -3.0367
outputs matrix:
 0.944468 0.14765 0.00229805
error matrix:
 0.0555323 -0.14765 -0.00229805
delta matrix:
 0.00582517 -0.0371633 -1.05378e-05
weights_delta matrix:
 0.000285428 -0.00182097 -5.16342e-07
 0.000485726 -0.00309883 -8.78682e-07
 6.58855e-05 -0.000420336 -1.19187e-07
 7.8917e-05 -0.000503474 -1.42761e-07
 0.000582517 -0.00371633 -1.05378e-06
weights matrix:
 -1.00301 0.195517 -0.0414012
 1.85522 -2.20873 -0.573155
 -2.39037 1.01933 1.95069
 -2.00656 -0.805421 2.66966
 0.904692 0.855871 -3.1208
regression_error on 'test' 0.0991122
classification_error on 'test' 0.157895
Save,3626,0.0991122,0.157895
sample_count 75 Sample index 17
 i 0:0.443801 i 1:0.304495 i 2:0.521371 i 3:0.463986 bias 1
 test_print 2.73365
net matrix:
 -1.15283 0.427836 -1.05798
outputs matrix:
 0.0906552 0.701755 0.107556
error matrix:
 -0.0906552 0.298245 -0.107556
delta matrix:
 -0.0149466 0.124842 -0.020648
weights_delta matrix:
 -0.000663334 0.0055405 -0.000916359
 -0.000455118 0.00380138 -0.00062872
 -0.000779275 0.0065089 -0.00107652
 -0.000693504 0.0057925 -0.000958037
 -0.00149466 0.0124842 -0.0020648
weights matrix:
 -1.00368 0.201057 -0.0423175
 1.85476 -2.20493 -0.573784
 -2.39115 1.02583 1.94961
 -2.00725 -0.799629 2.6687
 0.903197 0.868355 -3.12287
regression_error on 'test' 0.100739
classification_error on 'test' 0.157895
Save,3627,0.100739,0.157895
sample_count 75 Sample index 13
 i 0:0.420705 i 1:0.269205 i 2:0.491129 i 3:0.427485 bias 1
 test_print 2.60852
net matrix:
 -1.05218 0.52135 -1.19679
outputs matrix:
 0.108674 0.739371 0.0836634
error matrix:
 -0.108674 0.260629 -0.0836634
delta matrix:
 -0.0210531 0.100448 -0.0128279
weights_delta matrix:
 -0.000885715 0.00422588 -0.000539676
 -0.00056676 0.0027041 -0.000345334
 -0.00103398 0.00493327 -0.000630016
 -0.000899989 0.00429398 -0.000548374
 -0.00210531 0.0100448 -0.00128279
weights matrix:
 -1.00456 0.205283 -0.0428572
 1.85419 -2.20223 -0.574129
 -2.39219 1.03077 1.94898
 -2.00815 -0.795335 2.66816
 0.901092 0.8784 -3.12415
regression_error on 'test' 0.102024
classification_error on 'test' 0.157895
Save,3628,0.102024,0.157895
sample_count 75 Sample index 59
 i 0:0.60547 i 1:0.233915 i 2:0.596976 i 3:0.536988 bias 1
 test_print 2.97335
net matrix:
 -1.77985 0.675817 -0.68813
outputs matrix:
 0.0276605 0.794397 0.20161
error matrix:
 -0.0276605 0.205603 -0.20161
delta matrix:
 -0.00148788 0.0671627 -0.0649038
weights_delta matrix:
 -9.00865e-05 0.0040665 -0.00392973
 -3.48037e-05 0.00157104 -0.0015182
 -8.88227e-05 0.00400945 -0.0038746
 -7.98973e-05 0.00360656 -0.00348526
 -0.000148788 0.00671627 -0.00649038
weights matrix:
 -1.00465 0.209349 -0.0467869
 1.85416 -2.20066 -0.575648
 -2.39228 1.03478 1.94511
 -2.00823 -0.791728 2.66467
 0.900943 0.885116 -3.13064
regression_error on 'test' 0.103532
classification_error on 'test' 0.157895
Save,3629,0.103532,0.157895
sample_count 75 Sample index 69
 i 0:0.628566 i 1:0.445654 i 2:0.581855 i 3:0.536988 bias 1
 test_print 3.19306
net matrix:
 -1.37459 0.212916 -0.853919
outputs matrix:
 0.060133 0.604878 0.153444
error matrix:
 -0.060133 0.395122 -0.153444
delta matrix:
 -0.00679708 0.188869 -0.0398646
weights_delta matrix:
 -0.000427241 0.0118717 -0.00250575
 -0.000302915 0.00841702 -0.00177658
 -0.000395491 0.0109894 -0.00231954
 -0.000364995 0.010142 -0.00214068
 -0.000679708 0.0188869 -0.00398646
weights matrix:
 -1.00508 0.221221 -0.0492927
 1.85386 -2.19224 -0.577424
 -2.39267 1.04577 1.94279
 -2.0086 -0.781586 2.66253
 0.900263 0.904003 -3.13463
regression_error on 'test' 0.106743
classification_error on 'test' 0.157895
Save,3630,0.106743,0.157895
sample_count 75 Sample index 10
 i 0:0.697853 i 1:0.304495 i 2:0.808669 i 3:0.719493 bias 1
 test_print 3.53051
net matrix:
 -2.6167 0.67419 0.141899
outputs matrix:
 0.00530707 0.793865 0.570477
error matrix:
 -0.00530707 -0.793865 0.429523
delta matrix:
 -5.6031e-05 -0.259822 0.210495
weights_delta matrix:
 -3.91014e-06 -0.0181317 0.0146894
 -1.70612e-06 -0.00791144 0.00640946
 -4.53105e-06 -0.021011 0.017022
 -4.03139e-06 -0.018694 0.0151449
 -5.6031e-06 -0.0259822 0.0210495
weights matrix:
 -1.00508 0.203089 -0.0346032
 1.85385 -2.20015 -0.571015
 -2.39268 1.02476 1.95981
 -2.0086 -0.80028 2.67767
 0.900257 0.878021 -3.11358
regression_error on 'test' 0.100337
classification_error on 'test' 0.157895
Save,3631,0.100337,0.157895
sample_count 75 Sample index 65
 i 0:0.928809 i 1:0.410364 i 2:0.944758 i 3:0.792495 bias 1
 test_print 4.07643
net matrix:
 -3.12483 0.497717 0.593553
outputs matrix:
 0.0019274 0.73016 0.766223
error matrix:
 -0.0019274 -0.73016 0.233777
delta matrix:
 -7.41545e-06 -0.287722 0.0837508
weights_delta matrix:
 -6.88754e-07 -0.0267238 0.00777885
 -3.04303e-07 -0.0118071 0.00343683
 -7.00581e-07 -0.0271827 0.00791242
 -5.87671e-07 -0.0228018 0.00663721
 -7.41545e-07 -0.0287722 0.00837508
weights matrix:
 -1.00508 0.176366 -0.0268244
 1.85385 -2.21196 -0.567578
 -2.39268 0.997573 1.96772
 -2.0086 -0.823082 2.68431
 0.900257 0.849249 -3.1052
regression_error on 'test' 0.0948647
classification_error on 'test' 0.131579
Save,3632,0.0948647,0.131579
sample_count 75 Sample index 12
 i 0:0.166653 i 1:0.480944 i 2:0.128226 i 3:0.135476 bias 1
 test_print 1.9113
net matrix:
 1.04544 -0.168781 -2.76667
outputs matrix:
 0.890013 0.416402 0.00393719
error matrix:
 0.109987 -0.416402 -0.00393719
delta matrix:
 0.0215333 -0.202381 -3.08809e-05
weights_delta matrix:
 0.000358859 -0.00337274 -5.1464e-07
 0.00103563 -0.00973338 -1.4852e-06
 0.000276113 -0.00259505 -3.95974e-07
 0.000291725 -0.00274177 -4.18362e-07
 0.00215333 -0.0202381 -3.08809e-06
weights matrix:
 -1.00473 0.172993 -0.0268249
 1.85489 -2.22169 -0.567579
 -2.3924 0.994978 1.96772
 -2.00831 -0.825824 2.68431
 0.90241 0.829011 -3.1052
regression_error on 'test' 0.0934011
classification_error on 'test' 0.131579
Save,3633,0.0934011,0.131579
sample_count 75 Sample index 53
 i 0:0.489992 i 1:0.410364 i 2:0.702823 i 3:0.938499 bias 1
 test_print 3.54168
net matrix:
 -2.39495 -0.0736684 0.550924
outputs matrix:
 0.00824474 0.463232 0.750606
error matrix:
 -0.00824474 -0.463232 0.249394
delta matrix:
 -0.000134831 -0.230364 0.0933714
weights_delta matrix:
 -6.6066e-06 -0.0112876 0.00457512
 -5.53297e-06 -0.0094533 0.00383163
 -9.47621e-06 -0.0161905 0.00656236
 -1.26538e-05 -0.0216196 0.00876289
 -1.34831e-05 -0.0230364 0.00933714
weights matrix:
 -1.00473 0.161705 -0.0222498
 1.85488 -2.23115 -0.563748
 -2.39241 0.978787 1.97429
 -2.00832 -0.847443 2.69307
 0.902397 0.805974 -3.09587
regression_error on 'test' 0.0900132
classification_error on 'test' 0.0526316
Save,3634,0.0900132,0.0526316
sample_count 75 Sample index 33
 i 0:0.559279 i 1:0.480944 i 2:0.672581 i 3:0.719493 bias 1
 test_print 3.4323
net matrix:
 -1.8215 -0.128059 -0.113926
outputs matrix:
 0.0255062 0.436318 0.443282
error matrix:
 -0.0255062 -0.436318 0.556718
delta matrix:
 -0.00126794 -0.21462 0.274777
weights_delta matrix:
 -7.09134e-05 -0.0120033 0.0153677
 -6.0981e-05 -0.010322 0.0132152
 -8.52795e-05 -0.0144349 0.018481
 -9.12277e-05 -0.0154418 0.01977
 -0.000126794 -0.021462 0.0274777
weights matrix:
 -1.0048 0.149702 -0.00688209
 1.85482 -2.24147 -0.550533
 -2.3925 0.964352 1.99277
 -2.00842 -0.862885 2.71284
 0.90227 0.784512 -3.06839
regression_error on 'test' 0.0861154
classification_error on 'test' 0.105263
Save,3635,0.0861154,0.105263
sample_count 75 Sample index 29
 i 0:0.420705 i 1:0.304495 i 2:0.536492 i 3:0.536988 bias 1
 test_print 2.79868
net matrix:
 -1.31772 0.218985 -0.71305
outputs matrix:
 0.0668919 0.607775 0.193707
error matrix:
 -0.0668919 0.392225 -0.193707
delta matrix:
 -0.00835044 0.187001 -0.0605082
weights_delta matrix:
 -0.000351307 0.00786721 -0.00254561
 -0.000254267 0.00569407 -0.00184244
 -0.000447994 0.0100324 -0.00324621
 -0.000448409 0.0100417 -0.00324922
 -0.000835044 0.0187001 -0.00605082
weights matrix:
 -1.00515 0.157569 -0.00942769
 1.85457 -2.23577 -0.552375
 -2.39294 0.974385 1.98952
 -2.00886 -0.852844 2.7096
 0.901435 0.803212 -3.07444
regression_error on 'test' 0.0878416
classification_error on 'test' 0.0789474
Save,3636,0.0878416,0.0789474
sample_count 75 Sample index 33
 i 0:0.559279 i 1:0.480944 i 2:0.672581 i 3:0.719493 bias 1
 test_print 3.4323
net matrix:
 -1.8236 -0.142207 -0.0577248
outputs matrix:
 0.0254022 0.429372 0.47117
error matrix:
 -0.0254022 -0.429372 0.52883
delta matrix:
 -0.00125776 -0.210402 0.263536
weights_delta matrix:
 -7.03438e-05 -0.0117674 0.014739
 -6.04911e-05 -0.0101192 0.0126746
 -8.45944e-05 -0.0141513 0.0177249
 -9.04948e-05 -0.0151383 0.0189612
 -0.000125776 -0.0210402 0.0263536
weights matrix:
 -1.00522 0.145802 0.00531132
 1.85451 -2.24589 -0.5397
 -2.39303 0.960234 2.00725
 -2.00895 -0.867982 2.72856
 0.901309 0.782172 -3.04809
regression_error on 'test' 0.0845268
classification_error on 'test' 0.0789474
Save,3637,0.0845268,0.0789474
sample_count 75 Sample index 32
 i 0:0.697853 i 1:0.516233 i 2:0.642339 i 3:0.60999 bias 1
 test_print 3.46642
net matrix:
 -1.60541 -0.188148 -0.369266
outputs matrix:
 0.0387606 0.40702 0.323325
error matrix:
 -0.0387606 0.59298 -0.323325
delta matrix:
 -0.00288831 0.286237 -0.141478
weights_delta matrix:
 -0.000201561 0.0199751 -0.00987309
 -0.000149104 0.0147765 -0.00730357
 -0.000185527 0.0183861 -0.00908769
 -0.000176184 0.0174602 -0.00863002
 -0.000288831 0.0286237 -0.0141478
weights matrix:
 -1.00543 0.165777 -0.00456177
 1.85436 -2.23112 -0.547004
 -2.39321 0.97862 1.99816
 -2.00913 -0.850522 2.71993
 0.90102 0.810796 -3.06223
regression_error on 'test' 0.0878351
classification_error on 'test' 0.0789474
Save,3638,0.0878351,0.0789474
sample_count 75 Sample index 3
 i 0:0.744044 i 1:0.516233 i 2:0.672581 i 3:0.60999 bias 1
 test_print 3.54285
net matrix:
 -1.72496 -0.0782435 -0.344958
outputs matrix:
 0.0307713 0.460958 0.334052
error matrix:
 -0.0307713 0.539042 -0.334052
delta matrix:
 -0.00183547 0.267878 -0.148627
weights_delta matrix:
 -0.000136567 0.0199313 -0.0110585
 -9.4753e-05 0.0138287 -0.00767262
 -0.00012345 0.0180169 -0.00999637
 -0.000111962 0.0163403 -0.0090661
 -0.000183547 0.0267878 -0.0148627
weights matrix:
 -1.00556 0.185708 -0.0156203
 1.85426 -2.21729 -0.554677
 -2.39334 0.996637 1.98816
 -2.00924 -0.834181 2.71086
 0.900837 0.837584 -3.0771
regression_error on 'test' 0.0917835
classification_error on 'test' 0.0789474
Save,3639,0.0917835,0.0789474
sample_count 75 Sample index 4
 i 0:0.212844 i 1:0.516233 i 2:0.158468 i 3:0.135476 bias 1
 test_print 2.02302
net matrix:
 0.99257 -0.222603 -2.68445
outputs matrix:
 0.879228 0.390501 0.00463767
error matrix:
 0.120772 -0.390501 -0.00463767
delta matrix:
 0.0256486 -0.185886 -4.28165e-05
weights_delta matrix:
 0.000545916 -0.00395648 -9.11323e-07
 0.00132407 -0.00959607 -2.21033e-06
 0.000406449 -0.0029457 -6.78504e-07
 0.000347478 -0.00251831 -5.80061e-07
 0.00256486 -0.0185886 -4.28165e-06
weights matrix:
 -1.00502 0.181752 -0.0156212
 1.85559 -2.22688 -0.554679
 -2.39293 0.993691 1.98816
 -2.00889 -0.8367 2.71086
 0.903401 0.818995 -3.0771
regression_error on 'test' 0.0904395
classification_error on 'test' 0.0526316
Save,3640,0.0904395,0.0526316
sample_count 75 Sample index 41
 i 0:0.674757 i 1:0.445654 i 2:0.627218 i 3:0.536988 bias 1
 test_print 3.28462
net matrix:
 -1.52743 0.123177 -0.632126
outputs matrix:
 0.0450079 0.561279 0.220243
error matrix:
 -0.0450079 0.438721 -0.220243
delta matrix:
 -0.00386908 0.216066 -0.0756471
weights_delta matrix:
 -0.000261069 0.0145792 -0.00510434
 -0.000172427 0.00962906 -0.00337124
 -0.000242676 0.013552 -0.00474472
 -0.000207765 0.0116025 -0.00406216
 -0.000386908 0.0216066 -0.00756471
weights matrix:
 -1.00528 0.196331 -0.0207255
 1.85542 -2.21725 -0.55805
 -2.39317 1.00724 1.98342
 -2.0091 -0.825097 2.7068
 0.903015 0.840602 -3.08467
regression_error on 'test' 0.093397
classification_error on 'test' 0.105263
Save,3641,0.093397,0.105263
sample_count 75 Sample index 19
 i 0:0.674757 i 1:0.480944 i 2:0.596976 i 3:0.573489 bias 1
 test_print 3.32617
net matrix:
 -1.46382 0.0348175 -0.63067
outputs matrix:
 0.0508042 0.517402 0.220743
error matrix:
 -0.0508042 0.482598 -0.220743
delta matrix:
 -0.00489988 0.241007 -0.0759426
weights_delta matrix:
 -0.000330623 0.0162621 -0.00512428
 -0.000235657 0.0115911 -0.00365241
 -0.000292511 0.0143875 -0.00453359
 -0.000281002 0.0138215 -0.00435522
 -0.000489988 0.0241007 -0.00759426
weights matrix:
 -1.00561 0.212593 -0.0258498
 1.85518 -2.20566 -0.561702
 -2.39347 1.02163 1.97888
 -2.00938 -0.811276 2.70244
 0.902525 0.864702 -3.09226
regression_error on 'test' 0.0970697
classification_error on 'test' 0.157895
Save,3642,0.0970697,0.157895
sample_count 75 Sample index 38
 i 0:0.397609 i 1:0.798551 i 2:0.128226 i 3:0.208478 bias 1
 test_print 2.53286
net matrix:
 1.25833 -0.850237 -2.73394
outputs matrix:
 0.925301 0.154403 0.00420242
error matrix:
 0.0746992 -0.154403 -0.00420242
delta matrix:
 0.0103263 -0.0403187 -3.51722e-05
weights_delta matrix:
 0.000410583 -0.00160311 -1.39848e-06
 0.000824607 -0.00321965 -2.80868e-06
 0.00013241 -0.00051699 -4.50999e-07
 0.00021528 -0.000840556 -7.33262e-07
 0.00103263 -0.00403187 -3.51722e-06
weights matrix:
 -1.0052 0.21099 -0.0258512
 1.85601 -2.20888 -0.561705
 -2.39333 1.02111 1.97888
 -2.00917 -0.812116 2.70244
 0.903557 0.86067 -3.09226
regression_error on 'test' 0.0966442
classification_error on 'test' 0.157895
Save,3643,0.0966442,0.157895
sample_count 75 Sample index 58
 i 0:0.282131 i 1:0.516233 i 2:0.158468 i 3:0.0989754 bias 1
 test_print 2.05581
net matrix:
 0.999966 -0.138667 -2.80846
outputs matrix:
 0.88079 0.431107 0.00362263
error matrix:
 0.11921 -0.431107 -0.00362263
delta matrix:
 0.0250339 -0.211462 -2.61518e-05
weights_delta matrix:
 0.000706284 -0.00596599 -7.37823e-07
 0.00129233 -0.0109163 -1.35004e-06
 0.000396707 -0.00335099 -4.14422e-07
 0.000247774 -0.00209295 -2.58839e-07
 0.00250339 -0.0211462 -2.61518e-06
weights matrix:
 -1.00449 0.205024 -0.0258519
 1.8573 -2.2198 -0.561707
 -2.39294 1.01776 1.97888
 -2.00892 -0.814209 2.70244
 0.906061 0.839524 -3.09227
regression_error on 'test' 0.0948252
classification_error on 'test' 0.131579
Save,3644,0.0948252,0.131579
sample_count 75 Sample index 3
 i 0:0.744044 i 1:0.516233 i 2:0.672581 i 3:0.60999 bias 1
 test_print 3.54285
net matrix:
 -1.71739 0.0340054 -0.422052
outputs matrix:
 0.0312258 0.516996 0.300671
error matrix:
 -0.0312258 0.483004 -0.300671
delta matrix:
 -0.00188921 0.241223 -0.126443
weights_delta matrix:
 -0.000140566 0.017948 -0.00940793
 -9.75274e-05 0.0124527 -0.00652741
 -0.000127065 0.0162242 -0.00850433
 -0.00011524 0.0147144 -0.00771291
 -0.000188921 0.0241223 -0.0126443
weights matrix:
 -1.00463 0.222972 -0.0352599
 1.8572 -2.20735 -0.568234
 -2.39306 1.03399 1.97038
 -2.00904 -0.799495 2.69473
 0.905872 0.863647 -3.10491
regression_error on 'test' 0.0992842
classification_error on 'test' 0.157895
Save,3645,0.0992842,0.157895
sample_count 75 Sample index 1
 i 0:0.582374 i 1:0.445654 i 2:0.581855 i 3:0.536988 bias 1
 test_print 3.14687
net matrix:
 -1.32278 0.182098 -0.785169
outputs matrix:
 0.0662637 0.590056 0.172168
error matrix:
 -0.0662637 0.409944 -0.172168
delta matrix:
 -0.00819984 0.198323 -0.0490769
weights_delta matrix:
 -0.000477538 0.0115498 -0.00285811
 -0.000365429 0.00883834 -0.00218713
 -0.000477112 0.0115395 -0.00285557
 -0.000440322 0.0106497 -0.00263537
 -0.000819984 0.0198323 -0.00490769
weights matrix:
 -1.00511 0.234522 -0.038118
 1.85683 -2.19851 -0.570421
 -2.39354 1.04553 1.96752
 -2.00948 -0.788845 2.69209
 0.905052 0.883479 -3.10982
regression_error on 'test' 0.102484
classification_error on 'test' 0.157895
Save,3646,0.102484,0.157895
sample_count 75 Sample index 62
 i 0:0.582374 i 1:0.622103 i 2:0.748185 i 3:0.901998 bias 1
 test_print 3.85466
net matrix:
 -2.12851 -0.27693 0.413456
outputs matrix:
 0.0139666 0.364969 0.695702
error matrix:
 -0.0139666 -0.364969 0.304298
delta matrix:
 -0.000384683 -0.169175 0.128841
weights_delta matrix:
 -2.24029e-05 -0.00985233 0.00750334
 -2.39312e-05 -0.0105245 0.00801521
 -2.87814e-05 -0.0126574 0.00963966
 -3.46983e-05 -0.0152596 0.0116214
 -3.84683e-05 -0.0169175 0.0128841
weights matrix:
 -1.00513 0.224669 -0.0306146
 1.85681 -2.20903 -0.562406
 -2.39357 1.03287 1.97716
 -2.00951 -0.804105 2.70371
 0.905013 0.866561 -3.09693
regression_error on 'test' 0.098436
classification_error on 'test' 0.157895
Save,3647,0.098436,0.157895
sample_count 75 Sample index 6
 i 0:0.305227 i 1:0.657392 i 2:0.128226 i 3:0.171977 bias 1
 test_print 2.26282
net matrix:
 1.16636 -0.522911 -2.7575
outputs matrix:
 0.911552 0.260028 0.00400979
error matrix:
 0.0884484 -0.260028 -0.00400979
delta matrix:
 0.0142623 -0.100066 -3.20279e-05
weights_delta matrix:
 0.000435325 -0.00305428 -9.77577e-07
 0.000937595 -0.00657825 -2.10549e-06
 0.00018288 -0.0012831 -4.1068e-07
 0.000245279 -0.0017209 -5.50806e-07
 0.00142623 -0.0100066 -3.20279e-06
weights matrix:
 -1.0047 0.221615 -0.0306156
 1.85775 -2.21561 -0.562408
 -2.39339 1.03159 1.97716
 -2.00927 -0.805826 2.70371
 0.906439 0.856555 -3.09694
regression_error on 'test' 0.0974461
classification_error on 'test' 0.157895
Save,3648,0.0974461,0.157895
sample_count 75 Sample index 46
 i 0:0.928809 i 1:0.480944 i 2:0.854032 i 3:0.901998 bias 1
 test_print 4.16578
net matrix:
 -2.98964 0.150962 0.731444
outputs matrix:
 0.00252425 0.574913 0.811974
error matrix:
 -0.00252425 -0.574913 0.188026
delta matrix:
 -1.27115e-05 -0.281004 0.0574127
weights_delta matrix:
 -1.18066e-06 -0.0260999 0.00533254
 -6.11352e-07 -0.0135147 0.00276123
 -1.0856e-06 -0.0239986 0.00490323
 -1.14658e-06 -0.0253465 0.00517861
 -1.27115e-06 -0.0281004 0.00574127
weights matrix:
 -1.0047 0.195515 -0.0252831
 1.85775 -2.22913 -0.559647
 -2.39339 1.00759 1.98207
 -2.00927 -0.831172 2.70889
 0.906438 0.828454 -3.0912
regression_error on 'test' 0.0925515
classification_error on 'test' 0.105263
Save,3649,0.0925515,0.105263
sample_count 75 Sample index 47
 i 0:0.282131 i 1:0.516233 i 2:0.158468 i 3:0.0989754 bias 1
 test_print 2.05581
net matrix:
 1.00387 -0.189728 -2.80503
outputs matrix:
 0.881607 0.406258 0.0036475
error matrix:
 0.118393 -0.406258 -0.0036475
delta matrix:
 0.0247148 -0.195989 -2.65114e-05
weights_delta matrix:
 0.00069728 -0.00552945 -7.4797e-07
 0.00127586 -0.0101176 -1.36861e-06
 0.00039165 -0.0031058 -4.20121e-07
 0.000244615 -0.00193981 -2.62398e-07
 0.00247148 -0.0195989 -2.65114e-06
weights matrix:
 -1.004 0.189986 -0.0252838
 1.85902 -2.23924 -0.559648
 -2.393 1.00448 1.98206
 -2.00902 -0.833112 2.70889
 0.90891 0.808855 -3.0912
regression_error on 'test' 0.0911367
classification_error on 'test' 0.0789474
Save,3650,0.0911367,0.0789474
sample_count 75 Sample index 55
 i 0:0.628566 i 1:0.551523 i 2:0.612097 i 3:0.60999 bias 1
 test_print 3.40218
net matrix:
 -1.38711 -0.20007 -0.550137
outputs matrix:
 0.0587337 0.401279 0.249689
error matrix:
 -0.0587337 0.598721 -0.249689
delta matrix:
 -0.00649407 0.287691 -0.0935554
weights_delta matrix:
 -0.000408195 0.0180832 -0.00588057
 -0.000358163 0.0158668 -0.0051598
 -0.0003975 0.0176095 -0.0057265
 -0.000396132 0.0175488 -0.00570679
 -0.000649407 0.0287691 -0.00935554
weights matrix:
 -1.00441 0.208069 -0.0311644
 1.85867 -2.22338 -0.564808
 -2.39339 1.02209 1.97634
 -2.00942 -0.815563 2.70319
 0.90826 0.837625 -3.10055
regression_error on 'test' 0.0952429
classification_error on 'test' 0.131579
Save,3651,0.0952429,0.131579
sample_count 75 Sample index 16
 i 0:0.60547 i 1:0.304495 i 2:0.687702 i 3:0.755994 bias 1
 test_print 3.35366
net matrix:
 -2.29898 0.37293 0.111319
outputs matrix:
 0.00997202 0.678276 0.555431
error matrix:
 -0.00997202 -0.678276 0.444569
delta matrix:
 -0.000196899 -0.296024 0.219553
weights_delta matrix:
 -1.19216e-05 -0.0179233 0.0132933
 -5.99548e-06 -0.00901377 0.00668527
 -1.35408e-05 -0.0203576 0.0150987
 -1.48855e-05 -0.0223792 0.016598
 -1.96899e-05 -0.0296024 0.0219553
weights matrix:
 -1.00442 0.190146 -0.0178711
 1.85866 -2.23239 -0.558123
 -2.39341 1.00173 1.99144
 -2.00943 -0.837942 2.71978
 0.908241 0.808022 -3.0786
regression_error on 'test' 0.0901144
classification_error on 'test' 0.0526316
Save,3652,0.0901144,0.0526316
sample_count 75 Sample index 67
 i 0:0.443801 i 1:0.375074 i 2:0.566734 i 3:0.536988 bias 1
 test_print 2.9226
net matrix:
 -1.27585 0.172849 -0.706761
outputs matrix:
 0.0723117 0.585574 0.195679
error matrix:
 -0.0723117 0.414426 -0.195679
delta matrix:
 -0.00970174 0.201144 -0.0615953
weights_delta matrix:
 -0.000430564 0.00892677 -0.00273361
 -0.000363887 0.00754437 -0.00231028
 -0.000549831 0.0113995 -0.00349082
 -0.000520972 0.0108012 -0.0033076
 -0.000970174 0.0201144 -0.00615953
weights matrix:
 -1.00485 0.199072 -0.0206048
 1.8583 -2.22485 -0.560433
 -2.39396 1.01313 1.98795
 -2.00995 -0.827141 2.71648
 0.90727 0.828137 -3.08476
regression_error on 'test' 0.0925098
classification_error on 'test' 0.0789474
Save,3653,0.0925098,0.0789474
sample_count 75 Sample index 18
 i 0:0.513088 i 1:0.480944 i 2:0.566734 i 3:0.60999 bias 1
 test_print 3.17076
net matrix:
 -1.29736 -0.0701194 -0.581208
outputs matrix:
 0.069479 0.464998 0.238229
error matrix:
 -0.069479 0.535002 -0.238229
delta matrix:
 -0.00898387 0.26619 -0.0864655
weights_delta matrix:
 -0.000460952 0.0136579 -0.00443644
 -0.000432074 0.0128023 -0.00415851
 -0.000509147 0.0150859 -0.00490029
 -0.000548007 0.0162373 -0.00527431
 -0.000898387 0.026619 -0.00864655
weights matrix:
 -1.00531 0.21273 -0.0250412
 1.85786 -2.21204 -0.564592
 -2.39447 1.02822 1.98305
 -2.0105 -0.810904 2.7112
 0.906372 0.854756 -3.09341
regression_error on 'test' 0.0963282
classification_error on 'test' 0.131579
Save,3654,0.0963282,0.131579
sample_count 75 Sample index 9
 i 0:0.351418 i 1:0.375074 i 2:0.521371 i 3:0.573489 bias 1
 test_print 2.82135
net matrix:
 -1.15148 0.170872 -0.725222
outputs matrix:
 0.0908776 0.584614 0.189933
error matrix:
 -0.0908776 0.415386 -0.189933
delta matrix:
 -0.0150164 0.201745 -0.0584458
weights_delta matrix:
 -0.000527704 0.00708969 -0.00205389
 -0.000563227 0.00756694 -0.00219215
 -0.000782912 0.0105184 -0.00304719
 -0.000861175 0.0115699 -0.0033518
 -0.00150164 0.0201745 -0.00584458
weights matrix:
 -1.00584 0.21982 -0.0270951
 1.8573 -2.20448 -0.566784
 -2.39525 1.03874 1.98
 -2.01136 -0.799334 2.70785
 0.90487 0.87493 -3.09925
regression_error on 'test' 0.0991973
classification_error on 'test' 0.157895
Save,3655,0.0991973,0.157895
sample_count 75 Sample index 24
 i 0:0.466896 i 1:0.445654 i 2:0.566734 i 3:0.536988 bias 1
 test_print 3.01627
net matrix:
 -1.17459 0.154584 -0.788274
outputs matrix:
 0.0871315 0.576682 0.171285
error matrix:
 -0.0871315 0.423318 -0.171285
delta matrix:
 -0.0138608 0.206681 -0.0486265
weights_delta matrix:
 -0.000647156 0.00964983 -0.00227035
 -0.000617713 0.0092108 -0.00216706
 -0.00078554 0.0117133 -0.00275583
 -0.000744309 0.0110985 -0.00261119
 -0.00138608 0.0206681 -0.00486265
weights matrix:
 -1.00649 0.22947 -0.0293654
 1.85668 -2.19527 -0.568951
 -2.39604 1.05045 1.97724
 -2.01211 -0.788236 2.70524
 0.903484 0.895598 -3.10411
regression_error on 'test' 0.102441
classification_error on 'test' 0.157895
Save,3656,0.102441,0.157895
sample_count 75 Sample index 45
 i 0:0.697853 i 1:0.586813 i 2:0.793548 i 3:0.975 bias 1
 test_print 4.05321
net matrix:
 -2.57254 -0.167423 0.748172
outputs matrix:
 0.00579419 0.417062 0.817029
error matrix:
 -0.00579419 -0.417062 0.182971
delta matrix:
 -6.67562e-05 -0.202793 0.0547058
weights_delta matrix:
 -4.6586e-06 -0.014152 0.00381766
 -3.91734e-06 -0.0119002 0.00321021
 -5.29743e-06 -0.0160926 0.00434117
 -6.50873e-06 -0.0197723 0.00533382
 -6.67562e-06 -0.0202793 0.00547058
weights matrix:
 -1.00649 0.215318 -0.0255478
 1.85668 -2.20717 -0.565741
 -2.39604 1.03436 1.98158
 -2.01211 -0.808008 2.71057
 0.903478 0.875319 -3.09864
regression_error on 'test' 0.0982984
classification_error on 'test' 0.157895
Save,3657,0.0982984,0.157895
sample_count 75 Sample index 26
 i 0:0.489992 i 1:0.339785 i 2:0.536492 i 3:0.500487 bias 1
 test_print 2.86676
net matrix:
 -1.25132 0.381388 -0.88368
outputs matrix:
 0.0756737 0.681956 0.145871
error matrix:
 -0.0756737 0.318044 -0.145871
delta matrix:
 -0.0105863 0.137962 -0.0363489
weights_delta matrix:
 -0.000518721 0.00676004 -0.00178107
 -0.000359707 0.00468775 -0.00123508
 -0.000567948 0.00740157 -0.00195009
 -0.000529832 0.00690484 -0.00181922
 -0.00105863 0.0137962 -0.00363489
weights matrix:
 -1.00701 0.222078 -0.0273288
 1.85632 -2.20248 -0.566976
 -2.39661 1.04176 1.97963
 -2.01264 -0.801103 2.70875
 0.902419 0.889115 -3.10228
regression_error on 'test' 0.100344
classification_error on 'test' 0.157895
Save,3658,0.100344,0.157895
sample_count 75 Sample index 37
 i 0:0.720948 i 1:0.551523 i 2:0.82379 i 3:0.901998 bias 1
 test_print 3.99826
net matrix:
 -2.58948 -0.0298985 0.639413
outputs matrix:
 0.00560226 0.485055 0.78225
error matrix:
 -0.00560226 -0.485055 0.21775
delta matrix:
 -6.2419e-05 -0.242311 0.0741809
weights_delta matrix:
 -4.50008e-06 -0.0174694 0.00534806
 -3.44255e-06 -0.013364 0.00409125
 -5.14201e-06 -0.0199613 0.00611095
 -5.63018e-06 -0.0218564 0.0066911
 -6.2419e-06 -0.0242311 0.00741809
weights matrix:
 -1.00702 0.204609 -0.0219808
 1.85632 -2.21584 -0.562884
 -2.39661 1.0218 1.98574
 -2.01265 -0.822959 2.71544
 0.902413 0.864884 -3.09486
regression_error on 'test' 0.0956352
classification_error on 'test' 0.131579
Save,3659,0.0956352,0.131579
sample_count 75 Sample index 29
 i 0:0.420705 i 1:0.304495 i 2:0.536492 i 3:0.536988 bias 1
 test_print 2.79868
net matrix:
 -1.32254 0.382518 -0.752004
outputs matrix:
 0.0662932 0.682446 0.181828
error matrix:
 -0.0662932 0.317554 -0.181828
delta matrix:
 -0.00820689 0.137636 -0.0541001
weights_delta matrix:
 -0.000345268 0.00579043 -0.00227602
 -0.000249896 0.00419096 -0.00164732
 -0.000440293 0.00738408 -0.00290243
 -0.0004407 0.00739091 -0.00290511
 -0.000820689 0.0137636 -0.00541001
weights matrix:
 -1.00736 0.210399 -0.0242568
 1.85607 -2.21165 -0.564532
 -2.39705 1.02918 1.98284
 -2.01309 -0.815568 2.71254
 0.901592 0.878648 -3.10027
regression_error on 'test' 0.0976263
classification_error on 'test' 0.157895
Save,3660,0.0976263,0.157895
sample_count 75 Sample index 73
 i 0:0.582374 i 1:0.410364 i 2:0.65746 i 3:0.719493 bias 1
 test_print 3.36969
net matrix:
 -1.94778 0.183446 -0.0907659
outputs matrix:
 0.0199269 0.590708 0.454741
error matrix:
 -0.0199269 -0.590708 0.545259
delta matrix:
 -0.00077834 -0.285633 0.270396
weights_delta matrix:
 -4.53285e-05 -0.0166345 0.0157471
 -3.19403e-05 -0.0117214 0.0110961
 -5.11728e-05 -0.0187793 0.0177774
 -5.6001e-05 -0.0205511 0.0194548
 -7.7834e-05 -0.0285633 0.0270396
weights matrix:
 -1.00741 0.193764 -0.00850967
 1.85603 -2.22337 -0.553436
 -2.39711 1.0104 2.00062
 -2.01315 -0.83612 2.73199
 0.901514 0.850084 -3.07323
regression_error on 'test' 0.0919885
classification_error on 'test' 0.0789474
Save,3661,0.0919885,0.0789474
sample_count 75 Sample index 25
 i 0:0.628566 i 1:0.410364 i 2:0.778427 i 3:0.865497 bias 1
 test_print 3.68285
net matrix:
 -2.5784 0.122351 0.616181
outputs matrix:
 0.00572711 0.560872 0.774232
error matrix:
 -0.00572711 -0.560872 0.225768
delta matrix:
 -6.52238e-05 -0.27628 0.0789272
weights_delta matrix:
 -4.09974e-06 -0.017366 0.00496109
 -2.67655e-06 -0.0113375 0.00323889
 -5.07719e-06 -0.0215063 0.0061439
 -5.6451e-06 -0.0239119 0.00683112
 -6.52238e-06 -0.027628 0.00789272
weights matrix:
 -1.00741 0.176398 -0.00354857
 1.85603 -2.23471 -0.550197
 -2.39711 0.988896 2.00676
 -2.01315 -0.860032 2.73883
 0.901508 0.822456 -3.06534
regression_error on 'test' 0.0880844
classification_error on 'test' 0.0789474
Save,3662,0.0880844,0.0789474
sample_count 75 Sample index 72
 i 0:0.905713 i 1:0.480944 i 2:0.929637 i 3:0.828996 bias 1
 test_print 4.14529
net matrix:
 -3.01561 0.113804 0.802873
outputs matrix:
 0.00239682 0.556658 0.83282
error matrix:
 -0.00239682 -0.556658 0.16718
delta matrix:
 -1.14619e-05 -0.274755 0.0465533
weights_delta matrix:
 -1.03812e-06 -0.0248849 0.00421639
 -5.51255e-07 -0.0132142 0.00223895
 -1.06554e-06 -0.0255422 0.00432776
 -9.5019e-07 -0.0227771 0.00385925
 -1.14619e-06 -0.0274755 0.00465533
weights matrix:
 -1.00741 0.151514 0.000667815
 1.85603 -2.24792 -0.547958
 -2.39711 0.963354 2.01109
 -2.01315 -0.882809 2.74268
 0.901507 0.794981 -3.06068
regression_error on 'test' 0.0847547
classification_error on 'test' 0.0789474
Save,3663,0.0847547,0.0789474
sample_count 75 Sample index 62
 i 0:0.582374 i 1:0.622103 i 2:0.748185 i 3:0.901998 bias 1
 test_print 3.85466
net matrix:
 -2.13988 -0.590747 0.577386
outputs matrix:
 0.0136568 0.234784 0.760382
error matrix:
 -0.0136568 -0.234784 0.239618
delta matrix:
 -0.000367922 -0.0843626 0.0873177
weights_delta matrix:
 -2.14268e-05 -0.00491306 0.00508515
 -2.28885e-05 -0.00524822 0.00543206
 -2.75273e-05 -0.00631189 0.00653298
 -3.31865e-05 -0.00760949 0.00787604
 -3.67922e-05 -0.00843626 0.00873177
weights matrix:
 -1.00743 0.1466 0.00575297
 1.85601 -2.25317 -0.542526
 -2.39714 0.957042 2.01762
 -2.01319 -0.890418 2.75056
 0.90147 0.786545 -3.05195
regression_error on 'test' 0.0835781
classification_error on 'test' 0.0789474
Save,3664,0.0835781,0.0789474
sample_count 75 Sample index 3
 i 0:0.744044 i 1:0.516233 i 2:0.672581 i 3:0.60999 bias 1
 test_print 3.54285
net matrix:
 -1.73027 -0.166998 -0.292908
outputs matrix:
 0.0304564 0.417269 0.357595
error matrix:
 -0.0304564 0.582731 -0.357595
delta matrix:
 -0.00179868 0.283389 -0.164294
weights_delta matrix:
 -0.00013383 0.0210854 -0.0122242
 -9.28537e-05 0.0146295 -0.00848141
 -0.000120976 0.0190602 -0.0110501
 -0.000109718 0.0172864 -0.0100218
 -0.000179868 0.0283389 -0.0164294
weights matrix:
 -1.00757 0.167686 -0.00647125
 1.85591 -2.23854 -0.551007
 -2.39726 0.976102 2.00657
 -2.0133 -0.873132 2.74054
 0.90129 0.814883 -3.06838
regression_error on 'test' 0.0868568
classification_error on 'test' 0.0789474
Save,3665,0.0868568,0.0789474
sample_count 75 Sample index 30
 i 0:0.559279 i 1:0.410364 i 2:0.642339 i 3:0.500487 bias 1
 test_print 3.11247
net matrix:
 -1.4481 0.180047 -0.637606
outputs matrix:
 0.0523415 0.589063 0.218366
error matrix:
 -0.0523415 0.410937 -0.218366
delta matrix:
 -0.00519248 0.198949 -0.0745425
weights_delta matrix:
 -0.000290404 0.0111268 -0.00416901
 -0.000213081 0.00816416 -0.00305896
 -0.000333533 0.0127793 -0.00478816
 -0.000259877 0.00995715 -0.00373076
 -0.000519248 0.0198949 -0.00745425
weights matrix:
 -1.00786 0.178813 -0.0106403
 1.8557 -2.23038 -0.554066
 -2.39759 0.988882 2.00179
 -2.01356 -0.863175 2.73681
 0.900771 0.834778 -3.07583
regression_error on 'test' 0.0891122
classification_error on 'test' 0.0526316
Save,3666,0.0891122,0.0526316
sample_count 75 Sample index 16
 i 0:0.60547 i 1:0.304495 i 2:0.687702 i 3:0.755994 bias 1
 test_print 3.35366
net matrix:
 -2.31547 0.291406 0.194657
outputs matrix:
 0.00965153 0.641714 0.596118
error matrix:
 -0.00965153 -0.641714 0.403882
delta matrix:
 -0.000184506 -0.295082 0.194479
weights_delta matrix:
 -1.11713e-05 -0.0178663 0.0117751
 -5.61812e-06 -0.0089851 0.00592177
 -1.26885e-05 -0.0202929 0.0133743
 -1.39485e-05 -0.022308 0.0147025
 -1.84506e-05 -0.0295082 0.0194479
weights matrix:
 -1.00787 0.160946 0.00113484
 1.8557 -2.23936 -0.548144
 -2.39761 0.968589 2.01516
 -2.01357 -0.885483 2.75151
 0.900752 0.80527 -3.05639
regression_error on 'test' 0.0852017
classification_error on 'test' 0.105263
Save,3667,0.0852017,0.105263
sample_count 75 Sample index 13
 i 0:0.420705 i 1:0.269205 i 2:0.491129 i 3:0.427485 bias 1
 test_print 2.60852
net matrix:
 -1.062 0.367304 -1.03754
outputs matrix:
 0.106785 0.675816 0.111543
error matrix:
 -0.106785 0.324184 -0.111543
delta matrix:
 -0.0203707 0.14205 -0.0221081
weights_delta matrix:
 -0.000857007 0.00597612 -0.000930099
 -0.00054839 0.00382406 -0.000595161
 -0.00100047 0.0069765 -0.00108579
 -0.000870818 0.00607243 -0.000945089
 -0.00203707 0.014205 -0.00221081
weights matrix:
 -1.00872 0.166922 0.000204737
 1.85515 -2.23554 -0.548739
 -2.39861 0.975565 2.01407
 -2.01444 -0.87941 2.75057
 0.898715 0.819475 -3.0586
regression_error on 'test' 0.0863287
classification_error on 'test' 0.105263
Save,3668,0.0863287,0.105263
sample_count 75 Sample index 62
 i 0:0.582374 i 1:0.622103 i 2:0.748185 i 3:0.901998 bias 1
 test_print 3.85466
net matrix:
 -2.14627 -0.537373 0.588056
outputs matrix:
 0.0134858 0.254502 0.764248
error matrix:
 -0.0134858 -0.254502 0.235752
delta matrix:
 -0.000358829 -0.0965735 0.0849523
weights_delta matrix:
 -2.08973e-05 -0.00562419 0.0049474
 -2.23229e-05 -0.00600787 0.00528491
 -2.68471e-05 -0.00722548 0.006356
 -3.23663e-05 -0.00871091 0.00766268
 -3.58829e-05 -0.00965735 0.00849523
weights matrix:
 -1.00875 0.161298 0.00515214
 1.85513 -2.24155 -0.543455
 -2.39863 0.96834 2.02043
 -2.01447 -0.888121 2.75823
 0.898679 0.809818 -3.0501
regression_error on 'test' 0.0849277
classification_error on 'test' 0.0789474
Save,3669,0.0849277,0.0789474
sample_count 75 Sample index 72
 i 0:0.905713 i 1:0.480944 i 2:0.929637 i 3:0.828996 bias 1
 test_print 4.14529
net matrix:
 -3.02259 0.0418043 0.858022
outputs matrix:
 0.00236365 0.52089 0.847619
error matrix:
 -0.00236365 -0.52089 0.152381
delta matrix:
 -1.11472e-05 -0.25999 0.0393636
weights_delta matrix:
 -1.00962e-06 -0.0235477 0.00356521
 -5.3612e-07 -0.0125041 0.00189317
 -1.03629e-06 -0.0241697 0.00365939
 -9.24102e-07 -0.0215531 0.00326323
 -1.11472e-06 -0.025999 0.00393636
weights matrix:
 -1.00875 0.137751 0.00871735
 1.85512 -2.25405 -0.541561
 -2.39863 0.94417 2.02409
 -2.01447 -0.909674 2.76149
 0.898678 0.783819 -3.04616
regression_error on 'test' 0.0823399
classification_error on 'test' 0.0789474
Save,3670,0.0823399,0.0789474
sample_count 75 Sample index 17
 i 0:0.443801 i 1:0.304495 i 2:0.521371 i 3:0.463986 bias 1
 test_print 2.73365
net matrix:
 -1.16939 0.228792 -0.870603
outputs matrix:
 0.087961 0.612441 0.14916
error matrix:
 -0.087961 0.387559 -0.14916
delta matrix:
 -0.0141132 0.18398 -0.0378601
weights_delta matrix:
 -0.000626343 0.00816504 -0.00168023
 -0.000429738 0.00560209 -0.00115282
 -0.000735819 0.00959217 -0.00197392
 -0.00065483 0.00853641 -0.00175665
 -0.00141132 0.018398 -0.00378601
weights matrix:
 -1.00937 0.145916 0.00703712
 1.85469 -2.24845 -0.542714
 -2.39937 0.953762 2.02212
 -2.01513 -0.901138 2.75973
 0.897267 0.802217 -3.04995
regression_error on 'test' 0.0835565
classification_error on 'test' 0.0789474
Save,3671,0.0835565,0.0789474
sample_count 75 Sample index 6
 i 0:0.305227 i 1:0.657392 i 2:0.128226 i 3:0.171977 bias 1
 test_print 2.26282
net matrix:
 1.15422 -0.664037 -2.67068
outputs matrix:
 0.909574 0.209478 0.00476653
error matrix:
 0.0904259 -0.209478 -0.00476653
delta matrix:
 0.0148749 -0.0693779 -4.5223e-05
weights_delta matrix:
 0.000454021 -0.0021176 -1.38033e-06
 0.000977862 -0.00456085 -2.97292e-06
 0.000190735 -0.000889605 -5.79876e-07
 0.000255814 -0.00119314 -7.77731e-07
 0.00148749 -0.00693779 -4.5223e-06
weights matrix:
 -1.00892 0.143798 0.00703574
 1.85567 -2.25301 -0.542717
 -2.39918 0.952873 2.02212
 -2.01487 -0.902331 2.75973
 0.898754 0.795279 -3.04995
regression_error on 'test' 0.0832038
classification_error on 'test' 0.0789474
Save,3672,0.0832038,0.0789474
sample_count 75 Sample index 16
 i 0:0.60547 i 1:0.304495 i 2:0.687702 i 3:0.755994 bias 1
 test_print 3.35366
net matrix:
 -2.32022 0.16945 0.266006
outputs matrix:
 0.00956106 0.583923 0.629952
error matrix:
 -0.00956106 -0.583923 0.370048
delta matrix:
 -0.00018108 -0.283736 0.172526
weights_delta matrix:
 -1.09638e-05 -0.0171794 0.0104459
 -5.51378e-06 -0.00863963 0.00525332
 -1.24529e-05 -0.0195126 0.0118646
 -1.36895e-05 -0.0214503 0.0130428
 -1.8108e-05 -0.0283736 0.0172526
weights matrix:
 -1.00893 0.126619 0.0174816
 1.85567 -2.26165 -0.537464
 -2.39919 0.93336 2.03398
 -2.01489 -0.923781 2.77278
 0.898736 0.766905 -3.0327
regression_error on 'test' 0.080791
classification_error on 'test' 0.0789474
Save,3673,0.080791,0.0789474
sample_count 75 Sample index 32
 i 0:0.697853 i 1:0.516233 i 2:0.642339 i 3:0.60999 bias 1
 test_print 3.46642
net matrix:
 -1.61755 -0.276236 -0.300088
outputs matrix:
 0.0378662 0.365291 0.354303
error matrix:
 -0.0378662 0.634709 -0.354303
delta matrix:
 -0.00275911 0.294319 -0.16211
weights_delta matrix:
 -0.000192546 0.0205391 -0.0113129
 -0.000142435 0.0151937 -0.00836864
 -0.000177229 0.0189053 -0.0104129
 -0.000168303 0.0179532 -0.00988853
 -0.000275911 0.0294319 -0.016211
weights matrix:
 -1.00912 0.147158 0.00616877
 1.85552 -2.24646 -0.545832
 -2.39937 0.952265 2.02357
 -2.01505 -0.905828 2.76289
 0.89846 0.796337 -3.04891
regression_error on 'test' 0.0832448
classification_error on 'test' 0.0789474
Save,3674,0.0832448,0.0789474
sample_count 75 Sample index 64
 i 0:0.282131 i 1:0.516233 i 2:0.158468 i 3:0.0989754 bias 1
 test_print 2.05581
net matrix:
 0.991975 -0.260591 -2.73482
outputs matrix:
 0.879102 0.372576 0.00419507
error matrix:
 0.120898 -0.372576 -0.00419507
delta matrix:
 0.0256987 -0.174189 -3.50495e-05
weights_delta matrix:
 0.000725039 -0.00491441 -9.88856e-07
 0.00132665 -0.0089922 -1.80937e-06
 0.000407242 -0.00276034 -5.55423e-07
 0.000254354 -0.00172404 -3.46904e-07
 0.00256987 -0.0174189 -3.50495e-06
weights matrix:
 -1.0084 0.142243 0.00616778
 1.85685 -2.25545 -0.545834
 -2.39896 0.949505 2.02357
 -2.0148 -0.907552 2.76289
 0.90103 0.778918 -3.04892
regression_error on 'test' 0.0824774
classification_error on 'test' 0.0789474
Save,3675,0.0824774,0.0789474
sample_count 75 Sample index 72
 i 0:0.905713 i 1:0.480944 i 2:0.929637 i 3:0.828996 bias 1
 test_print 4.14529
net matrix:
 -3.01967 -0.0466567 0.865759
outputs matrix:
 0.00237746 0.476689 0.849607
error matrix:
 -0.00237746 -0.476689 0.150393
delta matrix:
 -1.12777e-05 -0.237826 0.0384331
weights_delta matrix:
 -1.02144e-06 -0.0215402 0.00348094
 -5.42395e-07 -0.0114381 0.00184842
 -1.04842e-06 -0.0221092 0.00357288
 -9.34918e-07 -0.0197157 0.00318609
 -1.12777e-06 -0.0237826 0.00384331
weights matrix:
 -1.0084 0.120703 0.00964872
 1.85685 -2.26689 -0.543986
 -2.39896 0.927396 2.02714
 -2.0148 -0.927268 2.76607
 0.901029 0.755136 -3.04507
regression_error on 'test' 0.0806739
classification_error on 'test' 0.0789474
Save,3676,0.0806739,0.0789474
sample_count 75 Sample index 34
 i 0:0.767139 i 1:0.551523 i 2:0.642339 i 3:0.573489 bias 1
 test_print 3.53449
net matrix:
 -1.54487 -0.338584 -0.449268
outputs matrix:
 0.0435324 0.336894 0.289351
error matrix:
 -0.0435324 0.663106 -0.289351
delta matrix:
 -0.00362515 0.296271 -0.118997
weights_delta matrix:
 -0.000278099 0.0227281 -0.00912872
 -0.000199935 0.01634 -0.00656295
 -0.000232857 0.0190306 -0.00764364
 -0.000207898 0.0169908 -0.00682434
 -0.000362515 0.0296271 -0.0118997
weights matrix:
 -1.00868 0.143431 0.000519999
 1.85665 -2.25055 -0.550549
 -2.3992 0.946427 2.0195
 -2.01501 -0.910277 2.75925
 0.900666 0.784763 -3.05697
regression_error on 'test' 0.0828963
classification_error on 'test' 0.0789474
Save,3677,0.0828963,0.0789474
sample_count 75 Sample index 28
 i 0:0.305227 i 1:0.551523 i 2:0.113105 i 3:0.135476 bias 1
 test_print 2.10533
net matrix:
 1.07243 -0.428962 -2.75823
outputs matrix:
 0.895188 0.297773 0.00400398
error matrix:
 0.104812 -0.297773 -0.00400398
delta matrix:
 0.0196684 -0.124531 -3.19353e-05
weights_delta matrix:
 0.000600333 -0.00380104 -9.74751e-07
 0.00108476 -0.00686819 -1.7613e-06
 0.00022246 -0.00140851 -3.61204e-07
 0.00026646 -0.0016871 -4.32646e-07
 0.00196684 -0.0124531 -3.19353e-06
weights matrix:
 -1.00808 0.13963 0.000519024
 1.85774 -2.25742 -0.550551
 -2.39897 0.945018 2.0195
 -2.01474 -0.911964 2.75925
 0.902633 0.77231 -3.05698
regression_error on 'test' 0.0823834
classification_error on 'test' 0.0789474
Save,3678,0.0823834,0.0789474
sample_count 75 Sample index 55
 i 0:0.628566 i 1:0.551523 i 2:0.612097 i 3:0.60999 bias 1
 test_print 3.40218
net matrix:
 -1.4038 -0.362786 -0.44105
outputs matrix:
 0.0569146 0.326167 0.292743
error matrix:
 -0.0569146 0.673833 -0.292743
delta matrix:
 -0.00610982 0.296193 -0.121222
weights_delta matrix:
 -0.000384043 0.0186177 -0.00761958
 -0.000336971 0.0163357 -0.00668565
 -0.00037398 0.0181299 -0.00741994
 -0.000372693 0.0180675 -0.0073944
 -0.000610982 0.0296193 -0.0121222
weights matrix:
 -1.00846 0.158248 -0.00710055
 1.8574 -2.24108 -0.557236
 -2.39935 0.963148 2.01208
 -2.01512 -0.893897 2.75185
 0.902022 0.801929 -3.0691
regression_error on 'test' 0.0850799
classification_error on 'test' 0.105263
Save,3679,0.0850799,0.105263
sample_count 75 Sample index 5
 i 0:0.536183 i 1:0.198626 i 2:0.687702 i 3:0.60999 bias 1
 test_print 3.0325
net matrix:
 -2.14901 0.558733 -0.121275
outputs matrix:
 0.0134132 0.753518 0.439658
error matrix:
 -0.0134132 -0.753518 0.560342
delta matrix:
 -0.000355002 -0.2799 0.27609
weights_delta matrix:
 -1.90346e-05 -0.0150077 0.0148035
 -7.05127e-06 -0.00555953 0.00548387
 -2.44136e-05 -0.0192488 0.0189868
 -2.16548e-05 -0.0170736 0.0168412
 -3.55002e-05 -0.02799 0.027609
weights matrix:
 -1.00848 0.14324 0.00770294
 1.85739 -2.24664 -0.551752
 -2.39937 0.943899 2.03106
 -2.01514 -0.91097 2.7687
 0.901987 0.773939 -3.04149
regression_error on 'test' 0.0820515
classification_error on 'test' 0.0789474
Save,3680,0.0820515,0.0789474
sample_count 75 Sample index 1
 i 0:0.582374 i 1:0.445654 i 2:0.581855 i 3:0.536988 bias 1
 test_print 3.14687
net matrix:
 -1.33576 -0.0838331 -0.614354
outputs matrix:
 0.0646747 0.458181 0.226408
error matrix:
 -0.0646747 0.541819 -0.226408
delta matrix:
 -0.00782459 0.269014 -0.0793094
weights_delta matrix:
 -0.000455684 0.0156667 -0.00461877
 -0.000348706 0.0119887 -0.00353445
 -0.000455278 0.0156527 -0.00461466
 -0.000420171 0.0144457 -0.00425882
 -0.000782459 0.0269014 -0.00793094
weights matrix:
 -1.00893 0.158907 0.00308417
 1.85704 -2.23465 -0.555287
 -2.39983 0.959552 2.02645
 -2.01556 -0.896524 2.76444
 0.901204 0.80084 -3.04942
regression_error on 'test' 0.0841714
classification_error on 'test' 0.0789474
Save,3681,0.0841714,0.0789474
sample_count 75 Sample index 35
 i 0:0.189749 i 1:0.233915 i 2:0.128226 i 3:0.171977 bias 1
 test_print 1.72387
net matrix:
 0.489801 0.277132 -2.44346
outputs matrix:
 0.727029 0.635125 0.0074881
error matrix:
 0.272971 -0.635125 -0.0074881
delta matrix:
 0.108346 -0.294369 -0.000111303
weights_delta matrix:
 0.00205586 -0.00558563 -2.11197e-06
 0.00253439 -0.00688574 -2.60355e-06
 0.00138928 -0.00377458 -1.4272e-06
 0.00186331 -0.00506247 -1.91416e-06
 0.0108346 -0.0294369 -1.11303e-05
weights matrix:
 -1.00688 0.153321 0.00308206
 1.85958 -2.24154 -0.555289
 -2.39844 0.955777 2.02645
 -2.01369 -0.901587 2.76444
 0.912039 0.771403 -3.04943
regression_error on 'test' 0.0828879
classification_error on 'test' 0.0789474
Save,3682,0.0828879,0.0789474
sample_count 75 Sample index 74
 i 0:0.443801 i 1:0.480944 i 2:0.551613 i 3:0.536988 bias 1
 test_print 3.01335
net matrix:
 -1.0448 -0.195528 -0.712844
outputs matrix:
 0.110112 0.403463 0.193771
error matrix:
 -0.110112 0.596537 -0.193771
delta matrix:
 -0.021579 0.28715 -0.0605435
weights_delta matrix:
 -0.000957678 0.0127437 -0.00268693
 -0.00103783 0.0138103 -0.0029118
 -0.00119033 0.0158396 -0.00333966
 -0.00115877 0.0154196 -0.00325111
 -0.0021579 0.028715 -0.00605435
weights matrix:
 -1.00784 0.166065 0.000395131
 1.85854 -2.22773 -0.558201
 -2.39963 0.971617 2.02311
 -2.01485 -0.886167 2.76118
 0.909881 0.800118 -3.05549
regression_error on 'test' 0.085154
classification_error on 'test' 0.0789474
Save,3683,0.085154,0.0789474
sample_count 75 Sample index 45
 i 0:0.697853 i 1:0.586813 i 2:0.793548 i 3:0.975 bias 1
 test_print 4.05321
net matrix:
 -2.57153 -0.48424 0.914817
outputs matrix:
 0.00580592 0.275184 0.861718
error matrix:
 -0.00580592 -0.275184 0.138282
delta matrix:
 -6.70261e-05 -0.109775 0.0329553
weights_delta matrix:
 -4.67743e-06 -0.00766068 0.0022998
 -3.93318e-06 -0.00644174 0.00193386
 -5.31884e-06 -0.00871117 0.00261516
 -6.53504e-06 -0.0107031 0.00321315
 -6.70261e-06 -0.0109775 0.00329553
weights matrix:
 -1.00784 0.158404 0.00269493
 1.85854 -2.23417 -0.556267
 -2.39963 0.962906 2.02572
 -2.01486 -0.89687 2.7644
 0.909874 0.789141 -3.05219
regression_error on 'test' 0.0839068
classification_error on 'test' 0.0789474
Save,3684,0.0839068,0.0789474
sample_count 75 Sample index 30
 i 0:0.559279 i 1:0.410364 i 2:0.642339 i 3:0.500487 bias 1
 test_print 3.11247
net matrix:
 -1.4409 0.130551 -0.59421
outputs matrix:
 0.0530603 0.564907 0.233542
error matrix:
 -0.0530603 0.435093 -0.233542
delta matrix:
 -0.00533202 0.21388 -0.0836079
weights_delta matrix:
 -0.000298209 0.0119619 -0.00467601
 -0.000218807 0.00877688 -0.00343097
 -0.000342497 0.0137384 -0.00537046
 -0.000266861 0.0107044 -0.00418446
 -0.000533202 0.021388 -0.00836079
weights matrix:
 -1.00814 0.170366 -0.00198108
 1.85832 -2.22539 -0.559698
 -2.39998 0.976644 2.02035
 -2.01513 -0.886166 2.76021
 0.909341 0.810529 -3.06055
regression_error on 'test' 0.0859564
classification_error on 'test' 0.105263
Save,3685,0.0859564,0.105263
sample_count 75 Sample index 8
 i 0:0.489992 i 1:0.375074 i 2:0.702823 i 3:0.755994 bias 1
 test_print 3.32388
net matrix:
 -2.09781 0.0757926 0.235204
outputs matrix:
 0.0148378 0.537824 0.61548
error matrix:
 -0.0148378 -0.537824 0.38452
delta matrix:
 -0.000433787 -0.267373 0.182004
weights_delta matrix:
 -2.12552e-05 -0.0131011 0.00891806
 -1.62702e-05 -0.0100285 0.00682651
 -3.04876e-05 -0.0187916 0.0127917
 -3.2794e-05 -0.0202132 0.0137594
 -4.33787e-05 -0.0267373 0.0182004
weights matrix:
 -1.00816 0.157265 0.00693698
 1.8583 -2.23542 -0.552872
 -2.40001 0.957852 2.03314
 -2.01516 -0.906379 2.77397
 0.909298 0.783792 -3.04235
regression_error on 'test' 0.0829874
classification_error on 'test' 0.0789474
Save,3686,0.0829874,0.0789474
sample_count 75 Sample index 46
 i 0:0.928809 i 1:0.480944 i 2:0.854032 i 3:0.901998 bias 1
 test_print 4.16578
net matrix:
 -3.0007 -0.144766 0.936679
outputs matrix:
 0.00246915 0.428118 0.866846
error matrix:
 -0.00246915 -0.428118 0.133154
delta matrix:
 -1.21633e-05 -0.209635 0.0307382
weights_delta matrix:
 -1.12974e-06 -0.0194711 0.00285499
 -5.84988e-07 -0.0100823 0.00147834
 -1.03879e-06 -0.0179035 0.00262514
 -1.09713e-06 -0.018909 0.00277258
 -1.21633e-06 -0.0209635 0.00307382
weights matrix:
 -1.00816 0.137794 0.00979197
 1.8583 -2.2455 -0.551394
 -2.40001 0.939949 2.03577
 -2.01516 -0.925288 2.77674
 0.909297 0.762828 -3.03928
regression_error on 'test' 0.0811823
classification_error on 'test' 0.0789474
Save,3687,0.0811823,0.0789474
sample_count 75 Sample index 0
 i 0:0.282131 i 1:0.269205 i 2:0.430645 i 3:0.427485 bias 1
 test_print 2.40947
net matrix:
 -0.769875 0.206441 -1.12124
outputs matrix:
 0.176572 0.601779 0.0959998
error matrix:
 -0.176572 0.398221 -0.0959998
delta matrix:
 -0.0513449 0.19086 -0.0166624
weights_delta matrix:
 -0.0014486 0.00538476 -0.000470099
 -0.00138223 0.00513805 -0.000448561
 -0.00221114 0.0082193 -0.00071756
 -0.00219492 0.00815899 -0.000712295
 -0.00513449 0.019086 -0.00166624
weights matrix:
 -1.00961 0.143179 0.00932187
 1.85692 -2.24036 -0.551842
 -2.40222 0.948168 2.03505
 -2.01735 -0.917129 2.77603
 0.904162 0.781914 -3.04094
regression_error on 'test' 0.0821231
classification_error on 'test' 0.0789474
Save,3688,0.0821231,0.0789474
sample_count 75 Sample index 11
 i 0:0.536183 i 1:0.198626 i 2:0.536492 i 3:0.427485 bias 1
 test_print 2.69879
net matrix:
 -1.4195 0.530315 -0.867054
outputs matrix:
 0.0552525 0.742811 0.150063
error matrix:
 -0.0552525 0.257189 -0.150063
delta matrix:
 -0.00576833 0.0982682 -0.0382792
weights_delta matrix:
 -0.000309288 0.00526897 -0.00205247
 -0.000114574 0.00195186 -0.000760324
 -0.000309466 0.00527201 -0.00205365
 -0.000246587 0.00420082 -0.00163638
 -0.000576833 0.00982682 -0.00382792
weights matrix:
 -1.00992 0.148448 0.00726941
 1.8568 -2.23841 -0.552602
 -2.40253 0.95344 2.033
 -2.0176 -0.912928 2.7744
 0.903585 0.791741 -3.04477
regression_error on 'test' 0.0828059
classification_error on 'test' 0.0789474
Save,3689,0.0828059,0.0789474
sample_count 75 Sample index 61
 i 0:0.697853 i 1:0.480944 i 2:0.687702 i 3:0.682992 bias 1
 test_print 3.54949
net matrix:
 -1.9384 -0.149055 -0.0124823
outputs matrix:
 0.0202965 0.42602 0.493759
error matrix:
 -0.0202965 0.57398 -0.493759
delta matrix:
 -0.000807173 0.280707 -0.246841
weights_delta matrix:
 -5.63288e-05 0.0195892 -0.0172259
 -3.88205e-05 0.0135004 -0.0118717
 -5.55095e-05 0.0193043 -0.0169753
 -5.51293e-05 0.0191721 -0.0168591
 -8.07173e-05 0.0280707 -0.0246841
weights matrix:
 -1.00998 0.168037 -0.00995647
 1.85676 -2.22491 -0.564474
 -2.40258 0.972745 2.01602
 -2.01766 -0.893756 2.75754
 0.903505 0.819812 -3.06946
regression_error on 'test' 0.0863469
classification_error on 'test' 0.105263
Save,3690,0.0863469,0.105263
sample_count 75 Sample index 7
 i 0:0.651661 i 1:0.410364 i 2:0.627218 i 3:0.60999 bias 1
 test_print 3.29923
net matrix:
 -1.7304 0.0812319 -0.361028
outputs matrix:
 0.0304483 0.540527 0.32694
error matrix:
 -0.0304483 0.459473 -0.32694
delta matrix:
 -0.00179774 0.228227 -0.143887
weights_delta matrix:
 -0.000117152 0.0148727 -0.00937654
 -7.37727e-05 0.00936563 -0.00590459
 -0.000112757 0.0143148 -0.00902483
 -0.00010966 0.0139216 -0.00877695
 -0.000179774 0.0228227 -0.0143887
weights matrix:
 -1.01009 0.18291 -0.019333
 1.85669 -2.21555 -0.570379
 -2.4027 0.987059 2.007
 -2.01777 -0.879835 2.74876
 0.903325 0.842634 -3.08384
regression_error on 'test' 0.0894051
classification_error on 'test' 0.0526316
Save,3691,0.0894051,0.0526316
sample_count 75 Sample index 9
 i 0:0.351418 i 1:0.375074 i 2:0.521371 i 3:0.573489 bias 1
 test_print 2.82135
net matrix:
 -1.16511 0.0859673 -0.681798
outputs matrix:
 0.0886514 0.542878 0.203656
error matrix:
 -0.0886514 0.457122 -0.203656
delta matrix:
 -0.0143247 0.22688 -0.0660582
weights_delta matrix:
 -0.000503396 0.00797298 -0.0023214
 -0.000537283 0.00850968 -0.00247767
 -0.000746849 0.0118289 -0.00344408
 -0.000821507 0.0130113 -0.00378836
 -0.00143247 0.022688 -0.00660582
weights matrix:
 -1.0106 0.190883 -0.0216544
 1.85615 -2.20704 -0.572856
 -2.40344 0.998888 2.00355
 -2.01859 -0.866823 2.74497
 0.901892 0.865322 -3.09045
regression_error on 'test' 0.0920406
classification_error on 'test' 0.0789474
Save,3692,0.0920406,0.0789474
sample_count 75 Sample index 11
 i 0:0.536183 i 1:0.198626 i 2:0.536492 i 3:0.427485 bias 1
 test_print 2.69879
net matrix:
 -1.42364 0.694637 -0.96752
outputs matrix:
 0.0548225 0.800476 0.126194
error matrix:
 -0.0548225 0.199524 -0.126194
delta matrix:
 -0.00568147 0.0637334 -0.0278305
weights_delta matrix:
 -0.000304631 0.00341728 -0.00149222
 -0.000112849 0.00126591 -0.000552786
 -0.000304806 0.00341924 -0.00149308
 -0.000242874 0.00272451 -0.00118971
 -0.000568147 0.00637334 -0.00278305
weights matrix:
 -1.0109 0.1943 -0.0231466
 1.85604 -2.20577 -0.573409
 -2.40375 1.00231 2.00206
 -2.01883 -0.864099 2.74378
 0.901324 0.871696 -3.09323
regression_error on 'test' 0.0928594
classification_error on 'test' 0.0789474
Save,3693,0.0928594,0.0789474
sample_count 75 Sample index 4
 i 0:0.212844 i 1:0.516233 i 2:0.158468 i 3:0.135476 bias 1
 test_print 2.02302
net matrix:
 0.989889 -0.183871 -2.70519
outputs matrix:
 0.878657 0.409087 0.00445002
error matrix:
 0.121343 -0.409087 -0.00445002
delta matrix:
 0.0258747 -0.197781 -3.94292e-05
weights_delta matrix:
 0.000550728 -0.00420965 -8.39226e-07
 0.00133574 -0.0102101 -2.03546e-06
 0.000410031 -0.0031342 -6.24826e-07
 0.00035054 -0.00267946 -5.34171e-07
 0.00258747 -0.0197781 -3.94292e-06
weights matrix:
 -1.01035 0.19009 -0.0231475
 1.85738 -2.21598 -0.573411
 -2.40334 0.999173 2.00206
 -2.01848 -0.866778 2.74378
 0.903912 0.851918 -3.09324
regression_error on 'test' 0.0913036
classification_error on 'test' 0.0526316
Save,3694,0.0913036,0.0526316
sample_count 75 Sample index 49
 i 0:0.397609 i 1:0.480944 i 2:0.612097 i 3:0.60999 bias 1
 test_print 3.10064
net matrix:
 -1.30685 -0.0553981 -0.479085
outputs matrix:
 0.0682622 0.472329 0.277245
error matrix:
 -0.0682622 0.527671 -0.277245
delta matrix:
 -0.00868329 0.263027 -0.111109
weights_delta matrix:
 -0.000345256 0.0104582 -0.00441778
 -0.000417618 0.0126501 -0.0053437
 -0.000531502 0.0160998 -0.00680092
 -0.000529672 0.0160444 -0.00677751
 -0.000868329 0.0263027 -0.0111109
weights matrix:
 -1.0107 0.200548 -0.0275653
 1.85696 -2.20333 -0.578755
 -2.40387 1.01527 1.99526
 -2.01901 -0.850734 2.737
 0.903043 0.87822 -3.10435
regression_error on 'test' 0.0951006
classification_error on 'test' 0.131579
Save,3695,0.0951006,0.131579
sample_count 75 Sample index 14
 i 0:0.697853 i 1:0.516233 i 2:0.778427 i 3:0.938499 bias 1
 test_print 3.93101
net matrix:
 -2.60973 -0.127355 0.699482
outputs matrix:
 0.00538118 0.436665 0.802019
error matrix:
 -0.00538118 -0.436665 0.197981
delta matrix:
 -5.76025e-05 -0.214829 0.0628724
weights_delta matrix:
 -4.01981e-06 -0.0149919 0.00438757
 -2.97363e-06 -0.0110902 0.00324568
 -4.48394e-06 -0.0167229 0.00489416
 -5.40599e-06 -0.0201617 0.00590057
 -5.76025e-06 -0.0214829 0.00628724
weights matrix:
 -1.0107 0.185557 -0.0231777
 1.85696 -2.21442 -0.575509
 -2.40387 0.99855 2.00015
 -2.01901 -0.870896 2.7429
 0.903038 0.856738 -3.09806
regression_error on 'test' 0.0914776
classification_error on 'test' 0.0789474
Save,3696,0.0914776,0.0789474
sample_count 75 Sample index 11
 i 0:0.536183 i 1:0.198626 i 2:0.536492 i 3:0.427485 bias 1
 test_print 2.69879
net matrix:
 -1.4228 0.679808 -0.979182
outputs matrix:
 0.0549091 0.795697 0.123644
error matrix:
 -0.0549091 0.204303 -0.123644
delta matrix:
 -0.00569892 0.0664242 -0.0267952
weights_delta matrix:
 -0.000305567 0.00356155 -0.00143671
 -0.000113195 0.00131936 -0.000532223
 -0.000305743 0.00356361 -0.00143754
 -0.00024362 0.00283954 -0.00114546
 -0.000569892 0.00664242 -0.00267952
weights matrix:
 -1.01101 0.189118 -0.0246144
 1.85684 -2.2131 -0.576041
 -2.40418 1.00211 1.99871
 -2.01926 -0.868056 2.74176
 0.902468 0.86338 -3.10074
regression_error on 'test' 0.0922972
classification_error on 'test' 0.0789474
Save,3697,0.0922972,0.0789474
sample_count 75 Sample index 65
 i 0:0.928809 i 1:0.410364 i 2:0.944758 i 3:0.792495 bias 1
 test_print 4.07643
net matrix:
 -3.1462 0.389683 0.701144
outputs matrix:
 0.00184689 0.685543 0.802547
error matrix:
 -0.00184689 -0.685543 0.197453
delta matrix:
 -6.80939e-06 -0.29557 0.0625791
weights_delta matrix:
 -6.32462e-07 -0.0274528 0.0058124
 -2.79433e-07 -0.0121291 0.00256802
 -6.43322e-07 -0.0279242 0.00591221
 -5.3964e-07 -0.0234238 0.00495936
 -6.80939e-07 -0.029557 0.00625791
weights matrix:
 -1.01101 0.161665 -0.018802
 1.85684 -2.22523 -0.573473
 -2.40418 0.97419 2.00463
 -2.01926 -0.89148 2.74672
 0.902467 0.833823 -3.09448
regression_error on 'test' 0.087943
classification_error on 'test' 0.0526316
Save,3698,0.087943,0.0526316
sample_count 75 Sample index 28
 i 0:0.305227 i 1:0.551523 i 2:0.113105 i 3:0.135476 bias 1
 test_print 2.10533
net matrix:
 1.07249 -0.354686 -2.81766
outputs matrix:
 0.895198 0.329737 0.00355686
error matrix:
 0.104802 -0.329737 -0.00355686
delta matrix:
 0.0196648 -0.145751 -2.52125e-05
weights_delta matrix:
 0.000600221 -0.00444871 -7.69555e-07
 0.00108456 -0.0080385 -1.39053e-06
 0.000222418 -0.00164852 -2.85166e-07
 0.00026641 -0.00197458 -3.41569e-07
 0.00196648 -0.0145751 -2.52125e-06
weights matrix:
 -1.01041 0.157217 -0.0188028
 1.85793 -2.23327 -0.573475
 -2.40396 0.972541 2.00463
 -2.01899 -0.893454 2.74672
 0.904433 0.819248 -3.09448
regression_error on 'test' 0.0870506
classification_error on 'test' 0.0789474
Save,3699,0.0870506,0.0789474
sample_count 75 Sample index 74
 i 0:0.443801 i 1:0.480944 i 2:0.551613 i 3:0.536988 bias 1
 test_print 3.01335
net matrix:
 -1.06066 -0.128364 -0.797905
outputs matrix:
 0.107043 0.436168 0.168568
error matrix:
 -0.107043 0.563832 -0.168568
delta matrix:
 -0.0204632 0.277321 -0.0472505
weights_delta matrix:
 -0.000908159 0.0123075 -0.00209698
 -0.000984165 0.0133376 -0.00227249
 -0.00112878 0.0152974 -0.0026064
 -0.00109885 0.0148918 -0.0025373
 -0.00204632 0.0277321 -0.00472505
weights matrix:
 -1.01131 0.169524 -0.0208997
 1.85694 -2.21993 -0.575747
 -2.40509 0.987839 2.00202
 -2.02009 -0.878563 2.74418
 0.902387 0.84698 -3.09921
regression_error on 'test' 0.089821
classification_error on 'test' 0.0526316
Save,3700,0.089821,0.0526316
sample_count 75 Sample index 39
 i 0:0.397609 i 1:0.622103 i 2:0.18871 i 3:0.135476 bias 1
 test_print 2.3439
net matrix:
 0.927951 -0.399251 -2.71612
outputs matrix:
 0.864819 0.310346 0.00435423
error matrix:
 0.135181 -0.310346 -0.00435423
delta matrix:
 0.0316074 -0.132848 -3.77536e-05
weights_delta matrix:
 0.00125674 -0.00528214 -1.50112e-06
 0.00196631 -0.0082645 -2.34866e-06
 0.000596463 -0.00250697 -7.12448e-07
 0.000428204 -0.00179977 -5.1147e-07
 0.00316074 -0.0132848 -3.77536e-06
weights matrix:
 -1.01006 0.164242 -0.0209012
 1.85891 -2.2282 -0.57575
 -2.40449 0.985332 2.00202
 -2.01966 -0.880362 2.74418
 0.905548 0.833695 -3.09921
regression_error on 'test' 0.0888242
classification_error on 'test' 0.0526316
Save,3701,0.0888242,0.0526316
sample_count 75 Sample index 22
 i 0:0.305227 i 1:0.233915 i 2:0.430645 i 3:0.427485 bias 1
 test_print 2.39727
net matrix:
 -0.86678 0.410604 -1.20501
outputs matrix:
 0.150133 0.694493 0.0824113
error matrix:
 -0.150133 0.305507 -0.0824113
delta matrix:
 -0.0383118 0.12964 -0.0124638
weights_delta matrix:
 -0.00116938 0.00395698 -0.000380429
 -0.00089617 0.00303248 -0.000291547
 -0.00164988 0.0055829 -0.000536748
 -0.00163777 0.00554193 -0.00053281
 -0.00383118 0.012964 -0.00124638
weights matrix:
 -1.01123 0.168199 -0.0212817
 1.85801 -2.22516 -0.576041
 -2.40614 0.990914 2.00148
 -2.0213 -0.87482 2.74365
 0.901717 0.846659 -3.10046
regression_error on 'test' 0.0899262
classification_error on 'test' 0.0526316
Save,3702,0.0899262,0.0526316
sample_count 75 Sample index 5
 i 0:0.536183 i 1:0.198626 i 2:0.687702 i 3:0.60999 bias 1
 test_print 3.0325
net matrix:
 -2.15912 0.642692 -0.176266
outputs matrix:
 0.0131482 0.783365 0.412769
error matrix:
 -0.0131482 -0.783365 0.587231
delta matrix:
 -0.000341205 -0.265881 0.284679
weights_delta matrix:
 -1.82948e-05 -0.0142561 0.015264
 -6.77721e-06 -0.00528109 0.00565446
 -2.34647e-05 -0.0182847 0.0195774
 -2.08132e-05 -0.0162185 0.0173651
 -3.41205e-05 -0.0265881 0.0284679
weights matrix:
 -1.01125 0.153943 -0.00601768
 1.85801 -2.23044 -0.570387
 -2.40616 0.97263 2.02106
 -2.02132 -0.891039 2.76101
 0.901683 0.820071 -3.07199
regression_error on 'test' 0.0859015
classification_error on 'test' 0.105263
Save,3703,0.0859015,0.105263
sample_count 75 Sample index 56
 i 0:0.328323 i 1:0.727972 i 2:0.158468 i 3:0.208478 bias 1
 test_print 2.42324
net matrix:
 1.11954 -0.784718 -2.59331
outputs matrix:
 0.903705 0.172297 0.0055598
error matrix:
 0.0962951 -0.172297 -0.0055598
delta matrix:
 0.0167596 -0.0491427 -6.1479e-05
weights_delta matrix:
 0.000550258 -0.00161347 -2.0185e-06
 0.00122006 -0.00357745 -4.4755e-06
 0.000265587 -0.000778755 -9.74245e-07
 0.000349402 -0.00102452 -1.2817e-06
 0.00167596 -0.00491427 -6.1479e-06
weights matrix:
 -1.01069 0.152329 -0.0060197
 1.85923 -2.23402 -0.570391
 -2.4059 0.971851 2.02106
 -2.02097 -0.892063 2.76101
 0.903359 0.815157 -3.072
regression_error on 'test' 0.0855795
classification_error on 'test' 0.105263
Save,3704,0.0855795,0.105263
sample_count 75 Sample index 55
 i 0:0.628566 i 1:0.551523 i 2:0.612097 i 3:0.60999 bias 1
 test_print 3.40218
net matrix:
 -1.41194 -0.270491 -0.469092
outputs matrix:
 0.0560473 0.367959 0.281267
error matrix:
 -0.0560473 0.632041 -0.281267
delta matrix:
 -0.00593048 0.293981 -0.11372
weights_delta matrix:
 -0.00037277 0.0184787 -0.00714804
 -0.00032708 0.0162138 -0.00627191
 -0.000363003 0.0179945 -0.00696076
 -0.000361753 0.0179326 -0.00693679
 -0.000593048 0.0293981 -0.011372
weights matrix:
 -1.01107 0.170808 -0.0131677
 1.8589 -2.21781 -0.576663
 -2.40626 0.989846 2.0141
 -2.02133 -0.874131 2.75407
 0.902766 0.844555 -3.08337
regression_error on 'test' 0.0890908
classification_error on 'test' 0.0526316
Save,3705,0.0890908,0.0526316
sample_count 75 Sample index 46
 i 0:0.928809 i 1:0.480944 i 2:0.854032 i 3:0.901998 bias 1
 test_print 4.16578
net matrix:
 -3.02056 -0.00654271 0.831332
outputs matrix:
 0.00237325 0.496729 0.840595
error matrix:
 -0.00237325 -0.496729 0.159405
delta matrix:
 -1.12379e-05 -0.248354 0.0427189
weights_delta matrix:
 -1.04378e-06 -0.0230673 0.00396777
 -5.40478e-07 -0.0119444 0.00205454
 -9.59749e-07 -0.0212102 0.00364833
 -1.01365e-06 -0.0224015 0.00385323
 -1.12379e-06 -0.0248354 0.00427189
weights matrix:
 -1.01107 0.147741 -0.00919998
 1.8589 -2.22975 -0.574609
 -2.40626 0.968635 2.01775
 -2.02134 -0.896532 2.75793
 0.902764 0.81972 -3.0791
regression_error on 'test' 0.0858274
classification_error on 'test' 0.105263
Save,3706,0.0858274,0.105263
sample_count 75 Sample index 30
 i 0:0.559279 i 1:0.410364 i 2:0.642339 i 3:0.500487 bias 1
 test_print 3.11247
net matrix:
 -1.45717 0.160827 -0.643657
outputs matrix:
 0.0514494 0.579728 0.216308
error matrix:
 -0.0514494 0.420272 -0.216308
delta matrix:
 -0.00502171 0.204793 -0.0733364
weights_delta matrix:
 -0.000280853 0.0114537 -0.00410155
 -0.000206073 0.00840398 -0.00300946
 -0.000322564 0.0131547 -0.00471068
 -0.00025133 0.0102496 -0.00367039
 -0.000502171 0.0204793 -0.00733364
weights matrix:
 -1.01135 0.159194 -0.0133015
 1.85869 -2.22135 -0.577618
 -2.40658 0.98179 2.01304
 -2.02159 -0.886283 2.75426
 0.902262 0.840199 -3.08643
regression_error on 'test' 0.0880257
classification_error on 'test' 0.0526316
Save,3707,0.0880257,0.0526316
sample_count 75 Sample index 14
 i 0:0.697853 i 1:0.516233 i 2:0.778427 i 3:0.938499 bias 1
 test_print 3.93101
net matrix:
 -2.6146 -0.262963 0.75797
outputs matrix:
 0.00532925 0.371467 0.81994
error matrix:
 -0.00532925 -0.371467 0.18006
delta matrix:
 -5.64992e-05 -0.17346 0.0531676
weights_delta matrix:
 -3.94281e-06 -0.012105 0.00371032
 -2.91667e-06 -0.00895457 0.00274469
 -4.39805e-06 -0.0135026 0.00413871
 -5.30244e-06 -0.0162792 0.00498978
 -5.64992e-06 -0.017346 0.00531676
weights matrix:
 -1.01135 0.147089 -0.00959121
 1.85869 -2.2303 -0.574873
 -2.40659 0.968287 2.01718
 -2.02159 -0.902562 2.75925
 0.902257 0.822853 -3.08111
regression_error on 'test' 0.0857845
classification_error on 'test' 0.105263
Save,3708,0.0857845,0.105263
sample_count 75 Sample index 51
 i 0:0.628566 i 1:0.516233 i 2:0.763306 i 3:0.719493 bias 1
 test_print 3.6276
net matrix:
 -2.06541 -0.146335 0.141069
outputs matrix:
 0.0158154 0.42735 0.57007
error matrix:
 -0.0158154 -0.42735 0.42993
delta matrix:
 -0.000492343 -0.209164 0.210743
weights_delta matrix:
 -3.0947e-05 -0.0131473 0.0132466
 -2.54164e-05 -0.0107977 0.0108793
 -3.75808e-05 -0.0159656 0.0160862
 -3.54237e-05 -0.0150492 0.0151628
 -4.92343e-05 -0.0209164 0.0210743
weights matrix:
 -1.01138 0.133942 0.00365539
 1.85866 -2.2411 -0.563994
 -2.40663 0.952322 2.03326
 -2.02163 -0.917611 2.77441
 0.902207 0.801937 -3.06004
regression_error on 'test' 0.08294
classification_error on 'test' 0.0789474
Save,3709,0.08294,0.0789474
sample_count 75 Sample index 62
 i 0:0.582374 i 1:0.622103 i 2:0.748185 i 3:0.901998 bias 1
 test_print 3.85466
net matrix:
 -2.15462 -0.629425 0.614994
outputs matrix:
 0.0132654 0.221172 0.773816
error matrix:
 -0.0132654 -0.221172 0.226184
delta matrix:
 -0.000347272 -0.0761959 0.0791754
weights_delta matrix:
 -2.02242e-05 -0.00443745 0.00461097
 -2.16039e-05 -0.00474017 0.00492553
 -2.59823e-05 -0.00570087 0.00592379
 -3.13238e-05 -0.00687286 0.00714161
 -3.47272e-05 -0.00761959 0.00791754
weights matrix:
 -1.0114 0.129505 0.00826636
 1.85864 -2.24584 -0.559069
 -2.40665 0.946621 2.03919
 -2.02166 -0.924484 2.78155
 0.902173 0.794317 -3.05212
regression_error on 'test' 0.0820135
classification_error on 'test' 0.0789474
Save,3710,0.0820135,0.0789474
sample_count 75 Sample index 71
 i 0:0.143558 i 1:0.480944 i 2:0.0979839 i 3:0.0989754 bias 1
 test_print 1.82146
net matrix:
 1.21497 -0.265963 -2.8447
outputs matrix:
 0.919082 0.370068 0.00337019
error matrix:
 0.0809175 -0.370068 -0.00337019
delta matrix:
 0.0120357 -0.172539 -2.26399e-05
weights_delta matrix:
 0.000172782 -0.00247693 -3.25013e-07
 0.000578848 -0.00829815 -1.08885e-06
 0.00011793 -0.0016906 -2.21834e-07
 0.000119123 -0.00170771 -2.24079e-07
 0.00120357 -0.0172539 -2.26399e-06
weights matrix:
 -1.01123 0.127028 0.00826604
 1.85922 -2.25414 -0.55907
 -2.40653 0.94493 2.03918
 -2.02154 -0.926192 2.78155
 0.903376 0.777063 -3.05213
regression_error on 'test' 0.0814044
classification_error on 'test' 0.0789474
Save,3711,0.0814044,0.0789474
sample_count 75 Sample index 52
 i 0:0.443801 i 1:0.410364 i 2:0.672581 i 3:0.792495 bias 1
 test_print 3.31924
net matrix:
 -2.0031 -0.190039 0.298004
outputs matrix:
 0.017877 0.406108 0.644742
error matrix:
 -0.017877 -0.406108 0.355258
delta matrix:
 -0.000627746 -0.195894 0.162743
weights_delta matrix:
 -2.78594e-05 -0.00869378 0.00722256
 -2.57604e-05 -0.00803877 0.0066784
 -4.2221e-05 -0.0131754 0.0109458
 -4.97486e-05 -0.0155245 0.0128973
 -6.27746e-05 -0.0195894 0.0162743
weights matrix:
 -1.01126 0.118334 0.0154886
 1.8592 -2.26218 -0.552391
 -2.40658 0.931755 2.05013
 -2.02159 -0.941716 2.79445
 0.903313 0.757474 -3.03585
regression_error on 'test' 0.0798933
classification_error on 'test' 0.0789474
Save,3712,0.0798933,0.0789474
sample_count 75 Sample index 22
 i 0:0.305227 i 1:0.233915 i 2:0.430645 i 3:0.427485 bias 1
 test_print 2.39727
net matrix:
 -0.871036 0.263121 -1.08287
outputs matrix:
 0.14905 0.628606 0.102869
error matrix:
 -0.14905 0.371394 -0.102869
delta matrix:
 -0.0378092 0.173411 -0.0189869
weights_delta matrix:
 -0.00115404 0.00529299 -0.000579533
 -0.000884414 0.00405635 -0.000444133
 -0.00162823 0.00746788 -0.000817663
 -0.00161629 0.00741308 -0.000811664
 -0.00378092 0.0173411 -0.00189869
weights matrix:
 -1.01241 0.123627 0.0149091
 1.85831 -2.25812 -0.552835
 -2.40821 0.939223 2.04931
 -2.02321 -0.934303 2.79364
 0.899532 0.774815 -3.03775
regression_error on 'test' 0.0805896
classification_error on 'test' 0.0789474
Save,3713,0.0805896,0.0789474
sample_count 75 Sample index 70
 i 0:0.259036 i 1:0.622103 i 2:0.173589 i 3:0.135476 bias 1
 test_print 2.1902
net matrix:
 1.10121 -0.561482 -2.6436
outputs matrix:
 0.900466 0.245462 0.00503047
error matrix:
 0.0995337 -0.245462 -0.00503047
delta matrix:
 0.0178418 -0.0909241 -5.03567e-05
weights_delta matrix:
 0.000462166 -0.00235526 -1.30442e-06
 0.00110994 -0.00565642 -3.1327e-06
 0.000309714 -0.00157834 -8.74137e-07
 0.000241713 -0.0012318 -6.82212e-07
 0.00178418 -0.00909241 -5.03567e-06
weights matrix:
 -1.01195 0.121272 0.0149078
 1.85942 -2.26378 -0.552838
 -2.4079 0.937644 2.04931
 -2.02296 -0.935535 2.79364
 0.901317 0.765722 -3.03775
regression_error on 'test' 0.0802775
classification_error on 'test' 0.0789474
Save,3714,0.0802775,0.0789474
sample_count 75 Sample index 74
 i 0:0.443801 i 1:0.480944 i 2:0.551613 i 3:0.536988 bias 1
 test_print 3.01335
net matrix:
 -1.06804 -0.254361 -0.666447
outputs matrix:
 0.105638 0.375493 0.208681
error matrix:
 -0.105638 0.624507 -0.208681
delta matrix:
 -0.0199612 0.292891 -0.0689205
weights_delta matrix:
 -0.000885878 0.0129985 -0.0030587
 -0.00096002 0.0140864 -0.00331469
 -0.00110108 0.0161563 -0.00380174
 -0.00107189 0.0157279 -0.00370095
 -0.00199612 0.0292891 -0.00689205
weights matrix:
 -1.01284 0.13427 0.0118491
 1.85846 -2.24969 -0.556153
 -2.409 0.953801 2.04551
 -2.02404 -0.919807 2.78994
 0.899321 0.795012 -3.04465
regression_error on 'test' 0.0820168
classification_error on 'test' 0.0789474
Save,3715,0.0820168,0.0789474
sample_count 75 Sample index 30
 i 0:0.559279 i 1:0.410364 i 2:0.642339 i 3:0.500487 bias 1
 test_print 3.11247
net matrix:
 -1.46489 0.0992258 -0.556008
outputs matrix:
 0.050701 0.549451 0.247495
error matrix:
 -0.050701 0.450549 -0.247495
delta matrix:
 -0.00488053 0.223071 -0.0921878
weights_delta matrix:
 -0.000272958 0.0124759 -0.00515587
 -0.000200279 0.00915404 -0.00378305
 -0.000313495 0.0143287 -0.00592158
 -0.000244264 0.0111644 -0.00461388
 -0.000488053 0.0223071 -0.00921878
weights matrix:
 -1.01311 0.146746 0.0066932
 1.85826 -2.24054 -0.559936
 -2.40931 0.968129 2.03959
 -2.02428 -0.908642 2.78532
 0.898832 0.817319 -3.05387
regression_error on 'test' 0.0838706
classification_error on 'test' 0.0789474
Save,3716,0.0838706,0.0789474
sample_count 75 Sample index 3
 i 0:0.744044 i 1:0.516233 i 2:0.672581 i 3:0.60999 bias 1
 test_print 3.54285
net matrix:
 -1.75092 -0.133252 -0.267136
outputs matrix:
 0.0292601 0.433765 0.369521
error matrix:
 -0.0292601 0.566235 -0.369521
delta matrix:
 -0.0016622 0.278149 -0.172178
weights_delta matrix:
 -0.000123675 0.0206955 -0.0128108
 -8.58083e-05 0.014359 -0.00888842
 -0.000111796 0.0187078 -0.0115804
 -0.000101393 0.0169668 -0.0105027
 -0.00016622 0.0278149 -0.0172178
weights matrix:
 -1.01323 0.167442 -0.00611764
 1.85817 -2.22618 -0.568825
 -2.40942 0.986837 2.02801
 -2.02438 -0.891676 2.77482
 0.898666 0.845134 -3.07108
regression_error on 'test' 0.0872898
classification_error on 'test' 0.0789474
Save,3717,0.0872898,0.0789474
sample_count 75 Sample index 46
 i 0:0.928809 i 1:0.480944 i 2:0.854032 i 3:0.901998 bias 1
 test_print 4.16578
net matrix:
 -3.03247 -0.0315112 0.884527
outputs matrix:
 0.00231752 0.48425 0.85434
error matrix:
 -0.00231752 -0.48425 0.14566
delta matrix:
 -1.07169e-05 -0.241885 0.0362528
weights_delta matrix:
 -9.95399e-07 -0.0224665 0.00336719
 -5.15425e-07 -0.0116333 0.00174356
 -9.15261e-07 -0.0206577 0.00309611
 -9.66666e-07 -0.0218179 0.00327
 -1.07169e-06 -0.0241885 0.00362528
weights matrix:
 -1.01324 0.144975 -0.00275045
 1.85817 -2.23781 -0.567081
 -2.40942 0.966179 2.0311
 -2.02438 -0.913494 2.77809
 0.898665 0.820945 -3.06746
regression_error on 'test' 0.084346
classification_error on 'test' 0.0789474
Save,3718,0.084346,0.0789474
sample_count 75 Sample index 30
 i 0:0.559279 i 1:0.410364 i 2:0.642339 i 3:0.500487 bias 1
 test_print 3.11247
net matrix:
 -1.46633 0.147133 -0.606651
outputs matrix:
 0.0505624 0.57304 0.229117
error matrix:
 -0.0505624 0.42696 -0.229117
delta matrix:
 -0.00485457 0.208924 -0.0809346
weights_delta matrix:
 -0.000271506 0.0116847 -0.0045265
 -0.000199214 0.00857351 -0.00332126
 -0.000311828 0.01342 -0.00519874
 -0.000242965 0.0104564 -0.00405067
 -0.000485457 0.0208924 -0.00809346
weights matrix:
 -1.01351 0.15666 -0.00727695
 1.85798 -2.22924 -0.570402
 -2.40973 0.9796 2.02591
 -2.02463 -0.903037 2.77404
 0.89818 0.841838 -3.07555
regression_error on 'test' 0.0864475
classification_error on 'test' 0.105263
Save,3719,0.0864475,0.105263
sample_count 75 Sample index 15
 i 0:0.720948 i 1:0.410364 i 2:0.65746 i 3:0.573489 bias 1
 test_print 3.36226
net matrix:
 -1.81546 0.166148 -0.392038
outputs matrix:
 0.0258079 0.582318 0.313442
error matrix:
 -0.0258079 0.417682 -0.313442
delta matrix:
 -0.00129772 0.20318 -0.134903
weights_delta matrix:
 -9.35586e-05 0.0146483 -0.00972581
 -5.32536e-05 0.00833779 -0.00553593
 -8.53196e-05 0.0133583 -0.00886933
 -7.44226e-05 0.0116522 -0.00773654
 -0.000129772 0.020318 -0.0134903
weights matrix:
 -1.0136 0.171308 -0.0170028
 1.85792 -2.2209 -0.575938
 -2.40982 0.992958 2.01704
 -2.0247 -0.891385 2.7663
 0.89805 0.862156 -3.08904
regression_error on 'test' 0.0892646
classification_error on 'test' 0.0526316
Save,3720,0.0892646,0.0526316
sample_count 75 Sample index 32
 i 0:0.697853 i 1:0.516233 i 2:0.642339 i 3:0.60999 bias 1
 test_print 3.46642
net matrix:
 -1.63314 -0.0707188 -0.415188
outputs matrix:
 0.0367462 0.464699 0.303566
error matrix:
 -0.0367462 0.535301 -0.303566
delta matrix:
 -0.00260133 0.266316 -0.128356
weights_delta matrix:
 -0.000181535 0.018585 -0.00895734
 -0.000134289 0.0137481 -0.00662614
 -0.000167094 0.0171065 -0.00824479
 -0.000158678 0.016245 -0.00782957
 -0.000260133 0.0266316 -0.0128356
weights matrix:
 -1.01378 0.189893 -0.0259601
 1.85779 -2.20715 -0.582564
 -2.40999 1.01006 2.00879
 -2.02486 -0.87514 2.75847
 0.89779 0.888787 -3.10188
regression_error on 'test' 0.0933435
classification_error on 'test' 0.105263
Save,3721,0.0933435,0.105263
sample_count 75 Sample index 14
 i 0:0.697853 i 1:0.516233 i 2:0.778427 i 3:0.938499 bias 1
 test_print 3.93101
net matrix:
 -2.62696 -0.153157 0.731788
outputs matrix:
 0.00519985 0.424015 0.812079
error matrix:
 -0.00519985 -0.424015 0.187921
delta matrix:
 -5.37957e-05 -0.207111 0.057356
weights_delta matrix:
 -3.75415e-06 -0.0144533 0.0040026
 -2.77711e-06 -0.0106918 0.00296091
 -4.1876e-06 -0.0161221 0.00446474
 -5.04872e-06 -0.0194374 0.00538285
 -5.37957e-06 -0.0207111 0.0057356
weights matrix:
 -1.01379 0.17544 -0.0219575
 1.85778 -2.21784 -0.579604
 -2.40999 0.993942 2.01326
 -2.02486 -0.894577 2.76385
 0.897784 0.868076 -3.09614
regression_error on 'test' 0.0900142
classification_error on 'test' 0.0526316
Save,3722,0.0900142,0.0526316
sample_count 75 Sample index 1
 i 0:0.582374 i 1:0.445654 i 2:0.581855 i 3:0.536988 bias 1
 test_print 3.14687
net matrix:
 -1.35428 0.0798097 -0.711652
outputs matrix:
 0.06247 0.53982 0.194144
error matrix:
 -0.06247 0.46018 -0.194144
delta matrix:
 -0.00731742 0.22863 -0.0607486
weights_delta matrix:
 -0.000426147 0.0133148 -0.00353784
 -0.000326104 0.010189 -0.00270729
 -0.000425768 0.013303 -0.00353469
 -0.000392937 0.0122772 -0.00326213
 -0.000731742 0.022863 -0.00607486
weights matrix:
 -1.01421 0.188755 -0.0254953
 1.85746 -2.20765 -0.582311
 -2.41042 1.00725 2.00972
 -2.02526 -0.8823 2.76059
 0.897053 0.890939 -3.10222
regression_error on 'test' 0.0929913
classification_error on 'test' 0.0789474
Save,3723,0.0929913,0.0789474
sample_count 75 Sample index 43
 i 0:0.582374 i 1:0.198626 i 2:0.612097 i 3:0.60999 bias 1
 test_print 3.00309
net matrix:
 -2.03545 0.640705 -0.318648
outputs matrix:
 0.0167757 0.78269 0.345858
error matrix:
 -0.0167757 0.21731 -0.345858
delta matrix:
 -0.000553405 0.0739231 -0.156494
weights_delta matrix:
 -3.22289e-05 0.00430509 -0.00911381
 -1.09921e-05 0.00146831 -0.00310838
 -3.38738e-05 0.00452481 -0.00957895
 -3.37572e-05 0.00450924 -0.00954598
 -5.53405e-05 0.00739231 -0.0156494
weights matrix:
 -1.01424 0.19306 -0.0346091
 1.85745 -2.20619 -0.585419
 -2.41045 1.01177 2.00014
 -2.02529 -0.877791 2.75105
 0.896997 0.898332 -3.11787
regression_error on 'test' 0.094881
classification_error on 'test' 0.131579
Save,3724,0.094881,0.131579
sample_count 75 Sample index 70
 i 0:0.259036 i 1:0.622103 i 2:0.173589 i 3:0.135476 bias 1
 test_print 2.1902
net matrix:
 1.09699 -0.367422 -2.77112
outputs matrix:
 0.899708 0.324133 0.00390246
error matrix:
 0.100292 -0.324133 -0.00390246
delta matrix:
 0.0180996 -0.142016 -3.03396e-05
weights_delta matrix:
 0.000468844 -0.00367873 -7.85905e-07
 0.00112598 -0.00883486 -1.88743e-06
 0.000314188 -0.00246524 -5.26662e-07
 0.000245206 -0.00192398 -4.11029e-07
 0.00180996 -0.0142016 -3.03396e-06
weights matrix:
 -1.01377 0.189381 -0.0346099
 1.85857 -2.21502 -0.585421
 -2.41014 1.0093 2.00014
 -2.02505 -0.879715 2.75105
 0.898807 0.88413 -3.11787
regression_error on 'test' 0.0936148
classification_error on 'test' 0.105263
Save,3725,0.0936148,0.105263
sample_count 75 Sample index 50
 i 0:0.489992 i 1:0.833841 i 2:0.113105 i 3:0.135476 bias 1
 test_print 2.57241
net matrix:
 1.40488 -0.875073 -3.02405
outputs matrix:
 0.943201 0.148029 0.00235678
error matrix:
 0.0567993 -0.148029 -0.00235678
delta matrix:
 0.00608584 -0.0373376 -1.10827e-05
weights_delta matrix:
 0.000298201 -0.00182951 -5.43042e-07
 0.000507462 -0.00311336 -9.24119e-07
 6.88339e-05 -0.000422307 -1.25351e-07
 8.24486e-05 -0.000505835 -1.50144e-07
 0.000608584 -0.00373376 -1.10827e-06
weights matrix:
 -1.01348 0.187551 -0.0346105
 1.85908 -2.21813 -0.585422
 -2.41007 1.00888 2.00014
 -2.02496 -0.880221 2.75105
 0.899416 0.880396 -3.11787
regression_error on 'test' 0.0932544
classification_error on 'test' 0.105263
Save,3726,0.0932544,0.105263
sample_count 75 Sample index 34
 i 0:0.767139 i 1:0.551523 i 2:0.642339 i 3:0.573489 bias 1
 test_print 3.53449
net matrix:
 -1.56211 -0.0558304 -0.604831
outputs matrix:
 0.0421192 0.472114 0.229761
error matrix:
 -0.0421192 0.527886 -0.229761
delta matrix:
 -0.00339861 0.263122 -0.0813219
weights_delta matrix:
 -0.000260721 0.0201851 -0.00623852
 -0.000187441 0.0145118 -0.00448509
 -0.000218306 0.0169014 -0.00522363
 -0.000194907 0.0150898 -0.00466372
 -0.000339861 0.0263122 -0.00813219
weights matrix:
 -1.01374 0.207737 -0.040849
 1.85889 -2.20362 -0.589907
 -2.41029 1.02578 1.99492
 -2.02516 -0.865131 2.74638
 0.899076 0.906708 -3.126
regression_error on 'test' 0.0975424
classification_error on 'test' 0.157895
Save,3727,0.0975424,0.157895
sample_count 75 Sample index 7
 i 0:0.651661 i 1:0.410364 i 2:0.627218 i 3:0.60999 bias 1
 test_print 3.29923
net matrix:
 -1.74581 0.253464 -0.468184
outputs matrix:
 0.0295513 0.624086 0.281635
error matrix:
 -0.0295513 0.375914 -0.281635
delta matrix:
 -0.00169495 0.176381 -0.113959
weights_delta matrix:
 -0.000110453 0.0114941 -0.00742624
 -6.95547e-05 0.00723804 -0.00467645
 -0.00010631 0.0110629 -0.00714769
 -0.00010339 0.0107591 -0.00695136
 -0.000169495 0.0176381 -0.0113959
weights matrix:
 -1.01385 0.219231 -0.0482752
 1.85882 -2.19638 -0.594584
 -2.41039 1.03685 1.98777
 -2.02526 -0.854372 2.73943
 0.898907 0.924346 -3.1374
regression_error on 'test' 0.101048
classification_error on 'test' 0.157895
Save,3728,0.101048,0.157895
sample_count 75 Sample index 18
 i 0:0.513088 i 1:0.480944 i 2:0.566734 i 3:0.60999 bias 1
 test_print 3.17076
net matrix:
 -1.32874 0.046951 -0.650566
outputs matrix:
 0.0655299 0.523458 0.213974
error matrix:
 -0.0655299 0.476542 -0.213974
delta matrix:
 -0.00802555 0.237746 -0.0719765
weights_delta matrix:
 -0.000411781 0.0121985 -0.00369303
 -0.000385984 0.0114343 -0.00346167
 -0.000454835 0.0134739 -0.00407915
 -0.00048955 0.0145023 -0.00439049
 -0.000802555 0.0237746 -0.00719765
weights matrix:
 -1.01426 0.231429 -0.0519683
 1.85844 -2.18495 -0.598045
 -2.41085 1.05032 1.98369
 -2.02575 -0.83987 2.73504
 0.898104 0.948121 -3.1446
regression_error on 'test' 0.105295
classification_error on 'test' 0.157895
Save,3729,0.105295,0.157895
sample_count 75 Sample index 62
 i 0:0.582374 i 1:0.622103 i 2:0.748185 i 3:0.901998 bias 1
 test_print 3.85466
net matrix:
 -2.16742 -0.248091 0.404263
outputs matrix:
 0.0129346 0.378438 0.691795
error matrix:
 -0.0129346 -0.378438 0.308205
delta matrix:
 -0.000330277 -0.178034 0.131427
weights_delta matrix:
 -1.92345e-05 -0.0103683 0.007654
 -2.05467e-05 -0.0110756 0.00817614
 -2.47109e-05 -0.0133203 0.00983321
 -2.9791e-05 -0.0160587 0.0118547
 -3.30277e-05 -0.0178034 0.0131427
weights matrix:
 -1.01428 0.221061 -0.0443143
 1.85842 -2.19603 -0.589869
 -2.41087 1.037 1.99352
 -2.02578 -0.855928 2.7469
 0.898071 0.930318 -3.13145
regression_error on 'test' 0.100785
classification_error on 'test' 0.157895
Save,3730,0.100785,0.157895
sample_count 75 Sample index 6
 i 0:0.305227 i 1:0.657392 i 2:0.128226 i 3:0.171977 bias 1
 test_print 2.26282
net matrix:
 1.15267 -0.460088 -2.80473
outputs matrix:
 0.909318 0.284922 0.00364968
error matrix:
 0.0906816 -0.284922 -0.00364968
delta matrix:
 0.0149549 -0.116101 -2.65431e-05
weights_delta matrix:
 0.000456465 -0.00354371 -8.10167e-07
 0.000983125 -0.00763237 -1.74492e-06
 0.000191761 -0.00148871 -3.40352e-07
 0.00025719 -0.00199667 -4.5648e-07
 0.00149549 -0.0116101 -2.65431e-06
weights matrix:
 -1.01382 0.217517 -0.0443151
 1.8594 -2.20366 -0.589871
 -2.41068 1.03551 1.99352
 -2.02552 -0.857925 2.74689
 0.899566 0.918708 -3.13146
regression_error on 'test' 0.0995268
classification_error on 'test' 0.157895
Save,3731,0.0995268,0.157895
sample_count 75 Sample index 34
 i 0:0.767139 i 1:0.551523 i 2:0.642339 i 3:0.573489 bias 1
 test_print 3.53449
net matrix:
 -1.56276 0.0433441 -0.634946
outputs matrix:
 0.0420665 0.521658 0.219276
error matrix:
 -0.0420665 0.478342 -0.219276
delta matrix:
 -0.0033903 0.238722 -0.0750772
weights_delta matrix:
 -0.000260083 0.0183133 -0.00575947
 -0.000186983 0.0131661 -0.00414068
 -0.000217772 0.015334 -0.0048225
 -0.00019443 0.0136904 -0.0043056
 -0.00033903 0.0238722 -0.00750772
weights matrix:
 -1.01408 0.23583 -0.0500745
 1.85921 -2.19049 -0.594011
 -2.4109 1.05085 1.9887
 -2.02572 -0.844235 2.74259
 0.899227 0.94258 -3.13896
regression_error on 'test' 0.104087
classification_error on 'test' 0.157895
Save,3732,0.104087,0.157895
sample_count 75 Sample index 10
 i 0:0.697853 i 1:0.304495 i 2:0.808669 i 3:0.719493 bias 1
 test_print 3.53051
net matrix:
 -2.64944 0.682526 0.226694
outputs matrix:
 0.00497234 0.79658 0.611444
error matrix:
 -0.00497234 -0.79658 0.388556
delta matrix:
 -4.92025e-05 -0.258156 0.184626
weights_delta matrix:
 -3.43361e-06 -0.0180155 0.0128842
 -1.49819e-06 -0.00786073 0.00562178
 -3.97885e-06 -0.0208763 0.0149302
 -3.54009e-06 -0.0185742 0.0132837
 -4.92025e-06 -0.0258156 0.0184626
weights matrix:
 -1.01409 0.217815 -0.0371903
 1.85921 -2.19835 -0.58839
 -2.4109 1.02997 2.00363
 -2.02572 -0.862809 2.75587
 0.899223 0.916764 -3.1205
regression_error on 'test' 0.0982457
classification_error on 'test' 0.157895
Save,3733,0.0982457,0.157895
sample_count 75 Sample index 63
 i 0:0.420705 i 1:0.904421 i 2:0.143347 i 3:0.135476 bias 1
 test_print 2.60395
net matrix:
 1.53407 -0.949084 -3.00773
outputs matrix:
 0.955559 0.130316 0.00243478
error matrix:
 0.0444408 -0.130316 -0.00243478
delta matrix:
 0.00377442 -0.0295384 -1.18275e-05
weights_delta matrix:
 0.000158792 -0.0012427 -4.97588e-07
 0.000341367 -0.00267152 -1.0697e-06
 5.41052e-05 -0.000423424 -1.69543e-07
 5.11344e-05 -0.000400175 -1.60234e-07
 0.000377442 -0.00295384 -1.18275e-06
weights matrix:
 -1.01393 0.216572 -0.0371908
 1.85955 -2.20102 -0.588391
 -2.41085 1.02955 2.00363
 -2.02567 -0.863209 2.75587
 0.8996 0.91381 -3.1205
regression_error on 'test' 0.0979038
classification_error on 'test' 0.157895
Save,3734,0.0979038,0.157895
sample_count 75 Sample index 15
 i 0:0.720948 i 1:0.410364 i 2:0.65746 i 3:0.573489 bias 1
 test_print 3.36226
net matrix:
 -1.81503 0.348571 -0.490999
outputs matrix:
 0.0258297 0.667554 0.272496
error matrix:
 -0.0258297 0.332446 -0.272496
delta matrix:
 -0.00129988 0.147557 -0.10804
weights_delta matrix:
 -9.37148e-05 0.0106381 -0.00778913
 -5.33425e-05 0.0060552 -0.00443358
 -8.54621e-05 0.00970127 -0.0071032
 -7.45468e-05 0.00846222 -0.00619598
 -0.000129988 0.0147557 -0.010804
weights matrix:
 -1.01402 0.22721 -0.04498
 1.8595 -2.19497 -0.592824
 -2.41093 1.03925 1.99653
 -2.02574 -0.854747 2.74968
 0.89947 0.928566 -3.13131
regression_error on 'test' 0.100978
classification_error on 'test' 0.157895
Save,3735,0.100978,0.157895
sample_count 75 Sample index 42
 i 0:0.651661 i 1:0.551523 i 2:0.702823 i 3:0.792495 bias 1
 test_print 3.6985
net matrix:
 -2.03562 -0.0809217 0.0947374
outputs matrix:
 0.0167701 0.459627 0.547228
error matrix:
 -0.0167701 -0.459627 0.452772
delta matrix:
 -0.000553041 -0.228315 0.224366
weights_delta matrix:
 -3.60395e-05 -0.0148784 0.0146211
 -3.05015e-05 -0.0125921 0.0123743
 -3.8869e-05 -0.0160465 0.015769
 -4.38282e-05 -0.0180939 0.0177809
 -5.53041e-05 -0.0228315 0.0224366
weights matrix:
 -1.01406 0.212332 -0.0303589
 1.85947 -2.20756 -0.58045
 -2.41097 1.0232 2.0123
 -2.02579 -0.872841 2.76746
 0.899415 0.905734 -3.10887
regression_error on 'test' 0.0955257
classification_error on 'test' 0.131579
Save,3736,0.0955257,0.131579
sample_count 75 Sample index 11
 i 0:0.536183 i 1:0.198626 i 2:0.536492 i 3:0.427485 bias 1
 test_print 2.69879
net matrix:
 -1.43443 0.756917 -0.977812
outputs matrix:
 0.0537148 0.819629 0.123942
error matrix:
 -0.0537148 0.180371 -0.123942
delta matrix:
 -0.0054606 0.0533313 -0.0269151
weights_delta matrix:
 -0.000292788 0.00285953 -0.00144314
 -0.000108462 0.0010593 -0.000534605
 -0.000292957 0.00286118 -0.00144398
 -0.000233432 0.00227983 -0.00115058
 -0.00054606 0.00533313 -0.00269151
weights matrix:
 -1.01435 0.215191 -0.031802
 1.85936 -2.2065 -0.580985
 -2.41127 1.02606 2.01085
 -2.02602 -0.870561 2.76631
 0.898869 0.911068 -3.11156
regression_error on 'test' 0.0963129
classification_error on 'test' 0.131579
Save,3737,0.0963129,0.131579
sample_count 75 Sample index 22
 i 0:0.305227 i 1:0.233915 i 2:0.430645 i 3:0.427485 bias 1
 test_print 2.39727
net matrix:
 -0.880299 0.530333 -1.20865
outputs matrix:
 0.146715 0.742818 0.081863
error matrix:
 -0.146715 0.257182 -0.081863
delta matrix:
 -0.0367346 0.098264 -0.0123059
weights_delta matrix:
 -0.00112124 0.00299928 -0.000375609
 -0.000859278 0.00229854 -0.000287853
 -0.00158196 0.00423169 -0.000529946
 -0.00157035 0.00420064 -0.000526058
 -0.00367346 0.0098264 -0.00123059
weights matrix:
 -1.01547 0.218191 -0.0321776
 1.8585 -2.2042 -0.581272
 -2.41285 1.03029 2.01032
 -2.02759 -0.86636 2.76578
 0.895195 0.920894 -3.11279
regression_error on 'test' 0.097485
classification_error on 'test' 0.157895
Save,3738,0.097485,0.157895
sample_count 75 Sample index 33
 i 0:0.559279 i 1:0.480944 i 2:0.672581 i 3:0.719493 bias 1
 test_print 3.4323
net matrix:
 -1.86057 0.0524408 -0.0682816
outputs matrix:
 0.0236341 0.526196 0.465912
error matrix:
 -0.0236341 -0.526196 0.534088
delta matrix:
 -0.00109073 -0.262376 0.265803
weights_delta matrix:
 -6.10025e-05 -0.0146741 0.0148658
 -5.24582e-05 -0.0126188 0.0127836
 -7.33608e-05 -0.0176469 0.0178774
 -7.84776e-05 -0.0188778 0.0191243
 -0.000109073 -0.0262376 0.0265803
weights matrix:
 -1.01553 0.203517 -0.0173118
 1.85845 -2.21682 -0.568489
 -2.41292 1.01265 2.0282
 -2.02767 -0.885238 2.78491
 0.895086 0.894656 -3.08621
regression_error on 'test' 0.0921654
classification_error on 'test' 0.0526316
Save,3739,0.0921654,0.0526316
sample_count 75 Sample index 62
 i 0:0.582374 i 1:0.622103 i 2:0.748185 i 3:0.901998 bias 1
 test_print 3.85466
net matrix:
 -2.17445 -0.406749 0.579497
outputs matrix:
 0.0127561 0.307146 0.76115
error matrix:
 -0.0127561 -0.307146 0.23885
delta matrix:
 -0.000321287 -0.130726 0.0868463
weights_delta matrix:
 -1.87109e-05 -0.00761313 0.0050577
 -1.99874e-05 -0.00813249 0.00540273
 -2.40382e-05 -0.0097807 0.00649771
 -2.89801e-05 -0.0117914 0.00783352
 -3.21287e-05 -0.0130726 0.00868463
weights matrix:
 -1.01555 0.195903 -0.0122541
 1.85843 -2.22496 -0.563086
 -2.41294 1.00287 2.0347
 -2.0277 -0.897029 2.79274
 0.895054 0.881584 -3.07753
regression_error on 'test' 0.0898538
classification_error on 'test' 0.0526316
Save,3740,0.0898538,0.0526316
sample_count 75 Sample index 9
 i 0:0.351418 i 1:0.375074 i 2:0.521371 i 3:0.573489 bias 1
 test_print 2.82135
net matrix:
 -1.18568 0.124334 -0.630594
outputs matrix:
 0.0853824 0.561849 0.22077
error matrix:
 -0.0853824 0.438151 -0.22077
delta matrix:
 -0.0133354 0.215724 -0.0759581
weights_delta matrix:
 -0.000468631 0.00758092 -0.0026693
 -0.000500177 0.00809123 -0.00284899
 -0.00069527 0.0112472 -0.00396024
 -0.000764772 0.0123715 -0.00435611
 -0.00133354 0.0215724 -0.00759581
weights matrix:
 -1.01602 0.203484 -0.0149234
 1.85793 -2.21686 -0.565935
 -2.41364 1.01411 2.03074
 -2.02846 -0.884658 2.78838
 0.89372 0.903156 -3.08512
regression_error on 'test' 0.0925434
classification_error on 'test' 0.0526316
Save,3741,0.0925434,0.0526316
sample_count 75 Sample index 29
 i 0:0.420705 i 1:0.304495 i 2:0.536492 i 3:0.536988 bias 1
 test_print 2.79868
net matrix:
 -1.35215 0.382752 -0.676922
outputs matrix:
 0.0627197 0.682548 0.205243
error matrix:
 -0.0627197 0.317452 -0.205243
delta matrix:
 -0.00737408 0.137569 -0.0669576
weights_delta matrix:
 -0.000310231 0.00578759 -0.00281694
 -0.000224537 0.0041889 -0.00203882
 -0.000395614 0.00738046 -0.00359222
 -0.000395979 0.00738728 -0.00359554
 -0.000737408 0.0137569 -0.00669576
weights matrix:
 -1.01633 0.209272 -0.0177404
 1.8577 -2.21267 -0.567974
 -2.41404 1.02149 2.02715
 -2.02886 -0.87727 2.78479
 0.892983 0.916913 -3.09182
regression_error on 'test' 0.0944706
classification_error on 'test' 0.0789474
Save,3742,0.0944706,0.0789474
sample_count 75 Sample index 17
 i 0:0.443801 i 1:0.304495 i 2:0.521371 i 3:0.463986 bias 1
 test_print 2.73365
net matrix:
 -1.19237 0.461576 -0.923639
outputs matrix:
 0.0843432 0.715684 0.136193
error matrix:
 -0.0843432 0.284316 -0.136193
delta matrix:
 -0.0130275 0.115706 -0.0320446
weights_delta matrix:
 -0.000578164 0.00513503 -0.00142214
 -0.000396682 0.00352318 -0.000975743
 -0.000679218 0.00603256 -0.00167071
 -0.00060446 0.00536858 -0.00148683
 -0.00130275 0.0115706 -0.00320446
weights matrix:
 -1.01691 0.214407 -0.0191625
 1.85731 -2.20915 -0.56895
 -2.41471 1.02753 2.02548
 -2.02946 -0.871902 2.7833
 0.89168 0.928484 -3.09502
regression_error on 'test' 0.0960369
classification_error on 'test' 0.105263
Save,3743,0.0960369,0.105263
sample_count 75 Sample index 9
 i 0:0.351418 i 1:0.375074 i 2:0.521371 i 3:0.573489 bias 1
 test_print 2.82135
net matrix:
 -1.19189 0.210931 -0.662938
outputs matrix:
 0.0844181 0.603929 0.209842
error matrix:
 -0.0844181 0.396071 -0.209842
delta matrix:
 -0.0130496 0.18948 -0.0695872
weights_delta matrix:
 -0.000458587 0.00665865 -0.00244542
 -0.000489458 0.00710689 -0.00261004
 -0.00068037 0.00987892 -0.00362808
 -0.000748382 0.0108664 -0.00399075
 -0.00130496 0.018948 -0.00695872
weights matrix:
 -1.01737 0.221066 -0.0216079
 1.85682 -2.20204 -0.57156
 -2.41539 1.03741 2.02185
 -2.03021 -0.861035 2.77931
 0.890375 0.947432 -3.10198
regression_error on 'test' 0.0988996
classification_error on 'test' 0.131579
Save,3744,0.0988996,0.131579
sample_count 75 Sample index 25
 i 0:0.628566 i 1:0.410364 i 2:0.778427 i 3:0.865497 bias 1
 test_print 3.68285
net matrix:
 -2.62449 0.245067 0.629234
outputs matrix:
 0.00522546 0.620138 0.778762
error matrix:
 -0.00522546 -0.620138 0.221238
delta matrix:
 -5.43254e-05 -0.292168 0.0762348
weights_delta matrix:
 -3.41471e-06 -0.0183647 0.00479186
 -2.22932e-06 -0.0119895 0.0031284
 -4.22884e-06 -0.0227431 0.00593432
 -4.70185e-06 -0.025287 0.0065981
 -5.43254e-06 -0.0292168 0.00762348
weights matrix:
 -1.01737 0.202701 -0.0168161
 1.85682 -2.21403 -0.568431
 -2.4154 1.01466 2.02778
 -2.03022 -0.886322 2.78591
 0.89037 0.918215 -3.09436
regression_error on 'test' 0.0936984
classification_error on 'test' 0.0789474
Save,3745,0.0936984,0.0789474
sample_count 75 Sample index 16
 i 0:0.60547 i 1:0.304495 i 2:0.687702 i 3:0.755994 bias 1
 test_print 3.35366
net matrix:
 -2.35613 0.394512 0.223015
outputs matrix:
 0.0089044 0.687622 0.609695
error matrix:
 -0.0089044 -0.687622 0.390305
delta matrix:
 -0.000157165 -0.2954 0.185759
weights_delta matrix:
 -9.51584e-06 -0.0178856 0.0112472
 -4.78558e-06 -0.00899477 0.00565628
 -1.08082e-05 -0.0203147 0.0127747
 -1.18815e-05 -0.022332 0.0140433
 -1.57165e-05 -0.02954 0.0185759
weights matrix:
 -1.01738 0.184815 -0.00556891
 1.85681 -2.22303 -0.562775
 -2.41541 0.994347 2.04056
 -2.03023 -0.908655 2.79995
 0.890354 0.888675 -3.07578
regression_error on 'test' 0.0889974
classification_error on 'test' 0.0789474
Save,3746,0.0889974,0.0789474
sample_count 75 Sample index 39
 i 0:0.397609 i 1:0.622103 i 2:0.18871 i 3:0.135476 bias 1
 test_print 2.3439
net matrix:
 0.910104 -0.356252 -2.6637
outputs matrix:
 0.860591 0.329046 0.0048332
error matrix:
 0.139409 -0.329046 -0.0048332
delta matrix:
 0.0334509 -0.14529 -4.64939e-05
weights_delta matrix:
 0.00133004 -0.00577686 -1.84864e-06
 0.00208099 -0.00903854 -2.8924e-06
 0.000631253 -0.00274177 -8.77386e-07
 0.00045318 -0.00196833 -6.2988e-07
 0.00334509 -0.014529 -4.64939e-06
weights matrix:
 -1.01605 0.179039 -0.00557076
 1.85889 -2.23207 -0.562778
 -2.41478 0.991606 2.04056
 -2.02978 -0.910623 2.79995
 0.893699 0.874146 -3.07579
regression_error on 'test' 0.0877905
classification_error on 'test' 0.0789474
Save,3747,0.0877905,0.0789474
sample_count 75 Sample index 5
 i 0:0.536183 i 1:0.198626 i 2:0.687702 i 3:0.60999 bias 1
 test_print 3.0325
net matrix:
 -2.18066 0.653255 -0.0793198
outputs matrix:
 0.0126008 0.786929 0.460423
error matrix:
 -0.0126008 -0.786929 0.539577
delta matrix:
 -0.00031356 -0.263892 0.268098
weights_delta matrix:
 -1.68126e-05 -0.0141494 0.014375
 -6.22812e-06 -0.00524158 0.00532513
 -2.15636e-05 -0.0181479 0.0184372
 -1.91268e-05 -0.0160971 0.0163537
 -3.1356e-05 -0.0263892 0.0268098
weights matrix:
 -1.01607 0.164889 0.00880421
 1.85889 -2.23731 -0.557453
 -2.4148 0.973458 2.05899
 -2.0298 -0.92672 2.8163
 0.893668 0.847757 -3.04898
regression_error on 'test' 0.0844692
classification_error on 'test' 0.0789474
Save,3748,0.0844692,0.0789474
sample_count 75 Sample index 39
 i 0:0.397609 i 1:0.622103 i 2:0.18871 i 3:0.135476 bias 1
 test_print 2.3439
net matrix:
 0.915404 -0.420366 -2.62218
outputs matrix:
 0.861858 0.301381 0.00524955
error matrix:
 0.138142 -0.301381 -0.00524955
delta matrix:
 0.032894 -0.126912 -5.48262e-05
weights_delta matrix:
 0.0013079 -0.00504612 -2.17994e-06
 0.00204635 -0.00789521 -3.41075e-06
 0.000620743 -0.00239495 -1.03462e-06
 0.000445635 -0.00171935 -7.42763e-07
 0.0032894 -0.0126912 -5.48262e-06
weights matrix:
 -1.01476 0.159843 0.00880203
 1.86093 -2.2452 -0.557456
 -2.41418 0.971063 2.05899
 -2.02935 -0.928439 2.8163
 0.896957 0.835066 -3.04898
regression_error on 'test' 0.0836468
classification_error on 'test' 0.0789474
Save,3749,0.0836468,0.0789474
sample_count 75 Sample index 46
 i 0:0.928809 i 1:0.480944 i 2:0.854032 i 3:0.901998 bias 1
 test_print 4.16578
net matrix:
 -3.04281 -0.10442 0.989833
outputs matrix:
 0.00227018 0.447979 0.878646
error matrix:
 -0.00227018 -0.447979 0.121354
delta matrix:
 -1.02841e-05 -0.221565 0.0258795
weights_delta matrix:
 -9.55194e-07 -0.0205791 0.00240371
 -4.94606e-07 -0.010656 0.00124466
 -8.78293e-07 -0.0189223 0.00221019
 -9.27621e-07 -0.0199851 0.00233432
 -1.02841e-06 -0.0221565 0.00258795
weights matrix:
 -1.01476 0.139264 0.0112057
 1.86093 -2.25586 -0.556212
 -2.41418 0.95214 2.0612
 -2.02935 -0.948424 2.81864
 0.896956 0.812909 -3.04639
regression_error on 'test' 0.0814793
classification_error on 'test' 0.0789474
Save,3750,0.0814793,0.0789474
sample_count 75 Sample index 20
 i 0:0.489992 i 1:0.375074 i 2:0.521371 i 3:0.500487 bias 1
 test_print 2.88692
net matrix:
 -1.17663 0.0567768 -0.764182
outputs matrix:
 0.0868074 0.528358 0.178233
error matrix:
 -0.0868074 0.471642 -0.178233
delta matrix:
 -0.0137628 0.235062 -0.0522103
weights_delta matrix:
 -0.000674364 0.0115179 -0.00255826
 -0.000516206 0.00881658 -0.00195827
 -0.000717551 0.0122555 -0.00272209
 -0.000688808 0.0117646 -0.00261306
 -0.00137628 0.0235062 -0.00522103
weights matrix:
 -1.01543 0.150782 0.00864747
 1.86042 -2.24704 -0.55817
 -2.4149 0.964396 2.05848
 -2.03004 -0.93666 2.81602
 0.89558 0.836415 -3.05162
regression_error on 'test' 0.0831464
classification_error on 'test' 0.0789474
Save,3751,0.0831464,0.0789474
sample_count 75 Sample index 48
 i 0:0.744044 i 1:0.516233 i 2:0.748185 i 3:0.828996 bias 1
 test_print 3.83746
net matrix:
 -2.38922 -0.266336 0.54127
outputs matrix:
 0.00833892 0.369894 0.746974
error matrix:
 -0.00833892 -0.369894 0.253026
delta matrix:
 -0.000137915 -0.172424 0.0956455
weights_delta matrix:
 -1.02615e-05 -0.0128291 0.00711645
 -7.11964e-06 -0.00890111 0.00493754
 -1.03186e-05 -0.0129005 0.00715605
 -1.14331e-05 -0.0142939 0.00792897
 -1.37915e-05 -0.0172424 0.00956455
weights matrix:
 -1.01544 0.137953 0.0157639
 1.86041 -2.25595 -0.553232
 -2.41491 0.951495 2.06564
 -2.03005 -0.950954 2.82395
 0.895566 0.819173 -3.04205
regression_error on 'test' 0.0814308
classification_error on 'test' 0.0789474
Save,3752,0.0814308,0.0789474
sample_count 75 Sample index 38
 i 0:0.397609 i 1:0.798551 i 2:0.128226 i 3:0.208478 bias 1
 test_print 2.53286
net matrix:
 1.24457 -1.00371 -2.62397
outputs matrix:
 0.923377 0.118426 0.00523087
error matrix:
 0.0766226 -0.118426 -0.00523087
delta matrix:
 0.0108423 -0.0247277 -5.44377e-05
weights_delta matrix:
 0.000431101 -0.000983196 -2.16449e-06
 0.000865816 -0.00197463 -4.34713e-06
 0.000139027 -0.000317073 -6.98033e-07
 0.000226039 -0.000515518 -1.13491e-06
 0.00108423 -0.00247277 -5.44377e-06
weights matrix:
 -1.01501 0.136969 0.0157618
 1.86127 -2.25792 -0.553237
 -2.41477 0.951178 2.06564
 -2.02983 -0.951469 2.82395
 0.89665 0.8167 -3.04206
regression_error on 'test' 0.0813015
classification_error on 'test' 0.0789474
Save,3753,0.0813015,0.0789474
sample_count 75 Sample index 74
 i 0:0.443801 i 1:0.480944 i 2:0.551613 i 3:0.536988 bias 1
 test_print 3.01335
net matrix:
 -1.08065 -0.194691 -0.645277
outputs matrix:
 0.103279 0.403866 0.215759
error matrix:
 -0.103279 0.596134 -0.215759
delta matrix:
 -0.0191299 0.287048 -0.0730159
weights_delta matrix:
 -0.000848988 0.0127392 -0.00324045
 -0.000920042 0.0138054 -0.00351166
 -0.00105523 0.015834 -0.00402765
 -0.00102725 0.0154142 -0.00392087
 -0.00191299 0.0287048 -0.00730159
weights matrix:
 -1.01586 0.149709 0.0125213
 1.86035 -2.24411 -0.556748
 -2.41582 0.967012 2.06161
 -2.03085 -0.936055 2.82003
 0.894737 0.845405 -3.04936
regression_error on 'test' 0.0834431
classification_error on 'test' 0.0789474
Save,3754,0.0834431,0.0789474
sample_count 75 Sample index 68
 i 0:0.305227 i 1:0.657392 i 2:0.173589 i 3:0.281481 bias 1
 test_print 2.41769
net matrix:
 0.816644 -0.679782 -2.25988
outputs matrix:
 0.83662 0.204311 0.0107743
error matrix:
 0.16338 -0.204311 -0.0107743
delta matrix:
 0.044664 -0.066429 -0.000229669
weights_delta matrix:
 0.00136327 -0.00202759 -7.01012e-06
 0.00293617 -0.00436699 -1.50983e-05
 0.000775318 -0.00115313 -3.9868e-06
 0.00125721 -0.00186985 -6.46474e-06
 0.0044664 -0.0066429 -2.29669e-05
weights matrix:
 -1.0145 0.147681 0.0125143
 1.86329 -2.24848 -0.556763
 -2.41505 0.965859 2.0616
 -2.0296 -0.937925 2.82003
 0.899204 0.838762 -3.04938
regression_error on 'test' 0.0830178
classification_error on 'test' 0.0789474
Save,3755,0.0830178,0.0789474
sample_count 75 Sample index 33
 i 0:0.559279 i 1:0.480944 i 2:0.672581 i 3:0.719493 bias 1
 test_print 3.4323
net matrix:
 -1.85664 -0.185249 0.10543
outputs matrix:
 0.0238163 0.408421 0.552521
error matrix:
 -0.0238163 -0.408421 0.447479
delta matrix:
 -0.00110741 -0.19736 0.221271
weights_delta matrix:
 -6.19352e-05 -0.0110379 0.0123752
 -5.32603e-05 -0.0094919 0.0106419
 -7.44824e-05 -0.013274 0.0148823
 -7.96775e-05 -0.0141999 0.0159203
 -0.000110741 -0.019736 0.0221271
weights matrix:
 -1.01456 0.136643 0.0248895
 1.86324 -2.25797 -0.546122
 -2.41512 0.952585 2.07649
 -2.02967 -0.952125 2.83595
 0.899093 0.819026 -3.02725
regression_error on 'test' 0.0811305
classification_error on 'test' 0.0789474
Save,3756,0.0811305,0.0789474
sample_count 75 Sample index 26
 i 0:0.489992 i 1:0.339785 i 2:0.536492 i 3:0.500487 bias 1
 test_print 2.86676
net matrix:
 -1.27645 0.153283 -0.66725
outputs matrix:
 0.0722314 0.576047 0.208416
error matrix:
 -0.0722314 0.423953 -0.208416
delta matrix:
 -0.00968104 0.207073 -0.0687684
weights_delta matrix:
 -0.000474363 0.0101464 -0.0033696
 -0.000328947 0.00703603 -0.00233665
 -0.00051938 0.0111093 -0.00368937
 -0.000484524 0.0103637 -0.00344177
 -0.000968104 0.0207073 -0.00687684
weights matrix:
 -1.01503 0.14679 0.0215199
 1.86291 -2.25094 -0.548458
 -2.41564 0.963694 2.0728
 -2.03016 -0.941761 2.8325
 0.898125 0.839733 -3.03413
regression_error on 'test' 0.0825588
classification_error on 'test' 0.0789474
Save,3757,0.0825588,0.0789474
sample_count 75 Sample index 28
 i 0:0.305227 i 1:0.551523 i 2:0.113105 i 3:0.135476 bias 1
 test_print 2.10533
net matrix:
 1.06749 -0.375494 -2.71187
outputs matrix:
 0.894256 0.320606 0.00439126
error matrix:
 0.105744 -0.320606 -0.00439126
delta matrix:
 0.0199987 -0.139668 -3.83969e-05
weights_delta matrix:
 0.000610414 -0.00426303 -1.17198e-06
 0.00110297 -0.00770299 -2.11768e-06
 0.000226195 -0.00157971 -4.34288e-07
 0.000270934 -0.00189216 -5.20186e-07
 0.00199987 -0.0139668 -3.83969e-06
weights matrix:
 -1.01442 0.142527 0.0215187
 1.86401 -2.25864 -0.54846
 -2.41542 0.962115 2.0728
 -2.02989 -0.943653 2.8325
 0.900125 0.825767 -3.03413
regression_error on 'test' 0.0818475
classification_error on 'test' 0.0789474
Save,3758,0.0818475,0.0789474
sample_count 75 Sample index 40
 i 0:0.328323 i 1:0.763262 i 2:0.158468 i 3:0.171977 bias 1
 test_print 2.42203
net matrix:
 1.25793 -0.861195 -2.63009
outputs matrix:
 0.925247 0.151564 0.00516752
error matrix:
 0.0747531 -0.151564 -0.00516752
delta matrix:
 0.0103406 -0.0389797 -5.31305e-05
weights_delta matrix:
 0.000339506 -0.00127979 -1.7444e-06
 0.000789259 -0.00297517 -4.05525e-06
 0.000163866 -0.000617704 -8.41949e-07
 0.000177835 -0.000670362 -9.13723e-07
 0.00103406 -0.00389797 -5.31305e-06
weights matrix:
 -1.01408 0.141247 0.021517
 1.8648 -2.26162 -0.548464
 -2.41525 0.961497 2.0728
 -2.02971 -0.944324 2.8325
 0.901159 0.821869 -3.03414
regression_error on 'test' 0.0816392
classification_error on 'test' 0.0789474
Save,3759,0.0816392,0.0789474
sample_count 75 Sample index 21
 i 0:0.836426 i 1:0.445654 i 2:0.884274 i 3:0.719493 bias 1
 test_print 3.88585
net matrix:
 -2.7121 0.102906 0.610317
outputs matrix:
 0.00438924 0.551272 0.772175
error matrix:
 -0.00438924 -0.551272 0.227825
delta matrix:
 -3.83618e-05 -0.272738 0.0801582
weights_delta matrix:
 -3.20868e-06 -0.0228125 0.00670464
 -1.70961e-06 -0.0121547 0.00357228
 -3.39223e-06 -0.0241175 0.00708818
 -2.7601e-06 -0.0196233 0.00576733
 -3.83618e-06 -0.0272738 0.00801582
weights matrix:
 -1.01409 0.118434 0.0282216
 1.8648 -2.27377 -0.544892
 -2.41526 0.937379 2.07988
 -2.02971 -0.963947 2.83827
 0.901155 0.794595 -3.02612
regression_error on 'test' 0.0795988
classification_error on 'test' 0.0789474
Save,3760,0.0795988,0.0789474
sample_count 75 Sample index 67
 i 0:0.443801 i 1:0.375074 i 2:0.566734 i 3:0.536988 bias 1
 test_print 2.9226
net matrix:
 -1.3082 0.00794095 -0.515116
outputs matrix:
 0.0680904 0.50397 0.263039
error matrix:
 -0.0680904 0.49603 -0.263039
delta matrix:
 -0.00864122 0.247999 -0.10198
weights_delta matrix:
 -0.000383498 0.0110062 -0.00452588
 -0.00032411 0.0093018 -0.003825
 -0.000489728 0.014055 -0.00577955
 -0.000464023 0.0133173 -0.0054762
 -0.000864122 0.0247999 -0.010198
weights matrix:
 -1.01447 0.12944 0.0236958
 1.86448 -2.26447 -0.548717
 -2.41575 0.951434 2.0741
 -2.03018 -0.95063 2.83279
 0.900291 0.819395 -3.03632
regression_error on 'test' 0.080993
classification_error on 'test' 0.0789474
Save,3761,0.080993,0.0789474
sample_count 75 Sample index 23
 i 0:0.975 i 1:0.763262 i 2:0.899395 i 3:0.792495 bias 1
 test_print 4.43015
net matrix:
 -2.44735 -0.680437 0.67838
outputs matrix:
 0.00743052 0.204098 0.795233
error matrix:
 -0.00743052 -0.204098 0.204767
delta matrix:
 -0.000109605 -0.0663083 0.0666877
weights_delta matrix:
 -1.06864e-05 -0.00646506 0.00650205
 -8.3657e-06 -0.00506106 0.00509002
 -9.85778e-06 -0.00596374 0.00599786
 -8.68611e-06 -0.0052549 0.00528497
 -1.09605e-05 -0.00663083 0.00666877
weights matrix:
 -1.01448 0.122975 0.0301978
 1.86447 -2.26953 -0.543627
 -2.41576 0.945471 2.0801
 -2.03019 -0.955885 2.83808
 0.90028 0.812764 -3.02965
regression_error on 'test' 0.0803694
classification_error on 'test' 0.0789474
Save,3762,0.0803694,0.0789474
sample_count 75 Sample index 56
 i 0:0.328323 i 1:0.727972 i 2:0.158468 i 3:0.208478 bias 1
 test_print 2.42324
net matrix:
 1.11841 -0.848468 -2.49418
outputs matrix:
 0.903508 0.154866 0.00677072
error matrix:
 0.096492 -0.154866 -0.00677072
delta matrix:
 0.0168246 -0.0405384 -9.10645e-05
weights_delta matrix:
 0.00055239 -0.00133097 -2.98986e-06
 0.00122478 -0.00295108 -6.62924e-06
 0.000266616 -0.000642404 -1.44308e-06
 0.000350755 -0.000845137 -1.89849e-06
 0.00168246 -0.00405384 -9.10645e-06
weights matrix:
 -1.01393 0.121644 0.0301948
 1.86569 -2.27248 -0.543634
 -2.41549 0.944828 2.0801
 -2.02984 -0.95673 2.83808
 0.901962 0.80871 -3.02966
regression_error on 'test' 0.0801911
classification_error on 'test' 0.0789474
Save,3763,0.0801911,0.0789474
sample_count 75 Sample index 54
 i 0:0.305227 i 1:0.622103 i 2:0.158468 i 3:0.135476 bias 1
 test_print 2.22127
net matrix:
 1.09536 -0.547766 -2.64452
outputs matrix:
 0.899414 0.250578 0.00502125
error matrix:
 0.100586 -0.250578 -0.00502125
delta matrix:
 0.0181998 -0.0941113 -5.01727e-05
weights_delta matrix:
 0.000555506 -0.00287253 -1.5314e-06
 0.00113221 -0.00585469 -3.12126e-06
 0.000288408 -0.00149136 -7.95076e-07
 0.000246563 -0.00127498 -6.79719e-07
 0.00181998 -0.00941113 -5.01727e-06
weights matrix:
 -1.01337 0.118772 0.0301933
 1.86682 -2.27834 -0.543637
 -2.4152 0.943337 2.0801
 -2.02959 -0.958005 2.83808
 0.903782 0.799299 -3.02967
regression_error on 'test' 0.0798343
classification_error on 'test' 0.0789474
Save,3764,0.0798343,0.0789474
sample_count 75 Sample index 11
 i 0:0.536183 i 1:0.198626 i 2:0.536492 i 3:0.427485 bias 1
 test_print 2.69879
net matrix:
 -1.43213 0.507006 -0.792267
outputs matrix:
 0.0539492 0.733805 0.170154
error matrix:
 -0.0539492 0.266195 -0.170154
delta matrix:
 -0.005507 0.103995 -0.0480522
weights_delta matrix:
 -0.000295276 0.00557602 -0.00257648
 -0.000109383 0.00206561 -0.000954442
 -0.000295446 0.00557924 -0.00257796
 -0.000235416 0.00444562 -0.00205416
 -0.0005507 0.0103995 -0.00480522
weights matrix:
 -1.01367 0.124348 0.0276168
 1.86671 -2.27627 -0.544591
 -2.4155 0.948916 2.07752
 -2.02982 -0.953559 2.83602
 0.903232 0.809698 -3.03447
regression_error on 'test' 0.0803724
classification_error on 'test' 0.0789474
Save,3765,0.0803724,0.0789474
sample_count 75 Sample index 48
 i 0:0.744044 i 1:0.516233 i 2:0.748185 i 3:0.828996 bias 1
 test_print 3.83746
net matrix:
 -2.37728 -0.353398 0.610361
outputs matrix:
 0.00853884 0.330307 0.772191
error matrix:
 -0.00853884 -0.330307 0.227809
delta matrix:
 -0.000144578 -0.146131 0.080149
weights_delta matrix:
 -1.07573e-05 -0.0108728 0.00596344
 -7.46361e-06 -0.00754375 0.00413755
 -1.08171e-05 -0.0109333 0.00599663
 -1.19855e-05 -0.0121142 0.00664432
 -1.44578e-05 -0.0146131 0.0080149
weights matrix:
 -1.01368 0.113475 0.0335803
 1.86671 -2.28381 -0.540454
 -2.41551 0.937983 2.08352
 -2.02984 -0.965673 2.84267
 0.903217 0.795085 -3.02646
regression_error on 'test' 0.0793911
classification_error on 'test' 0.105263
Save,3766,0.0793911,0.105263
sample_count 75 Sample index 21
 i 0:0.836426 i 1:0.445654 i 2:0.884274 i 3:0.719493 bias 1
 test_print 3.88585
net matrix:
 -2.70917 0.00684721 0.648454
outputs matrix:
 0.00441493 0.503424 0.785314
error matrix:
 -0.00441493 -0.503424 0.214686
delta matrix:
 -3.88112e-05 -0.2517 0.0723903
weights_delta matrix:
 -3.24627e-06 -0.0210528 0.00605491
 -1.72964e-06 -0.0112171 0.0032261
 -3.43197e-06 -0.0222572 0.00640129
 -2.79244e-06 -0.0181096 0.00520843
 -3.88112e-06 -0.02517 0.00723903
weights matrix:
 -1.01368 0.0924223 0.0396352
 1.86671 -2.29503 -0.537228
 -2.41551 0.915726 2.08992
 -2.02984 -0.983783 2.84787
 0.903213 0.769915 -3.01922
regression_error on 'test' 0.0781948
classification_error on 'test' 0.105263
Save,3767,0.0781948,0.105263
sample_count 75 Sample index 74
 i 0:0.443801 i 1:0.480944 i 2:0.551613 i 3:0.536988 bias 1
 test_print 3.01335
net matrix:
 -1.07131 -0.316002 -0.577904
outputs matrix:
 0.105024 0.347056 0.23943
error matrix:
 -0.105024 0.652944 -0.23943
delta matrix:
 -0.0197431 0.295925 -0.087202
weights_delta matrix:
 -0.000876202 0.0131332 -0.00387003
 -0.000949534 0.0142323 -0.00419393
 -0.00108906 0.0163236 -0.00481017
 -0.00106018 0.0158908 -0.00468264
 -0.00197431 0.0295925 -0.0087202
weights matrix:
 -1.01456 0.105556 0.0357651
 1.86576 -2.2808 -0.541421
 -2.4166 0.932049 2.08511
 -2.0309 -0.967892 2.84319
 0.901239 0.799508 -3.02794
regression_error on 'test' 0.0792725
classification_error on 'test' 0.105263
Save,3768,0.0792725,0.105263
sample_count 75 Sample index 71
 i 0:0.143558 i 1:0.480944 i 2:0.0979839 i 3:0.0989754 bias 1
 test_print 1.82146
net matrix:
 1.21512 -0.286747 -2.79748
outputs matrix:
 0.919104 0.360431 0.00370275
error matrix:
 0.0808959 -0.360431 -0.00370275
delta matrix:
 0.0120295 -0.166174 -2.73192e-05
weights_delta matrix:
 0.000172693 -0.00238555 -3.92189e-07
 0.000578552 -0.00799202 -1.3139e-06
 0.00011787 -0.00162823 -2.67684e-07
 0.000119063 -0.00164471 -2.70393e-07
 0.00120295 -0.0166174 -2.73192e-06
weights matrix:
 -1.01439 0.10317 0.0357647
 1.86633 -2.28879 -0.541423
 -2.41648 0.930421 2.08511
 -2.03078 -0.969537 2.84319
 0.902442 0.782891 -3.02794
regression_error on 'test' 0.0788566
classification_error on 'test' 0.0789474
Save,3769,0.0788566,0.0789474
sample_count 75 Sample index 54
 i 0:0.305227 i 1:0.622103 i 2:0.158468 i 3:0.135476 bias 1
 test_print 2.22127
net matrix:
 1.09582 -0.593389 -2.63824
outputs matrix:
 0.899496 0.233836 0.00508442
error matrix:
 0.100504 -0.233836 -0.00508442
delta matrix:
 0.0181717 -0.0837863 -5.14398e-05
weights_delta matrix:
 0.000554649 -0.00255738 -1.57008e-06
 0.00113047 -0.00521237 -3.20008e-06
 0.000287963 -0.00132775 -8.15155e-07
 0.000246183 -0.0011351 -6.96885e-07
 0.00181717 -0.00837863 -5.14398e-06
weights matrix:
 -1.01383 0.100613 0.0357632
 1.86746 -2.294 -0.541426
 -2.41619 0.929093 2.08511
 -2.03053 -0.970672 2.84319
 0.904259 0.774512 -3.02795
regression_error on 'test' 0.0786369
classification_error on 'test' 0.0789474
Save,3770,0.0786369,0.0789474
sample_count 75 Sample index 62
 i 0:0.582374 i 1:0.622103 i 2:0.748185 i 3:0.901998 bias 1
 test_print 3.85466
net matrix:
 -2.16371 -0.77441 0.780657
outputs matrix:
 0.0130295 0.175257 0.826542
error matrix:
 -0.0130295 -0.175257 0.173458
delta matrix:
 -0.000335111 -0.0506638 0.0497375
weights_delta matrix:
 -1.9516e-05 -0.00295053 0.00289658
 -2.08474e-05 -0.00315181 0.00309418
 -2.50725e-05 -0.00379059 0.00372128
 -3.0227e-05 -0.00456987 0.00448631
 -3.35111e-05 -0.00506638 0.00497375
weights matrix:
 -1.01385 0.097662 0.0386598
 1.86744 -2.29715 -0.538332
 -2.41622 0.925303 2.08883
 -2.03056 -0.975242 2.84768
 0.904226 0.769445 -3.02297
regression_error on 'test' 0.0784067
classification_error on 'test' 0.105263
Save,3771,0.0784067,0.105263
sample_count 75 Sample index 57
 i 0:0.374514 i 1:0.727972 i 2:0.158468 i 3:0.135476 bias 1
 test_print 2.39643
net matrix:
 1.22598 -0.851734 -2.68358
outputs matrix:
 0.920705 0.154013 0.00464568
error matrix:
 0.0792946 -0.154013 -0.00464568
delta matrix:
 0.0115781 -0.0401336 -4.29642e-05
weights_delta matrix:
 0.000433617 -0.00150306 -1.60907e-06
 0.000842855 -0.00292162 -3.12767e-06
 0.000183476 -0.000635989 -6.80845e-07
 0.000156856 -0.000543714 -5.82062e-07
 0.00115781 -0.00401336 -4.29642e-06
weights matrix:
 -1.01342 0.096159 0.0386581
 1.86829 -2.30008 -0.538335
 -2.41604 0.924667 2.08883
 -2.03041 -0.975785 2.84768
 0.905383 0.765432 -3.02298
regression_error on 'test' 0.0783134
classification_error on 'test' 0.105263
Save,3772,0.0783134,0.105263
sample_count 75 Sample index 61
 i 0:0.697853 i 1:0.480944 i 2:0.687702 i 3:0.682992 bias 1
 test_print 3.54949
net matrix:
 -1.95156 -0.304229 0.126524
outputs matrix:
 0.0197799 0.352411 0.562926
error matrix:
 -0.0197799 0.647589 -0.562926
delta matrix:
 -0.000767008 0.295582 -0.277005
weights_delta matrix:
 -5.35259e-05 0.0206273 -0.0193309
 -3.68888e-05 0.0142159 -0.0133224
 -5.27473e-05 0.0203273 -0.0190497
 -5.23861e-05 0.020188 -0.0189192
 -7.67008e-05 0.0295582 -0.0277005
weights matrix:
 -1.01347 0.116786 0.0193273
 1.86825 -2.28586 -0.551657
 -2.41609 0.944994 2.06978
 -2.03046 -0.955597 2.82876
 0.905307 0.79499 -3.05068
regression_error on 'test' 0.0799327
classification_error on 'test' 0.0789474
Save,3773,0.0799327,0.0789474
sample_count 75 Sample index 56
 i 0:0.328323 i 1:0.727972 i 2:0.158468 i 3:0.208478 bias 1
 test_print 2.42324
net matrix:
 1.12642 -0.880178 -2.5282
outputs matrix:
 0.904894 0.146746 0.0063282
error matrix:
 0.0951056 -0.146746 -0.0063282
delta matrix:
 0.0163697 -0.0367485 -7.95853e-05
weights_delta matrix:
 0.000537454 -0.00120654 -2.61297e-06
 0.00119167 -0.00267519 -5.79359e-06
 0.000259407 -0.000582346 -1.26117e-06
 0.000341271 -0.000766126 -1.65918e-06
 0.00163697 -0.00367485 -7.95853e-06
weights matrix:
 -1.01293 0.11558 0.0193246
 1.86944 -2.28854 -0.551663
 -2.41583 0.944412 2.06978
 -2.03012 -0.956364 2.82876
 0.906944 0.791316 -3.05069
regression_error on 'test' 0.0797946
classification_error on 'test' 0.0789474
Save,3774,0.0797946,0.0789474
sample_count 75 Sample index 66
 i 0:0.60547 i 1:0.304495 i 2:0.672581 i 3:0.60999 bias 1
 test_print 3.19254
net matrix:
 -2.00031 0.216269 -0.0893578
outputs matrix:
 0.0179751 0.60648 0.45544
error matrix:
 -0.0179751 0.39352 -0.45544
delta matrix:
 -0.000634593 0.187837 -0.225911
weights_delta matrix:
 -3.84227e-05 0.011373 -0.0136782
 -1.93231e-05 0.00571954 -0.00687888
 -4.26815e-05 0.0126335 -0.0151944
 -3.87096e-05 0.0114579 -0.0137804
 -6.34593e-05 0.0187837 -0.0225911
weights matrix:
 -1.01297 0.126953 0.0056464
 1.86942 -2.28282 -0.558542
 -2.41587 0.957045 2.05458
 -2.03016 -0.944906 2.81498
 0.90688 0.810099 -3.07328
regression_error on 'test' 0.081379
classification_error on 'test' 0.0789474
Save,3775,0.081379,0.0789474
sample_count 75 Sample index 63
 i 0:0.420705 i 1:0.904421 i 2:0.143347 i 3:0.135476 bias 1
 test_print 2.60395
net matrix:
 1.55012 -1.19194 -2.90018
outputs matrix:
 0.956902 0.0844102 0.00301734
error matrix:
 0.0430976 -0.0844102 -0.00301734
delta matrix:
 0.00355471 -0.0130473 -1.81538e-05
weights_delta matrix:
 0.000149548 -0.000548907 -7.63738e-07
 0.000321495 -0.00118003 -1.64187e-06
 5.09557e-05 -0.000187029 -2.60229e-07
 4.81578e-05 -0.00017676 -2.4594e-07
 0.000355471 -0.00130473 -1.81538e-06
weights matrix:
 -1.01282 0.126404 0.00564564
 1.86974 -2.284 -0.558544
 -2.41582 0.956858 2.05458
 -2.03011 -0.945082 2.81498
 0.907236 0.808794 -3.07328
regression_error on 'test' 0.0813176
classification_error on 'test' 0.0789474
Save,3776,0.0813176,0.0789474
sample_count 75 Sample index 49
 i 0:0.397609 i 1:0.480944 i 2:0.612097 i 3:0.60999 bias 1
 test_print 3.10064
net matrix:
 -1.31329 -0.230221 -0.364951
outputs matrix:
 0.0674469 0.386881 0.325216
error matrix:
 -0.0674469 0.613119 -0.325216
delta matrix:
 -0.00848454 0.290869 -0.142738
weights_delta matrix:
 -0.000337353 0.0115652 -0.00567538
 -0.000408059 0.0139892 -0.00686489
 -0.000519336 0.017804 -0.00873694
 -0.000517548 0.0177427 -0.00870686
 -0.000848454 0.0290869 -0.0142738
weights matrix:
 -1.01316 0.137969 -2.97454e-05
 1.86934 -2.27001 -0.565409
 -2.41634 0.974662 2.04585
 -2.03063 -0.92734 2.80627
 0.906387 0.837881 -3.08755
regression_error on 'test' 0.083727
classification_error on 'test' 0.0789474
Save,3777,0.083727,0.0789474
sample_count 75 Sample index 7
 i 0:0.651661 i 1:0.410364 i 2:0.627218 i 3:0.60999 bias 1
 test_print 3.29923
net matrix:
 -1.74098 0.0419191 -0.324608
outputs matrix:
 0.0298302 0.520947 0.343166
error matrix:
 -0.0298302 0.479053 -0.343166
delta matrix:
 -0.00172659 0.239106 -0.154702
weights_delta matrix:
 -0.000112515 0.0155816 -0.0100813
 -7.0853e-05 0.00981205 -0.0063484
 -0.000108295 0.0149972 -0.00970316
 -0.00010532 0.0145852 -0.00943664
 -0.000172659 0.0239106 -0.0154702
weights matrix:
 -1.01327 0.153551 -0.010111
 1.86926 -2.26019 -0.571757
 -2.41645 0.989659 2.03614
 -2.03073 -0.912755 2.79683
 0.906215 0.861792 -3.10302
regression_error on 'test' 0.0865098
classification_error on 'test' 0.0789474
Save,3778,0.0865098,0.0789474
sample_count 75 Sample index 68
 i 0:0.305227 i 1:0.657392 i 2:0.173589 i 3:0.281481 bias 1
 test_print 2.41769
net matrix:
 0.834695 -0.662303 -2.34127
outputs matrix:
 0.841494 0.210053 0.0091706
error matrix:
 0.158506 -0.210053 -0.0091706
delta matrix:
 0.0422834 -0.0697085 -0.000166657
weights_delta matrix:
 0.0012906 -0.00212769 -5.08683e-06
 0.00277968 -0.00458258 -1.09559e-05
 0.000733994 -0.00121006 -2.89298e-06
 0.0011902 -0.00196216 -4.69108e-06
 0.00422834 -0.00697085 -1.66657e-05
weights matrix:
 -1.01198 0.151423 -0.0101161
 1.87204 -2.26478 -0.571768
 -2.41571 0.988449 2.03614
 -2.02954 -0.914717 2.79683
 0.910443 0.854821 -3.10304
regression_error on 'test' 0.0860096
classification_error on 'test' 0.105263
Save,3779,0.0860096,0.105263
sample_count 75 Sample index 14
 i 0:0.697853 i 1:0.516233 i 2:0.778427 i 3:0.938499 bias 1
 test_print 3.93101
net matrix:
 -2.61454 -0.297686 0.804542
outputs matrix:
 0.00532989 0.355403 0.833284
error matrix:
 -0.00532989 -0.355403 0.166716
delta matrix:
 -5.65126e-05 -0.16284 0.0463209
weights_delta matrix:
 -3.94375e-06 -0.0113638 0.00323252
 -2.91736e-06 -0.00840634 0.00239124
 -4.39909e-06 -0.0126759 0.00360575
 -5.3037e-06 -0.0152825 0.00434721
 -5.65126e-06 -0.016284 0.00463209
weights matrix:
 -1.01199 0.140059 -0.00688361
 1.87204 -2.27318 -0.569377
 -2.41572 0.975773 2.03975
 -2.02955 -0.929999 2.80117
 0.910437 0.838537 -3.09841
regression_error on 'test' 0.0841085
classification_error on 'test' 0.0789474
Save,3780,0.0841085,0.0789474
sample_count 75 Sample index 31
 i 0:0.559279 i 1:0.339785 i 2:0.778427 i 3:0.573489 bias 1
 test_print 3.25098
net matrix:
 -2.06384 0.3707 -0.101487
outputs matrix:
 0.0158646 0.677302 0.44943
error matrix:
 -0.0158646 -0.677302 0.55057
delta matrix:
 -0.000495385 -0.296068 0.272469
weights_delta matrix:
 -2.77058e-05 -0.0165584 0.0152386
 -1.68324e-05 -0.0100599 0.00925809
 -3.85621e-05 -0.0230467 0.0212097
 -2.84098e-05 -0.0169792 0.0156258
 -4.95385e-05 -0.0296068 0.0272469
weights matrix:
 -1.01201 0.123501 0.00835501
 1.87202 -2.28324 -0.560119
 -2.41576 0.952727 2.06096
 -2.02958 -0.946978 2.8168
 0.910388 0.80893 -3.07116
regression_error on 'test' 0.0810427
classification_error on 'test' 0.0789474
Save,3781,0.0810427,0.0789474
sample_count 75 Sample index 66
 i 0:0.60547 i 1:0.304495 i 2:0.672581 i 3:0.60999 bias 1
 test_print 3.19254
net matrix:
 -1.99515 0.251609 -0.132275
outputs matrix:
 0.0181584 0.623215 0.434245
error matrix:
 -0.0181584 0.376785 -0.434245
delta matrix:
 -0.000647484 0.176952 -0.213368
weights_delta matrix:
 -3.92032e-05 0.0107139 -0.0129188
 -1.97155e-05 0.00538809 -0.00649694
 -4.35485e-05 0.0119014 -0.0143507
 -3.94958e-05 0.0107939 -0.0130152
 -6.47484e-05 0.0176952 -0.0213368
weights matrix:
 -1.01205 0.134215 -0.00456377
 1.872 -2.27786 -0.566616
 -2.4158 0.964628 2.04661
 -2.02961 -0.936185 2.80378
 0.910323 0.826625 -3.0925
regression_error on 'test' 0.0829247
classification_error on 'test' 0.0789474
Save,3782,0.0829247,0.0789474
sample_count 75 Sample index 39
 i 0:0.397609 i 1:0.622103 i 2:0.18871 i 3:0.135476 bias 1
 test_print 2.3439
net matrix:
 0.941652 -0.481866 -2.68074
outputs matrix:
 0.86799 0.276132 0.00467198
error matrix:
 0.13201 -0.276132 -0.00467198
delta matrix:
 0.0302523 -0.110388 -4.34509e-05
weights_delta matrix:
 0.00120286 -0.00438913 -1.72765e-06
 0.001882 -0.00686728 -2.70309e-06
 0.00057089 -0.00208313 -8.19962e-07
 0.000409846 -0.00149549 -5.88655e-07
 0.00302523 -0.0110388 -4.34509e-06
weights matrix:
 -1.01085 0.129825 -0.00456549
 1.87389 -2.28472 -0.566618
 -2.41523 0.962545 2.0466
 -2.0292 -0.93768 2.80378
 0.913348 0.815587 -3.0925
regression_error on 'test' 0.0823792
classification_error on 'test' 0.0789474
Save,3783,0.0823792,0.0789474
sample_count 75 Sample index 69
 i 0:0.628566 i 1:0.445654 i 2:0.581855 i 3:0.536988 bias 1
 test_print 3.19306
net matrix:
 -1.3819 -0.0644665 -0.651461
outputs matrix:
 0.0593115 0.467811 0.213674
error matrix:
 -0.0593115 0.532189 -0.213674
delta matrix:
 -0.0066184 0.264992 -0.0718016
weights_delta matrix:
 -0.00041601 0.0166565 -0.00451321
 -0.000294952 0.0118095 -0.00319987
 -0.000385095 0.0154187 -0.00417781
 -0.0003554 0.0142297 -0.00385566
 -0.00066184 0.0264992 -0.00718016
weights matrix:
 -1.01127 0.146482 -0.0090787
 1.87359 -2.27291 -0.569818
 -2.41561 0.977964 2.04243
 -2.02956 -0.92345 2.79993
 0.912686 0.842086 -3.09968
regression_error on 'test' 0.0845933
classification_error on 'test' 0.105263
Save,3784,0.0845933,0.105263
sample_count 75 Sample index 65
 i 0:0.928809 i 1:0.410364 i 2:0.944758 i 3:0.792495 bias 1
 test_print 4.07643
net matrix:
 -3.14832 0.237527 0.806581
outputs matrix:
 0.0018391 0.616579 0.83385
error matrix:
 -0.0018391 -0.616579 0.16615
delta matrix:
 -6.75211e-06 -0.29153 0.0460382
weights_delta matrix:
 -6.27142e-07 -0.0270776 0.00427607
 -2.77082e-07 -0.0119633 0.00188924
 -6.37911e-07 -0.0275425 0.0043495
 -5.35102e-07 -0.0231036 0.00364851
 -6.75211e-07 -0.029153 0.00460382
weights matrix:
 -1.01127 0.119404 -0.00480263
 1.87359 -2.28488 -0.567929
 -2.41562 0.950421 2.04678
 -2.02956 -0.946554 2.80358
 0.912686 0.812933 -3.09508
regression_error on 'test' 0.0818012
classification_error on 'test' 0.0789474
Save,3785,0.0818012,0.0789474
sample_count 75 Sample index 33
 i 0:0.559279 i 1:0.480944 i 2:0.672581 i 3:0.719493 bias 1
 test_print 3.4323
net matrix:
 -1.83675 -0.260988 0.022871
outputs matrix:
 0.0247587 0.37239 0.511434
error matrix:
 -0.0247587 -0.37239 0.488566
delta matrix:
 -0.00119563 -0.174067 0.244156
weights_delta matrix:
 -6.68693e-05 -0.0097352 0.0136551
 -5.75033e-05 -0.00837164 0.0117425
 -8.0416e-05 -0.0117074 0.0164214
 -8.6025e-05 -0.012524 0.0175668
 -0.000119563 -0.0174067 0.0244156
weights matrix:
 -1.01133 0.109669 0.00885248
 1.87353 -2.29325 -0.556186
 -2.4157 0.938714 2.0632
 -2.02965 -0.959078 2.82114
 0.912566 0.795526 -3.07066
regression_error on 'test' 0.0799504
classification_error on 'test' 0.0789474
Save,3786,0.0799504,0.0789474
sample_count 75 Sample index 27
 i 0:0.328323 i 1:0.622103 i 2:0.158468 i 3:0.135476 bias 1
 test_print 2.24437
net matrix:
 1.08827 -0.576279 -2.70461
outputs matrix:
 0.898124 0.240022 0.00445517
error matrix:
 0.101876 -0.240022 -0.00445517
delta matrix:
 0.0186429 -0.0875655 -3.95202e-05
weights_delta matrix:
 0.000612088 -0.00287498 -1.29754e-06
 0.00115978 -0.00544748 -2.45856e-06
 0.00029543 -0.00138763 -6.26268e-07
 0.000252566 -0.0011863 -5.35404e-07
 0.00186429 -0.00875655 -3.95202e-06
weights matrix:
 -1.01072 0.106794 0.00885118
 1.87469 -2.2987 -0.556189
 -2.4154 0.937326 2.0632
 -2.02939 -0.960264 2.82114
 0.91443 0.78677 -3.07067
regression_error on 'test' 0.0796773
classification_error on 'test' 0.0789474
Save,3787,0.0796773,0.0789474
sample_count 75 Sample index 68
 i 0:0.305227 i 1:0.657392 i 2:0.173589 i 3:0.281481 bias 1
 test_print 2.41769
net matrix:
 0.847817 -0.799365 -2.28135
outputs matrix:
 0.844964 0.168159 0.0103261
error matrix:
 0.155036 -0.168159 -0.0103261
delta matrix:
 0.0406196 -0.0470448 -0.000211053
weights_delta matrix:
 0.00123982 -0.00143594 -6.44192e-06
 0.0026703 -0.00309269 -1.38745e-05
 0.000705111 -0.000816647 -3.66365e-06
 0.00114336 -0.00132422 -5.94075e-06
 0.00406196 -0.00470448 -2.11053e-05
weights matrix:
 -1.00948 0.105358 0.00884474
 1.87736 -2.30179 -0.556203
 -2.4147 0.936509 2.06319
 -2.02825 -0.961588 2.82114
 0.918492 0.782065 -3.07069
regression_error on 'test' 0.0795235
classification_error on 'test' 0.0789474
Save,3788,0.0795235,0.0789474
sample_count 75 Sample index 61
 i 0:0.697853 i 1:0.480944 i 2:0.687702 i 3:0.682992 bias 1
 test_print 3.54949
net matrix:
 -1.92894 -0.264159 0.0136591
outputs matrix:
 0.0206762 0.370909 0.506829
error matrix:
 -0.0206762 0.629091 -0.506829
delta matrix:
 -0.000837329 0.293579 -0.253367
weights_delta matrix:
 -5.84333e-05 0.0204875 -0.0176813
 -4.02708e-05 0.0141195 -0.0121855
 -5.75833e-05 0.0201895 -0.0174241
 -5.71889e-05 0.0200512 -0.0173048
 -8.37329e-05 0.0293579 -0.0253367
weights matrix:
 -1.00954 0.125846 -0.00883658
 1.87732 -2.28767 -0.568388
 -2.41475 0.956699 2.04577
 -2.02831 -0.941537 2.80383
 0.918409 0.811423 -3.09602
regression_error on 'test' 0.0820956
classification_error on 'test' 0.0789474
Save,3789,0.0820956,0.0789474
sample_count 75 Sample index 68
 i 0:0.305227 i 1:0.657392 i 2:0.173589 i 3:0.281481 bias 1
 test_print 2.41769
net matrix:
 0.854303 -0.753013 -2.32803
outputs matrix:
 0.846655 0.181528 0.00941443
error matrix:
 0.153345 -0.181528 -0.00941443
delta matrix:
 0.0398175 -0.0539415 -0.000175594
weights_delta matrix:
 0.00121534 -0.00164644 -5.35961e-06
 0.00261757 -0.00354607 -1.15434e-05
 0.000691188 -0.000936365 -3.04812e-06
 0.00112079 -0.00151835 -4.94264e-06
 0.00398175 -0.00539415 -1.75594e-05
weights matrix:
 -1.00833 0.124199 -0.00884194
 1.87994 -2.29121 -0.5684
 -2.41406 0.955762 2.04577
 -2.02719 -0.943056 2.80383
 0.92239 0.806029 -3.09604
regression_error on 'test' 0.0818497
classification_error on 'test' 0.0789474
Save,3790,0.0818497,0.0789474
sample_count 75 Sample index 15
 i 0:0.720948 i 1:0.410364 i 2:0.65746 i 3:0.573489 bias 1
 test_print 3.36226
net matrix:
 -1.78282 0.0428815 -0.382693
outputs matrix:
 0.0275013 0.521428 0.317478
error matrix:
 -0.0275013 0.478572 -0.317478
delta matrix:
 -0.00147104 0.238847 -0.137586
weights_delta matrix:
 -0.000106055 0.0172196 -0.00991923
 -6.03663e-05 0.00980141 -0.00564603
 -9.67152e-05 0.0157032 -0.00904572
 -8.43627e-05 0.0136976 -0.0078904
 -0.000147104 0.0238847 -0.0137586
weights matrix:
 -1.00843 0.141419 -0.0187612
 1.87988 -2.28141 -0.574046
 -2.41416 0.971466 2.03672
 -2.02727 -0.929358 2.79594
 0.922243 0.829913 -3.1098
regression_error on 'test' 0.084146
classification_error on 'test' 0.0789474
Save,3791,0.084146,0.0789474
sample_count 75 Sample index 30
 i 0:0.559279 i 1:0.410364 i 2:0.642339 i 3:0.500487 bias 1
 test_print 3.11247
net matrix:
 -1.43565 0.131675 -0.648265
outputs matrix:
 0.053591 0.56546 0.214749
error matrix:
 -0.053591 0.43454 -0.214749
delta matrix:
 -0.00543617 0.213546 -0.0724273
weights_delta matrix:
 -0.000304033 0.0119432 -0.00405071
 -0.000223081 0.00876317 -0.00297216
 -0.000349186 0.0137169 -0.00465229
 -0.000272073 0.0106877 -0.00362489
 -0.000543617 0.0213546 -0.00724273
weights matrix:
 -1.00874 0.153362 -0.0228119
 1.87966 -2.27265 -0.577018
 -2.41451 0.985183 2.03207
 -2.02754 -0.91867 2.79231
 0.9217 0.851268 -3.11704
regression_error on 'test' 0.0861849
classification_error on 'test' 0.0789474
Save,3792,0.0861849,0.0789474
sample_count 75 Sample index 68
 i 0:0.305227 i 1:0.657392 i 2:0.173589 i 3:0.281481 bias 1
 test_print 2.41769
net matrix:
 0.859632 -0.683515 -2.36461
outputs matrix:
 0.848034 0.2031 0.0087561
error matrix:
 0.151966 -0.2031 -0.0087561
delta matrix:
 0.0391685 -0.0657437 -0.000151996
weights_delta matrix:
 0.00119553 -0.00200667 -4.63933e-06
 0.0025749 -0.00432194 -9.99209e-06
 0.000679921 -0.00114124 -2.63848e-06
 0.00110252 -0.00185056 -4.2784e-06
 0.00391685 -0.00657437 -1.51996e-05
weights matrix:
 -1.00754 0.151355 -0.0228165
 1.88223 -2.27697 -0.577028
 -2.41383 0.984041 2.03207
 -2.02644 -0.920521 2.79231
 0.925617 0.844694 -3.11706
regression_error on 'test' 0.085752
classification_error on 'test' 0.105263
Save,3793,0.085752,0.105263
sample_count 75 Sample index 71
 i 0:0.143558 i 1:0.480944 i 2:0.0979839 i 3:0.0989754 bias 1
 test_print 1.82146
net matrix:
 1.24914 -0.223363 -2.92237
outputs matrix:
 0.924021 0.39014 0.00288672
error matrix:
 0.0759787 -0.39014 -0.00288672
delta matrix:
 0.0106683 -0.185652 -1.66182e-05
weights_delta matrix:
 0.000153152 -0.00266519 -2.38567e-07
 0.000513086 -0.00892884 -7.99241e-07
 0.000104532 -0.00181909 -1.62831e-07
 0.00010559 -0.0018375 -1.64479e-07
 0.00106683 -0.0185652 -1.66182e-06
weights matrix:
 -1.00739 0.14869 -0.0228167
 1.88275 -2.2859 -0.577029
 -2.41372 0.982222 2.03207
 -2.02634 -0.922358 2.79231
 0.926683 0.826128 -3.11706
regression_error on 'test' 0.084862
classification_error on 'test' 0.105263
Save,3794,0.084862,0.105263
sample_count 75 Sample index 10
 i 0:0.697853 i 1:0.304495 i 2:0.808669 i 3:0.719493 bias 1
 test_print 3.53051
net matrix:
 -2.61287 0.364509 0.343629
outputs matrix:
 0.00534758 0.67459 0.665357
error matrix:
 -0.00534758 -0.67459 0.334643
delta matrix:
 -5.68873e-05 -0.29617 0.149021
weights_delta matrix:
 -3.9699e-06 -0.0206683 0.0103995
 -1.73219e-06 -0.00901822 0.00453763
 -4.6003e-06 -0.0239503 0.0120509
 -4.093e-06 -0.0213092 0.010722
 -5.68873e-06 -0.029617 0.0149021
weights matrix:
 -1.00739 0.128022 -0.0124172
 1.88274 -2.29492 -0.572491
 -2.41373 0.958272 2.04412
 -2.02634 -0.943668 2.80303
 0.926678 0.796512 -3.10216
regression_error on 'test' 0.0818789
classification_error on 'test' 0.0789474
Save,3795,0.0818789,0.0789474
sample_count 75 Sample index 5
 i 0:0.536183 i 1:0.198626 i 2:0.687702 i 3:0.60999 bias 1
 test_print 3.0325
net matrix:
 -2.13548 0.492702 -0.106964
outputs matrix:
 0.013776 0.728179 0.446721
error matrix:
 -0.013776 -0.728179 0.553279
delta matrix:
 -0.000374327 -0.288263 0.273498
weights_delta matrix:
 -2.00708e-05 -0.0154562 0.0146645
 -7.4351e-06 -0.00572566 0.00543239
 -2.57425e-05 -0.0198239 0.0188085
 -2.28336e-05 -0.0175838 0.0166831
 -3.74327e-05 -0.0288263 0.0273498
weights matrix:
 -1.00741 0.112566 0.00224727
 1.88274 -2.30064 -0.567059
 -2.41375 0.938448 2.06292
 -2.02636 -0.961251 2.81971
 0.92664 0.767685 -3.07481
regression_error on 'test' 0.0795476
classification_error on 'test' 0.0789474
Save,3796,0.0795476,0.0789474
sample_count 75 Sample index 44
 i 0:0.536183 i 1:0.375074 i 2:0.702823 i 3:0.646491 bias 1
 test_print 3.26057
net matrix:
 -1.91382 0.00325145 -0.0135018
outputs matrix:
 0.0212976 0.501626 0.49325
error matrix:
 -0.0212976 0.498374 -0.49325
delta matrix:
 -0.000887853 0.249185 -0.24658
weights_delta matrix:
 -4.76052e-05 0.0133608 -0.0132212
 -3.33011e-05 0.00934626 -0.00924857
 -6.24004e-05 0.0175133 -0.0173302
 -5.73989e-05 0.0161096 -0.0159412
 -8.87853e-05 0.0249185 -0.024658
weights matrix:
 -1.00746 0.125927 -0.0109739
 1.8827 -2.2913 -0.576307
 -2.41382 0.955961 2.04559
 -2.02642 -0.945142 2.80377
 0.926552 0.792604 -3.09947
regression_error on 'test' 0.0816654
classification_error on 'test' 0.0789474
Save,3797,0.0816654,0.0789474
sample_count 75 Sample index 8
 i 0:0.489992 i 1:0.375074 i 2:0.702823 i 3:0.755994 bias 1
 test_print 3.32388
net matrix:
 -2.08939 -0.0477498 0.236325
outputs matrix:
 0.0150862 0.476143 0.616011
error matrix:
 -0.0150862 -0.476143 0.383989
delta matrix:
 -0.000448317 -0.23753 0.181659
weights_delta matrix:
 -2.19672e-05 -0.0116388 0.00890114
 -1.68152e-05 -0.00890912 0.00681355
 -3.15088e-05 -0.0166941 0.0127674
 -3.38925e-05 -0.0179571 0.0137333
 -4.48317e-05 -0.023753 0.0181659
weights matrix:
 -1.00748 0.114288 -0.00207278
 1.88269 -2.30021 -0.569494
 -2.41385 0.939267 2.05836
 -2.02645 -0.963099 2.81751
 0.926507 0.768851 -3.0813
regression_error on 'test' 0.0797661
classification_error on 'test' 0.0789474
Save,3798,0.0797661,0.0789474
sample_count 75 Sample index 56
 i 0:0.328323 i 1:0.727972 i 2:0.158468 i 3:0.208478 bias 1
 test_print 2.42324
net matrix:
 1.16128 -0.920054 -2.58298
outputs matrix:
 0.910729 0.137039 0.00567515
error matrix:
 0.0892713 -0.137039 -0.00567515
delta matrix:
 0.0145159 -0.0324121 -6.40491e-05
weights_delta matrix:
 0.000476589 -0.00106416 -2.10288e-06
 0.00105671 -0.00235951 -4.66259e-06
 0.00023003 -0.000513628 -1.01497e-06
 0.000302624 -0.00067572 -1.33528e-06
 0.00145159 -0.00324121 -6.40491e-06
weights matrix:
 -1.007 0.113224 -0.00207488
 1.88374 -2.30257 -0.569498
 -2.41362 0.938753 2.05836
 -2.02615 -0.963775 2.8175
 0.927958 0.765609 -3.08131
regression_error on 'test' 0.0796749
classification_error on 'test' 0.0789474
Save,3799,0.0796749,0.0789474
sample_count 75 Sample index 17
 i 0:0.443801 i 1:0.304495 i 2:0.521371 i 3:0.463986 bias 1
 test_print 2.73365
net matrix:
 -1.14386 0.156999 -0.875184
outputs matrix:
 0.0921457 0.577861 0.148001
error matrix:
 -0.0921457 0.422139 -0.148001
delta matrix:
 -0.0154169 0.205951 -0.0373247
weights_delta matrix:
 -0.000684203 0.00914014 -0.00165647
 -0.000469436 0.00627111 -0.00113652
 -0.000803791 0.0107377 -0.001946
 -0.000715322 0.00955585 -0.00173181
 -0.00154169 0.0205951 -0.00373247
weights matrix:
 -1.00769 0.122364 -0.00373136
 1.88327 -2.2963 -0.570635
 -2.41442 0.949491 2.05641
 -2.02687 -0.954219 2.81577
 0.926417 0.786205 -3.08504
regression_error on 'test' 0.0805596
classification_error on 'test' 0.0789474
Save,3800,0.0805596,0.0789474
sample_count 75 Sample index 40
 i 0:0.328323 i 1:0.763262 i 2:0.158468 i 3:0.171977 bias 1
 test_print 2.42203
net matrix:
 1.30182 -0.939936 -2.71168
outputs matrix:
 0.931095 0.132404 0.00439288
error matrix:
 0.0689048 -0.132404 -0.00439288
delta matrix:
 0.00884143 -0.0304192 -3.84253e-05
weights_delta matrix:
 0.000290284 -0.000998732 -1.26159e-06
 0.000674833 -0.00232178 -2.93285e-06
 0.000140108 -0.000482047 -6.08918e-07
 0.000152052 -0.00052314 -6.60826e-07
 0.000884143 -0.00304192 -3.84253e-06
weights matrix:
 -1.0074 0.121365 -0.00373262
 1.88395 -2.29862 -0.570638
 -2.41428 0.949009 2.05641
 -2.02671 -0.954742 2.81577
 0.927301 0.783163 -3.08504
regression_error on 'test' 0.0804534
classification_error on 'test' 0.0789474
Save,3801,0.0804534,0.0789474
sample_count 75 Sample index 20
 i 0:0.489992 i 1:0.375074 i 2:0.521371 i 3:0.500487 bias 1
 test_print 2.88692
net matrix:
 -1.13278 -0.00257126 -0.819491
outputs matrix:
 0.0940164 0.498714 0.162604
error matrix:
 -0.0940164 0.501286 -0.162604
delta matrix:
 -0.0160161 0.250641 -0.0442814
weights_delta matrix:
 -0.000784777 0.0122812 -0.00216975
 -0.000600723 0.0094009 -0.00166088
 -0.000835034 0.0130677 -0.0023087
 -0.000801586 0.0125443 -0.00221623
 -0.00160161 0.0250641 -0.00442814
weights matrix:
 -1.00818 0.133646 -0.00590237
 1.88335 -2.28922 -0.572299
 -2.41512 0.962077 2.05411
 -2.02752 -0.942198 2.81356
 0.925699 0.808227 -3.08947
regression_error on 'test' 0.0818375
classification_error on 'test' 0.0789474
Save,3802,0.0818375,0.0789474
sample_count 75 Sample index 0
 i 0:0.282131 i 1:0.269205 i 2:0.430645 i 3:0.427485 bias 1
 test_print 2.40947
net matrix:
 -0.758524 0.241202 -1.15786
outputs matrix:
 0.179897 0.618315 0.0898296
error matrix:
 -0.179897 0.381685 -0.0898296
delta matrix:
 -0.0530817 0.180156 -0.014689
weights_delta matrix:
 -0.0014976 0.00508277 -0.000414422
 -0.00142899 0.0048499 -0.000395435
 -0.00228594 0.00775834 -0.000632573
 -0.00226916 0.00770141 -0.000627932
 -0.00530817 0.0180156 -0.0014689
weights matrix:
 -1.00968 0.138729 -0.00631679
 1.88192 -2.28437 -0.572694
 -2.4174 0.969835 2.05347
 -2.02979 -0.934496 2.81293
 0.920391 0.826242 -3.09094
regression_error on 'test' 0.0828238
classification_error on 'test' 0.0789474
Save,3803,0.0828238,0.0789474
sample_count 75 Sample index 26
 i 0:0.489992 i 1:0.339785 i 2:0.536492 i 3:0.500487 bias 1
 test_print 2.86676
net matrix:
 -1.24769 0.17063 -0.779122
outputs matrix:
 0.0761821 0.584497 0.173899
error matrix:
 -0.0761821 0.415503 -0.173899
delta matrix:
 -0.0107231 0.201818 -0.0499638
weights_delta matrix:
 -0.000525426 0.00988894 -0.00244819
 -0.000364357 0.00685749 -0.0016977
 -0.000575288 0.0108274 -0.00268052
 -0.00053668 0.0101008 -0.00250063
 -0.00107231 0.0201818 -0.00499638
weights matrix:
 -1.01021 0.148618 -0.00876498
 1.88155 -2.27751 -0.574392
 -2.41798 0.980663 2.05079
 -2.03032 -0.924395 2.81043
 0.919319 0.846424 -3.09594
regression_error on 'test' 0.084411
classification_error on 'test' 0.0789474
Save,3804,0.084411,0.0789474
sample_count 75 Sample index 1
 i 0:0.582374 i 1:0.445654 i 2:0.581855 i 3:0.536988 bias 1
 test_print 3.14687
net matrix:
 -1.32765 -0.00779158 -0.654591
outputs matrix:
 0.0656635 0.496104 0.212624
error matrix:
 -0.0656635 0.503896 -0.212624
delta matrix:
 -0.00805714 0.251933 -0.0711927
weights_delta matrix:
 -0.000469227 0.0146719 -0.00414608
 -0.00035907 0.0112275 -0.00317273
 -0.000468809 0.0146588 -0.00414238
 -0.000432659 0.0135285 -0.00382296
 -0.000805714 0.0251933 -0.00711927
weights matrix:
 -1.01067 0.16329 -0.0129111
 1.8812 -2.26628 -0.577565
 -2.41845 0.995321 2.04665
 -2.03075 -0.910867 2.8066
 0.918513 0.871618 -3.10306
regression_error on 'test' 0.0869467
classification_error on 'test' 0.0789474
Save,3805,0.0869467,0.0789474
sample_count 75 Sample index 43
 i 0:0.582374 i 1:0.198626 i 2:0.612097 i 3:0.60999 bias 1
 test_print 3.00309
net matrix:
 -2.01549 0.570184 -0.260545
outputs matrix:
 0.0174472 0.757747 0.372597
error matrix:
 -0.0174472 0.242253 -0.372597
delta matrix:
 -0.000598189 0.0889389 -0.174203
weights_delta matrix:
 -3.4837e-05 0.00517957 -0.0101451
 -1.18816e-05 0.00176656 -0.00346013
 -3.6615e-05 0.00544392 -0.0106629
 -3.64889e-05 0.00542518 -0.0106262
 -5.98189e-05 0.00889389 -0.0174203
weights matrix:
 -1.01071 0.168469 -0.0230562
 1.88118 -2.26452 -0.581025
 -2.41848 1.00077 2.03599
 -2.03079 -0.905442 2.79598
 0.918453 0.880511 -3.12048
regression_error on 'test' 0.0886493
classification_error on 'test' 0.0526316
Save,3806,0.0886493,0.0526316
sample_count 75 Sample index 14
 i 0:0.697853 i 1:0.516233 i 2:0.778427 i 3:0.938499 bias 1
 test_print 3.93101
net matrix:
 -2.60425 -0.241673 0.77238
outputs matrix:
 0.0054401 0.381462 0.824156
error matrix:
 -0.0054401 -0.381462 0.175844
delta matrix:
 -5.88673e-05 -0.180011 0.0509679
weights_delta matrix:
 -4.10807e-06 -0.0125621 0.00355681
 -3.03892e-06 -0.00929277 0.00263113
 -4.58239e-06 -0.0140126 0.00396748
 -5.52469e-06 -0.016894 0.00478333
 -5.88673e-06 -0.0180011 0.00509679
weights matrix:
 -1.01071 0.155907 -0.0194994
 1.88118 -2.27381 -0.578394
 -2.41849 0.986753 2.03995
 -2.0308 -0.922336 2.80076
 0.918447 0.86251 -3.11538
regression_error on 'test' 0.0862226
classification_error on 'test' 0.0789474
Save,3807,0.0862226,0.0789474
sample_count 75 Sample index 28
 i 0:0.305227 i 1:0.551523 i 2:0.113105 i 3:0.135476 bias 1
 test_print 2.10533
net matrix:
 1.0988 -0.357308 -2.83016
outputs matrix:
 0.900033 0.32858 0.0034693
error matrix:
 0.0999667 -0.32858 -0.0034693
delta matrix:
 0.0179887 -0.144979 -2.39886e-05
weights_delta matrix:
 0.000549063 -0.00442516 -7.32198e-07
 0.000992116 -0.00799594 -1.32303e-06
 0.000203461 -0.00163979 -2.71323e-07
 0.000243703 -0.00196412 -3.24988e-07
 0.00179887 -0.0144979 -2.39886e-06
weights matrix:
 -1.01016 0.151482 -0.0195001
 1.88217 -2.2818 -0.578395
 -2.41828 0.985113 2.03995
 -2.03055 -0.9243 2.80076
 0.920246 0.848012 -3.11538
regression_error on 'test' 0.0853674
classification_error on 'test' 0.105263
Save,3808,0.0853674,0.105263
sample_count 75 Sample index 28
 i 0:0.305227 i 1:0.551523 i 2:0.113105 i 3:0.135476 bias 1
 test_print 2.10533
net matrix:
 1.10137 -0.378018 -2.83017
outputs matrix:
 0.900495 0.319508 0.00346928
error matrix:
 0.0995052 -0.319508 -0.00346928
delta matrix:
 0.0178321 -0.138936 -2.39883e-05
weights_delta matrix:
 0.000544284 -0.00424071 -7.32188e-07
 0.000983482 -0.00766265 -1.32301e-06
 0.00020169 -0.00157144 -2.7132e-07
 0.000241582 -0.00188225 -3.24984e-07
 0.00178321 -0.0138936 -2.39883e-06
weights matrix:
 -1.00962 0.147241 -0.0195009
 1.88316 -2.28947 -0.578396
 -2.41808 0.983542 2.03995
 -2.03031 -0.926182 2.80076
 0.922029 0.834119 -3.11538
regression_error on 'test' 0.084614
classification_error on 'test' 0.105263
Save,3809,0.084614,0.105263
sample_count 75 Sample index 59
 i 0:0.60547 i 1:0.233915 i 2:0.596976 i 3:0.536988 bias 1
 test_print 2.97335
net matrix:
 -1.78256 0.47753 -0.540708
outputs matrix:
 0.0275153 0.722132 0.253238
error matrix:
 -0.0275153 0.277868 -0.253238
delta matrix:
 -0.00147252 0.111513 -0.095779
weights_delta matrix:
 -8.91565e-05 0.00675176 -0.00579913
 -3.44444e-05 0.00260845 -0.00224041
 -8.79057e-05 0.00665704 -0.00571778
 -7.90724e-05 0.0059881 -0.00514322
 -0.000147252 0.0111513 -0.0095779
weights matrix:
 -1.00971 0.153993 -0.0253
 1.88312 -2.28686 -0.580637
 -2.41817 0.990199 2.03424
 -2.03039 -0.920194 2.79562
 0.921882 0.84527 -3.12496
regression_error on 'test' 0.0859533
classification_error on 'test' 0.0789474
Save,3810,0.0859533,0.0789474
sample_count 75 Sample index 42
 i 0:0.651661 i 1:0.551523 i 2:0.702823 i 3:0.792495 bias 1
 test_print 3.6985
net matrix:
 -2.00614 -0.348949 0.183537
outputs matrix:
 0.0177706 0.332279 0.590752
error matrix:
 -0.0177706 -0.332279 0.409248
delta matrix:
 -0.000620362 -0.147445 0.197883
weights_delta matrix:
 -4.04266e-05 -0.00960842 0.0128953
 -3.42144e-05 -0.00813193 0.0109137
 -4.36005e-05 -0.0103628 0.0139077
 -4.91634e-05 -0.0116849 0.0156821
 -6.20362e-05 -0.0147445 0.0197883
weights matrix:
 -1.00975 0.144385 -0.0124047
 1.88309 -2.29499 -0.569723
 -2.41821 0.979836 2.04814
 -2.03044 -0.931879 2.8113
 0.92182 0.830526 -3.10517
regression_error on 'test' 0.0835308
classification_error on 'test' 0.0789474
Save,3811,0.0835308,0.0789474
sample_count 75 Sample index 59
 i 0:0.60547 i 1:0.233915 i 2:0.596976 i 3:0.536988 bias 1
 test_print 2.97335
net matrix:
 -1.78301 0.465644 -0.513624
outputs matrix:
 0.0274911 0.717337 0.263618
error matrix:
 -0.0274911 0.282663 -0.263618
delta matrix:
 -0.00146997 0.114628 -0.102349
weights_delta matrix:
 -8.90023e-05 0.00694041 -0.00619692
 -3.43848e-05 0.00268133 -0.00239409
 -8.77537e-05 0.00684304 -0.00610998
 -7.89357e-05 0.00615541 -0.00549601
 -0.000146997 0.0114628 -0.0102349
weights matrix:
 -1.00984 0.151325 -0.0186016
 1.88305 -2.29231 -0.572117
 -2.4183 0.986679 2.04203
 -2.03052 -0.925724 2.8058
 0.921673 0.841988 -3.11541
regression_error on 'test' 0.0848136
classification_error on 'test' 0.105263
Save,3812,0.0848136,0.105263
sample_count 75 Sample index 50
 i 0:0.489992 i 1:0.833841 i 2:0.113105 i 3:0.135476 bias 1
 test_print 2.57241
net matrix:
 1.44842 -1.0091 -2.99049
outputs matrix:
 0.94769 0.117305 0.00251996
error matrix:
 0.0523101 -0.117305 -0.00251996
delta matrix:
 0.00518642 -0.0242927 -1.26684e-05
weights_delta matrix:
 0.00025413 -0.00119032 -6.20742e-07
 0.000432465 -0.00202562 -1.05634e-06
 5.8661e-05 -0.000274762 -1.43286e-07
 7.02635e-05 -0.000329108 -1.71627e-07
 0.000518642 -0.00242927 -1.26684e-06
weights matrix:
 -1.00958 0.150135 -0.0186023
 1.88349 -2.29433 -0.572118
 -2.41824 0.986404 2.04203
 -2.03045 -0.926053 2.8058
 0.922192 0.839559 -3.11541
regression_error on 'test' 0.0846625
classification_error on 'test' 0.105263
Save,3813,0.0846625,0.105263
sample_count 75 Sample index 6
 i 0:0.305227 i 1:0.657392 i 2:0.128226 i 3:0.171977 bias 1
 test_print 2.26282
net matrix:
 1.19296 -0.65567 -2.75282
outputs matrix:
 0.915747 0.212263 0.00404736
error matrix:
 0.0842533 -0.212263 -0.00404736
delta matrix:
 0.0130011 -0.0709837 -3.26296e-05
weights_delta matrix:
 0.000396828 -0.00216661 -9.95944e-07
 0.000854681 -0.00466641 -2.14505e-06
 0.000166708 -0.000910196 -4.18397e-07
 0.000223589 -0.00122076 -5.61154e-07
 0.00130011 -0.00709837 -3.26296e-06
weights matrix:
 -1.00919 0.147968 -0.0186033
 1.88434 -2.299 -0.57212
 -2.41808 0.985494 2.04203
 -2.03022 -0.927273 2.8058
 0.923492 0.832461 -3.11541
regression_error on 'test' 0.0842729
classification_error on 'test' 0.105263
Save,3814,0.0842729,0.105263
sample_count 75 Sample index 53
 i 0:0.489992 i 1:0.410364 i 2:0.702823 i 3:0.938499 bias 1
 test_print 3.54168
net matrix:
 -2.40258 -0.216081 0.709125
outputs matrix:
 0.0081209 0.39361 0.805064
error matrix:
 -0.0081209 -0.39361 0.194936
delta matrix:
 -0.000130827 -0.187895 0.061185
weights_delta matrix:
 -6.41042e-06 -0.00920669 0.00299801
 -5.36867e-06 -0.00771052 0.00251081
 -9.19482e-06 -0.0132057 0.00430022
 -1.22781e-05 -0.0176339 0.0057422
 -1.30827e-05 -0.0187895 0.0061185
weights matrix:
 -1.00919 0.138761 -0.0156052
 1.88434 -2.30671 -0.569609
 -2.41809 0.972288 2.04633
 -2.03024 -0.944907 2.81154
 0.923479 0.813671 -3.10929
regression_error on 'test' 0.0825137
classification_error on 'test' 0.0789474
Save,3815,0.0825137,0.0789474
sample_count 75 Sample index 17
 i 0:0.443801 i 1:0.304495 i 2:0.521371 i 3:0.463986 bias 1
 test_print 2.73365
net matrix:
 -1.15335 0.241371 -0.918247
outputs matrix:
 0.0905691 0.618395 0.137467
error matrix:
 -0.0905691 0.381605 -0.137467
delta matrix:
 -0.0149197 0.180104 -0.0325987
weights_delta matrix:
 -0.000662137 0.00799305 -0.00144673
 -0.000454297 0.00548409 -0.000992614
 -0.000777869 0.00939012 -0.0016996
 -0.000692252 0.00835659 -0.00151253
 -0.00149197 0.0180104 -0.00325987
weights matrix:
 -1.00986 0.146755 -0.017052
 1.88388 -2.30123 -0.570602
 -2.41886 0.981678 2.04463
 -2.03093 -0.936551 2.81003
 0.921987 0.831682 -3.11255
regression_error on 'test' 0.0837103
classification_error on 'test' 0.0789474
Save,3816,0.0837103,0.0789474
sample_count 75 Sample index 16
 i 0:0.60547 i 1:0.304495 i 2:0.687702 i 3:0.755994 bias 1
 test_print 3.35366
net matrix:
 -2.31465 0.1869 0.233842
outputs matrix:
 0.0096673 0.592377 0.614836
error matrix:
 -0.0096673 -0.592377 0.385164
delta matrix:
 -0.000185106 -0.286078 0.182424
weights_delta matrix:
 -1.12076e-05 -0.0173212 0.0110452
 -5.6364e-06 -0.00871094 0.00555471
 -1.27298e-05 -0.0196737 0.0125453
 -1.39939e-05 -0.0216274 0.0137911
 -1.85106e-05 -0.0286078 0.0182424
weights matrix:
 -1.00987 0.129433 -0.00600677
 1.88388 -2.30994 -0.565047
 -2.41888 0.962005 2.05718
 -2.03094 -0.958178 2.82382
 0.921968 0.803074 -3.09431
regression_error on 'test' 0.0809984
classification_error on 'test' 0.0789474
Save,3817,0.0809984,0.0789474
sample_count 75 Sample index 57
 i 0:0.374514 i 1:0.727972 i 2:0.158468 i 3:0.135476 bias 1
 test_print 2.39643
net matrix:
 1.25671 -0.807385 -2.79934
outputs matrix:
 0.925077 0.165927 0.00368907
error matrix:
 0.0749229 -0.165927 -0.00368907
delta matrix:
 0.0103857 -0.0459272 -2.71181e-05
weights_delta matrix:
 0.00038896 -0.00172004 -1.01561e-06
 0.000756052 -0.00334337 -1.97412e-06
 0.000164581 -0.000727799 -4.29735e-07
 0.000140702 -0.000622203 -3.67385e-07
 0.00103857 -0.00459272 -2.71181e-06
weights matrix:
 -1.00948 0.127713 -0.00600778
 1.88463 -2.31328 -0.565049
 -2.41871 0.961277 2.05718
 -2.0308 -0.9588 2.82382
 0.923007 0.798481 -3.09431
regression_error on 'test' 0.0808226
classification_error on 'test' 0.0789474
Save,3818,0.0808226,0.0789474
sample_count 75 Sample index 11
 i 0:0.536183 i 1:0.198626 i 2:0.536492 i 3:0.427485 bias 1
 test_print 2.69879
net matrix:
 -1.40968 0.513325 -0.898967
outputs matrix:
 0.0562871 0.736266 0.142103
error matrix:
 -0.0562871 0.263734 -0.142103
delta matrix:
 -0.00597981 0.102423 -0.0346473
weights_delta matrix:
 -0.000320627 0.00549174 -0.00185773
 -0.000118775 0.00203438 -0.000688186
 -0.000320812 0.0054949 -0.0018588
 -0.000255628 0.00437842 -0.00148112
 -0.000597981 0.0102423 -0.00346473
weights matrix:
 -1.0098 0.133205 -0.00786552
 1.88451 -2.31125 -0.565737
 -2.41903 0.966772 2.05532
 -2.03106 -0.954422 2.82234
 0.922409 0.808723 -3.09778
regression_error on 'test' 0.0814185
classification_error on 'test' 0.0789474
Save,3819,0.0814185,0.0789474
sample_count 75 Sample index 2
 i 0:0.466896 i 1:0.480944 i 2:0.566734 i 3:0.500487 bias 1
 test_print 3.01506
net matrix:
 -1.03018 -0.170438 -0.796174
outputs matrix:
 0.113009 0.415597 0.169054
error matrix:
 -0.113009 0.584403 -0.169054
delta matrix:
 -0.0226556 0.283875 -0.0474955
weights_delta matrix:
 -0.00105778 0.013254 -0.00221754
 -0.00108961 0.0136528 -0.00228427
 -0.00128397 0.0160882 -0.00269173
 -0.00113388 0.0142076 -0.00237709
 -0.00226556 0.0283875 -0.00474955
weights matrix:
 -1.01086 0.146459 -0.0100831
 1.88342 -2.29759 -0.568022
 -2.42032 0.98286 2.05263
 -2.03219 -0.940214 2.81996
 0.920143 0.837111 -3.10253
regression_error on 'test' 0.0833418
classification_error on 'test' 0.0789474
Save,3820,0.0833418,0.0789474
sample_count 75 Sample index 27
 i 0:0.328323 i 1:0.622103 i 2:0.158468 i 3:0.135476 bias 1
 test_print 2.24437
net matrix:
 1.10108 -0.515768 -2.75189
outputs matrix:
 0.900444 0.262786 0.00405481
error matrix:
 0.0995562 -0.262786 -0.00405481
delta matrix:
 0.0178494 -0.101819 -3.27497e-05
weights_delta matrix:
 0.000586036 -0.00334295 -1.07525e-06
 0.00111042 -0.00633419 -2.03737e-06
 0.000282855 -0.00161351 -5.18978e-07
 0.000241816 -0.0013794 -4.4368e-07
 0.00178494 -0.0101819 -3.27497e-06
weights matrix:
 -1.01027 0.143116 -0.0100841
 1.88453 -2.30393 -0.568024
 -2.42003 0.981246 2.05263
 -2.03195 -0.941594 2.81996
 0.921928 0.826929 -3.10253
regression_error on 'test' 0.0828267
classification_error on 'test' 0.0789474
Save,3821,0.0828267,0.0789474
sample_count 75 Sample index 26
 i 0:0.489992 i 1:0.339785 i 2:0.536492 i 3:0.500487 bias 1
 test_print 2.86676
net matrix:
 -1.24805 0.16939 -0.787905
outputs matrix:
 0.0761316 0.583894 0.17139
error matrix:
 -0.0761316 0.416106 -0.17139
delta matrix:
 -0.0107095 0.202196 -0.0486799
weights_delta matrix:
 -0.000524757 0.00990743 -0.00238528
 -0.000363893 0.00687031 -0.00165407
 -0.000574557 0.0108476 -0.00261164
 -0.000535997 0.0101196 -0.00243636
 -0.00107095 0.0202196 -0.00486799
weights matrix:
 -1.0108 0.153024 -0.0124694
 1.88417 -2.29706 -0.569678
 -2.42061 0.992094 2.05002
 -2.03249 -0.931474 2.81753
 0.920857 0.847149 -3.1074
regression_error on 'test' 0.0843958
classification_error on 'test' 0.0789474
Save,3822,0.0843958,0.0789474
sample_count 75 Sample index 10
 i 0:0.697853 i 1:0.304495 i 2:0.808669 i 3:0.719493 bias 1
 test_print 3.53051
net matrix:
 -2.63064 0.38658 0.39541
outputs matrix:
 0.00516188 0.684204 0.688007
error matrix:
 -0.00516188 -0.684204 0.311993
delta matrix:
 -5.3015e-05 -0.29567 0.13394
weights_delta matrix:
 -3.69967e-06 -0.0206334 0.00934707
 -1.61428e-06 -0.00900302 0.00407842
 -4.28716e-06 -0.0239099 0.0108313
 -3.81439e-06 -0.0212733 0.00963692
 -5.3015e-06 -0.029567 0.013394
weights matrix:
 -1.0108 0.13239 -0.00312234
 1.88417 -2.30606 -0.565599
 -2.42061 0.968184 2.06085
 -2.03249 -0.952747 2.82716
 0.920852 0.817582 -3.09401
regression_error on 'test' 0.0815035
classification_error on 'test' 0.0789474
Save,3823,0.0815035,0.0789474
sample_count 75 Sample index 21
 i 0:0.836426 i 1:0.445654 i 2:0.884274 i 3:0.719493 bias 1
 test_print 3.88585
net matrix:
 -2.68777 0.0712555 0.5078
outputs matrix:
 0.00460713 0.535568 0.734115
error matrix:
 -0.00460713 -0.535568 0.265885
delta matrix:
 -4.22556e-05 -0.266429 0.103797
weights_delta matrix:
 -3.53437e-06 -0.0222848 0.00868181
 -1.88314e-06 -0.0118735 0.00462573
 -3.73656e-06 -0.0235596 0.00917846
 -3.04026e-06 -0.0191694 0.00746809
 -4.22556e-06 -0.0266429 0.0103797
weights matrix:
 -1.0108 0.110105 0.00555947
 1.88417 -2.31794 -0.560974
 -2.42062 0.944625 2.07003
 -2.03249 -0.971917 2.83463
 0.920848 0.790939 -3.08363
regression_error on 'test' 0.0794942
classification_error on 'test' 0.0789474
Save,3824,0.0794942,0.0789474
sample_count 75 Sample index 74
 i 0:0.443801 i 1:0.480944 i 2:0.551613 i 3:0.536988 bias 1
 test_print 3.01335
net matrix:
 -1.04824 -0.275834 -0.686939
outputs matrix:
 0.10944 0.365478 0.201994
error matrix:
 -0.10944 0.634522 -0.201994
delta matrix:
 -0.0213327 0.294296 -0.0651199
weights_delta matrix:
 -0.000946747 0.0130609 -0.00289003
 -0.00102598 0.014154 -0.0031319
 -0.00117674 0.0162338 -0.0035921
 -0.00114554 0.0158034 -0.00349686
 -0.00213327 0.0294296 -0.00651199
weights matrix:
 -1.01175 0.123166 0.00266944
 1.88314 -2.30378 -0.564106
 -2.42179 0.960858 2.06643
 -2.03364 -0.956113 2.83114
 0.918714 0.820368 -3.09014
regression_error on 'test' 0.0810496
classification_error on 'test' 0.0789474
Save,3825,0.0810496,0.0789474
sample_count 75 Sample index 20
 i 0:0.489992 i 1:0.375074 i 2:0.521371 i 3:0.500487 bias 1
 test_print 2.88692
net matrix:
 -1.15118 0.0390717 -0.806086
outputs matrix:
 0.0909277 0.519526 0.166287
error matrix:
 -0.0909277 0.480474 -0.166287
delta matrix:
 -0.0150321 0.239871 -0.0461067
weights_delta matrix:
 -0.000736563 0.0117535 -0.00225919
 -0.000563816 0.00899693 -0.00172934
 -0.000783732 0.0125062 -0.00240387
 -0.000752339 0.0120052 -0.00230758
 -0.00150321 0.0239871 -0.00461067
weights matrix:
 -1.01249 0.13492 0.00041025
 1.88258 -2.29478 -0.565835
 -2.42258 0.973364 2.06403
 -2.03439 -0.944108 2.82883
 0.917211 0.844355 -3.09475
regression_error on 'test' 0.0826193
classification_error on 'test' 0.0789474
Save,3826,0.0826193,0.0789474
sample_count 75 Sample index 3
 i 0:0.744044 i 1:0.516233 i 2:0.672581 i 3:0.60999 bias 1
 test_print 3.54285
net matrix:
 -1.73461 -0.161132 -0.272762
outputs matrix:
 0.0302007 0.420124 0.366904
error matrix:
 -0.0302007 0.579876 -0.366904
delta matrix:
 -0.00176907 0.282539 -0.170453
weights_delta matrix:
 -0.000131627 0.0210221 -0.0126824
 -9.13254e-05 0.0145856 -0.00879933
 -0.000118985 0.019003 -0.0114643
 -0.000107912 0.0172346 -0.0103974
 -0.000176907 0.0282539 -0.0170453
weights matrix:
 -1.01262 0.155942 -0.0122722
 1.88248 -2.2802 -0.574634
 -2.4227 0.992367 2.05257
 -2.0345 -0.926874 2.81843
 0.917034 0.872609 -3.11179
regression_error on 'test' 0.0858464
classification_error on 'test' 0.105263
Save,3827,0.0858464,0.105263
sample_count 75 Sample index 20
 i 0:0.489992 i 1:0.375074 i 2:0.521371 i 3:0.500487 bias 1
 test_print 2.88692
net matrix:
 -1.15443 0.14728 -0.852601
outputs matrix:
 0.0903914 0.573112 0.153787
error matrix:
 -0.0903914 0.426888 -0.153787
delta matrix:
 -0.0148641 0.20888 -0.0400266
weights_delta matrix:
 -0.00072833 0.010235 -0.00196127
 -0.000557514 0.00783456 -0.00150129
 -0.000774972 0.0108904 -0.00208687
 -0.00074393 0.0104542 -0.00200328
 -0.00148641 0.020888 -0.00400266
weights matrix:
 -1.01335 0.166177 -0.0142334
 1.88193 -2.27236 -0.576136
 -2.42347 1.00326 2.05048
 -2.03524 -0.916419 2.81643
 0.915548 0.893497 -3.1158
regression_error on 'test' 0.0878977
classification_error on 'test' 0.0789474
Save,3828,0.0878977,0.0789474
sample_count 75 Sample index 5
 i 0:0.536183 i 1:0.198626 i 2:0.687702 i 3:0.60999 bias 1
 test_print 3.0325
net matrix:
 -2.16209 0.662184 -0.109753
outputs matrix:
 0.0130712 0.789907 0.445343
error matrix:
 -0.0130712 -0.789907 0.554657
delta matrix:
 -0.000337244 -0.262176 0.274015
weights_delta matrix:
 -1.80825e-05 -0.0140574 0.0146922
 -6.69855e-06 -0.0052075 0.00544264
 -2.31924e-05 -0.0180299 0.018844
 -2.05716e-05 -0.0159925 0.0167146
 -3.37244e-05 -0.0262176 0.0274015
weights matrix:
 -1.01336 0.152119 0.000458753
 1.88192 -2.27757 -0.570693
 -2.42349 0.985228 2.06932
 -2.03526 -0.932412 2.83314
 0.915514 0.86728 -3.0884
regression_error on 'test' 0.0844133
classification_error on 'test' 0.0789474
Save,3829,0.0844133,0.0789474
sample_count 75 Sample index 59
 i 0:0.60547 i 1:0.233915 i 2:0.596976 i 3:0.536988 bias 1
 test_print 2.97335
net matrix:
 -1.79752 0.514089 -0.464912
outputs matrix:
 0.0267258 0.736562 0.282961
error matrix:
 -0.0267258 0.263438 -0.282961
delta matrix:
 -0.00139036 0.102234 -0.114822
weights_delta matrix:
 -8.41823e-05 0.00618996 -0.00695212
 -3.25227e-05 0.00239141 -0.00268586
 -8.30013e-05 0.00610312 -0.00685459
 -7.46608e-05 0.00548984 -0.0061658
 -0.000139036 0.0102234 -0.0114822
weights matrix:
 -1.01345 0.158309 -0.00649337
 1.88189 -2.27518 -0.573379
 -2.42358 0.991331 2.06247
 -2.03534 -0.926922 2.82698
 0.915375 0.877503 -3.09988
regression_error on 'test' 0.0856677
classification_error on 'test' 0.105263
Save,3830,0.0856677,0.105263
sample_count 75 Sample index 38
 i 0:0.397609 i 1:0.798551 i 2:0.128226 i 3:0.208478 bias 1
 test_print 2.53286
net matrix:
 1.28011 -0.942528 -2.70651
outputs matrix:
 0.928258 0.131809 0.0044384
error matrix:
 0.0717424 -0.131809 -0.0044384
delta matrix:
 0.00955542 -0.0301674 -3.92238e-05
weights_delta matrix:
 0.000379932 -0.00119948 -1.55958e-06
 0.000763049 -0.00240902 -3.13222e-06
 0.000122525 -0.000386824 -5.02952e-07
 0.00019921 -0.000628923 -8.17731e-07
 0.000955542 -0.00301674 -3.92238e-06
weights matrix:
 -1.01307 0.15711 -0.00649493
 1.88265 -2.27759 -0.573382
 -2.42345 0.990944 2.06247
 -2.03514 -0.927551 2.82698
 0.916331 0.874486 -3.09988
regression_error on 'test' 0.085444
classification_error on 'test' 0.105263
Save,3831,0.085444,0.105263
sample_count 75 Sample index 45
 i 0:0.697853 i 1:0.586813 i 2:0.793548 i 3:0.975 bias 1
 test_print 4.05321
net matrix:
 -2.59327 -0.470393 0.952086
outputs matrix:
 0.00556028 0.280741 0.870363
error matrix:
 -0.00556028 -0.280741 0.129637
delta matrix:
 -6.14897e-05 -0.113378 0.0292542
weights_delta matrix:
 -4.29107e-06 -0.0079121 0.00204151
 -3.60829e-06 -0.00665316 0.00171667
 -4.8795e-06 -0.00899707 0.00232146
 -5.99524e-06 -0.0110543 0.00285228
 -6.14897e-06 -0.0113378 0.00292542
weights matrix:
 -1.01307 0.149198 -0.00445342
 1.88265 -2.28424 -0.571665
 -2.42346 0.981947 2.06479
 -2.03514 -0.938605 2.82983
 0.916325 0.863148 -3.09696
regression_error on 'test' 0.0840767
classification_error on 'test' 0.0789474
Save,3832,0.0840767,0.0789474
sample_count 75 Sample index 5
 i 0:0.536183 i 1:0.198626 i 2:0.687702 i 3:0.60999 bias 1
 test_print 3.0325
net matrix:
 -2.16096 0.592183 -0.066765
outputs matrix:
 0.0131005 0.765732 0.466667
error matrix:
 -0.0131005 -0.765732 0.533333
delta matrix:
 -0.000338747 -0.274724 0.265481
weights_delta matrix:
 -1.81631e-05 -0.0147302 0.0142347
 -6.7284e-06 -0.00545673 0.00527315
 -2.32957e-05 -0.0188928 0.0182572
 -2.06633e-05 -0.0167579 0.0161941
 -3.38747e-05 -0.0274724 0.0265481
weights matrix:
 -1.01309 0.134467 0.00978124
 1.88264 -2.2897 -0.566392
 -2.42348 0.963054 2.08305
 -2.03517 -0.955363 2.84602
 0.916291 0.835676 -3.07041
regression_error on 'test' 0.0813377
classification_error on 'test' 0.0789474
Save,3833,0.0813377,0.0789474
sample_count 75 Sample index 15
 i 0:0.720948 i 1:0.410364 i 2:0.65746 i 3:0.573489 bias 1
 test_print 3.36226
net matrix:
 -1.80201 0.0782895 -0.294101
outputs matrix:
 0.0264929 0.539065 0.357047
error matrix:
 -0.0264929 0.460935 -0.357047
delta matrix:
 -0.00136656 0.229061 -0.163931
weights_delta matrix:
 -9.85215e-05 0.0165141 -0.0118186
 -5.60785e-05 0.00939983 -0.00672713
 -8.98455e-05 0.0150598 -0.0107778
 -7.83704e-05 0.0131364 -0.00940126
 -0.000136656 0.0229061 -0.0163931
weights matrix:
 -1.01319 0.150982 -0.00203733
 1.88258 -2.2803 -0.573119
 -2.42357 0.978114 2.07227
 -2.03524 -0.942227 2.83662
 0.916154 0.858582 -3.0868
regression_error on 'test' 0.0835463
classification_error on 'test' 0.0789474
Save,3834,0.0835463,0.0789474
sample_count 75 Sample index 71
 i 0:0.143558 i 1:0.480944 i 2:0.0979839 i 3:0.0989754 bias 1
 test_print 1.82146
net matrix:
 1.23721 -0.213857 -2.87893
outputs matrix:
 0.922329 0.394672 0.00314794
error matrix:
 0.077671 -0.394672 -0.00314794
delta matrix:
 0.0111284 -0.188579 -1.97567e-05
weights_delta matrix:
 0.000159757 -0.0027072 -2.83623e-07
 0.000535214 -0.0090696 -9.50185e-07
 0.000109041 -0.00184777 -1.93584e-07
 0.000110144 -0.00186647 -1.95542e-07
 0.00111284 -0.0188579 -1.97567e-06
weights matrix:
 -1.01303 0.148274 -0.00203761
 1.88312 -2.28937 -0.57312
 -2.42346 0.976266 2.07227
 -2.03513 -0.944093 2.83662
 0.917267 0.839724 -3.0868
regression_error on 'test' 0.0826544
classification_error on 'test' 0.0789474
Save,3835,0.0826544,0.0789474
sample_count 75 Sample index 58
 i 0:0.282131 i 1:0.516233 i 2:0.158468 i 3:0.0989754 bias 1
 test_print 2.05581
net matrix:
 1.01812 -0.239026 -2.7741
outputs matrix:
 0.88455 0.382712 0.00387937
error matrix:
 0.11545 -0.382712 -0.00387937
delta matrix:
 0.0235799 -0.180827 -2.99823e-05
weights_delta matrix:
 0.000665263 -0.00510168 -8.45894e-07
 0.00121727 -0.00933487 -1.54779e-06
 0.000373667 -0.00286552 -4.75124e-07
 0.000233383 -0.00178974 -2.96751e-07
 0.00235799 -0.0180827 -2.99823e-06
weights matrix:
 -1.01236 0.143173 -0.00203846
 1.88434 -2.2987 -0.573122
 -2.42309 0.973401 2.07227
 -2.0349 -0.945883 2.83662
 0.919625 0.821642 -3.08681
regression_error on 'test' 0.081812
classification_error on 'test' 0.0789474
Save,3836,0.081812,0.0789474
sample_count 75 Sample index 35
 i 0:0.189749 i 1:0.233915 i 2:0.128226 i 3:0.171977 bias 1
 test_print 1.72387
net matrix:
 0.507645 0.273252 -2.4677
outputs matrix:
 0.734054 0.633324 0.00713626
error matrix:
 0.265946 -0.633324 -0.00713626
delta matrix:
 0.103835 -0.294147 -0.000101126
weights_delta matrix:
 0.00197026 -0.00558141 -1.91885e-06
 0.00242886 -0.00688054 -2.36548e-06
 0.00133144 -0.00377173 -1.29669e-06
 0.00178573 -0.00505865 -1.73913e-06
 0.0103835 -0.0294147 -1.01126e-05
weights matrix:
 -1.01039 0.137591 -0.00204037
 1.88677 -2.30558 -0.573124
 -2.42176 0.969629 2.07227
 -2.03311 -0.950942 2.83662
 0.930008 0.792227 -3.08682
regression_error on 'test' 0.0807505
classification_error on 'test' 0.0789474
Save,3837,0.0807505,0.0789474
sample_count 75 Sample index 62
 i 0:0.582374 i 1:0.622103 i 2:0.748185 i 3:0.901998 bias 1
 test_print 3.85466
net matrix:
 -2.13044 -0.69424 0.664516
outputs matrix:
 0.0139134 0.199651 0.790681
error matrix:
 -0.0139134 -0.199651 0.209319
delta matrix:
 -0.000381781 -0.0638044 0.0692867
weights_delta matrix:
 -2.22339e-05 -0.0037158 0.00403508
 -2.37507e-05 -0.00396929 0.00431035
 -2.85643e-05 -0.00477375 0.00518393
 -3.44366e-05 -0.00575514 0.00624965
 -3.81781e-05 -0.00638044 0.00692867
weights matrix:
 -1.01042 0.133875 0.0019947
 1.88674 -2.30955 -0.568814
 -2.42179 0.964855 2.07745
 -2.03315 -0.956697 2.84287
 0.92997 0.785846 -3.07989
regression_error on 'test' 0.0801299
classification_error on 'test' 0.0789474
Save,3838,0.0801299,0.0789474
sample_count 75 Sample index 11
 i 0:0.536183 i 1:0.198626 i 2:0.536492 i 3:0.427485 bias 1
 test_print 2.69879
net matrix:
 -1.40545 0.507554 -0.86198
outputs matrix:
 0.0567378 0.734019 0.151362
error matrix:
 -0.0567378 0.265981 -0.151362
delta matrix:
 -0.00607306 0.103858 -0.0388853
weights_delta matrix:
 -0.000325627 0.00556868 -0.00208496
 -0.000120627 0.00206289 -0.000772363
 -0.000325815 0.00557189 -0.00208616
 -0.000259614 0.00443977 -0.00166229
 -0.000607306 0.0103858 -0.00388853
weights matrix:
 -1.01074 0.139444 -9.02593e-05
 1.88662 -2.30749 -0.569586
 -2.42211 0.970427 2.07536
 -2.03341 -0.952257 2.84121
 0.929363 0.796232 -3.08378
regression_error on 'test' 0.0807012
classification_error on 'test' 0.0789474
Save,3839,0.0807012,0.0789474
sample_count 75 Sample index 63
 i 0:0.420705 i 1:0.904421 i 2:0.143347 i 3:0.135476 bias 1
 test_print 2.60395
net matrix:
 1.58776 -1.22195 -2.91655
outputs matrix:
 0.959902 0.0798864 0.00292045
error matrix:
 0.0400975 -0.0798864 -0.00292045
delta matrix:
 0.00308669 -0.011744 -1.70082e-05
weights_delta matrix:
 0.000129858 -0.000494077 -7.15544e-07
 0.000279166 -0.00106215 -1.53826e-06
 4.42467e-05 -0.000168347 -2.43807e-07
 4.18172e-05 -0.000159103 -2.3042e-07
 0.000308669 -0.0011744 -1.70082e-06
weights matrix:
 -1.01061 0.13895 -9.09748e-05
 1.8869 -2.30855 -0.569588
 -2.42207 0.970259 2.07536
 -2.03337 -0.952416 2.84121
 0.929672 0.795058 -3.08378
regression_error on 'test' 0.0806507
classification_error on 'test' 0.0789474
Save,3840,0.0806507,0.0789474
sample_count 75 Sample index 47
 i 0:0.282131 i 1:0.516233 i 2:0.158468 i 3:0.0989754 bias 1
 test_print 2.05581
net matrix:
 1.03355 -0.298002 -2.76775
outputs matrix:
 0.887665 0.355258 0.0039287
error matrix:
 0.112335 -0.355258 -0.0039287
delta matrix:
 0.0224032 -0.162744 -3.07481e-05
weights_delta matrix:
 0.000632065 -0.00459151 -8.675e-07
 0.00115653 -0.00840137 -1.58732e-06
 0.00035502 -0.00257897 -4.87259e-07
 0.000221737 -0.00161076 -3.04331e-07
 0.00224032 -0.0162744 -3.07481e-06
weights matrix:
 -1.00998 0.134359 -9.18423e-05
 1.88806 -2.31695 -0.569589
 -2.42171 0.96768 2.07536
 -2.03315 -0.954027 2.84121
 0.931912 0.778783 -3.08378
regression_error on 'test' 0.0801063
classification_error on 'test' 0.0789474
Save,3841,0.0801063,0.0789474
sample_count 75 Sample index 30
 i 0:0.559279 i 1:0.410364 i 2:0.642339 i 3:0.500487 bias 1
 test_print 3.11247
net matrix:
 -1.43128 0.0472333 -0.562498
outputs matrix:
 0.0540356 0.523599 0.245086
error matrix:
 -0.0540356 0.476401 -0.245086
delta matrix:
 -0.00552413 0.23767 -0.090691
weights_delta matrix:
 -0.000308953 0.0132924 -0.00507216
 -0.000226691 0.00975311 -0.00372163
 -0.000354837 0.0152665 -0.00582544
 -0.000276476 0.0118951 -0.00453897
 -0.000552413 0.023767 -0.0090691
weights matrix:
 -1.01029 0.147651 -0.005164
 1.88783 -2.3072 -0.573311
 -2.42207 0.982946 2.06954
 -2.03342 -0.942132 2.83667
 0.931359 0.80255 -3.09285
regression_error on 'test' 0.0816516
classification_error on 'test' 0.0789474
Save,3842,0.0816516,0.0789474
sample_count 75 Sample index 47
 i 0:0.282131 i 1:0.516233 i 2:0.158468 i 3:0.0989754 bias 1
 test_print 2.05581
net matrix:
 1.03581 -0.284328 -2.78155
outputs matrix:
 0.888113 0.361547 0.00382218
error matrix:
 0.111887 -0.361547 -0.00382218
delta matrix:
 0.0222359 -0.166912 -2.91064e-05
weights_delta matrix:
 0.000627343 -0.00470911 -8.21182e-07
 0.00114789 -0.00861656 -1.50257e-06
 0.000352367 -0.00264503 -4.61243e-07
 0.00022008 -0.00165202 -2.88082e-07
 0.00222359 -0.0166912 -2.91064e-06
weights matrix:
 -1.00966 0.142942 -0.00516482
 1.88898 -2.31582 -0.573312
 -2.42172 0.980301 2.06954
 -2.0332 -0.943784 2.83667
 0.933583 0.785859 -3.09285
regression_error on 'test' 0.0810107
classification_error on 'test' 0.0789474
Save,3843,0.0810107,0.0789474
sample_count 75 Sample index 22
 i 0:0.305227 i 1:0.233915 i 2:0.430645 i 3:0.427485 bias 1
 test_print 2.39727
net matrix:
 -0.844795 0.306493 -1.12467
outputs matrix:
 0.15583 0.648622 0.0954069
error matrix:
 -0.15583 0.351378 -0.0954069
delta matrix:
 -0.0409978 0.160166 -0.0164681
weights_delta matrix:
 -0.00125136 0.00488871 -0.00050265
 -0.000959 0.00374653 -0.000385213
 -0.00176555 0.00689749 -0.000709189
 -0.00175259 0.00684688 -0.000703985
 -0.00409978 0.0160166 -0.00164681
weights matrix:
 -1.01091 0.147831 -0.00566747
 1.88802 -2.31207 -0.573698
 -2.42348 0.987199 2.06883
 -2.03495 -0.936937 2.83596
 0.929483 0.801876 -3.0945
regression_error on 'test' 0.0818064
classification_error on 'test' 0.0789474
Save,3844,0.0818064,0.0789474
sample_count 75 Sample index 14
 i 0:0.697853 i 1:0.516233 i 2:0.778427 i 3:0.938499 bias 1
 test_print 3.93101
net matrix:
 -2.59763 -0.39938 0.877363
outputs matrix:
 0.00551219 0.310291 0.852548
error matrix:
 -0.00551219 -0.310291 0.147452
delta matrix:
 -6.04336e-05 -0.132811 0.0370724
weights_delta matrix:
 -4.21737e-06 -0.00926826 0.00258711
 -3.11978e-06 -0.00685614 0.0019138
 -4.70431e-06 -0.0103384 0.00288581
 -5.67168e-06 -0.0124643 0.00347924
 -6.04336e-06 -0.0132811 0.00370724
weights matrix:
 -1.01092 0.138562 -0.00308037
 1.88802 -2.31893 -0.571784
 -2.42349 0.976861 2.07171
 -2.03496 -0.949401 2.83944
 0.929477 0.788595 -3.09079
regression_error on 'test' 0.0807191
classification_error on 'test' 0.0789474
Save,3845,0.0807191,0.0789474
sample_count 75 Sample index 25
 i 0:0.628566 i 1:0.410364 i 2:0.778427 i 3:0.865497 bias 1
 test_print 3.68285
net matrix:
 -2.57894 -0.137203 0.742838
outputs matrix:
 0.00572102 0.431826 0.815428
error matrix:
 -0.00572102 -0.431826 0.184572
delta matrix:
 -6.50857e-05 -0.211899 0.0555578
weights_delta matrix:
 -4.09106e-06 -0.0133192 0.00349218
 -2.67088e-06 -0.00869556 0.00227989
 -5.06645e-06 -0.0164948 0.00432477
 -5.63315e-06 -0.0183398 0.00480851
 -6.50857e-06 -0.0211899 0.00555578
weights matrix:
 -1.01092 0.125243 0.00041181
 1.88801 -2.32762 -0.569504
 -2.42349 0.960366 2.07604
 -2.03497 -0.967741 2.84425
 0.929471 0.767405 -3.08524
regression_error on 'test' 0.0793949
classification_error on 'test' 0.0789474
Save,3846,0.0793949,0.0789474
sample_count 75 Sample index 40
 i 0:0.328323 i 1:0.763262 i 2:0.158468 i 3:0.171977 bias 1
 test_print 2.42203
net matrix:
 1.3046 -0.982303 -2.70165
outputs matrix:
 0.931451 0.122969 0.00448152
error matrix:
 0.0685489 -0.122969 -0.00448152
delta matrix:
 0.00875369 -0.026524 -3.99881e-05
weights_delta matrix:
 0.000287404 -0.000870844 -1.3129e-06
 0.000668136 -0.00202448 -3.05214e-06
 0.000138718 -0.000420321 -6.33683e-07
 0.000150543 -0.000456152 -6.87703e-07
 0.000875369 -0.0026524 -3.99881e-06
weights matrix:
 -1.01063 0.124372 0.000410498
 1.88868 -2.32965 -0.569507
 -2.42335 0.959945 2.07604
 -2.03481 -0.968197 2.84425
 0.930346 0.764752 -3.08524
regression_error on 'test' 0.0793209
classification_error on 'test' 0.0789474
Save,3847,0.0793209,0.0789474
sample_count 75 Sample index 30
 i 0:0.559279 i 1:0.410364 i 2:0.642339 i 3:0.500487 bias 1
 test_print 3.11247
net matrix:
 -1.43485 0.0103481 -0.561686
outputs matrix:
 0.0536724 0.505174 0.245386
error matrix:
 -0.0536724 0.494826 -0.245386
delta matrix:
 -0.00545222 0.247387 -0.0908774
weights_delta matrix:
 -0.000304931 0.0138358 -0.00508258
 -0.000223739 0.0101519 -0.00372928
 -0.000350217 0.0158906 -0.00583741
 -0.000272877 0.0123814 -0.00454829
 -0.000545222 0.0247387 -0.00908774
weights matrix:
 -1.01094 0.138208 -0.00467208
 1.88846 -2.3195 -0.573236
 -2.4237 0.975836 2.0702
 -2.03509 -0.955816 2.8397
 0.929801 0.789491 -3.09433
regression_error on 'test' 0.0806684
classification_error on 'test' 0.0789474
Save,3848,0.0806684,0.0789474
sample_count 75 Sample index 8
 i 0:0.489992 i 1:0.375074 i 2:0.702823 i 3:0.755994 bias 1
 test_print 3.32388
net matrix:
 -2.09919 -0.0495215 0.290158
outputs matrix:
 0.0147977 0.475259 0.64114
error matrix:
 -0.0147977 -0.475259 0.35886
delta matrix:
 -0.000431464 -0.237048 0.165133
weights_delta matrix:
 -2.11414e-05 -0.0116152 0.00809136
 -1.61831e-05 -0.00889105 0.00619369
 -3.03243e-05 -0.0166603 0.0116059
 -3.26184e-05 -0.0179207 0.0124839
 -4.31464e-05 -0.0237048 0.0165133
weights matrix:
 -1.01096 0.126593 0.00341928
 1.88844 -2.32839 -0.567043
 -2.42373 0.959176 2.08181
 -2.03512 -0.973737 2.85218
 0.929758 0.765786 -3.07781
regression_error on 'test' 0.0790725
classification_error on 'test' 0.0789474
Save,3849,0.0790725,0.0789474
sample_count 75 Sample index 28
 i 0:0.305227 i 1:0.551523 i 2:0.113105 i 3:0.135476 bias 1
 test_print 2.10533
net matrix:
 1.11286 -0.503163 -2.76764
outputs matrix:
 0.902535 0.267699 0.00392958
error matrix:
 0.0974648 -0.267699 -0.00392958
delta matrix:
 0.0171471 -0.104958 -3.07618e-05
weights_delta matrix:
 0.000523374 -0.00320359 -9.38934e-07
 0.000945699 -0.00578866 -1.69659e-06
 0.000193942 -0.00118712 -3.47932e-07
 0.000232301 -0.00142192 -4.16749e-07
 0.00171471 -0.0104958 -3.07618e-06
weights matrix:
 -1.01044 0.123389 0.00341834
 1.88939 -2.33418 -0.567044
 -2.42354 0.957989 2.08181
 -2.03489 -0.975159 2.85218
 0.931472 0.755291 -3.07782
regression_error on 'test' 0.0788342
classification_error on 'test' 0.0789474
Save,3850,0.0788342,0.0789474
sample_count 75 Sample index 10
 i 0:0.697853 i 1:0.304495 i 2:0.808669 i 3:0.719493 bias 1
 test_print 3.53051
net matrix:
 -2.62228 0.203729 0.487525
outputs matrix:
 0.00524842 0.600478 0.726125
error matrix:
 -0.00524842 -0.600478 0.273875
delta matrix:
 -5.48027e-05 -0.288114 0.10893
weights_delta matrix:
 -3.82442e-06 -0.0201062 0.0076017
 -1.66871e-06 -0.00877294 0.00331686
 -4.43172e-06 -0.0232989 0.00880882
 -3.94302e-06 -0.0207296 0.00783743
 -5.48027e-06 -0.0288114 0.010893
weights matrix:
 -1.01044 0.103283 0.01102
 1.88939 -2.34295 -0.563727
 -2.42354 0.93469 2.09062
 -2.03489 -0.995888 2.86002
 0.931467 0.726479 -3.06692
regression_error on 'test' 0.0777835
classification_error on 'test' 0.105263
Save,3851,0.0777835,0.105263
sample_count 75 Sample index 35
 i 0:0.189749 i 1:0.233915 i 2:0.128226 i 3:0.171977 bias 1
 test_print 1.72387
net matrix:
 0.520977 0.146608 -2.43677
outputs matrix:
 0.739227 0.572783 0.00758824
error matrix:
 0.260773 -0.572783 -0.00758824
delta matrix:
 0.100539 -0.280323 -0.000114289
weights_delta matrix:
 0.00190771 -0.0053191 -2.16862e-06
 0.00235175 -0.00655718 -2.67339e-06
 0.00128917 -0.00359447 -1.46548e-06
 0.00172904 -0.00482091 -1.96551e-06
 0.0100539 -0.0280323 -1.14289e-05
weights matrix:
 -1.00853 0.097964 0.0110179
 1.89174 -2.34951 -0.56373
 -2.42225 0.931095 2.09061
 -2.03316 -1.00071 2.86002
 0.941521 0.698447 -3.06694
regression_error on 'test' 0.0776241
classification_error on 'test' 0.131579
Save,3852,0.0776241,0.131579
sample_count 75 Sample index 54
 i 0:0.305227 i 1:0.622103 i 2:0.158468 i 3:0.135476 bias 1
 test_print 2.22127
net matrix:
 1.15125 -0.721309 -2.69551
outputs matrix:
 0.909084 0.19114 0.00453663
error matrix:
 0.090916 -0.19114 -0.00453663
delta matrix:
 0.0150285 -0.0591027 -4.09753e-05
weights_delta matrix:
 0.00045871 -0.00180397 -1.25068e-06
 0.000934926 -0.00367679 -2.54908e-06
 0.000238153 -0.000936588 -6.49327e-07
 0.0002036 -0.000800699 -5.55116e-07
 0.00150285 -0.00591027 -4.09753e-06
weights matrix:
 -1.00807 0.09616 0.0110166
 1.89267 -2.35318 -0.563733
 -2.42202 0.930159 2.09061
 -2.03296 -1.00151 2.86002
 0.943024 0.692537 -3.06694
regression_error on 'test' 0.0776088
classification_error on 'test' 0.131579
Save,3853,0.0776088,0.131579
sample_count 75 Sample index 20
 i 0:0.489992 i 1:0.375074 i 2:0.521371 i 3:0.500487 bias 1
 test_print 2.88692
net matrix:
 -1.12127 -0.159248 -0.751596
outputs matrix:
 0.0959948 0.421042 0.18195
error matrix:
 -0.0959948 0.578958 -0.18195
delta matrix:
 -0.0166608 0.28226 -0.0541643
weights_delta matrix:
 -0.000816366 0.0138305 -0.00265401
 -0.000624904 0.0105868 -0.00203156
 -0.000868646 0.0147162 -0.00282397
 -0.000833852 0.0141267 -0.00271085
 -0.00166608 0.028226 -0.00541643
weights matrix:
 -1.00889 0.109991 0.00836261
 1.89205 -2.3426 -0.565764
 -2.42288 0.944875 2.08779
 -2.03379 -0.987383 2.85731
 0.941358 0.720763 -3.07236
regression_error on 'test' 0.0779926
classification_error on 'test' 0.0789474
Save,3854,0.0779926,0.0789474
sample_count 75 Sample index 33
 i 0:0.559279 i 1:0.480944 i 2:0.672581 i 3:0.719493 bias 1
 test_print 3.4323
net matrix:
 -1.80581 -0.419289 0.12024
outputs matrix:
 0.0262978 0.301834 0.559832
error matrix:
 -0.0262978 -0.301834 0.440168
delta matrix:
 -0.00134677 -0.127211 0.216933
weights_delta matrix:
 -7.53222e-05 -0.00711466 0.0121326
 -6.47722e-05 -0.00611815 0.0104332
 -9.05814e-05 -0.00855599 0.0145905
 -9.68994e-05 -0.00915276 0.0156081
 -0.000134677 -0.0127211 0.0216933
weights matrix:
 -1.00897 0.102876 0.0204952
 1.89198 -2.34871 -0.555331
 -2.42297 0.936319 2.10238
 -2.03389 -0.996536 2.87292
 0.941223 0.708041 -3.05066
regression_error on 'test' 0.0775013
classification_error on 'test' 0.157895
Save,3855,0.0775013,0.157895
sample_count 75 Sample index 30
 i 0:0.559279 i 1:0.410364 i 2:0.642339 i 3:0.500487 bias 1
 test_print 3.11247
net matrix:
 -1.42098 -0.0955687 -0.478791
outputs matrix:
 0.0550989 0.452361 0.277363
error matrix:
 -0.0550989 0.547639 -0.277363
delta matrix:
 -0.00573722 0.271334 -0.111185
weights_delta matrix:
 -0.000320871 0.0151751 -0.00621834
 -0.000235435 0.0111346 -0.00456263
 -0.000368524 0.0174288 -0.00714185
 -0.000287141 0.0135799 -0.00556466
 -0.000573722 0.0271334 -0.0111185
weights matrix:
 -1.00929 0.118051 0.0142769
 1.89175 -2.33758 -0.559894
 -2.42334 0.953748 2.09524
 -2.03418 -0.982956 2.86735
 0.940649 0.735175 -3.06178
regression_error on 'test' 0.0780851
classification_error on 'test' 0.0789474
Save,3856,0.0780851,0.0789474
sample_count 75 Sample index 17
 i 0:0.443801 i 1:0.304495 i 2:0.521371 i 3:0.463986 bias 1
 test_print 2.73365
net matrix:
 -1.13854 0.116964 -0.803123
outputs matrix:
 0.0930397 0.558217 0.16711
error matrix:
 -0.0930397 0.441783 -0.16711
delta matrix:
 -0.015702 0.217897 -0.0465183
weights_delta matrix:
 -0.000696856 0.0096703 -0.00206449
 -0.000478118 0.00663486 -0.00141646
 -0.000818656 0.0113605 -0.00242533
 -0.00072855 0.0101101 -0.00215839
 -0.0015702 0.0217897 -0.00465183
weights matrix:
 -1.00998 0.127721 0.0122124
 1.89127 -2.33094 -0.56131
 -2.42416 0.965108 2.09281
 -2.03491 -0.972846 2.86519
 0.939079 0.756965 -3.06643
regression_error on 'test' 0.0787254
classification_error on 'test' 0.105263
Save,3857,0.0787254,0.105263
sample_count 75 Sample index 36
 i 0:0.744044 i 1:0.516233 i 2:0.702823 i 3:0.901998 bias 1
 test_print 3.8651
net matrix:
 -2.3753 -0.55052 0.708161
outputs matrix:
 0.00857247 0.249545 0.804761
error matrix:
 -0.00857247 -0.249545 0.195239
delta matrix:
 -0.000145714 -0.0934658 0.061352
weights_delta matrix:
 -1.08418e-05 -0.00695427 0.00456486
 -7.52226e-06 -0.00482501 0.00316719
 -1.02411e-05 -0.00656899 0.00431196
 -1.31434e-05 -0.0084306 0.00553394
 -1.45714e-05 -0.00934658 0.0061352
weights matrix:
 -1.00999 0.120767 0.0167772
 1.89126 -2.33577 -0.558143
 -2.42417 0.958539 2.09712
 -2.03492 -0.981276 2.87073
 0.939064 0.747618 -3.0603
regression_error on 'test' 0.0782587
classification_error on 'test' 0.0789474
Save,3858,0.0782587,0.0789474
sample_count 75 Sample index 50
 i 0:0.489992 i 1:0.833841 i 2:0.113105 i 3:0.135476 bias 1
 test_print 2.57241
net matrix:
 1.47132 -1.16539 -2.89137
outputs matrix:
 0.949914 0.0886055 0.0030708
error matrix:
 0.0500857 -0.0886055 -0.0030708
delta matrix:
 0.00476586 -0.0143106 -1.88017e-05
weights_delta matrix:
 0.000233523 -0.000701208 -9.2127e-07
 0.000397397 -0.00119328 -1.56777e-06
 5.39043e-05 -0.00016186 -2.12657e-07
 6.4566e-05 -0.000193874 -2.54718e-07
 0.000476586 -0.00143106 -1.88017e-06
weights matrix:
 -1.00976 0.120066 0.0167763
 1.89166 -2.33696 -0.558144
 -2.42412 0.958377 2.09712
 -2.03485 -0.98147 2.87073
 0.939541 0.746187 -3.0603
regression_error on 'test' 0.0782273
classification_error on 'test' 0.0789474
Save,3859,0.0782273,0.0789474
sample_count 75 Sample index 22
 i 0:0.305227 i 1:0.233915 i 2:0.430645 i 3:0.427485 bias 1
 test_print 2.39727
net matrix:
 -0.839982 0.22934 -1.05543
outputs matrix:
 0.1571 0.612701 0.108046
error matrix:
 -0.1571 0.387299 -0.108046
delta matrix:
 -0.0416064 0.183811 -0.0208252
weights_delta matrix:
 -0.00126994 0.0056104 -0.000635641
 -0.000973235 0.00429961 -0.000487132
 -0.00179176 0.00791572 -0.000896826
 -0.00177861 0.00785764 -0.000890245
 -0.00416064 0.0183811 -0.00208252
weights matrix:
 -1.01103 0.125676 0.0161407
 1.89069 -2.33266 -0.558632
 -2.42591 0.966293 2.09623
 -2.03663 -0.973613 2.86984
 0.93538 0.764568 -3.06238
regression_error on 'test' 0.0787295
classification_error on 'test' 0.105263
Save,3860,0.0787295,0.105263
sample_count 75 Sample index 21
 i 0:0.836426 i 1:0.445654 i 2:0.884274 i 3:0.719493 bias 1
 test_print 3.88585
net matrix:
 -2.67819 -0.0159131 0.620628
outputs matrix:
 0.00469578 0.492044 0.775783
error matrix:
 -0.00469578 -0.492044 0.224217
delta matrix:
 -4.38935e-05 -0.24596 0.0780026
weights_delta matrix:
 -3.67137e-06 -0.0205727 0.00652434
 -1.95613e-06 -0.0109613 0.00347621
 -3.88139e-06 -0.0217496 0.00689756
 -3.15811e-06 -0.0176966 0.00561223
 -4.38935e-06 -0.024596 0.00780026
weights matrix:
 -1.01103 0.105104 0.022665
 1.89068 -2.34362 -0.555155
 -2.42591 0.944544 2.10313
 -2.03664 -0.991309 2.87545
 0.935376 0.739972 -3.05458
regression_error on 'test' 0.0777501
classification_error on 'test' 0.105263
Save,3861,0.0777501,0.105263
sample_count 75 Sample index 13
 i 0:0.420705 i 1:0.269205 i 2:0.491129 i 3:0.427485 bias 1
 test_print 2.60852
net matrix:
 -1.04306 0.193397 -0.932381
outputs matrix:
 0.110454 0.595511 0.134149
error matrix:
 -0.110454 0.404489 -0.134149
delta matrix:
 -0.021705 0.194865 -0.0311636
weights_delta matrix:
 -0.000913138 0.00819806 -0.00131107
 -0.000584308 0.00524586 -0.00083894
 -0.00106599 0.00957038 -0.00153053
 -0.000927854 0.00833018 -0.0013322
 -0.0021705 0.0194865 -0.00311636
weights matrix:
 -1.01195 0.113302 0.0213539
 1.8901 -2.33838 -0.555994
 -2.42698 0.954114 2.10159
 -2.03756 -0.982979 2.87412
 0.933205 0.759458 -3.0577
regression_error on 'test' 0.0781954
classification_error on 'test' 0.0789474
Save,3862,0.0781954,0.0789474
sample_count 75 Sample index 68
 i 0:0.305227 i 1:0.657392 i 2:0.173589 i 3:0.281481 bias 1
 test_print 2.41769
net matrix:
 0.872036 -0.854256 -2.24286
outputs matrix:
 0.851203 0.153357 0.0111431
error matrix:
 0.148797 -0.153357 -0.0111431
delta matrix:
 0.037692 -0.0398232 -0.00024557
weights_delta matrix:
 0.00115046 -0.00121551 -7.49546e-06
 0.00247784 -0.00261795 -1.61436e-05
 0.000654291 -0.000691288 -4.26283e-06
 0.00106096 -0.00112095 -6.91233e-06
 0.0037692 -0.00398232 -2.4557e-05
weights matrix:
 -1.0108 0.112086 0.0213464
 1.89258 -2.341 -0.55601
 -2.42633 0.953423 2.10159
 -2.0365 -0.9841 2.87411
 0.936975 0.755476 -3.05772
regression_error on 'test' 0.0781043
classification_error on 'test' 0.0789474
Save,3863,0.0781043,0.0789474
sample_count 75 Sample index 26
 i 0:0.489992 i 1:0.339785 i 2:0.536492 i 3:0.500487 bias 1
 test_print 2.86676
net matrix:
 -1.23619 0.0339365 -0.670247
outputs matrix:
 0.0778179 0.516962 0.207429
error matrix:
 -0.0778179 0.483038 -0.207429
delta matrix:
 -0.0111688 0.241241 -0.0682034
weights_delta matrix:
 -0.000547261 0.0118206 -0.00334191
 -0.000379498 0.00819701 -0.00231745
 -0.000599195 0.0129424 -0.00365906
 -0.000558982 0.0120738 -0.00341349
 -0.00111688 0.0241241 -0.00682034
weights matrix:
 -1.01134 0.123907 0.0180045
 1.8922 -2.3328 -0.558328
 -2.42692 0.966365 2.09793
 -2.03706 -0.972026 2.8707
 0.935858 0.7796 -3.06454
regression_error on 'test' 0.0789383
classification_error on 'test' 0.0789474
Save,3864,0.0789383,0.0789474
sample_count 75 Sample index 5
 i 0:0.536183 i 1:0.198626 i 2:0.687702 i 3:0.60999 bias 1
 test_print 3.0325
net matrix:
 -2.14216 0.454327 0.0280588
outputs matrix:
 0.0135957 0.712725 0.514026
error matrix:
 -0.0135957 -0.712725 0.485974
delta matrix:
 -0.00036466 -0.291858 0.242796
weights_delta matrix:
 -1.95524e-05 -0.0156489 0.0130183
 -7.24309e-06 -0.00579706 0.00482256
 -2.50777e-05 -0.0200711 0.0166971
 -2.22439e-05 -0.0178031 0.0148103
 -3.6466e-05 -0.0291858 0.0242796
weights matrix:
 -1.01136 0.108258 0.0310228
 1.89219 -2.3386 -0.553505
 -2.42695 0.946294 2.11463
 -2.03708 -0.989829 2.88551
 0.935821 0.750414 -3.04026
regression_error on 'test' 0.0778425
classification_error on 'test' 0.105263
Save,3865,0.0778425,0.105263
sample_count 75 Sample index 41
 i 0:0.674757 i 1:0.445654 i 2:0.627218 i 3:0.536988 bias 1
 test_print 3.28462
net matrix:
 -1.51946 -0.156736 -0.390188
outputs matrix:
 0.0456985 0.422267 0.314239
error matrix:
 -0.0456985 0.577733 -0.314239
delta matrix:
 -0.00398583 0.281885 -0.135432
weights_delta matrix:
 -0.000268947 0.0190204 -0.0091384
 -0.00017763 0.0125623 -0.0060356
 -0.000249998 0.0176803 -0.00849456
 -0.000214034 0.0151369 -0.00727256
 -0.000398583 0.0281885 -0.0135432
weights matrix:
 -1.01163 0.127278 0.0218844
 1.89201 -2.32603 -0.559541
 -2.4272 0.963974 2.10613
 -2.0373 -0.974692 2.87823
 0.935423 0.778603 -3.05381
regression_error on 'test' 0.0788441
classification_error on 'test' 0.0789474
Save,3866,0.0788441,0.0789474
sample_count 75 Sample index 9
 i 0:0.351418 i 1:0.375074 i 2:0.521371 i 3:0.573489 bias 1
 test_print 2.82135
net matrix:
 -1.14428 -0.105491 -0.507274
outputs matrix:
 0.0920752 0.447449 0.266091
error matrix:
 -0.0920752 0.552551 -0.266091
delta matrix:
 -0.0153945 0.273224 -0.103928
weights_delta matrix:
 -0.00054099 0.00960157 -0.00365221
 -0.000577407 0.0102479 -0.00389807
 -0.000802624 0.0142451 -0.0054185
 -0.000882857 0.0156691 -0.00596015
 -0.00153945 0.0273224 -0.0103928
weights matrix:
 -1.01217 0.13688 0.0182322
 1.89144 -2.31579 -0.563439
 -2.428 0.978219 2.10072
 -2.03818 -0.959023 2.87227
 0.933883 0.805925 -3.0642
regression_error on 'test' 0.0801373
classification_error on 'test' 0.0789474
Save,3867,0.0801373,0.0789474
sample_count 75 Sample index 41
 i 0:0.674757 i 1:0.445654 i 2:0.627218 i 3:0.536988 bias 1
 test_print 3.28462
net matrix:
 -1.52353 -0.0351806 -0.443014
outputs matrix:
 0.0453448 0.482417 0.29193
error matrix:
 -0.0453448 0.517583 -0.29193
delta matrix:
 -0.00392582 0.258471 -0.120688
weights_delta matrix:
 -0.000264898 0.0174405 -0.00814351
 -0.000174956 0.0115189 -0.00537851
 -0.000246235 0.0162118 -0.00756977
 -0.000210812 0.0138796 -0.0064808
 -0.000392582 0.0258471 -0.0120688
weights matrix:
 -1.01244 0.15432 0.0100887
 1.89126 -2.30427 -0.568817
 -2.42825 0.994431 2.09315
 -2.03839 -0.945144 2.86579
 0.933491 0.831772 -3.07627
regression_error on 'test' 0.0820305
classification_error on 'test' 0.0789474
Save,3868,0.0820305,0.0789474
sample_count 75 Sample index 29
 i 0:0.420705 i 1:0.304495 i 2:0.536492 i 3:0.536988 bias 1
 test_print 2.79868
net matrix:
 -1.3139 0.221031 -0.583375
outputs matrix:
 0.0673711 0.60875 0.237443
error matrix:
 -0.0673711 0.39125 -0.237443
delta matrix:
 -0.00846614 0.18637 -0.0859847
weights_delta matrix:
 -0.000356175 0.0078407 -0.00361742
 -0.00025779 0.00567489 -0.00261819
 -0.000454202 0.00999862 -0.00461301
 -0.000454622 0.0100079 -0.00461728
 -0.000846614 0.018637 -0.00859847
weights matrix:
 -1.01279 0.162161 0.00647129
 1.891 -2.29859 -0.571436
 -2.4287 1.00443 2.08853
 -2.03885 -0.935136 2.86118
 0.932644 0.850409 -3.08487
regression_error on 'test' 0.0835056
classification_error on 'test' 0.0789474
Save,3869,0.0835056,0.0789474
sample_count 75 Sample index 73
 i 0:0.582374 i 1:0.410364 i 2:0.65746 i 3:0.719493 bias 1
 test_print 3.36969
net matrix:
 -1.94489 -0.0108629 0.116127
outputs matrix:
 0.0200399 0.494569 0.557804
error matrix:
 -0.0200399 -0.494569 0.442196
delta matrix:
 -0.000787101 -0.247255 0.218143
weights_delta matrix:
 -4.58387e-05 -0.0143995 0.0127041
 -3.22998e-05 -0.0101465 0.00895181
 -5.17488e-05 -0.016256 0.014342
 -5.66314e-05 -0.0177898 0.0156952
 -7.87101e-05 -0.0247255 0.0218143
weights matrix:
 -1.01284 0.147761 0.0191754
 1.89097 -2.30874 -0.562484
 -2.42875 0.988174 2.10287
 -2.0389 -0.952926 2.87687
 0.932565 0.825684 -3.06305
regression_error on 'test' 0.0811662
classification_error on 'test' 0.0789474
Save,3870,0.0811662,0.0789474
sample_count 75 Sample index 29
 i 0:0.420705 i 1:0.304495 i 2:0.536492 i 3:0.536988 bias 1
 test_print 2.79868
net matrix:
 -1.31562 0.203286 -0.553239
outputs matrix:
 0.0671541 0.600266 0.248528
error matrix:
 -0.0671541 0.399734 -0.248528
delta matrix:
 -0.00841367 0.19183 -0.0928311
weights_delta matrix:
 -0.000353967 0.00807038 -0.00390545
 -0.000256192 0.00584112 -0.00282666
 -0.000451387 0.0102915 -0.00498031
 -0.000451804 0.010301 -0.00498492
 -0.000841367 0.019183 -0.00928311
weights matrix:
 -1.01319 0.155832 0.0152699
 1.89071 -2.3029 -0.56531
 -2.42921 0.998465 2.09789
 -2.03935 -0.942625 2.87189
 0.931724 0.844867 -3.07234
regression_error on 'test' 0.0825288
classification_error on 'test' 0.0789474
Save,3871,0.0825288,0.0789474
sample_count 75 Sample index 53
 i 0:0.489992 i 1:0.410364 i 2:0.702823 i 3:0.938499 bias 1
 test_print 3.54168
net matrix:
 -2.41009 -0.206711 0.872873
outputs matrix:
 0.00800086 0.398092 0.851415
error matrix:
 -0.00800086 -0.398092 0.148585
delta matrix:
 -0.000127003 -0.190777 0.037594
weights_delta matrix:
 -6.22305e-06 -0.00934794 0.00184208
 -5.21175e-06 -0.00782882 0.00154272
 -8.92607e-06 -0.0134083 0.00264219
 -1.19192e-05 -0.0179044 0.00352819
 -1.27003e-05 -0.0190777 0.0037594
weights matrix:
 -1.0132 0.146484 0.017112
 1.89071 -2.31073 -0.563768
 -2.42922 0.985057 2.10054
 -2.03937 -0.960529 2.87541
 0.931711 0.825789 -3.06858
regression_error on 'test' 0.0809395
classification_error on 'test' 0.0789474
Save,3872,0.0809395,0.0789474
sample_count 75 Sample index 28
 i 0:0.305227 i 1:0.551523 i 2:0.113105 i 3:0.135476 bias 1
 test_print 2.10533
net matrix:
 1.11418 -0.422632 -2.74715
outputs matrix:
 0.902768 0.300427 0.00409327
error matrix:
 0.0972319 -0.300427 -0.00409327
delta matrix:
 0.0170696 -0.126282 -3.33726e-05
weights_delta matrix:
 0.000521011 -0.00385447 -1.01862e-06
 0.000941429 -0.00696474 -1.84058e-06
 0.000193066 -0.00142831 -3.77461e-07
 0.000231253 -0.00171082 -4.52119e-07
 0.00170696 -0.0126282 -3.33726e-06
weights matrix:
 -1.01268 0.142629 0.017111
 1.89165 -2.31769 -0.56377
 -2.42902 0.983629 2.10054
 -2.03914 -0.96224 2.87541
 0.933418 0.813161 -3.06858
regression_error on 'test' 0.0804096
classification_error on 'test' 0.0789474
Save,3873,0.0804096,0.0789474
sample_count 75 Sample index 2
 i 0:0.466896 i 1:0.480944 i 2:0.566734 i 3:0.500487 bias 1
 test_print 3.01506
net matrix:
 -1.02679 -0.159058 -0.702181
outputs matrix:
 0.113691 0.421135 0.197125
error matrix:
 -0.113691 0.578865 -0.197125
delta matrix:
 -0.0229123 0.282232 -0.0623966
weights_delta matrix:
 -0.00106977 0.0131773 -0.00291327
 -0.00110195 0.0135738 -0.00300093
 -0.00129852 0.015995 -0.00353623
 -0.00114673 0.0141253 -0.00312287
 -0.00229123 0.0282232 -0.00623966
weights matrix:
 -1.01375 0.155807 0.0141977
 1.89055 -2.30412 -0.566771
 -2.43032 0.999624 2.097
 -2.04028 -0.948115 2.87229
 0.931127 0.841384 -3.07482
regression_error on 'test' 0.0823098
classification_error on 'test' 0.0789474
Save,3874,0.0823098,0.0789474
sample_count 75 Sample index 0
 i 0:0.282131 i 1:0.269205 i 2:0.430645 i 3:0.427485 bias 1
 test_print 2.40947
net matrix:
 -0.764733 0.29024 -1.09247
outputs matrix:
 0.178072 0.641178 0.101111
error matrix:
 -0.178072 0.358822 -0.101111
delta matrix:
 -0.0521259 0.165107 -0.0183796
weights_delta matrix:
 -0.00147063 0.00465819 -0.000518545
 -0.00140326 0.00444478 -0.000494788
 -0.00224478 0.00711027 -0.000791508
 -0.0022283 0.0070581 -0.0007857
 -0.00521259 0.0165107 -0.00183796
weights matrix:
 -1.01522 0.160465 0.0136792
 1.88915 -2.29967 -0.567265
 -2.43257 1.00673 2.09621
 -2.04251 -0.941056 2.87151
 0.925914 0.857895 -3.07666
regression_error on 'test' 0.083403
classification_error on 'test' 0.0789474
Save,3875,0.083403,0.0789474
sample_count 75 Sample index 42
 i 0:0.651661 i 1:0.551523 i 2:0.702823 i 3:0.792495 bias 1
 test_print 3.6985
net matrix:
 -2.0221 -0.344085 0.368313
outputs matrix:
 0.0172219 0.33444 0.676258
error matrix:
 -0.0172219 -0.33444 0.323742
delta matrix:
 -0.000582973 -0.148886 0.141756
weights_delta matrix:
 -3.79901e-05 -0.00970232 0.00923768
 -3.21523e-05 -0.00821141 0.00781816
 -4.09727e-05 -0.0104641 0.00996293
 -4.62003e-05 -0.0117991 0.0112341
 -5.82973e-05 -0.0148886 0.0141756
weights matrix:
 -1.01526 0.150763 0.0229168
 1.88911 -2.30788 -0.559447
 -2.43261 0.99627 2.10617
 -2.04256 -0.952856 2.88274
 0.925856 0.843006 -3.06248
regression_error on 'test' 0.0818691
classification_error on 'test' 0.0789474
Save,3876,0.0818691,0.0789474
sample_count 75 Sample index 4
 i 0:0.212844 i 1:0.516233 i 2:0.158468 i 3:0.135476 bias 1
 test_print 2.02302
net matrix:
 1.02278 -0.287523 -2.62211
outputs matrix:
 0.885498 0.360073 0.00525026
error matrix:
 0.114502 -0.360073 -0.00525026
delta matrix:
 0.023219 -0.165937 -5.48409e-05
weights_delta matrix:
 0.000494202 -0.00353186 -1.16726e-06
 0.00119864 -0.0085662 -2.83107e-06
 0.000367946 -0.00262956 -8.69053e-07
 0.000314561 -0.00224804 -7.42963e-07
 0.0023219 -0.0165937 -5.48409e-06
weights matrix:
 -1.01476 0.147231 0.0229157
 1.89031 -2.31645 -0.55945
 -2.43224 0.99364 2.10617
 -2.04224 -0.955104 2.88274
 0.928178 0.826413 -3.06249
regression_error on 'test' 0.0810964
classification_error on 'test' 0.0789474
Save,3877,0.0810964,0.0789474
sample_count 75 Sample index 17
 i 0:0.443801 i 1:0.304495 i 2:0.521371 i 3:0.463986 bias 1
 test_print 2.73365
net matrix:
 -1.16226 0.261307 -0.787021
outputs matrix:
 0.0891133 0.627759 0.171641
error matrix:
 -0.0891133 0.372241 -0.171641
delta matrix:
 -0.014467 0.173969 -0.0488079
weights_delta matrix:
 -0.000642048 0.00772076 -0.0021661
 -0.000440514 0.00529727 -0.00148618
 -0.000754269 0.00907024 -0.0025447
 -0.00067125 0.00807192 -0.00226462
 -0.0014467 0.0173969 -0.00488079
weights matrix:
 -1.01541 0.154951 0.0207496
 1.88987 -2.31115 -0.560936
 -2.43299 1.00271 2.10363
 -2.04291 -0.947032 2.88047
 0.926731 0.84381 -3.06737
regression_error on 'test' 0.0822388
classification_error on 'test' 0.0789474
Save,3878,0.0822388,0.0789474
sample_count 75 Sample index 73
 i 0:0.582374 i 1:0.410364 i 2:0.65746 i 3:0.719493 bias 1
 test_print 3.36969
net matrix:
 -1.95854 -0.0365052 0.170058
outputs matrix:
 0.019511 0.481755 0.584219
error matrix:
 -0.019511 -0.481755 0.415781
delta matrix:
 -0.000746502 -0.240557 0.201993
weights_delta matrix:
 -4.34744e-05 -0.0140094 0.0117635
 -3.06338e-05 -0.00987159 0.00828905
 -4.90795e-05 -0.0158157 0.0132802
 -5.37103e-05 -0.0173079 0.0145332
 -7.46502e-05 -0.0240557 0.0201993
weights matrix:
 -1.01545 0.140942 0.0325131
 1.88984 -2.32102 -0.552647
 -2.43304 0.986895 2.11691
 -2.04297 -0.96434 2.89501
 0.926657 0.819754 -3.04717
regression_error on 'test' 0.0803967
classification_error on 'test' 0.0789474
Save,3879,0.0803967,0.0789474
sample_count 75 Sample index 64
 i 0:0.282131 i 1:0.516233 i 2:0.158468 i 3:0.0989754 bias 1
 test_print 2.05581
net matrix:
 1.028 -0.277726 -2.7013
outputs matrix:
 0.886553 0.3646 0.00448469
error matrix:
 0.113447 -0.3646 -0.00448469
delta matrix:
 0.0228203 -0.168932 -4.00446e-05
weights_delta matrix:
 0.000643831 -0.00476609 -1.12978e-06
 0.00117806 -0.00872081 -2.06723e-06
 0.000361628 -0.00267703 -6.34578e-07
 0.000225865 -0.00167201 -3.96343e-07
 0.00228203 -0.0168932 -4.00446e-06
weights matrix:
 -1.01481 0.136176 0.032512
 1.89102 -2.32975 -0.552649
 -2.43268 0.984218 2.11691
 -2.04274 -0.966012 2.89501
 0.928939 0.802861 -3.04717
regression_error on 'test' 0.0797604
classification_error on 'test' 0.105263
Save,3880,0.0797604,0.105263
sample_count 75 Sample index 22
 i 0:0.305227 i 1:0.233915 i 2:0.430645 i 3:0.427485 bias 1
 test_print 2.39727
net matrix:
 -0.859333 0.310356 -1.01732
outputs matrix:
 0.152043 0.65038 0.115614
error matrix:
 -0.152043 0.34962 -0.115614
delta matrix:
 -0.0392047 0.158997 -0.0236426
weights_delta matrix:
 -0.00119663 0.00485302 -0.000721636
 -0.000917056 0.00371918 -0.000553036
 -0.00168833 0.00684713 -0.00101816
 -0.00167594 0.00679688 -0.00101069
 -0.00392047 0.0158997 -0.00236426
weights matrix:
 -1.016 0.141029 0.0317903
 1.8901 -2.32603 -0.553202
 -2.43437 0.991065 2.11589
 -2.04442 -0.959215 2.894
 0.925018 0.81876 -3.04954
regression_error on 'test' 0.0804902
classification_error on 'test' 0.0789474
Save,3881,0.0804902,0.0789474
sample_count 75 Sample index 8
 i 0:0.489992 i 1:0.375074 i 2:0.702823 i 3:0.755994 bias 1
 test_print 3.32388
net matrix:
 -2.12038 -0.0131857 0.433485
outputs matrix:
 0.0141922 0.493408 0.704115
error matrix:
 -0.0141922 -0.493408 0.295885
delta matrix:
 -0.000397121 -0.246661 0.123288
weights_delta matrix:
 -1.94586e-05 -0.0120862 0.006041
 -1.4895e-05 -0.00925161 0.0046242
 -2.79105e-05 -0.0173359 0.00866494
 -3.00221e-05 -0.0186474 0.00932047
 -3.97121e-05 -0.0246661 0.0123288
weights matrix:
 -1.01602 0.128943 0.0378313
 1.89009 -2.33528 -0.548578
 -2.4344 0.973729 2.12455
 -2.04445 -0.977862 2.90332
 0.924979 0.794094 -3.03721
regression_error on 'test' 0.0791313
classification_error on 'test' 0.0789474
Save,3882,0.0791313,0.0789474
sample_count 75 Sample index 2
 i 0:0.466896 i 1:0.480944 i 2:0.566734 i 3:0.500487 bias 1
 test_print 3.01506
net matrix:
 -1.04325 -0.206402 -0.626253
outputs matrix:
 0.110417 0.39824 0.222267
error matrix:
 -0.110417 0.60176 -0.222267
delta matrix:
 -0.0216913 0.288417 -0.0768439
weights_delta matrix:
 -0.00101276 0.0134661 -0.00358781
 -0.00104323 0.0138713 -0.00369576
 -0.00122932 0.0163456 -0.004355
 -0.00108562 0.0144349 -0.00384594
 -0.00216913 0.0288417 -0.00768439
weights matrix:
 -1.01703 0.142409 0.0342435
 1.88904 -2.32141 -0.552274
 -2.43563 0.990075 2.1202
 -2.04553 -0.963427 2.89947
 0.922809 0.822936 -3.04489
regression_error on 'test' 0.0805759
classification_error on 'test' 0.0789474
Save,3883,0.0805759,0.0789474
sample_count 75 Sample index 53
 i 0:0.489992 i 1:0.410364 i 2:0.702823 i 3:0.938499 bias 1
 test_print 3.54168
net matrix:
 -2.43188 -0.268235 0.956526
outputs matrix:
 0.00766226 0.369009 0.871362
error matrix:
 -0.00766226 -0.369009 0.128638
delta matrix:
 -0.000116521 -0.171841 0.0288383
weights_delta matrix:
 -5.70942e-06 -0.00842009 0.00141305
 -4.78159e-06 -0.00705175 0.00118342
 -8.18935e-06 -0.0120774 0.00202682
 -1.09355e-05 -0.0161273 0.00270647
 -1.16521e-05 -0.0171841 0.00288383
weights matrix:
 -1.01704 0.133989 0.0356566
 1.88904 -2.32846 -0.55109
 -2.43563 0.977997 2.12222
 -2.04554 -0.979555 2.90218
 0.922798 0.805752 -3.04201
regression_error on 'test' 0.079489
classification_error on 'test' 0.0789474
Save,3884,0.079489,0.0789474
sample_count 75 Sample index 28
 i 0:0.305227 i 1:0.551523 i 2:0.113105 i 3:0.135476 bias 1
 test_print 2.10533
net matrix:
 1.10161 -0.459639 -2.70186
outputs matrix:
 0.900539 0.285105 0.00447969
error matrix:
 0.099461 -0.285105 -0.00447969
delta matrix:
 0.0178172 -0.11622 -3.99554e-05
weights_delta matrix:
 0.000543828 -0.00354736 -1.21955e-06
 0.000982658 -0.00640982 -2.20363e-06
 0.000201521 -0.00131451 -4.51916e-07
 0.00024138 -0.00157451 -5.413e-07
 0.00178172 -0.011622 -3.99554e-06
weights matrix:
 -1.0165 0.130441 0.0356554
 1.89002 -2.33487 -0.551093
 -2.43543 0.976683 2.12222
 -2.0453 -0.981129 2.90218
 0.924579 0.79413 -3.04201
regression_error on 'test' 0.0791144
classification_error on 'test' 0.0789474
Save,3885,0.0791144,0.0789474
sample_count 75 Sample index 35
 i 0:0.189749 i 1:0.233915 i 2:0.128226 i 3:0.171977 bias 1
 test_print 1.72387
net matrix:
 0.509774 0.229225 -2.39293
outputs matrix:
 0.734885 0.612646 0.00827793
error matrix:
 0.265115 -0.612646 -0.00827793
delta matrix:
 0.103304 -0.290775 -0.000135914
weights_delta matrix:
 0.00196019 -0.00551743 -2.57895e-06
 0.00241645 -0.00680167 -3.17923e-06
 0.00132463 -0.00372849 -1.74277e-06
 0.0017766 -0.00500066 -2.3374e-06
 0.0103304 -0.0290775 -1.35914e-05
weights matrix:
 -1.01454 0.124924 0.0356528
 1.89244 -2.34167 -0.551096
 -2.43411 0.972954 2.12222
 -2.04353 -0.98613 2.90217
 0.93491 0.765052 -3.04203
regression_error on 'test' 0.0784169
classification_error on 'test' 0.105263
Save,3886,0.0784169,0.105263
sample_count 75 Sample index 8
 i 0:0.489992 i 1:0.375074 i 2:0.702823 i 3:0.755994 bias 1
 test_print 3.32388
net matrix:
 -2.10804 -0.113729 0.454313
outputs matrix:
 0.0145418 0.44338 0.712719
error matrix:
 -0.0145418 -0.44338 0.287281
delta matrix:
 -0.000416776 -0.218847 0.117642
weights_delta matrix:
 -2.04217e-05 -0.0107233 0.00576436
 -1.56322e-05 -0.00820838 0.00441244
 -2.9292e-05 -0.0153811 0.00826814
 -3.1508e-05 -0.0165447 0.00889366
 -4.16776e-05 -0.0218847 0.0117642
weights matrix:
 -1.01456 0.114201 0.0414171
 1.89242 -2.34988 -0.546683
 -2.43414 0.957573 2.13049
 -2.04356 -1.00267 2.91107
 0.934868 0.743168 -3.03026
regression_error on 'test' 0.0778257
classification_error on 'test' 0.157895
Save,3887,0.0778257,0.157895
sample_count 75 Sample index 45
 i 0:0.697853 i 1:0.586813 i 2:0.793548 i 3:0.975 bias 1
 test_print 4.05321
net matrix:
 -2.58672 -0.773803 1.20678
outputs matrix:
 0.00563316 0.175432 0.917855
error matrix:
 -0.00563316 -0.175432 0.082145
delta matrix:
 -6.31074e-05 -0.0507546 0.012387
weights_delta matrix:
 -4.40397e-06 -0.00354192 0.000864432
 -3.70322e-06 -0.00297834 0.000726886
 -5.00788e-06 -0.00402762 0.000982969
 -6.15297e-06 -0.00494857 0.00120773
 -6.31074e-06 -0.00507546 0.0012387
weights matrix:
 -1.01456 0.110659 0.0422816
 1.89242 -2.35286 -0.545956
 -2.43414 0.953546 2.13147
 -2.04356 -1.00762 2.91228
 0.934862 0.738092 -3.02902
regression_error on 'test' 0.0777021
classification_error on 'test' 0.157895
Save,3888,0.0777021,0.157895
sample_count 75 Sample index 72
 i 0:0.905713 i 1:0.480944 i 2:0.929637 i 3:0.828996 bias 1
 test_print 4.14529
net matrix:
 -3.03087 -0.242139 1.14246
outputs matrix:
 0.00232494 0.381242 0.90762
error matrix:
 -0.00232494 -0.381242 0.0923801
delta matrix:
 -1.07856e-05 -0.179868 0.0154914
weights_delta matrix:
 -9.76864e-07 -0.0162908 0.00140308
 -5.18726e-07 -0.00865063 0.00074505
 -1.00267e-06 -0.0167212 0.00144014
 -8.9412e-07 -0.014911 0.00128423
 -1.07856e-06 -0.0179868 0.00154914
weights matrix:
 -1.01456 0.0943679 0.0436846
 1.89242 -2.36151 -0.545211
 -2.43414 0.936824 2.13291
 -2.04356 -1.02253 2.91356
 0.934861 0.720105 -3.02748
regression_error on 'test' 0.0773791
classification_error on 'test' 0.157895
Save,3889,0.0773791,0.157895
sample_count 75 Sample index 59
 i 0:0.60547 i 1:0.233915 i 2:0.596976 i 3:0.536988 bias 1
 test_print 2.97335
net matrix:
 -1.78726 0.235024 -0.290714
outputs matrix:
 0.0272649 0.615395 0.358604
error matrix:
 -0.0272649 0.384605 -0.358604
delta matrix:
 -0.00144621 0.18206 -0.164963
weights_delta matrix:
 -8.7564e-05 0.0110232 -0.00998802
 -3.38291e-05 0.00425865 -0.00385873
 -8.63355e-05 0.0108685 -0.0098479
 -7.766e-05 0.00977639 -0.00885832
 -0.000144621 0.018206 -0.0164963
weights matrix:
 -1.01465 0.105391 0.0336966
 1.89238 -2.35725 -0.54907
 -2.43423 0.947693 2.12307
 -2.04364 -1.01276 2.9047
 0.934716 0.738311 -3.04397
regression_error on 'test' 0.0774656
classification_error on 'test' 0.157895
Save,3890,0.0774656,0.157895
sample_count 75 Sample index 67
 i 0:0.443801 i 1:0.375074 i 2:0.566734 i 3:0.536988 bias 1
 test_print 2.9226
net matrix:
 -1.28277 -0.105807 -0.471956
outputs matrix:
 0.0713889 0.447293 0.280111
error matrix:
 -0.0713889 0.552707 -0.280111
delta matrix:
 -0.0094651 0.273283 -0.112968
weights_delta matrix:
 -0.000420062 0.0121283 -0.00501353
 -0.000355011 0.0102501 -0.00423714
 -0.000536419 0.0154879 -0.00640228
 -0.000508264 0.014675 -0.00606625
 -0.00094651 0.0273283 -0.0112968
weights matrix:
 -1.01507 0.117519 0.0286831
 1.89203 -2.347 -0.553307
 -2.43477 0.963181 2.11666
 -2.04415 -0.998083 2.89864
 0.93377 0.76564 -3.05527
regression_error on 'test' 0.0780399
classification_error on 'test' 0.105263
Save,3891,0.0780399,0.105263
sample_count 75 Sample index 18
 i 0:0.513088 i 1:0.480944 i 2:0.566734 i 3:0.60999 bias 1
 test_print 3.17076
net matrix:
 -1.30387 -0.36579 -0.338938
outputs matrix:
 0.0686425 0.324848 0.336736
error matrix:
 -0.0686425 0.675152 -0.336736
delta matrix:
 -0.00877672 0.296151 -0.150416
weights_delta matrix:
 -0.000450323 0.0151952 -0.00771768
 -0.000422111 0.0142432 -0.00723418
 -0.000497406 0.0167839 -0.0085246
 -0.000535371 0.0180649 -0.00917524
 -0.000877672 0.0296151 -0.0150416
weights matrix:
 -1.01552 0.132715 0.0209654
 1.89161 -2.33275 -0.560541
 -2.43526 0.979965 2.10814
 -2.04469 -0.980018 2.88946
 0.932892 0.795255 -3.07031
regression_error on 'test' 0.079246
classification_error on 'test' 0.0789474
Save,3892,0.079246,0.0789474
sample_count 75 Sample index 49
 i 0:0.397609 i 1:0.480944 i 2:0.612097 i 3:0.60999 bias 1
 test_print 3.10064
net matrix:
 -1.29899 -0.271869 -0.278636
outputs matrix:
 0.0692691 0.367319 0.364179
error matrix:
 -0.0692691 0.632681 -0.364179
delta matrix:
 -0.00893168 0.294065 -0.168653
weights_delta matrix:
 -0.000355132 0.0116923 -0.0067058
 -0.000429564 0.0141429 -0.00811127
 -0.000546705 0.0179996 -0.0103232
 -0.000544823 0.0179377 -0.0102877
 -0.000893168 0.0294065 -0.0168653
weights matrix:
 -1.01588 0.144407 0.0142596
 1.89118 -2.31861 -0.568653
 -2.43581 0.997964 2.09781
 -2.04523 -0.96208 2.87917
 0.931999 0.824661 -3.08718
regression_error on 'test' 0.0810613
classification_error on 'test' 0.0789474
Save,3893,0.0810613,0.0789474
sample_count 75 Sample index 37
 i 0:0.720948 i 1:0.551523 i 2:0.82379 i 3:0.901998 bias 1
 test_print 3.99826
net matrix:
 -2.60876 -0.395678 0.934647
outputs matrix:
 0.00539157 0.311878 0.866377
error matrix:
 -0.00539157 -0.311878 0.133623
delta matrix:
 -5.78247e-05 -0.133864 0.0309387
weights_delta matrix:
 -4.16886e-06 -0.0096509 0.00223052
 -3.18916e-06 -0.00738291 0.00170634
 -4.76354e-06 -0.0110276 0.0025487
 -5.21577e-06 -0.0120745 0.00279066
 -5.78247e-06 -0.0133864 0.00309387
weights matrix:
 -1.01588 0.134756 0.0164901
 1.89117 -2.32599 -0.566946
 -2.43581 0.986937 2.10036
 -2.04524 -0.974155 2.88196
 0.931993 0.811275 -3.08408
regression_error on 'test' 0.0800028
classification_error on 'test' 0.0789474
Save,3894,0.0800028,0.0789474
sample_count 75 Sample index 21
 i 0:0.836426 i 1:0.445654 i 2:0.884274 i 3:0.719493 bias 1
 test_print 3.88585
net matrix:
 -2.70037 0.0592244 0.607899
outputs matrix:
 0.004493 0.529578 0.771323
error matrix:
 -0.004493 -0.529578 0.228677
delta matrix:
 -4.01927e-05 -0.263862 0.0806698
weights_delta matrix:
 -3.36182e-06 -0.0220701 0.00674743
 -1.7912e-06 -0.0117591 0.00359508
 -3.55414e-06 -0.0233327 0.00713342
 -2.89184e-06 -0.0189847 0.00580413
 -4.01927e-06 -0.0263862 0.00806698
weights matrix:
 -1.01588 0.112686 0.0232376
 1.89117 -2.33775 -0.563351
 -2.43582 0.963604 2.1075
 -2.04524 -0.993139 2.88777
 0.931989 0.784889 -3.07601
regression_error on 'test' 0.078411
classification_error on 'test' 0.0789474
Save,3895,0.078411,0.0789474
sample_count 75 Sample index 55
 i 0:0.628566 i 1:0.551523 i 2:0.612097 i 3:0.60999 bias 1
 test_print 3.40218
net matrix:
 -1.40207 -0.449592 -0.320607
outputs matrix:
 0.0571012 0.289218 0.344972
error matrix:
 -0.0571012 0.710782 -0.344972
delta matrix:
 -0.00614873 0.292232 -0.155904
weights_delta matrix:
 -0.000386488 0.0183687 -0.0097996
 -0.000339116 0.0161173 -0.00859847
 -0.000376362 0.0178875 -0.00954284
 -0.000375066 0.0178259 -0.00950999
 -0.000614873 0.0292232 -0.0155904
weights matrix:
 -1.01627 0.131055 0.013438
 1.89083 -2.32164 -0.57195
 -2.43619 0.981492 2.09795
 -2.04561 -0.975313 2.87826
 0.931374 0.814112 -3.0916
regression_error on 'test' 0.0800367
classification_error on 'test' 0.0789474
Save,3896,0.0800367,0.0789474
sample_count 75 Sample index 4
 i 0:0.212844 i 1:0.516233 i 2:0.158468 i 3:0.135476 bias 1
 test_print 2.02302
net matrix:
 1.02799 -0.333096 -2.66161
outputs matrix:
 0.88655 0.33935 0.00485335
error matrix:
 0.11345 -0.33935 -0.00485335
delta matrix:
 0.0228214 -0.152159 -4.68813e-05
weights_delta matrix:
 0.00048574 -0.00323861 -9.97841e-07
 0.00117812 -0.00785494 -2.42017e-06
 0.000361646 -0.00241123 -7.42919e-07
 0.000309175 -0.00206139 -6.3513e-07
 0.00228214 -0.0152159 -4.68813e-06
weights matrix:
 -1.01578 0.127816 0.013437
 1.89201 -2.32949 -0.571952
 -2.43583 0.97908 2.09795
 -2.0453 -0.977375 2.87826
 0.933656 0.798896 -3.09161
regression_error on 'test' 0.0795262
classification_error on 'test' 0.0789474
Save,3897,0.0795262,0.0789474
sample_count 75 Sample index 7
 i 0:0.651661 i 1:0.410364 i 2:0.627218 i 3:0.60999 bias 1
 test_print 3.29923
net matrix:
 -1.72729 -0.0558429 -0.24598
outputs matrix:
 0.0306326 0.472108 0.379432
error matrix:
 -0.0306326 0.527892 -0.379432
delta matrix:
 -0.00181922 0.263125 -0.178685
weights_delta matrix:
 -0.000118551 0.0171468 -0.0116442
 -7.46542e-05 0.0107977 -0.00733258
 -0.000114105 0.0165037 -0.0112074
 -0.000110971 0.0160504 -0.0108996
 -0.000181922 0.0263125 -0.0178685
weights matrix:
 -1.0159 0.144963 0.00179278
 1.89194 -2.31869 -0.579285
 -2.43595 0.995584 2.08675
 -2.04542 -0.961324 2.86736
 0.933474 0.825208 -3.10948
regression_error on 'test' 0.0814971
classification_error on 'test' 0.0789474
Save,3898,0.0814971,0.0789474
sample_count 75 Sample index 21
 i 0:0.836426 i 1:0.445654 i 2:0.884274 i 3:0.719493 bias 1
 test_print 3.88585
net matrix:
 -2.69881 0.101827 0.54216
outputs matrix:
 0.00450694 0.550738 0.74731
error matrix:
 -0.00450694 -0.550738 0.25269
delta matrix:
 -4.04419e-05 -0.272533 0.0954345
weights_delta matrix:
 -3.38267e-06 -0.0227954 0.00798239
 -1.80231e-06 -0.0121456 0.00425308
 -3.57617e-06 -0.0240994 0.00843903
 -2.90977e-06 -0.0196086 0.00686645
 -4.04419e-06 -0.0272533 0.00954345
weights matrix:
 -1.01591 0.122167 0.00977517
 1.89194 -2.33084 -0.575032
 -2.43595 0.971485 2.09519
 -2.04542 -0.980933 2.87422
 0.93347 0.797955 -3.09993
regression_error on 'test' 0.0793858
classification_error on 'test' 0.0789474
Save,3899,0.0793858,0.0789474
sample_count 75 Sample index 10
 i 0:0.697853 i 1:0.304495 i 2:0.808669 i 3:0.719493 bias 1
 test_print 3.53051
net matrix:
 -2.64094 0.253316 0.494088
outputs matrix:
 0.00505717 0.624017 0.728727
error matrix:
 -0.00505717 -0.624017 0.271273
delta matrix:
 -5.08912e-05 -0.292813 0.107252
weights_delta matrix:
 -3.55146e-06 -0.0204341 0.00748464
 -1.54961e-06 -0.00891602 0.00326578
 -4.11541e-06 -0.0236789 0.00867317
 -3.66159e-06 -0.0210677 0.00771673
 -5.08912e-06 -0.0292813 0.0107252
weights matrix:
 -1.01591 0.101733 0.0172598
 1.89193 -2.33976 -0.571766
 -2.43595 0.947806 2.10386
 -2.04542 -1.002 2.88194
 0.933465 0.768674 -3.08921
regression_error on 'test' 0.0779553
classification_error on 'test' 0.0789474
Save,3900,0.0779553,0.0789474
sample_count 75 Sample index 5
 i 0:0.536183 i 1:0.198626 i 2:0.687702 i 3:0.60999 bias 1
 test_print 3.0325
net matrix:
 -2.15836 0.399083 0.0112598
outputs matrix:
 0.0131679 0.689582 0.50563
error matrix:
 -0.0131679 -0.689582 0.49437
delta matrix:
 -0.000342221 -0.295222 0.247154
weights_delta matrix:
 -1.83493e-05 -0.0158293 0.013252
 -6.7974e-06 -0.00586388 0.00490912
 -2.35346e-05 -0.0203025 0.0169968
 -2.08752e-05 -0.0180082 0.0150761
 -3.42221e-05 -0.0295222 0.0247154
weights matrix:
 -1.01593 0.085904 0.0305118
 1.89193 -2.34562 -0.566857
 -2.43598 0.927503 2.12086
 -2.04544 -1.02001 2.89702
 0.933431 0.739152 -3.06449
regression_error on 'test' 0.0771507
classification_error on 'test' 0.157895
Save,3901,0.0771507,0.157895
sample_count 75 Sample index 27
 i 0:0.328323 i 1:0.622103 i 2:0.158468 i 3:0.135476 bias 1
 test_print 2.24437
net matrix:
 1.11372 -0.683068 -2.67856
outputs matrix:
 0.902687 0.203245 0.00469238
error matrix:
 0.0973134 -0.203245 -0.00469238
delta matrix:
 0.0170967 -0.0658254 -4.38303e-05
weights_delta matrix:
 0.000561324 -0.0021612 -1.43905e-06
 0.00106359 -0.00409502 -2.72669e-06
 0.000270928 -0.00104312 -6.9457e-07
 0.000231619 -0.000891777 -5.93795e-07
 0.00170967 -0.00658254 -4.38303e-06
weights matrix:
 -1.01537 0.0837428 0.0305103
 1.89299 -2.34971 -0.566859
 -2.43571 0.92646 2.12085
 -2.04521 -1.0209 2.89702
 0.935141 0.732569 -3.0645
regression_error on 'test' 0.0771092
classification_error on 'test' 0.157895
Save,3902,0.0771092,0.157895
sample_count 75 Sample index 63
 i 0:0.420705 i 1:0.904421 i 2:0.143347 i 3:0.135476 bias 1
 test_print 2.60395
net matrix:
 1.5938 -1.36283 -2.86785
outputs matrix:
 0.960365 0.0614757 0.00321824
error matrix:
 0.0396348 -0.0614757 -0.00321824
delta matrix:
 0.00301731 -0.00709386 -2.06475e-05
weights_delta matrix:
 0.00012694 -0.000298442 -8.68652e-07
 0.000272891 -0.000641583 -1.86741e-06
 4.32522e-05 -0.000101688 -2.95976e-07
 4.08772e-05 -9.61048e-05 -2.79725e-07
 0.000301731 -0.000709386 -2.06475e-06
weights matrix:
 -1.01524 0.0834443 0.0305095
 1.89326 -2.35036 -0.566861
 -2.43566 0.926358 2.12085
 -2.04517 -1.021 2.89702
 0.935442 0.73186 -3.0645
regression_error on 'test' 0.0771047
classification_error on 'test' 0.157895
Save,3903,0.0771047,0.157895
sample_count 75 Sample index 34
 i 0:0.767139 i 1:0.551523 i 2:0.642339 i 3:0.573489 bias 1
 test_print 3.53449
net matrix:
 -1.53661 -0.490897 -0.330019
outputs matrix:
 0.0442252 0.272536 0.340731
error matrix:
 -0.0442252 0.727464 -0.340731
delta matrix:
 -0.00373874 0.288454 -0.153079
weights_delta matrix:
 -0.000286814 0.0221284 -0.0117433
 -0.0002062 0.0159089 -0.00844267
 -0.000240154 0.0185285 -0.00983288
 -0.000214413 0.0165425 -0.00877893
 -0.000373874 0.0288454 -0.0153079
weights matrix:
 -1.01553 0.105573 0.0187662
 1.89306 -2.33445 -0.575304
 -2.4359 0.944887 2.11102
 -2.04538 -1.00445 2.88824
 0.935069 0.760705 -3.07981
regression_error on 'test' 0.0777619
classification_error on 'test' 0.0789474
Save,3904,0.0777619,0.0789474
sample_count 75 Sample index 29
 i 0:0.420705 i 1:0.304495 i 2:0.536492 i 3:0.536988 bias 1
 test_print 2.79868
net matrix:
 -1.32093 0.0618369 -0.563596
outputs matrix:
 0.0664922 0.530879 0.24468
error matrix:
 -0.0664922 0.469121 -0.24468
delta matrix:
 -0.00825448 0.233666 -0.0904392
weights_delta matrix:
 -0.00034727 0.00983044 -0.00380482
 -0.000251345 0.00711501 -0.00275383
 -0.000442846 0.012536 -0.00485199
 -0.000443256 0.0125476 -0.00485648
 -0.000825448 0.0233666 -0.00904392
weights matrix:
 -1.01587 0.115403 0.0149613
 1.89281 -2.32733 -0.578058
 -2.43635 0.957423 2.10617
 -2.04583 -0.991907 2.88338
 0.934243 0.784072 -3.08885
regression_error on 'test' 0.078534
classification_error on 'test' 0.0789474
Save,3905,0.078534,0.0789474
sample_count 75 Sample index 40
 i 0:0.328323 i 1:0.763262 i 2:0.158468 i 3:0.171977 bias 1
 test_print 2.42203
net matrix:
 1.3075 -0.973267 -2.69551
outputs matrix:
 0.93182 0.124932 0.00453661
error matrix:
 0.0681796 -0.124932 -0.00453661
delta matrix:
 0.00866306 -0.027316 -4.09749e-05
weights_delta matrix:
 0.000284428 -0.000896848 -1.3453e-06
 0.000661219 -0.00208493 -3.12746e-06
 0.000137282 -0.000432872 -6.49321e-07
 0.000148985 -0.000469773 -7.04674e-07
 0.000866306 -0.0027316 -4.09749e-06
weights matrix:
 -1.01559 0.114506 0.01496
 1.89347 -2.32942 -0.578061
 -2.43621 0.95699 2.10617
 -2.04568 -0.992376 2.88338
 0.935109 0.78134 -3.08886
regression_error on 'test' 0.0784603
classification_error on 'test' 0.0789474
Save,3906,0.0784603,0.0789474
sample_count 75 Sample index 1
 i 0:0.582374 i 1:0.445654 i 2:0.581855 i 3:0.536988 bias 1
 test_print 3.14687
net matrix:
 -1.32854 -0.166153 -0.563934
outputs matrix:
 0.0655542 0.417679 0.244555
error matrix:
 -0.0655542 0.582321 -0.244555
delta matrix:
 -0.0080313 0.283268 -0.0903618
weights_delta matrix:
 -0.000467722 0.0164968 -0.00526244
 -0.000357918 0.0126239 -0.00402701
 -0.000467305 0.0164821 -0.00525775
 -0.000431271 0.0152111 -0.00485232
 -0.00080313 0.0283268 -0.00903618
weights matrix:
 -1.01606 0.131003 0.00969756
 1.89311 -2.31679 -0.582088
 -2.43668 0.973472 2.10091
 -2.04611 -0.977165 2.87853
 0.934306 0.809667 -3.09789
regression_error on 'test' 0.0798633
classification_error on 'test' 0.0789474
Save,3907,0.0798633,0.0789474
sample_count 75 Sample index 11
 i 0:0.536183 i 1:0.198626 i 2:0.536492 i 3:0.427485 bias 1
 test_print 2.69879
net matrix:
 -1.4164 0.52427 -0.850662
outputs matrix:
 0.0555768 0.740494 0.154293
error matrix:
 -0.0555768 0.259506 -0.154293
delta matrix:
 -0.00583423 0.0997345 -0.0402661
weights_delta matrix:
 -0.000312821 0.0053476 -0.002159
 -0.000115883 0.00198099 -0.00079979
 -0.000313002 0.00535068 -0.00216025
 -0.000249405 0.0042635 -0.00172132
 -0.000583423 0.00997345 -0.00402661
weights matrix:
 -1.01637 0.136351 0.00753855
 1.89299 -2.31481 -0.582888
 -2.43699 0.978823 2.09875
 -2.04636 -0.972902 2.87681
 0.933723 0.81964 -3.10192
regression_error on 'test' 0.0804268
classification_error on 'test' 0.0789474
Save,3908,0.0804268,0.0789474
sample_count 75 Sample index 35
 i 0:0.189749 i 1:0.233915 i 2:0.128226 i 3:0.171977 bias 1
 test_print 1.72387
net matrix:
 0.519255 0.262237 -2.47298
outputs matrix:
 0.738562 0.628193 0.00706191
error matrix:
 0.261438 -0.628193 -0.00706191
delta matrix:
 0.100961 -0.29345 -9.90369e-05
weights_delta matrix:
 0.00191572 -0.00556818 -1.87922e-06
 0.00236163 -0.00686423 -2.31662e-06
 0.00129458 -0.00376279 -1.26991e-06
 0.0017363 -0.00504666 -1.70321e-06
 0.0100961 -0.029345 -9.90369e-06
weights matrix:
 -1.01445 0.130783 0.00753668
 1.89536 -2.32168 -0.58289
 -2.4357 0.97506 2.09875
 -2.04462 -0.977948 2.8768
 0.943819 0.790295 -3.10193
regression_error on 'test' 0.0795063
classification_error on 'test' 0.0789474
Save,3909,0.0795063,0.0789474
sample_count 75 Sample index 51
 i 0:0.628566 i 1:0.516233 i 2:0.763306 i 3:0.719493 bias 1
 test_print 3.6276
net matrix:
 -2.04566 -0.285383 0.27373
outputs matrix:
 0.0164423 0.36106 0.633546
error matrix:
 -0.0164423 -0.36106 0.366454
delta matrix:
 -0.000531806 -0.16659 0.170156
weights_delta matrix:
 -3.34275e-05 -0.0104713 0.0106954
 -2.74536e-05 -0.00859992 0.00878402
 -4.05931e-05 -0.0127159 0.0129881
 -3.82631e-05 -0.011986 0.0122426
 -5.31806e-05 -0.016659 0.0170156
weights matrix:
 -1.01449 0.120311 0.0182321
 1.89533 -2.33028 -0.574106
 -2.43574 0.962344 2.11174
 -2.04466 -0.989935 2.88905
 0.943766 0.773636 -3.08491
regression_error on 'test' 0.0783961
classification_error on 'test' 0.0789474
Save,3910,0.0783961,0.0789474
sample_count 75 Sample index 0
 i 0:0.282131 i 1:0.269205 i 2:0.430645 i 3:0.427485 bias 1
 test_print 2.40947
net matrix:
 -0.755221 0.171504 -1.08989
outputs matrix:
 0.180873 0.584921 0.101581
error matrix:
 -0.180873 0.415079 -0.101581
delta matrix:
 -0.0535958 0.201553 -0.0185411
weights_delta matrix:
 -0.0015121 0.00568642 -0.000523103
 -0.00144282 0.0054259 -0.000499136
 -0.00230808 0.00867976 -0.000798464
 -0.00229114 0.00861607 -0.000792605
 -0.00535958 0.0201553 -0.00185411
weights matrix:
 -1.016 0.125998 0.017709
 1.89388 -2.32485 -0.574605
 -2.43804 0.971024 2.11094
 -2.04695 -0.981318 2.88825
 0.938406 0.793792 -3.08677
regression_error on 'test' 0.0790701
classification_error on 'test' 0.0789474
Save,3911,0.0790701,0.0789474
sample_count 75 Sample index 57
 i 0:0.374514 i 1:0.727972 i 2:0.158468 i 3:0.135476 bias 1
 test_print 2.39643
net matrix:
 1.27293 -0.830515 -2.77263
outputs matrix:
 0.927295 0.159624 0.00389076
error matrix:
 0.072705 -0.159624 -0.00389076
delta matrix:
 0.0098034 -0.0428251 -3.01582e-05
weights_delta matrix:
 0.000367151 -0.00160386 -1.12947e-06
 0.00071366 -0.00311755 -2.19543e-06
 0.000155353 -0.000678641 -4.77911e-07
 0.000132813 -0.000580177 -4.08571e-07
 0.00098034 -0.00428251 -3.01582e-06
weights matrix:
 -1.01563 0.124394 0.0177079
 1.8946 -2.32797 -0.574607
 -2.43789 0.970345 2.11094
 -2.04682 -0.981899 2.88825
 0.939387 0.789509 -3.08677
regression_error on 'test' 0.0789306
classification_error on 'test' 0.0789474
Save,3912,0.0789306,0.0789474
sample_count 75 Sample index 59
 i 0:0.60547 i 1:0.233915 i 2:0.596976 i 3:0.536988 bias 1
 test_print 2.97335
net matrix:
 -1.78685 0.372284 -0.399321
outputs matrix:
 0.0272863 0.677994 0.310316
error matrix:
 -0.0272863 0.322006 -0.310316
delta matrix:
 -0.00144846 0.140599 -0.132828
weights_delta matrix:
 -8.76996e-05 0.00851288 -0.00804232
 -3.38815e-05 0.00328883 -0.00310704
 -8.64693e-05 0.00839345 -0.00792949
 -7.77803e-05 0.00755002 -0.00713269
 -0.000144846 0.0140599 -0.0132828
weights matrix:
 -1.01572 0.132907 0.00966555
 1.89456 -2.32468 -0.577714
 -2.43798 0.978739 2.10301
 -2.0469 -0.974349 2.88112
 0.939242 0.803569 -3.10005
regression_error on 'test' 0.0797815
classification_error on 'test' 0.0789474
Save,3913,0.0797815,0.0789474
sample_count 75 Sample index 2
 i 0:0.466896 i 1:0.480944 i 2:0.566734 i 3:0.500487 bias 1
 test_print 3.01506
net matrix:
 -1.02994 -0.185382 -0.739579
outputs matrix:
 0.113057 0.408356 0.185555
error matrix:
 -0.113057 0.591644 -0.185555
delta matrix:
 -0.0226737 0.285884 -0.0560836
weights_delta matrix:
 -0.00105862 0.0133478 -0.00261852
 -0.00109048 0.0137494 -0.00269731
 -0.00128499 0.016202 -0.00317845
 -0.00113479 0.0143081 -0.00280691
 -0.00226737 0.0285884 -0.00560836
weights matrix:
 -1.01678 0.146255 0.00704703
 1.89347 -2.31093 -0.580412
 -2.43926 0.994941 2.09983
 -2.04803 -0.96004 2.87831
 0.936974 0.832157 -3.10566
regression_error on 'test' 0.0815248
classification_error on 'test' 0.0789474
Save,3914,0.0815248,0.0789474
sample_count 75 Sample index 36
 i 0:0.744044 i 1:0.516233 i 2:0.702823 i 3:0.901998 bias 1
 test_print 3.8651
net matrix:
 -2.40377 -0.418688 0.671997
outputs matrix:
 0.00810177 0.302088 0.793146
error matrix:
 -0.00810177 -0.302088 0.206854
delta matrix:
 -0.000130214 -0.127379 0.0678752
weights_delta matrix:
 -9.68847e-06 -0.00947753 0.00505022
 -6.72206e-06 -0.00657571 0.00350394
 -9.15171e-06 -0.00895246 0.00477043
 -1.17452e-05 -0.0114895 0.00612233
 -1.30214e-05 -0.0127379 0.00678752
weights matrix:
 -1.01679 0.136777 0.0120972
 1.89347 -2.31751 -0.576908
 -2.43927 0.985988 2.1046
 -2.04804 -0.97153 2.88444
 0.936961 0.81942 -3.09887
regression_error on 'test' 0.0803835
classification_error on 'test' 0.0789474
Save,3915,0.0803835,0.0789474
sample_count 75 Sample index 64
 i 0:0.282131 i 1:0.516233 i 2:0.158468 i 3:0.0989754 bias 1
 test_print 2.05581
net matrix:
 1.03831 -0.278274 -2.77428
outputs matrix:
 0.88861 0.364346 0.00387796
error matrix:
 0.11139 -0.364346 -0.00387796
delta matrix:
 0.0220511 -0.168764 -2.99606e-05
weights_delta matrix:
 0.000622131 -0.00476135 -8.4528e-07
 0.00113835 -0.00871215 -1.54666e-06
 0.00034944 -0.00267437 -4.74779e-07
 0.000218252 -0.00167035 -2.96536e-07
 0.00220511 -0.0168764 -2.99606e-06
weights matrix:
 -1.01617 0.132016 0.0120964
 1.89461 -2.32622 -0.576909
 -2.43892 0.983314 2.1046
 -2.04783 -0.9732 2.88444
 0.939166 0.802543 -3.09888
regression_error on 'test' 0.0797667
classification_error on 'test' 0.0789474
Save,3916,0.0797667,0.0789474
sample_count 75 Sample index 15
 i 0:0.720948 i 1:0.410364 i 2:0.65746 i 3:0.573489 bias 1
 test_print 3.36226
net matrix:
 -1.79386 0.0314934 -0.289016
outputs matrix:
 0.026917 0.515742 0.359386
error matrix:
 -0.026917 0.484258 -0.359386
delta matrix:
 -0.00141004 0.241889 -0.165481
weights_delta matrix:
 -0.000101657 0.017439 -0.0119303
 -5.7863e-05 0.00992626 -0.00679074
 -9.27046e-05 0.0159033 -0.0108797
 -8.08643e-05 0.0138721 -0.00949015
 -0.000141004 0.0241889 -0.0165481
weights matrix:
 -1.01627 0.149455 0.000166091
 1.89455 -2.31629 -0.5837
 -2.43901 0.999217 2.09372
 -2.04791 -0.959328 2.87495
 0.939025 0.826732 -3.11543
regression_error on 'test' 0.081683
classification_error on 'test' 0.0789474
Save,3917,0.081683,0.0789474
sample_count 75 Sample index 44
 i 0:0.536183 i 1:0.375074 i 2:0.702823 i 3:0.646491 bias 1
 test_print 3.26057
net matrix:
 -1.93343 0.120162 -0.00412511
outputs matrix:
 0.020495 0.559794 0.497937
error matrix:
 -0.020495 0.440206 -0.497937
delta matrix:
 -0.000822876 0.216956 -0.248964
weights_delta matrix:
 -4.41212e-05 0.0116328 -0.0133491
 -3.0864e-05 0.00813744 -0.00933801
 -5.78336e-05 0.0152481 -0.0174978
 -5.31982e-05 0.014026 -0.0160953
 -8.22876e-05 0.0216956 -0.0248964
weights matrix:
 -1.01631 0.161087 -0.013183
 1.89452 -2.30815 -0.593038
 -2.43907 1.01447 2.07622
 -2.04796 -0.945302 2.85885
 0.938943 0.848428 -3.14032
regression_error on 'test' 0.0842344
classification_error on 'test' 0.0789474
Save,3918,0.0842344,0.0789474
sample_count 75 Sample index 11
 i 0:0.536183 i 1:0.198626 i 2:0.536492 i 3:0.427485 bias 1
 test_print 2.69879
net matrix:
 -1.4137 0.61649 -0.92919
outputs matrix:
 0.0558614 0.77434 0.134892
error matrix:
 -0.0558614 0.22566 -0.134892
delta matrix:
 -0.00589236 0.0788626 -0.0314827
weights_delta matrix:
 -0.000315938 0.00422848 -0.00168805
 -0.000117038 0.00156642 -0.000625329
 -0.000316121 0.00423092 -0.00168902
 -0.00025189 0.00337126 -0.00134584
 -0.000589236 0.00788626 -0.00314827
weights matrix:
 -1.01663 0.165316 -0.014871
 1.8944 -2.30659 -0.593663
 -2.43939 1.0187 2.07453
 -2.04821 -0.941931 2.8575
 0.938354 0.856314 -3.14347
regression_error on 'test' 0.0849347
classification_error on 'test' 0.105263
Save,3919,0.0849347,0.105263
sample_count 75 Sample index 12
 i 0:0.166653 i 1:0.480944 i 2:0.128226 i 3:0.135476 bias 1
 test_print 1.9113
net matrix:
 1.08975 -0.222461 -2.77833
outputs matrix:
 0.898394 0.390569 0.00384676
error matrix:
 0.101606 -0.390569 -0.00384676
delta matrix:
 0.0185496 -0.18593 -2.94813e-05
weights_delta matrix:
 0.000309135 -0.00309858 -4.91315e-07
 0.000892132 -0.0089422 -1.41789e-06
 0.000237854 -0.00238411 -3.78027e-07
 0.000251302 -0.00251891 -3.99401e-07
 0.00185496 -0.018593 -2.94813e-06
weights matrix:
 -1.01632 0.162217 -0.0148715
 1.89529 -2.31553 -0.593665
 -2.43915 1.01631 2.07453
 -2.04796 -0.94445 2.8575
 0.940209 0.837721 -3.14347
regression_error on 'test' 0.0839673
classification_error on 'test' 0.0789474
Save,3920,0.0839673,0.0789474
sample_count 75 Sample index 5
 i 0:0.536183 i 1:0.198626 i 2:0.687702 i 3:0.60999 bias 1
 test_print 3.0325
net matrix:
 -2.15491 0.587589 -0.099654
outputs matrix:
 0.0132578 0.76408 0.450337
error matrix:
 -0.0132578 -0.76408 0.549663
delta matrix:
 -0.000346876 -0.275469 0.27212
weights_delta matrix:
 -1.85989e-05 -0.0147702 0.0145906
 -6.88986e-06 -0.00547153 0.00540501
 -2.38547e-05 -0.018944 0.0187137
 -2.11591e-05 -0.0168033 0.016599
 -3.46876e-05 -0.0275469 0.027212
weights matrix:
 -1.01634 0.147447 -0.000280892
 1.89529 -2.321 -0.58826
 -2.43917 0.997368 2.09325
 -2.04798 -0.961253 2.8741
 0.940174 0.810174 -3.11626
regression_error on 'test' 0.0811194
classification_error on 'test' 0.0789474
Save,3921,0.0811194,0.0789474
sample_count 75 Sample index 56
 i 0:0.328323 i 1:0.727972 i 2:0.158468 i 3:0.208478 bias 1
 test_print 2.42324
net matrix:
 1.17271 -0.873389 -2.61369
outputs matrix:
 0.91257 0.148454 0.00533891
error matrix:
 0.0874302 -0.148454 -0.00533891
delta matrix:
 0.0139514 -0.0375338 -5.67037e-05
weights_delta matrix:
 0.000458058 -0.00123232 -1.86171e-06
 0.00101563 -0.00273235 -4.12787e-06
 0.000221086 -0.00059479 -8.98572e-07
 0.000290857 -0.000782497 -1.18215e-06
 0.00139514 -0.00375338 -5.67037e-06
weights matrix:
 -1.01588 0.146215 -0.000282753
 1.8963 -2.32373 -0.588264
 -2.43895 0.996773 2.09325
 -2.04769 -0.962036 2.8741
 0.941569 0.806421 -3.11627
regression_error on 'test' 0.0809482
classification_error on 'test' 0.0789474
Save,3922,0.0809482,0.0789474
sample_count 75 Sample index 7
 i 0:0.651661 i 1:0.410364 i 2:0.627218 i 3:0.60999 bias 1
 test_print 3.29923
net matrix:
 -1.72109 -0.0135116 -0.291758
outputs matrix:
 0.0310029 0.493245 0.358124
error matrix:
 -0.0310029 0.506755 -0.358124
delta matrix:
 -0.00186276 0.253331 -0.164645
weights_delta matrix:
 -0.000121389 0.0165086 -0.0107293
 -7.64408e-05 0.0103958 -0.00675643
 -0.000116835 0.0158894 -0.0103268
 -0.000113626 0.015453 -0.0100432
 -0.000186276 0.0253331 -0.0164645
weights matrix:
 -1.016 0.162723 -0.011012
 1.89622 -2.31334 -0.59502
 -2.43907 1.01266 2.08292
 -2.0478 -0.946583 2.86406
 0.941383 0.831754 -3.13273
regression_error on 'test' 0.0832857
classification_error on 'test' 0.0789474
Save,3923,0.0832857,0.0789474
sample_count 75 Sample index 55
 i 0:0.628566 i 1:0.551523 i 2:0.612097 i 3:0.60999 bias 1
 test_print 3.40218
net matrix:
 -1.39352 -0.299381 -0.445824
outputs matrix:
 0.058029 0.354627 0.29077
error matrix:
 -0.058029 0.645373 -0.29077
delta matrix:
 -0.00634392 0.295409 -0.119927
weights_delta matrix:
 -0.000398757 0.0185684 -0.00753818
 -0.000349882 0.0162925 -0.00661423
 -0.00038831 0.0180819 -0.00734068
 -0.000386973 0.0180196 -0.00731541
 -0.000634392 0.0295409 -0.0119927
weights matrix:
 -1.0164 0.181292 -0.0185502
 1.89587 -2.29705 -0.601635
 -2.43946 1.03074 2.07558
 -2.04819 -0.928563 2.85674
 0.940749 0.861295 -3.14472
regression_error on 'test' 0.0864686
classification_error on 'test' 0.0789474
Save,3924,0.0864686,0.0789474
sample_count 75 Sample index 18
 i 0:0.513088 i 1:0.480944 i 2:0.566734 i 3:0.60999 bias 1
 test_print 3.17076
net matrix:
 -1.30084 -0.132693 -0.524708
outputs matrix:
 0.0690299 0.43404 0.259337
error matrix:
 -0.0690299 0.56596 -0.259337
delta matrix:
 -0.00887239 0.278055 -0.0996278
weights_delta matrix:
 -0.000455231 0.0142667 -0.00511178
 -0.000426712 0.0133729 -0.00479154
 -0.000502828 0.0157583 -0.00564624
 -0.000541207 0.0169611 -0.00607719
 -0.000887239 0.0278055 -0.00996278
weights matrix:
 -1.01685 0.195558 -0.023662
 1.89545 -2.28367 -0.606426
 -2.43996 1.0465 2.06993
 -2.04873 -0.911602 2.85067
 0.939861 0.8891 -3.15469
regression_error on 'test' 0.0898281
classification_error on 'test' 0.0526316
Save,3925,0.0898281,0.0526316
sample_count 75 Sample index 5
 i 0:0.536183 i 1:0.198626 i 2:0.687702 i 3:0.60999 bias 1
 test_print 3.0325
net matrix:
 -2.15655 0.703972 -0.125451
outputs matrix:
 0.0132151 0.803442 0.437602
error matrix:
 -0.0132151 -0.803442 0.562398
delta matrix:
 -0.000344663 -0.253764 0.27682
weights_delta matrix:
 -1.84803e-05 -0.0136064 0.0148426
 -6.84591e-06 -0.00504042 0.00549836
 -2.37026e-05 -0.0174514 0.0190369
 -2.10241e-05 -0.0154794 0.0168857
 -3.44663e-05 -0.0253764 0.027682
weights matrix:
 -1.01687 0.181952 -0.00881938
 1.89544 -2.28871 -0.600928
 -2.43998 1.02905 2.08897
 -2.04875 -0.927081 2.86755
 0.939827 0.863724 -3.127
regression_error on 'test' 0.0860481
classification_error on 'test' 0.105263
Save,3926,0.0860481,0.105263
sample_count 75 Sample index 35
 i 0:0.189749 i 1:0.233915 i 2:0.128226 i 3:0.171977 bias 1
 test_print 1.72387
net matrix:
 0.525041 0.335399 -2.50823
outputs matrix:
 0.74079 0.661682 0.0065843
error matrix:
 0.25921 -0.661682 -0.0065843
delta matrix:
 0.0995468 -0.296247 -8.6135e-05
weights_delta matrix:
 0.00188889 -0.00562125 -1.6344e-06
 0.00232855 -0.00692966 -2.01483e-06
 0.00127645 -0.00379865 -1.10448e-06
 0.00171198 -0.00509476 -1.48132e-06
 0.00995468 -0.0296247 -8.6135e-06
weights matrix:
 -1.01498 0.176331 -0.00882101
 1.89777 -2.29564 -0.60093
 -2.43871 1.02525 2.08897
 -2.04704 -0.932176 2.86755
 0.949782 0.834099 -3.12701
regression_error on 'test' 0.0843973
classification_error on 'test' 0.0789474
Save,3927,0.0843973,0.0789474
sample_count 75 Sample index 22
 i 0:0.305227 i 1:0.233915 i 2:0.430645 i 3:0.427485 bias 1
 test_print 2.39727
net matrix:
 -0.841399 0.393963 -1.14483
outputs matrix:
 0.156725 0.687386 0.0919824
error matrix:
 -0.156725 0.312614 -0.0919824
delta matrix:
 -0.0414265 0.134353 -0.015365
weights_delta matrix:
 -0.00126445 0.00410082 -0.000468982
 -0.000969027 0.00314272 -0.000359411
 -0.00178401 0.00578585 -0.000661688
 -0.00177092 0.00574339 -0.000656832
 -0.00414265 0.0134353 -0.0015365
weights matrix:
 -1.01625 0.180432 -0.00928999
 1.8968 -2.2925 -0.601289
 -2.44049 1.03104 2.08831
 -2.04881 -0.926433 2.86689
 0.945639 0.847534 -3.12855
regression_error on 'test' 0.0853995
classification_error on 'test' 0.105263
Save,3928,0.0853995,0.105263
sample_count 75 Sample index 12
 i 0:0.166653 i 1:0.480944 i 2:0.128226 i 3:0.135476 bias 1
 test_print 1.9113
net matrix:
 1.09803 -0.218264 -2.76311
outputs matrix:
 0.899896 0.392569 0.00396519
error matrix:
 0.100104 -0.392569 -0.00396519
delta matrix:
 0.0180354 -0.187223 -3.13208e-05
weights_delta matrix:
 0.000300566 -0.00312012 -5.21971e-07
 0.000867404 -0.00900437 -1.50636e-06
 0.000231261 -0.00240068 -4.01614e-07
 0.000244337 -0.00253642 -4.24322e-07
 0.00180354 -0.0187223 -3.13208e-06
weights matrix:
 -1.01595 0.177312 -0.00929052
 1.89767 -2.3015 -0.601291
 -2.44026 1.02864 2.08831
 -2.04857 -0.928969 2.86689
 0.947443 0.828812 -3.12855
regression_error on 'test' 0.0843468
classification_error on 'test' 0.0789474
Save,3929,0.0843468,0.0789474
sample_count 75 Sample index 33
 i 0:0.559279 i 1:0.480944 i 2:0.672581 i 3:0.719493 bias 1
 test_print 3.4323
net matrix:
 -1.82329 -0.15546 0.0443291
outputs matrix:
 0.0254174 0.42289 0.52215
error matrix:
 -0.0254174 -0.42289 0.47785
delta matrix:
 -0.00125925 -0.206416 0.238456
weights_delta matrix:
 -7.04273e-05 -0.0115444 0.0133363
 -6.05629e-05 -0.00992745 0.0114684
 -8.46949e-05 -0.0138831 0.0160381
 -9.06023e-05 -0.0148515 0.0171567
 -0.000125925 -0.0206416 0.0238456
weights matrix:
 -1.01602 0.165767 0.00404583
 1.89761 -2.31143 -0.589822
 -2.44034 1.01475 2.10434
 -2.04866 -0.943821 2.88405
 0.947317 0.80817 -3.10471
regression_error on 'test' 0.0818938
classification_error on 'test' 0.0789474
Save,3930,0.0818938,0.0789474
sample_count 75 Sample index 32
 i 0:0.697853 i 1:0.516233 i 2:0.642339 i 3:0.60999 bias 1
 test_print 3.46642
net matrix:
 -1.5993 -0.19329 -0.295425
outputs matrix:
 0.0392187 0.404541 0.35644
error matrix:
 -0.0392187 0.595459 -0.35644
delta matrix:
 -0.00295556 0.286877 -0.163528
weights_delta matrix:
 -0.000206255 0.0200198 -0.0114118
 -0.000152576 0.0148096 -0.00844184
 -0.000189847 0.0184273 -0.010504
 -0.000180286 0.0174992 -0.00997503
 -0.000295556 0.0286877 -0.0163528
weights matrix:
 -1.01622 0.185787 -0.007366
 1.89745 -2.29662 -0.598264
 -2.44053 1.03318 2.09384
 -2.04884 -0.926321 2.87408
 0.947021 0.836858 -3.12106
regression_error on 'test' 0.084834
classification_error on 'test' 0.0789474
Save,3931,0.084834,0.0789474
sample_count 75 Sample index 70
 i 0:0.259036 i 1:0.622103 i 2:0.173589 i 3:0.135476 bias 1
 test_print 2.1902
net matrix:
 1.16298 -0.489897 -2.74231
outputs matrix:
 0.911004 0.272933 0.00413293
error matrix:
 0.0889963 -0.272933 -0.00413293
delta matrix:
 0.0144309 -0.108322 -3.4021e-05
weights_delta matrix:
 0.000373813 -0.00280592 -8.81265e-07
 0.000897752 -0.00673873 -2.11645e-06
 0.000250505 -0.00188035 -5.90566e-07
 0.000195504 -0.0014675 -4.60902e-07
 0.00144309 -0.0108322 -3.4021e-06
weights matrix:
 -1.01585 0.182981 -0.00736688
 1.89835 -2.30336 -0.598266
 -2.44028 1.0313 2.09384
 -2.04864 -0.927789 2.87407
 0.948464 0.826026 -3.12106
regression_error on 'test' 0.0841699
classification_error on 'test' 0.0789474
Save,3932,0.0841699,0.0789474
sample_count 75 Sample index 60
 i 0:0.559279 i 1:0.410364 i 2:0.536492 i 3:0.536988 bias 1
 test_print 3.04312
net matrix:
 -1.24995 0.0382207 -0.704018
outputs matrix:
 0.0758646 0.519101 0.196544
error matrix:
 -0.0758646 0.480899 -0.196544
delta matrix:
 -0.0106376 0.240099 -0.0620742
weights_delta matrix:
 -0.000594939 0.0134282 -0.00347168
 -0.000436529 0.00985278 -0.0025473
 -0.000570699 0.0128811 -0.00333023
 -0.000571227 0.012893 -0.00333331
 -0.00106376 0.0240099 -0.00620742
weights matrix:
 -1.01645 0.196409 -0.0108386
 1.89792 -2.29351 -0.600814
 -2.44085 1.04418 2.09051
 -2.04922 -0.914896 2.87074
 0.9474 0.850036 -3.12727
regression_error on 'test' 0.0865042
classification_error on 'test' 0.105263
Save,3933,0.0865042,0.105263
sample_count 75 Sample index 20
 i 0:0.489992 i 1:0.375074 i 2:0.521371 i 3:0.500487 bias 1
 test_print 2.88692
net matrix:
 -1.13699 0.172553 -0.831231
outputs matrix:
 0.0933015 0.58543 0.159432
error matrix:
 -0.0933015 0.41457 -0.159432
delta matrix:
 -0.0157859 0.201234 -0.0427319
weights_delta matrix:
 -0.000773497 0.00986029 -0.00209383
 -0.000592089 0.00754775 -0.00160276
 -0.000823032 0.0104917 -0.00222792
 -0.000790065 0.0100715 -0.00213868
 -0.00157859 0.0201234 -0.00427319
weights matrix:
 -1.01722 0.206269 -0.0129324
 1.89732 -2.28596 -0.602416
 -2.44168 1.05467 2.08828
 -2.05001 -0.904824 2.8686
 0.945822 0.870159 -3.13154
regression_error on 'test' 0.0886066
classification_error on 'test' 0.0789474
Save,3934,0.0886066,0.0789474
sample_count 75 Sample index 6
 i 0:0.305227 i 1:0.657392 i 2:0.128226 i 3:0.171977 bias 1
 test_print 2.26282
net matrix:
 1.21698 -0.590026 -2.77041
outputs matrix:
 0.919381 0.235043 0.00390798
error matrix:
 0.0806188 -0.235043 -0.00390798
delta matrix:
 0.0119508 -0.0845203 -3.04253e-05
weights_delta matrix:
 0.000364772 -0.00257979 -9.28661e-07
 0.000785639 -0.0055563 -2.00013e-06
 0.000153241 -0.00108377 -3.90131e-07
 0.000205527 -0.00145356 -5.23245e-07
 0.00119508 -0.00845203 -3.04253e-06
weights matrix:
 -1.01685 0.20369 -0.0129333
 1.89811 -2.29152 -0.602418
 -2.44152 1.05359 2.08828
 -2.0498 -0.906278 2.8686
 0.947017 0.861707 -3.13155
regression_error on 'test' 0.0879358
classification_error on 'test' 0.0789474
Save,3935,0.0879358,0.0789474
sample_count 75 Sample index 67
 i 0:0.443801 i 1:0.375074 i 2:0.566734 i 3:0.536988 bias 1
 test_print 2.9226
net matrix:
 -1.27675 0.203062 -0.639333
outputs matrix:
 0.0721924 0.600158 0.217777
error matrix:
 -0.0721924 0.399842 -0.217777
delta matrix:
 -0.00967098 0.191899 -0.0741969
weights_delta matrix:
 -0.000429199 0.00851649 -0.00329286
 -0.000362733 0.00719763 -0.00278293
 -0.000548087 0.0108756 -0.00420499
 -0.00051932 0.0103047 -0.00398428
 -0.000967098 0.0191899 -0.00741969
weights matrix:
 -1.01728 0.212206 -0.0162262
 1.89775 -2.28432 -0.605201
 -2.44207 1.06447 2.08408
 -2.05032 -0.895973 2.86462
 0.94605 0.880897 -3.13897
regression_error on 'test' 0.0902288
classification_error on 'test' 0.0526316
Save,3936,0.0902288,0.0526316
sample_count 75 Sample index 38
 i 0:0.397609 i 1:0.798551 i 2:0.128226 i 3:0.208478 bias 1
 test_print 2.53286
net matrix:
 1.31643 -0.909171 -2.76426
outputs matrix:
 0.932947 0.139633 0.00395615
error matrix:
 0.067053 -0.139633 -0.00395615
delta matrix:
 0.00838925 -0.0335497 -3.11784e-05
weights_delta matrix:
 0.000333564 -0.00133397 -1.23968e-06
 0.000669924 -0.00267912 -2.48976e-06
 0.000107572 -0.000430195 -3.99788e-07
 0.000174897 -0.000699438 -6.50001e-07
 0.000838925 -0.00335497 -3.11784e-06
weights matrix:
 -1.01695 0.210872 -0.0162274
 1.89842 -2.287 -0.605204
 -2.44196 1.06404 2.08408
 -2.05014 -0.896673 2.86462
 0.946889 0.877542 -3.13897
regression_error on 'test' 0.0899155
classification_error on 'test' 0.0526316
Save,3937,0.0899155,0.0526316
sample_count 75 Sample index 7
 i 0:0.651661 i 1:0.410364 i 2:0.627218 i 3:0.60999 bias 1
 test_print 3.29923
net matrix:
 -1.71899 0.196879 -0.343341
outputs matrix:
 0.0311295 0.597187 0.334772
error matrix:
 -0.0311295 0.402813 -0.334772
delta matrix:
 -0.00187776 0.193797 -0.149107
weights_delta matrix:
 -0.000122366 0.012629 -0.00971673
 -7.70565e-05 0.00795274 -0.00611882
 -0.000117776 0.0121553 -0.00935227
 -0.000114541 0.0118214 -0.00909538
 -0.000187776 0.0193797 -0.0149107
weights matrix:
 -1.01707 0.223501 -0.0259442
 1.89834 -2.27905 -0.611323
 -2.44208 1.07619 2.07472
 -2.05026 -0.884851 2.85552
 0.946701 0.896922 -3.15388
regression_error on 'test' 0.0930647
classification_error on 'test' 0.0789474
Save,3938,0.0930647,0.0789474
sample_count 75 Sample index 3
 i 0:0.744044 i 1:0.516233 i 2:0.672581 i 3:0.60999 bias 1
 test_print 3.54285
net matrix:
 -1.7232 0.0707737 -0.351509
outputs matrix:
 0.0308767 0.535328 0.331143
error matrix:
 -0.0308767 0.464672 -0.331143
delta matrix:
 -0.00184786 0.231176 -0.146688
weights_delta matrix:
 -0.000137489 0.0172005 -0.0109142
 -9.53928e-05 0.0119341 -0.00757252
 -0.000124284 0.0155485 -0.00986596
 -0.000112718 0.0141015 -0.00894783
 -0.000184786 0.0231176 -0.0146688
weights matrix:
 -1.01721 0.240702 -0.0368584
 1.89824 -2.26711 -0.618895
 -2.44221 1.09174 2.06486
 -2.05037 -0.87075 2.84657
 0.946516 0.920039 -3.16855
regression_error on 'test' 0.0973562
classification_error on 'test' 0.157895
Save,3939,0.0973562,0.157895
sample_count 75 Sample index 73
 i 0:0.582374 i 1:0.410364 i 2:0.65746 i 3:0.719493 bias 1
 test_print 3.36969
net matrix:
 -1.94779 0.221154 -0.0383355
outputs matrix:
 0.0199264 0.608809 0.480842
error matrix:
 -0.0199264 -0.608809 0.519158
delta matrix:
 -0.000778301 -0.289989 0.259198
weights_delta matrix:
 -4.53262e-05 -0.0168882 0.015095
 -3.19387e-05 -0.0119001 0.0106366
 -5.11702e-05 -0.0190656 0.0170412
 -5.59982e-05 -0.0208645 0.0186491
 -7.78301e-05 -0.0289989 0.0259198
weights matrix:
 -1.01726 0.223814 -0.0217634
 1.89821 -2.27901 -0.608259
 -2.44226 1.07267 2.0819
 -2.05043 -0.891614 2.86522
 0.946438 0.891041 -3.14263
regression_error on 'test' 0.091849
classification_error on 'test' 0.0526316
Save,3940,0.091849,0.0526316
sample_count 75 Sample index 36
 i 0:0.744044 i 1:0.516233 i 2:0.702823 i 3:0.901998 bias 1
 test_print 3.8651
net matrix:
 -2.39648 -0.169267 0.574807
outputs matrix:
 0.00821975 0.416166 0.75944
error matrix:
 -0.00821975 -0.416166 0.24056
delta matrix:
 -0.000134018 -0.202233 0.0878961
weights_delta matrix:
 -9.97152e-06 -0.015047 0.00653986
 -6.91845e-06 -0.0104399 0.00453749
 -9.41908e-06 -0.0142134 0.00617754
 -1.20884e-05 -0.0182414 0.00792821
 -1.34018e-05 -0.0202233 0.00878961
weights matrix:
 -1.01727 0.208767 -0.0152235
 1.89821 -2.28945 -0.603721
 -2.44227 1.05846 2.08808
 -2.05044 -0.909856 2.87315
 0.946425 0.870817 -3.13384
regression_error on 'test' 0.0885799
classification_error on 'test' 0.0526316
Save,3941,0.0885799,0.0526316
sample_count 75 Sample index 3
 i 0:0.744044 i 1:0.516233 i 2:0.672581 i 3:0.60999 bias 1
 test_print 3.54285
net matrix:
 -1.72392 0.0011564 -0.299833
outputs matrix:
 0.0308334 0.500578 0.35442
error matrix:
 -0.0308334 0.499422 -0.35442
delta matrix:
 -0.00184277 0.249711 -0.162187
weights_delta matrix:
 -0.00013711 0.0185796 -0.0120674
 -9.51299e-05 0.0128909 -0.00837263
 -0.000123941 0.0167951 -0.0109084
 -0.000112407 0.0152321 -0.00989325
 -0.000184277 0.0249711 -0.0162187
weights matrix:
 -1.0174 0.227346 -0.027291
 1.89811 -2.27656 -0.612094
 -2.44239 1.07526 2.07717
 -2.05055 -0.894624 2.86326
 0.946241 0.895788 -3.15006
regression_error on 'test' 0.0925782
classification_error on 'test' 0.0526316
Save,3942,0.0925782,0.0526316
sample_count 75 Sample index 55
 i 0:0.628566 i 1:0.551523 i 2:0.612097 i 3:0.60999 bias 1
 test_print 3.40218
net matrix:
 -1.39221 -0.104435 -0.486809
outputs matrix:
 0.058172 0.447971 0.27416
error matrix:
 -0.058172 0.552029 -0.27416
delta matrix:
 -0.00637427 0.273026 -0.109114
weights_delta matrix:
 -0.000400665 0.0171615 -0.00685851
 -0.000351556 0.015058 -0.00601786
 -0.000390167 0.0167118 -0.00667881
 -0.000388824 0.0166543 -0.00665582
 -0.000637427 0.0273026 -0.0109114
weights matrix:
 -1.0178 0.244508 -0.0341495
 1.89776 -2.2615 -0.618112
 -2.44278 1.09197 2.07049
 -2.05094 -0.877969 2.8566
 0.945603 0.923091 -3.16097
regression_error on 'test' 0.0970669
classification_error on 'test' 0.131579
Save,3943,0.0970669,0.131579
sample_count 75 Sample index 20
 i 0:0.489992 i 1:0.375074 i 2:0.521371 i 3:0.500487 bias 1
 test_print 2.88692
net matrix:
 -1.14138 0.324575 -0.900355
outputs matrix:
 0.0925614 0.656819 0.141765
error matrix:
 -0.0925614 0.343181 -0.141765
delta matrix:
 -0.0155492 0.154711 -0.0344963
weights_delta matrix:
 -0.000761897 0.00758073 -0.00169029
 -0.000583209 0.00580282 -0.00129387
 -0.000810689 0.0080662 -0.00179854
 -0.000778216 0.0077431 -0.00172649
 -0.00155492 0.0154711 -0.00344963
weights matrix:
 -1.01856 0.252088 -0.0358397
 1.89718 -2.2557 -0.619405
 -2.44359 1.10003 2.06869
 -2.05172 -0.870226 2.85488
 0.944048 0.938562 -3.16442
regression_error on 'test' 0.0993625
classification_error on 'test' 0.157895
Save,3944,0.0993625,0.157895
sample_count 75 Sample index 58
 i 0:0.282131 i 1:0.516233 i 2:0.158468 i 3:0.0989754 bias 1
 test_print 2.05581
net matrix:
 1.04576 -0.0665933 -2.8839
outputs matrix:
 0.890077 0.466752 0.00311685
error matrix:
 0.109923 -0.466752 -0.00311685
delta matrix:
 0.0215098 -0.232344 -1.9369e-05
weights_delta matrix:
 0.000606857 -0.00655515 -5.46459e-07
 0.0011104 -0.0119944 -9.99891e-07
 0.000340861 -0.00368191 -3.06936e-07
 0.000212894 -0.00229964 -1.91705e-07
 0.00215098 -0.0232344 -1.9369e-06
weights matrix:
 -1.01796 0.245533 -0.0358403
 1.89829 -2.26769 -0.619406
 -2.44325 1.09635 2.06869
 -2.05151 -0.872526 2.85488
 0.946199 0.915328 -3.16442
regression_error on 'test' 0.0970011
classification_error on 'test' 0.131579
Save,3945,0.0970011,0.131579
sample_count 75 Sample index 16
 i 0:0.60547 i 1:0.304495 i 2:0.687702 i 3:0.755994 bias 1
 test_print 3.35366
net matrix:
 -2.32328 0.467828 0.206184
outputs matrix:
 0.00950337 0.718222 0.601655
error matrix:
 -0.00950337 -0.718222 0.398345
delta matrix:
 -0.000178911 -0.290706 0.19094
weights_delta matrix:
 -1.08325e-05 -0.0176014 0.0115608
 -5.44776e-06 -0.00885187 0.00581401
 -1.23038e-05 -0.0199919 0.0131309
 -1.35256e-05 -0.0219772 0.0144349
 -1.78911e-05 -0.0290706 0.019094
weights matrix:
 -1.01797 0.227932 -0.0242795
 1.89828 -2.27655 -0.613592
 -2.44326 1.07636 2.08182
 -2.05152 -0.894503 2.86931
 0.946181 0.886257 -3.14533
regression_error on 'test' 0.091855
classification_error on 'test' 0.0526316
Save,3946,0.091855,0.0526316
sample_count 75 Sample index 62
 i 0:0.582374 i 1:0.622103 i 2:0.748185 i 3:0.901998 bias 1
 test_print 3.85466
net matrix:
 -2.14421 -0.398771 0.604515
outputs matrix:
 0.0135407 0.310552 0.770127
error matrix:
 -0.0135407 -0.310552 0.229873
delta matrix:
 -0.000361736 -0.132984 0.0813893
weights_delta matrix:
 -2.10666e-05 -0.00774464 0.0047399
 -2.25037e-05 -0.00827297 0.00506325
 -2.70645e-05 -0.00994966 0.00608943
 -3.26285e-05 -0.0119951 0.0073413
 -3.61736e-05 -0.0132984 0.00813893
weights matrix:
 -1.01799 0.220187 -0.0195396
 1.89826 -2.28482 -0.608529
 -2.44329 1.06641 2.08791
 -2.05155 -0.906498 2.87665
 0.946145 0.872959 -3.13719
regression_error on 'test' 0.0895635
classification_error on 'test' 0.0526316
Save,3947,0.0895635,0.0526316
sample_count 75 Sample index 50
 i 0:0.489992 i 1:0.833841 i 2:0.113105 i 3:0.135476 bias 1
 test_print 2.57241
net matrix:
 1.4759 -0.926519 -3.02831
outputs matrix:
 0.950348 0.135517 0.00233684
error matrix:
 0.0496516 -0.135517 -0.00233684
delta matrix:
 0.00468575 -0.031752 -1.08961e-05
weights_delta matrix:
 0.000229598 -0.00155582 -5.33899e-07
 0.000390717 -0.00264761 -9.08559e-07
 5.29982e-05 -0.000359131 -1.2324e-07
 6.34807e-05 -0.000430163 -1.47616e-07
 0.000468575 -0.0031752 -1.08961e-06
weights matrix:
 -1.01776 0.218631 -0.0195401
 1.89865 -2.28747 -0.60853
 -2.44324 1.06605 2.08791
 -2.05149 -0.906928 2.87665
 0.946614 0.869783 -3.13719
regression_error on 'test' 0.0892722
classification_error on 'test' 0.0526316
Save,3948,0.0892722,0.0526316
sample_count 75 Sample index 38
 i 0:0.397609 i 1:0.798551 i 2:0.128226 i 3:0.208478 bias 1
 test_print 2.53286
net matrix:
 1.31713 -0.922324 -2.76346
outputs matrix:
 0.933035 0.136502 0.00396247
error matrix:
 0.0669653 -0.136502 -0.00396247
delta matrix:
 0.0083681 -0.0321789 -3.12779e-05
weights_delta matrix:
 0.000332723 -0.00127946 -1.24364e-06
 0.000668236 -0.00256965 -2.4977e-06
 0.000107301 -0.000412618 -4.01065e-07
 0.000174457 -0.00067086 -6.52076e-07
 0.00083681 -0.00321789 -3.12779e-06
weights matrix:
 -1.01743 0.217352 -0.0195414
 1.89932 -2.29004 -0.608533
 -2.44313 1.06564 2.08791
 -2.05131 -0.907599 2.87665
 0.947451 0.866566 -3.13719
regression_error on 'test' 0.0889828
classification_error on 'test' 0.0526316
Save,3949,0.0889828,0.0526316
sample_count 75 Sample index 73
 i 0:0.582374 i 1:0.410364 i 2:0.65746 i 3:0.719493 bias 1
 test_print 3.36969
net matrix:
 -1.94783 0.101001 0.0441547
outputs matrix:
 0.019925 0.550329 0.522063
error matrix:
 -0.019925 -0.550329 0.477937
delta matrix:
 -0.000778187 -0.272377 0.238503
weights_delta matrix:
 -4.53196e-05 -0.0158625 0.0138898
 -3.1934e-05 -0.0111774 0.00978731
 -5.11627e-05 -0.0179077 0.0156806
 -5.599e-05 -0.0195973 0.0171601
 -7.78187e-05 -0.0272377 0.0238503
weights matrix:
 -1.01747 0.201489 -0.00565155
 1.89929 -2.30121 -0.598745
 -2.44318 1.04773 2.10359
 -2.05137 -0.927196 2.89381
 0.947373 0.839328 -3.11334
regression_error on 'test' 0.0851947
classification_error on 'test' 0.0789474
Save,3950,0.0851947,0.0789474
sample_count 75 Sample index 39
 i 0:0.397609 i 1:0.622103 i 2:0.18871 i 3:0.135476 bias 1
 test_print 2.3439
net matrix:
 0.985403 -0.440045 -2.69906
outputs matrix:
 0.877698 0.293159 0.00450469
error matrix:
 0.122302 -0.293159 -0.00450469
delta matrix:
 0.026257 -0.121495 -4.04017e-05
weights_delta matrix:
 0.001044 -0.00483075 -1.60641e-06
 0.00163345 -0.00755823 -2.5134e-06
 0.000495495 -0.00229273 -7.6242e-07
 0.000355719 -0.00164596 -5.47346e-07
 0.0026257 -0.0121495 -4.04017e-06
weights matrix:
 -1.01643 0.196659 -0.00565315
 1.90092 -2.30877 -0.598748
 -2.44269 1.04544 2.10359
 -2.05101 -0.928842 2.89381
 0.949998 0.827178 -3.11335
regression_error on 'test' 0.0843656
classification_error on 'test' 0.0789474
Save,3951,0.0843656,0.0789474
sample_count 75 Sample index 43
 i 0:0.582374 i 1:0.198626 i 2:0.612097 i 3:0.60999 bias 1
 test_print 3.00309
net matrix:
 -2.01063 0.55645 -0.182769
outputs matrix:
 0.0176145 0.752669 0.40962
error matrix:
 -0.0176145 0.247331 -0.40962
delta matrix:
 -0.000609611 0.0920852 -0.198118
weights_delta matrix:
 -3.55022e-05 0.0053628 -0.0115379
 -1.21085e-05 0.00182905 -0.00393513
 -3.73141e-05 0.00563651 -0.0121267
 -3.71857e-05 0.00561711 -0.012085
 -6.09611e-05 0.00920852 -0.0198118
weights matrix:
 -1.01646 0.202021 -0.017191
 1.90091 -2.30694 -0.602683
 -2.44272 1.05107 2.09146
 -2.05105 -0.923225 2.88173
 0.949938 0.836387 -3.13316
regression_error on 'test' 0.0857607
classification_error on 'test' 0.105263
Save,3952,0.0857607,0.105263
sample_count 75 Sample index 54
 i 0:0.305227 i 1:0.622103 i 2:0.158468 i 3:0.135476 bias 1
 test_print 2.22127
net matrix:
 1.15728 -0.49562 -2.7915
outputs matrix:
 0.910076 0.270667 0.00374716
error matrix:
 0.0899238 -0.270667 -0.00374716
delta matrix:
 0.0147183 -0.106863 -2.79772e-05
weights_delta matrix:
 0.000449241 -0.00326175 -8.53938e-07
 0.000915628 -0.00664798 -1.74047e-06
 0.000233238 -0.00169344 -4.43348e-07
 0.000199397 -0.00144774 -3.79023e-07
 0.00147183 -0.0106863 -2.79772e-06
weights matrix:
 -1.01602 0.19876 -0.0171919
 1.90182 -2.31359 -0.602685
 -2.44249 1.04938 2.09146
 -2.05085 -0.924673 2.88173
 0.951409 0.825701 -3.13316
regression_error on 'test' 0.0850659
classification_error on 'test' 0.105263
Save,3953,0.0850659,0.105263
sample_count 75 Sample index 46
 i 0:0.928809 i 1:0.480944 i 2:0.854032 i 3:0.901998 bias 1
 test_print 4.16578
net matrix:
 -3.01343 -0.0402452 0.9465
outputs matrix:
 0.00240723 0.479888 0.869097
error matrix:
 -0.00240723 -0.479888 0.130903
delta matrix:
 -1.15616e-05 -0.239556 0.0297849
weights_delta matrix:
 -1.07385e-06 -0.0222502 0.00276645
 -5.56049e-07 -0.0115213 0.00143249
 -9.87399e-07 -0.0204588 0.00254372
 -1.04286e-06 -0.0216079 0.00268659
 -1.15616e-06 -0.0239556 0.00297849
weights matrix:
 -1.01602 0.176509 -0.0144254
 1.90182 -2.32511 -0.601252
 -2.44249 1.02892 2.09401
 -2.05085 -0.946281 2.88441
 0.951408 0.801745 -3.13018
regression_error on 'test' 0.0824691
classification_error on 'test' 0.0789474
Save,3954,0.0824691,0.0789474
sample_count 75 Sample index 23
 i 0:0.975 i 1:0.763262 i 2:0.899395 i 3:0.792495 bias 1
 test_print 4.43015
net matrix:
 -2.40967 -0.625343 0.566061
outputs matrix:
 0.0080074 0.222581 0.75623
error matrix:
 -0.0080074 -0.222581 0.24377
delta matrix:
 -0.00012721 -0.0770305 0.089876
weights_delta matrix:
 -1.2403e-05 -0.00751047 0.00876291
 -9.70946e-06 -0.00587945 0.00685989
 -1.14412e-05 -0.00692809 0.0080834
 -1.00813e-05 -0.00610463 0.00712263
 -1.2721e-05 -0.00770305 0.0089876
weights matrix:
 -1.01603 0.168999 -0.00566252
 1.90181 -2.33099 -0.594392
 -2.4425 1.02199 2.10209
 -2.05086 -0.952386 2.89153
 0.951395 0.794042 -3.1212
regression_error on 'test' 0.0814261
classification_error on 'test' 0.0789474
Save,3955,0.0814261,0.0789474
sample_count 75 Sample index 50
 i 0:0.489992 i 1:0.833841 i 2:0.113105 i 3:0.135476 bias 1
 test_print 2.57241
net matrix:
 1.48526 -1.08026 -2.99011
outputs matrix:
 0.951224 0.103353 0.0025219
error matrix:
 0.0487759 -0.103353 -0.0025219
delta matrix:
 0.0045261 -0.0191555 -1.26879e-05
weights_delta matrix:
 0.000221775 -0.000938605 -6.21698e-07
 0.000377405 -0.00159727 -1.05797e-06
 5.11925e-05 -0.000216658 -1.43507e-07
 6.13178e-05 -0.000259511 -1.71891e-07
 0.00045261 -0.00191555 -1.26879e-06
weights matrix:
 -1.01581 0.16806 -0.00566314
 1.90219 -2.33259 -0.594393
 -2.44245 1.02178 2.10209
 -2.0508 -0.952645 2.89153
 0.951848 0.792126 -3.1212
regression_error on 'test' 0.0813315
classification_error on 'test' 0.0789474
Save,3956,0.0813315,0.0789474
sample_count 75 Sample index 28
 i 0:0.305227 i 1:0.551523 i 2:0.113105 i 3:0.135476 bias 1
 test_print 2.10533
net matrix:
 1.13681 -0.456546 -2.82126
outputs matrix:
 0.906668 0.286368 0.00353144
error matrix:
 0.0933315 -0.286368 -0.00353144
delta matrix:
 0.0157956 -0.117045 -2.4854e-05
weights_delta matrix:
 0.000482123 -0.00357253 -7.58612e-07
 0.000871162 -0.0064553 -1.37076e-06
 0.000178656 -0.00132384 -2.81112e-07
 0.000213992 -0.00158568 -3.36713e-07
 0.00157956 -0.0117045 -2.4854e-06
weights matrix:
 -1.01532 0.164488 -0.0056639
 1.90306 -2.33904 -0.594395
 -2.44227 1.02045 2.10209
 -2.05059 -0.954231 2.89153
 0.953428 0.780422 -3.1212
regression_error on 'test' 0.0808588
classification_error on 'test' 0.0789474
Save,3957,0.0808588,0.0789474
sample_count 75 Sample index 35
 i 0:0.189749 i 1:0.233915 i 2:0.128226 i 3:0.171977 bias 1
 test_print 1.72387
net matrix:
 0.540108 0.231239 -2.49449
outputs matrix:
 0.746535 0.613602 0.00676649
error matrix:
 0.253465 -0.613602 -0.00676649
delta matrix:
 0.0959216 -0.290963 -9.09512e-05
weights_delta matrix:
 0.0018201 -0.005521 -1.72579e-06
 0.00224375 -0.00680607 -2.12749e-06
 0.00122996 -0.00373091 -1.16623e-06
 0.00164963 -0.0050039 -1.56415e-06
 0.00959216 -0.0290963 -9.09512e-06
weights matrix:
 -1.0135 0.158967 -0.00566562
 1.9053 -2.34585 -0.594397
 -2.44104 1.01672 2.10209
 -2.04894 -0.959235 2.89153
 0.96302 0.751326 -3.12121
regression_error on 'test' 0.0799595
classification_error on 'test' 0.0789474
Save,3958,0.0799595,0.0789474
sample_count 75 Sample index 72
 i 0:0.905713 i 1:0.480944 i 2:0.929637 i 3:0.828996 bias 1
 test_print 4.14529
net matrix:
 -3.00643 -0.0829369 0.939037
outputs matrix:
 0.00244113 0.458626 0.86739
error matrix:
 -0.00244113 -0.458626 0.13261
delta matrix:
 -1.18891e-05 -0.227743 0.0305069
weights_delta matrix:
 -1.07681e-06 -0.020627 0.00276305
 -5.718e-07 -0.0109532 0.00146721
 -1.10526e-06 -0.0211718 0.00283604
 -9.85604e-07 -0.0188798 0.00252901
 -1.18891e-06 -0.0227743 0.00305069
weights matrix:
 -1.01351 0.13834 -0.00290257
 1.9053 -2.3568 -0.59293
 -2.44104 0.995551 2.10492
 -2.04894 -0.978115 2.89406
 0.963019 0.728551 -3.11816
regression_error on 'test' 0.0786854
classification_error on 'test' 0.0789474
Save,3959,0.0786854,0.0789474
sample_count 75 Sample index 17
 i 0:0.443801 i 1:0.304495 i 2:0.521371 i 3:0.463986 bias 1
 test_print 2.73365
net matrix:
 -1.12999 0.137532 -0.859739
outputs matrix:
 0.0944922 0.568336 0.151938
error matrix:
 -0.0944922 0.431664 -0.151938
delta matrix:
 -0.0161701 0.211801 -0.0391555
weights_delta matrix:
 -0.000717632 0.00939973 -0.00173772
 -0.000492373 0.00644922 -0.00119227
 -0.000843064 0.0110427 -0.00204145
 -0.000750272 0.00982725 -0.00181676
 -0.00161701 0.0211801 -0.00391555
weights matrix:
 -1.01422 0.14774 -0.0046403
 1.90481 -2.35035 -0.594122
 -2.44189 1.00659 2.10288
 -2.04969 -0.968287 2.89224
 0.961402 0.749731 -3.12207
regression_error on 'test' 0.0794535
classification_error on 'test' 0.0789474
Save,3960,0.0794535,0.0789474
sample_count 75 Sample index 68
 i 0:0.305227 i 1:0.657392 i 2:0.173589 i 3:0.281481 bias 1
 test_print 2.41769
net matrix:
 0.903207 -0.848099 -2.33491
outputs matrix:
 0.858928 0.154962 0.00928689
error matrix:
 0.141072 -0.154962 -0.00928689
delta matrix:
 0.0341876 -0.0405844 -0.000170891
weights_delta matrix:
 0.0010435 -0.00123874 -5.21604e-06
 0.00224746 -0.00266798 -1.12342e-05
 0.000593459 -0.0007045 -2.96647e-06
 0.000962315 -0.00114237 -4.81025e-06
 0.00341876 -0.00405844 -1.70891e-05
weights matrix:
 -1.01318 0.146501 -0.00464551
 1.90706 -2.35302 -0.594133
 -2.44129 1.00589 2.10288
 -2.04873 -0.96943 2.89224
 0.96482 0.745673 -3.12209
regression_error on 'test' 0.0793305
classification_error on 'test' 0.0789474
Save,3961,0.0793305,0.0789474
sample_count 75 Sample index 7
 i 0:0.651661 i 1:0.410364 i 2:0.627218 i 3:0.60999 bias 1
 test_print 3.29923
net matrix:
 -1.69377 -0.0848841 -0.285726
outputs matrix:
 0.0326873 0.45766 0.360902
error matrix:
 -0.0326873 0.54234 -0.360902
delta matrix:
 -0.00206707 0.269226 -0.166485
weights_delta matrix:
 -0.000134703 0.0175444 -0.0108492
 -8.48251e-05 0.0110481 -0.00683195
 -0.00012965 0.0168863 -0.0104422
 -0.000126089 0.0164225 -0.0101554
 -0.000206707 0.0269226 -0.0166485
weights matrix:
 -1.01331 0.164045 -0.0154947
 1.90697 -2.34197 -0.600965
 -2.44142 1.02278 2.09244
 -2.04885 -0.953007 2.88208
 0.964614 0.772595 -3.13874
regression_error on 'test' 0.0812107
classification_error on 'test' 0.0789474
Save,3962,0.0812107,0.0789474
sample_count 75 Sample index 12
 i 0:0.166653 i 1:0.480944 i 2:0.128226 i 3:0.135476 bias 1
 test_print 1.9113
net matrix:
 1.12226 -0.324387 -2.77159
outputs matrix:
 0.904178 0.343266 0.00389878
error matrix:
 0.0958224 -0.343266 -0.00389878
delta matrix:
 0.0166042 -0.154768 -3.02824e-05
weights_delta matrix:
 0.000276714 -0.00257925 -5.04665e-07
 0.000798568 -0.00744346 -1.45641e-06
 0.000212909 -0.00198453 -3.88299e-07
 0.000224947 -0.00209673 -4.10254e-07
 0.00166042 -0.0154768 -3.02824e-06
weights matrix:
 -1.01304 0.161466 -0.0154952
 1.90777 -2.34942 -0.600967
 -2.44121 1.02079 2.09244
 -2.04863 -0.955104 2.88208
 0.966274 0.757119 -3.13874
regression_error on 'test' 0.0807113
classification_error on 'test' 0.0789474
Save,3963,0.0807113,0.0789474
sample_count 75 Sample index 31
 i 0:0.559279 i 1:0.339785 i 2:0.778427 i 3:0.573489 bias 1
 test_print 3.25098
net matrix:
 -2.02723 0.295996 -0.0699536
outputs matrix:
 0.017049 0.643822 0.46508
error matrix:
 -0.017049 -0.643822 0.53492
delta matrix:
 -0.000571425 -0.295276 0.266155
weights_delta matrix:
 -3.19586e-05 -0.0165142 0.0148855
 -1.94162e-05 -0.010033 0.00904356
 -4.44813e-05 -0.0229851 0.0207183
 -3.27706e-05 -0.0169338 0.0152637
 -5.71425e-05 -0.0295276 0.0266155
weights matrix:
 -1.01307 0.144952 -0.000609695
 1.90775 -2.35945 -0.591923
 -2.44125 0.997806 2.11316
 -2.04866 -0.972038 2.89735
 0.966217 0.727591 -3.11213
regression_error on 'test' 0.0786597
classification_error on 'test' 0.0789474
Save,3964,0.0786597,0.0789474
sample_count 75 Sample index 4
 i 0:0.212844 i 1:0.516233 i 2:0.158468 i 3:0.135476 bias 1
 test_print 2.02302
net matrix:
 1.07103 -0.43315 -2.69044
outputs matrix:
 0.894925 0.296025 0.0045827
error matrix:
 0.105075 -0.296025 -0.0045827
delta matrix:
 0.0197614 -0.12338 -4.18097e-05
weights_delta matrix:
 0.00042061 -0.00262606 -8.89895e-07
 0.00102015 -0.00636926 -2.15836e-06
 0.000313155 -0.00195517 -6.6255e-07
 0.00026772 -0.0016715 -5.66422e-07
 0.00197614 -0.012338 -4.18097e-06
weights matrix:
 -1.01265 0.142326 -0.000610584
 1.90877 -2.36582 -0.591925
 -2.44094 0.995851 2.11316
 -2.04839 -0.973709 2.89735
 0.968193 0.715253 -3.11213
regression_error on 'test' 0.0784354
classification_error on 'test' 0.0789474
Save,3965,0.0784354,0.0789474
sample_count 75 Sample index 18
 i 0:0.513088 i 1:0.480944 i 2:0.566734 i 3:0.60999 bias 1
 test_print 3.17076
net matrix:
 -1.26624 -0.379118 -0.432177
outputs matrix:
 0.0736129 0.319029 0.296431
error matrix:
 -0.0736129 0.680971 -0.296431
delta matrix:
 -0.0100399 0.295881 -0.123647
weights_delta matrix:
 -0.000515136 0.0151813 -0.00634417
 -0.000482863 0.0142302 -0.00594672
 -0.000568996 0.0167686 -0.00700749
 -0.000612425 0.0180485 -0.00754234
 -0.00100399 0.0295881 -0.0123647
weights matrix:
 -1.01316 0.157507 -0.00695476
 1.90829 -2.35159 -0.597872
 -2.44151 1.01262 2.10615
 -2.04901 -0.955661 2.8898
 0.967189 0.744841 -3.12449
regression_error on 'test' 0.0798018
classification_error on 'test' 0.0789474
Save,3966,0.0798018,0.0789474
sample_count 75 Sample index 23
 i 0:0.975 i 1:0.763262 i 2:0.899395 i 3:0.792495 bias 1
 test_print 4.43015
net matrix:
 -2.38383 -0.74308 0.596806
outputs matrix:
 0.0084286 0.184499 0.767386
error matrix:
 -0.0084286 -0.184499 0.232614
delta matrix:
 -0.000140885 -0.0555191 0.0830451
weights_delta matrix:
 -1.37363e-05 -0.00541311 0.0080969
 -1.07532e-05 -0.00423756 0.00633852
 -1.26711e-05 -0.00499336 0.00746904
 -1.11651e-05 -0.00439986 0.00658128
 -1.40885e-05 -0.00555191 0.00830451
weights matrix:
 -1.01318 0.152094 0.00114214
 1.90828 -2.35583 -0.591533
 -2.44152 1.00763 2.11362
 -2.04902 -0.960061 2.89639
 0.967175 0.739289 -3.11619
regression_error on 'test' 0.0792161
classification_error on 'test' 0.0789474
Save,3967,0.0792161,0.0789474
sample_count 75 Sample index 42
 i 0:0.651661 i 1:0.551523 i 2:0.702823 i 3:0.792495 bias 1
 test_print 3.6985
net matrix:
 -1.98041 -0.51355 0.33918
outputs matrix:
 0.0186915 0.263647 0.663372
error matrix:
 -0.0186915 -0.263647 0.336628
delta matrix:
 -0.000685686 -0.102367 0.150344
weights_delta matrix:
 -4.46835e-05 -0.00667087 0.00979735
 -3.78172e-05 -0.00564579 0.00829183
 -4.81916e-05 -0.0071946 0.0105665
 -5.43403e-05 -0.00811255 0.0119147
 -6.85686e-05 -0.0102367 0.0150344
weights matrix:
 -1.01322 0.145423 0.0109395
 1.90824 -2.36147 -0.583242
 -2.44157 1.00043 2.12418
 -2.04907 -0.968173 2.9083
 0.967106 0.729053 -3.10116
regression_error on 'test' 0.0784812
classification_error on 'test' 0.0789474
Save,3968,0.0784812,0.0789474
sample_count 75 Sample index 3
 i 0:0.744044 i 1:0.516233 i 2:0.672581 i 3:0.60999 bias 1
 test_print 3.54285
net matrix:
 -1.69375 -0.299521 -0.191385
outputs matrix:
 0.0326887 0.354563 0.405459
error matrix:
 -0.0326887 0.645437 -0.405459
delta matrix:
 -0.00206724 0.295414 -0.195481
weights_delta matrix:
 -0.000153812 0.0219801 -0.0145447
 -0.000106718 0.0152502 -0.0100914
 -0.000139038 0.019869 -0.0131477
 -0.000126099 0.01802 -0.0119242
 -0.000206724 0.0295414 -0.0195481
weights matrix:
 -1.01338 0.167403 -0.00360519
 1.90813 -2.34622 -0.593333
 -2.44171 1.0203 2.11104
 -2.0492 -0.950153 2.89638
 0.9669 0.758594 -3.1207
regression_error on 'test' 0.0802734
classification_error on 'test' 0.0789474
Save,3969,0.0802734,0.0789474
sample_count 75 Sample index 26
 i 0:0.489992 i 1:0.339785 i 2:0.536492 i 3:0.500487 bias 1
 test_print 2.86676
net matrix:
 -1.21685 0.115253 -0.741924
outputs matrix:
 0.0806393 0.557373 0.184847
error matrix:
 -0.0806393 0.442627 -0.184847
delta matrix:
 -0.0119567 0.2184 -0.055705
weights_delta matrix:
 -0.000585867 0.0107014 -0.0027295
 -0.000406269 0.0074209 -0.00189277
 -0.000641465 0.011717 -0.00298853
 -0.000598415 0.0109306 -0.00278796
 -0.00119567 0.02184 -0.0055705
weights matrix:
 -1.01396 0.178105 -0.00633469
 1.90773 -2.3388 -0.595226
 -2.44235 1.03202 2.10805
 -2.0498 -0.939222 2.89359
 0.965704 0.780434 -3.12627
regression_error on 'test' 0.0815803
classification_error on 'test' 0.0789474
Save,3970,0.0815803,0.0789474
sample_count 75 Sample index 40
 i 0:0.328323 i 1:0.763262 i 2:0.158468 i 3:0.171977 bias 1
 test_print 2.42203
net matrix:
 1.34934 -0.944191 -2.75098
outputs matrix:
 0.936949 0.131429 0.00406221
error matrix:
 0.0630511 -0.131429 -0.00406221
delta matrix:
 0.00744958 -0.0300067 -3.2869e-05
weights_delta matrix:
 0.000244587 -0.000985187 -1.07917e-06
 0.000568598 -0.00229029 -2.50877e-06
 0.000118052 -0.000475509 -5.20869e-07
 0.000128116 -0.000516045 -5.65272e-07
 0.000744958 -0.00300067 -3.2869e-06
weights matrix:
 -1.01372 0.177119 -0.00633577
 1.9083 -2.34109 -0.595228
 -2.44223 1.03154 2.10805
 -2.04967 -0.939739 2.89359
 0.966449 0.777433 -3.12628
regression_error on 'test' 0.081439
classification_error on 'test' 0.0789474
Save,3971,0.081439,0.0789474
sample_count 75 Sample index 39
 i 0:0.397609 i 1:0.622103 i 2:0.18871 i 3:0.135476 bias 1
 test_print 2.3439
net matrix:
 1.01199 -0.541192 -2.70927
outputs matrix:
 0.883292 0.253055 0.00441405
error matrix:
 0.116708 -0.253055 -0.00441405
delta matrix:
 0.0240624 -0.095664 -3.87957e-05
weights_delta matrix:
 0.000956742 -0.00380369 -1.54255e-06
 0.00149693 -0.00595128 -2.41349e-06
 0.000454081 -0.00180527 -7.32114e-07
 0.000325987 -0.00129602 -5.25589e-07
 0.00240624 -0.0095664 -3.87957e-06
weights matrix:
 -1.01276 0.173316 -0.00633731
 1.90979 -2.34704 -0.595231
 -2.44178 1.02974 2.10805
 -2.04934 -0.941035 2.89359
 0.968855 0.767867 -3.12628
regression_error on 'test' 0.0810166
classification_error on 'test' 0.0789474
Save,3972,0.0810166,0.0789474
sample_count 75 Sample index 6
 i 0:0.305227 i 1:0.657392 i 2:0.128226 i 3:0.171977 bias 1
 test_print 2.26282
net matrix:
 1.24968 -0.751957 -2.75158
outputs matrix:
 0.924097 0.181842 0.00405736
error matrix:
 0.0759034 -0.181842 -0.00405736
delta matrix:
 0.0106481 -0.0541075 -3.27907e-05
weights_delta matrix:
 0.000325007 -0.00165151 -1.00086e-06
 0.000699995 -0.00355698 -2.15563e-06
 0.000136536 -0.000693799 -4.20462e-07
 0.000183122 -0.000930525 -5.63924e-07
 0.00106481 -0.00541075 -3.27907e-06
weights matrix:
 -1.01244 0.171664 -0.00633831
 1.91049 -2.3506 -0.595233
 -2.44164 1.02904 2.10805
 -2.04916 -0.941965 2.89359
 0.96992 0.762456 -3.12628
regression_error on 'test' 0.0808007
classification_error on 'test' 0.0789474
Save,3973,0.0808007,0.0789474
sample_count 75 Sample index 73
 i 0:0.582374 i 1:0.410364 i 2:0.65746 i 3:0.719493 bias 1
 test_print 3.36969
net matrix:
 -1.91534 -0.103355 0.0936328
outputs matrix:
 0.0212343 0.448505 0.54668
error matrix:
 -0.0212343 -0.448505 0.45332
delta matrix:
 -0.000882645 -0.221874 0.224684
weights_delta matrix:
 -5.14029e-05 -0.0129214 0.013085
 -3.62206e-05 -0.00910492 0.00922024
 -5.80303e-05 -0.0145873 0.0147721
 -6.35057e-05 -0.0159637 0.0161659
 -8.82645e-05 -0.0221874 0.0224684
weights matrix:
 -1.01249 0.158743 0.00674672
 1.91046 -2.3597 -0.586013
 -2.4417 1.01446 2.12282
 -2.04922 -0.957929 2.90975
 0.969832 0.740269 -3.10382
regression_error on 'test' 0.0791399
classification_error on 'test' 0.0789474
Save,3974,0.0791399,0.0789474
sample_count 75 Sample index 36
 i 0:0.744044 i 1:0.516233 i 2:0.702823 i 3:0.901998 bias 1
 test_print 3.8651
net matrix:
 -2.36174 -0.510844 0.715241
outputs matrix:
 0.00880597 0.264699 0.806976
error matrix:
 -0.00880597 -0.264699 0.193024
delta matrix:
 -0.000153724 -0.103038 0.0601329
weights_delta matrix:
 -1.14378e-05 -0.0076665 0.00447415
 -7.93576e-06 -0.00531918 0.00310426
 -1.08041e-05 -0.00724177 0.00422628
 -1.38659e-05 -0.00929403 0.00542397
 -1.53724e-05 -0.0103038 0.00601329
weights matrix:
 -1.0125 0.151076 0.0112209
 1.91045 -2.36502 -0.582908
 -2.44171 1.00721 2.12704
 -2.04924 -0.967223 2.91518
 0.969816 0.729965 -3.0978
regression_error on 'test' 0.0785564
classification_error on 'test' 0.0789474
Save,3975,0.0785564,0.0789474
sample_count 75 Sample index 41
 i 0:0.674757 i 1:0.445654 i 2:0.627218 i 3:0.536988 bias 1
 test_print 3.28462
net matrix:
 -1.49388 -0.109722 -0.450472
outputs matrix:
 0.0479823 0.445358 0.288856
error matrix:
 -0.0479823 0.554642 -0.288856
delta matrix:
 -0.00438366 0.274009 -0.118673
weights_delta matrix:
 -0.000295791 0.0184889 -0.00800754
 -0.00019536 0.0122113 -0.0052887
 -0.000274951 0.0171863 -0.00744338
 -0.000235398 0.014714 -0.00637259
 -0.000438366 0.0274009 -0.0118673
weights matrix:
 -1.01279 0.169565 0.00321333
 1.91025 -2.35281 -0.588197
 -2.44199 1.0244 2.1196
 -2.04947 -0.952509 2.9088
 0.969378 0.757366 -3.10967
regression_error on 'test' 0.0799576
classification_error on 'test' 0.0789474
Save,3976,0.0799576,0.0789474
sample_count 75 Sample index 66
 i 0:0.60547 i 1:0.304495 i 2:0.672581 i 3:0.60999 bias 1
 test_print 3.19254
net matrix:
 -1.95477 0.251584 -0.0868835
outputs matrix:
 0.0196557 0.623203 0.456667
error matrix:
 -0.0196557 0.376797 -0.456667
delta matrix:
 -0.000757509 0.176959 -0.226619
weights_delta matrix:
 -4.58649e-05 0.0107144 -0.0137211
 -2.30658e-05 0.00538833 -0.00690042
 -5.09486e-05 0.011902 -0.0152419
 -4.62073e-05 0.0107943 -0.0138235
 -7.57509e-05 0.0176959 -0.0226619
weights matrix:
 -1.01284 0.18028 -0.0105077
 1.91023 -2.34742 -0.595097
 -2.44204 1.0363 2.10436
 -2.04952 -0.941715 2.89498
 0.969302 0.775062 -3.13233
regression_error on 'test' 0.0815208
classification_error on 'test' 0.0789474
Save,3977,0.0815208,0.0789474
sample_count 75 Sample index 23
 i 0:0.975 i 1:0.763262 i 2:0.899395 i 3:0.792495 bias 1
 test_print 4.43015
net matrix:
 -2.3808 -0.655125 0.590115
outputs matrix:
 0.00847941 0.212445 0.764989
error matrix:
 -0.00847941 -0.212445 0.235011
delta matrix:
 -0.000142581 -0.0710893 0.0845009
weights_delta matrix:
 -1.39017e-05 -0.00693121 0.00823884
 -1.08827e-05 -0.00542598 0.00644964
 -1.28237e-05 -0.00639374 0.00759997
 -1.12995e-05 -0.00563379 0.00669666
 -1.42581e-05 -0.00710893 0.00845009
weights matrix:
 -1.01285 0.173348 -0.0022689
 1.91022 -2.35285 -0.588648
 -2.44205 1.02991 2.11196
 -2.04953 -0.947348 2.90168
 0.969288 0.767953 -3.12388
regression_error on 'test' 0.0806646
classification_error on 'test' 0.0789474
Save,3978,0.0806646,0.0789474
sample_count 75 Sample index 16
 i 0:0.60547 i 1:0.304495 i 2:0.687702 i 3:0.755994 bias 1
 test_print 3.35366
net matrix:
 -2.29115 0.148559 0.341552
outputs matrix:
 0.0101278 0.573738 0.664431
error matrix:
 -0.0101278 -0.573738 0.335569
delta matrix:
 -0.000203066 -0.28063 0.149638
weights_delta matrix:
 -1.2295e-05 -0.0169913 0.00906015
 -6.18326e-06 -0.00854504 0.00455641
 -1.39649e-05 -0.019299 0.0102907
 -1.53517e-05 -0.0212154 0.0113126
 -2.03066e-05 -0.028063 0.0149638
weights matrix:
 -1.01287 0.156357 0.00679125
 1.91021 -2.3614 -0.584091
 -2.44206 1.01061 2.12225
 -2.04954 -0.968564 2.91299
 0.969268 0.73989 -3.10892
regression_error on 'test' 0.0788895
classification_error on 'test' 0.0789474
Save,3979,0.0788895,0.0789474
sample_count 75 Sample index 29
 i 0:0.420705 i 1:0.304495 i 2:0.536492 i 3:0.536988 bias 1
 test_print 2.79868
net matrix:
 -1.28593 0.108714 -0.581104
outputs matrix:
 0.0709718 0.554144 0.238266
error matrix:
 -0.0709718 0.445856 -0.238266
delta matrix:
 -0.00935901 0.220314 -0.0864885
weights_delta matrix:
 -0.000393738 0.00926872 -0.00363862
 -0.000284977 0.00670845 -0.00263353
 -0.000502103 0.0118197 -0.00464004
 -0.000502568 0.0118306 -0.00464433
 -0.000935901 0.0220314 -0.00864885
weights matrix:
 -1.01326 0.165626 0.00315264
 1.90993 -2.35469 -0.586725
 -2.44257 1.02243 2.11761
 -2.05005 -0.956733 2.90835
 0.968332 0.761921 -3.11757
regression_error on 'test' 0.0799273
classification_error on 'test' 0.0789474
Save,3980,0.0799273,0.0789474
sample_count 75 Sample index 74
 i 0:0.443801 i 1:0.480944 i 2:0.551613 i 3:0.536988 bias 1
 test_print 3.01335
net matrix:
 -1.01099 -0.246816 -0.668503
outputs matrix:
 0.116915 0.379039 0.208003
error matrix:
 -0.116915 0.620961 -0.208003
delta matrix:
 -0.024142 0.292309 -0.0685319
weights_delta matrix:
 -0.00107142 0.0129727 -0.00304145
 -0.00116109 0.0140584 -0.003296
 -0.0013317 0.0161242 -0.00378031
 -0.00129639 0.0156967 -0.00368008
 -0.0024142 0.0292309 -0.00685319
weights matrix:
 -1.01433 0.178599 0.000111183
 1.90877 -2.34063 -0.590021
 -2.4439 1.03855 2.11383
 -2.05134 -0.941036 2.90467
 0.965918 0.791152 -3.12442
regression_error on 'test' 0.0817168
classification_error on 'test' 0.0789474
Save,3981,0.0817168,0.0789474
sample_count 75 Sample index 55
 i 0:0.628566 i 1:0.551523 i 2:0.612097 i 3:0.60999 bias 1
 test_print 3.40218
net matrix:
 -1.36613 -0.325825 -0.384075
outputs matrix:
 0.0610965 0.342618 0.316879
error matrix:
 -0.0610965 0.657382 -0.316879
delta matrix:
 -0.00700944 0.296125 -0.137188
weights_delta matrix:
 -0.00044059 0.0186134 -0.00862315
 -0.000386587 0.016332 -0.00756621
 -0.000429046 0.0181258 -0.00839721
 -0.000427569 0.0180634 -0.00836831
 -0.000700944 0.0296125 -0.0137188
weights matrix:
 -1.01477 0.197212 -0.00851197
 1.90838 -2.3243 -0.597587
 -2.44433 1.05668 2.10543
 -2.05177 -0.922973 2.8963
 0.965217 0.820765 -3.13814
regression_error on 'test' 0.0845192
classification_error on 'test' 0.0789474
Save,3982,0.0845192,0.0789474
sample_count 75 Sample index 73
 i 0:0.582374 i 1:0.410364 i 2:0.65746 i 3:0.719493 bias 1
 test_print 3.36969
net matrix:
 -1.92591 0.0124596 0.079778
outputs matrix:
 0.0207992 0.506229 0.539805
error matrix:
 -0.0207992 -0.506229 0.460195
delta matrix:
 -0.000847216 -0.253075 0.228639
weights_delta matrix:
 -4.93396e-05 -0.0147385 0.0133154
 -3.47667e-05 -0.0103853 0.00938254
 -5.5701e-05 -0.0166387 0.0150321
 -6.09566e-05 -0.0182086 0.0164504
 -8.47216e-05 -0.0253075 0.0228639
weights matrix:
 -1.01482 0.182474 0.0048034
 1.90835 -2.33468 -0.588205
 -2.44438 1.04004 2.12046
 -2.05183 -0.941182 2.91275
 0.965132 0.795457 -3.11528
regression_error on 'test' 0.0818175
classification_error on 'test' 0.0789474
Save,3983,0.0818175,0.0789474
sample_count 75 Sample index 30
 i 0:0.559279 i 1:0.410364 i 2:0.642339 i 3:0.500487 bias 1
 test_print 3.11247
net matrix:
 -1.41636 0.136451 -0.534118
outputs matrix:
 0.0555817 0.567805 0.255739
error matrix:
 -0.0555817 0.432195 -0.255739
delta matrix:
 -0.00583523 0.212123 -0.0973528
weights_delta matrix:
 -0.000326352 0.0118636 -0.00544474
 -0.000239457 0.00870478 -0.00399501
 -0.00037482 0.0136255 -0.00625335
 -0.000292046 0.0106165 -0.00487238
 -0.000583523 0.0212123 -0.00973528
weights matrix:
 -1.01515 0.194337 -0.000641336
 1.90811 -2.32598 -0.5922
 -2.44476 1.05367 2.11421
 -2.05212 -0.930565 2.90788
 0.964548 0.816669 -3.12501
regression_error on 'test' 0.0836194
classification_error on 'test' 0.0789474
Save,3984,0.0836194,0.0789474
sample_count 75 Sample index 3
 i 0:0.744044 i 1:0.516233 i 2:0.672581 i 3:0.60999 bias 1
 test_print 3.54285
net matrix:
 -1.70181 -0.0984411 -0.235448
outputs matrix:
 0.0321824 0.450938 0.384404
error matrix:
 -0.0321824 0.549062 -0.384404
delta matrix:
 -0.00200476 0.271888 -0.181929
weights_delta matrix:
 -0.000149163 0.0202296 -0.0135363
 -0.000103492 0.0140357 -0.00939177
 -0.000134836 0.0182867 -0.0122362
 -0.000122288 0.0165849 -0.0110975
 -0.000200476 0.0271888 -0.0181929
weights matrix:
 -1.0153 0.214567 -0.0141776
 1.908 -2.31194 -0.601591
 -2.44489 1.07195 2.10197
 -2.05225 -0.91398 2.89678
 0.964348 0.843858 -3.1432
regression_error on 'test' 0.086933
classification_error on 'test' 0.105263
Save,3985,0.086933,0.105263
sample_count 75 Sample index 73
 i 0:0.582374 i 1:0.410364 i 2:0.65746 i 3:0.719493 bias 1
 test_print 3.36969
net matrix:
 -1.92795 0.0672423 0.0678437
outputs matrix:
 0.0207161 0.533571 0.53387
error matrix:
 -0.0207161 -0.533571 0.46613
delta matrix:
 -0.000840534 -0.265583 0.231996
weights_delta matrix:
 -4.89505e-05 -0.0154668 0.0135108
 -3.44925e-05 -0.0108986 0.00952026
 -5.52618e-05 -0.017461 0.0152528
 -6.04758e-05 -0.0191085 0.0166919
 -8.40534e-05 -0.0265583 0.0231996
weights matrix:
 -1.01535 0.1991 -0.000666829
 1.90797 -2.32284 -0.592071
 -2.44495 1.05449 2.11723
 -2.05231 -0.933089 2.91347
 0.964264 0.8173 -3.12
regression_error on 'test' 0.0836487
classification_error on 'test' 0.0789474
Save,3986,0.0836487,0.0789474
sample_count 75 Sample index 5
 i 0:0.536183 i 1:0.198626 i 2:0.687702 i 3:0.60999 bias 1
 test_print 3.0325
net matrix:
 -2.13446 0.618679 -0.00475357
outputs matrix:
 0.0138038 0.775104 0.497623
error matrix:
 -0.0138038 -0.775104 0.502377
delta matrix:
 -0.000375827 -0.270229 0.251183
weights_delta matrix:
 -2.01512e-05 -0.0144892 0.013468
 -7.46489e-06 -0.00536745 0.00498914
 -2.58457e-05 -0.0185837 0.0172739
 -2.29251e-05 -0.0164837 0.0153219
 -3.75827e-05 -0.0270229 0.0251183
weights matrix:
 -1.01537 0.184611 0.0128012
 1.90796 -2.32821 -0.587082
 -2.44497 1.03591 2.1345
 -2.05233 -0.949573 2.92879
 0.964226 0.790277 -3.09489
regression_error on 'test' 0.081266
classification_error on 'test' 0.0789474
Save,3987,0.081266,0.0789474
sample_count 75 Sample index 31
 i 0:0.559279 i 1:0.339785 i 2:0.778427 i 3:0.573489 bias 1
 test_print 3.25098
net matrix:
 -2.03557 0.364245 0.053975
outputs matrix:
 0.0167718 0.674474 0.526961
error matrix:
 -0.0167718 -0.674474 0.473039
delta matrix:
 -0.000553149 -0.296173 0.235832
weights_delta matrix:
 -3.09365e-05 -0.0165644 0.0131896
 -1.87952e-05 -0.0100635 0.00801321
 -4.30586e-05 -0.0230549 0.0183578
 -3.17225e-05 -0.0169852 0.0135247
 -5.53149e-05 -0.0296173 0.0235832
weights matrix:
 -1.0154 0.168046 0.0259907
 1.90794 -2.33827 -0.579069
 -2.44502 1.01285 2.15286
 -2.05236 -0.966558 2.94232
 0.964171 0.76066 -3.0713
regression_error on 'test' 0.0794112
classification_error on 'test' 0.0789474
Save,3988,0.0794112,0.0789474
sample_count 75 Sample index 11
 i 0:0.536183 i 1:0.198626 i 2:0.536492 i 3:0.427485 bias 1
 test_print 2.69879
net matrix:
 -1.39039 0.51652 -0.759597
outputs matrix:
 0.0583721 0.737505 0.17958
error matrix:
 -0.0583721 0.262495 -0.17958
delta matrix:
 -0.00641681 0.101634 -0.0529155
weights_delta matrix:
 -0.000344059 0.00544942 -0.00283724
 -0.000127455 0.00201871 -0.00105104
 -0.000344257 0.00545256 -0.00283887
 -0.000274309 0.00434468 -0.00226206
 -0.000641681 0.0101634 -0.00529155
weights matrix:
 -1.01574 0.173496 0.0231535
 1.90782 -2.33625 -0.58012
 -2.44536 1.01831 2.15002
 -2.05264 -0.962213 2.94005
 0.963529 0.770823 -3.07659
regression_error on 'test' 0.0798686
classification_error on 'test' 0.0789474
Save,3989,0.0798686,0.0789474
sample_count 75 Sample index 55
 i 0:0.628566 i 1:0.551523 i 2:0.612097 i 3:0.60999 bias 1
 test_print 3.40218
net matrix:
 -1.37161 -0.372259 -0.272566
outputs matrix:
 0.0604704 0.322017 0.366995
error matrix:
 -0.0604704 0.677983 -0.366995
delta matrix:
 -0.0068711 0.296037 -0.170513
weights_delta matrix:
 -0.000431894 0.0186079 -0.0107179
 -0.000378957 0.0163271 -0.00940417
 -0.000420578 0.0181204 -0.010437
 -0.00041913 0.018058 -0.0104011
 -0.00068711 0.0296037 -0.0170513
weights matrix:
 -1.01617 0.192104 0.0124356
 1.90744 -2.31993 -0.589524
 -2.44578 1.03643 2.13958
 -2.05305 -0.944155 2.92965
 0.962842 0.800427 -3.09365
regression_error on 'test' 0.0819296
classification_error on 'test' 0.0789474
Save,3990,0.0819296,0.0789474
sample_count 75 Sample index 49
 i 0:0.397609 i 1:0.480944 i 2:0.612097 i 3:0.60999 bias 1
 test_print 3.10064
net matrix:
 -1.27323 -0.180477 -0.275538
outputs matrix:
 0.0726652 0.410729 0.365615
error matrix:
 -0.0726652 0.589271 -0.365615
delta matrix:
 -0.00979309 0.285243 -0.169602
weights_delta matrix:
 -0.000389382 0.0113415 -0.00674353
 -0.000470993 0.0137186 -0.00815691
 -0.000599432 0.0174597 -0.0103813
 -0.000597369 0.0173996 -0.0103456
 -0.000979309 0.0285243 -0.0169602
weights matrix:
 -1.01656 0.203445 0.00569211
 1.90697 -2.30621 -0.597681
 -2.44638 1.05389 2.1292
 -2.05365 -0.926756 2.91931
 0.961863 0.828951 -3.11061
regression_error on 'test' 0.0844312
classification_error on 'test' 0.0789474
Save,3991,0.0844312,0.0789474
sample_count 75 Sample index 4
 i 0:0.212844 i 1:0.516233 i 2:0.158468 i 3:0.135476 bias 1
 test_print 2.02302
net matrix:
 1.06404 -0.276833 -2.68503
outputs matrix:
 0.893602 0.365014 0.00463229
error matrix:
 0.106398 -0.365014 -0.00463229
delta matrix:
 0.020232 -0.169205 -4.27175e-05
weights_delta matrix:
 0.000430626 -0.00360143 -9.09216e-07
 0.00104444 -0.00873494 -2.20522e-06
 0.000320612 -0.00268136 -6.76935e-07
 0.000274095 -0.00229233 -5.78719e-07
 0.0020232 -0.0169205 -4.27175e-06
weights matrix:
 -1.01613 0.199844 0.0056912
 1.90801 -2.31494 -0.597683
 -2.44606 1.0512 2.1292
 -2.05338 -0.929048 2.91931
 0.963886 0.812031 -3.11061
regression_error on 'test' 0.0834411
classification_error on 'test' 0.0789474
Save,3992,0.0834411,0.0789474
sample_count 75 Sample index 39
 i 0:0.397609 i 1:0.622103 i 2:0.18871 i 3:0.135476 bias 1
 test_print 2.3439
net matrix:
 1.00706 -0.476133 -2.68287
outputs matrix:
 0.882272 0.27843 0.00465226
error matrix:
 0.117728 -0.27843 -0.00465226
delta matrix:
 0.0244563 -0.111877 -4.30856e-05
weights_delta matrix:
 0.000972406 -0.00444831 -1.71312e-06
 0.00152144 -0.00695988 -2.68037e-06
 0.000461515 -0.00211122 -8.13068e-07
 0.000331325 -0.00151566 -5.83707e-07
 0.00244563 -0.0111877 -4.30856e-06
weights matrix:
 -1.01516 0.195396 0.00568948
 1.90953 -2.3219 -0.597686
 -2.4456 1.04909 2.1292
 -2.05305 -0.930564 2.91931
 0.966332 0.800843 -3.11061
regression_error on 'test' 0.0827633
classification_error on 'test' 0.0789474
Save,3993,0.0827633,0.0789474
sample_count 75 Sample index 38
 i 0:0.397609 i 1:0.798551 i 2:0.128226 i 3:0.208478 bias 1
 test_print 2.53286
net matrix:
 1.34595 -1.0351 -2.704
outputs matrix:
 0.936547 0.112026 0.00446057
error matrix:
 0.0634531 -0.112026 -0.00446057
delta matrix:
 0.00754163 -0.022288 -3.96158e-05
weights_delta matrix:
 0.000299862 -0.000886191 -1.57516e-06
 0.000602238 -0.00177981 -3.16352e-06
 9.67033e-05 -0.00028579 -5.07978e-07
 0.000157226 -0.000464656 -8.25902e-07
 0.000754163 -0.0022288 -3.96158e-06
weights matrix:
 -1.01486 0.194509 0.00568791
 1.91013 -2.32368 -0.597689
 -2.4455 1.04881 2.1292
 -2.05289 -0.931028 2.91931
 0.967086 0.798614 -3.11062
regression_error on 'test' 0.0826269
classification_error on 'test' 0.0789474
Save,3994,0.0826269,0.0789474
sample_count 75 Sample index 12
 i 0:0.166653 i 1:0.480944 i 2:0.128226 i 3:0.135476 bias 1
 test_print 1.9113
net matrix:
 1.12493 -0.278178 -2.72861
outputs matrix:
 0.904638 0.364391 0.00424728
error matrix:
 0.0953616 -0.364391 -0.00424728
delta matrix:
 0.0164533 -0.168793 -3.59255e-05
weights_delta matrix:
 0.000274199 -0.00281299 -5.98709e-07
 0.00079131 -0.00811801 -1.72781e-06
 0.000210974 -0.00216437 -4.60658e-07
 0.000222902 -0.00228674 -4.86704e-07
 0.00164533 -0.0168793 -3.59255e-06
weights matrix:
 -1.01459 0.191696 0.00568731
 1.91093 -2.3318 -0.597691
 -2.44529 1.04664 2.1292
 -2.05267 -0.933315 2.91931
 0.968731 0.781735 -3.11062
regression_error on 'test' 0.08184
classification_error on 'test' 0.0789474
Save,3995,0.08184,0.0789474
sample_count 75 Sample index 43
 i 0:0.582374 i 1:0.198626 i 2:0.612097 i 3:0.60999 bias 1
 test_print 3.00309
net matrix:
 -1.99144 0.501552 -0.142003
outputs matrix:
 0.0182911 0.731668 0.429472
error matrix:
 -0.0182911 0.268332 -0.429472
delta matrix:
 -0.000656892 0.105363 -0.210463
weights_delta matrix:
 -3.82557e-05 0.00613606 -0.0122568
 -1.30476e-05 0.00209278 -0.00418035
 -4.02081e-05 0.00644923 -0.0128824
 -4.00697e-05 0.00642703 -0.0128381
 -6.56892e-05 0.0105363 -0.0210463
weights matrix:
 -1.01462 0.197832 -0.00656953
 1.91091 -2.32971 -0.601871
 -2.44533 1.05309 2.11632
 -2.05271 -0.926888 2.90647
 0.968666 0.792271 -3.13167
regression_error on 'test' 0.0830151
classification_error on 'test' 0.0789474
Save,3996,0.0830151,0.0789474
sample_count 75 Sample index 34
 i 0:0.767139 i 1:0.551523 i 2:0.642339 i 3:0.573489 bias 1
 test_print 3.53449
net matrix:
 -1.50372 -0.195969 -0.442434
outputs matrix:
 0.0470912 0.403251 0.29217
error matrix:
 -0.0470912 0.596749 -0.29217
delta matrix:
 -0.0042263 0.287203 -0.120845
weights_delta matrix:
 -0.000324216 0.0220325 -0.00927053
 -0.00023309 0.0158399 -0.00666491
 -0.000271472 0.0184482 -0.00776238
 -0.000242374 0.0164708 -0.00693035
 -0.00042263 0.0287203 -0.0120845
weights matrix:
 -1.01495 0.219865 -0.0158401
 1.91068 -2.31387 -0.608536
 -2.4456 1.07154 2.10855
 -2.05295 -0.910417 2.89954
 0.968243 0.820991 -3.14375
regression_error on 'test' 0.0861205
classification_error on 'test' 0.105263
Save,3997,0.0861205,0.105263
sample_count 75 Sample index 12
 i 0:0.166653 i 1:0.480944 i 2:0.128226 i 3:0.135476 bias 1
 test_print 1.9113
net matrix:
 1.12631 -0.241148 -2.77587
outputs matrix:
 0.904877 0.38171 0.00386566
error matrix:
 0.0951232 -0.38171 -0.00386566
delta matrix:
 0.0163754 -0.180173 -2.97711e-05
weights_delta matrix:
 0.000272901 -0.00300264 -4.96145e-07
 0.000787565 -0.00866531 -1.43182e-06
 0.000209975 -0.00231029 -3.81743e-07
 0.000221847 -0.00244091 -4.03327e-07
 0.00163754 -0.0180173 -2.97711e-06
weights matrix:
 -1.01468 0.216862 -0.0158406
 1.91147 -2.32253 -0.608537
 -2.44539 1.06923 2.10855
 -2.05273 -0.912858 2.89954
 0.96988 0.802974 -3.14376
regression_error on 'test' 0.0850608
classification_error on 'test' 0.105263
Save,3998,0.0850608,0.105263
sample_count 75 Sample index 63
 i 0:0.420705 i 1:0.904421 i 2:0.143347 i 3:0.135476 bias 1
 test_print 2.60395
net matrix:
 1.64314 -1.17674 -3.00572
outputs matrix:
 0.963955 0.0867901 0.00244456
error matrix:
 0.0360451 -0.0867901 -0.00244456
delta matrix:
 0.00250483 -0.0137575 -1.19225e-05
weights_delta matrix:
 0.00010538 -0.000578787 -5.01587e-07
 0.000226542 -0.00124426 -1.0783e-06
 3.5906e-05 -0.00019721 -1.70906e-07
 3.39345e-05 -0.000186382 -1.61522e-07
 0.000250483 -0.00137575 -1.19225e-06
weights matrix:
 -1.01457 0.216283 -0.0158411
 1.91169 -2.32378 -0.608538
 -2.44536 1.06903 2.10855
 -2.05269 -0.913044 2.89954
 0.970131 0.801598 -3.14376
regression_error on 'test' 0.0849646
classification_error on 'test' 0.105263
Save,3999,0.0849646,0.105263
sample_count 75 Sample index 37
 i 0:0.720948 i 1:0.551523 i 2:0.82379 i 3:0.901998 bias 1
 test_print 3.99826
net matrix:
 -2.57296 -0.266994 0.861581
outputs matrix:
 0.00578935 0.369587 0.848536
error matrix:
 -0.00578935 -0.369587 0.151464
delta matrix:
 -6.66451e-05 -0.172222 0.0389333
weights_delta matrix:
 -4.80476e-06 -0.0124163 0.00280689
 -3.67563e-06 -0.00949844 0.00214726
 -5.49016e-06 -0.0141875 0.00320728
 -6.01137e-06 -0.0155344 0.00351177
 -6.66451e-06 -0.0172222 0.00389333
weights matrix:
 -1.01457 0.203867 -0.0130342
 1.91169 -2.33327 -0.606391
 -2.44536 1.05485 2.11176
 -2.0527 -0.928579 2.90305
 0.970124 0.784376 -3.13986
regression_error on 'test' 0.0830601
classification_error on 'test' 0.0789474
Save,4000,0.0830601,0.0789474
sample_count 75 Sample index 15
 i 0:0.720948 i 1:0.410364 i 2:0.65746 i 3:0.573489 bias 1
 test_print 3.36226
net matrix:
 -1.76177 0.134851 -0.344837
outputs matrix:
 0.0286497 0.56702 0.334106
error matrix:
 -0.0286497 0.43298 -0.334106
delta matrix:
 -0.00159458 0.212601 -0.148663
weights_delta matrix:
 -0.000114961 0.0153274 -0.0107178
 -6.5436e-05 0.00872436 -0.00610059
 -0.000104837 0.0139776 -0.009774
 -9.14476e-05 0.0121924 -0.00852566
 -0.000159458 0.0212601 -0.0148663
weights matrix:
 -1.01469 0.219195 -0.023752
 1.91162 -2.32455 -0.612492
 -2.44547 1.06882 2.10199
 -2.05279 -0.916386 2.89452
 0.969965 0.805636 -3.15473
regression_error on 'test' 0.0854415
classification_error on 'test' 0.105263
Save,4001,0.0854415,0.105263
sample_count 75 Sample index 5
 i 0:0.536183 i 1:0.198626 i 2:0.687702 i 3:0.60999 bias 1
 test_print 3.0325
net matrix:
 -2.12833 0.637494 -0.0779516
outputs matrix:
 0.0139715 0.781595 0.461103
error matrix:
 -0.0139715 -0.781595 0.538897
delta matrix:
 -0.000384954 -0.266843 0.267818
weights_delta matrix:
 -2.06406e-05 -0.0143077 0.0143599
 -7.64618e-06 -0.0053002 0.00531956
 -2.64733e-05 -0.0183508 0.0184179
 -2.34818e-05 -0.0162772 0.0163366
 -3.84954e-05 -0.0266843 0.0267818
weights matrix:
 -1.01471 0.204887 -0.00939206
 1.91162 -2.32985 -0.607172
 -2.44549 1.05047 2.1204
 -2.05281 -0.932664 2.91086
 0.969926 0.778952 -3.12795
regression_error on 'test' 0.0824715
classification_error on 'test' 0.0789474
Save,4002,0.0824715,0.0789474
sample_count 75 Sample index 53
 i 0:0.489992 i 1:0.410364 i 2:0.702823 i 3:0.938499 bias 1
 test_print 3.54168
net matrix:
 -2.38813 -0.21375 0.840396
outputs matrix:
 0.00835705 0.394724 0.843009
error matrix:
 -0.00835705 -0.394724 0.156991
delta matrix:
 -0.000138513 -0.188612 0.0415537
weights_delta matrix:
 -6.78704e-06 -0.00924185 0.0020361
 -5.68409e-06 -0.00773997 0.00170522
 -9.73504e-06 -0.0132561 0.00292049
 -1.29995e-05 -0.0177012 0.00389981
 -1.38513e-05 -0.0188612 0.00415537
weights matrix:
 -1.01472 0.195645 -0.00735596
 1.91161 -2.33759 -0.605467
 -2.4455 1.03722 2.12333
 -2.05283 -0.950365 2.91476
 0.969912 0.760091 -3.12379
regression_error on 'test' 0.0809319
classification_error on 'test' 0.0789474
Save,4003,0.0809319,0.0789474
sample_count 75 Sample index 22
 i 0:0.305227 i 1:0.233915 i 2:0.430645 i 3:0.427485 bias 1
 test_print 2.39727
net matrix:
 -0.823349 0.313415 -1.10725
outputs matrix:
 0.161556 0.65177 0.0984558
error matrix:
 -0.161556 0.34823 -0.0984558
delta matrix:
 -0.0437672 0.158073 -0.0174783
weights_delta matrix:
 -0.00133589 0.0048248 -0.000533486
 -0.00102378 0.00369755 -0.000408844
 -0.00188481 0.00680732 -0.000752695
 -0.00187098 0.00675737 -0.000747172
 -0.00437672 0.0158073 -0.00174783
weights matrix:
 -1.01605 0.20047 -0.00788944
 1.91059 -2.33389 -0.605876
 -2.44739 1.04402 2.12257
 -2.0547 -0.943607 2.91401
 0.965536 0.775898 -3.12554
regression_error on 'test' 0.081776
classification_error on 'test' 0.0789474
Save,4004,0.081776,0.0789474
sample_count 75 Sample index 3
 i 0:0.744044 i 1:0.516233 i 2:0.672581 i 3:0.60999 bias 1
 test_print 3.54285
net matrix:
 -1.70356 -0.153177 -0.239064
outputs matrix:
 0.0320739 0.424005 0.382694
error matrix:
 -0.0320739 0.575995 -0.382694
delta matrix:
 -0.00199148 0.281345 -0.180815
weights_delta matrix:
 -0.000148175 0.0209333 -0.0134534
 -0.000102807 0.0145239 -0.00933427
 -0.000133943 0.0189227 -0.0121613
 -0.000121478 0.0171617 -0.0110295
 -0.000199148 0.0281345 -0.0180815
weights matrix:
 -1.0162 0.221403 -0.0213429
 1.91048 -2.31937 -0.61521
 -2.44752 1.06295 2.11041
 -2.05482 -0.926446 2.90298
 0.965337 0.804032 -3.14362
regression_error on 'test' 0.084727
classification_error on 'test' 0.0789474
Save,4005,0.084727,0.0789474
sample_count 75 Sample index 66
 i 0:0.60547 i 1:0.304495 i 2:0.672581 i 3:0.60999 bias 1
 test_print 3.19254
net matrix:
 -1.96779 0.381644 -0.15366
outputs matrix:
 0.0191602 0.682067 0.423769
error matrix:
 -0.0191602 0.317933 -0.423769
delta matrix:
 -0.00072016 0.137889 -0.206959
weights_delta matrix:
 -4.36035e-05 0.00834874 -0.0125308
 -2.19285e-05 0.00419864 -0.00630181
 -4.84366e-05 0.00927412 -0.0139197
 -4.3929e-05 0.00841106 -0.0126243
 -7.2016e-05 0.0137889 -0.0206959
weights matrix:
 -1.01624 0.229752 -0.0338736
 1.91046 -2.31517 -0.621512
 -2.44757 1.07222 2.09649
 -2.05486 -0.918035 2.89036
 0.965265 0.817821 -3.16432
regression_error on 'test' 0.086826
classification_error on 'test' 0.0789474
Save,4006,0.086826,0.0789474
sample_count 75 Sample index 40
 i 0:0.328323 i 1:0.763262 i 2:0.158468 i 3:0.171977 bias 1
 test_print 2.42203
net matrix:
 1.34854 -0.861796 -2.82051
outputs matrix:
 0.936854 0.151409 0.00353667
error matrix:
 0.0631458 -0.151409 -0.00353667
delta matrix:
 0.00747122 -0.0389075 -2.49276e-05
weights_delta matrix:
 0.000245297 -0.00127742 -8.18429e-07
 0.00057025 -0.00296966 -1.90263e-06
 0.000118395 -0.000616559 -3.95022e-07
 0.000128488 -0.000669119 -4.28697e-07
 0.000747122 -0.00389075 -2.49276e-06
weights matrix:
 -1.016 0.228474 -0.0338745
 1.91103 -2.31814 -0.621514
 -2.44745 1.0716 2.09649
 -2.05474 -0.918704 2.89036
 0.966012 0.813931 -3.16432
regression_error on 'test' 0.0865472
classification_error on 'test' 0.0789474
Save,4007,0.0865472,0.0789474
sample_count 75 Sample index 70
 i 0:0.259036 i 1:0.622103 i 2:0.173589 i 3:0.135476 bias 1
 test_print 2.1902
net matrix:
 1.18847 -0.507452 -2.80424
outputs matrix:
 0.915052 0.266021 0.00365325
error matrix:
 0.0849478 -0.266021 -0.00365325
delta matrix:
 0.0132063 -0.103883 -2.6595e-05
weights_delta matrix:
 0.00034209 -0.00269096 -6.88906e-07
 0.000821565 -0.00646262 -1.65448e-06
 0.000229246 -0.0018033 -4.6166e-07
 0.000178913 -0.00140737 -3.60298e-07
 0.00132063 -0.0103883 -2.6595e-06
weights matrix:
 -1.01566 0.225783 -0.0338751
 1.91185 -2.3246 -0.621515
 -2.44722 1.0698 2.09649
 -2.05456 -0.920111 2.89036
 0.967332 0.803542 -3.16432
regression_error on 'test' 0.0858821
classification_error on 'test' 0.0789474
Save,4008,0.0858821,0.0789474
sample_count 75 Sample index 67
 i 0:0.443801 i 1:0.375074 i 2:0.566734 i 3:0.536988 bias 1
 test_print 2.9226
net matrix:
 -1.25653 0.144051 -0.672231
outputs matrix:
 0.074948 0.571531 0.206777
error matrix:
 -0.074948 0.428469 -0.206777
delta matrix:
 -0.0103924 0.20985 -0.0678313
weights_delta matrix:
 -0.000461217 0.00931315 -0.00301036
 -0.000389793 0.00787092 -0.00254418
 -0.000588974 0.0118929 -0.00384423
 -0.000558061 0.0112687 -0.00364246
 -0.00103924 0.020985 -0.00678313
weights matrix:
 -1.01612 0.235097 -0.0368855
 1.91146 -2.31673 -0.62406
 -2.44781 1.08169 2.09265
 -2.05511 -0.908842 2.88671
 0.966293 0.824527 -3.17111
regression_error on 'test' 0.0880504
classification_error on 'test' 0.0526316
Save,4009,0.0880504,0.0526316
sample_count 75 Sample index 34
 i 0:0.767139 i 1:0.551523 i 2:0.642339 i 3:0.573489 bias 1
 test_print 3.53449
net matrix:
 -1.50991 -0.0992493 -0.543898
outputs matrix:
 0.0465389 0.450538 0.252033
error matrix:
 -0.0465389 0.549462 -0.252033
delta matrix:
 -0.00413014 0.272043 -0.095023
weights_delta matrix:
 -0.000316839 0.0208695 -0.00728958
 -0.000227787 0.0150038 -0.00524074
 -0.000265295 0.0174744 -0.0061037
 -0.000236859 0.0156013 -0.00544946
 -0.000413014 0.0272043 -0.0095023
weights matrix:
 -1.01644 0.255966 -0.0441751
 1.91124 -2.30173 -0.6293
 -2.44808 1.09917 2.08654
 -2.05535 -0.893241 2.88127
 0.96588 0.851731 -3.18061
regression_error on 'test' 0.0918483
classification_error on 'test' 0.0526316
Save,4010,0.0918483,0.0526316
sample_count 75 Sample index 1
 i 0:0.582374 i 1:0.445654 i 2:0.581855 i 3:0.536988 bias 1
 test_print 3.14687
net matrix:
 -1.30244 0.134921 -0.725515
outputs matrix:
 0.068825 0.567054 0.189843
error matrix:
 -0.068825 0.432946 -0.189843
delta matrix:
 -0.00882172 0.21258 -0.0583968
weights_delta matrix:
 -0.000513754 0.0123801 -0.00340088
 -0.000393144 0.00947369 -0.00260248
 -0.000513296 0.012369 -0.00339785
 -0.000473716 0.0114153 -0.00313584
 -0.000882172 0.021258 -0.00583968
weights matrix:
 -1.01695 0.268346 -0.047576
 1.91084 -2.29225 -0.631903
 -2.44859 1.11154 2.08314
 -2.05582 -0.881826 2.87813
 0.964998 0.872989 -3.18645
regression_error on 'test' 0.0948142
classification_error on 'test' 0.131579
Save,4011,0.0948142,0.131579
sample_count 75 Sample index 43
 i 0:0.582374 i 1:0.198626 i 2:0.612097 i 3:0.60999 bias 1
 test_print 3.00309
net matrix:
 -2.00051 0.716429 -0.308951
outputs matrix:
 0.0179682 0.807346 0.350259
error matrix:
 -0.0179682 0.192654 -0.350259
delta matrix:
 -0.000634107 0.0599301 -0.159422
weights_delta matrix:
 -3.69287e-05 0.00349017 -0.00928433
 -1.2595e-05 0.00119037 -0.00316654
 -3.88135e-05 0.0036683 -0.00975818
 -3.86799e-05 0.00365567 -0.00972459
 -6.34107e-05 0.00599301 -0.0159422
weights matrix:
 -1.01699 0.271836 -0.0568603
 1.91083 -2.29106 -0.635069
 -2.44863 1.1152 2.07339
 -2.05586 -0.87817 2.8684
 0.964934 0.878982 -3.20239
regression_error on 'test' 0.0965357
classification_error on 'test' 0.157895
Save,4012,0.0965357,0.157895
sample_count 75 Sample index 66
 i 0:0.60547 i 1:0.304495 i 2:0.672581 i 3:0.60999 bias 1
 test_print 3.19254
net matrix:
 -1.96994 0.560344 -0.285974
outputs matrix:
 0.0190795 0.754116 0.360787
error matrix:
 -0.0190795 0.245884 -0.360787
delta matrix:
 -0.00071416 0.0911859 -0.166409
weights_delta matrix:
 -4.32403e-05 0.00552103 -0.0100756
 -2.17458e-05 0.00277656 -0.00506708
 -4.80331e-05 0.00613299 -0.0111924
 -4.35631e-05 0.00556225 -0.0101508
 -7.1416e-05 0.00911859 -0.0166409
weights matrix:
 -1.01703 0.277357 -0.0669359
 1.91081 -2.28829 -0.640136
 -2.44868 1.12134 2.06219
 -2.05591 -0.872608 2.85825
 0.964863 0.888101 -3.21903
regression_error on 'test' 0.0989942
classification_error on 'test' 0.157895
Save,4013,0.0989942,0.157895
sample_count 75 Sample index 51
 i 0:0.628566 i 1:0.516233 i 2:0.763306 i 3:0.719493 bias 1
 test_print 3.6276
net matrix:
 -2.03629 0.109238 0.0390146
outputs matrix:
 0.0167483 0.554403 0.519497
error matrix:
 -0.0167483 -0.554403 0.480503
delta matrix:
 -0.000551612 -0.27392 0.239886
weights_delta matrix:
 -3.46725e-05 -0.0172177 0.0150784
 -2.8476e-05 -0.0141406 0.0123837
 -4.21049e-05 -0.0209084 0.0183106
 -3.96881e-05 -0.0197083 0.0172596
 -5.51612e-05 -0.027392 0.0239886
weights matrix:
 -1.01706 0.26014 -0.0518575
 1.91078 -2.30243 -0.627753
 -2.44872 1.10043 2.0805
 -2.05595 -0.892316 2.87551
 0.964808 0.860709 -3.19504
regression_error on 'test' 0.0931331
classification_error on 'test' 0.105263
Save,4014,0.0931331,0.105263
sample_count 75 Sample index 73
 i 0:0.582374 i 1:0.410364 i 2:0.65746 i 3:0.719493 bias 1
 test_print 3.36969
net matrix:
 -1.93256 0.148847 -0.0460896
outputs matrix:
 0.02053 0.573879 0.476972
error matrix:
 -0.02053 -0.573879 0.523028
delta matrix:
 -0.000825654 -0.280675 0.26096
weights_delta matrix:
 -4.80839e-05 -0.0163458 0.0151976
 -3.38819e-05 -0.0115179 0.0107088
 -5.42834e-05 -0.0184532 0.017157
 -5.94052e-05 -0.0201944 0.0187759
 -8.25654e-05 -0.0280675 0.026096
weights matrix:
 -1.01711 0.243794 -0.0366599
 1.91075 -2.31395 -0.617044
 -2.44877 1.08198 2.09766
 -2.05601 -0.912511 2.89429
 0.964725 0.832642 -3.16895
regression_error on 'test' 0.0883018
classification_error on 'test' 0.0526316
Save,4015,0.0883018,0.0526316
sample_count 75 Sample index 70
 i 0:0.259036 i 1:0.622103 i 2:0.173589 i 3:0.135476 bias 1
 test_print 2.1902
net matrix:
 1.18632 -0.479524 -2.80607
outputs matrix:
 0.914717 0.277069 0.00363995
error matrix:
 0.0852832 -0.277069 -0.00363995
delta matrix:
 0.0133059 -0.110995 -2.6402e-05
weights_delta matrix:
 0.000344671 -0.00287516 -6.83906e-07
 0.000827764 -0.00690502 -1.64247e-06
 0.000230976 -0.00192675 -4.58309e-07
 0.000180263 -0.00150371 -3.57683e-07
 0.00133059 -0.0110995 -2.6402e-06
weights matrix:
 -1.01677 0.240919 -0.0366606
 1.91157 -2.32085 -0.617046
 -2.44854 1.08005 2.09766
 -2.05583 -0.914014 2.89429
 0.966056 0.821542 -3.16895
regression_error on 'test' 0.0875039
classification_error on 'test' 0.0789474
Save,4016,0.0875039,0.0789474
sample_count 75 Sample index 50
 i 0:0.489992 i 1:0.833841 i 2:0.113105 i 3:0.135476 bias 1
 test_print 2.57241
net matrix:
 1.50634 -0.997298 -3.07207
outputs matrix:
 0.953144 0.119771 0.00214143
error matrix:
 0.0468563 -0.119771 -0.00214143
delta matrix:
 0.00418528 -0.0252541 -9.15184e-06
weights_delta matrix:
 0.000205076 -0.00123743 -4.48433e-07
 0.000348986 -0.00210579 -7.63118e-07
 4.73377e-05 -0.000285637 -1.03512e-07
 5.67006e-05 -0.000342133 -1.23985e-07
 0.000418528 -0.00252541 -9.15184e-07
weights matrix:
 -1.01656 0.239681 -0.036661
 1.91192 -2.32296 -0.617046
 -2.4485 1.07976 2.09766
 -2.05577 -0.914356 2.89429
 0.966474 0.819017 -3.16895
regression_error on 'test' 0.0873067
classification_error on 'test' 0.0789474
Save,4017,0.0873067,0.0789474
sample_count 75 Sample index 4
 i 0:0.212844 i 1:0.516233 i 2:0.158468 i 3:0.135476 bias 1
 test_print 2.02302
net matrix:
 1.07059 -0.281921 -2.77077
outputs matrix:
 0.894841 0.362659 0.00390514
error matrix:
 0.105159 -0.362659 -0.00390514
delta matrix:
 0.019791 -0.167648 -3.03812e-05
weights_delta matrix:
 0.000421239 -0.00356829 -6.46645e-07
 0.00102167 -0.00865455 -1.56838e-06
 0.000313623 -0.00265669 -4.81444e-07
 0.00026812 -0.00227123 -4.11592e-07
 0.0019791 -0.0167648 -3.03812e-06
weights matrix:
 -1.01614 0.236113 -0.0366617
 1.91295 -2.33161 -0.617048
 -2.44818 1.07711 2.09766
 -2.0555 -0.916628 2.89429
 0.968454 0.802252 -3.16895
regression_error on 'test' 0.0862557
classification_error on 'test' 0.0789474
Save,4018,0.0862557,0.0789474
sample_count 75 Sample index 3
 i 0:0.744044 i 1:0.516233 i 2:0.672581 i 3:0.60999 bias 1
 test_print 3.54285
net matrix:
 -1.70051 -0.0604163 -0.338438
outputs matrix:
 0.0322636 0.469829 0.336959
error matrix:
 -0.0322636 0.530171 -0.336959
delta matrix:
 -0.00201471 0.26412 -0.150565
weights_delta matrix:
 -0.000149903 0.0196517 -0.0112027
 -0.000104006 0.0136348 -0.00777267
 -0.000135505 0.0177642 -0.0101267
 -0.000122895 0.0161111 -0.00918433
 -0.000201471 0.026412 -0.0150565
weights matrix:
 -1.01629 0.255765 -0.0478644
 1.91284 -2.31798 -0.624821
 -2.44832 1.09487 2.08753
 -2.05562 -0.900517 2.8851
 0.968252 0.828664 -3.18401
regression_error on 'test' 0.0899596
classification_error on 'test' 0.0526316
Save,4019,0.0899596,0.0526316
sample_count 75 Sample index 61
 i 0:0.697853 i 1:0.480944 i 2:0.687702 i 3:0.682992 bias 1
 test_print 3.54949
net matrix:
 -1.90869 0.0302328 -0.111811
outputs matrix:
 0.0215125 0.515112 0.444326
error matrix:
 -0.0215125 0.484888 -0.444326
delta matrix:
 -0.00090566 0.242223 -0.219409
weights_delta matrix:
 -6.32018e-05 0.0169036 -0.0153115
 -4.35572e-05 0.0116496 -0.0105523
 -6.22824e-05 0.0166577 -0.0150888
 -6.18559e-05 0.0165436 -0.0149854
 -9.0566e-05 0.0242223 -0.0219409
weights matrix:
 -1.01635 0.272668 -0.0631759
 1.9128 -2.30633 -0.635373
 -2.44838 1.11153 2.07245
 -2.05569 -0.883973 2.87012
 0.968161 0.852886 -3.20595
regression_error on 'test' 0.0945335
classification_error on 'test' 0.157895
Save,4020,0.0945335,0.157895
sample_count 75 Sample index 36
 i 0:0.744044 i 1:0.516233 i 2:0.702823 i 3:0.901998 bias 1
 test_print 3.8651
net matrix:
 -2.3756 -0.150972 0.464447
outputs matrix:
 0.00856722 0.425082 0.716851
error matrix:
 -0.00856722 -0.425082 0.283149
delta matrix:
 -0.000145537 -0.207769 0.114945
weights_delta matrix:
 -1.08286e-05 -0.015459 0.0085524
 -7.5131e-06 -0.0107257 0.00593383
 -1.02287e-05 -0.0146025 0.00807859
 -1.31274e-05 -0.0187408 0.010368
 -1.45537e-05 -0.0207769 0.0114945
weights matrix:
 -1.01636 0.257209 -0.0546235
 1.91279 -2.31705 -0.629439
 -2.44839 1.09693 2.08052
 -2.0557 -0.902714 2.88049
 0.968147 0.832109 -3.19446
regression_error on 'test' 0.0907517
classification_error on 'test' 0.0526316
Save,4021,0.0907517,0.0526316
sample_count 75 Sample index 29
 i 0:0.420705 i 1:0.304495 i 2:0.536492 i 3:0.536988 bias 1
 test_print 2.79868
net matrix:
 -1.29444 0.338533 -0.746126
outputs matrix:
 0.0698581 0.663084 0.183584
error matrix:
 -0.0698581 0.336916 -0.183584
delta matrix:
 -0.00907848 0.150537 -0.0550314
weights_delta matrix:
 -0.000381936 0.00633315 -0.0023152
 -0.000276435 0.00458377 -0.00167568
 -0.000487053 0.00807617 -0.00295239
 -0.000487503 0.00808364 -0.00295512
 -0.000907848 0.0150537 -0.00550314
weights matrix:
 -1.01675 0.263543 -0.0569387
 1.91251 -2.31247 -0.631115
 -2.44888 1.105 2.07757
 -2.05619 -0.89463 2.87753
 0.967239 0.847163 -3.19996
regression_error on 'test' 0.0926155
classification_error on 'test' 0.105263
Save,4022,0.0926155,0.105263
sample_count 75 Sample index 42
 i 0:0.651661 i 1:0.551523 i 2:0.702823 i 3:0.792495 bias 1
 test_print 3.6985
net matrix:
 -1.99118 -0.188845 0.155456
outputs matrix:
 0.0183003 0.406684 0.577108
error matrix:
 -0.0183003 -0.406684 0.422892
delta matrix:
 -0.000657542 -0.196259 0.206417
weights_delta matrix:
 -4.28495e-05 -0.0127895 0.0134514
 -3.6265e-05 -0.0108242 0.0113844
 -4.62136e-05 -0.0137936 0.0145075
 -5.21099e-05 -0.0155535 0.0163585
 -6.57542e-05 -0.0196259 0.0206417
weights matrix:
 -1.01679 0.250753 -0.0434873
 1.91248 -2.32329 -0.61973
 -2.44892 1.09121 2.09208
 -2.05624 -0.910184 2.89389
 0.967173 0.827537 -3.17932
regression_error on 'test' 0.088803
classification_error on 'test' 0.0526316
Save,4023,0.088803,0.0526316
sample_count 75 Sample index 0
 i 0:0.282131 i 1:0.269205 i 2:0.430645 i 3:0.427485 bias 1
 test_print 2.40947
net matrix:
 -0.738474 0.353674 -1.22038
outputs matrix:
 0.185889 0.669815 0.0801164
error matrix:
 -0.185889 0.330185 -0.0801164
delta matrix:
 -0.0562627 0.146049 -0.0118088
weights_delta matrix:
 -0.00158734 0.00412051 -0.000333163
 -0.00151462 0.00393172 -0.000317899
 -0.00242292 0.00628954 -0.00050854
 -0.00240515 0.00624339 -0.000504809
 -0.00562627 0.0146049 -0.00118088
weights matrix:
 -1.01838 0.254874 -0.0438204
 1.91096 -2.31936 -0.620048
 -2.45135 1.0975 2.09157
 -2.05864 -0.90394 2.89339
 0.961547 0.842142 -3.1805
regression_error on 'test' 0.0901206
classification_error on 'test' 0.0526316
Save,4024,0.0901206,0.0526316
sample_count 75 Sample index 68
 i 0:0.305227 i 1:0.657392 i 2:0.173589 i 3:0.281481 bias 1
 test_print 2.41769
net matrix:
 0.901967 -0.668721 -2.42398
outputs matrix:
 0.858627 0.207931 0.00778328
error matrix:
 0.141373 -0.207931 -0.00778328
delta matrix:
 0.0343216 -0.0684906 -0.000120216
weights_delta matrix:
 0.00104759 -0.00209052 -3.66931e-06
 0.00225627 -0.00450252 -7.9029e-06
 0.000595785 -0.00118892 -2.08682e-06
 0.000966087 -0.00192788 -3.38385e-06
 0.00343216 -0.00684906 -1.20216e-05
weights matrix:
 -1.01733 0.252783 -0.0438241
 1.91322 -2.32386 -0.620056
 -2.45075 1.09631 2.09157
 -2.05768 -0.905868 2.89338
 0.964979 0.835293 -3.18051
regression_error on 'test' 0.0895369
classification_error on 'test' 0.0526316
Save,4025,0.0895369,0.0526316
sample_count 75 Sample index 55
 i 0:0.628566 i 1:0.551523 i 2:0.612097 i 3:0.60999 bias 1
 test_print 3.40218
net matrix:
 -1.37456 -0.169003 -0.504855
outputs matrix:
 0.0601369 0.416294 0.267037
error matrix:
 -0.0601369 0.583706 -0.267037
delta matrix:
 -0.00679793 0.283673 -0.104533
weights_delta matrix:
 -0.000427295 0.0178307 -0.00657059
 -0.000374922 0.0156452 -0.00576524
 -0.000416099 0.0173636 -0.00639844
 -0.000414667 0.0173038 -0.00637641
 -0.000679793 0.0283673 -0.0104533
weights matrix:
 -1.01776 0.270614 -0.0503947
 1.91284 -2.30822 -0.625821
 -2.45117 1.11367 2.08517
 -2.05809 -0.888564 2.88701
 0.964299 0.86366 -3.19096
regression_error on 'test' 0.0936394
classification_error on 'test' 0.105263
Save,4026,0.0936394,0.105263
sample_count 75 Sample index 20
 i 0:0.489992 i 1:0.375074 i 2:0.521371 i 3:0.500487 bias 1
 test_print 2.88692
net matrix:
 -1.12495 0.266428 -0.91833
outputs matrix:
 0.0953579 0.630149 0.137447
error matrix:
 -0.0953579 0.369851 -0.137447
delta matrix:
 -0.0164521 0.172396 -0.03259
weights_delta matrix:
 -0.000806138 0.00844726 -0.00159689
 -0.000617074 0.00646612 -0.00122237
 -0.000857763 0.00898822 -0.00169915
 -0.000823405 0.00862819 -0.00163109
 -0.00164521 0.0172396 -0.003259
weights matrix:
 -1.01856 0.279061 -0.0519916
 1.91223 -2.30175 -0.627044
 -2.45202 1.12266 2.08347
 -2.05892 -0.879936 2.88537
 0.962654 0.8809 -3.19422
regression_error on 'test' 0.0959011
classification_error on 'test' 0.157895
Save,4027,0.0959011,0.157895
sample_count 75 Sample index 27
 i 0:0.328323 i 1:0.622103 i 2:0.158468 i 3:0.135476 bias 1
 test_print 2.24437
net matrix:
 1.15034 -0.400709 -2.88032
outputs matrix:
 0.908933 0.309722 0.00313923
error matrix:
 0.091067 -0.309722 -0.00313923
delta matrix:
 0.0150759 -0.132434 -1.96477e-05
weights_delta matrix:
 0.000494978 -0.0043481 -6.45079e-07
 0.000937878 -0.00823874 -1.22229e-06
 0.000238905 -0.00209865 -3.11353e-07
 0.000204243 -0.00179416 -2.66179e-07
 0.00150759 -0.0132434 -1.96477e-06
weights matrix:
 -1.01807 0.274713 -0.0519922
 1.91316 -2.30999 -0.627045
 -2.45179 1.12056 2.08347
 -2.05871 -0.88173 2.88537
 0.964162 0.867656 -3.19422
regression_error on 'test' 0.0946242
classification_error on 'test' 0.131579
Save,4028,0.0946242,0.131579
sample_count 75 Sample index 67
 i 0:0.443801 i 1:0.375074 i 2:0.566734 i 3:0.536988 bias 1
 test_print 2.9226
net matrix:
 -1.26509 0.284739 -0.722302
outputs matrix:
 0.0737689 0.638643 0.190833
error matrix:
 -0.0737689 0.361357 -0.190833
delta matrix:
 -0.0100808 0.166787 -0.0589354
weights_delta matrix:
 -0.000447388 0.00740201 -0.00261556
 -0.000378106 0.00625574 -0.00221051
 -0.000571315 0.00945237 -0.00334007
 -0.000541329 0.00895625 -0.00316476
 -0.00100808 0.0166787 -0.00589354
weights matrix:
 -1.01852 0.282115 -0.0546078
 1.91279 -2.30374 -0.629255
 -2.45236 1.13001 2.08013
 -2.05925 -0.872774 2.88221
 0.963154 0.884335 -3.20012
regression_error on 'test' 0.0970456
classification_error on 'test' 0.157895
Save,4029,0.0970456,0.157895
sample_count 75 Sample index 60
 i 0:0.559279 i 1:0.410364 i 2:0.536492 i 3:0.536988 bias 1
 test_print 3.04312
net matrix:
 -1.24301 0.234321 -0.825198
outputs matrix:
 0.0768447 0.615062 0.161055
error matrix:
 -0.0768447 0.384938 -0.161055
delta matrix:
 -0.0109027 0.182276 -0.0435225
weights_delta matrix:
 -0.000609763 0.0101943 -0.00243412
 -0.000447406 0.00747996 -0.00178601
 -0.000584919 0.00977898 -0.00233495
 -0.00058546 0.00978802 -0.00233711
 -0.00109027 0.0182276 -0.00435225
weights matrix:
 -1.01913 0.292309 -0.0570419
 1.91234 -2.29626 -0.631041
 -2.45294 1.13979 2.0778
 -2.05984 -0.862986 2.87987
 0.962063 0.902563 -3.20447
regression_error on 'test' 0.0998271
classification_error on 'test' 0.157895
Save,4030,0.0998271,0.157895
sample_count 75 Sample index 41
 i 0:0.674757 i 1:0.445654 i 2:0.627218 i 3:0.536988 bias 1
 test_print 3.28462
net matrix:
 -1.51799 0.327951 -0.674499
outputs matrix:
 0.0458263 0.658339 0.206034
error matrix:
 -0.0458263 0.341661 -0.206034
delta matrix:
 -0.00400762 0.153699 -0.067408
weights_delta matrix:
 -0.000270417 0.0103709 -0.0045484
 -0.000178601 0.00684964 -0.00300406
 -0.000251365 0.00964025 -0.00422795
 -0.000215204 0.00825343 -0.00361973
 -0.000400762 0.0153699 -0.0067408
weights matrix:
 -1.0194 0.30268 -0.0615903
 1.91216 -2.28941 -0.634046
 -2.45319 1.14943 2.07357
 -2.06005 -0.854733 2.87625
 0.961663 0.917933 -3.21121
regression_error on 'test' 0.102675
classification_error on 'test' 0.157895
Save,4031,0.102675,0.157895
sample_count 75 Sample index 60
 i 0:0.559279 i 1:0.410364 i 2:0.536492 i 3:0.536988 bias 1
 test_print 3.04312
net matrix:
 -1.24612 0.305407 -0.848881
outputs matrix:
 0.0764034 0.648126 0.154758
error matrix:
 -0.0764034 0.351874 -0.154758
delta matrix:
 -0.0107829 0.160496 -0.040487
weights_delta matrix:
 -0.000603067 0.00897618 -0.00226435
 -0.000442493 0.00658616 -0.00166144
 -0.000578496 0.00861046 -0.0021721
 -0.000579031 0.00861842 -0.0021741
 -0.00107829 0.0160496 -0.0040487
weights matrix:
 -1.02 0.311656 -0.0638546
 1.91172 -2.28282 -0.635707
 -2.45377 1.15804 2.0714
 -2.06063 -0.846114 2.87408
 0.960584 0.933982 -3.21526
regression_error on 'test' 0.105415
classification_error on 'test' 0.157895
Save,4032,0.105415,0.157895
sample_count 75 Sample index 66
 i 0:0.60547 i 1:0.304495 i 2:0.672581 i 3:0.60999 bias 1
 test_print 3.19254
net matrix:
 -1.98221 0.690331 -0.301151
outputs matrix:
 0.0186255 0.799097 0.353817
error matrix:
 -0.0186255 0.200903 -0.353817
delta matrix:
 -0.000680897 0.0645061 -0.161787
weights_delta matrix:
 -4.12262e-05 0.00390565 -0.0097957
 -2.0733e-05 0.00196418 -0.00492633
 -4.57958e-05 0.00433856 -0.0108815
 -4.1534e-05 0.00393481 -0.00986883
 -6.80897e-05 0.00645061 -0.0161787
weights matrix:
 -1.02004 0.315562 -0.0736503
 1.9117 -2.28086 -0.640633
 -2.45382 1.16238 2.06051
 -2.06067 -0.842179 2.86421
 0.960516 0.940433 -3.23144
regression_error on 'test' 0.107698
classification_error on 'test' 0.157895
Save,4033,0.107698,0.157895
sample_count 75 Sample index 71
 i 0:0.143558 i 1:0.480944 i 2:0.0979839 i 3:0.0989754 bias 1
 test_print 1.82146
net matrix:
 1.28911 -0.0806897 -3.06474
outputs matrix:
 0.929447 0.459743 0.00217299
error matrix:
 0.0705533 -0.459743 -0.00217299
delta matrix:
 0.00925315 -0.228381 -9.42328e-06
weights_delta matrix:
 0.000132836 -0.00327859 -1.35279e-07
 0.000445025 -0.0109839 -4.53207e-07
 9.06659e-05 -0.00223777 -9.2333e-08
 9.15834e-05 -0.00226041 -9.32673e-08
 0.000925315 -0.0228381 -9.42328e-07
weights matrix:
 -1.01991 0.312283 -0.0736505
 1.91214 -2.29184 -0.640634
 -2.45373 1.16015 2.06051
 -2.06058 -0.84444 2.86421
 0.961442 0.917595 -3.23144
regression_error on 'test' 0.105353
classification_error on 'test' 0.157895
Save,4034,0.105353,0.157895
sample_count 75 Sample index 7
 i 0:0.651661 i 1:0.410364 i 2:0.627218 i 3:0.60999 bias 1
 test_print 3.29923
net matrix:
 -1.71447 0.393174 -0.502797
outputs matrix:
 0.0314029 0.687046 0.267843
error matrix:
 -0.0314029 0.312954 -0.267843
delta matrix:
 -0.00191035 0.134579 -0.10505
weights_delta matrix:
 -0.00012449 0.00876996 -0.00684567
 -7.8394e-05 0.00552262 -0.00431086
 -0.000119821 0.00844101 -0.0065889
 -0.00011653 0.00820916 -0.00640792
 -0.000191035 0.0134579 -0.010505
weights matrix:
 -1.02003 0.321053 -0.0804962
 1.91206 -2.28632 -0.644945
 -2.45385 1.16859 2.05393
 -2.0607 -0.836231 2.8578
 0.961251 0.931052 -3.24194
regression_error on 'test' 0.108494
classification_error on 'test' 0.184211
Save,4035,0.108494,0.184211
sample_count 75 Sample index 46
 i 0:0.928809 i 1:0.480944 i 2:0.854032 i 3:0.901998 bias 1
 test_print 4.16578
net matrix:
 -3.02098 0.373392 0.704957
outputs matrix:
 0.00237127 0.678477 0.803752
error matrix:
 -0.00237127 -0.678477 0.196248
delta matrix:
 -1.12192e-05 -0.296014 0.0619101
weights_delta matrix:
 -1.04205e-06 -0.027494 0.00575027
 -5.39579e-07 -0.0142366 0.00297753
 -9.58153e-07 -0.0252805 0.00528732
 -1.01197e-06 -0.0267004 0.00558428
 -1.12192e-06 -0.0296014 0.00619101
weights matrix:
 -1.02003 0.293559 -0.0747459
 1.91206 -2.30055 -0.641967
 -2.45385 1.14331 2.05921
 -2.0607 -0.862931 2.86339
 0.961249 0.901451 -3.23575
regression_error on 'test' 0.101951
classification_error on 'test' 0.157895
Save,4036,0.101951,0.157895
sample_count 75 Sample index 39
 i 0:0.397609 i 1:0.622103 i 2:0.18871 i 3:0.135476 bias 1
 test_print 2.3439
net matrix:
 1.00293 -0.314161 -2.88833
outputs matrix:
 0.881412 0.347891 0.00308948
error matrix:
 0.118588 -0.347891 -0.00308948
delta matrix:
 0.0247908 -0.157847 -1.90308e-05
weights_delta matrix:
 0.000985704 -0.00627614 -7.56682e-07
 0.00154224 -0.00981972 -1.18391e-06
 0.000467827 -0.00297873 -3.5913e-07
 0.000335856 -0.00213845 -2.57822e-07
 0.00247908 -0.0157847 -1.90308e-06
weights matrix:
 -1.01905 0.287283 -0.0747466
 1.91361 -2.31037 -0.641968
 -2.45338 1.14033 2.05921
 -2.06036 -0.865069 2.86339
 0.963729 0.885666 -3.23576
regression_error on 'test' 0.100226
classification_error on 'test' 0.157895
Save,4037,0.100226,0.157895
sample_count 75 Sample index 24
 i 0:0.466896 i 1:0.445654 i 2:0.566734 i 3:0.536988 bias 1
 test_print 3.01627
net matrix:
 -1.15606 0.171901 -0.852121
outputs matrix:
 0.0901244 0.585114 0.153912
error matrix:
 -0.0901244 0.414886 -0.153912
delta matrix:
 -0.0147807 0.201432 -0.0400858
weights_delta matrix:
 -0.000690107 0.00940477 -0.00187159
 -0.00065871 0.00897689 -0.00178644
 -0.000837675 0.0114158 -0.0022718
 -0.000793708 0.0108167 -0.00215256
 -0.00147807 0.0201432 -0.00400858
weights matrix:
 -1.01974 0.296688 -0.0766182
 1.91295 -2.3014 -0.643755
 -2.45422 1.15174 2.05694
 -2.06116 -0.854253 2.86123
 0.96225 0.90581 -3.23976
regression_error on 'test' 0.103356
classification_error on 'test' 0.157895
Save,4038,0.103356,0.157895
sample_count 75 Sample index 41
 i 0:0.674757 i 1:0.445654 i 2:0.627218 i 3:0.536988 bias 1
 test_print 3.28462
net matrix:
 -1.51946 0.344046 -0.751757
outputs matrix:
 0.0456984 0.665542 0.181902
error matrix:
 -0.0456984 0.334458 -0.181902
delta matrix:
 -0.00398582 0.148898 -0.054139
weights_delta matrix:
 -0.000268946 0.010047 -0.00365307
 -0.00017763 0.00663568 -0.00241273
 -0.000249998 0.00933913 -0.0033957
 -0.000214034 0.00799563 -0.0029072
 -0.000398582 0.0148898 -0.0054139
weights matrix:
 -1.02001 0.306735 -0.0802713
 1.91277 -2.29476 -0.646167
 -2.45447 1.16108 2.05354
 -2.06137 -0.846257 2.85833
 0.961852 0.920699 -3.24518
regression_error on 'test' 0.10619
classification_error on 'test' 0.157895
Save,4039,0.10619,0.157895
sample_count 75 Sample index 31
 i 0:0.559279 i 1:0.339785 i 2:0.778427 i 3:0.573489 bias 1
 test_print 3.25098
net matrix:
 -2.05148 0.731023 -0.271877
outputs matrix:
 0.016255 0.811845 0.367315
error matrix:
 -0.016255 -0.811845 0.632685
delta matrix:
 -0.000519859 -0.248023 0.294065
weights_delta matrix:
 -2.90746e-05 -0.0138714 0.0164465
 -1.7664e-05 -0.00842744 0.0099919
 -4.04673e-05 -0.0193068 0.0228908
 -2.98134e-05 -0.0142238 0.0168643
 -5.19859e-05 -0.0248023 0.0294065
weights matrix:
 -1.02003 0.292864 -0.0638248
 1.91275 -2.30319 -0.636176
 -2.45451 1.14178 2.07644
 -2.0614 -0.860481 2.87519
 0.9618 0.895897 -3.21577
regression_error on 'test' 0.0999825
classification_error on 'test' 0.157895
Save,4040,0.0999825,0.157895
sample_count 75 Sample index 58
 i 0:0.282131 i 1:0.516233 i 2:0.158468 i 3:0.0989754 bias 1
 test_print 2.05581
net matrix:
 1.06845 -0.11469 -2.94857
outputs matrix:
 0.894439 0.442905 0.00273976
error matrix:
 0.105561 -0.442905 -0.00273976
delta matrix:
 0.0199337 -0.218565 -1.49714e-05
weights_delta matrix:
 0.000562393 -0.00616639 -4.22389e-07
 0.00102905 -0.011283 -7.72872e-07
 0.000315886 -0.00346355 -2.37249e-07
 0.000197295 -0.00216326 -1.4818e-07
 0.00199337 -0.0218565 -1.49714e-06
weights matrix:
 -1.01947 0.286697 -0.0638253
 1.91378 -2.31447 -0.636176
 -2.45419 1.13831 2.07644
 -2.0612 -0.862644 2.87519
 0.963793 0.874041 -3.21577
regression_error on 'test' 0.0978652
classification_error on 'test' 0.157895
Save,4041,0.0978652,0.157895
sample_count 75 Sample index 20
 i 0:0.489992 i 1:0.375074 i 2:0.521371 i 3:0.500487 bias 1
 test_print 2.88692
net matrix:
 -1.12908 0.308163 -0.964072
outputs matrix:
 0.0946477 0.649382 0.126956
error matrix:
 -0.0946477 0.350618 -0.126956
delta matrix:
 -0.0162206 0.159661 -0.0281432
weights_delta matrix:
 -0.000794798 0.00782325 -0.001379
 -0.000608394 0.00598846 -0.00105558
 -0.000845697 0.00832425 -0.00146731
 -0.000811822 0.00799081 -0.00140853
 -0.00162206 0.0159661 -0.00281432
weights matrix:
 -1.02027 0.29452 -0.0652043
 1.91317 -2.30848 -0.637232
 -2.45504 1.14664 2.07497
 -2.06202 -0.854653 2.87378
 0.962171 0.890007 -3.21859
regression_error on 'test' 0.100135
classification_error on 'test' 0.157895
Save,4042,0.100135,0.157895
sample_count 75 Sample index 74
 i 0:0.443801 i 1:0.480944 i 2:0.551613 i 3:0.536988 bias 1
 test_print 3.01335
net matrix:
 -1.032 0.0840251 -0.866232
outputs matrix:
 0.112645 0.541914 0.150273
error matrix:
 -0.112645 0.458086 -0.150273
delta matrix:
 -0.0225189 0.227433 -0.0383768
weights_delta matrix:
 -0.000999393 0.0100935 -0.00170317
 -0.00108303 0.0109383 -0.00184571
 -0.00124217 0.0125455 -0.00211692
 -0.00120924 0.0122129 -0.00206079
 -0.00225189 0.0227433 -0.00383768
weights matrix:
 -1.02127 0.304614 -0.0669074
 1.91209 -2.29754 -0.639078
 -2.45628 1.15918 2.07285
 -2.06323 -0.84244 2.87172
 0.959919 0.91275 -3.22242
regression_error on 'test' 0.103674
classification_error on 'test' 0.157895
Save,4043,0.103674,0.157895
sample_count 75 Sample index 50
 i 0:0.489992 i 1:0.833841 i 2:0.113105 i 3:0.135476 bias 1
 test_print 2.57241
net matrix:
 1.49655 -0.836799 -3.1646
outputs matrix:
 0.952261 0.157945 0.00178029
error matrix:
 0.0477385 -0.157945 -0.00178029
delta matrix:
 0.00434035 -0.0420129 -6.32756e-06
weights_delta matrix:
 0.000212673 -0.0020586 -3.10046e-07
 0.000361916 -0.0035032 -5.27618e-07
 4.90915e-05 -0.000475186 -7.15679e-08
 5.88013e-05 -0.000569173 -8.57233e-08
 0.000434035 -0.00420129 -6.32756e-07
weights matrix:
 -1.02105 0.302555 -0.0669077
 1.91245 -2.30105 -0.639078
 -2.45623 1.15871 2.07285
 -2.06317 -0.84301 2.87172
 0.960353 0.908549 -3.22243
regression_error on 'test' 0.103146
classification_error on 'test' 0.157895
Save,4044,0.103146,0.157895
sample_count 75 Sample index 71
 i 0:0.143558 i 1:0.480944 i 2:0.0979839 i 3:0.0989754 bias 1
 test_print 1.82146
net matrix:
 1.28868 -0.124595 -3.05206
outputs matrix:
 0.92939 0.438023 0.00222869
error matrix:
 0.0706096 -0.438023 -0.00222869
delta matrix:
 0.00926736 -0.215647 -9.91195e-06
weights_delta matrix:
 0.00013304 -0.00309578 -1.42294e-07
 0.000445708 -0.0103714 -4.76709e-07
 9.08052e-05 -0.00211299 -9.71211e-08
 9.17241e-05 -0.00213437 -9.81039e-08
 0.000926736 -0.0215647 -9.91195e-07
weights matrix:
 -1.02092 0.29946 -0.0669079
 1.9129 -2.31142 -0.639079
 -2.45614 1.15659 2.07285
 -2.06308 -0.845144 2.87172
 0.96128 0.886984 -3.22243
regression_error on 'test' 0.10111
classification_error on 'test' 0.157895
Save,4045,0.10111,0.157895
sample_count 75 Sample index 50
 i 0:0.489992 i 1:0.833841 i 2:0.113105 i 3:0.135476 bias 1
 test_print 2.57241
net matrix:
 1.49879 -0.877319 -3.1646
outputs matrix:
 0.952465 0.147463 0.00178028
error matrix:
 0.0475353 -0.147463 -0.00178028
delta matrix:
 0.00430439 -0.0370775 -6.3275e-06
weights_delta matrix:
 0.000210912 -0.00181677 -3.10042e-07
 0.000358917 -0.00309167 -5.27613e-07
 4.86848e-05 -0.000419365 -7.15671e-08
 5.83141e-05 -0.000502311 -8.57224e-08
 0.000430439 -0.00370775 -6.3275e-07
weights matrix:
 -1.02071 0.297643 -0.0669082
 1.91326 -2.31451 -0.639079
 -2.45609 1.15617 2.07285
 -2.06302 -0.845646 2.87172
 0.961711 0.883276 -3.22243
regression_error on 'test' 0.100674
classification_error on 'test' 0.157895
Save,4046,0.100674,0.157895
sample_count 75 Sample index 22
 i 0:0.305227 i 1:0.233915 i 2:0.430645 i 3:0.427485 bias 1
 test_print 2.39727
net matrix:
 -0.841911 0.569126 -1.27206
outputs matrix:
 0.15659 0.757358 0.0728226
error matrix:
 -0.15659 0.242642 -0.0728226
delta matrix:
 -0.0413616 0.0891788 -0.00983388
weights_delta matrix:
 -0.00126247 0.00272198 -0.000300157
 -0.00096751 0.00208603 -0.000230029
 -0.00178122 0.00384044 -0.000423491
 -0.00176815 0.00381226 -0.000420384
 -0.00413616 0.00891788 -0.000983388
weights matrix:
 -1.02197 0.300365 -0.0672084
 1.91229 -2.31242 -0.639309
 -2.45787 1.16001 2.07243
 -2.06478 -0.841834 2.8713
 0.957574 0.892194 -3.22341
regression_error on 'test' 0.101786
classification_error on 'test' 0.157895
Save,4047,0.101786,0.157895
sample_count 75 Sample index 46
 i 0:0.928809 i 1:0.480944 i 2:0.854032 i 3:0.901998 bias 1
 test_print 4.16578
net matrix:
 -3.03347 0.290386 0.76652
outputs matrix:
 0.00231288 0.641245 0.822451
error matrix:
 -0.00231288 -0.641245 0.177549
delta matrix:
 -1.06741e-05 -0.295037 0.0518535
weights_delta matrix:
 -9.9142e-07 -0.0274033 0.0048162
 -5.13364e-07 -0.0141896 0.00249386
 -9.11602e-07 -0.0251971 0.00442846
 -9.62801e-07 -0.0266122 0.00467718
 -1.06741e-06 -0.0295037 0.00518535
weights matrix:
 -1.02197 0.272962 -0.0623922
 1.91229 -2.32661 -0.636815
 -2.45787 1.13482 2.07686
 -2.06479 -0.868446 2.87598
 0.957573 0.86269 -3.21823
regression_error on 'test' 0.0960646
classification_error on 'test' 0.157895
Save,4048,0.0960646,0.157895
sample_count 75 Sample index 31
 i 0:0.559279 i 1:0.339785 i 2:0.778427 i 3:0.573489 bias 1
 test_print 3.25098
net matrix:
 -2.06164 0.610132 -0.203478
outputs matrix:
 0.0159335 0.77211 0.399642
error matrix:
 -0.0159335 -0.77211 0.600358
delta matrix:
 -0.000499662 -0.271715 0.288086
weights_delta matrix:
 -2.7945e-05 -0.0151965 0.016112
 -1.69778e-05 -0.00923247 0.00978872
 -3.8895e-05 -0.021151 0.0224254
 -2.86551e-05 -0.0155826 0.0165214
 -4.99662e-05 -0.0271715 0.0288086
weights matrix:
 -1.022 0.257765 -0.0462801
 1.91227 -2.33585 -0.627027
 -2.45791 1.11367 2.09928
 -2.06481 -0.884029 2.8925
 0.957523 0.835519 -3.18942
regression_error on 'test' 0.0908704
classification_error on 'test' 0.0526316
Save,4049,0.0908704,0.0526316
sample_count 75 Sample index 2
 i 0:0.466896 i 1:0.480944 i 2:0.566734 i 3:0.500487 bias 1
 test_print 3.01506
net matrix:
 -1.02635 0.0211649 -0.875198
outputs matrix:
 0.113781 0.510581 0.147997
error matrix:
 -0.113781 0.489419 -0.147997
delta matrix:
 -0.0229461 0.2446 -0.0373232
weights_delta matrix:
 -0.00107135 0.0114203 -0.00174261
 -0.00110358 0.0117639 -0.00179504
 -0.00130044 0.0138623 -0.00211523
 -0.00114842 0.0122419 -0.00186798
 -0.00229461 0.02446 -0.00373232
weights matrix:
 -1.02307 0.269185 -0.0480227
 1.91117 -2.32408 -0.628822
 -2.45921 1.12753 2.09717
 -2.06596 -0.871787 2.89063
 0.955229 0.859979 -3.19315
regression_error on 'test' 0.0938744
classification_error on 'test' 0.105263
Save,4050,0.0938744,0.105263
sample_count 75 Sample index 9
 i 0:0.351418 i 1:0.375074 i 2:0.521371 i 3:0.573489 bias 1
 test_print 2.82135
net matrix:
 -1.15444 0.170773 -0.694733
outputs matrix:
 0.0903906 0.584566 0.199493
error matrix:
 -0.0903906 0.415434 -0.199493
delta matrix:
 -0.0148639 0.201775 -0.0637162
weights_delta matrix:
 -0.000522343 0.00709074 -0.0022391
 -0.000557505 0.00756806 -0.00238983
 -0.000774958 0.01052 -0.00332198
 -0.000852426 0.0115716 -0.00365406
 -0.00148639 0.0201775 -0.00637162
weights matrix:
 -1.0236 0.276276 -0.0502618
 1.91061 -2.31651 -0.631211
 -2.45999 1.13805 2.09384
 -2.06682 -0.860215 2.88698
 0.953742 0.880156 -3.19952
regression_error on 'test' 0.0966325
classification_error on 'test' 0.157895
Save,4051,0.0966325,0.157895
sample_count 75 Sample index 67
 i 0:0.443801 i 1:0.375074 i 2:0.566734 i 3:0.536988 bias 1
 test_print 2.9226
net matrix:
 -1.28792 0.316949 -0.721654
outputs matrix:
 0.0707091 0.653373 0.191034
error matrix:
 -0.0707091 0.346627 -0.191034
delta matrix:
 -0.00929249 0.157006 -0.0590446
weights_delta matrix:
 -0.000412402 0.00696794 -0.00262041
 -0.000348537 0.00588888 -0.00221461
 -0.000526637 0.00889806 -0.00334626
 -0.000498996 0.00843103 -0.00317063
 -0.000929249 0.0157006 -0.00590446
weights matrix:
 -1.02401 0.283244 -0.0528822
 1.91026 -2.31063 -0.633426
 -2.46051 1.14695 2.0905
 -2.06731 -0.851784 2.88381
 0.952813 0.895857 -3.20543
regression_error on 'test' 0.0990382
classification_error on 'test' 0.157895
Save,4052,0.0990382,0.157895
sample_count 75 Sample index 32
 i 0:0.697853 i 1:0.516233 i 2:0.642339 i 3:0.60999 bias 1
 test_print 3.46642
net matrix:
 -1.61718 0.117847 -0.467424
outputs matrix:
 0.037893 0.558652 0.281942
error matrix:
 -0.037893 0.441348 -0.281942
delta matrix:
 -0.00276295 0.217637 -0.114159
weights_delta matrix:
 -0.000192813 0.0151879 -0.00796661
 -0.000142632 0.0112352 -0.00589326
 -0.000177475 0.0139797 -0.00733287
 -0.000168537 0.0132757 -0.00696358
 -0.000276295 0.0217637 -0.0114159
weights matrix:
 -1.0242 0.298432 -0.0608489
 1.91012 -2.29939 -0.639319
 -2.46069 1.16093 2.08316
 -2.06748 -0.838509 2.87684
 0.952537 0.917621 -3.21684
regression_error on 'test' 0.103352
classification_error on 'test' 0.157895
Save,4053,0.103352,0.157895
sample_count 75 Sample index 29
 i 0:0.420705 i 1:0.304495 i 2:0.536492 i 3:0.536988 bias 1
 test_print 2.79868
net matrix:
 -1.32708 0.515578 -0.774679
outputs matrix:
 0.0657327 0.73714 0.175179
error matrix:
 -0.0657327 0.26286 -0.175179
delta matrix:
 -0.00807355 0.101866 -0.0506237
weights_delta matrix:
 -0.000339658 0.00428555 -0.00212976
 -0.000245836 0.00310176 -0.00154147
 -0.000433139 0.00546502 -0.00271592
 -0.00043354 0.00547008 -0.00271843
 -0.000807355 0.0101866 -0.00506237
weights matrix:
 -1.02454 0.302717 -0.0629786
 1.90987 -2.29629 -0.640861
 -2.46112 1.16639 2.08045
 -2.06792 -0.833039 2.87412
 0.951729 0.927807 -3.2219
regression_error on 'test' 0.105137
classification_error on 'test' 0.157895
Save,4054,0.105137,0.157895
sample_count 75 Sample index 44
 i 0:0.536183 i 1:0.375074 i 2:0.702823 i 3:0.646491 bias 1
 test_print 3.26057
net matrix:
 -1.94789 0.510056 -0.175759
outputs matrix:
 0.0199224 0.734994 0.413014
error matrix:
 -0.0199224 0.265006 -0.413014
delta matrix:
 -0.000777993 0.103234 -0.200257
weights_delta matrix:
 -4.17147e-05 0.00553525 -0.0107374
 -2.91805e-05 0.00387205 -0.00751112
 -5.46791e-05 0.00725555 -0.0140745
 -5.02965e-05 0.00667401 -0.0129464
 -7.77993e-05 0.0103234 -0.0200257
weights matrix:
 -1.02458 0.308253 -0.0737161
 1.90984 -2.29242 -0.648372
 -2.46118 1.17365 2.06637
 -2.06797 -0.826365 2.86118
 0.951652 0.938131 -3.24193
regression_error on 'test' 0.10843
classification_error on 'test' 0.157895
Save,4055,0.10843,0.157895
sample_count 75 Sample index 25
 i 0:0.628566 i 1:0.410364 i 2:0.778427 i 3:0.865497 bias 1
 test_print 3.68285
net matrix:
 -2.6143 0.389545 0.530529
outputs matrix:
 0.00533242 0.685484 0.742893
error matrix:
 -0.00533242 -0.685484 0.257107
delta matrix:
 -5.65661e-05 -0.295575 0.0982166
weights_delta matrix:
 -3.55555e-06 -0.0185788 0.00617356
 -2.32127e-06 -0.0121293 0.00403046
 -4.40325e-06 -0.0230083 0.00764545
 -4.89578e-06 -0.0255819 0.00850062
 -5.65661e-06 -0.0295575 0.00982166
weights matrix:
 -1.02459 0.289674 -0.0675425
 1.90984 -2.30455 -0.644341
 -2.46118 1.15064 2.07402
 -2.06797 -0.851947 2.86968
 0.951646 0.908573 -3.23211
regression_error on 'test' 0.102171
classification_error on 'test' 0.157895
Save,4056,0.102171,0.157895
sample_count 75 Sample index 61
 i 0:0.697853 i 1:0.480944 i 2:0.687702 i 3:0.682992 bias 1
 test_print 3.54949
net matrix:
 -1.94981 0.211789 -0.20286
outputs matrix:
 0.0198478 0.604339 0.399939
error matrix:
 -0.0198478 0.395661 -0.399939
delta matrix:
 -0.000772236 0.189215 -0.191961
weights_delta matrix:
 -5.38907e-05 0.0132045 -0.0133961
 -3.71402e-05 0.0091002 -0.00923225
 -5.31068e-05 0.0130124 -0.0132012
 -5.27431e-05 0.0129233 -0.0131108
 -7.72236e-05 0.0189215 -0.0191961
weights matrix:
 -1.02464 0.302878 -0.0809385
 1.9098 -2.29545 -0.653574
 -2.46124 1.16365 2.06082
 -2.06802 -0.839023 2.85657
 0.951569 0.927495 -3.2513
regression_error on 'test' 0.107115
classification_error on 'test' 0.157895
Save,4057,0.107115,0.157895
sample_count 75 Sample index 64
 i 0:0.282131 i 1:0.516233 i 2:0.158468 i 3:0.0989754 bias 1
 test_print 2.05581
net matrix:
 1.05368 -0.0706797 -3.00223
outputs matrix:
 0.891616 0.464719 0.00246164
error matrix:
 0.108384 -0.464719 -0.00246164
delta matrix:
 0.0209477 -0.231203 -1.20895e-05
weights_delta matrix:
 0.000590998 -0.00652294 -3.41083e-07
 0.00108139 -0.0119354 -6.241e-07
 0.000331953 -0.00366382 -1.9158e-07
 0.00020733 -0.00228834 -1.19656e-07
 0.00209477 -0.0231203 -1.20895e-06
weights matrix:
 -1.02405 0.296355 -0.0809389
 1.91089 -2.30738 -0.653574
 -2.46091 1.15999 2.06082
 -2.06782 -0.841312 2.85657
 0.953664 0.904375 -3.2513
regression_error on 'test' 0.104622
classification_error on 'test' 0.157895
Save,4058,0.104622,0.157895
sample_count 75 Sample index 29
 i 0:0.420705 i 1:0.304495 i 2:0.536492 i 3:0.536988 bias 1
 test_print 2.79868
net matrix:
 -1.32595 0.497016 -0.844811
outputs matrix:
 0.0658717 0.729884 0.155825
error matrix:
 -0.0658717 0.270116 -0.155825
delta matrix:
 -0.00810652 0.106509 -0.0409958
weights_delta matrix:
 -0.000341045 0.00448087 -0.00172471
 -0.000246839 0.00324314 -0.0012483
 -0.000434908 0.00571411 -0.00219939
 -0.00043531 0.00571939 -0.00220142
 -0.000810652 0.0106509 -0.00409958
weights matrix:
 -1.02439 0.300836 -0.0826636
 1.91064 -2.30414 -0.654823
 -2.46134 1.1657 2.05862
 -2.06825 -0.835592 2.85437
 0.952853 0.915026 -3.2554
regression_error on 'test' 0.106444
classification_error on 'test' 0.157895
Save,4059,0.106444,0.157895
sample_count 75 Sample index 30
 i 0:0.559279 i 1:0.410364 i 2:0.642339 i 3:0.500487 bias 1
 test_print 3.11247
net matrix:
 -1.45216 0.468314 -0.819448
outputs matrix:
 0.0519407 0.718418 0.162615
error matrix:
 -0.0519407 0.281582 -0.162615
delta matrix:
 -0.00511542 0.113924 -0.0442872
weights_delta matrix:
 -0.000286095 0.00637155 -0.00247689
 -0.000209918 0.00467505 -0.00181739
 -0.000328583 0.00731781 -0.00284474
 -0.00025602 0.00570177 -0.00221652
 -0.000511542 0.0113924 -0.00442872
weights matrix:
 -1.02468 0.307208 -0.0851405
 1.91043 -2.29946 -0.65664
 -2.46167 1.17302 2.05577
 -2.06851 -0.82989 2.85215
 0.952341 0.926418 -3.25983
regression_error on 'test' 0.108625
classification_error on 'test' 0.184211
Save,4060,0.108625,0.184211
sample_count 75 Sample index 50
 i 0:0.489992 i 1:0.833841 i 2:0.113105 i 3:0.135476 bias 1
 test_print 2.57241
net matrix:
 1.48459 -0.820195 -3.23017
outputs matrix:
 0.951162 0.162412 0.00156183
error matrix:
 0.0488376 -0.162412 -0.00156183
delta matrix:
 0.00453725 -0.0441872 -4.87098e-06
weights_delta matrix:
 0.000222322 -0.00216514 -2.38674e-07
 0.000378335 -0.00368451 -4.06162e-07
 5.13186e-05 -0.00049978 -5.50932e-08
 6.14689e-05 -0.000598631 -6.59901e-08
 0.000453725 -0.00441872 -4.87098e-07
weights matrix:
 -1.02445 0.305043 -0.0851407
 1.91081 -2.30315 -0.65664
 -2.46162 1.17252 2.05577
 -2.06845 -0.830489 2.85215
 0.952795 0.921999 -3.25983
regression_error on 'test' 0.108047
classification_error on 'test' 0.184211
Save,4061,0.108047,0.184211
sample_count 75 Sample index 47
 i 0:0.282131 i 1:0.516233 i 2:0.158468 i 3:0.0989754 bias 1
 test_print 2.05581
net matrix:
 1.05537 -0.0772906 -3.01477
outputs matrix:
 0.891943 0.461431 0.00240084
error matrix:
 0.108057 -0.461431 -0.00240084
delta matrix:
 0.0208291 -0.229343 -1.15004e-05
weights_delta matrix:
 0.000587652 -0.00647048 -3.24461e-07
 0.00107526 -0.0118394 -5.93687e-07
 0.000330074 -0.00363435 -1.82244e-07
 0.000206156 -0.00226993 -1.13825e-07
 0.00208291 -0.0229343 -1.15004e-06
weights matrix:
 -1.02387 0.298572 -0.0851411
 1.91188 -2.31499 -0.656641
 -2.46129 1.16889 2.05577
 -2.06824 -0.832759 2.85215
 0.954878 0.899065 -3.25983
regression_error on 'test' 0.105579
classification_error on 'test' 0.157895
Save,4062,0.105579,0.157895
sample_count 75 Sample index 15
 i 0:0.720948 i 1:0.410364 i 2:0.65746 i 3:0.573489 bias 1
 test_print 3.36226
net matrix:
 -1.80302 0.45525 -0.603414
outputs matrix:
 0.0264411 0.713102 0.230263
error matrix:
 -0.0264411 0.286898 -0.230263
delta matrix:
 -0.00136129 0.117391 -0.0816245
weights_delta matrix:
 -9.81421e-05 0.0084633 -0.0058847
 -5.58626e-05 0.00481732 -0.00334958
 -8.94996e-05 0.00771801 -0.00536648
 -7.80686e-05 0.00673226 -0.00468108
 -0.000136129 0.0117391 -0.00816245
weights matrix:
 -1.02396 0.307035 -0.0910258
 1.91183 -2.31017 -0.659991
 -2.46138 1.1766 2.05041
 -2.06832 -0.826027 2.84747
 0.954742 0.910804 -3.268
regression_error on 'test' 0.108296
classification_error on 'test' 0.184211
Save,4063,0.108296,0.184211
sample_count 75 Sample index 41
 i 0:0.674757 i 1:0.445654 i 2:0.627218 i 3:0.536988 bias 1
 test_print 3.28462
net matrix:
 -1.53865 0.382862 -0.808436
outputs matrix:
 0.0440531 0.682595 0.165637
error matrix:
 -0.0440531 0.317405 -0.165637
delta matrix:
 -0.00371036 0.137537 -0.0457824
weights_delta matrix:
 -0.000250359 0.00928041 -0.0030892
 -0.000165354 0.0061294 -0.00204031
 -0.00023272 0.00862658 -0.00287155
 -0.000199242 0.00738558 -0.00245846
 -0.000371036 0.0137537 -0.00457824
weights matrix:
 -1.02421 0.316316 -0.094115
 1.91166 -2.30404 -0.662031
 -2.46161 1.18523 2.04754
 -2.06852 -0.818641 2.84501
 0.954371 0.924558 -3.27258
regression_error on 'test' 0.111034
classification_error on 'test' 0.210526
Save,4064,0.111034,0.210526
sample_count 75 Sample index 20
 i 0:0.489992 i 1:0.375074 i 2:0.521371 i 3:0.500487 bias 1
 test_print 2.88692
net matrix:
 -1.14915 0.42359 -1.07559
outputs matrix:
 0.0912639 0.699975 0.104222
error matrix:
 -0.0912639 0.300025 -0.104222
delta matrix:
 -0.0151379 0.126016 -0.0194602
weights_delta matrix:
 -0.000741746 0.00617471 -0.000953536
 -0.000567784 0.00472655 -0.000729903
 -0.000789247 0.00657013 -0.0010146
 -0.000757633 0.00630696 -0.00097396
 -0.00151379 0.0126016 -0.00194602
weights matrix:
 -1.02496 0.322491 -0.0950685
 1.91109 -2.29931 -0.662761
 -2.4624 1.1918 2.04652
 -2.06928 -0.812334 2.84404
 0.952857 0.937159 -3.27452
regression_error on 'test' 0.113163
classification_error on 'test' 0.236842
Save,4065,0.113163,0.236842
sample_count 75 Sample index 22
 i 0:0.305227 i 1:0.233915 i 2:0.430645 i 3:0.427485 bias 1
 test_print 2.39727
net matrix:
 -0.857958 0.66373 -1.36146
outputs matrix:
 0.152398 0.79042 0.0616342
error matrix:
 -0.152398 0.20958 -0.0616342
delta matrix:
 -0.0393714 0.0694363 -0.00712927
weights_delta matrix:
 -0.00120172 0.00211938 -0.000217605
 -0.000920956 0.00162422 -0.000166764
 -0.00169551 0.00299024 -0.000307019
 -0.00168307 0.0029683 -0.000304766
 -0.00393714 0.00694363 -0.000712927
weights matrix:
 -1.02616 0.32461 -0.0952861
 1.91017 -2.29769 -0.662928
 -2.46409 1.19479 2.04621
 -2.07096 -0.809366 2.84373
 0.94892 0.944103 -3.27523
regression_error on 'test' 0.114175
classification_error on 'test' 0.236842
Save,4066,0.114175,0.236842
sample_count 75 Sample index 64
 i 0:0.282131 i 1:0.516233 i 2:0.158468 i 3:0.0989754 bias 1
 test_print 2.05581
net matrix:
 1.05005 -0.0412288 -3.03862
outputs matrix:
 0.890913 0.479397 0.00228923
error matrix:
 0.109087 -0.479397 -0.00228923
delta matrix:
 0.0212038 -0.239292 -1.04572e-05
weights_delta matrix:
 0.000598224 -0.00675116 -2.95029e-07
 0.00109461 -0.012353 -5.39833e-07
 0.000336012 -0.00379201 -1.65713e-07
 0.000209865 -0.0023684 -1.035e-07
 0.00212038 -0.0239292 -1.04572e-06
weights matrix:
 -1.02556 0.317859 -0.0952864
 1.91127 -2.31004 -0.662928
 -2.46376 1.191 2.04621
 -2.07075 -0.811734 2.84373
 0.95104 0.920174 -3.27524
regression_error on 'test' 0.111393
classification_error on 'test' 0.210526
Save,4067,0.111393,0.210526
sample_count 75 Sample index 59
 i 0:0.60547 i 1:0.233915 i 2:0.596976 i 3:0.536988 bias 1
 test_print 2.97335
net matrix:
 -1.8056 0.84738 -0.739407
outputs matrix:
 0.0263084 0.844849 0.185607
error matrix:
 -0.0263084 0.155151 -0.185607
delta matrix:
 -0.00134785 0.0406741 -0.0561114
weights_delta matrix:
 -8.16081e-05 0.00246269 -0.00339738
 -3.15282e-05 0.000951428 -0.00131253
 -8.04633e-05 0.00242814 -0.00334971
 -7.23778e-05 0.00218415 -0.00301311
 -0.000134785 0.00406741 -0.00561114
weights matrix:
 -1.02564 0.320322 -0.0986838
 1.91124 -2.30909 -0.664241
 -2.46384 1.19343 2.04286
 -2.07082 -0.80955 2.84072
 0.950905 0.924241 -3.28085
regression_error on 'test' 0.112579
classification_error on 'test' 0.236842
Save,4068,0.112579,0.236842
sample_count 75 Sample index 24
 i 0:0.466896 i 1:0.445654 i 2:0.566734 i 3:0.536988 bias 1
 test_print 3.01627
net matrix:
 -1.18456 0.286379 -0.939751
outputs matrix:
 0.085558 0.639399 0.132446
error matrix:
 -0.085558 0.360601 -0.132446
delta matrix:
 -0.0133878 0.166286 -0.0304372
weights_delta matrix:
 -0.000625069 0.00776382 -0.0014211
 -0.000596631 0.00741059 -0.00135645
 -0.000758729 0.00942398 -0.00172498
 -0.000718906 0.00892935 -0.00163444
 -0.00133878 0.0166286 -0.00304372
weights matrix:
 -1.02627 0.328085 -0.100105
 1.91064 -2.30168 -0.665597
 -2.4646 1.20285 2.04114
 -2.07154 -0.800621 2.83908
 0.949567 0.94087 -3.28389
regression_error on 'test' 0.115577
classification_error on 'test' 0.236842
Save,4069,0.115577,0.236842
sample_count 75 Sample index 31
 i 0:0.559279 i 1:0.339785 i 2:0.778427 i 3:0.573489 bias 1
 test_print 3.25098
net matrix:
 -2.08171 0.819468 -0.348976
outputs matrix:
 0.015316 0.83739 0.332267
error matrix:
 -0.015316 -0.83739 0.667733
delta matrix:
 -0.000461976 -0.228051 0.296294
weights_delta matrix:
 -2.58373e-05 -0.0127544 0.0165711
 -1.56972e-05 -0.00774884 0.0100676
 -3.59614e-05 -0.0177521 0.0230643
 -2.64938e-05 -0.0130785 0.0169921
 -4.61976e-05 -0.0228051 0.0296294
weights matrix:
 -1.02629 0.315331 -0.0835338
 1.91062 -2.30943 -0.655529
 -2.46463 1.1851 2.0642
 -2.07157 -0.813699 2.85608
 0.94952 0.918065 -3.25426
regression_error on 'test' 0.108718
classification_error on 'test' 0.184211
Save,4070,0.108718,0.184211
sample_count 75 Sample index 68
 i 0:0.305227 i 1:0.657392 i 2:0.173589 i 3:0.281481 bias 1
 test_print 2.41769
net matrix:
 0.881357 -0.527209 -2.54844
outputs matrix:
 0.853549 0.258378 0.00607858
error matrix:
 0.146451 -0.258378 -0.00607858
delta matrix:
 0.0366135 -0.09902 -7.34491e-05
weights_delta matrix:
 0.00111754 -0.00302236 -2.24187e-06
 0.00240694 -0.00650949 -4.82849e-06
 0.00063557 -0.00171888 -1.275e-06
 0.0010306 -0.00278722 -2.06745e-06
 0.00366135 -0.009902 -7.34491e-06
weights matrix:
 -1.02517 0.312309 -0.083536
 1.91303 -2.31594 -0.655534
 -2.464 1.18338 2.0642
 -2.07054 -0.816487 2.85607
 0.953182 0.908163 -3.25427
regression_error on 'test' 0.107465
classification_error on 'test' 0.157895
Save,4071,0.107465,0.157895
sample_count 75 Sample index 59
 i 0:0.60547 i 1:0.233915 i 2:0.596976 i 3:0.536988 bias 1
 test_print 2.97335
net matrix:
 -1.80284 0.823529 -0.69223
outputs matrix:
 0.0264501 0.838493 0.200294
error matrix:
 -0.0264501 0.161507 -0.200294
delta matrix:
 -0.00136221 0.0437434 -0.0641646
weights_delta matrix:
 -8.24775e-05 0.00264853 -0.00388497
 -3.18641e-05 0.00102322 -0.00150091
 -8.13205e-05 0.00261137 -0.00383047
 -7.31489e-05 0.00234897 -0.00344556
 -0.000136221 0.00437434 -0.00641646
weights matrix:
 -1.02526 0.314957 -0.087421
 1.913 -2.31492 -0.657035
 -2.46408 1.18599 2.06037
 -2.07061 -0.814138 2.85263
 0.953046 0.912537 -3.26068
regression_error on 'test' 0.108681
classification_error on 'test' 0.184211
Save,4072,0.108681,0.184211
sample_count 75 Sample index 28
 i 0:0.305227 i 1:0.551523 i 2:0.113105 i 3:0.135476 bias 1
 test_print 2.10533
net matrix:
 1.13595 -0.244213 -3.03024
outputs matrix:
 0.906524 0.380264 0.00232786
error matrix:
 0.0934763 -0.380264 -0.00232786
delta matrix:
 0.0158421 -0.179229 -1.08127e-05
weights_delta matrix:
 0.000483543 -0.00547055 -3.30032e-07
 0.000873727 -0.00988488 -5.96344e-07
 0.000179182 -0.00202717 -1.22297e-07
 0.000214622 -0.00242812 -1.46486e-07
 0.00158421 -0.0179229 -1.08127e-06
weights matrix:
 -1.02477 0.309487 -0.0874213
 1.91387 -2.3248 -0.657036
 -2.4639 1.18396 2.06037
 -2.07039 -0.816566 2.85263
 0.95463 0.894614 -3.26069
regression_error on 'test' 0.106704
classification_error on 'test' 0.157895
Save,4073,0.106704,0.157895
sample_count 75 Sample index 44
 i 0:0.536183 i 1:0.375074 i 2:0.702823 i 3:0.646491 bias 1
 test_print 3.26057
net matrix:
 -1.94717 0.492798 -0.261722
outputs matrix:
 0.0199507 0.728217 0.372047
error matrix:
 -0.0199507 0.271783 -0.372047
delta matrix:
 -0.000780179 0.107581 -0.173841
weights_delta matrix:
 -4.18319e-05 0.0057683 -0.00932108
 -2.92625e-05 0.00403508 -0.00652034
 -5.48328e-05 0.00756103 -0.012218
 -5.04379e-05 0.00695501 -0.0112387
 -7.80179e-05 0.0107581 -0.0173841
weights matrix:
 -1.02481 0.315255 -0.0967424
 1.91384 -2.32077 -0.663556
 -2.46395 1.19152 2.04815
 -2.07045 -0.809611 2.84139
 0.954552 0.905372 -3.27807
regression_error on 'test' 0.110167
classification_error on 'test' 0.210526
Save,4074,0.110167,0.210526
sample_count 75 Sample index 11
 i 0:0.536183 i 1:0.198626 i 2:0.536492 i 3:0.427485 bias 1
 test_print 2.69879
net matrix:
 -1.42177 0.906589 -1.14827
outputs matrix:
 0.0550158 0.859746 0.0914096
error matrix:
 -0.0550158 0.140254 -0.0914096
delta matrix:
 -0.00572044 0.0338246 -0.0151839
weights_delta matrix:
 -0.00030672 0.00181362 -0.000814133
 -0.000113623 0.000671845 -0.000301591
 -0.000306897 0.00181466 -0.000814602
 -0.00024454 0.00144595 -0.000649087
 -0.000572044 0.00338246 -0.00151839
weights matrix:
 -1.02512 0.317068 -0.0975565
 1.91373 -2.32009 -0.663858
 -2.46426 1.19334 2.04734
 -2.07069 -0.808165 2.84074
 0.95398 0.908755 -3.27959
regression_error on 'test' 0.110781
classification_error on 'test' 0.210526
Save,4075,0.110781,0.210526
sample_count 75 Sample index 24
 i 0:0.466896 i 1:0.445654 i 2:0.566734 i 3:0.536988 bias 1
 test_print 3.01627
net matrix:
 -1.1803 0.265165 -0.935248
outputs matrix:
 0.0862268 0.62956 0.133484
error matrix:
 -0.0862268 0.37044 -0.133484
delta matrix:
 -0.0135879 0.172784 -0.0308793
weights_delta matrix:
 -0.000634415 0.0080672 -0.00144174
 -0.000605551 0.00770018 -0.00137615
 -0.000770074 0.00979224 -0.00175003
 -0.000729655 0.00927828 -0.00165818
 -0.00135879 0.0172784 -0.00308793
weights matrix:
 -1.02576 0.325136 -0.0989983
 1.91312 -2.31239 -0.665234
 -2.46503 1.20313 2.04559
 -2.07142 -0.798886 2.83908
 0.952621 0.926033 -3.28268
regression_error on 'test' 0.11381
classification_error on 'test' 0.236842
Save,4076,0.11381,0.236842
sample_count 75 Sample index 19
 i 0:0.674757 i 1:0.480944 i 2:0.596976 i 3:0.573489 bias 1
 test_print 3.32617
net matrix:
 -1.47891 0.293377 -0.820066
outputs matrix:
 0.0493682 0.64262 0.162447
error matrix:
 -0.0493682 0.35738 -0.162447
delta matrix:
 -0.00463379 0.164151 -0.0442044
weights_delta matrix:
 -0.000312668 0.0110762 -0.00298272
 -0.000222859 0.00789477 -0.00212598
 -0.000276626 0.00979945 -0.0026389
 -0.000265743 0.0094139 -0.00253507
 -0.000463379 0.0164151 -0.00442044
weights matrix:
 -1.02607 0.336212 -0.101981
 1.9129 -2.3045 -0.66736
 -2.46531 1.21293 2.04295
 -2.07168 -0.789473 2.83655
 0.952158 0.942448 -3.2871
regression_error on 'test' 0.117207
classification_error on 'test' 0.263158
Save,4077,0.117207,0.263158
sample_count 75 Sample index 33
 i 0:0.559279 i 1:0.480944 i 2:0.672581 i 3:0.719493 bias 1
 test_print 3.4323
net matrix:
 -1.85039 0.269924 -0.25017
outputs matrix:
 0.0241089 0.631777 0.377461
error matrix:
 -0.0241089 -0.631777 0.622539
delta matrix:
 -0.00113445 -0.293947 0.292574
weights_delta matrix:
 -6.34474e-05 -0.0164398 0.016363
 -5.45607e-05 -0.0141372 0.0140712
 -7.6301e-05 -0.0197703 0.019678
 -8.16229e-05 -0.0211493 0.0210505
 -0.000113445 -0.0293947 0.0292574
weights matrix:
 -1.02613 0.319772 -0.085618
 1.91285 -2.31864 -0.653289
 -2.46538 1.19316 2.06263
 -2.07177 -0.810622 2.8576
 0.952044 0.913054 -3.25784
regression_error on 'test' 0.108858
classification_error on 'test' 0.184211
Save,4078,0.108858,0.184211
sample_count 75 Sample index 71
 i 0:0.143558 i 1:0.480944 i 2:0.0979839 i 3:0.0989754 bias 1
 test_print 1.82146
net matrix:
 1.27808 -0.119496 -3.09939
outputs matrix:
 0.927987 0.440535 0.00202779
error matrix:
 0.0720131 -0.440535 -0.00202779
delta matrix:
 0.00962487 -0.217152 -8.20719e-06
weights_delta matrix:
 0.000138173 -0.00311739 -1.17821e-07
 0.000462902 -0.0104438 -3.9472e-07
 9.43082e-05 -0.00212774 -8.04172e-08
 9.52626e-05 -0.00214927 -8.1231e-08
 0.000962487 -0.0217152 -8.20719e-07
weights matrix:
 -1.02599 0.316655 -0.0856181
 1.91331 -2.32908 -0.653289
 -2.46529 1.19103 2.06263
 -2.07167 -0.812771 2.8576
 0.953007 0.891338 -3.25784
regression_error on 'test' 0.106697
classification_error on 'test' 0.157895
Save,4079,0.106697,0.157895
sample_count 75 Sample index 50
 i 0:0.489992 i 1:0.833841 i 2:0.113105 i 3:0.135476 bias 1
 test_print 2.57241
net matrix:
 1.48618 -0.870984 -3.2241
outputs matrix:
 0.951309 0.149063 0.00158086
error matrix:
 0.0486907 -0.149063 -0.00158086
delta matrix:
 0.00451071 -0.0378153 -4.99034e-06
weights_delta matrix:
 0.000221021 -0.00185292 -2.44522e-07
 0.000376121 -0.00315319 -4.16115e-07
 5.10183e-05 -0.00042771 -5.64432e-08
 6.11092e-05 -0.000512306 -6.76071e-08
 0.000451071 -0.00378153 -4.99034e-07
weights matrix:
 -1.02577 0.314802 -0.0856183
 1.91369 -2.33223 -0.65329
 -2.46524 1.1906 2.06263
 -2.07161 -0.813283 2.8576
 0.953458 0.887557 -3.25784
regression_error on 'test' 0.106226
classification_error on 'test' 0.157895
Save,4080,0.106226,0.157895
sample_count 75 Sample index 36
 i 0:0.744044 i 1:0.516233 i 2:0.702823 i 3:0.901998 bias 1
 test_print 3.8651
net matrix:
 -2.42307 0.0210124 0.368415
outputs matrix:
 0.00779737 0.510505 0.676302
error matrix:
 -0.00779737 -0.510505 0.323698
delta matrix:
 -0.00012065 -0.25514 0.141726
weights_delta matrix:
 -8.97689e-06 -0.0189835 0.010545
 -6.22835e-06 -0.0131712 0.00731637
 -8.47956e-06 -0.0179318 0.00996084
 -1.08826e-05 -0.0230135 0.0127837
 -1.2065e-05 -0.025514 0.0141726
weights matrix:
 -1.02578 0.295818 -0.0750733
 1.91368 -2.3454 -0.645973
 -2.46525 1.17267 2.07259
 -2.07162 -0.836297 2.87038
 0.953446 0.862043 -3.24367
regression_error on 'test' 0.100358
classification_error on 'test' 0.157895
Save,4081,0.100358,0.157895
sample_count 75 Sample index 57
 i 0:0.374514 i 1:0.727972 i 2:0.158468 i 3:0.135476 bias 1
 test_print 2.39643
net matrix:
 1.29106 -0.662024 -3.02473
outputs matrix:
 0.929702 0.210146 0.00235359
error matrix:
 0.0702977 -0.210146 -0.00235359
delta matrix:
 0.00918873 -0.0697617 -1.10527e-05
weights_delta matrix:
 0.000344131 -0.00261268 -4.13941e-07
 0.000668914 -0.00507846 -8.04609e-07
 0.000145612 -0.0011055 -1.75151e-07
 0.000124485 -0.000945104 -1.49738e-07
 0.000918873 -0.00697617 -1.10527e-06
weights matrix:
 -1.02544 0.293206 -0.0750737
 1.91435 -2.35048 -0.645974
 -2.4651 1.17157 2.07259
 -2.0715 -0.837242 2.87038
 0.954365 0.855067 -3.24367
regression_error on 'test' 0.0996291
classification_error on 'test' 0.157895
Save,4082,0.0996291,0.157895
sample_count 75 Sample index 19
 i 0:0.674757 i 1:0.480944 i 2:0.596976 i 3:0.573489 bias 1
 test_print 3.32617
net matrix:
 -1.47645 0.141708 -0.721585
outputs matrix:
 0.0495996 0.570383 0.191055
error matrix:
 -0.0495996 0.429617 -0.191055
delta matrix:
 -0.0046762 0.210552 -0.0590561
weights_delta matrix:
 -0.00031553 0.0142071 -0.00398485
 -0.000224899 0.0101264 -0.00284027
 -0.000279158 0.0125694 -0.00352551
 -0.000268175 0.0120749 -0.0033868
 -0.00046762 0.0210552 -0.00590561
weights matrix:
 -1.02575 0.307413 -0.0790585
 1.91412 -2.34036 -0.648814
 -2.46538 1.18414 2.06906
 -2.07176 -0.825167 2.86699
 0.953897 0.876122 -3.24957
regression_error on 'test' 0.103219
classification_error on 'test' 0.157895
Save,4083,0.103219,0.157895
sample_count 75 Sample index 45
 i 0:0.697853 i 1:0.586813 i 2:0.793548 i 3:0.975 bias 1
 test_print 4.05321
net matrix:
 -2.61506 -0.147569 0.751741
outputs matrix:
 0.00532433 0.426747 0.818093
error matrix:
 -0.00532433 -0.426747 0.181907
delta matrix:
 -5.63951e-05 -0.208793 0.0541415
weights_delta matrix:
 -3.93555e-06 -0.0145707 0.00377828
 -3.30934e-06 -0.0122523 0.00317709
 -4.47522e-06 -0.0165688 0.00429639
 -5.49852e-06 -0.0203574 0.0052788
 -5.63951e-06 -0.0208793 0.00541415
weights matrix:
 -1.02576 0.292842 -0.0752803
 1.91412 -2.35261 -0.645637
 -2.46539 1.16757 2.07336
 -2.07177 -0.845524 2.87227
 0.953891 0.855243 -3.24416
regression_error on 'test' 0.0990223
classification_error on 'test' 0.157895
Save,4084,0.0990223,0.157895
sample_count 75 Sample index 11
 i 0:0.536183 i 1:0.198626 i 2:0.536492 i 3:0.427485 bias 1
 test_print 2.69879
net matrix:
 -1.42422 0.809912 -1.07257
outputs matrix:
 0.0547621 0.834771 0.104786
error matrix:
 -0.0547621 0.165229 -0.104786
delta matrix:
 -0.00566933 0.0455796 -0.0196591
weights_delta matrix:
 -0.00030398 0.0024439 -0.00105409
 -0.000112608 0.000905328 -0.000390482
 -0.000304155 0.00244531 -0.0010547
 -0.000242355 0.00194846 -0.000840399
 -0.000566933 0.00455796 -0.00196591
weights matrix:
 -1.02606 0.295286 -0.0763343
 1.91401 -2.3517 -0.646028
 -2.46569 1.17001 2.07231
 -2.07201 -0.843576 2.87143
 0.953324 0.859801 -3.24613
regression_error on 'test' 0.0997036
classification_error on 'test' 0.157895
Save,4085,0.0997036,0.157895
sample_count 75 Sample index 63
 i 0:0.420705 i 1:0.904421 i 2:0.143347 i 3:0.135476 bias 1
 test_print 2.60395
net matrix:
 1.61857 -1.08947 -3.17645
outputs matrix:
 0.962208 0.101658 0.00173865
error matrix:
 0.037792 -0.101658 -0.00173865
delta matrix:
 0.00274852 -0.0185676 -6.0353e-06
weights_delta matrix:
 0.000115632 -0.00078115 -2.53908e-07
 0.000248582 -0.0016793 -5.45846e-07
 3.93992e-05 -0.000266162 -8.65143e-08
 3.72359e-05 -0.000251547 -8.17639e-08
 0.000274852 -0.00185676 -6.0353e-07
weights matrix:
 -1.02595 0.294505 -0.0763346
 1.91426 -2.35338 -0.646028
 -2.46565 1.16975 2.0723
 -2.07198 -0.843828 2.87143
 0.953599 0.857944 -3.24613
regression_error on 'test' 0.0995009
classification_error on 'test' 0.157895
Save,4086,0.0995009,0.157895
sample_count 75 Sample index 70
 i 0:0.259036 i 1:0.622103 i 2:0.173589 i 3:0.135476 bias 1
 test_print 2.1902
net matrix:
 1.16999 -0.441078 -2.91906
outputs matrix:
 0.912135 0.292731 0.00290587
error matrix:
 0.0878649 -0.292731 -0.00290587
delta matrix:
 0.0140838 -0.121214 -1.6839e-05
weights_delta matrix:
 0.000364821 -0.00313988 -4.36192e-07
 0.000876158 -0.00754075 -1.04756e-06
 0.000244479 -0.00210414 -2.92307e-07
 0.000190802 -0.00164216 -2.28128e-07
 0.00140838 -0.0121214 -1.6839e-06
weights matrix:
 -1.02558 0.291365 -0.076335
 1.91513 -2.36092 -0.646029
 -2.46541 1.16764 2.0723
 -2.07178 -0.84547 2.87143
 0.955008 0.845822 -3.24613
regression_error on 'test' 0.0983579
classification_error on 'test' 0.157895
Save,4087,0.0983579,0.157895
sample_count 75 Sample index 72
 i 0:0.905713 i 1:0.480944 i 2:0.929637 i 3:0.828996 bias 1
 test_print 4.14529
net matrix:
 -3.06224 0.358837 0.680926
outputs matrix:
 0.00218386 0.672095 0.796061
error matrix:
 -0.00218386 -0.672095 0.203939
delta matrix:
 -9.51768e-06 -0.296237 0.0662184
weights_delta matrix:
 -8.62029e-07 -0.0268306 0.00599748
 -4.57747e-07 -0.0142473 0.00318473
 -8.84799e-07 -0.0275393 0.0061559
 -7.89012e-07 -0.0245579 0.00548948
 -9.51768e-07 -0.0296237 0.00662184
weights matrix:
 -1.02558 0.264534 -0.0703376
 1.91513 -2.37517 -0.642844
 -2.46541 1.1401 2.07846
 -2.07179 -0.870028 2.87692
 0.955007 0.816199 -3.23951
regression_error on 'test' 0.0931551
classification_error on 'test' 0.131579
Save,4088,0.0931551,0.131579
sample_count 75 Sample index 53
 i 0:0.489992 i 1:0.410364 i 2:0.702823 i 3:0.938499 bias 1
 test_print 3.54168
net matrix:
 -2.43873 -0.0440947 0.623006
outputs matrix:
 0.00755873 0.477967 0.776609
error matrix:
 -0.00755873 -0.477967 0.223391
delta matrix:
 -0.000113405 -0.238519 0.0775113
weights_delta matrix:
 -5.55675e-06 -0.0116873 0.00379799
 -4.65373e-06 -0.00978798 0.00318079
 -7.97037e-06 -0.0167637 0.00544767
 -1.0643e-05 -0.022385 0.00727443
 -1.13405e-05 -0.0238519 0.00775113
weights matrix:
 -1.02559 0.252847 -0.0665396
 1.91513 -2.38496 -0.639664
 -2.46541 1.12334 2.08391
 -2.0718 -0.892413 2.8842
 0.954995 0.792347 -3.23176
regression_error on 'test' 0.0897828
classification_error on 'test' 0.0526316
Save,4089,0.0897828,0.0526316
sample_count 75 Sample index 1
 i 0:0.582374 i 1:0.445654 i 2:0.581855 i 3:0.536988 bias 1
 test_print 3.14687
net matrix:
 -1.33584 0.0511385 -0.794264
outputs matrix:
 0.0646653 0.525547 0.169591
error matrix:
 -0.0646653 0.474453 -0.169591
delta matrix:
 -0.0078224 0.236607 -0.0477669
weights_delta matrix:
 -0.000455556 0.0137794 -0.00278182
 -0.000348608 0.0105445 -0.00212875
 -0.00045515 0.0137671 -0.00277934
 -0.000420053 0.0127055 -0.00256503
 -0.00078224 0.0236607 -0.00477669
weights matrix:
 -1.02604 0.266626 -0.0693214
 1.91478 -2.37441 -0.641792
 -2.46587 1.13711 2.08113
 -2.07222 -0.879707 2.88163
 0.954213 0.816007 -3.23653
regression_error on 'test' 0.0925042
classification_error on 'test' 0.131579
Save,4090,0.0925042,0.131579
sample_count 75 Sample index 28
 i 0:0.305227 i 1:0.551523 i 2:0.113105 i 3:0.135476 bias 1
 test_print 2.10533
net matrix:
 1.13744 -0.402721 -2.98588
outputs matrix:
 0.906776 0.308862 0.00254328
error matrix:
 0.0932243 -0.308862 -0.00254328
delta matrix:
 0.0157611 -0.131864 -1.29037e-05
weights_delta matrix:
 0.000481073 -0.00402483 -3.93855e-07
 0.000869264 -0.00727258 -7.11667e-07
 0.000178266 -0.00149144 -1.45947e-07
 0.000213526 -0.00178643 -1.74814e-07
 0.00157611 -0.0131864 -1.29037e-06
weights matrix:
 -1.02556 0.262602 -0.0693218
 1.91565 -2.38169 -0.641793
 -2.46569 1.13562 2.08113
 -2.072 -0.881494 2.88163
 0.955789 0.802821 -3.23653
regression_error on 'test' 0.0915588
classification_error on 'test' 0.105263
Save,4091,0.0915588,0.105263
sample_count 75 Sample index 5
 i 0:0.536183 i 1:0.198626 i 2:0.687702 i 3:0.60999 bias 1
 test_print 3.0325
net matrix:
 -2.17316 0.713822 -0.212218
outputs matrix:
 0.0127886 0.806534 0.395456
error matrix:
 -0.0127886 -0.806534 0.604544
delta matrix:
 -0.000322914 -0.251698 0.289057
weights_delta matrix:
 -1.73141e-05 -0.0134956 0.0154988
 -6.41392e-06 -0.00499938 0.00574143
 -2.22069e-05 -0.0173093 0.0198785
 -1.96975e-05 -0.0153533 0.0176322
 -3.22914e-05 -0.0251698 0.0289057
weights matrix:
 -1.02558 0.249106 -0.053823
 1.91564 -2.38669 -0.636052
 -2.46571 1.11831 2.10101
 -2.07202 -0.896847 2.89926
 0.955757 0.777651 -3.20763
regression_error on 'test' 0.0873477
classification_error on 'test' 0.0526316
Save,4092,0.0873477,0.0526316
sample_count 75 Sample index 25
 i 0:0.628566 i 1:0.410364 i 2:0.778427 i 3:0.865497 bias 1
 test_print 3.68285
net matrix:
 -2.61548 0.0491228 0.642312
outputs matrix:
 0.00531989 0.524542 0.783236
error matrix:
 -0.00531989 -0.524542 0.216764
delta matrix:
 -5.63013e-05 -0.261639 0.0736034
weights_delta matrix:
 -3.53891e-06 -0.0164457 0.00462646
 -2.3104e-06 -0.0107367 0.00302042
 -4.38264e-06 -0.0203667 0.00572949
 -4.87286e-06 -0.0226448 0.00637035
 -5.63013e-06 -0.0261639 0.00736034
weights matrix:
 -1.02558 0.23266 -0.0491966
 1.91564 -2.39742 -0.633031
 -2.46572 1.09794 2.10674
 -2.07203 -0.919492 2.90563
 0.955751 0.751487 -3.20027
regression_error on 'test' 0.084454
classification_error on 'test' 0.105263
Save,4093,0.084454,0.105263
sample_count 75 Sample index 43
 i 0:0.582374 i 1:0.198626 i 2:0.612097 i 3:0.60999 bias 1
 test_print 3.00309
net matrix:
 -2.0342 0.521957 -0.292721
outputs matrix:
 0.0168171 0.739605 0.357682
error matrix:
 -0.0168171 0.260395 -0.357682
delta matrix:
 -0.000556115 0.100299 -0.164351
weights_delta matrix:
 -3.23867e-05 0.00584115 -0.0095714
 -1.10459e-05 0.0019922 -0.00326445
 -3.40397e-05 0.00613927 -0.0100599
 -3.39225e-05 0.00611813 -0.0100253
 -5.56115e-05 0.0100299 -0.0164351
weights matrix:
 -1.02561 0.238501 -0.058768
 1.91563 -2.39543 -0.636296
 -2.46575 1.10408 2.09668
 -2.07206 -0.913374 2.89561
 0.955696 0.761517 -3.2167
regression_error on 'test' 0.0860758
classification_error on 'test' 0.0789474
Save,4094,0.0860758,0.0789474
sample_count 75 Sample index 23
 i 0:0.975 i 1:0.763262 i 2:0.899395 i 3:0.792495 bias 1
 test_print 4.43015
net matrix:
 -2.44194 -0.565125 0.420833
outputs matrix:
 0.00751081 0.244115 0.698816
error matrix:
 -0.00751081 -0.244115 0.301184
delta matrix:
 -0.000111977 -0.0900895 0.126782
weights_delta matrix:
 -1.09178e-05 -0.00878373 0.0123612
 -8.54678e-06 -0.00687619 0.00967676
 -1.00712e-05 -0.00810261 0.0114027
 -8.87413e-06 -0.00713955 0.0100474
 -1.11977e-05 -0.00900895 0.0126782
weights matrix:
 -1.02563 0.229718 -0.0464067
 1.91562 -2.40231 -0.626619
 -2.46576 1.09598 2.10808
 -2.07207 -0.920513 2.90565
 0.955684 0.752508 -3.20402
regression_error on 'test' 0.0842623
classification_error on 'test' 0.105263
Save,4095,0.0842623,0.105263
sample_count 75 Sample index 45
 i 0:0.697853 i 1:0.586813 i 2:0.793548 i 3:0.975 bias 1
 test_print 4.05321
net matrix:
 -2.61291 -0.524677 0.901758
outputs matrix:
 0.0053472 0.259349 0.858576
error matrix:
 -0.0053472 -0.259349 0.141424
delta matrix:
 -5.68793e-05 -0.0996352 0.0343441
weights_delta matrix:
 -3.96934e-06 -0.00695307 0.00239672
 -3.33775e-06 -0.00584672 0.00201536
 -4.51364e-06 -0.00790653 0.00272537
 -5.54573e-06 -0.00971444 0.00334855
 -5.68793e-06 -0.00996352 0.00343441
weights matrix:
 -1.02563 0.222765 -0.04401
 1.91562 -2.40815 -0.624604
 -2.46577 1.08807 2.1108
 -2.07208 -0.930228 2.909
 0.955679 0.742545 -3.20059
regression_error on 'test' 0.0832171
classification_error on 'test' 0.0789474
Save,4096,0.0832171,0.0789474
sample_count 75 Sample index 43
 i 0:0.582374 i 1:0.198626 i 2:0.612097 i 3:0.60999 bias 1
 test_print 3.00309
net matrix:
 -2.03436 0.49253 -0.283803
outputs matrix:
 0.0168117 0.728111 0.36179
error matrix:
 -0.0168117 0.271889 -0.36179
delta matrix:
 -0.00055576 0.107649 -0.167073
weights_delta matrix:
 -3.2366e-05 0.0062692 -0.00972989
 -1.10388e-05 0.00213819 -0.0033185
 -3.40179e-05 0.00658917 -0.0102265
 -3.39008e-05 0.00656649 -0.0101913
 -5.5576e-05 0.0107649 -0.0167073
weights matrix:
 -1.02566 0.229034 -0.0537399
 1.9156 -2.40601 -0.627922
 -2.4658 1.09466 2.10058
 -2.07211 -0.923661 2.89881
 0.955623 0.75331 -3.2173
regression_error on 'test' 0.0847757
classification_error on 'test' 0.105263
Save,4097,0.0847757,0.105263
sample_count 75 Sample index 12
 i 0:0.166653 i 1:0.480944 i 2:0.128226 i 3:0.135476 bias 1
 test_print 1.9113
net matrix:
 1.10909 -0.35045 -2.86618
outputs matrix:
 0.90187 0.331613 0.00322896
error matrix:
 0.0981295 -0.331613 -0.00322896
delta matrix:
 0.017369 -0.147001 -2.0785e-05
weights_delta matrix:
 0.000289459 -0.00244982 -3.46389e-07
 0.000835349 -0.00706993 -9.99644e-07
 0.000222715 -0.00188494 -2.66518e-07
 0.000235308 -0.00199151 -2.81587e-07
 0.0017369 -0.0147001 -2.0785e-06
weights matrix:
 -1.02537 0.226584 -0.0537403
 1.91644 -2.41308 -0.627923
 -2.46558 1.09277 2.10058
 -2.07187 -0.925653 2.89881
 0.95736 0.73861 -3.2173
regression_error on 'test' 0.08419
classification_error on 'test' 0.105263
Save,4098,0.08419,0.105263
sample_count 75 Sample index 6
 i 0:0.305227 i 1:0.657392 i 2:0.128226 i 3:0.171977 bias 1
 test_print 2.26282
net matrix:
 1.23178 -0.797642 -2.87862
outputs matrix:
 0.921547 0.168642 0.00314989
error matrix:
 0.0784533 -0.168642 -0.00314989
delta matrix:
 0.0113441 -0.0472877 -1.97811e-05
weights_delta matrix:
 0.000346252 -0.00144335 -6.03773e-07
 0.000745751 -0.00310865 -1.30039e-06
 0.000145461 -0.000606351 -2.53645e-07
 0.000195092 -0.000813239 -3.4019e-07
 0.00113441 -0.00472877 -1.97811e-06
weights matrix:
 -1.02503 0.225141 -0.0537409
 1.91719 -2.41619 -0.627924
 -2.46543 1.09217 2.10058
 -2.07168 -0.926466 2.89881
 0.958494 0.733881 -3.2173
regression_error on 'test' 0.0839891
classification_error on 'test' 0.105263
Save,4099,0.0839891,0.105263
sample_count 75 Sample index 67
 i 0:0.443801 i 1:0.375074 i 2:0.566734 i 3:0.536988 bias 1
 test_print 2.9226
net matrix:
 -1.28704 0.0490148 -0.729574
outputs matrix:
 0.0708256 0.524488 0.188598
error matrix:
 -0.0708256 0.475512 -0.188598
delta matrix:
 -0.00932197 0.237186 -0.0577217
weights_delta matrix:
 -0.00041371 0.0105263 -0.00256169
 -0.000349643 0.00889622 -0.00216499
 -0.000528307 0.0134421 -0.00327128
 -0.000500578 0.0127366 -0.00309959
 -0.000932197 0.0237186 -0.00577217
weights matrix:
 -1.02544 0.235667 -0.0563026
 1.91684 -2.4073 -0.630089
 -2.46596 1.10561 2.09731
 -2.07218 -0.913729 2.89571
 0.957562 0.757599 -3.22307
regression_error on 'test' 0.0858012
classification_error on 'test' 0.0789474
Save,4100,0.0858012,0.0789474
sample_count 75 Sample index 20
 i 0:0.489992 i 1:0.375074 i 2:0.521371 i 3:0.500487 bias 1
 test_print 2.88692
net matrix:
 -1.14872 0.0892832 -0.944251
outputs matrix:
 0.0913353 0.544523 0.131415
error matrix:
 -0.0913353 0.455477 -0.131415
delta matrix:
 -0.0151604 0.225933 -0.030001
weights_delta matrix:
 -0.000742848 0.0110705 -0.00147002
 -0.000568628 0.00847414 -0.00112526
 -0.00079042 0.0117795 -0.00156416
 -0.000758759 0.0113076 -0.00150151
 -0.00151604 0.0225933 -0.0030001
weights matrix:
 -1.02618 0.246737 -0.0577726
 1.91627 -2.39882 -0.631215
 -2.46675 1.11739 2.09574
 -2.07294 -0.902422 2.89421
 0.956046 0.780193 -3.22607
regression_error on 'test' 0.0876413
classification_error on 'test' 0.0526316
Save,4101,0.0876413,0.0526316
sample_count 75 Sample index 74
 i 0:0.443801 i 1:0.480944 i 2:0.551613 i 3:0.536988 bias 1
 test_print 3.01335
net matrix:
 -1.05159 -0.132228 -0.845097
outputs matrix:
 0.108788 0.434269 0.15575
error matrix:
 -0.108788 0.565731 -0.15575
delta matrix:
 -0.0210945 0.277977 -0.0409599
weights_delta matrix:
 -0.000936178 0.0123366 -0.0018178
 -0.00101453 0.0133691 -0.00196994
 -0.0011636 0.0153336 -0.0022594
 -0.00113275 0.014927 -0.0021995
 -0.00210945 0.0277977 -0.00409599
weights matrix:
 -1.02712 0.259074 -0.0595904
 1.91525 -2.38545 -0.633185
 -2.46792 1.13272 2.09348
 -2.07407 -0.887495 2.89201
 0.953937 0.80799 -3.23017
regression_error on 'test' 0.0903807
classification_error on 'test' 0.0526316
Save,4102,0.0903807,0.0526316
sample_count 75 Sample index 28
 i 0:0.305227 i 1:0.551523 i 2:0.113105 i 3:0.135476 bias 1
 test_print 2.10533
net matrix:
 1.13662 -0.420683 -2.96899
outputs matrix:
 0.906636 0.301247 0.0026304
error matrix:
 0.0933639 -0.301247 -0.0026304
delta matrix:
 0.015806 -0.126823 -1.38016e-05
weights_delta matrix:
 0.000482441 -0.00387099 -4.21262e-07
 0.000871736 -0.0069946 -7.6119e-07
 0.000178773 -0.00143443 -1.56103e-07
 0.000214133 -0.00171815 -1.86979e-07
 0.0015806 -0.0126823 -1.38016e-06
weights matrix:
 -1.02664 0.255203 -0.0595908
 1.91612 -2.39245 -0.633185
 -2.46774 1.13129 2.09348
 -2.07386 -0.889213 2.89201
 0.955517 0.795308 -3.23017
regression_error on 'test' 0.0895311
classification_error on 'test' 0.0526316
Save,4103,0.0895311,0.0526316
sample_count 75 Sample index 48
 i 0:0.744044 i 1:0.516233 i 2:0.748185 i 3:0.828996 bias 1
 test_print 3.83746
net matrix:
 -2.38472 -0.140611 0.362397
outputs matrix:
 0.00841372 0.430154 0.673662
error matrix:
 -0.00841372 -0.430154 0.326338
delta matrix:
 -0.00014039 -0.21088 0.143485
weights_delta matrix:
 -1.04456e-05 -0.0156904 0.0106759
 -7.2474e-06 -0.0108863 0.00740718
 -1.05038e-05 -0.0157777 0.0107354
 -1.16383e-05 -0.0174819 0.0118949
 -1.4039e-05 -0.021088 0.0143485
weights matrix:
 -1.02665 0.239513 -0.0489149
 1.91612 -2.40333 -0.625778
 -2.46775 1.11551 2.10422
 -2.07387 -0.906695 2.90391
 0.955503 0.77422 -3.21582
regression_error on 'test' 0.0862698
classification_error on 'test' 0.0789474
Save,4104,0.0862698,0.0789474
sample_count 75 Sample index 44
 i 0:0.536183 i 1:0.375074 i 2:0.702823 i 3:0.646491 bias 1
 test_print 3.26057
net matrix:
 -1.95141 0.199051 -0.120521
outputs matrix:
 0.0197856 0.598232 0.440029
error matrix:
 -0.0197856 0.401768 -0.440029
delta matrix:
 -0.00076745 0.19313 -0.21685
weights_delta matrix:
 -4.11493e-05 0.0103553 -0.0116271
 -2.8785e-05 0.00724382 -0.00813347
 -5.39381e-05 0.0135737 -0.0152407
 -4.96149e-05 0.0124857 -0.0140191
 -7.6745e-05 0.019313 -0.021685
weights matrix:
 -1.02669 0.249868 -0.060542
 1.91609 -2.39609 -0.633912
 -2.4678 1.12908 2.08898
 -2.07392 -0.894209 2.88989
 0.955427 0.793533 -3.23751
regression_error on 'test' 0.0894011
classification_error on 'test' 0.0526316
Save,4105,0.0894011,0.0526316
sample_count 75 Sample index 40
 i 0:0.328323 i 1:0.763262 i 2:0.158468 i 3:0.171977 bias 1
 test_print 2.42203
net matrix:
 1.33309 -0.928134 -2.9132
outputs matrix:
 0.935001 0.135139 0.00294003
error matrix:
 0.0649993 -0.135139 -0.00294003
delta matrix:
 0.00790059 -0.0315889 -1.72367e-05
weights_delta matrix:
 0.000259394 -0.00103714 -5.65922e-07
 0.000603022 -0.00241106 -1.31561e-06
 0.000125199 -0.000500584 -2.73147e-07
 0.000135872 -0.000543257 -2.96432e-07
 0.000790059 -0.00315889 -1.72367e-06
weights matrix:
 -1.02643 0.248831 -0.0605426
 1.91669 -2.3985 -0.633913
 -2.46768 1.12858 2.08898
 -2.07378 -0.894752 2.88989
 0.956217 0.790374 -3.23751
regression_error on 'test' 0.0891821
classification_error on 'test' 0.0526316
Save,4106,0.0891821,0.0526316
sample_count 75 Sample index 73
 i 0:0.582374 i 1:0.410364 i 2:0.65746 i 3:0.719493 bias 1
 test_print 3.36969
net matrix:
 -1.96948 0.0492589 -0.0802308
outputs matrix:
 0.0190968 0.52461 0.45997
error matrix:
 -0.0190968 -0.52461 0.54003
delta matrix:
 -0.000715444 -0.261669 0.268284
weights_delta matrix:
 -4.16656e-05 -0.0152389 0.0156242
 -2.93592e-05 -0.010738 0.0110094
 -4.70376e-05 -0.0172037 0.0176386
 -5.14757e-05 -0.0188269 0.0193029
 -7.15444e-05 -0.0261669 0.0268284
weights matrix:
 -1.02647 0.233592 -0.0449184
 1.91666 -2.40924 -0.622904
 -2.46772 1.11138 2.10662
 -2.07383 -0.913579 2.90919
 0.956145 0.764207 -3.21068
regression_error on 'test' 0.0851411
classification_error on 'test' 0.105263
Save,4107,0.0851411,0.105263
sample_count 75 Sample index 63
 i 0:0.420705 i 1:0.904421 i 2:0.143347 i 3:0.135476 bias 1
 test_print 2.60395
net matrix:
 1.62308 -1.28094 -3.09684
outputs matrix:
 0.962535 0.0716322 0.00203812
error matrix:
 0.0374652 -0.0716322 -0.00203812
delta matrix:
 0.00270211 -0.00952723 -8.29096e-06
weights_delta matrix:
 0.000113679 -0.000400815 -3.48805e-07
 0.000244385 -0.000861662 -7.49851e-07
 3.8734e-05 -0.00013657 -1.18848e-07
 3.66072e-05 -0.000129071 -1.12323e-07
 0.000270211 -0.000952723 -8.29096e-07
weights matrix:
 -1.02636 0.233191 -0.0449187
 1.91691 -2.4101 -0.622904
 -2.46768 1.11124 2.10662
 -2.0738 -0.913708 2.90919
 0.956415 0.763255 -3.21068
regression_error on 'test' 0.0850855
classification_error on 'test' 0.105263
Save,4108,0.0850855,0.105263
sample_count 75 Sample index 73
 i 0:0.582374 i 1:0.410364 i 2:0.65746 i 3:0.719493 bias 1
 test_print 3.36969
net matrix:
 -1.96916 -0.0167683 -0.014302
outputs matrix:
 0.0191085 0.491617 0.492849
error matrix:
 -0.0191085 -0.491617 0.507151
delta matrix:
 -0.000716314 -0.245739 0.253523
weights_delta matrix:
 -4.17162e-05 -0.0143112 0.0147645
 -2.93949e-05 -0.0100843 0.0104037
 -4.70948e-05 -0.0161564 0.0166681
 -5.15383e-05 -0.0176808 0.0182408
 -7.16314e-05 -0.0245739 0.0253523
weights matrix:
 -1.0264 0.21888 -0.0301542
 1.91688 -2.42019 -0.612501
 -2.46773 1.09509 2.12328
 -2.07385 -0.931389 2.92743
 0.956344 0.738681 -3.18533
regression_error on 'test' 0.0821132
classification_error on 'test' 0.0789474
Save,4109,0.0821132,0.0789474
sample_count 75 Sample index 46
 i 0:0.928809 i 1:0.480944 i 2:0.854032 i 3:0.901998 bias 1
 test_print 4.16578
net matrix:
 -3.0532 -0.126867 0.945973
outputs matrix:
 0.00222359 0.436905 0.868977
error matrix:
 -0.00222359 -0.436905 0.131023
delta matrix:
 -9.86673e-06 -0.214974 0.0298354
weights_delta matrix:
 -9.16431e-07 -0.019967 0.00277114
 -4.74535e-07 -0.010339 0.00143492
 -8.42651e-07 -0.0183594 0.00254804
 -8.89977e-07 -0.0193906 0.00269115
 -9.86673e-07 -0.0214974 0.00298354
weights matrix:
 -1.0264 0.198913 -0.027383
 1.91688 -2.43053 -0.611066
 -2.46773 1.07673 2.12583
 -2.07385 -0.950779 2.93012
 0.956343 0.717183 -3.18235
regression_error on 'test' 0.0804903
classification_error on 'test' 0.0789474
Save,4110,0.0804903,0.0789474
sample_count 75 Sample index 16
 i 0:0.60547 i 1:0.304495 i 2:0.687702 i 3:0.755994 bias 1
 test_print 3.35366
net matrix:
 -2.34631 0.119221 0.292101
outputs matrix:
 0.00907938 0.55933 0.642034
error matrix:
 -0.00907938 -0.55933 0.357966
delta matrix:
 -0.000163373 -0.275727 0.16454
weights_delta matrix:
 -9.89177e-06 -0.0166944 0.00996242
 -4.97464e-06 -0.00839575 0.00501017
 -1.12352e-05 -0.0189618 0.0113155
 -1.23509e-05 -0.0208448 0.0124391
 -1.63373e-05 -0.0275727 0.016454
weights matrix:
 -1.02641 0.182219 -0.0174206
 1.91687 -2.43892 -0.606056
 -2.46774 1.05777 2.13715
 -2.07386 -0.971624 2.94256
 0.956326 0.689611 -3.16589
regression_error on 'test' 0.0788417
classification_error on 'test' 0.0789474
Save,4111,0.0788417,0.0789474
sample_count 75 Sample index 11
 i 0:0.536183 i 1:0.198626 i 2:0.536492 i 3:0.427485 bias 1
 test_print 2.69879
net matrix:
 -1.42375 0.455008 -0.891148
outputs matrix:
 0.0548111 0.713004 0.14402
error matrix:
 -0.0548111 0.286996 -0.14402
delta matrix:
 -0.00567919 0.117456 -0.035509
weights_delta matrix:
 -0.000304508 0.00629779 -0.00190393
 -0.000112803 0.00233298 -0.000705301
 -0.000304684 0.00630141 -0.00190503
 -0.000242777 0.00502106 -0.00151796
 -0.000567919 0.0117456 -0.0035509
weights matrix:
 -1.02671 0.188516 -0.0193246
 1.91676 -2.43659 -0.606761
 -2.46805 1.06407 2.13524
 -2.0741 -0.966603 2.94104
 0.955758 0.701356 -3.16944
regression_error on 'test' 0.079253
classification_error on 'test' 0.0789474
Save,4112,0.079253,0.0789474
sample_count 75 Sample index 5
 i 0:0.536183 i 1:0.198626 i 2:0.687702 i 3:0.60999 bias 1
 test_print 3.0325
net matrix:
 -2.17649 0.460609 -0.0379059
outputs matrix:
 0.0127048 0.71529 0.481056
error matrix:
 -0.0127048 -0.71529 0.518944
delta matrix:
 -0.000318723 -0.291338 0.259099
weights_delta matrix:
 -1.70894e-05 -0.015621 0.0138925
 -6.33066e-06 -0.00578673 0.00514639
 -2.19186e-05 -0.0200354 0.0178183
 -1.94418e-05 -0.0177713 0.0158048
 -3.18723e-05 -0.0291338 0.0259099
weights matrix:
 -1.02673 0.172895 -0.00543209
 1.91675 -2.44237 -0.601614
 -2.46807 1.04403 2.15306
 -2.07412 -0.984375 2.95685
 0.955727 0.672222 -3.14353
regression_error on 'test' 0.0779243
classification_error on 'test' 0.0789474
Save,4113,0.0779243,0.0789474
sample_count 75 Sample index 35
 i 0:0.189749 i 1:0.233915 i 2:0.128226 i 3:0.171977 bias 1
 test_print 1.72387
net matrix:
 0.53609 0.0983033 -2.5007
outputs matrix:
 0.745011 0.548994 0.00668352
error matrix:
 0.254989 -0.548994 -0.00668352
delta matrix:
 0.0968801 -0.271861 -8.87418e-05
weights_delta matrix:
 0.00183829 -0.00515854 -1.68387e-06
 0.00226617 -0.00635924 -2.0758e-06
 0.00124225 -0.00348597 -1.1379e-06
 0.00166611 -0.00467539 -1.52616e-06
 0.00968801 -0.0271861 -8.87418e-06
weights matrix:
 -1.02489 0.167737 -0.00543377
 1.91902 -2.44873 -0.601617
 -2.46683 1.04055 2.15306
 -2.07246 -0.98905 2.95685
 0.965415 0.645036 -3.14354
regression_error on 'test' 0.077728
classification_error on 'test' 0.105263
Save,4114,0.077728,0.105263
sample_count 75 Sample index 56
 i 0:0.328323 i 1:0.727972 i 2:0.158468 i 3:0.208478 bias 1
 test_print 2.42324
net matrix:
 1.20294 -1.1238 -2.62566
outputs matrix:
 0.917274 0.0955561 0.0052133
error matrix:
 0.0827261 -0.0955561 -0.0052133
delta matrix:
 0.0125549 -0.0165169 -5.40737e-05
weights_delta matrix:
 0.000412207 -0.000542288 -1.77536e-06
 0.000913963 -0.00120238 -3.93641e-06
 0.000198955 -0.00026174 -8.56895e-07
 0.000261742 -0.000344341 -1.12732e-06
 0.00125549 -0.00165169 -5.40737e-06
weights matrix:
 -1.02448 0.167194 -0.00543555
 1.91993 -2.44994 -0.60162
 -2.46663 1.04028 2.15306
 -2.0722 -0.989394 2.95684
 0.96667 0.643384 -3.14355
regression_error on 'test' 0.0777176
classification_error on 'test' 0.105263
Save,4115,0.0777176,0.105263
sample_count 75 Sample index 17
 i 0:0.443801 i 1:0.304495 i 2:0.521371 i 3:0.463986 bias 1
 test_print 2.73365
net matrix:
 -1.15088 0.0549013 -0.834673
outputs matrix:
 0.0909766 0.527423 0.158511
error matrix:
 -0.0909766 0.472577 -0.158511
delta matrix:
 -0.0150475 0.235578 -0.0422863
weights_delta matrix:
 -0.00066781 0.010455 -0.00187667
 -0.000458189 0.00717322 -0.0012876
 -0.000784534 0.0122823 -0.00220468
 -0.000698183 0.0109305 -0.00196202
 -0.00150475 0.0235578 -0.00422863
weights matrix:
 -1.02515 0.177649 -0.00731222
 1.91947 -2.44276 -0.602908
 -2.46741 1.05257 2.15085
 -2.07289 -0.978464 2.95488
 0.965165 0.666942 -3.14778
regression_error on 'test' 0.0780966
classification_error on 'test' 0.0789474
Save,4116,0.0780966,0.0789474
sample_count 75 Sample index 24
 i 0:0.466896 i 1:0.445654 i 2:0.566734 i 3:0.536988 bias 1
 test_print 3.01627
net matrix:
 -1.16954 -0.267639 -0.61418
outputs matrix:
 0.0879381 0.369287 0.226469
error matrix:
 -0.0879381 0.630713 -0.226469
delta matrix:
 -0.0141062 0.293804 -0.0793459
weights_delta matrix:
 -0.000658611 0.0137176 -0.00370463
 -0.000628647 0.0130935 -0.00353608
 -0.000799444 0.0166509 -0.0044968
 -0.000757484 0.0157769 -0.00426078
 -0.00141062 0.0293804 -0.00793459
weights matrix:
 -1.02581 0.191367 -0.0110168
 1.91885 -2.42967 -0.606444
 -2.46821 1.06922 2.14636
 -2.07365 -0.962687 2.95062
 0.963755 0.696323 -3.15571
regression_error on 'test' 0.0790181
classification_error on 'test' 0.0789474
Save,4117,0.0790181,0.0789474
sample_count 75 Sample index 28
 i 0:0.305227 i 1:0.551523 i 2:0.113105 i 3:0.135476 bias 1
 test_print 2.10533
net matrix:
 1.14884 -0.594773 -2.85104
outputs matrix:
 0.908685 0.23334 0.00332791
error matrix:
 0.0913151 -0.23334 -0.00332791
delta matrix:
 0.015154 -0.0834857 -2.20763e-05
weights_delta matrix:
 0.000462542 -0.00254821 -6.73827e-07
 0.00083578 -0.00460443 -1.21756e-06
 0.0001714 -0.000944265 -2.49694e-07
 0.000205301 -0.00113103 -2.9908e-07
 0.0015154 -0.00834857 -2.20763e-06
weights matrix:
 -1.02534 0.188819 -0.0110175
 1.91968 -2.43427 -0.606445
 -2.46804 1.06827 2.14636
 -2.07345 -0.963818 2.95062
 0.96527 0.687974 -3.15571
regression_error on 'test' 0.0788449
classification_error on 'test' 0.0789474
Save,4118,0.0788449,0.0789474
sample_count 75 Sample index 66
 i 0:0.60547 i 1:0.304495 i 2:0.672581 i 3:0.60999 bias 1
 test_print 3.19254
net matrix:
 -1.99575 0.191655 -0.103594
outputs matrix:
 0.0181369 0.594671 0.448387
error matrix:
 -0.0181369 0.405329 -0.448387
delta matrix:
 -0.000645964 0.195399 -0.221805
weights_delta matrix:
 -3.91112e-05 0.0118308 -0.0134296
 -1.96693e-05 0.00594979 -0.00675384
 -4.34463e-05 0.0131421 -0.0149182
 -3.94031e-05 0.0119191 -0.0135299
 -6.45964e-05 0.0195399 -0.0221805
weights matrix:
 -1.02538 0.20065 -0.0244471
 1.91966 -2.42832 -0.613199
 -2.46808 1.08142 2.13144
 -2.07349 -0.951899 2.93709
 0.965205 0.707514 -3.17789
regression_error on 'test' 0.0801952
classification_error on 'test' 0.0789474
Save,4119,0.0801952,0.0789474
sample_count 75 Sample index 54
 i 0:0.305227 i 1:0.622103 i 2:0.158468 i 3:0.135476 bias 1
 test_print 2.22127
net matrix:
 1.17444 -0.6995 -2.83116
outputs matrix:
 0.912845 0.197975 0.00346243
error matrix:
 0.0871551 -0.197975 -0.00346243
delta matrix:
 0.013868 -0.0628693 -2.38939e-05
weights_delta matrix:
 0.000423288 -0.00191894 -7.29305e-07
 0.00086273 -0.00391112 -1.48644e-06
 0.000219763 -0.000996277 -3.78641e-07
 0.000187878 -0.000851728 -3.23704e-07
 0.0013868 -0.00628693 -2.38939e-06
weights matrix:
 -1.02496 0.198731 -0.0244479
 1.92053 -2.43224 -0.613201
 -2.46786 1.08042 2.13144
 -2.0733 -0.95275 2.93709
 0.966592 0.701227 -3.1779
regression_error on 'test' 0.0800226
classification_error on 'test' 0.0789474
Save,4120,0.0800226,0.0789474
sample_count 75 Sample index 6
 i 0:0.305227 i 1:0.657392 i 2:0.128226 i 3:0.171977 bias 1
 test_print 2.26282
net matrix:
 1.24328 -0.86236 -2.81005
outputs matrix:
 0.923194 0.151264 0.00361117
error matrix:
 0.0768057 -0.151264 -0.00361117
delta matrix:
 0.0108921 -0.0388396 -2.59869e-05
weights_delta matrix:
 0.000332455 -0.00118549 -7.93191e-07
 0.000716035 -0.00255328 -1.70836e-06
 0.000139664 -0.000498024 -3.3322e-07
 0.000187318 -0.000667951 -4.46915e-07
 0.00108921 -0.00388396 -2.59869e-06
weights matrix:
 -1.02463 0.197545 -0.0244487
 1.92124 -2.43479 -0.613202
 -2.46773 1.07992 2.13144
 -2.07311 -0.953418 2.93709
 0.967681 0.697343 -3.1779
regression_error on 'test' 0.0799204
classification_error on 'test' 0.0789474
Save,4121,0.0799204,0.0789474
sample_count 75 Sample index 19
 i 0:0.674757 i 1:0.480944 i 2:0.596976 i 3:0.573489 bias 1
 test_print 3.32617
net matrix:
 -1.46176 -0.242447 -0.532504
outputs matrix:
 0.0510028 0.381097 0.256353
error matrix:
 -0.0510028 0.618903 -0.256353
delta matrix:
 -0.00493722 0.291951 -0.0977406
weights_delta matrix:
 -0.000333142 0.0196996 -0.00659511
 -0.000237453 0.0140412 -0.00470078
 -0.00029474 0.0174288 -0.00583488
 -0.000283144 0.0167431 -0.00560532
 -0.000493722 0.0291951 -0.00977406
weights matrix:
 -1.02496 0.217245 -0.0310438
 1.921 -2.42075 -0.617903
 -2.46802 1.09735 2.1256
 -2.07339 -0.936675 2.93149
 0.967188 0.726538 -3.18767
regression_error on 'test' 0.0817174
classification_error on 'test' 0.0789474
Save,4122,0.0817174,0.0789474
sample_count 75 Sample index 59
 i 0:0.60547 i 1:0.233915 i 2:0.596976 i 3:0.536988 bias 1
 test_print 2.97335
net matrix:
 -1.79078 0.443933 -0.507898
outputs matrix:
 0.0270786 0.708449 0.265847
error matrix:
 -0.0270786 0.291551 -0.265847
delta matrix:
 -0.00142679 0.120439 -0.103772
weights_delta matrix:
 -8.63877e-05 0.00729221 -0.00628308
 -3.33747e-05 0.00281725 -0.00242738
 -8.51758e-05 0.00718991 -0.00619494
 -7.66168e-05 0.00646742 -0.00557243
 -0.000142679 0.0120439 -0.0103772
weights matrix:
 -1.02505 0.224537 -0.0373268
 1.92097 -2.41793 -0.620331
 -2.46811 1.10454 2.11941
 -2.07347 -0.930208 2.92591
 0.967045 0.738582 -3.19805
regression_error on 'test' 0.082807
classification_error on 'test' 0.0789474
Save,4123,0.082807,0.0789474
sample_count 75 Sample index 31
 i 0:0.559279 i 1:0.339785 i 2:0.778427 i 3:0.573489 bias 1
 test_print 3.25098
net matrix:
 -2.06388 0.368924 -0.101921
outputs matrix:
 0.0158633 0.676525 0.449215
error matrix:
 -0.0158633 -0.676525 0.550785
delta matrix:
 -0.000495306 -0.2961 0.272551
weights_delta matrix:
 -2.77014e-05 -0.0165603 0.0152432
 -1.68297e-05 -0.010061 0.00926088
 -3.85559e-05 -0.0230492 0.0212161
 -2.84052e-05 -0.016981 0.0156305
 -4.95306e-05 -0.02961 0.0272551
weights matrix:
 -1.02508 0.207977 -0.0220836
 1.92095 -2.42799 -0.61107
 -2.46814 1.08149 2.14062
 -2.0735 -0.947189 2.94154
 0.966996 0.708972 -3.17079
regression_error on 'test' 0.0801474
classification_error on 'test' 0.0789474
Save,4124,0.0801474,0.0789474
sample_count 75 Sample index 40
 i 0:0.328323 i 1:0.763262 i 2:0.158468 i 3:0.171977 bias 1
 test_print 2.42203
net matrix:
 1.34891 -1.06745 -2.79935
outputs matrix:
 0.936898 0.105751 0.003689
error matrix:
 0.0631016 -0.105751 -0.003689
delta matrix:
 0.0074611 -0.0200011 -2.7117e-05
weights_delta matrix:
 0.000244965 -0.000656683 -8.90313e-07
 0.000569477 -0.00152661 -2.06974e-06
 0.000118235 -0.000316954 -4.29717e-07
 0.000128314 -0.000343973 -4.6635e-07
 0.00074611 -0.00200011 -2.7117e-06
weights matrix:
 -1.02483 0.20732 -0.0220845
 1.92152 -2.42952 -0.611072
 -2.46803 1.08117 2.14062
 -2.07337 -0.947533 2.94154
 0.967742 0.706972 -3.1708
regression_error on 'test' 0.0800839
classification_error on 'test' 0.0789474
Save,4125,0.0800839,0.0789474
sample_count 75 Sample index 59
 i 0:0.60547 i 1:0.233915 i 2:0.596976 i 3:0.536988 bias 1
 test_print 2.97335
net matrix:
 -1.79002 0.400818 -0.469633
outputs matrix:
 0.0271189 0.690325 0.281049
error matrix:
 -0.0271189 0.309675 -0.281049
delta matrix:
 -0.00143098 0.132403 -0.113578
weights_delta matrix:
 -8.66413e-05 0.00801659 -0.00687678
 -3.34727e-05 0.0030971 -0.00265675
 -8.54259e-05 0.00790412 -0.00678031
 -7.68417e-05 0.00710987 -0.00609898
 -0.000143098 0.0132403 -0.0113578
weights matrix:
 -1.02492 0.215337 -0.0289613
 1.92149 -2.42642 -0.613728
 -2.46811 1.08908 2.13384
 -2.07345 -0.940423 2.93544
 0.967599 0.720212 -3.18215
regression_error on 'test' 0.0810327
classification_error on 'test' 0.0789474
Save,4126,0.0810327,0.0789474
sample_count 75 Sample index 53
 i 0:0.489992 i 1:0.410364 i 2:0.702823 i 3:0.938499 bias 1
 test_print 3.54168
net matrix:
 -2.42667 -0.287147 0.806428
outputs matrix:
 0.00774193 0.360247 0.833808
error matrix:
 -0.00774193 -0.360247 0.166192
delta matrix:
 -0.000118947 -0.166051 0.0460594
weights_delta matrix:
 -5.82831e-06 -0.00813638 0.00225687
 -4.88116e-06 -0.00681415 0.00189011
 -8.35987e-06 -0.0116705 0.00323716
 -1.11632e-05 -0.0155839 0.00432267
 -1.18947e-05 -0.0166051 0.00460594
weights matrix:
 -1.02492 0.2072 -0.0267044
 1.92148 -2.43323 -0.611838
 -2.46812 1.07741 2.13708
 -2.07346 -0.956007 2.93977
 0.967587 0.703607 -3.17755
regression_error on 'test' 0.0799794
classification_error on 'test' 0.0789474
Save,4127,0.0799794,0.0789474
sample_count 75 Sample index 8
 i 0:0.489992 i 1:0.375074 i 2:0.702823 i 3:0.755994 bias 1
 test_print 3.32388
net matrix:
 -2.11609 -0.0730182 0.304317
outputs matrix:
 0.0143128 0.463556 0.647629
error matrix:
 -0.0143128 -0.463556 0.352371
delta matrix:
 -0.00040385 -0.230546 0.160826
weights_delta matrix:
 -1.97883e-05 -0.0112966 0.00788034
 -1.51473e-05 -0.0086472 0.00603216
 -2.83835e-05 -0.0162033 0.0113032
 -3.05308e-05 -0.0174292 0.0121583
 -4.0385e-05 -0.0230546 0.0160826
weights matrix:
 -1.02494 0.195904 -0.0188241
 1.92147 -2.44188 -0.605806
 -2.46815 1.0612 2.14838
 -2.07349 -0.973436 2.95192
 0.967546 0.680552 -3.16147
regression_error on 'test' 0.0786641
classification_error on 'test' 0.0789474
Save,4128,0.0786641,0.0789474
sample_count 75 Sample index 71
 i 0:0.143558 i 1:0.480944 i 2:0.0979839 i 3:0.0989754 bias 1
 test_print 1.82146
net matrix:
 1.29746 -0.458098 -2.95285
outputs matrix:
 0.930534 0.285734 0.00271646
error matrix:
 0.0694656 -0.285734 -0.00271646
delta matrix:
 0.00898053 -0.116631 -1.47183e-05
weights_delta matrix:
 0.000128923 -0.00167433 -2.11292e-07
 0.000431913 -0.00560929 -7.07866e-07
 8.79948e-05 -0.00114279 -1.44215e-07
 8.88852e-05 -0.00115436 -1.45675e-07
 0.000898053 -0.0116631 -1.47183e-06
weights matrix:
 -1.02481 0.194229 -0.0188243
 1.9219 -2.44749 -0.605807
 -2.46806 1.06006 2.14838
 -2.0734 -0.97459 2.95192
 0.968444 0.668889 -3.16147
regression_error on 'test' 0.0785122
classification_error on 'test' 0.0789474
Save,4129,0.0785122,0.0789474
sample_count 75 Sample index 60
 i 0:0.559279 i 1:0.410364 i 2:0.536492 i 3:0.536988 bias 1
 test_print 3.04312
net matrix:
 -1.25352 -0.181473 -0.682858
outputs matrix:
 0.0753663 0.410246 0.203313
error matrix:
 -0.0753663 0.589754 -0.203313
delta matrix:
 -0.010504 0.285375 -0.0658639
weights_delta matrix:
 -0.000587466 0.0159604 -0.00368363
 -0.000431046 0.0117108 -0.00270282
 -0.000563531 0.0153101 -0.00353355
 -0.000564052 0.0153243 -0.00353681
 -0.0010504 0.0285375 -0.00658639
weights matrix:
 -1.0254 0.21019 -0.0225079
 1.92147 -2.43578 -0.60851
 -2.46862 1.07537 2.14485
 -2.07396 -0.959266 2.94839
 0.967394 0.697427 -3.16805
regression_error on 'test' 0.0795351
classification_error on 'test' 0.0789474
Save,4130,0.0795351,0.0789474
sample_count 75 Sample index 52
 i 0:0.443801 i 1:0.410364 i 2:0.672581 i 3:0.792495 bias 1
 test_print 3.31924
net matrix:
 -2.00313 -0.245786 0.351415
outputs matrix:
 0.0178759 0.379523 0.668815
error matrix:
 -0.0178759 -0.379523 0.331185
delta matrix:
 -0.000627668 -0.178744 0.146716
weights_delta matrix:
 -2.7856e-05 -0.00793269 0.00651127
 -2.57573e-05 -0.00733502 0.0060207
 -4.22158e-05 -0.012022 0.00986784
 -4.97424e-05 -0.0141654 0.0116272
 -6.27668e-05 -0.0178744 0.0146716
weights matrix:
 -1.02543 0.202257 -0.0159967
 1.92144 -2.44312 -0.602489
 -2.46867 1.06335 2.15472
 -2.07401 -0.973432 2.96002
 0.967331 0.679553 -3.15338
regression_error on 'test' 0.078552
classification_error on 'test' 0.0789474
Save,4131,0.078552,0.0789474
sample_count 75 Sample index 17
 i 0:0.443801 i 1:0.304495 i 2:0.521371 i 3:0.463986 bias 1
 test_print 2.73365
net matrix:
 -1.15209 0.128139 -0.847123
outputs matrix:
 0.0907775 0.563721 0.155218
error matrix:
 -0.0907775 0.436279 -0.155218
delta matrix:
 -0.014985 0.214597 -0.0407061
weights_delta matrix:
 -0.000665036 0.00952382 -0.00180654
 -0.000456286 0.00653436 -0.00123948
 -0.000781275 0.0111884 -0.0021223
 -0.000695283 0.00995698 -0.00188871
 -0.0014985 0.0214597 -0.00407061
weights matrix:
 -1.02609 0.211781 -0.0178032
 1.92099 -2.43658 -0.603729
 -2.46945 1.07454 2.1526
 -2.07471 -0.963475 2.95813
 0.965833 0.701012 -3.15745
regression_error on 'test' 0.0792644
classification_error on 'test' 0.0789474
Save,4132,0.0792644,0.0789474
sample_count 75 Sample index 59
 i 0:0.60547 i 1:0.233915 i 2:0.596976 i 3:0.536988 bias 1
 test_print 2.97335
net matrix:
 -1.79438 0.383385 -0.435927
outputs matrix:
 0.0268894 0.682822 0.294869
error matrix:
 -0.0268894 0.317178 -0.294869
delta matrix:
 -0.0014072 0.137386 -0.122619
weights_delta matrix:
 -8.52015e-05 0.00831834 -0.00742421
 -3.29164e-05 0.00321367 -0.00286824
 -8.40062e-05 0.00820164 -0.00732005
 -7.55647e-05 0.00737749 -0.00658449
 -0.00014072 0.0137386 -0.0122619
weights matrix:
 -1.02618 0.220099 -0.0252274
 1.92096 -2.43337 -0.606597
 -2.46953 1.08274 2.14528
 -2.07479 -0.956097 2.95154
 0.965692 0.714751 -3.16971
regression_error on 'test' 0.0800956
classification_error on 'test' 0.0789474
Save,4133,0.0800956,0.0789474
sample_count 75 Sample index 57
 i 0:0.374514 i 1:0.727972 i 2:0.158468 i 3:0.135476 bias 1
 test_print 2.39643
net matrix:
 1.30735 -0.932191 -2.88093
outputs matrix:
 0.931802 0.134193 0.00313541
error matrix:
 0.0681983 -0.134193 -0.00313541
delta matrix:
 0.00866764 -0.0311825 -1.95999e-05
weights_delta matrix:
 0.000324615 -0.00116783 -7.34045e-07
 0.00063098 -0.00227 -1.42682e-06
 0.000137354 -0.000494144 -3.10596e-07
 0.000117426 -0.000422449 -2.65532e-07
 0.000866764 -0.00311825 -1.95999e-06
weights matrix:
 -1.02585 0.218931 -0.0252281
 1.92159 -2.43564 -0.606598
 -2.46939 1.08225 2.14528
 -2.07467 -0.95652 2.95154
 0.966559 0.711633 -3.16972
regression_error on 'test' 0.0799952
classification_error on 'test' 0.0789474
Save,4134,0.0799952,0.0789474
sample_count 75 Sample index 42
 i 0:0.651661 i 1:0.551523 i 2:0.702823 i 3:0.792495 bias 1
 test_print 3.6985
net matrix:
 -2.02186 -0.486418 0.326121
outputs matrix:
 0.01723 0.274315 0.657516
error matrix:
 -0.01723 -0.274315 0.342484
delta matrix:
 -0.000583515 -0.109214 0.154247
weights_delta matrix:
 -3.80254e-05 -0.00711705 0.0100517
 -3.21822e-05 -0.0060234 0.00850709
 -4.10108e-05 -0.00767581 0.0108409
 -4.62433e-05 -0.00865516 0.012224
 -5.83515e-05 -0.0109214 0.0154247
weights matrix:
 -1.02589 0.211814 -0.0151764
 1.92155 -2.44166 -0.598091
 -2.46943 1.07457 2.15612
 -2.07471 -0.965175 2.96377
 0.9665 0.700711 -3.15429
regression_error on 'test' 0.0791061
classification_error on 'test' 0.0789474
Save,4135,0.0791061,0.0789474
sample_count 75 Sample index 5
 i 0:0.536183 i 1:0.198626 i 2:0.687702 i 3:0.60999 bias 1
 test_print 3.0325
net matrix:
 -2.16568 0.479542 0.00940723
outputs matrix:
 0.0129789 0.722938 0.504703
error matrix:
 -0.0129789 -0.722938 0.495297
delta matrix:
 -0.000332529 -0.289607 0.247626
weights_delta matrix:
 -1.78296e-05 -0.0155282 0.0132773
 -6.60489e-06 -0.00575235 0.0049185
 -2.28681e-05 -0.0199163 0.0170293
 -2.02839e-05 -0.0176657 0.015105
 -3.32529e-05 -0.0289607 0.0247626
weights matrix:
 -1.02591 0.196286 -0.00189914
 1.92155 -2.44741 -0.593173
 -2.46946 1.05465 2.17315
 -2.07473 -0.98284 2.97887
 0.966467 0.67175 -3.12953
regression_error on 'test' 0.0779529
classification_error on 'test' 0.105263
Save,4136,0.0779529,0.105263
sample_count 75 Sample index 22
 i 0:0.305227 i 1:0.233915 i 2:0.430645 i 3:0.427485 bias 1
 test_print 2.39727
net matrix:
 -0.847567 0.193207 -1.05958
outputs matrix:
 0.155102 0.595419 0.107248
error matrix:
 -0.155102 0.404581 -0.107248
delta matrix:
 -0.0406508 0.194923 -0.020537
weights_delta matrix:
 -0.00124077 0.00594958 -0.000626844
 -0.000950882 0.00455954 -0.000480391
 -0.00175061 0.00839427 -0.000884415
 -0.00173776 0.00833267 -0.000877926
 -0.00406508 0.0194923 -0.0020537
weights matrix:
 -1.02715 0.202236 -0.00252598
 1.9206 -2.44285 -0.593653
 -2.47121 1.06305 2.17226
 -2.07647 -0.974508 2.97799
 0.962402 0.691243 -3.13158
regression_error on 'test' 0.0783791
classification_error on 'test' 0.0789474
Save,4137,0.0783791,0.0789474
sample_count 75 Sample index 40
 i 0:0.328323 i 1:0.763262 i 2:0.158468 i 3:0.171977 bias 1
 test_print 2.42203
net matrix:
 1.34237 -1.10603 -2.72914
outputs matrix:
 0.93612 0.0986727 0.00424276
error matrix:
 0.0638798 -0.0986727 -0.00424276
delta matrix:
 0.00763992 -0.0175512 -3.58492e-05
weights_delta matrix:
 0.000250836 -0.000576246 -1.17701e-06
 0.000583126 -0.00133962 -2.73624e-06
 0.000121068 -0.00027813 -5.68096e-07
 0.000131389 -0.00030184 -6.16525e-07
 0.000763992 -0.00175512 -3.58492e-06
weights matrix:
 -1.0269 0.201659 -0.00252716
 1.92118 -2.44419 -0.593656
 -2.47109 1.06277 2.17226
 -2.07634 -0.97481 2.97799
 0.963166 0.689488 -3.13159
regression_error on 'test' 0.0783415
classification_error on 'test' 0.0789474
Save,4138,0.0783415,0.0789474
sample_count 75 Sample index 69
 i 0:0.628566 i 1:0.445654 i 2:0.581855 i 3:0.536988 bias 1
 test_print 3.19306
net matrix:
 -1.37891 -0.178104 -0.534653
outputs matrix:
 0.0596464 0.411878 0.255535
error matrix:
 -0.0596464 0.588122 -0.255535
delta matrix:
 -0.00669098 0.284927 -0.0972243
weights_delta matrix:
 -0.000420572 0.0179095 -0.00611119
 -0.000298186 0.0126979 -0.00433284
 -0.000389318 0.0165786 -0.00565705
 -0.000359297 0.0153002 -0.00522083
 -0.000669098 0.0284927 -0.00972243
weights matrix:
 -1.02732 0.219569 -0.00863835
 1.92088 -2.4315 -0.597989
 -2.47148 1.07935 2.1666
 -2.0767 -0.959509 2.97277
 0.962497 0.71798 -3.14131
regression_error on 'test' 0.0795172
classification_error on 'test' 0.0789474
Save,4139,0.0795172,0.0789474
sample_count 75 Sample index 73
 i 0:0.582374 i 1:0.410364 i 2:0.65746 i 3:0.719493 bias 1
 test_print 3.36969
net matrix:
 -1.96659 -0.132679 0.171611
outputs matrix:
 0.0192051 0.434047 0.584973
error matrix:
 -0.0192051 -0.434047 0.415027
delta matrix:
 -0.000723501 -0.213248 0.20152
weights_delta matrix:
 -4.21348e-05 -0.012419 0.011736
 -2.96899e-05 -0.00875091 0.00826967
 -4.75673e-05 -0.0140202 0.0132492
 -5.20554e-05 -0.015343 0.0144992
 -7.23501e-05 -0.0213248 0.020152
weights matrix:
 -1.02736 0.20715 0.00309767
 1.92085 -2.44025 -0.589719
 -2.47152 1.06533 2.17985
 -2.07675 -0.974852 2.98727
 0.962425 0.696656 -3.12116
regression_error on 'test' 0.078499
classification_error on 'test' 0.0789474
Save,4140,0.078499,0.0789474
sample_count 75 Sample index 63
 i 0:0.420705 i 1:0.904421 i 2:0.143347 i 3:0.135476 bias 1
 test_print 2.60395
net matrix:
 1.63183 -1.40256 -2.93603
outputs matrix:
 0.963161 0.0570478 0.00280916
error matrix:
 0.036839 -0.0570478 -0.00280916
delta matrix:
 0.00261424 -0.00613759 -1.57384e-05
weights_delta matrix:
 0.000109982 -0.000258211 -6.62121e-07
 0.000236437 -0.000555096 -1.42341e-06
 3.74744e-05 -8.79805e-05 -2.25605e-07
 3.54167e-05 -8.31496e-05 -2.13217e-07
 0.000261424 -0.000613759 -1.57384e-06
weights matrix:
 -1.02725 0.206892 0.00309701
 1.92109 -2.4408 -0.58972
 -2.47149 1.06524 2.17985
 -2.07672 -0.974936 2.98727
 0.962686 0.696042 -3.12116
regression_error on 'test' 0.0784839
classification_error on 'test' 0.0789474
Save,4141,0.0784839,0.0789474
sample_count 75 Sample index 62
 i 0:0.582374 i 1:0.622103 i 2:0.748185 i 3:0.901998 bias 1
 test_print 3.85466
net matrix:
 -2.16277 -0.784293 0.839223
outputs matrix:
 0.0130538 0.172418 0.842699
error matrix:
 -0.0130538 -0.172418 0.157301
delta matrix:
 -0.000336355 -0.0492047 0.041703
weights_delta matrix:
 -1.95885e-05 -0.00286555 0.00242867
 -2.09248e-05 -0.00306104 0.00259435
 -2.51656e-05 -0.00368142 0.00312015
 -3.03392e-05 -0.00443825 0.0037616
 -3.36355e-05 -0.00492047 0.0041703
weights matrix:
 -1.02727 0.204026 0.00552568
 1.92107 -2.44386 -0.587126
 -2.47151 1.06156 2.18297
 -2.07675 -0.979374 2.99103
 0.962652 0.691121 -3.11699
regression_error on 'test' 0.0783004
classification_error on 'test' 0.105263
Save,4142,0.0783004,0.105263
sample_count 75 Sample index 61
 i 0:0.697853 i 1:0.480944 i 2:0.687702 i 3:0.682992 bias 1
 test_print 3.54949
net matrix:
 -1.94837 -0.280728 0.148579
outputs matrix:
 0.0199037 0.363211 0.573747
error matrix:
 -0.0199037 0.636789 -0.573747
delta matrix:
 -0.000776547 0.294564 -0.280633
weights_delta matrix:
 -5.41916e-05 0.0205563 -0.019584
 -3.73476e-05 0.0141669 -0.0134969
 -5.34033e-05 0.0202572 -0.0192992
 -5.30376e-05 0.0201185 -0.019167
 -7.76547e-05 0.0294564 -0.0280633
weights matrix:
 -1.02733 0.224583 -0.0140584
 1.92103 -2.4297 -0.600623
 -2.47156 1.08182 2.16367
 -2.0768 -0.959255 2.97186
 0.962575 0.720578 -3.14505
regression_error on 'test' 0.0797311
classification_error on 'test' 0.0789474
Save,4143,0.0797311,0.0789474
sample_count 75 Sample index 69
 i 0:0.628566 i 1:0.445654 i 2:0.581855 i 3:0.536988 bias 1
 test_print 3.19306
net matrix:
 -1.38036 -0.10671 -0.566758
outputs matrix:
 0.0594838 0.446847 0.243513
error matrix:
 -0.0594838 0.553153 -0.243513
delta matrix:
 -0.00665571 0.273451 -0.0897171
weights_delta matrix:
 -0.000418355 0.0171882 -0.00563931
 -0.000296614 0.0121865 -0.00399828
 -0.000387266 0.0159109 -0.00522023
 -0.000357404 0.014684 -0.0048177
 -0.000665571 0.0273451 -0.00897171
weights matrix:
 -1.02775 0.241771 -0.0196977
 1.92073 -2.41751 -0.604621
 -2.47195 1.09773 2.15845
 -2.07716 -0.944571 2.96705
 0.961909 0.747923 -3.15402
regression_error on 'test' 0.081407
classification_error on 'test' 0.0789474
Save,4144,0.081407,0.0789474
sample_count 75 Sample index 22
 i 0:0.305227 i 1:0.233915 i 2:0.430645 i 3:0.427485 bias 1
 test_print 2.39727
net matrix:
 -0.854985 0.325167 -1.10357
outputs matrix:
 0.153168 0.657086 0.0991111
error matrix:
 -0.153168 0.342914 -0.0991111
delta matrix:
 -0.0397339 0.154534 -0.0176989
weights_delta matrix:
 -0.00121279 0.00471679 -0.000540218
 -0.000929435 0.00361478 -0.000414003
 -0.00171112 0.00665492 -0.000762194
 -0.00169856 0.00660609 -0.000756601
 -0.00397339 0.0154534 -0.00176989
weights matrix:
 -1.02896 0.246488 -0.0202379
 1.9198 -2.41389 -0.605035
 -2.47366 1.10438 2.15769
 -2.07886 -0.937965 2.96629
 0.957936 0.763376 -3.15579
regression_error on 'test' 0.0822692
classification_error on 'test' 0.0789474
Save,4145,0.0822692,0.0789474
sample_count 75 Sample index 43
 i 0:0.582374 i 1:0.198626 i 2:0.612097 i 3:0.60999 bias 1
 test_print 3.00309
net matrix:
 -2.04218 0.531301 -0.157631
outputs matrix:
 0.0165551 0.743188 0.421831
error matrix:
 -0.0165551 0.256812 -0.421831
delta matrix:
 -0.000539071 0.0980303 -0.20576
weights_delta matrix:
 -3.13941e-05 0.00570903 -0.0119829
 -1.07073e-05 0.00194714 -0.00408693
 -3.29963e-05 0.00600041 -0.0125945
 -3.28828e-05 0.00597975 -0.0125512
 -5.39071e-05 0.00980303 -0.020576
weights matrix:
 -1.02899 0.252197 -0.0322208
 1.91979 -2.41195 -0.609122
 -2.4737 1.11038 2.1451
 -2.07889 -0.931985 2.95374
 0.957882 0.773179 -3.17637
regression_error on 'test' 0.0834295
classification_error on 'test' 0.0789474
Save,4146,0.0834295,0.0789474
sample_count 75 Sample index 63
 i 0:0.420705 i 1:0.904421 i 2:0.143347 i 3:0.135476 bias 1
 test_print 2.60395
net matrix:
 1.62505 -1.26923 -3.03317
outputs matrix:
 0.962676 0.0732059 0.00231426
error matrix:
 0.0373236 -0.0732059 -0.00231426
delta matrix:
 0.00268211 -0.00993357 -1.06868e-05
weights_delta matrix:
 0.000112838 -0.00041791 -4.49601e-07
 0.000242576 -0.000898413 -9.6654e-07
 3.84473e-05 -0.000142395 -1.53193e-07
 3.63362e-05 -0.000134576 -1.44781e-07
 0.000268211 -0.000993357 -1.06868e-06
weights matrix:
 -1.02888 0.251779 -0.0322213
 1.92004 -2.41285 -0.609123
 -2.47366 1.11024 2.1451
 -2.07885 -0.93212 2.95374
 0.95815 0.772186 -3.17637
regression_error on 'test' 0.0833701
classification_error on 'test' 0.0789474
Save,4147,0.0833701,0.0789474
sample_count 75 Sample index 23
 i 0:0.975 i 1:0.763262 i 2:0.899395 i 3:0.792495 bias 1
 test_print 4.43015
net matrix:
 -2.45179 -0.56412 0.597406
outputs matrix:
 0.00736533 0.244486 0.767601
error matrix:
 -0.00736533 -0.244486 0.232399
delta matrix:
 -0.000107697 -0.0903194 0.0829154
weights_delta matrix:
 -1.05005e-05 -0.00880614 0.00808425
 -8.22011e-06 -0.00689373 0.00632862
 -9.68622e-06 -0.00812328 0.00745737
 -8.53494e-06 -0.00715776 0.006571
 -1.07697e-05 -0.00903194 0.00829154
weights matrix:
 -1.02889 0.242972 -0.024137
 1.92003 -2.41974 -0.602794
 -2.47367 1.10212 2.15255
 -2.07886 -0.939278 2.96031
 0.958139 0.763154 -3.16808
regression_error on 'test' 0.0822169
classification_error on 'test' 0.0789474
Save,4148,0.0822169,0.0789474
sample_count 75 Sample index 48
 i 0:0.744044 i 1:0.516233 i 2:0.748185 i 3:0.828996 bias 1
 test_print 3.83746
net matrix:
 -2.39034 -0.259284 0.567374
outputs matrix:
 0.00832041 0.373187 0.756714
error matrix:
 -0.00832041 -0.373187 0.243286
delta matrix:
 -0.000137306 -0.174591 0.0895769
weights_delta matrix:
 -1.02162e-05 -0.0129903 0.00666492
 -7.08821e-06 -0.00901296 0.00462426
 -1.02731e-05 -0.0130626 0.00670201
 -1.13826e-05 -0.0144735 0.00742589
 -1.37306e-05 -0.0174591 0.00895769
weights matrix:
 -1.0289 0.229982 -0.0174721
 1.92002 -2.42875 -0.59817
 -2.47368 1.08905 2.15926
 -2.07887 -0.953751 2.96774
 0.958126 0.745695 -3.15912
regression_error on 'test' 0.080676
classification_error on 'test' 0.0789474
Save,4149,0.080676,0.0789474
sample_count 75 Sample index 54
 i 0:0.305227 i 1:0.622103 i 2:0.158468 i 3:0.135476 bias 1
 test_print 2.22127
net matrix:
 1.16489 -0.651673 -2.79235
outputs matrix:
 0.911314 0.213603 0.00374085
error matrix:
 0.088686 -0.213603 -0.00374085
delta matrix:
 0.0143353 -0.0717604 -2.78832e-05
weights_delta matrix:
 0.000437553 -0.00219032 -8.5107e-07
 0.000891806 -0.00446424 -1.73462e-06
 0.000227169 -0.00113717 -4.41859e-07
 0.000194209 -0.000972181 -3.7775e-07
 0.00143353 -0.00717604 -2.78832e-06
weights matrix:
 -1.02846 0.227792 -0.017473
 1.92091 -2.43322 -0.598172
 -2.47345 1.08792 2.15926
 -2.07868 -0.954723 2.96774
 0.959559 0.738519 -3.15912
regression_error on 'test' 0.0804026
classification_error on 'test' 0.0789474
Save,4150,0.0804026,0.0789474
sample_count 75 Sample index 54
 i 0:0.305227 i 1:0.622103 i 2:0.158468 i 3:0.135476 bias 1
 test_print 2.22127
net matrix:
 1.16708 -0.662606 -2.79235
outputs matrix:
 0.911666 0.209952 0.00374082
error matrix:
 0.0883335 -0.209952 -0.00374082
delta matrix:
 0.0142271 -0.0696506 -2.78827e-05
weights_delta matrix:
 0.00043425 -0.00212592 -8.51056e-07
 0.000885074 -0.00433298 -1.73459e-06
 0.000225454 -0.00110374 -4.41852e-07
 0.000192743 -0.000943598 -3.77744e-07
 0.00142271 -0.00696506 -2.78827e-06
weights matrix:
 -1.02803 0.225666 -0.0174738
 1.9218 -2.43755 -0.598174
 -2.47322 1.08681 2.15925
 -2.07849 -0.955667 2.96774
 0.960982 0.731554 -3.15913
regression_error on 'test' 0.0801529
classification_error on 'test' 0.0789474
Save,4151,0.0801529,0.0789474
sample_count 75 Sample index 55
 i 0:0.628566 i 1:0.551523 i 2:0.612097 i 3:0.60999 bias 1
 test_print 3.40218
net matrix:
 -1.40699 -0.388677 -0.368054
outputs matrix:
 0.056573 0.31489 0.323856
error matrix:
 -0.056573 0.68511 -0.323856
delta matrix:
 -0.00603889 0.295603 -0.141831
weights_delta matrix:
 -0.000379584 0.0185806 -0.00891504
 -0.000333059 0.0163032 -0.00782233
 -0.000369639 0.0180938 -0.00868146
 -0.000368366 0.0180315 -0.00865158
 -0.000603889 0.0295603 -0.0141831
weights matrix:
 -1.0284 0.244247 -0.0263889
 1.92146 -2.42125 -0.605996
 -2.47359 1.10491 2.15057
 -2.07885 -0.937636 2.95908
 0.960378 0.761114 -3.17331
regression_error on 'test' 0.0823497
classification_error on 'test' 0.0789474
Save,4152,0.0823497,0.0789474
sample_count 75 Sample index 74
 i 0:0.443801 i 1:0.480944 i 2:0.551613 i 3:0.536988 bias 1
 test_print 3.01335
net matrix:
 -1.0527 -0.188991 -0.701194
outputs matrix:
 0.108573 0.406614 0.197437
error matrix:
 -0.108573 0.593386 -0.197437
delta matrix:
 -0.0210166 0.286343 -0.0625702
weights_delta matrix:
 -0.000932717 0.0127079 -0.00277687
 -0.00101078 0.0137715 -0.00300927
 -0.0011593 0.0157951 -0.00345145
 -0.00112856 0.0153763 -0.00335994
 -0.00210166 0.0286343 -0.00625702
weights matrix:
 -1.02934 0.256954 -0.0291657
 1.92045 -2.40747 -0.609005
 -2.47475 1.1207 2.14712
 -2.07998 -0.922259 2.95572
 0.958276 0.789748 -3.17957
regression_error on 'test' 0.0846299
classification_error on 'test' 0.0789474
Save,4153,0.0846299,0.0789474
sample_count 75 Sample index 15
 i 0:0.720948 i 1:0.410364 i 2:0.65746 i 3:0.573489 bias 1
 test_print 3.36226
net matrix:
 -1.81564 0.194969 -0.343786
outputs matrix:
 0.0257992 0.596268 0.334574
error matrix:
 -0.0257992 0.403732 -0.334574
delta matrix:
 -0.00129686 0.194383 -0.148975
weights_delta matrix:
 -9.34967e-05 0.014014 -0.0107403
 -5.32184e-05 0.00797677 -0.0061134
 -8.52632e-05 0.0127799 -0.00979451
 -7.43733e-05 0.0111476 -0.00854355
 -0.000129686 0.0194383 -0.0148975
weights matrix:
 -1.02943 0.270968 -0.0399061
 1.9204 -2.3995 -0.615119
 -2.47484 1.13348 2.13733
 -2.08006 -0.911112 2.94718
 0.958147 0.809187 -3.19446
regression_error on 'test' 0.0870086
classification_error on 'test' 0.0789474
Save,4154,0.0870086,0.0789474
sample_count 75 Sample index 63
 i 0:0.420705 i 1:0.904421 i 2:0.143347 i 3:0.135476 bias 1
 test_print 2.60395
net matrix:
 1.62535 -1.20792 -3.06193
outputs matrix:
 0.962698 0.0819721 0.00218521
error matrix:
 0.0373016 -0.0819721 -0.00218521
delta matrix:
 0.00267902 -0.0123372 -9.52943e-06
weights_delta matrix:
 0.000112708 -0.000519034 -4.00908e-07
 0.000242296 -0.00111581 -8.61862e-07
 3.84029e-05 -0.000176851 -1.36602e-07
 3.62943e-05 -0.00016714 -1.29101e-07
 0.000267902 -0.00123372 -9.52943e-07
weights matrix:
 -1.02932 0.270449 -0.0399065
 1.92064 -2.40061 -0.615119
 -2.4748 1.1333 2.13733
 -2.08002 -0.911279 2.94718
 0.958414 0.807953 -3.19447
regression_error on 'test' 0.0869136
classification_error on 'test' 0.0789474
Save,4155,0.0869136,0.0789474
sample_count 75 Sample index 16
 i 0:0.60547 i 1:0.304495 i 2:0.687702 i 3:0.755994 bias 1
 test_print 3.35366
net matrix:
 -2.35439 0.331182 0.291967
outputs matrix:
 0.00893523 0.659791 0.641972
error matrix:
 -0.00893523 -0.659791 0.358028
delta matrix:
 -0.00015825 -0.296202 0.164581
weights_delta matrix:
 -9.58155e-06 -0.0179342 0.0099649
 -4.81863e-06 -0.00901921 0.00501141
 -1.08829e-05 -0.0203699 0.0113183
 -1.19636e-05 -0.0223927 0.0124422
 -1.5825e-05 -0.0296202 0.0164581
weights matrix:
 -1.02933 0.252515 -0.0299416
 1.92064 -2.40963 -0.610108
 -2.47481 1.11293 2.14865
 -2.08003 -0.933671 2.95962
 0.958399 0.778333 -3.17801
regression_error on 'test' 0.0835552
classification_error on 'test' 0.0789474
Save,4156,0.0835552,0.0789474
sample_count 75 Sample index 74
 i 0:0.443801 i 1:0.480944 i 2:0.551613 i 3:0.536988 bias 1
 test_print 3.01335
net matrix:
 -1.05679 -0.15596 -0.71022
outputs matrix:
 0.107784 0.422646 0.194592
error matrix:
 -0.107784 0.577354 -0.194592
delta matrix:
 -0.0207304 0.281768 -0.0609955
weights_delta matrix:
 -0.000920019 0.0125049 -0.00270699
 -0.000997018 0.0135514 -0.00293354
 -0.00114352 0.0155427 -0.00336459
 -0.0011132 0.0151306 -0.00327539
 -0.00207304 0.0281768 -0.00609955
weights matrix:
 -1.03025 0.26502 -0.0326486
 1.91964 -2.39608 -0.613042
 -2.47596 1.12848 2.14528
 -2.08115 -0.918541 2.95635
 0.956326 0.80651 -3.18411
regression_error on 'test' 0.0860568
classification_error on 'test' 0.105263
Save,4157,0.0860568,0.105263
sample_count 75 Sample index 42
 i 0:0.651661 i 1:0.551523 i 2:0.702823 i 3:0.792495 bias 1
 test_print 3.6985
net matrix:
 -2.04578 -0.2771 0.307154
outputs matrix:
 0.0164385 0.36489 0.648923
error matrix:
 -0.0164385 -0.36489 0.351077
delta matrix:
 -0.000531566 -0.169123 0.159966
weights_delta matrix:
 -3.46401e-05 -0.0110211 0.0104244
 -2.93171e-05 -0.00932754 0.0088225
 -3.73597e-05 -0.0118864 0.0112428
 -4.21263e-05 -0.0134029 0.0126772
 -5.31566e-05 -0.0169123 0.0159966
weights matrix:
 -1.03028 0.253999 -0.0222242
 1.91961 -2.40541 -0.604219
 -2.47599 1.11659 2.15652
 -2.08119 -0.931944 2.96902
 0.956272 0.789597 -3.16811
regression_error on 'test' 0.0838759
classification_error on 'test' 0.0789474
Save,4158,0.0838759,0.0789474
sample_count 75 Sample index 1
 i 0:0.582374 i 1:0.445654 i 2:0.581855 i 3:0.536988 bias 1
 test_print 3.14687
net matrix:
 -1.3465 0.0147909 -0.601211
outputs matrix:
 0.0633881 0.507395 0.231045
error matrix:
 -0.0633881 0.492605 -0.231045
delta matrix:
 -0.00752672 0.246249 -0.0820962
weights_delta matrix:
 -0.000438336 0.0143409 -0.00478107
 -0.000335431 0.0109742 -0.00365865
 -0.000437946 0.0143281 -0.00477681
 -0.000404176 0.0132233 -0.00440847
 -0.000752672 0.0246249 -0.00820962
weights matrix:
 -1.03072 0.26834 -0.0270053
 1.91928 -2.39443 -0.607878
 -2.47643 1.13092 2.15175
 -2.08159 -0.918721 2.96462
 0.95552 0.814222 -3.17632
regression_error on 'test' 0.086277
classification_error on 'test' 0.105263
Save,4159,0.086277,0.105263
sample_count 75 Sample index 71
 i 0:0.143558 i 1:0.480944 i 2:0.0979839 i 3:0.0989754 bias 1
 test_print 1.82146
net matrix:
 1.28194 -0.278964 -2.96829
outputs matrix:
 0.9285 0.364027 0.00263408
error matrix:
 0.0714996 -0.364027 -0.00263408
delta matrix:
 0.00949336 -0.168553 -1.38402e-05
weights_delta matrix:
 0.000136285 -0.00241971 -1.98688e-07
 0.000456577 -0.00810645 -6.65638e-07
 9.30196e-05 -0.00165155 -1.35612e-07
 9.39609e-05 -0.00166826 -1.36984e-07
 0.000949336 -0.0168553 -1.38402e-06
weights matrix:
 -1.03058 0.26592 -0.0270055
 1.91973 -2.40254 -0.607878
 -2.47634 1.12927 2.15175
 -2.0815 -0.920389 2.96462
 0.956469 0.797367 -3.17632
regression_error on 'test' 0.0853146
classification_error on 'test' 0.0789474
Save,4160,0.0853146,0.0789474
sample_count 75 Sample index 4
 i 0:0.212844 i 1:0.516233 i 2:0.158468 i 3:0.135476 bias 1
 test_print 2.02302
net matrix:
 1.05373 -0.332043 -2.75326
outputs matrix:
 0.891626 0.339823 0.0040438
error matrix:
 0.108374 -0.339823 -0.0040438
delta matrix:
 0.020944 -0.152474 -3.25725e-05
weights_delta matrix:
 0.000445781 -0.00324531 -6.93285e-07
 0.0010812 -0.0078712 -1.6815e-06
 0.000331895 -0.00241622 -5.16169e-07
 0.000283741 -0.00206565 -4.41279e-07
 0.0020944 -0.0152474 -3.25725e-06
weights matrix:
 -1.03014 0.262675 -0.0270061
 1.92081 -2.41041 -0.60788
 -2.47601 1.12685 2.15175
 -2.08121 -0.922454 2.96462
 0.958564 0.782119 -3.17632
regression_error on 'test' 0.0844317
classification_error on 'test' 0.0789474
Save,4161,0.0844317,0.0789474
sample_count 75 Sample index 30
 i 0:0.559279 i 1:0.410364 i 2:0.642339 i 3:0.500487 bias 1
 test_print 3.11247
net matrix:
 -1.46139 0.202026 -0.574978
outputs matrix:
 0.0510385 0.599661 0.240497
error matrix:
 -0.0510385 0.400339 -0.240497
delta matrix:
 -0.00494395 0.192217 -0.0878575
weights_delta matrix:
 -0.000276505 0.0107503 -0.00491368
 -0.000202882 0.0078879 -0.00360535
 -0.000317569 0.0123469 -0.00564343
 -0.000247438 0.00962022 -0.00439715
 -0.000494395 0.0192217 -0.00878575
weights matrix:
 -1.03042 0.273425 -0.0319198
 1.92061 -2.40252 -0.611485
 -2.47632 1.1392 2.1461
 -2.08146 -0.912834 2.96022
 0.958069 0.801341 -3.18511
regression_error on 'test' 0.0863809
classification_error on 'test' 0.105263
Save,4162,0.0863809,0.105263
sample_count 75 Sample index 65
 i 0:0.928809 i 1:0.410364 i 2:0.944758 i 3:0.792495 bias 1
 test_print 4.07643
net matrix:
 -3.19991 0.422241 0.907817
outputs matrix:
 0.00165909 0.699408 0.860041
error matrix:
 -0.00165909 -0.699408 0.139959
delta matrix:
 -5.49599e-06 -0.294082 0.0336937
weights_delta matrix:
 -5.10473e-07 -0.0273146 0.0031295
 -2.25536e-07 -0.0120681 0.00138267
 -5.19238e-07 -0.0277836 0.00318324
 -4.35555e-07 -0.0233059 0.00267021
 -5.49599e-07 -0.0294082 0.00336937
weights matrix:
 -1.03042 0.246111 -0.0287903
 1.92061 -2.41459 -0.610103
 -2.47632 1.11141 2.14929
 -2.08146 -0.93614 2.96289
 0.958069 0.771933 -3.18174
regression_error on 'test' 0.0830403
classification_error on 'test' 0.0789474
Save,4163,0.0830403,0.0789474
sample_count 75 Sample index 63
 i 0:0.420705 i 1:0.904421 i 2:0.143347 i 3:0.135476 bias 1
 test_print 2.60395
net matrix:
 1.62465 -1.27584 -3.03615
outputs matrix:
 0.962648 0.0723134 0.00230056
error matrix:
 0.0373523 -0.0723134 -0.00230056
delta matrix:
 0.00268616 -0.00970218 -1.05608e-05
weights_delta matrix:
 0.000113008 -0.000408175 -4.443e-07
 0.000242942 -0.000877485 -9.55145e-07
 3.85053e-05 -0.000139078 -1.51387e-07
 3.6391e-05 -0.000131441 -1.43074e-07
 0.000268616 -0.000970218 -1.05608e-06
weights matrix:
 -1.0303 0.245702 -0.0287908
 1.92085 -2.41547 -0.610104
 -2.47629 1.11128 2.14929
 -2.08143 -0.936272 2.96289
 0.958337 0.770963 -3.18174
regression_error on 'test' 0.082984
classification_error on 'test' 0.0789474
Save,4164,0.082984,0.0789474
sample_count 75 Sample index 12
 i 0:0.166653 i 1:0.480944 i 2:0.128226 i 3:0.135476 bias 1
 test_print 1.9113
net matrix:
 1.11095 -0.334144 -2.80297
outputs matrix:
 0.902199 0.33888 0.00366249
error matrix:
 0.0978011 -0.33888 -0.00366249
delta matrix:
 0.0172591 -0.151846 -2.67295e-05
weights_delta matrix:
 0.000287629 -0.00253056 -4.45454e-07
 0.000830068 -0.00730293 -1.28554e-06
 0.000221307 -0.00194706 -3.42741e-07
 0.00023382 -0.00205715 -3.6212e-07
 0.00172591 -0.0151846 -2.67295e-06
weights matrix:
 -1.03002 0.243172 -0.0287912
 1.92168 -2.42277 -0.610105
 -2.47606 1.10933 2.14929
 -2.08119 -0.938329 2.96289
 0.960063 0.755778 -3.18174
regression_error on 'test' 0.0823157
classification_error on 'test' 0.0789474
Save,4165,0.0823157,0.0789474
sample_count 75 Sample index 9
 i 0:0.351418 i 1:0.375074 i 2:0.521371 i 3:0.573489 bias 1
 test_print 2.82135
net matrix:
 -1.16562 -0.0272356 -0.600938
outputs matrix:
 0.0885689 0.486386 0.231142
error matrix:
 -0.0885689 0.513614 -0.231142
delta matrix:
 -0.0142994 0.256617 -0.0821548
weights_delta matrix:
 -0.000502505 0.00901798 -0.00288707
 -0.000536331 0.00962503 -0.00308141
 -0.000745527 0.0133793 -0.00428331
 -0.000820052 0.0147167 -0.00471149
 -0.00142994 0.0256617 -0.00821548
weights matrix:
 -1.03052 0.25219 -0.0316783
 1.92115 -2.41315 -0.613186
 -2.47681 1.12271 2.145
 -2.08201 -0.923612 2.95818
 0.958633 0.78144 -3.18996
regression_error on 'test' 0.0842917
classification_error on 'test' 0.0789474
Save,4166,0.0842917,0.0789474
sample_count 75 Sample index 69
 i 0:0.628566 i 1:0.445654 i 2:0.581855 i 3:0.536988 bias 1
 test_print 3.19306
net matrix:
 -1.39211 0.0218132 -0.646555
outputs matrix:
 0.0581832 0.510905 0.215327
error matrix:
 -0.0581832 0.489095 -0.215327
delta matrix:
 -0.00637663 0.244431 -0.0727637
weights_delta matrix:
 -0.000400813 0.0153641 -0.00457368
 -0.000284177 0.0108932 -0.00324275
 -0.000371027 0.0142224 -0.00423379
 -0.000342417 0.0131257 -0.00390733
 -0.000637663 0.0244431 -0.00727637
weights matrix:
 -1.03092 0.267554 -0.036252
 1.92086 -2.40225 -0.616429
 -2.47718 1.13693 2.14077
 -2.08235 -0.910486 2.95427
 0.957996 0.805883 -3.19724
regression_error on 'test' 0.0867315
classification_error on 'test' 0.105263
Save,4167,0.0867315,0.105263
sample_count 75 Sample index 35
 i 0:0.189749 i 1:0.233915 i 2:0.128226 i 3:0.171977 bias 1
 test_print 1.72387
net matrix:
 0.535943 0.283929 -2.56574
outputs matrix:
 0.744955 0.638269 0.00587313
error matrix:
 0.255045 -0.638269 -0.00587313
delta matrix:
 0.0969154 -0.294729 -6.85821e-05
weights_delta matrix:
 0.00183896 -0.00559246 -1.30134e-06
 0.002267 -0.00689416 -1.60424e-06
 0.00124271 -0.00377919 -8.79401e-07
 0.00166672 -0.00506866 -1.17945e-06
 0.00969154 -0.0294729 -6.85821e-06
weights matrix:
 -1.02908 0.261962 -0.0362533
 1.92313 -2.40915 -0.616431
 -2.47594 1.13315 2.14077
 -2.08069 -0.915555 2.95427
 0.967687 0.77641 -3.19724
regression_error on 'test' 0.0851155
classification_error on 'test' 0.105263
Save,4168,0.0851155,0.105263
sample_count 75 Sample index 50
 i 0:0.489992 i 1:0.833841 i 2:0.113105 i 3:0.135476 bias 1
 test_print 2.57241
net matrix:
 1.50511 -1.09995 -3.08665
outputs matrix:
 0.953033 0.0997597 0.00208002
error matrix:
 0.0469666 -0.0997597 -0.00208002
delta matrix:
 0.00420451 -0.0179184 -8.63495e-06
weights_delta matrix:
 0.000206018 -0.000877986 -4.23106e-07
 0.00035059 -0.00149411 -7.20018e-07
 4.75551e-05 -0.000202666 -9.76656e-08
 5.69611e-05 -0.000242751 -1.16983e-07
 0.000420451 -0.00179184 -8.63495e-07
weights matrix:
 -1.02887 0.261084 -0.0362537
 1.92348 -2.41064 -0.616432
 -2.47589 1.13295 2.14077
 -2.08063 -0.915798 2.95427
 0.968108 0.774618 -3.19724
regression_error on 'test' 0.0849968
classification_error on 'test' 0.105263
Save,4169,0.0849968,0.105263
sample_count 75 Sample index 40
 i 0:0.328323 i 1:0.763262 i 2:0.158468 i 3:0.171977 bias 1
 test_print 2.42203
net matrix:
 1.34825 -0.957575 -2.83234
outputs matrix:
 0.93682 0.128403 0.00345431
error matrix:
 0.0631797 -0.128403 -0.00345431
delta matrix:
 0.00747895 -0.0287408 -2.37821e-05
weights_delta matrix:
 0.000245551 -0.000943627 -7.80819e-07
 0.00057084 -0.00219368 -1.81519e-06
 0.000118517 -0.00045545 -3.76869e-07
 0.000128621 -0.000494276 -4.08997e-07
 0.000747895 -0.00287408 -2.37821e-06
weights matrix:
 -1.02863 0.26014 -0.0362545
 1.92405 -2.41284 -0.616433
 -2.47577 1.13249 2.14077
 -2.0805 -0.916292 2.95427
 0.968855 0.771744 -3.19725
regression_error on 'test' 0.0848168
classification_error on 'test' 0.105263
Save,4170,0.0848168,0.105263
sample_count 75 Sample index 33
 i 0:0.559279 i 1:0.480944 i 2:0.672581 i 3:0.719493 bias 1
 test_print 3.4323
net matrix:
 -1.84314 -0.140777 0.0514214
outputs matrix:
 0.0244523 0.430073 0.525688
error matrix:
 -0.0244523 -0.430073 0.474312
delta matrix:
 -0.00116659 -0.21083 0.23653
weights_delta matrix:
 -6.5245e-05 -0.0117913 0.0132286
 -5.61065e-05 -0.0101398 0.0113758
 -7.84627e-05 -0.0141801 0.0159086
 -8.39354e-05 -0.0151691 0.0170182
 -0.000116659 -0.021083 0.023653
weights matrix:
 -1.02869 0.248349 -0.0230258
 1.924 -2.42298 -0.605058
 -2.47585 1.11831 2.15668
 -2.08059 -0.931461 2.97129
 0.968739 0.750661 -3.17359
regression_error on 'test' 0.0823719
classification_error on 'test' 0.0789474
Save,4171,0.0823719,0.0789474
sample_count 75 Sample index 15
 i 0:0.720948 i 1:0.410364 i 2:0.65746 i 3:0.573489 bias 1
 test_print 3.36226
net matrix:
 -1.80432 0.136468 -0.31656
outputs matrix:
 0.0263741 0.567814 0.346803
error matrix:
 -0.0263741 0.432186 -0.346803
delta matrix:
 -0.00135449 0.212118 -0.157123
weights_delta matrix:
 -9.7652e-05 0.0152926 -0.0113278
 -5.55835e-05 0.00870457 -0.00644777
 -8.90525e-05 0.0139459 -0.0103302
 -7.76787e-05 0.0121647 -0.00901085
 -0.000135449 0.0212118 -0.0157123
weights matrix:
 -1.02879 0.263641 -0.0343536
 1.92394 -2.41427 -0.611505
 -2.47594 1.13226 2.14635
 -2.08066 -0.919296 2.96227
 0.968603 0.771873 -3.18931
regression_error on 'test' 0.0845127
classification_error on 'test' 0.0789474
Save,4172,0.0845127,0.0789474
sample_count 75 Sample index 4
 i 0:0.212844 i 1:0.516233 i 2:0.158468 i 3:0.135476 bias 1
 test_print 2.02302
net matrix:
 1.0686 -0.363455 -2.77085
outputs matrix:
 0.894466 0.325873 0.00390453
error matrix:
 0.105534 -0.325873 -0.00390453
delta matrix:
 0.0199242 -0.143175 -3.03717e-05
weights_delta matrix:
 0.000424074 -0.0030474 -6.46443e-07
 0.00102855 -0.00739119 -1.56789e-06
 0.000315735 -0.00226887 -4.81294e-07
 0.000269925 -0.00193968 -4.11463e-07
 0.00199242 -0.0143175 -3.03717e-06
weights matrix:
 -1.02837 0.260594 -0.0343543
 1.92497 -2.42166 -0.611507
 -2.47562 1.12999 2.14635
 -2.08039 -0.921236 2.96227
 0.970596 0.757555 -3.18931
regression_error on 'test' 0.0837656
classification_error on 'test' 0.0789474
Save,4173,0.0837656,0.0789474
sample_count 75 Sample index 19
 i 0:0.674757 i 1:0.480944 i 2:0.596976 i 3:0.573489 bias 1
 test_print 3.32617
net matrix:
 -1.46847 -0.0850336 -0.526442
outputs matrix:
 0.0503574 0.457585 0.258672
error matrix:
 -0.0503574 0.542415 -0.258672
delta matrix:
 -0.00481633 0.269256 -0.0992061
weights_delta matrix:
 -0.000324985 0.0181682 -0.006694
 -0.000231638 0.0129497 -0.00477126
 -0.000287523 0.0160739 -0.00592237
 -0.000276211 0.0154415 -0.00568936
 -0.000481633 0.0269256 -0.00992061
weights matrix:
 -1.02869 0.278762 -0.0410483
 1.92474 -2.40871 -0.616278
 -2.47591 1.14606 2.14042
 -2.08067 -0.905795 2.95658
 0.970114 0.784481 -3.19923
regression_error on 'test' 0.0865016
classification_error on 'test' 0.105263
Save,4174,0.0865016,0.105263
sample_count 75 Sample index 9
 i 0:0.351418 i 1:0.375074 i 2:0.521371 i 3:0.573489 bias 1
 test_print 2.82135
net matrix:
 -1.15358 0.0570582 -0.633281
outputs matrix:
 0.0905321 0.528498 0.219846
error matrix:
 -0.0905321 0.471502 -0.219846
delta matrix:
 -0.0149081 0.234985 -0.0754134
weights_delta matrix:
 -0.000523898 0.0082578 -0.00265016
 -0.000559165 0.00881368 -0.00282856
 -0.000777266 0.0122514 -0.00393184
 -0.000854964 0.0134761 -0.00432488
 -0.00149081 0.0234985 -0.00754134
weights matrix:
 -1.02922 0.28702 -0.0436984
 1.92418 -2.3999 -0.619107
 -2.47669 1.15832 2.13649
 -2.08152 -0.892318 2.95226
 0.968623 0.807979 -3.20677
regression_error on 'test' 0.088901
classification_error on 'test' 0.0526316
Save,4175,0.088901,0.0526316
sample_count 75 Sample index 3
 i 0:0.744044 i 1:0.516233 i 2:0.672581 i 3:0.60999 bias 1
 test_print 3.54285
net matrix:
 -1.73932 0.0173827 -0.321075
outputs matrix:
 0.0299263 0.50869 0.344761
error matrix:
 -0.0299263 0.49131 -0.344761
delta matrix:
 -0.00173756 0.245581 -0.155763
weights_delta matrix:
 -0.000129282 0.0182723 -0.0115895
 -8.96988e-05 0.0126777 -0.00804102
 -0.000116865 0.0165173 -0.0104763
 -0.00010599 0.0149802 -0.00950141
 -0.000173756 0.0245581 -0.0155763
weights matrix:
 -1.02935 0.305292 -0.0552879
 1.92409 -2.38722 -0.627148
 -2.47681 1.17483 2.12601
 -2.08163 -0.877338 2.94276
 0.96845 0.832537 -3.22235
regression_error on 'test' 0.0927081
classification_error on 'test' 0.0789474
Save,4176,0.0927081,0.0789474
sample_count 75 Sample index 39
 i 0:0.397609 i 1:0.622103 i 2:0.18871 i 3:0.135476 bias 1
 test_print 2.3439
net matrix:
 1.00674 -0.428329 -2.83461
outputs matrix:
 0.882206 0.298038 0.00343871
error matrix:
 0.117794 -0.298038 -0.00343871
delta matrix:
 0.0244819 -0.124706 -2.35681e-05
weights_delta matrix:
 0.000973423 -0.00495841 -9.3709e-07
 0.00152303 -0.00775799 -1.46618e-06
 0.000461998 -0.00235332 -4.44754e-07
 0.000331671 -0.00168946 -3.19292e-07
 0.00244819 -0.0124706 -2.35681e-06
weights matrix:
 -1.02837 0.300334 -0.0552888
 1.92561 -2.39498 -0.627149
 -2.47634 1.17248 2.12601
 -2.0813 -0.879028 2.94276
 0.970898 0.820067 -3.22235
regression_error on 'test' 0.0916034
classification_error on 'test' 0.0526316
Save,4177,0.0916034,0.0526316
sample_count 75 Sample index 72
 i 0:0.905713 i 1:0.480944 i 2:0.929637 i 3:0.828996 bias 1
 test_print 4.14529
net matrix:
 -3.06189 0.301501 0.841907
outputs matrix:
 0.00218538 0.646343 0.843409
error matrix:
 -0.00218538 -0.646343 0.156591
delta matrix:
 -9.53088e-06 -0.295487 0.041362
weights_delta matrix:
 -8.63224e-07 -0.0267626 0.00374621
 -4.58382e-07 -0.0142113 0.00198928
 -8.86025e-07 -0.0274696 0.00384517
 -7.90106e-07 -0.0244958 0.0034289
 -9.53088e-07 -0.0295487 0.0041362
weights matrix:
 -1.02837 0.273571 -0.0515426
 1.92561 -2.40919 -0.62516
 -2.47634 1.14501 2.12986
 -2.0813 -0.903523 2.94619
 0.970897 0.790518 -3.21821
regression_error on 'test' 0.0873487
classification_error on 'test' 0.0789474
Save,4178,0.0873487,0.0789474
sample_count 75 Sample index 4
 i 0:0.212844 i 1:0.516233 i 2:0.158468 i 3:0.135476 bias 1
 test_print 2.02302
net matrix:
 1.07169 -0.335916 -2.81526
outputs matrix:
 0.895049 0.338087 0.00357389
error matrix:
 0.104951 -0.338087 -0.00357389
delta matrix:
 0.0197176 -0.151317 -2.54541e-05
weights_delta matrix:
 0.000419677 -0.00322069 -5.41776e-07
 0.00101789 -0.00781147 -1.31403e-06
 0.00031246 -0.00239789 -4.03366e-07
 0.000267126 -0.00204998 -3.44842e-07
 0.00197176 -0.0151317 -2.54541e-06
weights matrix:
 -1.02795 0.27035 -0.0515432
 1.92663 -2.417 -0.625161
 -2.47603 1.14261 2.12986
 -2.08103 -0.905573 2.94619
 0.972869 0.775387 -3.21822
regression_error on 'test' 0.08644
classification_error on 'test' 0.0789474
Save,4179,0.08644,0.0789474
sample_count 75 Sample index 13
 i 0:0.420705 i 1:0.269205 i 2:0.491129 i 3:0.427485 bias 1
 test_print 2.60852
net matrix:
 -1.0466 0.412506 -1.10271
outputs matrix:
 0.10976 0.695299 0.0992647
error matrix:
 -0.10976 0.304701 -0.0992647
delta matrix:
 -0.0214498 0.129107 -0.0177508
weights_delta matrix:
 -0.000902402 0.00543159 -0.000746783
 -0.000577438 0.00347562 -0.000477859
 -0.00105346 0.00634081 -0.000871791
 -0.000916945 0.00551912 -0.000758818
 -0.00214498 0.0129107 -0.00177508
weights matrix:
 -1.02886 0.275782 -0.05229
 1.92605 -2.41353 -0.625639
 -2.47708 1.14895 2.12899
 -2.08195 -0.900054 2.94543
 0.970724 0.788297 -3.21999
regression_error on 'test' 0.0875258
classification_error on 'test' 0.0789474
Save,4180,0.0875258,0.0789474
sample_count 75 Sample index 29
 i 0:0.420705 i 1:0.304495 i 2:0.536492 i 3:0.536988 bias 1
 test_print 2.79868
net matrix:
 -1.32257 0.302498 -0.708649
outputs matrix:
 0.0662896 0.646799 0.195085
error matrix:
 -0.0662896 0.353201 -0.195085
delta matrix:
 -0.00820604 0.161378 -0.0612674
weights_delta matrix:
 -0.000345232 0.00678924 -0.00257755
 -0.00024987 0.00491387 -0.00186556
 -0.000440247 0.00865779 -0.00328695
 -0.000440654 0.00866579 -0.00328998
 -0.000820604 0.0161378 -0.00612674
weights matrix:
 -1.0292 0.282571 -0.0548675
 1.9258 -2.40861 -0.627505
 -2.47753 1.15761 2.1257
 -2.08239 -0.891389 2.94214
 0.969903 0.804435 -3.22612
regression_error on 'test' 0.089249
classification_error on 'test' 0.0526316
Save,4181,0.089249,0.0526316
sample_count 75 Sample index 58
 i 0:0.282131 i 1:0.516233 i 2:0.158468 i 3:0.0989754 bias 1
 test_print 2.05581
net matrix:
 1.07498 -0.26403 -2.93748
outputs matrix:
 0.895665 0.370969 0.00280103
error matrix:
 0.104335 -0.370969 -0.00280103
delta matrix:
 0.0194999 -0.173132 -1.56476e-05
weights_delta matrix:
 0.000550153 -0.0048846 -4.41467e-07
 0.00100665 -0.00893766 -8.07781e-07
 0.000309011 -0.00274359 -2.47964e-07
 0.000193001 -0.00171358 -1.54873e-07
 0.00194999 -0.0173132 -1.56476e-06
weights matrix:
 -1.02865 0.277687 -0.0548679
 1.92681 -2.41755 -0.627505
 -2.47722 1.15487 2.1257
 -2.0822 -0.893102 2.94214
 0.971853 0.787122 -3.22612
regression_error on 'test' 0.0880969
classification_error on 'test' 0.0526316
Save,4182,0.0880969,0.0526316
sample_count 75 Sample index 45
 i 0:0.697853 i 1:0.586813 i 2:0.793548 i 3:0.975 bias 1
 test_print 4.05321
net matrix:
 -2.61125 -0.392077 0.922792
outputs matrix:
 0.00536489 0.313425 0.863608
error matrix:
 -0.00536489 -0.313425 0.136392
delta matrix:
 -5.72552e-05 -0.134892 0.0321311
weights_delta matrix:
 -3.99557e-06 -0.00941348 0.00224228
 -3.35981e-06 -0.00791564 0.00188549
 -4.54348e-06 -0.0107043 0.00254976
 -5.58238e-06 -0.013152 0.00313278
 -5.72552e-06 -0.0134892 0.00321311
weights matrix:
 -1.02865 0.268273 -0.0526257
 1.9268 -2.42547 -0.62562
 -2.47722 1.14416 2.12825
 -2.0822 -0.906254 2.94527
 0.971847 0.773633 -3.22291
regression_error on 'test' 0.0863456
classification_error on 'test' 0.0789474
Save,4183,0.0863456,0.0789474
sample_count 75 Sample index 5
 i 0:0.536183 i 1:0.198626 i 2:0.687702 i 3:0.60999 bias 1
 test_print 3.0325
net matrix:
 -2.1707 0.669752 -0.1152
outputs matrix:
 0.012851 0.792408 0.442653
error matrix:
 -0.012851 -0.792408 0.557347
delta matrix:
 -0.000326053 -0.260698 0.275007
weights_delta matrix:
 -1.74824e-05 -0.0139782 0.0147454
 -6.47626e-06 -0.00517814 0.00546236
 -2.24227e-05 -0.0179283 0.0189123
 -1.98889e-05 -0.0159023 0.0167752
 -3.26053e-05 -0.0260698 0.0275007
weights matrix:
 -1.02867 0.254295 -0.0378802
 1.9268 -2.43064 -0.620158
 -2.47724 1.12623 2.14716
 -2.08222 -0.922156 2.96205
 0.971815 0.747563 -3.19541
regression_error on 'test' 0.0832202
classification_error on 'test' 0.0789474
Save,4184,0.0832202,0.0789474
sample_count 75 Sample index 74
 i 0:0.443801 i 1:0.480944 i 2:0.551613 i 3:0.536988 bias 1
 test_print 3.01335
net matrix:
 -1.04264 -0.182527 -0.735492
outputs matrix:
 0.110536 0.409737 0.186793
error matrix:
 -0.110536 0.590263 -0.186793
delta matrix:
 -0.0217354 0.285513 -0.0567483
weights_delta matrix:
 -0.000964621 0.0126711 -0.00251849
 -0.00104535 0.0137316 -0.00272927
 -0.00119895 0.0157493 -0.00313031
 -0.00116717 0.0153317 -0.00304731
 -0.00217354 0.0285513 -0.00567483
weights matrix:
 -1.02964 0.266966 -0.0403987
 1.92575 -2.41691 -0.622887
 -2.47844 1.14198 2.14403
 -2.08339 -0.906825 2.959
 0.969641 0.776114 -3.20108
regression_error on 'test' 0.0855857
classification_error on 'test' 0.105263
Save,4185,0.0855857,0.105263
sample_count 75 Sample index 10
 i 0:0.697853 i 1:0.304495 i 2:0.808669 i 3:0.719493 bias 1
 test_print 3.53051
net matrix:
 -2.66574 0.497512 0.443852
outputs matrix:
 0.00481367 0.730079 0.708416
error matrix:
 -0.00481367 -0.730079 0.291584
delta matrix:
 -4.61197e-05 -0.287744 0.120461
weights_delta matrix:
 -3.21848e-06 -0.0200803 0.00840638
 -1.40432e-06 -0.00876166 0.00366797
 -3.72956e-06 -0.023269 0.00974128
 -3.31828e-06 -0.020703 0.00866706
 -4.61197e-06 -0.0287744 0.0120461
weights matrix:
 -1.02964 0.246886 -0.0319923
 1.92575 -2.42567 -0.619219
 -2.47845 1.11871 2.15377
 -2.08339 -0.927528 2.96767
 0.969636 0.74734 -3.18903
regression_error on 'test' 0.0825877
classification_error on 'test' 0.0789474
Save,4186,0.0825877,0.0789474
sample_count 75 Sample index 21
 i 0:0.836426 i 1:0.445654 i 2:0.884274 i 3:0.719493 bias 1
 test_print 3.88585
net matrix:
 -2.72397 0.19473 0.547989
outputs matrix:
 0.00428667 0.596153 0.749506
error matrix:
 -0.00428667 -0.596153 0.250494
delta matrix:
 -3.65936e-05 -0.287053 0.0940589
weights_delta matrix:
 -3.06078e-06 -0.0240099 0.00786733
 -1.63081e-06 -0.0127926 0.00419177
 -3.23588e-06 -0.0253834 0.00831739
 -2.63288e-06 -0.0206533 0.00676747
 -3.65936e-06 -0.0287053 0.00940589
weights matrix:
 -1.02964 0.222876 -0.024125
 1.92575 -2.43847 -0.615027
 -2.47845 1.09333 2.16209
 -2.0834 -0.948181 2.97443
 0.969633 0.718634 -3.17963
regression_error on 'test' 0.0801908
classification_error on 'test' 0.0789474
Save,4187,0.0801908,0.0789474
sample_count 75 Sample index 50
 i 0:0.489992 i 1:0.833841 i 2:0.113105 i 3:0.135476 bias 1
 test_print 2.57241
net matrix:
 1.50831 -1.21025 -3.05678
outputs matrix:
 0.953319 0.0816232 0.00220779
error matrix:
 0.0466807 -0.0816232 -0.00220779
delta matrix:
 0.00415473 -0.0122371 -9.72715e-06
weights_delta matrix:
 0.000203578 -0.000599608 -4.76623e-07
 0.000346438 -0.00102038 -8.1109e-07
 4.6992e-05 -0.000138408 -1.10019e-07
 5.62866e-05 -0.000165783 -1.3178e-07
 0.000415473 -0.00122371 -9.72715e-07
weights matrix:
 -1.02944 0.222276 -0.0241255
 1.9261 -2.43949 -0.615028
 -2.4784 1.09319 2.16209
 -2.08334 -0.948347 2.97443
 0.970048 0.717411 -3.17963
regression_error on 'test' 0.0801453
classification_error on 'test' 0.0789474
Save,4188,0.0801453,0.0789474
sample_count 75 Sample index 29
 i 0:0.420705 i 1:0.304495 i 2:0.536492 i 3:0.536988 bias 1
 test_print 2.79868
net matrix:
 -1.32493 0.14535 -0.619873
outputs matrix:
 0.0659981 0.572167 0.22448
error matrix:
 -0.0659981 0.427833 -0.22448
delta matrix:
 -0.00813655 0.20946 -0.078159
weights_delta matrix:
 -0.000342309 0.00881208 -0.00328819
 -0.000247754 0.00637795 -0.0023799
 -0.000436519 0.0112374 -0.00419317
 -0.000436923 0.0112477 -0.00419705
 -0.000813655 0.020946 -0.0078159
weights matrix:
 -1.02978 0.231088 -0.0274137
 1.92585 -2.43311 -0.617408
 -2.47884 1.10443 2.1579
 -2.08378 -0.937099 2.97024
 0.969235 0.738357 -3.18745
regression_error on 'test' 0.0813613
classification_error on 'test' 0.0789474
Save,4189,0.0813613,0.0789474
sample_count 75 Sample index 22
 i 0:0.305227 i 1:0.233915 i 2:0.430645 i 3:0.427485 bias 1
 test_print 2.39727
net matrix:
 -0.85288 0.314772 -1.14121
outputs matrix:
 0.153714 0.652386 0.0925887
error matrix:
 -0.153714 0.347614 -0.0925887
delta matrix:
 -0.0399923 0.157663 -0.0155579
weights_delta matrix:
 -0.00122067 0.0048123 -0.000474868
 -0.000935479 0.00368797 -0.000363922
 -0.00172225 0.00678967 -0.000669992
 -0.00170961 0.00673985 -0.000665075
 -0.00399923 0.0157663 -0.00155579
weights matrix:
 -1.031 0.235901 -0.0278885
 1.92491 -2.42942 -0.617772
 -2.48056 1.11122 2.15723
 -2.08549 -0.930359 2.96957
 0.965235 0.754123 -3.189
regression_error on 'test' 0.0822009
classification_error on 'test' 0.0789474
Save,4190,0.0822009,0.0789474
sample_count 75 Sample index 23
 i 0:0.975 i 1:0.763262 i 2:0.899395 i 3:0.792495 bias 1
 test_print 4.43015
net matrix:
 -2.45452 -0.608039 0.605855
outputs matrix:
 0.00732551 0.228627 0.770602
error matrix:
 -0.00732551 -0.228627 0.229398
delta matrix:
 -0.00010654 -0.08064 0.0811037
weights_delta matrix:
 -1.03876e-05 -0.0078624 0.00790762
 -8.13179e-06 -0.00615495 0.00619034
 -9.58215e-06 -0.00725272 0.00729443
 -8.44323e-06 -0.00639068 0.00642743
 -1.0654e-05 -0.008064 0.00811037
weights matrix:
 -1.03101 0.228038 -0.0199809
 1.9249 -2.43558 -0.611581
 -2.48057 1.10397 2.16452
 -2.08549 -0.93675 2.976
 0.965225 0.746059 -3.18089
regression_error on 'test' 0.08125
classification_error on 'test' 0.0789474
Save,4191,0.08125,0.0789474
sample_count 75 Sample index 33
 i 0:0.559279 i 1:0.480944 i 2:0.672581 i 3:0.719493 bias 1
 test_print 3.4323
net matrix:
 -1.85451 -0.229258 0.110824
outputs matrix:
 0.0239155 0.387338 0.555186
error matrix:
 -0.0239155 -0.387338 0.444814
delta matrix:
 -0.00111655 -0.183836 0.219697
weights_delta matrix:
 -6.24461e-05 -0.0102816 0.0122872
 -5.36996e-05 -0.00884149 0.0105662
 -7.50968e-05 -0.0123645 0.0147764
 -8.03348e-05 -0.0132269 0.0158071
 -0.000111655 -0.0183836 0.0219697
weights matrix:
 -1.03107 0.217757 -0.00769372
 1.92485 -2.44442 -0.601015
 -2.48065 1.0916 2.1793
 -2.08557 -0.949977 2.99181
 0.965113 0.727675 -3.15892
regression_error on 'test' 0.0797917
classification_error on 'test' 0.0789474
Save,4192,0.0797917,0.0789474
sample_count 75 Sample index 52
 i 0:0.443801 i 1:0.410364 i 2:0.672581 i 3:0.792495 bias 1
 test_print 3.31924
net matrix:
 -2.02383 -0.197446 0.427775
outputs matrix:
 0.0171634 0.40254 0.70173
error matrix:
 -0.0171634 -0.40254 0.29827
delta matrix:
 -0.000579052 -0.193623 0.124859
weights_delta matrix:
 -2.56984e-05 -0.00859301 0.00554124
 -2.37622e-05 -0.00794559 0.00512375
 -3.89459e-05 -0.0130227 0.00839776
 -4.58896e-05 -0.0153445 0.00989499
 -5.79052e-05 -0.0193623 0.0124859
weights matrix:
 -1.0311 0.209164 -0.00215247
 1.92483 -2.45236 -0.595891
 -2.48068 1.07858 2.1877
 -2.08562 -0.965321 3.0017
 0.965055 0.708313 -3.14643
regression_error on 'test' 0.0787872
classification_error on 'test' 0.0789474
Save,4193,0.0787872,0.0789474
sample_count 75 Sample index 65
 i 0:0.928809 i 1:0.410364 i 2:0.944758 i 3:0.792495 bias 1
 test_print 4.07643
net matrix:
 -3.19925 0.150209 1.05271
outputs matrix:
 0.00166128 0.574545 0.891429
error matrix:
 -0.00166128 -0.574545 0.108571
delta matrix:
 -5.51055e-06 -0.280887 0.0210158
weights_delta matrix:
 -5.11825e-07 -0.026089 0.00195197
 -2.26133e-07 -0.0115266 0.000862415
 -5.20614e-07 -0.026537 0.00198549
 -4.36709e-07 -0.0222601 0.0016655
 -5.51055e-07 -0.0280887 0.00210158
weights matrix:
 -1.0311 0.183075 -0.000200501
 1.92483 -2.46389 -0.595029
 -2.48068 1.05204 2.18968
 -2.08562 -0.987581 3.00337
 0.965055 0.680224 -3.14433
regression_error on 'test' 0.0776502
classification_error on 'test' 0.105263
Save,4194,0.0776502,0.105263
sample_count 75 Sample index 74
 i 0:0.443801 i 1:0.480944 i 2:0.551613 i 3:0.536988 bias 1
 test_print 3.01335
net matrix:
 -1.05515 -0.373519 -0.60997
outputs matrix:
 0.1081 0.321467 0.227947
error matrix:
 -0.1081 0.678533 -0.227947
delta matrix:
 -0.0208449 0.296011 -0.0802315
weights_delta matrix:
 -0.0009251 0.013137 -0.00356068
 -0.00100252 0.0142365 -0.00385869
 -0.00114983 0.0163284 -0.00442568
 -0.00111935 0.0158955 -0.00430834
 -0.00208449 0.0296011 -0.00802315
weights matrix:
 -1.03203 0.196212 -0.00376118
 1.92382 -2.44965 -0.598888
 -2.48183 1.06837 2.18526
 -2.08674 -0.971686 2.99906
 0.96297 0.709825 -3.15236
regression_error on 'test' 0.0784578
classification_error on 'test' 0.0789474
Save,4195,0.0784578,0.0789474
sample_count 75 Sample index 64
 i 0:0.282131 i 1:0.516233 i 2:0.158468 i 3:0.0989754 bias 1
 test_print 2.05581
net matrix:
 1.06512 -0.42628 -2.81946
outputs matrix:
 0.893807 0.298896 0.00354412
error matrix:
 0.106193 -0.298896 -0.00354412
delta matrix:
 0.0201587 -0.125272 -2.50326e-05
weights_delta matrix:
 0.00056874 -0.0035343 -7.06246e-07
 0.00104066 -0.00646694 -1.29226e-06
 0.000319451 -0.00198516 -3.96686e-07
 0.000199522 -0.00123988 -2.47761e-07
 0.00201587 -0.0125272 -2.50326e-06
weights matrix:
 -1.03146 0.192677 -0.00376189
 1.92487 -2.45612 -0.598889
 -2.48152 1.06639 2.18526
 -2.08654 -0.972926 2.99906
 0.964986 0.697298 -3.15236
regression_error on 'test' 0.0782073
classification_error on 'test' 0.0789474
Save,4196,0.0782073,0.0789474
sample_count 75 Sample index 0
 i 0:0.282131 i 1:0.269205 i 2:0.430645 i 3:0.427485 bias 1
 test_print 2.40947
net matrix:
 -0.768454 0.133781 -1.09152
outputs matrix:
 0.176985 0.566494 0.101283
error matrix:
 -0.176985 0.433506 -0.101283
delta matrix:
 -0.0515598 0.212919 -0.0184386
weights_delta matrix:
 -0.00145466 0.00600712 -0.000520211
 -0.00138802 0.0057319 -0.000496377
 -0.0022204 0.00916927 -0.000794051
 -0.00220411 0.00910198 -0.000788224
 -0.00515598 0.0212919 -0.00184386
weights matrix:
 -1.03291 0.198684 -0.0042821
 1.92348 -2.45039 -0.599385
 -2.48374 1.07556 2.18446
 -2.08875 -0.963824 2.99827
 0.95983 0.71859 -3.1542
regression_error on 'test' 0.078814
classification_error on 'test' 0.0789474
Save,4197,0.078814,0.0789474
sample_count 75 Sample index 45
 i 0:0.697853 i 1:0.586813 i 2:0.793548 i 3:0.975 bias 1
 test_print 4.05321
net matrix:
 -2.63976 -0.666901 1.14787
outputs matrix:
 0.00506905 0.208531 0.908523
error matrix:
 -0.00506905 -0.208531 0.0914766
delta matrix:
 -5.11301e-05 -0.0688344 0.015205
weights_delta matrix:
 -3.56813e-06 -0.00480363 0.00106108
 -3.00038e-06 -0.00403929 0.000892248
 -4.05742e-06 -0.00546234 0.00120659
 -4.98519e-06 -0.00671136 0.00148249
 -5.11301e-06 -0.00688344 0.0015205
weights matrix:
 -1.03292 0.193881 -0.00322102
 1.92347 -2.45443 -0.598493
 -2.48374 1.07009 2.18567
 -2.08875 -0.970535 2.99975
 0.959825 0.711707 -3.15268
regression_error on 'test' 0.0784661
classification_error on 'test' 0.0789474
Save,4198,0.0784661,0.0789474
sample_count 75 Sample index 24
 i 0:0.466896 i 1:0.445654 i 2:0.566734 i 3:0.536988 bias 1
 test_print 3.01627
net matrix:
 -1.19449 -0.206305 -0.571384
outputs matrix:
 0.0840171 0.398287 0.241812
error matrix:
 -0.0840171 0.601713 -0.241812
delta matrix:
 -0.0129316 0.288407 -0.0886674
weights_delta matrix:
 -0.000603771 0.0134656 -0.00413984
 -0.000576302 0.012853 -0.0039515
 -0.000732878 0.016345 -0.00502508
 -0.000694411 0.0154871 -0.00476133
 -0.00129316 0.0288407 -0.00886674
weights matrix:
 -1.03352 0.207346 -0.00736086
 1.9229 -2.44158 -0.602445
 -2.48447 1.08644 2.18064
 -2.08944 -0.955048 2.99499
 0.958532 0.740547 -3.16155
regression_error on 'test' 0.0797131
classification_error on 'test' 0.0789474
Save,4199,0.0797131,0.0789474
sample_count 75 Sample index 27
 i 0:0.328323 i 1:0.622103 i 2:0.158468 i 3:0.135476 bias 1
 test_print 2.24437
net matrix:
 1.13867 -0.667508 -2.78744
outputs matrix:
 0.906982 0.208331 0.00377763
error matrix:
 0.093018 -0.208331 -0.00377763
delta matrix:
 0.015695 -0.0687197 -2.84331e-05
weights_delta matrix:
 0.000515304 -0.00225622 -9.33525e-07
 0.000976393 -0.00427507 -1.76883e-06
 0.000248716 -0.00108899 -4.50574e-07
 0.00021263 -0.000930987 -3.85201e-07
 0.0015695 -0.00687197 -2.84331e-06
weights matrix:
 -1.033 0.20509 -0.00736179
 1.92387 -2.44585 -0.602446
 -2.48422 1.08535 2.18064
 -2.08923 -0.955979 2.99499
 0.960101 0.733675 -3.16155
regression_error on 'test' 0.0794819
classification_error on 'test' 0.0789474
Save,4200,0.0794819,0.0789474
sample_count 75 Sample index 62
 i 0:0.582374 i 1:0.622103 i 2:0.748185 i 3:0.901998 bias 1
 test_print 3.85466
net matrix:
 -2.18779 -0.718706 0.792376
outputs matrix:
 0.0124246 0.191946 0.829876
error matrix:
 -0.0124246 -0.191946 0.170124
delta matrix:
 -0.000304905 -0.059543 0.0480366
weights_delta matrix:
 -1.77569e-05 -0.00346763 0.00279753
 -1.89682e-05 -0.00370418 0.00298837
 -2.28125e-05 -0.00445491 0.00359403
 -2.75023e-05 -0.00537076 0.0043329
 -3.04905e-05 -0.0059543 0.00480366
weights matrix:
 -1.03302 0.201623 -0.00456427
 1.92386 -2.44955 -0.599458
 -2.48425 1.08089 2.18424
 -2.08926 -0.96135 2.99932
 0.960071 0.727721 -3.15675
regression_error on 'test' 0.079108
classification_error on 'test' 0.0789474
Save,4201,0.079108,0.0789474
sample_count 75 Sample index 34
 i 0:0.767139 i 1:0.551523 i 2:0.642339 i 3:0.573489 bias 1
 test_print 3.53449
net matrix:
 -1.56525 -0.325615 -0.367766
outputs matrix:
 0.0418669 0.342712 0.323982
error matrix:
 -0.0418669 0.657288 -0.323982
delta matrix:
 -0.0033589 0.296122 -0.141916
weights_delta matrix:
 -0.000257674 0.0227167 -0.0108869
 -0.000185251 0.0163318 -0.00782697
 -0.000215755 0.0190211 -0.00911579
 -0.000192629 0.0169823 -0.0081387
 -0.00033589 0.0296122 -0.0141916
weights matrix:
 -1.03328 0.224339 -0.0154512
 1.92367 -2.43322 -0.607285
 -2.48446 1.09991 2.17512
 -2.08945 -0.944368 2.99118
 0.959735 0.757333 -3.17094
regression_error on 'test' 0.0809837
classification_error on 'test' 0.0789474
Save,4202,0.0809837,0.0789474
sample_count 75 Sample index 42
 i 0:0.651661 i 1:0.551523 i 2:0.702823 i 3:0.792495 bias 1
 test_print 3.6985
net matrix:
 -2.05468 -0.413813 0.383283
outputs matrix:
 0.016153 0.304147 0.682777
error matrix:
 -0.016153 -0.304147 0.317223
delta matrix:
 -0.000513409 -0.12874 0.137416
weights_delta matrix:
 -3.34568e-05 -0.00838952 0.00895486
 -2.83157e-05 -0.00710033 0.00757881
 -3.60836e-05 -0.00904818 0.00965791
 -4.06874e-05 -0.0102026 0.0108901
 -5.13409e-05 -0.012874 0.0137416
weights matrix:
 -1.03331 0.21595 -0.0064963
 1.92364 -2.44032 -0.599706
 -2.4845 1.09087 2.18478
 -2.08949 -0.95457 3.00207
 0.959684 0.744459 -3.1572
regression_error on 'test' 0.0799655
classification_error on 'test' 0.0789474
Save,4203,0.0799655,0.0789474
sample_count 75 Sample index 66
 i 0:0.60547 i 1:0.304495 i 2:0.672581 i 3:0.60999 bias 1
 test_print 3.19254
net matrix:
 -2.02581 0.283562 -0.0430634
outputs matrix:
 0.0170967 0.638099 0.478482
error matrix:
 -0.0170967 0.361901 -0.478482
delta matrix:
 -0.000574598 0.167146 -0.238798
weights_delta matrix:
 -3.47902e-05 0.0101202 -0.0144585
 -1.74962e-05 0.00508952 -0.00727127
 -3.86463e-05 0.0112419 -0.0160611
 -3.50499e-05 0.0101958 -0.0145664
 -5.74598e-05 0.0167146 -0.0238798
weights matrix:
 -1.03335 0.22607 -0.0209548
 1.92362 -2.43523 -0.606977
 -2.48454 1.10211 2.16872
 -2.08953 -0.944374 2.98751
 0.959626 0.761174 -3.18108
regression_error on 'test' 0.0812655
classification_error on 'test' 0.0789474
Save,4204,0.0812655,0.0789474
sample_count 75 Sample index 31
 i 0:0.559279 i 1:0.339785 i 2:0.778427 i 3:0.573489 bias 1
 test_print 3.25098
net matrix:
 -2.09704 0.376477 0.00245153
outputs matrix:
 0.0148605 0.679822 0.501226
error matrix:
 -0.0148605 -0.679822 0.498774
delta matrix:
 -0.000435107 -0.295946 0.249386
weights_delta matrix:
 -2.43346e-05 -0.0165516 0.0139476
 -1.47843e-05 -0.0100558 0.00847375
 -3.38699e-05 -0.0230372 0.0194129
 -2.49529e-05 -0.0169722 0.014302
 -4.35107e-05 -0.0295946 0.0249386
weights matrix:
 -1.03337 0.209518 -0.00700717
 1.92361 -2.44529 -0.598504
 -2.48457 1.07907 2.18813
 -2.08955 -0.961347 3.00181
 0.959583 0.731579 -3.15614
regression_error on 'test' 0.079264
classification_error on 'test' 0.105263
Save,4205,0.079264,0.105263
sample_count 75 Sample index 29
 i 0:0.420705 i 1:0.304495 i 2:0.536492 i 3:0.536988 bias 1
 test_print 2.79868
net matrix:
 -1.34445 0.137828 -0.555479
outputs matrix:
 0.0636315 0.568481 0.247692
error matrix:
 -0.0636315 0.431519 -0.247692
delta matrix:
 -0.00758265 0.211712 -0.0923105
weights_delta matrix:
 -0.000319006 0.00890684 -0.00388355
 -0.000230888 0.00644653 -0.00281081
 -0.000406803 0.0113582 -0.00495238
 -0.000407179 0.0113687 -0.00495696
 -0.000758265 0.0211712 -0.00923105
weights matrix:
 -1.03369 0.218425 -0.0108907
 1.92338 -2.43884 -0.601315
 -2.48498 1.09043 2.18318
 -2.08996 -0.949978 2.99685
 0.958824 0.752751 -3.16537
regression_error on 'test' 0.0803231
classification_error on 'test' 0.0789474
Save,4206,0.0803231,0.0789474
sample_count 75 Sample index 46
 i 0:0.928809 i 1:0.480944 i 2:0.854032 i 3:0.901998 bias 1
 test_print 4.16578
net matrix:
 -3.08363 -0.142937 1.10297
outputs matrix:
 0.00209258 0.429014 0.900782
error matrix:
 -0.00209258 -0.429014 0.0992176
delta matrix:
 -8.73949e-06 -0.210183 0.0177348
weights_delta matrix:
 -8.11732e-07 -0.019522 0.00164723
 -4.2032e-07 -0.0101086 0.000852946
 -7.4638e-07 -0.0179503 0.00151461
 -7.883e-07 -0.0189585 0.00159968
 -8.73949e-07 -0.0210183 0.00177348
weights matrix:
 -1.03369 0.198903 -0.00924349
 1.92338 -2.44895 -0.600462
 -2.48498 1.07248 2.18469
 -2.08996 -0.968936 2.99845
 0.958823 0.731732 -3.1636
regression_error on 'test' 0.0789138
classification_error on 'test' 0.105263
Save,4207,0.0789138,0.105263
sample_count 75 Sample index 70
 i 0:0.259036 i 1:0.622103 i 2:0.173589 i 3:0.135476 bias 1
 test_print 2.1902
net matrix:
 1.17309 -0.685342 -2.75408
outputs matrix:
 0.912631 0.202509 0.00403717
error matrix:
 0.0873691 -0.202509 -0.00403717
delta matrix:
 0.0139329 -0.0654103 -3.24658e-05
weights_delta matrix:
 0.000360912 -0.00169436 -8.40982e-07
 0.000866769 -0.00406919 -2.01971e-06
 0.00024186 -0.00113545 -5.63571e-07
 0.000188757 -0.000886152 -4.39834e-07
 0.00139329 -0.00654103 -3.24658e-06
weights matrix:
 -1.03333 0.197209 -0.00924433
 1.92424 -2.45302 -0.600464
 -2.48474 1.07134 2.18469
 -2.08977 -0.969823 2.99845
 0.960217 0.725191 -3.1636
regression_error on 'test' 0.0787387
classification_error on 'test' 0.0789474
Save,4208,0.0787387,0.0789474
sample_count 75 Sample index 3
 i 0:0.744044 i 1:0.516233 i 2:0.672581 i 3:0.60999 bias 1
 test_print 3.54285
net matrix:
 -1.7612 -0.265424 -0.18205
outputs matrix:
 0.0286818 0.370319 0.409968
error matrix:
 -0.0286818 0.629681 -0.409968
delta matrix:
 -0.0015981 0.293662 -0.198338
weights_delta matrix:
 -0.000118906 0.0218497 -0.0147572
 -8.24994e-05 0.0151598 -0.0102388
 -0.000107485 0.0197511 -0.0133398
 -9.74828e-05 0.0179131 -0.0120984
 -0.00015981 0.0293662 -0.0198338
weights matrix:
 -1.03345 0.219058 -0.0240015
 1.92416 -2.43786 -0.610702
 -2.48484 1.0911 2.17135
 -2.08987 -0.95191 2.98635
 0.960057 0.754557 -3.18343
regression_error on 'test' 0.0806108
classification_error on 'test' 0.0789474
Save,4209,0.0806108,0.0789474
sample_count 75 Sample index 50
 i 0:0.489992 i 1:0.833841 i 2:0.113105 i 3:0.135476 bias 1
 test_print 2.57241
net matrix:
 1.49394 -1.17645 -3.05425
outputs matrix:
 0.952024 0.086836 0.00221894
error matrix:
 0.047976 -0.086836 -0.00221894
delta matrix:
 0.00438254 -0.0137714 -9.8255e-06
weights_delta matrix:
 0.000214741 -0.000674789 -4.81442e-07
 0.000365434 -0.00114832 -8.1929e-07
 4.95687e-05 -0.000155762 -1.11131e-07
 5.93729e-05 -0.00018657 -1.33112e-07
 0.000438254 -0.00137714 -9.8255e-07
weights matrix:
 -1.03324 0.218384 -0.024002
 1.92453 -2.43901 -0.610703
 -2.48479 1.09094 2.17135
 -2.08981 -0.952096 2.98635
 0.960495 0.75318 -3.18343
regression_error on 'test' 0.0805504
classification_error on 'test' 0.0789474
Save,4210,0.0805504,0.0789474
sample_count 75 Sample index 60
 i 0:0.559279 i 1:0.410364 i 2:0.536492 i 3:0.536988 bias 1
 test_print 3.04312
net matrix:
 -1.28289 -0.051548 -0.678921
outputs matrix:
 0.0713735 0.474249 0.204591
error matrix:
 -0.0713735 0.525751 -0.204591
delta matrix:
 -0.00946117 0.262178 -0.0665879
weights_delta matrix:
 -0.000529143 0.0146631 -0.00372412
 -0.000388252 0.0107589 -0.00273253
 -0.000507584 0.0140657 -0.00357239
 -0.000508053 0.0140787 -0.00357569
 -0.000946117 0.0262178 -0.00665879
weights matrix:
 -1.03376 0.233047 -0.0277261
 1.92414 -2.42825 -0.613436
 -2.4853 1.105 2.16778
 -2.09032 -0.938017 2.98278
 0.959549 0.779398 -3.19009
regression_error on 'test' 0.0823225
classification_error on 'test' 0.0789474
Save,4211,0.0823225,0.0789474
sample_count 75 Sample index 32
 i 0:0.697853 i 1:0.516233 i 2:0.642339 i 3:0.60999 bias 1
 test_print 3.46642
net matrix:
 -1.64004 -0.173906 -0.314204
outputs matrix:
 0.0362608 0.413913 0.347871
error matrix:
 -0.0362608 0.586087 -0.347871
delta matrix:
 -0.00253433 0.284357 -0.157834
weights_delta matrix:
 -0.000176859 0.0198439 -0.0110145
 -0.000130831 0.0146794 -0.00814792
 -0.00016279 0.0182653 -0.0101383
 -0.000154592 0.0173455 -0.00962772
 -0.000253433 0.0284357 -0.0157834
weights matrix:
 -1.03394 0.252891 -0.0387406
 1.92401 -2.41357 -0.621584
 -2.48547 1.12327 2.15764
 -2.09047 -0.920672 2.97315
 0.959296 0.807834 -3.20588
regression_error on 'test' 0.0852595
classification_error on 'test' 0.105263
Save,4212,0.0852595,0.105263
sample_count 75 Sample index 34
 i 0:0.767139 i 1:0.551523 i 2:0.642339 i 3:0.573489 bias 1
 test_print 3.53449
net matrix:
 -1.56812 -0.135779 -0.487408
outputs matrix:
 0.0416369 0.432525 0.273921
error matrix:
 -0.0416369 0.567475 -0.273921
delta matrix:
 -0.00332289 0.27857 -0.10896
weights_delta matrix:
 -0.000254912 0.0213702 -0.00835872
 -0.000183265 0.0153638 -0.00600938
 -0.000213442 0.0178937 -0.0069989
 -0.000190564 0.0159757 -0.00624872
 -0.000332289 0.027857 -0.010896
weights matrix:
 -1.0342 0.274261 -0.0470993
 1.92383 -2.39821 -0.627593
 -2.48568 1.14116 2.15064
 -2.09066 -0.904696 2.9669
 0.958963 0.835691 -3.21677
regression_error on 'test' 0.0886775
classification_error on 'test' 0.0526316
Save,4213,0.0886775,0.0526316
sample_count 75 Sample index 30
 i 0:0.559279 i 1:0.410364 i 2:0.642339 i 3:0.500487 bias 1
 test_print 3.11247
net matrix:
 -1.47297 0.285167 -0.634319
outputs matrix:
 0.0499287 0.63884 0.21949
error matrix:
 -0.0499287 0.36116 -0.21949
delta matrix:
 -0.00473682 0.166656 -0.0752037
weights_delta matrix:
 -0.000264921 0.00932073 -0.00420598
 -0.000194382 0.00683897 -0.00308609
 -0.000304265 0.010705 -0.00483063
 -0.000237072 0.00834092 -0.00376385
 -0.000473682 0.0166656 -0.00752037
weights matrix:
 -1.03446 0.283582 -0.0513053
 1.92363 -2.39137 -0.630679
 -2.48598 1.15187 2.14581
 -2.0909 -0.896355 2.96314
 0.95849 0.852356 -3.22429
regression_error on 'test' 0.0908197
classification_error on 'test' 0.0526316
Save,4214,0.0908197,0.0526316
sample_count 75 Sample index 37
 i 0:0.720948 i 1:0.551523 i 2:0.82379 i 3:0.901998 bias 1
 test_print 3.99826
net matrix:
 -2.66029 -0.121703 0.831326
outputs matrix:
 0.0048661 0.439447 0.840594
error matrix:
 -0.0048661 -0.439447 0.159406
delta matrix:
 -4.71275e-05 -0.216501 0.0427196
weights_delta matrix:
 -3.39764e-06 -0.0156086 0.00307986
 -2.59919e-06 -0.0119405 0.00235608
 -3.88231e-06 -0.0178351 0.0035192
 -4.25089e-06 -0.0195283 0.0038533
 -4.71275e-06 -0.0216501 0.00427196
weights matrix:
 -1.03446 0.267973 -0.0482255
 1.92363 -2.40331 -0.628323
 -2.48599 1.13403 2.14933
 -2.0909 -0.915884 2.96699
 0.958485 0.830706 -3.22002
regression_error on 'test' 0.0876674
classification_error on 'test' 0.0789474
Save,4215,0.0876674,0.0789474
sample_count 75 Sample index 10
 i 0:0.697853 i 1:0.304495 i 2:0.808669 i 3:0.719493 bias 1
 test_print 3.53051
net matrix:
 -2.69242 0.544003 0.427829
outputs matrix:
 0.00456468 0.748006 0.701753
error matrix:
 -0.00456468 -0.748006 0.298247
delta matrix:
 -4.14824e-05 -0.281988 0.124844
weights_delta matrix:
 -2.89486e-06 -0.0196786 0.00871226
 -1.26312e-06 -0.00858639 0.00380143
 -3.35455e-06 -0.0228035 0.0100957
 -2.98463e-06 -0.0202888 0.00898242
 -4.14824e-06 -0.0281988 0.0124844
weights matrix:
 -1.03447 0.248294 -0.0395132
 1.92363 -2.4119 -0.624522
 -2.48599 1.11123 2.15943
 -2.09091 -0.936172 2.97597
 0.958481 0.802508 -3.20754
regression_error on 'test' 0.0842256
classification_error on 'test' 0.0789474
Save,4216,0.0842256,0.0789474
sample_count 75 Sample index 18
 i 0:0.513088 i 1:0.480944 i 2:0.566734 i 3:0.60999 bias 1
 test_print 3.17076
net matrix:
 -1.33146 -0.171366 -0.489036
outputs matrix:
 0.0651968 0.415146 0.273274
error matrix:
 -0.0651968 0.584854 -0.273274
delta matrix:
 -0.00794699 0.284005 -0.108542
weights_delta matrix:
 -0.00040775 0.0145719 -0.00556916
 -0.000382206 0.013659 -0.00522027
 -0.000450383 0.0160955 -0.00615145
 -0.000484758 0.017324 -0.00662096
 -0.000794699 0.0284005 -0.0108542
weights matrix:
 -1.03488 0.262866 -0.0450824
 1.92325 -2.39824 -0.629742
 -2.48644 1.12733 2.15328
 -2.09139 -0.918848 2.96935
 0.957686 0.830908 -3.21839
regression_error on 'test' 0.0872161
classification_error on 'test' 0.0789474
Save,4217,0.0872161,0.0789474
sample_count 75 Sample index 35
 i 0:0.189749 i 1:0.233915 i 2:0.128226 i 3:0.171977 bias 1
 test_print 1.72387
net matrix:
 0.532698 0.306335 -2.58749
outputs matrix:
 0.74372 0.64855 0.00562457
error matrix:
 0.25628 -0.64855 -0.00562457
delta matrix:
 0.0976941 -0.295652 -6.29156e-05
weights_delta matrix:
 0.00185374 -0.00560996 -1.19382e-06
 0.00228521 -0.00691574 -1.47169e-06
 0.00125269 -0.00379102 -8.06742e-07
 0.00168011 -0.00508453 -1.082e-06
 0.00976941 -0.0295652 -6.29156e-06
weights matrix:
 -1.03302 0.257256 -0.0450836
 1.92553 -2.40515 -0.629743
 -2.48519 1.12353 2.15327
 -2.08971 -0.923933 2.96935
 0.967455 0.801343 -3.2184
regression_error on 'test' 0.0855177
classification_error on 'test' 0.105263
Save,4218,0.0855177,0.105263
sample_count 75 Sample index 37
 i 0:0.720948 i 1:0.551523 i 2:0.82379 i 3:0.901998 bias 1
 test_print 3.99826
net matrix:
 -2.64751 -0.247514 0.853976
outputs matrix:
 0.00499143 0.37871 0.84657
error matrix:
 -0.00499143 -0.37871 0.15343
delta matrix:
 -4.95801e-05 -0.178212 0.0398576
weights_delta matrix:
 -3.57447e-06 -0.0128482 0.00287352
 -2.73446e-06 -0.00982881 0.00219824
 -4.08436e-06 -0.0146809 0.00328343
 -4.47211e-06 -0.0160747 0.00359515
 -4.95801e-06 -0.0178212 0.00398576
weights matrix:
 -1.03302 0.244408 -0.04221
 1.92553 -2.41498 -0.627545
 -2.48519 1.10885 2.15656
 -2.08972 -0.940008 2.97295
 0.96745 0.783522 -3.21441
regression_error on 'test' 0.0834948
classification_error on 'test' 0.0789474
Save,4219,0.0834948,0.0789474
sample_count 75 Sample index 47
 i 0:0.282131 i 1:0.516233 i 2:0.158468 i 3:0.0989754 bias 1
 test_print 2.05581
net matrix:
 1.06937 -0.311536 -2.91429
outputs matrix:
 0.894612 0.349083 0.00293364
error matrix:
 0.105388 -0.349083 -0.00293364
delta matrix:
 0.0198724 -0.15864 -1.7162e-05
weights_delta matrix:
 0.000560661 -0.00447573 -4.84194e-07
 0.00102588 -0.00818953 -8.8596e-07
 0.000314913 -0.00251394 -2.71963e-07
 0.000196687 -0.00157015 -1.69862e-07
 0.00198724 -0.015864 -1.7162e-06
weights matrix:
 -1.03246 0.239933 -0.0422105
 1.92655 -2.42317 -0.627546
 -2.48488 1.10634 2.15656
 -2.08952 -0.941578 2.97295
 0.969438 0.767658 -3.21441
regression_error on 'test' 0.0827329
classification_error on 'test' 0.0789474
Save,4220,0.0827329,0.0789474
sample_count 75 Sample index 57
 i 0:0.374514 i 1:0.727972 i 2:0.158468 i 3:0.135476 bias 1
 test_print 2.39643
net matrix:
 1.30839 -0.858726 -2.94255
outputs matrix:
 0.931934 0.1522 0.00277286
error matrix:
 0.0680664 -0.1522 -0.00277286
delta matrix:
 0.00863536 -0.0392781 -1.53349e-05
weights_delta matrix:
 0.000323406 -0.00147102 -5.74312e-07
 0.00062863 -0.00285934 -1.11633e-06
 0.000136843 -0.000622432 -2.43008e-07
 0.000116988 -0.000532124 -2.07751e-07
 0.000863536 -0.00392781 -1.53349e-06
weights matrix:
 -1.03214 0.238461 -0.0422111
 1.92718 -2.42603 -0.627547
 -2.48474 1.10572 2.15656
 -2.0894 -0.94211 2.97295
 0.970301 0.76373 -3.21442
regression_error on 'test' 0.0825347
classification_error on 'test' 0.0789474
Save,4221,0.0825347,0.0789474
sample_count 75 Sample index 61
 i 0:0.697853 i 1:0.480944 i 2:0.687702 i 3:0.682992 bias 1
 test_print 3.54949
net matrix:
 -1.95892 -0.119693 -0.0321203
outputs matrix:
 0.0194963 0.440438 0.483945
error matrix:
 -0.0194963 0.559562 -0.483945
delta matrix:
 -0.00074539 0.275811 -0.241723
weights_delta matrix:
 -5.20172e-05 0.0192475 -0.0168687
 -3.58491e-05 0.013265 -0.0116255
 -5.12606e-05 0.0189676 -0.0166234
 -5.09095e-05 0.0188377 -0.0165095
 -7.4539e-05 0.0275811 -0.0241723
weights matrix:
 -1.03219 0.257709 -0.0590798
 1.92715 -2.41276 -0.639173
 -2.48479 1.12469 2.13993
 -2.08945 -0.923272 2.95644
 0.970227 0.791311 -3.23859
regression_error on 'test' 0.086004
classification_error on 'test' 0.0789474
Save,4222,0.086004,0.0789474
sample_count 75 Sample index 6
 i 0:0.305227 i 1:0.657392 i 2:0.128226 i 3:0.171977 bias 1
 test_print 2.26282
net matrix:
 1.24411 -0.730729 -2.89397
outputs matrix:
 0.923312 0.188244 0.00305491
error matrix:
 0.076688 -0.188244 -0.00305491
delta matrix:
 0.0108601 -0.0575306 -1.86079e-05
weights_delta matrix:
 0.000331479 -0.00175599 -5.67964e-07
 0.000713933 -0.00378202 -1.22327e-06
 0.000139254 -0.000737692 -2.38602e-07
 0.000186768 -0.000989394 -3.20013e-07
 0.00108601 -0.00575306 -1.86079e-06
weights matrix:
 -1.03186 0.255953 -0.0590804
 1.92786 -2.41655 -0.639174
 -2.48465 1.12395 2.13993
 -2.08927 -0.924262 2.95644
 0.971313 0.785558 -3.23859
regression_error on 'test' 0.0856582
classification_error on 'test' 0.0789474
Save,4223,0.0856582,0.0789474
sample_count 75 Sample index 11
 i 0:0.536183 i 1:0.198626 i 2:0.536492 i 3:0.427485 bias 1
 test_print 2.69879
net matrix:
 -1.42516 0.650687 -0.985334
outputs matrix:
 0.0546651 0.786066 0.122317
error matrix:
 -0.0546651 0.213934 -0.122317
delta matrix:
 -0.00564983 0.0719528 -0.0262628
weights_delta matrix:
 -0.000302935 0.00385799 -0.00140817
 -0.00011222 0.00142917 -0.000521648
 -0.000303109 0.00386021 -0.00140898
 -0.000241522 0.00307588 -0.0011227
 -0.000564983 0.00719528 -0.00262628
weights matrix:
 -1.03216 0.259811 -0.0604886
 1.92775 -2.41512 -0.639696
 -2.48496 1.12781 2.13852
 -2.08951 -0.921186 2.95531
 0.970748 0.792753 -3.24122
regression_error on 'test' 0.0863182
classification_error on 'test' 0.0789474
Save,4224,0.0863182,0.0789474
sample_count 75 Sample index 51
 i 0:0.628566 i 1:0.516233 i 2:0.763306 i 3:0.719493 bias 1
 test_print 3.6276
net matrix:
 -2.08304 -0.0926264 0.149207
outputs matrix:
 0.0152761 0.453819 0.574055
error matrix:
 -0.0152761 -0.453819 0.425945
delta matrix:
 -0.000459587 -0.224974 0.208301
weights_delta matrix:
 -2.88881e-05 -0.0141411 0.0130931
 -2.37254e-05 -0.0116139 0.0107532
 -3.50806e-05 -0.0171724 0.0158997
 -3.3067e-05 -0.0161867 0.0149871
 -4.59587e-05 -0.0224974 0.0208301
weights matrix:
 -1.03219 0.24567 -0.0473955
 1.92772 -2.42673 -0.628942
 -2.48499 1.11064 2.15442
 -2.08954 -0.937373 2.9703
 0.970702 0.770256 -3.22039
regression_error on 'test' 0.0832596
classification_error on 'test' 0.0789474
Save,4225,0.0832596,0.0789474
sample_count 75 Sample index 57
 i 0:0.374514 i 1:0.727972 i 2:0.158468 i 3:0.135476 bias 1
 test_print 2.39643
net matrix:
 1.31059 -0.855321 -2.95218
outputs matrix:
 0.932212 0.15308 0.00272013
error matrix:
 0.0677882 -0.15308 -0.00272013
delta matrix:
 0.00856747 -0.0396928 -1.47579e-05
weights_delta matrix:
 0.000320864 -0.00148655 -5.52705e-07
 0.000623688 -0.00288952 -1.07434e-06
 0.000135767 -0.000629003 -2.33866e-07
 0.000116069 -0.000537742 -1.99934e-07
 0.000856747 -0.00396928 -1.47579e-06
weights matrix:
 -1.03187 0.244183 -0.047396
 1.92835 -2.42962 -0.628943
 -2.48485 1.11001 2.15442
 -2.08943 -0.93791 2.9703
 0.971559 0.766286 -3.22039
regression_error on 'test' 0.0830521
classification_error on 'test' 0.0789474
Save,4226,0.0830521,0.0789474
sample_count 75 Sample index 53
 i 0:0.489992 i 1:0.410364 i 2:0.702823 i 3:0.938499 bias 1
 test_print 3.54168
net matrix:
 -2.45006 -0.211185 0.800096
outputs matrix:
 0.00739062 0.39595 0.832045
error matrix:
 -0.00739062 -0.39595 0.167955
delta matrix:
 -0.000108435 -0.189402 0.046942
weights_delta matrix:
 -5.31323e-06 -0.00928052 0.00230012
 -4.44978e-06 -0.00777236 0.00192633
 -7.62106e-06 -0.0133116 0.00329919
 -1.01766e-05 -0.0177753 0.0044055
 -1.08435e-05 -0.0189402 0.0046942
weights matrix:
 -1.03188 0.234903 -0.0450959
 1.92834 -2.43739 -0.627017
 -2.48486 1.09669 2.15772
 -2.08944 -0.955686 2.97471
 0.971548 0.747346 -3.21569
regression_error on 'test' 0.0814673
classification_error on 'test' 0.0789474
Save,4227,0.0814673,0.0789474
sample_count 75 Sample index 51
 i 0:0.628566 i 1:0.516233 i 2:0.763306 i 3:0.719493 bias 1
 test_print 3.6276
net matrix:
 -2.08163 -0.21376 0.219558
outputs matrix:
 0.0153186 0.394719 0.608048
error matrix:
 -0.0153186 -0.394719 0.391952
delta matrix:
 -0.000462129 -0.188609 0.186824
weights_delta matrix:
 -2.90478e-05 -0.0118553 0.0117431
 -2.38566e-05 -0.00973662 0.00964449
 -3.52746e-05 -0.0143966 0.0142604
 -3.32498e-05 -0.0135703 0.0134419
 -4.62129e-05 -0.0188609 0.0186824
weights matrix:
 -1.03191 0.223048 -0.0333528
 1.92832 -2.44713 -0.617373
 -2.4849 1.0823 2.17198
 -2.08947 -0.969256 2.98815
 0.971501 0.728485 -3.19701
regression_error on 'test' 0.0797314
classification_error on 'test' 0.0789474
Save,4228,0.0797314,0.0789474
sample_count 75 Sample index 27
 i 0:0.328323 i 1:0.622103 i 2:0.158468 i 3:0.135476 bias 1
 test_print 2.24437
net matrix:
 1.15547 -0.680451 -2.84302
outputs matrix:
 0.909778 0.204094 0.00338154
error matrix:
 0.0902215 -0.204094 -0.00338154
delta matrix:
 0.0148111 -0.0663057 -2.27923e-05
weights_delta matrix:
 0.000486281 -0.00217697 -7.48325e-07
 0.0009214 -0.0041249 -1.41792e-06
 0.000234708 -0.00105073 -3.61185e-07
 0.000200654 -0.000898284 -3.08781e-07
 0.00148111 -0.00663057 -2.27923e-06
weights matrix:
 -1.03142 0.220871 -0.0333535
 1.92924 -2.45125 -0.617374
 -2.48466 1.08125 2.17198
 -2.08927 -0.970154 2.98815
 0.972983 0.721855 -3.19701
regression_error on 'test' 0.0795306
classification_error on 'test' 0.0789474
Save,4229,0.0795306,0.0789474
sample_count 75 Sample index 54
 i 0:0.305227 i 1:0.622103 i 2:0.158468 i 3:0.135476 bias 1
 test_print 2.22127
net matrix:
 1.18157 -0.695752 -2.84225
outputs matrix:
 0.913972 0.199168 0.00338672
error matrix:
 0.0860275 -0.199168 -0.00338672
delta matrix:
 0.0135281 -0.0635345 -2.2862e-05
weights_delta matrix:
 0.000412915 -0.00193924 -6.9781e-07
 0.00084159 -0.0039525 -1.42225e-06
 0.000214378 -0.00100682 -3.62289e-07
 0.000183274 -0.00086074 -3.09725e-07
 0.00135281 -0.00635345 -2.2862e-06
weights matrix:
 -1.03101 0.218931 -0.0333542
 1.93008 -2.45521 -0.617375
 -2.48445 1.08024 2.17198
 -2.08909 -0.971015 2.98815
 0.974335 0.715501 -3.19701
regression_error on 'test' 0.0793529
classification_error on 'test' 0.0789474
Save,4230,0.0793529,0.0789474
sample_count 75 Sample index 3
 i 0:0.744044 i 1:0.516233 i 2:0.672581 i 3:0.60999 bias 1
 test_print 3.54285
net matrix:
 -1.74172 -0.254823 -0.256967
outputs matrix:
 0.029787 0.375276 0.374272
error matrix:
 -0.029787 0.624724 -0.374272
delta matrix:
 -0.00172168 0.292925 -0.175303
weights_delta matrix:
 -0.0001281 0.0217949 -0.0130433
 -8.88787e-05 0.0151218 -0.00904973
 -0.000115797 0.0197016 -0.0117906
 -0.000105021 0.0178682 -0.0106933
 -0.000172168 0.0292925 -0.0175303
weights matrix:
 -1.03114 0.240726 -0.0463976
 1.92999 -2.44009 -0.626425
 -2.48456 1.09994 2.16019
 -2.08919 -0.953147 2.97745
 0.974163 0.744794 -3.21455
regression_error on 'test' 0.0815225
classification_error on 'test' 0.0789474
Save,4231,0.0815225,0.0789474
sample_count 75 Sample index 14
 i 0:0.697853 i 1:0.516233 i 2:0.778427 i 3:0.938499 bias 1
 test_print 3.93101
net matrix:
 -2.64385 -0.38517 0.905584
outputs matrix:
 0.005028 0.316406 0.859503
error matrix:
 -0.005028 -0.316406 0.140497
delta matrix:
 -5.03073e-05 -0.136873 0.0339322
weights_delta matrix:
 -3.51071e-06 -0.0095517 0.00236797
 -2.59703e-06 -0.00706582 0.00175169
 -3.91606e-06 -0.0106545 0.00264137
 -4.72134e-06 -0.0128455 0.00318453
 -5.03073e-06 -0.0136873 0.00339322
weights matrix:
 -1.03114 0.231175 -0.0440296
 1.92999 -2.44715 -0.624674
 -2.48457 1.08929 2.16283
 -2.0892 -0.965992 2.98064
 0.974158 0.731107 -3.21115
regression_error on 'test' 0.0804559
classification_error on 'test' 0.0789474
Save,4232,0.0804559,0.0789474
sample_count 75 Sample index 14
 i 0:0.697853 i 1:0.516233 i 2:0.778427 i 3:0.938499 bias 1
 test_print 3.93101
net matrix:
 -2.64386 -0.42952 0.916579
outputs matrix:
 0.00502784 0.29754 0.862137
error matrix:
 -0.00502784 -0.29754 0.137863
delta matrix:
 -5.03041e-05 -0.124378 0.0327717
weights_delta matrix:
 -3.51048e-06 -0.00867973 0.00228698
 -2.59686e-06 -0.00642079 0.00169178
 -3.9158e-06 -0.00968189 0.00255104
 -4.72103e-06 -0.0116728 0.00307562
 -5.03041e-06 -0.0124378 0.00327717
weights matrix:
 -1.03114 0.222495 -0.0417426
 1.92999 -2.45357 -0.622982
 -2.48457 1.07961 2.16538
 -2.0892 -0.977665 2.98371
 0.974153 0.718669 -3.20787
regression_error on 'test' 0.0796206
classification_error on 'test' 0.0789474
Save,4233,0.0796206,0.0789474
sample_count 75 Sample index 23
 i 0:0.975 i 1:0.763262 i 2:0.899395 i 3:0.792495 bias 1
 test_print 4.43015
net matrix:
 -2.44842 -0.74092 0.588042
outputs matrix:
 0.00741482 0.18515 0.764243
error matrix:
 -0.00741482 -0.18515 0.235757
delta matrix:
 -0.000109144 -0.0558668 0.0849553
weights_delta matrix:
 -1.06415e-05 -0.00544701 0.00828314
 -8.33053e-06 -0.0042641 0.00648431
 -9.81634e-06 -0.00502463 0.00764083
 -8.64959e-06 -0.00442742 0.00673266
 -1.09144e-05 -0.00558668 0.00849553
weights matrix:
 -1.03115 0.217048 -0.0334595
 1.92998 -2.45784 -0.616497
 -2.48458 1.07458 2.17303
 -2.08921 -0.982092 2.99045
 0.974142 0.713082 -3.19938
regression_error on 'test' 0.0790285
classification_error on 'test' 0.0789474
Save,4234,0.0790285,0.0789474
sample_count 75 Sample index 57
 i 0:0.374514 i 1:0.727972 i 2:0.158468 i 3:0.135476 bias 1
 test_print 2.39643
net matrix:
 1.31617 -0.95763 -2.91121
outputs matrix:
 0.932914 0.128391 0.00295167
error matrix:
 0.0670861 -0.128391 -0.00295167
delta matrix:
 0.00839724 -0.0287357 -1.73733e-05
weights_delta matrix:
 0.000314488 -0.00107619 -6.50653e-07
 0.000611296 -0.00209188 -1.26472e-06
 0.000133069 -0.000455369 -2.7531e-07
 0.000113762 -0.0003893 -2.35366e-07
 0.000839724 -0.00287357 -1.73733e-06
weights matrix:
 -1.03084 0.215972 -0.0334601
 1.93059 -2.45993 -0.616499
 -2.48445 1.07413 2.17303
 -2.08909 -0.982482 2.99045
 0.974982 0.710209 -3.19938
regression_error on 'test' 0.0789555
classification_error on 'test' 0.0789474
Save,4235,0.0789555,0.0789474
sample_count 75 Sample index 45
 i 0:0.697853 i 1:0.586813 i 2:0.793548 i 3:0.975 bias 1
 test_print 4.05321
net matrix:
 -2.61989 -0.688142 1.05558
outputs matrix:
 0.00527344 0.201606 0.891984
error matrix:
 -0.00527344 -0.201606 0.108016
delta matrix:
 -5.53251e-05 -0.0649016 0.0208144
weights_delta matrix:
 -3.86088e-06 -0.00452918 0.00145254
 -3.24655e-06 -0.00380851 0.00122141
 -4.39031e-06 -0.00515026 0.00165172
 -5.39419e-06 -0.00632791 0.0020294
 -5.53251e-06 -0.00649016 0.00208144
weights matrix:
 -1.03084 0.211442 -0.0320076
 1.93059 -2.46374 -0.615277
 -2.48445 1.06898 2.17468
 -2.0891 -0.98881 2.99248
 0.974976 0.703718 -3.1973
regression_error on 'test' 0.0786075
classification_error on 'test' 0.0789474
Save,4236,0.0786075,0.0789474
sample_count 75 Sample index 52
 i 0:0.443801 i 1:0.410364 i 2:0.672581 i 3:0.792495 bias 1
 test_print 3.31924
net matrix:
 -2.01687 -0.278126 0.370176
outputs matrix:
 0.0174 0.364415 0.677073
error matrix:
 -0.0174 -0.364415 0.322927
delta matrix:
 -0.000594984 -0.168809 0.141213
weights_delta matrix:
 -2.64054e-05 -0.00749177 0.00626704
 -2.4416e-05 -0.00692732 0.00579487
 -4.00175e-05 -0.0113538 0.00949771
 -4.71522e-05 -0.013378 0.0111911
 -5.94984e-05 -0.0168809 0.0141213
weights matrix:
 -1.03087 0.203951 -0.0257405
 1.93056 -2.47066 -0.609482
 -2.48449 1.05762 2.18417
 -2.08915 -1.00219 3.00367
 0.974917 0.686838 -3.18318
regression_error on 'test' 0.0778322
classification_error on 'test' 0.0789474
Save,4237,0.0778322,0.0789474
sample_count 75 Sample index 28
 i 0:0.305227 i 1:0.551523 i 2:0.113105 i 3:0.135476 bias 1
 test_print 2.10533
net matrix:
 1.16098 -0.629689 -2.87321
outputs matrix:
 0.91068 0.221081 0.00318401
error matrix:
 0.0893205 -0.221081 -0.00318401
delta matrix:
 0.0145311 -0.0761421 -2.02113e-05
weights_delta matrix:
 0.000443527 -0.00232406 -6.16902e-07
 0.000801422 -0.00419941 -1.1147e-06
 0.000164354 -0.000861205 -2.28599e-07
 0.000196861 -0.00103154 -2.73814e-07
 0.00145311 -0.00761421 -2.02113e-06
weights matrix:
 -1.03043 0.201627 -0.0257412
 1.93137 -2.47486 -0.609484
 -2.48433 1.05676 2.18417
 -2.08895 -1.00322 3.00367
 0.97637 0.679223 -3.18318
regression_error on 'test' 0.0777401
classification_error on 'test' 0.0789474
Save,4238,0.0777401,0.0789474
sample_count 75 Sample index 17
 i 0:0.443801 i 1:0.304495 i 2:0.521371 i 3:0.463986 bias 1
 test_print 2.73365
net matrix:
 -1.15734 0.100606 -0.847764
outputs matrix:
 0.0899139 0.550134 0.15505
error matrix:
 -0.0899139 0.449866 -0.15505
delta matrix:
 -0.0147152 0.222672 -0.0406261
weights_delta matrix:
 -0.000653062 0.00988218 -0.00180299
 -0.00044807 0.00678024 -0.00123704
 -0.000767207 0.0116094 -0.00211813
 -0.000682764 0.0103316 -0.00188499
 -0.00147152 0.0222672 -0.00406261
weights matrix:
 -1.03108 0.211509 -0.0275441
 1.93092 -2.46808 -0.610721
 -2.4851 1.06837 2.18206
 -2.08963 -0.992888 3.00178
 0.974899 0.70149 -3.18724
regression_error on 'test' 0.0782918
classification_error on 'test' 0.0789474
Save,4239,0.0782918,0.0789474
sample_count 75 Sample index 55
 i 0:0.628566 i 1:0.551523 i 2:0.612097 i 3:0.60999 bias 1
 test_print 3.40218
net matrix:
 -1.40403 -0.478473 -0.374696
outputs matrix:
 0.0568899 0.27749 0.320954
error matrix:
 -0.0568899 0.72251 -0.320954
delta matrix:
 -0.00610468 0.289711 -0.139899
weights_delta matrix:
 -0.00038372 0.0182103 -0.00879357
 -0.000336687 0.0159782 -0.00771575
 -0.000373666 0.0177331 -0.00856317
 -0.00037238 0.0176721 -0.0085337
 -0.000610468 0.0289711 -0.0139899
weights matrix:
 -1.03146 0.229719 -0.0363377
 1.93058 -2.4521 -0.618436
 -2.48547 1.0861 2.17349
 -2.09001 -0.975216 2.99325
 0.974288 0.730462 -3.20123
regression_error on 'test' 0.0797695
classification_error on 'test' 0.0789474
Save,4240,0.0797695,0.0789474
sample_count 75 Sample index 4
 i 0:0.212844 i 1:0.516233 i 2:0.158468 i 3:0.135476 bias 1
 test_print 2.02302
net matrix:
 1.07436 -0.446507 -2.77828
outputs matrix:
 0.89555 0.290488 0.00384717
error matrix:
 0.10445 -0.290488 -0.00384717
delta matrix:
 0.0195406 -0.119742 -2.94875e-05
weights_delta matrix:
 0.00041591 -0.00254864 -6.27624e-07
 0.00100875 -0.00618148 -1.52224e-06
 0.000309656 -0.00189753 -4.67282e-07
 0.000264728 -0.00162222 -3.99485e-07
 0.00195406 -0.0119742 -2.94875e-06
weights matrix:
 -1.03105 0.22717 -0.0363383
 1.93159 -2.45829 -0.618438
 -2.48516 1.08421 2.17349
 -2.08974 -0.976838 2.99325
 0.976242 0.718487 -3.20124
regression_error on 'test' 0.0794401
classification_error on 'test' 0.0789474
Save,4241,0.0794401,0.0789474
sample_count 75 Sample index 3
 i 0:0.744044 i 1:0.516233 i 2:0.672581 i 3:0.60999 bias 1
 test_print 3.54285
net matrix:
 -1.73994 -0.248182 -0.25983
outputs matrix:
 0.0298899 0.378396 0.372932
error matrix:
 -0.0298899 0.621604 -0.372932
delta matrix:
 -0.00173341 0.292418 -0.174423
weights_delta matrix:
 -0.000128973 0.0217572 -0.0129778
 -8.94842e-05 0.0150956 -0.00900428
 -0.000116586 0.0196675 -0.0117313
 -0.000105736 0.0178372 -0.0106396
 -0.000173341 0.0292418 -0.0174423
weights matrix:
 -1.03118 0.248928 -0.0493162
 1.9315 -2.44319 -0.627442
 -2.48528 1.10387 2.16176
 -2.08985 -0.959001 2.98261
 0.976069 0.747729 -3.21868
regression_error on 'test' 0.0816493
classification_error on 'test' 0.0789474
Save,4242,0.0816493,0.0789474
sample_count 75 Sample index 65
 i 0:0.928809 i 1:0.410364 i 2:0.944758 i 3:0.792495 bias 1
 test_print 4.07643
net matrix:
 -3.19326 0.259227 0.88408
outputs matrix:
 0.00168129 0.626786 0.854229
error matrix:
 -0.00168129 -0.626786 0.145771
delta matrix:
 -5.64396e-06 -0.293242 0.0363035
weights_delta matrix:
 -5.24216e-07 -0.0272366 0.0033719
 -2.31608e-07 -0.0120336 0.00148976
 -5.33217e-07 -0.0277043 0.0034298
 -4.47281e-07 -0.0232393 0.00287703
 -5.64396e-07 -0.0293242 0.00363035
weights matrix:
 -1.03118 0.221691 -0.0459443
 1.9315 -2.45522 -0.625952
 -2.48528 1.07617 2.16519
 -2.08985 -0.98224 2.98548
 0.976068 0.718405 -3.21505
regression_error on 'test' 0.0795776
classification_error on 'test' 0.0789474
Save,4243,0.0795776,0.0789474
sample_count 75 Sample index 15
 i 0:0.720948 i 1:0.410364 i 2:0.65746 i 3:0.573489 bias 1
 test_print 3.36226
net matrix:
 -1.80721 0.014931 -0.36937
outputs matrix:
 0.0262261 0.507465 0.32328
error matrix:
 -0.0262261 0.492535 -0.32328
delta matrix:
 -0.00133954 0.246213 -0.141448
weights_delta matrix:
 -9.65736e-05 0.0177507 -0.0101976
 -5.49698e-05 0.0101037 -0.00580451
 -8.80692e-05 0.0161875 -0.00929962
 -7.68209e-05 0.01412 -0.00811187
 -0.000133954 0.0246213 -0.0141448
weights matrix:
 -1.03127 0.239442 -0.0561419
 1.93144 -2.44512 -0.631757
 -2.48537 1.09236 2.15589
 -2.08992 -0.96812 2.97737
 0.975934 0.743026 -3.22919
regression_error on 'test' 0.0813406
classification_error on 'test' 0.0789474
Save,4244,0.0813406,0.0789474
sample_count 75 Sample index 10
 i 0:0.697853 i 1:0.304495 i 2:0.808669 i 3:0.719493 bias 1
 test_print 3.53051
net matrix:
 -2.66915 0.352393 0.424864
outputs matrix:
 0.00478106 0.669248 0.70051
error matrix:
 -0.00478106 -0.669248 0.29949
delta matrix:
 -4.54985e-05 -0.296283 0.125664
weights_delta matrix:
 -3.17512e-06 -0.0206762 0.00876947
 -1.38541e-06 -0.00902167 0.00382639
 -3.67932e-06 -0.0239595 0.010162
 -3.27358e-06 -0.0213173 0.0090414
 -4.54985e-06 -0.0296283 0.0125664
weights matrix:
 -1.03128 0.218765 -0.0473725
 1.93144 -2.45414 -0.62793
 -2.48537 1.0684 2.16605
 -2.08993 -0.989437 2.98641
 0.97593 0.713398 -3.21663
regression_error on 'test' 0.0792928
classification_error on 'test' 0.0789474
Save,4245,0.0792928,0.0789474
sample_count 75 Sample index 27
 i 0:0.328323 i 1:0.622103 i 2:0.158468 i 3:0.135476 bias 1
 test_print 2.24437
net matrix:
 1.16191 -0.706244 -2.87498
outputs matrix:
 0.91083 0.195842 0.00317281
error matrix:
 0.0891696 -0.195842 -0.00317281
delta matrix:
 0.0144844 -0.0616855 -2.00696e-05
weights_delta matrix:
 0.000475557 -0.00202528 -6.58931e-07
 0.00090108 -0.00383747 -1.24854e-06
 0.000229532 -0.000977517 -3.18039e-07
 0.000196229 -0.00083569 -2.71895e-07
 0.00144844 -0.00616855 -2.00696e-06
weights matrix:
 -1.0308 0.21674 -0.0473731
 1.93234 -2.45798 -0.627932
 -2.48514 1.06742 2.16605
 -2.08973 -0.990273 2.98641
 0.977378 0.707229 -3.21663
regression_error on 'test' 0.0791522
classification_error on 'test' 0.0789474
Save,4246,0.0791522,0.0789474
sample_count 75 Sample index 2
 i 0:0.466896 i 1:0.480944 i 2:0.566734 i 3:0.500487 bias 1
 test_print 3.01506
net matrix:
 -1.02884 -0.264402 -0.818509
outputs matrix:
 0.113278 0.370796 0.162871
error matrix:
 -0.113278 0.629204 -0.162871
delta matrix:
 -0.0227565 0.293595 -0.0444131
weights_delta matrix:
 -0.00106249 0.0137078 -0.00207363
 -0.00109446 0.0141203 -0.00213602
 -0.00128969 0.016639 -0.00251704
 -0.00113894 0.014694 -0.00222282
 -0.00227565 0.0293595 -0.00444131
weights matrix:
 -1.03186 0.230448 -0.0494467
 1.93125 -2.44386 -0.630068
 -2.48643 1.08406 2.16354
 -2.09087 -0.975579 2.98419
 0.975103 0.736589 -3.22107
regression_error on 'test' 0.0804473
classification_error on 'test' 0.0789474
Save,4247,0.0804473,0.0789474
sample_count 75 Sample index 28
 i 0:0.305227 i 1:0.551523 i 2:0.113105 i 3:0.135476 bias 1
 test_print 2.10533
net matrix:
 1.16079 -0.550472 -2.93467
outputs matrix:
 0.910648 0.249563 0.0028168
error matrix:
 0.0893516 -0.249563 -0.0028168
delta matrix:
 0.0145407 -0.093477 -1.58241e-05
weights_delta matrix:
 0.000443822 -0.00285317 -4.82993e-07
 0.000801954 -0.00515547 -8.72734e-07
 0.000164463 -0.00105727 -1.78978e-07
 0.000196992 -0.00126639 -2.14378e-07
 0.00145407 -0.0093477 -1.58241e-06
weights matrix:
 -1.03142 0.227595 -0.0494472
 1.93205 -2.44902 -0.630069
 -2.48626 1.083 2.16354
 -2.09067 -0.976845 2.98419
 0.976557 0.727241 -3.22107
regression_error on 'test' 0.0801644
classification_error on 'test' 0.0789474
Save,4248,0.0801644,0.0789474
sample_count 75 Sample index 40
 i 0:0.328323 i 1:0.763262 i 2:0.158468 i 3:0.171977 bias 1
 test_print 2.42203
net matrix:
 1.35904 -1.06365 -2.86215
outputs matrix:
 0.938085 0.106472 0.00325501
error matrix:
 0.061915 -0.106472 -0.00325501
delta matrix:
 0.00719225 -0.0202585 -2.11212e-05
weights_delta matrix:
 0.000236138 -0.000665135 -6.93458e-07
 0.000548957 -0.00154626 -1.6121e-06
 0.000113974 -0.000321033 -3.34704e-07
 0.00012369 -0.0003484 -3.63236e-07
 0.000719225 -0.00202585 -2.11212e-06
weights matrix:
 -1.03118 0.22693 -0.0494479
 1.9326 -2.45056 -0.63007
 -2.48615 1.08268 2.16354
 -2.09055 -0.977194 2.98419
 0.977276 0.725215 -3.22107
regression_error on 'test' 0.0800996
classification_error on 'test' 0.0789474
Save,4249,0.0800996,0.0789474
sample_count 75 Sample index 39
 i 0:0.397609 i 1:0.622103 i 2:0.18871 i 3:0.135476 bias 1
 test_print 2.3439
net matrix:
 1.01716 -0.637131 -2.82014
outputs matrix:
 0.884354 0.218529 0.00353933
error matrix:
 0.115646 -0.218529 -0.00353933
delta matrix:
 0.0236545 -0.074638 -2.49651e-05
weights_delta matrix:
 0.000940524 -0.00296767 -9.92634e-07
 0.00147155 -0.00464325 -1.55309e-06
 0.000446384 -0.00140849 -4.71116e-07
 0.000320462 -0.00101117 -3.38217e-07
 0.00236545 -0.0074638 -2.49651e-06
weights matrix:
 -1.03024 0.223962 -0.0494489
 1.93407 -2.4552 -0.630072
 -2.4857 1.08127 2.16354
 -2.09023 -0.978205 2.98419
 0.979641 0.717752 -3.22108
regression_error on 'test' 0.0798747
classification_error on 'test' 0.0789474
Save,4250,0.0798747,0.0789474
sample_count 75 Sample index 1
 i 0:0.582374 i 1:0.445654 i 2:0.581855 i 3:0.536988 bias 1
 test_print 3.14687
net matrix:
 -1.32717 -0.142132 -0.669329
outputs matrix:
 0.0657226 0.429409 0.207731
error matrix:
 -0.0657226 0.570591 -0.207731
delta matrix:
 -0.00807116 0.279609 -0.0683761
weights_delta matrix:
 -0.000470043 0.0162837 -0.00398205
 -0.000359694 0.0124609 -0.00304721
 -0.000469624 0.0162692 -0.0039785
 -0.000433411 0.0150147 -0.00367172
 -0.000807116 0.0279609 -0.00683761
weights matrix:
 -1.03071 0.240246 -0.053431
 1.93371 -2.44274 -0.633119
 -2.48617 1.09754 2.15956
 -2.09066 -0.96319 2.98052
 0.978834 0.745712 -3.22791
regression_error on 'test' 0.0814891
classification_error on 'test' 0.0789474
Save,4251,0.0814891,0.0789474
sample_count 75 Sample index 22
 i 0:0.305227 i 1:0.233915 i 2:0.430645 i 3:0.427485 bias 1
 test_print 2.39727
net matrix:
 -0.847828 0.308548 -1.18819
outputs matrix:
 0.155034 0.649558 0.0849919
error matrix:
 -0.155034 0.350442 -0.0849919
delta matrix:
 -0.0406182 0.159544 -0.0132193
weights_delta matrix:
 -0.00123978 0.00486971 -0.00040349
 -0.000950121 0.00373197 -0.00030922
 -0.0017492 0.00687068 -0.000569284
 -0.00173637 0.00682026 -0.000565107
 -0.00406182 0.0159544 -0.00132193
weights matrix:
 -1.03195 0.245115 -0.0538344
 1.93276 -2.43901 -0.633428
 -2.48792 1.10441 2.15899
 -2.0924 -0.95637 2.97995
 0.974772 0.761667 -3.22924
regression_error on 'test' 0.0823037
classification_error on 'test' 0.0789474
Save,4252,0.0823037,0.0789474
sample_count 75 Sample index 25
 i 0:0.628566 i 1:0.410364 i 2:0.778427 i 3:0.865497 bias 1
 test_print 3.68285
net matrix:
 -2.62837 -0.0531764 0.736745
outputs matrix:
 0.00518522 0.473437 0.813587
error matrix:
 -0.00518522 -0.473437 0.186413
delta matrix:
 -5.34941e-05 -0.23605 0.0565438
weights_delta matrix:
 -3.36246e-06 -0.0148373 0.00355415
 -2.19521e-06 -0.00968665 0.00232035
 -4.16413e-06 -0.0183748 0.00440152
 -4.6299e-06 -0.0204301 0.00489385
 -5.34941e-06 -0.023605 0.00565438
weights matrix:
 -1.03196 0.230278 -0.0502803
 1.93276 -2.4487 -0.631108
 -2.48793 1.08604 2.16339
 -2.0924 -0.9768 2.98485
 0.974767 0.738062 -3.22358
regression_error on 'test' 0.0804775
classification_error on 'test' 0.0789474
Save,4253,0.0804775,0.0789474
sample_count 75 Sample index 59
 i 0:0.60547 i 1:0.233915 i 2:0.596976 i 3:0.536988 bias 1
 test_print 2.97335
net matrix:
 -1.80678 0.428509 -0.507331
outputs matrix:
 0.0262483 0.702037 0.266068
error matrix:
 -0.0262483 0.297963 -0.266068
delta matrix:
 -0.00134178 0.124656 -0.103914
weights_delta matrix:
 -8.12406e-05 0.00754757 -0.00629166
 -3.13862e-05 0.0029159 -0.00243069
 -8.01009e-05 0.00744168 -0.00620339
 -7.20519e-05 0.0066939 -0.00558003
 -0.000134178 0.0124656 -0.0103914
weights matrix:
 -1.03204 0.237826 -0.056572
 1.93273 -2.44578 -0.633539
 -2.48801 1.09348 2.15719
 -2.09248 -0.970106 2.97927
 0.974633 0.750527 -3.23397
regression_error on 'test' 0.081485
classification_error on 'test' 0.0789474
Save,4254,0.081485,0.0789474
sample_count 75 Sample index 11
 i 0:0.536183 i 1:0.198626 i 2:0.536492 i 3:0.427485 bias 1
 test_print 2.69879
net matrix:
 -1.42414 0.564186 -0.959237
outputs matrix:
 0.0547708 0.755538 0.128032
error matrix:
 -0.0547708 0.244462 -0.128032
delta matrix:
 -0.00567107 0.0903042 -0.0285868
weights_delta matrix:
 -0.000304073 0.00484196 -0.00153278
 -0.000112642 0.00179368 -0.000567809
 -0.000304249 0.00484475 -0.00153366
 -0.00024243 0.00386037 -0.00122204
 -0.000567107 0.00903042 -0.00285868
weights matrix:
 -1.03234 0.242668 -0.0581047
 1.93262 -2.44399 -0.634106
 -2.48831 1.09832 2.15565
 -2.09272 -0.966246 2.97805
 0.974066 0.759558 -3.23683
regression_error on 'test' 0.082055
classification_error on 'test' 0.0789474
Save,4255,0.082055,0.0789474
sample_count 75 Sample index 54
 i 0:0.305227 i 1:0.622103 i 2:0.158468 i 3:0.135476 bias 1
 test_print 2.22127
net matrix:
 1.18342 -0.64364 -2.90399
outputs matrix:
 0.914264 0.216313 0.0029945
error matrix:
 0.085736 -0.216313 -0.0029945
delta matrix:
 0.0134409 -0.0733397 -1.78803e-05
weights_delta matrix:
 0.000410253 -0.00223853 -5.45756e-07
 0.000836163 -0.00456249 -1.11234e-06
 0.000212995 -0.0011622 -2.83346e-07
 0.000182092 -0.000993578 -2.42236e-07
 0.00134409 -0.00733397 -1.78803e-06
weights matrix:
 -1.03193 0.240429 -0.0581053
 1.93345 -2.44855 -0.634107
 -2.4881 1.09716 2.15565
 -2.09254 -0.967239 2.97805
 0.97541 0.752224 -3.23683
regression_error on 'test' 0.0817611
classification_error on 'test' 0.0789474
Save,4256,0.0817611,0.0789474
sample_count 75 Sample index 41
 i 0:0.674757 i 1:0.445654 i 2:0.627218 i 3:0.536988 bias 1
 test_print 3.28462
net matrix:
 -1.54349 -0.00798863 -0.607394
outputs matrix:
 0.0436477 0.496006 0.228855
error matrix:
 -0.0436477 0.503994 -0.228855
delta matrix:
 -0.00364393 0.251981 -0.0807768
weights_delta matrix:
 -0.000245877 0.0170026 -0.00545047
 -0.000162393 0.0112296 -0.00359985
 -0.000228554 0.0158047 -0.00506647
 -0.000195675 0.0135311 -0.00433762
 -0.000364393 0.0251981 -0.00807768
weights matrix:
 -1.03218 0.257432 -0.0635557
 1.93329 -2.43732 -0.637707
 -2.48833 1.11297 2.15059
 -2.09273 -0.953708 2.97371
 0.975045 0.777422 -3.24491
regression_error on 'test' 0.0838159
classification_error on 'test' 0.105263
Save,4257,0.0838159,0.105263
sample_count 75 Sample index 64
 i 0:0.282131 i 1:0.516233 i 2:0.158468 i 3:0.0989754 bias 1
 test_print 2.05581
net matrix:
 1.08042 -0.326199 -2.95692
outputs matrix:
 0.896677 0.342449 0.00269449
error matrix:
 0.103323 -0.342449 -0.00269449
delta matrix:
 0.0191454 -0.154224 -1.44814e-05
weights_delta matrix:
 0.00054015 -0.00435114 -4.08566e-07
 0.000988347 -0.00796155 -7.47579e-07
 0.000303393 -0.00244396 -2.29484e-07
 0.000189492 -0.00152644 -1.4333e-07
 0.00191454 -0.0154224 -1.44814e-06
weights matrix:
 -1.03164 0.253081 -0.0635562
 1.93428 -2.44528 -0.637708
 -2.48802 1.11052 2.15059
 -2.09254 -0.955235 2.97371
 0.97696 0.762 -3.24491
regression_error on 'test' 0.0831222
classification_error on 'test' 0.0789474
Save,4258,0.0831222,0.0789474
sample_count 75 Sample index 30
 i 0:0.559279 i 1:0.410364 i 2:0.642339 i 3:0.500487 bias 1
 test_print 3.11247
net matrix:
 -1.4517 0.135335 -0.672443
outputs matrix:
 0.0519859 0.567257 0.206708
error matrix:
 -0.0519859 0.432743 -0.206708
delta matrix:
 -0.00512407 0.212456 -0.0677916
weights_delta matrix:
 -0.000286579 0.0118822 -0.00379144
 -0.000210274 0.00871844 -0.00278192
 -0.000329139 0.0136469 -0.00435452
 -0.000256453 0.0106332 -0.00339288
 -0.000512407 0.0212456 -0.00677916
weights matrix:
 -1.03192 0.264963 -0.0673476
 1.93407 -2.43656 -0.64049
 -2.48835 1.12417 2.14623
 -2.0928 -0.944601 2.97031
 0.976448 0.783245 -3.25169
regression_error on 'test' 0.0849581
classification_error on 'test' 0.105263
Save,4259,0.0849581,0.105263
sample_count 75 Sample index 45
 i 0:0.697853 i 1:0.586813 i 2:0.793548 i 3:0.975 bias 1
 test_print 4.05321
net matrix:
 -2.62385 -0.490563 0.924656
outputs matrix:
 0.00523206 0.272669 0.864046
error matrix:
 -0.00523206 -0.272669 0.135954
delta matrix:
 -5.44625e-05 -0.108151 0.031941
weights_delta matrix:
 -3.80068e-06 -0.00754738 0.00222902
 -3.19593e-06 -0.00634647 0.00187434
 -4.32186e-06 -0.00858234 0.00253468
 -5.31009e-06 -0.0105448 0.00311425
 -5.44625e-06 -0.0108151 0.0031941
weights matrix:
 -1.03193 0.257415 -0.0651186
 1.93406 -2.44291 -0.638616
 -2.48836 1.11559 2.14877
 -2.0928 -0.955146 2.97343
 0.976442 0.77243 -3.2485
regression_error on 'test' 0.0837459
classification_error on 'test' 0.105263
Save,4260,0.0837459,0.105263
sample_count 75 Sample index 43
 i 0:0.582374 i 1:0.198626 i 2:0.612097 i 3:0.60999 bias 1
 test_print 3.00309
net matrix:
 -2.04007 0.537334 -0.284251
outputs matrix:
 0.0166239 0.745483 0.361582
error matrix:
 -0.0166239 0.254517 -0.361582
delta matrix:
 -0.000543521 0.0965829 -0.166936
weights_delta matrix:
 -3.16533e-05 0.00562473 -0.0097219
 -1.07957e-05 0.00191839 -0.00331578
 -3.32688e-05 0.00591181 -0.0102181
 -3.31542e-05 0.00589146 -0.0101829
 -5.43521e-05 0.00965829 -0.0166936
weights matrix:
 -1.03196 0.26304 -0.0748405
 1.93405 -2.44099 -0.641931
 -2.48839 1.1215 2.13855
 -2.09284 -0.949255 2.96325
 0.976388 0.782088 -3.26519
regression_error on 'test' 0.0852829
classification_error on 'test' 0.0789474
Save,4261,0.0852829,0.0789474
sample_count 75 Sample index 11
 i 0:0.536183 i 1:0.198626 i 2:0.536492 i 3:0.427485 bias 1
 test_print 2.69879
net matrix:
 -1.42244 0.634164 -1.01877
outputs matrix:
 0.0549471 0.780456 0.115318
error matrix:
 -0.0549471 0.219544 -0.115318
delta matrix:
 -0.00570658 0.0752351 -0.0235295
weights_delta matrix:
 -0.000305977 0.00403398 -0.00126161
 -0.000113347 0.00149436 -0.000467357
 -0.000306153 0.0040363 -0.00126234
 -0.000243948 0.00321619 -0.00100585
 -0.000570658 0.00752351 -0.00235295
weights matrix:
 -1.03226 0.267074 -0.0761021
 1.93394 -2.4395 -0.642399
 -2.4887 1.12553 2.13728
 -2.09308 -0.946039 2.96224
 0.975817 0.789612 -3.26754
regression_error on 'test' 0.0859219
classification_error on 'test' 0.0789474
Save,4262,0.0859219,0.0789474
sample_count 75 Sample index 36
 i 0:0.744044 i 1:0.516233 i 2:0.702823 i 3:0.901998 bias 1
 test_print 3.8651
net matrix:
 -2.43094 -0.333297 0.518273
outputs matrix:
 0.0076766 0.33926 0.738183
error matrix:
 -0.0076766 -0.33926 0.261817
delta matrix:
 -0.000116955 -0.152099 0.101202
weights_delta matrix:
 -8.702e-06 -0.0113168 0.00752988
 -6.03763e-06 -0.00785185 0.00522439
 -8.2199e-06 -0.0106899 0.00711272
 -1.05494e-05 -0.0137193 0.00912841
 -1.16955e-05 -0.0152099 0.0101202
weights matrix:
 -1.03227 0.255757 -0.0685722
 1.93393 -2.44735 -0.637174
 -2.4887 1.11484 2.1444
 -2.09309 -0.959758 2.97137
 0.975805 0.774402 -3.25742
regression_error on 'test' 0.083893
classification_error on 'test' 0.105263
Save,4263,0.083893,0.105263
sample_count 75 Sample index 57
 i 0:0.374514 i 1:0.727972 i 2:0.158468 i 3:0.135476 bias 1
 test_print 2.39643
net matrix:
 1.31911 -0.864773 -3.00458
outputs matrix:
 0.933281 0.150646 0.00245012
error matrix:
 0.0667186 -0.150646 -0.00245012
delta matrix:
 0.00830877 -0.0385507 -1.19768e-05
weights_delta matrix:
 0.000311175 -0.00144378 -4.48547e-07
 0.000604855 -0.00280638 -8.71876e-07
 0.000131667 -0.000610905 -1.89794e-07
 0.000112564 -0.000522269 -1.62257e-07
 0.000830877 -0.00385507 -1.19768e-06
weights matrix:
 -1.03196 0.254314 -0.0685727
 1.93454 -2.45016 -0.637175
 -2.48857 1.11423 2.1444
 -2.09298 -0.96028 2.97137
 0.976636 0.770547 -3.25742
regression_error on 'test' 0.083701
classification_error on 'test' 0.105263
Save,4264,0.083701,0.105263
sample_count 75 Sample index 34
 i 0:0.767139 i 1:0.551523 i 2:0.642339 i 3:0.573489 bias 1
 test_print 3.53449
net matrix:
 -1.54689 -0.220672 -0.579969
outputs matrix:
 0.0433649 0.391421 0.238679
error matrix:
 -0.0433649 0.608579 -0.238679
delta matrix:
 -0.00359792 0.28994 -0.0867411
weights_delta matrix:
 -0.000276011 0.0222424 -0.00665425
 -0.000198434 0.0159909 -0.00478397
 -0.000231109 0.018624 -0.00557172
 -0.000206337 0.0166277 -0.00497451
 -0.000359792 0.028994 -0.00867411
weights matrix:
 -1.03224 0.276556 -0.0752269
 1.93434 -2.43417 -0.641959
 -2.4888 1.13286 2.13883
 -2.09318 -0.943652 2.96639
 0.976276 0.799541 -3.2661
regression_error on 'test' 0.0866459
classification_error on 'test' 0.0789474
Save,4265,0.0866459,0.0789474
sample_count 75 Sample index 18
 i 0:0.513088 i 1:0.480944 i 2:0.566734 i 3:0.60999 bias 1
 test_print 3.17076
net matrix:
 -1.31035 -0.162849 -0.591827
outputs matrix:
 0.0678175 0.419288 0.234396
error matrix:
 -0.0678175 0.580712 -0.234396
delta matrix:
 -0.00857461 0.28279 -0.0841267
weights_delta matrix:
 -0.000439953 0.0145096 -0.00431644
 -0.000412391 0.0136006 -0.00404602
 -0.000485952 0.0160267 -0.00476774
 -0.000523042 0.0172499 -0.00513164
 -0.000857461 0.028279 -0.00841267
weights matrix:
 -1.03268 0.291066 -0.0795434
 1.93393 -2.42057 -0.646005
 -2.48929 1.14888 2.13406
 -2.09371 -0.926402 2.96126
 0.975419 0.82782 -3.27451
regression_error on 'test' 0.0898092
classification_error on 'test' 0.0526316
Save,4266,0.0898092,0.0526316
sample_count 75 Sample index 4
 i 0:0.212844 i 1:0.516233 i 2:0.158468 i 3:0.135476 bias 1
 test_print 2.02302
net matrix:
 1.07586 -0.303248 -2.88557
outputs matrix:
 0.895829 0.352859 0.00310652
error matrix:
 0.104171 -0.352859 -0.00310652
delta matrix:
 0.0194424 -0.16115 -1.92409e-05
weights_delta matrix:
 0.000413819 -0.00342999 -4.09532e-07
 0.00100368 -0.00831911 -9.93281e-07
 0.000308099 -0.00255372 -3.04907e-07
 0.000263397 -0.0021832 -2.60669e-07
 0.00194424 -0.016115 -1.92409e-06
weights matrix:
 -1.03226 0.287636 -0.0795438
 1.93493 -2.42888 -0.646006
 -2.48898 1.14633 2.13406
 -2.09344 -0.928586 2.96126
 0.977363 0.811705 -3.27451
regression_error on 'test' 0.0887531
classification_error on 'test' 0.0526316
Save,4267,0.0887531,0.0526316
sample_count 75 Sample index 11
 i 0:0.536183 i 1:0.198626 i 2:0.536492 i 3:0.427485 bias 1
 test_print 2.69879
net matrix:
 -1.42203 0.701531 -1.03468
outputs matrix:
 0.0549896 0.802669 0.112111
error matrix:
 -0.0549896 0.197331 -0.112111
delta matrix:
 -0.00571514 0.0625109 -0.0223197
weights_delta matrix:
 -0.000306436 0.00335173 -0.00119674
 -0.000113518 0.00124163 -0.000443326
 -0.000306613 0.00335366 -0.00119743
 -0.000244314 0.00267225 -0.000954132
 -0.000571514 0.00625109 -0.00223197
weights matrix:
 -1.03257 0.290987 -0.0807405
 1.93482 -2.42764 -0.64645
 -2.48929 1.14968 2.13286
 -2.09369 -0.925913 2.96031
 0.976792 0.817956 -3.27675
regression_error on 'test' 0.0894151
classification_error on 'test' 0.0526316
Save,4268,0.0894151,0.0526316
sample_count 75 Sample index 23
 i 0:0.975 i 1:0.763262 i 2:0.899395 i 3:0.792495 bias 1
 test_print 4.43015
net matrix:
 -2.45128 -0.451021 0.415435
outputs matrix:
 0.00737275 0.288631 0.696539
error matrix:
 -0.00737275 -0.288631 0.303461
delta matrix:
 -0.000107913 -0.118525 0.128287
weights_delta matrix:
 -1.05216e-05 -0.0115562 0.0125079
 -8.23662e-06 -0.00904659 0.00979163
 -9.70567e-06 -0.0106601 0.011538
 -8.55208e-06 -0.00939307 0.0101666
 -1.07913e-05 -0.0118525 0.0128287
weights matrix:
 -1.03258 0.279431 -0.0682326
 1.93481 -2.43669 -0.636658
 -2.4893 1.13902 2.1444
 -2.0937 -0.935307 2.97047
 0.976781 0.806103 -3.26392
regression_error on 'test' 0.0869511
classification_error on 'test' 0.0789474
Save,4269,0.0869511,0.0789474
sample_count 75 Sample index 22
 i 0:0.305227 i 1:0.233915 i 2:0.430645 i 3:0.427485 bias 1
 test_print 2.39727
net matrix:
 -0.852837 0.4121 -1.24036
outputs matrix:
 0.153726 0.695127 0.077221
error matrix:
 -0.153726 0.304873 -0.077221
delta matrix:
 -0.0399975 0.12922 -0.0110052
weights_delta matrix:
 -0.00122083 0.00394416 -0.000335909
 -0.000935602 0.00302266 -0.000257429
 -0.00172247 0.00556481 -0.000473934
 -0.00170983 0.00552398 -0.000470457
 -0.00399975 0.012922 -0.00110052
weights matrix:
 -1.0338 0.283375 -0.0685685
 1.93387 -2.43367 -0.636915
 -2.49102 1.14459 2.14392
 -2.09541 -0.929783 2.97
 0.972781 0.819025 -3.26502
regression_error on 'test' 0.0879644
classification_error on 'test' 0.0526316
Save,4270,0.0879644,0.0526316
sample_count 75 Sample index 43
 i 0:0.582374 i 1:0.198626 i 2:0.612097 i 3:0.60999 bias 1
 test_print 3.00309
net matrix:
 -2.04808 0.634108 -0.307495
outputs matrix:
 0.0163641 0.780437 0.350922
error matrix:
 -0.0163641 0.219563 -0.350922
delta matrix:
 -0.000526801 0.0752465 -0.159863
weights_delta matrix:
 -3.06795e-05 0.00438216 -0.00931
 -1.04636e-05 0.00149459 -0.00317529
 -3.22454e-05 0.00460581 -0.00978516
 -3.21344e-05 0.00458996 -0.00975147
 -5.26801e-05 0.00752465 -0.0159863
weights matrix:
 -1.03383 0.287757 -0.0778785
 1.93386 -2.43217 -0.640091
 -2.49105 1.14919 2.13414
 -2.09544 -0.925193 2.96025
 0.972728 0.82655 -3.281
regression_error on 'test' 0.0895752
classification_error on 'test' 0.0526316
Save,4271,0.0895752,0.0526316
sample_count 75 Sample index 27
 i 0:0.328323 i 1:0.622103 i 2:0.158468 i 3:0.135476 bias 1
 test_print 2.24437
net matrix:
 1.15773 -0.535265 -2.96554
outputs matrix:
 0.910149 0.255302 0.00264858
error matrix:
 0.0898512 -0.255302 -0.00264858
delta matrix:
 0.0146957 -0.0970777 -1.39928e-05
weights_delta matrix:
 0.000482494 -0.00318728 -4.59417e-07
 0.000914224 -0.00603923 -8.70499e-07
 0.00023288 -0.00153837 -2.21742e-07
 0.000199091 -0.00131517 -1.89569e-07
 0.00146957 -0.00970777 -1.39928e-06
weights matrix:
 -1.03335 0.28457 -0.0778789
 1.93478 -2.43821 -0.640092
 -2.49082 1.14766 2.13414
 -2.09524 -0.926508 2.96025
 0.974198 0.816842 -3.281
regression_error on 'test' 0.0888961
classification_error on 'test' 0.0526316
Save,4272,0.0888961,0.0526316
sample_count 75 Sample index 25
 i 0:0.628566 i 1:0.410364 i 2:0.778427 i 3:0.865497 bias 1
 test_print 3.68285
net matrix:
 -2.63371 0.086636 0.630733
outputs matrix:
 0.00513041 0.54321 0.779279
error matrix:
 -0.00513041 -0.54321 0.220721
delta matrix:
 -5.23722e-05 -0.269577 0.0759297
weights_delta matrix:
 -3.29194e-06 -0.0169447 0.00477269
 -2.14917e-06 -0.0110624 0.00311588
 -4.07679e-06 -0.0209846 0.00591058
 -4.5328e-06 -0.0233318 0.0065717
 -5.23722e-06 -0.0269577 0.00759297
weights matrix:
 -1.03335 0.267625 -0.0731062
 1.93478 -2.44927 -0.636976
 -2.49082 1.12667 2.14005
 -2.09524 -0.94984 2.96682
 0.974193 0.789885 -3.27341
regression_error on 'test' 0.0856268
classification_error on 'test' 0.0789474
Save,4273,0.0856268,0.0789474
sample_count 75 Sample index 33
 i 0:0.559279 i 1:0.480944 i 2:0.672581 i 3:0.719493 bias 1
 test_print 3.4323
net matrix:
 -1.85602 -0.164027 -0.0466825
outputs matrix:
 0.0238454 0.418714 0.476676
error matrix:
 -0.0238454 -0.418714 0.523324
delta matrix:
 -0.00111009 -0.203824 0.261093
weights_delta matrix:
 -6.20848e-05 -0.0113994 0.0146024
 -5.33889e-05 -0.00980279 0.0125571
 -7.46622e-05 -0.0137088 0.0175606
 -7.98699e-05 -0.014665 0.0187854
 -0.000111009 -0.0203824 0.0261093
weights matrix:
 -1.03342 0.256226 -0.0585039
 1.93472 -2.45908 -0.624419
 -2.4909 1.11296 2.15761
 -2.09532 -0.964505 2.98561
 0.974082 0.769502 -3.2473
regression_error on 'test' 0.0826769
classification_error on 'test' 0.0789474
Save,4274,0.0826769,0.0789474
sample_count 75 Sample index 19
 i 0:0.674757 i 1:0.480944 i 2:0.596976 i 3:0.573489 bias 1
 test_print 3.32617
net matrix:
 -1.48138 -0.129006 -0.586833
outputs matrix:
 0.0491368 0.435852 0.236193
error matrix:
 -0.0491368 0.564148 -0.236193
delta matrix:
 -0.00459157 0.277431 -0.0852212
weights_delta matrix:
 -0.000309819 0.0187199 -0.00575036
 -0.000220829 0.0133429 -0.00409866
 -0.000274106 0.016562 -0.0050875
 -0.000263322 0.0159104 -0.00488734
 -0.000459157 0.0277431 -0.00852212
weights matrix:
 -1.03372 0.274946 -0.0642542
 1.9345 -2.44573 -0.628517
 -2.49117 1.12952 2.15252
 -2.09559 -0.948594 2.98072
 0.973623 0.797245 -3.25582
regression_error on 'test' 0.0852048
classification_error on 'test' 0.105263
Save,4275,0.0852048,0.105263
sample_count 75 Sample index 35
 i 0:0.189749 i 1:0.233915 i 2:0.128226 i 3:0.171977 bias 1
 test_print 1.72387
net matrix:
 0.550157 0.25902 -2.62641
outputs matrix:
 0.750319 0.626689 0.00520549
error matrix:
 0.249681 -0.626689 -0.00520549
delta matrix:
 0.0935506 -0.293228 -5.39121e-05
weights_delta matrix:
 0.00177511 -0.00556397 -1.02298e-06
 0.00218829 -0.00685904 -1.26109e-06
 0.00119956 -0.00375994 -6.91294e-07
 0.00160886 -0.00504284 -9.27165e-07
 0.00935506 -0.0293228 -5.39121e-06
weights matrix:
 -1.03195 0.269382 -0.0642552
 1.93669 -2.45259 -0.628518
 -2.48997 1.12576 2.15252
 -2.09398 -0.953637 2.98072
 0.982978 0.767923 -3.25583
regression_error on 'test' 0.0838658
classification_error on 'test' 0.105263
Save,4276,0.0838658,0.105263
sample_count 75 Sample index 38
 i 0:0.397609 i 1:0.798551 i 2:0.128226 i 3:0.208478 bias 1
 test_print 2.53286
net matrix:
 1.36338 -1.13795 -2.88586
outputs matrix:
 0.938588 0.0931388 0.00310474
error matrix:
 0.0614123 -0.0931388 -0.00310474
delta matrix:
 0.0070797 -0.0157338 -1.92189e-05
weights_delta matrix:
 0.000281495 -0.000625588 -7.64162e-07
 0.00056535 -0.00125642 -1.53473e-06
 9.07802e-05 -0.000201748 -2.46437e-07
 0.000147596 -0.000328014 -4.00672e-07
 0.00070797 -0.00157338 -1.92189e-06
weights matrix:
 -1.03167 0.268756 -0.064256
 1.93726 -2.45385 -0.62852
 -2.48988 1.12556 2.15252
 -2.09383 -0.953965 2.98072
 0.983686 0.766349 -3.25583
regression_error on 'test' 0.0837801
classification_error on 'test' 0.105263
Save,4277,0.0837801,0.105263
sample_count 75 Sample index 21
 i 0:0.836426 i 1:0.445654 i 2:0.884274 i 3:0.719493 bias 1
 test_print 3.88585
net matrix:
 -2.72412 0.206511 0.458347
outputs matrix:
 0.00428544 0.601812 0.714368
error matrix:
 -0.00428544 -0.601812 0.285632
delta matrix:
 -3.65727e-05 -0.28843 0.116564
weights_delta matrix:
 -3.05903e-06 -0.024125 0.00974975
 -1.62987e-06 -0.012854 0.00519474
 -3.23402e-06 -0.0255051 0.0103075
 -2.63138e-06 -0.0207523 0.00838673
 -3.65727e-06 -0.028843 0.0116564
weights matrix:
 -1.03167 0.244631 -0.0545063
 1.93725 -2.4667 -0.623325
 -2.48989 1.10006 2.16283
 -2.09383 -0.974717 2.98911
 0.983682 0.737506 -3.24418
regression_error on 'test' 0.0810229
classification_error on 'test' 0.0789474
Save,4278,0.0810229,0.0789474
sample_count 75 Sample index 41
 i 0:0.674757 i 1:0.445654 i 2:0.627218 i 3:0.536988 bias 1
 test_print 3.28462
net matrix:
 -1.53517 -0.0301586 -0.597061
outputs matrix:
 0.0443478 0.484925 0.232522
error matrix:
 -0.0443478 0.515075 -0.232522
delta matrix:
 -0.00375902 0.257303 -0.08299
weights_delta matrix:
 -0.000253642 0.0173617 -0.00559981
 -0.000167522 0.0114668 -0.00369848
 -0.000235772 0.0161385 -0.00520528
 -0.000201855 0.0138169 -0.00445646
 -0.000375902 0.0257303 -0.008299
weights matrix:
 -1.03193 0.261993 -0.0601061
 1.93709 -2.45524 -0.627024
 -2.49012 1.1162 2.15762
 -2.09404 -0.9609 2.98465
 0.983306 0.763237 -3.25247
regression_error on 'test' 0.0829371
classification_error on 'test' 0.0789474
Save,4279,0.0829371,0.0789474
sample_count 75 Sample index 3
 i 0:0.744044 i 1:0.516233 i 2:0.672581 i 3:0.60999 bias 1
 test_print 3.54285
net matrix:
 -1.73665 -0.14471 -0.349102
outputs matrix:
 0.0300814 0.428146 0.33221
error matrix:
 -0.0300814 0.571854 -0.33221
delta matrix:
 -0.00175534 0.280022 -0.1474
weights_delta matrix:
 -0.000130605 0.0208349 -0.0109672
 -9.06164e-05 0.0144557 -0.00760925
 -0.000118061 0.0188338 -0.00991381
 -0.000107074 0.0170811 -0.00899122
 -0.000175534 0.0280022 -0.01474
weights matrix:
 -1.03206 0.282828 -0.0710732
 1.937 -2.44078 -0.634633
 -2.49024 1.13503 2.14771
 -2.09414 -0.943819 2.97566
 0.983131 0.791239 -3.26721
regression_error on 'test' 0.0860263
classification_error on 'test' 0.0789474
Save,4280,0.0860263,0.0789474
sample_count 75 Sample index 61
 i 0:0.697853 i 1:0.480944 i 2:0.687702 i 3:0.682992 bias 1
 test_print 3.54949
net matrix:
 -1.94833 -0.0493264 -0.1127
outputs matrix:
 0.0199053 0.475357 0.443887
error matrix:
 -0.0199053 0.524643 -0.443887
delta matrix:
 -0.000776668 0.261684 -0.219148
weights_delta matrix:
 -5.42e-05 0.0182617 -0.0152933
 -3.73534e-05 0.0125856 -0.0105398
 -5.34116e-05 0.0179961 -0.0150709
 -5.30458e-05 0.0178728 -0.0149677
 -7.76668e-05 0.0261684 -0.0219148
weights matrix:
 -1.03211 0.30109 -0.0863666
 1.93696 -2.4282 -0.645173
 -2.49029 1.15303 2.13264
 -2.0942 -0.925947 2.96069
 0.983053 0.817407 -3.28913
regression_error on 'test' 0.0901253
classification_error on 'test' 0.0526316
Save,4281,0.0901253,0.0526316
sample_count 75 Sample index 19
 i 0:0.674757 i 1:0.480944 i 2:0.596976 i 3:0.573489 bias 1
 test_print 3.32617
net matrix:
 -1.46945 0.0100525 -0.686639
outputs matrix:
 0.0502642 0.505026 0.202091
error matrix:
 -0.0502642 0.494974 -0.202091
delta matrix:
 -0.004799 0.247462 -0.0651743
weights_delta matrix:
 -0.000323816 0.0166977 -0.00439768
 -0.000230805 0.0119015 -0.00313452
 -0.000286489 0.0147729 -0.00389075
 -0.000275217 0.0141917 -0.00373767
 -0.0004799 0.0247462 -0.00651743
weights matrix:
 -1.03243 0.317787 -0.0907643
 1.93673 -2.41629 -0.648307
 -2.49058 1.1678 2.12875
 -2.09447 -0.911755 2.95695
 0.982573 0.842153 -3.29565
regression_error on 'test' 0.0933716
classification_error on 'test' 0.157895
Save,4282,0.0933716,0.157895
sample_count 75 Sample index 2
 i 0:0.466896 i 1:0.480944 i 2:0.566734 i 3:0.500487 bias 1
 test_print 3.01506
net matrix:
 -1.02776 0.0339351 -0.963472
outputs matrix:
 0.113496 0.516961 0.127089
error matrix:
 -0.113496 0.483039 -0.127089
delta matrix:
 -0.0228386 0.241242 -0.0281979
weights_delta matrix:
 -0.00106633 0.0112635 -0.00131655
 -0.00109841 0.0116024 -0.00135616
 -0.00129434 0.013672 -0.00159807
 -0.00114304 0.0120738 -0.00141127
 -0.00228386 0.0241242 -0.00281979
weights matrix:
 -1.0335 0.329051 -0.0920808
 1.93563 -2.40469 -0.649664
 -2.49187 1.18147 2.12715
 -2.09561 -0.899681 2.95554
 0.980289 0.866278 -3.29847
regression_error on 'test' 0.0963756
classification_error on 'test' 0.157895
Save,4283,0.0963756,0.157895
sample_count 75 Sample index 63
 i 0:0.420705 i 1:0.904421 i 2:0.143347 i 3:0.135476 bias 1
 test_print 2.60395
net matrix:
 1.65501 -1.12267 -3.21945
outputs matrix:
 0.964771 0.0957527 0.00159562
error matrix:
 0.0352293 -0.0957527 -0.00159562
delta matrix:
 0.00239476 -0.0165813 -5.08387e-06
weights_delta matrix:
 0.000100749 -0.000697584 -2.13881e-07
 0.000216587 -0.00149965 -4.59796e-07
 3.43281e-05 -0.000237688 -7.28757e-08
 3.24432e-05 -0.000224637 -6.88742e-08
 0.000239476 -0.00165813 -5.08387e-07
weights matrix:
 -1.0334 0.328353 -0.092081
 1.93585 -2.40619 -0.649664
 -2.49184 1.18123 2.12715
 -2.09558 -0.899906 2.95554
 0.980529 0.864619 -3.29847
regression_error on 'test' 0.0962056
classification_error on 'test' 0.157895
Save,4284,0.0962056,0.157895
sample_count 75 Sample index 3
 i 0:0.744044 i 1:0.516233 i 2:0.672581 i 3:0.60999 bias 1
 test_print 3.54285
net matrix:
 -1.74327 0.112315 -0.468825
outputs matrix:
 0.0296979 0.555923 0.281375
error matrix:
 -0.0296979 0.444077 -0.281375
delta matrix:
 -0.00171154 0.219261 -0.11379
weights_delta matrix:
 -0.000127346 0.016314 -0.00846648
 -8.83554e-05 0.011319 -0.00587422
 -0.000115115 0.0147471 -0.0076533
 -0.000104402 0.0133747 -0.00694108
 -0.000171154 0.0219261 -0.011379
weights matrix:
 -1.03353 0.344667 -0.100548
 1.93576 -2.39487 -0.655538
 -2.49195 1.19598 2.1195
 -2.09569 -0.886531 2.9486
 0.980357 0.886546 -3.30985
regression_error on 'test' 0.100348
classification_error on 'test' 0.157895
Save,4285,0.100348,0.157895
sample_count 75 Sample index 13
 i 0:0.420705 i 1:0.269205 i 2:0.491129 i 3:0.427485 bias 1
 test_print 2.60852
net matrix:
 -1.05308 0.595239 -1.22719
outputs matrix:
 0.108499 0.766827 0.0791186
error matrix:
 -0.108499 0.233173 -0.0791186
delta matrix:
 -0.0209896 0.0833844 -0.011529
weights_delta matrix:
 -0.000883043 0.00350803 -0.00048503
 -0.00056505 0.00224475 -0.000310366
 -0.00103086 0.00409525 -0.000566222
 -0.000897274 0.00356456 -0.000492847
 -0.00209896 0.00833844 -0.0011529
weights matrix:
 -1.03441 0.348175 -0.101033
 1.93519 -2.39263 -0.655849
 -2.49299 1.20008 2.11893
 -2.09658 -0.882966 2.94811
 0.978259 0.894884 -3.311
regression_error on 'test' 0.10144
classification_error on 'test' 0.157895
Save,4286,0.10144,0.157895
sample_count 75 Sample index 42
 i 0:0.651661 i 1:0.551523 i 2:0.702823 i 3:0.792495 bias 1
 test_print 3.6985
net matrix:
 -2.04218 -0.0541184 0.0870416
outputs matrix:
 0.0165552 0.472967 0.543411
error matrix:
 -0.0165552 -0.472967 0.456589
delta matrix:
 -0.000539071 -0.235792 0.226573
weights_delta matrix:
 -3.51292e-05 -0.0153657 0.0147649
 -2.9731e-05 -0.0130045 0.012496
 -3.78872e-05 -0.016572 0.0159241
 -4.27211e-05 -0.0186864 0.0179558
 -5.39071e-05 -0.0235792 0.0226573
weights matrix:
 -1.03444 0.33281 -0.0862676
 1.93516 -2.40563 -0.643353
 -2.49302 1.1835 2.13485
 -2.09663 -0.901653 2.96606
 0.978205 0.871305 -3.28834
regression_error on 'test' 0.0959191
classification_error on 'test' 0.157895
Save,4287,0.0959191,0.157895
sample_count 75 Sample index 21
 i 0:0.836426 i 1:0.445654 i 2:0.884274 i 3:0.719493 bias 1
 test_print 3.88585
net matrix:
 -2.73764 0.475405 0.374649
outputs matrix:
 0.00417156 0.721278 0.679026
error matrix:
 -0.00417156 -0.721278 0.320974
delta matrix:
 -3.46586e-05 -0.290006 0.139913
weights_delta matrix:
 -2.89894e-06 -0.0242568 0.0117027
 -1.54458e-06 -0.0129242 0.00623526
 -3.06477e-06 -0.0256445 0.0123721
 -2.49366e-06 -0.0208657 0.0100666
 -3.46586e-06 -0.0290006 0.0139913
weights matrix:
 -1.03445 0.308553 -0.074565
 1.93516 -2.41856 -0.637117
 -2.49303 1.15786 2.14723
 -2.09663 -0.922519 2.97613
 0.978201 0.842304 -3.27435
regression_error on 'test' 0.0907103
classification_error on 'test' 0.0526316
Save,4288,0.0907103,0.0526316
sample_count 75 Sample index 2
 i 0:0.466896 i 1:0.480944 i 2:0.566734 i 3:0.500487 bias 1
 test_print 3.01506
net matrix:
 -1.03629 0.0176659 -0.90916
outputs matrix:
 0.11179 0.508832 0.139635
error matrix:
 -0.11179 0.491168 -0.139635
delta matrix:
 -0.0222 0.245507 -0.0335509
weights_delta matrix:
 -0.00103651 0.0114626 -0.00156648
 -0.00106769 0.0118075 -0.00161361
 -0.00125815 0.0139137 -0.00190144
 -0.00111108 0.0122873 -0.00167918
 -0.00222 0.0245507 -0.00335509
weights matrix:
 -1.03548 0.320015 -0.0761315
 1.93409 -2.40675 -0.638731
 -2.49428 1.17177 2.14533
 -2.09774 -0.910231 2.97445
 0.975981 0.866855 -3.27771
regression_error on 'test' 0.0936525
classification_error on 'test' 0.131579
Save,4289,0.0936525,0.131579
sample_count 75 Sample index 50
 i 0:0.489992 i 1:0.833841 i 2:0.113105 i 3:0.135476 bias 1
 test_print 2.57241
net matrix:
 1.51502 -0.973967 -3.202
outputs matrix:
 0.953913 0.124779 0.00165221
error matrix:
 0.0460871 -0.124779 -0.00165221
delta matrix:
 0.00405226 -0.027254 -5.45055e-06
weights_delta matrix:
 0.000198558 -0.00133542 -2.67073e-07
 0.000337894 -0.00227255 -4.54489e-07
 4.58331e-05 -0.000308256 -6.16485e-08
 5.48985e-05 -0.000369226 -7.38419e-08
 0.000405226 -0.0027254 -5.45055e-07
weights matrix:
 -1.03529 0.31868 -0.0761317
 1.93443 -2.40902 -0.638731
 -2.49424 1.17146 2.14533
 -2.09768 -0.9106 2.97445
 0.976386 0.86413 -3.27771
regression_error on 'test' 0.0933844
classification_error on 'test' 0.131579
Save,4290,0.0933844,0.131579
sample_count 75 Sample index 66
 i 0:0.60547 i 1:0.304495 i 2:0.672581 i 3:0.60999 bias 1
 test_print 3.19254
net matrix:
 -2.01857 0.555994 -0.261001
outputs matrix:
 0.0173419 0.752499 0.372384
error matrix:
 -0.0173419 0.247501 -0.372384
delta matrix:
 -0.000591052 0.092191 -0.174063
weights_delta matrix:
 -3.57864e-05 0.00558189 -0.010539
 -1.79972e-05 0.00280717 -0.00530013
 -3.97531e-05 0.00620059 -0.0117072
 -3.60536e-05 0.00562356 -0.0106177
 -5.91052e-05 0.0092191 -0.0174063
weights matrix:
 -1.03532 0.324262 -0.0866707
 1.93441 -2.40621 -0.644031
 -2.49428 1.17767 2.13362
 -2.09772 -0.904977 2.96383
 0.976327 0.873349 -3.29511
regression_error on 'test' 0.0956381
classification_error on 'test' 0.157895
Save,4291,0.0956381,0.157895
sample_count 75 Sample index 23
 i 0:0.975 i 1:0.763262 i 2:0.899395 i 3:0.792495 bias 1
 test_print 4.43015
net matrix:
 -2.46242 -0.305071 0.396609
outputs matrix:
 0.00721148 0.352027 0.688522
error matrix:
 -0.00721148 -0.352027 0.311478
delta matrix:
 -0.000103261 -0.160597 0.133599
weights_delta matrix:
 -1.00679e-05 -0.0156582 0.0130259
 -7.88151e-06 -0.0122578 0.0101971
 -9.28723e-06 -0.0144441 0.0120158
 -8.18337e-06 -0.0127273 0.0105876
 -1.03261e-05 -0.0160597 0.0133599
weights matrix:
 -1.03533 0.308604 -0.0736448
 1.93441 -2.41847 -0.633834
 -2.49429 1.16322 2.14563
 -2.09773 -0.917704 2.97442
 0.976317 0.857289 -3.28175
regression_error on 'test' 0.0919511
classification_error on 'test' 0.105263
Save,4292,0.0919511,0.105263
sample_count 75 Sample index 61
 i 0:0.697853 i 1:0.480944 i 2:0.687702 i 3:0.682992 bias 1
 test_print 3.54949
net matrix:
 -1.96391 0.0826644 -0.130921
outputs matrix:
 0.0193065 0.541238 0.434911
error matrix:
 -0.0193065 0.458762 -0.434911
delta matrix:
 -0.000731086 0.22782 -0.21377
weights_delta matrix:
 -5.1019e-05 0.0158985 -0.014918
 -3.51611e-05 0.0109569 -0.0102812
 -5.02769e-05 0.0156673 -0.014701
 -4.99326e-05 0.01556 -0.0146003
 -7.31086e-05 0.022782 -0.021377
weights matrix:
 -1.03538 0.324502 -0.0885629
 1.93437 -2.40751 -0.644116
 -2.49434 1.17889 2.13093
 -2.09778 -0.902144 2.95982
 0.976244 0.880071 -3.30313
regression_error on 'test' 0.0965271
classification_error on 'test' 0.157895
Save,4293,0.0965271,0.157895
sample_count 75 Sample index 4
 i 0:0.212844 i 1:0.516233 i 2:0.158468 i 3:0.135476 bias 1
 test_print 2.02302
net matrix:
 1.07498 -0.229102 -2.91582
outputs matrix:
 0.895666 0.387412 0.00292466
error matrix:
 0.104334 -0.387412 -0.00292466
delta matrix:
 0.0194998 -0.183884 -1.70573e-05
weights_delta matrix:
 0.000415042 -0.00391387 -3.63054e-07
 0.00100664 -0.00949271 -8.80553e-07
 0.00030901 -0.00291398 -2.70303e-07
 0.000264176 -0.00249119 -2.31085e-07
 0.00194998 -0.0183884 -1.70573e-06
weights matrix:
 -1.03497 0.320588 -0.0885632
 1.93538 -2.41701 -0.644116
 -2.49403 1.17597 2.13093
 -2.09751 -0.904635 2.95982
 0.978194 0.861683 -3.30313
regression_error on 'test' 0.0949657
classification_error on 'test' 0.157895
Save,4294,0.0949657,0.157895
sample_count 75 Sample index 5
 i 0:0.536183 i 1:0.198626 i 2:0.687702 i 3:0.60999 bias 1
 test_print 3.0325
net matrix:
 -2.18693 0.810397 -0.207647
outputs matrix:
 0.0124456 0.834905 0.397643
error matrix:
 -0.0124456 -0.834905 0.602357
delta matrix:
 -0.000305928 -0.230165 0.288557
weights_delta matrix:
 -1.64034e-05 -0.012341 0.0154719
 -6.07653e-06 -0.00457167 0.00573149
 -2.10388e-05 -0.0158285 0.0198441
 -1.86613e-05 -0.0140398 0.0176017
 -3.05928e-05 -0.0230165 0.0288557
weights matrix:
 -1.03498 0.308247 -0.0730913
 1.93537 -2.42158 -0.638385
 -2.49405 1.16015 2.15078
 -2.09753 -0.918675 2.97742
 0.978163 0.838666 -3.27428
regression_error on 'test' 0.0905766
classification_error on 'test' 0.0526316
Save,4295,0.0905766,0.0526316
sample_count 75 Sample index 20
 i 0:0.489992 i 1:0.375074 i 2:0.521371 i 3:0.500487 bias 1
 test_print 2.88692
net matrix:
 -1.15318 0.226515 -0.938017
outputs matrix:
 0.0905981 0.611359 0.132845
error matrix:
 -0.0905981 0.388641 -0.132845
delta matrix:
 -0.0149288 0.184681 -0.0306068
weights_delta matrix:
 -0.000731498 0.00904924 -0.00149971
 -0.000559939 0.00692692 -0.00114798
 -0.000778343 0.00962875 -0.00159575
 -0.000747166 0.00924306 -0.00153183
 -0.00149288 0.0184681 -0.00306068
weights matrix:
 -1.03572 0.317296 -0.074591
 1.93481 -2.41465 -0.639533
 -2.49483 1.16977 2.14918
 -2.09828 -0.909432 2.97589
 0.97667 0.857134 -3.27734
regression_error on 'test' 0.0927084
classification_error on 'test' 0.105263
Save,4296,0.0927084,0.105263
sample_count 75 Sample index 22
 i 0:0.305227 i 1:0.233915 i 2:0.430645 i 3:0.427485 bias 1
 test_print 2.39727
net matrix:
 -0.858246 0.504147 -1.25202
outputs matrix:
 0.152324 0.732686 0.0755759
error matrix:
 -0.152324 0.267314 -0.0755759
delta matrix:
 -0.0393364 0.104711 -0.0105601
weights_delta matrix:
 -0.00120065 0.00319605 -0.000322323
 -0.000920138 0.00244934 -0.000247017
 -0.001694 0.00450931 -0.000454766
 -0.00168157 0.00447622 -0.000451429
 -0.00393364 0.0104711 -0.00105601
weights matrix:
 -1.03692 0.320492 -0.0749133
 1.93389 -2.4122 -0.63978
 -2.49652 1.17428 2.14873
 -2.09996 -0.904956 2.97544
 0.972737 0.867605 -3.27839
regression_error on 'test' 0.0937877
classification_error on 'test' 0.131579
Save,4297,0.0937877,0.131579
sample_count 75 Sample index 62
 i 0:0.582374 i 1:0.622103 i 2:0.748185 i 3:0.901998 bias 1
 test_print 3.85466
net matrix:
 -2.19008 -0.384073 0.571457
outputs matrix:
 0.0123685 0.31688 0.758214
error matrix:
 -0.0123685 -0.31688 0.241786
delta matrix:
 -0.000302174 -0.137188 0.0886509
weights_delta matrix:
 -1.75978e-05 -0.00798949 0.0051628
 -1.87984e-05 -0.00853452 0.005515
 -2.26082e-05 -0.0102642 0.00663273
 -2.72561e-05 -0.0123744 0.00799629
 -3.02174e-05 -0.0137188 0.00886509
weights matrix:
 -1.03693 0.312503 -0.0697505
 1.93387 -2.42074 -0.634265
 -2.49655 1.16402 2.15536
 -2.09999 -0.91733 2.98344
 0.972706 0.853886 -3.26953
regression_error on 'test' 0.0912692
classification_error on 'test' 0.0526316
Save,4298,0.0912692,0.0526316
sample_count 75 Sample index 8
 i 0:0.489992 i 1:0.375074 i 2:0.702823 i 3:0.755994 bias 1
 test_print 3.32388
net matrix:
 -2.15225 0.223659 0.228695
outputs matrix:
 0.0133277 0.610001 0.612395
error matrix:
 -0.0133277 -0.610001 0.387605
delta matrix:
 -0.000350521 -0.290238 0.18401
weights_delta matrix:
 -1.71752e-05 -0.0142214 0.00901632
 -1.31471e-05 -0.0108861 0.00690172
 -2.46354e-05 -0.0203986 0.0129326
 -2.64992e-05 -0.0219418 0.013911
 -3.50521e-05 -0.0290238 0.018401
weights matrix:
 -1.03695 0.298282 -0.0607342
 1.93386 -2.43162 -0.627363
 -2.49657 1.14362 2.16829
 -2.10002 -0.939272 2.99735
 0.972671 0.824863 -3.25113
regression_error on 'test' 0.0871006
classification_error on 'test' 0.0789474
Save,4299,0.0871006,0.0789474
sample_count 75 Sample index 22
 i 0:0.305227 i 1:0.233915 i 2:0.430645 i 3:0.427485 bias 1
 test_print 2.39727
net matrix:
 -0.864336 0.438083 -1.20133
outputs matrix:
 0.150758 0.706027 0.0829703
error matrix:
 -0.150758 0.293973 -0.0829703
delta matrix:
 -0.0386029 0.12203 -0.0126258
weights_delta matrix:
 -0.00117826 0.00372468 -0.000385374
 -0.000902979 0.00285446 -0.000295337
 -0.00166241 0.00525515 -0.000543724
 -0.00165022 0.00521659 -0.000539734
 -0.00386029 0.012203 -0.00126258
weights matrix:
 -1.03813 0.302006 -0.0611196
 1.93296 -2.42877 -0.627659
 -2.49823 1.14888 2.16775
 -2.10167 -0.934056 2.99681
 0.968811 0.837066 -3.25239
regression_error on 'test' 0.088136
classification_error on 'test' 0.0789474
Save,4300,0.088136,0.0789474
sample_count 75 Sample index 9
 i 0:0.351418 i 1:0.375074 i 2:0.521371 i 3:0.573489 bias 1
 test_print 2.82135
net matrix:
 -1.17879 0.0955482 -0.660448
outputs matrix:
 0.0864647 0.547629 0.210669
error matrix:
 -0.0864647 0.452371 -0.210669
delta matrix:
 -0.0136594 0.224133 -0.0700634
weights_delta matrix:
 -0.000480018 0.00787643 -0.00246215
 -0.00051233 0.00840664 -0.00262789
 -0.000712164 0.0116856 -0.0036529
 -0.000783354 0.0128538 -0.00401806
 -0.00136594 0.0224133 -0.00700634
weights matrix:
 -1.03861 0.309883 -0.0635817
 1.93244 -2.42036 -0.630286
 -2.49894 1.16056 2.16409
 -2.10245 -0.921202 2.99279
 0.967445 0.859479 -3.25939
regression_error on 'test' 0.0906572
classification_error on 'test' 0.0526316
Save,4301,0.0906572,0.0526316
sample_count 75 Sample index 51
 i 0:0.628566 i 1:0.516233 i 2:0.763306 i 3:0.719493 bias 1
 test_print 3.6276
net matrix:
 -2.10795 0.0278555 0.180423
outputs matrix:
 0.0145442 0.513924 0.589245
error matrix:
 -0.0145442 -0.513924 0.410755
delta matrix:
 -0.000416916 -0.256763 0.198834
weights_delta matrix:
 -2.62059e-05 -0.0161392 0.012498
 -2.15226e-05 -0.0132549 0.0102645
 -3.18235e-05 -0.0195989 0.0151771
 -2.99968e-05 -0.0184739 0.014306
 -4.16916e-05 -0.0256763 0.0198834
weights matrix:
 -1.03864 0.293743 -0.0510837
 1.93242 -2.43362 -0.620022
 -2.49898 1.14096 2.17927
 -2.10248 -0.939676 3.0071
 0.967404 0.833803 -3.23951
regression_error on 'test' 0.0866961
classification_error on 'test' 0.105263
Save,4302,0.0866961,0.105263
sample_count 75 Sample index 50
 i 0:0.489992 i 1:0.833841 i 2:0.113105 i 3:0.135476 bias 1
 test_print 2.57241
net matrix:
 1.50233 -1.04977 -3.12767
outputs matrix:
 0.952784 0.109142 0.00191651
error matrix:
 0.0472157 -0.109142 -0.00191651
delta matrix:
 0.00424812 -0.0212236 -7.33193e-06
weights_delta matrix:
 0.000208155 -0.00103994 -3.59259e-07
 0.000354226 -0.00176971 -6.11367e-07
 4.80484e-05 -0.000240049 -8.29278e-08
 5.75519e-05 -0.000287529 -9.93301e-08
 0.000424812 -0.00212236 -7.33193e-07
weights matrix:
 -1.03843 0.292703 -0.0510841
 1.93278 -2.43539 -0.620023
 -2.49893 1.14072 2.17927
 -2.10242 -0.939963 3.0071
 0.967828 0.83168 -3.23951
regression_error on 'test' 0.0865308
classification_error on 'test' 0.105263
Save,4303,0.0865308,0.105263
sample_count 75 Sample index 11
 i 0:0.536183 i 1:0.198626 i 2:0.536492 i 3:0.427485 bias 1
 test_print 2.69879
net matrix:
 -1.44447 0.71506 -0.935405
outputs matrix:
 0.0527032 0.80692 0.133448
error matrix:
 -0.0527032 0.19308 -0.133448
delta matrix:
 -0.00526248 0.0601637 -0.0308638
weights_delta matrix:
 -0.000282165 0.00322588 -0.00165486
 -0.000104527 0.00119501 -0.000613035
 -0.000282328 0.00322773 -0.00165582
 -0.000224963 0.00257191 -0.00131938
 -0.000526248 0.00601637 -0.00308638
weights matrix:
 -1.03871 0.295929 -0.0527389
 1.93267 -2.43419 -0.620636
 -2.49921 1.14395 2.17762
 -2.10265 -0.937391 3.00578
 0.967302 0.837697 -3.2426
regression_error on 'test' 0.087152
classification_error on 'test' 0.0789474
Save,4304,0.087152,0.0789474
sample_count 75 Sample index 62
 i 0:0.582374 i 1:0.622103 i 2:0.748185 i 3:0.901998 bias 1
 test_print 3.85466
net matrix:
 -2.20175 -0.493918 0.681052
outputs matrix:
 0.0120866 0.27134 0.796102
error matrix:
 -0.0120866 -0.27134 0.203898
delta matrix:
 -0.00028864 -0.107296 0.0661952
weights_delta matrix:
 -1.68096e-05 -0.00624862 0.00385504
 -1.79564e-05 -0.00667489 0.00411802
 -2.15956e-05 -0.00802769 0.00495262
 -2.60353e-05 -0.00967804 0.00597079
 -2.8864e-05 -0.0107296 0.00661952
weights matrix:
 -1.03873 0.289681 -0.0488839
 1.93265 -2.44087 -0.616518
 -2.49923 1.13592 2.18257
 -2.10267 -0.947069 3.01175
 0.967273 0.826967 -3.23598
regression_error on 'test' 0.0856564
classification_error on 'test' 0.105263
Save,4305,0.0856564,0.105263
sample_count 75 Sample index 46
 i 0:0.928809 i 1:0.480944 i 2:0.854032 i 3:0.901998 bias 1
 test_print 4.16578
net matrix:
 -3.09904 0.037965 1.00268
outputs matrix:
 0.00202921 0.518973 0.881359
error matrix:
 -0.00202921 -0.518973 0.118641
delta matrix:
 -8.21871e-06 -0.259113 0.0248116
weights_delta matrix:
 -7.63361e-07 -0.0240667 0.00230452
 -3.95274e-07 -0.0124619 0.0011933
 -7.01904e-07 -0.0221291 0.00211899
 -7.41326e-07 -0.0233719 0.002238
 -8.21871e-07 -0.0259113 0.00248116
weights matrix:
 -1.03873 0.265614 -0.0465794
 1.93265 -2.45333 -0.615324
 -2.49923 1.11379 2.18469
 -2.10267 -0.970441 3.01398
 0.967272 0.801056 -3.2335
regression_error on 'test' 0.0827141
classification_error on 'test' 0.0789474
Save,4306,0.0827141,0.0789474
sample_count 75 Sample index 23
 i 0:0.975 i 1:0.763262 i 2:0.899395 i 3:0.792495 bias 1
 test_print 4.43015
net matrix:
 -2.48452 -0.579832 0.604899
outputs matrix:
 0.00690183 0.238728 0.770263
error matrix:
 -0.00690183 -0.238728 0.229737
delta matrix:
 -9.46131e-05 -0.0867716 0.0813075
weights_delta matrix:
 -9.22478e-06 -0.00846023 0.00792748
 -7.22146e-06 -0.00662295 0.00620589
 -8.50946e-06 -0.00780419 0.00731275
 -7.49804e-06 -0.00687661 0.00644358
 -9.46131e-06 -0.00867716 0.00813075
weights matrix:
 -1.03874 0.257154 -0.0386519
 1.93265 -2.45995 -0.609118
 -2.49924 1.10599 2.192
 -2.10268 -0.977318 3.02043
 0.967263 0.792379 -3.22537
regression_error on 'test' 0.0816204
classification_error on 'test' 0.0789474
Save,4307,0.0816204,0.0789474
sample_count 75 Sample index 25
 i 0:0.628566 i 1:0.410364 i 2:0.778427 i 3:0.865497 bias 1
 test_print 3.68285
net matrix:
 -2.6579 -0.0403921 0.820862
outputs matrix:
 0.00488928 0.479815 0.837769
error matrix:
 -0.00488928 -0.479815 0.162231
delta matrix:
 -4.75765e-05 -0.239516 0.0440982
weights_delta matrix:
 -2.99049e-06 -0.0150552 0.00277186
 -1.95237e-06 -0.00982889 0.00180963
 -3.70348e-06 -0.0186446 0.00343272
 -4.11773e-06 -0.0207301 0.00381668
 -4.75765e-06 -0.0239516 0.00440982
weights matrix:
 -1.03874 0.242099 -0.03588
 1.93264 -2.46978 -0.607309
 -2.49925 1.08735 2.19543
 -2.10269 -0.998048 3.02425
 0.967258 0.768427 -3.22096
regression_error on 'test' 0.0798061
classification_error on 'test' 0.0789474
Save,4308,0.0798061,0.0789474
sample_count 75 Sample index 68
 i 0:0.305227 i 1:0.657392 i 2:0.173589 i 3:0.281481 bias 1
 test_print 2.41769
net matrix:
 0.895005 -0.873472 -2.39878
outputs matrix:
 0.856928 0.148433 0.00818238
error matrix:
 0.143072 -0.148433 -0.00818238
delta matrix:
 0.0350818 -0.0375241 -0.000132807
weights_delta matrix:
 0.00107079 -0.00114534 -4.05363e-06
 0.00230625 -0.0024668 -8.73063e-06
 0.000608981 -0.000651376 -2.30538e-06
 0.000987485 -0.00105623 -3.73827e-06
 0.00350818 -0.00375241 -1.32807e-05
weights matrix:
 -1.03767 0.240953 -0.0358841
 1.93495 -2.47225 -0.607317
 -2.49864 1.08669 2.19543
 -2.1017 -0.999104 3.02424
 0.970766 0.764675 -3.22097
regression_error on 'test' 0.0796578
classification_error on 'test' 0.0789474
Save,4309,0.0796578,0.0789474
sample_count 75 Sample index 64
 i 0:0.282131 i 1:0.516233 i 2:0.158468 i 3:0.0989754 bias 1
 test_print 2.05581
net matrix:
 1.07292 -0.370281 -2.89738
outputs matrix:
 0.89528 0.322881 0.00303422
error matrix:
 0.10472 -0.322881 -0.00303422
delta matrix:
 0.0196358 -0.141182 -1.83571e-05
weights_delta matrix:
 0.000553986 -0.00398319 -5.17912e-07
 0.00101366 -0.0072883 -9.47656e-07
 0.000311164 -0.00223729 -2.90902e-07
 0.000194346 -0.00139736 -1.8169e-07
 0.00196358 -0.0141182 -1.83571e-06
weights matrix:
 -1.03711 0.23697 -0.0358846
 1.93596 -2.47954 -0.607318
 -2.49832 1.08446 2.19543
 -2.1015 -1.0005 3.02424
 0.97273 0.750556 -3.22097
regression_error on 'test' 0.0792278
classification_error on 'test' 0.0789474
Save,4310,0.0792278,0.0789474
sample_count 75 Sample index 28
 i 0:0.305227 i 1:0.551523 i 2:0.113105 i 3:0.135476 bias 1
 test_print 2.10533
net matrix:
 1.15663 -0.557521 -2.90885
outputs matrix:
 0.909969 0.246932 0.00296562
error matrix:
 0.0900312 -0.246932 -0.00296562
delta matrix:
 0.0147517 -0.0918372 -1.75377e-05
weights_delta matrix:
 0.000450262 -0.00280312 -5.35297e-07
 0.00081359 -0.00506503 -9.67243e-07
 0.000166849 -0.00103873 -1.9836e-07
 0.00019985 -0.00124417 -2.37593e-07
 0.00147517 -0.00918372 -1.75377e-06
weights matrix:
 -1.03666 0.234167 -0.0358851
 1.93678 -2.4846 -0.607319
 -2.49816 1.08342 2.19543
 -2.1013 -1.00175 3.02424
 0.974205 0.741373 -3.22097
regression_error on 'test' 0.0789733
classification_error on 'test' 0.0789474
Save,4311,0.0789733,0.0789474
sample_count 75 Sample index 31
 i 0:0.559279 i 1:0.339785 i 2:0.778427 i 3:0.573489 bias 1
 test_print 3.25098
net matrix:
 -2.0972 0.296979 -0.00405065
outputs matrix:
 0.0148558 0.644273 0.497975
error matrix:
 -0.0148558 -0.644273 0.502025
delta matrix:
 -0.000434831 -0.295316 0.251009
weights_delta matrix:
 -2.43192e-05 -0.0165164 0.0140384
 -1.47749e-05 -0.0100344 0.00852889
 -3.38484e-05 -0.0229882 0.0195392
 -2.49371e-05 -0.016936 0.0143951
 -4.34831e-05 -0.0295316 0.0251009
weights matrix:
 -1.03669 0.217651 -0.0218468
 1.93676 -2.49463 -0.59879
 -2.49819 1.06043 2.21497
 -2.10133 -1.01868 3.03864
 0.974162 0.711841 -3.19587
regression_error on 'test' 0.0775993
classification_error on 'test' 0.0789474
Save,4312,0.0775993,0.0789474
sample_count 75 Sample index 8
 i 0:0.489992 i 1:0.375074 i 2:0.702823 i 3:0.755994 bias 1
 test_print 3.32388
net matrix:
 -2.15176 -0.142008 0.422753
outputs matrix:
 0.0133406 0.42947 0.699624
error matrix:
 -0.0133406 -0.42947 0.300376
delta matrix:
 -0.000351195 -0.210462 0.126248
weights_delta matrix:
 -1.72083e-05 -0.0103125 0.00618607
 -1.31724e-05 -0.00789388 0.00473525
 -2.46828e-05 -0.0147918 0.00887302
 -2.65501e-05 -0.0159108 0.0095443
 -3.51195e-05 -0.0210462 0.0126248
weights matrix:
 -1.03671 0.207338 -0.0156607
 1.93675 -2.50253 -0.594055
 -2.49822 1.04564 2.22384
 -2.10136 -1.03459 3.04818
 0.974126 0.690795 -3.18325
regression_error on 'test' 0.0770888
classification_error on 'test' 0.131579
Save,4313,0.0770888,0.131579
sample_count 75 Sample index 7
 i 0:0.651661 i 1:0.410364 i 2:0.627218 i 3:0.60999 bias 1
 test_print 3.29923
net matrix:
 -1.75541 -0.176287 -0.183039
outputs matrix:
 0.0290057 0.412758 0.409489
error matrix:
 -0.0290057 0.587242 -0.409489
delta matrix:
 -0.00163386 0.284682 -0.198035
weights_delta matrix:
 -0.000106472 0.0185516 -0.0129052
 -6.70476e-05 0.0116823 -0.00812665
 -0.000102478 0.0178557 -0.0124211
 -9.96637e-05 0.0173653 -0.01208
 -0.000163386 0.0284682 -0.0198035
weights matrix:
 -1.03681 0.22589 -0.0285659
 1.93668 -2.49085 -0.602182
 -2.49832 1.06349 2.21142
 -2.10145 -1.01723 3.0361
 0.973963 0.719263 -3.20305
regression_error on 'test' 0.0778458
classification_error on 'test' 0.0789474
Save,4314,0.0778458,0.0789474
sample_count 75 Sample index 19
 i 0:0.674757 i 1:0.480944 i 2:0.596976 i 3:0.573489 bias 1
 test_print 3.32617
net matrix:
 -1.49079 -0.274762 -0.450607
outputs matrix:
 0.0482646 0.365975 0.288801
error matrix:
 -0.0482646 0.634025 -0.288801
delta matrix:
 -0.00443407 0.294235 -0.118637
weights_delta matrix:
 -0.000299192 0.0198537 -0.00800509
 -0.000213254 0.0141511 -0.00570576
 -0.000264704 0.0175651 -0.00708232
 -0.000254289 0.0168741 -0.00680368
 -0.000443407 0.0294235 -0.0118637
weights matrix:
 -1.03711 0.245743 -0.036571
 1.93647 -2.4767 -0.607888
 -2.49858 1.08106 2.20434
 -2.10171 -1.00035 3.0293
 0.97352 0.748686 -3.21492
regression_error on 'test' 0.0791599
classification_error on 'test' 0.0789474
Save,4315,0.0791599,0.0789474
sample_count 75 Sample index 63
 i 0:0.420705 i 1:0.904421 i 2:0.143347 i 3:0.135476 bias 1
 test_print 2.60395
net matrix:
 1.64569 -1.36846 -3.05371
outputs matrix:
 0.964132 0.0608295 0.00222136
error matrix:
 0.0358681 -0.0608295 -0.00222136
delta matrix:
 0.00248075 -0.0069503 -9.84699e-06
weights_delta matrix:
 0.000104366 -0.000292403 -4.14268e-07
 0.000224364 -0.0006286 -8.90582e-07
 3.55608e-05 -9.96304e-05 -1.41154e-07
 3.36082e-05 -9.41599e-05 -1.33403e-07
 0.000248075 -0.00069503 -9.84699e-07
weights matrix:
 -1.03701 0.245451 -0.0365714
 1.93669 -2.47732 -0.607889
 -2.49855 1.08096 2.20434
 -2.10168 -1.00045 3.0293
 0.973768 0.747991 -3.21492
regression_error on 'test' 0.079136
classification_error on 'test' 0.0789474
Save,4316,0.079136,0.0789474
sample_count 75 Sample index 21
 i 0:0.836426 i 1:0.445654 i 2:0.884274 i 3:0.719493 bias 1
 test_print 3.88585
net matrix:
 -2.75206 0.0853129 0.612384
outputs matrix:
 0.00405348 0.542553 0.772901
error matrix:
 -0.00405348 -0.542553 0.227099
delta matrix:
 -3.27283e-05 -0.269312 0.0797229
weights_delta matrix:
 -2.73748e-06 -0.0225259 0.00666823
 -1.45855e-06 -0.012002 0.00355288
 -2.89408e-06 -0.0238145 0.00704969
 -2.35478e-06 -0.0193768 0.00573601
 -3.27283e-06 -0.0269312 0.00797229
weights matrix:
 -1.03701 0.222925 -0.0299031
 1.93669 -2.48933 -0.604336
 -2.49855 1.05714 2.21139
 -2.10168 -1.01982 3.03503
 0.973765 0.72106 -3.20694
regression_error on 'test' 0.0777596
classification_error on 'test' 0.0789474
Save,4317,0.0777596,0.0789474
sample_count 75 Sample index 39
 i 0:0.397609 i 1:0.622103 i 2:0.18871 i 3:0.135476 bias 1
 test_print 2.3439
net matrix:
 1.01003 -0.677588 -2.76631
outputs matrix:
 0.882888 0.205025 0.00394004
error matrix:
 0.117112 -0.205025 -0.00394004
delta matrix:
 0.024218 -0.0668342 -3.09256e-05
weights_delta matrix:
 0.000962929 -0.00265739 -1.22963e-06
 0.00150661 -0.00415778 -1.92389e-06
 0.000457018 -0.00126123 -5.83596e-07
 0.000328096 -0.000905443 -4.18967e-07
 0.0024218 -0.00668342 -3.09256e-06
weights matrix:
 -1.03605 0.220268 -0.0299044
 1.9382 -2.49348 -0.604338
 -2.49809 1.05588 2.21139
 -2.10135 -1.02073 3.03503
 0.976186 0.714377 -3.20695
regression_error on 'test' 0.0776376
classification_error on 'test' 0.0789474
Save,4318,0.0776376,0.0789474
sample_count 75 Sample index 61
 i 0:0.697853 i 1:0.480944 i 2:0.687702 i 3:0.682992 bias 1
 test_print 3.54949
net matrix:
 -1.96781 -0.302152 0.07521
outputs matrix:
 0.0191595 0.35336 0.537534
error matrix:
 -0.0191595 0.64664 -0.537534
delta matrix:
 -0.000720105 0.29551 -0.267253
weights_delta matrix:
 -5.02528e-05 0.0206223 -0.0186503
 -3.4633e-05 0.0142124 -0.0128534
 -4.95218e-05 0.0203223 -0.018379
 -4.91826e-05 0.0201831 -0.0182531
 -7.20105e-05 0.029551 -0.0267253
weights matrix:
 -1.0361 0.24089 -0.0485547
 1.93816 -2.47927 -0.617191
 -2.49814 1.07621 2.19301
 -2.1014 -1.00055 3.01678
 0.976114 0.743928 -3.23367
regression_error on 'test' 0.0793148
classification_error on 'test' 0.0789474
Save,4319,0.0793148,0.0789474
sample_count 75 Sample index 0
 i 0:0.282131 i 1:0.269205 i 2:0.430645 i 3:0.427485 bias 1
 test_print 2.40947
net matrix:
 -0.768567 0.180202 -1.17949
outputs matrix:
 0.176952 0.589138 0.0863552
error matrix:
 -0.176952 0.410862 -0.0863552
delta matrix:
 -0.0515428 0.198902 -0.0136265
weights_delta matrix:
 -0.00145418 0.00561163 -0.000384446
 -0.00138756 0.00535453 -0.000366833
 -0.00221966 0.0085656 -0.000586819
 -0.00220338 0.00850275 -0.000582513
 -0.00515428 0.0198902 -0.00136265
weights matrix:
 -1.03755 0.246502 -0.0489391
 1.93678 -2.47392 -0.617558
 -2.50036 1.08477 2.19242
 -2.1036 -0.992044 3.0162
 0.97096 0.763818 -3.23504
regression_error on 'test' 0.0800981
classification_error on 'test' 0.0789474
Save,4320,0.0800981,0.0789474
sample_count 75 Sample index 14
 i 0:0.697853 i 1:0.516233 i 2:0.778427 i 3:0.938499 bias 1
 test_print 3.93101
net matrix:
 -2.67385 -0.427894 0.949347
outputs matrix:
 0.00473655 0.29822 0.869744
error matrix:
 -0.00473655 -0.29822 0.130256
delta matrix:
 -4.46573e-05 -0.124826 0.0295134
weights_delta matrix:
 -3.11643e-06 -0.00871101 0.0020596
 -2.30536e-06 -0.00644392 0.00152358
 -3.47625e-06 -0.00971678 0.0022974
 -4.19109e-06 -0.0117149 0.00276983
 -4.46573e-06 -0.0124826 0.00295134
weights matrix:
 -1.03755 0.237791 -0.0468795
 1.93677 -2.48036 -0.616034
 -2.50037 1.07505 2.19472
 -2.10361 -1.00376 3.01897
 0.970956 0.751335 -3.23208
regression_error on 'test' 0.0792569
classification_error on 'test' 0.0789474
Save,4321,0.0792569,0.0789474
sample_count 75 Sample index 52
 i 0:0.443801 i 1:0.410364 i 2:0.672581 i 3:0.792495 bias 1
 test_print 3.31924
net matrix:
 -2.04353 -0.233396 0.362955
outputs matrix:
 0.0165114 0.385376 0.673907
error matrix:
 -0.0165114 -0.385376 0.326093
delta matrix:
 -0.000536252 -0.182561 0.143322
weights_delta matrix:
 -2.37989e-05 -0.00810209 0.00636064
 -2.20059e-05 -0.00749166 0.00588142
 -3.60673e-05 -0.0122787 0.00963956
 -4.24977e-05 -0.0144679 0.0113582
 -5.36252e-05 -0.0182561 0.0143322
weights matrix:
 -1.03758 0.229689 -0.0405189
 1.93675 -2.48785 -0.610153
 -2.5004 1.06278 2.20436
 -2.10365 -1.01823 3.03032
 0.970902 0.733079 -3.21775
regression_error on 'test' 0.078189
classification_error on 'test' 0.0789474
Save,4322,0.078189,0.0789474
sample_count 75 Sample index 23
 i 0:0.975 i 1:0.763262 i 2:0.899395 i 3:0.792495 bias 1
 test_print 4.43015
net matrix:
 -2.47847 -0.792942 0.661143
outputs matrix:
 0.00698531 0.169964 0.789562
error matrix:
 -0.00698531 -0.169964 0.210438
delta matrix:
 -9.69075e-05 -0.0479557 0.0699304
weights_delta matrix:
 -9.44848e-06 -0.00467568 0.00681821
 -7.39658e-06 -0.00366028 0.00533752
 -8.71581e-06 -0.00431311 0.0062895
 -7.67987e-06 -0.00380046 0.00554195
 -9.69075e-06 -0.00479557 0.00699304
weights matrix:
 -1.03759 0.225013 -0.0337007
 1.93675 -2.49151 -0.604815
 -2.50041 1.05846 2.21065
 -2.10366 -1.02203 3.03587
 0.970892 0.728284 -3.21076
regression_error on 'test' 0.07785
classification_error on 'test' 0.0789474
Save,4323,0.07785,0.0789474
sample_count 75 Sample index 0
 i 0:0.282131 i 1:0.269205 i 2:0.430645 i 3:0.427485 bias 1
 test_print 2.40947
net matrix:
 -0.776533 0.13996 -1.13329
outputs matrix:
 0.174644 0.569526 0.0939282
error matrix:
 -0.174644 0.430474 -0.0939282
delta matrix:
 -0.0503475 0.211075 -0.0159877
weights_delta matrix:
 -0.00142046 0.00595508 -0.000451061
 -0.00135538 0.00568225 -0.000430396
 -0.00216819 0.00908984 -0.0006885
 -0.00215228 0.00902314 -0.000683448
 -0.00503475 0.0211075 -0.00159877
weights matrix:
 -1.03901 0.230968 -0.0341517
 1.93539 -2.48583 -0.605246
 -2.50258 1.06755 2.20996
 -2.10581 -1.013 3.03518
 0.965857 0.749391 -3.21236
regression_error on 'test' 0.0784442
classification_error on 'test' 0.0526316
Save,4324,0.0784442,0.0526316
sample_count 75 Sample index 33
 i 0:0.559279 i 1:0.480944 i 2:0.672581 i 3:0.719493 bias 1
 test_print 3.4323
net matrix:
 -1.88273 -0.327812 0.147623
outputs matrix:
 0.022633 0.341723 0.57328
error matrix:
 -0.022633 -0.341723 0.42672
delta matrix:
 -0.00100132 -0.15374 0.208777
weights_delta matrix:
 -5.60017e-05 -0.00859837 0.0116765
 -4.81579e-05 -0.00739405 0.010041
 -6.73469e-05 -0.0103403 0.0140419
 -7.20443e-05 -0.0110615 0.0150214
 -0.000100132 -0.015374 0.0208777
weights matrix:
 -1.03906 0.22237 -0.0224753
 1.93534 -2.49322 -0.595205
 -2.50265 1.05721 2.224
 -2.10588 -1.02407 3.0502
 0.965757 0.734017 -3.19148
regression_error on 'test' 0.0777021
classification_error on 'test' 0.0789474
Save,4325,0.0777021,0.0789474
sample_count 75 Sample index 6
 i 0:0.305227 i 1:0.657392 i 2:0.128226 i 3:0.171977 bias 1
 test_print 2.26282
net matrix:
 1.23782 -0.877689 -2.77988
outputs matrix:
 0.922416 0.14737 0.00383492
error matrix:
 0.077584 -0.14737 -0.00383492
delta matrix:
 0.0111045 -0.0370348 -2.93004e-05
weights_delta matrix:
 0.000338941 -0.0011304 -8.94326e-07
 0.000730004 -0.00243464 -1.92618e-06
 0.000142389 -0.000474882 -3.75707e-07
 0.000190973 -0.000636913 -5.03899e-07
 0.00111045 -0.00370348 -2.93004e-06
weights matrix:
 -1.03872 0.221239 -0.0224762
 1.93607 -2.49566 -0.595207
 -2.5025 1.05674 2.224
 -2.10569 -1.0247 3.0502
 0.966868 0.730314 -3.19148
regression_error on 'test' 0.0776308
classification_error on 'test' 0.0789474
Save,4326,0.0776308,0.0789474
sample_count 75 Sample index 72
 i 0:0.905713 i 1:0.480944 i 2:0.929637 i 3:0.828996 bias 1
 test_print 4.14529
net matrix:
 -3.11481 -0.136671 1.09802
outputs matrix:
 0.00196634 0.432087 0.899893
error matrix:
 -0.00196634 -0.432087 0.100107
delta matrix:
 -7.71779e-06 -0.212058 0.0180362
weights_delta matrix:
 -6.9901e-07 -0.0192063 0.00163357
 -3.71182e-07 -0.0101988 0.000867442
 -7.17474e-07 -0.0197137 0.00167672
 -6.39801e-07 -0.0175795 0.0014952
 -7.71779e-07 -0.0212058 0.00180362
weights matrix:
 -1.03873 0.202033 -0.0208426
 1.93607 -2.50586 -0.594339
 -2.50251 1.03702 2.22568
 -2.10569 -1.04228 3.0517
 0.966867 0.709108 -3.18968
regression_error on 'test' 0.076978
classification_error on 'test' 0.105263
Save,4327,0.076978,0.105263
sample_count 75 Sample index 55
 i 0:0.628566 i 1:0.551523 i 2:0.612097 i 3:0.60999 bias 1
 test_print 3.40218
net matrix:
 -1.43448 -0.546962 -0.306735
outputs matrix:
 0.0537096 0.25088 0.351268
error matrix:
 -0.0537096 0.74912 -0.351268
delta matrix:
 -0.00545957 0.281578 -0.160093
weights_delta matrix:
 -0.00034317 0.017699 -0.0100629
 -0.000301108 0.0155297 -0.00882951
 -0.000334178 0.0172353 -0.00979926
 -0.000333028 0.017176 -0.00976553
 -0.000545957 0.0281578 -0.0160093
weights matrix:
 -1.03907 0.219732 -0.0309055
 1.93577 -2.49033 -0.603169
 -2.50284 1.05426 2.21588
 -2.10602 -1.02511 3.04193
 0.966321 0.737266 -3.20569
regression_error on 'test' 0.0777376
classification_error on 'test' 0.0789474
Save,4328,0.0777376,0.0789474
sample_count 75 Sample index 68
 i 0:0.305227 i 1:0.657392 i 2:0.173589 i 3:0.281481 bias 1
 test_print 2.41769
net matrix:
 0.894458 -0.938328 -2.37074
outputs matrix:
 0.856794 0.132773 0.00865022
error matrix:
 0.143206 -0.132773 -0.00865022
delta matrix:
 0.035142 -0.0305763 -0.000148358
weights_delta matrix:
 0.00107263 -0.000933271 -4.52829e-06
 0.00231021 -0.00201006 -9.75295e-06
 0.000610027 -0.000530771 -2.57534e-06
 0.000989181 -0.000860665 -4.176e-06
 0.0035142 -0.00305763 -1.48358e-05
weights matrix:
 -1.038 0.218799 -0.03091
 1.93808 -2.49234 -0.603178
 -2.50223 1.05373 2.21588
 -2.10503 -1.02597 3.04193
 0.969835 0.734208 -3.2057
regression_error on 'test' 0.0776682
classification_error on 'test' 0.0789474
Save,4329,0.0776682,0.0789474
sample_count 75 Sample index 5
 i 0:0.536183 i 1:0.198626 i 2:0.687702 i 3:0.60999 bias 1
 test_print 3.0325
net matrix:
 -2.20661 0.455303 0.0373258
outputs matrix:
 0.0119712 0.713124 0.518654
error matrix:
 -0.0119712 -0.713124 0.481346
delta matrix:
 -0.000283186 -0.291779 0.240338
weights_delta matrix:
 -1.5184e-05 -0.0156447 0.0128865
 -5.62481e-06 -0.00579549 0.00477374
 -1.94748e-05 -0.0200657 0.0165281
 -1.72741e-05 -0.0177982 0.0146604
 -2.83186e-05 -0.0291779 0.0240338
weights matrix:
 -1.03801 0.203154 -0.0180235
 1.93808 -2.49813 -0.598405
 -2.50225 1.03366 2.2324
 -2.10505 -1.04376 3.05659
 0.969807 0.70503 -3.18167
regression_error on 'test' 0.0769278
classification_error on 'test' 0.157895
Save,4330,0.0769278,0.157895
sample_count 75 Sample index 55
 i 0:0.628566 i 1:0.551523 i 2:0.612097 i 3:0.60999 bias 1
 test_print 3.40218
net matrix:
 -1.42944 -0.549037 -0.292095
outputs matrix:
 0.0542243 0.250101 0.357969
error matrix:
 -0.0542243 0.749899 -0.357969
delta matrix:
 -0.00556167 0.281288 -0.164542
weights_delta matrix:
 -0.000349588 0.0176808 -0.0103426
 -0.000306739 0.0155137 -0.00907487
 -0.000340428 0.0172175 -0.0100716
 -0.000339257 0.0171583 -0.0100369
 -0.000556167 0.0281288 -0.0164542
weights matrix:
 -1.03836 0.220835 -0.0283661
 1.93777 -2.48262 -0.60748
 -2.50259 1.05088 2.22233
 -2.10539 -1.02661 3.04655
 0.969251 0.733159 -3.19812
regression_error on 'test' 0.0776149
classification_error on 'test' 0.0789474
Save,4331,0.0776149,0.0789474
sample_count 75 Sample index 54
 i 0:0.305227 i 1:0.622103 i 2:0.158468 i 3:0.135476 bias 1
 test_print 2.22127
net matrix:
 1.176 -0.716431 -2.81979
outputs matrix:
 0.913092 0.192653 0.00354175
error matrix:
 0.0869075 -0.192653 -0.00354175
delta matrix:
 0.013793 -0.0599297 -2.49991e-05
weights_delta matrix:
 0.000421001 -0.00182922 -7.63041e-07
 0.000858069 -0.00372824 -1.5552e-06
 0.000218575 -0.000949694 -3.96156e-07
 0.000186862 -0.000811903 -3.38678e-07
 0.0013793 -0.00599297 -2.49991e-06
weights matrix:
 -1.03794 0.219006 -0.0283668
 1.93863 -2.48635 -0.607481
 -2.50237 1.04993 2.22233
 -2.1052 -1.02742 3.04655
 0.97063 0.727166 -3.19813
regression_error on 'test' 0.0775059
classification_error on 'test' 0.0789474
Save,4332,0.0775059,0.0789474
sample_count 75 Sample index 33
 i 0:0.559279 i 1:0.480944 i 2:0.672581 i 3:0.719493 bias 1
 test_print 3.4323
net matrix:
 -1.87522 -0.3792 0.180517
outputs matrix:
 0.0229673 0.318994 0.58929
error matrix:
 -0.0229673 -0.318994 0.41071
delta matrix:
 -0.00103076 -0.138594 0.198806
weights_delta matrix:
 -5.76485e-05 -0.00775129 0.0111188
 -4.9574e-05 -0.00666561 0.00956144
 -6.93273e-05 -0.00932159 0.0133713
 -7.41628e-05 -0.00997176 0.0143039
 -0.000103076 -0.0138594 0.0198806
weights matrix:
 -1.038 0.211254 -0.0172481
 1.93858 -2.49301 -0.59792
 -2.50244 1.04061 2.2357
 -2.10528 -1.03739 3.06086
 0.970527 0.713307 -3.17825
regression_error on 'test' 0.0771318
classification_error on 'test' 0.105263
Save,4333,0.0771318,0.105263
sample_count 75 Sample index 30
 i 0:0.559279 i 1:0.410364 i 2:0.642339 i 3:0.500487 bias 1
 test_print 3.11247
net matrix:
 -1.47556 -0.0423631 -0.465258
outputs matrix:
 0.0496836 0.478831 0.28282
error matrix:
 -0.0496836 0.521169 -0.28282
delta matrix:
 -0.00469163 0.260117 -0.11473
weights_delta matrix:
 -0.000262393 0.0145478 -0.00641663
 -0.000192527 0.0106743 -0.00470812
 -0.000301362 0.0167084 -0.00736958
 -0.00023481 0.0130185 -0.00574211
 -0.000469163 0.0260117 -0.011473
weights matrix:
 -1.03826 0.225802 -0.0236647
 1.93838 -2.48234 -0.602628
 -2.50274 1.05732 2.22833
 -2.10551 -1.02437 3.05511
 0.970058 0.739318 -3.18972
regression_error on 'test' 0.0777945
classification_error on 'test' 0.0789474
Save,4334,0.0777945,0.0789474
sample_count 75 Sample index 65
 i 0:0.928809 i 1:0.410364 i 2:0.944758 i 3:0.792495 bias 1
 test_print 4.07643
net matrix:
 -3.23194 0.117482 1.0674
outputs matrix:
 0.00155632 0.558472 0.894241
error matrix:
 -0.00155632 -0.558472 0.105759
delta matrix:
 -4.8367e-06 -0.275417 0.0200042
weights_delta matrix:
 -4.49237e-07 -0.025581 0.00185801
 -1.98481e-07 -0.0113021 0.000820902
 -4.56951e-07 -0.0260203 0.00188992
 -3.83306e-07 -0.0218267 0.00158533
 -4.8367e-07 -0.0275417 0.00200042
weights matrix:
 -1.03826 0.200221 -0.0218067
 1.93838 -2.49364 -0.601807
 -2.50274 1.0313 2.23022
 -2.10551 -1.0462 3.0567
 0.970057 0.711777 -3.18772
regression_error on 'test' 0.0768805
classification_error on 'test' 0.105263
Save,4335,0.0768805,0.105263
sample_count 75 Sample index 20
 i 0:0.489992 i 1:0.375074 i 2:0.521371 i 3:0.500487 bias 1
 test_print 2.88692
net matrix:
 -1.17028 -0.111337 -0.731513
outputs matrix:
 0.0878184 0.44456 0.188005
error matrix:
 -0.0878184 0.55544 -0.188005
delta matrix:
 -0.0140696 0.274305 -0.0574014
weights_delta matrix:
 -0.000689401 0.0134407 -0.00281262
 -0.000527715 0.0102885 -0.00215298
 -0.00073355 0.0143015 -0.00299274
 -0.000704167 0.0137286 -0.00287286
 -0.00140696 0.0274305 -0.00574014
weights matrix:
 -1.03895 0.213662 -0.0246193
 1.93786 -2.48335 -0.60396
 -2.50348 1.0456 2.22723
 -2.10622 -1.03247 3.05383
 0.96865 0.739207 -3.19346
regression_error on 'test' 0.0774425
classification_error on 'test' 0.0789474
Save,4336,0.0774425,0.0789474
sample_count 75 Sample index 53
 i 0:0.489992 i 1:0.410364 i 2:0.702823 i 3:0.938499 bias 1
 test_print 3.54168
net matrix:
 -2.48138 -0.40928 0.977998
outputs matrix:
 0.00694498 0.306069 0.876099
error matrix:
 -0.00694498 -0.306069 0.123901
delta matrix:
 -9.57954e-05 -0.130013 0.0268988
weights_delta matrix:
 -4.6939e-06 -0.00637052 0.00131802
 -3.9311e-06 -0.00533525 0.00110383
 -6.73272e-06 -0.00913759 0.00189051
 -8.99039e-06 -0.0122017 0.00252445
 -9.57954e-06 -0.0130013 0.00268988
weights matrix:
 -1.03895 0.207291 -0.0233013
 1.93785 -2.48869 -0.602856
 -2.50348 1.03646 2.22912
 -2.10623 -1.04467 3.05635
 0.968641 0.726206 -3.19077
regression_error on 'test' 0.0770562
classification_error on 'test' 0.105263
Save,4337,0.0770562,0.105263
sample_count 75 Sample index 65
 i 0:0.928809 i 1:0.410364 i 2:0.944758 i 3:0.792495 bias 1
 test_print 4.07643
net matrix:
 -3.23548 0.0487796 1.06832
outputs matrix:
 0.00154534 0.52437 0.894414
error matrix:
 -0.00154534 -0.52437 0.105586
delta matrix:
 -4.76874e-06 -0.261562 0.0199425
weights_delta matrix:
 -4.42925e-07 -0.0242941 0.00185228
 -1.95692e-07 -0.0107336 0.000818368
 -4.50531e-07 -0.0247113 0.00188408
 -3.77921e-07 -0.0207287 0.00158043
 -4.76874e-07 -0.0261562 0.00199425
weights matrix:
 -1.03896 0.182997 -0.021449
 1.93785 -2.49942 -0.602038
 -2.50348 1.01175 2.23101
 -2.10623 -1.0654 3.05793
 0.96864 0.70005 -3.18877
regression_error on 'test' 0.0765546
classification_error on 'test' 0.157895
Save,4338,0.0765546,0.157895
sample_count 75 Sample index 22
 i 0:0.305227 i 1:0.233915 i 2:0.430645 i 3:0.427485 bias 1
 test_print 2.39727
net matrix:
 -0.873677 0.151515 -1.06816
outputs matrix:
 0.148381 0.575183 0.105617
error matrix:
 -0.148381 0.424817 -0.105617
delta matrix:
 -0.0375002 0.207606 -0.0199538
weights_delta matrix:
 -0.00114461 0.00633669 -0.000609042
 -0.000877185 0.00485621 -0.000466748
 -0.00161493 0.00894044 -0.000859298
 -0.00160308 0.00887484 -0.000852993
 -0.00375002 0.0207606 -0.00199538
weights matrix:
 -1.0401 0.189334 -0.022058
 1.93698 -2.49457 -0.602504
 -2.5051 1.02069 2.23015
 -2.10783 -1.05653 3.05708
 0.96489 0.72081 -3.19077
regression_error on 'test' 0.0767013
classification_error on 'test' 0.105263
Save,4339,0.0767013,0.105263
sample_count 75 Sample index 46
 i 0:0.928809 i 1:0.480944 i 2:0.854032 i 3:0.901998 bias 1
 test_print 4.16578
net matrix:
 -3.11028 -0.384363 1.16107
outputs matrix:
 0.00198419 0.316755 0.910694
error matrix:
 -0.00198419 -0.316755 0.0893062
delta matrix:
 -7.85839e-06 -0.137105 0.0145267
weights_delta matrix:
 -7.29895e-07 -0.0127344 0.00134925
 -3.77945e-07 -0.00659398 0.000698651
 -6.71132e-07 -0.0117092 0.00124062
 -7.08825e-07 -0.0123668 0.0013103
 -7.85839e-07 -0.0137105 0.00145267
weights matrix:
 -1.0401 0.176599 -0.0207088
 1.93697 -2.50116 -0.601806
 -2.5051 1.00898 2.23139
 -2.10783 -1.06889 3.05839
 0.96489 0.7071 -3.18932
regression_error on 'test' 0.0765051
classification_error on 'test' 0.157895
Save,4340,0.0765051,0.157895
sample_count 75 Sample index 32
 i 0:0.697853 i 1:0.516233 i 2:0.642339 i 3:0.60999 bias 1
 test_print 3.46642
net matrix:
 -1.6559 -0.464747 -0.215547
outputs matrix:
 0.0351689 0.283027 0.393865
error matrix:
 -0.0351689 0.716973 -0.393865
delta matrix:
 -0.0023867 0.29098 -0.188059
weights_delta matrix:
 -0.000166557 0.0203061 -0.0131238
 -0.00012321 0.0150214 -0.00970824
 -0.000153307 0.0186908 -0.0120798
 -0.000145587 0.0177495 -0.0114714
 -0.00023867 0.029098 -0.0188059
weights matrix:
 -1.04027 0.196906 -0.0338326
 1.93685 -2.48614 -0.611514
 -2.50525 1.02767 2.21931
 -2.10798 -1.05114 3.04692
 0.964651 0.736198 -3.20812
regression_error on 'test' 0.0769928
classification_error on 'test' 0.0789474
Save,4341,0.0769928,0.0789474
sample_count 75 Sample index 27
 i 0:0.328323 i 1:0.622103 i 2:0.158468 i 3:0.135476 bias 1
 test_print 2.24437
net matrix:
 1.14545 -0.725339 -2.83518
outputs matrix:
 0.90812 0.189897 0.00343477
error matrix:
 0.0918801 -0.189897 -0.00343477
delta matrix:
 0.0153326 -0.0584261 -2.35143e-05
weights_delta matrix:
 0.000503405 -0.00191826 -7.72028e-07
 0.000953846 -0.00363471 -1.46283e-06
 0.000242973 -0.000925867 -3.72626e-07
 0.00020772 -0.000791534 -3.18562e-07
 0.00153326 -0.00584261 -2.35143e-06
weights matrix:
 -1.03976 0.194987 -0.0338333
 1.93781 -2.48977 -0.611515
 -2.50501 1.02675 2.21931
 -2.10777 -1.05193 3.04692
 0.966184 0.730355 -3.20813
regression_error on 'test' 0.0769247
classification_error on 'test' 0.105263
Save,4342,0.0769247,0.105263
sample_count 75 Sample index 54
 i 0:0.305227 i 1:0.622103 i 2:0.158468 i 3:0.135476 bias 1
 test_print 2.22127
net matrix:
 1.17182 -0.73883 -2.8344
outputs matrix:
 0.912427 0.185781 0.0034401
error matrix:
 0.0875728 -0.185781 -0.0034401
delta matrix:
 0.0139948 -0.0562049 -2.35872e-05
weights_delta matrix:
 0.000427159 -0.00171552 -7.19944e-07
 0.000870621 -0.00349652 -1.46736e-06
 0.000221773 -0.000890667 -3.73781e-07
 0.000189596 -0.000761441 -3.19549e-07
 0.00139948 -0.00562049 -2.35872e-06
weights matrix:
 -1.03934 0.193272 -0.0338341
 1.93868 -2.49327 -0.611517
 -2.50479 1.02586 2.21931
 -2.10758 -1.0527 3.04692
 0.967584 0.724735 -3.20813
regression_error on 'test' 0.0768689
classification_error on 'test' 0.105263
Save,4343,0.0768689,0.105263
sample_count 75 Sample index 40
 i 0:0.328323 i 1:0.763262 i 2:0.158468 i 3:0.171977 bias 1
 test_print 2.42203
net matrix:
 1.34668 -1.1333 -2.81029
outputs matrix:
 0.936634 0.0939268 0.00360943
error matrix:
 0.0633664 -0.0939268 -0.00360943
delta matrix:
 0.00752172 -0.0159872 -2.59619e-05
weights_delta matrix:
 0.000246955 -0.000524897 -8.52389e-07
 0.000574104 -0.00122024 -1.98157e-06
 0.000119195 -0.000253346 -4.11413e-07
 0.000129356 -0.000274943 -4.46485e-07
 0.000752172 -0.00159872 -2.59619e-06
weights matrix:
 -1.03909 0.192747 -0.0338349
 1.93925 -2.49449 -0.611519
 -2.50467 1.0256 2.21931
 -2.10745 -1.05297 3.04692
 0.968336 0.723136 -3.20813
regression_error on 'test' 0.0768529
classification_error on 'test' 0.105263
Save,4344,0.0768529,0.105263
sample_count 75 Sample index 35
 i 0:0.189749 i 1:0.233915 i 2:0.128226 i 3:0.171977 bias 1
 test_print 1.72387
net matrix:
 0.541193 0.126633 -2.54902
outputs matrix:
 0.746945 0.56298 0.0060716
error matrix:
 0.253055 -0.56298 -0.0060716
delta matrix:
 0.0956639 -0.277024 -7.3281e-05
weights_delta matrix:
 0.00181521 -0.0052565 -1.3905e-06
 0.00223772 -0.00648001 -1.71415e-06
 0.00122666 -0.00355217 -9.39653e-07
 0.0016452 -0.00476418 -1.26027e-06
 0.00956639 -0.0277024 -7.3281e-06
weights matrix:
 -1.03727 0.18749 -0.0338363
 1.94149 -2.50097 -0.611521
 -2.50344 1.02205 2.21931
 -2.1058 -1.05773 3.04692
 0.977902 0.695434 -3.20814
regression_error on 'test' 0.076714
classification_error on 'test' 0.105263
Save,4345,0.076714,0.105263
sample_count 75 Sample index 51
 i 0:0.628566 i 1:0.516233 i 2:0.763306 i 3:0.719493 bias 1
 test_print 3.6276
net matrix:
 -2.09784 -0.458696 0.341151
outputs matrix:
 0.0148372 0.28549 0.664252
error matrix:
 -0.0148372 -0.28549 0.335748
delta matrix:
 -0.00043375 -0.116471 0.149758
weights_delta matrix:
 -2.7264e-05 -0.007321 0.00941327
 -2.23916e-05 -0.00601264 0.00773099
 -3.31084e-05 -0.00889033 0.0114311
 -3.1208e-05 -0.00838004 0.010775
 -4.3375e-05 -0.0116471 0.0149758
weights matrix:
 -1.0373 0.180169 -0.024423
 1.94147 -2.50698 -0.60379
 -2.50347 1.01316 2.23074
 -2.10584 -1.06611 3.05769
 0.977859 0.683786 -3.19316
regression_error on 'test' 0.07656
classification_error on 'test' 0.157895
Save,4346,0.07656,0.157895
sample_count 75 Sample index 6
 i 0:0.305227 i 1:0.657392 i 2:0.128226 i 3:0.171977 bias 1
 test_print 2.26282
net matrix:
 1.25438 -0.962725 -2.78565
outputs matrix:
 0.924754 0.127255 0.00379109
error matrix:
 0.0752457 -0.127255 -0.00379109
delta matrix:
 0.0104718 -0.0282662 -2.86357e-05
weights_delta matrix:
 0.000319627 -0.00086276 -8.7404e-07
 0.000688406 -0.0018582 -1.88249e-06
 0.000134275 -0.000362446 -3.67185e-07
 0.00018009 -0.000486113 -4.92469e-07
 0.00104718 -0.00282662 -2.86357e-06
weights matrix:
 -1.03698 0.179307 -0.0244239
 1.94215 -2.50884 -0.603791
 -2.50334 1.0128 2.23074
 -2.10566 -1.0666 3.05769
 0.978906 0.68096 -3.19316
regression_error on 'test' 0.0765648
classification_error on 'test' 0.157895
Save,4347,0.0765648,0.157895
sample_count 75 Sample index 33
 i 0:0.559279 i 1:0.480944 i 2:0.672581 i 3:0.719493 bias 1
 test_print 3.4323
net matrix:
 -1.86569 -0.511594 0.203123
outputs matrix:
 0.023399 0.264407 0.600187
error matrix:
 -0.023399 -0.264407 0.399813
delta matrix:
 -0.0010694 -0.102852 0.19188
weights_delta matrix:
 -5.98095e-05 -0.00575231 0.0107314
 -5.14323e-05 -0.00494661 0.00922835
 -7.19261e-05 -0.00691764 0.0129055
 -7.69429e-05 -0.00740014 0.0138056
 -0.00010694 -0.0102852 0.019188
weights matrix:
 -1.03704 0.173554 -0.0136925
 1.9421 -2.51379 -0.594563
 -2.50341 1.00588 2.24364
 -2.10573 -1.074 3.0715
 0.978799 0.670675 -3.17398
regression_error on 'test' 0.0766562
classification_error on 'test' 0.157895
Save,4348,0.0766562,0.157895
sample_count 75 Sample index 15
 i 0:0.720948 i 1:0.410364 i 2:0.65746 i 3:0.573489 bias 1
 test_print 3.36226
net matrix:
 -1.82539 -0.190372 -0.191262
outputs matrix:
 0.0253133 0.405947 0.405518
error matrix:
 -0.0253133 0.594053 -0.405518
delta matrix:
 -0.00124909 0.286516 -0.195519
weights_delta matrix:
 -9.00527e-05 0.0206563 -0.0140959
 -5.12581e-05 0.0117576 -0.00802341
 -8.21225e-05 0.0188373 -0.0128546
 -7.16338e-05 0.0164314 -0.0112128
 -0.000124909 0.0286516 -0.0195519
weights matrix:
 -1.03713 0.194211 -0.0277884
 1.94205 -2.50203 -0.602587
 -2.50349 1.02472 2.23079
 -2.1058 -1.05757 3.06028
 0.978674 0.699326 -3.19353
regression_error on 'test' 0.0766683
classification_error on 'test' 0.157895
Save,4349,0.0766683,0.157895
sample_count 75 Sample index 67
 i 0:0.443801 i 1:0.375074 i 2:0.566734 i 3:0.536988 bias 1
 test_print 2.9226
net matrix:
 -1.3028 -0.14009 -0.524277
outputs matrix:
 0.0687789 0.43041 0.259503
error matrix:
 -0.0687789 0.56959 -0.259503
delta matrix:
 -0.00881035 0.279278 -0.0997326
weights_delta matrix:
 -0.000391004 0.0123944 -0.00442614
 -0.000330453 0.010475 -0.00374071
 -0.000499313 0.0158276 -0.00565219
 -0.000473105 0.0149969 -0.00535552
 -0.000881035 0.0279278 -0.00997326
weights matrix:
 -1.03752 0.206605 -0.0322145
 1.94172 -2.49155 -0.606327
 -2.50399 1.04054 2.22514
 -2.10628 -1.04257 3.05493
 0.977793 0.727254 -3.2035
regression_error on 'test' 0.0771001
classification_error on 'test' 0.105263
Save,4350,0.0771001,0.105263
sample_count 75 Sample index 33
 i 0:0.559279 i 1:0.480944 i 2:0.672581 i 3:0.719493 bias 1
 test_print 3.4323
net matrix:
 -1.8682 -0.405768 0.181454
outputs matrix:
 0.0232845 0.307563 0.589744
error matrix:
 -0.0232845 -0.307563 0.410256
delta matrix:
 -0.00105909 -0.131002 0.198519
weights_delta matrix:
 -5.92328e-05 -0.00732669 0.0111028
 -5.09364e-05 -0.00630048 0.00954767
 -7.12325e-05 -0.00881097 0.013352
 -7.62009e-05 -0.00942553 0.0142833
 -0.000105909 -0.0131002 0.0198519
weights matrix:
 -1.03758 0.199278 -0.0211117
 1.94167 -2.49786 -0.59678
 -2.50406 1.03173 2.23849
 -2.10635 -1.052 3.06921
 0.977687 0.714154 -3.18365
regression_error on 'test' 0.0768244
classification_error on 'test' 0.157895
Save,4351,0.0768244,0.157895
sample_count 75 Sample index 29
 i 0:0.420705 i 1:0.304495 i 2:0.536492 i 3:0.536988 bias 1
 test_print 2.79868
net matrix:
 -1.3421 0.026013 -0.525188
outputs matrix:
 0.0639125 0.513004 0.259153
error matrix:
 -0.0639125 0.486996 -0.259153
delta matrix:
 -0.00764747 0.243334 -0.0995108
weights_delta matrix:
 -0.000321733 0.0102372 -0.00418647
 -0.000232862 0.00740938 -0.00303005
 -0.000410281 0.0130546 -0.00533868
 -0.00041066 0.0130667 -0.00534361
 -0.000764747 0.0243334 -0.00995108
weights matrix:
 -1.0379 0.209515 -0.0252982
 1.94144 -2.49045 -0.59981
 -2.50447 1.04479 2.23315
 -2.10676 -1.03893 3.06387
 0.976922 0.738487 -3.1936
regression_error on 'test' 0.0772533
classification_error on 'test' 0.105263
Save,4352,0.0772533,0.105263
sample_count 75 Sample index 22
 i 0:0.305227 i 1:0.233915 i 2:0.430645 i 3:0.427485 bias 1
 test_print 2.39727
net matrix:
 -0.864892 0.225689 -1.07018
outputs matrix:
 0.150615 0.610967 0.105236
error matrix:
 -0.150615 0.389033 -0.105236
delta matrix:
 -0.0385365 0.184936 -0.0198184
weights_delta matrix:
 -0.00117624 0.00564474 -0.000604912
 -0.000901426 0.00432592 -0.000463583
 -0.00165955 0.00796416 -0.000853471
 -0.00164738 0.00790572 -0.000847208
 -0.00385365 0.0184936 -0.00198184
weights matrix:
 -1.03908 0.21516 -0.0259031
 1.94054 -2.48612 -0.600273
 -2.50613 1.05275 2.2323
 -2.10841 -1.03103 3.06302
 0.973069 0.756981 -3.19558
regression_error on 'test' 0.0776907
classification_error on 'test' 0.0789474
Save,4353,0.0776907,0.0789474
sample_count 75 Sample index 57
 i 0:0.374514 i 1:0.727972 i 2:0.158468 i 3:0.135476 bias 1
 test_print 2.39643
net matrix:
 1.31379 -0.945116 -2.87355
outputs matrix:
 0.932616 0.131218 0.00318185
error matrix:
 0.067384 -0.131218 -0.00318185
delta matrix:
 0.00846928 -0.0299176 -2.01839e-05
weights_delta matrix:
 0.000317186 -0.00112046 -7.55915e-07
 0.00061654 -0.00217792 -1.46933e-06
 0.000134211 -0.000474099 -3.1985e-07
 0.000114738 -0.000405312 -2.73443e-07
 0.000846928 -0.00299176 -2.01839e-06
weights matrix:
 -1.03876 0.21404 -0.0259039
 1.94115 -2.4883 -0.600275
 -2.506 1.05228 2.23229
 -2.1083 -1.03143 3.06302
 0.973916 0.753989 -3.19558
regression_error on 'test' 0.0776219
classification_error on 'test' 0.0789474
Save,4354,0.0776219,0.0789474
sample_count 75 Sample index 6
 i 0:0.305227 i 1:0.657392 i 2:0.128226 i 3:0.171977 bias 1
 test_print 2.26282
net matrix:
 1.24904 -0.858921 -2.7851
outputs matrix:
 0.924007 0.152149 0.00379526
error matrix:
 0.0759926 -0.152149 -0.00379526
delta matrix:
 0.0106721 -0.0392546 -2.86987e-05
weights_delta matrix:
 0.00032574 -0.00119816 -8.7596e-07
 0.000701572 -0.00258056 -1.88663e-06
 0.000136843 -0.000503346 -3.67991e-07
 0.000183535 -0.000675088 -4.93551e-07
 0.00106721 -0.00392546 -2.86987e-06
weights matrix:
 -1.03844 0.212842 -0.0259048
 1.94185 -2.49088 -0.600277
 -2.50586 1.05177 2.23229
 -2.10811 -1.03211 3.06302
 0.974983 0.750064 -3.19559
regression_error on 'test' 0.0775398
classification_error on 'test' 0.0789474
Save,4355,0.0775398,0.0789474
sample_count 75 Sample index 55
 i 0:0.628566 i 1:0.551523 i 2:0.612097 i 3:0.60999 bias 1
 test_print 3.40218
net matrix:
 -1.42653 -0.475715 -0.308145
outputs matrix:
 0.0545238 0.278597 0.350626
error matrix:
 -0.0545238 0.721403 -0.350626
delta matrix:
 -0.0056215 0.289976 -0.159666
weights_delta matrix:
 -0.000353349 0.0182269 -0.0100361
 -0.000310039 0.0159929 -0.00880595
 -0.000344091 0.0177494 -0.00977311
 -0.000342906 0.0176883 -0.00973946
 -0.00056215 0.0289976 -0.0159666
weights matrix:
 -1.03879 0.231069 -0.0359408
 1.94154 -2.47489 -0.609083
 -2.50621 1.06952 2.22252
 -2.10846 -1.01442 3.05328
 0.974421 0.779061 -3.21155
regression_error on 'test' 0.0788243
classification_error on 'test' 0.0789474
Save,4356,0.0788243,0.0789474
sample_count 75 Sample index 40
 i 0:0.328323 i 1:0.763262 i 2:0.158468 i 3:0.171977 bias 1
 test_print 2.42203
net matrix:
 1.35551 -1.03903 -2.81095
outputs matrix:
 0.937674 0.111247 0.00360471
error matrix:
 0.0623264 -0.111247 -0.00360471
delta matrix:
 0.00728493 -0.0219984 -2.58942e-05
weights_delta matrix:
 0.000239181 -0.000722257 -8.50165e-07
 0.000556031 -0.00167905 -1.9764e-06
 0.000115443 -0.000348604 -4.1034e-07
 0.000125284 -0.000378321 -4.4532e-07
 0.000728493 -0.00219984 -2.58942e-06
weights matrix:
 -1.03855 0.230346 -0.0359417
 1.9421 -2.47656 -0.609084
 -2.50609 1.06918 2.22252
 -2.10833 -1.0148 3.05328
 0.975149 0.776861 -3.21156
regression_error on 'test' 0.0787491
classification_error on 'test' 0.0789474
Save,4357,0.0787491,0.0789474
sample_count 75 Sample index 3
 i 0:0.744044 i 1:0.516233 i 2:0.672581 i 3:0.60999 bias 1
 test_print 3.54285
net matrix:
 -1.76661 -0.230144 -0.195434
outputs matrix:
 0.0283815 0.386918 0.403509
error matrix:
 -0.0283815 0.613082 -0.403509
delta matrix:
 -0.00156529 0.290861 -0.19424
weights_delta matrix:
 -0.000116465 0.0216414 -0.0144523
 -8.08056e-05 0.0150152 -0.0100273
 -0.000105279 0.0195628 -0.0130642
 -9.54813e-05 0.0177423 -0.0118485
 -0.000156529 0.0290861 -0.019424
weights matrix:
 -1.03867 0.251988 -0.050394
 1.94202 -2.46155 -0.619112
 -2.5062 1.08874 2.20946
 -2.10843 -0.997054 3.04143
 0.974993 0.805948 -3.23098
regression_error on 'test' 0.0808416
classification_error on 'test' 0.0789474
Save,4358,0.0808416,0.0789474
sample_count 75 Sample index 13
 i 0:0.420705 i 1:0.269205 i 2:0.491129 i 3:0.427485 bias 1
 test_print 2.60852
net matrix:
 -1.07137 0.357784 -1.03356
outputs matrix:
 0.105012 0.67163 0.112335
error matrix:
 -0.105012 0.32837 -0.112335
delta matrix:
 -0.0197391 0.144839 -0.0224031
weights_delta matrix:
 -0.000830436 0.00609346 -0.000942508
 -0.000531388 0.00389915 -0.000603102
 -0.000969447 0.00711348 -0.00110028
 -0.000843819 0.00619167 -0.000957697
 -0.00197391 0.0144839 -0.00224031
weights matrix:
 -1.0395 0.258081 -0.0513365
 1.94149 -2.45765 -0.619715
 -2.50717 1.09585 2.20836
 -2.10927 -0.990862 3.04047
 0.973019 0.820431 -3.23322
regression_error on 'test' 0.0817346
classification_error on 'test' 0.0789474
Save,4359,0.0817346,0.0789474
sample_count 75 Sample index 33
 i 0:0.559279 i 1:0.480944 i 2:0.672581 i 3:0.719493 bias 1
 test_print 3.4323
net matrix:
 -1.87848 -0.193091 0.112917
outputs matrix:
 0.0228216 0.404637 0.55622
error matrix:
 -0.0228216 -0.404637 0.44378
delta matrix:
 -0.00101788 -0.194959 0.219085
weights_delta matrix:
 -5.69276e-05 -0.0109036 0.012253
 -4.89541e-05 -0.00937642 0.0105368
 -6.84603e-05 -0.0131126 0.0147352
 -7.32354e-05 -0.0140271 0.015763
 -0.000101788 -0.0194959 0.0219085
weights matrix:
 -1.03955 0.247177 -0.0390836
 1.94144 -2.46703 -0.609178
 -2.50724 1.08274 2.22309
 -2.10934 -1.00489 3.05624
 0.972917 0.800936 -3.21131
regression_error on 'test' 0.0799988
classification_error on 'test' 0.0789474
Save,4360,0.0799988,0.0789474
sample_count 75 Sample index 60
 i 0:0.559279 i 1:0.410364 i 2:0.536492 i 3:0.536988 bias 1
 test_print 3.04312
net matrix:
 -1.28959 -0.031935 -0.649323
outputs matrix:
 0.0704902 0.484038 0.214393
error matrix:
 -0.0704902 0.515962 -0.214393
delta matrix:
 -0.00923723 0.257718 -0.0722198
weights_delta matrix:
 -0.000516619 0.0144136 -0.0040391
 -0.000379063 0.0105758 -0.00296364
 -0.00049557 0.0138264 -0.00387453
 -0.000496028 0.0138392 -0.00387811
 -0.000923723 0.0257718 -0.00722198
weights matrix:
 -1.04007 0.261591 -0.0431227
 1.94106 -2.45645 -0.612142
 -2.50773 1.09657 2.21922
 -2.10984 -0.99105 3.05236
 0.971993 0.826707 -3.21853
regression_error on 'test' 0.0817584
classification_error on 'test' 0.0789474
Save,4361,0.0817584,0.0789474
sample_count 75 Sample index 68
 i 0:0.305227 i 1:0.657392 i 2:0.173589 i 3:0.281481 bias 1
 test_print 2.41769
net matrix:
 0.901378 -0.796909 -2.3897
outputs matrix:
 0.858484 0.168847 0.00833102
error matrix:
 0.141516 -0.168847 -0.00833102
delta matrix:
 0.0343853 -0.0473914 -0.000137655
weights_delta matrix:
 0.00104953 -0.00144651 -4.20161e-06
 0.00226046 -0.00311547 -9.04935e-06
 0.000596891 -0.000822662 -2.38955e-06
 0.000967881 -0.00133398 -3.87474e-06
 0.00343853 -0.00473914 -1.37655e-05
weights matrix:
 -1.03902 0.260145 -0.0431269
 1.94332 -2.45957 -0.612151
 -2.50713 1.09574 2.21921
 -2.10887 -0.992384 3.05235
 0.975432 0.821968 -3.21855
regression_error on 'test' 0.0814896
classification_error on 'test' 0.0789474
Save,4362,0.0814896,0.0789474
sample_count 75 Sample index 64
 i 0:0.282131 i 1:0.516233 i 2:0.158468 i 3:0.0989754 bias 1
 test_print 2.05581
net matrix:
 1.07947 -0.298928 -2.89295
outputs matrix:
 0.896501 0.354834 0.00306117
error matrix:
 0.103499 -0.354834 -0.00306117
delta matrix:
 0.0192066 -0.162462 -1.86842e-05
weights_delta matrix:
 0.000541878 -0.00458357 -5.27138e-07
 0.000991508 -0.00838684 -9.64538e-07
 0.000304363 -0.00257451 -2.96084e-07
 0.000190098 -0.00160798 -1.84927e-07
 0.00192066 -0.0162462 -1.86842e-06
weights matrix:
 -1.03848 0.255561 -0.0431274
 1.94431 -2.46795 -0.612152
 -2.50683 1.09317 2.21921
 -2.10868 -0.993992 3.05235
 0.977353 0.805722 -3.21855
regression_error on 'test' 0.0807522
classification_error on 'test' 0.0789474
Save,4363,0.0807522,0.0789474
sample_count 75 Sample index 18
 i 0:0.513088 i 1:0.480944 i 2:0.566734 i 3:0.60999 bias 1
 test_print 3.17076
net matrix:
 -1.32735 -0.23689 -0.41548
outputs matrix:
 0.0656994 0.383722 0.303442
error matrix:
 -0.0656994 0.616278 -0.303442
delta matrix:
 -0.00806564 0.291474 -0.128274
weights_delta matrix:
 -0.000413838 0.0149552 -0.00658159
 -0.000387912 0.0140183 -0.00616927
 -0.000457107 0.0165188 -0.00726973
 -0.000491996 0.0177796 -0.00782459
 -0.000806564 0.0291474 -0.0128274
weights matrix:
 -1.03889 0.270516 -0.049709
 1.94392 -2.45394 -0.618321
 -2.50729 1.10969 2.21194
 -2.10917 -0.976212 3.04453
 0.976546 0.834869 -3.23138
regression_error on 'test' 0.0831213
classification_error on 'test' 0.0789474
Save,4364,0.0831213,0.0789474
sample_count 75 Sample index 0
 i 0:0.282131 i 1:0.269205 i 2:0.430645 i 3:0.427485 bias 1
 test_print 2.40947
net matrix:
 -0.774635 0.311144 -1.1578
outputs matrix:
 0.175192 0.650739 0.0898385
error matrix:
 -0.175192 0.349261 -0.0898385
delta matrix:
 -0.0506303 0.158759 -0.0146918
weights_delta matrix:
 -0.00142844 0.00447908 -0.0004145
 -0.00136299 0.00427386 -0.00039551
 -0.00218037 0.00683687 -0.000632693
 -0.00216437 0.0067867 -0.000628051
 -0.00506303 0.0158759 -0.00146918
weights matrix:
 -1.04032 0.274995 -0.0501235
 1.94256 -2.44966 -0.618717
 -2.50947 1.11652 2.21131
 -2.11134 -0.969426 3.0439
 0.971483 0.850745 -3.23285
regression_error on 'test' 0.0842553
classification_error on 'test' 0.0789474
Save,4365,0.0842553,0.0789474
sample_count 75 Sample index 31
 i 0:0.559279 i 1:0.339785 i 2:0.778427 i 3:0.573489 bias 1
 test_print 3.25098
net matrix:
 -2.11456 0.485364 -0.00412188
outputs matrix:
 0.0143561 0.725264 0.497939
error matrix:
 -0.0143561 -0.725264 0.502061
delta matrix:
 -0.000406277 -0.289026 0.251026
weights_delta matrix:
 -2.27222e-05 -0.0161646 0.0140394
 -1.38047e-05 -0.00982069 0.00852949
 -3.16257e-05 -0.0224986 0.0195406
 -2.32995e-05 -0.0165754 0.0143961
 -4.06277e-05 -0.0289026 0.0251026
weights matrix:
 -1.04035 0.258831 -0.0360841
 1.94255 -2.45948 -0.610187
 -2.5095 1.09403 2.23085
 -2.11136 -0.986001 3.0583
 0.971442 0.821843 -3.20774
regression_error on 'test' 0.0814625
classification_error on 'test' 0.0789474
Save,4366,0.0814625,0.0789474
sample_count 75 Sample index 16
 i 0:0.60547 i 1:0.304495 i 2:0.687702 i 3:0.755994 bias 1
 test_print 3.35366
net matrix:
 -2.38892 0.236609 0.430825
outputs matrix:
 0.00834389 0.616145 0.703005
error matrix:
 -0.00834389 -0.616145 0.296995
delta matrix:
 -0.000138079 -0.291449 0.124018
weights_delta matrix:
 -8.36028e-06 -0.0176464 0.00750894
 -4.20444e-06 -0.00887449 0.0037763
 -9.49573e-06 -0.020043 0.00852877
 -1.04387e-05 -0.0220334 0.00937572
 -1.38079e-05 -0.0291449 0.0124018
weights matrix:
 -1.04035 0.241184 -0.0285752
 1.94254 -2.46836 -0.606411
 -2.50951 1.07398 2.23938
 -2.11137 -1.00803 3.06767
 0.971428 0.792698 -3.19534
regression_error on 'test' 0.0793871
classification_error on 'test' 0.0789474
Save,4367,0.0793871,0.0789474
sample_count 75 Sample index 53
 i 0:0.489992 i 1:0.410364 i 2:0.702823 i 3:0.938499 bias 1
 test_print 3.54168
net matrix:
 -2.48645 -0.293269 0.994703
outputs matrix:
 0.00687548 0.35743 0.87968
error matrix:
 -0.00687548 -0.35743 0.12032
delta matrix:
 -9.38945e-05 -0.164184 0.02547
weights_delta matrix:
 -4.60075e-06 -0.00804491 0.00124801
 -3.85309e-06 -0.00673754 0.0010452
 -6.59912e-06 -0.0115393 0.00179009
 -8.81198e-06 -0.0154087 0.00239035
 -9.38945e-06 -0.0164184 0.002547
weights matrix:
 -1.04036 0.233139 -0.0273272
 1.94254 -2.47509 -0.605366
 -2.50951 1.06244 2.24117
 -2.11138 -1.02344 3.07006
 0.971419 0.776279 -3.1928
regression_error on 'test' 0.0784464
classification_error on 'test' 0.0789474
Save,4368,0.0784464,0.0789474
sample_count 75 Sample index 21
 i 0:0.836426 i 1:0.445654 i 2:0.884274 i 3:0.719493 bias 1
 test_print 3.88585
net matrix:
 -2.77129 0.071378 0.705262
outputs matrix:
 0.00390117 0.535629 0.803849
error matrix:
 -0.00390117 -0.535629 0.196151
delta matrix:
 -3.03194e-05 -0.266454 0.0618567
weights_delta matrix:
 -2.536e-06 -0.0222869 0.00517386
 -1.3512e-06 -0.0118746 0.00275667
 -2.68107e-06 -0.0235619 0.00546983
 -2.18146e-06 -0.0191712 0.00445055
 -3.03194e-06 -0.0266454 0.00618567
weights matrix:
 -1.04036 0.210852 -0.0221533
 1.94254 -2.48697 -0.602609
 -2.50952 1.03888 2.24664
 -2.11138 -1.04261 3.07451
 0.971416 0.749634 -3.18661
regression_error on 'test' 0.0772619
classification_error on 'test' 0.105263
Save,4369,0.0772619,0.105263
sample_count 75 Sample index 38
 i 0:0.397609 i 1:0.798551 i 2:0.128226 i 3:0.208478 bias 1
 test_print 2.53286
net matrix:
 1.34701 -1.23665 -2.74759
outputs matrix:
 0.936673 0.0777511 0.00408976
error matrix:
 0.0633269 -0.0777511 -0.00408976
delta matrix:
 0.00751267 -0.0111504 -3.33154e-05
weights_delta matrix:
 0.000298711 -0.000443351 -1.32465e-06
 0.000599925 -0.000890418 -2.66041e-06
 9.6332e-05 -0.000142977 -4.2719e-07
 0.000156623 -0.000232462 -6.94553e-07
 0.000751267 -0.00111504 -3.33154e-06
weights matrix:
 -1.04006 0.210409 -0.0221546
 1.94314 -2.48786 -0.602612
 -2.50942 1.03874 2.24664
 -2.11123 -1.04285 3.07451
 0.972167 0.748519 -3.18661
regression_error on 'test' 0.0772391
classification_error on 'test' 0.105263
Save,4370,0.0772391,0.105263
sample_count 75 Sample index 2
 i 0:0.466896 i 1:0.480944 i 2:0.566734 i 3:0.500487 bias 1
 test_print 3.01506
net matrix:
 -1.05771 -0.283006 -0.674778
outputs matrix:
 0.107607 0.362158 0.205943
error matrix:
 -0.107607 0.637842 -0.205943
delta matrix:
 -0.0206666 0.294683 -0.0673559
weights_delta matrix:
 -0.000964917 0.0137586 -0.00314482
 -0.000993949 0.0141726 -0.00323944
 -0.00117125 0.0167007 -0.00381729
 -0.00103434 0.0147485 -0.00337108
 -0.00206666 0.0294683 -0.00673559
weights matrix:
 -1.04103 0.224168 -0.0252995
 1.94214 -2.47369 -0.605851
 -2.51059 1.05544 2.24282
 -2.11226 -1.0281 3.07114
 0.970101 0.777987 -3.19335
regression_error on 'test' 0.078189
classification_error on 'test' 0.0789474
Save,4371,0.078189,0.0789474
sample_count 75 Sample index 53
 i 0:0.489992 i 1:0.410364 i 2:0.702823 i 3:0.938499 bias 1
 test_print 3.54168
net matrix:
 -2.48986 -0.350367 1.00421
outputs matrix:
 0.00682897 0.331649 0.881678
error matrix:
 -0.00682897 -0.331649 0.118322
delta matrix:
 -9.26326e-05 -0.147026 0.0246873
weights_delta matrix:
 -4.53892e-06 -0.00720414 0.00120966
 -3.80131e-06 -0.0060334 0.00101308
 -6.51043e-06 -0.0103333 0.00173508
 -8.69356e-06 -0.0137983 0.0023169
 -9.26326e-06 -0.0147026 0.00246873
weights matrix:
 -1.04103 0.216964 -0.0240898
 1.94214 -2.47972 -0.604838
 -2.5106 1.04511 2.24456
 -2.11227 -1.0419 3.07346
 0.970091 0.763284 -3.19088
regression_error on 'test' 0.0775499
classification_error on 'test' 0.0789474
Save,4372,0.0775499,0.0789474
sample_count 75 Sample index 43
 i 0:0.582374 i 1:0.198626 i 2:0.612097 i 3:0.60999 bias 1
 test_print 3.00309
net matrix:
 -2.07561 0.401261 -0.0763791
outputs matrix:
 0.0155011 0.690514 0.461885
error matrix:
 -0.0155011 0.309486 -0.461885
delta matrix:
 -0.000473117 0.132277 -0.2296
weights_delta matrix:
 -2.75531e-05 0.00770348 -0.0133713
 -9.39734e-06 0.00262737 -0.00456046
 -2.89594e-05 0.00809665 -0.0140538
 -2.88597e-05 0.00806878 -0.0140054
 -4.73117e-05 0.0132277 -0.02296
weights matrix:
 -1.04106 0.224667 -0.0374611
 1.94213 -2.47709 -0.609398
 -2.51063 1.0532 2.2305
 -2.1123 -1.03383 3.05945
 0.970044 0.776512 -3.21384
regression_error on 'test' 0.0780848
classification_error on 'test' 0.0789474
Save,4373,0.0780848,0.0789474
sample_count 75 Sample index 56
 i 0:0.328323 i 1:0.727972 i 2:0.158468 i 3:0.208478 bias 1
 test_print 2.42324
net matrix:
 1.20383 -1.00161 -2.67847
outputs matrix:
 0.91741 0.118865 0.00469316
error matrix:
 0.0825897 -0.118865 -0.00469316
delta matrix:
 0.0125154 -0.024899 -4.38448e-05
weights_delta matrix:
 0.00041091 -0.000817492 -1.43953e-06
 0.000911088 -0.00181258 -3.19178e-06
 0.000198329 -0.00039457 -6.94801e-07
 0.000260919 -0.00051909 -9.14069e-07
 0.00125154 -0.0024899 -4.38448e-06
weights matrix:
 -1.04065 0.22385 -0.0374626
 1.94304 -2.47891 -0.609402
 -2.51043 1.05281 2.2305
 -2.11204 -1.03435 3.05945
 0.971296 0.774022 -3.21384
regression_error on 'test' 0.0780118
classification_error on 'test' 0.0789474
Save,4374,0.0780118,0.0789474
sample_count 75 Sample index 71
 i 0:0.143558 i 1:0.480944 i 2:0.0979839 i 3:0.0989754 bias 1
 test_print 1.82146
net matrix:
 1.30137 -0.385274 -2.99095
outputs matrix:
 0.931038 0.316361 0.00251769
error matrix:
 0.0689617 -0.316361 -0.00251769
delta matrix:
 0.0088555 -0.136843 -1.26456e-05
weights_delta matrix:
 0.000127128 -0.00196449 -1.81538e-07
 0.0004259 -0.00658138 -6.08183e-07
 8.67696e-05 -0.00134084 -1.23907e-07
 8.76477e-05 -0.00135441 -1.2516e-07
 0.00088555 -0.0136843 -1.26456e-06
weights matrix:
 -1.04052 0.221885 -0.0374627
 1.94347 -2.48549 -0.609402
 -2.51034 1.05147 2.2305
 -2.11195 -1.0357 3.05945
 0.972181 0.760338 -3.21385
regression_error on 'test' 0.0777336
classification_error on 'test' 0.0789474
Save,4375,0.0777336,0.0789474
sample_count 75 Sample index 3
 i 0:0.744044 i 1:0.516233 i 2:0.672581 i 3:0.60999 bias 1
 test_print 3.54285
net matrix:
 -1.77541 -0.282231 -0.189883
outputs matrix:
 0.0279005 0.362516 0.406183
error matrix:
 -0.0279005 0.637484 -0.406183
delta matrix:
 -0.00151344 0.294643 -0.195942
weights_delta matrix:
 -0.000112606 0.0219227 -0.0145789
 -7.81286e-05 0.0152104 -0.0101151
 -0.000101791 0.0198171 -0.0131787
 -9.23181e-05 0.0179729 -0.0119522
 -0.000151344 0.0294643 -0.0195942
weights matrix:
 -1.04063 0.243808 -0.0520416
 1.94339 -2.47028 -0.619517
 -2.51044 1.07128 2.21733
 -2.11204 -1.01773 3.0475
 0.97203 0.789802 -3.23344
regression_error on 'test' 0.0794243
classification_error on 'test' 0.0789474
Save,4376,0.0794243,0.0789474
sample_count 75 Sample index 9
 i 0:0.351418 i 1:0.375074 i 2:0.521371 i 3:0.573489 bias 1
 test_print 2.82135
net matrix:
 -1.18486 -0.0761754 -0.580336
outputs matrix:
 0.0855113 0.461986 0.238545
error matrix:
 -0.0855113 0.538014 -0.238545
delta matrix:
 -0.0133738 0.267452 -0.0866593
weights_delta matrix:
 -0.00046998 0.00939875 -0.00304537
 -0.000501617 0.0100314 -0.00325037
 -0.000697271 0.0139442 -0.00451817
 -0.000766973 0.0153381 -0.00496982
 -0.00133738 0.0267452 -0.00866593
weights matrix:
 -1.0411 0.253207 -0.055087
 1.94289 -2.46024 -0.622768
 -2.51114 1.08523 2.21281
 -2.11281 -1.00239 3.04253
 0.970692 0.816547 -3.24211
regression_error on 'test' 0.0810392
classification_error on 'test' 0.0789474
Save,4377,0.0810392,0.0789474
sample_count 75 Sample index 54
 i 0:0.305227 i 1:0.622103 i 2:0.158468 i 3:0.135476 bias 1
 test_print 2.22127
net matrix:
 1.17743 -0.600518 -2.8835
outputs matrix:
 0.913319 0.231291 0.00311939
error matrix:
 0.086681 -0.231291 -0.00311939
delta matrix:
 0.0137246 -0.0822449 -1.94005e-05
weights_delta matrix:
 0.000418913 -0.00251034 -5.92156e-07
 0.000853813 -0.00511648 -1.20691e-06
 0.000217491 -0.00130332 -3.07436e-07
 0.000185936 -0.00111422 -2.6283e-07
 0.00137246 -0.00822449 -1.94005e-06
weights matrix:
 -1.04068 0.250696 -0.0550876
 1.94374 -2.46536 -0.622769
 -2.51092 1.08392 2.21281
 -2.11262 -1.0035 3.04253
 0.972065 0.808323 -3.24211
regression_error on 'test' 0.0806685
classification_error on 'test' 0.0789474
Save,4378,0.0806685,0.0789474
sample_count 75 Sample index 36
 i 0:0.744044 i 1:0.516233 i 2:0.702823 i 3:0.901998 bias 1
 test_print 3.8651
net matrix:
 -2.46914 -0.421201 0.694978
outputs matrix:
 0.00711586 0.301029 0.800585
error matrix:
 -0.00711586 -0.301029 0.199415
delta matrix:
 -0.00010055 -0.12668 0.0636725
weights_delta matrix:
 -7.48139e-06 -0.00942551 0.00473751
 -5.19074e-06 -0.00653961 0.00328698
 -7.06691e-06 -0.00890333 0.00447505
 -9.06962e-06 -0.0114265 0.00574325
 -1.0055e-05 -0.012668 0.00636725
weights matrix:
 -1.04069 0.241271 -0.0503501
 1.94374 -2.4719 -0.619482
 -2.51093 1.07502 2.21728
 -2.11263 -1.01493 3.04827
 0.972055 0.795655 -3.23574
regression_error on 'test' 0.0796064
classification_error on 'test' 0.0789474
Save,4379,0.0796064,0.0789474
sample_count 75 Sample index 24
 i 0:0.466896 i 1:0.445654 i 2:0.566734 i 3:0.536988 bias 1
 test_print 3.01627
net matrix:
 -1.20509 -0.129064 -0.641828
outputs matrix:
 0.082399 0.435824 0.216929
error matrix:
 -0.082399 0.564176 -0.216929
delta matrix:
 -0.0124603 0.277441 -0.0736995
weights_delta matrix:
 -0.000581766 0.0129536 -0.003441
 -0.000555298 0.0123643 -0.00328445
 -0.000706167 0.0157235 -0.0041768
 -0.000669102 0.0148982 -0.00395758
 -0.00124603 0.0277441 -0.00736995
weights matrix:
 -1.04127 0.254224 -0.0537911
 1.94318 -2.45954 -0.622766
 -2.51164 1.09074 2.21311
 -2.1133 -1.00003 3.04432
 0.970809 0.823399 -3.24311
regression_error on 'test' 0.0814069
classification_error on 'test' 0.0789474
Save,4380,0.0814069,0.0789474
sample_count 75 Sample index 46
 i 0:0.928809 i 1:0.480944 i 2:0.854032 i 3:0.901998 bias 1
 test_print 4.16578
net matrix:
 -3.11299 -0.093871 1.04344
outputs matrix:
 0.0019735 0.453202 0.889622
error matrix:
 -0.0019735 -0.453202 0.110378
delta matrix:
 -7.774e-06 -0.224616 0.0216772
weights_delta matrix:
 -7.22056e-07 -0.0208625 0.0020134
 -3.73886e-07 -0.0108028 0.00104255
 -6.63925e-07 -0.0191829 0.0018513
 -7.01213e-07 -0.0202603 0.00195528
 -7.774e-07 -0.0224616 0.00216772
weights matrix:
 -1.04127 0.233362 -0.0517777
 1.94318 -2.47034 -0.621724
 -2.51164 1.07156 2.21496
 -2.1133 -1.02029 3.04627
 0.970808 0.800938 -3.24094
regression_error on 'test' 0.0795256
classification_error on 'test' 0.0789474
Save,4381,0.0795256,0.0789474
sample_count 75 Sample index 46
 i 0:0.928809 i 1:0.480944 i 2:0.854032 i 3:0.901998 bias 1
 test_print 4.16578
net matrix:
 -3.11299 -0.175563 1.05133
outputs matrix:
 0.00197348 0.413109 0.891161
error matrix:
 -0.00197348 -0.413109 0.108839
delta matrix:
 -7.77391e-06 -0.200317 0.0211134
weights_delta matrix:
 -7.22048e-07 -0.0186056 0.00196103
 -3.73882e-07 -0.00963411 0.00101544
 -6.63917e-07 -0.0171077 0.00180315
 -7.01205e-07 -0.0180685 0.00190443
 -7.77391e-07 -0.0200317 0.00211134
weights matrix:
 -1.04128 0.214756 -0.0498167
 1.94318 -2.47997 -0.620708
 -2.51164 1.05445 2.21676
 -2.1133 -1.03836 3.04818
 0.970807 0.780906 -3.23883
regression_error on 'test' 0.0782382
classification_error on 'test' 0.0789474
Save,4382,0.0782382,0.0789474
sample_count 75 Sample index 30
 i 0:0.559279 i 1:0.410364 i 2:0.642339 i 3:0.500487 bias 1
 test_print 3.11247
net matrix:
 -1.48515 0.0409533 -0.571926
outputs matrix:
 0.0487859 0.520465 0.241614
error matrix:
 -0.0487859 0.479535 -0.241614
delta matrix:
 -0.0045279 0.239366 -0.088545
weights_delta matrix:
 -0.000253236 0.0133872 -0.00495214
 -0.000185809 0.00982271 -0.00363357
 -0.000290845 0.0153754 -0.00568759
 -0.000226616 0.0119799 -0.00443156
 -0.00045279 0.0239366 -0.0088545
weights matrix:
 -1.04153 0.228143 -0.0547688
 1.94299 -2.47015 -0.624342
 -2.51193 1.06983 2.21107
 -2.11353 -1.02638 3.04374
 0.970354 0.804842 -3.24769
regression_error on 'test' 0.0795121
classification_error on 'test' 0.0789474
Save,4383,0.0795121,0.0789474
sample_count 75 Sample index 45
 i 0:0.697853 i 1:0.586813 i 2:0.793548 i 3:0.975 bias 1
 test_print 4.05321
net matrix:
 -2.67033 -0.637225 1.06996
outputs matrix:
 0.00476982 0.218497 0.894724
error matrix:
 -0.00476982 -0.218497 0.105276
delta matrix:
 -4.52853e-05 -0.0746191 0.0198326
weights_delta matrix:
 -3.16025e-06 -0.00520732 0.00138402
 -2.6574e-06 -0.00437875 0.0011638
 -3.59361e-06 -0.00592139 0.00157381
 -4.41532e-06 -0.00727537 0.00193368
 -4.52853e-06 -0.00746191 0.00198326
weights matrix:
 -1.04153 0.222936 -0.0533848
 1.94299 -2.47453 -0.623178
 -2.51193 1.06391 2.21265
 -2.11353 -1.03366 3.04568
 0.97035 0.797381 -3.2457
regression_error on 'test' 0.0789789
classification_error on 'test' 0.0789474
Save,4384,0.0789789,0.0789474
sample_count 75 Sample index 5
 i 0:0.536183 i 1:0.198626 i 2:0.687702 i 3:0.60999 bias 1
 test_print 3.0325
net matrix:
 -2.21887 0.526541 -0.0186322
outputs matrix:
 0.0116845 0.741366 0.490685
error matrix:
 -0.0116845 -0.741366 0.509315
delta matrix:
 -0.000269865 -0.284303 0.254569
weights_delta matrix:
 -1.44697e-05 -0.0152438 0.0136496
 -5.36023e-06 -0.00564699 0.0050564
 -1.85587e-05 -0.0195515 0.0175068
 -1.64615e-05 -0.0173422 0.0155285
 -2.69865e-05 -0.0284303 0.0254569
weights matrix:
 -1.04155 0.207692 -0.0397352
 1.94299 -2.48018 -0.618122
 -2.51195 1.04436 2.23015
 -2.11355 -1.051 3.06121
 0.970323 0.76895 -3.22025
regression_error on 'test' 0.0774414
classification_error on 'test' 0.0789474
Save,4385,0.0774414,0.0789474
sample_count 75 Sample index 36
 i 0:0.744044 i 1:0.516233 i 2:0.702823 i 3:0.901998 bias 1
 test_print 3.8651
net matrix:
 -2.47347 -0.570868 0.759699
outputs matrix:
 0.00705492 0.242002 0.82045
error matrix:
 -0.00705492 -0.242002 0.17955
delta matrix:
 -9.88416e-05 -0.0887842 0.0528998
weights_delta matrix:
 -7.35425e-06 -0.00660593 0.00393598
 -5.10253e-06 -0.00458333 0.00273086
 -6.94681e-06 -0.00623996 0.00371792
 -8.91549e-06 -0.00800831 0.00477155
 -9.88416e-06 -0.00887842 0.00528998
weights matrix:
 -1.04155 0.201086 -0.0357992
 1.94298 -2.48476 -0.615391
 -2.51196 1.03812 2.23387
 -2.11356 -1.05901 3.06598
 0.970313 0.760072 -3.21496
regression_error on 'test' 0.0770661
classification_error on 'test' 0.0789474
Save,4386,0.0770661,0.0789474
sample_count 75 Sample index 26
 i 0:0.489992 i 1:0.339785 i 2:0.536492 i 3:0.500487 bias 1
 test_print 2.86676
net matrix:
 -1.2853 0.0412403 -0.708662
outputs matrix:
 0.0710549 0.520608 0.195081
error matrix:
 -0.0710549 0.479392 -0.195081
delta matrix:
 -0.00938011 0.239289 -0.0612652
weights_delta matrix:
 -0.000459618 0.0117249 -0.00300195
 -0.000318722 0.00813067 -0.0020817
 -0.000503235 0.0128376 -0.00328683
 -0.000469462 0.0119761 -0.00306624
 -0.000938011 0.0239289 -0.00612652
weights matrix:
 -1.04201 0.212811 -0.0388012
 1.94266 -2.47663 -0.617473
 -2.51246 1.05095 2.23058
 -2.11403 -1.04703 3.06291
 0.969375 0.784001 -3.22108
regression_error on 'test' 0.0778279
classification_error on 'test' 0.0789474
Save,4387,0.0778279,0.0789474
sample_count 75 Sample index 45
 i 0:0.697853 i 1:0.586813 i 2:0.793548 i 3:0.975 bias 1
 test_print 4.05321
net matrix:
 -2.67275 -0.707679 1.14591
outputs matrix:
 0.00474689 0.19539 0.908198
error matrix:
 -0.00474689 -0.19539 0.0918022
delta matrix:
 -4.48519e-05 -0.0614357 0.0153079
weights_delta matrix:
 -3.13e-06 -0.00428731 0.00106827
 -2.63197e-06 -0.00360513 0.000898289
 -3.55922e-06 -0.00487522 0.00121476
 -4.37306e-06 -0.00598998 0.00149252
 -4.48519e-06 -0.00614357 0.00153079
weights matrix:
 -1.04202 0.208524 -0.0377329
 1.94266 -2.48023 -0.616574
 -2.51247 1.04608 2.2318
 -2.11403 -1.05302 3.0644
 0.969371 0.777857 -3.21955
regression_error on 'test' 0.0775227
classification_error on 'test' 0.0789474
Save,4388,0.0775227,0.0789474
sample_count 75 Sample index 16
 i 0:0.60547 i 1:0.304495 i 2:0.687702 i 3:0.755994 bias 1
 test_print 3.35366
net matrix:
 -2.39603 0.072206 0.421342
outputs matrix:
 0.00822707 0.53604 0.69903
error matrix:
 -0.00822707 -0.53604 0.30097
delta matrix:
 -0.000134256 -0.266628 0.12664
weights_delta matrix:
 -8.12877e-06 -0.0161435 0.00766769
 -4.08801e-06 -0.00811868 0.00385613
 -9.23278e-06 -0.018336 0.00870908
 -1.01496e-05 -0.0201569 0.00957393
 -1.34256e-05 -0.0266628 0.012664
weights matrix:
 -1.04202 0.19238 -0.0300652
 1.94266 -2.48835 -0.612718
 -2.51247 1.02774 2.24051
 -2.11404 -1.07318 3.07398
 0.969357 0.751194 -3.20689
regression_error on 'test' 0.0766541
classification_error on 'test' 0.105263
Save,4389,0.0766541,0.105263
sample_count 75 Sample index 16
 i 0:0.60547 i 1:0.304495 i 2:0.687702 i 3:0.755994 bias 1
 test_print 3.35366
net matrix:
 -2.39607 0.00544854 0.45305
outputs matrix:
 0.00822652 0.502724 0.712201
error matrix:
 -0.00822652 -0.502724 0.287799
delta matrix:
 -0.000134238 -0.251355 0.117981
weights_delta matrix:
 -8.12769e-06 -0.0152188 0.00714337
 -4.08747e-06 -0.00765362 0.00359245
 -9.23155e-06 -0.0172857 0.00811355
 -1.01483e-05 -0.0190023 0.00891926
 -1.34238e-05 -0.0251355 0.0117981
weights matrix:
 -1.04203 0.177162 -0.0229219
 1.94265 -2.49601 -0.609126
 -2.51248 1.01046 2.24862
 -2.11405 -1.09218 3.0829
 0.969344 0.726059 -3.19509
regression_error on 'test' 0.0762842
classification_error on 'test' 0.157895
Save,4390,0.0762842,0.157895
sample_count 75 Sample index 55
 i 0:0.628566 i 1:0.551523 i 2:0.612097 i 3:0.60999 bias 1
 test_print 3.40218
net matrix:
 -1.44166 -0.58691 -0.288534
outputs matrix:
 0.0529842 0.236165 0.359608
error matrix:
 -0.0529842 0.763835 -0.359608
delta matrix:
 -0.00531717 0.275578 -0.165628
weights_delta matrix:
 -0.000334219 0.0173219 -0.0104108
 -0.000293254 0.0151988 -0.00913477
 -0.000325462 0.0168681 -0.010138
 -0.000324342 0.01681 -0.0101032
 -0.000531717 0.0275578 -0.0165628
weights matrix:
 -1.04237 0.194484 -0.0333327
 1.94236 -2.48081 -0.618261
 -2.51281 1.02733 2.23848
 -2.11438 -1.07537 3.07279
 0.968812 0.753617 -3.21165
regression_error on 'test' 0.0766775
classification_error on 'test' 0.105263
Save,4391,0.0766775,0.105263
sample_count 75 Sample index 53
 i 0:0.489992 i 1:0.410364 i 2:0.702823 i 3:0.938499 bias 1
 test_print 3.54168
net matrix:
 -2.49527 -0.456328 0.975375
outputs matrix:
 0.00675608 0.286457 0.875528
error matrix:
 -0.00675608 -0.286457 0.124472
delta matrix:
 -9.06725e-05 -0.117103 0.0271295
weights_delta matrix:
 -4.44288e-06 -0.00573795 0.00132932
 -3.72087e-06 -0.00480548 0.0011133
 -6.37267e-06 -0.00823026 0.00190672
 -8.5096e-06 -0.0109901 0.0025461
 -9.06725e-06 -0.0117103 0.00271295
weights matrix:
 -1.04237 0.188746 -0.0320034
 1.94235 -2.48561 -0.617147
 -2.51282 1.0191 2.24039
 -2.11439 -1.08636 3.07534
 0.968803 0.741906 -3.20894
regression_error on 'test' 0.0764211
classification_error on 'test' 0.105263
Save,4392,0.0764211,0.105263
sample_count 75 Sample index 9
 i 0:0.351418 i 1:0.375074 i 2:0.521371 i 3:0.573489 bias 1
 test_print 2.82135
net matrix:
 -1.19166 -0.215743 -0.519914
outputs matrix:
 0.0844528 0.393772 0.261183
error matrix:
 -0.0844528 0.606228 -0.261183
delta matrix:
 -0.0130599 0.289432 -0.100799
weights_delta matrix:
 -0.000458947 0.0101712 -0.00354227
 -0.000489842 0.0108559 -0.00378072
 -0.000680903 0.0150902 -0.00525538
 -0.000748969 0.0165986 -0.00578073
 -0.00130599 0.0289432 -0.0100799
weights matrix:
 -1.04283 0.198917 -0.0355456
 1.94186 -2.47476 -0.620928
 -2.5135 1.03419 2.23513
 -2.11513 -1.06976 3.06956
 0.967497 0.77085 -3.21902
regression_error on 'test' 0.0770113
classification_error on 'test' 0.0789474
Save,4393,0.0770113,0.0789474
sample_count 75 Sample index 44
 i 0:0.536183 i 1:0.375074 i 2:0.702823 i 3:0.646491 bias 1
 test_print 3.26057
net matrix:
 -1.99727 -0.015454 0.0843742
outputs matrix:
 0.018083 0.492274 0.542087
error matrix:
 -0.018083 0.507726 -0.542087
delta matrix:
 -0.000642165 0.253803 -0.269123
weights_delta matrix:
 -3.44318e-05 0.0136085 -0.0144299
 -2.40859e-05 0.00951947 -0.0100941
 -4.51328e-05 0.0178378 -0.0189146
 -4.15154e-05 0.0164081 -0.0173986
 -6.42165e-05 0.0253803 -0.0269123
weights matrix:
 -1.04286 0.212525 -0.0499755
 1.94184 -2.46524 -0.631022
 -2.51354 1.05202 2.21622
 -2.11518 -1.05335 3.05216
 0.967433 0.79623 -3.24593
regression_error on 'test' 0.0783271
classification_error on 'test' 0.0789474
Save,4394,0.0783271,0.0789474
sample_count 75 Sample index 72
 i 0:0.905713 i 1:0.480944 i 2:0.929637 i 3:0.828996 bias 1
 test_print 4.14529
net matrix:
 -3.13334 -0.0921511 0.995828
outputs matrix:
 0.00189492 0.454054 0.879918
error matrix:
 -0.00189492 -0.454054 0.120082
delta matrix:
 -7.16784e-06 -0.22511 0.0253762
weights_delta matrix:
 -6.49201e-07 -0.0203885 0.00229836
 -3.44733e-07 -0.0108265 0.00122045
 -6.66349e-07 -0.0209271 0.00235907
 -5.94211e-07 -0.0186615 0.00210368
 -7.16784e-07 -0.022511 0.00253762
weights matrix:
 -1.04287 0.192137 -0.0476772
 1.94184 -2.47606 -0.629802
 -2.51354 1.0311 2.21858
 -2.11518 -1.07202 3.05426
 0.967432 0.773719 -3.24339
regression_error on 'test' 0.077237
classification_error on 'test' 0.0789474
Save,4395,0.077237,0.0789474
sample_count 75 Sample index 61
 i 0:0.697853 i 1:0.480944 i 2:0.687702 i 3:0.682992 bias 1
 test_print 3.54949
net matrix:
 -1.99964 -0.306137 0.0321944
outputs matrix:
 0.0179991 0.35154 0.516092
error matrix:
 -0.0179991 0.64846 -0.516092
delta matrix:
 -0.000636273 0.295645 -0.257779
weights_delta matrix:
 -4.44025e-05 0.0206317 -0.0179892
 -3.06012e-05 0.0142189 -0.0123977
 -4.37566e-05 0.0203316 -0.0177275
 -4.34569e-05 0.0201923 -0.0176061
 -6.36273e-05 0.0295645 -0.0257779
weights matrix:
 -1.04291 0.212768 -0.0656663
 1.94181 -2.46185 -0.642199
 -2.51359 1.05143 2.20085
 -2.11522 -1.05182 3.03666
 0.967368 0.803283 -3.26917
regression_error on 'test' 0.0791593
classification_error on 'test' 0.0789474
Save,4396,0.0791593,0.0789474
sample_count 75 Sample index 0
 i 0:0.282131 i 1:0.269205 i 2:0.430645 i 3:0.427485 bias 1
 test_print 2.40947
net matrix:
 -0.790812 0.203724 -1.21467
outputs matrix:
 0.170566 0.600476 0.0809626
error matrix:
 -0.170566 0.399524 -0.0809626
delta matrix:
 -0.0482608 0.191695 -0.0120485
weights_delta matrix:
 -0.00136159 0.00540832 -0.000339925
 -0.00129921 0.00516053 -0.000324351
 -0.00207833 0.00825526 -0.000518861
 -0.00206308 0.00819469 -0.000515054
 -0.00482608 0.0191695 -0.00120485
weights matrix:
 -1.04427 0.218177 -0.0660063
 1.94051 -2.45668 -0.642524
 -2.51566 1.05968 2.20033
 -2.11728 -1.04363 3.03614
 0.962542 0.822453 -3.27038
regression_error on 'test' 0.0799424
classification_error on 'test' 0.0789474
Save,4397,0.0799424,0.0789474
sample_count 75 Sample index 65
 i 0:0.928809 i 1:0.410364 i 2:0.944758 i 3:0.792495 bias 1
 test_print 4.07643
net matrix:
 -3.2657 0.191036 0.889558
outputs matrix:
 0.00145484 0.594373 0.855588
error matrix:
 -0.00145484 -0.594373 0.144412
delta matrix:
 -4.22697e-06 -0.286599 0.0356865
weights_delta matrix:
 -3.92605e-07 -0.0266196 0.00331459
 -1.7346e-07 -0.011761 0.00146444
 -3.99346e-07 -0.0270767 0.00337151
 -3.34985e-07 -0.0227128 0.00282813
 -4.22697e-07 -0.0286599 0.00356865
weights matrix:
 -1.04427 0.191557 -0.0626917
 1.94051 -2.46845 -0.641059
 -2.51566 1.03261 2.2037
 -2.11728 -1.06634 3.03897
 0.962542 0.793793 -3.26681
regression_error on 'test' 0.0781827
classification_error on 'test' 0.0789474
Save,4398,0.0781827,0.0789474
sample_count 75 Sample index 39
 i 0:0.397609 i 1:0.622103 i 2:0.18871 i 3:0.135476 bias 1
 test_print 2.3439
net matrix:
 0.992955 -0.61527 -2.86297
outputs matrix:
 0.87931 0.226087 0.00324969
error matrix:
 0.12069 -0.226087 -0.00324969
delta matrix:
 0.0256163 -0.0791175 -2.10523e-05
weights_delta matrix:
 0.00101853 -0.00314578 -8.37058e-07
 0.0015936 -0.00492193 -1.30967e-06
 0.000483405 -0.00149303 -3.97278e-07
 0.000347039 -0.00107185 -2.85208e-07
 0.00256163 -0.00791175 -2.10523e-06
weights matrix:
 -1.04325 0.188411 -0.0626925
 1.9421 -2.47337 -0.641061
 -2.51518 1.03111 2.2037
 -2.11694 -1.06741 3.03897
 0.965104 0.785881 -3.26681
regression_error on 'test' 0.0780058
classification_error on 'test' 0.0789474
Save,4399,0.0780058,0.0789474
sample_count 75 Sample index 22
 i 0:0.305227 i 1:0.233915 i 2:0.430645 i 3:0.427485 bias 1
 test_print 2.39727
net matrix:
 -0.887147 0.252572 -1.18777
outputs matrix:
 0.145009 0.623668 0.0850569
error matrix:
 -0.145009 0.376332 -0.0850569
delta matrix:
 -0.0359569 0.176655 -0.0132386
weights_delta matrix:
 -0.0010975 0.00539199 -0.000404079
 -0.000841085 0.00413223 -0.000309672
 -0.00154846 0.00760757 -0.000570115
 -0.0015371 0.00755175 -0.000565932
 -0.00359569 0.0176655 -0.00132386
weights matrix:
 -1.04435 0.193803 -0.0630966
 1.94126 -2.46924 -0.64137
 -2.51673 1.03872 2.20313
 -2.11847 -1.05986 3.0384
 0.961508 0.803547 -3.26813
regression_error on 'test' 0.0785168
classification_error on 'test' 0.0789474
Save,4400,0.0785168,0.0789474
sample_count 75 Sample index 5
 i 0:0.536183 i 1:0.198626 i 2:0.687702 i 3:0.60999 bias 1
 test_print 3.0325
net matrix:
 -2.23588 0.484832 -0.0608619
outputs matrix:
 0.0112981 0.725053 0.469607
error matrix:
 -0.0112981 -0.725053 0.530393
delta matrix:
 -0.000252411 -0.28908 0.264217
weights_delta matrix:
 -1.35338e-05 -0.0155 0.0141669
 -5.01354e-06 -0.00574189 0.00524803
 -1.73583e-05 -0.0198801 0.0181702
 -1.53968e-05 -0.0176336 0.016117
 -2.52411e-05 -0.028908 0.0264217
weights matrix:
 -1.04436 0.178303 -0.0489297
 1.94126 -2.47498 -0.636122
 -2.51675 1.01884 2.2213
 -2.11849 -1.0775 3.05452
 0.961483 0.774639 -3.24171
regression_error on 'test' 0.0769614
classification_error on 'test' 0.0789474
Save,4401,0.0769614,0.0789474
sample_count 75 Sample index 18
 i 0:0.513088 i 1:0.480944 i 2:0.566734 i 3:0.60999 bias 1
 test_print 3.17076
net matrix:
 -1.35932 -0.404051 -0.45064
outputs matrix:
 0.0618829 0.308295 0.288787
error matrix:
 -0.0618829 0.691705 -0.288787
delta matrix:
 -0.00718503 0.295011 -0.118628
weights_delta matrix:
 -0.000368655 0.0151367 -0.00608664
 -0.00034556 0.0141884 -0.00570533
 -0.0004072 0.0167193 -0.00672303
 -0.000438279 0.0179954 -0.00723617
 -0.000718503 0.0295011 -0.0118628
weights matrix:
 -1.04473 0.19344 -0.0550164
 1.94091 -2.46079 -0.641827
 -2.51715 1.03556 2.21458
 -2.11893 -1.0595 3.04729
 0.960764 0.80414 -3.25357
regression_error on 'test' 0.078119
classification_error on 'test' 0.0789474
Save,4402,0.078119,0.0789474
sample_count 75 Sample index 52
 i 0:0.443801 i 1:0.410364 i 2:0.672581 i 3:0.792495 bias 1
 test_print 3.31924
net matrix:
 -2.07864 -0.262981 0.36307
outputs matrix:
 0.015409 0.371459 0.673957
error matrix:
 -0.015409 -0.371459 0.326043
delta matrix:
 -0.000467555 -0.173455 0.143288
weights_delta matrix:
 -2.07501e-05 -0.00769793 0.00635915
 -1.91868e-05 -0.00711795 0.00588004
 -3.14468e-05 -0.0116662 0.00963731
 -3.70535e-05 -0.0137462 0.0113555
 -4.67555e-05 -0.0173455 0.0143288
weights matrix:
 -1.04475 0.185742 -0.0486572
 1.94089 -2.46791 -0.635947
 -2.51719 1.02389 2.22422
 -2.11896 -1.07325 3.05864
 0.960717 0.786794 -3.23925
regression_error on 'test' 0.0771724
classification_error on 'test' 0.0789474
Save,4403,0.0771724,0.0789474
sample_count 75 Sample index 48
 i 0:0.744044 i 1:0.516233 i 2:0.748185 i 3:0.828996 bias 1
 test_print 3.83746
net matrix:
 -2.45461 -0.472675 0.595982
outputs matrix:
 0.00732426 0.279821 0.767092
error matrix:
 -0.00732426 -0.279821 0.232908
delta matrix:
 -0.000106504 -0.11278 0.0832235
weights_delta matrix:
 -7.92434e-06 -0.00839131 0.0061922
 -5.49807e-06 -0.00582206 0.00429627
 -7.96844e-06 -0.00843801 0.00622666
 -8.82911e-06 -0.00934939 0.0068992
 -1.06504e-05 -0.011278 0.00832235
weights matrix:
 -1.04476 0.177351 -0.042465
 1.94089 -2.47373 -0.631651
 -2.51719 1.01546 2.23044
 -2.11897 -1.0826 3.06554
 0.960707 0.775516 -3.23092
regression_error on 'test' 0.076675
classification_error on 'test' 0.0789474
Save,4404,0.076675,0.0789474
sample_count 75 Sample index 52
 i 0:0.443801 i 1:0.410364 i 2:0.672581 i 3:0.792495 bias 1
 test_print 3.31924
net matrix:
 -2.07878 -0.33588 0.420604
outputs matrix:
 0.0154046 0.338103 0.698719
error matrix:
 -0.0154046 -0.338103 0.301281
delta matrix:
 -0.000467293 -0.151328 0.126846
weights_delta matrix:
 -2.07385e-05 -0.00671594 0.00562942
 -1.9176e-05 -0.00620995 0.00520528
 -3.14293e-05 -0.010178 0.00853139
 -3.70328e-05 -0.0119926 0.0100524
 -4.67293e-05 -0.0151328 0.0126846
weights matrix:
 -1.04478 0.170635 -0.0368356
 1.94087 -2.47994 -0.626446
 -2.51723 1.00528 2.23898
 -2.11901 -1.09459 3.07559
 0.96066 0.760384 -3.21824
regression_error on 'test' 0.0762568
classification_error on 'test' 0.105263
Save,4405,0.0762568,0.105263
sample_count 75 Sample index 25
 i 0:0.628566 i 1:0.410364 i 2:0.778427 i 3:0.865497 bias 1
 test_print 3.68285
net matrix:
 -2.69307 -0.314866 0.906332
outputs matrix:
 0.00455878 0.347571 0.859684
error matrix:
 -0.00455878 -0.347571 0.140316
delta matrix:
 -4.13755e-05 -0.157634 0.0338521
weights_delta matrix:
 -2.60072e-06 -0.00990836 0.00212783
 -1.6979e-06 -0.00646875 0.00138917
 -3.22078e-06 -0.0122707 0.00263514
 -3.58103e-06 -0.0136432 0.00292989
 -4.13755e-06 -0.0157634 0.00338521
weights matrix:
 -1.04478 0.160726 -0.0347078
 1.94087 -2.48641 -0.625057
 -2.51723 0.993007 2.24161
 -2.11901 -1.10823 3.07852
 0.960656 0.74462 -3.21485
regression_error on 'test' 0.0760427
classification_error on 'test' 0.157895
Save,4406,0.0760427,0.157895
sample_count 75 Sample index 28
 i 0:0.305227 i 1:0.551523 i 2:0.113105 i 3:0.135476 bias 1
 test_print 2.10533
net matrix:
 1.14041 -0.615457 -2.89958
outputs matrix:
 0.907275 0.226021 0.00302096
error matrix:
 0.0927248 -0.226021 -0.00302096
delta matrix:
 0.0156013 -0.0790784 -1.81973e-05
weights_delta matrix:
 0.000476194 -0.00241369 -5.5543e-07
 0.000860447 -0.00436136 -1.00362e-06
 0.000176458 -0.000894416 -2.0582e-07
 0.00021136 -0.00107132 -2.46529e-07
 0.00156013 -0.00790784 -1.81973e-06
weights matrix:
 -1.04431 0.158313 -0.0347083
 1.94173 -2.49077 -0.625058
 -2.51705 0.992113 2.24161
 -2.1188 -1.1093 3.07852
 0.962216 0.736712 -3.21486
regression_error on 'test' 0.0760379
classification_error on 'test' 0.157895
Save,4407,0.0760379,0.157895
sample_count 75 Sample index 61
 i 0:0.697853 i 1:0.480944 i 2:0.687702 i 3:0.682992 bias 1
 test_print 3.54949
net matrix:
 -2.0108 -0.426096 0.104472
outputs matrix:
 0.0176085 0.298973 0.552047
error matrix:
 -0.0176085 0.701027 -0.552047
delta matrix:
 -0.000609202 0.293854 -0.273033
weights_delta matrix:
 -4.25133e-05 0.0205067 -0.0190537
 -2.92992e-05 0.0141327 -0.0131313
 -4.18949e-05 0.0202084 -0.0187765
 -4.1608e-05 0.02007 -0.0186479
 -6.09202e-05 0.0293854 -0.0273033
weights matrix:
 -1.04435 0.178819 -0.053762
 1.9417 -2.47664 -0.638189
 -2.51709 1.01232 2.22283
 -2.11884 -1.08923 3.05987
 0.962155 0.766098 -3.24216
regression_error on 'test' 0.076732
classification_error on 'test' 0.0789474
Save,4408,0.076732,0.0789474
sample_count 75 Sample index 4
 i 0:0.212844 i 1:0.516233 i 2:0.158468 i 3:0.135476 bias 1
 test_print 2.02302
net matrix:
 1.05631 -0.461507 -2.81627
outputs matrix:
 0.892123 0.284344 0.00356672
error matrix:
 0.107877 -0.284344 -0.00356672
delta matrix:
 0.0207639 -0.115724 -2.53522e-05
weights_delta matrix:
 0.000441948 -0.00246311 -5.39606e-07
 0.0010719 -0.00597404 -1.30876e-06
 0.000329042 -0.00183385 -4.01751e-07
 0.000281301 -0.00156778 -3.43461e-07
 0.00207639 -0.0115724 -2.53522e-06
weights matrix:
 -1.04391 0.176356 -0.0537625
 1.94277 -2.48261 -0.63819
 -2.51677 1.01049 2.22283
 -2.11856 -1.0908 3.05987
 0.964231 0.754525 -3.24216
regression_error on 'test' 0.0766316
classification_error on 'test' 0.0789474
Save,4409,0.0766316,0.0789474
sample_count 75 Sample index 41
 i 0:0.674757 i 1:0.445654 i 2:0.627218 i 3:0.536988 bias 1
 test_print 3.28462
net matrix:
 -1.59055 -0.184813 -0.525533
outputs matrix:
 0.0398829 0.408631 0.25902
error matrix:
 -0.0398829 0.591369 -0.25902
delta matrix:
 -0.00305441 0.285811 -0.099427
weights_delta matrix:
 -0.000206099 0.0192853 -0.00670891
 -0.000136121 0.0127373 -0.00443101
 -0.000191578 0.0179266 -0.00623624
 -0.000164018 0.0153477 -0.00533911
 -0.000305441 0.0285811 -0.0099427
weights matrix:
 -1.04412 0.195642 -0.0604714
 1.94263 -2.46987 -0.642621
 -2.51696 1.02841 2.2166
 -2.11873 -1.07545 3.05454
 0.963926 0.783106 -3.2521
regression_error on 'test' 0.0774895
classification_error on 'test' 0.0789474
Save,4410,0.0774895,0.0789474
sample_count 75 Sample index 63
 i 0:0.420705 i 1:0.904421 i 2:0.143347 i 3:0.135476 bias 1
 test_print 2.60395
net matrix:
 1.63379 -1.36667 -3.12719
outputs matrix:
 0.963299 0.0610345 0.00191834
error matrix:
 0.0367006 -0.0610345 -0.00191834
delta matrix:
 0.00259501 -0.0069957 -7.34597e-06
weights_delta matrix:
 0.000109173 -0.000294313 -3.09049e-07
 0.000234698 -0.000632706 -6.64385e-07
 3.71986e-05 -0.000100281 -1.05302e-07
 3.51561e-05 -9.47749e-05 -9.95203e-08
 0.000259501 -0.00069957 -7.34597e-07
weights matrix:
 -1.04401 0.195347 -0.0604718
 1.94287 -2.47051 -0.642622
 -2.51692 1.02831 2.2166
 -2.11869 -1.07555 3.05454
 0.964185 0.782407 -3.2521
regression_error on 'test' 0.0774745
classification_error on 'test' 0.0789474
Save,4411,0.0774745,0.0789474
sample_count 75 Sample index 28
 i 0:0.305227 i 1:0.551523 i 2:0.113105 i 3:0.135476 bias 1
 test_print 2.10533
net matrix:
 1.14536 -0.549912 -2.96046
outputs matrix:
 0.908105 0.249773 0.00267556
error matrix:
 0.0918953 -0.249773 -0.00267556
delta matrix:
 0.0153374 -0.093608 -1.42789e-05
weights_delta matrix:
 0.000468139 -0.00285717 -4.35831e-07
 0.000845894 -0.0051627 -7.87515e-07
 0.000173474 -0.00105875 -1.61502e-07
 0.000207785 -0.00126816 -1.93445e-07
 0.00153374 -0.0093608 -1.42789e-06
weights matrix:
 -1.04354 0.19249 -0.0604722
 1.94371 -2.47567 -0.642623
 -2.51675 1.02725 2.2166
 -2.11848 -1.07682 3.05453
 0.965719 0.773046 -3.25211
regression_error on 'test' 0.0773185
classification_error on 'test' 0.0526316
Save,4412,0.0773185,0.0526316
sample_count 75 Sample index 13
 i 0:0.420705 i 1:0.269205 i 2:0.491129 i 3:0.427485 bias 1
 test_print 2.60852
net matrix:
 -1.09171 0.231757 -1.05614
outputs matrix:
 0.101249 0.613848 0.107909
error matrix:
 -0.101249 0.386152 -0.107909
delta matrix:
 -0.0184268 0.183066 -0.0207755
weights_delta matrix:
 -0.000775226 0.00770168 -0.000874037
 -0.000496059 0.00492823 -0.000559288
 -0.000904995 0.00899091 -0.00102035
 -0.000787719 0.0078258 -0.000888123
 -0.00184268 0.0183066 -0.00207755
weights matrix:
 -1.04431 0.200192 -0.0613462
 1.94322 -2.47074 -0.643182
 -2.51765 1.03625 2.21558
 -2.11927 -1.06899 3.05365
 0.963877 0.791353 -3.25418
regression_error on 'test' 0.077822
classification_error on 'test' 0.0789474
Save,4413,0.077822,0.0789474
sample_count 75 Sample index 18
 i 0:0.513088 i 1:0.480944 i 2:0.566734 i 3:0.60999 bias 1
 test_print 3.17076
net matrix:
 -1.35694 -0.359016 -0.476658
outputs matrix:
 0.0621591 0.327826 0.278219
error matrix:
 -0.0621591 0.672174 -0.278219
delta matrix:
 -0.00724716 0.296235 -0.11174
weights_delta matrix:
 -0.000371843 0.0151995 -0.00573324
 -0.000348548 0.0142473 -0.00537406
 -0.000410721 0.0167887 -0.00633268
 -0.00044207 0.0180701 -0.00681602
 -0.000724716 0.0296235 -0.011174
weights matrix:
 -1.04468 0.215391 -0.0670795
 1.94287 -2.45649 -0.648556
 -2.51806 1.05303 2.20924
 -2.11971 -1.05092 3.04683
 0.963152 0.820976 -3.26536
regression_error on 'test' 0.0793755
classification_error on 'test' 0.0789474
Save,4414,0.0793755,0.0789474
sample_count 75 Sample index 73
 i 0:0.582374 i 1:0.410364 i 2:0.65746 i 3:0.719493 bias 1
 test_print 3.36969
net matrix:
 -2.02861 -0.125443 0.074096
outputs matrix:
 0.0170031 0.437605 0.53698
error matrix:
 -0.0170031 -0.437605 0.46302
delta matrix:
 -0.000568378 -0.215395 0.230243
weights_delta matrix:
 -3.31008e-05 -0.0125441 0.0134088
 -2.33242e-05 -0.00883905 0.00944836
 -3.73686e-05 -0.0141614 0.0151376
 -4.08944e-05 -0.0154975 0.0165659
 -5.68378e-05 -0.0215395 0.0230243
weights matrix:
 -1.04472 0.202847 -0.0536707
 1.94285 -2.46533 -0.639108
 -2.5181 1.03887 2.22438
 -2.11975 -1.06642 3.0634
 0.963095 0.799437 -3.24233
regression_error on 'test' 0.0777575
classification_error on 'test' 0.0789474
Save,4415,0.0777575,0.0789474
sample_count 75 Sample index 70
 i 0:0.259036 i 1:0.622103 i 2:0.173589 i 3:0.135476 bias 1
 test_print 2.1902
net matrix:
 1.17684 -0.645846 -2.85268
outputs matrix:
 0.913226 0.215567 0.00331703
error matrix:
 0.0867744 -0.215567 -0.00331703
delta matrix:
 0.0137528 -0.0729036 -2.19323e-05
weights_delta matrix:
 0.000356247 -0.00188846 -5.68126e-07
 0.000855566 -0.00453535 -1.36442e-06
 0.000238734 -0.00126553 -3.80721e-07
 0.000186318 -0.000987668 -2.9713e-07
 0.00137528 -0.00729036 -2.19323e-06
weights matrix:
 -1.04436 0.200959 -0.0536713
 1.9437 -2.46987 -0.639109
 -2.51786 1.03761 2.22438
 -2.11957 -1.0674 3.0634
 0.96447 0.792146 -3.24234
regression_error on 'test' 0.0775847
classification_error on 'test' 0.0789474
Save,4416,0.0775847,0.0789474
sample_count 75 Sample index 32
 i 0:0.697853 i 1:0.516233 i 2:0.642339 i 3:0.60999 bias 1
 test_print 3.46642
net matrix:
 -1.67117 -0.327252 -0.312271
outputs matrix:
 0.0341467 0.341975 0.348749
error matrix:
 -0.0341467 0.658025 -0.348749
delta matrix:
 -0.00225236 0.296148 -0.158418
weights_delta matrix:
 -0.000157182 0.0206668 -0.0110552
 -0.000116274 0.0152881 -0.00817806
 -0.000144678 0.0190228 -0.0101758
 -0.000137392 0.0180647 -0.00966333
 -0.000225236 0.0296148 -0.0158418
weights matrix:
 -1.04452 0.221626 -0.0647265
 1.94359 -2.45458 -0.647287
 -2.518 1.05663 2.21421
 -2.11971 -1.04934 3.05373
 0.964245 0.821761 -3.25818
regression_error on 'test' 0.0793613
classification_error on 'test' 0.0789474
Save,4417,0.0793613,0.0789474
sample_count 75 Sample index 24
 i 0:0.466896 i 1:0.445654 i 2:0.566734 i 3:0.536988 bias 1
 test_print 3.01627
net matrix:
 -1.22257 -0.133311 -0.68218
outputs matrix:
 0.0797953 0.433737 0.203532
error matrix:
 -0.0797953 0.566263 -0.203532
delta matrix:
 -0.0117184 0.278159 -0.0659881
weights_delta matrix:
 -0.000547129 0.0129871 -0.00308096
 -0.000522236 0.0123963 -0.00294078
 -0.000664123 0.0157642 -0.00373977
 -0.000629265 0.0149368 -0.00354348
 -0.00117184 0.0278159 -0.00659881
weights matrix:
 -1.04507 0.234613 -0.0678075
 1.94306 -2.44218 -0.650228
 -2.51867 1.07239 2.21047
 -2.12033 -1.0344 3.05019
 0.963073 0.849577 -3.26478
regression_error on 'test' 0.0811518
classification_error on 'test' 0.0789474
Save,4418,0.0811518,0.0789474
sample_count 75 Sample index 41
 i 0:0.674757 i 1:0.445654 i 2:0.627218 i 3:0.536988 bias 1
 test_print 3.28462
net matrix:
 -1.59451 0.0366778 -0.575947
outputs matrix:
 0.0395812 0.518331 0.240143
error matrix:
 -0.0395812 0.481669 -0.240143
delta matrix:
 -0.00300932 0.240511 -0.08764
weights_delta matrix:
 -0.000203056 0.0162286 -0.00591357
 -0.000134112 0.0107185 -0.00390571
 -0.00018875 0.0150853 -0.00549694
 -0.000161597 0.0129152 -0.00470616
 -0.000300932 0.0240511 -0.008764
weights matrix:
 -1.04527 0.250841 -0.073721
 1.94293 -2.43146 -0.654134
 -2.51886 1.08748 2.20497
 -2.1205 -1.02149 3.04548
 0.962772 0.873628 -3.27354
regression_error on 'test' 0.0833278
classification_error on 'test' 0.0789474
Save,4419,0.0833278,0.0789474
sample_count 75 Sample index 48
 i 0:0.744044 i 1:0.516233 i 2:0.748185 i 3:0.828996 bias 1
 test_print 3.83746
net matrix:
 -2.4544 -0.228111 0.508341
outputs matrix:
 0.00732719 0.387883 0.734326
error matrix:
 -0.00732719 -0.387883 0.265674
delta matrix:
 -0.000106589 -0.18419 0.103662
weights_delta matrix:
 -7.93066e-06 -0.0137045 0.00771287
 -5.50245e-06 -0.00950848 0.00535135
 -7.9748e-06 -0.0137808 0.0077558
 -8.83615e-06 -0.0152692 0.0085935
 -1.06589e-05 -0.018419 0.0103662
weights matrix:
 -1.04528 0.237137 -0.0660082
 1.94292 -2.44097 -0.648782
 -2.51887 1.0737 2.21273
 -2.12051 -1.03676 3.05408
 0.962762 0.855209 -3.26317
regression_error on 'test' 0.0812476
classification_error on 'test' 0.0789474
Save,4420,0.0812476,0.0789474
sample_count 75 Sample index 17
 i 0:0.443801 i 1:0.304495 i 2:0.521371 i 3:0.463986 bias 1
 test_print 2.73365
net matrix:
 -1.20667 0.295941 -0.91932
outputs matrix:
 0.0821609 0.643797 0.137212
error matrix:
 -0.0821609 0.356203 -0.137212
delta matrix:
 -0.0123916 0.163371 -0.0324877
weights_delta matrix:
 -0.00054994 0.00725041 -0.00144181
 -0.000377318 0.00497456 -0.000989235
 -0.000646061 0.00851768 -0.00169382
 -0.000574952 0.00758017 -0.00150739
 -0.00123916 0.0163371 -0.00324877
weights matrix:
 -1.04583 0.244387 -0.06745
 1.94255 -2.436 -0.649772
 -2.51951 1.08222 2.21103
 -2.12108 -1.02918 3.05257
 0.961522 0.871546 -3.26642
regression_error on 'test' 0.082418
classification_error on 'test' 0.0789474
Save,4421,0.082418,0.0789474
sample_count 75 Sample index 21
 i 0:0.836426 i 1:0.445654 i 2:0.884274 i 3:0.719493 bias 1
 test_print 3.88585
net matrix:
 -2.80157 0.206836 0.539047
outputs matrix:
 0.00367271 0.601968 0.746133
error matrix:
 -0.00367271 -0.601968 0.253867
delta matrix:
 -2.68786e-05 -0.288466 0.0961743
weights_delta matrix:
 -2.24819e-06 -0.0241281 0.00804426
 -1.19785e-06 -0.0128556 0.00428604
 -2.3768e-06 -0.0255083 0.00850444
 -1.9339e-06 -0.0207549 0.00691967
 -2.68786e-06 -0.0288466 0.00961743
weights matrix:
 -1.04583 0.220259 -0.0594057
 1.94254 -2.44885 -0.645486
 -2.51951 1.05671 2.21954
 -2.12108 -1.04993 3.05949
 0.96152 0.8427 -3.25681
regression_error on 'test' 0.0796921
classification_error on 'test' 0.0789474
Save,4422,0.0796921,0.0789474
sample_count 75 Sample index 27
 i 0:0.328323 i 1:0.622103 i 2:0.158468 i 3:0.135476 bias 1
 test_print 2.24437
net matrix:
 1.13999 -0.58321 -2.91166
outputs matrix:
 0.907206 0.237503 0.00294907
error matrix:
 0.0927938 -0.237503 -0.00294907
delta matrix:
 0.0156233 -0.0860212 -1.73428e-05
weights_delta matrix:
 0.00051295 -0.00282427 -5.69403e-07
 0.000971933 -0.0053514 -1.0789e-06
 0.00024758 -0.00136316 -2.74827e-07
 0.000211659 -0.00116538 -2.34953e-07
 0.00156233 -0.00860212 -1.73428e-06
weights matrix:
 -1.04532 0.217435 -0.0594063
 1.94352 -2.45421 -0.645487
 -2.51927 1.05535 2.21954
 -2.12087 -1.0511 3.05949
 0.963082 0.834098 -3.25681
regression_error on 'test' 0.0793511
classification_error on 'test' 0.0789474
Save,4423,0.0793511,0.0789474
sample_count 75 Sample index 26
 i 0:0.489992 i 1:0.339785 i 2:0.536492 i 3:0.500487 bias 1
 test_print 2.86676
net matrix:
 -1.30177 0.14686 -0.783245
outputs matrix:
 0.0689108 0.572907 0.172717
error matrix:
 -0.0689108 0.427093 -0.172717
delta matrix:
 -0.00884292 0.209006 -0.0493578
weights_delta matrix:
 -0.000433296 0.0102411 -0.00241849
 -0.000300469 0.00710172 -0.0016771
 -0.000474415 0.011213 -0.00264801
 -0.000442577 0.0104605 -0.00247029
 -0.000884292 0.0209006 -0.00493578
weights matrix:
 -1.04575 0.227676 -0.0618248
 1.94322 -2.4471 -0.647164
 -2.51974 1.06656 2.21689
 -2.12131 -1.04064 3.05702
 0.962198 0.854998 -3.26174
regression_error on 'test' 0.0806343
classification_error on 'test' 0.0789474
Save,4424,0.0806343,0.0789474
sample_count 75 Sample index 66
 i 0:0.60547 i 1:0.304495 i 2:0.672581 i 3:0.60999 bias 1
 test_print 3.19254
net matrix:
 -2.06798 0.330287 -0.140447
outputs matrix:
 0.0157357 0.659389 0.430235
error matrix:
 -0.0157357 0.340611 -0.430235
delta matrix:
 -0.00048743 0.152999 -0.210929
weights_delta matrix:
 -2.95124e-05 0.00926363 -0.0127711
 -1.4842e-05 0.00465874 -0.00642269
 -3.27836e-05 0.0102904 -0.0141867
 -2.97327e-05 0.00933279 -0.0128665
 -4.8743e-05 0.0152999 -0.0210929
weights matrix:
 -1.04578 0.23694 -0.0745959
 1.9432 -2.44245 -0.653586
 -2.51977 1.07685 2.2027
 -2.12134 -1.0313 3.04415
 0.962149 0.870298 -3.28284
regression_error on 'test' 0.082433
classification_error on 'test' 0.0789474
Save,4425,0.082433,0.0789474
sample_count 75 Sample index 1
 i 0:0.582374 i 1:0.445654 i 2:0.581855 i 3:0.536988 bias 1
 test_print 3.14687
net matrix:
 -1.38617 -0.00742821 -0.701227
outputs matrix:
 0.0588374 0.496286 0.197427
error matrix:
 -0.0588374 0.503714 -0.197427
delta matrix:
 -0.00651632 0.251843 -0.0625645
weights_delta matrix:
 -0.000379493 0.0146667 -0.0036436
 -0.000290402 0.0112235 -0.00278821
 -0.000379155 0.0146536 -0.00364035
 -0.000349918 0.0135237 -0.00335964
 -0.000651632 0.0251843 -0.00625645
weights matrix:
 -1.04616 0.251606 -0.0782395
 1.94291 -2.43122 -0.656375
 -2.52015 1.0915 2.19906
 -2.12169 -1.01778 3.04079
 0.961497 0.895482 -3.28909
regression_error on 'test' 0.0847584
classification_error on 'test' 0.0789474
Save,4426,0.0847584,0.0789474
sample_count 75 Sample index 12
 i 0:0.166653 i 1:0.480944 i 2:0.128226 i 3:0.135476 bias 1
 test_print 1.9113
net matrix:
 1.111 -0.229794 -2.92388
outputs matrix:
 0.902207 0.387084 0.00287805
error matrix:
 0.0977929 -0.387084 -0.00287805
delta matrix:
 0.0172564 -0.183671 -1.65187e-05
weights_delta matrix:
 0.000287584 -0.00306093 -2.75289e-07
 0.000829938 -0.00883355 -7.94457e-07
 0.000221272 -0.00235514 -2.11813e-07
 0.000233783 -0.0024883 -2.23789e-07
 0.00172564 -0.0183671 -1.65187e-06
weights matrix:
 -1.04587 0.248545 -0.0782398
 1.94374 -2.44006 -0.656375
 -2.51993 1.08915 2.19906
 -2.12146 -1.02027 3.04079
 0.963223 0.877115 -3.28909
regression_error on 'test' 0.0837446
classification_error on 'test' 0.105263
Save,4427,0.0837446,0.105263
sample_count 75 Sample index 43
 i 0:0.582374 i 1:0.198626 i 2:0.612097 i 3:0.60999 bias 1
 test_print 3.00309
net matrix:
 -2.0963 0.581513 -0.264141
outputs matrix:
 0.0148822 0.761882 0.370918
error matrix:
 -0.0148822 0.238118 -0.370918
delta matrix:
 -0.000436365 0.0863976 -0.173098
weights_delta matrix:
 -2.54128e-05 0.00503157 -0.0100808
 -8.66735e-06 0.00171608 -0.00343818
 -2.67098e-05 0.00528837 -0.0105953
 -2.66178e-05 0.00527017 -0.0105588
 -4.36365e-05 0.00863976 -0.0173098
weights matrix:
 -1.0459 0.253577 -0.0883205
 1.94373 -2.43834 -0.659814
 -2.51996 1.09444 2.18846
 -2.12149 -1.015 3.03023
 0.963179 0.885755 -3.3064
regression_error on 'test' 0.0852356
classification_error on 'test' 0.0789474
Save,4428,0.0852356,0.0789474
sample_count 75 Sample index 43
 i 0:0.582374 i 1:0.198626 i 2:0.612097 i 3:0.60999 bias 1
 test_print 3.00309
net matrix:
 -2.09639 0.599876 -0.300931
outputs matrix:
 0.0148794 0.768481 0.353918
error matrix:
 -0.0148794 0.231519 -0.353918
delta matrix:
 -0.000436207 0.0823831 -0.161854
weights_delta matrix:
 -2.54036e-05 0.00479777 -0.00942594
 -8.66421e-06 0.00163634 -0.00321484
 -2.67001e-05 0.00504264 -0.00990702
 -2.66082e-05 0.00502528 -0.00987292
 -4.36207e-05 0.00823831 -0.0161854
weights matrix:
 -1.04592 0.258375 -0.0977465
 1.94372 -2.4367 -0.663028
 -2.51999 1.09948 2.17856
 -2.12151 -1.00997 3.02036
 0.963136 0.893993 -3.32259
regression_error on 'test' 0.08682
classification_error on 'test' 0.0526316
Save,4429,0.08682,0.0526316
sample_count 75 Sample index 29
 i 0:0.420705 i 1:0.304495 i 2:0.536492 i 3:0.536988 bias 1
 test_print 2.79868
net matrix:
 -1.37621 0.308247 -0.774924
outputs matrix:
 0.0599498 0.649421 0.175108
error matrix:
 -0.0599498 0.350579 -0.175108
delta matrix:
 -0.00675703 0.159635 -0.0505871
weights_delta matrix:
 -0.000284272 0.00671594 -0.00212822
 -0.000205748 0.00486081 -0.00154035
 -0.000362509 0.00856431 -0.00271396
 -0.000362845 0.00857222 -0.00271647
 -0.000675703 0.0159635 -0.00505871
weights matrix:
 -1.04621 0.265091 -0.0998747
 1.94352 -2.43184 -0.664569
 -2.52035 1.10804 2.17584
 -2.12188 -1.0014 3.01764
 0.96246 0.909957 -3.32765
regression_error on 'test' 0.0885112
classification_error on 'test' 0.0526316
Save,4430,0.0885112,0.0526316
sample_count 75 Sample index 42
 i 0:0.651661 i 1:0.551523 i 2:0.702823 i 3:0.792495 bias 1
 test_print 3.6985
net matrix:
 -2.10035 -0.273358 0.161444
outputs matrix:
 0.0147638 0.366626 0.580028
error matrix:
 -0.0147638 -0.366626 0.419972
delta matrix:
 -0.000429505 -0.17027 0.204607
weights_delta matrix:
 -2.79892e-05 -0.0110958 0.0133334
 -2.36882e-05 -0.00939077 0.0112845
 -3.01866e-05 -0.0119669 0.0143802
 -3.40381e-05 -0.0134938 0.016215
 -4.29505e-05 -0.017027 0.0204607
weights matrix:
 -1.04623 0.253995 -0.0865413
 1.94349 -2.44123 -0.653284
 -2.52038 1.09608 2.19022
 -2.12191 -1.0149 3.03386
 0.962417 0.89293 -3.30719
regression_error on 'test' 0.0853629
classification_error on 'test' 0.0789474
Save,4431,0.0853629,0.0789474
sample_count 75 Sample index 48
 i 0:0.744044 i 1:0.516233 i 2:0.748185 i 3:0.828996 bias 1
 test_print 3.83746
net matrix:
 -2.45749 -0.199608 0.444925
outputs matrix:
 0.00728238 0.401501 0.708859
error matrix:
 -0.00728238 -0.401501 0.291141
delta matrix:
 -0.000105294 -0.192959 0.12017
weights_delta matrix:
 -7.83431e-06 -0.014357 0.00894117
 -5.43561e-06 -0.0099612 0.00620357
 -7.87792e-06 -0.0144369 0.00899094
 -8.7288e-06 -0.0159963 0.00996204
 -1.05294e-05 -0.0192959 0.012017
weights matrix:
 -1.04624 0.239638 -0.0776001
 1.94349 -2.45119 -0.647081
 -2.52039 1.08164 2.19922
 -2.12192 -1.03089 3.04382
 0.962407 0.873634 -3.29517
regression_error on 'test' 0.082812
classification_error on 'test' 0.105263
Save,4432,0.082812,0.105263
sample_count 75 Sample index 24
 i 0:0.466896 i 1:0.445654 i 2:0.566734 i 3:0.536988 bias 1
 test_print 3.01627
net matrix:
 -1.22779 -0.0474395 -0.73891
outputs matrix:
 0.0790316 0.476298 0.185757
error matrix:
 -0.0790316 0.523702 -0.185757
delta matrix:
 -0.0115047 0.261263 -0.0561919
weights_delta matrix:
 -0.000537152 0.0121982 -0.00262358
 -0.000512713 0.0116433 -0.00250421
 -0.000652013 0.0148066 -0.00318459
 -0.000617791 0.0140295 -0.00301744
 -0.00115047 0.0261263 -0.00561919
weights matrix:
 -1.04678 0.251836 -0.0802237
 1.94298 -2.43955 -0.649585
 -2.52104 1.09645 2.19603
 -2.12254 -1.01686 3.0408
 0.961256 0.89976 -3.30079
regression_error on 'test' 0.085146
classification_error on 'test' 0.0789474
Save,4433,0.085146,0.0789474
sample_count 75 Sample index 20
 i 0:0.489992 i 1:0.375074 i 2:0.521371 i 3:0.500487 bias 1
 test_print 2.88692
net matrix:
 -1.19959 0.170874 -0.916912
outputs matrix:
 0.0832345 0.584615 0.137783
error matrix:
 -0.0832345 0.415385 -0.137783
delta matrix:
 -0.0127027 0.201744 -0.0327371
weights_delta matrix:
 -0.000622421 0.00988531 -0.00160409
 -0.000476444 0.0075669 -0.00122788
 -0.00066228 0.0105184 -0.00170682
 -0.000635752 0.010097 -0.00163845
 -0.00127027 0.0201744 -0.00327371
weights matrix:
 -1.0474 0.261721 -0.0818278
 1.9425 -2.43198 -0.650813
 -2.5217 1.10696 2.19432
 -2.12317 -1.00676 3.03917
 0.959986 0.919935 -3.30406
regression_error on 'test' 0.0871045
classification_error on 'test' 0.0526316
Save,4434,0.0871045,0.0526316
sample_count 75 Sample index 74
 i 0:0.443801 i 1:0.480944 i 2:0.551613 i 3:0.536988 bias 1
 test_print 3.01335
net matrix:
 -1.10174 -0.0635663 -0.81097
outputs matrix:
 0.0994387 0.46826 0.164937
error matrix:
 -0.0994387 0.53174 -0.164937
delta matrix:
 -0.0178096 0.264799 -0.0454347
weights_delta matrix:
 -0.000790392 0.0117518 -0.0020164
 -0.000856542 0.0127353 -0.00218515
 -0.0009824 0.0146066 -0.00250624
 -0.000956354 0.0142194 -0.00243979
 -0.00178096 0.0264799 -0.00454347
weights matrix:
 -1.04819 0.273473 -0.0838442
 1.94164 -2.41925 -0.652998
 -2.52268 1.12157 2.19182
 -2.12413 -0.992545 3.03673
 0.958205 0.946415 -3.30861
regression_error on 'test' 0.0901121
classification_error on 'test' 0.0526316
Save,4435,0.0901121,0.0526316
sample_count 75 Sample index 1
 i 0:0.582374 i 1:0.445654 i 2:0.581855 i 3:0.536988 bias 1
 test_print 3.14687
net matrix:
 -1.3954 0.147137 -0.742441
outputs matrix:
 0.0578233 0.573042 0.184691
error matrix:
 -0.0578233 0.426958 -0.184691
delta matrix:
 -0.00630041 0.208923 -0.0556216
weights_delta matrix:
 -0.000366919 0.0121671 -0.00323926
 -0.00028078 0.00931075 -0.0024788
 -0.000366592 0.0121563 -0.00323637
 -0.000338324 0.0112189 -0.00298682
 -0.000630041 0.0208923 -0.00556216
weights matrix:
 -1.04856 0.28564 -0.0870834
 1.94136 -2.40994 -0.655477
 -2.52305 1.13373 2.18858
 -2.12447 -0.981326 3.03374
 0.957575 0.967307 -3.31417
regression_error on 'test' 0.0929641
classification_error on 'test' 0.105263
Save,4436,0.0929641,0.105263
sample_count 75 Sample index 22
 i 0:0.305227 i 1:0.233915 i 2:0.430645 i 3:0.427485 bias 1
 test_print 2.39727
net matrix:
 -0.903076 0.559503 -1.2547
outputs matrix:
 0.141104 0.753804 0.0752024
error matrix:
 -0.141104 0.246196 -0.0752024
delta matrix:
 -0.0342018 0.0913797 -0.0104602
weights_delta matrix:
 -0.00104393 0.00278916 -0.000319274
 -0.000800031 0.00213751 -0.00024468
 -0.00147288 0.00393522 -0.000450464
 -0.00146208 0.00390635 -0.000447158
 -0.00342018 0.00913797 -0.00104602
weights matrix:
 -1.0496 0.28843 -0.0874027
 1.94056 -2.4078 -0.655721
 -2.52452 1.13766 2.18813
 -2.12593 -0.97742 3.03329
 0.954155 0.976445 -3.31521
regression_error on 'test' 0.0939854
classification_error on 'test' 0.131579
Save,4437,0.0939854,0.131579
sample_count 75 Sample index 4
 i 0:0.212844 i 1:0.516233 i 2:0.158468 i 3:0.135476 bias 1
 test_print 2.02302
net matrix:
 1.04447 -0.157285 -2.91464
outputs matrix:
 0.889823 0.422 0.0029316
error matrix:
 0.110177 -0.422 -0.0029316
delta matrix:
 0.0216031 -0.205865 -1.71381e-05
weights_delta matrix:
 0.000459808 -0.00438171 -3.64775e-07
 0.00111522 -0.0106274 -8.84726e-07
 0.00034234 -0.0032623 -2.71584e-07
 0.00029267 -0.00278898 -2.3218e-07
 0.00216031 -0.0205865 -1.71381e-06
weights matrix:
 -1.04914 0.284048 -0.0874031
 1.94168 -2.41843 -0.655722
 -2.52418 1.1344 2.18813
 -2.12564 -0.980209 3.03329
 0.956315 0.955858 -3.31522
regression_error on 'test' 0.0921637
classification_error on 'test' 0.105263
Save,4438,0.0921637,0.105263
sample_count 75 Sample index 63
 i 0:0.420705 i 1:0.904421 i 2:0.143347 i 3:0.135476 bias 1
 test_print 2.60395
net matrix:
 1.62122 -1.0821 -3.22044
outputs matrix:
 0.962401 0.103012 0.00159247
error matrix:
 0.0375993 -0.103012 -0.00159247
delta matrix:
 0.0027211 -0.0190366 -5.06387e-06
weights_delta matrix:
 0.000114478 -0.00080088 -2.13039e-07
 0.000246102 -0.00172171 -4.57987e-07
 3.90062e-05 -0.000272884 -7.2589e-08
 3.68644e-05 -0.000257901 -6.86033e-08
 0.00027211 -0.00190366 -5.06387e-07
weights matrix:
 -1.04903 0.283247 -0.0874033
 1.94192 -2.42015 -0.655723
 -2.52414 1.13413 2.18813
 -2.1256 -0.980467 3.03329
 0.956587 0.953955 -3.31522
regression_error on 'test' 0.0919702
classification_error on 'test' 0.0526316
Save,4439,0.0919702,0.0526316
sample_count 75 Sample index 27
 i 0:0.328323 i 1:0.622103 i 2:0.158468 i 3:0.135476 bias 1
 test_print 2.24437
net matrix:
 1.13228 -0.411738 -2.99415
outputs matrix:
 0.905899 0.305026 0.00250163
error matrix:
 0.0941009 -0.305026 -0.00250163
delta matrix:
 0.0160434 -0.129322 -1.2485e-05
weights_delta matrix:
 0.000526742 -0.00424594 -4.09911e-07
 0.000998066 -0.00804517 -7.76695e-07
 0.000254237 -0.00204934 -1.97847e-07
 0.00021735 -0.001752 -1.69142e-07
 0.00160434 -0.0129322 -1.2485e-06
weights matrix:
 -1.0485 0.279001 -0.0874037
 1.94292 -2.42819 -0.655724
 -2.52389 1.13208 2.18813
 -2.12538 -0.982219 3.03329
 0.958191 0.941022 -3.31522
regression_error on 'test' 0.0908185
classification_error on 'test' 0.0526316
Save,4440,0.0908185,0.0526316
sample_count 75 Sample index 46
 i 0:0.928809 i 1:0.480944 i 2:0.854032 i 3:0.901998 bias 1
 test_print 4.16578
net matrix:
 -3.1538 0.113206 0.892989
outputs matrix:
 0.00181909 0.556362 0.856434
error matrix:
 -0.00181909 -0.556362 0.143566
delta matrix:
 -6.60613e-06 -0.274646 0.0353044
weights_delta matrix:
 -6.13584e-07 -0.0255094 0.00327911
 -3.17718e-07 -0.013209 0.00169795
 -5.64185e-07 -0.0234557 0.00301511
 -5.95872e-07 -0.024773 0.00318445
 -6.60613e-07 -0.0274646 0.00353044
weights matrix:
 -1.0485 0.253492 -0.0841246
 1.94292 -2.4414 -0.654026
 -2.52389 1.10862 2.19115
 -2.12538 -1.00699 3.03648
 0.958191 0.913558 -3.31169
regression_error on 'test' 0.0867446
classification_error on 'test' 0.0526316
Save,4441,0.0867446,0.0526316
sample_count 75 Sample index 28
 i 0:0.305227 i 1:0.551523 i 2:0.113105 i 3:0.135476 bias 1
 test_print 2.10533
net matrix:
 1.13632 -0.366592 -3.03888
outputs matrix:
 0.906586 0.324496 0.00228808
error matrix:
 0.0934139 -0.324496 -0.00228808
delta matrix:
 0.015822 -0.142258 -1.04466e-05
weights_delta matrix:
 0.000482931 -0.0043421 -3.1886e-07
 0.000872621 -0.00784586 -5.76157e-07
 0.000178955 -0.00160901 -1.18157e-07
 0.00021435 -0.00192726 -1.41527e-07
 0.0015822 -0.0142258 -1.04466e-06
weights matrix:
 -1.04802 0.249149 -0.0841249
 1.94379 -2.44925 -0.654026
 -2.52371 1.10701 2.19115
 -2.12517 -1.00892 3.03648
 0.959773 0.899332 -3.31169
regression_error on 'test' 0.0858102
classification_error on 'test' 0.0789474
Save,4442,0.0858102,0.0789474
sample_count 75 Sample index 32
 i 0:0.697853 i 1:0.516233 i 2:0.642339 i 3:0.60999 bias 1
 test_print 3.46642
net matrix:
 -1.68555 -0.0955351 -0.448348
outputs matrix:
 0.0332112 0.452377 0.28973
error matrix:
 -0.0332112 0.547623 -0.28973
delta matrix:
 -0.0021327 0.271327 -0.119245
weights_delta matrix:
 -0.000148831 0.0189347 -0.00832155
 -0.000110097 0.0140068 -0.00615582
 -0.000136992 0.0174284 -0.00765957
 -0.000130093 0.0165507 -0.00727382
 -0.00021327 0.0271327 -0.0119245
weights matrix:
 -1.04817 0.268084 -0.0924465
 1.94368 -2.43524 -0.660182
 -2.52384 1.12444 2.18349
 -2.1253 -0.992369 3.0292
 0.95956 0.926465 -3.32361
regression_error on 'test' 0.0894424
classification_error on 'test' 0.0526316
Save,4443,0.0894424,0.0526316
sample_count 75 Sample index 36
 i 0:0.744044 i 1:0.516233 i 2:0.702823 i 3:0.901998 bias 1
 test_print 3.8651
net matrix:
 -2.50776 -0.236053 0.533732
outputs matrix:
 0.00659046 0.384118 0.744114
error matrix:
 -0.00659046 -0.384118 0.255886
delta matrix:
 -8.62957e-05 -0.181743 0.0974454
weights_delta matrix:
 -6.42078e-06 -0.0135224 0.00725037
 -4.45487e-06 -0.00938215 0.00503045
 -6.06506e-06 -0.0127733 0.00684869
 -7.78386e-06 -0.0163931 0.00878956
 -8.62957e-06 -0.0181743 0.00974454
weights matrix:
 -1.04817 0.254562 -0.0851961
 1.94368 -2.44462 -0.655152
 -2.52385 1.11167 2.19033
 -2.12531 -1.00876 3.03799
 0.959551 0.90829 -3.31387
regression_error on 'test' 0.0865733
classification_error on 'test' 0.0526316
Save,4444,0.0865733,0.0526316
sample_count 75 Sample index 46
 i 0:0.928809 i 1:0.480944 i 2:0.854032 i 3:0.901998 bias 1
 test_print 4.16578
net matrix:
 -3.15167 0.00850067 0.902786
outputs matrix:
 0.00182683 0.50425 0.858826
error matrix:
 -0.00182683 -0.50425 0.141174
delta matrix:
 -6.66241e-06 -0.252107 0.034233
weights_delta matrix:
 -6.18811e-07 -0.0234159 0.00317959
 -3.20425e-07 -0.0121249 0.00164642
 -5.68991e-07 -0.0215307 0.00292361
 -6.00948e-07 -0.02274 0.00308781
 -6.66241e-07 -0.0252107 0.0034233
weights matrix:
 -1.04818 0.231146 -0.0820165
 1.94368 -2.45675 -0.653505
 -2.52385 1.09014 2.19326
 -2.12531 -1.0315 3.04108
 0.95955 0.88308 -3.31045
regression_error on 'test' 0.0835064
classification_error on 'test' 0.105263
Save,4445,0.0835064,0.105263
sample_count 75 Sample index 30
 i 0:0.559279 i 1:0.410364 i 2:0.642339 i 3:0.500487 bias 1
 test_print 3.11247
net matrix:
 -1.51391 0.188177 -0.693655
outputs matrix:
 0.0461846 0.592994 0.199837
error matrix:
 -0.0461846 0.407006 -0.199837
delta matrix:
 -0.004069 0.196464 -0.063909
weights_delta matrix:
 -0.000227571 0.0109878 -0.0035743
 -0.000166977 0.00806217 -0.0026226
 -0.000261368 0.0126196 -0.00410512
 -0.000203648 0.00983276 -0.00319856
 -0.0004069 0.0196464 -0.0063909
weights matrix:
 -1.0484 0.242134 -0.0855908
 1.94351 -2.44869 -0.656128
 -2.52411 1.10276 2.18915
 -2.12551 -1.02167 3.03788
 0.959144 0.902726 -3.31684
regression_error on 'test' 0.0854432
classification_error on 'test' 0.0789474
Save,4446,0.0854432,0.0789474
sample_count 75 Sample index 8
 i 0:0.489992 i 1:0.375074 i 2:0.702823 i 3:0.755994 bias 1
 test_print 3.32388
net matrix:
 -2.20648 0.105598 0.230334
outputs matrix:
 0.0119741 0.552603 0.613173
error matrix:
 -0.0119741 -0.552603 0.386827
delta matrix:
 -0.000283324 -0.273243 0.183505
weights_delta matrix:
 -1.38827e-05 -0.0133887 0.00899158
 -1.06268e-05 -0.0102487 0.00688278
 -1.99127e-05 -0.0192042 0.0128971
 -2.14191e-05 -0.020657 0.0138728
 -2.83324e-05 -0.0273243 0.0183505
weights matrix:
 -1.04842 0.228745 -0.0765992
 1.9435 -2.45894 -0.649245
 -2.52413 1.08355 2.20205
 -2.12553 -1.04233 3.05175
 0.959115 0.875402 -3.29849
regression_error on 'test' 0.082211
classification_error on 'test' 0.0789474
Save,4447,0.082211,0.0789474
sample_count 75 Sample index 3
 i 0:0.744044 i 1:0.516233 i 2:0.672581 i 3:0.60999 bias 1
 test_print 3.54285
net matrix:
 -1.81189 -0.130818 -0.348045
outputs matrix:
 0.0259882 0.434962 0.33268
error matrix:
 -0.0259882 0.565038 -0.33268
delta matrix:
 -0.00131567 0.277739 -0.147712
weights_delta matrix:
 -9.78918e-05 0.020665 -0.0109904
 -6.79193e-05 0.0143378 -0.0076254
 -8.84896e-05 0.0186802 -0.00993485
 -8.02547e-05 0.0169418 -0.0090103
 -0.000131567 0.0277739 -0.0147712
weights matrix:
 -1.04851 0.24941 -0.0875897
 1.94343 -2.4446 -0.65687
 -2.52422 1.10223 2.19211
 -2.12561 -1.02538 3.04274
 0.958984 0.903176 -3.31326
regression_error on 'test' 0.0854229
classification_error on 'test' 0.0789474
Save,4448,0.0854229,0.0789474
sample_count 75 Sample index 32
 i 0:0.697853 i 1:0.516233 i 2:0.642339 i 3:0.60999 bias 1
 test_print 3.46642
net matrix:
 -1.68747 -0.102222 -0.449357
outputs matrix:
 0.033088 0.449066 0.289315
error matrix:
 -0.033088 0.550934 -0.289315
delta matrix:
 -0.00211718 0.272608 -0.118973
weights_delta matrix:
 -0.000147748 0.0190241 -0.00830258
 -0.000109296 0.0140729 -0.00614179
 -0.000135995 0.0175107 -0.00764211
 -0.000129146 0.0166288 -0.00725725
 -0.000211718 0.0272608 -0.0118973
weights matrix:
 -1.04866 0.268434 -0.0958922
 1.94332 -2.43053 -0.663012
 -2.52436 1.11974 2.18447
 -2.12574 -1.00876 3.03549
 0.958772 0.930437 -3.32515
regression_error on 'test' 0.0890205
classification_error on 'test' 0.0526316
Save,4449,0.0890205,0.0526316
sample_count 75 Sample index 49
 i 0:0.397609 i 1:0.480944 i 2:0.612097 i 3:0.60999 bias 1
 test_print 3.10064
net matrix:
 -1.36539 -0.0617176 -0.493429
outputs matrix:
 0.0611816 0.46918 0.271533
error matrix:
 -0.0611816 0.53082 -0.271533
delta matrix:
 -0.00702836 0.264401 -0.10742
weights_delta matrix:
 -0.000279454 0.0105128 -0.00427112
 -0.000338025 0.0127162 -0.00516631
 -0.000430204 0.0161839 -0.00657515
 -0.000428723 0.0161282 -0.00655252
 -0.000702836 0.0264401 -0.010742
weights matrix:
 -1.04894 0.278947 -0.100163
 1.94299 -2.41781 -0.668178
 -2.52479 1.13593 2.1779
 -2.12617 -0.992627 3.02893
 0.958069 0.956877 -3.3359
regression_error on 'test' 0.0926613
classification_error on 'test' 0.131579
Save,4450,0.0926613,0.131579
sample_count 75 Sample index 29
 i 0:0.420705 i 1:0.304495 i 2:0.536492 i 3:0.536988 bias 1
 test_print 2.79868
net matrix:
 -1.38785 0.414407 -0.786567
outputs matrix:
 0.0586513 0.696104 0.17177
error matrix:
 -0.0586513 0.303896 -0.17177
delta matrix:
 -0.00647643 0.128574 -0.0488737
weights_delta matrix:
 -0.000272467 0.00540918 -0.00205614
 -0.000197204 0.00391502 -0.00148818
 -0.000347455 0.0068979 -0.00262204
 -0.000347777 0.00690428 -0.00262446
 -0.000647643 0.0128574 -0.00488737
weights matrix:
 -1.04921 0.284356 -0.10222
 1.94279 -2.41389 -0.669667
 -2.52513 1.14282 2.17528
 -2.12652 -0.985723 3.02631
 0.957421 0.969734 -3.34078
regression_error on 'test' 0.0944293
classification_error on 'test' 0.157895
Save,4451,0.0944293,0.157895
sample_count 75 Sample index 49
 i 0:0.397609 i 1:0.480944 i 2:0.612097 i 3:0.60999 bias 1
 test_print 3.10064
net matrix:
 -1.36816 0.0200874 -0.526002
outputs matrix:
 0.0608634 0.510042 0.258841
error matrix:
 -0.0608634 0.489958 -0.258841
delta matrix:
 -0.00695779 0.24488 -0.099313
weights_delta matrix:
 -0.000276648 0.00973665 -0.00394877
 -0.000334631 0.0117774 -0.0047764
 -0.000425884 0.014989 -0.00607892
 -0.000424418 0.0149374 -0.00605799
 -0.000695779 0.024488 -0.0099313
weights matrix:
 -1.04949 0.294093 -0.106168
 1.94245 -2.40212 -0.674443
 -2.52556 1.15781 2.1692
 -2.12694 -0.970785 3.02025
 0.956726 0.994222 -3.35072
regression_error on 'test' 0.0983852
classification_error on 'test' 0.157895
Save,4452,0.0983852,0.157895
sample_count 75 Sample index 48
 i 0:0.744044 i 1:0.516233 i 2:0.748185 i 3:0.828996 bias 1
 test_print 3.83746
net matrix:
 -2.4742 0.0344698 0.348857
outputs matrix:
 0.00704484 0.517228 0.667681
error matrix:
 -0.00704484 -0.517228 0.332319
delta matrix:
 -9.85601e-05 -0.258307 0.147472
weights_delta matrix:
 -7.33331e-06 -0.0192192 0.0109726
 -5.088e-06 -0.0133347 0.00761299
 -7.37412e-06 -0.0193261 0.0110336
 -8.1706e-06 -0.0214135 0.0122254
 -9.85601e-06 -0.0258307 0.0147472
weights matrix:
 -1.0495 0.274873 -0.0951957
 1.94245 -2.41545 -0.66683
 -2.52557 1.13849 2.18023
 -2.12695 -0.992199 3.03248
 0.956716 0.968391 -3.33597
regression_error on 'test' 0.0931159
classification_error on 'test' 0.131579
Save,4453,0.0931159,0.131579
sample_count 75 Sample index 33
 i 0:0.559279 i 1:0.480944 i 2:0.672581 i 3:0.719493 bias 1
 test_print 3.4323
net matrix:
 -1.92501 0.0122706 -0.0616902
outputs matrix:
 0.0208359 0.506135 0.469194
error matrix:
 -0.0208359 -0.506135 0.530806
delta matrix:
 -0.000850176 -0.253029 0.264396
weights_delta matrix:
 -4.75485e-05 -0.0141514 0.0147871
 -4.08887e-05 -0.0121693 0.0127159
 -5.71812e-05 -0.0170183 0.0177827
 -6.11695e-05 -0.0182053 0.0190231
 -8.50176e-05 -0.0253029 0.0264396
weights matrix:
 -1.04955 0.260722 -0.0804086
 1.94241 -2.42762 -0.654114
 -2.52563 1.12147 2.19801
 -2.12701 -1.0104 3.0515
 0.956631 0.943088 -3.30953
regression_error on 'test' 0.088405
classification_error on 'test' 0.0526316
Save,4454,0.088405,0.0526316
sample_count 75 Sample index 53
 i 0:0.489992 i 1:0.410364 i 2:0.702823 i 3:0.938499 bias 1
 test_print 3.54168
net matrix:
 -2.53181 -0.0854368 0.79129
outputs matrix:
 0.00628292 0.457385 0.82957
error matrix:
 -0.00628292 -0.457385 0.17043
delta matrix:
 -7.84541e-05 -0.227031 0.0481922
weights_delta matrix:
 -3.84419e-06 -0.0111244 0.00236138
 -3.21947e-06 -0.00931655 0.00197764
 -5.51394e-06 -0.0159563 0.00338706
 -7.36291e-06 -0.0213069 0.00452284
 -7.84541e-06 -0.0227031 0.00481922
weights matrix:
 -1.04955 0.249598 -0.0780472
 1.94241 -2.43694 -0.652136
 -2.52563 1.10551 2.2014
 -2.12702 -1.03171 3.05602
 0.956623 0.920385 -3.30471
regression_error on 'test' 0.0855275
classification_error on 'test' 0.0789474
Save,4455,0.0855275,0.0789474
sample_count 75 Sample index 16
 i 0:0.60547 i 1:0.304495 i 2:0.687702 i 3:0.755994 bias 1
 test_print 3.35366
net matrix:
 -2.43229 0.30977 0.273705
outputs matrix:
 0.00765601 0.650114 0.633534
error matrix:
 -0.00765601 -0.650114 0.366466
delta matrix:
 -0.000116331 -0.295757 0.170164
weights_delta matrix:
 -7.04352e-06 -0.0179072 0.0103029
 -3.54223e-06 -0.00900566 0.0051814
 -8.00013e-06 -0.0203393 0.0117022
 -8.79458e-06 -0.0223591 0.0128643
 -1.16331e-05 -0.0295757 0.0170164
weights matrix:
 -1.04956 0.23169 -0.0677443
 1.9424 -2.44594 -0.646955
 -2.52564 1.08517 2.2131
 -2.12703 -1.05407 3.06889
 0.956611 0.89081 -3.28769
regression_error on 'test' 0.0821048
classification_error on 'test' 0.0789474
Save,4456,0.0821048,0.0789474
sample_count 75 Sample index 11
 i 0:0.536183 i 1:0.198626 i 2:0.536492 i 3:0.427485 bias 1
 test_print 2.69879
net matrix:
 -1.48459 0.660798 -0.953304
outputs matrix:
 0.0488379 0.789447 0.129362
error matrix:
 -0.0488379 0.210553 -0.129362
delta matrix:
 -0.00453731 0.0699963 -0.0291396
weights_delta matrix:
 -0.000243283 0.00375308 -0.00156242
 -9.01228e-05 0.00139031 -0.000578788
 -0.000243423 0.00375525 -0.00156332
 -0.000193963 0.00299224 -0.00124567
 -0.000453731 0.00699963 -0.00291396
weights matrix:
 -1.0498 0.235444 -0.0693068
 1.94231 -2.44455 -0.647534
 -2.52588 1.08893 2.21154
 -2.12722 -1.05108 3.06764
 0.956158 0.897809 -3.29061
regression_error on 'test' 0.0826807
classification_error on 'test' 0.0789474
Save,4457,0.0826807,0.0789474
sample_count 75 Sample index 65
 i 0:0.928809 i 1:0.410364 i 2:0.944758 i 3:0.792495 bias 1
 test_print 4.07643
net matrix:
 -3.29401 0.309135 0.899755
outputs matrix:
 0.00137487 0.649825 0.858089
error matrix:
 -0.00137487 -0.649825 0.141911
delta matrix:
 -3.77533e-06 -0.295739 0.0345616
weights_delta matrix:
 -3.50656e-07 -0.0274685 0.00321011
 -1.54926e-07 -0.012136 0.00141828
 -3.56677e-07 -0.0279401 0.00326523
 -2.99193e-07 -0.0234371 0.00273899
 -3.77533e-07 -0.0295739 0.00345616
weights matrix:
 -1.0498 0.207975 -0.0660966
 1.94231 -2.45669 -0.646116
 -2.52588 1.06099 2.2148
 -2.12722 -1.07452 3.07038
 0.956157 0.868235 -3.28715
regression_error on 'test' 0.079898
classification_error on 'test' 0.0789474
Save,4458,0.079898,0.0789474
sample_count 75 Sample index 59
 i 0:0.60547 i 1:0.233915 i 2:0.596976 i 3:0.536988 bias 1
 test_print 2.97335
net matrix:
 -1.87531 0.475885 -0.507365
outputs matrix:
 0.0229633 0.721471 0.266055
error matrix:
 -0.0229633 0.278529 -0.266055
delta matrix:
 -0.00103041 0.111941 -0.103905
weights_delta matrix:
 -6.23882e-05 0.0067777 -0.00629115
 -2.41028e-05 0.00261847 -0.0024305
 -6.1513e-05 0.00668262 -0.00620289
 -5.53318e-05 0.0060111 -0.00557959
 -0.000103041 0.0111941 -0.0103905
weights matrix:
 -1.04986 0.214753 -0.0723878
 1.94229 -2.45407 -0.648546
 -2.52594 1.06767 2.2086
 -2.12728 -1.0685 3.0648
 0.956054 0.879429 -3.29754
regression_error on 'test' 0.0809031
classification_error on 'test' 0.0789474
Save,4459,0.0809031,0.0789474
sample_count 75 Sample index 31
 i 0:0.559279 i 1:0.339785 i 2:0.778427 i 3:0.573489 bias 1
 test_print 3.25098
net matrix:
 -2.15738 0.384009 -0.0815285
outputs matrix:
 0.0131932 0.683092 0.459326
error matrix:
 -0.0131932 -0.683092 0.540674
delta matrix:
 -0.00034353 -0.295748 0.268548
weights_delta matrix:
 -1.92129e-05 -0.0165406 0.0150193
 -1.16726e-05 -0.0100491 0.00912486
 -2.67413e-05 -0.0230218 0.0209045
 -1.97011e-05 -0.0169608 0.0154009
 -3.4353e-05 -0.0295748 0.0268548
weights matrix:
 -1.04988 0.198212 -0.0573685
 1.94228 -2.46412 -0.639421
 -2.52597 1.04465 2.22951
 -2.1273 -1.08546 3.0802
 0.95602 0.849855 -3.27069
regression_error on 'test' 0.0783665
classification_error on 'test' 0.0789474
Save,4460,0.0783665,0.0789474
sample_count 75 Sample index 71
 i 0:0.143558 i 1:0.480944 i 2:0.0979839 i 3:0.0989754 bias 1
 test_print 1.82146
net matrix:
 1.28137 -0.311869 -3.06313
outputs matrix:
 0.928425 0.348932 0.00217998
error matrix:
 0.071575 -0.348932 -0.00217998
delta matrix:
 0.00951259 -0.158539 -9.48392e-06
weights_delta matrix:
 0.000136561 -0.00227596 -1.36149e-07
 0.000457503 -0.00762486 -4.56124e-07
 9.32081e-05 -0.00155343 -9.29272e-08
 9.41513e-05 -0.00156915 -9.38675e-08
 0.000951259 -0.0158539 -9.48392e-07
weights matrix:
 -1.04975 0.195936 -0.0573686
 1.94273 -2.47174 -0.639422
 -2.52588 1.0431 2.22951
 -2.1272 -1.08703 3.0802
 0.956971 0.834001 -3.27069
regression_error on 'test' 0.0779577
classification_error on 'test' 0.0789474
Save,4461,0.0779577,0.0789474
sample_count 75 Sample index 4
 i 0:0.212844 i 1:0.516233 i 2:0.158468 i 3:0.135476 bias 1
 test_print 2.02302
net matrix:
 1.04799 -0.382261 -2.84239
outputs matrix:
 0.890511 0.317665 0.00338578
error matrix:
 0.109489 -0.317665 -0.00338578
delta matrix:
 0.0213506 -0.137711 -2.28494e-05
weights_delta matrix:
 0.000454434 -0.00293109 -4.86335e-07
 0.00110219 -0.00710907 -1.17956e-06
 0.000338338 -0.00218227 -3.62089e-07
 0.000289249 -0.00186565 -3.09554e-07
 0.00213506 -0.0137711 -2.28494e-06
weights matrix:
 -1.04929 0.193005 -0.0573691
 1.94384 -2.47885 -0.639423
 -2.52554 1.04091 2.22951
 -2.12691 -1.0889 3.0802
 0.959106 0.82023 -3.27069
regression_error on 'test' 0.0776175
classification_error on 'test' 0.0789474
Save,4462,0.0776175,0.0789474
sample_count 75 Sample index 56
 i 0:0.328323 i 1:0.727972 i 2:0.158468 i 3:0.208478 bias 1
 test_print 2.42324
net matrix:
 1.18603 -0.982998 -2.75955
outputs matrix:
 0.914671 0.12282 0.00399346
error matrix:
 0.0853289 -0.12282 -0.00399346
delta matrix:
 0.0133195 -0.0264639 -3.17681e-05
weights_delta matrix:
 0.000437309 -0.000868872 -1.04302e-06
 0.00096962 -0.0019265 -2.31263e-06
 0.000211071 -0.000419369 -5.03422e-07
 0.000277682 -0.000551715 -6.62294e-07
 0.00133195 -0.00264639 -3.17681e-06
weights matrix:
 -1.04885 0.192136 -0.0573701
 1.94481 -2.48078 -0.639425
 -2.52533 1.04049 2.2295
 -2.12664 -1.08945 3.0802
 0.960438 0.817583 -3.27069
regression_error on 'test' 0.0775466
classification_error on 'test' 0.0789474
Save,4463,0.0775466,0.0789474
sample_count 75 Sample index 21
 i 0:0.836426 i 1:0.445654 i 2:0.884274 i 3:0.719493 bias 1
 test_print 3.88585
net matrix:
 -2.81332 0.00895161 0.584034
outputs matrix:
 0.00358772 0.504476 0.762796
error matrix:
 -0.00358772 -0.504476 0.237204
delta matrix:
 -2.56512e-05 -0.252218 0.0858387
weights_delta matrix:
 -2.14553e-06 -0.0210961 0.00717977
 -1.14315e-06 -0.0112402 0.00382544
 -2.26827e-06 -0.0223029 0.0075905
 -1.84558e-06 -0.0181469 0.00617604
 -2.56512e-06 -0.0252218 0.00858387
weights matrix:
 -1.04886 0.17104 -0.0501904
 1.9448 -2.49202 -0.6356
 -2.52533 1.01819 2.2371
 -2.12664 -1.1076 3.08638
 0.960436 0.792362 -3.26211
regression_error on 'test' 0.0764862
classification_error on 'test' 0.0789474
Save,4464,0.0764862,0.0789474
sample_count 75 Sample index 1
 i 0:0.582374 i 1:0.445654 i 2:0.581855 i 3:0.536988 bias 1
 test_print 3.14687
net matrix:
 -1.39504 -0.220935 -0.615584
outputs matrix:
 0.057863 0.391296 0.225977
error matrix:
 -0.057863 0.608704 -0.225977
delta matrix:
 -0.00630879 0.289967 -0.0790519
weights_delta matrix:
 -0.000367408 0.0168869 -0.00460378
 -0.000281154 0.0129225 -0.00352298
 -0.00036708 0.0168718 -0.00459967
 -0.000338775 0.0155709 -0.00424499
 -0.000630879 0.0289967 -0.00790519
weights matrix:
 -1.04922 0.187927 -0.0547941
 1.94452 -2.4791 -0.639123
 -2.5257 1.03506 2.2325
 -2.12698 -1.09203 3.08213
 0.959805 0.821358 -3.27001
regression_error on 'test' 0.0774074
classification_error on 'test' 0.0789474
Save,4465,0.0774074,0.0789474
sample_count 75 Sample index 55
 i 0:0.628566 i 1:0.551523 i 2:0.612097 i 3:0.60999 bias 1
 test_print 3.40218
net matrix:
 -1.47066 -0.460363 -0.410374
outputs matrix:
 0.0501485 0.28481 0.305605
error matrix:
 -0.0501485 0.71519 -0.305605
delta matrix:
 -0.00477751 0.291359 -0.129705
weights_delta matrix:
 -0.000300298 0.0183138 -0.00815283
 -0.000263491 0.0160691 -0.00715354
 -0.00029243 0.017834 -0.00793922
 -0.000291424 0.0177726 -0.00791189
 -0.000477751 0.0291359 -0.0129705
weights matrix:
 -1.04952 0.206241 -0.062947
 1.94426 -2.46303 -0.646276
 -2.52599 1.0529 2.22456
 -2.12727 -1.07425 3.07422
 0.959327 0.850494 -3.28298
regression_error on 'test' 0.0790668
classification_error on 'test' 0.0789474
Save,4466,0.0790668,0.0789474
sample_count 75 Sample index 74
 i 0:0.443801 i 1:0.480944 i 2:0.551613 i 3:0.536988 bias 1
 test_print 3.01335
net matrix:
 -1.10706 -0.238625 -0.74383
outputs matrix:
 0.0984899 0.382902 0.184273
error matrix:
 -0.0984899 0.617098 -0.184273
delta matrix:
 -0.0174898 0.291626 -0.0553986
weights_delta matrix:
 -0.000776197 0.0129424 -0.00245859
 -0.000841159 0.0140256 -0.00266436
 -0.000964757 0.0160865 -0.00305586
 -0.000939179 0.01566 -0.00297484
 -0.00174898 0.0291626 -0.00553986
weights matrix:
 -1.0503 0.219183 -0.0654056
 1.94342 -2.449 -0.648941
 -2.52695 1.06898 2.2215
 -2.12821 -1.05859 3.07124
 0.957578 0.879657 -3.28852
regression_error on 'test' 0.0809005
classification_error on 'test' 0.0789474
Save,4467,0.0809005,0.0789474
sample_count 75 Sample index 23
 i 0:0.975 i 1:0.763262 i 2:0.899395 i 3:0.792495 bias 1
 test_print 4.43015
net matrix:
 -2.54245 -0.653362 0.584345
outputs matrix:
 0.00615142 0.213035 0.762908
error matrix:
 -0.00615142 -0.213035 0.237092
delta matrix:
 -7.52145e-05 -0.0714313 0.0857699
weights_delta matrix:
 -7.33341e-06 -0.00696455 0.00836257
 -5.74084e-06 -0.00545208 0.00654649
 -6.76475e-06 -0.0064245 0.0077141
 -5.96071e-06 -0.0056609 0.00679722
 -7.52145e-06 -0.00714313 0.00857699
weights matrix:
 -1.05031 0.212219 -0.057043
 1.94341 -2.45445 -0.642394
 -2.52696 1.06256 2.22921
 -2.12821 -1.06426 3.07804
 0.95757 0.872514 -3.27995
regression_error on 'test' 0.0799654
classification_error on 'test' 0.0789474
Save,4468,0.0799654,0.0789474
sample_count 75 Sample index 37
 i 0:0.720948 i 1:0.551523 i 2:0.82379 i 3:0.901998 bias 1
 test_print 3.99826
net matrix:
 -2.72914 -0.412807 0.937424
outputs matrix:
 0.00424281 0.304573 0.867018
error matrix:
 -0.00424281 -0.304573 0.132982
delta matrix:
 -3.58501e-05 -0.129022 0.0306649
weights_delta matrix:
 -2.58461e-06 -0.00930185 0.00221078
 -1.97722e-06 -0.00711589 0.00169124
 -2.9533e-06 -0.0106287 0.00252615
 -3.23367e-06 -0.0116378 0.00276597
 -3.58501e-06 -0.0129022 0.00306649
weights matrix:
 -1.05031 0.202917 -0.0548322
 1.94341 -2.46157 -0.640703
 -2.52696 1.05193 2.23174
 -2.12822 -1.07589 3.08081
 0.957567 0.859611 -3.27688
regression_error on 'test' 0.0789362
classification_error on 'test' 0.0789474
Save,4469,0.0789362,0.0789474
sample_count 75 Sample index 39
 i 0:0.397609 i 1:0.622103 i 2:0.18871 i 3:0.135476 bias 1
 test_print 2.3439
net matrix:
 0.98377 -0.538305 -2.85874
outputs matrix:
 0.877347 0.254148 0.00327722
error matrix:
 0.122653 -0.254148 -0.00327722
delta matrix:
 0.0263973 -0.0963509 -2.14099e-05
weights_delta matrix:
 0.00104958 -0.003831 -8.51278e-07
 0.00164219 -0.00599402 -1.33192e-06
 0.000498144 -0.00181824 -4.04027e-07
 0.000357621 -0.00130532 -2.90053e-07
 0.00263973 -0.00963509 -2.14099e-06
weights matrix:
 -1.04926 0.199086 -0.0548331
 1.94505 -2.46756 -0.640704
 -2.52647 1.05011 2.23174
 -2.12786 -1.0772 3.08081
 0.960207 0.849976 -3.27688
regression_error on 'test' 0.0785707
classification_error on 'test' 0.0789474
Save,4470,0.0785707,0.0789474
sample_count 75 Sample index 27
 i 0:0.328323 i 1:0.622103 i 2:0.158468 i 3:0.135476 bias 1
 test_print 2.24437
net matrix:
 1.1371 -0.599264 -2.92244
outputs matrix:
 0.906717 0.231737 0.00288635
error matrix:
 0.0932831 -0.231737 -0.00288635
delta matrix:
 0.01578 -0.0825147 -1.6614e-05
weights_delta matrix:
 0.000518095 -0.00270915 -5.45475e-07
 0.00098168 -0.00513326 -1.03356e-06
 0.000250063 -0.00130759 -2.63279e-07
 0.000213781 -0.00111788 -2.2508e-07
 0.001578 -0.00825147 -1.6614e-06
weights matrix:
 -1.04874 0.196377 -0.0548336
 1.94603 -2.4727 -0.640705
 -2.52622 1.04881 2.23174
 -2.12764 -1.07832 3.08081
 0.961785 0.841725 -3.27688
regression_error on 'test' 0.0782966
classification_error on 'test' 0.0789474
Save,4471,0.0782966,0.0789474
sample_count 75 Sample index 60
 i 0:0.559279 i 1:0.410364 i 2:0.536492 i 3:0.536988 bias 1
 test_print 3.04312
net matrix:
 -1.32399 -0.0795197 -0.718807
outputs matrix:
 0.066114 0.460324 0.191915
error matrix:
 -0.066114 0.539676 -0.191915
delta matrix:
 -0.00816415 0.268139 -0.0595257
weights_delta matrix:
 -0.000456604 0.0149965 -0.00332915
 -0.000335027 0.0110035 -0.00244272
 -0.000438 0.0143854 -0.00319351
 -0.000438405 0.0143987 -0.00319646
 -0.000816415 0.0268139 -0.00595257
weights matrix:
 -1.0492 0.211373 -0.0581628
 1.9457 -2.46169 -0.643148
 -2.52665 1.06319 2.22855
 -2.12808 -1.06392 3.07761
 0.960968 0.868539 -3.28284
regression_error on 'test' 0.0798222
classification_error on 'test' 0.0789474
Save,4472,0.0798222,0.0789474
sample_count 75 Sample index 67
 i 0:0.443801 i 1:0.375074 i 2:0.566734 i 3:0.536988 bias 1
 test_print 2.9226
net matrix:
 -1.34958 0.0702637 -0.634245
outputs matrix:
 0.0630227 0.535074 0.219516
error matrix:
 -0.0630227 0.464926 -0.219516
delta matrix:
 -0.00744309 0.231319 -0.0752187
weights_delta matrix:
 -0.000330325 0.010266 -0.00333821
 -0.000279171 0.00867618 -0.00282126
 -0.000421825 0.0131096 -0.0042629
 -0.000399685 0.0124216 -0.00403915
 -0.000744309 0.0231319 -0.00752187
weights matrix:
 -1.04953 0.221639 -0.061501
 1.94542 -2.45302 -0.645969
 -2.52708 1.0763 2.22428
 -2.12848 -1.0515 3.07357
 0.960224 0.891671 -3.29036
regression_error on 'test' 0.0814823
classification_error on 'test' 0.0789474
Save,4473,0.0814823,0.0789474
sample_count 75 Sample index 59
 i 0:0.60547 i 1:0.233915 i 2:0.596976 i 3:0.536988 bias 1
 test_print 2.97335
net matrix:
 -1.87174 0.529953 -0.500383
outputs matrix:
 0.023124 0.742673 0.268791
error matrix:
 -0.023124 0.257327 -0.268791
delta matrix:
 -0.00104471 0.0983557 -0.105657
weights_delta matrix:
 -6.32539e-05 0.00595514 -0.00639724
 -2.44373e-05 0.00230069 -0.00247149
 -6.23665e-05 0.0058716 -0.0063075
 -5.60995e-05 0.00528158 -0.00567368
 -0.000104471 0.00983557 -0.0105657
weights matrix:
 -1.04959 0.227594 -0.0678982
 1.9454 -2.45072 -0.648441
 -2.52714 1.08217 2.21798
 -2.12854 -1.04621 3.0679
 0.960119 0.901506 -3.30093
regression_error on 'test' 0.0825314
classification_error on 'test' 0.0789474
Save,4474,0.0825314,0.0789474
sample_count 75 Sample index 73
 i 0:0.582374 i 1:0.410364 i 2:0.65746 i 3:0.719493 bias 1
 test_print 3.36969
net matrix:
 -2.04578 -0.0128948 0.0589975
outputs matrix:
 0.0164385 0.493553 0.529465
error matrix:
 -0.0164385 -0.493553 0.470535
delta matrix:
 -0.000531565 -0.246735 0.234451
weights_delta matrix:
 -3.0957e-05 -0.0143692 0.0136538
 -2.18135e-05 -0.0101251 0.00962101
 -3.49483e-05 -0.0162219 0.0154142
 -3.82458e-05 -0.0177524 0.0168686
 -5.31565e-05 -0.0246735 0.0234451
weights matrix:
 -1.04962 0.213225 -0.0542444
 1.94537 -2.46084 -0.63882
 -2.52717 1.06595 2.23339
 -2.12858 -1.06397 3.08477
 0.960066 0.876833 -3.27748
regression_error on 'test' 0.0799446
classification_error on 'test' 0.0789474
Save,4475,0.0799446,0.0789474
sample_count 75 Sample index 39
 i 0:0.397609 i 1:0.622103 i 2:0.18871 i 3:0.135476 bias 1
 test_print 2.3439
net matrix:
 0.987676 -0.512272 -2.85708
outputs matrix:
 0.878185 0.264143 0.00328804
error matrix:
 0.121815 -0.264143 -0.00328804
delta matrix:
 0.0260627 -0.102684 -2.15513e-05
weights_delta matrix:
 0.00103628 -0.00408281 -8.56901e-07
 0.00162137 -0.006388 -1.34072e-06
 0.000491829 -0.00193775 -4.06695e-07
 0.000353087 -0.00139112 -2.91969e-07
 0.00260627 -0.0102684 -2.15513e-06
weights matrix:
 -1.04859 0.209142 -0.0542453
 1.947 -2.46723 -0.638821
 -2.52668 1.06401 2.23339
 -2.12822 -1.06536 3.08477
 0.962672 0.866564 -3.27748
regression_error on 'test' 0.079476
classification_error on 'test' 0.0789474
Save,4476,0.079476,0.0789474
sample_count 75 Sample index 15
 i 0:0.720948 i 1:0.410364 i 2:0.65746 i 3:0.573489 bias 1
 test_print 3.36226
net matrix:
 -1.87603 0.0934562 -0.341295
outputs matrix:
 0.0229311 0.546593 0.335683
error matrix:
 -0.0229311 0.453407 -0.335683
delta matrix:
 -0.00102755 0.224735 -0.149715
weights_delta matrix:
 -7.40811e-05 0.0162022 -0.0107937
 -4.2167e-05 0.00922232 -0.00614375
 -6.75574e-05 0.0147754 -0.00984315
 -5.8929e-05 0.0128883 -0.00858598
 -0.000102755 0.0224735 -0.0149715
weights matrix:
 -1.04866 0.225344 -0.0650389
 1.94695 -2.45801 -0.644965
 -2.52675 1.07879 2.22355
 -2.12828 -1.05247 3.07618
 0.96257 0.889038 -3.29245
regression_error on 'test' 0.0814563
classification_error on 'test' 0.0789474
Save,4477,0.0814563,0.0789474
sample_count 75 Sample index 6
 i 0:0.305227 i 1:0.657392 i 2:0.128226 i 3:0.171977 bias 1
 test_print 2.26282
net matrix:
 1.23239 -0.700728 -2.92215
outputs matrix:
 0.921636 0.197585 0.00288799
error matrix:
 0.0783643 -0.197585 -0.00288799
delta matrix:
 0.0113195 -0.0626524 -1.66328e-05
weights_delta matrix:
 0.000345501 -0.00191232 -5.07678e-07
 0.000744132 -0.00411872 -1.09343e-06
 0.000145145 -0.000803366 -2.13276e-07
 0.000194669 -0.00107748 -2.86046e-07
 0.00113195 -0.00626524 -1.66328e-06
weights matrix:
 -1.04832 0.223432 -0.0650394
 1.9477 -2.46213 -0.644966
 -2.5266 1.07798 2.22355
 -2.12809 -1.05355 3.07618
 0.963702 0.882772 -3.29246
regression_error on 'test' 0.0811331
classification_error on 'test' 0.0789474
Save,4478,0.0811331,0.0789474
sample_count 75 Sample index 19
 i 0:0.674757 i 1:0.480944 i 2:0.596976 i 3:0.573489 bias 1
 test_print 3.32617
net matrix:
 -1.53568 -0.111278 -0.554974
outputs matrix:
 0.0443042 0.44459 0.24788
error matrix:
 -0.0443042 0.55541 -0.24788
delta matrix:
 -0.0037518 0.274295 -0.0924275
weights_delta matrix:
 -0.000253155 0.0185082 -0.00623661
 -0.00018044 0.013192 -0.00444525
 -0.000223973 0.0163747 -0.0055177
 -0.000215161 0.0157305 -0.00530062
 -0.00037518 0.0274295 -0.00924275
weights matrix:
 -1.04857 0.24194 -0.071276
 1.94752 -2.44894 -0.649411
 -2.52683 1.09436 2.21803
 -2.1283 -1.03782 3.07088
 0.963326 0.910202 -3.3017
regression_error on 'test' 0.0837047
classification_error on 'test' 0.105263
Save,4479,0.0837047,0.105263
sample_count 75 Sample index 47
 i 0:0.282131 i 1:0.516233 i 2:0.158468 i 3:0.0989754 bias 1
 test_print 2.05581
net matrix:
 1.06179 -0.215058 -3.00163
outputs matrix:
 0.893175 0.394099 0.00246461
error matrix:
 0.106825 -0.394099 -0.00246461
delta matrix:
 0.0203852 -0.18821 -1.21187e-05
weights_delta matrix:
 0.000575128 -0.00530998 -3.41906e-07
 0.00105235 -0.009716 -6.25606e-07
 0.000323039 -0.00298252 -1.92042e-07
 0.000201763 -0.00186281 -1.19945e-07
 0.00203852 -0.018821 -1.21187e-06
weights matrix:
 -1.04799 0.23663 -0.0712764
 1.94857 -2.45865 -0.649412
 -2.52651 1.09138 2.21803
 -2.1281 -1.03968 3.07088
 0.965365 0.891381 -3.3017
regression_error on 'test' 0.0826451
classification_error on 'test' 0.0789474
Save,4480,0.0826451,0.0789474
sample_count 75 Sample index 33
 i 0:0.559279 i 1:0.480944 i 2:0.672581 i 3:0.719493 bias 1
 test_print 3.4323
net matrix:
 -1.91404 -0.172754 0.0473865
outputs matrix:
 0.0212884 0.414472 0.523676
error matrix:
 -0.0212884 -0.414472 0.476324
delta matrix:
 -0.0008871 -0.201172 0.237628
weights_delta matrix:
 -4.96136e-05 -0.0112512 0.01329
 -4.26645e-05 -0.00967527 0.0114286
 -5.96646e-05 -0.0135305 0.0159824
 -6.38262e-05 -0.0144742 0.0170972
 -8.871e-05 -0.0201172 0.0237628
weights matrix:
 -1.04804 0.225379 -0.0579863
 1.94853 -2.46833 -0.637983
 -2.52656 1.07785 2.23401
 -2.12816 -1.05415 3.08798
 0.965276 0.871264 -3.27794
regression_error on 'test' 0.0803462
classification_error on 'test' 0.0789474
Save,4481,0.0803462,0.0789474
sample_count 75 Sample index 25
 i 0:0.628566 i 1:0.410364 i 2:0.778427 i 3:0.865497 bias 1
 test_print 3.68285
net matrix:
 -2.70255 -0.0733257 0.835459
outputs matrix:
 0.00447351 0.463403 0.841698
error matrix:
 -0.00447351 -0.463403 0.158302
delta matrix:
 -3.98455e-05 -0.23046 0.0421851
weights_delta matrix:
 -2.50455e-06 -0.0144859 0.00265161
 -1.63512e-06 -0.00945725 0.00173112
 -3.10168e-06 -0.0179396 0.0032838
 -3.44861e-06 -0.0199462 0.0036511
 -3.98455e-06 -0.023046 0.00421851
weights matrix:
 -1.04805 0.210893 -0.0553347
 1.94852 -2.47778 -0.636252
 -2.52657 1.05991 2.2373
 -2.12817 -1.0741 3.09163
 0.965272 0.848218 -3.27372
regression_error on 'test' 0.0786497
classification_error on 'test' 0.0789474
Save,4482,0.0786497,0.0789474
sample_count 75 Sample index 73
 i 0:0.582374 i 1:0.410364 i 2:0.65746 i 3:0.719493 bias 1
 test_print 3.36969
net matrix:
 -2.0378 -0.121718 0.128298
outputs matrix:
 0.0166985 0.43944 0.563799
error matrix:
 -0.0166985 -0.43944 0.436201
delta matrix:
 -0.00054837 -0.216496 0.214549
weights_delta matrix:
 -3.19356e-05 -0.0126082 0.0124948
 -2.25031e-05 -0.00888423 0.00880434
 -3.60531e-05 -0.0142338 0.0141058
 -3.94548e-05 -0.0155768 0.0154367
 -5.4837e-05 -0.0216496 0.0214549
weights matrix:
 -1.04808 0.198285 -0.0428399
 1.9485 -2.48667 -0.627448
 -2.5266 1.04567 2.2514
 -2.12821 -1.08968 3.10706
 0.965217 0.826568 -3.25226
regression_error on 'test' 0.077303
classification_error on 'test' 0.0789474
Save,4483,0.077303,0.0789474
sample_count 75 Sample index 6
 i 0:0.305227 i 1:0.657392 i 2:0.128226 i 3:0.171977 bias 1
 test_print 2.26282
net matrix:
 1.23627 -0.800943 -2.85479
outputs matrix:
 0.922194 0.167718 0.00330314
error matrix:
 0.0778063 -0.167718 -0.00330314
delta matrix:
 0.0111656 -0.0468232 -2.17494e-05
weights_delta matrix:
 0.000340804 -0.00142917 -6.63851e-07
 0.000734017 -0.00307812 -1.42979e-06
 0.000143172 -0.000600395 -2.78884e-07
 0.000192022 -0.000805252 -3.7404e-07
 0.00111656 -0.00468232 -2.17494e-06
weights matrix:
 -1.04774 0.196856 -0.0428406
 1.94924 -2.48975 -0.627449
 -2.52646 1.04507 2.2514
 -2.12802 -1.09048 3.10706
 0.966334 0.821886 -3.25227
regression_error on 'test' 0.0771828
classification_error on 'test' 0.0789474
Save,4484,0.0771828,0.0789474
sample_count 75 Sample index 35
 i 0:0.189749 i 1:0.233915 i 2:0.128226 i 3:0.171977 bias 1
 test_print 1.72387
net matrix:
 0.533555 0.223318 -2.58413
outputs matrix:
 0.744047 0.609839 0.0056622
error matrix:
 0.255953 -0.609839 -0.0056622
delta matrix:
 0.097488 -0.290205 -6.37579e-05
weights_delta matrix:
 0.00184982 -0.0055066 -1.2098e-06
 0.00228039 -0.00678832 -1.49139e-06
 0.00125005 -0.00372118 -8.17542e-07
 0.00167657 -0.00499085 -1.09649e-06
 0.0097488 -0.0290205 -6.37579e-06
weights matrix:
 -1.04589 0.191349 -0.0428418
 1.95152 -2.49653 -0.627451
 -2.52521 1.04135 2.2514
 -2.12634 -1.09547 3.10706
 0.976083 0.792865 -3.25227
regression_error on 'test' 0.0766587
classification_error on 'test' 0.0789474
Save,4485,0.0766587,0.0789474
sample_count 75 Sample index 51
 i 0:0.628566 i 1:0.516233 i 2:0.763306 i 3:0.719493 bias 1
 test_print 3.6276
net matrix:
 -2.13128 -0.368968 0.350905
outputs matrix:
 0.0138904 0.323456 0.668589
error matrix:
 -0.0138904 -0.323456 0.331411
delta matrix:
 -0.000380528 -0.141565 0.146867
weights_delta matrix:
 -2.39187e-05 -0.00889829 0.00923153
 -1.96441e-05 -0.00730804 0.00758174
 -2.90459e-05 -0.0108057 0.0112104
 -2.73787e-05 -0.0101855 0.0105669
 -3.80528e-05 -0.0141565 0.0146867
weights matrix:
 -1.04591 0.182451 -0.0336103
 1.9515 -2.50384 -0.619869
 -2.52524 1.03055 2.26261
 -2.12637 -1.10566 3.11763
 0.976045 0.778709 -3.23758
regression_error on 'test' 0.0762256
classification_error on 'test' 0.105263
Save,4486,0.0762256,0.105263
sample_count 75 Sample index 74
 i 0:0.443801 i 1:0.480944 i 2:0.551613 i 3:0.536988 bias 1
 test_print 3.01335
net matrix:
 -1.08436 -0.369791 -0.628409
outputs matrix:
 0.102595 0.323096 0.221522
error matrix:
 -0.102595 0.676904 -0.221522
delta matrix:
 -0.0188917 0.296085 -0.0764031
weights_delta matrix:
 -0.000838415 0.0131403 -0.00339078
 -0.000908584 0.01424 -0.00367456
 -0.00104209 0.0163324 -0.00421449
 -0.00101446 0.0158994 -0.00410275
 -0.00188917 0.0296085 -0.00764031
weights matrix:
 -1.04675 0.195591 -0.037001
 1.95059 -2.4896 -0.623543
 -2.52628 1.04688 2.2584
 -2.12738 -1.08976 3.11353
 0.974156 0.808317 -3.24523
regression_error on 'test' 0.0769619
classification_error on 'test' 0.0789474
Save,4487,0.0769619,0.0789474
sample_count 75 Sample index 23
 i 0:0.975 i 1:0.763262 i 2:0.899395 i 3:0.792495 bias 1
 test_print 4.43015
net matrix:
 -2.51568 -0.823272 0.741416
outputs matrix:
 0.00648757 0.161576 0.815
error matrix:
 -0.00648757 -0.161576 0.185
delta matrix:
 -8.36311e-05 -0.0437774 0.0557868
weights_delta matrix:
 -8.15403e-06 -0.00426829 0.00543922
 -6.38324e-06 -0.00334136 0.004258
 -7.52174e-06 -0.00393732 0.00501744
 -6.62772e-06 -0.00346933 0.00442108
 -8.36311e-06 -0.00437774 0.00557868
weights matrix:
 -1.04676 0.191323 -0.0315618
 1.95058 -2.49294 -0.619285
 -2.52629 1.04294 2.26341
 -2.12739 -1.09323 3.11795
 0.974147 0.803939 -3.23965
regression_error on 'test' 0.0767617
classification_error on 'test' 0.0789474
Save,4488,0.0767617,0.0789474
sample_count 75 Sample index 19
 i 0:0.674757 i 1:0.480944 i 2:0.596976 i 3:0.573489 bias 1
 test_print 3.32617
net matrix:
 -1.52221 -0.270275 -0.419473
outputs matrix:
 0.0454593 0.36806 0.301757
error matrix:
 -0.0454593 0.63194 -0.301757
delta matrix:
 -0.00394521 0.293968 -0.12716
weights_delta matrix:
 -0.000266206 0.0198357 -0.00858022
 -0.000189742 0.0141382 -0.00611569
 -0.000235519 0.0175492 -0.00759116
 -0.000226253 0.0168588 -0.0072925
 -0.000394521 0.0293968 -0.012716
weights matrix:
 -1.04702 0.211159 -0.040142
 1.95039 -2.47881 -0.625401
 -2.52652 1.06049 2.25582
 -2.12761 -1.07637 3.11066
 0.973753 0.833336 -3.25236
regression_error on 'test' 0.0779857
classification_error on 'test' 0.0789474
Save,4489,0.0779857,0.0789474
sample_count 75 Sample index 58
 i 0:0.282131 i 1:0.516233 i 2:0.158468 i 3:0.0989754 bias 1
 test_print 2.05581
net matrix:
 1.07426 -0.325211 -2.92119
outputs matrix:
 0.89553 0.342894 0.00289355
error matrix:
 0.10447 -0.342894 -0.00289355
delta matrix:
 0.0195477 -0.15452 -1.66968e-05
weights_delta matrix:
 0.0005515 -0.0043595 -4.71069e-07
 0.00100911 -0.00797686 -8.61945e-07
 0.000309768 -0.00244866 -2.64591e-07
 0.000193474 -0.00152937 -1.65257e-07
 0.00195477 -0.015452 -1.66968e-06
weights matrix:
 -1.04647 0.206799 -0.0401425
 1.9514 -2.48678 -0.625402
 -2.52622 1.05804 2.25582
 -2.12742 -1.0779 3.11065
 0.975707 0.817884 -3.25236
regression_error on 'test' 0.0775494
classification_error on 'test' 0.0789474
Save,4490,0.0775494,0.0789474
sample_count 75 Sample index 54
 i 0:0.305227 i 1:0.622103 i 2:0.158468 i 3:0.135476 bias 1
 test_print 2.22127
net matrix:
 1.18173 -0.644394 -2.87479
outputs matrix:
 0.913998 0.216058 0.00317403
error matrix:
 0.0860018 -0.216058 -0.00317403
delta matrix:
 0.0135204 -0.0731906 -2.0085e-05
weights_delta matrix:
 0.00041268 -0.00223397 -6.13049e-07
 0.000841111 -0.00455321 -1.24949e-06
 0.000214256 -0.00115984 -3.18283e-07
 0.00018317 -0.000991557 -2.72104e-07
 0.00135204 -0.00731906 -2.0085e-06
weights matrix:
 -1.04606 0.204565 -0.0401431
 1.95224 -2.49134 -0.625403
 -2.526 1.05688 2.25582
 -2.12724 -1.07889 3.11065
 0.97706 0.810565 -3.25237
regression_error on 'test' 0.0773546
classification_error on 'test' 0.0789474
Save,4491,0.0773546,0.0789474
sample_count 75 Sample index 15
 i 0:0.720948 i 1:0.410364 i 2:0.65746 i 3:0.573489 bias 1
 test_print 3.36226
net matrix:
 -1.85666 0.0118167 -0.270912
outputs matrix:
 0.0238155 0.505908 0.367763
error matrix:
 -0.0238155 0.494092 -0.367763
delta matrix:
 -0.00110734 0.247011 -0.17102
weights_delta matrix:
 -7.98338e-05 0.0178082 -0.0123296
 -4.54414e-05 0.0101365 -0.00701804
 -7.28035e-05 0.01624 -0.0112439
 -6.3505e-05 0.0141658 -0.00980781
 -0.000110734 0.0247011 -0.017102
weights matrix:
 -1.04614 0.222374 -0.0524728
 1.9522 -2.4812 -0.632421
 -2.52607 1.07312 2.24458
 -2.1273 -1.06473 3.10085
 0.976949 0.835266 -3.26947
regression_error on 'test' 0.0787345
classification_error on 'test' 0.0789474
Save,4492,0.0787345,0.0789474
sample_count 75 Sample index 62
 i 0:0.582374 i 1:0.622103 i 2:0.748185 i 3:0.901998 bias 1
 test_print 3.85466
net matrix:
 -2.22662 -0.736277 0.782859
outputs matrix:
 0.0115069 0.186555 0.827172
error matrix:
 -0.0115069 -0.186555 0.172828
delta matrix:
 -0.000261768 -0.0566201 0.0494143
weights_delta matrix:
 -1.52447e-05 -0.00329741 0.00287776
 -1.62847e-05 -0.00352235 0.00307408
 -1.95851e-05 -0.00423623 0.00369711
 -2.36114e-05 -0.00510712 0.00445716
 -2.61768e-05 -0.00566201 0.00494143
weights matrix:
 -1.04615 0.219076 -0.049595
 1.95218 -2.48472 -0.629347
 -2.52609 1.06888 2.24827
 -2.12732 -1.06983 3.1053
 0.976923 0.829604 -3.26453
regression_error on 'test' 0.0783097
classification_error on 'test' 0.0789474
Save,4493,0.0783097,0.0789474
sample_count 75 Sample index 36
 i 0:0.744044 i 1:0.516233 i 2:0.702823 i 3:0.901998 bias 1
 test_print 3.8651
net matrix:
 -2.48792 -0.503838 0.7548
outputs matrix:
 0.00685538 0.267435 0.819002
error matrix:
 -0.00685538 -0.267435 0.180998
delta matrix:
 -9.33482e-05 -0.104788 0.0536616
weights_delta matrix:
 -6.94552e-06 -0.0077967 0.00399266
 -4.81894e-06 -0.00540951 0.00277019
 -6.56073e-06 -0.00736475 0.00377146
 -8.41999e-06 -0.00945187 0.00484026
 -9.33482e-06 -0.0104788 0.00536616
weights matrix:
 -1.04616 0.211279 -0.0456024
 1.95218 -2.49013 -0.626577
 -2.5261 1.06152 2.25205
 -2.12733 -1.07928 3.11014
 0.976913 0.819126 -3.25916
regression_error on 'test' 0.0776609
classification_error on 'test' 0.0526316
Save,4494,0.0776609,0.0526316
sample_count 75 Sample index 13
 i 0:0.420705 i 1:0.269205 i 2:0.491129 i 3:0.427485 bias 1
 test_print 2.60852
net matrix:
 -1.08772 0.297622 -1.01144
outputs matrix:
 0.101978 0.644567 0.116822
error matrix:
 -0.101978 0.355433 -0.116822
delta matrix:
 -0.0186779 0.162859 -0.0241061
weights_delta matrix:
 -0.000785788 0.00685158 -0.00101415
 -0.000502818 0.00438426 -0.000648948
 -0.000917325 0.0079985 -0.00118392
 -0.000798451 0.006962 -0.0010305
 -0.00186779 0.0162859 -0.00241061
weights matrix:
 -1.04695 0.218131 -0.0466165
 1.95167 -2.48575 -0.627226
 -2.52702 1.06952 2.25086
 -2.12813 -1.07232 3.10911
 0.975045 0.835411 -3.26157
regression_error on 'test' 0.0783199
classification_error on 'test' 0.0789474
Save,4495,0.0783199,0.0789474
sample_count 75 Sample index 63
 i 0:0.420705 i 1:0.904421 i 2:0.143347 i 3:0.135476 bias 1
 test_print 2.60395
net matrix:
 1.64917 -1.31294 -3.10459
outputs matrix:
 0.964372 0.0674909 0.00200683
error matrix:
 0.035628 -0.0674909 -0.00200683
delta matrix:
 0.00244826 -0.00849521 -8.03858e-06
weights_delta matrix:
 0.000102999 -0.000357398 -3.38187e-07
 0.000221426 -0.000768324 -7.27026e-07
 3.50951e-05 -0.000121776 -1.15231e-07
 3.3168e-05 -0.00011509 -1.08903e-07
 0.000244826 -0.000849521 -8.03858e-07
weights matrix:
 -1.04684 0.217774 -0.0466169
 1.95189 -2.48651 -0.627227
 -2.52698 1.0694 2.25086
 -2.1281 -1.07244 3.10911
 0.97529 0.834562 -3.26157
regression_error on 'test' 0.0782874
classification_error on 'test' 0.0789474
Save,4496,0.0782874,0.0789474
sample_count 75 Sample index 68
 i 0:0.305227 i 1:0.657392 i 2:0.173589 i 3:0.281481 bias 1
 test_print 2.41769
net matrix:
 0.90125 -0.849818 -2.42225
outputs matrix:
 0.858453 0.154513 0.00781002
error matrix:
 0.141547 -0.154513 -0.00781002
delta matrix:
 0.0343992 -0.0403707 -0.00012104
weights_delta matrix:
 0.00104996 -0.00123222 -3.69447e-06
 0.00226138 -0.00265394 -7.95709e-06
 0.000597132 -0.000700791 -2.10112e-06
 0.000968272 -0.00113636 -3.40705e-06
 0.00343992 -0.00403707 -1.2104e-05
weights matrix:
 -1.04579 0.216541 -0.0466205
 1.95416 -2.48917 -0.627235
 -2.52638 1.0687 2.25086
 -2.12713 -1.07357 3.10911
 0.97873 0.830525 -3.26158
regression_error on 'test' 0.0781367
classification_error on 'test' 0.0789474
Save,4497,0.0781367,0.0789474
sample_count 75 Sample index 65
 i 0:0.928809 i 1:0.410364 i 2:0.944758 i 3:0.792495 bias 1
 test_print 4.07643
net matrix:
 -3.26326 0.169043 1.02819
outputs matrix:
 0.00146195 0.583725 0.886591
error matrix:
 -0.00146195 -0.583725 0.113409
delta matrix:
 -4.26836e-06 -0.283679 0.0228059
weights_delta matrix:
 -3.96449e-07 -0.0263484 0.00211823
 -1.75158e-07 -0.0116412 0.000935873
 -4.03257e-07 -0.0268008 0.00215461
 -3.38265e-07 -0.0224814 0.00180736
 -4.26836e-07 -0.0283679 0.00228059
weights matrix:
 -1.04579 0.190193 -0.0445023
 1.95416 -2.50081 -0.626299
 -2.52639 1.0419 2.25301
 -2.12713 -1.09605 3.11092
 0.97873 0.802157 -3.2593
regression_error on 'test' 0.0767032
classification_error on 'test' 0.0789474
Save,4498,0.0767032,0.0789474
sample_count 75 Sample index 64
 i 0:0.282131 i 1:0.516233 i 2:0.158468 i 3:0.0989754 bias 1
 test_print 2.05581
net matrix:
 1.08159 -0.37856 -2.93024
outputs matrix:
 0.896895 0.319272 0.00284178
error matrix:
 0.103105 -0.319272 -0.00284178
delta matrix:
 0.0190693 -0.138779 -1.61055e-05
weights_delta matrix:
 0.000538003 -0.0039154 -4.54386e-07
 0.000984418 -0.00716425 -8.31418e-07
 0.000302187 -0.00219921 -2.5522e-07
 0.000188739 -0.00137358 -1.59405e-07
 0.00190693 -0.0138779 -1.61055e-06
weights matrix:
 -1.04526 0.186278 -0.0445028
 1.95514 -2.50797 -0.6263
 -2.52608 1.0397 2.25301
 -2.12694 -1.09743 3.11092
 0.980637 0.788279 -3.25931
regression_error on 'test' 0.0764893
classification_error on 'test' 0.0789474
Save,4499,0.0764893,0.0789474
sample_count 75 Sample index 30
 i 0:0.559279 i 1:0.410364 i 2:0.642339 i 3:0.500487 bias 1
 test_print 3.11247
net matrix:
 -1.48874 -0.0181336 -0.537033
outputs matrix:
 0.0484535 0.490934 0.254631
error matrix:
 -0.0484535 0.509066 -0.254631
delta matrix:
 -0.00446796 0.254449 -0.0966547
weights_delta matrix:
 -0.000249884 0.0142308 -0.0054057
 -0.000183349 0.0104417 -0.00396636
 -0.000286995 0.0163443 -0.00620851
 -0.000223616 0.0127349 -0.00483744
 -0.000446796 0.0254449 -0.00966547
weights matrix:
 -1.04551 0.200508 -0.0499085
 1.95496 -2.49753 -0.630266
 -2.52637 1.05604 2.24681
 -2.12717 -1.08469 3.10608
 0.98019 0.813724 -3.26897
regression_error on 'test' 0.0773424
classification_error on 'test' 0.0526316
Save,4500,0.0773424,0.0526316
sample_count 75 Sample index 29
 i 0:0.420705 i 1:0.304495 i 2:0.536492 i 3:0.536988 bias 1
 test_print 2.79868
net matrix:
 -1.36202 0.121682 -0.608559
outputs matrix:
 0.0615691 0.560543 0.228444
error matrix:
 -0.0615691 0.439457 -0.228444
delta matrix:
 -0.00711472 0.216507 -0.0805298
weights_delta matrix:
 -0.00029932 0.00910856 -0.00338793
 -0.00021664 0.00659253 -0.00245209
 -0.000381699 0.0116154 -0.00432036
 -0.000382052 0.0116262 -0.00432436
 -0.000711472 0.0216507 -0.00805298
weights matrix:
 -1.04581 0.209617 -0.0532964
 1.95474 -2.49094 -0.632718
 -2.52675 1.06766 2.24249
 -2.12755 -1.07307 3.10176
 0.979478 0.835375 -3.27702
regression_error on 'test' 0.0782805
classification_error on 'test' 0.0789474
Save,4501,0.0782805,0.0789474
sample_count 75 Sample index 16
 i 0:0.60547 i 1:0.304495 i 2:0.687702 i 3:0.755994 bias 1
 test_print 3.35366
net matrix:
 -2.40458 0.126809 0.385118
outputs matrix:
 0.00808871 0.563067 0.683572
error matrix:
 -0.00808871 -0.563067 0.316428
delta matrix:
 -0.000129796 -0.277054 0.136888
weights_delta matrix:
 -7.85876e-06 -0.0167748 0.00828814
 -3.95222e-06 -0.00843617 0.00416816
 -8.9261e-06 -0.0190531 0.00941379
 -9.8125e-06 -0.0209451 0.0103486
 -1.29796e-05 -0.0277054 0.0136888
weights matrix:
 -1.04581 0.192842 -0.0450083
 1.95474 -2.49938 -0.62855
 -2.52676 1.0486 2.2519
 -2.12756 -1.09401 3.1121
 0.979465 0.807669 -3.26333
regression_error on 'test' 0.0768895
classification_error on 'test' 0.0789474
Save,4502,0.0768895,0.0789474
sample_count 75 Sample index 15
 i 0:0.720948 i 1:0.410364 i 2:0.65746 i 3:0.573489 bias 1
 test_print 3.36226
net matrix:
 -1.85373 -0.0169455 -0.288427
outputs matrix:
 0.0239519 0.491528 0.359657
error matrix:
 -0.0239519 0.508472 -0.359657
delta matrix:
 -0.0011199 0.254163 -0.165661
weights_delta matrix:
 -8.0739e-05 0.0183238 -0.0119433
 -4.59567e-05 0.0104299 -0.00679812
 -7.3629e-05 0.0167102 -0.0108915
 -6.42251e-05 0.014576 -0.00950046
 -0.00011199 0.0254163 -0.0165661
weights matrix:
 -1.04589 0.211166 -0.0569515
 1.95469 -2.48895 -0.635348
 -2.52683 1.06531 2.24101
 -2.12762 -1.07944 3.1026
 0.979353 0.833086 -3.2799
regression_error on 'test' 0.0781771
classification_error on 'test' 0.0789474
Save,4503,0.0781771,0.0789474
sample_count 75 Sample index 22
 i 0:0.305227 i 1:0.233915 i 2:0.430645 i 3:0.427485 bias 1
 test_print 2.39727
net matrix:
 -0.880345 0.312666 -1.15451
outputs matrix:
 0.146704 0.65143 0.0903793
error matrix:
 -0.146704 0.34857 -0.0903793
delta matrix:
 -0.0367293 0.158299 -0.0148603
weights_delta matrix:
 -0.00112108 0.0048317 -0.000453577
 -0.000859155 0.00370284 -0.000347605
 -0.00158173 0.00681705 -0.000639953
 -0.00157012 0.00676703 -0.000635257
 -0.00367293 0.0158299 -0.00148603
weights matrix:
 -1.04702 0.215998 -0.0574051
 1.95383 -2.48524 -0.635696
 -2.52842 1.07213 2.24037
 -2.12919 -1.07267 3.10197
 0.975681 0.848915 -3.28139
regression_error on 'test' 0.0788303
classification_error on 'test' 0.0789474
Save,4504,0.0788303,0.0789474
sample_count 75 Sample index 1
 i 0:0.582374 i 1:0.445654 i 2:0.581855 i 3:0.536988 bias 1
 test_print 3.14687
net matrix:
 -1.37786 -0.0850384 -0.628829
outputs matrix:
 0.0597641 0.457583 0.221377
error matrix:
 -0.0597641 0.542417 -0.221377
delta matrix:
 -0.00671656 0.269257 -0.0763173
weights_delta matrix:
 -0.000391155 0.0156808 -0.00444452
 -0.000299326 0.0119995 -0.00340111
 -0.000390807 0.0156668 -0.00444056
 -0.000360671 0.0144588 -0.00409814
 -0.000671656 0.0269257 -0.00763173
weights matrix:
 -1.04741 0.231679 -0.0618496
 1.95353 -2.47324 -0.639097
 -2.52881 1.0878 2.23593
 -2.12955 -1.05821 3.09787
 0.975009 0.875841 -3.28902
regression_error on 'test' 0.0806293
classification_error on 'test' 0.0789474
Save,4505,0.0806293,0.0789474
sample_count 75 Sample index 65
 i 0:0.928809 i 1:0.410364 i 2:0.944758 i 3:0.792495 bias 1
 test_print 4.07643
net matrix:
 -3.27294 0.265174 0.958729
outputs matrix:
 0.00143395 0.629564 0.871855
error matrix:
 -0.00143395 -0.629564 0.128145
delta matrix:
 -4.10655e-06 -0.293645 0.0286338
weights_delta matrix:
 -3.8142e-07 -0.027274 0.00265953
 -1.68518e-07 -0.0120501 0.00117503
 -3.87969e-07 -0.0277424 0.0027052
 -3.25442e-07 -0.0232712 0.00226921
 -4.10655e-07 -0.0293645 0.00286338
weights matrix:
 -1.04741 0.204404 -0.0591901
 1.95353 -2.48529 -0.637922
 -2.52881 1.06005 2.23863
 -2.12955 -1.08148 3.10014
 0.975008 0.846477 -3.28616
regression_error on 'test' 0.0783419
classification_error on 'test' 0.0789474
Save,4506,0.0783419,0.0789474
sample_count 75 Sample index 38
 i 0:0.397609 i 1:0.798551 i 2:0.128226 i 3:0.208478 bias 1
 test_print 2.53286
net matrix:
 1.35032 -1.14642 -2.88574
outputs matrix:
 0.937065 0.0917172 0.00310546
error matrix:
 0.0629355 -0.0917172 -0.00310546
delta matrix:
 0.00742319 -0.015281 -1.92279e-05
weights_delta matrix:
 0.000295153 -0.000607587 -7.64519e-07
 0.00059278 -0.00122027 -1.53545e-06
 9.51846e-05 -0.000195942 -2.46552e-07
 0.000154757 -0.000318576 -4.0086e-07
 0.000742319 -0.0015281 -1.92279e-06
weights matrix:
 -1.04711 0.203797 -0.0591909
 1.95412 -2.48651 -0.637923
 -2.52871 1.05986 2.23863
 -2.1294 -1.0818 3.10014
 0.975751 0.844948 -3.28616
regression_error on 'test' 0.0782858
classification_error on 'test' 0.0789474
Save,4507,0.0782858,0.0789474
sample_count 75 Sample index 68
 i 0:0.305227 i 1:0.657392 i 2:0.173589 i 3:0.281481 bias 1
 test_print 2.41769
net matrix:
 0.902428 -0.847988 -2.46236
outputs matrix:
 0.858739 0.154991 0.0072124
error matrix:
 0.141261 -0.154991 -0.0072124
delta matrix:
 0.0342717 -0.0405982 -0.000103287
weights_delta matrix:
 0.00104606 -0.00123917 -3.1526e-06
 0.00225299 -0.00266889 -6.79001e-06
 0.000594919 -0.00070474 -1.79295e-06
 0.000964683 -0.00114276 -2.90734e-06
 0.00342717 -0.00405982 -1.03287e-05
weights matrix:
 -1.04607 0.202558 -0.059194
 1.95638 -2.48918 -0.63793
 -2.52812 1.05915 2.23863
 -2.12843 -1.08294 3.10014
 0.979178 0.840889 -3.28617
regression_error on 'test' 0.0781413
classification_error on 'test' 0.0789474
Save,4508,0.0781413,0.0789474
sample_count 75 Sample index 72
 i 0:0.905713 i 1:0.480944 i 2:0.929637 i 3:0.828996 bias 1
 test_print 4.14529
net matrix:
 -3.14204 -0.0859373 1.00453
outputs matrix:
 0.00186229 0.457137 0.881744
error matrix:
 -0.00186229 -0.457137 0.118256
delta matrix:
 -6.92331e-06 -0.226889 0.0246615
weights_delta matrix:
 -6.27053e-07 -0.0205496 0.00223362
 -3.32972e-07 -0.0109121 0.00118608
 -6.43616e-07 -0.0210924 0.00229262
 -5.73939e-07 -0.018809 0.00204442
 -6.92331e-07 -0.0226889 0.00246615
weights matrix:
 -1.04607 0.182008 -0.0569604
 1.95638 -2.5001 -0.636744
 -2.52812 1.03806 2.24092
 -2.12843 -1.10175 3.10218
 0.979177 0.8182 -3.2837
regression_error on 'test' 0.0769568
classification_error on 'test' 0.0526316
Save,4509,0.0769568,0.0526316
sample_count 75 Sample index 34
 i 0:0.767139 i 1:0.551523 i 2:0.642339 i 3:0.573489 bias 1
 test_print 3.53449
net matrix:
 -1.58886 -0.38609 -0.460078
outputs matrix:
 0.0400131 0.316008 0.284926
error matrix:
 -0.0400131 0.683992 -0.284926
delta matrix:
 -0.00307398 0.295686 -0.116103
weights_delta matrix:
 -0.000235817 0.0226832 -0.00890675
 -0.000169537 0.0163077 -0.00640337
 -0.000197453 0.018993 -0.00745778
 -0.000176289 0.0169572 -0.00665841
 -0.000307398 0.0295686 -0.0116103
weights matrix:
 -1.0463 0.204691 -0.0658671
 1.95621 -2.48379 -0.643147
 -2.52832 1.05705 2.23347
 -2.12861 -1.0848 3.09552
 0.97887 0.847768 -3.29531
regression_error on 'test' 0.0784839
classification_error on 'test' 0.0789474
Save,4510,0.0784839,0.0789474
sample_count 75 Sample index 17
 i 0:0.443801 i 1:0.304495 i 2:0.521371 i 3:0.463986 bias 1
 test_print 2.73365
net matrix:
 -1.19566 0.230097 -0.919636
outputs matrix:
 0.083837 0.61306 0.137137
error matrix:
 -0.083837 0.38694 -0.137137
delta matrix:
 -0.0128788 0.183578 -0.0324552
weights_delta matrix:
 -0.000571561 0.00814719 -0.00144036
 -0.000392152 0.00558985 -0.000988243
 -0.000671461 0.0095712 -0.00169212
 -0.000597556 0.00851774 -0.00150587
 -0.00128788 0.0183578 -0.00324552
weights matrix:
 -1.04687 0.212839 -0.0673075
 1.95582 -2.4782 -0.644136
 -2.52899 1.06663 2.23177
 -2.12921 -1.07628 3.09402
 0.977582 0.866126 -3.29856
regression_error on 'test' 0.0794127
classification_error on 'test' 0.0789474
Save,4511,0.0794127,0.0789474
sample_count 75 Sample index 30
 i 0:0.559279 i 1:0.410364 i 2:0.642339 i 3:0.500487 bias 1
 test_print 3.11247
net matrix:
 -1.49542 0.114671 -0.618461
outputs matrix:
 0.0478411 0.557086 0.224972
error matrix:
 -0.0478411 0.442914 -0.224972
delta matrix:
 -0.00435854 0.21857 -0.0784522
weights_delta matrix:
 -0.000243764 0.0122242 -0.00438766
 -0.000178859 0.00896934 -0.00321939
 -0.000279966 0.0140396 -0.00503929
 -0.000218139 0.0109392 -0.00392643
 -0.000435854 0.021857 -0.00784522
weights matrix:
 -1.04712 0.225063 -0.0716952
 1.95564 -2.46923 -0.647355
 -2.52927 1.08067 2.22673
 -2.12943 -1.06534 3.09009
 0.977146 0.887983 -3.3064
regression_error on 'test' 0.0810052
classification_error on 'test' 0.0789474
Save,4512,0.0810052,0.0789474
sample_count 75 Sample index 37
 i 0:0.720948 i 1:0.551523 i 2:0.82379 i 3:0.901998 bias 1
 test_print 3.99826
net matrix:
 -2.70351 -0.382286 0.906494
outputs matrix:
 0.00446492 0.317654 0.859723
error matrix:
 -0.00446492 -0.317654 0.140277
delta matrix:
 -3.9693e-05 -0.137703 0.0338348
weights_delta matrix:
 -2.86166e-06 -0.00992768 0.00243931
 -2.18916e-06 -0.00759464 0.00186607
 -3.26987e-06 -0.0113438 0.00278728
 -3.5803e-06 -0.0124208 0.00305189
 -3.9693e-06 -0.0137703 0.00338348
weights matrix:
 -1.04712 0.215135 -0.0692559
 1.95563 -2.47682 -0.645489
 -2.52927 1.06932 2.22952
 -2.12943 -1.07776 3.09314
 0.977142 0.874213 -3.30302
regression_error on 'test' 0.0797682
classification_error on 'test' 0.0789474
Save,4513,0.0797682,0.0789474
sample_count 75 Sample index 15
 i 0:0.720948 i 1:0.410364 i 2:0.65746 i 3:0.573489 bias 1
 test_print 3.36226
net matrix:
 -1.85935 0.097868 -0.378131
outputs matrix:
 0.0236905 0.548778 0.319459
error matrix:
 -0.0236905 0.451222 -0.319459
delta matrix:
 -0.00109589 0.223464 -0.138904
weights_delta matrix:
 -7.90076e-05 0.0161106 -0.0100142
 -4.49712e-05 0.00917014 -0.00570011
 -7.20501e-05 0.0146918 -0.00913236
 -6.28478e-05 0.0128154 -0.00796597
 -0.000109589 0.0223464 -0.0138904
weights matrix:
 -1.0472 0.231246 -0.0792701
 1.95559 -2.46765 -0.651189
 -2.52934 1.08401 2.22039
 -2.12949 -1.06494 3.08518
 0.977033 0.896559 -3.31691
regression_error on 'test' 0.0818248
classification_error on 'test' 0.0789474
Save,4514,0.0818248,0.0789474
sample_count 75 Sample index 13
 i 0:0.420705 i 1:0.269205 i 2:0.491129 i 3:0.427485 bias 1
 test_print 2.60852
net matrix:
 -1.08963 0.406684 -1.1162
outputs matrix:
 0.101628 0.692827 0.0968787
error matrix:
 -0.101628 0.307173 -0.0968787
delta matrix:
 -0.0185571 0.130744 -0.0169525
weights_delta matrix:
 -0.000780708 0.00550047 -0.000713199
 -0.000499567 0.00351969 -0.000456369
 -0.000911394 0.00642122 -0.000832585
 -0.000793289 0.00558911 -0.000724693
 -0.00185571 0.0130744 -0.00169525
weights matrix:
 -1.04798 0.236746 -0.0799833
 1.95509 -2.46413 -0.651645
 -2.53025 1.09043 2.21956
 -2.13029 -1.05935 3.08445
 0.975177 0.909634 -3.3186
regression_error on 'test' 0.0827464
classification_error on 'test' 0.0789474
Save,4515,0.0827464,0.0789474
sample_count 75 Sample index 72
 i 0:0.905713 i 1:0.480944 i 2:0.929637 i 3:0.828996 bias 1
 test_print 4.14529
net matrix:
 -3.15192 0.0744549 0.915928
outputs matrix:
 0.00182593 0.537159 0.861983
error matrix:
 -0.00182593 -0.537159 0.138017
delta matrix:
 -6.65588e-06 -0.267096 0.0328395
weights_delta matrix:
 -6.02831e-07 -0.0241912 0.00297431
 -3.2011e-07 -0.0128458 0.00157939
 -6.18755e-07 -0.0248302 0.00305288
 -5.51769e-07 -0.0221422 0.00272238
 -6.65588e-07 -0.0267096 0.00328395
weights matrix:
 -1.04798 0.212555 -0.077009
 1.95509 -2.47698 -0.650066
 -2.53025 1.0656 2.22261
 -2.13029 -1.0815 3.08717
 0.975176 0.882924 -3.31532
regression_error on 'test' 0.0801634
classification_error on 'test' 0.0789474
Save,4516,0.0801634,0.0789474
sample_count 75 Sample index 67
 i 0:0.443801 i 1:0.375074 i 2:0.566734 i 3:0.536988 bias 1
 test_print 2.9226
net matrix:
 -1.33453 0.0713689 -0.675917
outputs matrix:
 0.0648234 0.535624 0.205571
error matrix:
 -0.0648234 0.464376 -0.205571
delta matrix:
 -0.00785936 0.231009 -0.0671441
weights_delta matrix:
 -0.000348799 0.0102522 -0.00297986
 -0.000294784 0.00866456 -0.0025184
 -0.000445417 0.0130921 -0.00380528
 -0.000422038 0.0124049 -0.00360556
 -0.000785936 0.0231009 -0.00671441
weights matrix:
 -1.04833 0.222807 -0.0799888
 1.95479 -2.46831 -0.652584
 -2.5307 1.0787 2.2188
 -2.13071 -1.06909 3.08357
 0.97439 0.906025 -3.32204
regression_error on 'test' 0.0818493
classification_error on 'test' 0.0789474
Save,4517,0.0818493,0.0789474
sample_count 75 Sample index 12
 i 0:0.166653 i 1:0.480944 i 2:0.128226 i 3:0.135476 bias 1
 test_print 1.9113
net matrix:
 1.12667 -0.250484 -2.94696
outputs matrix:
 0.904938 0.377313 0.00274855
error matrix:
 0.095062 -0.377313 -0.00274855
delta matrix:
 0.0163555 -0.177298 -1.50676e-05
weights_delta matrix:
 0.000272569 -0.00295472 -2.51105e-07
 0.000786606 -0.00852704 -7.24665e-07
 0.000209719 -0.00227342 -1.93205e-07
 0.000221577 -0.00240196 -2.04129e-07
 0.00163555 -0.0177298 -1.50676e-06
weights matrix:
 -1.04806 0.219852 -0.0799891
 1.95558 -2.47684 -0.652585
 -2.53049 1.07642 2.2188
 -2.13049 -1.07149 3.08357
 0.976026 0.888295 -3.32204
regression_error on 'test' 0.0810682
classification_error on 'test' 0.0789474
Save,4518,0.0810682,0.0789474
sample_count 75 Sample index 73
 i 0:0.582374 i 1:0.410364 i 2:0.65746 i 3:0.719493 bias 1
 test_print 3.36969
net matrix:
 -2.0284 -0.0633025 0.0409624
outputs matrix:
 0.0170099 0.468391 0.52047
error matrix:
 -0.0170099 -0.468391 0.47953
delta matrix:
 -0.000568832 -0.23326 0.239363
weights_delta matrix:
 -3.31273e-05 -0.0135844 0.0139399
 -2.33428e-05 -0.00957213 0.00982261
 -3.73984e-05 -0.0153359 0.0157372
 -4.09271e-05 -0.0167829 0.017222
 -5.68832e-05 -0.023326 0.0239363
weights matrix:
 -1.04809 0.206268 -0.0660492
 1.95556 -2.48641 -0.642763
 -2.53053 1.06109 2.23454
 -2.13053 -1.08828 3.10079
 0.975969 0.864969 -3.2981
regression_error on 'test' 0.0787896
classification_error on 'test' 0.0789474
Save,4519,0.0787896,0.0789474
sample_count 75 Sample index 11
 i 0:0.536183 i 1:0.198626 i 2:0.536492 i 3:0.427485 bias 1
 test_print 2.69879
net matrix:
 -1.46595 0.585743 -0.93683
outputs matrix:
 0.0505989 0.763413 0.133119
error matrix:
 -0.0505989 0.236587 -0.133119
delta matrix:
 -0.00486141 0.0854614 -0.0307234
weights_delta matrix:
 -0.000260661 0.00458229 -0.00164733
 -9.65603e-05 0.00169749 -0.000610246
 -0.000260811 0.00458494 -0.00164828
 -0.000207818 0.00365335 -0.00131338
 -0.000486141 0.00854614 -0.00307234
weights matrix:
 -1.04835 0.21085 -0.0676965
 1.95546 -2.48472 -0.643373
 -2.53079 1.06567 2.23289
 -2.13073 -1.08462 3.09948
 0.975483 0.873515 -3.30117
regression_error on 'test' 0.0792706
classification_error on 'test' 0.0789474
Save,4520,0.0792706,0.0789474
sample_count 75 Sample index 47
 i 0:0.282131 i 1:0.516233 i 2:0.158468 i 3:0.0989754 bias 1
 test_print 2.05581
net matrix:
 1.07725 -0.288166 -2.99179
outputs matrix:
 0.896088 0.359777 0.00251346
error matrix:
 0.103912 -0.359777 -0.00251346
delta matrix:
 0.0193515 -0.16574 -1.26033e-05
weights_delta matrix:
 0.000545966 -0.00467605 -3.55577e-07
 0.000998989 -0.00855606 -6.50622e-07
 0.00030666 -0.00262645 -1.99721e-07
 0.000191532 -0.00164042 -1.24741e-07
 0.00193515 -0.016574 -1.26033e-06
weights matrix:
 -1.0478 0.206174 -0.0676969
 1.95646 -2.49327 -0.643373
 -2.53048 1.06305 2.23289
 -2.13054 -1.08626 3.09948
 0.977418 0.856941 -3.30117
regression_error on 'test' 0.0786983
classification_error on 'test' 0.0789474
Save,4521,0.0786983,0.0789474
sample_count 75 Sample index 52
 i 0:0.443801 i 1:0.410364 i 2:0.672581 i 3:0.792495 bias 1
 test_print 3.31924
net matrix:
 -2.07514 -0.220582 0.362885
outputs matrix:
 0.0155156 0.391464 0.673876
error matrix:
 -0.0155156 -0.391464 0.326124
delta matrix:
 -0.000473996 -0.186509 0.143342
weights_delta matrix:
 -2.1036e-05 -0.00827728 0.00636155
 -1.94511e-05 -0.00765365 0.00588225
 -3.18801e-05 -0.0125442 0.00964094
 -3.7564e-05 -0.0147807 0.0113598
 -4.73996e-05 -0.0186509 0.0143342
weights matrix:
 -1.04783 0.197897 -0.0613353
 1.95644 -2.50093 -0.637491
 -2.53051 1.0505 2.24253
 -2.13058 -1.10104 3.11084
 0.977371 0.83829 -3.28684
regression_error on 'test' 0.0774786
classification_error on 'test' 0.0789474
Save,4522,0.0774786,0.0789474
sample_count 75 Sample index 3
 i 0:0.744044 i 1:0.516233 i 2:0.672581 i 3:0.60999 bias 1
 test_print 3.54285
net matrix:
 -1.79389 -0.270605 -0.255706
outputs matrix:
 0.0269154 0.367906 0.374863
error matrix:
 -0.0269154 0.632094 -0.374863
delta matrix:
 -0.00140988 0.293988 -0.175691
weights_delta matrix:
 -0.000104901 0.021874 -0.0130722
 -7.27825e-05 0.0151767 -0.00906976
 -9.48257e-05 0.0197731 -0.0118167
 -8.60011e-05 0.017933 -0.010717
 -0.000140988 0.0293988 -0.0175691
weights matrix:
 -1.04793 0.219771 -0.0744075
 1.95637 -2.48575 -0.646561
 -2.53061 1.07027 2.23072
 -2.13067 -1.08311 3.10012
 0.97723 0.867689 -3.30441
regression_error on 'test' 0.0794777
classification_error on 'test' 0.0789474
Save,4523,0.0794777,0.0789474
sample_count 75 Sample index 12
 i 0:0.166653 i 1:0.480944 i 2:0.128226 i 3:0.135476 bias 1
 test_print 1.9113
net matrix:
 1.13035 -0.30069 -2.92174
outputs matrix:
 0.905569 0.354028 0.00289035
error matrix:
 0.0944308 -0.354028 -0.00289035
delta matrix:
 0.0161502 -0.161927 -1.666e-05
weights_delta matrix:
 0.000269148 -0.00269856 -2.77644e-07
 0.000776736 -0.00778778 -8.01252e-07
 0.000207088 -0.00207632 -2.13624e-07
 0.000218797 -0.00219372 -2.25703e-07
 0.00161502 -0.0161927 -1.666e-06
weights matrix:
 -1.04766 0.217072 -0.0744078
 1.95714 -2.49354 -0.646562
 -2.5304 1.0682 2.23072
 -2.13045 -1.08531 3.10012
 0.978845 0.851497 -3.30441
regression_error on 'test' 0.0789427
classification_error on 'test' 0.0789474
Save,4524,0.0789427,0.0789474
sample_count 75 Sample index 13
 i 0:0.420705 i 1:0.269205 i 2:0.491129 i 3:0.427485 bias 1
 test_print 2.60852
net matrix:
 -1.08853 0.332219 -1.08895
outputs matrix:
 0.10183 0.660256 0.101753
error matrix:
 -0.10183 0.339744 -0.101753
delta matrix:
 -0.0186269 0.152421 -0.0186003
weights_delta matrix:
 -0.000783644 0.00641243 -0.000782525
 -0.000501446 0.00410325 -0.00050073
 -0.000914822 0.00748584 -0.000913516
 -0.000796273 0.00651577 -0.000795136
 -0.00186269 0.0152421 -0.00186003
weights matrix:
 -1.04845 0.223485 -0.0751903
 1.95664 -2.48943 -0.647062
 -2.53132 1.07568 2.2298
 -2.13124 -1.07879 3.09932
 0.976982 0.866739 -3.30627
regression_error on 'test' 0.0797001
classification_error on 'test' 0.0789474
Save,4525,0.0797001,0.0789474
sample_count 75 Sample index 69
 i 0:0.628566 i 1:0.445654 i 2:0.581855 i 3:0.536988 bias 1
 test_print 3.19306
net matrix:
 -1.42736 -0.0556175 -0.680177
outputs matrix:
 0.0544378 0.47222 0.204183
error matrix:
 -0.0544378 0.52778 -0.204183
delta matrix:
 -0.0056043 0.263075 -0.0663562
weights_delta matrix:
 -0.000352267 0.016536 -0.00417093
 -0.000249758 0.0117241 -0.00295719
 -0.000326089 0.0153072 -0.00386097
 -0.000300944 0.0141268 -0.00356325
 -0.00056043 0.0263075 -0.00663562
weights matrix:
 -1.0488 0.240021 -0.0793613
 1.95639 -2.47771 -0.65002
 -2.53164 1.09099 2.22594
 -2.13155 -1.06466 3.09576
 0.976421 0.893046 -3.31291
regression_error on 'test' 0.0816595
classification_error on 'test' 0.0789474
Save,4526,0.0816595,0.0789474
sample_count 75 Sample index 0
 i 0:0.282131 i 1:0.269205 i 2:0.430645 i 3:0.427485 bias 1
 test_print 2.40947
net matrix:
 -0.794248 0.308454 -1.2283
outputs matrix:
 0.169595 0.649515 0.0789568
error matrix:
 -0.169595 0.350485 -0.0789568
delta matrix:
 -0.0477692 0.159572 -0.0114839
weights_delta matrix:
 -0.00134772 0.00450203 -0.000323996
 -0.00128597 0.00429577 -0.000309152
 -0.00205716 0.00687191 -0.000494548
 -0.00204206 0.00682148 -0.000490919
 -0.00477692 0.0159572 -0.00114839
weights matrix:
 -1.05015 0.244523 -0.0796853
 1.95511 -2.47341 -0.650329
 -2.5337 1.09786 2.22545
 -2.13359 -1.05784 3.09527
 0.971645 0.909003 -3.31405
regression_error on 'test' 0.0826929
classification_error on 'test' 0.0789474
Save,4527,0.0826929,0.0789474
sample_count 75 Sample index 59
 i 0:0.60547 i 1:0.233915 i 2:0.596976 i 3:0.536988 bias 1
 test_print 2.97335
net matrix:
 -1.86513 0.565836 -0.523762
outputs matrix:
 0.0234249 0.756147 0.259701
error matrix:
 -0.0234249 0.243853 -0.259701
delta matrix:
 -0.00107174 0.0899273 -0.0998583
weights_delta matrix:
 -6.48909e-05 0.00544483 -0.00604612
 -2.50697e-05 0.00210353 -0.00233583
 -6.39805e-05 0.00536844 -0.0059613
 -5.75513e-05 0.00482899 -0.00536227
 -0.000107174 0.00899273 -0.00998583
weights matrix:
 -1.05021 0.249968 -0.0857314
 1.95508 -2.47131 -0.652665
 -2.53376 1.10323 2.21949
 -2.13365 -1.05301 3.08991
 0.971537 0.917996 -3.32404
regression_error on 'test' 0.0837666
classification_error on 'test' 0.105263
Save,4528,0.0837666,0.105263
sample_count 75 Sample index 36
 i 0:0.744044 i 1:0.516233 i 2:0.702823 i 3:0.901998 bias 1
 test_print 3.8651
net matrix:
 -2.50592 -0.346227 0.622241
outputs matrix:
 0.00661463 0.333487 0.776343
error matrix:
 -0.00661463 -0.333487 0.223657
delta matrix:
 -8.69278e-05 -0.148251 0.0776691
weights_delta matrix:
 -6.46781e-06 -0.0110305 0.00577892
 -4.4875e-06 -0.00765319 0.00400953
 -6.10949e-06 -0.0104194 0.00545876
 -7.84087e-06 -0.0133722 0.00700574
 -8.69278e-06 -0.0148251 0.00776691
weights matrix:
 -1.05022 0.238937 -0.0799525
 1.95508 -2.47896 -0.648655
 -2.53377 1.09281 2.22494
 -2.13365 -1.06638 3.09691
 0.971529 0.903171 -3.31627
regression_error on 'test' 0.0819761
classification_error on 'test' 0.0789474
Save,4529,0.0819761,0.0789474
sample_count 75 Sample index 41
 i 0:0.674757 i 1:0.445654 i 2:0.627218 i 3:0.536988 bias 1
 test_print 3.28462
net matrix:
 -1.6008 0.0724313 -0.600767
outputs matrix:
 0.0391059 0.536152 0.231202
error matrix:
 -0.0391059 0.463848 -0.231202
delta matrix:
 -0.00293894 0.230711 -0.0821915
weights_delta matrix:
 -0.000198307 0.0155674 -0.00554593
 -0.000130975 0.0102817 -0.0036629
 -0.000184335 0.0144706 -0.0051552
 -0.000157817 0.0123889 -0.00441358
 -0.000293894 0.0230711 -0.00821915
weights matrix:
 -1.05041 0.254505 -0.0854984
 1.95495 -2.46868 -0.652318
 -2.53395 1.10728 2.21979
 -2.13381 -1.054 3.0925
 0.971235 0.926242 -3.32449
regression_error on 'test' 0.0842688
classification_error on 'test' 0.105263
Save,4530,0.0842688,0.105263
sample_count 75 Sample index 14
 i 0:0.697853 i 1:0.516233 i 2:0.778427 i 3:0.938499 bias 1
 test_print 3.93101
net matrix:
 -2.72767 -0.297801 0.909346
outputs matrix:
 0.00425525 0.355351 0.860409
error matrix:
 -0.00425525 -0.355351 0.139591
delta matrix:
 -3.60602e-05 -0.162805 0.0335312
weights_delta matrix:
 -2.51647e-06 -0.0113614 0.00233999
 -1.86154e-06 -0.00840453 0.00173099
 -2.80702e-06 -0.0126732 0.00261016
 -3.38424e-06 -0.0152792 0.0031469
 -3.60602e-06 -0.0162805 0.00335312
weights matrix:
 -1.05042 0.243143 -0.0831584
 1.95495 -2.47709 -0.650587
 -2.53396 1.09461 2.2224
 -2.13381 -1.06927 3.09565
 0.971231 0.909962 -3.32114
regression_error on 'test' 0.0824264
classification_error on 'test' 0.0789474
Save,4531,0.0824264,0.0789474
sample_count 75 Sample index 65
 i 0:0.928809 i 1:0.410364 i 2:0.944758 i 3:0.792495 bias 1
 test_print 4.07643
net matrix:
 -3.28718 0.306034 0.887559
outputs matrix:
 0.00139376 0.648413 0.855093
error matrix:
 -0.00139376 -0.648413 0.144907
delta matrix:
 -3.8797e-06 -0.295642 0.0359106
weights_delta matrix:
 -3.6035e-07 -0.0274595 0.0033354
 -1.59209e-07 -0.0121321 0.00147364
 -3.66537e-07 -0.027931 0.00339268
 -3.07464e-07 -0.0234295 0.00284589
 -3.8797e-07 -0.0295642 0.00359106
weights matrix:
 -1.05042 0.215684 -0.079823
 1.95495 -2.48922 -0.649113
 -2.53396 1.06668 2.22579
 -2.13381 -1.0927 3.09849
 0.971231 0.880398 -3.31755
regression_error on 'test' 0.079702
classification_error on 'test' 0.0789474
Save,4532,0.079702,0.0789474
sample_count 75 Sample index 58
 i 0:0.282131 i 1:0.516233 i 2:0.158468 i 3:0.0989754 bias 1
 test_print 2.05581
net matrix:
 1.07134 -0.282885 -3.01577
outputs matrix:
 0.894982 0.362214 0.00239603
error matrix:
 0.105018 -0.362214 -0.00239603
delta matrix:
 0.0197411 -0.167354 -1.14544e-05
weights_delta matrix:
 0.000556957 -0.00472156 -3.23165e-07
 0.0010191 -0.00863934 -5.91315e-07
 0.000312833 -0.00265202 -1.81516e-07
 0.000195388 -0.00165639 -1.13371e-07
 0.00197411 -0.0167354 -1.14544e-06
weights matrix:
 -1.04986 0.210962 -0.0798233
 1.95596 -2.49786 -0.649114
 -2.53364 1.06403 2.22579
 -2.13362 -1.09436 3.09849
 0.973205 0.863662 -3.31755
regression_error on 'test' 0.0791144
classification_error on 'test' 0.0789474
Save,4533,0.0791144,0.0789474
sample_count 75 Sample index 7
 i 0:0.651661 i 1:0.410364 i 2:0.627218 i 3:0.60999 bias 1
 test_print 3.29923
net matrix:
 -1.79892 -0.0240654 -0.349834
outputs matrix:
 0.0266527 0.48797 0.331886
error matrix:
 -0.0266527 0.51203 -0.331886
delta matrix:
 -0.00138287 0.255867 -0.147183
weights_delta matrix:
 -9.01163e-05 0.0166739 -0.00959135
 -5.67481e-05 0.0104999 -0.00603987
 -8.67362e-05 0.0160484 -0.00923159
 -8.43538e-05 0.0156076 -0.00897802
 -0.000138287 0.0255867 -0.0147183
weights matrix:
 -1.04995 0.227636 -0.0894147
 1.95591 -2.48736 -0.655154
 -2.53373 1.08007 2.21656
 -2.1337 -1.07875 3.08951
 0.973067 0.889249 -3.33227
regression_error on 'test' 0.0812334
classification_error on 'test' 0.0789474
Save,4534,0.0812334,0.0789474
sample_count 75 Sample index 64
 i 0:0.282131 i 1:0.516233 i 2:0.158468 i 3:0.0989754 bias 1
 test_print 2.05581
net matrix:
 1.07385 -0.266197 -3.03867
outputs matrix:
 0.895453 0.369959 0.00228904
error matrix:
 0.104547 -0.369959 -0.00228904
delta matrix:
 0.0195747 -0.172467 -1.04554e-05
weights_delta matrix:
 0.000552262 -0.00486582 -2.94979e-07
 0.00101051 -0.00890331 -5.39741e-07
 0.000310196 -0.00273305 -1.65684e-07
 0.000193741 -0.001707 -1.03482e-07
 0.00195747 -0.0172467 -1.04554e-06
weights matrix:
 -1.0494 0.22277 -0.089415
 1.95692 -2.49626 -0.655154
 -2.53342 1.07734 2.21656
 -2.13351 -1.08046 3.08951
 0.975024 0.872002 -3.33227
regression_error on 'test' 0.080526
classification_error on 'test' 0.0789474
Save,4535,0.080526,0.0789474
sample_count 75 Sample index 36
 i 0:0.744044 i 1:0.516233 i 2:0.702823 i 3:0.901998 bias 1
 test_print 3.8651
net matrix:
 -2.50052 -0.468292 0.607575
outputs matrix:
 0.00668599 0.281591 0.771209
error matrix:
 -0.00668599 -0.281591 0.228791
delta matrix:
 -8.88071e-05 -0.11393 0.0807383
weights_delta matrix:
 -6.60764e-06 -0.00847692 0.00600729
 -4.58452e-06 -0.00588146 0.00416798
 -6.24157e-06 -0.00800729 0.00567448
 -8.01038e-06 -0.0102765 0.00728258
 -8.88071e-06 -0.011393 0.00807383
weights matrix:
 -1.04941 0.214293 -0.0834077
 1.95691 -2.50214 -0.650986
 -2.53343 1.06933 2.22223
 -2.13352 -1.09074 3.0968
 0.975015 0.860609 -3.3242
regression_error on 'test' 0.0793958
classification_error on 'test' 0.0789474
Save,4536,0.0793958,0.0789474
sample_count 75 Sample index 72
 i 0:0.905713 i 1:0.480944 i 2:0.929637 i 3:0.828996 bias 1
 test_print 4.14529
net matrix:
 -3.15812 -0.0588164 0.920277
outputs matrix:
 0.00180345 0.470626 0.863014
error matrix:
 -0.00180345 -0.470626 0.136986
delta matrix:
 -6.49315e-06 -0.234501 0.0323891
weights_delta matrix:
 -5.88093e-07 -0.021239 0.00293352
 -3.12284e-07 -0.0112782 0.00155773
 -6.03627e-07 -0.0218 0.00301101
 -5.3828e-07 -0.01944 0.00268504
 -6.49315e-07 -0.0234501 0.00323891
weights matrix:
 -1.04941 0.193054 -0.0804742
 1.95691 -2.51342 -0.649429
 -2.53343 1.04753 2.22525
 -2.13352 -1.11018 3.09948
 0.975015 0.837159 -3.32096
regression_error on 'test' 0.0779425
classification_error on 'test' 0.0789474
Save,4537,0.0779425,0.0789474
sample_count 75 Sample index 4
 i 0:0.212844 i 1:0.516233 i 2:0.158468 i 3:0.135476 bias 1
 test_print 2.02302
net matrix:
 1.07137 -0.403663 -2.90081
outputs matrix:
 0.894988 0.308461 0.00301357
error matrix:
 0.105012 -0.308461 -0.00301357
delta matrix:
 0.0197388 -0.131597 -1.81085e-05
weights_delta matrix:
 0.000420129 -0.00280097 -3.85429e-07
 0.00101898 -0.00679348 -9.34821e-07
 0.000312797 -0.00208539 -2.86962e-07
 0.000267414 -0.00178283 -2.45327e-07
 0.00197388 -0.0131597 -1.81085e-06
weights matrix:
 -1.04899 0.190253 -0.0804745
 1.95793 -2.52021 -0.64943
 -2.53311 1.04545 2.22525
 -2.13325 -1.11196 3.09948
 0.976988 0.823999 -3.32096
regression_error on 'test' 0.077685
classification_error on 'test' 0.0789474
Save,4538,0.077685,0.0789474
sample_count 75 Sample index 29
 i 0:0.420705 i 1:0.304495 i 2:0.536492 i 3:0.536988 bias 1
 test_print 2.79868
net matrix:
 -1.37267 0.100413 -0.694351
outputs matrix:
 0.0603504 0.550039 0.199615
error matrix:
 -0.0603504 0.449961 -0.199615
delta matrix:
 -0.00684472 0.222727 -0.0637845
weights_delta matrix:
 -0.000287961 0.00937025 -0.00268345
 -0.000208418 0.00678194 -0.00194221
 -0.000367214 0.0119491 -0.00342199
 -0.000367553 0.0119602 -0.00342515
 -0.000684472 0.0222727 -0.00637845
weights matrix:
 -1.04927 0.199623 -0.083158
 1.95772 -2.51343 -0.651372
 -2.53348 1.0574 2.22182
 -2.13362 -1.1 3.09606
 0.976304 0.846272 -3.32734
regression_error on 'test' 0.0785993
classification_error on 'test' 0.0789474
Save,4539,0.0785993,0.0789474
sample_count 75 Sample index 46
 i 0:0.928809 i 1:0.480944 i 2:0.854032 i 3:0.901998 bias 1
 test_print 4.16578
net matrix:
 -3.14491 -0.266281 0.972297
outputs matrix:
 0.00185166 0.36992 0.874856
error matrix:
 -0.00185166 -0.36992 0.125144
delta matrix:
 -6.84461e-06 -0.172441 0.0274022
weights_delta matrix:
 -6.35733e-07 -0.0160165 0.00254515
 -3.29187e-07 -0.00829345 0.00131789
 -5.84551e-07 -0.014727 0.00234024
 -6.17382e-07 -0.0155541 0.00247168
 -6.84461e-07 -0.0172441 0.00274022
weights matrix:
 -1.04927 0.183607 -0.0806128
 1.95772 -2.52173 -0.650054
 -2.53348 1.04267 2.22416
 -2.13362 -1.11555 3.09853
 0.976303 0.829028 -3.3246
regression_error on 'test' 0.0776791
classification_error on 'test' 0.0789474
Save,4540,0.0776791,0.0789474
sample_count 75 Sample index 39
 i 0:0.397609 i 1:0.622103 i 2:0.18871 i 3:0.135476 bias 1
 test_print 2.3439
net matrix:
 1.00986 -0.62111 -2.92155
outputs matrix:
 0.882852 0.22405 0.00289145
error matrix:
 0.117148 -0.22405 -0.00289145
delta matrix:
 0.0242319 -0.0779029 -1.66726e-05
weights_delta matrix:
 0.000963481 -0.00309749 -6.62918e-07
 0.00150747 -0.00484636 -1.03721e-06
 0.000457279 -0.0014701 -3.14629e-07
 0.000328284 -0.0010554 -2.25874e-07
 0.00242319 -0.00779029 -1.66726e-06
weights matrix:
 -1.04831 0.180509 -0.0806135
 1.95923 -2.52657 -0.650055
 -2.53302 1.0412 2.22416
 -2.13329 -1.11661 3.09853
 0.978726 0.821238 -3.3246
regression_error on 'test' 0.0775321
classification_error on 'test' 0.0789474
Save,4541,0.0775321,0.0789474
sample_count 75 Sample index 23
 i 0:0.975 i 1:0.763262 i 2:0.899395 i 3:0.792495 bias 1
 test_print 4.43015
net matrix:
 -2.51678 -0.879658 0.556611
outputs matrix:
 0.00647337 0.146876 0.752729
error matrix:
 -0.00647337 -0.146876 0.247271
delta matrix:
 -8.32665e-05 -0.0368082 0.0920479
weights_delta matrix:
 -8.11848e-06 -0.0035888 0.00897467
 -6.35541e-06 -0.00280943 0.00702567
 -7.48894e-06 -0.00331051 0.00827874
 -6.59883e-06 -0.00291703 0.00729475
 -8.32665e-06 -0.00368082 0.00920479
weights matrix:
 -1.04832 0.176921 -0.0716388
 1.95922 -2.52938 -0.643029
 -2.53303 1.03789 2.23244
 -2.1333 -1.11953 3.10582
 0.978718 0.817557 -3.31539
regression_error on 'test' 0.0770221
classification_error on 'test' 0.0789474
Save,4542,0.0770221,0.0789474
sample_count 75 Sample index 1
 i 0:0.582374 i 1:0.445654 i 2:0.581855 i 3:0.536988 bias 1
 test_print 3.14687
net matrix:
 -1.37807 -0.203908 -0.676935
outputs matrix:
 0.0597406 0.399436 0.205238
error matrix:
 -0.0597406 0.600564 -0.205238
delta matrix:
 -0.00671146 0.288135 -0.0669552
weights_delta matrix:
 -0.000390858 0.0167802 -0.00389929
 -0.000299099 0.0128408 -0.00298388
 -0.00039051 0.0167653 -0.00389582
 -0.000360397 0.0154725 -0.00359541
 -0.000671146 0.0288135 -0.00669552
weights matrix:
 -1.04871 0.193701 -0.0755381
 1.95893 -2.51654 -0.646013
 -2.53342 1.05466 2.22855
 -2.13366 -1.10405 3.10223
 0.978047 0.84637 -3.32209
regression_error on 'test' 0.078102
classification_error on 'test' 0.0789474
Save,4543,0.078102,0.0789474
sample_count 75 Sample index 1
 i 0:0.582374 i 1:0.445654 i 2:0.581855 i 3:0.536988 bias 1
 test_print 3.14687
net matrix:
 -1.37952 -0.141536 -0.691429
outputs matrix:
 0.0595776 0.429701 0.20055
error matrix:
 -0.0595776 0.570299 -0.20055
delta matrix:
 -0.00667604 0.279513 -0.0643085
weights_delta matrix:
 -0.000388795 0.0162781 -0.00374516
 -0.00029752 0.0124566 -0.00286593
 -0.000388449 0.0162636 -0.00374182
 -0.000358495 0.0150095 -0.00345329
 -0.000667604 0.0279513 -0.00643085
weights matrix:
 -1.0491 0.209979 -0.0792833
 1.95863 -2.50408 -0.648879
 -2.53381 1.07092 2.2248
 -2.13402 -1.08904 3.09877
 0.977379 0.874322 -3.32852
regression_error on 'test' 0.0796016
classification_error on 'test' 0.0789474
Save,4544,0.0796016,0.0789474
sample_count 75 Sample index 38
 i 0:0.397609 i 1:0.798551 i 2:0.128226 i 3:0.208478 bias 1
 test_print 2.53286
net matrix:
 1.35452 -1.13155 -2.9469
outputs matrix:
 0.937558 0.0942255 0.00274889
error matrix:
 0.0624424 -0.0942255 -0.00274889
delta matrix:
 0.00731118 -0.0160837 -1.50713e-05
weights_delta matrix:
 0.000290699 -0.000639504 -5.99248e-07
 0.000583835 -0.00128437 -1.20352e-06
 9.37483e-05 -0.000206235 -1.93253e-07
 0.000152422 -0.000335311 -3.14203e-07
 0.000731118 -0.00160837 -1.50713e-06
weights matrix:
 -1.04881 0.20934 -0.0792839
 1.95921 -2.50537 -0.64888
 -2.53372 1.07071 2.2248
 -2.13386 -1.08938 3.09877
 0.978111 0.872713 -3.32852
regression_error on 'test' 0.0795347
classification_error on 'test' 0.0789474
Save,4545,0.0795347,0.0789474
sample_count 75 Sample index 66
 i 0:0.60547 i 1:0.304495 i 2:0.672581 i 3:0.60999 bias 1
 test_print 3.19254
net matrix:
 -2.06611 0.292221 -0.187524
outputs matrix:
 0.0157939 0.642089 0.407322
error matrix:
 -0.0157939 0.357911 -0.407322
delta matrix:
 -0.000491013 0.164504 -0.196664
weights_delta matrix:
 -2.97294e-05 0.0099602 -0.0119074
 -1.49511e-05 0.00500905 -0.00598832
 -3.30246e-05 0.0110642 -0.0132272
 -2.99513e-05 0.0100346 -0.0119963
 -4.91013e-05 0.0164504 -0.0196664
weights matrix:
 -1.04884 0.2193 -0.0911913
 1.9592 -2.50036 -0.654869
 -2.53375 1.08178 2.21158
 -2.13389 -1.07934 3.08678
 0.978061 0.889164 -3.34819
regression_error on 'test' 0.0813366
classification_error on 'test' 0.0789474
Save,4546,0.0813366,0.0789474
sample_count 75 Sample index 50
 i 0:0.489992 i 1:0.833841 i 2:0.113105 i 3:0.135476 bias 1
 test_print 2.57241
net matrix:
 1.52213 -1.11215 -3.2706
outputs matrix:
 0.954534 0.0975887 0.00144067
error matrix:
 0.0454662 -0.0975887 -0.00144067
delta matrix:
 0.00394638 -0.0171883 -4.14509e-06
weights_delta matrix:
 0.00019337 -0.000842214 -2.03106e-07
 0.000329065 -0.00143323 -3.45635e-07
 4.46355e-05 -0.000194409 -4.68831e-08
 5.3464e-05 -0.000232861 -5.61561e-08
 0.000394638 -0.00171883 -4.14509e-07
weights matrix:
 -1.04864 0.218457 -0.0911915
 1.95953 -2.50179 -0.654869
 -2.53371 1.08158 2.21158
 -2.13384 -1.07958 3.08678
 0.978456 0.887445 -3.34819
regression_error on 'test' 0.0812529
classification_error on 'test' 0.0789474
Save,4547,0.0812529,0.0789474
sample_count 75 Sample index 7
 i 0:0.651661 i 1:0.410364 i 2:0.627218 i 3:0.60999 bias 1
 test_print 3.29923
net matrix:
 -1.79159 0.0230164 -0.406304
outputs matrix:
 0.0270358 0.511506 0.307335
error matrix:
 -0.0270358 0.488494 -0.307335
delta matrix:
 -0.00142235 0.244118 -0.130851
weights_delta matrix:
 -9.26887e-05 0.0159082 -0.00852705
 -5.83679e-05 0.0100177 -0.00536966
 -8.92121e-05 0.0153115 -0.00820721
 -8.67617e-05 0.0148909 -0.00798178
 -0.000142235 0.0244118 -0.0130851
weights matrix:
 -1.04874 0.234366 -0.0997185
 1.95947 -2.49178 -0.660239
 -2.5338 1.09689 2.20337
 -2.13393 -1.06469 3.0788
 0.978314 0.911857 -3.36127
regression_error on 'test' 0.0837044
classification_error on 'test' 0.0789474
Save,4548,0.0837044,0.0789474
sample_count 75 Sample index 3
 i 0:0.744044 i 1:0.516233 i 2:0.672581 i 3:0.60999 bias 1
 test_print 3.54285
net matrix:
 -1.79631 -0.111799 -0.416326
outputs matrix:
 0.0267889 0.444332 0.303085
error matrix:
 -0.0267889 0.555668 -0.303085
delta matrix:
 -0.00139684 0.27439 -0.128038
weights_delta matrix:
 -0.000103931 0.0204158 -0.00952658
 -7.21093e-05 0.0141649 -0.00660973
 -9.39486e-05 0.0184549 -0.00861158
 -8.52056e-05 0.0167375 -0.00781018
 -0.000139684 0.027439 -0.0128038
weights matrix:
 -1.04884 0.254782 -0.109245
 1.9594 -2.47761 -0.666848
 -2.53389 1.11535 2.19476
 -2.13401 -1.04795 3.07099
 0.978174 0.939296 -3.37408
regression_error on 'test' 0.0871118
classification_error on 'test' 0.0526316
Save,4549,0.0871118,0.0526316
sample_count 75 Sample index 48
 i 0:0.744044 i 1:0.516233 i 2:0.748185 i 3:0.828996 bias 1
 test_print 3.83746
net matrix:
 -2.45561 -0.184417 0.388311
outputs matrix:
 0.00730967 0.408823 0.684952
error matrix:
 -0.00730967 -0.408823 0.315048
delta matrix:
 -0.000106081 -0.197614 0.13597
weights_delta matrix:
 -7.89292e-06 -0.0147033 0.0101168
 -5.47627e-06 -0.0102015 0.00701924
 -7.93685e-06 -0.0147852 0.0101731
 -8.7941e-06 -0.0163821 0.0112719
 -1.06081e-05 -0.0197614 0.013597
weights matrix:
 -1.04885 0.240078 -0.0991283
 1.95939 -2.48781 -0.659829
 -2.5339 1.10056 2.20493
 -2.13402 -1.06433 3.08226
 0.978164 0.919534 -3.36048
regression_error on 'test' 0.0841178
classification_error on 'test' 0.0789474
Save,4550,0.0841178,0.0789474
sample_count 75 Sample index 70
 i 0:0.259036 i 1:0.622103 i 2:0.173589 i 3:0.135476 bias 1
 test_print 2.1902
net matrix:
 1.19645 -0.519097 -2.99632
outputs matrix:
 0.916284 0.261498 0.00249087
error matrix:
 0.0837156 -0.261498 -0.00249087
delta matrix:
 0.0128432 -0.101 -1.23779e-05
weights_delta matrix:
 0.000332685 -0.00261625 -3.20633e-07
 0.000798978 -0.00628322 -7.70034e-07
 0.000222944 -0.00175324 -2.14867e-07
 0.000173994 -0.0013683 -1.67691e-07
 0.00128432 -0.0101 -1.23779e-06
weights matrix:
 -1.04852 0.237462 -0.0991286
 1.96019 -2.49409 -0.65983
 -2.53367 1.09881 2.20493
 -2.13385 -1.0657 3.08226
 0.979448 0.909434 -3.36048
regression_error on 'test' 0.083559
classification_error on 'test' 0.0789474
Save,4551,0.083559,0.0789474
sample_count 75 Sample index 51
 i 0:0.628566 i 1:0.516233 i 2:0.763306 i 3:0.719493 bias 1
 test_print 3.6276
net matrix:
 -2.13696 -0.156873 0.137284
outputs matrix:
 0.0137359 0.4222 0.568214
error matrix:
 -0.0137359 -0.4222 0.431786
delta matrix:
 -0.000372166 -0.205989 0.211875
weights_delta matrix:
 -2.33931e-05 -0.0129478 0.0133177
 -1.92124e-05 -0.0106338 0.0109377
 -2.84077e-05 -0.0157233 0.0161725
 -2.67771e-05 -0.0148208 0.0152442
 -3.72166e-05 -0.0205989 0.0211875
weights matrix:
 -1.04854 0.224514 -0.0858109
 1.96017 -2.50473 -0.648892
 -2.5337 1.08309 2.2211
 -2.13387 -1.08052 3.0975
 0.979411 0.888835 -3.33929
regression_error on 'test' 0.080831
classification_error on 'test' 0.0789474
Save,4552,0.080831,0.0789474
sample_count 75 Sample index 26
 i 0:0.489992 i 1:0.339785 i 2:0.536492 i 3:0.500487 bias 1
 test_print 2.86676
net matrix:
 -1.29562 0.188058 -0.85996
outputs matrix:
 0.0697048 0.592936 0.151881
error matrix:
 -0.0697048 0.407064 -0.151881
delta matrix:
 -0.00904016 0.1965 -0.0391287
weights_delta matrix:
 -0.000442961 0.00962836 -0.00191728
 -0.000307171 0.00667679 -0.00132954
 -0.000484998 0.0105421 -0.00209922
 -0.000452448 0.00983459 -0.00195834
 -0.000904016 0.01965 -0.00391287
weights matrix:
 -1.04898 0.234142 -0.0877282
 1.95986 -2.49805 -0.650222
 -2.53419 1.09363 2.219
 -2.13433 -1.07069 3.09554
 0.978507 0.908485 -3.34321
regression_error on 'test' 0.0822251
classification_error on 'test' 0.0789474
Save,4553,0.0822251,0.0789474
sample_count 75 Sample index 51
 i 0:0.628566 i 1:0.516233 i 2:0.763306 i 3:0.719493 bias 1
 test_print 3.6276
net matrix:
 -2.1391 -0.169494 0.186986
outputs matrix:
 0.013678 0.416055 0.592418
error matrix:
 -0.013678 -0.416055 0.407582
delta matrix:
 -0.000369059 -0.202164 0.196828
weights_delta matrix:
 -2.31978e-05 -0.0127073 0.012372
 -1.90521e-05 -0.0104364 0.0101609
 -2.81705e-05 -0.0154313 0.015024
 -2.65536e-05 -0.0145456 0.0141617
 -3.69059e-05 -0.0202164 0.0196828
weights matrix:
 -1.04901 0.221435 -0.0753562
 1.95984 -2.50849 -0.640061
 -2.53422 1.0782 2.23403
 -2.13435 -1.08523 3.1097
 0.97847 0.888269 -3.32352
regression_error on 'test' 0.0798922
classification_error on 'test' 0.0789474
Save,4554,0.0798922,0.0789474
sample_count 75 Sample index 63
 i 0:0.420705 i 1:0.904421 i 2:0.143347 i 3:0.135476 bias 1
 test_print 2.60395
net matrix:
 1.65725 -1.27977 -3.19258
outputs matrix:
 0.964923 0.0717885 0.00168356
error matrix:
 0.0350774 -0.0717885 -0.00168356
delta matrix:
 0.00237453 -0.00956723 -5.65923e-06
weights_delta matrix:
 9.98975e-05 -0.000402498 -2.38087e-07
 0.000214757 -0.000865281 -5.11832e-07
 3.40381e-05 -0.000137143 -8.11233e-08
 3.21691e-05 -0.000129613 -7.66689e-08
 0.000237453 -0.000956723 -5.65923e-07
weights matrix:
 -1.04891 0.221033 -0.0753565
 1.96006 -2.50935 -0.640061
 -2.53418 1.07806 2.23403
 -2.13432 -1.08536 3.1097
 0.978707 0.887312 -3.32352
regression_error on 'test' 0.0798472
classification_error on 'test' 0.0789474
Save,4555,0.0798472,0.0789474
sample_count 75 Sample index 16
 i 0:0.60547 i 1:0.304495 i 2:0.687702 i 3:0.755994 bias 1
 test_print 3.35366
net matrix:
 -2.41584 0.177914 0.323218
outputs matrix:
 0.00791003 0.58803 0.656207
error matrix:
 -0.00791003 -0.58803 0.343793
delta matrix:
 -0.000124147 -0.284901 0.155119
weights_delta matrix:
 -7.51674e-06 -0.0172499 0.00939199
 -3.78022e-06 -0.00867511 0.0047233
 -8.53763e-06 -0.0195927 0.0106676
 -9.38546e-06 -0.0215384 0.0117269
 -1.24147e-05 -0.0284901 0.0155119
weights matrix:
 -1.04891 0.203783 -0.0659645
 1.96005 -2.51803 -0.635338
 -2.53419 1.05847 2.2447
 -2.13433 -1.1069 3.12143
 0.978695 0.858822 -3.30801
regression_error on 'test' 0.0778265
classification_error on 'test' 0.0789474
Save,4556,0.0778265,0.0789474
sample_count 75 Sample index 22
 i 0:0.305227 i 1:0.233915 i 2:0.430645 i 3:0.427485 bias 1
 test_print 2.39727
net matrix:
 -0.886706 0.314659 -1.17573
outputs matrix:
 0.145118 0.652335 0.0869499
error matrix:
 -0.145118 0.347665 -0.0869499
delta matrix:
 -0.0360065 0.157697 -0.0138059
weights_delta matrix:
 -0.00109902 0.00481333 -0.000421392
 -0.000842247 0.00368877 -0.00032294
 -0.0015506 0.00679114 -0.000594542
 -0.00153923 0.0067413 -0.000590179
 -0.00360065 0.0157697 -0.00138059
weights matrix:
 -1.05001 0.208596 -0.0663859
 1.95921 -2.51434 -0.635661
 -2.53574 1.06526 2.2441
 -2.13587 -1.10016 3.12084
 0.975094 0.874592 -3.30939
regression_error on 'test' 0.0784365
classification_error on 'test' 0.0789474
Save,4557,0.0784365,0.0789474
sample_count 75 Sample index 40
 i 0:0.328323 i 1:0.763262 i 2:0.158468 i 3:0.171977 bias 1
 test_print 2.42203
net matrix:
 1.35659 -0.996414 -2.92403
outputs matrix:
 0.9378 0.119958 0.00287717
error matrix:
 0.0622002 -0.119958 -0.00287717
delta matrix:
 0.00725645 -0.0253275 -1.65086e-05
weights_delta matrix:
 0.000238246 -0.00083156 -5.42015e-07
 0.000553857 -0.00193315 -1.26004e-06
 0.000114991 -0.00040136 -2.61608e-07
 0.000124794 -0.000435575 -2.8391e-07
 0.000725645 -0.00253275 -1.65086e-06
weights matrix:
 -1.04977 0.207764 -0.0663864
 1.95977 -2.51627 -0.635662
 -2.53563 1.06486 2.2441
 -2.13574 -1.10059 3.12084
 0.97582 0.872059 -3.30939
regression_error on 'test' 0.0783442
classification_error on 'test' 0.0789474
Save,4558,0.0783442,0.0789474
sample_count 75 Sample index 52
 i 0:0.443801 i 1:0.410364 i 2:0.672581 i 3:0.792495 bias 1
 test_print 3.31924
net matrix:
 -2.08383 -0.224334 0.382881
outputs matrix:
 0.0152521 0.389678 0.682603
error matrix:
 -0.0152521 -0.389678 0.317397
delta matrix:
 -0.000458157 -0.185353 0.137532
weights_delta matrix:
 -2.03331e-05 -0.008226 0.00610367
 -1.88011e-05 -0.00760623 0.00564381
 -3.08148e-05 -0.0124665 0.00925012
 -3.63087e-05 -0.0146892 0.0108993
 -4.58157e-05 -0.0185353 0.0137532
weights matrix:
 -1.04979 0.199538 -0.0602827
 1.95975 -2.52388 -0.630018
 -2.53566 1.05239 2.25335
 -2.13578 -1.11528 3.13174
 0.975774 0.853524 -3.29564
regression_error on 'test' 0.0772137
classification_error on 'test' 0.0789474
Save,4559,0.0772137,0.0789474
sample_count 75 Sample index 58
 i 0:0.282131 i 1:0.516233 i 2:0.158468 i 3:0.0989754 bias 1
 test_print 2.05581
net matrix:
 1.07807 -0.336705 -2.97084
outputs matrix:
 0.896241 0.337734 0.00262075
error matrix:
 0.103759 -0.337734 -0.00262075
delta matrix:
 0.0192977 -0.151082 -1.37006e-05
weights_delta matrix:
 0.000544447 -0.00426248 -3.86538e-07
 0.000996209 -0.00779933 -7.07272e-07
 0.000305806 -0.00239416 -2.17111e-07
 0.000190999 -0.00149534 -1.35603e-07
 0.00192977 -0.0151082 -1.37006e-06
weights matrix:
 -1.04925 0.195276 -0.0602831
 1.96074 -2.53168 -0.630019
 -2.53535 1.05 2.25335
 -2.13559 -1.11678 3.13174
 0.977704 0.838416 -3.29564
regression_error on 'test' 0.076881
classification_error on 'test' 0.0526316
Save,4560,0.076881,0.0526316
sample_count 75 Sample index 7
 i 0:0.651661 i 1:0.410364 i 2:0.627218 i 3:0.60999 bias 1
 test_print 3.29923
net matrix:
 -1.79434 -0.0958862 -0.269791
outputs matrix:
 0.0268917 0.452203 0.368285
error matrix:
 -0.0268917 0.547797 -0.368285
delta matrix:
 -0.00140743 0.271395 -0.171364
weights_delta matrix:
 -9.17168e-05 0.0176858 -0.0111671
 -5.77559e-05 0.0111371 -0.00703215
 -8.82766e-05 0.0170224 -0.0107482
 -8.58519e-05 0.0165549 -0.010453
 -0.000140743 0.0271395 -0.0171364
weights matrix:
 -1.04934 0.212962 -0.0714502
 1.96069 -2.52054 -0.637051
 -2.53544 1.06702 2.2426
 -2.13568 -1.10022 3.12129
 0.977563 0.865555 -3.31278
regression_error on 'test' 0.0783621
classification_error on 'test' 0.0789474
Save,4561,0.0783621,0.0789474
sample_count 75 Sample index 44
 i 0:0.536183 i 1:0.375074 i 2:0.702823 i 3:0.646491 bias 1
 test_print 3.26057
net matrix:
 -2.01233 0.0729941 0.00400631
outputs matrix:
 0.0175557 0.536432 0.502003
error matrix:
 -0.0175557 0.463568 -0.502003
delta matrix:
 -0.00060558 0.230553 -0.250998
weights_delta matrix:
 -3.24702e-05 0.0123619 -0.0134581
 -2.27137e-05 0.00864745 -0.00941427
 -4.25616e-05 0.0162038 -0.0176407
 -3.91502e-05 0.0149051 -0.0162268
 -6.0558e-05 0.0230553 -0.0250998
weights matrix:
 -1.04937 0.225324 -0.0849083
 1.96066 -2.51189 -0.646466
 -2.53548 1.08322 2.22496
 -2.13571 -1.08532 3.10506
 0.977502 0.88861 -3.33788
regression_error on 'test' 0.0804681
classification_error on 'test' 0.0789474
Save,4562,0.0804681,0.0789474
sample_count 75 Sample index 48
 i 0:0.744044 i 1:0.516233 i 2:0.748185 i 3:0.828996 bias 1
 test_print 3.83746
net matrix:
 -2.45863 -0.329734 0.503985
outputs matrix:
 0.00726601 0.340859 0.732623
error matrix:
 -0.00726601 -0.340859 0.267377
delta matrix:
 -0.000104823 -0.153165 0.104751
weights_delta matrix:
 -7.79927e-06 -0.0113961 0.00779396
 -5.41129e-06 -0.00790686 0.00540761
 -7.84268e-06 -0.0114595 0.00783734
 -8.68976e-06 -0.0126973 0.00868384
 -1.04823e-05 -0.0153165 0.0104751
weights matrix:
 -1.04938 0.213928 -0.0771143
 1.96066 -2.5198 -0.641058
 -2.53549 1.07176 2.2328
 -2.13572 -1.09801 3.11374
 0.977492 0.873294 -3.3274
regression_error on 'test' 0.0790101
classification_error on 'test' 0.0789474
Save,4563,0.0790101,0.0789474
sample_count 75 Sample index 42
 i 0:0.651661 i 1:0.551523 i 2:0.702823 i 3:0.792495 bias 1
 test_print 3.6985
net matrix:
 -2.09955 -0.493937 0.305675
outputs matrix:
 0.0147871 0.271332 0.648249
error matrix:
 -0.0147871 -0.271332 0.351751
delta matrix:
 -0.000430849 -0.107291 0.160414
weights_delta matrix:
 -2.80767e-05 -0.00699172 0.0104536
 -2.37623e-05 -0.00591734 0.00884721
 -3.0281e-05 -0.00754065 0.0112743
 -3.41445e-05 -0.00850274 0.0127127
 -4.30849e-05 -0.0107291 0.0160414
weights matrix:
 -1.04941 0.206936 -0.0666608
 1.96063 -2.52572 -0.632211
 -2.53552 1.06422 2.24407
 -2.13576 -1.10652 3.12646
 0.977449 0.862565 -3.31136
regression_error on 'test' 0.0779425
classification_error on 'test' 0.0789474
Save,4564,0.0779425,0.0789474
sample_count 75 Sample index 51
 i 0:0.628566 i 1:0.516233 i 2:0.763306 i 3:0.719493 bias 1
 test_print 3.6276
net matrix:
 -2.14207 -0.295025 0.282748
outputs matrix:
 0.013598 0.356623 0.637723
error matrix:
 -0.013598 -0.356623 0.362277
delta matrix:
 -0.000364782 -0.16365 0.167395
weights_delta matrix:
 -2.2929e-05 -0.0102865 0.0105219
 -1.88313e-05 -0.00844813 0.00864149
 -2.78441e-05 -0.0124915 0.0127774
 -2.62458e-05 -0.0117745 0.012044
 -3.64782e-05 -0.016365 0.0167395
weights matrix:
 -1.04943 0.196649 -0.0561389
 1.96061 -2.53417 -0.623569
 -2.53555 1.05173 2.25685
 -2.13578 -1.11829 3.1385
 0.977412 0.8462 -3.29462
regression_error on 'test' 0.0768953
classification_error on 'test' 0.0789474
Save,4565,0.0768953,0.0789474
sample_count 75 Sample index 15
 i 0:0.720948 i 1:0.410364 i 2:0.65746 i 3:0.573489 bias 1
 test_print 3.36226
net matrix:
 -1.86648 -0.0018132 -0.307301
outputs matrix:
 0.0233631 0.499093 0.35101
error matrix:
 -0.0233631 0.500907 -0.35101
delta matrix:
 -0.00106617 0.250452 -0.159922
weights_delta matrix:
 -7.6865e-05 0.0180563 -0.0115295
 -4.37516e-05 0.0102777 -0.00656261
 -7.00962e-05 0.0164662 -0.0105142
 -6.11435e-05 0.0143632 -0.00917133
 -0.000106617 0.0250452 -0.0159922
weights matrix:
 -1.04951 0.214706 -0.0676684
 1.96057 -2.52389 -0.630132
 -2.53562 1.0682 2.24634
 -2.13584 -1.10393 3.12933
 0.977306 0.871245 -3.31061
regression_error on 'test' 0.0782707
classification_error on 'test' 0.0789474
Save,4566,0.0782707,0.0789474
sample_count 75 Sample index 3
 i 0:0.744044 i 1:0.516233 i 2:0.672581 i 3:0.60999 bias 1
 test_print 3.54285
net matrix:
 -1.79972 -0.226855 -0.266554
outputs matrix:
 0.0266117 0.388479 0.369792
error matrix:
 -0.0266117 0.611521 -0.369792
delta matrix:
 -0.00137867 0.29055 -0.172357
weights_delta matrix:
 -0.000102579 0.0216182 -0.0128241
 -7.11715e-05 0.0149991 -0.00889764
 -9.27268e-05 0.0195418 -0.0115924
 -8.40975e-05 0.0177232 -0.0105136
 -0.000137867 0.029055 -0.0172357
weights matrix:
 -1.04961 0.236324 -0.0804925
 1.9605 -2.50889 -0.639029
 -2.53571 1.08774 2.23474
 -2.13593 -1.08621 3.11882
 0.977168 0.9003 -3.32785
regression_error on 'test' 0.0805994
classification_error on 'test' 0.0789474
Save,4567,0.0805994,0.0789474
sample_count 75 Sample index 25
 i 0:0.628566 i 1:0.410364 i 2:0.778427 i 3:0.865497 bias 1
 test_print 3.68285
net matrix:
 -2.70057 -0.0740942 0.798231
outputs matrix:
 0.00449118 0.463021 0.831523
error matrix:
 -0.00449118 -0.463021 0.168477
delta matrix:
 -4.01601e-05 -0.230244 0.0472045
weights_delta matrix:
 -2.52433e-06 -0.0144724 0.00296712
 -1.64803e-06 -0.00944838 0.0019371
 -3.12617e-06 -0.0179228 0.00367453
 -3.47585e-06 -0.0199275 0.00408554
 -4.01601e-06 -0.0230244 0.00472045
weights matrix:
 -1.04961 0.221851 -0.0775254
 1.9605 -2.51834 -0.637092
 -2.53571 1.06982 2.23842
 -2.13593 -1.10613 3.1229
 0.977164 0.877276 -3.32313
regression_error on 'test' 0.0788374
classification_error on 'test' 0.0789474
Save,4568,0.0788374,0.0789474
sample_count 75 Sample index 19
 i 0:0.674757 i 1:0.480944 i 2:0.596976 i 3:0.573489 bias 1
 test_print 3.32617
net matrix:
 -1.52688 -0.179908 -0.554614
outputs matrix:
 0.0450558 0.411004 0.248015
error matrix:
 -0.0450558 0.588996 -0.248015
delta matrix:
 -0.00387713 0.285168 -0.0925112
weights_delta matrix:
 -0.000261612 0.0192419 -0.00624226
 -0.000186468 0.013715 -0.00444927
 -0.000231455 0.0170238 -0.0055227
 -0.000222349 0.0163541 -0.00530541
 -0.000387713 0.0285168 -0.00925112
weights matrix:
 -1.04988 0.241093 -0.0837677
 1.96031 -2.50462 -0.641542
 -2.53594 1.08684 2.2329
 -2.13615 -1.08978 3.1176
 0.976776 0.905792 -3.33238
regression_error on 'test' 0.0809203
classification_error on 'test' 0.0789474
Save,4569,0.0809203,0.0789474
sample_count 75 Sample index 9
 i 0:0.351418 i 1:0.375074 i 2:0.521371 i 3:0.573489 bias 1
 test_print 2.82135
net matrix:
 -1.20414 -0.00723077 -0.65037
outputs matrix:
 0.082544 0.496385 0.214041
error matrix:
 -0.082544 0.503615 -0.214041
delta matrix:
 -0.0125022 0.251794 -0.0720149
weights_delta matrix:
 -0.000439349 0.00884851 -0.00253073
 -0.000468924 0.00944416 -0.00270109
 -0.000651828 0.0131278 -0.00375465
 -0.000716986 0.0144401 -0.00412998
 -0.00125022 0.0251794 -0.00720149
weights matrix:
 -1.05032 0.249942 -0.0862984
 1.95984 -2.49518 -0.644243
 -2.5366 1.09997 2.22914
 -2.13687 -1.07534 3.11347
 0.975526 0.930972 -3.33958
regression_error on 'test' 0.0828936
classification_error on 'test' 0.105263
Save,4570,0.0828936,0.105263
sample_count 75 Sample index 72
 i 0:0.905713 i 1:0.480944 i 2:0.929637 i 3:0.828996 bias 1
 test_print 4.14529
net matrix:
 -3.16276 0.0884265 0.925755
outputs matrix:
 0.00178685 0.544098 0.864304
error matrix:
 -0.00178685 -0.544098 0.135696
delta matrix:
 -6.37425e-06 -0.269933 0.0318295
weights_delta matrix:
 -5.77324e-07 -0.0244482 0.00288283
 -3.06566e-07 -0.0129823 0.00153082
 -5.92574e-07 -0.025094 0.00295898
 -5.28423e-07 -0.0223773 0.00263865
 -6.37425e-07 -0.0269933 0.00318295
weights matrix:
 -1.05032 0.225494 -0.0834156
 1.95984 -2.50816 -0.642712
 -2.5366 1.07488 2.2321
 -2.13687 -1.09772 3.1161
 0.975525 0.903979 -3.3364
regression_error on 'test' 0.0802173
classification_error on 'test' 0.0789474
Save,4571,0.0802173,0.0789474
sample_count 75 Sample index 58
 i 0:0.282131 i 1:0.516233 i 2:0.158468 i 3:0.0989754 bias 1
 test_print 2.05581
net matrix:
 1.07747 -0.265512 -3.02959
outputs matrix:
 0.896129 0.370278 0.00233088
error matrix:
 0.103871 -0.370278 -0.00233088
delta matrix:
 0.0193371 -0.172677 -1.08406e-05
weights_delta matrix:
 0.000545558 -0.00487176 -3.05848e-07
 0.000998242 -0.00891417 -5.5963e-07
 0.00030643 -0.00273638 -1.7179e-07
 0.000191389 -0.00170908 -1.07296e-07
 0.00193371 -0.0172677 -1.08406e-06
weights matrix:
 -1.04977 0.220622 -0.0834159
 1.96084 -2.51708 -0.642712
 -2.53629 1.07214 2.2321
 -2.13668 -1.09943 3.1161
 0.977459 0.886711 -3.3364
regression_error on 'test' 0.0795441
classification_error on 'test' 0.0789474
Save,4572,0.0795441,0.0789474
sample_count 75 Sample index 9
 i 0:0.351418 i 1:0.375074 i 2:0.521371 i 3:0.573489 bias 1
 test_print 2.82135
net matrix:
 -1.2037 -0.0513744 -0.655975
outputs matrix:
 0.0826101 0.474335 0.212161
error matrix:
 -0.0826101 0.525665 -0.212161
delta matrix:
 -0.0125213 0.26214 -0.0709247
weights_delta matrix:
 -0.000440021 0.00921207 -0.00249242
 -0.000469642 0.00983218 -0.0026602
 -0.000652825 0.0136672 -0.00369781
 -0.000718084 0.0150334 -0.00406745
 -0.00125213 0.026214 -0.00709247
weights matrix:
 -1.05021 0.229834 -0.0859083
 1.96037 -2.50724 -0.645373
 -2.53694 1.08581 2.2284
 -2.1374 -1.08439 3.11204
 0.976207 0.912925 -3.34349
regression_error on 'test' 0.0812723
classification_error on 'test' 0.0789474
Save,4573,0.0812723,0.0789474
sample_count 75 Sample index 50
 i 0:0.489992 i 1:0.833841 i 2:0.113105 i 3:0.135476 bias 1
 test_print 2.57241
net matrix:
 1.51974 -1.0892 -3.25008
outputs matrix:
 0.954326 0.101707 0.00150095
error matrix:
 0.0456736 -0.101707 -0.00150095
delta matrix:
 0.0039816 -0.0185845 -4.49897e-06
weights_delta matrix:
 0.000195095 -0.000910625 -2.20446e-07
 0.000332002 -0.00154965 -3.75142e-07
 4.50339e-05 -0.0002102 -5.08856e-08
 5.39411e-05 -0.000251775 -6.09502e-08
 0.00039816 -0.00185845 -4.49897e-07
weights matrix:
 -1.05002 0.228923 -0.0859085
 1.9607 -2.50879 -0.645373
 -2.5369 1.0856 2.2284
 -2.13735 -1.08464 3.11204
 0.976605 0.911066 -3.34349
regression_error on 'test' 0.0811713
classification_error on 'test' 0.0789474
Save,4574,0.0811713,0.0789474
sample_count 75 Sample index 36
 i 0:0.744044 i 1:0.516233 i 2:0.702823 i 3:0.901998 bias 1
 test_print 3.8651
net matrix:
 -2.50335 -0.429091 0.632648
outputs matrix:
 0.00664852 0.297719 0.779936
error matrix:
 -0.00664852 -0.297719 0.220064
delta matrix:
 -8.78179e-05 -0.124496 0.0755415
weights_delta matrix:
 -6.53404e-06 -0.00926304 0.00562062
 -4.53345e-06 -0.00642689 0.0038997
 -6.17204e-06 -0.00874985 0.00530923
 -7.92116e-06 -0.0112295 0.00681383
 -8.78179e-06 -0.0124496 0.00755415
weights matrix:
 -1.05002 0.21966 -0.0802879
 1.9607 -2.51522 -0.641473
 -2.5369 1.07685 2.23371
 -2.13735 -1.09587 3.11885
 0.976596 0.898617 -3.33594
regression_error on 'test' 0.0798887
classification_error on 'test' 0.0789474
Save,4575,0.0798887,0.0789474
sample_count 75 Sample index 47
 i 0:0.282131 i 1:0.516233 i 2:0.158468 i 3:0.0989754 bias 1
 test_print 2.05581
net matrix:
 1.07897 -0.275668 -3.02708
outputs matrix:
 0.896408 0.365554 0.00234258
error matrix:
 0.103592 -0.365554 -0.00234258
delta matrix:
 0.0192394 -0.169562 -1.09496e-05
weights_delta matrix:
 0.000542802 -0.00478387 -3.08923e-07
 0.000993199 -0.00875335 -5.65255e-07
 0.000304882 -0.00268701 -1.73516e-07
 0.000190422 -0.00167825 -1.08374e-07
 0.00192394 -0.0169562 -1.09496e-06
weights matrix:
 -1.04948 0.214877 -0.0802882
 1.96169 -2.52397 -0.641474
 -2.5366 1.07416 2.23371
 -2.13716 -1.09755 3.11885
 0.97852 0.881661 -3.33594
regression_error on 'test' 0.0792582
classification_error on 'test' 0.0789474
Save,4576,0.0792582,0.0789474
sample_count 75 Sample index 42
 i 0:0.651661 i 1:0.551523 i 2:0.702823 i 3:0.792495 bias 1
 test_print 3.6985
net matrix:
 -2.09994 -0.485202 0.299529
outputs matrix:
 0.0147758 0.2748 0.645441
error matrix:
 -0.0147758 -0.2748 0.354559
delta matrix:
 -0.000430199 -0.109527 0.16228
weights_delta matrix:
 -2.80344e-05 -0.00713744 0.0105751
 -2.37265e-05 -0.00604066 0.0089501
 -3.02354e-05 -0.0076978 0.0114054
 -3.4093e-05 -0.00867995 0.0128606
 -4.30199e-05 -0.0109527 0.016228
weights matrix:
 -1.04951 0.207739 -0.0697131
 1.96167 -2.53001 -0.632524
 -2.53663 1.06646 2.24512
 -2.1372 -1.10623 3.13171
 0.978477 0.870708 -3.31971
regression_error on 'test' 0.0781223
classification_error on 'test' 0.0789474
Save,4577,0.0781223,0.0789474
sample_count 75 Sample index 64
 i 0:0.282131 i 1:0.516233 i 2:0.158468 i 3:0.0989754 bias 1
 test_print 2.05581
net matrix:
 1.08155 -0.317249 -3.00017
outputs matrix:
 0.896887 0.346491 0.00247179
error matrix:
 0.103113 -0.346491 -0.00247179
delta matrix:
 0.019072 -0.156916 -1.21893e-05
weights_delta matrix:
 0.000538079 -0.00442708 -3.43898e-07
 0.000984557 -0.00810051 -6.29252e-07
 0.000302229 -0.00248661 -1.93161e-07
 0.000188765 -0.00155308 -1.20644e-07
 0.0019072 -0.0156916 -1.21893e-06
weights matrix:
 -1.04897 0.203312 -0.0697134
 1.96265 -2.53811 -0.632524
 -2.53633 1.06397 2.24512
 -2.13701 -1.10778 3.13171
 0.980384 0.855016 -3.31971
regression_error on 'test' 0.0776899
classification_error on 'test' 0.0789474
Save,4578,0.0776899,0.0789474
sample_count 75 Sample index 32
 i 0:0.697853 i 1:0.516233 i 2:0.642339 i 3:0.60999 bias 1
 test_print 3.46642
net matrix:
 -1.67119 -0.305665 -0.342455
outputs matrix:
 0.0341455 0.351756 0.335166
error matrix:
 -0.0341455 0.648244 -0.335166
delta matrix:
 -0.0022522 0.29563 -0.14937
weights_delta matrix:
 -0.000157171 0.0206306 -0.0104238
 -0.000116266 0.0152614 -0.00771098
 -0.000144668 0.0189895 -0.00959463
 -0.000137382 0.0180331 -0.00911143
 -0.00022522 0.029563 -0.014937
weights matrix:
 -1.04913 0.223943 -0.0801373
 1.96254 -2.52285 -0.640235
 -2.53647 1.08296 2.23552
 -2.13715 -1.08975 3.1226
 0.980159 0.884579 -3.33465
regression_error on 'test' 0.079685
classification_error on 'test' 0.0789474
Save,4579,0.079685,0.0789474
sample_count 75 Sample index 45
 i 0:0.697853 i 1:0.586813 i 2:0.793548 i 3:0.975 bias 1
 test_print 4.05321
net matrix:
 -2.69686 -0.642708 1.05226
outputs matrix:
 0.00452443 0.21663 0.891341
error matrix:
 -0.00452443 -0.21663 0.108659
delta matrix:
 -4.07557e-05 -0.0735247 0.0210478
weights_delta matrix:
 -2.84415e-06 -0.00513094 0.00146882
 -2.3916e-06 -0.00431452 0.00123511
 -3.23416e-06 -0.00583453 0.00167024
 -3.97368e-06 -0.00716865 0.00205216
 -4.07557e-06 -0.00735247 0.00210478
weights matrix:
 -1.04913 0.218812 -0.0786684
 1.96253 -2.52717 -0.639
 -2.53648 1.07713 2.23719
 -2.13715 -1.09692 3.12465
 0.980155 0.877227 -3.33255
regression_error on 'test' 0.0790892
classification_error on 'test' 0.0789474
Save,4580,0.0790892,0.0789474
sample_count 75 Sample index 37
 i 0:0.720948 i 1:0.551523 i 2:0.82379 i 3:0.901998 bias 1
 test_print 3.99826
net matrix:
 -2.71106 -0.460903 0.919721
outputs matrix:
 0.00439836 0.28459 0.862883
error matrix:
 -0.00439836 -0.28459 0.137117
delta matrix:
 -3.85209e-05 -0.115884 0.0324463
weights_delta matrix:
 -2.77716e-06 -0.00835464 0.00233921
 -2.12452e-06 -0.00639128 0.00178949
 -3.17332e-06 -0.00954642 0.0026729
 -3.47458e-06 -0.0104527 0.00292665
 -3.85209e-06 -0.0115884 0.00324463
weights matrix:
 -1.04913 0.210457 -0.0763292
 1.96253 -2.53356 -0.637211
 -2.53648 1.06758 2.23987
 -2.13715 -1.10737 3.12758
 0.980151 0.865639 -3.3293
regression_error on 'test' 0.0782644
classification_error on 'test' 0.0789474
Save,4581,0.0782644,0.0789474
sample_count 75 Sample index 4
 i 0:0.212844 i 1:0.516233 i 2:0.158468 i 3:0.135476 bias 1
 test_print 2.02302
net matrix:
 1.07849 -0.378318 -2.89584
outputs matrix:
 0.896319 0.319377 0.00304357
error matrix:
 0.103681 -0.319377 -0.00304357
delta matrix:
 0.0192703 -0.138849 -1.84702e-05
weights_delta matrix:
 0.000410158 -0.00295533 -3.93128e-07
 0.000994799 -0.00716786 -9.53495e-07
 0.000305373 -0.00220032 -2.92694e-07
 0.000261067 -0.00188108 -2.50228e-07
 0.00192703 -0.0138849 -1.84702e-06
weights matrix:
 -1.04872 0.207502 -0.0763296
 1.96353 -2.54073 -0.637212
 -2.53617 1.06538 2.23987
 -2.13689 -1.10925 3.12758
 0.982078 0.851754 -3.3293
regression_error on 'test' 0.0778957
classification_error on 'test' 0.0789474
Save,4582,0.0778957,0.0789474
sample_count 75 Sample index 73
 i 0:0.582374 i 1:0.410364 i 2:0.65746 i 3:0.719493 bias 1
 test_print 3.36969
net matrix:
 -2.02782 -0.167679 0.0876481
outputs matrix:
 0.0170293 0.416937 0.543712
error matrix:
 -0.0170293 -0.416937 0.456288
delta matrix:
 -0.000570119 -0.202715 0.2264
weights_delta matrix:
 -3.32023e-05 -0.0118056 0.013185
 -2.33956e-05 -0.00831871 0.00929065
 -3.74831e-05 -0.0133277 0.0148849
 -4.10197e-05 -0.0145852 0.0162893
 -5.70119e-05 -0.0202715 0.02264
weights matrix:
 -1.04876 0.195696 -0.0631446
 1.9635 -2.54905 -0.627921
 -2.53621 1.05205 2.25475
 -2.13693 -1.12384 3.14387
 0.982021 0.831482 -3.30666
regression_error on 'test' 0.0766409
classification_error on 'test' 0.0789474
Save,4583,0.0766409,0.0789474
sample_count 75 Sample index 40
 i 0:0.328323 i 1:0.763262 i 2:0.158468 i 3:0.171977 bias 1
 test_print 2.42203
net matrix:
 1.36695 -1.07641 -2.90868
outputs matrix:
 0.938997 0.104067 0.0029666
error matrix:
 0.0610028 -0.104067 -0.0029666
delta matrix:
 0.00698865 -0.0194059 -1.75492e-05
weights_delta matrix:
 0.000229454 -0.000637142 -5.76179e-07
 0.000533417 -0.00148118 -1.33946e-06
 0.000110748 -0.000307522 -2.78098e-07
 0.000120189 -0.000333738 -3.01805e-07
 0.000698865 -0.00194059 -1.75492e-06
weights matrix:
 -1.04853 0.195059 -0.0631452
 1.96404 -2.55053 -0.627922
 -2.5361 1.05175 2.25475
 -2.13681 -1.12417 3.14387
 0.98272 0.829541 -3.30666
regression_error on 'test' 0.0766036
classification_error on 'test' 0.0789474
Save,4584,0.0766036,0.0789474
sample_count 75 Sample index 55
 i 0:0.628566 i 1:0.551523 i 2:0.612097 i 3:0.60999 bias 1
 test_print 3.40218
net matrix:
 -1.44891 -0.496488 -0.394816
outputs matrix:
 0.0522614 0.270325 0.312248
error matrix:
 -0.0522614 0.729675 -0.312248
delta matrix:
 -0.00517704 0.287856 -0.13411
weights_delta matrix:
 -0.000325411 0.0180936 -0.00842968
 -0.000285525 0.0158759 -0.00739646
 -0.000316885 0.0176196 -0.00820882
 -0.000315794 0.0175589 -0.00818056
 -0.000517704 0.0287856 -0.013411
weights matrix:
 -1.04885 0.213153 -0.0715749
 1.96375 -2.53465 -0.635319
 -2.53642 1.06937 2.24654
 -2.13713 -1.10661 3.13569
 0.982202 0.858327 -3.32008
regression_error on 'test' 0.077946
classification_error on 'test' 0.0789474
Save,4585,0.077946,0.0789474
sample_count 75 Sample index 61
 i 0:0.697853 i 1:0.480944 i 2:0.687702 i 3:0.682992 bias 1
 test_print 3.54949
net matrix:
 -2.00923 -0.232351 0.0110222
outputs matrix:
 0.0176631 0.385871 0.505511
error matrix:
 -0.0176631 0.614129 -0.505511
delta matrix:
 -0.000612949 0.291066 -0.252725
weights_delta matrix:
 -4.27749e-05 0.0203121 -0.0176365
 -2.94794e-05 0.0139986 -0.0121546
 -4.21527e-05 0.0200167 -0.0173799
 -4.1864e-05 0.0198796 -0.0172609
 -6.12949e-05 0.0291066 -0.0252725
weights matrix:
 -1.04889 0.233465 -0.0892114
 1.96372 -2.52065 -0.647474
 -2.53646 1.08938 2.22916
 -2.13717 -1.08673 3.11843
 0.982141 0.887434 -3.34535
regression_error on 'test' 0.0804788
classification_error on 'test' 0.0789474
Save,4586,0.0804788,0.0789474
sample_count 75 Sample index 34
 i 0:0.767139 i 1:0.551523 i 2:0.642339 i 3:0.573489 bias 1
 test_print 3.53449
net matrix:
 -1.59438 -0.24714 -0.550622
outputs matrix:
 0.039591 0.378886 0.249507
error matrix:
 -0.039591 0.621114 -0.249507
delta matrix:
 -0.00301078 0.292335 -0.0934418
weights_delta matrix:
 -0.000230968 0.0224262 -0.00716829
 -0.000166051 0.016123 -0.00515353
 -0.000193394 0.0187778 -0.00600213
 -0.000172665 0.0167651 -0.00535879
 -0.000301078 0.0292335 -0.00934418
weights matrix:
 -1.04913 0.255891 -0.0963797
 1.96356 -2.50453 -0.652627
 -2.53665 1.10816 2.22316
 -2.13734 -1.06997 3.11307
 0.98184 0.916667 -3.35469
regression_error on 'test' 0.083163
classification_error on 'test' 0.105263
Save,4587,0.083163,0.105263
sample_count 75 Sample index 54
 i 0:0.305227 i 1:0.622103 i 2:0.158468 i 3:0.135476 bias 1
 test_print 2.22127
net matrix:
 1.19162 -0.53265 -3.01607
outputs matrix:
 0.91554 0.256298 0.00239462
error matrix:
 0.0844604 -0.256298 -0.00239462
delta matrix:
 0.0130621 -0.0977056 -1.1441e-05
weights_delta matrix:
 0.000398691 -0.00298224 -3.49209e-07
 0.000812597 -0.00607829 -7.11746e-07
 0.000206993 -0.00154832 -1.81303e-07
 0.00017696 -0.00132368 -1.54998e-07
 0.00130621 -0.00977056 -1.1441e-06
weights matrix:
 -1.04873 0.252909 -0.09638
 1.96437 -2.51061 -0.652628
 -2.53645 1.10661 2.22316
 -2.13717 -1.07129 3.11307
 0.983146 0.906897 -3.35469
regression_error on 'test' 0.0826205
classification_error on 'test' 0.105263
Save,4588,0.0826205,0.105263
sample_count 75 Sample index 4
 i 0:0.212844 i 1:0.516233 i 2:0.158468 i 3:0.135476 bias 1
 test_print 2.02302
net matrix:
 1.08252 -0.305103 -2.93807
outputs matrix:
 0.897066 0.352012 0.00279774
error matrix:
 0.102934 -0.352012 -0.00279774
delta matrix:
 0.0190094 -0.160588 -1.56109e-05
weights_delta matrix:
 0.000404604 -0.00341801 -3.32269e-07
 0.00098133 -0.00829006 -8.05888e-07
 0.000301239 -0.0025448 -2.47383e-07
 0.000257532 -0.00217558 -2.11491e-07
 0.00190094 -0.0160588 -1.56109e-06
weights matrix:
 -1.04832 0.249491 -0.0963803
 1.96535 -2.5189 -0.652629
 -2.53614 1.10407 2.22316
 -2.13691 -1.07347 3.11307
 0.985047 0.890838 -3.3547
regression_error on 'test' 0.0818499
classification_error on 'test' 0.0789474
Save,4589,0.0818499,0.0789474
sample_count 75 Sample index 11
 i 0:0.536183 i 1:0.198626 i 2:0.536492 i 3:0.427485 bias 1
 test_print 2.69879
net matrix:
 -1.46079 0.657724 -1.01251
outputs matrix:
 0.0510967 0.788423 0.116602
error matrix:
 -0.0510967 0.211577 -0.116602
delta matrix:
 -0.00495494 0.070587 -0.0240213
weights_delta matrix:
 -0.000265675 0.00378475 -0.00128798
 -9.84179e-05 0.00140204 -0.000477126
 -0.000265828 0.00378694 -0.00128872
 -0.000211816 0.00301749 -0.00102688
 -0.000495494 0.0070587 -0.00240213
weights matrix:
 -1.04859 0.253275 -0.0976683
 1.96525 -2.5175 -0.653106
 -2.53641 1.10786 2.22187
 -2.13712 -1.07045 3.11204
 0.984552 0.897897 -3.3571
regression_error on 'test' 0.0823901
classification_error on 'test' 0.105263
Save,4590,0.0823901,0.105263
sample_count 75 Sample index 37
 i 0:0.720948 i 1:0.551523 i 2:0.82379 i 3:0.901998 bias 1
 test_print 3.99826
net matrix:
 -2.70469 -0.360866 0.849694
outputs matrix:
 0.00445447 0.327012 0.845455
error matrix:
 -0.00445447 -0.327012 0.154545
delta matrix:
 -3.95078e-05 -0.143934 0.0403861
weights_delta matrix:
 -2.8483e-06 -0.0103769 0.00291163
 -2.17894e-06 -0.0079383 0.00222739
 -3.25461e-06 -0.0118572 0.00332697
 -3.56359e-06 -0.0129828 0.00364282
 -3.95078e-06 -0.0143934 0.00403861
weights matrix:
 -1.04859 0.242898 -0.0947567
 1.96525 -2.52543 -0.650878
 -2.53641 1.096 2.2252
 -2.13712 -1.08343 3.11568
 0.984548 0.883503 -3.35306
regression_error on 'test' 0.0809547
classification_error on 'test' 0.0789474
Save,4591,0.0809547,0.0789474
sample_count 75 Sample index 11
 i 0:0.536183 i 1:0.198626 i 2:0.536492 i 3:0.427485 bias 1
 test_print 2.69879
net matrix:
 -1.46169 0.636967 -1.00744
outputs matrix:
 0.0510095 0.781415 0.11765
error matrix:
 -0.0510095 0.218585 -0.11765
delta matrix:
 -0.0049385 0.0746708 -0.024426
weights_delta matrix:
 -0.000264794 0.00400372 -0.00130968
 -9.80914e-05 0.00148316 -0.000485164
 -0.000264946 0.00400603 -0.00131043
 -0.000211113 0.00319207 -0.00104417
 -0.00049385 0.00746708 -0.0024426
weights matrix:
 -1.04886 0.246902 -0.0960664
 1.96515 -2.52395 -0.651364
 -2.53668 1.1 2.22389
 -2.13733 -1.08024 3.11464
 0.984054 0.89097 -3.3555
regression_error on 'test' 0.081476
classification_error on 'test' 0.0789474
Save,4592,0.081476,0.0789474
sample_count 75 Sample index 55
 i 0:0.628566 i 1:0.551523 i 2:0.612097 i 3:0.60999 bias 1
 test_print 3.40218
net matrix:
 -1.44784 -0.331479 -0.513995
outputs matrix:
 0.0523674 0.340075 0.263474
error matrix:
 -0.0523674 0.659925 -0.263474
delta matrix:
 -0.00519747 0.296206 -0.102257
weights_delta matrix:
 -0.000326696 0.0186185 -0.00642754
 -0.000286653 0.0163364 -0.00563972
 -0.000318136 0.0181307 -0.00625913
 -0.000317041 0.0180683 -0.00623758
 -0.000519747 0.0296206 -0.0102257
weights matrix:
 -1.04918 0.265521 -0.102494
 1.96486 -2.50761 -0.657003
 -2.537 1.11813 2.21763
 -2.13765 -1.06217 3.1084
 0.983534 0.920591 -3.36573
regression_error on 'test' 0.0843523
classification_error on 'test' 0.0789474
Save,4593,0.0843523,0.0789474
sample_count 75 Sample index 63
 i 0:0.420705 i 1:0.904421 i 2:0.143347 i 3:0.135476 bias 1
 test_print 2.60395
net matrix:
 1.66593 -1.21926 -3.26405
outputs matrix:
 0.965506 0.0802822 0.00145965
error matrix:
 0.0344941 -0.0802822 -0.00145965
delta matrix:
 0.00229761 -0.0118556 -4.25491e-06
weights_delta matrix:
 9.66615e-05 -0.00049877 -1.79006e-07
 0.0002078 -0.00107224 -3.84823e-07
 3.29355e-05 -0.000169946 -6.09929e-08
 3.11271e-05 -0.000160615 -5.76438e-08
 0.000229761 -0.00118556 -4.25491e-07
weights matrix:
 -1.04909 0.265022 -0.102494
 1.96507 -2.50869 -0.657004
 -2.53696 1.11796 2.21763
 -2.13762 -1.06233 3.1084
 0.983764 0.919405 -3.36573
regression_error on 'test' 0.0842722
classification_error on 'test' 0.0789474
Save,4594,0.0842722,0.0789474
sample_count 75 Sample index 53
 i 0:0.489992 i 1:0.410364 i 2:0.702823 i 3:0.938499 bias 1
 test_print 3.54168
net matrix:
 -2.51308 -0.191479 0.790271
outputs matrix:
 0.00652121 0.405414 0.829281
error matrix:
 -0.00652121 -0.405414 0.170719
delta matrix:
 -8.44978e-05 -0.195453 0.0483386
weights_delta matrix:
 -4.14033e-06 -0.00957703 0.00236855
 -3.46749e-06 -0.00802068 0.00198364
 -5.9387e-06 -0.0137369 0.00339735
 -7.93011e-06 -0.0183432 0.00453657
 -8.44978e-06 -0.0195453 0.00483386
weights matrix:
 -1.04909 0.255445 -0.100126
 1.96507 -2.51671 -0.65502
 -2.53697 1.10423 2.22102
 -2.13763 -1.08068 3.11294
 0.983755 0.89986 -3.36089
regression_error on 'test' 0.0822861
classification_error on 'test' 0.105263
Save,4595,0.0822861,0.105263
sample_count 75 Sample index 8
 i 0:0.489992 i 1:0.375074 i 2:0.702823 i 3:0.755994 bias 1
 test_print 3.32388
net matrix:
 -2.19232 0.0401659 0.258714
outputs matrix:
 0.0123139 0.520072 0.626546
error matrix:
 -0.0123139 -0.520072 0.373454
delta matrix:
 -0.000299529 -0.259617 0.174766
weights_delta matrix:
 -1.46767e-05 -0.012721 0.0085634
 -1.12345e-05 -0.00973756 0.00655502
 -2.10516e-05 -0.0182465 0.012283
 -2.26442e-05 -0.0196269 0.0132122
 -2.99529e-05 -0.0259617 0.0174766
weights matrix:
 -1.0491 0.242724 -0.0915621
 1.96506 -2.52644 -0.648465
 -2.53699 1.08598 2.23331
 -2.13765 -1.1003 3.12615
 0.983725 0.873898 -3.34342
regression_error on 'test' 0.0797728
classification_error on 'test' 0.0789474
Save,4596,0.0797728,0.0789474
sample_count 75 Sample index 3
 i 0:0.744044 i 1:0.516233 i 2:0.672581 i 3:0.60999 bias 1
 test_print 3.54285
net matrix:
 -1.7927 -0.190502 -0.337302
outputs matrix:
 0.0269774 0.405885 0.337467
error matrix:
 -0.0269774 0.594115 -0.337467
delta matrix:
 -0.00141629 0.286533 -0.150904
weights_delta matrix:
 -0.000105378 0.0213193 -0.0112279
 -7.31136e-05 0.0147918 -0.00779014
 -9.5257e-05 0.0192716 -0.0101495
 -8.63923e-05 0.0174782 -0.00920496
 -0.000141629 0.0286533 -0.0150904
weights matrix:
 -1.04921 0.264043 -0.10279
 1.96498 -2.51165 -0.656255
 -2.53709 1.10525 2.22316
 -2.13774 -1.08283 3.11694
 0.983584 0.902552 -3.35851
regression_error on 'test' 0.0824864
classification_error on 'test' 0.105263
Save,4597,0.0824864,0.105263
sample_count 75 Sample index 33
 i 0:0.559279 i 1:0.480944 i 2:0.672581 i 3:0.719493 bias 1
 test_print 3.4323
net matrix:
 -1.90265 -0.193452 0.00625602
outputs matrix:
 0.021768 0.404463 0.503128
error matrix:
 -0.021768 -0.404463 0.496872
delta matrix:
 -0.000927063 -0.194848 0.248426
weights_delta matrix:
 -5.18487e-05 -0.0108974 0.013894
 -4.45865e-05 -0.0093711 0.0119479
 -6.23525e-05 -0.0131051 0.0167087
 -6.67015e-05 -0.0140192 0.0178741
 -9.27063e-05 -0.0194848 0.0248426
weights matrix:
 -1.04926 0.253146 -0.0888961
 1.96494 -2.52102 -0.644307
 -2.53715 1.09215 2.23987
 -2.1378 -1.09685 3.13482
 0.983491 0.883067 -3.33366
regression_error on 'test' 0.0800713
classification_error on 'test' 0.0789474
Save,4598,0.0800713,0.0789474
sample_count 75 Sample index 34
 i 0:0.767139 i 1:0.551523 i 2:0.642339 i 3:0.573489 bias 1
 test_print 3.53449
net matrix:
 -1.59345 -0.240637 -0.520673
outputs matrix:
 0.039662 0.381951 0.26089
error matrix:
 -0.039662 0.618049 -0.26089
delta matrix:
 -0.00302137 0.291799 -0.100613
weights_delta matrix:
 -0.000231781 0.022385 -0.00771843
 -0.000166636 0.0160934 -0.00554905
 -0.000194075 0.0187434 -0.00646278
 -0.000173272 0.0167343 -0.00577006
 -0.000302137 0.0291799 -0.0100613
weights matrix:
 -1.04949 0.275531 -0.0966145
 1.96477 -2.50493 -0.649856
 -2.53734 1.11089 2.2334
 -2.13798 -1.08011 3.12905
 0.983189 0.912247 -3.34373
regression_error on 'test' 0.0827189
classification_error on 'test' 0.105263
Save,4599,0.0827189,0.105263
sample_count 75 Sample index 74
 i 0:0.443801 i 1:0.480944 i 2:0.551613 i 3:0.536988 bias 1
 test_print 3.01335
net matrix:
 -1.08533 -0.137428 -0.786912
outputs matrix:
 0.102416 0.431715 0.171672
error matrix:
 -0.102416 0.568285 -0.171672
delta matrix:
 -0.0188297 0.278843 -0.0488237
weights_delta matrix:
 -0.000835662 0.0123751 -0.0021668
 -0.000905601 0.0134108 -0.00234815
 -0.00103867 0.0153813 -0.00269318
 -0.00101113 0.0149735 -0.00262178
 -0.00188297 0.0278843 -0.00488237
weights matrix:
 -1.05033 0.287906 -0.0987813
 1.96387 -2.49152 -0.652204
 -2.53838 1.12627 2.23071
 -2.13899 -1.06514 3.12643
 0.981306 0.940131 -3.34861
regression_error on 'test' 0.0852727
classification_error on 'test' 0.0789474
Save,4600,0.0852727,0.0789474
sample_count 75 Sample index 19
 i 0:0.674757 i 1:0.480944 i 2:0.596976 i 3:0.573489 bias 1
 test_print 3.32617
net matrix:
 -1.52494 -0.0023707 -0.604283
outputs matrix:
 0.0452227 0.498815 0.229955
error matrix:
 -0.0452227 0.501185 -0.229955
delta matrix:
 -0.00390522 0.250591 -0.0814387
weights_delta matrix:
 -0.000263507 0.0169088 -0.00549513
 -0.000187819 0.012052 -0.00391675
 -0.000233132 0.0149597 -0.0048617
 -0.00022396 0.0143711 -0.00467042
 -0.000390522 0.0250591 -0.00814387
weights matrix:
 -1.05059 0.304815 -0.104276
 1.96368 -2.47947 -0.656121
 -2.53861 1.14123 2.22585
 -2.13921 -1.05077 3.12176
 0.980916 0.96519 -3.35675
regression_error on 'test' 0.0883533
classification_error on 'test' 0.0526316
Save,4601,0.0883533,0.0526316
sample_count 75 Sample index 8
 i 0:0.489992 i 1:0.375074 i 2:0.702823 i 3:0.755994 bias 1
 test_print 3.32388
net matrix:
 -2.19877 0.192274 0.270466
outputs matrix:
 0.012158 0.59497 0.632029
error matrix:
 -0.012158 -0.59497 0.367971
delta matrix:
 -0.000292037 -0.286753 0.171157
weights_delta matrix:
 -1.43096e-05 -0.0140506 0.00838654
 -1.09536e-05 -0.0107553 0.00641964
 -2.05251e-05 -0.0201536 0.0120293
 -2.20779e-05 -0.0216783 0.0129393
 -2.92037e-05 -0.0286753 0.0171157
weights matrix:
 -1.05061 0.290764 -0.0958899
 1.96367 -2.49022 -0.649701
 -2.53863 1.12108 2.23788
 -2.13923 -1.07244 3.1347
 0.980886 0.936515 -3.33964
regression_error on 'test' 0.0845182
classification_error on 'test' 0.105263
Save,4602,0.0845182,0.105263
sample_count 75 Sample index 35
 i 0:0.189749 i 1:0.233915 i 2:0.128226 i 3:0.171977 bias 1
 test_print 1.72387
net matrix:
 0.547448 0.368502 -2.68376
outputs matrix:
 0.749303 0.67634 0.00464405
error matrix:
 0.250697 -0.67634 -0.00464405
delta matrix:
 0.0941861 -0.296107 -4.29341e-05
weights_delta matrix:
 0.00178717 -0.00561861 -8.1467e-07
 0.00220315 -0.00692639 -1.00429e-06
 0.00120771 -0.00379687 -5.50526e-07
 0.00161978 -0.00509236 -7.38367e-07
 0.00941861 -0.0296107 -4.29341e-06
weights matrix:
 -1.04882 0.285145 -0.0958907
 1.96587 -2.49715 -0.649702
 -2.53743 1.11728 2.23788
 -2.13762 -1.07754 3.1347
 0.990305 0.906904 -3.33964
regression_error on 'test' 0.0829096
classification_error on 'test' 0.0789474
Save,4603,0.0829096,0.0789474
sample_count 75 Sample index 28
 i 0:0.305227 i 1:0.551523 i 2:0.113105 i 3:0.135476 bias 1
 test_print 2.10533
net matrix:
 1.17781 -0.402907 -3.04944
outputs matrix:
 0.91338 0.308783 0.00224033
error matrix:
 0.0866202 -0.308783 -0.00224033
delta matrix:
 0.0137063 -0.131811 -1.00157e-05
weights_delta matrix:
 0.000418353 -0.00402323 -3.05706e-07
 0.000755933 -0.00726968 -5.52388e-07
 0.000155025 -0.00149085 -1.13282e-07
 0.000185687 -0.00178572 -1.35689e-07
 0.00137063 -0.0131811 -1.00157e-06
weights matrix:
 -1.0484 0.281122 -0.095891
 1.96663 -2.50442 -0.649703
 -2.53727 1.11579 2.23788
 -2.13743 -1.07932 3.13469
 0.991676 0.893723 -3.33964
regression_error on 'test' 0.0821874
classification_error on 'test' 0.0789474
Save,4604,0.0821874,0.0789474
sample_count 75 Sample index 35
 i 0:0.189749 i 1:0.233915 i 2:0.128226 i 3:0.171977 bias 1
 test_print 1.72387
net matrix:
 0.559833 0.318699 -2.68376
outputs matrix:
 0.753927 0.654165 0.00464399
error matrix:
 0.246073 -0.654165 -0.00464399
delta matrix:
 0.0913035 -0.295988 -4.2933e-05
weights_delta matrix:
 0.00173248 -0.00561634 -8.1465e-07
 0.00213573 -0.00692359 -1.00427e-06
 0.00117075 -0.00379533 -5.50513e-07
 0.00157021 -0.00509031 -7.38349e-07
 0.00913035 -0.0295988 -4.2933e-06
weights matrix:
 -1.04667 0.275506 -0.0958918
 1.96876 -2.51134 -0.649704
 -2.5361 1.112 2.23788
 -2.13586 -1.08441 3.13469
 1.00081 0.864124 -3.33965
regression_error on 'test' 0.0809036
classification_error on 'test' 0.0789474
Save,4605,0.0809036,0.0789474
sample_count 75 Sample index 71
 i 0:0.143558 i 1:0.480944 i 2:0.0979839 i 3:0.0989754 bias 1
 test_print 1.82146
net matrix:
 1.33752 -0.302512 -3.13635
outputs matrix:
 0.935537 0.353195 0.00188357
error matrix:
 0.0644625 -0.353195 -0.00188357
delta matrix:
 0.00777509 -0.161374 -7.08232e-06
weights_delta matrix:
 0.000111618 -0.00231665 -1.01672e-07
 0.000373939 -0.00776117 -3.4062e-07
 7.61834e-05 -0.0015812 -6.93953e-08
 7.69543e-05 -0.0015972 -7.00975e-08
 0.000777509 -0.0161374 -7.08232e-07
weights matrix:
 -1.04656 0.273189 -0.0958919
 1.96914 -2.5191 -0.649704
 -2.53603 1.11041 2.23788
 -2.13578 -1.08601 3.13469
 1.00158 0.847987 -3.33965
regression_error on 'test' 0.0802974
classification_error on 'test' 0.0789474
Save,4606,0.0802974,0.0789474
sample_count 75 Sample index 52
 i 0:0.443801 i 1:0.410364 i 2:0.672581 i 3:0.792495 bias 1
 test_print 3.31924
net matrix:
 -2.0531 -0.178335 0.340564
outputs matrix:
 0.0162035 0.411766 0.66399
error matrix:
 -0.0162035 -0.411766 0.33601
delta matrix:
 -0.000516599 -0.199472 0.149932
weights_delta matrix:
 -2.29267e-05 -0.00885257 0.00665401
 -2.11994e-05 -0.0081856 0.00615268
 -3.47455e-05 -0.0134161 0.0100842
 -4.09402e-05 -0.015808 0.0118821
 -5.16599e-05 -0.0199472 0.0149932
weights matrix:
 -1.04658 0.264337 -0.0892379
 1.96912 -2.52729 -0.643552
 -2.53606 1.097 2.24796
 -2.13582 -1.10182 3.14658
 1.00153 0.82804 -3.32465
regression_error on 'test' 0.0786752
classification_error on 'test' 0.0789474
Save,4607,0.0786752,0.0789474
sample_count 75 Sample index 2
 i 0:0.466896 i 1:0.480944 i 2:0.566734 i 3:0.500487 bias 1
 test_print 3.01506
net matrix:
 -1.0463 -0.193766 -0.827014
outputs matrix:
 0.109818 0.404311 0.160565
error matrix:
 -0.109818 0.595689 -0.160565
delta matrix:
 -0.0214712 0.286936 -0.0432832
weights_delta matrix:
 -0.00100248 0.0133969 -0.00202088
 -0.00103264 0.0138 -0.00208168
 -0.00121685 0.0162616 -0.00245301
 -0.0010746 0.0143608 -0.00216627
 -0.00214712 0.0286936 -0.00432832
weights matrix:
 -1.04758 0.277734 -0.0912588
 1.96808 -2.51349 -0.645633
 -2.53728 1.11326 2.24551
 -2.1369 -1.08746 3.14441
 0.999385 0.856733 -3.32898
regression_error on 'test' 0.0803332
classification_error on 'test' 0.0789474
Save,4608,0.0803332,0.0789474
sample_count 75 Sample index 60
 i 0:0.559279 i 1:0.410364 i 2:0.536492 i 3:0.536988 bias 1
 test_print 3.04312
net matrix:
 -1.28759 -0.00607812 -0.751758
outputs matrix:
 0.0707526 0.496961 0.181902
error matrix:
 -0.0707526 0.503039 -0.181902
delta matrix:
 -0.0093035 0.25151 -0.0541388
weights_delta matrix:
 -0.000520325 0.0140664 -0.00302787
 -0.000381782 0.0103211 -0.00222166
 -0.000499126 0.0134933 -0.0029045
 -0.000499587 0.0135058 -0.00290719
 -0.00093035 0.025151 -0.00541388
weights matrix:
 -1.0481 0.2918 -0.0942867
 1.9677 -2.50317 -0.647855
 -2.53778 1.12675 2.2426
 -2.1374 -1.07395 3.1415
 0.998454 0.881884 -3.3344
regression_error on 'test' 0.0822324
classification_error on 'test' 0.0789474
Save,4609,0.0822324,0.0789474
sample_count 75 Sample index 9
 i 0:0.351418 i 1:0.375074 i 2:0.521371 i 3:0.573489 bias 1
 test_print 2.82135
net matrix:
 -1.18073 0.0171119 -0.639678
outputs matrix:
 0.0861591 0.508555 0.21766
error matrix:
 -0.0861591 0.491445 -0.21766
delta matrix:
 -0.0135676 0.245651 -0.0741281
weights_delta matrix:
 -0.000476789 0.0086326 -0.00260499
 -0.000508885 0.00921371 -0.00278035
 -0.000707375 0.0128075 -0.00386482
 -0.000778086 0.0140878 -0.00425116
 -0.00135676 0.0245651 -0.00741281
weights matrix:
 -1.04858 0.300433 -0.0968917
 1.96719 -2.49395 -0.650635
 -2.53848 1.13956 2.23874
 -2.13818 -1.05986 3.13725
 0.997098 0.906449 -3.34181
regression_error on 'test' 0.0843676
classification_error on 'test' 0.105263
Save,4610,0.0843676,0.105263
sample_count 75 Sample index 25
 i 0:0.628566 i 1:0.410364 i 2:0.778427 i 3:0.865497 bias 1
 test_print 3.68285
net matrix:
 -2.68135 0.041618 0.788268
outputs matrix:
 0.00466638 0.520797 0.828713
error matrix:
 -0.00466638 -0.520797 0.171287
delta matrix:
 -4.3347e-05 -0.259948 0.0486275
weights_delta matrix:
 -2.72465e-06 -0.0163394 0.00305656
 -1.77881e-06 -0.0106673 0.0019955
 -3.37425e-06 -0.0202351 0.00378529
 -3.75167e-06 -0.0224984 0.00420869
 -4.3347e-06 -0.0259948 0.00486275
weights matrix:
 -1.04858 0.284093 -0.0938351
 1.96719 -2.50462 -0.64864
 -2.53849 1.11933 2.24252
 -2.13818 -1.08236 3.14146
 0.997093 0.880455 -3.33695
regression_error on 'test' 0.0816542
classification_error on 'test' 0.0789474
Save,4611,0.0816542,0.0789474
sample_count 75 Sample index 0
 i 0:0.282131 i 1:0.269205 i 2:0.430645 i 3:0.427485 bias 1
 test_print 2.40947
net matrix:
 -0.776393 0.305688 -1.22938
outputs matrix:
 0.174684 0.648255 0.0788006
error matrix:
 -0.174684 0.351745 -0.0788006
delta matrix:
 -0.0503684 0.16041 -0.0114404
weights_delta matrix:
 -0.00142105 0.00452568 -0.00032277
 -0.00135594 0.00431833 -0.000307982
 -0.00216909 0.00690799 -0.000492677
 -0.00215317 0.00685731 -0.000489062
 -0.00503684 0.016041 -0.00114404
weights matrix:
 -1.05 0.288619 -0.0941579
 1.96584 -2.5003 -0.648948
 -2.54066 1.12623 2.24203
 -2.14033 -1.0755 3.14097
 0.992056 0.896496 -3.33809
regression_error on 'test' 0.0826976
classification_error on 'test' 0.0789474
Save,4612,0.0826976,0.0789474
sample_count 75 Sample index 14
 i 0:0.697853 i 1:0.516233 i 2:0.778427 i 3:0.938499 bias 1
 test_print 3.93101
net matrix:
 -2.71228 -0.3255 0.954249
outputs matrix:
 0.00438769 0.342764 0.87085
error matrix:
 -0.00438769 -0.342764 0.12915
delta matrix:
 -3.83347e-05 -0.154434 0.0290509
weights_delta matrix:
 -2.6752e-06 -0.0107772 0.00202733
 -1.97897e-06 -0.00797239 0.0014997
 -2.98408e-06 -0.0120216 0.0022614
 -3.59771e-06 -0.0144936 0.00272642
 -3.83347e-06 -0.0154434 0.00290509
weights matrix:
 -1.05001 0.277842 -0.0921306
 1.96583 -2.50828 -0.647448
 -2.54066 1.11421 2.24429
 -2.14034 -1.09 3.1437
 0.992053 0.881052 -3.33518
regression_error on 'test' 0.0811284
classification_error on 'test' 0.0789474
Save,4613,0.0811284,0.0789474
sample_count 75 Sample index 23
 i 0:0.975 i 1:0.763262 i 2:0.899395 i 3:0.792495 bias 1
 test_print 4.43015
net matrix:
 -2.51252 -0.624225 0.590686
outputs matrix:
 0.00652844 0.222968 0.765194
error matrix:
 -0.00652844 -0.222968 0.234806
delta matrix:
 -8.46846e-05 -0.0772602 0.084376
weights_delta matrix:
 -8.25675e-06 -0.00753287 0.00822666
 -6.46365e-06 -0.00589697 0.0064401
 -7.61649e-06 -0.00694874 0.00758874
 -6.71121e-06 -0.00612283 0.00668676
 -8.46846e-06 -0.00772602 0.0084376
weights matrix:
 -1.05001 0.270309 -0.0839039
 1.96583 -2.51417 -0.641008
 -2.54067 1.10726 2.25188
 -2.14034 -1.09612 3.15038
 0.992044 0.873326 -3.32675
regression_error on 'test' 0.080131
classification_error on 'test' 0.0789474
Save,4614,0.080131,0.0789474
sample_count 75 Sample index 40
 i 0:0.328323 i 1:0.763262 i 2:0.158468 i 3:0.171977 bias 1
 test_print 2.42203
net matrix:
 1.37704 -0.96994 -2.94491
outputs matrix:
 0.940143 0.125661 0.00275985
error matrix:
 0.059857 -0.125661 -0.00275985
delta matrix:
 0.00673679 -0.0276129 -1.51915e-05
weights_delta matrix:
 0.000221184 -0.000906594 -4.98773e-07
 0.000514194 -0.00210759 -1.15951e-06
 0.000106757 -0.000437576 -2.40737e-07
 0.000115857 -0.000474878 -2.61259e-07
 0.000673679 -0.00276129 -1.51915e-06
weights matrix:
 -1.04979 0.269402 -0.0839044
 1.96634 -2.51628 -0.641009
 -2.54056 1.10683 2.25188
 -2.14023 -1.0966 3.15038
 0.992718 0.870565 -3.32675
regression_error on 'test' 0.0799979
classification_error on 'test' 0.0789474
Save,4615,0.0799979,0.0789474
sample_count 75 Sample index 46
 i 0:0.928809 i 1:0.480944 i 2:0.854032 i 3:0.901998 bias 1
 test_print 4.16578
net matrix:
 -3.13684 -0.133265 1.05185
outputs matrix:
 0.00188173 0.433759 0.891262
error matrix:
 -0.00188173 -0.433759 0.108738
delta matrix:
 -7.06852e-06 -0.213073 0.0210764
weights_delta matrix:
 -6.56531e-07 -0.0197904 0.0019576
 -3.39956e-07 -0.0102476 0.00101366
 -6.03674e-07 -0.0181971 0.00179999
 -6.37579e-07 -0.0192192 0.00190109
 -7.06852e-07 -0.0213073 0.00210764
weights matrix:
 -1.04979 0.249612 -0.0819468
 1.96634 -2.52653 -0.639996
 -2.54056 1.08863 2.25368
 -2.14023 -1.11582 3.15229
 0.992717 0.849258 -3.32464
regression_error on 'test' 0.0783596
classification_error on 'test' 0.0789474
Save,4616,0.0783596,0.0789474
sample_count 75 Sample index 62
 i 0:0.582374 i 1:0.622103 i 2:0.748185 i 3:0.901998 bias 1
 test_print 3.85466
net matrix:
 -2.22668 -0.769103 0.759017
outputs matrix:
 0.0115055 0.176796 0.820249
error matrix:
 -0.0115055 -0.176796 0.179751
delta matrix:
 -0.000261707 -0.0514616 0.0530052
weights_delta matrix:
 -1.52411e-05 -0.00299699 0.00308689
 -1.62809e-05 -0.00320144 0.00329747
 -1.95805e-05 -0.00385028 0.00396577
 -2.36059e-05 -0.00464182 0.00478106
 -2.61707e-05 -0.00514616 0.00530052
weights matrix:
 -1.04981 0.246615 -0.0788599
 1.96632 -2.52973 -0.636698
 -2.54058 1.08478 2.25765
 -2.14025 -1.12046 3.15707
 0.992691 0.844111 -3.31934
regression_error on 'test' 0.0779407
classification_error on 'test' 0.0789474
Save,4617,0.0779407,0.0789474
sample_count 75 Sample index 51
 i 0:0.628566 i 1:0.516233 i 2:0.763306 i 3:0.719493 bias 1
 test_print 3.6276
net matrix:
 -2.13124 -0.284948 0.297169
outputs matrix:
 0.0138917 0.361261 0.64436
error matrix:
 -0.0138917 -0.361261 0.35564
delta matrix:
 -0.000380597 -0.166723 0.162997
weights_delta matrix:
 -2.3923e-05 -0.0104796 0.0102455
 -1.96477e-05 -0.00860679 0.00841445
 -2.90512e-05 -0.0127261 0.0124417
 -2.73837e-05 -0.0119956 0.0117275
 -3.80597e-05 -0.0166723 0.0162997
weights matrix:
 -1.04983 0.236135 -0.0686145
 1.9663 -2.53834 -0.628284
 -2.54061 1.07205 2.27009
 -2.14028 -1.13245 3.16879
 0.992653 0.827439 -3.30304
regression_error on 'test' 0.0769142
classification_error on 'test' 0.0789474
Save,4618,0.0769142,0.0789474
sample_count 75 Sample index 26
 i 0:0.489992 i 1:0.339785 i 2:0.536492 i 3:0.500487 bias 1
 test_print 2.86676
net matrix:
 -1.28783 0.0890245 -0.746318
outputs matrix:
 0.0707209 0.544395 0.183526
error matrix:
 -0.0707209 0.455605 -0.183526
delta matrix:
 -0.00929548 0.226007 -0.0550008
weights_delta matrix:
 -0.000455471 0.0110741 -0.00269499
 -0.000315847 0.00767936 -0.00186884
 -0.000498695 0.0121251 -0.00295075
 -0.000465227 0.0113113 -0.00275272
 -0.000929548 0.0226007 -0.00550008
weights matrix:
 -1.05029 0.247209 -0.0713094
 1.96599 -2.53066 -0.630152
 -2.54111 1.08418 2.26714
 -2.14074 -1.12114 3.16604
 0.991723 0.85004 -3.30854
regression_error on 'test' 0.0778229
classification_error on 'test' 0.0789474
Save,4619,0.0778229,0.0789474
sample_count 75 Sample index 66
 i 0:0.60547 i 1:0.304495 i 2:0.672581 i 3:0.60999 bias 1
 test_print 3.19254
net matrix:
 -2.06049 0.274457 -0.0875077
outputs matrix:
 0.0159693 0.633884 0.456357
error matrix:
 -0.0159693 0.366116 -0.456357
delta matrix:
 -0.000501893 0.169933 -0.22644
weights_delta matrix:
 -3.03881e-05 0.0102889 -0.0137103
 -1.52824e-05 0.00517437 -0.00689499
 -3.37564e-05 0.0114294 -0.0152299
 -3.0615e-05 0.0103657 -0.0138126
 -5.01893e-05 0.0169933 -0.022644
weights matrix:
 -1.05032 0.257498 -0.0850197
 1.96597 -2.52548 -0.637047
 -2.54114 1.09561 2.25191
 -2.14077 -1.11078 3.15223
 0.991673 0.867033 -3.33119
regression_error on 'test' 0.0791374
classification_error on 'test' 0.0789474
Save,4620,0.0791374,0.0789474
sample_count 75 Sample index 63
 i 0:0.420705 i 1:0.904421 i 2:0.143347 i 3:0.135476 bias 1
 test_print 2.60395
net matrix:
 1.67358 -1.30217 -3.19326
outputs matrix:
 0.966012 0.06886 0.00168129
error matrix:
 0.0339884 -0.06886 -0.00168129
delta matrix:
 0.0022319 -0.00883037 -5.64394e-06
weights_delta matrix:
 9.3897e-05 -0.000371498 -2.37443e-07
 0.000201857 -0.000798638 -5.1045e-07
 3.19936e-05 -0.000126581 -8.09042e-08
 3.02368e-05 -0.00011963 -7.64618e-08
 0.00022319 -0.000883037 -5.64394e-07
weights matrix:
 -1.05022 0.257127 -0.08502
 1.96618 -2.52628 -0.637048
 -2.54111 1.09548 2.25191
 -2.14074 -1.1109 3.15223
 0.991896 0.86615 -3.33119
regression_error on 'test' 0.079099
classification_error on 'test' 0.0789474
Save,4621,0.079099,0.0789474
sample_count 75 Sample index 40
 i 0:0.328323 i 1:0.763262 i 2:0.158468 i 3:0.171977 bias 1
 test_print 2.42203
net matrix:
 1.37695 -0.995094 -2.94637
outputs matrix:
 0.940133 0.120237 0.00275182
error matrix:
 0.0598671 -0.120237 -0.00275182
delta matrix:
 0.006739 -0.0254374 -1.51034e-05
weights_delta matrix:
 0.000221257 -0.000835168 -4.95879e-07
 0.000514363 -0.00194154 -1.15278e-06
 0.000106792 -0.000403101 -2.3934e-07
 0.000115895 -0.000437464 -2.59743e-07
 0.0006739 -0.00254374 -1.51034e-06
weights matrix:
 -1.05 0.256291 -0.0850205
 1.96669 -2.52822 -0.637049
 -2.541 1.09508 2.25191
 -2.14063 -1.11133 3.15223
 0.99257 0.863606 -3.33119
regression_error on 'test' 0.0789952
classification_error on 'test' 0.0789474
Save,4622,0.0789952,0.0789474
sample_count 75 Sample index 2
 i 0:0.466896 i 1:0.480944 i 2:0.566734 i 3:0.500487 bias 1
 test_print 3.01506
net matrix:
 -1.06323 -0.168256 -0.823386
outputs matrix:
 0.106551 0.416657 0.161546
error matrix:
 -0.106551 0.583343 -0.161546
delta matrix:
 -0.0202868 0.283568 -0.0437623
weights_delta matrix:
 -0.000947182 0.0132397 -0.00204324
 -0.000975681 0.013638 -0.00210472
 -0.00114972 0.0160707 -0.00248016
 -0.00101533 0.0141922 -0.00219025
 -0.00202868 0.0283568 -0.00437623
weights matrix:
 -1.05095 0.269531 -0.0870637
 1.96571 -2.51458 -0.639154
 -2.54215 1.11115 2.24943
 -2.14164 -1.09714 3.15004
 0.990541 0.891963 -3.33556
regression_error on 'test' 0.0807989
classification_error on 'test' 0.0789474
Save,4623,0.0807989,0.0789474
sample_count 75 Sample index 20
 i 0:0.489992 i 1:0.375074 i 2:0.521371 i 3:0.500487 bias 1
 test_print 2.88692
net matrix:
 -1.1844 0.111092 -0.868615
outputs matrix:
 0.0855835 0.555318 0.149665
error matrix:
 -0.0855835 0.444682 -0.149665
delta matrix:
 -0.0133954 0.219619 -0.0380945
weights_delta matrix:
 -0.000656362 0.0107612 -0.0018666
 -0.000502425 0.00823735 -0.00142882
 -0.000698395 0.0114503 -0.00198613
 -0.00067042 0.0109917 -0.00190658
 -0.00133954 0.0219619 -0.00380945
weights matrix:
 -1.05161 0.280292 -0.0889303
 1.96521 -2.50635 -0.640583
 -2.54285 1.1226 2.24744
 -2.14231 -1.08615 3.14813
 0.989202 0.913925 -3.33937
regression_error on 'test' 0.0824612
classification_error on 'test' 0.0789474
Save,4624,0.0824612,0.0789474
sample_count 75 Sample index 5
 i 0:0.536183 i 1:0.198626 i 2:0.687702 i 3:0.60999 bias 1
 test_print 3.0325
net matrix:
 -2.23982 0.67586 -0.0483935
outputs matrix:
 0.0112103 0.794411 0.475822
error matrix:
 -0.0112103 -0.794411 0.524178
delta matrix:
 -0.000248525 -0.25949 0.261476
weights_delta matrix:
 -1.33255e-05 -0.0139134 0.0140199
 -4.93636e-06 -0.00515415 0.0051936
 -1.70911e-05 -0.0178452 0.0179818
 -1.51598e-05 -0.0158286 0.0159498
 -2.48525e-05 -0.025949 0.0261476
weights matrix:
 -1.05162 0.266379 -0.0749104
 1.96521 -2.5115 -0.635389
 -2.54287 1.10475 2.26542
 -2.14233 -1.10198 3.16408
 0.989177 0.887976 -3.31323
regression_error on 'test' 0.0799715
classification_error on 'test' 0.0789474
Save,4625,0.0799715,0.0789474
sample_count 75 Sample index 32
 i 0:0.697853 i 1:0.516233 i 2:0.642339 i 3:0.60999 bias 1
 test_print 3.46642
net matrix:
 -1.67038 -0.18522 -0.308283
outputs matrix:
 0.0341992 0.408435 0.350563
error matrix:
 -0.0341992 0.591565 -0.350563
delta matrix:
 -0.00225918 0.285863 -0.159624
weights_delta matrix:
 -0.000157657 0.019949 -0.0111394
 -0.000116626 0.0147572 -0.00824033
 -0.000145116 0.0183621 -0.0102533
 -0.000137808 0.0174374 -0.00973692
 -0.000225918 0.0285863 -0.0159624
weights matrix:
 -1.05178 0.286328 -0.0860498
 1.96509 -2.49674 -0.643629
 -2.54301 1.12312 2.25517
 -2.14247 -1.08454 3.15434
 0.988951 0.916562 -3.32919
regression_error on 'test' 0.082673
classification_error on 'test' 0.0789474
Save,4626,0.082673,0.0789474
sample_count 75 Sample index 29
 i 0:0.420705 i 1:0.304495 i 2:0.536492 i 3:0.536988 bias 1
 test_print 2.79868
net matrix:
 -1.36996 0.296933 -0.657646
outputs matrix:
 0.0606582 0.644252 0.211603
error matrix:
 -0.0606582 0.355748 -0.211603
delta matrix:
 -0.00691247 0.163069 -0.0706021
weights_delta matrix:
 -0.000290811 0.00686039 -0.00297027
 -0.000210481 0.00496537 -0.0021498
 -0.000370848 0.00874852 -0.00378775
 -0.000371191 0.00875661 -0.00379125
 -0.000691247 0.0163069 -0.00706021
weights matrix:
 -1.05207 0.293188 -0.0890201
 1.96488 -2.49178 -0.645779
 -2.54338 1.13186 2.25138
 -2.14284 -1.07578 3.15055
 0.98826 0.932869 -3.33625
regression_error on 'test' 0.0841803
classification_error on 'test' 0.105263
Save,4627,0.0841803,0.105263
sample_count 75 Sample index 60
 i 0:0.559279 i 1:0.410364 i 2:0.536492 i 3:0.536988 bias 1
 test_print 3.04312
net matrix:
 -1.30901 0.10386 -0.751382
outputs matrix:
 0.067988 0.551744 0.182014
error matrix:
 -0.067988 0.448256 -0.182014
delta matrix:
 -0.0086162 0.221728 -0.0541981
weights_delta matrix:
 -0.000481886 0.0124008 -0.00303119
 -0.000353578 0.0090989 -0.0022241
 -0.000462252 0.0118955 -0.00290769
 -0.000462679 0.0119065 -0.00291037
 -0.00086162 0.0221728 -0.00541981
weights matrix:
 -1.05255 0.305589 -0.0920513
 1.96453 -2.48268 -0.648003
 -2.54385 1.14376 2.24847
 -2.1433 -1.06388 3.14764
 0.987398 0.955042 -3.34167
regression_error on 'test' 0.0865095
classification_error on 'test' 0.0789474
Save,4628,0.0865095,0.0789474
sample_count 75 Sample index 42
 i 0:0.651661 i 1:0.551523 i 2:0.702823 i 3:0.792495 bias 1
 test_print 3.6985
net matrix:
 -2.10146 -0.25433 0.315728
outputs matrix:
 0.0147317 0.375508 0.65282
error matrix:
 -0.0147317 -0.375508 0.34718
delta matrix:
 -0.000427653 -0.176114 0.157374
weights_delta matrix:
 -2.78685e-05 -0.0114767 0.0102555
 -2.35861e-05 -0.00971312 0.00867955
 -3.00565e-05 -0.0123777 0.0110606
 -3.38913e-05 -0.013957 0.0124718
 -4.27653e-05 -0.0176114 0.0157374
weights matrix:
 -1.05258 0.294112 -0.0817958
 1.9645 -2.49239 -0.639324
 -2.54388 1.13138 2.25954
 -2.14333 -1.07783 3.16011
 0.987356 0.93743 -3.32593
regression_error on 'test' 0.0840086
classification_error on 'test' 0.0789474
Save,4629,0.0840086,0.0789474
sample_count 75 Sample index 40
 i 0:0.328323 i 1:0.763262 i 2:0.158468 i 3:0.171977 bias 1
 test_print 2.42203
net matrix:
 1.36947 -0.874429 -2.93923
outputs matrix:
 0.939286 0.148191 0.0027913
error matrix:
 0.060714 -0.148191 -0.0027913
delta matrix:
 0.00692478 -0.0374125 -1.55392e-05
weights_delta matrix:
 0.000227356 -0.00122834 -5.10188e-07
 0.000528542 -0.00285555 -1.18605e-06
 0.000109736 -0.000592869 -2.46247e-07
 0.00011909 -0.000643409 -2.67239e-07
 0.000692478 -0.00374125 -1.55392e-06
weights matrix:
 -1.05235 0.292884 -0.0817963
 1.96503 -2.49525 -0.639325
 -2.54377 1.13079 2.25953
 -2.14322 -1.07848 3.16011
 0.988048 0.933689 -3.32593
regression_error on 'test' 0.0837378
classification_error on 'test' 0.0789474
Save,4630,0.0837378,0.0789474
sample_count 75 Sample index 60
 i 0:0.559279 i 1:0.410364 i 2:0.536492 i 3:0.536988 bias 1
 test_print 3.04312
net matrix:
 -1.30972 0.101063 -0.724869
outputs matrix:
 0.0678973 0.55036 0.190042
error matrix:
 -0.0678973 0.44964 -0.190042
delta matrix:
 -0.00859407 0.222539 -0.0585048
weights_delta matrix:
 -0.000480649 0.0124462 -0.00327205
 -0.00035267 0.00913221 -0.00240083
 -0.000461065 0.0119391 -0.00313873
 -0.000461491 0.0119501 -0.00314164
 -0.000859407 0.0222539 -0.00585048
weights matrix:
 -1.05283 0.30533 -0.0850684
 1.96468 -2.48612 -0.641726
 -2.54423 1.14273 2.2564
 -2.14368 -1.06653 3.15697
 0.987189 0.955943 -3.33178
regression_error on 'test' 0.0860319
classification_error on 'test' 0.105263
Save,4631,0.0860319,0.105263
sample_count 75 Sample index 61
 i 0:0.697853 i 1:0.480944 i 2:0.687702 i 3:0.682992 bias 1
 test_print 3.54949
net matrix:
 -2.01642 0.0307625 0.00813343
outputs matrix:
 0.0174153 0.515376 0.504067
error matrix:
 -0.0174153 0.484624 -0.504067
delta matrix:
 -0.000596024 0.242083 -0.252017
weights_delta matrix:
 -4.15937e-05 0.0168938 -0.0175871
 -2.86654e-05 0.0116428 -0.0121206
 -4.09887e-05 0.0166481 -0.0173312
 -4.0708e-05 0.0165341 -0.0172125
 -5.96024e-05 0.0242083 -0.0252017
weights matrix:
 -1.05287 0.322224 -0.102655
 1.96465 -2.47447 -0.653846
 -2.54427 1.15938 2.23906
 -2.14372 -1.04999 3.13976
 0.987129 0.980151 -3.35698
regression_error on 'test' 0.0899326
classification_error on 'test' 0.0526316
Save,4632,0.0899326,0.0526316
sample_count 75 Sample index 25
 i 0:0.628566 i 1:0.410364 i 2:0.778427 i 3:0.865497 bias 1
 test_print 3.68285
net matrix:
 -2.70436 0.160979 0.770577
outputs matrix:
 0.00445742 0.579801 0.823632
error matrix:
 -0.00445742 -0.579801 0.176368
delta matrix:
 -3.95601e-05 -0.282516 0.0512391
weights_delta matrix:
 -2.48662e-06 -0.017758 0.00322071
 -1.62341e-06 -0.0115934 0.00210267
 -3.07947e-06 -0.0219918 0.00398859
 -3.42392e-06 -0.0244517 0.00443473
 -3.95601e-06 -0.0282516 0.00512391
weights matrix:
 -1.05288 0.304466 -0.0994347
 1.96465 -2.48607 -0.651744
 -2.54427 1.13738 2.24305
 -2.14372 -1.07445 3.14419
 0.987125 0.9519 -3.35186
regression_error on 'test' 0.0860189
classification_error on 'test' 0.0789474
Save,4633,0.0860189,0.0789474
sample_count 75 Sample index 20
 i 0:0.489992 i 1:0.375074 i 2:0.521371 i 3:0.500487 bias 1
 test_print 2.88692
net matrix:
 -1.1913 0.22388 -0.901943
outputs matrix:
 0.084509 0.610106 0.141379
error matrix:
 -0.084509 0.389894 -0.141379
delta matrix:
 -0.0130765 0.185493 -0.0343242
weights_delta matrix:
 -0.000640736 0.00908901 -0.00168186
 -0.000490464 0.00695736 -0.00128741
 -0.000681769 0.00967107 -0.00178956
 -0.00065446 0.00928369 -0.00171788
 -0.00130765 0.0185493 -0.00343242
weights matrix:
 -1.05352 0.313555 -0.101117
 1.96416 -2.47911 -0.653031
 -2.54495 1.14706 2.24126
 -2.14438 -1.06516 3.14248
 0.985817 0.970449 -3.35529
regression_error on 'test' 0.0880085
classification_error on 'test' 0.0526316
Save,4634,0.0880085,0.0526316
sample_count 75 Sample index 14
 i 0:0.697853 i 1:0.516233 i 2:0.778427 i 3:0.938499 bias 1
 test_print 3.93101
net matrix:
 -2.72897 -0.197288 0.930899
outputs matrix:
 0.0042442 0.402616 0.865506
error matrix:
 -0.0042442 -0.402616 0.134494
delta matrix:
 -3.58736e-05 -0.193672 0.0313115
weights_delta matrix:
 -2.50345e-06 -0.0135154 0.00218508
 -1.85191e-06 -0.00999797 0.0016164
 -2.7925e-06 -0.0150759 0.00243737
 -3.36674e-06 -0.0181761 0.00293858
 -3.58736e-06 -0.0193672 0.00313115
weights matrix:
 -1.05352 0.30004 -0.0989315
 1.96416 -2.48911 -0.651415
 -2.54496 1.13198 2.2437
 -2.14438 -1.08334 3.14542
 0.985814 0.951082 -3.35216
regression_error on 'test' 0.0853434
classification_error on 'test' 0.0789474
Save,4635,0.0853434,0.0789474
sample_count 75 Sample index 60
 i 0:0.559279 i 1:0.410364 i 2:0.536492 i 3:0.536988 bias 1
 test_print 3.04312
net matrix:
 -1.31423 0.123006 -0.782031
outputs matrix:
 0.0673287 0.561195 0.173065
error matrix:
 -0.0673287 0.438805 -0.173065
delta matrix:
 -0.0084559 0.216116 -0.0495357
weights_delta matrix:
 -0.00047292 0.0120869 -0.00277043
 -0.000346999 0.00886863 -0.00203277
 -0.000453652 0.0115945 -0.00265755
 -0.000454071 0.0116052 -0.00266001
 -0.00084559 0.0216116 -0.00495357
weights matrix:
 -1.05399 0.312127 -0.101702
 1.96381 -2.48024 -0.653447
 -2.54541 1.14357 2.24104
 -2.14483 -1.07173 3.14276
 0.984968 0.972694 -3.35711
regression_error on 'test' 0.0877439
classification_error on 'test' 0.0526316
Save,4636,0.0877439,0.0526316
sample_count 75 Sample index 68
 i 0:0.305227 i 1:0.657392 i 2:0.173589 i 3:0.281481 bias 1
 test_print 2.41769
net matrix:
 0.908669 -0.665687 -2.54408
outputs matrix:
 0.860246 0.208932 0.00613151
error matrix:
 0.139754 -0.208932 -0.00613151
delta matrix:
 0.0336031 -0.0690645 -7.47299e-05
weights_delta matrix:
 0.00102566 -0.00210803 -2.28096e-06
 0.00220904 -0.00454024 -4.91268e-06
 0.000583313 -0.00119888 -1.29723e-06
 0.000945863 -0.00194403 -2.1035e-06
 0.00336031 -0.00690645 -7.47299e-06
weights matrix:
 -1.05297 0.310019 -0.101704
 1.96602 -2.48478 -0.653452
 -2.54483 1.14237 2.24104
 -2.14389 -1.07368 3.14275
 0.988329 0.965787 -3.35712
regression_error on 'test' 0.0871437
classification_error on 'test' 0.0526316
Save,4637,0.0871437,0.0526316
sample_count 75 Sample index 66
 i 0:0.60547 i 1:0.304495 i 2:0.672581 i 3:0.60999 bias 1
 test_print 3.19254
net matrix:
 -2.06992 0.510299 -0.193344
outputs matrix:
 0.0156758 0.735089 0.404515
error matrix:
 -0.0156758 0.264911 -0.404515
delta matrix:
 -0.000483755 0.103174 -0.194881
weights_delta matrix:
 -2.92899e-05 0.00624687 -0.0117995
 -1.47301e-05 0.00314159 -0.00593404
 -3.25364e-05 0.00693928 -0.0131073
 -2.95086e-05 0.0062935 -0.0118876
 -4.83755e-05 0.0103174 -0.0194881
weights matrix:
 -1.053 0.316265 -0.113504
 1.966 -2.48164 -0.659386
 -2.54486 1.14931 2.22794
 -2.14392 -1.06738 3.13087
 0.98828 0.976105 -3.37661
regression_error on 'test' 0.0891421
classification_error on 'test' 0.0526316
Save,4638,0.0891421,0.0526316
sample_count 75 Sample index 63
 i 0:0.420705 i 1:0.904421 i 2:0.143347 i 3:0.135476 bias 1
 test_print 2.60395
net matrix:
 1.66813 -1.11514 -3.2772
outputs matrix:
 0.965652 0.097064 0.00142181
error matrix:
 0.0343482 -0.097064 -0.00142181
delta matrix:
 0.00227855 -0.0170139 -4.03735e-06
weights_delta matrix:
 9.58597e-05 -0.000715783 -1.69853e-07
 0.000206077 -0.00153877 -3.65147e-07
 3.26623e-05 -0.000243889 -5.78742e-08
 3.08689e-05 -0.000230497 -5.46964e-08
 0.000227855 -0.00170139 -4.03735e-07
weights matrix:
 -1.0529 0.31555 -0.113504
 1.96621 -2.48318 -0.659387
 -2.54483 1.14907 2.22794
 -2.14389 -1.06761 3.13087
 0.988508 0.974403 -3.37661
regression_error on 'test' 0.088984
classification_error on 'test' 0.0526316
Save,4639,0.088984,0.0526316
sample_count 75 Sample index 54
 i 0:0.305227 i 1:0.622103 i 2:0.158468 i 3:0.135476 bias 1
 test_print 2.22127
net matrix:
 1.1966 -0.436619 -3.04425
outputs matrix:
 0.916307 0.294581 0.00226368
error matrix:
 0.0836926 -0.294581 -0.00226368
delta matrix:
 0.0128365 -0.12243 -1.02253e-05
weights_delta matrix:
 0.000391804 -0.00373688 -3.12104e-07
 0.00079856 -0.00761638 -6.3612e-07
 0.000203417 -0.00194012 -1.62038e-07
 0.000173903 -0.00165863 -1.38528e-07
 0.00128365 -0.012243 -1.02253e-06
weights matrix:
 -1.05251 0.311813 -0.113504
 1.96701 -2.49079 -0.659387
 -2.54462 1.14713 2.22793
 -2.14371 -1.06927 3.13087
 0.989792 0.96216 -3.37661
regression_error on 'test' 0.0879961
classification_error on 'test' 0.0526316
Save,4640,0.0879961,0.0526316
sample_count 75 Sample index 53
 i 0:0.489992 i 1:0.410364 i 2:0.702823 i 3:0.938499 bias 1
 test_print 3.54168
net matrix:
 -2.51903 -0.104467 0.801341
outputs matrix:
 0.00644451 0.447956 0.832393
error matrix:
 -0.00644451 -0.447956 0.167607
delta matrix:
 -8.25281e-05 -0.221551 0.0467674
weights_delta matrix:
 -4.04381e-06 -0.0108558 0.00229156
 -3.38666e-06 -0.00909166 0.00191916
 -5.80027e-06 -0.0155711 0.00328692
 -7.74526e-06 -0.0207926 0.00438911
 -8.25281e-06 -0.0221551 0.00467674
weights matrix:
 -1.05251 0.300957 -0.111213
 1.967 -2.49988 -0.657468
 -2.54463 1.13156 2.23122
 -2.14372 -1.09006 3.13525
 0.989783 0.940005 -3.37194
regression_error on 'test' 0.0852205
classification_error on 'test' 0.0789474
Save,4641,0.0852205,0.0789474
sample_count 75 Sample index 65
 i 0:0.928809 i 1:0.410364 i 2:0.944758 i 3:0.792495 bias 1
 test_print 4.07643
net matrix:
 -3.28356 0.398853 0.847607
outputs matrix:
 0.00140388 0.689483 0.844909
error matrix:
 -0.00140388 -0.689483 0.155091
delta matrix:
 -3.9362e-06 -0.295231 0.0406458
weights_delta matrix:
 -3.65598e-07 -0.0274214 0.00377522
 -1.61528e-07 -0.0121152 0.00166796
 -3.71876e-07 -0.0278922 0.00384004
 -3.11942e-07 -0.0233969 0.00322116
 -3.9362e-07 -0.0295231 0.00406458
weights matrix:
 -1.05251 0.273536 -0.107437
 1.967 -2.512 -0.6558
 -2.54463 1.10367 2.23506
 -2.14372 -1.11346 3.13848
 0.989783 0.910482 -3.36787
regression_error on 'test' 0.0818569
classification_error on 'test' 0.0789474
Save,4642,0.0818569,0.0789474
sample_count 75 Sample index 54
 i 0:0.305227 i 1:0.622103 i 2:0.158468 i 3:0.135476 bias 1
 test_print 2.22127
net matrix:
 1.19854 -0.544702 -3.02926
outputs matrix:
 0.916605 0.251731 0.00233238
error matrix:
 0.0833953 -0.251731 -0.00233238
delta matrix:
 0.0127496 -0.0948332 -1.08546e-05
weights_delta matrix:
 0.000389151 -0.00289456 -3.31313e-07
 0.000793154 -0.0058996 -6.75271e-07
 0.00020204 -0.0015028 -1.72011e-07
 0.000172726 -0.00128476 -1.47054e-07
 0.00127496 -0.00948332 -1.08546e-06
weights matrix:
 -1.05212 0.270641 -0.107438
 1.9678 -2.5179 -0.655801
 -2.54443 1.10216 2.23506
 -2.14355 -1.11475 3.13848
 0.991058 0.900999 -3.36787
regression_error on 'test' 0.0813849
classification_error on 'test' 0.0789474
Save,4643,0.0813849,0.0789474
sample_count 75 Sample index 44
 i 0:0.536183 i 1:0.375074 i 2:0.702823 i 3:0.646491 bias 1
 test_print 3.26057
net matrix:
 -2.00907 0.155666 -0.0716028
outputs matrix:
 0.0176686 0.57721 0.46426
error matrix:
 -0.0176686 0.42279 -0.46426
delta matrix:
 -0.00061333 0.206354 -0.230944
weights_delta matrix:
 -3.28857e-05 0.0110643 -0.0123828
 -2.30044e-05 0.0077398 -0.0086621
 -4.31062e-05 0.014503 -0.0162313
 -3.96512e-05 0.0133406 -0.0149303
 -6.1333e-05 0.0206354 -0.0230944
weights matrix:
 -1.05216 0.281705 -0.119821
 1.96777 -2.51016 -0.664463
 -2.54447 1.11667 2.21883
 -2.14359 -1.10141 3.12355
 0.990997 0.921634 -3.39097
regression_error on 'test' 0.0841195
classification_error on 'test' 0.0789474
Save,4644,0.0841195,0.0789474
sample_count 75 Sample index 13
 i 0:0.420705 i 1:0.269205 i 2:0.491129 i 3:0.427485 bias 1
 test_print 2.60852
net matrix:
 -1.08793 0.441995 -1.19525
outputs matrix:
 0.101939 0.707648 0.0838998
error matrix:
 -0.101939 0.292352 -0.0838998
delta matrix:
 -0.0186646 0.120965 -0.0128972
weights_delta matrix:
 -0.000785229 0.00508905 -0.000542591
 -0.00050246 0.00325643 -0.000347199
 -0.000916673 0.00594093 -0.000633418
 -0.000797884 0.00517106 -0.000551335
 -0.00186646 0.0120965 -0.00128972
weights matrix:
 -1.05294 0.286794 -0.120363
 1.96727 -2.5069 -0.66481
 -2.54539 1.12261 2.2182
 -2.14438 -1.09623 3.12299
 0.98913 0.93373 -3.39226
regression_error on 'test' 0.0850577
classification_error on 'test' 0.0526316
Save,4645,0.0850577,0.0526316
sample_count 75 Sample index 71
 i 0:0.143558 i 1:0.480944 i 2:0.0979839 i 3:0.0989754 bias 1
 test_print 1.82146
net matrix:
 1.32247 -0.229281 -3.20282
outputs matrix:
 0.933699 0.387327 0.00164947
error matrix:
 0.0663014 -0.387327 -0.00164947
delta matrix:
 0.00820885 -0.183829 -5.43255e-06
weights_delta matrix:
 0.000117845 -0.00263902 -7.79886e-08
 0.0003948 -0.00884116 -2.61275e-07
 8.04335e-05 -0.00180123 -5.32302e-08
 8.12474e-05 -0.00181946 -5.37689e-08
 0.000820885 -0.0183829 -5.43255e-07
weights matrix:
 -1.05282 0.284155 -0.120363
 1.96767 -2.51574 -0.664811
 -2.54531 1.12081 2.2182
 -2.1443 -1.09805 3.12299
 0.989951 0.915348 -3.39226
regression_error on 'test' 0.0841197
classification_error on 'test' 0.0789474
Save,4646,0.0841197,0.0789474
sample_count 75 Sample index 67
 i 0:0.443801 i 1:0.375074 i 2:0.566734 i 3:0.536988 bias 1
 test_print 2.9226
net matrix:
 -1.33325 0.143423 -0.760889
outputs matrix:
 0.0649794 0.571224 0.1792
error matrix:
 -0.0649794 0.428776 -0.1792
delta matrix:
 -0.00789591 0.210038 -0.0527161
weights_delta matrix:
 -0.000350421 0.0093215 -0.00233954
 -0.000296155 0.00787797 -0.00197724
 -0.000447488 0.0119036 -0.0029876
 -0.000424001 0.0112788 -0.00283079
 -0.000789591 0.0210038 -0.00527161
weights matrix:
 -1.05317 0.293477 -0.122703
 1.96737 -2.50787 -0.666788
 -2.54575 1.13271 2.21521
 -2.14473 -1.08678 3.12016
 0.989161 0.936351 -3.39753
regression_error on 'test' 0.0860996
classification_error on 'test' 0.0526316
Save,4647,0.0860996,0.0526316
sample_count 75 Sample index 0
 i 0:0.282131 i 1:0.269205 i 2:0.430645 i 3:0.427485 bias 1
 test_print 2.40947
net matrix:
 -0.791501 0.367236 -1.32386
outputs matrix:
 0.170371 0.675786 0.06613
error matrix:
 -0.170371 0.324214 -0.06613
delta matrix:
 -0.048162 0.14207 -0.00816797
weights_delta matrix:
 -0.0013588 0.00400824 -0.000230444
 -0.00129655 0.0038246 -0.000219886
 -0.00207407 0.00611818 -0.000351749
 -0.00205885 0.00607329 -0.000349168
 -0.0048162 0.014207 -0.000816797
weights matrix:
 -1.05453 0.297485 -0.122933
 1.96607 -2.50404 -0.667008
 -2.54783 1.13883 2.21486
 -2.14679 -1.0807 3.11981
 0.984345 0.950558 -3.39834
regression_error on 'test' 0.0872357
classification_error on 'test' 0.0526316
Save,4648,0.0872357,0.0526316
sample_count 75 Sample index 48
 i 0:0.744044 i 1:0.516233 i 2:0.748185 i 3:0.828996 bias 1
 test_print 3.83746
net matrix:
 -2.47125 -0.164612 0.409293
outputs matrix:
 0.00708623 0.41843 0.693936
error matrix:
 -0.00708623 -0.41843 0.306064
delta matrix:
 -9.97177e-05 -0.203647 0.130009
weights_delta matrix:
 -7.41943e-06 -0.0151522 0.00967325
 -5.14776e-06 -0.0105129 0.0067115
 -7.46073e-06 -0.0152365 0.00972709
 -8.26655e-06 -0.0168822 0.0107777
 -9.97177e-06 -0.0203647 0.0130009
weights matrix:
 -1.05454 0.282333 -0.11326
 1.96607 -2.51455 -0.660296
 -2.54784 1.12359 2.22458
 -2.14679 -1.09758 3.13059
 0.984335 0.930194 -3.38534
regression_error on 'test' 0.0841871
classification_error on 'test' 0.0789474
Save,4649,0.0841871,0.0789474
sample_count 75 Sample index 70
 i 0:0.259036 i 1:0.622103 i 2:0.173589 i 3:0.135476 bias 1
 test_print 2.1902
net matrix:
 1.20115 -0.514637 -3.01517
outputs matrix:
 0.917003 0.263225 0.0023989
error matrix:
 0.082997 -0.263225 -0.0023989
delta matrix:
 0.0126335 -0.102098 -1.14819e-05
weights_delta matrix:
 0.000327254 -0.00264472 -2.97422e-07
 0.000785936 -0.00635157 -7.1429e-07
 0.000219304 -0.00177232 -1.99312e-07
 0.000171154 -0.00138319 -1.55552e-07
 0.00126335 -0.0102098 -1.14819e-06
weights matrix:
 -1.05421 0.279688 -0.11326
 1.96685 -2.52091 -0.660297
 -2.54762 1.12182 2.22458
 -2.14662 -1.09897 3.13059
 0.985599 0.919984 -3.38534
regression_error on 'test' 0.0835962
classification_error on 'test' 0.0789474
Save,4650,0.0835962,0.0789474
sample_count 75 Sample index 43
 i 0:0.582374 i 1:0.198626 i 2:0.612097 i 3:0.60999 bias 1
 test_print 3.00309
net matrix:
 -2.10649 0.598453 -0.311166
outputs matrix:
 0.0145864 0.767974 0.349251
error matrix:
 -0.0145864 0.232026 -0.349251
delta matrix:
 -0.000419319 0.0826895 -0.158752
weights_delta matrix:
 -2.44201e-05 0.00481562 -0.00924531
 -8.32877e-06 0.00164243 -0.00315323
 -2.56664e-05 0.0050614 -0.00971717
 -2.5578e-05 0.00504398 -0.00968372
 -4.19319e-05 0.00826895 -0.0158752
weights matrix:
 -1.05424 0.284504 -0.122506
 1.96685 -2.51926 -0.66345
 -2.54764 1.12688 2.21487
 -2.14665 -1.09392 3.12091
 0.985557 0.928253 -3.40122
regression_error on 'test' 0.0850846
classification_error on 'test' 0.0526316
Save,4651,0.0850846,0.0526316
sample_count 75 Sample index 13
 i 0:0.420705 i 1:0.269205 i 2:0.491129 i 3:0.427485 bias 1
 test_print 2.60852
net matrix:
 -1.09736 0.455555 -1.20944
outputs matrix:
 0.100225 0.713227 0.0817449
error matrix:
 -0.100225 0.286773 -0.0817449
delta matrix:
 -0.0180766 0.11731 -0.012272
weights_delta matrix:
 -0.000760494 0.00493528 -0.000516288
 -0.000486632 0.00315804 -0.000330368
 -0.000887797 0.00576142 -0.000602712
 -0.00077275 0.00501481 -0.000524608
 -0.00180766 0.011731 -0.0012272
weights matrix:
 -1.055 0.289439 -0.123022
 1.96636 -2.51611 -0.66378
 -2.54853 1.13264 2.21426
 -2.14742 -1.08891 3.12038
 0.983749 0.939984 -3.40245
regression_error on 'test' 0.0860344
classification_error on 'test' 0.0526316
Save,4652,0.0860344,0.0526316
sample_count 75 Sample index 36
 i 0:0.744044 i 1:0.516233 i 2:0.702823 i 3:0.901998 bias 1
 test_print 3.8651
net matrix:
 -2.51425 -0.329704 0.534169
outputs matrix:
 0.006506 0.340873 0.744281
error matrix:
 -0.006506 -0.340873 0.255719
delta matrix:
 -8.41054e-05 -0.153174 0.0973405
weights_delta matrix:
 -6.25781e-06 -0.0113968 0.00724256
 -4.3418e-06 -0.00790732 0.00502504
 -5.91112e-06 -0.0107654 0.00684131
 -7.58629e-06 -0.0138162 0.00878009
 -8.41054e-06 -0.0153174 0.00973405
weights matrix:
 -1.055 0.278042 -0.115779
 1.96636 -2.52401 -0.658755
 -2.54854 1.12188 2.22111
 -2.14743 -1.10272 3.12916
 0.983741 0.924666 -3.39271
regression_error on 'test' 0.0838208
classification_error on 'test' 0.0789474
Save,4653,0.0838208,0.0789474
sample_count 75 Sample index 22
 i 0:0.305227 i 1:0.233915 i 2:0.430645 i 3:0.427485 bias 1
 test_print 2.39727
net matrix:
 -0.893823 0.43086 -1.28797
outputs matrix:
 0.143362 0.70302 0.0707035
error matrix:
 -0.143362 0.29698 -0.0707035
delta matrix:
 -0.0352122 0.124009 -0.00929107
weights_delta matrix:
 -0.00107477 0.00378508 -0.000283589
 -0.000823666 0.00290075 -0.000217332
 -0.0015164 0.00534037 -0.000400115
 -0.00150527 0.00530118 -0.000397179
 -0.00352122 0.0124009 -0.000929107
weights matrix:
 -1.05608 0.281827 -0.116063
 1.96553 -2.52111 -0.658973
 -2.55005 1.12722 2.22071
 -2.14893 -1.09742 3.12877
 0.980219 0.937067 -3.39364
regression_error on 'test' 0.0846931
classification_error on 'test' 0.0789474
Save,4654,0.0846931,0.0789474
sample_count 75 Sample index 10
 i 0:0.697853 i 1:0.304495 i 2:0.808669 i 3:0.719493 bias 1
 test_print 3.53051
net matrix:
 -2.76657 0.488032 0.37165
outputs matrix:
 0.00393803 0.726327 0.677717
error matrix:
 -0.00393803 -0.726327 0.322283
delta matrix:
 -3.08939e-05 -0.288753 0.140784
weights_delta matrix:
 -2.15594e-06 -0.0201507 0.00982465
 -9.40705e-07 -0.00879238 0.0042868
 -2.4983e-06 -0.0233506 0.0113848
 -2.2228e-06 -0.0207756 0.0101293
 -3.08939e-06 -0.0288753 0.0140784
weights matrix:
 -1.05608 0.261677 -0.106238
 1.96553 -2.5299 -0.654686
 -2.55005 1.10387 2.23209
 -2.14894 -1.1182 3.1389
 0.980216 0.908192 -3.37956
regression_error on 'test' 0.0814386
classification_error on 'test' 0.0789474
Save,4655,0.0814386,0.0789474
sample_count 75 Sample index 18
 i 0:0.513088 i 1:0.480944 i 2:0.566734 i 3:0.60999 bias 1
 test_print 3.17076
net matrix:
 -1.37237 -0.230779 -0.569244
outputs matrix:
 0.0603846 0.386616 0.242598
error matrix:
 -0.0603846 0.613384 -0.242598
delta matrix:
 -0.00685224 0.290921 -0.0891519
weights_delta matrix:
 -0.00035158 0.0149268 -0.00457428
 -0.000329554 0.0139917 -0.00428771
 -0.00038834 0.0164875 -0.00505254
 -0.00041798 0.0177459 -0.00543818
 -0.000685224 0.0290921 -0.00891519
weights matrix:
 -1.05643 0.276603 -0.110812
 1.9652 -2.51591 -0.658974
 -2.55044 1.12035 2.22704
 -2.14935 -1.10045 3.13346
 0.979531 0.937284 -3.38848
regression_error on 'test' 0.0840652
classification_error on 'test' 0.0789474
Save,4656,0.0840652,0.0789474
sample_count 75 Sample index 54
 i 0:0.305227 i 1:0.622103 i 2:0.158468 i 3:0.135476 bias 1
 test_print 2.22127
net matrix:
 1.18429 -0.514991 -3.05483
outputs matrix:
 0.914399 0.263088 0.00221639
error matrix:
 0.0856006 -0.263088 -0.00221639
delta matrix:
 0.0134005 -0.102011 -9.80296e-06
weights_delta matrix:
 0.000409018 -0.00311365 -2.99213e-07
 0.000833647 -0.00634613 -6.09845e-07
 0.000212354 -0.00161655 -1.55346e-07
 0.000181544 -0.001382 -1.32807e-07
 0.00134005 -0.0102011 -9.80296e-07
weights matrix:
 -1.05602 0.27349 -0.110813
 1.96603 -2.52226 -0.658974
 -2.55023 1.11874 2.22704
 -2.14917 -1.10184 3.13346
 0.980871 0.927083 -3.38848
regression_error on 'test' 0.0834676
classification_error on 'test' 0.0789474
Save,4657,0.0834676,0.0789474
sample_count 75 Sample index 39
 i 0:0.397609 i 1:0.622103 i 2:0.18871 i 3:0.135476 bias 1
 test_print 2.3439
net matrix:
 1.01165 -0.471435 -2.99772
outputs matrix:
 0.883221 0.280321 0.00248391
error matrix:
 0.116779 -0.280321 -0.00248391
delta matrix:
 0.0240894 -0.113104 -1.23089e-05
weights_delta matrix:
 0.000957818 -0.00449714 -4.89415e-07
 0.00149861 -0.00703626 -7.65743e-07
 0.000454592 -0.00213439 -2.32282e-07
 0.000326354 -0.00153229 -1.66757e-07
 0.00240894 -0.0113104 -1.23089e-06
weights matrix:
 -1.05507 0.268993 -0.110813
 1.96753 -2.5293 -0.658975
 -2.54978 1.1166 2.22704
 -2.14885 -1.10337 3.13346
 0.98328 0.915773 -3.38848
regression_error on 'test' 0.0828155
classification_error on 'test' 0.105263
Save,4658,0.0828155,0.105263
sample_count 75 Sample index 4
 i 0:0.212844 i 1:0.516233 i 2:0.158468 i 3:0.135476 bias 1
 test_print 2.02302
net matrix:
 1.07925 -0.305214 -2.97483
outputs matrix:
 0.89646 0.351962 0.00259995
error matrix:
 0.10354 -0.351962 -0.00259995
delta matrix:
 0.0192212 -0.160554 -1.34843e-05
weights_delta matrix:
 0.000409111 -0.0034173 -2.87006e-07
 0.000992259 -0.00828834 -6.96106e-07
 0.000304594 -0.00254427 -2.13684e-07
 0.0002604 -0.00217512 -1.8268e-07
 0.00192212 -0.0160554 -1.34843e-06
weights matrix:
 -1.05466 0.265575 -0.110814
 1.96853 -2.53758 -0.658976
 -2.54947 1.11406 2.22704
 -2.14859 -1.10554 3.13346
 0.985202 0.899717 -3.38848
regression_error on 'test' 0.0820602
classification_error on 'test' 0.105263
Save,4659,0.0820602,0.105263
sample_count 75 Sample index 73
 i 0:0.582374 i 1:0.410364 i 2:0.65746 i 3:0.719493 bias 1
 test_print 3.36969
net matrix:
 -2.04326 -0.0499327 -0.00474939
outputs matrix:
 0.0165201 0.475054 0.497625
error matrix:
 -0.0165201 -0.475054 0.502375
delta matrix:
 -0.000536813 -0.236936 0.251182
weights_delta matrix:
 -3.12626e-05 -0.0137985 0.0146282
 -2.20289e-05 -0.009723 0.0103076
 -3.52933e-05 -0.0155776 0.0165142
 -3.86233e-05 -0.0170474 0.0180723
 -5.36813e-05 -0.0236936 0.0251182
weights matrix:
 -1.05469 0.251777 -0.0961854
 1.9685 -2.54731 -0.648668
 -2.54951 1.09848 2.24355
 -2.14863 -1.12259 3.15153
 0.985149 0.876024 -3.36336
regression_error on 'test' 0.0794113
classification_error on 'test' 0.0789474
Save,4660,0.0794113,0.0789474
sample_count 75 Sample index 56
 i 0:0.328323 i 1:0.727972 i 2:0.158468 i 3:0.208478 bias 1
 test_print 2.42324
net matrix:
 1.21993 -0.955641 -2.8546
outputs matrix:
 0.919817 0.128837 0.00330436
error matrix:
 0.0801833 -0.128837 -0.00330436
delta matrix:
 0.0118277 -0.0289207 -2.17654e-05
weights_delta matrix:
 0.00038833 -0.000949534 -7.1461e-07
 0.000861021 -0.00210535 -1.58446e-06
 0.000187431 -0.000458301 -3.44913e-07
 0.000246581 -0.000602934 -4.53762e-07
 0.00118277 -0.00289207 -2.17654e-06
weights matrix:
 -1.0543 0.250827 -0.0961861
 1.96936 -2.54941 -0.64867
 -2.54932 1.09802 2.24355
 -2.14838 -1.12319 3.15153
 0.986331 0.873131 -3.36337
regression_error on 'test' 0.0792966
classification_error on 'test' 0.0789474
Save,4661,0.0792966,0.0789474
sample_count 75 Sample index 64
 i 0:0.282131 i 1:0.516233 i 2:0.158468 i 3:0.0989754 bias 1
 test_print 2.05581
net matrix:
 1.08891 -0.30936 -3.05791
outputs matrix:
 0.89824 0.350073 0.00220279
error matrix:
 0.10176 -0.350073 -0.00220279
delta matrix:
 0.0186028 -0.159298 -9.68315e-06
weights_delta matrix:
 0.000524841 -0.0044943 -2.73192e-07
 0.000960335 -0.0082235 -4.99876e-07
 0.000294794 -0.00252437 -1.53447e-07
 0.000184121 -0.00157666 -9.58394e-08
 0.00186028 -0.0159298 -9.68315e-07
weights matrix:
 -1.05377 0.246333 -0.0961864
 1.97033 -2.55764 -0.64867
 -2.54902 1.0955 2.24355
 -2.14819 -1.12477 3.15153
 0.988192 0.857202 -3.36337
regression_error on 'test' 0.0787904
classification_error on 'test' 0.0789474
Save,4662,0.0787904,0.0789474
sample_count 75 Sample index 59
 i 0:0.60547 i 1:0.233915 i 2:0.596976 i 3:0.536988 bias 1
 test_print 2.97335
net matrix:
 -1.86421 0.458078 -0.54166
outputs matrix:
 0.0234669 0.714258 0.252878
error matrix:
 -0.0234669 0.285742 -0.252878
delta matrix:
 -0.00107554 0.116636 -0.0955529
weights_delta matrix:
 -6.51208e-05 0.00706196 -0.00578544
 -2.51585e-05 0.00272829 -0.00223513
 -6.42072e-05 0.00696289 -0.00570428
 -5.77553e-05 0.00626321 -0.00513108
 -0.000107554 0.0116636 -0.00955529
weights matrix:
 -1.05384 0.253395 -0.101972
 1.9703 -2.55491 -0.650905
 -2.54909 1.10246 2.23785
 -2.14825 -1.11851 3.1464
 0.988084 0.868865 -3.37292
regression_error on 'test' 0.0796853
classification_error on 'test' 0.0789474
Save,4663,0.0796853,0.0789474
sample_count 75 Sample index 58
 i 0:0.282131 i 1:0.516233 i 2:0.158468 i 3:0.0989754 bias 1
 test_print 2.05581
net matrix:
 1.09132 -0.314571 -3.07167
outputs matrix:
 0.89868 0.347705 0.00214314
error matrix:
 0.10132 -0.347705 -0.00214314
delta matrix:
 0.0184511 -0.157723 -9.16643e-06
weights_delta matrix:
 0.000520562 -0.00444986 -2.58614e-07
 0.000952506 -0.0081422 -4.73202e-07
 0.000292391 -0.00249941 -1.45259e-07
 0.00018262 -0.00156107 -9.07252e-08
 0.00184511 -0.0157723 -9.16643e-07
weights matrix:
 -1.05332 0.248945 -0.101972
 1.97125 -2.56305 -0.650906
 -2.5488 1.09996 2.23785
 -2.14807 -1.12007 3.1464
 0.989929 0.853093 -3.37292
regression_error on 'test' 0.0791848
classification_error on 'test' 0.0789474
Save,4664,0.0791848,0.0789474
sample_count 75 Sample index 61
 i 0:0.697853 i 1:0.480944 i 2:0.687702 i 3:0.682992 bias 1
 test_print 3.54949
net matrix:
 -2.017 -0.214414 -0.0691988
outputs matrix:
 0.0173955 0.394406 0.465456
error matrix:
 -0.0173955 0.605594 -0.465456
delta matrix:
 -0.00059468 0.289292 -0.231617
weights_delta matrix:
 -4.14999e-05 0.0201883 -0.0161635
 -2.86008e-05 0.0139133 -0.0111395
 -4.08962e-05 0.0198947 -0.0159283
 -4.06161e-05 0.0197584 -0.0158193
 -5.9468e-05 0.0289292 -0.0231617
weights matrix:
 -1.05336 0.269133 -0.118136
 1.97122 -2.54914 -0.662045
 -2.54884 1.11986 2.22192
 -2.14811 -1.10031 3.13058
 0.98987 0.882022 -3.39609
regression_error on 'test' 0.082134
classification_error on 'test' 0.105263
Save,4665,0.082134,0.105263
sample_count 75 Sample index 50
 i 0:0.489992 i 1:0.833841 i 2:0.113105 i 3:0.135476 bias 1
 test_print 2.57241
net matrix:
 1.53812 -1.13408 -3.33058
outputs matrix:
 0.955902 0.093794 0.00127802
error matrix:
 0.0440985 -0.093794 -0.00127802
delta matrix:
 0.00371783 -0.0159444 -3.26248e-06
weights_delta matrix:
 0.000182171 -0.000781261 -1.59859e-07
 0.000310008 -0.00132951 -2.72039e-07
 4.20506e-05 -0.000180339 -3.69003e-08
 5.03677e-05 -0.000216008 -4.41988e-08
 0.000371783 -0.00159444 -3.26248e-07
weights matrix:
 -1.05318 0.268352 -0.118136
 1.97153 -2.55047 -0.662046
 -2.54879 1.11968 2.22192
 -2.14806 -1.10053 3.13058
 0.990241 0.880428 -3.39609
regression_error on 'test' 0.0820551
classification_error on 'test' 0.105263
Save,4666,0.0820551,0.105263
sample_count 75 Sample index 44
 i 0:0.536183 i 1:0.375074 i 2:0.702823 i 3:0.646491 bias 1
 test_print 3.26057
net matrix:
 -2.01504 0.143155 -0.122239
outputs matrix:
 0.0174627 0.571093 0.439183
error matrix:
 -0.0174627 0.428907 -0.439183
delta matrix:
 -0.000599238 0.210118 -0.216343
weights_delta matrix:
 -3.21301e-05 0.0112662 -0.0115999
 -2.24759e-05 0.00788099 -0.00811446
 -4.21158e-05 0.0147676 -0.0152051
 -3.87402e-05 0.013584 -0.0139864
 -5.99238e-05 0.0210118 -0.0216343
weights matrix:
 -1.05321 0.279618 -0.129736
 1.97151 -2.54258 -0.67016
 -2.54884 1.13444 2.20671
 -2.1481 -1.08694 3.11659
 0.990182 0.901439 -3.41772
regression_error on 'test' 0.0848924
classification_error on 'test' 0.0789474
Save,4667,0.0848924,0.0789474
sample_count 75 Sample index 54
 i 0:0.305227 i 1:0.622103 i 2:0.158468 i 3:0.135476 bias 1
 test_print 2.22127
net matrix:
 1.20027 -0.562444 -3.10231
outputs matrix:
 0.916869 0.245106 0.002016
error matrix:
 0.0831313 -0.245106 -0.002016
delta matrix:
 0.0126726 -0.0907032 -8.11213e-06
weights_delta matrix:
 0.000386803 -0.00276851 -2.47604e-07
 0.000788367 -0.00564267 -5.04658e-07
 0.00020082 -0.00143736 -1.28551e-07
 0.000171684 -0.00122881 -1.099e-07
 0.00126726 -0.00907032 -8.11213e-07
weights matrix:
 -1.05282 0.27685 -0.129736
 1.9723 -2.54823 -0.670161
 -2.54864 1.13301 2.20671
 -2.14793 -1.08817 3.11659
 0.991449 0.892369 -3.41772
regression_error on 'test' 0.0844206
classification_error on 'test' 0.0789474
Save,4668,0.0844206,0.0789474
sample_count 75 Sample index 19
 i 0:0.674757 i 1:0.480944 i 2:0.596976 i 3:0.573489 bias 1
 test_print 3.32617
net matrix:
 -1.52367 -0.0940547 -0.722885
outputs matrix:
 0.0453322 0.453111 0.190653
error matrix:
 -0.0453322 0.546889 -0.190653
delta matrix:
 -0.0039237 0.27104 -0.0588374
weights_delta matrix:
 -0.000264755 0.0182886 -0.00397009
 -0.000188708 0.0130355 -0.00282975
 -0.000234236 0.0161804 -0.00351245
 -0.00022502 0.0155438 -0.00337426
 -0.00039237 0.027104 -0.00588374
weights matrix:
 -1.05309 0.295138 -0.133706
 1.97211 -2.53519 -0.67299
 -2.54887 1.14919 2.2032
 -2.14815 -1.07263 3.11322
 0.991056 0.919473 -3.4236
regression_error on 'test' 0.0871046
classification_error on 'test' 0.0526316
Save,4669,0.0871046,0.0526316
sample_count 75 Sample index 9
 i 0:0.351418 i 1:0.375074 i 2:0.521371 i 3:0.573489 bias 1
 test_print 2.82135
net matrix:
 -1.20018 0.0563192 -0.788932
outputs matrix:
 0.0831454 0.52813 0.171098
error matrix:
 -0.0831454 0.47187 -0.171098
delta matrix:
 -0.0126767 0.235188 -0.0485316
weights_delta matrix:
 -0.000445483 0.00826494 -0.00170549
 -0.000475471 0.0088213 -0.00182029
 -0.000660928 0.012262 -0.00253029
 -0.000726996 0.0134878 -0.00278323
 -0.00126767 0.0235188 -0.00485316
weights matrix:
 -1.05353 0.303403 -0.135411
 1.97164 -2.52637 -0.674811
 -2.54953 1.16145 2.20067
 -2.14888 -1.05914 3.11043
 0.989789 0.942992 -3.42846
regression_error on 'test' 0.0894582
classification_error on 'test' 0.0789474
Save,4670,0.0894582,0.0789474
sample_count 75 Sample index 10
 i 0:0.697853 i 1:0.304495 i 2:0.808669 i 3:0.719493 bias 1
 test_print 3.53051
net matrix:
 -2.7529 0.562641 0.289118
outputs matrix:
 0.00404669 0.754967 0.640661
error matrix:
 -0.00404669 -0.754967 0.359339
delta matrix:
 -3.26189e-05 -0.279325 0.16545
weights_delta matrix:
 -2.27632e-06 -0.0194928 0.011546
 -9.93229e-07 -0.00850532 0.00503787
 -2.63779e-06 -0.0225882 0.0133794
 -2.34691e-06 -0.0200973 0.011904
 -3.26189e-06 -0.0279325 0.016545
weights matrix:
 -1.05354 0.283911 -0.123865
 1.97163 -2.53488 -0.669773
 -2.54953 1.13886 2.21405
 -2.14888 -1.07924 3.12234
 0.989785 0.915059 -3.41191
regression_error on 'test' 0.0853458
classification_error on 'test' 0.0526316
Save,4671,0.0853458,0.0526316
sample_count 75 Sample index 49
 i 0:0.397609 i 1:0.480944 i 2:0.612097 i 3:0.60999 bias 1
 test_print 3.10064
net matrix:
 -1.35222 -0.152418 -0.523478
outputs matrix:
 0.0627116 0.424376 0.25981
error matrix:
 -0.0627116 0.575624 -0.25981
delta matrix:
 -0.00737223 0.281228 -0.0999275
weights_delta matrix:
 -0.000293126 0.0111819 -0.00397321
 -0.000354563 0.0135255 -0.00480595
 -0.000451252 0.0172139 -0.00611653
 -0.000449699 0.0171546 -0.00609548
 -0.000737223 0.0281228 -0.00999275
weights matrix:
 -1.05383 0.295092 -0.127839
 1.97128 -2.52135 -0.674579
 -2.54999 1.15608 2.20793
 -2.14933 -1.06208 3.11624
 0.989048 0.943182 -3.42191
regression_error on 'test' 0.0885005
classification_error on 'test' 0.0526316
Save,4672,0.0885005,0.0526316
sample_count 75 Sample index 74
 i 0:0.443801 i 1:0.480944 i 2:0.551613 i 3:0.536988 bias 1
 test_print 3.01335
net matrix:
 -1.09134 -0.0711025 -0.911766
outputs matrix:
 0.101317 0.464509 0.139011
error matrix:
 -0.101317 0.535491 -0.139011
delta matrix:
 -0.0184503 0.266397 -0.0332755
weights_delta matrix:
 -0.000818825 0.0118227 -0.00147677
 -0.000887355 0.0128122 -0.00160036
 -0.00101774 0.0146948 -0.00183552
 -0.000990757 0.0143052 -0.00178685
 -0.00184503 0.0266397 -0.00332755
weights matrix:
 -1.05465 0.306915 -0.129315
 1.97039 -2.50854 -0.676179
 -2.551 1.17077 2.2061
 -2.15032 -1.04778 3.11446
 0.987203 0.969822 -3.42523
regression_error on 'test' 0.0914539
classification_error on 'test' 0.131579
Save,4673,0.0914539,0.131579
sample_count 75 Sample index 64
 i 0:0.282131 i 1:0.516233 i 2:0.158468 i 3:0.0989754 bias 1
 test_print 2.05581
net matrix:
 1.08975 -0.156752 -3.15293
outputs matrix:
 0.898394 0.422259 0.00182224
error matrix:
 0.101606 -0.422259 -0.00182224
delta matrix:
 0.0185495 -0.206026 -6.62901e-06
weights_delta matrix:
 0.00052334 -0.00581263 -1.87025e-07
 0.000957589 -0.0106357 -3.42211e-07
 0.000293951 -0.00326485 -1.05049e-07
 0.000183595 -0.00203915 -6.56109e-08
 0.00185495 -0.0206026 -6.62901e-07
weights matrix:
 -1.05413 0.301103 -0.129316
 1.97135 -2.51917 -0.676179
 -2.55071 1.1675 2.2061
 -2.15014 -1.04981 3.11446
 0.989058 0.949219 -3.42523
regression_error on 'test' 0.0899085
classification_error on 'test' 0.0789474
Save,4674,0.0899085,0.0789474
sample_count 75 Sample index 18
 i 0:0.513088 i 1:0.480944 i 2:0.566734 i 3:0.60999 bias 1
 test_print 3.17076
net matrix:
 -1.36083 -0.086582 -0.666731
outputs matrix:
 0.0617075 0.456817 0.208587
error matrix:
 -0.0617075 0.543183 -0.208587
delta matrix:
 -0.0071457 0.269566 -0.0688665
weights_delta matrix:
 -0.000366637 0.0138311 -0.00353346
 -0.000343668 0.0129646 -0.0033121
 -0.000404971 0.0152772 -0.0039029
 -0.00043588 0.0164432 -0.00420079
 -0.00071457 0.0269566 -0.00688665
weights matrix:
 -1.05449 0.314934 -0.132849
 1.97101 -2.50621 -0.679491
 -2.55111 1.18278 2.20219
 -2.15057 -1.03337 3.11025
 0.988344 0.976176 -3.43212
regression_error on 'test' 0.0934641
classification_error on 'test' 0.157895
Save,4675,0.0934641,0.157895
sample_count 75 Sample index 64
 i 0:0.282131 i 1:0.516233 i 2:0.158468 i 3:0.0989754 bias 1
 test_print 2.05581
net matrix:
 1.09121 -0.143605 -3.16356
outputs matrix:
 0.89866 0.428687 0.00178398
error matrix:
 0.10134 -0.428687 -0.00178398
delta matrix:
 0.018458 -0.209983 -6.35382e-06
weights_delta matrix:
 0.000520757 -0.00592428 -1.79261e-07
 0.000952863 -0.01084 -3.28005e-07
 0.0002925 -0.00332756 -1.00688e-07
 0.000182689 -0.00207832 -6.28872e-08
 0.0018458 -0.0209983 -6.35382e-07
weights matrix:
 -1.05397 0.309009 -0.132849
 1.97196 -2.51705 -0.679492
 -2.55082 1.17945 2.20219
 -2.15039 -1.03545 3.11025
 0.990189 0.955178 -3.43212
regression_error on 'test' 0.0917869
classification_error on 'test' 0.157895
Save,4676,0.0917869,0.157895
sample_count 75 Sample index 38
 i 0:0.397609 i 1:0.798551 i 2:0.128226 i 3:0.208478 bias 1
 test_print 2.53286
net matrix:
 1.37044 -0.996582 -3.09675
outputs matrix:
 0.939396 0.119923 0.00203849
error matrix:
 0.0606037 -0.119923 -0.00203849
delta matrix:
 0.00690045 -0.0253135 -8.2939e-06
weights_delta matrix:
 0.000274368 -0.00100649 -3.29773e-07
 0.000551037 -0.00202142 -6.6231e-07
 8.84818e-05 -0.000324586 -1.06349e-07
 0.000143859 -0.000527732 -1.7291e-07
 0.000690045 -0.00253135 -8.2939e-07
weights matrix:
 -1.0537 0.308003 -0.13285
 1.97251 -2.51907 -0.679492
 -2.55073 1.17913 2.20219
 -2.15025 -1.03598 3.11025
 0.990879 0.952646 -3.43212
regression_error on 'test' 0.091561
classification_error on 'test' 0.157895
Save,4677,0.091561,0.157895
sample_count 75 Sample index 62
 i 0:0.582374 i 1:0.622103 i 2:0.748185 i 3:0.901998 bias 1
 test_print 3.85466
net matrix:
 -2.2436 -0.487345 0.520888
outputs matrix:
 0.0111269 0.273947 0.739192
error matrix:
 -0.0111269 -0.273947 0.260808
delta matrix:
 -0.00024486 -0.108976 0.100561
weights_delta matrix:
 -1.426e-05 -0.00634648 0.00585639
 -1.52328e-05 -0.00677943 0.0062559
 -1.83201e-05 -0.00815342 0.00752379
 -2.20864e-05 -0.00982961 0.00907054
 -2.4486e-05 -0.0108976 0.0100561
weights matrix:
 -1.05371 0.301656 -0.126993
 1.9725 -2.52585 -0.673237
 -2.55075 1.17098 2.20972
 -2.15027 -1.04581 3.11933
 0.990855 0.941749 -3.42207
regression_error on 'test' 0.0893512
classification_error on 'test' 0.0526316
Save,4678,0.0893512,0.0526316
sample_count 75 Sample index 42
 i 0:0.651661 i 1:0.551523 i 2:0.702823 i 3:0.792495 bias 1
 test_print 3.6985
net matrix:
 -2.10474 -0.260546 0.148962
outputs matrix:
 0.0146368 0.372597 0.573935
error matrix:
 -0.0146368 -0.372597 0.426065
delta matrix:
 -0.000422201 -0.174203 0.208374
weights_delta matrix:
 -2.75132e-05 -0.0113521 0.0135789
 -2.32854e-05 -0.00960769 0.0114923
 -2.96733e-05 -0.0122434 0.014645
 -3.34592e-05 -0.0138055 0.0165136
 -4.22201e-05 -0.0174203 0.0208374
weights matrix:
 -1.05374 0.290304 -0.113414
 1.97247 -2.53546 -0.661744
 -2.55078 1.15873 2.22436
 -2.1503 -1.05961 3.13584
 0.990813 0.924328 -3.40123
regression_error on 'test' 0.0859975
classification_error on 'test' 0.0526316
Save,4679,0.0859975,0.0526316
sample_count 75 Sample index 63
 i 0:0.420705 i 1:0.904421 i 2:0.143347 i 3:0.135476 bias 1
 test_print 2.60395
net matrix:
 1.67448 -1.22411 -3.30375
outputs matrix:
 0.966071 0.0795686 0.00134838
error matrix:
 0.033929 -0.0795686 -0.00134838
delta matrix:
 0.00222424 -0.0116548 -3.63135e-06
weights_delta matrix:
 9.35748e-05 -0.000490323 -1.52773e-07
 0.000201165 -0.00105408 -3.28427e-07
 3.18838e-05 -0.000167068 -5.20543e-08
 3.01331e-05 -0.000157894 -4.91961e-08
 0.000222424 -0.00116548 -3.63135e-07
weights matrix:
 -1.05364 0.289814 -0.113414
 1.97267 -2.53651 -0.661745
 -2.55075 1.15857 2.22436
 -2.15027 -1.05977 3.13584
 0.991035 0.923163 -3.40123
regression_error on 'test' 0.085912
classification_error on 'test' 0.0526316
Save,4680,0.085912,0.0526316
sample_count 75 Sample index 58
 i 0:0.282131 i 1:0.516233 i 2:0.158468 i 3:0.0989754 bias 1
 test_print 2.05581
net matrix:
 1.09509 -0.225798 -3.11198
outputs matrix:
 0.899365 0.388981 0.00197747
error matrix:
 0.100635 -0.388981 -0.00197747
delta matrix:
 0.0182166 -0.184902 -7.80528e-06
weights_delta matrix:
 0.000513947 -0.00521666 -2.20211e-07
 0.000940401 -0.00954526 -4.02934e-07
 0.000288675 -0.00293011 -1.23689e-07
 0.0001803 -0.00183008 -7.72531e-08
 0.00182166 -0.0184902 -7.80528e-07
weights matrix:
 -1.05313 0.284597 -0.113415
 1.97361 -2.54606 -0.661745
 -2.55046 1.15564 2.22436
 -2.15009 -1.0616 3.13584
 0.992857 0.904673 -3.40123
regression_error on 'test' 0.084819
classification_error on 'test' 0.0789474
Save,4681,0.084819,0.0789474
sample_count 75 Sample index 10
 i 0:0.697853 i 1:0.304495 i 2:0.808669 i 3:0.719493 bias 1
 test_print 3.53051
net matrix:
 -2.75057 0.498731 0.373113
outputs matrix:
 0.00406549 0.730559 0.678356
error matrix:
 -0.00406549 -0.730559 0.321644
delta matrix:
 -3.29221e-05 -0.28761 0.140359
weights_delta matrix:
 -2.29748e-06 -0.020071 0.00979497
 -1.00246e-06 -0.00875759 0.00427385
 -2.66231e-06 -0.0232581 0.0113504
 -2.36872e-06 -0.0206933 0.0100987
 -3.29221e-06 -0.028761 0.0140359
weights matrix:
 -1.05313 0.264526 -0.10362
 1.97361 -2.55481 -0.657471
 -2.55046 1.13238 2.23571
 -2.15009 -1.08229 3.14594
 0.992854 0.875912 -3.38719
regression_error on 'test' 0.0816157
classification_error on 'test' 0.0789474
Save,4682,0.0816157,0.0789474
sample_count 75 Sample index 1
 i 0:0.582374 i 1:0.445654 i 2:0.581855 i 3:0.536988 bias 1
 test_print 3.14687
net matrix:
 -1.37949 -0.0308978 -0.750352
outputs matrix:
 0.0595815 0.484556 0.18232
error matrix:
 -0.0595815 0.515444 -0.18232
delta matrix:
 -0.00667688 0.257476 -0.0543606
weights_delta matrix:
 -0.000388844 0.0149947 -0.00316582
 -0.000297558 0.0114745 -0.0024226
 -0.000388497 0.0149814 -0.003163
 -0.00035854 0.0138262 -0.0029191
 -0.000667688 0.0257476 -0.00543606
weights matrix:
 -1.05352 0.279521 -0.106786
 1.97331 -2.54334 -0.659894
 -2.55085 1.14736 2.23255
 -2.15045 -1.06847 3.14302
 0.992186 0.901659 -3.39263
regression_error on 'test' 0.0837481
classification_error on 'test' 0.0789474
Save,4683,0.0837481,0.0789474
sample_count 75 Sample index 71
 i 0:0.143558 i 1:0.480944 i 2:0.0979839 i 3:0.0989754 bias 1
 test_print 1.82146
net matrix:
 1.32721 -0.274747 -3.1955
outputs matrix:
 0.934283 0.365982 0.00167378
error matrix:
 0.0657166 -0.365982 -0.00167378
delta matrix:
 0.00806973 -0.169844 -5.59373e-06
weights_delta matrix:
 0.000115847 -0.00243825 -8.03025e-08
 0.000388109 -0.00816856 -2.69027e-07
 7.90704e-05 -0.0016642 -5.48096e-08
 7.98705e-05 -0.00168104 -5.53642e-08
 0.000806973 -0.0169844 -5.59373e-07
weights matrix:
 -1.05341 0.277083 -0.106786
 1.9737 -2.55151 -0.659894
 -2.55077 1.1457 2.23255
 -2.15037 -1.07015 3.14302
 0.992993 0.884675 -3.39263
regression_error on 'test' 0.0829568
classification_error on 'test' 0.105263
Save,4684,0.0829568,0.105263
sample_count 75 Sample index 33
 i 0:0.559279 i 1:0.480944 i 2:0.672581 i 3:0.719493 bias 1
 test_print 3.4323
net matrix:
 -1.90969 -0.186883 -0.00677485
outputs matrix:
 0.0214701 0.407631 0.496613
error matrix:
 -0.0214701 -0.407631 0.503387
delta matrix:
 -0.000902139 -0.19686 0.251682
weights_delta matrix:
 -5.04547e-05 -0.01101 0.0140761
 -4.33878e-05 -0.00946785 0.0121045
 -6.06762e-05 -0.0132404 0.0169277
 -6.49083e-05 -0.0141639 0.0181084
 -9.02139e-05 -0.019686 0.0251682
weights matrix:
 -1.05346 0.266073 -0.0927096
 1.97366 -2.56098 -0.64779
 -2.55083 1.13245 2.24948
 -2.15044 -1.08431 3.16113
 0.992903 0.864989 -3.36746
regression_error on 'test' 0.0804382
classification_error on 'test' 0.0789474
Save,4685,0.0804382,0.0789474
sample_count 75 Sample index 11
 i 0:0.536183 i 1:0.198626 i 2:0.536492 i 3:0.427485 bias 1
 test_print 2.69879
net matrix:
 -1.4677 0.643001 -0.987678
outputs matrix:
 0.0504307 0.78347 0.121815
error matrix:
 -0.0504307 0.21653 -0.121815
delta matrix:
 -0.00482999 0.0734664 -0.0260625
weights_delta matrix:
 -0.000258976 0.00393915 -0.00139743
 -9.59361e-05 0.00145923 -0.000517669
 -0.000259125 0.00394142 -0.00139823
 -0.000206475 0.00314058 -0.00111413
 -0.000482999 0.00734664 -0.00260625
weights matrix:
 -1.05372 0.270012 -0.094107
 1.97356 -2.55952 -0.648307
 -2.55109 1.1364 2.24808
 -2.15065 -1.08117 3.16001
 0.99242 0.872336 -3.37007
regression_error on 'test' 0.0809349
classification_error on 'test' 0.0789474
Save,4686,0.0809349,0.0789474
sample_count 75 Sample index 14
 i 0:0.697853 i 1:0.516233 i 2:0.778427 i 3:0.938499 bias 1
 test_print 3.93101
net matrix:
 -2.72832 -0.390621 0.945216
outputs matrix:
 0.00424976 0.314052 0.868805
error matrix:
 -0.00424976 -0.314052 0.131195
delta matrix:
 -3.59673e-05 -0.135308 0.0299081
weights_delta matrix:
 -2.50999e-06 -0.00944254 0.00208714
 -1.85675e-06 -0.00698507 0.00154395
 -2.79979e-06 -0.0105328 0.00232813
 -3.37553e-06 -0.0126987 0.00280687
 -3.59673e-06 -0.0135308 0.00299081
weights matrix:
 -1.05372 0.260569 -0.0920198
 1.97356 -2.5665 -0.646763
 -2.5511 1.12586 2.25041
 -2.15065 -1.09387 3.16282
 0.992416 0.858805 -3.36708
regression_error on 'test' 0.0797832
classification_error on 'test' 0.0789474
Save,4687,0.0797832,0.0789474
sample_count 75 Sample index 64
 i 0:0.282131 i 1:0.516233 i 2:0.158468 i 3:0.0989754 bias 1
 test_print 2.05581
net matrix:
 1.09682 -0.322447 -3.05726
outputs matrix:
 0.899677 0.344141 0.00220566
error matrix:
 0.100323 -0.344141 -0.00220566
delta matrix:
 0.01811 -0.155351 -9.70838e-06
weights_delta matrix:
 0.000510941 -0.00438293 -2.73904e-07
 0.000934901 -0.00801972 -5.01179e-07
 0.000286986 -0.00246181 -1.53847e-07
 0.000179245 -0.00153759 -9.60891e-08
 0.001811 -0.0155351 -9.70838e-07
weights matrix:
 -1.05321 0.256187 -0.0920201
 1.9745 -2.57452 -0.646764
 -2.55081 1.1234 2.25041
 -2.15047 -1.09541 3.16282
 0.994227 0.84327 -3.36708
regression_error on 'test' 0.0792456
classification_error on 'test' 0.0789474
Save,4688,0.0792456,0.0789474
sample_count 75 Sample index 28
 i 0:0.305227 i 1:0.551523 i 2:0.113105 i 3:0.135476 bias 1
 test_print 2.10533
net matrix:
 1.18189 -0.519783 -3.06885
outputs matrix:
 0.914024 0.261234 0.00215522
error matrix:
 0.085976 -0.261234 -0.00215522
delta matrix:
 0.0135127 -0.100831 -9.26993e-06
weights_delta matrix:
 0.000412444 -0.00307765 -2.82943e-07
 0.000745257 -0.00556108 -5.11258e-07
 0.000152836 -0.00114045 -1.04848e-07
 0.000183065 -0.00136602 -1.25585e-07
 0.00135127 -0.0100831 -9.26993e-07
weights matrix:
 -1.05279 0.253109 -0.0920204
 1.97524 -2.58008 -0.646764
 -2.55066 1.12226 2.25041
 -2.15029 -1.09677 3.16282
 0.995578 0.833186 -3.36708
regression_error on 'test' 0.0789275
classification_error on 'test' 0.0789474
Save,4689,0.0789275,0.0789474
sample_count 75 Sample index 18
 i 0:0.513088 i 1:0.480944 i 2:0.566734 i 3:0.60999 bias 1
 test_print 3.17076
net matrix:
 -1.35181 -0.31082 -0.520681
outputs matrix:
 0.0627597 0.349408 0.260887
error matrix:
 -0.0627597 0.650592 -0.260887
delta matrix:
 -0.00738317 0.295788 -0.100611
weights_delta matrix:
 -0.000378821 0.0151765 -0.00516224
 -0.000355089 0.0142257 -0.00483884
 -0.000418429 0.0167633 -0.00570198
 -0.000450366 0.0180428 -0.00613719
 -0.000738317 0.0295788 -0.0100611
weights matrix:
 -1.05317 0.268285 -0.0971826
 1.97489 -2.56586 -0.651603
 -2.55107 1.13902 2.24471
 -2.15074 -1.07873 3.15668
 0.99484 0.862765 -3.37714
regression_error on 'test' 0.0809036
classification_error on 'test' 0.0789474
Save,4690,0.0809036,0.0789474
sample_count 75 Sample index 63
 i 0:0.420705 i 1:0.904421 i 2:0.143347 i 3:0.135476 bias 1
 test_print 2.60395
net matrix:
 1.68083 -1.32785 -3.25792
outputs matrix:
 0.966485 0.0656388 0.00147762
error matrix:
 0.0335153 -0.0656388 -0.00147762
delta matrix:
 0.00217125 -0.00805131 -4.36025e-06
weights_delta matrix:
 9.13458e-05 -0.000338723 -1.83438e-07
 0.000196373 -0.000728177 -3.9435e-07
 3.11243e-05 -0.000115413 -6.25029e-08
 2.94153e-05 -0.000109076 -5.90709e-08
 0.000217125 -0.000805131 -4.36025e-07
weights matrix:
 -1.05308 0.267947 -0.0971828
 1.97508 -2.56659 -0.651603
 -2.55104 1.13891 2.24471
 -2.15071 -1.07884 3.15668
 0.995057 0.86196 -3.37714
regression_error on 'test' 0.0808643
classification_error on 'test' 0.0789474
Save,4691,0.0808643,0.0789474
sample_count 75 Sample index 61
 i 0:0.697853 i 1:0.480944 i 2:0.687702 i 3:0.682992 bias 1
 test_print 3.54949
net matrix:
 -2.01321 -0.139046 -0.0586682
outputs matrix:
 0.0175255 0.430921 0.4707
error matrix:
 -0.0175255 0.569079 -0.4707
delta matrix:
 -0.000603523 0.279108 -0.234542
weights_delta matrix:
 -4.2117e-05 0.0194776 -0.0163676
 -2.90261e-05 0.0134235 -0.0112801
 -4.15044e-05 0.0191943 -0.0161295
 -4.12201e-05 0.0190629 -0.016019
 -6.03523e-05 0.0279108 -0.0234542
weights matrix:
 -1.05312 0.287424 -0.11355
 1.97505 -2.55316 -0.662884
 -2.55108 1.1581 2.22858
 -2.15075 -1.05978 3.14066
 0.994997 0.889871 -3.4006
regression_error on 'test' 0.084222
classification_error on 'test' 0.0789474
Save,4692,0.084222,0.0789474
sample_count 75 Sample index 59
 i 0:0.60547 i 1:0.233915 i 2:0.596976 i 3:0.536988 bias 1
 test_print 2.97335
net matrix:
 -1.85851 0.588946 -0.6075
outputs matrix:
 0.0237297 0.764569 0.228817
error matrix:
 -0.0237297 0.235431 -0.228817
delta matrix:
 -0.00109948 0.0847568 -0.0807543
weights_delta matrix:
 -6.65699e-05 0.00513177 -0.00488943
 -2.57184e-05 0.00198259 -0.00188896
 -6.5636e-05 0.00505978 -0.00482084
 -5.90405e-05 0.00455134 -0.00433641
 -0.000109948 0.00847568 -0.00807543
weights matrix:
 -1.05319 0.292556 -0.11844
 1.97503 -2.55118 -0.664773
 -2.55115 1.16316 2.22376
 -2.15081 -1.05523 3.13633
 0.994887 0.898347 -3.40867
regression_error on 'test' 0.0853082
classification_error on 'test' 0.0789474
Save,4693,0.0853082,0.0789474
sample_count 75 Sample index 24
 i 0:0.466896 i 1:0.445654 i 2:0.566734 i 3:0.536988 bias 1
 test_print 3.01627
net matrix:
 -1.21745 -0.00944364 -0.815781
outputs matrix:
 0.0805505 0.495278 0.163617
error matrix:
 -0.0805505 0.504722 -0.163617
delta matrix:
 -0.0119315 0.252338 -0.0447806
weights_delta matrix:
 -0.000557076 0.0117816 -0.00209079
 -0.000531731 0.0112456 -0.00199566
 -0.000676198 0.0143009 -0.00253787
 -0.000640706 0.0135503 -0.00240466
 -0.00119315 0.0252338 -0.00447806
weights matrix:
 -1.05375 0.304338 -0.120531
 1.9745 -2.53993 -0.666768
 -2.55183 1.17746 2.22122
 -2.15145 -1.04168 3.13392
 0.993694 0.92358 -3.41315
regression_error on 'test' 0.087793
classification_error on 'test' 0.0526316
Save,4694,0.087793,0.0526316
sample_count 75 Sample index 45
 i 0:0.697853 i 1:0.586813 i 2:0.793548 i 3:0.975 bias 1
 test_print 4.05321
net matrix:
 -2.70567 -0.435763 0.929687
outputs matrix:
 0.00444584 0.294937 0.865224
error matrix:
 -0.00444584 -0.294937 0.134776
delta matrix:
 -3.93553e-05 -0.122664 0.0314329
weights_delta matrix:
 -2.74642e-06 -0.00856012 0.00219355
 -2.30942e-06 -0.00719806 0.00184452
 -3.12303e-06 -0.00973395 0.00249435
 -3.83714e-06 -0.0119597 0.00306471
 -3.93553e-06 -0.0122664 0.00314329
weights matrix:
 -1.05375 0.295778 -0.118337
 1.97449 -2.54713 -0.664924
 -2.55183 1.16773 2.22371
 -2.15145 -1.05364 3.13699
 0.99369 0.911314 -3.41001
regression_error on 'test' 0.0861068
classification_error on 'test' 0.0526316
Save,4695,0.0861068,0.0526316
sample_count 75 Sample index 45
 i 0:0.697853 i 1:0.586813 i 2:0.793548 i 3:0.975 bias 1
 test_print 4.05321
net matrix:
 -2.70568 -0.477612 0.940411
outputs matrix:
 0.00444572 0.277835 0.867705
error matrix:
 -0.00444572 -0.277835 0.132295
delta matrix:
 -3.93532e-05 -0.111491 0.0303729
weights_delta matrix:
 -2.74627e-06 -0.00778045 0.00211958
 -2.30929e-06 -0.00654245 0.00178232
 -3.12286e-06 -0.00884737 0.00241024
 -3.83693e-06 -0.0108704 0.00296136
 -3.93532e-06 -0.0111491 0.00303729
weights matrix:
 -1.05375 0.287997 -0.116217
 1.97449 -2.55367 -0.663141
 -2.55183 1.15888 2.22612
 -2.15146 -1.06451 3.13995
 0.993686 0.900165 -3.40697
regression_error on 'test' 0.0846842
classification_error on 'test' 0.0789474
Save,4696,0.0846842,0.0789474
sample_count 75 Sample index 52
 i 0:0.443801 i 1:0.410364 i 2:0.672581 i 3:0.792495 bias 1
 test_print 3.31924
net matrix:
 -2.08504 -0.0841316 0.254965
outputs matrix:
 0.0152159 0.458033 0.62479
error matrix:
 -0.0152159 -0.458033 0.37521
delta matrix:
 -0.000455999 -0.227403 0.175919
weights_delta matrix:
 -2.02373e-05 -0.0100922 0.0078073
 -1.87126e-05 -0.00933181 0.00721908
 -3.06696e-05 -0.0152947 0.011832
 -3.61377e-05 -0.0180216 0.0139415
 -4.55999e-05 -0.0227403 0.0175919
weights matrix:
 -1.05377 0.277905 -0.10841
 1.97447 -2.56301 -0.655922
 -2.55186 1.14359 2.23795
 -2.15149 -1.08253 3.15389
 0.99364 0.877425 -3.38938
regression_error on 'test' 0.0819629
classification_error on 'test' 0.105263
Save,4697,0.0819629,0.105263
sample_count 75 Sample index 14
 i 0:0.697853 i 1:0.516233 i 2:0.778427 i 3:0.938499 bias 1
 test_print 3.93101
net matrix:
 -2.72806 -0.377499 0.898366
outputs matrix:
 0.00425192 0.319733 0.857751
error matrix:
 -0.00425192 -0.319733 0.142249
delta matrix:
 -3.60038e-05 -0.139086 0.0347129
weights_delta matrix:
 -2.51254e-06 -0.00970619 0.00242245
 -1.85864e-06 -0.0071801 0.00179199
 -2.80264e-06 -0.0108269 0.00270215
 -3.37896e-06 -0.0130532 0.0032578
 -3.60038e-06 -0.0139086 0.00347129
weights matrix:
 -1.05378 0.268199 -0.105988
 1.97447 -2.57019 -0.65413
 -2.55187 1.13276 2.24066
 -2.1515 -1.09558 3.15715
 0.993637 0.863516 -3.38591
regression_error on 'test' 0.080679
classification_error on 'test' 0.0789474
Save,4698,0.080679,0.0789474
sample_count 75 Sample index 25
 i 0:0.628566 i 1:0.410364 i 2:0.778427 i 3:0.865497 bias 1
 test_print 3.68285
net matrix:
 -2.70703 -0.0890662 0.755732
outputs matrix:
 0.00443375 0.455584 0.819278
error matrix:
 -0.00443375 -0.455584 0.180722
delta matrix:
 -3.9142e-05 -0.225995 0.0535159
weights_delta matrix:
 -2.46033e-06 -0.0142053 0.00336383
 -1.60625e-06 -0.00927401 0.0021961
 -3.04692e-06 -0.017592 0.00416583
 -3.38773e-06 -0.0195598 0.00463179
 -3.9142e-06 -0.0225995 0.00535159
weights matrix:
 -1.05378 0.253993 -0.102624
 1.97447 -2.57946 -0.651934
 -2.55187 1.11517 2.24482
 -2.1515 -1.11514 3.16178
 0.993633 0.840917 -3.38055
regression_error on 'test' 0.0790406
classification_error on 'test' 0.0789474
Save,4699,0.0790406,0.0789474
sample_count 75 Sample index 71
 i 0:0.143558 i 1:0.480944 i 2:0.0979839 i 3:0.0989754 bias 1
 test_print 1.82146
net matrix:
 1.32898 -0.3643 -3.17594
outputs matrix:
 0.934499 0.325502 0.00174045
error matrix:
 0.0655005 -0.325502 -0.00174045
delta matrix:
 0.0080186 -0.142928 -6.04778e-06
weights_delta matrix:
 0.000115113 -0.00205185 -8.68207e-08
 0.00038565 -0.00687405 -2.90864e-07
 7.85694e-05 -0.00140047 -5.92585e-08
 7.93644e-05 -0.00141464 -5.98582e-08
 0.00080186 -0.0142928 -6.04778e-07
weights matrix:
 -1.05366 0.251942 -0.102624
 1.97486 -2.58633 -0.651934
 -2.55179 1.11377 2.24482
 -2.15142 -1.11656 3.16178
 0.994435 0.826624 -3.38055
regression_error on 'test' 0.078701
classification_error on 'test' 0.0789474
Save,4700,0.078701,0.0789474
sample_count 75 Sample index 0
 i 0:0.282131 i 1:0.269205 i 2:0.430645 i 3:0.427485 bias 1
 test_print 2.40947
net matrix:
 -0.789811 0.203778 -1.26668
outputs matrix:
 0.170849 0.600502 0.0735528
error matrix:
 -0.170849 0.399498 -0.0735528
delta matrix:
 -0.0484049 0.191679 -0.0100242
weights_delta matrix:
 -0.00136565 0.00540785 -0.000282813
 -0.00130308 0.00516009 -0.000269856
 -0.00208453 0.00825455 -0.000431686
 -0.00206924 0.00819398 -0.000428518
 -0.00484049 0.0191679 -0.00100242
weights matrix:
 -1.05503 0.257349 -0.102907
 1.97355 -2.58117 -0.652204
 -2.55387 1.12202 2.24439
 -2.15349 -1.10836 3.16135
 0.989594 0.845792 -3.38156
regression_error on 'test' 0.0794088
classification_error on 'test' 0.0789474
Save,4701,0.0794088,0.0789474
sample_count 75 Sample index 35
 i 0:0.189749 i 1:0.233915 i 2:0.128226 i 3:0.171977 bias 1
 test_print 1.72387
net matrix:
 0.553223 0.244108 -2.72217
outputs matrix:
 0.751466 0.619686 0.00430206
error matrix:
 0.248534 -0.619686 -0.00430206
delta matrix:
 0.0928348 -0.292089 -3.68563e-05
weights_delta matrix:
 0.00176153 -0.00554237 -6.99344e-07
 0.00217155 -0.00683241 -8.62123e-07
 0.00119038 -0.00374534 -4.72593e-07
 0.00159655 -0.00502326 -6.33843e-07
 0.00928348 -0.0292089 -3.68563e-06
weights matrix:
 -1.05327 0.251807 -0.102907
 1.97572 -2.58801 -0.652205
 -2.55268 1.11828 2.24439
 -2.15189 -1.11339 3.16135
 0.998878 0.816583 -3.38156
regression_error on 'test' 0.078676
classification_error on 'test' 0.0789474
Save,4702,0.078676,0.0789474
sample_count 75 Sample index 45
 i 0:0.697853 i 1:0.586813 i 2:0.793548 i 3:0.975 bias 1
 test_print 4.05321
net matrix:
 -2.70054 -0.724513 1.02725
outputs matrix:
 0.00449144 0.190152 0.886402
error matrix:
 -0.00449144 -0.190152 0.113598
delta matrix:
 -4.01649e-05 -0.0585644 0.0228773
weights_delta matrix:
 -2.80292e-06 -0.00408694 0.0015965
 -2.35693e-06 -0.00343664 0.00134247
 -3.18728e-06 -0.00464737 0.00181543
 -3.91608e-06 -0.00571003 0.00223054
 -4.01649e-06 -0.00585644 0.00228773
weights matrix:
 -1.05327 0.24772 -0.101311
 1.97572 -2.59144 -0.650863
 -2.55269 1.11363 2.24621
 -2.1519 -1.1191 3.16358
 0.998873 0.810726 -3.37927
regression_error on 'test' 0.0782929
classification_error on 'test' 0.0789474
Save,4703,0.0782929,0.0789474
sample_count 75 Sample index 51
 i 0:0.628566 i 1:0.516233 i 2:0.763306 i 3:0.719493 bias 1
 test_print 3.6276
net matrix:
 -2.14 -0.326494 0.211766
outputs matrix:
 0.0136537 0.342316 0.604328
error matrix:
 -0.0136537 -0.342316 0.395672
delta matrix:
 -0.000367755 -0.154135 0.189223
weights_delta matrix:
 -2.31158e-05 -0.00968842 0.0118939
 -1.89847e-05 -0.00795698 0.0097683
 -2.8071e-05 -0.0117652 0.0144435
 -2.64597e-05 -0.0110899 0.0136144
 -3.67755e-05 -0.0154135 0.0189223
weights matrix:
 -1.05329 0.238032 -0.0894171
 1.9757 -2.5994 -0.641094
 -2.55272 1.10187 2.26065
 -2.15192 -1.13019 3.17719
 0.998837 0.795313 -3.36035
regression_error on 'test' 0.0770982
classification_error on 'test' 0.0789474
Save,4704,0.0770982,0.0789474
sample_count 75 Sample index 2
 i 0:0.466896 i 1:0.480944 i 2:0.566734 i 3:0.500487 bias 1
 test_print 3.01506
net matrix:
 -1.06646 -0.284896 -0.839098
outputs matrix:
 0.105938 0.361285 0.157334
error matrix:
 -0.105938 0.638715 -0.157334
delta matrix:
 -0.020068 0.294777 -0.0417189
weights_delta matrix:
 -0.000936965 0.013763 -0.00194784
 -0.000965156 0.0141771 -0.00200645
 -0.00113732 0.016706 -0.00236435
 -0.00100438 0.0147532 -0.00208798
 -0.0020068 0.0294777 -0.00417189
weights matrix:
 -1.05423 0.251795 -0.0913649
 1.97474 -2.58522 -0.643101
 -2.55385 1.11857 2.25828
 -2.15293 -1.11543 3.17511
 0.99683 0.82479 -3.36452
regression_error on 'test' 0.0781301
classification_error on 'test' 0.0789474
Save,4705,0.0781301,0.0789474
sample_count 75 Sample index 40
 i 0:0.328323 i 1:0.763262 i 2:0.158468 i 3:0.171977 bias 1
 test_print 2.42203
net matrix:
 1.38299 -1.08031 -2.98146
outputs matrix:
 0.940809 0.103342 0.00256578
error matrix:
 0.0591909 -0.103342 -0.00256578
delta matrix:
 0.00659237 -0.019152 -1.31326e-05
weights_delta matrix:
 0.000216443 -0.000628804 -4.31174e-07
 0.00050317 -0.0014618 -1.00236e-06
 0.000104468 -0.000303498 -2.0811e-07
 0.000113374 -0.00032937 -2.25851e-07
 0.000659237 -0.0019152 -1.31326e-06
weights matrix:
 -1.05401 0.251166 -0.0913653
 1.97524 -2.58669 -0.643102
 -2.55375 1.11827 2.25828
 -2.15281 -1.11576 3.17511
 0.997489 0.822875 -3.36452
regression_error on 'test' 0.0780755
classification_error on 'test' 0.0789474
Save,4706,0.0780755,0.0789474
sample_count 75 Sample index 40
 i 0:0.328323 i 1:0.763262 i 2:0.158468 i 3:0.171977 bias 1
 test_print 2.42203
net matrix:
 1.38414 -1.08366 -2.98146
outputs matrix:
 0.940937 0.102725 0.00256576
error matrix:
 0.0590629 -0.102725 -0.00256576
delta matrix:
 0.00656478 -0.0189367 -1.31325e-05
weights_delta matrix:
 0.000215537 -0.000621737 -4.31171e-07
 0.000501065 -0.00144537 -1.00235e-06
 0.000104031 -0.000300087 -2.08108e-07
 0.000112899 -0.000325668 -2.25849e-07
 0.000656478 -0.00189367 -1.31325e-06
weights matrix:
 -1.0538 0.250544 -0.0913658
 1.97574 -2.58813 -0.643103
 -2.55364 1.11797 2.25828
 -2.1527 -1.11609 3.17511
 0.998146 0.820982 -3.36452
regression_error on 'test' 0.0780227
classification_error on 'test' 0.0789474
Save,4707,0.0780227,0.0789474
sample_count 75 Sample index 17
 i 0:0.443801 i 1:0.304495 i 2:0.521371 i 3:0.463986 bias 1
 test_print 2.73365
net matrix:
 -1.19815 0.209128 -0.950286
outputs matrix:
 0.0834558 0.603066 0.130044
error matrix:
 -0.0834558 0.396934 -0.130044
delta matrix:
 -0.0127672 0.190034 -0.0294243
weights_delta matrix:
 -0.000566611 0.00843374 -0.00130585
 -0.000388756 0.00578645 -0.000895956
 -0.000665646 0.00990784 -0.0015341
 -0.000592381 0.00881732 -0.00136525
 -0.00127672 0.0190034 -0.00294243
weights matrix:
 -1.05437 0.258978 -0.0926716
 1.97535 -2.58234 -0.643999
 -2.55431 1.12788 2.25675
 -2.15329 -1.10727 3.17374
 0.996869 0.839985 -3.36747
regression_error on 'test' 0.0788334
classification_error on 'test' 0.0789474
Save,4708,0.0788334,0.0789474
sample_count 75 Sample index 27
 i 0:0.328323 i 1:0.622103 i 2:0.158468 i 3:0.135476 bias 1
 test_print 2.24437
net matrix:
 1.18307 -0.652747 -3.01094
outputs matrix:
 0.914209 0.213242 0.00241925
error matrix:
 0.0857908 -0.213242 -0.00241925
delta matrix:
 0.0134573 -0.0715511 -1.16772e-05
weights_delta matrix:
 0.000441833 -0.00234919 -3.83389e-07
 0.000837181 -0.00445121 -7.26441e-07
 0.000213255 -0.00113386 -1.85046e-07
 0.000182314 -0.000969345 -1.58198e-07
 0.00134573 -0.00715511 -1.16772e-06
weights matrix:
 -1.05392 0.256629 -0.092672
 1.97619 -2.5868 -0.644
 -2.5541 1.12674 2.25675
 -2.15311 -1.10824 3.17374
 0.998215 0.83283 -3.36747
regression_error on 'test' 0.0786063
classification_error on 'test' 0.0789474
Save,4709,0.0786063,0.0789474
sample_count 75 Sample index 59
 i 0:0.60547 i 1:0.233915 i 2:0.596976 i 3:0.536988 bias 1
 test_print 2.97335
net matrix:
 -1.85857 0.460647 -0.522733
outputs matrix:
 0.0237266 0.715306 0.260097
error matrix:
 -0.0237266 0.284694 -0.260097
delta matrix:
 -0.00109919 0.115952 -0.100109
weights_delta matrix:
 -6.65527e-05 0.00702056 -0.00606131
 -2.57117e-05 0.0027123 -0.00234171
 -6.5619e-05 0.00692207 -0.00597628
 -5.90252e-05 0.00622649 -0.00537575
 -0.000109919 0.0115952 -0.0100109
weights matrix:
 -1.05399 0.263649 -0.0987333
 1.97616 -2.58408 -0.646341
 -2.55416 1.13366 2.25077
 -2.15317 -1.10201 3.16837
 0.998105 0.844425 -3.37748
regression_error on 'test' 0.0794528
classification_error on 'test' 0.0789474
Save,4710,0.0794528,0.0789474
sample_count 75 Sample index 5
 i 0:0.536183 i 1:0.198626 i 2:0.687702 i 3:0.60999 bias 1
 test_print 3.0325
net matrix:
 -2.24442 0.579929 -0.0782661
outputs matrix:
 0.0111088 0.761307 0.460947
error matrix:
 -0.0111088 -0.761307 0.539053
delta matrix:
 -0.000244069 -0.276687 0.267882
weights_delta matrix:
 -1.30866e-05 -0.0148355 0.0143634
 -4.84785e-06 -0.00549573 0.00532084
 -1.67847e-05 -0.0190278 0.0184223
 -1.4888e-05 -0.0168777 0.0163406
 -2.44069e-05 -0.0276687 0.0267882
weights matrix:
 -1.054 0.248814 -0.0843699
 1.97616 -2.58958 -0.64102
 -2.55418 1.11464 2.2692
 -2.15318 -1.11889 3.18471
 0.99808 0.816756 -3.35069
regression_error on 'test' 0.077506
classification_error on 'test' 0.0789474
Save,4711,0.077506,0.0789474
sample_count 75 Sample index 10
 i 0:0.697853 i 1:0.304495 i 2:0.808669 i 3:0.719493 bias 1
 test_print 3.53051
net matrix:
 -2.75041 0.298216 0.521645
outputs matrix:
 0.00406678 0.64484 0.739484
error matrix:
 -0.00406678 -0.64484 0.260516
delta matrix:
 -3.29429e-05 -0.295364 0.100375
weights_delta matrix:
 -2.29893e-06 -0.0206121 0.00700471
 -1.00309e-06 -0.00899369 0.00305637
 -2.66399e-06 -0.0238852 0.00811703
 -2.37022e-06 -0.0212513 0.00722192
 -3.29429e-06 -0.0295364 0.0100375
weights matrix:
 -1.05401 0.228202 -0.0773652
 1.97616 -2.59857 -0.637964
 -2.55418 1.09075 2.27731
 -2.15319 -1.14014 3.19193
 0.998077 0.78722 -3.34065
regression_error on 'test' 0.0763241
classification_error on 'test' 0.0789474
Save,4712,0.0763241,0.0789474
sample_count 75 Sample index 70
 i 0:0.259036 i 1:0.622103 i 2:0.173589 i 3:0.135476 bias 1
 test_print 2.1902
net matrix:
 1.21934 -0.735367 -2.92983
outputs matrix:
 0.91973 0.186831 0.00284412
error matrix:
 0.0802699 -0.186831 -0.00284412
delta matrix:
 0.0118521 -0.0567687 -1.6132e-05
weights_delta matrix:
 0.000307012 -0.00147051 -4.17877e-07
 0.000737323 -0.0035316 -1.00358e-06
 0.000205739 -0.000985443 -2.80034e-07
 0.000160568 -0.00076908 -2.1855e-07
 0.00118521 -0.00567687 -1.6132e-06
weights matrix:
 -1.0537 0.226731 -0.0773656
 1.9769 -2.6021 -0.637965
 -2.55398 1.08977 2.27731
 -2.15303 -1.14091 3.19193
 0.999262 0.781543 -3.34066
regression_error on 'test' 0.0762625
classification_error on 'test' 0.0789474
Save,4713,0.0762625,0.0789474
sample_count 75 Sample index 58
 i 0:0.282131 i 1:0.516233 i 2:0.158468 i 3:0.0989754 bias 1
 test_print 2.05581
net matrix:
 1.1047 -0.43801 -3.01502
outputs matrix:
 0.901091 0.294003 0.00239964
error matrix:
 0.0989095 -0.294003 -0.00239964
delta matrix:
 0.0176309 -0.12205 -1.14889e-05
weights_delta matrix:
 0.000497422 -0.0034434 -3.24137e-07
 0.000910165 -0.00630061 -5.93094e-07
 0.000279393 -0.0019341 -1.82062e-07
 0.000174503 -0.00120799 -1.13712e-07
 0.00176309 -0.012205 -1.14889e-06
weights matrix:
 -1.0532 0.223288 -0.077366
 1.97781 -2.6084 -0.637966
 -2.5537 1.08783 2.27731
 -2.15285 -1.14212 3.19193
 1.00103 0.769338 -3.34066
regression_error on 'test' 0.0761627
classification_error on 'test' 0.0789474
Save,4714,0.0761627,0.0789474
sample_count 75 Sample index 58
 i 0:0.282131 i 1:0.516233 i 2:0.158468 i 3:0.0989754 bias 1
 test_print 2.05581
net matrix:
 1.10714 -0.454865 -3.01502
outputs matrix:
 0.901524 0.287055 0.00239963
error matrix:
 0.0984763 -0.287055 -0.00239963
delta matrix:
 0.0174852 -0.117494 -1.14888e-05
weights_delta matrix:
 0.000493312 -0.00331487 -3.24135e-07
 0.000902644 -0.00606544 -5.9309e-07
 0.000277085 -0.00186191 -1.82061e-07
 0.000173061 -0.0011629 -1.13711e-07
 0.00174852 -0.0117494 -1.14888e-06
weights matrix:
 -1.05271 0.219973 -0.0773663
 1.97871 -2.61447 -0.637966
 -2.55342 1.08597 2.27731
 -2.15268 -1.14328 3.19193
 1.00277 0.757589 -3.34066
regression_error on 'test' 0.0760985
classification_error on 'test' 0.0789474
Save,4715,0.0760985,0.0789474
sample_count 75 Sample index 5
 i 0:0.536183 i 1:0.198626 i 2:0.687702 i 3:0.60999 bias 1
 test_print 3.0325
net matrix:
 -2.23775 0.405666 0.00429921
outputs matrix:
 0.0112564 0.692393 0.50215
error matrix:
 -0.0112564 -0.692393 0.49785
delta matrix:
 -0.000250559 -0.294939 0.248921
weights_delta matrix:
 -1.34345e-05 -0.0158141 0.0133467
 -4.97674e-06 -0.00585825 0.00494421
 -1.7231e-05 -0.020283 0.0171183
 -1.52838e-05 -0.017991 0.0151839
 -2.50559e-05 -0.0294939 0.0248921
weights matrix:
 -1.05272 0.204159 -0.0640196
 1.9787 -2.62033 -0.633022
 -2.55344 1.06569 2.29443
 -2.15269 -1.16127 3.20711
 1.00275 0.728095 -3.31577
regression_error on 'test' 0.0757267
classification_error on 'test' 0.157895
Save,4716,0.0757267,0.157895
sample_count 75 Sample index 46
 i 0:0.928809 i 1:0.480944 i 2:0.854032 i 3:0.901998 bias 1
 test_print 4.16578
net matrix:
 -3.14582 -0.479847 1.17265
outputs matrix:
 0.00184828 0.276939 0.91256
error matrix:
 -0.00184828 -0.276939 0.0874402
delta matrix:
 -6.81966e-06 -0.110911 0.0139545
weights_delta matrix:
 -6.33417e-07 -0.0103015 0.0012961
 -3.27988e-07 -0.00533419 0.000671132
 -5.82421e-07 -0.00947215 0.00119176
 -6.15132e-07 -0.0100041 0.00125869
 -6.81966e-07 -0.0110911 0.00139545
weights matrix:
 -1.05272 0.193857 -0.0627235
 1.9787 -2.62566 -0.632351
 -2.55344 1.05621 2.29562
 -2.15269 -1.17128 3.20837
 1.00275 0.717004 -3.31437
regression_error on 'test' 0.0757665
classification_error on 'test' 0.157895
Save,4717,0.0757665,0.157895
sample_count 75 Sample index 73
 i 0:0.582374 i 1:0.410364 i 2:0.65746 i 3:0.719493 bias 1
 test_print 3.36969
net matrix:
 -2.02597 -0.395883 0.207287
outputs matrix:
 0.0170913 0.31179 0.602184
error matrix:
 -0.0170913 -0.31179 0.397816
delta matrix:
 -0.000574242 -0.133806 0.1906
weights_delta matrix:
 -3.34424e-05 -0.00779249 0.0111001
 -2.35648e-05 -0.0054909 0.00782155
 -3.77541e-05 -0.00879719 0.0125312
 -4.13163e-05 -0.00962722 0.0137136
 -5.74242e-05 -0.0133806 0.01906
weights matrix:
 -1.05275 0.186065 -0.0516234
 1.97868 -2.63115 -0.624529
 -2.55348 1.04742 2.30815
 -2.15274 -1.1809 3.22208
 1.00269 0.703623 -3.29531
regression_error on 'test' 0.0759471
classification_error on 'test' 0.157895
Save,4718,0.0759471,0.157895
sample_count 75 Sample index 46
 i 0:0.928809 i 1:0.480944 i 2:0.854032 i 3:0.901998 bias 1
 test_print 4.16578
net matrix:
 -3.146 -0.559641 1.23393
outputs matrix:
 0.00184765 0.246145 0.921857
error matrix:
 -0.00184765 -0.246145 0.0781426
delta matrix:
 -6.81499e-06 -0.0913479 0.0112582
weights_delta matrix:
 -6.32983e-07 -0.00848447 0.00104567
 -3.27763e-07 -0.00439332 0.000541457
 -5.82022e-07 -0.0078014 0.000961487
 -6.14711e-07 -0.00823956 0.00101549
 -6.81499e-07 -0.00913479 0.00112582
weights matrix:
 -1.05276 0.17758 -0.0505777
 1.97868 -2.63555 -0.623988
 -2.55348 1.03962 2.30911
 -2.15274 -1.18914 3.2231
 1.00269 0.694488 -3.29418
regression_error on 'test' 0.0761118
classification_error on 'test' 0.157895
Save,4719,0.0761118,0.157895
sample_count 75 Sample index 51
 i 0:0.628566 i 1:0.516233 i 2:0.763306 i 3:0.719493 bias 1
 test_print 3.6276
net matrix:
 -2.13554 -0.616482 0.43346
outputs matrix:
 0.0137743 0.225663 0.704104
error matrix:
 -0.0137743 -0.225663 0.295896
delta matrix:
 -0.000374238 -0.0788643 0.123295
weights_delta matrix:
 -2.35233e-05 -0.00495714 0.00774988
 -1.93194e-05 -0.00407124 0.00636488
 -2.85658e-05 -0.00601976 0.00941116
 -2.69262e-05 -0.00567423 0.00887097
 -3.74238e-05 -0.00788643 0.0123295
weights matrix:
 -1.05278 0.172623 -0.0428279
 1.97866 -2.63962 -0.617623
 -2.5535 1.0336 2.31853
 -2.15276 -1.19482 3.23197
 1.00265 0.686602 -3.28185
regression_error on 'test' 0.0764134
classification_error on 'test' 0.157895
Save,4720,0.0764134,0.157895
sample_count 75 Sample index 68
 i 0:0.305227 i 1:0.657392 i 2:0.173589 i 3:0.281481 bias 1
 test_print 2.41769
net matrix:
 0.932849 -1.15287 -2.38874
outputs matrix:
 0.86596 0.0906487 0.00834695
error matrix:
 0.13404 -0.0906487 -0.00834695
delta matrix:
 0.031117 -0.0149446 -0.00013818
weights_delta matrix:
 0.000949776 -0.00045615 -4.21763e-06
 0.00204561 -0.000982447 -9.08385e-06
 0.000540157 -0.000259422 -2.39865e-06
 0.000875885 -0.000420662 -3.88951e-06
 0.0031117 -0.00149446 -1.3818e-05
weights matrix:
 -1.05183 0.172167 -0.0428321
 1.98071 -2.6406 -0.617632
 -2.55296 1.03334 2.31852
 -2.15189 -1.19524 3.23197
 1.00576 0.685107 -3.28187
regression_error on 'test' 0.0764372
classification_error on 'test' 0.157895
Save,4721,0.0764372,0.157895
sample_count 75 Sample index 11
 i 0:0.536183 i 1:0.198626 i 2:0.536492 i 3:0.427485 bias 1
 test_print 2.69879
net matrix:
 -1.45433 0.296359 -0.802026
outputs matrix:
 0.0517268 0.643988 0.167416
error matrix:
 -0.0517268 0.356012 -0.167416
delta matrix:
 -0.00507451 0.163244 -0.0466716
weights_delta matrix:
 -0.000272087 0.00875284 -0.00250245
 -0.000100793 0.00324244 -0.000927019
 -0.000272244 0.00875789 -0.00250389
 -0.000216928 0.00697842 -0.00199514
 -0.000507451 0.0163244 -0.00466716
weights matrix:
 -1.0521 0.18092 -0.0453345
 1.98061 -2.63736 -0.618559
 -2.55324 1.04209 2.31602
 -2.1521 -1.18826 3.22997
 1.00526 0.701432 -3.28654
regression_error on 'test' 0.0761217
classification_error on 'test' 0.157895
Save,4722,0.0761217,0.157895
sample_count 75 Sample index 38
 i 0:0.397609 i 1:0.798551 i 2:0.128226 i 3:0.208478 bias 1
 test_print 2.53286
net matrix:
 1.39249 -1.4468 -2.82816
outputs matrix:
 0.941859 0.0524708 0.00348318
error matrix:
 0.0581414 -0.0524708 -0.00348318
delta matrix:
 0.00636776 -0.00521745 -2.41806e-05
weights_delta matrix:
 0.000253188 -0.000207451 -9.61441e-07
 0.000508498 -0.00041664 -1.93094e-06
 8.16513e-05 -6.69013e-05 -3.10058e-07
 0.000132754 -0.000108772 -5.04112e-07
 0.000636776 -0.000521745 -2.41806e-06
weights matrix:
 -1.05185 0.180713 -0.0453355
 1.98111 -2.63777 -0.618561
 -2.55315 1.04203 2.31602
 -2.15197 -1.18837 3.22997
 1.00589 0.70091 -3.28654
regression_error on 'test' 0.0761289
classification_error on 'test' 0.157895
Save,4723,0.0761289,0.157895
sample_count 75 Sample index 53
 i 0:0.489992 i 1:0.410364 i 2:0.702823 i 3:0.938499 bias 1
 test_print 3.54168
net matrix:
 -2.51056 -0.675912 1.09649
outputs matrix:
 0.00655383 0.205572 0.899617
error matrix:
 -0.00655383 -0.205572 0.100383
delta matrix:
 -8.53424e-05 -0.067145 0.0181304
weights_delta matrix:
 -4.18171e-06 -0.00329005 0.000888375
 -3.50215e-06 -0.00275539 0.000744007
 -5.99806e-06 -0.00471911 0.00127425
 -8.00938e-06 -0.00630155 0.00170154
 -8.53424e-06 -0.0067145 0.00181304
weights matrix:
 -1.05185 0.177422 -0.0444471
 1.98111 -2.64053 -0.617817
 -2.55316 1.03731 2.31729
 -2.15198 -1.19467 3.23167
 1.00589 0.694196 -3.28472
regression_error on 'test' 0.0762709
classification_error on 'test' 0.157895
Save,4724,0.0762709,0.157895
sample_count 75 Sample index 36
 i 0:0.744044 i 1:0.516233 i 2:0.702823 i 3:0.901998 bias 1
 test_print 3.8651
net matrix:
 -2.48953 -0.885469 0.906876
outputs matrix:
 0.00683356 0.145426 0.859815
error matrix:
 -0.00683356 -0.145426 0.140185
delta matrix:
 -9.27568e-05 -0.0361462 0.033794
weights_delta matrix:
 -6.90152e-06 -0.00268943 0.00251442
 -4.78841e-06 -0.00186598 0.00174456
 -6.51916e-06 -0.00254044 0.00237512
 -8.36665e-06 -0.00326038 0.00304822
 -9.27568e-06 -0.00361462 0.0033794
weights matrix:
 -1.05186 0.174733 -0.0419327
 1.98111 -2.6424 -0.616072
 -2.55317 1.03477 2.31967
 -2.15199 -1.19793 3.23472
 1.00588 0.690581 -3.28135
regression_error on 'test' 0.0763998
classification_error on 'test' 0.157895
Save,4725,0.0763998,0.157895
sample_count 75 Sample index 60
 i 0:0.559279 i 1:0.410364 i 2:0.536492 i 3:0.536988 bias 1
 test_print 3.04312
net matrix:
 -1.29478 -0.384168 -0.576122
outputs matrix:
 0.0698136 0.316839 0.240079
error matrix:
 -0.0698136 0.683161 -0.240079
delta matrix:
 -0.00906734 0.295743 -0.0876008
weights_delta matrix:
 -0.000507117 0.0165403 -0.00489933
 -0.000372091 0.0121362 -0.00359482
 -0.000486455 0.0158664 -0.00469971
 -0.000486905 0.0158811 -0.00470406
 -0.000906734 0.0295743 -0.00876008
weights matrix:
 -1.05237 0.191273 -0.046832
 1.98073 -2.63026 -0.619667
 -2.55365 1.05063 2.31497
 -2.15247 -1.18205 3.23002
 1.00497 0.720155 -3.29011
regression_error on 'test' 0.0758636
classification_error on 'test' 0.157895
Save,4726,0.0758636,0.157895
sample_count 75 Sample index 23
 i 0:0.975 i 1:0.763262 i 2:0.899395 i 3:0.792495 bias 1
 test_print 4.43015
net matrix:
 -2.51184 -1.09276 0.833108
outputs matrix:
 0.00653727 0.101058 0.841071
error matrix:
 -0.00653727 -0.101058 0.158929
delta matrix:
 -8.4913e-05 -0.0183612 0.0424884
weights_delta matrix:
 -8.27901e-06 -0.00179021 0.00414262
 -6.48108e-06 -0.00140144 0.00324298
 -7.63703e-06 -0.00165139 0.00382139
 -6.72931e-06 -0.00145511 0.00336719
 -8.4913e-06 -0.00183612 0.00424884
weights matrix:
 -1.05237 0.189483 -0.0426894
 1.98073 -2.63166 -0.616424
 -2.55366 1.04898 2.31879
 -2.15248 -1.1835 3.23338
 1.00496 0.718319 -3.28586
regression_error on 'test' 0.0759522
classification_error on 'test' 0.157895
Save,4727,0.0759522,0.157895
sample_count 75 Sample index 13
 i 0:0.420705 i 1:0.269205 i 2:0.491129 i 3:0.427485 bias 1
 test_print 2.60852
net matrix:
 -1.07889 0.0988347 -0.948713
outputs matrix:
 0.103607 0.549257 0.1304
error matrix:
 -0.103607 0.450743 -0.1304
delta matrix:
 -0.0192444 0.223184 -0.0295737
weights_delta matrix:
 -0.000809623 0.00938947 -0.00124418
 -0.00051807 0.00600823 -0.000796138
 -0.00094515 0.0109612 -0.00145245
 -0.000822671 0.00954079 -0.00126423
 -0.00192444 0.0223184 -0.00295737
weights matrix:
 -1.05318 0.198873 -0.0439336
 1.98021 -2.62565 -0.61722
 -2.55461 1.05994 2.31734
 -2.1533 -1.17396 3.23212
 1.00304 0.740638 -3.28881
regression_error on 'test' 0.0757752
classification_error on 'test' 0.157895
Save,4728,0.0757752,0.157895
sample_count 75 Sample index 51
 i 0:0.628566 i 1:0.516233 i 2:0.763306 i 3:0.719493 bias 1
 test_print 3.6276
net matrix:
 -2.13594 -0.525404 0.459266
outputs matrix:
 0.0137633 0.25907 0.714743
error matrix:
 -0.0137633 -0.25907 0.285257
delta matrix:
 -0.000373644 -0.0994584 0.11632
weights_delta matrix:
 -2.3486e-05 -0.00625162 0.00731145
 -1.92887e-05 -0.00513437 0.0060048
 -2.85205e-05 -0.00759172 0.00887874
 -2.68834e-05 -0.00715597 0.00836911
 -3.73644e-05 -0.00994584 0.011632
weights matrix:
 -1.05321 0.192621 -0.0366221
 1.98019 -2.63079 -0.611216
 -2.55463 1.05235 2.32622
 -2.15333 -1.18112 3.24049
 1.003 0.730692 -3.27718
regression_error on 'test' 0.0760183
classification_error on 'test' 0.157895
Save,4729,0.0760183,0.157895
sample_count 75 Sample index 48
 i 0:0.744044 i 1:0.516233 i 2:0.748185 i 3:0.828996 bias 1
 test_print 3.83746
net matrix:
 -2.45484 -0.675878 0.806832
outputs matrix:
 0.00732089 0.205583 0.833919
error matrix:
 -0.00732089 -0.205583 0.166081
delta matrix:
 -0.000106406 -0.0671512 0.0460036
weights_delta matrix:
 -7.91709e-06 -0.00499635 0.00342287
 -5.49304e-06 -0.00346657 0.00237486
 -7.96115e-06 -0.00502416 0.00344192
 -8.82103e-06 -0.00556681 0.00381368
 -1.06406e-05 -0.00671512 0.00460036
weights matrix:
 -1.05322 0.187625 -0.0331993
 1.98018 -2.63425 -0.608841
 -2.55464 1.04733 2.32966
 -2.15334 -1.18669 3.2443
 1.00299 0.723977 -3.27258
regression_error on 'test' 0.0761811
classification_error on 'test' 0.157895
Save,4730,0.0761811,0.157895
sample_count 75 Sample index 61
 i 0:0.697853 i 1:0.480944 i 2:0.687702 i 3:0.682992 bias 1
 test_print 3.54949
net matrix:
 -2.00719 -0.502265 0.229375
outputs matrix:
 0.0177339 0.268052 0.612717
error matrix:
 -0.0177339 0.731948 -0.612717
delta matrix:
 -0.00061783 0.287216 -0.290789
weights_delta matrix:
 -4.31155e-05 0.0200435 -0.0202928
 -2.97142e-05 0.0138135 -0.0139853
 -4.24883e-05 0.0197519 -0.0199976
 -4.21973e-05 0.0196167 -0.0198607
 -6.1783e-05 0.0287216 -0.0290789
weights matrix:
 -1.05326 0.207668 -0.0534921
 1.98015 -2.62044 -0.622826
 -2.55469 1.06708 2.30966
 -2.15338 -1.16707 3.22444
 1.00293 0.752698 -3.30166
regression_error on 'test' 0.0756486
classification_error on 'test' 0.157895
Save,4731,0.0756486,0.157895
sample_count 75 Sample index 51
 i 0:0.628566 i 1:0.516233 i 2:0.763306 i 3:0.719493 bias 1
 test_print 3.6276
net matrix:
 -2.13625 -0.494716 0.426133
outputs matrix:
 0.0137552 0.271024 0.701042
error matrix:
 -0.0137552 -0.271024 0.298958
delta matrix:
 -0.000373203 -0.107092 0.125312
weights_delta matrix:
 -2.34583e-05 -0.00673147 0.0078767
 -1.9266e-05 -0.00552847 0.00646903
 -2.84868e-05 -0.00817443 0.00956516
 -2.68517e-05 -0.00770523 0.00901612
 -3.73203e-05 -0.0107092 0.0125312
weights matrix:
 -1.05328 0.200937 -0.0456154
 1.98014 -2.62597 -0.616357
 -2.55471 1.05891 2.31923
 -2.15341 -1.17478 3.23346
 1.00289 0.741989 -3.28913
regression_error on 'test' 0.0757716
classification_error on 'test' 0.157895
Save,4732,0.0757716,0.157895
sample_count 75 Sample index 61
 i 0:0.697853 i 1:0.480944 i 2:0.687702 i 3:0.682992 bias 1
 test_print 3.54949
net matrix:
 -2.00746 -0.454881 0.185966
outputs matrix:
 0.0177247 0.287048 0.591926
error matrix:
 -0.0177247 0.712952 -0.591926
delta matrix:
 -0.000617193 0.291813 -0.285959
weights_delta matrix:
 -4.3071e-05 0.0203643 -0.0199557
 -2.96835e-05 0.0140346 -0.013753
 -4.24445e-05 0.0200681 -0.0196655
 -4.21538e-05 0.0199306 -0.0195308
 -6.17193e-05 0.0291813 -0.0285959
weights matrix:
 -1.05333 0.221301 -0.0655711
 1.98011 -2.61193 -0.63011
 -2.55476 1.07897 2.29956
 -2.15345 -1.15484 3.21393
 1.00283 0.77117 -3.31773
regression_error on 'test' 0.0757559
classification_error on 'test' 0.105263
Save,4733,0.0757559,0.105263
sample_count 75 Sample index 8
 i 0:0.489992 i 1:0.375074 i 2:0.702823 i 3:0.755994 bias 1
 test_print 3.32388
net matrix:
 -2.19415 -0.214791 0.459701
outputs matrix:
 0.0122695 0.394226 0.71492
error matrix:
 -0.0122695 -0.394226 0.28508
delta matrix:
 -0.000297389 -0.188292 0.116204
weights_delta matrix:
 -1.45718e-05 -0.00922615 0.0056939
 -1.11543e-05 -0.00706234 0.00435851
 -2.09012e-05 -0.0132336 0.00816708
 -2.24824e-05 -0.0142348 0.00878495
 -2.97389e-05 -0.0188292 0.0116204
weights matrix:
 -1.05334 0.212075 -0.0598772
 1.98009 -2.619 -0.625752
 -2.55478 1.06574 2.30773
 -2.15347 -1.16908 3.22271
 1.0028 0.752341 -3.30611
regression_error on 'test' 0.0756154
classification_error on 'test' 0.157895
Save,4734,0.0756154,0.157895
sample_count 75 Sample index 27
 i 0:0.328323 i 1:0.622103 i 2:0.158468 i 3:0.135476 bias 1
 test_print 2.24437
net matrix:
 1.19219 -0.796812 -2.91275
outputs matrix:
 0.915628 0.168875 0.00294267
error matrix:
 0.0843716 -0.168875 -0.00294267
delta matrix:
 0.0130359 -0.0474051 -1.72677e-05
weights_delta matrix:
 0.000427999 -0.00155642 -5.66938e-07
 0.000810969 -0.00294909 -1.07423e-06
 0.000206578 -0.00075122 -2.73637e-07
 0.000176605 -0.000642226 -2.33936e-07
 0.00130359 -0.00474051 -1.72677e-06
weights matrix:
 -1.05291 0.210518 -0.0598778
 1.98091 -2.62195 -0.625753
 -2.55457 1.06499 2.30773
 -2.1533 -1.16972 3.22271
 1.0041 0.747601 -3.30611
regression_error on 'test' 0.075623
classification_error on 'test' 0.157895
Save,4735,0.075623,0.157895
sample_count 75 Sample index 63
 i 0:0.420705 i 1:0.904421 i 2:0.143347 i 3:0.135476 bias 1
 test_print 2.60395
net matrix:
 1.6948 -1.54098 -3.12984
outputs matrix:
 0.967378 0.0438574 0.00190823
error matrix:
 0.0326222 -0.0438574 -0.00190823
delta matrix:
 0.00205898 -0.00367822 -7.26875e-06
weights_delta matrix:
 8.66225e-05 -0.000154745 -3.058e-07
 0.000186219 -0.000332666 -6.57401e-07
 2.95149e-05 -5.27262e-05 -1.04195e-07
 2.78943e-05 -4.98311e-05 -9.84742e-08
 0.000205898 -0.000367822 -7.26875e-07
weights matrix:
 -1.05283 0.210364 -0.0598781
 1.98109 -2.62228 -0.625753
 -2.55454 1.06494 2.30773
 -2.15327 -1.16977 3.22271
 1.00431 0.747233 -3.30611
regression_error on 'test' 0.0756238
classification_error on 'test' 0.157895
Save,4736,0.0756238,0.157895
sample_count 75 Sample index 48
 i 0:0.744044 i 1:0.516233 i 2:0.748185 i 3:0.828996 bias 1
 test_print 3.83746
net matrix:
 -2.45266 -0.622921 0.724528
outputs matrix:
 0.00735265 0.223421 0.809853
error matrix:
 -0.00735265 -0.223421 0.190147
delta matrix:
 -0.000107328 -0.0775288 0.0585619
weights_delta matrix:
 -7.98566e-06 -0.00576849 0.00435726
 -5.54062e-06 -0.00400229 0.00302316
 -8.03011e-06 -0.00580059 0.00438151
 -8.89744e-06 -0.00642711 0.00485476
 -1.07328e-05 -0.00775288 0.00585619
weights matrix:
 -1.05283 0.204595 -0.0555208
 1.98109 -2.62628 -0.62273
 -2.55455 1.05914 2.31211
 -2.15328 -1.1762 3.22757
 1.0043 0.73948 -3.30025
regression_error on 'test' 0.0756593
classification_error on 'test' 0.157895
Save,4737,0.0756593,0.157895
sample_count 75 Sample index 44
 i 0:0.536183 i 1:0.375074 i 2:0.702823 i 3:0.646491 bias 1
 test_print 3.26057
net matrix:
 -2.00463 -0.151886 0.148005
outputs matrix:
 0.0178233 0.424636 0.573467
error matrix:
 -0.0178233 0.575364 -0.573467
delta matrix:
 -0.000624017 0.281146 -0.280543
weights_delta matrix:
 -3.34587e-05 0.0150746 -0.0150422
 -2.34052e-05 0.0105451 -0.0105224
 -4.38573e-05 0.0197596 -0.0197172
 -4.03421e-05 0.0181759 -0.0181369
 -6.24017e-05 0.0281146 -0.0280543
weights matrix:
 -1.05287 0.21967 -0.0705631
 1.98106 -2.61574 -0.633253
 -2.55459 1.0789 2.29239
 -2.15332 -1.15802 3.20943
 1.00423 0.767595 -3.32831
regression_error on 'test' 0.0757623
classification_error on 'test' 0.105263
Save,4738,0.0757623,0.105263
sample_count 75 Sample index 5
 i 0:0.536183 i 1:0.198626 i 2:0.687702 i 3:0.60999 bias 1
 test_print 3.0325
net matrix:
 -2.23711 0.401401 0.0422812
outputs matrix:
 0.0112707 0.690573 0.521128
error matrix:
 -0.0112707 -0.690573 0.478872
delta matrix:
 -0.000251195 -0.295126 0.239008
weights_delta matrix:
 -1.34686e-05 -0.0158241 0.0128152
 -4.98938e-06 -0.00586197 0.00474733
 -1.72747e-05 -0.0202959 0.0164367
 -1.53226e-05 -0.0180024 0.0145793
 -2.51195e-05 -0.0295126 0.0239008
weights matrix:
 -1.05288 0.203846 -0.0577478
 1.98106 -2.6216 -0.628505
 -2.55461 1.0586 2.30883
 -2.15333 -1.17602 3.22401
 1.00421 0.738082 -3.3044
regression_error on 'test' 0.0756151
classification_error on 'test' 0.157895
Save,4739,0.0756151,0.157895
sample_count 75 Sample index 0
 i 0:0.282131 i 1:0.269205 i 2:0.430645 i 3:0.427485 bias 1
 test_print 2.40947
net matrix:
 -0.780179 0.0429934 -1.11739
outputs matrix:
 0.173595 0.521483 0.0966698
error matrix:
 -0.173595 0.478517 -0.0966698
delta matrix:
 -0.049808 0.238817 -0.0168833
weights_delta matrix:
 -0.00140524 0.00673776 -0.000476331
 -0.00134086 0.00642906 -0.000454508
 -0.00214496 0.0102845 -0.000727073
 -0.00212922 0.010209 -0.000721737
 -0.0049808 0.0238817 -0.00168833
weights matrix:
 -1.05429 0.210583 -0.0582242
 1.97972 -2.61517 -0.62896
 -2.55676 1.06888 2.3081
 -2.15546 -1.16582 3.22329
 0.999228 0.761964 -3.30609
regression_error on 'test' 0.0756059
classification_error on 'test' 0.157895
Save,4740,0.0756059,0.157895
sample_count 75 Sample index 29
 i 0:0.420705 i 1:0.304495 i 2:0.536492 i 3:0.536988 bias 1
 test_print 2.79868
net matrix:
 -1.37064 0.0016698 -0.552959
outputs matrix:
 0.0605813 0.500835 0.248633
error matrix:
 -0.0605813 0.499165 -0.248633
delta matrix:
 -0.0068955 0.249582 -0.0928963
weights_delta matrix:
 -0.000290097 0.0105 -0.00390819
 -0.000209965 0.00759964 -0.00282865
 -0.000369938 0.0133899 -0.00498381
 -0.00037028 0.0134022 -0.00498842
 -0.00068955 0.0249582 -0.00928963
weights matrix:
 -1.05458 0.221083 -0.0621324
 1.97951 -2.60757 -0.631788
 -2.55713 1.08227 2.30312
 -2.15583 -1.15241 3.2183
 0.998538 0.786922 -3.31538
regression_error on 'test' 0.0758174
classification_error on 'test' 0.105263
Save,4741,0.0758174,0.105263
sample_count 75 Sample index 62
 i 0:0.582374 i 1:0.622103 i 2:0.748185 i 3:0.901998 bias 1
 test_print 3.85466
net matrix:
 -2.24192 -0.936235 0.881452
outputs matrix:
 0.0111639 0.133256 0.853573
error matrix:
 -0.0111639 -0.133256 0.146427
delta matrix:
 -0.000246482 -0.0307819 0.0366027
weights_delta matrix:
 -1.43545e-05 -0.00179266 0.00213165
 -1.53337e-05 -0.00191495 0.00227707
 -1.84414e-05 -0.00230305 0.00273856
 -2.22326e-05 -0.00277652 0.00330156
 -2.46482e-05 -0.00307819 0.00366027
weights matrix:
 -1.05459 0.219291 -0.0600007
 1.97949 -2.60948 -0.629511
 -2.55714 1.07997 2.30586
 -2.15586 -1.15519 3.2216
 0.998514 0.783844 -3.31172
regression_error on 'test' 0.075764
classification_error on 'test' 0.105263
Save,4742,0.075764,0.105263
sample_count 75 Sample index 63
 i 0:0.420705 i 1:0.904421 i 2:0.143347 i 3:0.135476 bias 1
 test_print 2.60395
net matrix:
 1.68651 -1.48566 -3.13932
outputs matrix:
 0.966851 0.0487383 0.00187243
error matrix:
 0.0331493 -0.0487383 -0.00187243
delta matrix:
 0.0021249 -0.0045193 -6.99888e-06
weights_delta matrix:
 8.93958e-05 -0.000190129 -2.94446e-07
 0.000192181 -0.000408735 -6.32993e-07
 3.04599e-05 -6.47828e-05 -1.00327e-07
 2.87874e-05 -6.12257e-05 -9.4818e-08
 0.00021249 -0.00045193 -6.99888e-07
weights matrix:
 -1.0545 0.219101 -0.060001
 1.97968 -2.60989 -0.629512
 -2.55711 1.07991 2.30586
 -2.15583 -1.15525 3.2216
 0.998726 0.783392 -3.31172
regression_error on 'test' 0.0757602
classification_error on 'test' 0.105263
Save,4743,0.0757602,0.105263
sample_count 75 Sample index 1
 i 0:0.582374 i 1:0.445654 i 2:0.581855 i 3:0.536988 bias 1
 test_print 3.14687
net matrix:
 -1.37866 -0.244126 -0.555577
outputs matrix:
 0.059675 0.380305 0.247656
error matrix:
 -0.059675 0.619695 -0.247656
delta matrix:
 -0.0066972 0.292091 -0.0922877
weights_delta matrix:
 -0.000390028 0.0170106 -0.0053746
 -0.000298464 0.0130171 -0.00411284
 -0.00038968 0.0169955 -0.00536981
 -0.000359632 0.0156849 -0.00495574
 -0.00066972 0.0292091 -0.00922877
weights matrix:
 -1.05489 0.236111 -0.0653756
 1.97939 -2.59688 -0.633625
 -2.5575 1.0969 2.30049
 -2.15619 -1.13957 3.21664
 0.998057 0.812601 -3.32095
regression_error on 'test' 0.0763579
classification_error on 'test' 0.0789474
Save,4744,0.0763579,0.0789474
sample_count 75 Sample index 45
 i 0:0.697853 i 1:0.586813 i 2:0.793548 i 3:0.975 bias 1
 test_print 4.05321
net matrix:
 -2.70836 -0.787142 1.22338
outputs matrix:
 0.00442208 0.171607 0.920324
error matrix:
 -0.00442208 -0.171607 0.0796758
delta matrix:
 -3.89367e-05 -0.0487904 0.0116849
weights_delta matrix:
 -2.71721e-06 -0.00340485 0.000815432
 -2.28486e-06 -0.00286308 0.000685683
 -3.08981e-06 -0.00387175 0.00092725
 -3.79633e-06 -0.00475706 0.00113927
 -3.89367e-06 -0.00487904 0.00116849
weights matrix:
 -1.05489 0.232706 -0.0645602
 1.97938 -2.59974 -0.632939
 -2.55751 1.09303 2.30141
 -2.15619 -1.14432 3.21778
 0.998053 0.807722 -3.31978
regression_error on 'test' 0.0761871
classification_error on 'test' 0.0789474
Save,4745,0.0761871,0.0789474
sample_count 75 Sample index 23
 i 0:0.975 i 1:0.763262 i 2:0.899395 i 3:0.792495 bias 1
 test_print 4.43015
net matrix:
 -2.52866 -0.873477 0.754129
outputs matrix:
 0.00632238 0.148432 0.818803
error matrix:
 -0.00632238 -0.148432 0.181197
delta matrix:
 -7.94395e-05 -0.0375235 0.0537666
weights_delta matrix:
 -7.74535e-06 -0.00365855 0.00524224
 -6.06331e-06 -0.00286403 0.0041038
 -7.14475e-06 -0.00337485 0.00483574
 -6.29554e-06 -0.00297372 0.00426097
 -7.94395e-06 -0.00375235 0.00537666
weights matrix:
 -1.0549 0.229048 -0.0593179
 1.97938 -2.6026 -0.628835
 -2.55751 1.08965 2.30625
 -2.1562 -1.1473 3.22204
 0.998045 0.803969 -3.31441
regression_error on 'test' 0.076065
classification_error on 'test' 0.105263
Save,4746,0.076065,0.105263
sample_count 75 Sample index 6
 i 0:0.305227 i 1:0.657392 i 2:0.128226 i 3:0.171977 bias 1
 test_print 2.26282
net matrix:
 1.27853 -0.894636 -2.89607
outputs matrix:
 0.928047 0.143162 0.00304219
error matrix:
 0.0719535 -0.143162 -0.00304219
delta matrix:
 0.00960956 -0.0351224 -1.84536e-05
weights_delta matrix:
 0.00029331 -0.00107203 -5.63252e-07
 0.000631725 -0.00230892 -1.21312e-06
 0.00012322 -0.000450361 -2.36623e-07
 0.000165262 -0.000604025 -3.17359e-07
 0.000960956 -0.00351224 -1.84536e-06
weights matrix:
 -1.05461 0.227976 -0.0593185
 1.98001 -2.60491 -0.628837
 -2.55739 1.0892 2.30625
 -2.15603 -1.1479 3.22204
 0.999006 0.800457 -3.31441
regression_error on 'test' 0.0760184
classification_error on 'test' 0.105263
Save,4747,0.0760184,0.105263
sample_count 75 Sample index 68
 i 0:0.305227 i 1:0.657392 i 2:0.173589 i 3:0.281481 bias 1
 test_print 2.41769
net matrix:
 0.927936 -0.976445 -2.43862
outputs matrix:
 0.864815 0.124239 0.00756037
error matrix:
 0.135185 -0.124239 -0.00756037
delta matrix:
 0.0316089 -0.0270352 -0.000113454
weights_delta matrix:
 0.00096479 -0.000825186 -3.46293e-06
 0.00207795 -0.00177727 -7.45839e-06
 0.000548696 -0.000469301 -1.96944e-06
 0.000889731 -0.000760988 -3.19352e-06
 0.00316089 -0.00270352 -1.13454e-05
weights matrix:
 -1.05364 0.227151 -0.059322
 1.98209 -2.60669 -0.628844
 -2.55684 1.08873 2.30625
 -2.15514 -1.14866 3.22204
 1.00217 0.797754 -3.31442
regression_error on 'test' 0.0759783
classification_error on 'test' 0.105263
Save,4748,0.0759783,0.105263
sample_count 75 Sample index 21
 i 0:0.836426 i 1:0.445654 i 2:0.884274 i 3:0.719493 bias 1
 test_print 3.88585
net matrix:
 -2.80736 -0.0376474 0.713305
outputs matrix:
 0.0036306 0.481185 0.806372
error matrix:
 -0.0036306 -0.481185 0.193628
delta matrix:
 -2.62668e-05 -0.240252 0.0604644
weights_delta matrix:
 -2.19702e-06 -0.0200953 0.0050574
 -1.17059e-06 -0.0107069 0.00269462
 -2.3227e-06 -0.0212449 0.00534671
 -1.88987e-06 -0.017286 0.00435037
 -2.62668e-06 -0.0240252 0.00604644
weights matrix:
 -1.05365 0.207055 -0.0542646
 1.98209 -2.6174 -0.626149
 -2.55684 1.06749 2.31159
 -2.15514 -1.16595 3.22639
 1.00216 0.773728 -3.30837
regression_error on 'test' 0.0755796
classification_error on 'test' 0.157895
Save,4749,0.0755796,0.157895
sample_count 75 Sample index 29
 i 0:0.420705 i 1:0.304495 i 2:0.536492 i 3:0.536988 bias 1
 test_print 2.79868
net matrix:
 -1.36659 0.0104535 -0.549178
outputs matrix:
 0.061044 0.505227 0.250048
error matrix:
 -0.061044 0.494773 -0.250048
delta matrix:
 -0.00699779 0.24736 -0.0937801
weights_delta matrix:
 -0.000294401 0.0104065 -0.00394538
 -0.000213079 0.00753198 -0.00285556
 -0.000375426 0.0132706 -0.00503123
 -0.000375773 0.0132829 -0.00503588
 -0.000699779 0.024736 -0.00937801
weights matrix:
 -1.05394 0.217462 -0.0582099
 1.98187 -2.60986 -0.629005
 -2.55722 1.08076 2.30656
 -2.15552 -1.15267 3.22135
 1.00146 0.798464 -3.31775
regression_error on 'test' 0.0758143
classification_error on 'test' 0.105263
Save,4750,0.0758143,0.105263
sample_count 75 Sample index 45
 i 0:0.697853 i 1:0.586813 i 2:0.793548 i 3:0.975 bias 1
 test_print 4.05321
net matrix:
 -2.70195 -0.847494 1.24371
outputs matrix:
 0.00447885 0.155121 0.923255
error matrix:
 -0.00447885 -0.155121 0.0767452
delta matrix:
 -3.99406e-05 -0.0406598 0.0108756
weights_delta matrix:
 -2.78727e-06 -0.00283746 0.000758958
 -2.34377e-06 -0.00238597 0.000638195
 -3.16948e-06 -0.00322655 0.000863032
 -3.89421e-06 -0.00396433 0.00106037
 -3.99406e-06 -0.00406598 0.00108756
weights matrix:
 -1.05394 0.214624 -0.057451
 1.98187 -2.61225 -0.628367
 -2.55722 1.07753 2.30743
 -2.15552 -1.15663 3.22242
 1.00146 0.794398 -3.31666
regression_error on 'test' 0.0757291
classification_error on 'test' 0.105263
Save,4751,0.0757291,0.105263
sample_count 75 Sample index 15
 i 0:0.720948 i 1:0.410364 i 2:0.65746 i 3:0.573489 bias 1
 test_print 3.36226
net matrix:
 -1.86253 -0.0777205 -0.250883
outputs matrix:
 0.023544 0.461218 0.377126
error matrix:
 -0.023544 0.538782 -0.377126
delta matrix:
 -0.00108254 0.26777 -0.177175
weights_delta matrix:
 -7.80453e-05 0.0193049 -0.0127734
 -4.44234e-05 0.0109883 -0.00727064
 -7.11725e-05 0.0176048 -0.0116486
 -6.20823e-05 0.0153563 -0.0101608
 -0.000108254 0.026777 -0.0177175
weights matrix:
 -1.05402 0.233929 -0.0702244
 1.98183 -2.60126 -0.635637
 -2.55729 1.09514 2.29578
 -2.15559 -1.14127 3.21225
 1.00135 0.821175 -3.33438
regression_error on 'test' 0.0763997
classification_error on 'test' 0.0789474
Save,4752,0.0763997,0.0789474
sample_count 75 Sample index 41
 i 0:0.674757 i 1:0.445654 i 2:0.627218 i 3:0.536988 bias 1
 test_print 3.28462
net matrix:
 -1.58815 -0.106201 -0.500145
outputs matrix:
 0.0400673 0.447098 0.268884
error matrix:
 -0.0400673 0.552902 -0.268884
delta matrix:
 -0.00308213 0.273356 -0.105717
weights_delta matrix:
 -0.000207969 0.0184449 -0.00713336
 -0.000137356 0.0121822 -0.00471134
 -0.000193317 0.0171454 -0.00663079
 -0.000165507 0.0146789 -0.0056769
 -0.000308213 0.0273356 -0.0105717
weights matrix:
 -1.05423 0.252374 -0.0773577
 1.98169 -2.58908 -0.640349
 -2.55749 1.11228 2.28915
 -2.15575 -1.12659 3.20658
 1.00104 0.848511 -3.34495
regression_error on 'test' 0.0775223
classification_error on 'test' 0.0789474
Save,4753,0.0775223,0.0789474
sample_count 75 Sample index 60
 i 0:0.559279 i 1:0.410364 i 2:0.536492 i 3:0.536988 bias 1
 test_print 3.04312
net matrix:
 -1.30503 -0.0810422 -0.700992
outputs matrix:
 0.0684933 0.459567 0.197502
error matrix:
 -0.0684933 0.540433 -0.197502
delta matrix:
 -0.00874001 0.268449 -0.0626059
weights_delta matrix:
 -0.00048881 0.0150138 -0.00350142
 -0.000358658 0.0110162 -0.00256912
 -0.000468894 0.0144021 -0.00335876
 -0.000469328 0.0144154 -0.00336186
 -0.000874001 0.0268449 -0.00626059
weights matrix:
 -1.05472 0.267388 -0.0808592
 1.98133 -2.57806 -0.642918
 -2.55796 1.12669 2.28579
 -2.15622 -1.11218 3.20322
 1.00017 0.875356 -3.35121
regression_error on 'test' 0.0789228
classification_error on 'test' 0.0789474
Save,4754,0.0789228,0.0789474
sample_count 75 Sample index 45
 i 0:0.697853 i 1:0.586813 i 2:0.793548 i 3:0.975 bias 1
 test_print 4.05321
net matrix:
 -2.70537 -0.641182 1.1521
outputs matrix:
 0.00444843 0.217148 0.909225
error matrix:
 -0.00444843 -0.217148 0.0907752
delta matrix:
 -3.9401e-05 -0.0738281 0.0149843
weights_delta matrix:
 -2.74961e-06 -0.00515212 0.00104568
 -2.3121e-06 -0.00433233 0.000879297
 -3.12666e-06 -0.00585861 0.00118907
 -3.8416e-06 -0.00719824 0.00146097
 -3.9401e-06 -0.00738281 0.00149843
weights matrix:
 -1.05472 0.262236 -0.0798135
 1.98133 -2.5824 -0.642039
 -2.55796 1.12083 2.28698
 -2.15622 -1.11938 3.20468
 1.00017 0.867973 -3.34972
regression_error on 'test' 0.0783754
classification_error on 'test' 0.0789474
Save,4755,0.0783754,0.0789474
sample_count 75 Sample index 54
 i 0:0.305227 i 1:0.622103 i 2:0.158468 i 3:0.135476 bias 1
 test_print 2.22127
net matrix:
 1.21336 -0.632535 -2.97692
outputs matrix:
 0.918842 0.220103 0.00258912
error matrix:
 0.0811585 -0.220103 -0.00258912
delta matrix:
 0.0121043 -0.0755645 -1.33724e-05
weights_delta matrix:
 0.000369455 -0.00230643 -4.08162e-07
 0.00075301 -0.00470089 -8.31902e-07
 0.000191814 -0.00119745 -2.1191e-07
 0.000163984 -0.00102372 -1.81164e-07
 0.00121043 -0.00755645 -1.33724e-06
weights matrix:
 -1.05435 0.259929 -0.0798139
 1.98208 -2.5871 -0.642039
 -2.55777 1.11963 2.28698
 -2.15606 -1.1204 3.20468
 1.00138 0.860417 -3.34972
regression_error on 'test' 0.0781126
classification_error on 'test' 0.0789474
Save,4756,0.0781126,0.0789474
sample_count 75 Sample index 45
 i 0:0.697853 i 1:0.586813 i 2:0.793548 i 3:0.975 bias 1
 test_print 4.05321
net matrix:
 -2.70316 -0.680243 1.15721
outputs matrix:
 0.00446804 0.204161 0.910065
error matrix:
 -0.00446804 -0.204161 0.0899353
delta matrix:
 -3.97483e-05 -0.0663441 0.0147218
weights_delta matrix:
 -2.77385e-06 -0.00462984 0.00102737
 -2.33248e-06 -0.00389316 0.000863897
 -3.15422e-06 -0.00526472 0.00116825
 -3.87546e-06 -0.00646855 0.00143538
 -3.97483e-06 -0.00663441 0.00147218
weights matrix:
 -1.05435 0.2553 -0.0787865
 1.98208 -2.59099 -0.641176
 -2.55777 1.11437 2.28814
 -2.15606 -1.12687 3.20611
 1.00137 0.853782 -3.34824
regression_error on 'test' 0.0776853
classification_error on 'test' 0.0789474
Save,4757,0.0776853,0.0789474
sample_count 75 Sample index 68
 i 0:0.305227 i 1:0.657392 i 2:0.173589 i 3:0.281481 bias 1
 test_print 2.41769
net matrix:
 0.931665 -0.89534 -2.49414
outputs matrix:
 0.865685 0.142989 0.00677122
error matrix:
 0.134315 -0.142989 -0.00677122
delta matrix:
 0.0312349 -0.0350449 -9.1078e-05
weights_delta matrix:
 0.000953375 -0.00106966 -2.77995e-06
 0.00205336 -0.00230382 -5.98739e-06
 0.000542204 -0.00060834 -1.58101e-06
 0.000879204 -0.000986446 -2.56367e-06
 0.00312349 -0.00350449 -9.1078e-06
weights matrix:
 -1.0534 0.25423 -0.0787893
 1.98413 -2.59329 -0.641182
 -2.55723 1.11376 2.28814
 -2.15518 -1.12786 3.20611
 1.0045 0.850278 -3.34825
regression_error on 'test' 0.0775688
classification_error on 'test' 0.0789474
Save,4758,0.0775688,0.0789474
sample_count 75 Sample index 67
 i 0:0.443801 i 1:0.375074 i 2:0.566734 i 3:0.536988 bias 1
 test_print 2.9226
net matrix:
 -1.32538 0.0159876 -0.6053
outputs matrix:
 0.0659416 0.507993 0.229595
error matrix:
 -0.0659416 0.492007 -0.229595
delta matrix:
 -0.00812313 0.245941 -0.0812219
weights_delta matrix:
 -0.000360505 0.0109149 -0.00360464
 -0.000304678 0.00922459 -0.00304642
 -0.000460366 0.0139383 -0.00460312
 -0.000436203 0.0132067 -0.00436152
 -0.000812313 0.0245941 -0.00812219
weights matrix:
 -1.05376 0.265145 -0.0823939
 1.98383 -2.58407 -0.644228
 -2.55769 1.1277 2.28354
 -2.15562 -1.11465 3.20175
 1.00368 0.874872 -3.35638
regression_error on 'test' 0.0788411
classification_error on 'test' 0.0789474
Save,4759,0.0788411,0.0789474
sample_count 75 Sample index 21
 i 0:0.836426 i 1:0.445654 i 2:0.884274 i 3:0.719493 bias 1
 test_print 3.88585
net matrix:
 -2.80626 0.140255 0.610515
outputs matrix:
 0.00363857 0.569671 0.772245
error matrix:
 -0.00363857 -0.569671 0.227755
delta matrix:
 -2.6382e-05 -0.279305 0.0801165
weights_delta matrix:
 -2.20666e-06 -0.0233618 0.00670115
 -1.17572e-06 -0.0124473 0.00357042
 -2.33289e-06 -0.0246982 0.00708449
 -1.89817e-06 -0.0200958 0.00576432
 -2.6382e-06 -0.0279305 0.00801165
weights matrix:
 -1.05376 0.241783 -0.0756928
 1.98383 -2.59652 -0.640658
 -2.55769 1.103 2.29062
 -2.15562 -1.13474 3.20751
 1.00368 0.846941 -3.34836
regression_error on 'test' 0.0770675
classification_error on 'test' 0.0526316
Save,4760,0.0770675,0.0526316
sample_count 75 Sample index 19
 i 0:0.674757 i 1:0.480944 i 2:0.596976 i 3:0.573489 bias 1
 test_print 3.32617
net matrix:
 -1.51635 -0.230993 -0.500638
outputs matrix:
 0.0459703 0.386515 0.268691
error matrix:
 -0.0459703 0.613485 -0.268691
delta matrix:
 -0.00403224 0.290941 -0.105593
weights_delta matrix:
 -0.000272078 0.0196314 -0.00712498
 -0.000193928 0.0139926 -0.00507844
 -0.000240715 0.0173685 -0.00630366
 -0.000231245 0.0166851 -0.00605565
 -0.000403224 0.0290941 -0.0105593
weights matrix:
 -1.05403 0.261414 -0.0828178
 1.98363 -2.58252 -0.645736
 -2.55793 1.12037 2.28432
 -2.15585 -1.11806 3.20146
 1.00328 0.876035 -3.35892
regression_error on 'test' 0.0786441
classification_error on 'test' 0.0789474
Save,4761,0.0786441,0.0789474
sample_count 75 Sample index 30
 i 0:0.559279 i 1:0.410364 i 2:0.642339 i 3:0.500487 bias 1
 test_print 3.11247
net matrix:
 -1.49425 0.122545 -0.600633
outputs matrix:
 0.0479484 0.560967 0.23125
error matrix:
 -0.0479484 0.439033 -0.23125
delta matrix:
 -0.00437763 0.216252 -0.0822203
weights_delta matrix:
 -0.000244832 0.0120945 -0.00459841
 -0.000179642 0.00887422 -0.00337402
 -0.000281192 0.0138907 -0.00528133
 -0.000219095 0.0108232 -0.00411502
 -0.000437763 0.0216252 -0.00822203
weights matrix:
 -1.05428 0.273509 -0.0874162
 1.98345 -2.57365 -0.64911
 -2.55821 1.13426 2.27904
 -2.15607 -1.10724 3.19734
 1.00284 0.897661 -3.36715
regression_error on 'test' 0.0801081
classification_error on 'test' 0.0789474
Save,4762,0.0801081,0.0789474
sample_count 75 Sample index 49
 i 0:0.397609 i 1:0.480944 i 2:0.612097 i 3:0.60999 bias 1
 test_print 3.10064
net matrix:
 -1.34348 -0.212499 -0.368749
outputs matrix:
 0.0637473 0.395321 0.323551
error matrix:
 -0.0637473 0.604679 -0.323551
delta matrix:
 -0.00760934 0.289088 -0.141629
weights_delta matrix:
 -0.000302554 0.0114944 -0.00563129
 -0.000365967 0.0139035 -0.00681155
 -0.000465765 0.017695 -0.00866905
 -0.000464162 0.0176341 -0.00863921
 -0.000760934 0.0289088 -0.0141629
weights matrix:
 -1.05458 0.285003 -0.0930475
 1.98309 -2.55975 -0.655922
 -2.55868 1.15195 2.27037
 -2.15654 -1.0896 3.1887
 1.00208 0.926569 -3.38131
regression_error on 'test' 0.082602
classification_error on 'test' 0.0789474
Save,4763,0.082602,0.0789474
sample_count 75 Sample index 57
 i 0:0.374514 i 1:0.727972 i 2:0.158468 i 3:0.135476 bias 1
 test_print 2.39643
net matrix:
 1.35313 -0.795183 -3.10187
outputs matrix:
 0.937395 0.169332 0.00201776
error matrix:
 0.0626054 -0.169332 -0.00201776
delta matrix:
 0.00734812 -0.0476362 -8.12624e-06
weights_delta matrix:
 0.000275197 -0.00178404 -3.04339e-07
 0.000534922 -0.00346778 -5.91568e-07
 0.000116444 -0.000754881 -1.28775e-07
 9.95494e-05 -0.000645356 -1.10091e-07
 0.000734812 -0.00476362 -8.12624e-07
weights matrix:
 -1.05431 0.283219 -0.0930478
 1.98362 -2.56321 -0.655922
 -2.55856 1.1512 2.27037
 -2.15644 -1.09025 3.1887
 1.00281 0.921806 -3.38131
regression_error on 'test' 0.0823094
classification_error on 'test' 0.0789474
Save,4764,0.0823094,0.0789474
sample_count 75 Sample index 38
 i 0:0.397609 i 1:0.798551 i 2:0.128226 i 3:0.208478 bias 1
 test_print 2.53286
net matrix:
 1.38999 -1.09212 -2.9862
outputs matrix:
 0.941584 0.101175 0.00254165
error matrix:
 0.0584157 -0.101175 -0.00254165
delta matrix:
 0.0064261 -0.0184014 -1.28871e-05
weights_delta matrix:
 0.000255508 -0.000731655 -5.12404e-07
 0.000513157 -0.00146944 -1.0291e-06
 8.23993e-05 -0.000235953 -1.65247e-07
 0.00013397 -0.000383628 -2.68668e-07
 0.00064261 -0.00184014 -1.28871e-06
weights matrix:
 -1.05405 0.282488 -0.0930483
 1.98413 -2.56468 -0.655923
 -2.55848 1.15096 2.27037
 -2.1563 -1.09063 3.1887
 1.00346 0.919966 -3.38131
regression_error on 'test' 0.0821932
classification_error on 'test' 0.0789474
Save,4765,0.0821932,0.0789474
sample_count 75 Sample index 53
 i 0:0.489992 i 1:0.410364 i 2:0.702823 i 3:0.938499 bias 1
 test_print 3.54168
net matrix:
 -2.52065 -0.208706 0.892191
outputs matrix:
 0.0064238 0.397136 0.856237
error matrix:
 -0.0064238 -0.397136 0.143763
delta matrix:
 -8.20003e-05 -0.190164 0.035393
weights_delta matrix:
 -4.01795e-06 -0.00931788 0.00173423
 -3.365e-06 -0.00780364 0.0014524
 -5.76317e-06 -0.0133652 0.0024875
 -7.69572e-06 -0.0178469 0.00332163
 -8.20003e-06 -0.0190164 0.0035393
weights matrix:
 -1.05406 0.27317 -0.091314
 1.98413 -2.57249 -0.654471
 -2.55849 1.1376 2.27286
 -2.15631 -1.10848 3.19202
 1.00345 0.900949 -3.37777
regression_error on 'test' 0.0804786
classification_error on 'test' 0.0789474
Save,4766,0.0804786,0.0789474
sample_count 75 Sample index 45
 i 0:0.697853 i 1:0.586813 i 2:0.793548 i 3:0.975 bias 1
 test_print 4.05321
net matrix:
 -2.7005 -0.596017 1.0903
outputs matrix:
 0.00449181 0.232895 0.898493
error matrix:
 -0.00449181 -0.232895 0.101507
delta matrix:
 -4.01715e-05 -0.083216 0.0185154
weights_delta matrix:
 -2.80338e-06 -0.00580725 0.00129211
 -2.35732e-06 -0.00488322 0.00108651
 -3.1878e-06 -0.00660359 0.00146929
 -3.91672e-06 -0.00811356 0.00180525
 -4.01715e-06 -0.0083216 0.00185154
weights matrix:
 -1.05406 0.267362 -0.0900219
 1.98413 -2.57737 -0.653384
 -2.55849 1.13099 2.27433
 -2.15632 -1.11659 3.19383
 1.00344 0.892628 -3.37592
regression_error on 'test' 0.0797299
classification_error on 'test' 0.0789474
Save,4767,0.0797299,0.0789474
sample_count 75 Sample index 11
 i 0:0.536183 i 1:0.198626 i 2:0.536492 i 3:0.427485 bias 1
 test_print 2.69879
net matrix:
 -1.46203 0.653492 -0.968495
outputs matrix:
 0.0509774 0.787008 0.125979
error matrix:
 -0.0509774 0.212992 -0.125979
delta matrix:
 -0.00493243 0.0714061 -0.0277426
weights_delta matrix:
 -0.000264469 0.00382868 -0.00148751
 -9.7971e-05 0.00141831 -0.000551041
 -0.000264621 0.00383088 -0.00148837
 -0.000210854 0.0030525 -0.00118596
 -0.000493243 0.00714061 -0.00277426
weights matrix:
 -1.05432 0.271191 -0.0915095
 1.98403 -2.57595 -0.653935
 -2.55875 1.13482 2.27284
 -2.15653 -1.11354 3.19264
 1.00295 0.899768 -3.37869
regression_error on 'test' 0.0802022
classification_error on 'test' 0.0789474
Save,4768,0.0802022,0.0789474
sample_count 75 Sample index 22
 i 0:0.305227 i 1:0.233915 i 2:0.430645 i 3:0.427485 bias 1
 test_print 2.39727
net matrix:
 -0.878559 0.392674 -1.216
outputs matrix:
 0.147152 0.686832 0.0807653
error matrix:
 -0.147152 0.313168 -0.0807653
delta matrix:
 -0.0369345 0.134721 -0.0119924
weights_delta matrix:
 -0.00112734 0.00411206 -0.00036604
 -0.000863953 0.00315133 -0.00028052
 -0.00159056 0.00580171 -0.000516447
 -0.00157889 0.00575913 -0.000512657
 -0.00369345 0.0134721 -0.00119924
weights matrix:
 -1.05545 0.275303 -0.0918755
 1.98317 -2.5728 -0.654216
 -2.56034 1.14062 2.27232
 -2.1581 -1.10778 3.19213
 0.999257 0.91324 -3.37989
regression_error on 'test' 0.0809769
classification_error on 'test' 0.0789474
Save,4769,0.0809769,0.0789474
sample_count 75 Sample index 27
 i 0:0.328323 i 1:0.622103 i 2:0.158468 i 3:0.135476 bias 1
 test_print 2.24437
net matrix:
 1.18836 -0.566243 -3.0245
outputs matrix:
 0.915035 0.243703 0.00235466
error matrix:
 0.0849655 -0.243703 -0.00235466
delta matrix:
 0.0132115 -0.0898345 -1.10628e-05
weights_delta matrix:
 0.000433764 -0.00294947 -3.63216e-07
 0.000821892 -0.00558863 -6.88217e-07
 0.00020936 -0.00142359 -1.75309e-07
 0.000178984 -0.00121704 -1.49874e-07
 0.00132115 -0.00898345 -1.10628e-06
weights matrix:
 -1.05502 0.272354 -0.0918759
 1.98399 -2.57839 -0.654217
 -2.56013 1.1392 2.27232
 -2.15793 -1.109 3.19213
 1.00058 0.904257 -3.37989
regression_error on 'test' 0.0805315
classification_error on 'test' 0.0789474
Save,4770,0.0805315,0.0789474
sample_count 75 Sample index 63
 i 0:0.420705 i 1:0.904421 i 2:0.143347 i 3:0.135476 bias 1
 test_print 2.60395
net matrix:
 1.69175 -1.30005 -3.25205
outputs matrix:
 0.967185 0.0691316 0.00149506
error matrix:
 0.0328149 -0.0691316 -0.00149506
delta matrix:
 0.00208296 -0.00889758 -4.46372e-06
weights_delta matrix:
 8.76313e-05 -0.000374326 -1.87791e-07
 0.000188388 -0.000804716 -4.03708e-07
 2.98587e-05 -0.000127544 -6.39861e-08
 2.82192e-05 -0.000120541 -6.04727e-08
 0.000208296 -0.000889758 -4.46372e-07
weights matrix:
 -1.05493 0.271979 -0.091876
 1.98418 -2.57919 -0.654217
 -2.5601 1.13907 2.27232
 -2.1579 -1.10912 3.19213
 1.00079 0.903367 -3.37989
regression_error on 'test' 0.0804843
classification_error on 'test' 0.0789474
Save,4771,0.0804843,0.0789474
sample_count 75 Sample index 28
 i 0:0.305227 i 1:0.551523 i 2:0.113105 i 3:0.135476 bias 1
 test_print 2.10533
net matrix:
 1.19121 -0.457526 -3.07929
outputs matrix:
 0.915477 0.285967 0.00211081
error matrix:
 0.0845233 -0.285967 -0.00211081
delta matrix:
 0.0130807 -0.116783 -8.89222e-06
weights_delta matrix:
 0.000399257 -0.00356454 -2.71414e-07
 0.000721429 -0.00644087 -4.90426e-07
 0.000147949 -0.00132088 -1.00575e-07
 0.000177212 -0.00158213 -1.20468e-07
 0.00130807 -0.0116783 -8.89222e-07
weights matrix:
 -1.05453 0.268415 -0.0918763
 1.9849 -2.58563 -0.654217
 -2.55996 1.13775 2.27232
 -2.15772 -1.1107 3.19213
 1.00209 0.891689 -3.3799
regression_error on 'test' 0.0799741
classification_error on 'test' 0.0789474
Save,4772,0.0799741,0.0789474
sample_count 75 Sample index 66
 i 0:0.60547 i 1:0.304495 i 2:0.672581 i 3:0.60999 bias 1
 test_print 3.19254
net matrix:
 -2.06997 0.354608 -0.159242
outputs matrix:
 0.0156744 0.670228 0.421045
error matrix:
 -0.0156744 0.329772 -0.421045
delta matrix:
 -0.000483669 0.145774 -0.205273
weights_delta matrix:
 -2.92847e-05 0.00882618 -0.0124287
 -1.47275e-05 0.00443875 -0.00625046
 -3.25307e-05 0.00980448 -0.0138063
 -2.95033e-05 0.00889207 -0.0125215
 -4.83669e-05 0.0145774 -0.0205273
weights matrix:
 -1.05456 0.277241 -0.104305
 1.98488 -2.5812 -0.660468
 -2.55999 1.14756 2.25852
 -2.15775 -1.10181 3.17961
 1.00205 0.906266 -3.40042
regression_error on 'test' 0.0816663
classification_error on 'test' 0.0789474
Save,4773,0.0816663,0.0789474
sample_count 75 Sample index 28
 i 0:0.305227 i 1:0.551523 i 2:0.113105 i 3:0.135476 bias 1
 test_print 2.10533
net matrix:
 1.193 -0.452175 -3.11031
outputs matrix:
 0.915754 0.288157 0.00198406
error matrix:
 0.0842458 -0.288157 -0.00198406
delta matrix:
 0.0129989 -0.118215 -7.85734e-06
weights_delta matrix:
 0.000396761 -0.00360825 -2.39827e-07
 0.000716918 -0.00651984 -4.3335e-07
 0.000147024 -0.00133707 -8.88704e-08
 0.000176103 -0.00160153 -1.06448e-07
 0.00129989 -0.0118215 -7.85734e-07
weights matrix:
 -1.05416 0.273633 -0.104305
 1.9856 -2.58772 -0.660468
 -2.55984 1.14622 2.25852
 -2.15757 -1.10341 3.17961
 1.00335 0.894445 -3.40042
regression_error on 'test' 0.0811196
classification_error on 'test' 0.0789474
Save,4774,0.0811196,0.0789474
sample_count 75 Sample index 29
 i 0:0.420705 i 1:0.304495 i 2:0.536492 i 3:0.536988 bias 1
 test_print 2.79868
net matrix:
 -1.36747 0.244037 -0.726328
outputs matrix:
 0.0609434 0.619653 0.189593
error matrix:
 -0.0609434 0.380347 -0.189593
delta matrix:
 -0.00697549 0.179283 -0.0582611
weights_delta matrix:
 -0.000293462 0.00754252 -0.00245107
 -0.0002124 0.00545908 -0.00177402
 -0.000374229 0.00961839 -0.00312566
 -0.000374575 0.00962728 -0.00312855
 -0.000697549 0.0179283 -0.00582611
weights matrix:
 -1.05446 0.281175 -0.106756
 1.98539 -2.58226 -0.662242
 -2.56022 1.15584 2.25539
 -2.15795 -1.09378 3.17648
 1.00265 0.912373 -3.40625
regression_error on 'test' 0.0824981
classification_error on 'test' 0.105263
Save,4775,0.0824981,0.105263
sample_count 75 Sample index 13
 i 0:0.420705 i 1:0.269205 i 2:0.491129 i 3:0.427485 bias 1
 test_print 2.60852
net matrix:
 -1.08638 0.435599 -1.16386
outputs matrix:
 0.102224 0.704995 0.0888536
error matrix:
 -0.102224 0.295005 -0.0888536
delta matrix:
 -0.0187631 0.122709 -0.0143869
weights_delta matrix:
 -0.000789373 0.00516241 -0.000605265
 -0.000505112 0.00330338 -0.000387303
 -0.00092151 0.00602658 -0.000706583
 -0.000802094 0.00524561 -0.000615019
 -0.00187631 0.0122709 -0.00143869
weights matrix:
 -1.05524 0.286338 -0.107362
 1.98488 -2.57895 -0.66263
 -2.56114 1.16186 2.25468
 -2.15875 -1.08854 3.17586
 1.00077 0.924644 -3.40769
regression_error on 'test' 0.0833851
classification_error on 'test' 0.105263
Save,4776,0.0833851,0.105263
sample_count 75 Sample index 52
 i 0:0.443801 i 1:0.410364 i 2:0.672581 i 3:0.792495 bias 1
 test_print 3.31924
net matrix:
 -2.08639 -0.0878001 0.306059
outputs matrix:
 0.0151754 0.456212 0.648424
error matrix:
 -0.0151754 -0.456212 0.351576
delta matrix:
 -0.000453597 -0.226357 0.160298
weights_delta matrix:
 -2.01307e-05 -0.0100457 0.00711404
 -1.8614e-05 -0.00928887 0.00657805
 -3.05081e-05 -0.0152243 0.0107813
 -3.59473e-05 -0.0179387 0.0127035
 -4.53597e-05 -0.0226357 0.0160298
weights matrix:
 -1.05526 0.276292 -0.100248
 1.98486 -2.58824 -0.656052
 -2.56117 1.14664 2.26546
 -2.15879 -1.10648 3.18857
 1.00073 0.902008 -3.39166
regression_error on 'test' 0.0809425
classification_error on 'test' 0.0789474
Save,4777,0.0809425,0.0789474
sample_count 75 Sample index 12
 i 0:0.166653 i 1:0.480944 i 2:0.128226 i 3:0.135476 bias 1
 test_print 1.9113
net matrix:
 1.1586 -0.299618 -3.00142
outputs matrix:
 0.910292 0.354519 0.00246561
error matrix:
 0.0897084 -0.354519 -0.00246561
delta matrix:
 0.0146513 -0.162253 -1.21285e-05
weights_delta matrix:
 0.000244169 -0.00270399 -2.02125e-07
 0.000704646 -0.00780344 -5.83313e-07
 0.000187868 -0.0020805 -1.55519e-07
 0.00019849 -0.00219813 -1.64312e-07
 0.00146513 -0.0162253 -1.21285e-06
weights matrix:
 -1.05502 0.273588 -0.100248
 1.98557 -2.59605 -0.656052
 -2.56098 1.14456 2.26546
 -2.15859 -1.10867 3.18857
 1.00219 0.885783 -3.39166
regression_error on 'test' 0.080286
classification_error on 'test' 0.0789474
Save,4778,0.080286,0.0789474
sample_count 75 Sample index 6
 i 0:0.305227 i 1:0.657392 i 2:0.128226 i 3:0.171977 bias 1
 test_print 2.26282
net matrix:
 1.28586 -0.781234 -3.01469
outputs matrix:
 0.929019 0.173293 0.00240121
error matrix:
 0.0709812 -0.173293 -0.00240121
delta matrix:
 0.00936142 -0.0496527 -1.15039e-05
weights_delta matrix:
 0.000285736 -0.00151553 -3.5113e-07
 0.000615412 -0.00326413 -7.56257e-07
 0.000120038 -0.000636677 -1.4751e-07
 0.000160995 -0.000853912 -1.97841e-07
 0.000936142 -0.00496527 -1.15039e-06
weights matrix:
 -1.05473 0.272072 -0.100248
 1.98618 -2.59931 -0.656053
 -2.56086 1.14392 2.26546
 -2.15843 -1.10953 3.18857
 1.00313 0.880818 -3.39166
regression_error on 'test' 0.0800735
classification_error on 'test' 0.0789474
Save,4779,0.0800735,0.0789474
sample_count 75 Sample index 50
 i 0:0.489992 i 1:0.833841 i 2:0.113105 i 3:0.135476 bias 1
 test_print 2.57241
net matrix:
 1.56042 -1.17421 -3.29962
outputs matrix:
 0.957744 0.0871914 0.00135956
error matrix:
 0.042256 -0.0871914 -0.00135956
delta matrix:
 0.00342024 -0.013879 -3.69179e-06
weights_delta matrix:
 0.000167589 -0.000680058 -1.80895e-07
 0.000285193 -0.00115728 -3.07837e-07
 3.86846e-05 -0.000156978 -4.1756e-08
 4.6336e-05 -0.000188027 -5.00149e-08
 0.000342024 -0.0013879 -3.69179e-07
weights matrix:
 -1.05457 0.271392 -0.100248
 1.98647 -2.60047 -0.656053
 -2.56082 1.14377 2.26546
 -2.15838 -1.10972 3.18857
 1.00347 0.87943 -3.39166
regression_error on 'test' 0.0800099
classification_error on 'test' 0.0789474
Save,4780,0.0800099,0.0789474
sample_count 75 Sample index 42
 i 0:0.651661 i 1:0.551523 i 2:0.702823 i 3:0.792495 bias 1
 test_print 3.6985
net matrix:
 -2.09848 -0.45351 0.300326
outputs matrix:
 0.0148184 0.28761 0.645806
error matrix:
 -0.0148184 -0.28761 0.354194
delta matrix:
 -0.000432665 -0.117857 0.162037
weights_delta matrix:
 -2.81951e-05 -0.00768029 0.0105593
 -2.38625e-05 -0.00650009 0.00893673
 -3.04087e-05 -0.00828327 0.0113884
 -3.42885e-05 -0.00934012 0.0128414
 -4.32665e-05 -0.0117857 0.0162037
weights matrix:
 -1.0546 0.263712 -0.0896889
 1.98645 -2.60697 -0.647117
 -2.56085 1.13548 2.27685
 -2.15842 -1.11906 3.20141
 1.00343 0.867644 -3.37546
regression_error on 'test' 0.0787314
classification_error on 'test' 0.0789474
Save,4781,0.0787314,0.0789474
sample_count 75 Sample index 51
 i 0:0.628566 i 1:0.516233 i 2:0.763306 i 3:0.719493 bias 1
 test_print 3.6276
net matrix:
 -2.14167 -0.250829 0.275431
outputs matrix:
 0.0136089 0.377151 0.634335
error matrix:
 -0.0136089 -0.377151 0.365665
delta matrix:
 -0.000365363 -0.177192 0.169635
weights_delta matrix:
 -2.29654e-05 -0.0111377 0.0106627
 -1.88612e-05 -0.00914722 0.00875711
 -2.78883e-05 -0.0135251 0.0129483
 -2.62876e-05 -0.0127488 0.0122051
 -3.65363e-05 -0.0177192 0.0169635
weights matrix:
 -1.05462 0.252574 -0.0790263
 1.98643 -2.61611 -0.638359
 -2.56088 1.12196 2.2898
 -2.15844 -1.1318 3.21361
 1.00339 0.849925 -3.35849
regression_error on 'test' 0.0774295
classification_error on 'test' 0.0789474
Save,4782,0.0774295,0.0789474
sample_count 75 Sample index 42
 i 0:0.651661 i 1:0.551523 i 2:0.702823 i 3:0.792495 bias 1
 test_print 3.6985
net matrix:
 -2.0987 -0.53674 0.394035
outputs matrix:
 0.0148119 0.254742 0.687417
error matrix:
 -0.0148119 -0.254742 0.312583
delta matrix:
 -0.000432283 -0.0967246 0.134333
weights_delta matrix:
 -2.81702e-05 -0.00630316 0.00875393
 -2.38414e-05 -0.00533458 0.00740875
 -3.03818e-05 -0.00679803 0.0094412
 -3.42582e-05 -0.00766537 0.0106458
 -4.32283e-05 -0.00967246 0.0134333
weights matrix:
 -1.05465 0.246271 -0.0702723
 1.9864 -2.62145 -0.630951
 -2.56091 1.11516 2.29924
 -2.15848 -1.13947 3.22426
 1.00335 0.840252 -3.34506
regression_error on 'test' 0.076839
classification_error on 'test' 0.0789474
Save,4783,0.076839,0.0789474
sample_count 75 Sample index 8
 i 0:0.489992 i 1:0.375074 i 2:0.702823 i 3:0.755994 bias 1
 test_print 3.32388
net matrix:
 -2.20003 -0.0999859 0.437334
outputs matrix:
 0.0121276 0.450173 0.705716
error matrix:
 -0.0121276 -0.450173 0.294284
delta matrix:
 -0.000290591 -0.222851 0.122234
weights_delta matrix:
 -1.42387e-05 -0.0109195 0.00598938
 -1.08993e-05 -0.00835857 0.00458469
 -2.04234e-05 -0.0156625 0.0085909
 -2.19685e-05 -0.0168474 0.00924083
 -2.90591e-05 -0.0222851 0.0122234
weights matrix:
 -1.05466 0.235352 -0.0642829
 1.98639 -2.62981 -0.626366
 -2.56093 1.0995 2.30783
 -2.1585 -1.15632 3.2335
 1.00332 0.817967 -3.33284
regression_error on 'test' 0.0760758
classification_error on 'test' 0.0789474
Save,4784,0.0760758,0.0789474
sample_count 75 Sample index 13
 i 0:0.420705 i 1:0.269205 i 2:0.491129 i 3:0.427485 bias 1
 test_print 2.60852
net matrix:
 -1.08611 0.254711 -1.01279
outputs matrix:
 0.102273 0.624671 0.116544
error matrix:
 -0.102273 0.375329 -0.116544
delta matrix:
 -0.0187801 0.175997 -0.0239991
weights_delta matrix:
 -0.000790089 0.00740429 -0.00100966
 -0.00050557 0.00473793 -0.000646068
 -0.000922346 0.00864373 -0.00117867
 -0.000802822 0.00752362 -0.00102593
 -0.00187801 0.0175997 -0.00239991
weights matrix:
 -1.05545 0.242756 -0.0652926
 1.98589 -2.62507 -0.627012
 -2.56185 1.10814 2.30665
 -2.1593 -1.14879 3.23247
 1.00144 0.835567 -3.33524
regression_error on 'test' 0.0764843
classification_error on 'test' 0.0789474
Save,4785,0.0764843,0.0789474
sample_count 75 Sample index 12
 i 0:0.166653 i 1:0.480944 i 2:0.128226 i 3:0.135476 bias 1
 test_print 1.9113
net matrix:
 1.15962 -0.400029 -2.91398
outputs matrix:
 0.910457 0.310013 0.00293543
error matrix:
 0.0895425 -0.310013 -0.00293543
delta matrix:
 0.0145998 -0.132627 -1.71829e-05
weights_delta matrix:
 0.000243311 -0.00221026 -2.86359e-07
 0.000702171 -0.00637859 -8.26403e-07
 0.000187208 -0.00170062 -2.2033e-07
 0.000197793 -0.00179677 -2.32787e-07
 0.00145998 -0.0132627 -1.71829e-06
weights matrix:
 -1.05521 0.240546 -0.0652929
 1.98659 -2.63145 -0.627013
 -2.56167 1.10644 2.30665
 -2.1591 -1.15059 3.23247
 1.0029 0.822304 -3.33524
regression_error on 'test' 0.0762723
classification_error on 'test' 0.0789474
Save,4786,0.0762723,0.0789474
sample_count 75 Sample index 62
 i 0:0.582374 i 1:0.622103 i 2:0.748185 i 3:0.901998 bias 1
 test_print 3.85466
net matrix:
 -2.23987 -0.884647 0.878159
outputs matrix:
 0.0112093 0.14563 0.852748
error matrix:
 -0.0112093 -0.14563 0.147252
delta matrix:
 -0.000248481 -0.0362392 0.0369806
weights_delta matrix:
 -1.44709e-05 -0.00211047 0.00215365
 -1.54581e-05 -0.00225445 0.00230057
 -1.8591e-05 -0.00271136 0.00276683
 -2.24129e-05 -0.00326877 0.00333564
 -2.48481e-05 -0.00362392 0.00369806
weights matrix:
 -1.05522 0.238435 -0.0631392
 1.98657 -2.6337 -0.624712
 -2.56168 1.10373 2.30942
 -2.15912 -1.15386 3.23581
 1.00288 0.818681 -3.33154
regression_error on 'test' 0.0761552
classification_error on 'test' 0.0789474
Save,4787,0.0761552,0.0789474
sample_count 75 Sample index 58
 i 0:0.282131 i 1:0.516233 i 2:0.158468 i 3:0.0989754 bias 1
 test_print 2.05581
net matrix:
 1.11105 -0.412951 -2.98562
outputs matrix:
 0.902217 0.304512 0.0025446
error matrix:
 0.0977827 -0.304512 -0.0025446
delta matrix:
 0.017253 -0.128982 -1.2917e-05
weights_delta matrix:
 0.000486761 -0.00363898 -3.64429e-07
 0.000890658 -0.00665847 -6.6682e-07
 0.000273405 -0.00204395 -2.04694e-07
 0.000170763 -0.0012766 -1.27847e-07
 0.0017253 -0.0128982 -1.2917e-06
weights matrix:
 -1.05474 0.234796 -0.0631396
 1.98746 -2.64036 -0.624713
 -2.56141 1.10169 2.30942
 -2.15895 -1.15514 3.23581
 1.0046 0.805782 -3.33154
regression_error on 'test' 0.075994
classification_error on 'test' 0.105263
Save,4788,0.075994,0.105263
sample_count 75 Sample index 58
 i 0:0.282131 i 1:0.516233 i 2:0.158468 i 3:0.0989754 bias 1
 test_print 2.05581
net matrix:
 1.11344 -0.430764 -2.98562
outputs matrix:
 0.902637 0.29702 0.00254459
error matrix:
 0.0973631 -0.29702 -0.00254459
delta matrix:
 0.0171132 -0.124035 -1.29169e-05
weights_delta matrix:
 0.000482817 -0.00349942 -3.64427e-07
 0.000883441 -0.00640311 -6.66815e-07
 0.00027119 -0.00196556 -2.04692e-07
 0.000169379 -0.00122764 -1.27846e-07
 0.00171132 -0.0124035 -1.29169e-06
weights matrix:
 -1.05425 0.231297 -0.06314
 1.98835 -2.64676 -0.624714
 -2.56114 1.09972 2.30942
 -2.15878 -1.15636 3.23581
 1.00631 0.793379 -3.33154
regression_error on 'test' 0.0758759
classification_error on 'test' 0.105263
Save,4789,0.0758759,0.105263
sample_count 75 Sample index 31
 i 0:0.559279 i 1:0.339785 i 2:0.778427 i 3:0.573489 bias 1
 test_print 3.25098
net matrix:
 -2.1394 0.216298 0.0742917
outputs matrix:
 0.0136699 0.606493 0.537078
error matrix:
 -0.0136699 -0.606493 0.462922
delta matrix:
 -0.000368622 -0.28949 0.230188
weights_delta matrix:
 -2.06163e-05 -0.0161906 0.012874
 -1.25252e-05 -0.00983645 0.00782145
 -2.86945e-05 -0.0225347 0.0179185
 -2.11401e-05 -0.016602 0.013201
 -3.68622e-05 -0.028949 0.0230188
weights matrix:
 -1.05427 0.215106 -0.050266
 1.98833 -2.6566 -0.616892
 -2.56117 1.07719 2.32734
 -2.15881 -1.17297 3.24901
 1.00628 0.76443 -3.30852
regression_error on 'test' 0.0757107
classification_error on 'test' 0.157895
Save,4790,0.0757107,0.157895
sample_count 75 Sample index 56
 i 0:0.328323 i 1:0.727972 i 2:0.158468 i 3:0.208478 bias 1
 test_print 2.42324
net matrix:
 1.25166 -1.17271 -2.72795
outputs matrix:
 0.924374 0.0874298 0.00425285
error matrix:
 0.075626 -0.0874298 -0.00425285
delta matrix:
 0.0105735 -0.0139513 -3.60195e-05
weights_delta matrix:
 0.000347154 -0.000458054 -1.1826e-06
 0.000769724 -0.00101562 -2.62212e-06
 0.000167557 -0.000221084 -5.70795e-07
 0.000220435 -0.000290854 -7.50928e-07
 0.00105735 -0.00139513 -3.60195e-06
weights matrix:
 -1.05393 0.214648 -0.0502672
 1.9891 -2.65762 -0.616895
 -2.561 1.07696 2.32734
 -2.15859 -1.17326 3.24901
 1.00733 0.763035 -3.30853
regression_error on 'test' 0.0757113
classification_error on 'test' 0.157895
Save,4791,0.0757113,0.157895
sample_count 75 Sample index 54
 i 0:0.305227 i 1:0.622103 i 2:0.158468 i 3:0.135476 bias 1
 test_print 2.22127
net matrix:
 1.2248 -0.813043 -2.89867
outputs matrix:
 0.920532 0.164367 0.00302642
error matrix:
 0.0794678 -0.164367 -0.00302642
delta matrix:
 0.0116266 -0.0451519 -1.8263e-05
weights_delta matrix:
 0.000354874 -0.00137816 -5.57436e-07
 0.000723291 -0.00280891 -1.13615e-06
 0.000184244 -0.000715512 -2.8941e-07
 0.000157512 -0.000611699 -2.4742e-07
 0.00116266 -0.00451519 -1.8263e-06
weights matrix:
 -1.05357 0.21327 -0.0502678
 1.98983 -2.66042 -0.616896
 -2.56082 1.07625 2.32734
 -2.15843 -1.17387 3.24901
 1.0085 0.758519 -3.30853
regression_error on 'test' 0.0757196
classification_error on 'test' 0.157895
Save,4792,0.0757196,0.157895
sample_count 75 Sample index 61
 i 0:0.697853 i 1:0.480944 i 2:0.687702 i 3:0.682992 bias 1
 test_print 3.54949
net matrix:
 -2.00501 -0.433769 0.179261
outputs matrix:
 0.0178099 0.295767 0.588682
error matrix:
 -0.0178099 0.704233 -0.588682
delta matrix:
 -0.000623088 0.293368 -0.285082
weights_delta matrix:
 -4.34824e-05 0.0204728 -0.0198945
 -2.9967e-05 0.0141093 -0.0137108
 -4.28499e-05 0.020175 -0.0196051
 -4.25564e-05 0.0200368 -0.0194709
 -6.23088e-05 0.0293368 -0.0285082
weights matrix:
 -1.05361 0.233743 -0.0701623
 1.9898 -2.64632 -0.630607
 -2.56086 1.09642 2.30773
 -2.15847 -1.15383 3.22954
 1.00843 0.787856 -3.33704
regression_error on 'test' 0.0758689
classification_error on 'test' 0.105263
Save,4793,0.0758689,0.105263
sample_count 75 Sample index 7
 i 0:0.651661 i 1:0.410364 i 2:0.627218 i 3:0.60999 bias 1
 test_print 3.29923
net matrix:
 -1.78449 -0.161904 -0.224101
outputs matrix:
 0.0274121 0.419748 0.389789
error matrix:
 -0.0274121 0.580252 -0.389789
delta matrix:
 -0.00146165 0.282652 -0.185425
weights_delta matrix:
 -9.52501e-05 0.0184193 -0.0120834
 -5.99809e-05 0.011599 -0.00760918
 -9.16773e-05 0.0177284 -0.0116302
 -8.91592e-05 0.0172415 -0.0113107
 -0.000146165 0.0282652 -0.0185425
weights matrix:
 -1.05371 0.252162 -0.0822457
 1.98974 -2.63472 -0.638216
 -2.56095 1.11415 2.2961
 -2.15856 -1.13659 3.21823
 1.00829 0.816121 -3.35558
regression_error on 'test' 0.0766808
classification_error on 'test' 0.0789474
Save,4794,0.0766808,0.0789474
sample_count 75 Sample index 36
 i 0:0.744044 i 1:0.516233 i 2:0.702823 i 3:0.901998 bias 1
 test_print 3.8651
net matrix:
 -2.49546 -0.598536 0.770346
outputs matrix:
 0.00675344 0.231996 0.823565
error matrix:
 -0.00675344 -0.231996 0.176435
delta matrix:
 -9.06019e-05 -0.0826715 0.0512739
weights_delta matrix:
 -6.74118e-06 -0.00615112 0.003815
 -4.67717e-06 -0.00426778 0.00264693
 -6.36771e-06 -0.00581034 0.00360365
 -8.17227e-06 -0.00745695 0.00462489
 -9.06019e-06 -0.00826715 0.00512739
weights matrix:
 -1.05372 0.246011 -0.0784307
 1.98973 -2.63898 -0.635569
 -2.56096 1.10834 2.29971
 -2.15857 -1.14405 3.22285
 1.00828 0.807854 -3.35045
regression_error on 'test' 0.0763348
classification_error on 'test' 0.0789474
Save,4795,0.0763348,0.0789474
sample_count 75 Sample index 1
 i 0:0.582374 i 1:0.445654 i 2:0.581855 i 3:0.536988 bias 1
 test_print 3.14687
net matrix:
 -1.36788 -0.194394 -0.610644
outputs matrix:
 0.0608962 0.404009 0.22771
error matrix:
 -0.0608962 0.595991 -0.22771
delta matrix:
 -0.00696504 0.287012 -0.0800892
weights_delta matrix:
 -0.000405626 0.0167148 -0.00466419
 -0.0003104 0.0127908 -0.00356921
 -0.000405264 0.0167 -0.00466003
 -0.000374014 0.0154122 -0.00430069
 -0.000696504 0.0287012 -0.00800892
weights matrix:
 -1.05412 0.262726 -0.0830949
 1.98942 -2.62619 -0.639138
 -2.56136 1.12504 2.29505
 -2.15894 -1.12863 3.21855
 1.00758 0.836556 -3.35846
regression_error on 'test' 0.077331
classification_error on 'test' 0.0789474
Save,4796,0.077331,0.0789474
sample_count 75 Sample index 37
 i 0:0.720948 i 1:0.551523 i 2:0.82379 i 3:0.901998 bias 1
 test_print 3.99826
net matrix:
 -2.71256 -0.513667 1.0229
outputs matrix:
 0.00438522 0.263601 0.885522
error matrix:
 -0.00438522 -0.263601 0.114478
delta matrix:
 -3.82917e-05 -0.102338 0.0232101
weights_delta matrix:
 -2.76063e-06 -0.00737806 0.00167333
 -2.11187e-06 -0.0056442 0.00128009
 -3.15443e-06 -0.00843053 0.00191202
 -3.4539e-06 -0.0092309 0.00209354
 -3.82917e-06 -0.0102338 0.00232101
weights matrix:
 -1.05413 0.255348 -0.0814216
 1.98942 -2.63184 -0.637858
 -2.56137 1.11661 2.29696
 -2.15895 -1.13787 3.22065
 1.00758 0.826322 -3.35614
regression_error on 'test' 0.0768253
classification_error on 'test' 0.0789474
Save,4797,0.0768253,0.0789474
sample_count 75 Sample index 58
 i 0:0.282131 i 1:0.516233 i 2:0.158468 i 3:0.0989754 bias 1
 test_print 2.05581
net matrix:
 1.1176 -0.395952 -3.02564
outputs matrix:
 0.903367 0.31176 0.00234933
error matrix:
 0.0966332 -0.31176 -0.00234933
delta matrix:
 0.0168712 -0.133786 -1.10127e-05
weights_delta matrix:
 0.000475989 -0.00377452 -3.10703e-07
 0.000870948 -0.00690648 -5.68514e-07
 0.000267355 -0.00212008 -1.74517e-07
 0.000166984 -0.00132415 -1.08999e-07
 0.00168712 -0.0133786 -1.10127e-06
weights matrix:
 -1.05365 0.251573 -0.0814219
 1.99029 -2.63874 -0.637859
 -2.5611 1.11449 2.29696
 -2.15878 -1.13919 3.22065
 1.00926 0.812943 -3.35614
regression_error on 'test' 0.0765851
classification_error on 'test' 0.0789474
Save,4798,0.0765851,0.0789474
sample_count 75 Sample index 64
 i 0:0.282131 i 1:0.516233 i 2:0.158468 i 3:0.0989754 bias 1
 test_print 2.05581
net matrix:
 1.11993 -0.414428 -3.02564
outputs matrix:
 0.903773 0.303887 0.00234932
error matrix:
 0.0962271 -0.303887 -0.00234932
delta matrix:
 0.0167373 -0.128568 -1.10127e-05
weights_delta matrix:
 0.00047221 -0.00362731 -3.10701e-07
 0.000864033 -0.00663713 -5.6851e-07
 0.000265232 -0.0020374 -1.74515e-07
 0.000165658 -0.00127251 -1.08998e-07
 0.00167373 -0.0128568 -1.10127e-06
weights matrix:
 -1.05318 0.247946 -0.0814222
 1.99116 -2.64538 -0.637859
 -2.56083 1.11245 2.29696
 -2.15861 -1.14046 3.22065
 1.01094 0.800086 -3.35614
regression_error on 'test' 0.076396
classification_error on 'test' 0.0789474
Save,4799,0.076396,0.0789474
sample_count 75 Sample index 60
 i 0:0.559279 i 1:0.410364 i 2:0.536492 i 3:0.536988 bias 1
 test_print 3.04312
net matrix:
 -1.294 -0.162404 -0.701688
outputs matrix:
 0.0699149 0.419505 0.197281
error matrix:
 -0.0699149 0.580495 -0.197281
delta matrix:
 -0.00909268 0.282725 -0.0624833
weights_delta matrix:
 -0.000508535 0.0158122 -0.00349456
 -0.000373131 0.011602 -0.00256409
 -0.000487815 0.015168 -0.00335218
 -0.000488266 0.015182 -0.00335528
 -0.000909268 0.0282725 -0.00624833
weights matrix:
 -1.05369 0.263758 -0.0849167
 1.99078 -2.63378 -0.640423
 -2.56132 1.12762 2.29361
 -2.1591 -1.12528 3.21729
 1.01003 0.828359 -3.36239
regression_error on 'test' 0.0773062
classification_error on 'test' 0.0789474
Save,4800,0.0773062,0.0789474
sample_count 75 Sample index 62
 i 0:0.582374 i 1:0.622103 i 2:0.748185 i 3:0.901998 bias 1
 test_print 3.85466
net matrix:
 -2.22899 -0.827848 0.807777
outputs matrix:
 0.0114532 0.160341 0.834181
error matrix:
 -0.0114532 -0.160341 0.165819
delta matrix:
 -0.000259345 -0.0431738 0.0458732
weights_delta matrix:
 -1.51036e-05 -0.00251433 0.00267154
 -1.61339e-05 -0.00268586 0.00285379
 -1.94038e-05 -0.0032302 0.00343216
 -2.33929e-05 -0.00389427 0.00413775
 -2.59345e-05 -0.00431738 0.00458732
weights matrix:
 -1.0537 0.261244 -0.0822452
 1.99077 -2.63646 -0.63757
 -2.56134 1.12439 2.29704
 -2.15912 -1.12917 3.22143
 1.01 0.824041 -3.3578
regression_error on 'test' 0.0770438
classification_error on 'test' 0.0526316
Save,4801,0.0770438,0.0526316
sample_count 75 Sample index 52
 i 0:0.443801 i 1:0.410364 i 2:0.672581 i 3:0.792495 bias 1
 test_print 3.31924
net matrix:
 -2.0745 -0.280549 0.441969
outputs matrix:
 0.0155352 0.363293 0.707638
error matrix:
 -0.0155352 -0.363293 0.292362
delta matrix:
 -0.000475185 -0.168068 0.120972
weights_delta matrix:
 -2.10887e-05 -0.00745886 0.00536873
 -1.94999e-05 -0.00689689 0.00496424
 -3.196e-05 -0.0113039 0.00813632
 -3.76581e-05 -0.0133193 0.00958694
 -4.75185e-05 -0.0168068 0.0120972
weights matrix:
 -1.05372 0.253785 -0.0768765
 1.99075 -2.64336 -0.632605
 -2.56137 1.11309 2.30517
 -2.15916 -1.14249 3.23102
 1.00996 0.807235 -3.34571
regression_error on 'test' 0.0763761
classification_error on 'test' 0.0789474
Save,4802,0.0763761,0.0789474
sample_count 75 Sample index 65
 i 0:0.928809 i 1:0.410364 i 2:0.944758 i 3:0.792495 bias 1
 test_print 4.07643
net matrix:
 -3.28282 0.10439 1.06169
outputs matrix:
 0.00140594 0.552006 0.893154
error matrix:
 -0.00140594 -0.552006 0.106846
delta matrix:
 -3.94776e-06 -0.273017 0.0203926
weights_delta matrix:
 -3.66672e-07 -0.0253581 0.00189408
 -1.62002e-07 -0.0112036 0.000836838
 -3.72968e-07 -0.0257935 0.0019266
 -3.12858e-07 -0.0216365 0.0016161
 -3.94776e-07 -0.0273017 0.00203926
weights matrix:
 -1.05372 0.228427 -0.0749824
 1.99075 -2.65457 -0.631768
 -2.56137 1.08729 2.3071
 -2.15916 -1.16413 3.23263
 1.00996 0.779933 -3.34367
regression_error on 'test' 0.075692
classification_error on 'test' 0.105263
Save,4803,0.075692,0.105263
sample_count 75 Sample index 53
 i 0:0.489992 i 1:0.410364 i 2:0.702823 i 3:0.938499 bias 1
 test_print 3.54168
net matrix:
 -2.51599 -0.525837 1.01564
outputs matrix:
 0.00648353 0.258904 0.884043
error matrix:
 -0.00648353 -0.258904 0.115957
delta matrix:
 -8.35272e-05 -0.099353 0.0237739
weights_delta matrix:
 -4.09276e-06 -0.00486822 0.0011649
 -3.42765e-06 -0.00407709 0.000975595
 -5.87048e-06 -0.00698276 0.00167088
 -7.83902e-06 -0.00932427 0.00223118
 -8.35272e-06 -0.0099353 0.00237739
weights matrix:
 -1.05373 0.223559 -0.0738175
 1.99074 -2.65864 -0.630793
 -2.56138 1.08031 2.30877
 -2.15917 -1.17345 3.23486
 1.00995 0.769998 -3.34129
regression_error on 'test' 0.0755868
classification_error on 'test' 0.105263
Save,4804,0.0755868,0.105263
sample_count 75 Sample index 58
 i 0:0.282131 i 1:0.516233 i 2:0.158468 i 3:0.0989754 bias 1
 test_print 2.05581
net matrix:
 1.12074 -0.484357 -3.00171
outputs matrix:
 0.903914 0.275137 0.00246418
error matrix:
 0.0960862 -0.275137 -0.00246418
delta matrix:
 0.0166909 -0.109745 -1.21144e-05
weights_delta matrix:
 0.000470902 -0.00309624 -3.41785e-07
 0.000861639 -0.00566539 -6.25386e-07
 0.000264497 -0.0017391 -1.91975e-07
 0.000165199 -0.0010862 -1.19903e-07
 0.00166909 -0.0109745 -1.21144e-06
weights matrix:
 -1.05326 0.220462 -0.0738178
 1.9916 -2.66431 -0.630794
 -2.56111 1.07857 2.30877
 -2.159 -1.17454 3.23486
 1.01162 0.759023 -3.34129
regression_error on 'test' 0.0755961
classification_error on 'test' 0.157895
Save,4805,0.0755961,0.157895
sample_count 75 Sample index 20
 i 0:0.489992 i 1:0.375074 i 2:0.521371 i 3:0.500487 bias 1
 test_print 2.88692
net matrix:
 -1.17332 -0.157771 -0.791323
outputs matrix:
 0.0873338 0.421763 0.170421
error matrix:
 -0.0873338 0.578237 -0.170421
delta matrix:
 -0.0139222 0.28204 -0.0481874
weights_delta matrix:
 -0.000682175 0.0138197 -0.00236115
 -0.000522184 0.0105786 -0.00180739
 -0.000725861 0.0147047 -0.00251235
 -0.000696786 0.0141157 -0.00241172
 -0.00139222 0.028204 -0.00481874
weights matrix:
 -1.05394 0.234282 -0.076179
 1.99108 -2.65373 -0.632601
 -2.56184 1.09328 2.30626
 -2.1597 -1.16042 3.23245
 1.01022 0.787227 -3.34611
regression_error on 'test' 0.0757946
classification_error on 'test' 0.105263
Save,4806,0.0757946,0.105263
sample_count 75 Sample index 66
 i 0:0.60547 i 1:0.304495 i 2:0.672581 i 3:0.60999 bias 1
 test_print 3.19254
net matrix:
 -2.06207 0.1485 -0.0619499
outputs matrix:
 0.0159198 0.573709 0.469065
error matrix:
 -0.0159198 0.426291 -0.469065
delta matrix:
 -0.000498813 0.208513 -0.233635
weights_delta matrix:
 -3.02016e-05 0.0126249 -0.0141459
 -1.51886e-05 0.00634913 -0.00711405
 -3.35492e-05 0.0140242 -0.0157138
 -3.04271e-05 0.0127191 -0.0142515
 -4.98813e-05 0.0208513 -0.0233635
weights matrix:
 -1.05397 0.246907 -0.0903248
 1.99107 -2.64738 -0.639715
 -2.56187 1.1073 2.29055
 -2.15973 -1.14771 3.2182
 1.01017 0.808078 -3.36947
regression_error on 'test' 0.0764648
classification_error on 'test' 0.0789474
Save,4807,0.0764648,0.0789474
sample_count 75 Sample index 12
 i 0:0.166653 i 1:0.480944 i 2:0.128226 i 3:0.135476 bias 1
 test_print 1.9113
net matrix:
 1.17103 -0.437517 -2.9625
outputs matrix:
 0.912301 0.294208 0.0026647
error matrix:
 0.0876993 -0.294208 -0.0026647
delta matrix:
 0.0140333 -0.122184 -1.41634e-05
weights_delta matrix:
 0.000233869 -0.00203624 -2.36037e-07
 0.000674923 -0.00587638 -6.8118e-07
 0.000179943 -0.00156672 -1.81612e-07
 0.000190118 -0.0016553 -1.9188e-07
 0.00140333 -0.0122184 -1.41634e-06
weights matrix:
 -1.05373 0.244871 -0.0903251
 1.99174 -2.65326 -0.639716
 -2.56169 1.10573 2.29055
 -2.15954 -1.14936 3.2182
 1.01158 0.79586 -3.36948
regression_error on 'test' 0.0763334
classification_error on 'test' 0.0789474
Save,4808,0.0763334,0.0789474
sample_count 75 Sample index 32
 i 0:0.697853 i 1:0.516233 i 2:0.642339 i 3:0.60999 bias 1
 test_print 3.46642
net matrix:
 -1.65835 -0.393797 -0.328376
outputs matrix:
 0.035003 0.312685 0.34147
error matrix:
 -0.035003 0.687315 -0.34147
delta matrix:
 -0.00236465 0.295426 -0.153571
weights_delta matrix:
 -0.000165017 0.0206164 -0.010717
 -0.000122071 0.0152509 -0.00792786
 -0.00015189 0.0189764 -0.00986448
 -0.000144241 0.0180207 -0.0093677
 -0.000236465 0.0295426 -0.0153571
weights matrix:
 -1.0539 0.265487 -0.101042
 1.99162 -2.63801 -0.647643
 -2.56185 1.12471 2.28068
 -2.15969 -1.13134 3.20883
 1.01134 0.825403 -3.38483
regression_error on 'test' 0.0775507
classification_error on 'test' 0.0789474
Save,4809,0.0775507,0.0789474
sample_count 75 Sample index 49
 i 0:0.397609 i 1:0.480944 i 2:0.612097 i 3:0.60999 bias 1
 test_print 3.10064
net matrix:
 -1.33533 -0.339445 -0.383135
outputs matrix:
 0.0647275 0.336509 0.317286
error matrix:
 -0.0647275 0.663491 -0.317286
delta matrix:
 -0.00783692 0.296276 -0.137458
weights_delta matrix:
 -0.000311603 0.0117802 -0.00546547
 -0.000376912 0.0142492 -0.00661098
 -0.000479695 0.018135 -0.00841379
 -0.000478044 0.0180726 -0.00838483
 -0.000783692 0.0296276 -0.0137458
weights matrix:
 -1.05421 0.277267 -0.106508
 1.99124 -2.62376 -0.654254
 -2.56233 1.14285 2.27227
 -2.16016 -1.11327 3.20045
 1.01056 0.85503 -3.39858
regression_error on 'test' 0.0791824
classification_error on 'test' 0.0789474
Save,4810,0.0791824,0.0789474
sample_count 75 Sample index 39
 i 0:0.397609 i 1:0.622103 i 2:0.18871 i 3:0.135476 bias 1
 test_print 2.3439
net matrix:
 1.05396 -0.602127 -2.98556
outputs matrix:
 0.891672 0.230719 0.0025449
error matrix:
 0.108328 -0.230719 -0.0025449
delta matrix:
 0.0209276 -0.0818997 -1.29201e-05
weights_delta matrix:
 0.000832101 -0.00325641 -5.13714e-07
 0.00130191 -0.00509501 -8.03762e-07
 0.000394925 -0.00154553 -2.43815e-07
 0.000283519 -0.00110954 -1.75036e-07
 0.00209276 -0.00818997 -1.29201e-06
weights matrix:
 -1.05338 0.274011 -0.106508
 1.99254 -2.62885 -0.654255
 -2.56193 1.1413 2.27227
 -2.15988 -1.11438 3.20045
 1.01265 0.84684 -3.39858
regression_error on 'test' 0.0788975
classification_error on 'test' 0.0789474
Save,4811,0.0788975,0.0789474
sample_count 75 Sample index 74
 i 0:0.443801 i 1:0.480944 i 2:0.551613 i 3:0.536988 bias 1
 test_print 3.01335
net matrix:
 -1.06956 -0.264735 -0.788495
outputs matrix:
 0.105352 0.370641 0.171222
error matrix:
 -0.105352 0.629359 -0.171222
delta matrix:
 -0.0198594 0.293616 -0.0485946
weights_delta matrix:
 -0.000881364 0.0130307 -0.00215663
 -0.000955128 0.0141213 -0.00233713
 -0.00109547 0.0161963 -0.00268054
 -0.00106643 0.0157669 -0.00260947
 -0.00198594 0.0293616 -0.00485946
weights matrix:
 -1.05426 0.287042 -0.108665
 1.99159 -2.61473 -0.656592
 -2.56303 1.1575 2.26959
 -2.16095 -1.09861 3.19784
 1.01066 0.876202 -3.40344
regression_error on 'test' 0.0805954
classification_error on 'test' 0.0789474
Save,4812,0.0805954,0.0789474
sample_count 75 Sample index 26
 i 0:0.489992 i 1:0.339785 i 2:0.536492 i 3:0.500487 bias 1
 test_print 2.86676
net matrix:
 -1.28577 0.199551 -0.861694
outputs matrix:
 0.0709925 0.598472 0.151435
error matrix:
 -0.0709925 0.401528 -0.151435
delta matrix:
 -0.00936427 0.192977 -0.0389197
weights_delta matrix:
 -0.000458842 0.00945572 -0.00190703
 -0.000318184 0.00655707 -0.00132243
 -0.000502386 0.0103531 -0.00208801
 -0.00046867 0.00965825 -0.00194788
 -0.000936427 0.0192977 -0.00389197
weights matrix:
 -1.05472 0.296497 -0.110572
 1.99127 -2.60817 -0.657915
 -2.56353 1.16785 2.2675
 -2.16142 -1.08895 3.19589
 1.00973 0.8955 -3.40733
regression_error on 'test' 0.0819396
classification_error on 'test' 0.0789474
Save,4813,0.0819396,0.0789474
sample_count 75 Sample index 59
 i 0:0.60547 i 1:0.233915 i 2:0.596976 i 3:0.536988 bias 1
 test_print 2.97335
net matrix:
 -1.8541 0.577353 -0.558379
outputs matrix:
 0.0239345 0.760369 0.246613
error matrix:
 -0.0239345 0.239631 -0.246613
delta matrix:
 -0.0011183 0.0873251 -0.0916389
weights_delta matrix:
 -6.77097e-05 0.00528727 -0.00554846
 -2.61587e-05 0.00204267 -0.00214357
 -6.67599e-05 0.0052131 -0.00547062
 -6.00514e-05 0.00468925 -0.0049209
 -0.00011183 0.00873251 -0.00916389
weights matrix:
 -1.05479 0.301785 -0.11612
 1.99125 -2.60613 -0.660058
 -2.56359 1.17306 2.26203
 -2.16148 -1.08426 3.19097
 1.00962 0.904232 -3.4165
regression_error on 'test' 0.0829151
classification_error on 'test' 0.105263
Save,4814,0.0829151,0.105263
sample_count 75 Sample index 7
 i 0:0.651661 i 1:0.410364 i 2:0.627218 i 3:0.60999 bias 1
 test_print 3.29923
net matrix:
 -1.78702 0.105808 -0.397787
outputs matrix:
 0.0272772 0.552707 0.310973
error matrix:
 -0.0272772 0.447293 -0.310973
delta matrix:
 -0.0014475 0.221161 -0.133264
weights_delta matrix:
 -9.43281e-05 0.0144122 -0.00868427
 -5.94003e-05 0.00907566 -0.00546866
 -9.079e-05 0.0138716 -0.00835853
 -8.82962e-05 0.0134906 -0.00812894
 -0.00014475 0.0221161 -0.0133264
weights matrix:
 -1.05488 0.316197 -0.124804
 1.99119 -2.59705 -0.665527
 -2.56369 1.18693 2.25367
 -2.16156 -1.07077 3.18284
 1.00947 0.926348 -3.42982
regression_error on 'test' 0.0854779
classification_error on 'test' 0.0789474
Save,4815,0.0854779,0.0789474
sample_count 75 Sample index 16
 i 0:0.60547 i 1:0.304495 i 2:0.687702 i 3:0.755994 bias 1
 test_print 3.35366
net matrix:
 -2.4201 0.333765 0.248023
outputs matrix:
 0.00784342 0.66095 0.62153
error matrix:
 -0.00784342 -0.66095 0.37847
delta matrix:
 -0.000122073 -0.296231 0.178055
weights_delta matrix:
 -7.39118e-06 -0.0179359 0.0107807
 -3.71708e-06 -0.0090201 0.0054217
 -8.39502e-06 -0.0203719 0.0122449
 -9.22868e-06 -0.0223949 0.0134609
 -1.22073e-05 -0.0296231 0.0178055
weights matrix:
 -1.05489 0.298261 -0.114024
 1.99118 -2.60607 -0.660105
 -2.56369 1.16656 2.26591
 -2.16157 -1.09317 3.1963
 1.00946 0.896725 -3.41202
regression_error on 'test' 0.0820317
classification_error on 'test' 0.105263
Save,4816,0.0820317,0.105263
sample_count 75 Sample index 71
 i 0:0.143558 i 1:0.480944 i 2:0.0979839 i 3:0.0989754 bias 1
 test_print 1.82146
net matrix:
 1.35052 -0.307726 -3.20748
outputs matrix:
 0.937089 0.350817 0.00163421
error matrix:
 0.0629114 -0.350817 -0.00163421
delta matrix:
 0.00741771 -0.159793 -5.33254e-06
weights_delta matrix:
 0.000106487 -0.00229396 -7.65529e-08
 0.00035675 -0.00768515 -2.56465e-07
 7.26816e-05 -0.00156571 -5.22503e-08
 7.34171e-05 -0.00158156 -5.27791e-08
 0.000741771 -0.0159793 -5.33254e-07
weights matrix:
 -1.05478 0.295967 -0.114024
 1.99154 -2.61376 -0.660106
 -2.56362 1.165 2.26591
 -2.1615 -1.09475 3.1963
 1.0102 0.880746 -3.41202
regression_error on 'test' 0.0813708
classification_error on 'test' 0.0789474
Save,4817,0.0813708,0.0789474
sample_count 75 Sample index 46
 i 0:0.928809 i 1:0.480944 i 2:0.854032 i 3:0.901998 bias 1
 test_print 4.16578
net matrix:
 -3.15075 -0.0939464 0.982822
outputs matrix:
 0.00183018 0.453165 0.877143
error matrix:
 -0.00183018 -0.453165 0.122857
delta matrix:
 -6.68685e-06 -0.224594 0.0264791
weights_delta matrix:
 -6.21081e-07 -0.0208605 0.0024594
 -3.216e-07 -0.0108017 0.0012735
 -5.71079e-07 -0.0191811 0.0022614
 -6.03153e-07 -0.0202583 0.00238841
 -6.68685e-07 -0.0224594 0.00264791
weights matrix:
 -1.05478 0.275107 -0.111564
 1.99154 -2.62456 -0.658832
 -2.56362 1.14582 2.26818
 -2.1615 -1.11501 3.19869
 1.0102 0.858286 -3.40937
regression_error on 'test' 0.0794932
classification_error on 'test' 0.0789474
Save,4818,0.0794932,0.0789474
sample_count 75 Sample index 52
 i 0:0.443801 i 1:0.410364 i 2:0.672581 i 3:0.792495 bias 1
 test_print 3.31924
net matrix:
 -2.07788 -0.209631 0.331234
outputs matrix:
 0.015432 0.396694 0.659815
error matrix:
 -0.015432 -0.396694 0.340185
delta matrix:
 -0.000468943 -0.18988 0.152716
weights_delta matrix:
 -2.08118e-05 -0.00842688 0.00677753
 -1.92437e-05 -0.00779197 0.0062669
 -3.15402e-05 -0.0127709 0.0102714
 -3.71635e-05 -0.0150479 0.0121026
 -4.68943e-05 -0.018988 0.0152716
weights matrix:
 -1.0548 0.26668 -0.104787
 1.99152 -2.63235 -0.652565
 -2.56365 1.13304 2.27845
 -2.16154 -1.13005 3.21079
 1.01015 0.839298 -3.3941
regression_error on 'test' 0.0780392
classification_error on 'test' 0.0789474
Save,4819,0.0780392,0.0789474
sample_count 75 Sample index 31
 i 0:0.559279 i 1:0.339785 i 2:0.778427 i 3:0.573489 bias 1
 test_print 3.25098
net matrix:
 -2.13832 0.327931 -0.0594764
outputs matrix:
 0.0136989 0.65833 0.470297
error matrix:
 -0.0136989 -0.65833 0.529703
delta matrix:
 -0.000370178 -0.296158 0.263917
weights_delta matrix:
 -2.07033e-05 -0.0165635 0.0147603
 -1.25781e-05 -0.010063 0.0089675
 -2.88157e-05 -0.0230538 0.020544
 -2.12293e-05 -0.0169844 0.0151353
 -3.70178e-05 -0.0296158 0.0263917
weights matrix:
 -1.05482 0.250116 -0.0900266
 1.99151 -2.64242 -0.643598
 -2.56368 1.10999 2.29899
 -2.16156 -1.14704 3.22593
 1.01012 0.809683 -3.36771
regression_error on 'test' 0.076433
classification_error on 'test' 0.0789474
Save,4820,0.076433,0.0789474
sample_count 75 Sample index 2
 i 0:0.466896 i 1:0.480944 i 2:0.566734 i 3:0.500487 bias 1
 test_print 3.01506
net matrix:
 -1.05933 -0.289402 -0.801823
outputs matrix:
 0.107296 0.359208 0.167473
error matrix:
 -0.107296 0.640792 -0.167473
delta matrix:
 -0.0205544 0.294992 -0.0467
weights_delta matrix:
 -0.000959676 0.0137731 -0.0021804
 -0.000988551 0.0141875 -0.00224601
 -0.00116489 0.0167182 -0.00264665
 -0.00102872 0.014764 -0.00233727
 -0.00205544 0.0294992 -0.00467
weights matrix:
 -1.05578 0.263889 -0.092207
 1.99052 -2.62823 -0.645844
 -2.56485 1.12671 2.29634
 -2.16259 -1.13228 3.22359
 1.00806 0.839182 -3.37238
regression_error on 'test' 0.0773979
classification_error on 'test' 0.0789474
Save,4821,0.0773979,0.0789474
sample_count 75 Sample index 33
 i 0:0.559279 i 1:0.480944 i 2:0.672581 i 3:0.719493 bias 1
 test_print 3.4323
net matrix:
 -1.90612 -0.334123 0.129268
outputs matrix:
 0.0216207 0.33889 0.564276
error matrix:
 -0.0216207 -0.33889 0.435724
delta matrix:
 -0.000914695 -0.151852 0.214262
weights_delta matrix:
 -5.1157e-05 -0.00849277 0.0119832
 -4.39917e-05 -0.00730324 0.0103048
 -6.15206e-05 -0.0102133 0.0144108
 -6.58117e-05 -0.0109257 0.015416
 -9.14695e-05 -0.0151852 0.0214262
weights matrix:
 -1.05583 0.255396 -0.0802238
 1.99047 -2.63553 -0.635539
 -2.56491 1.1165 2.31075
 -2.16265 -1.1432 3.23901
 1.00797 0.823997 -3.35095
regression_error on 'test' 0.076556
classification_error on 'test' 0.0789474
Save,4822,0.076556,0.0789474
sample_count 75 Sample index 10
 i 0:0.697853 i 1:0.304495 i 2:0.808669 i 3:0.719493 bias 1
 test_print 3.53051
net matrix:
 -2.75294 0.28007 0.598625
outputs matrix:
 0.00404641 0.636485 0.768035
error matrix:
 -0.00404641 -0.636485 0.231965
delta matrix:
 -3.26144e-05 -0.294529 0.0826523
weights_delta matrix:
 -2.276e-06 -0.0205538 0.00576792
 -9.93092e-07 -0.00896827 0.00251672
 -2.63742e-06 -0.0238177 0.00668384
 -2.34658e-06 -0.0211912 0.00594678
 -3.26144e-06 -0.0294529 0.00826523
weights matrix:
 -1.05584 0.234843 -0.0744559
 1.99047 -2.6445 -0.633022
 -2.56491 1.09268 2.31744
 -2.16266 -1.16439 3.24495
 1.00797 0.794544 -3.34268
regression_error on 'test' 0.0757205
classification_error on 'test' 0.105263
Save,4823,0.0757205,0.105263
sample_count 75 Sample index 40
 i 0:0.328323 i 1:0.763262 i 2:0.158468 i 3:0.171977 bias 1
 test_print 2.42203
net matrix:
 1.40218 -1.17389 -2.92499
outputs matrix:
 0.942911 0.0872419 0.00287166
error matrix:
 0.0570891 -0.0872419 -0.00287166
delta matrix:
 0.0061462 -0.0138943 -1.64455e-05
weights_delta matrix:
 0.000201794 -0.000456181 -5.39944e-07
 0.000469116 -0.0010605 -1.25522e-06
 9.73976e-05 -0.00022018 -2.60609e-07
 0.000105701 -0.000238949 -2.82825e-07
 0.00061462 -0.00138943 -1.64455e-06
weights matrix:
 -1.05563 0.234386 -0.0744564
 1.99094 -2.64556 -0.633023
 -2.56481 1.09246 2.31744
 -2.16255 -1.16463 3.24495
 1.00858 0.793154 -3.34269
regression_error on 'test' 0.0757087
classification_error on 'test' 0.105263
Save,4824,0.0757087,0.105263
sample_count 75 Sample index 18
 i 0:0.513088 i 1:0.480944 i 2:0.566734 i 3:0.60999 bias 1
 test_print 3.17076
net matrix:
 -1.34822 -0.450232 -0.392578
outputs matrix:
 0.0631834 0.288955 0.31321
error matrix:
 -0.0631834 0.711045 -0.31321
delta matrix:
 -0.00747982 0.292183 -0.134749
weights_delta matrix:
 -0.00038378 0.0149915 -0.00691379
 -0.000359737 0.0140523 -0.00648066
 -0.000423907 0.016559 -0.00763667
 -0.000456261 0.0178228 -0.00821953
 -0.000747982 0.0292183 -0.0134749
weights matrix:
 -1.05602 0.249378 -0.0813702
 1.99058 -2.63151 -0.639504
 -2.56524 1.10902 2.3098
 -2.16301 -1.14681 3.23673
 1.00783 0.822372 -3.35616
regression_error on 'test' 0.0763932
classification_error on 'test' 0.0789474
Save,4825,0.0763932,0.0789474
sample_count 75 Sample index 46
 i 0:0.928809 i 1:0.480944 i 2:0.854032 i 3:0.901998 bias 1
 test_print 4.16578
net matrix:
 -3.15747 -0.298894 1.15287
outputs matrix:
 0.0018058 0.35485 0.909351
error matrix:
 -0.0018058 -0.35485 0.0906492
delta matrix:
 -6.51007e-06 -0.162473 0.0149448
weights_delta matrix:
 -6.04661e-07 -0.0150906 0.00138808
 -3.13098e-07 -0.00781402 0.00071876
 -5.55981e-07 -0.0138757 0.00127633
 -5.87207e-07 -0.014655 0.00134802
 -6.51007e-07 -0.0162473 0.00149448
weights matrix:
 -1.05602 0.234287 -0.0799821
 1.99058 -2.63932 -0.638785
 -2.56524 1.09514 2.31108
 -2.16301 -1.16146 3.23808
 1.00783 0.806125 -3.35467
regression_error on 'test' 0.075853
classification_error on 'test' 0.0789474
Save,4826,0.075853,0.0789474
sample_count 75 Sample index 41
 i 0:0.674757 i 1:0.445654 i 2:0.627218 i 3:0.536988 bias 1
 test_print 3.28462
net matrix:
 -1.58809 -0.148812 -0.504952
outputs matrix:
 0.0400723 0.426138 0.266999
error matrix:
 -0.0400723 0.573862 -0.266999
delta matrix:
 -0.00308288 0.280669 -0.104509
weights_delta matrix:
 -0.00020802 0.0189384 -0.00705181
 -0.00013739 0.0125081 -0.00465748
 -0.000193364 0.0176041 -0.00655498
 -0.000165547 0.0150716 -0.005612
 -0.000308288 0.0280669 -0.0104509
weights matrix:
 -1.05623 0.253226 -0.0870339
 1.99045 -2.62681 -0.643443
 -2.56543 1.11275 2.30452
 -2.16317 -1.14639 3.23247
 1.00752 0.834192 -3.36512
regression_error on 'test' 0.0767014
classification_error on 'test' 0.0789474
Save,4827,0.0767014,0.0789474
sample_count 75 Sample index 55
 i 0:0.628566 i 1:0.551523 i 2:0.612097 i 3:0.60999 bias 1
 test_print 3.40218
net matrix:
 -1.44842 -0.473567 -0.392332
outputs matrix:
 0.0523104 0.279462 0.313315
error matrix:
 -0.0523104 0.720538 -0.313315
delta matrix:
 -0.00518648 0.290179 -0.134819
weights_delta matrix:
 -0.000326004 0.0182397 -0.00847426
 -0.000286046 0.0160041 -0.00743558
 -0.000317463 0.0177618 -0.00825223
 -0.00031637 0.0177006 -0.00822382
 -0.000518648 0.0290179 -0.0134819
weights matrix:
 -1.05655 0.271465 -0.0955082
 1.99016 -2.61081 -0.650878
 -2.56575 1.13051 2.29627
 -2.16349 -1.12869 3.22424
 1.007 0.86321 -3.3786
regression_error on 'test' 0.078183
classification_error on 'test' 0.0789474
Save,4828,0.078183,0.0789474
sample_count 75 Sample index 29
 i 0:0.420705 i 1:0.304495 i 2:0.536492 i 3:0.536988 bias 1
 test_print 2.79868
net matrix:
 -1.36977 0.182853 -0.653657
outputs matrix:
 0.06068 0.590421 0.212937
error matrix:
 -0.06068 0.409579 -0.212937
delta matrix:
 -0.00691728 0.198092 -0.071374
weights_delta matrix:
 -0.000291013 0.00833384 -0.00300274
 -0.000210628 0.00603181 -0.0021733
 -0.000371106 0.0106275 -0.00382916
 -0.00037145 0.0106373 -0.0038327
 -0.000691728 0.0198092 -0.0071374
weights matrix:
 -1.05684 0.279799 -0.0985109
 1.98995 -2.60478 -0.653052
 -2.56612 1.14113 2.29244
 -2.16386 -1.11805 3.22041
 1.00631 0.883019 -3.38574
regression_error on 'test' 0.0792997
classification_error on 'test' 0.0789474
Save,4829,0.0792997,0.0789474
sample_count 75 Sample index 30
 i 0:0.559279 i 1:0.410364 i 2:0.642339 i 3:0.500487 bias 1
 test_print 3.11247
net matrix:
 -1.49946 0.144021 -0.624521
outputs matrix:
 0.0474749 0.571517 0.222866
error matrix:
 -0.0474749 0.428483 -0.222866
delta matrix:
 -0.00429372 0.209858 -0.0771992
weights_delta matrix:
 -0.000240139 0.0117369 -0.00431759
 -0.000176199 0.00861183 -0.00316798
 -0.000275803 0.01348 -0.00495881
 -0.000214895 0.0105031 -0.00386372
 -0.000429372 0.0209858 -0.00771992
weights matrix:
 -1.05708 0.291536 -0.102829
 1.98977 -2.59617 -0.65622
 -2.5664 1.15461 2.28748
 -2.16408 -1.10755 3.21655
 1.00588 0.904005 -3.39346
regression_error on 'test' 0.080841
classification_error on 'test' 0.0789474
Save,4830,0.080841,0.0789474
sample_count 75 Sample index 17
 i 0:0.443801 i 1:0.304495 i 2:0.521371 i 3:0.463986 bias 1
 test_print 2.73365
net matrix:
 -1.19952 0.330964 -0.953847
outputs matrix:
 0.0832458 0.659693 0.12924
error matrix:
 -0.0832458 0.340307 -0.12924
delta matrix:
 -0.012706 0.152796 -0.0290886
weights_delta matrix:
 -0.000563891 0.00678112 -0.00129096
 -0.00038689 0.00465257 -0.000885735
 -0.000662452 0.00796636 -0.0015166
 -0.000589538 0.00708954 -0.00134967
 -0.0012706 0.0152796 -0.00290886
weights matrix:
 -1.05765 0.298317 -0.104119
 1.98939 -2.59151 -0.657105
 -2.56706 1.16258 2.28597
 -2.16466 -1.10046 3.2152
 1.00461 0.919285 -3.39637
regression_error on 'test' 0.0819354
classification_error on 'test' 0.0789474
Save,4831,0.0819354,0.0789474
sample_count 75 Sample index 16
 i 0:0.60547 i 1:0.304495 i 2:0.687702 i 3:0.755994 bias 1
 test_print 3.35366
net matrix:
 -2.43185 0.278371 0.343243
outputs matrix:
 0.00766271 0.635698 0.665185
error matrix:
 -0.00766271 -0.635698 0.334815
delta matrix:
 -0.000116534 -0.294438 0.149136
weights_delta matrix:
 -7.05581e-06 -0.0178273 0.00902975
 -3.54842e-06 -0.00896548 0.00454112
 -8.0141e-06 -0.0202485 0.0102561
 -8.80994e-06 -0.0222593 0.0112746
 -1.16534e-05 -0.0294438 0.0149136
weights matrix:
 -1.05766 0.28049 -0.0950897
 1.98938 -2.60048 -0.652564
 -2.56707 1.14233 2.29622
 -2.16467 -1.12272 3.22647
 1.0046 0.889841 -3.38145
regression_error on 'test' 0.0793211
classification_error on 'test' 0.0789474
Save,4832,0.0793211,0.0789474
sample_count 75 Sample index 60
 i 0:0.559279 i 1:0.410364 i 2:0.536492 i 3:0.536988 bias 1
 test_print 3.04312
net matrix:
 -1.31017 -0.0104654 -0.73794
outputs matrix:
 0.0678412 0.494768 0.186051
error matrix:
 -0.0678412 0.505232 -0.186051
delta matrix:
 -0.00858038 0.252589 -0.0563494
weights_delta matrix:
 -0.000479883 0.0141267 -0.0031515
 -0.000352108 0.0103653 -0.00231238
 -0.000460331 0.0135512 -0.0030231
 -0.000460756 0.0135637 -0.0030259
 -0.000858038 0.0252589 -0.00563494
weights matrix:
 -1.05814 0.294617 -0.0982412
 1.98903 -2.59011 -0.654877
 -2.56753 1.15588 2.2932
 -2.16513 -1.10916 3.22345
 1.00374 0.9151 -3.38709
regression_error on 'test' 0.0811087
classification_error on 'test' 0.0789474
Save,4833,0.0811087,0.0789474
sample_count 75 Sample index 8
 i 0:0.489992 i 1:0.375074 i 2:0.702823 i 3:0.755994 bias 1
 test_print 3.32388
net matrix:
 -2.21005 0.0618408 0.367769
outputs matrix:
 0.01189 0.530881 0.676019
error matrix:
 -0.01189 -0.530881 0.323981
delta matrix:
 -0.000279384 -0.264428 0.141915
weights_delta matrix:
 -1.36896e-05 -0.0129568 0.00695371
 -1.0479e-05 -0.00991801 0.00532285
 -1.96357e-05 -0.0185846 0.00997409
 -2.11212e-05 -0.0199906 0.0107287
 -2.79384e-05 -0.0264428 0.0141915
weights matrix:
 -1.05815 0.28166 -0.0912875
 1.98902 -2.60003 -0.649554
 -2.56755 1.1373 2.30317
 -2.16516 -1.12915 3.23418
 1.00372 0.888657 -3.3729
regression_error on 'test' 0.0789257
classification_error on 'test' 0.0789474
Save,4834,0.0789257,0.0789474
sample_count 75 Sample index 46
 i 0:0.928809 i 1:0.480944 i 2:0.854032 i 3:0.901998 bias 1
 test_print 4.16578
net matrix:
 -3.16823 -0.147404 1.11412
outputs matrix:
 0.00176743 0.426827 0.902757
error matrix:
 -0.00176743 -0.426827 0.0972428
delta matrix:
 -6.2366e-06 -0.208843 0.0170733
weights_delta matrix:
 -5.79261e-07 -0.0193975 0.00158578
 -2.99945e-07 -0.0100442 0.000821128
 -5.32625e-07 -0.0178359 0.00145811
 -5.6254e-07 -0.0188376 0.00154
 -6.2366e-07 -0.0208843 0.00170733
weights matrix:
 -1.05815 0.262263 -0.0897017
 1.98902 -2.61008 -0.648733
 -2.56755 1.11946 2.30463
 -2.16516 -1.14798 3.23572
 1.00371 0.867773 -3.37119
regression_error on 'test' 0.0774621
classification_error on 'test' 0.0789474
Save,4835,0.0774621,0.0789474
sample_count 75 Sample index 20
 i 0:0.489992 i 1:0.375074 i 2:0.521371 i 3:0.500487 bias 1
 test_print 2.88692
net matrix:
 -1.19102 0.0264114 -0.837462
outputs matrix:
 0.0845529 0.513203 0.157769
error matrix:
 -0.0845529 0.486797 -0.157769
delta matrix:
 -0.0130894 0.243229 -0.0419279
weights_delta matrix:
 -0.00064137 0.011918 -0.00205444
 -0.000490949 0.00912289 -0.00157261
 -0.000682443 0.0126813 -0.002186
 -0.000655108 0.0121733 -0.00209844
 -0.00130894 0.0243229 -0.00419279
weights matrix:
 -1.05879 0.274181 -0.0917562
 1.98853 -2.60095 -0.650305
 -2.56823 1.13214 2.30245
 -2.16581 -1.13581 3.23362
 1.00241 0.892096 -3.37538
regression_error on 'test' 0.0786698
classification_error on 'test' 0.0789474
Save,4836,0.0786698,0.0789474
sample_count 75 Sample index 28
 i 0:0.305227 i 1:0.551523 i 2:0.113105 i 3:0.135476 bias 1
 test_print 2.10533
net matrix:
 1.19206 -0.484527 -3.06355
outputs matrix:
 0.915608 0.275069 0.00217815
error matrix:
 0.084392 -0.275069 -0.00217815
delta matrix:
 0.0130419 -0.109701 -9.468e-06
weights_delta matrix:
 0.000398075 -0.00334837 -2.88989e-07
 0.000719292 -0.00605026 -5.22182e-07
 0.000147511 -0.00124077 -1.07088e-07
 0.000176687 -0.00148618 -1.28269e-07
 0.00130419 -0.0109701 -9.468e-07
weights matrix:
 -1.05839 0.270832 -0.0917565
 1.98925 -2.607 -0.650306
 -2.56808 1.1309 2.30245
 -2.16563 -1.1373 3.23362
 1.00371 0.881126 -3.37538
regression_error on 'test' 0.0782723
classification_error on 'test' 0.0789474
Save,4837,0.0782723,0.0789474
sample_count 75 Sample index 37
 i 0:0.720948 i 1:0.551523 i 2:0.82379 i 3:0.901998 bias 1
 test_print 3.99826
net matrix:
 -2.73118 -0.455655 1.01326
outputs matrix:
 0.00422561 0.286732 0.883553
error matrix:
 -0.00422561 -0.286732 0.116447
delta matrix:
 -3.55606e-05 -0.117283 0.0239619
weights_delta matrix:
 -2.56373e-06 -0.0084555 0.00172753
 -1.96125e-06 -0.00646843 0.00132155
 -2.92945e-06 -0.00966166 0.00197396
 -3.20756e-06 -0.0105789 0.00216136
 -3.55606e-06 -0.0117283 0.00239619
weights matrix:
 -1.0584 0.262377 -0.0900289
 1.98925 -2.61347 -0.648984
 -2.56809 1.12124 2.30442
 -2.16564 -1.14788 3.23578
 1.00371 0.869397 -3.37299
regression_error on 'test' 0.0775035
classification_error on 'test' 0.0789474
Save,4838,0.0775035,0.0789474
sample_count 75 Sample index 9
 i 0:0.351418 i 1:0.375074 i 2:0.521371 i 3:0.573489 bias 1
 test_print 2.82135
net matrix:
 -1.20301 -0.0923561 -0.590899
outputs matrix:
 0.0827143 0.453953 0.234729
error matrix:
 -0.0827143 0.546047 -0.234729
delta matrix:
 -0.0125515 0.270708 -0.0843293
weights_delta matrix:
 -0.000441083 0.00951317 -0.00296348
 -0.000470775 0.0101536 -0.00316297
 -0.000654399 0.0141139 -0.00439669
 -0.000719815 0.0155248 -0.00483619
 -0.00125515 0.0270708 -0.00843293
weights matrix:
 -1.05884 0.27189 -0.0929924
 1.98877 -2.60332 -0.652147
 -2.56874 1.13536 2.30002
 -2.16636 -1.13235 3.23094
 1.00245 0.896468 -3.38142
regression_error on 'test' 0.078908
classification_error on 'test' 0.0789474
Save,4839,0.078908,0.0789474
sample_count 75 Sample index 37
 i 0:0.720948 i 1:0.551523 i 2:0.82379 i 3:0.901998 bias 1
 test_print 3.99826
net matrix:
 -2.73421 -0.429388 1.0009
outputs matrix:
 0.00420016 0.297595 0.880987
error matrix:
 -0.00420016 -0.297595 0.119013
delta matrix:
 -3.51345e-05 -0.124414 0.0249568
weights_delta matrix:
 -2.53301e-06 -0.0089696 0.00179926
 -1.93775e-06 -0.00686171 0.00137643
 -2.89434e-06 -0.0102491 0.00205592
 -3.16912e-06 -0.0112221 0.0022511
 -3.51345e-06 -0.0124414 0.00249568
weights matrix:
 -1.05884 0.26292 -0.0911932
 1.98877 -2.61018 -0.650771
 -2.56874 1.12511 2.30208
 -2.16636 -1.14357 3.23319
 1.00245 0.884027 -3.37892
regression_error on 'test' 0.078001
classification_error on 'test' 0.0789474
Save,4840,0.078001,0.0789474
sample_count 75 Sample index 12
 i 0:0.166653 i 1:0.480944 i 2:0.128226 i 3:0.135476 bias 1
 test_print 1.9113
net matrix:
 1.15961 -0.338167 -2.9739
outputs matrix:
 0.910456 0.33708 0.00260479
error matrix:
 0.089544 -0.33708 -0.00260479
delta matrix:
 0.0146003 -0.150646 -1.35345e-05
weights_delta matrix:
 0.000243318 -0.00251056 -2.25556e-07
 0.000702193 -0.00724523 -6.50933e-07
 0.000187214 -0.00193167 -1.73547e-07
 0.000197799 -0.00204089 -1.8336e-07
 0.00146003 -0.0150646 -1.35345e-06
weights matrix:
 -1.0586 0.26041 -0.0911934
 1.98947 -2.61743 -0.650772
 -2.56856 1.12317 2.30208
 -2.16616 -1.14561 3.23319
 1.00391 0.868962 -3.37892
regression_error on 'test' 0.0775706
classification_error on 'test' 0.0789474
Save,4841,0.0775706,0.0789474
sample_count 75 Sample index 48
 i 0:0.744044 i 1:0.516233 i 2:0.748185 i 3:0.828996 bias 1
 test_print 3.83746
net matrix:
 -2.4742 -0.397851 0.619959
outputs matrix:
 0.00704482 0.310946 0.77555
error matrix:
 -0.00704482 -0.310946 0.22445
delta matrix:
 -9.85598e-05 -0.133246 0.0781411
weights_delta matrix:
 -7.33328e-06 -0.00991405 0.00581404
 -5.08798e-06 -0.00687857 0.0040339
 -7.3741e-06 -0.00996923 0.0058464
 -8.17057e-06 -0.011046 0.00647786
 -9.85598e-06 -0.0133246 0.00781411
weights matrix:
 -1.0586 0.250496 -0.0853793
 1.98947 -2.6243 -0.646738
 -2.56856 1.11321 2.30792
 -2.16617 -1.15666 3.23967
 1.0039 0.855637 -3.37111
regression_error on 'test' 0.0767809
classification_error on 'test' 0.0526316
Save,4842,0.0767809,0.0526316
sample_count 75 Sample index 37
 i 0:0.720948 i 1:0.551523 i 2:0.82379 i 3:0.901998 bias 1
 test_print 3.99826
net matrix:
 -2.7319 -0.53739 1.03407
outputs matrix:
 0.00421955 0.254495 0.887767
error matrix:
 -0.00421955 -0.254495 0.112233
delta matrix:
 -3.54589e-05 -0.0965693 0.0223649
weights_delta matrix:
 -2.5564e-06 -0.00696214 0.0016124
 -1.95564e-06 -0.00532602 0.00123348
 -2.92107e-06 -0.00795528 0.0018424
 -3.19838e-06 -0.00871053 0.00201731
 -3.54589e-06 -0.00965693 0.00223649
weights matrix:
 -1.05861 0.243533 -0.0837669
 1.98947 -2.62963 -0.645504
 -2.56857 1.10525 2.30977
 -2.16617 -1.16537 3.24169
 1.00389 0.845981 -3.36887
regression_error on 'test' 0.0763385
classification_error on 'test' 0.0789474
Save,4843,0.0763385,0.0789474
sample_count 75 Sample index 15
 i 0:0.720948 i 1:0.410364 i 2:0.65746 i 3:0.573489 bias 1
 test_print 3.36226
net matrix:
 -1.87391 0.000780165 -0.316504
outputs matrix:
 0.0230266 0.50039 0.346829
error matrix:
 -0.0230266 0.49961 -0.346829
delta matrix:
 -0.00103603 0.249805 -0.15714
weights_delta matrix:
 -7.46922e-05 0.0180096 -0.011329
 -4.25148e-05 0.0102511 -0.00644846
 -6.81147e-05 0.0164237 -0.0103313
 -5.9415e-05 0.014326 -0.00901181
 -0.000103603 0.0249805 -0.015714
weights matrix:
 -1.05868 0.261543 -0.0950959
 1.98943 -2.61938 -0.651953
 -2.56863 1.12167 2.29944
 -2.16623 -1.15105 3.23268
 1.00379 0.870961 -3.38459
regression_error on 'test' 0.0775705
classification_error on 'test' 0.0789474
Save,4844,0.0775705,0.0789474
sample_count 75 Sample index 32
 i 0:0.697853 i 1:0.516233 i 2:0.642339 i 3:0.60999 bias 1
 test_print 3.46642
net matrix:
 -1.67932 -0.280362 -0.338592
outputs matrix:
 0.0336134 0.36338 0.33689
error matrix:
 -0.0336134 0.63662 -0.33689
delta matrix:
 -0.00218376 0.294545 -0.150519
weights_delta matrix:
 -0.000152395 0.0205549 -0.010504
 -0.000112733 0.0152054 -0.0077703
 -0.000140272 0.0189198 -0.00966844
 -0.000133207 0.0179669 -0.00918152
 -0.000218376 0.0294545 -0.0150519
weights matrix:
 -1.05883 0.282098 -0.1056
 1.98931 -2.60417 -0.659723
 -2.56877 1.14059 2.28977
 -2.16637 -1.13308 3.2235
 1.00357 0.900416 -3.39964
regression_error on 'test' 0.0796232
classification_error on 'test' 0.0789474
Save,4845,0.0796232,0.0789474
sample_count 75 Sample index 21
 i 0:0.836426 i 1:0.445654 i 2:0.884274 i 3:0.719493 bias 1
 test_print 3.88585
net matrix:
 -2.8257 0.169165 0.56209
outputs matrix:
 0.00350028 0.583785 0.754763
error matrix:
 -0.00350028 -0.583785 0.245237
delta matrix:
 -2.44181e-05 -0.283696 0.0907845
weights_delta matrix:
 -2.04239e-06 -0.0237291 0.00759345
 -1.0882e-06 -0.012643 0.00404585
 -2.15923e-06 -0.0250865 0.00802784
 -1.75687e-06 -0.0204117 0.00653188
 -2.44181e-06 -0.0283696 0.00907845
weights matrix:
 -1.05883 0.258369 -0.0980065
 1.98931 -2.61682 -0.655677
 -2.56878 1.11551 2.2978
 -2.16637 -1.15349 3.23003
 1.00357 0.872046 -3.39056
regression_error on 'test' 0.0775333
classification_error on 'test' 0.0789474
Save,4846,0.0775333,0.0789474
sample_count 75 Sample index 8
 i 0:0.489992 i 1:0.375074 i 2:0.702823 i 3:0.755994 bias 1
 test_print 3.32388
net matrix:
 -2.21227 -0.0708827 0.372314
outputs matrix:
 0.0118379 0.464618 0.678007
error matrix:
 -0.0118379 -0.464618 0.321993
delta matrix:
 -0.000276956 -0.231146 0.140591
weights_delta matrix:
 -1.35706e-05 -0.011326 0.00688884
 -1.03879e-05 -0.00866967 0.0052732
 -1.94651e-05 -0.0162454 0.00988105
 -2.09377e-05 -0.0174745 0.0106286
 -2.76956e-05 -0.0231146 0.0140591
weights matrix:
 -1.05885 0.247043 -0.0911177
 1.9893 -2.62549 -0.650404
 -2.5688 1.09926 2.30768
 -2.16639 -1.17096 3.24066
 1.00354 0.848931 -3.3765
regression_error on 'test' 0.0763583
classification_error on 'test' 0.0789474
Save,4847,0.0763583,0.0789474
sample_count 75 Sample index 6
 i 0:0.305227 i 1:0.657392 i 2:0.128226 i 3:0.171977 bias 1
 test_print 2.26282
net matrix:
 1.28615 -0.862063 -2.97866
outputs matrix:
 0.929057 0.15134 0.00258015
error matrix:
 0.0709428 -0.15134 -0.00258015
delta matrix:
 0.00935167 -0.0388752 -1.328e-05
weights_delta matrix:
 0.000285438 -0.00118658 -4.05343e-07
 0.000614771 -0.00255563 -8.7302e-07
 0.000119913 -0.000498482 -1.70285e-07
 0.000160827 -0.000668565 -2.28386e-07
 0.000935167 -0.00388752 -1.328e-06
weights matrix:
 -1.05856 0.245856 -0.0911181
 1.98992 -2.62804 -0.650405
 -2.56868 1.09876 2.30768
 -2.16623 -1.17163 3.24066
 1.00448 0.845044 -3.3765
regression_error on 'test' 0.0762839
classification_error on 'test' 0.0789474
Save,4848,0.0762839,0.0789474
sample_count 75 Sample index 45
 i 0:0.697853 i 1:0.586813 i 2:0.793548 i 3:0.975 bias 1
 test_print 4.05321
net matrix:
 -2.71698 -0.795975 1.16913
outputs matrix:
 0.00434683 0.16911 0.911997
error matrix:
 -0.00434683 -0.16911 0.0880027
delta matrix:
 -3.76256e-05 -0.0475238 0.0141259
weights_delta matrix:
 -2.62572e-06 -0.00331646 0.000985779
 -2.20792e-06 -0.00278876 0.000828925
 -2.98578e-06 -0.00377124 0.00112096
 -3.6685e-06 -0.00463357 0.00137727
 -3.76256e-06 -0.00475238 0.00141259
weights matrix:
 -1.05857 0.24254 -0.0901323
 1.98991 -2.63083 -0.649576
 -2.56868 1.09499 2.3088
 -2.16623 -1.17627 3.24203
 1.00447 0.840291 -3.37509
regression_error on 'test' 0.0760917
classification_error on 'test' 0.0789474
Save,4849,0.0760917,0.0789474
sample_count 75 Sample index 60
 i 0:0.559279 i 1:0.410364 i 2:0.536492 i 3:0.536988 bias 1
 test_print 3.04312
net matrix:
 -1.31229 -0.147846 -0.712478
outputs matrix:
 0.0675735 0.426611 0.193886
error matrix:
 -0.0675735 0.573389 -0.193886
delta matrix:
 -0.00851525 0.280518 -0.0606064
weights_delta matrix:
 -0.00047624 0.0156888 -0.00338959
 -0.000349435 0.0115115 -0.00248707
 -0.000456837 0.0150496 -0.00325148
 -0.000457259 0.0150635 -0.00325449
 -0.000851525 0.0280518 -0.00606064
weights matrix:
 -1.05904 0.258229 -0.0935219
 1.98956 -2.61932 -0.652063
 -2.56914 1.11004 2.30555
 -2.16669 -1.1612 3.23878
 1.00362 0.868343 -3.38115
regression_error on 'test' 0.0770644
classification_error on 'test' 0.0789474
Save,4850,0.0770644,0.0789474
sample_count 75 Sample index 37
 i 0:0.720948 i 1:0.551523 i 2:0.82379 i 3:0.901998 bias 1
 test_print 3.99826
net matrix:
 -2.73338 -0.523064 1.01245
outputs matrix:
 0.00420713 0.259969 0.883387
error matrix:
 -0.00420713 -0.259969 0.116613
delta matrix:
 -3.5251e-05 -0.100029 0.0240254
weights_delta matrix:
 -2.54141e-06 -0.00721154 0.00173211
 -1.94417e-06 -0.0055168 0.00132506
 -2.90394e-06 -0.00824025 0.00197919
 -3.17963e-06 -0.00902256 0.00216709
 -3.5251e-06 -0.0100029 0.00240254
weights matrix:
 -1.05904 0.251017 -0.0917898
 1.98956 -2.62484 -0.650738
 -2.56914 1.1018 2.30752
 -2.16669 -1.17023 3.24095
 1.00362 0.85834 -3.37875
regression_error on 'test' 0.0765532
classification_error on 'test' 0.0526316
Save,4851,0.0765532,0.0526316
sample_count 75 Sample index 47
 i 0:0.282131 i 1:0.516233 i 2:0.158468 i 3:0.0989754 bias 1
 test_print 2.05581
net matrix:
 1.11033 -0.36709 -3.05413
outputs matrix:
 0.90209 0.324278 0.00221946
error matrix:
 0.0979102 -0.324278 -0.00221946
delta matrix:
 0.0172956 -0.142113 -9.83013e-06
weights_delta matrix:
 0.000487963 -0.00400944 -2.77339e-07
 0.000892856 -0.00733633 -5.07464e-07
 0.00027408 -0.00225203 -1.55776e-07
 0.000171184 -0.00140657 -9.72941e-08
 0.00172956 -0.0142113 -9.83013e-07
weights matrix:
 -1.05856 0.247008 -0.0917901
 1.99046 -2.63217 -0.650738
 -2.56886 1.09955 2.30752
 -2.16652 -1.17163 3.24095
 1.00535 0.844129 -3.37875
regression_error on 'test' 0.0762879
classification_error on 'test' 0.0789474
Save,4852,0.0762879,0.0789474
sample_count 75 Sample index 71
 i 0:0.143558 i 1:0.480944 i 2:0.0979839 i 3:0.0989754 bias 1
 test_print 1.82146
net matrix:
 1.34454 -0.394563 -3.15802
outputs matrix:
 0.936379 0.312356 0.00180382
error matrix:
 0.0636206 -0.312356 -0.00180382
delta matrix:
 0.00758014 -0.134182 -6.4958e-06
weights_delta matrix:
 0.000108819 -0.00192629 -9.32525e-08
 0.000364562 -0.0064534 -3.12412e-07
 7.42732e-05 -0.00131477 -6.36484e-08
 7.50248e-05 -0.00132807 -6.42925e-08
 0.000758014 -0.0134182 -6.4958e-07
weights matrix:
 -1.05845 0.245081 -0.0917901
 1.99082 -2.63863 -0.650739
 -2.56879 1.09823 2.30752
 -2.16645 -1.17296 3.24095
 1.00611 0.830711 -3.37875
regression_error on 'test' 0.0761086
classification_error on 'test' 0.0789474
Save,4853,0.0761086,0.0789474
sample_count 75 Sample index 25
 i 0:0.628566 i 1:0.410364 i 2:0.778427 i 3:0.865497 bias 1
 test_print 3.68285
net matrix:
 -2.71691 -0.258335 0.897782
outputs matrix:
 0.00434744 0.373631 0.857608
error matrix:
 -0.00434744 -0.373631 0.142392
delta matrix:
 -3.76361e-05 -0.174883 0.0347768
weights_delta matrix:
 -2.36568e-06 -0.0109925 0.00218595
 -1.54445e-06 -0.00717656 0.00142712
 -2.9297e-06 -0.0136133 0.00270712
 -3.25739e-06 -0.015136 0.00300992
 -3.76361e-06 -0.0174883 0.00347768
weights matrix:
 -1.05845 0.234089 -0.0896042
 1.99082 -2.6458 -0.649312
 -2.56879 1.08462 2.31023
 -2.16645 -1.1881 3.24396
 1.0061 0.813223 -3.37527
regression_error on 'test' 0.0756413
classification_error on 'test' 0.0789474
Save,4854,0.0756413,0.0789474
sample_count 75 Sample index 65
 i 0:0.928809 i 1:0.410364 i 2:0.944758 i 3:0.792495 bias 1
 test_print 4.07643
net matrix:
 -3.30382 0.0280486 1.02848
outputs matrix:
 0.00134819 0.514021 0.886648
error matrix:
 -0.00134819 -0.514021 0.113352
delta matrix:
 -3.6303e-06 -0.256808 0.0227844
weights_delta matrix:
 -3.37186e-07 -0.0238526 0.00211624
 -1.48975e-07 -0.0105385 0.00093499
 -3.42976e-07 -0.0242622 0.00215258
 -2.877e-07 -0.0203519 0.00180565
 -3.6303e-07 -0.0256808 0.00227844
weights matrix:
 -1.05845 0.210236 -0.087488
 1.99082 -2.65634 -0.648377
 -2.56879 1.06036 2.31238
 -2.16645 -1.20845 3.24576
 1.0061 0.787542 -3.37299
regression_error on 'test' 0.0753227
classification_error on 'test' 0.105263
Save,4855,0.0753227,0.105263
sample_count 75 Sample index 14
 i 0:0.697853 i 1:0.516233 i 2:0.778427 i 3:0.938499 bias 1
 test_print 3.93101
net matrix:
 -2.73764 -0.74575 1.0774
outputs matrix:
 0.00417155 0.183697 0.896117
error matrix:
 -0.00417155 -0.183697 0.103883
delta matrix:
 -3.46584e-05 -0.0550914 0.0193411
weights_delta matrix:
 -2.41865e-06 -0.00384457 0.00134973
 -1.78918e-06 -0.002844 0.000998452
 -2.69791e-06 -0.00428846 0.00150556
 -3.25269e-06 -0.00517032 0.00181516
 -3.46584e-06 -0.00550914 0.00193411
weights matrix:
 -1.05845 0.206392 -0.0861382
 1.99082 -2.65919 -0.647378
 -2.5688 1.05607 2.31389
 -2.16645 -1.21362 3.24758
 1.0061 0.782033 -3.37106
regression_error on 'test' 0.0752976
classification_error on 'test' 0.105263
Save,4856,0.0752976,0.105263
sample_count 75 Sample index 48
 i 0:0.744044 i 1:0.516233 i 2:0.748185 i 3:0.828996 bias 1
 test_print 3.83746
net matrix:
 -2.47163 -0.653111 0.654097
outputs matrix:
 0.00708085 0.21312 0.787211
error matrix:
 -0.00708085 -0.21312 0.212789
delta matrix:
 -9.95669e-05 -0.0714803 0.0712887
weights_delta matrix:
 -7.40822e-06 -0.00531845 0.00530419
 -5.13997e-06 -0.00369005 0.00368016
 -7.44945e-06 -0.00534805 0.00533371
 -8.25406e-06 -0.00592569 0.0059098
 -9.95669e-06 -0.00714803 0.00712887
weights matrix:
 -1.05846 0.201073 -0.080834
 1.99081 -2.66288 -0.643698
 -2.5688 1.05072 2.31922
 -2.16646 -1.21954 3.25349
 1.00609 0.774885 -3.36393
regression_error on 'test' 0.0752574
classification_error on 'test' 0.157895
Save,4857,0.0752574,0.157895
sample_count 75 Sample index 31
 i 0:0.559279 i 1:0.339785 i 2:0.778427 i 3:0.573489 bias 1
 test_print 3.25098
net matrix:
 -2.15151 0.101051 0.0433258
outputs matrix:
 0.0133472 0.550354 0.521649
error matrix:
 -0.0133472 -0.550354 0.478351
delta matrix:
 -0.00035154 -0.272386 0.238727
weights_delta matrix:
 -1.96609e-05 -0.015234 0.0133515
 -1.19448e-05 -0.00925528 0.00811158
 -2.73648e-05 -0.0212033 0.0185831
 -2.01604e-05 -0.0156211 0.0136907
 -3.5154e-05 -0.0272386 0.0238727
weights matrix:
 -1.05848 0.185839 -0.0674825
 1.9908 -2.67213 -0.635586
 -2.56883 1.02952 2.33781
 -2.16648 -1.23517 3.26718
 1.00605 0.747646 -3.34006
regression_error on 'test' 0.0755487
classification_error on 'test' 0.157895
Save,4858,0.0755487,0.157895
sample_count 75 Sample index 46
 i 0:0.928809 i 1:0.480944 i 2:0.854032 i 3:0.901998 bias 1
 test_print 4.16578
net matrix:
 -3.16763 -0.599764 1.23513
outputs matrix:
 0.00176953 0.231559 0.92203
error matrix:
 -0.00176953 -0.231559 0.0779695
delta matrix:
 -6.25139e-06 -0.0824071 0.0112105
weights_delta matrix:
 -5.80635e-07 -0.00765404 0.00104124
 -3.00657e-07 -0.00396332 0.000539162
 -5.33889e-07 -0.00703783 0.000957413
 -5.63875e-07 -0.0074331 0.00101118
 -6.25139e-07 -0.00824071 0.00112105
weights matrix:
 -1.05848 0.178185 -0.0664413
 1.9908 -2.67609 -0.635047
 -2.56883 1.02248 2.33876
 -2.16648 -1.2426 3.26819
 1.00605 0.739405 -3.33894
regression_error on 'test' 0.0757296
classification_error on 'test' 0.157895
Save,4859,0.0757296,0.157895
sample_count 75 Sample index 3
 i 0:0.744044 i 1:0.516233 i 2:0.672581 i 3:0.60999 bias 1
 test_print 3.54285
net matrix:
 -1.80307 -0.579776 -0.149635
outputs matrix:
 0.0264387 0.238749 0.425736
error matrix:
 -0.0264387 0.761251 -0.425736
delta matrix:
 -0.00136104 0.276711 -0.208172
weights_delta matrix:
 -0.000101268 0.0205885 -0.0154889
 -7.02616e-05 0.0142848 -0.0107465
 -9.15413e-05 0.0186111 -0.0140013
 -8.30224e-05 0.0168791 -0.0126983
 -0.000136104 0.0276711 -0.0208172
weights matrix:
 -1.05858 0.198774 -0.0819302
 1.99073 -2.66181 -0.645794
 -2.56892 1.04109 2.32476
 -2.16657 -1.22572 3.25549
 1.00592 0.767077 -3.35975
regression_error on 'test' 0.0752724
classification_error on 'test' 0.157895
Save,4860,0.0752724,0.157895
sample_count 75 Sample index 39
 i 0:0.397609 i 1:0.622103 i 2:0.18871 i 3:0.135476 bias 1
 test_print 2.3439
net matrix:
 1.04515 -0.7794 -2.91433
outputs matrix:
 0.889958 0.173819 0.00293336
error matrix:
 0.110042 -0.173819 -0.00293336
delta matrix:
 0.0215536 -0.0499229 -1.71587e-05
weights_delta matrix:
 0.000856989 -0.00198498 -6.82247e-07
 0.00134085 -0.00310572 -1.06745e-06
 0.000406737 -0.000942095 -3.23803e-07
 0.000291999 -0.000676335 -2.3246e-07
 0.00215536 -0.00499229 -1.71587e-06
weights matrix:
 -1.05772 0.196789 -0.0819309
 1.99207 -2.66491 -0.645795
 -2.56852 1.04015 2.32476
 -2.16627 -1.2264 3.25549
 1.00807 0.762084 -3.35976
regression_error on 'test' 0.0753207
classification_error on 'test' 0.157895
Save,4861,0.0753207,0.157895
sample_count 75 Sample index 64
 i 0:0.282131 i 1:0.516233 i 2:0.158468 i 3:0.0989754 bias 1
 test_print 2.05581
net matrix:
 1.11659 -0.514665 -3.02564
outputs matrix:
 0.90319 0.263214 0.00234932
error matrix:
 0.0968099 -0.263214 -0.00234932
delta matrix:
 0.0169297 -0.102091 -1.10127e-05
weights_delta matrix:
 0.000477639 -0.00288032 -3.10702e-07
 0.000873966 -0.0052703 -5.68512e-07
 0.000268281 -0.00161782 -1.74516e-07
 0.000167562 -0.00101045 -1.08999e-07
 0.00169297 -0.0102091 -1.10127e-06
weights matrix:
 -1.05725 0.193909 -0.0819312
 1.99294 -2.67019 -0.645795
 -2.56825 1.03853 2.32476
 -2.16611 -1.22741 3.25549
 1.00977 0.751875 -3.35976
regression_error on 'test' 0.0754317
classification_error on 'test' 0.157895
Save,4862,0.0754317,0.157895
sample_count 75 Sample index 71
 i 0:0.143558 i 1:0.480944 i 2:0.0979839 i 3:0.0989754 bias 1
 test_print 1.82146
net matrix:
 1.35044 -0.524221 -3.13211
outputs matrix:
 0.937079 0.259524 0.00189959
error matrix:
 0.0629209 -0.259524 -0.00189959
delta matrix:
 0.00741986 -0.0997464 -7.20317e-06
weights_delta matrix:
 0.000106518 -0.00143194 -1.03407e-07
 0.000356854 -0.00479724 -3.46432e-07
 7.27027e-05 -0.000977354 -7.05795e-08
 7.34384e-05 -0.000987244 -7.12937e-08
 0.000741986 -0.00997464 -7.20317e-07
weights matrix:
 -1.05714 0.192477 -0.0819313
 1.9933 -2.67498 -0.645796
 -2.56818 1.03756 2.32476
 -2.16603 -1.22839 3.25549
 1.01051 0.7419 -3.35976
regression_error on 'test' 0.0755523
classification_error on 'test' 0.157895
Save,4863,0.0755523,0.157895
sample_count 75 Sample index 24
 i 0:0.466896 i 1:0.445654 i 2:0.566734 i 3:0.536988 bias 1
 test_print 3.01627
net matrix:
 -1.21335 -0.431964 -0.620133
outputs matrix:
 0.0811591 0.296519 0.22439
error matrix:
 -0.0811591 0.703481 -0.22439
delta matrix:
 -0.0121044 0.293486 -0.0781052
weights_delta matrix:
 -0.000565151 0.0137027 -0.0036467
 -0.000539439 0.0130793 -0.00348079
 -0.000686 0.0166328 -0.00442649
 -0.000649994 0.0157598 -0.00419415
 -0.00121044 0.0293486 -0.00781052
weights matrix:
 -1.05771 0.206179 -0.085578
 1.99276 -2.6619 -0.649276
 -2.56886 1.05419 2.32034
 -2.16668 -1.21263 3.25129
 1.0093 0.771249 -3.36757
regression_error on 'test' 0.0752957
classification_error on 'test' 0.157895
Save,4864,0.0752957,0.157895
sample_count 75 Sample index 49
 i 0:0.397609 i 1:0.480944 i 2:0.612097 i 3:0.60999 bias 1
 test_print 3.10064
net matrix:
 -1.3469 -0.521427 -0.310333
outputs matrix:
 0.0633405 0.2606 0.34963
error matrix:
 -0.0633405 0.7394 -0.34963
delta matrix:
 -0.0075158 0.284946 -0.159004
weights_delta matrix:
 -0.000298835 0.0113297 -0.00632214
 -0.000361468 0.0137043 -0.0076472
 -0.00046004 0.0174415 -0.00973258
 -0.000458456 0.0173814 -0.00969908
 -0.00075158 0.0284946 -0.0159004
weights matrix:
 -1.058 0.217509 -0.0919002
 1.9924 -2.6482 -0.656924
 -2.56932 1.07163 2.3106
 -2.16714 -1.19525 3.2416
 1.00855 0.799744 -3.38347
regression_error on 'test' 0.07549
classification_error on 'test' 0.105263
Save,4865,0.07549,0.105263
sample_count 75 Sample index 20
 i 0:0.489992 i 1:0.375074 i 2:0.521371 i 3:0.500487 bias 1
 test_print 2.88692
net matrix:
 -1.18677 -0.126441 -0.847836
outputs matrix:
 0.0852133 0.437114 0.155031
error matrix:
 -0.0852133 0.562886 -0.155031
delta matrix:
 -0.0132851 0.276991 -0.0406171
weights_delta matrix:
 -0.000650959 0.0135723 -0.00199021
 -0.000498289 0.0103892 -0.00152344
 -0.000692646 0.0144415 -0.00211766
 -0.000664901 0.013863 -0.00203284
 -0.00132851 0.0276991 -0.00406171
weights matrix:
 -1.05866 0.231081 -0.0938904
 1.9919 -2.63781 -0.658447
 -2.57001 1.08607 2.30849
 -2.16781 -1.18139 3.23956
 1.00722 0.827443 -3.38753
regression_error on 'test' 0.0758709
classification_error on 'test' 0.0789474
Save,4866,0.0758709,0.0789474
sample_count 75 Sample index 21
 i 0:0.836426 i 1:0.445654 i 2:0.884274 i 3:0.719493 bias 1
 test_print 3.88585
net matrix:
 -2.82289 -0.0444418 0.612674
outputs matrix:
 0.00351997 0.477794 0.773003
error matrix:
 -0.00351997 -0.477794 0.226997
delta matrix:
 -2.46931e-05 -0.238426 0.0796619
weights_delta matrix:
 -2.06539e-06 -0.0199425 0.00666312
 -1.10046e-06 -0.0106255 0.00355016
 -2.18355e-06 -0.0210834 0.00704429
 -1.77665e-06 -0.0171546 0.00573161
 -2.46931e-06 -0.0238426 0.00796619
weights matrix:
 -1.05866 0.211139 -0.0872272
 1.9919 -2.64844 -0.654897
 -2.57002 1.06499 2.31553
 -2.16781 -1.19854 3.24529
 1.00721 0.8036 -3.37956
regression_error on 'test' 0.075341
classification_error on 'test' 0.105263
Save,4867,0.075341,0.105263
sample_count 75 Sample index 2
 i 0:0.466896 i 1:0.480944 i 2:0.566734 i 3:0.500487 bias 1
 test_print 3.01506
net matrix:
 -1.07055 -0.36786 -0.798742
outputs matrix:
 0.105166 0.323941 0.168334
error matrix:
 -0.105166 0.676059 -0.168334
delta matrix:
 -0.0197934 0.296118 -0.0471325
weights_delta matrix:
 -0.000924145 0.0138256 -0.0022006
 -0.00095195 0.0142416 -0.00226681
 -0.00112176 0.016782 -0.00267116
 -0.000990632 0.0148203 -0.00235892
 -0.00197934 0.0296118 -0.00471325
weights matrix:
 -1.05958 0.224965 -0.0894278
 1.99095 -2.63419 -0.657164
 -2.57114 1.08177 2.31286
 -2.1688 -1.18372 3.24294
 1.00523 0.833212 -3.38428
regression_error on 'test' 0.0757317
classification_error on 'test' 0.0789474
Save,4868,0.0757317,0.0789474
sample_count 75 Sample index 34
 i 0:0.767139 i 1:0.551523 i 2:0.642339 i 3:0.573489 bias 1
 test_print 3.53449
net matrix:
 -1.60488 -0.431017 -0.469895
outputs matrix:
 0.0387999 0.296915 0.280943
error matrix:
 -0.0387999 0.703085 -0.280943
delta matrix:
 -0.00289405 0.293547 -0.113509
weights_delta matrix:
 -0.000222014 0.0225191 -0.00870769
 -0.000159614 0.0161898 -0.00626027
 -0.000185896 0.0188557 -0.00729111
 -0.000165971 0.0168346 -0.0065096
 -0.000289405 0.0293547 -0.0113509
weights matrix:
 -1.0598 0.247484 -0.0981355
 1.99079 -2.618 -0.663424
 -2.57132 1.10063 2.30557
 -2.16896 -1.16689 3.23643
 1.00495 0.862567 -3.39563
regression_error on 'test' 0.0768145
classification_error on 'test' 0.0789474
Save,4869,0.0768145,0.0789474
sample_count 75 Sample index 30
 i 0:0.559279 i 1:0.410364 i 2:0.642339 i 3:0.500487 bias 1
 test_print 3.11247
net matrix:
 -1.50803 0.0496067 -0.622014
outputs matrix:
 0.0467054 0.524783 0.223736
error matrix:
 -0.0467054 0.475217 -0.223736
delta matrix:
 -0.00415902 0.237025 -0.0777159
weights_delta matrix:
 -0.000232605 0.0132563 -0.00434649
 -0.000170671 0.00972664 -0.00318918
 -0.00026715 0.015225 -0.004992
 -0.000208153 0.0118628 -0.00388958
 -0.000415902 0.0237025 -0.00777159
weights matrix:
 -1.06004 0.26074 -0.102482
 1.99062 -2.60828 -0.666613
 -2.57159 1.11585 2.30058
 -2.16917 -1.15503 3.23254
 1.00453 0.886269 -3.4034
regression_error on 'test' 0.0779576
classification_error on 'test' 0.0789474
Save,4870,0.0779576,0.0789474
sample_count 75 Sample index 16
 i 0:0.60547 i 1:0.304495 i 2:0.687702 i 3:0.755994 bias 1
 test_print 3.35366
net matrix:
 -2.43953 0.144112 0.357458
outputs matrix:
 0.00754682 0.571561 0.671487
error matrix:
 -0.00754682 -0.571561 0.328513
delta matrix:
 -0.000113049 -0.279927 0.144935
weights_delta matrix:
 -6.8448e-06 -0.0169487 0.00877539
 -3.44229e-06 -0.00852363 0.0044132
 -7.77442e-06 -0.0192506 0.00996722
 -8.54646e-06 -0.0211623 0.010957
 -1.13049e-05 -0.0279927 0.0144935
weights matrix:
 -1.06004 0.243791 -0.0937066
 1.99061 -2.6168 -0.6622
 -2.5716 1.0966 2.31054
 -2.16918 -1.17619 3.24349
 1.00452 0.858277 -3.38891
regression_error on 'test' 0.0764157
classification_error on 'test' 0.0526316
Save,4871,0.0764157,0.0526316
sample_count 75 Sample index 46
 i 0:0.928809 i 1:0.480944 i 2:0.854032 i 3:0.901998 bias 1
 test_print 4.16578
net matrix:
 -3.17551 -0.298211 1.10448
outputs matrix:
 0.00174193 0.355163 0.901051
error matrix:
 -0.00174193 -0.355163 0.098949
delta matrix:
 -6.05806e-06 -0.16268 0.0176442
weights_delta matrix:
 -5.62678e-07 -0.0151099 0.00163881
 -2.91359e-07 -0.00782402 0.000848588
 -5.17377e-07 -0.0138934 0.00150687
 -5.46436e-07 -0.0146737 0.0015915
 -6.05806e-07 -0.016268 0.00176442
weights matrix:
 -1.06004 0.228681 -0.0920678
 1.99061 -2.62462 -0.661351
 -2.5716 1.08271 2.31205
 -2.16918 -1.19086 3.24508
 1.00452 0.842008 -3.38714
regression_error on 'test' 0.0757956
classification_error on 'test' 0.0789474
Save,4872,0.0757956,0.0789474
sample_count 75 Sample index 3
 i 0:0.744044 i 1:0.516233 i 2:0.672581 i 3:0.60999 bias 1
 test_print 3.54285
net matrix:
 -1.80937 -0.340967 -0.262546
outputs matrix:
 0.0261162 0.33583 0.371662
error matrix:
 -0.0261162 0.66417 -0.371662
delta matrix:
 -0.00132848 0.296284 -0.173588
weights_delta matrix:
 -9.88451e-05 0.0220448 -0.0129157
 -6.85807e-05 0.0152952 -0.00896119
 -8.93513e-05 0.0199275 -0.0116752
 -8.10362e-05 0.018073 -0.0105887
 -0.000132848 0.0296284 -0.0173588
weights matrix:
 -1.06014 0.250726 -0.104984
 1.99055 -2.60933 -0.670313
 -2.57169 1.10263 2.30037
 -2.16926 -1.17279 3.2345
 1.00438 0.871637 -3.4045
regression_error on 'test' 0.0771541
classification_error on 'test' 0.0789474
Save,4873,0.0771541,0.0789474
sample_count 75 Sample index 30
 i 0:0.559279 i 1:0.410364 i 2:0.642339 i 3:0.500487 bias 1
 test_print 3.11247
net matrix:
 -1.50927 0.062387 -0.641845
outputs matrix:
 0.0465957 0.531153 0.216923
error matrix:
 -0.0465957 0.468847 -0.216923
delta matrix:
 -0.00413998 0.233513 -0.0736962
weights_delta matrix:
 -0.00023154 0.0130599 -0.00412167
 -0.00016989 0.00958255 -0.00302423
 -0.000265927 0.0149995 -0.00473379
 -0.0002072 0.011687 -0.0036884
 -0.000413998 0.0233513 -0.00736962
weights matrix:
 -1.06037 0.263786 -0.109105
 1.99038 -2.59975 -0.673337
 -2.57195 1.11763 2.29564
 -2.16947 -1.1611 3.23081
 1.00397 0.894988 -3.41187
regression_error on 'test' 0.0783738
classification_error on 'test' 0.0789474
Save,4874,0.0783738,0.0789474
sample_count 75 Sample index 38
 i 0:0.397609 i 1:0.798551 i 2:0.128226 i 3:0.208478 bias 1
 test_print 2.53286
net matrix:
 1.38969 -1.17491 -3.02503
outputs matrix:
 0.941552 0.0870796 0.00235216
error matrix:
 0.0584482 -0.0870796 -0.00235216
delta matrix:
 0.00643303 -0.0138451 -1.10393e-05
weights_delta matrix:
 0.000255783 -0.000550493 -4.38933e-07
 0.000513711 -0.0011056 -8.81546e-07
 8.24882e-05 -0.00017753 -1.41553e-07
 0.000134115 -0.000288639 -2.30145e-07
 0.000643303 -0.00138451 -1.10393e-06
weights matrix:
 -1.06012 0.263236 -0.109106
 1.99089 -2.60085 -0.673338
 -2.57187 1.11746 2.29564
 -2.16934 -1.16139 3.23081
 1.00461 0.893604 -3.41187
regression_error on 'test' 0.0783205
classification_error on 'test' 0.0789474
Save,4875,0.0783205,0.0789474
sample_count 75 Sample index 13
 i 0:0.420705 i 1:0.269205 i 2:0.491129 i 3:0.427485 bias 1
 test_print 2.60852
net matrix:
 -1.0959 0.356524 -1.13046
outputs matrix:
 0.100488 0.671074 0.0944114
error matrix:
 -0.100488 0.328926 -0.0944114
delta matrix:
 -0.0181664 0.14521 -0.016144
weights_delta matrix:
 -0.000764269 0.00610906 -0.000679184
 -0.000489048 0.00390913 -0.000434603
 -0.000892204 0.00713168 -0.000792876
 -0.000776586 0.00620751 -0.00069013
 -0.00181664 0.014521 -0.0016144
weights matrix:
 -1.06088 0.269345 -0.109785
 1.9904 -2.59694 -0.673772
 -2.57276 1.12459 2.29485
 -2.17011 -1.15518 3.23012
 1.0028 0.908125 -3.41349
regression_error on 'test' 0.0790277
classification_error on 'test' 0.0789474
Save,4876,0.0790277,0.0789474
sample_count 75 Sample index 52
 i 0:0.443801 i 1:0.410364 i 2:0.672581 i 3:0.792495 bias 1
 test_print 3.31924
net matrix:
 -2.10143 -0.197133 0.364622
outputs matrix:
 0.0147325 0.402691 0.674639
error matrix:
 -0.0147325 -0.402691 0.325361
delta matrix:
 -0.000427695 -0.193719 0.142834
weights_delta matrix:
 -1.89812e-05 -0.00859728 0.00633899
 -1.75511e-05 -0.00794954 0.00586139
 -2.8766e-05 -0.0130292 0.00960674
 -3.38947e-05 -0.0153522 0.0113195
 -4.27695e-05 -0.0193719 0.0142834
weights matrix:
 -1.0609 0.260747 -0.103446
 1.99038 -2.60489 -0.667911
 -2.57279 1.11156 2.30445
 -2.17015 -1.17054 3.24144
 1.00275 0.888753 -3.3992
regression_error on 'test' 0.0775761
classification_error on 'test' 0.0789474
Save,4877,0.0775761,0.0789474
sample_count 75 Sample index 24
 i 0:0.466896 i 1:0.445654 i 2:0.566734 i 3:0.536988 bias 1
 test_print 3.01627
net matrix:
 -1.22899 -0.148992 -0.698533
outputs matrix:
 0.0788576 0.426051 0.198282
error matrix:
 -0.0788576 0.573949 -0.198282
delta matrix:
 -0.0114563 0.280697 -0.0630403
weights_delta matrix:
 -0.000534889 0.0131057 -0.00294333
 -0.000510554 0.0125094 -0.00280942
 -0.000649266 0.0159081 -0.00357271
 -0.000615189 0.0150731 -0.00338519
 -0.00114563 0.0280697 -0.00630403
weights matrix:
 -1.06144 0.273853 -0.106389
 1.98987 -2.59238 -0.67072
 -2.57344 1.12747 2.30088
 -2.17076 -1.15546 3.23805
 1.00161 0.916822 -3.40551
regression_error on 'test' 0.0791528
classification_error on 'test' 0.0789474
Save,4878,0.0791528,0.0789474
sample_count 75 Sample index 19
 i 0:0.674757 i 1:0.480944 i 2:0.596976 i 3:0.573489 bias 1
 test_print 3.32617
net matrix:
 -1.53878 -0.134759 -0.569314
outputs matrix:
 0.0440427 0.433025 0.242572
error matrix:
 -0.0440427 0.566975 -0.242572
delta matrix:
 -0.00370866 0.278401 -0.089136
weights_delta matrix:
 -0.000250244 0.0187853 -0.00601452
 -0.000178366 0.0133895 -0.00428694
 -0.000221398 0.0166199 -0.00532121
 -0.000212688 0.015966 -0.00511185
 -0.000370866 0.0278401 -0.0089136
weights matrix:
 -1.06169 0.292638 -0.112404
 1.98969 -2.57899 -0.675007
 -2.57366 1.14409 2.29556
 -2.17097 -1.1395 3.23294
 1.00124 0.944663 -3.41442
regression_error on 'test' 0.0814215
classification_error on 'test' 0.0789474
Save,4879,0.0814215,0.0789474
sample_count 75 Sample index 22
 i 0:0.305227 i 1:0.233915 i 2:0.430645 i 3:0.427485 bias 1
 test_print 2.39727
net matrix:
 -0.893792 0.436296 -1.23602
outputs matrix:
 0.143369 0.705285 0.0778419
error matrix:
 -0.143369 0.294715 -0.0778419
delta matrix:
 -0.0352156 0.122518 -0.0111754
weights_delta matrix:
 -0.00107488 0.00373958 -0.000341103
 -0.000823746 0.00286588 -0.000261409
 -0.00151654 0.00527618 -0.000481262
 -0.00150541 0.00523746 -0.000477731
 -0.00352156 0.0122518 -0.00111754
weights matrix:
 -1.06276 0.296378 -0.112745
 1.98887 -2.57613 -0.675269
 -2.57518 1.14936 2.29508
 -2.17248 -1.13426 3.23246
 0.997716 0.956914 -3.41554
regression_error on 'test' 0.0822457
classification_error on 'test' 0.0789474
Save,4880,0.0822457,0.0789474
sample_count 75 Sample index 9
 i 0:0.351418 i 1:0.375074 i 2:0.521371 i 3:0.573489 bias 1
 test_print 2.82135
net matrix:
 -1.2183 0.0435876 -0.658065
outputs matrix:
 0.0804239 0.52178 0.211463
error matrix:
 -0.0804239 0.47822 -0.211463
delta matrix:
 -0.0118956 0.238656 -0.0705213
weights_delta matrix:
 -0.000418034 0.00838681 -0.00247825
 -0.000446175 0.00895138 -0.00264507
 -0.000620204 0.0124428 -0.00367678
 -0.000682202 0.0136867 -0.00404432
 -0.00118956 0.0238656 -0.00705213
weights matrix:
 -1.06318 0.304765 -0.115223
 1.98842 -2.56718 -0.677914
 -2.5758 1.16181 2.2914
 -2.17316 -1.12057 3.22842
 0.996527 0.98078 -3.42259
regression_error on 'test' 0.0844181
classification_error on 'test' 0.0789474
Save,4881,0.0844181,0.0789474
sample_count 75 Sample index 33
 i 0:0.559279 i 1:0.480944 i 2:0.672581 i 3:0.719493 bias 1
 test_print 3.4323
net matrix:
 -1.93778 -0.108275 0.0509073
outputs matrix:
 0.0203214 0.446073 0.525432
error matrix:
 -0.0203214 -0.446073 0.474568
delta matrix:
 -0.000809134 -0.220442 0.23667
weights_delta matrix:
 -4.52532e-05 -0.0123289 0.0132365
 -3.89148e-05 -0.010602 0.0113825
 -5.44208e-05 -0.0148265 0.015918
 -5.82166e-05 -0.0158606 0.0170283
 -8.09134e-05 -0.0220442 0.023667
weights matrix:
 -1.06322 0.292436 -0.101987
 1.98838 -2.57778 -0.666531
 -2.57585 1.14698 2.30732
 -2.17322 -1.13643 3.24545
 0.996446 0.958736 -3.39892
regression_error on 'test' 0.0816009
classification_error on 'test' 0.0789474
Save,4882,0.0816009,0.0789474
sample_count 75 Sample index 46
 i 0:0.928809 i 1:0.480944 i 2:0.854032 i 3:0.901998 bias 1
 test_print 4.16578
net matrix:
 -3.19489 -0.0549177 1.0837
outputs matrix:
 0.00167582 0.472569 0.897283
error matrix:
 -0.00167582 -0.472569 0.102717
delta matrix:
 -5.60735e-06 -0.235573 0.018934
weights_delta matrix:
 -5.20816e-07 -0.0218802 0.00175861
 -2.69682e-07 -0.0113298 0.000910619
 -4.78886e-07 -0.0201187 0.00161702
 -5.05782e-07 -0.0212487 0.00170784
 -5.60735e-07 -0.0235573 0.0018934
weights matrix:
 -1.06323 0.270556 -0.100228
 1.98838 -2.58911 -0.665621
 -2.57586 1.12686 2.30894
 -2.17322 -1.15768 3.24715
 0.996445 0.935178 -3.39703
regression_error on 'test' 0.0792909
classification_error on 'test' 0.0789474
Save,4883,0.0792909,0.0789474
sample_count 75 Sample index 5
 i 0:0.536183 i 1:0.198626 i 2:0.687702 i 3:0.60999 bias 1
 test_print 3.0325
net matrix:
 -2.27576 0.634752 -0.0143874
outputs matrix:
 0.0104411 0.780658 0.492807
error matrix:
 -0.0104411 -0.780658 0.507193
delta matrix:
 -0.000215755 -0.267346 0.253544
weights_delta matrix:
 -1.15684e-05 -0.0143346 0.0135946
 -4.28546e-06 -0.00531019 0.00503605
 -1.48375e-05 -0.0183854 0.0174363
 -1.31609e-05 -0.0163078 0.0154659
 -2.15755e-05 -0.0267346 0.0253544
weights matrix:
 -1.06324 0.256221 -0.0866334
 1.98838 -2.59442 -0.660585
 -2.57587 1.10847 2.32637
 -2.17323 -1.17399 3.26262
 0.996424 0.908444 -3.37168
regression_error on 'test' 0.077405
classification_error on 'test' 0.0789474
Save,4884,0.077405,0.0789474
sample_count 75 Sample index 35
 i 0:0.189749 i 1:0.233915 i 2:0.128226 i 3:0.171977 bias 1
 test_print 1.72387
net matrix:
 0.555748 0.290424 -2.68324
outputs matrix:
 0.752408 0.641263 0.00464886
error matrix:
 0.247592 -0.641263 -0.00464886
delta matrix:
 0.092248 -0.295038 -4.30228e-05
weights_delta matrix:
 0.0017504 -0.00559832 -8.16353e-07
 0.00215782 -0.00690139 -1.00637e-06
 0.00118286 -0.00378316 -5.51664e-07
 0.00158645 -0.00507398 -7.39893e-07
 0.0092248 -0.0295038 -4.30228e-06
weights matrix:
 -1.06149 0.250623 -0.0866342
 1.99054 -2.60132 -0.660586
 -2.57469 1.10469 2.32637
 -2.17165 -1.17906 3.26262
 1.00565 0.87894 -3.37168
regression_error on 'test' 0.0766246
classification_error on 'test' 0.0526316
Save,4885,0.0766246,0.0526316
sample_count 75 Sample index 36
 i 0:0.744044 i 1:0.516233 i 2:0.702823 i 3:0.901998 bias 1
 test_print 3.8651
net matrix:
 -2.52493 -0.564583 0.800749
outputs matrix:
 0.00636936 0.244315 0.832228
error matrix:
 -0.00636936 -0.244315 0.167772
delta matrix:
 -8.06208e-05 -0.0902135 0.0468503
weights_delta matrix:
 -5.99854e-06 -0.00671228 0.00348587
 -4.16191e-06 -0.00465712 0.00241857
 -5.66622e-06 -0.00634041 0.00329275
 -7.27198e-06 -0.00813724 0.00422589
 -8.06208e-06 -0.00902135 0.00468503
weights matrix:
 -1.06149 0.24391 -0.0831483
 1.99053 -2.60598 -0.658167
 -2.57469 1.09835 2.32967
 -2.17165 -1.1872 3.26684
 1.00564 0.869919 -3.36699
regression_error on 'test' 0.0761768
classification_error on 'test' 0.0789474
Save,4886,0.0761768,0.0789474
sample_count 75 Sample index 71
 i 0:0.143558 i 1:0.480944 i 2:0.0979839 i 3:0.0989754 bias 1
 test_print 1.82146
net matrix:
 1.34337 -0.358278 -3.14387
outputs matrix:
 0.93624 0.328152 0.00185552
error matrix:
 0.0637602 -0.328152 -0.00185552
delta matrix:
 0.0076123 -0.144694 -6.87316e-06
weights_delta matrix:
 0.000109281 -0.0020772 -9.86697e-08
 0.000366109 -0.00695897 -3.3056e-07
 7.45883e-05 -0.00141777 -6.73459e-08
 7.53431e-05 -0.00143212 -6.80274e-08
 0.00076123 -0.0144694 -6.87316e-07
weights matrix:
 -1.06138 0.241833 -0.0831484
 1.9909 -2.61294 -0.658167
 -2.57462 1.09693 2.32967
 -2.17158 -1.18863 3.26684
 1.0064 0.855449 -3.367
regression_error on 'test' 0.0759271
classification_error on 'test' 0.0789474
Save,4887,0.0759271,0.0789474
sample_count 75 Sample index 9
 i 0:0.351418 i 1:0.375074 i 2:0.521371 i 3:0.573489 bias 1
 test_print 2.82135
net matrix:
 -1.20756 -0.149369 -0.554957
outputs matrix:
 0.0820269 0.425866 0.247887
error matrix:
 -0.0820269 0.574134 -0.247887
delta matrix:
 -0.012353 0.280756 -0.0924317
weights_delta matrix:
 -0.000434107 0.00986628 -0.00324821
 -0.000463329 0.0105304 -0.00346687
 -0.00064405 0.0146378 -0.00481912
 -0.000708431 0.0161011 -0.00530085
 -0.0012353 0.0280756 -0.00924317
weights matrix:
 -1.06182 0.251699 -0.0863966
 1.99044 -2.60241 -0.661634
 -2.57526 1.11157 2.32485
 -2.17229 -1.17253 3.26154
 1.00517 0.883525 -3.37624
regression_error on 'test' 0.0769102
classification_error on 'test' 0.0526316
Save,4888,0.0769102,0.0526316
sample_count 75 Sample index 45
 i 0:0.697853 i 1:0.586813 i 2:0.793548 i 3:0.975 bias 1
 test_print 4.05321
net matrix:
 -2.72939 -0.729084 1.2001
outputs matrix:
 0.00424072 0.188748 0.916842
error matrix:
 -0.00424072 -0.188748 0.0831579
delta matrix:
 -3.58149e-05 -0.0578028 0.0126804
weights_delta matrix:
 -2.49936e-06 -0.00403378 0.000884903
 -2.10167e-06 -0.00339194 0.0007441
 -2.84209e-06 -0.00458693 0.00100625
 -3.49196e-06 -0.00563577 0.00123634
 -3.58149e-06 -0.00578028 0.00126804
weights matrix:
 -1.06182 0.247666 -0.0855117
 1.99043 -2.6058 -0.66089
 -2.57526 1.10698 2.32585
 -2.17229 -1.17817 3.26278
 1.00516 0.877745 -3.37497
regression_error on 'test' 0.0765916
classification_error on 'test' 0.0526316
Save,4889,0.0765916,0.0526316
sample_count 75 Sample index 43
 i 0:0.582374 i 1:0.198626 i 2:0.612097 i 3:0.60999 bias 1
 test_print 3.00309
net matrix:
 -2.11925 0.463311 -0.142129
outputs matrix:
 0.014224 0.716389 0.42941
error matrix:
 -0.014224 0.283611 -0.42941
delta matrix:
 -0.000398889 0.115245 -0.210426
weights_delta matrix:
 -2.32303e-05 0.0067116 -0.0122546
 -7.92298e-06 0.00228907 -0.0041796
 -2.44159e-05 0.00705414 -0.0128801
 -2.43319e-05 0.00702986 -0.0128358
 -3.98889e-05 0.0115245 -0.0210426
weights matrix:
 -1.06184 0.254377 -0.0977664
 1.99043 -2.60351 -0.66507
 -2.57529 1.11404 2.31297
 -2.17232 -1.17114 3.24994
 1.00512 0.889269 -3.39601
regression_error on 'test' 0.0773477
classification_error on 'test' 0.0789474
Save,4890,0.0773477,0.0789474
sample_count 75 Sample index 64
 i 0:0.282131 i 1:0.516233 i 2:0.158468 i 3:0.0989754 bias 1
 test_print 2.05581
net matrix:
 1.10996 -0.322355 -3.07873
outputs matrix:
 0.902024 0.344183 0.00211315
error matrix:
 0.0979756 -0.344183 -0.00211315
delta matrix:
 0.0173175 -0.155379 -8.91194e-06
weights_delta matrix:
 0.000488579 -0.00438371 -2.51433e-07
 0.000893985 -0.00802115 -4.60064e-07
 0.000274426 -0.00246225 -1.41226e-07
 0.0001714 -0.00153787 -8.82063e-08
 0.00173175 -0.0155379 -8.91194e-07
weights matrix:
 -1.06135 0.249994 -0.0977666
 1.99132 -2.61153 -0.66507
 -2.57501 1.11158 2.31297
 -2.17214 -1.17268 3.24994
 1.00685 0.873731 -3.39601
regression_error on 'test' 0.0769298
classification_error on 'test' 0.0789474
Save,4891,0.0769298,0.0789474
sample_count 75 Sample index 9
 i 0:0.351418 i 1:0.375074 i 2:0.521371 i 3:0.573489 bias 1
 test_print 2.82135
net matrix:
 -1.20747 -0.110906 -0.610097
outputs matrix:
 0.0820405 0.444773 0.227902
error matrix:
 -0.0820405 0.555227 -0.227902
delta matrix:
 -0.0123569 0.274227 -0.0802047
weights_delta matrix:
 -0.000434244 0.00963681 -0.00281854
 -0.000463476 0.0102855 -0.00300827
 -0.000644253 0.0142974 -0.00418164
 -0.000708655 0.0157266 -0.00459965
 -0.00123569 0.0274227 -0.00802047
weights matrix:
 -1.06179 0.25963 -0.100585
 1.99086 -2.60124 -0.668078
 -2.57566 1.12587 2.30879
 -2.17285 -1.15695 3.24534
 1.00562 0.901154 -3.40403
regression_error on 'test' 0.0782326
classification_error on 'test' 0.0789474
Save,4892,0.0782326,0.0789474
sample_count 75 Sample index 9
 i 0:0.351418 i 1:0.375074 i 2:0.521371 i 3:0.573489 bias 1
 test_print 2.82135
net matrix:
 -1.20977 -0.0597658 -0.625054
outputs matrix:
 0.081694 0.470153 0.222681
error matrix:
 -0.081694 0.529847 -0.222681
delta matrix:
 -0.0122574 0.26398 -0.0770898
weights_delta matrix:
 -0.000430747 0.00927672 -0.00270907
 -0.000459743 0.00990119 -0.00289144
 -0.000639065 0.0137631 -0.00401924
 -0.000702948 0.0151389 -0.00442101
 -0.00122574 0.026398 -0.00770898
weights matrix:
 -1.06222 0.268907 -0.103294
 1.9904 -2.59134 -0.67097
 -2.5763 1.13964 2.30477
 -2.17356 -1.14181 3.24092
 1.00439 0.927552 -3.41174
regression_error on 'test' 0.0798486
classification_error on 'test' 0.0789474
Save,4893,0.0798486,0.0789474
sample_count 75 Sample index 60
 i 0:0.559279 i 1:0.410364 i 2:0.536492 i 3:0.536988 bias 1
 test_print 3.04312
net matrix:
 -1.32223 0.01282 -0.768026
outputs matrix:
 0.066331 0.50641 0.17711
error matrix:
 -0.066331 0.49359 -0.17711
delta matrix:
 -0.00821591 0.246755 -0.0516246
weights_delta matrix:
 -0.000459498 0.0138005 -0.00288726
 -0.000337151 0.0101259 -0.00211849
 -0.000440777 0.0132382 -0.00276962
 -0.000441184 0.0132504 -0.00277218
 -0.000821591 0.0246755 -0.00516246
weights matrix:
 -1.06268 0.282708 -0.106181
 1.99006 -2.58122 -0.673088
 -2.57674 1.15287 2.302
 -2.174 -1.12856 3.23815
 1.00357 0.952227 -3.41691
regression_error on 'test' 0.0817566
classification_error on 'test' 0.0789474
Save,4894,0.0817566,0.0789474
sample_count 75 Sample index 10
 i 0:0.697853 i 1:0.304495 i 2:0.808669 i 3:0.719493 bias 1
 test_print 3.53051
net matrix:
 -2.77996 0.483852 0.495429
outputs matrix:
 0.00383431 0.724662 0.729257
error matrix:
 -0.00383431 -0.724662 0.270743
delta matrix:
 -2.9291e-05 -0.289179 0.106912
weights_delta matrix:
 -2.04408e-06 -0.0201805 0.00746085
 -8.91898e-07 -0.00880537 0.0032554
 -2.36868e-06 -0.023385 0.00864561
 -2.10747e-06 -0.0208063 0.00769221
 -2.9291e-06 -0.0289179 0.0106912
weights matrix:
 -1.06268 0.262527 -0.0987206
 1.99006 -2.59002 -0.669833
 -2.57674 1.12949 2.31065
 -2.174 -1.14937 3.24584
 1.00357 0.923309 -3.40621
regression_error on 'test' 0.0791091
classification_error on 'test' 0.0789474
Save,4895,0.0791091,0.0789474
sample_count 75 Sample index 58
 i 0:0.282131 i 1:0.516233 i 2:0.158468 i 3:0.0989754 bias 1
 test_print 2.05581
net matrix:
 1.10758 -0.27445 -3.09243
outputs matrix:
 0.901603 0.36612 0.00205614
error matrix:
 0.0983965 -0.36612 -0.00205614
delta matrix:
 0.0174584 -0.169935 -8.43801e-06
weights_delta matrix:
 0.000492557 -0.0047944 -2.38062e-07
 0.000901262 -0.00877262 -4.35598e-07
 0.00027666 -0.00269293 -1.33715e-07
 0.000172796 -0.00168194 -8.35155e-08
 0.00174584 -0.0169935 -8.43801e-07
weights matrix:
 -1.06219 0.257733 -0.0987209
 1.99096 -2.5988 -0.669833
 -2.57646 1.1268 2.31065
 -2.17383 -1.15105 3.24584
 1.00531 0.906316 -3.40622
regression_error on 'test' 0.0784514
classification_error on 'test' 0.0789474
Save,4896,0.0784514,0.0789474
sample_count 75 Sample index 5
 i 0:0.536183 i 1:0.198626 i 2:0.687702 i 3:0.60999 bias 1
 test_print 3.0325
net matrix:
 -2.26661 0.601093 -0.0232248
outputs matrix:
 0.0106318 0.768913 0.48839
error matrix:
 -0.0106318 -0.768913 0.51161
delta matrix:
 -0.000223667 -0.27325 0.255667
weights_delta matrix:
 -1.19927e-05 -0.0146512 0.0137084
 -4.44261e-06 -0.00542745 0.00507822
 -1.53816e-05 -0.0187914 0.0175823
 -1.36435e-05 -0.016668 0.0155954
 -2.23667e-05 -0.027325 0.0255667
weights matrix:
 -1.0622 0.243081 -0.0850124
 1.99096 -2.60422 -0.664755
 -2.57648 1.10801 2.32823
 -2.17384 -1.16772 3.26144
 1.00529 0.878991 -3.38065
regression_error on 'test' 0.0767312
classification_error on 'test' 0.0526316
Save,4897,0.0767312,0.0526316
sample_count 75 Sample index 31
 i 0:0.559279 i 1:0.339785 i 2:0.778427 i 3:0.573489 bias 1
 test_print 3.25098
net matrix:
 -2.16455 0.322895 0.0286885
outputs matrix:
 0.0130079 0.656061 0.51434
error matrix:
 -0.0130079 -0.656061 0.48566
delta matrix:
 -0.00033401 -0.296074 0.24263
weights_delta matrix:
 -1.86805e-05 -0.0165588 0.0135698
 -1.13492e-05 -0.0100601 0.00824421
 -2.60002e-05 -0.0230472 0.018887
 -1.91551e-05 -0.0169795 0.0139146
 -3.3401e-05 -0.0296074 0.024263
weights matrix:
 -1.06222 0.226523 -0.0714426
 1.99094 -2.61428 -0.656511
 -2.57651 1.08496 2.34712
 -2.17386 -1.18469 3.27535
 1.00526 0.849384 -3.35639
regression_error on 'test' 0.0756104
classification_error on 'test' 0.105263
Save,4898,0.0756104,0.105263
sample_count 75 Sample index 37
 i 0:0.720948 i 1:0.551523 i 2:0.82379 i 3:0.901998 bias 1
 test_print 3.99826
net matrix:
 -2.74581 -0.603957 1.11792
outputs matrix:
 0.00410425 0.23007 0.903422
error matrix:
 -0.00410425 -0.23007 0.0965777
delta matrix:
 -3.35514e-05 -0.0815084 0.0168529
weights_delta matrix:
 -2.41888e-06 -0.00587633 0.00121501
 -1.85044e-06 -0.00449538 0.000929476
 -2.76393e-06 -0.00671458 0.00138832
 -3.02633e-06 -0.00735204 0.00152013
 -3.35514e-06 -0.00815084 0.00168529
weights matrix:
 -1.06222 0.220646 -0.0702276
 1.99094 -2.61878 -0.655582
 -2.57651 1.07824 2.34851
 -2.17386 -1.19205 3.27687
 1.00526 0.841233 -3.3547
regression_error on 'test' 0.0753789
classification_error on 'test' 0.105263
Save,4899,0.0753789,0.105263
sample_count 75 Sample index 40
 i 0:0.328323 i 1:0.763262 i 2:0.158468 i 3:0.171977 bias 1
 test_print 2.42203
net matrix:
 1.39397 -1.11928 -2.94243
outputs matrix:
 0.94202 0.0963416 0.00277353
error matrix:
 0.0579797 -0.0963416 -0.00277353
delta matrix:
 0.00633348 -0.016775 -1.53423e-05
weights_delta matrix:
 0.000207943 -0.000550762 -5.03722e-07
 0.000483411 -0.00128037 -1.17102e-06
 0.000100365 -0.00026583 -2.43126e-07
 0.000108921 -0.000288491 -2.63852e-07
 0.000633348 -0.0016775 -1.53423e-06
weights matrix:
 -1.06201 0.220096 -0.0702281
 1.99143 -2.62006 -0.655583
 -2.57641 1.07798 2.34851
 -2.17375 -1.19234 3.27687
 1.00589 0.839555 -3.3547
regression_error on 'test' 0.0753573
classification_error on 'test' 0.105263
Save,4900,0.0753573,0.105263
sample_count 75 Sample index 61
 i 0:0.697853 i 1:0.480944 i 2:0.687702 i 3:0.682992 bias 1
 test_print 3.54949
net matrix:
 -2.03393 -0.33998 0.134141
outputs matrix:
 0.0168259 0.33627 0.566671
error matrix:
 -0.0168259 0.66373 -0.566671
delta matrix:
 -0.000556696 0.296279 -0.278298
weights_delta matrix:
 -3.88492e-05 0.0206759 -0.0194211
 -2.6774e-05 0.0142494 -0.0133846
 -3.82841e-05 0.0203752 -0.0191386
 -3.80219e-05 0.0202356 -0.0190075
 -5.56696e-05 0.0296279 -0.0278298
weights matrix:
 -1.06205 0.240771 -0.0896492
 1.9914 -2.60581 -0.668967
 -2.57645 1.09835 2.32937
 -2.17379 -1.1721 3.25787
 1.00583 0.869183 -3.38253
regression_error on 'test' 0.0764004
classification_error on 'test' 0.0526316
Save,4901,0.0764004,0.0526316
sample_count 75 Sample index 53
 i 0:0.489992 i 1:0.410364 i 2:0.702823 i 3:0.938499 bias 1
 test_print 3.54168
net matrix:
 -2.54825 -0.410238 0.993657
outputs matrix:
 0.0060809 0.305663 0.879459
error matrix:
 -0.0060809 -0.305663 0.120541
delta matrix:
 -7.35049e-05 -0.129743 0.0255574
weights_delta matrix:
 -3.60168e-06 -0.00635733 0.00125229
 -3.01638e-06 -0.00532421 0.00104878
 -5.16609e-06 -0.00911867 0.00179623
 -6.89843e-06 -0.0121764 0.00239856
 -7.35049e-06 -0.0129743 0.00255574
weights matrix:
 -1.06206 0.234414 -0.0883969
 1.9914 -2.61113 -0.667918
 -2.57645 1.08923 2.33116
 -2.1738 -1.18428 3.26026
 1.00583 0.856209 -3.37998
regression_error on 'test' 0.0758872
classification_error on 'test' 0.0789474
Save,4902,0.0758872,0.0789474
sample_count 75 Sample index 63
 i 0:0.420705 i 1:0.904421 i 2:0.143347 i 3:0.135476 bias 1
 test_print 2.60395
net matrix:
 1.69625 -1.41104 -3.24539
outputs matrix:
 0.967469 0.0561428 0.00151506
error matrix:
 0.0325306 -0.0561428 -0.00151506
delta matrix:
 0.00204764 -0.0059501 -4.58387e-06
weights_delta matrix:
 8.6145e-05 -0.000250324 -1.92846e-07
 0.000185192 -0.000538139 -4.14574e-07
 2.93522e-05 -8.52929e-05 -6.57083e-08
 2.77405e-05 -8.06096e-05 -6.21004e-08
 0.000204764 -0.00059501 -4.58387e-07
weights matrix:
 -1.06197 0.234164 -0.0883971
 1.99158 -2.61167 -0.667919
 -2.57642 1.08915 2.33116
 -2.17377 -1.18436 3.26026
 1.00603 0.855614 -3.37998
regression_error on 'test' 0.075875
classification_error on 'test' 0.0789474
Save,4903,0.075875,0.0789474
sample_count 75 Sample index 41
 i 0:0.674757 i 1:0.445654 i 2:0.627218 i 3:0.536988 bias 1
 test_print 3.28462
net matrix:
 -1.60625 -0.103136 -0.524413
outputs matrix:
 0.0386979 0.448614 0.25945
error matrix:
 -0.0386979 0.551386 -0.25945
delta matrix:
 -0.00287916 0.272781 -0.0996995
weights_delta matrix:
 -0.000194273 0.0184061 -0.00672729
 -0.000128311 0.0121566 -0.00444315
 -0.000180586 0.0171093 -0.00625333
 -0.000154607 0.014648 -0.00535374
 -0.000287916 0.0272781 -0.00996995
weights matrix:
 -1.06216 0.25257 -0.0951244
 1.99145 -2.59951 -0.672362
 -2.5766 1.10626 2.32491
 -2.17392 -1.16971 3.25491
 1.00574 0.882892 -3.38995
regression_error on 'test' 0.0770064
classification_error on 'test' 0.0789474
Save,4904,0.0770064,0.0789474
sample_count 75 Sample index 9
 i 0:0.351418 i 1:0.375074 i 2:0.521371 i 3:0.573489 bias 1
 test_print 2.82135
net matrix:
 -1.21067 -0.097405 -0.596764
outputs matrix:
 0.0815604 0.451451 0.232628
error matrix:
 -0.0815604 0.548549 -0.232628
delta matrix:
 -0.0122191 0.271689 -0.0830541
weights_delta matrix:
 -0.000429401 0.00954763 -0.00291867
 -0.000458306 0.0101903 -0.00311514
 -0.000637068 0.0141651 -0.0043302
 -0.000700751 0.015581 -0.00476306
 -0.00122191 0.0271689 -0.00830541
weights matrix:
 -1.06259 0.262118 -0.0980431
 1.991 -2.58932 -0.675477
 -2.57724 1.12042 2.32058
 -2.17463 -1.15413 3.25015
 1.00452 0.910061 -3.39825
regression_error on 'test' 0.0783717
classification_error on 'test' 0.0789474
Save,4905,0.0783717,0.0789474
sample_count 75 Sample index 4
 i 0:0.212844 i 1:0.516233 i 2:0.158468 i 3:0.135476 bias 1
 test_print 2.02302
net matrix:
 1.10315 -0.349649 -2.95977
outputs matrix:
 0.900814 0.331968 0.00267925
error matrix:
 0.0991858 -0.331968 -0.00267925
delta matrix:
 0.0177241 -0.147238 -1.43182e-05
weights_delta matrix:
 0.000377247 -0.00313387 -3.04755e-07
 0.000914977 -0.0076009 -7.39155e-07
 0.00028087 -0.00233325 -2.26898e-07
 0.000240119 -0.00199472 -1.93978e-07
 0.00177241 -0.0147238 -1.43182e-06
weights matrix:
 -1.06222 0.258984 -0.0980434
 1.99191 -2.59693 -0.675478
 -2.57696 1.11809 2.32058
 -2.17439 -1.15612 3.25015
 1.00629 0.895337 -3.39825
regression_error on 'test' 0.0778595
classification_error on 'test' 0.0789474
Save,4906,0.0778595,0.0789474
sample_count 75 Sample index 54
 i 0:0.305227 i 1:0.622103 i 2:0.158468 i 3:0.135476 bias 1
 test_print 2.22127
net matrix:
 1.21831 -0.620615 -3.04034
outputs matrix:
 0.919577 0.224222 0.0022814
error matrix:
 0.080423 -0.224222 -0.0022814
delta matrix:
 0.0118954 -0.0780053 -1.03858e-05
weights_delta matrix:
 0.000363079 -0.00238093 -3.17003e-07
 0.000740015 -0.00485273 -6.46105e-07
 0.000188504 -0.00123613 -1.64582e-07
 0.000161154 -0.00105678 -1.40703e-07
 0.00118954 -0.00780053 -1.03858e-06
weights matrix:
 -1.06185 0.256603 -0.0980437
 1.99265 -2.60178 -0.675479
 -2.57677 1.11685 2.32058
 -2.17422 -1.15718 3.25015
 1.00748 0.887536 -3.39825
regression_error on 'test' 0.0775954
classification_error on 'test' 0.0789474
Save,4907,0.0775954,0.0789474
sample_count 75 Sample index 38
 i 0:0.397609 i 1:0.798551 i 2:0.128226 i 3:0.208478 bias 1
 test_print 2.53286
net matrix:
 1.39283 -1.18613 -3.0015
outputs matrix:
 0.941896 0.0853134 0.00246524
error matrix:
 0.0581044 -0.0853134 -0.00246524
delta matrix:
 0.00635991 -0.0133149 -1.21249e-05
weights_delta matrix:
 0.000252876 -0.000529411 -4.82096e-07
 0.000507871 -0.00106326 -9.68233e-07
 8.15506e-05 -0.000170731 -1.55472e-07
 0.00013259 -0.000277585 -2.52777e-07
 0.000635991 -0.00133149 -1.21249e-06
weights matrix:
 -1.0616 0.256073 -0.0980442
 1.99316 -2.60284 -0.67548
 -2.57669 1.11668 2.32058
 -2.17409 -1.15746 3.25015
 1.00812 0.886205 -3.39826
regression_error on 'test' 0.077547
classification_error on 'test' 0.0789474
Save,4908,0.077547,0.0789474
sample_count 75 Sample index 5
 i 0:0.536183 i 1:0.198626 i 2:0.687702 i 3:0.60999 bias 1
 test_print 3.0325
net matrix:
 -2.26337 0.568424 -0.00656897
outputs matrix:
 0.0107002 0.7571 0.496716
error matrix:
 -0.0107002 -0.7571 0.503284
delta matrix:
 -0.000226537 -0.278461 0.251631
weights_delta matrix:
 -1.21465e-05 -0.0149306 0.013492
 -4.49962e-06 -0.00553095 0.00499805
 -1.5579e-05 -0.0191498 0.0173047
 -1.38185e-05 -0.0169858 0.0153493
 -2.26537e-05 -0.0278461 0.0251631
weights matrix:
 -1.06161 0.241143 -0.0845521
 1.99315 -2.60837 -0.670481
 -2.5767 1.09753 2.33788
 -2.17411 -1.17444 3.2655
 1.0081 0.858359 -3.37309
regression_error on 'test' 0.0761095
classification_error on 'test' 0.0789474
Save,4909,0.0761095,0.0789474
sample_count 75 Sample index 50
 i 0:0.489992 i 1:0.833841 i 2:0.113105 i 3:0.135476 bias 1
 test_print 2.57241
net matrix:
 1.56391 -1.23342 -3.26677
outputs matrix:
 0.958026 0.0782153 0.00145173
error matrix:
 0.0419741 -0.0782153 -0.00145173
delta matrix:
 0.00337576 -0.0112783 -4.2089e-06
weights_delta matrix:
 0.000165409 -0.000552627 -2.06233e-07
 0.000281484 -0.000940429 -3.50956e-07
 3.81815e-05 -0.000127563 -4.76048e-08
 4.57334e-05 -0.000152794 -5.70205e-08
 0.000337576 -0.00112783 -4.2089e-07
weights matrix:
 -1.06145 0.24059 -0.0845524
 1.99344 -2.60931 -0.670482
 -2.57667 1.09741 2.33788
 -2.17406 -1.1746 3.2655
 1.00843 0.857231 -3.37309
regression_error on 'test' 0.0760827
classification_error on 'test' 0.0789474
Save,4910,0.0760827,0.0789474
sample_count 75 Sample index 37
 i 0:0.720948 i 1:0.551523 i 2:0.82379 i 3:0.901998 bias 1
 test_print 3.99826
net matrix:
 -2.74102 -0.563863 1.06756
outputs matrix:
 0.0041436 0.244581 0.89427
error matrix:
 -0.0041436 -0.244581 0.10573
delta matrix:
 -3.41966e-05 -0.0903782 0.0199938
weights_delta matrix:
 -2.4654e-06 -0.0065158 0.00144145
 -1.88602e-06 -0.00498457 0.0011027
 -2.81708e-06 -0.00744527 0.00164707
 -3.08453e-06 -0.0081521 0.00180344
 -3.41966e-06 -0.00903782 0.00199938
weights matrix:
 -1.06145 0.234074 -0.0831109
 1.99343 -2.6143 -0.669379
 -2.57667 1.08996 2.33953
 -2.17406 -1.18275 3.2673
 1.00843 0.848193 -3.37109
regression_error on 'test' 0.0757276
classification_error on 'test' 0.0789474
Save,4911,0.0757276,0.0789474
sample_count 75 Sample index 14
 i 0:0.697853 i 1:0.516233 i 2:0.778427 i 3:0.938499 bias 1
 test_print 3.93101
net matrix:
 -2.74933 -0.599596 1.11286
outputs matrix:
 0.00407554 0.231619 0.902536
error matrix:
 -0.00407554 -0.231619 0.0974639
delta matrix:
 -3.30846e-05 -0.0824431 0.0171468
weights_delta matrix:
 -2.30882e-06 -0.00575332 0.00119659
 -1.70794e-06 -0.00425599 0.000885173
 -2.5754e-06 -0.0064176 0.00133475
 -3.10499e-06 -0.00773728 0.00160922
 -3.30846e-06 -0.00824431 0.00171468
weights matrix:
 -1.06145 0.228321 -0.0819143
 1.99343 -2.61855 -0.668494
 -2.57667 1.08354 2.34087
 -2.17407 -1.19048 3.26891
 1.00843 0.839949 -3.36938
regression_error on 'test' 0.0754638
classification_error on 'test' 0.0789474
Save,4912,0.0754638,0.0789474
sample_count 75 Sample index 61
 i 0:0.697853 i 1:0.480944 i 2:0.687702 i 3:0.682992 bias 1
 test_print 3.54949
net matrix:
 -2.03043 -0.328031 0.0944055
outputs matrix:
 0.0169421 0.341625 0.547063
error matrix:
 -0.0169421 0.658375 -0.547063
delta matrix:
 -0.000564343 0.29616 -0.271108
weights_delta matrix:
 -3.93828e-05 0.0206676 -0.0189194
 -2.71417e-05 0.0142436 -0.0130388
 -3.881e-05 0.020367 -0.0186442
 -3.85442e-05 0.0202275 -0.0185165
 -5.64343e-05 0.029616 -0.0271108
weights matrix:
 -1.06149 0.248989 -0.100834
 1.9934 -2.60431 -0.681533
 -2.57671 1.10391 2.32222
 -2.1741 -1.17026 3.25039
 1.00837 0.869565 -3.39649
regression_error on 'test' 0.0768023
classification_error on 'test' 0.0789474
Save,4913,0.0768023,0.0789474
sample_count 75 Sample index 8
 i 0:0.489992 i 1:0.375074 i 2:0.702823 i 3:0.755994 bias 1
 test_print 3.32388
net matrix:
 -2.21866 -0.0940956 0.387865
outputs matrix:
 0.0116894 0.453091 0.684759
error matrix:
 -0.0116894 -0.453091 0.315241
delta matrix:
 -0.000270088 -0.224551 0.136098
weights_delta matrix:
 -1.32341e-05 -0.0110028 0.00666871
 -1.01303e-05 -0.00842233 0.00510469
 -1.89824e-05 -0.015782 0.0095653
 -2.04185e-05 -0.0169759 0.0102889
 -2.70088e-05 -0.0224551 0.0136098
weights matrix:
 -1.0615 0.237986 -0.094165
 1.99339 -2.61273 -0.676428
 -2.57673 1.08813 2.33179
 -2.17412 -1.18723 3.26068
 1.00834 0.84711 -3.38288
regression_error on 'test' 0.0757997
classification_error on 'test' 0.0789474
Save,4914,0.0757997,0.0789474
sample_count 75 Sample index 72
 i 0:0.905713 i 1:0.480944 i 2:0.929637 i 3:0.828996 bias 1
 test_print 4.14529
net matrix:
 -3.19213 -0.166569 1.07732
outputs matrix:
 0.00168508 0.417477 0.896101
error matrix:
 -0.00168508 -0.417477 0.103899
delta matrix:
 -5.66942e-06 -0.203053 0.0193468
weights_delta matrix:
 -5.13487e-07 -0.0183908 0.00175227
 -2.72667e-07 -0.0097657 0.000930475
 -5.2705e-07 -0.0188765 0.00179855
 -4.69992e-07 -0.016833 0.00160385
 -5.66942e-07 -0.0203053 0.00193468
weights matrix:
 -1.0615 0.219595 -0.0924127
 1.99339 -2.6225 -0.675498
 -2.57673 1.06925 2.33358
 -2.17413 -1.20407 3.26229
 1.00834 0.826805 -3.38094
regression_error on 'test' 0.0752241
classification_error on 'test' 0.0789474
Save,4915,0.0752241,0.0789474
sample_count 75 Sample index 21
 i 0:0.836426 i 1:0.445654 i 2:0.884274 i 3:0.719493 bias 1
 test_print 3.88585
net matrix:
 -2.83397 -0.0790529 0.65144
outputs matrix:
 0.0034431 0.460556 0.786319
error matrix:
 -0.0034431 -0.460556 0.213681
delta matrix:
 -2.36282e-05 -0.228845 0.0718057
weights_delta matrix:
 -1.97633e-06 -0.0191412 0.00600602
 -1.053e-06 -0.0101986 0.00320005
 -2.08938e-06 -0.0202361 0.00634959
 -1.70004e-06 -0.0164652 0.00516637
 -2.36282e-06 -0.0228845 0.00718057
weights matrix:
 -1.06151 0.200454 -0.0864067
 1.99339 -2.6327 -0.672298
 -2.57673 1.04902 2.33993
 -2.17413 -1.22053 3.26745
 1.00834 0.80392 -3.37376
regression_error on 'test' 0.0749161
classification_error on 'test' 0.105263
Save,4916,0.0749161,0.105263
sample_count 75 Sample index 22
 i 0:0.305227 i 1:0.233915 i 2:0.430645 i 3:0.427485 bias 1
 test_print 2.39727
net matrix:
 -0.888439 0.179271 -1.15293
outputs matrix:
 0.144689 0.588688 0.0906387
error matrix:
 -0.144689 0.411312 -0.0906387
delta matrix:
 -0.0358117 0.199186 -0.0149415
weights_delta matrix:
 -0.00109307 0.00607969 -0.000456054
 -0.00083769 0.00465926 -0.000349504
 -0.00154221 0.00857784 -0.000643447
 -0.0015309 0.0085149 -0.000638726
 -0.00358117 0.0199186 -0.00149415
weights matrix:
 -1.0626 0.206534 -0.0868627
 1.99256 -2.62804 -0.672647
 -2.57827 1.05759 2.33929
 -2.17566 -1.21202 3.26681
 1.00476 0.823839 -3.37526
regression_error on 'test' 0.0749864
classification_error on 'test' 0.105263
Save,4917,0.0749864,0.105263
sample_count 75 Sample index 68
 i 0:0.305227 i 1:0.657392 i 2:0.173589 i 3:0.281481 bias 1
 test_print 2.41769
net matrix:
 0.930349 -0.998345 -2.51834
outputs matrix:
 0.865378 0.119551 0.00645332
error matrix:
 0.134622 -0.119551 -0.00645332
delta matrix:
 0.0313666 -0.0251675 -8.27532e-05
weights_delta matrix:
 0.000957392 -0.000768179 -2.52585e-06
 0.00206201 -0.00165449 -5.44013e-06
 0.000544489 -0.000436879 -1.4365e-06
 0.000882909 -0.000708416 -2.32935e-06
 0.00313666 -0.00251675 -8.27532e-06
weights matrix:
 -1.06164 0.205765 -0.0868653
 1.99462 -2.62969 -0.672652
 -2.57773 1.05716 2.33929
 -2.17477 -1.21272 3.26681
 1.0079 0.821322 -3.37527
regression_error on 'test' 0.0749728
classification_error on 'test' 0.105263
Save,4918,0.0749728,0.105263
sample_count 75 Sample index 7
 i 0:0.651661 i 1:0.410364 i 2:0.627218 i 3:0.60999 bias 1
 test_print 3.29923
net matrix:
 -1.80881 -0.200402 -0.247939
outputs matrix:
 0.0261448 0.401119 0.37851
error matrix:
 -0.0261448 0.598881 -0.37851
delta matrix:
 -0.00133136 0.287729 -0.178081
weights_delta matrix:
 -8.67596e-05 0.0187502 -0.0116049
 -5.46343e-05 0.0118074 -0.00730781
 -8.35054e-05 0.0180469 -0.0111696
 -8.12117e-05 0.0175512 -0.0108628
 -0.000133136 0.0287729 -0.0178081
weights matrix:
 -1.06173 0.224516 -0.0984701
 1.99456 -2.61788 -0.67996
 -2.57781 1.0752 2.32812
 -2.17486 -1.19517 3.25595
 1.00776 0.850095 -3.39307
regression_error on 'test' 0.0756225
classification_error on 'test' 0.0789474
Save,4919,0.0756225,0.0789474
sample_count 75 Sample index 67
 i 0:0.443801 i 1:0.375074 i 2:0.566734 i 3:0.536988 bias 1
 test_print 2.9226
net matrix:
 -1.34413 -0.0646049 -0.623982
outputs matrix:
 0.0636695 0.467742 0.223053
error matrix:
 -0.0636695 0.532258 -0.223053
delta matrix:
 -0.00759141 0.265021 -0.0773103
weights_delta matrix:
 -0.000336907 0.0117617 -0.00343104
 -0.000284734 0.00994025 -0.00289971
 -0.000430231 0.0150196 -0.00438143
 -0.000407649 0.0142313 -0.00415147
 -0.000759141 0.0265021 -0.00773103
weights matrix:
 -1.06207 0.236277 -0.101901
 1.99428 -2.60794 -0.68286
 -2.57824 1.09022 2.32374
 -2.17526 -1.18094 3.2518
 1.007 0.876597 -3.40081
regression_error on 'test' 0.0764419
classification_error on 'test' 0.0789474
Save,4920,0.0764419,0.0789474
sample_count 75 Sample index 13
 i 0:0.420705 i 1:0.269205 i 2:0.491129 i 3:0.427485 bias 1
 test_print 2.60852
net matrix:
 -1.09909 0.304533 -1.09616
outputs matrix:
 0.0999147 0.647728 0.100443
error matrix:
 -0.0999147 0.352272 -0.100443
delta matrix:
 -0.017971 0.16076 -0.0181509
weights_delta matrix:
 -0.00075605 0.00676327 -0.000763617
 -0.000483789 0.00432775 -0.000488631
 -0.000882609 0.00789541 -0.000891443
 -0.000768234 0.00687227 -0.000775924
 -0.0017971 0.016076 -0.00181509
weights matrix:
 -1.06282 0.243041 -0.102665
 1.99379 -2.60362 -0.683349
 -2.57913 1.09812 2.32285
 -2.17603 -1.17407 3.25102
 1.00521 0.892673 -3.40262
regression_error on 'test' 0.0769963
classification_error on 'test' 0.0789474
Save,4921,0.0769963,0.0789474
sample_count 75 Sample index 71
 i 0:0.143558 i 1:0.480944 i 2:0.0979839 i 3:0.0989754 bias 1
 test_print 1.82146
net matrix:
 1.34345 -0.333236 -3.19664
outputs matrix:
 0.936249 0.339287 0.00166997
error matrix:
 0.0637512 -0.339287 -0.00166997
delta matrix:
 0.00761023 -0.152117 -5.56829e-06
weights_delta matrix:
 0.000109251 -0.00218376 -7.99372e-08
 0.000366009 -0.00731597 -2.67803e-07
 7.4568e-05 -0.0014905 -5.45602e-08
 7.53225e-05 -0.00150558 -5.51123e-08
 0.000761023 -0.0152117 -5.56829e-07
weights matrix:
 -1.06271 0.240857 -0.102665
 1.99416 -2.61093 -0.683349
 -2.57905 1.09663 2.32285
 -2.17596 -1.17558 3.25102
 1.00597 0.877461 -3.40262
regression_error on 'test' 0.0766609
classification_error on 'test' 0.0789474
Save,4922,0.0766609,0.0789474
sample_count 75 Sample index 1
 i 0:0.582374 i 1:0.445654 i 2:0.581855 i 3:0.536988 bias 1
 test_print 3.14687
net matrix:
 -1.39332 -0.139034 -0.669629
outputs matrix:
 0.0580504 0.430927 0.207632
error matrix:
 -0.0580504 0.569073 -0.207632
delta matrix:
 -0.00634845 0.279106 -0.0683197
weights_delta matrix:
 -0.000369717 0.0162544 -0.00397876
 -0.000282921 0.0124385 -0.00304469
 -0.000369388 0.0162399 -0.00397522
 -0.000340904 0.0149877 -0.00366869
 -0.000634845 0.0279106 -0.00683197
weights matrix:
 -1.06308 0.257111 -0.106644
 1.99388 -2.59849 -0.686394
 -2.57942 1.11287 2.31887
 -2.1763 -1.16059 3.24735
 1.00533 0.905372 -3.40945
regression_error on 'test' 0.0780365
classification_error on 'test' 0.0789474
Save,4923,0.0780365,0.0789474
sample_count 75 Sample index 74
 i 0:0.443801 i 1:0.480944 i 2:0.551613 i 3:0.536988 bias 1
 test_print 3.01335
net matrix:
 -1.09901 -0.239601 -0.76399
outputs matrix:
 0.0999286 0.38244 0.178289
error matrix:
 -0.0999286 0.61756 -0.178289
delta matrix:
 -0.0179757 0.29171 -0.0522396
weights_delta matrix:
 -0.000797765 0.0129461 -0.0023184
 -0.000864532 0.0140296 -0.00251243
 -0.000991565 0.0160911 -0.0028816
 -0.000965275 0.0156645 -0.0028052
 -0.00179757 0.029171 -0.00522396
weights matrix:
 -1.06388 0.270057 -0.108962
 1.99301 -2.58446 -0.688906
 -2.58041 1.12896 2.31599
 -2.17726 -1.14492 3.24455
 1.00354 0.934543 -3.41468
regression_error on 'test' 0.0798294
classification_error on 'test' 0.0789474
Save,4924,0.0798294,0.0789474
sample_count 75 Sample index 34
 i 0:0.767139 i 1:0.551523 i 2:0.642339 i 3:0.573489 bias 1
 test_print 3.53449
net matrix:
 -1.61955 -0.215104 -0.529851
outputs matrix:
 0.0377203 0.394077 0.257366
error matrix:
 -0.0377203 0.605923 -0.257366
delta matrix:
 -0.00273831 0.289365 -0.0983802
weights_delta matrix:
 -0.000210066 0.0221983 -0.00754713
 -0.000151024 0.0159591 -0.0054259
 -0.000175892 0.018587 -0.00631935
 -0.000157039 0.0165948 -0.005642
 -0.000273831 0.0289365 -0.00983802
weights matrix:
 -1.06409 0.292256 -0.116509
 1.99286 -2.56851 -0.694332
 -2.58059 1.14755 2.30967
 -2.17742 -1.12833 3.2389
 1.00326 0.963479 -3.42452
regression_error on 'test' 0.0825833
classification_error on 'test' 0.105263
Save,4925,0.0825833,0.105263
sample_count 75 Sample index 63
 i 0:0.420705 i 1:0.904421 i 2:0.143347 i 3:0.135476 bias 1
 test_print 2.60395
net matrix:
 1.69307 -1.22494 -3.33162
outputs matrix:
 0.967269 0.0794471 0.00127537
error matrix:
 0.0327314 -0.0794471 -0.00127537
delta matrix:
 0.00207255 -0.0116208 -3.24899e-06
weights_delta matrix:
 8.71932e-05 -0.000488892 -1.36686e-07
 0.000187446 -0.00105101 -2.93845e-07
 2.97094e-05 -0.00016658 -4.65732e-08
 2.80781e-05 -0.000157434 -4.4016e-08
 0.000207255 -0.00116208 -3.24899e-07
weights matrix:
 -1.064 0.291767 -0.116509
 1.99305 -2.56956 -0.694332
 -2.58056 1.14738 2.30967
 -2.17739 -1.12849 3.2389
 1.00347 0.962317 -3.42452
regression_error on 'test' 0.0825037
classification_error on 'test' 0.105263
Save,4926,0.0825037,0.105263
sample_count 75 Sample index 57
 i 0:0.374514 i 1:0.727972 i 2:0.158468 i 3:0.135476 bias 1
 test_print 2.39643
net matrix:
 1.35195 -0.770037 -3.1688
outputs matrix:
 0.937256 0.176525 0.00176541
error matrix:
 0.0627438 -0.176525 -0.00176541
delta matrix:
 0.00737956 -0.0513205 -6.22236e-06
weights_delta matrix:
 0.000276375 -0.00192203 -2.33036e-07
 0.000537211 -0.00373599 -4.5297e-07
 0.000116942 -0.000813266 -9.86045e-08
 9.99753e-05 -0.00069527 -8.42981e-08
 0.000737956 -0.00513205 -6.22236e-07
weights matrix:
 -1.06373 0.289845 -0.11651
 1.99359 -2.57329 -0.694333
 -2.58044 1.14657 2.30967
 -2.17729 -1.12918 3.2389
 1.00421 0.957185 -3.42452
regression_error on 'test' 0.0821778
classification_error on 'test' 0.0789474
Save,4927,0.0821778,0.0789474
sample_count 75 Sample index 16
 i 0:0.60547 i 1:0.304495 i 2:0.687702 i 3:0.755994 bias 1
 test_print 3.35366
net matrix:
 -2.45341 0.283964 0.330477
outputs matrix:
 0.00734173 0.638285 0.659475
error matrix:
 -0.00734173 -0.638285 0.340525
delta matrix:
 -0.000107011 -0.294731 0.152942
weights_delta matrix:
 -6.47917e-06 -0.0178451 0.00926018
 -3.25842e-06 -0.00897441 0.00465701
 -7.35914e-06 -0.0202687 0.0105179
 -8.08994e-06 -0.0222815 0.0115623
 -1.07011e-05 -0.0294731 0.0152942
weights matrix:
 -1.06373 0.272 -0.107249
 1.99358 -2.58227 -0.689676
 -2.58045 1.1263 2.32019
 -2.1773 -1.15146 3.25047
 1.0042 0.927712 -3.40922
regression_error on 'test' 0.0793628
classification_error on 'test' 0.0789474
Save,4928,0.0793628,0.0789474
sample_count 75 Sample index 19
 i 0:0.674757 i 1:0.480944 i 2:0.596976 i 3:0.573489 bias 1
 test_print 3.32617
net matrix:
 -1.54389 -0.118658 -0.564081
outputs matrix:
 0.0436143 0.440948 0.2445
error matrix:
 -0.0436143 0.559052 -0.2445
delta matrix:
 -0.00363849 0.275627 -0.0903282
weights_delta matrix:
 -0.00024551 0.0185981 -0.00609496
 -0.000174991 0.0132561 -0.00434428
 -0.000217209 0.0164543 -0.00539238
 -0.000208663 0.0158069 -0.00518022
 -0.000363849 0.0275627 -0.00903282
weights matrix:
 -1.06398 0.290598 -0.113344
 1.99341 -2.56901 -0.69402
 -2.58067 1.14275 2.3148
 -2.17751 -1.13566 3.24529
 1.00383 0.955275 -3.41826
regression_error on 'test' 0.0817217
classification_error on 'test' 0.0789474
Save,4929,0.0817217,0.0789474
sample_count 75 Sample index 71
 i 0:0.143558 i 1:0.480944 i 2:0.0979839 i 3:0.0989754 bias 1
 test_print 1.82146
net matrix:
 1.34142 -0.238988 -3.2203
outputs matrix:
 0.936007 0.38273 0.00159292
error matrix:
 0.0639931 -0.38273 -0.00159292
delta matrix:
 0.00766612 -0.180838 -5.06673e-06
weights_delta matrix:
 0.000110053 -0.00259608 -7.27369e-08
 0.000368698 -0.00869731 -2.43681e-07
 7.51157e-05 -0.00177192 -4.96458e-08
 7.58758e-05 -0.00178985 -5.01481e-08
 0.000766612 -0.0180838 -5.06673e-07
weights matrix:
 -1.06387 0.288002 -0.113344
 1.99378 -2.57771 -0.69402
 -2.58059 1.14098 2.3148
 -2.17743 -1.13745 3.24529
 1.0046 0.937191 -3.41826
regression_error on 'test' 0.0808623
classification_error on 'test' 0.0789474
Save,4930,0.0808623,0.0789474
sample_count 75 Sample index 33
 i 0:0.559279 i 1:0.480944 i 2:0.672581 i 3:0.719493 bias 1
 test_print 3.4323
net matrix:
 -1.93381 -0.192452 0.0764173
outputs matrix:
 0.0204799 0.404945 0.538134
error matrix:
 -0.0204799 -0.404945 0.461866
delta matrix:
 -0.00082167 -0.195155 0.229589
weights_delta matrix:
 -4.59543e-05 -0.0109146 0.0128405
 -3.95177e-05 -0.00938585 0.011042
 -5.5264e-05 -0.0131257 0.0154418
 -5.91186e-05 -0.0140412 0.0165188
 -8.2167e-05 -0.0195155 0.0229589
weights matrix:
 -1.06391 0.277087 -0.100504
 1.99374 -2.58709 -0.682978
 -2.58065 1.12785 2.33024
 -2.17749 -1.15149 3.26181
 1.00452 0.917676 -3.3953
regression_error on 'test' 0.0788696
classification_error on 'test' 0.0789474
Save,4931,0.0788696,0.0789474
sample_count 75 Sample index 5
 i 0:0.536183 i 1:0.198626 i 2:0.687702 i 3:0.60999 bias 1
 test_print 3.0325
net matrix:
 -2.27289 0.625613 0.00733551
outputs matrix:
 0.0105004 0.777512 0.503668
error matrix:
 -0.0105004 -0.777512 0.496332
delta matrix:
 -0.000218202 -0.268999 0.248153
weights_delta matrix:
 -1.16996e-05 -0.0144233 0.0133055
 -4.33405e-06 -0.00534302 0.00492896
 -1.50058e-05 -0.0184991 0.0170655
 -1.33101e-05 -0.0164087 0.0151371
 -2.18202e-05 -0.0268999 0.0248153
weights matrix:
 -1.06393 0.262664 -0.0871984
 1.99373 -2.59244 -0.678049
 -2.58066 1.10935 2.3473
 -2.17751 -1.1679 3.27694
 1.00449 0.890776 -3.37048
regression_error on 'test' 0.0771267
classification_error on 'test' 0.0526316
Save,4932,0.0771267,0.0526316
sample_count 75 Sample index 27
 i 0:0.328323 i 1:0.622103 i 2:0.158468 i 3:0.135476 bias 1
 test_print 2.24437
net matrix:
 1.19154 -0.618173 -3.00501
outputs matrix:
 0.915528 0.225073 0.00244804
error matrix:
 0.0844723 -0.225073 -0.00244804
delta matrix:
 0.0130656 -0.0785121 -1.19565e-05
weights_delta matrix:
 0.000428975 -0.00257773 -3.92559e-07
 0.000812817 -0.00488426 -7.43817e-07
 0.000207048 -0.00124417 -1.89472e-07
 0.000177008 -0.00106365 -1.61982e-07
 0.00130656 -0.00785121 -1.19565e-06
weights matrix:
 -1.0635 0.260086 -0.0871988
 1.99455 -2.59732 -0.67805
 -2.58045 1.10811 2.3473
 -2.17733 -1.16896 3.27694
 1.0058 0.882925 -3.37048
regression_error on 'test' 0.0768765
classification_error on 'test' 0.0526316
Save,4933,0.0768765,0.0526316
sample_count 75 Sample index 74
 i 0:0.443801 i 1:0.480944 i 2:0.551613 i 3:0.536988 bias 1
 test_print 3.01335
net matrix:
 -1.09953 -0.267284 -0.680804
outputs matrix:
 0.0998355 0.369452 0.203979
error matrix:
 -0.0998355 0.630548 -0.203979
delta matrix:
 -0.0179441 0.293781 -0.0662408
weights_delta matrix:
 -0.000796362 0.013038 -0.00293978
 -0.000863011 0.0141292 -0.00318581
 -0.000989821 0.0162054 -0.00365393
 -0.000963577 0.0157757 -0.00355705
 -0.00179441 0.0293781 -0.00662408
weights matrix:
 -1.06429 0.273124 -0.0901385
 1.99368 -2.58319 -0.681236
 -2.58144 1.12432 2.34365
 -2.17829 -1.15318 3.27339
 1.00401 0.912303 -3.37711
regression_error on 'test' 0.0783905
classification_error on 'test' 0.0789474
Save,4934,0.0783905,0.0789474
sample_count 75 Sample index 23
 i 0:0.975 i 1:0.763262 i 2:0.899395 i 3:0.792495 bias 1
 test_print 4.43015
net matrix:
 -2.56 -0.695741 0.717055
outputs matrix:
 0.00594051 0.199171 0.807541
error matrix:
 -0.00594051 -0.199171 0.192459
delta matrix:
 -7.016e-05 -0.0635364 0.0598235
weights_delta matrix:
 -6.8406e-06 -0.0061948 0.00583279
 -5.35505e-06 -0.00484949 0.0045661
 -6.31015e-06 -0.00571443 0.0053805
 -5.56014e-06 -0.00503523 0.00474098
 -7.016e-06 -0.00635364 0.00598235
weights matrix:
 -1.0643 0.266929 -0.0843058
 1.99368 -2.58804 -0.67667
 -2.58145 1.1186 2.34903
 -2.1783 -1.15822 3.27813
 1.004 0.905949 -3.37112
regression_error on 'test' 0.0778502
classification_error on 'test' 0.0789474
Save,4935,0.0778502,0.0789474
sample_count 75 Sample index 13
 i 0:0.420705 i 1:0.269205 i 2:0.491129 i 3:0.427485 bias 1
 test_print 2.60852
net matrix:
 -1.10606 0.37579 -1.03373
outputs matrix:
 0.0986667 0.679523 0.1123
error matrix:
 -0.0986667 0.320477 -0.1123
delta matrix:
 -0.0175492 0.139581 -0.0223902
weights_delta matrix:
 -0.000738303 0.00587226 -0.000941966
 -0.000472433 0.0037576 -0.000602755
 -0.000861891 0.00685525 -0.00109965
 -0.000750201 0.0059669 -0.000957147
 -0.00175492 0.0139581 -0.00223902
weights matrix:
 -1.06504 0.272802 -0.0852477
 1.9932 -2.58428 -0.677272
 -2.58231 1.12546 2.34793
 -2.17905 -1.15225 3.27717
 1.00224 0.919907 -3.37336
regression_error on 'test' 0.0785696
classification_error on 'test' 0.0789474
Save,4936,0.0785696,0.0789474
sample_count 75 Sample index 55
 i 0:0.628566 i 1:0.551523 i 2:0.612097 i 3:0.60999 bias 1
 test_print 3.40218
net matrix:
 -1.47773 -0.347884 -0.364277
outputs matrix:
 0.0494794 0.332751 0.325512
error matrix:
 -0.0494794 0.667249 -0.325512
delta matrix:
 -0.00465414 0.296296 -0.142935
weights_delta matrix:
 -0.000292543 0.0186241 -0.0089844
 -0.000256687 0.0163414 -0.00788319
 -0.000284879 0.0181362 -0.008749
 -0.000283898 0.0180737 -0.00871889
 -0.000465414 0.0296296 -0.0142935
weights matrix:
 -1.06533 0.291426 -0.0942321
 1.99295 -2.56794 -0.685156
 -2.5826 1.14359 2.33918
 -2.17933 -1.13418 3.26845
 1.00178 0.949537 -3.38766
regression_error on 'test' 0.08095
classification_error on 'test' 0.0789474
Save,4937,0.08095,0.0789474
sample_count 75 Sample index 3
 i 0:0.744044 i 1:0.516233 i 2:0.672581 i 3:0.60999 bias 1
 test_print 3.54285
net matrix:
 -1.82842 -0.0819646 -0.244459
outputs matrix:
 0.0251641 0.459109 0.380149
error matrix:
 -0.0251641 0.540891 -0.380149
delta matrix:
 -0.0012346 0.268637 -0.179153
weights_delta matrix:
 -9.18594e-05 0.0199877 -0.0133298
 -6.37339e-05 0.0138679 -0.00924847
 -8.30366e-05 0.018068 -0.0120495
 -7.53091e-05 0.0163866 -0.0109282
 -0.00012346 0.0268637 -0.0179153
weights matrix:
 -1.06542 0.311413 -0.107562
 1.99288 -2.55407 -0.694404
 -2.58268 1.16166 2.32713
 -2.17941 -1.11779 3.25752
 1.00166 0.9764 -3.40557
regression_error on 'test' 0.0839258
classification_error on 'test' 0.105263
Save,4938,0.0839258,0.105263
sample_count 75 Sample index 28
 i 0:0.305227 i 1:0.551523 i 2:0.113105 i 3:0.135476 bias 1
 test_print 2.10533
net matrix:
 1.18821 -0.357223 -3.11686
outputs matrix:
 0.915011 0.328617 0.00195831
error matrix:
 0.0849885 -0.328617 -0.00195831
delta matrix:
 0.0132183 -0.145004 -7.65494e-06
weights_delta matrix:
 0.000403459 -0.00442592 -2.33649e-07
 0.000729022 -0.00799732 -4.22188e-07
 0.000149506 -0.00164007 -8.65812e-08
 0.000179077 -0.00196446 -1.03706e-07
 0.00132183 -0.0145004 -7.65494e-07
weights matrix:
 -1.06502 0.306988 -0.107562
 1.99361 -2.56207 -0.694405
 -2.58253 1.16002 2.32713
 -2.17923 -1.11976 3.25752
 1.00298 0.9619 -3.40557
regression_error on 'test' 0.0829754
classification_error on 'test' 0.0789474
Save,4939,0.0829754,0.0789474
sample_count 75 Sample index 60
 i 0:0.559279 i 1:0.410364 i 2:0.536492 i 3:0.536988 bias 1
 test_print 3.04312
net matrix:
 -1.33028 0.103256 -0.752951
outputs matrix:
 0.0653406 0.551445 0.181547
error matrix:
 -0.0653406 0.448555 -0.181547
delta matrix:
 -0.00798085 0.221903 -0.0539512
weights_delta matrix:
 -0.000446352 0.0124106 -0.00301738
 -0.000327505 0.0091061 -0.00221396
 -0.000428166 0.0119049 -0.00289444
 -0.000428562 0.0119159 -0.00289712
 -0.000798085 0.0221903 -0.00539512
weights matrix:
 -1.06547 0.319398 -0.11058
 1.99329 -2.55297 -0.696618
 -2.58296 1.17193 2.32424
 -2.17966 -1.10784 3.25462
 1.00218 0.98409 -3.41097
regression_error on 'test' 0.0852171
classification_error on 'test' 0.0789474
Save,4940,0.0852171,0.0789474
sample_count 75 Sample index 30
 i 0:0.559279 i 1:0.410364 i 2:0.642339 i 3:0.500487 bias 1
 test_print 3.11247
net matrix:
 -1.52577 0.313392 -0.636834
outputs matrix:
 0.0451514 0.65176 0.21863
error matrix:
 -0.0451514 0.34824 -0.21863
delta matrix:
 -0.00389321 0.158079 -0.0746974
weights_delta matrix:
 -0.000217739 0.00884105 -0.00417767
 -0.000159763 0.00648701 -0.00306531
 -0.000250076 0.0101541 -0.00479811
 -0.00019485 0.00791167 -0.00373851
 -0.000389321 0.0158079 -0.00746974
weights matrix:
 -1.06568 0.328239 -0.114757
 1.99313 -2.54648 -0.699684
 -2.58321 1.18208 2.31944
 -2.17985 -1.09993 3.25089
 1.00179 0.999898 -3.41844
regression_error on 'test' 0.087115
classification_error on 'test' 0.0789474
Save,4941,0.087115,0.0789474
sample_count 75 Sample index 65
 i 0:0.928809 i 1:0.410364 i 2:0.944758 i 3:0.792495 bias 1
 test_print 4.07643
net matrix:
 -3.33815 0.504878 0.955469
outputs matrix:
 0.00125885 0.732972 0.871125
error matrix:
 -0.00125885 -0.732972 0.128875
delta matrix:
 -3.16542e-06 -0.28692 0.0289368
weights_delta matrix:
 -2.94007e-07 -0.0266494 0.00268768
 -1.29898e-07 -0.0117742 0.00118746
 -2.99056e-07 -0.027107 0.00273383
 -2.50858e-07 -0.0227383 0.00229323
 -3.16542e-07 -0.028692 0.00289368
weights matrix:
 -1.06568 0.30159 -0.11207
 1.99313 -2.55825 -0.698496
 -2.58321 1.15497 2.32217
 -2.17985 -1.12267 3.25318
 1.00179 0.971206 -3.41554
regression_error on 'test' 0.0832502
classification_error on 'test' 0.105263
Save,4942,0.0832502,0.105263
sample_count 75 Sample index 74
 i 0:0.443801 i 1:0.480944 i 2:0.551613 i 3:0.536988 bias 1
 test_print 3.01335
net matrix:
 -1.10807 -0.0910848 -0.773359
outputs matrix:
 0.0983112 0.454583 0.175561
error matrix:
 -0.0983112 0.545417 -0.175561
delta matrix:
 -0.0174298 0.270458 -0.050821
weights_delta matrix:
 -0.000773537 0.012003 -0.00225544
 -0.000838276 0.0130075 -0.00244421
 -0.000961451 0.0149188 -0.00280335
 -0.00093596 0.0145233 -0.00272903
 -0.00174298 0.0270458 -0.0050821
weights matrix:
 -1.06646 0.313593 -0.114325
 1.99229 -2.54524 -0.700941
 -2.58417 1.16989 2.31937
 -2.18079 -1.10814 3.25045
 1.00005 0.998252 -3.42063
regression_error on 'test' 0.0860013
classification_error on 'test' 0.0789474
Save,4943,0.0860013,0.0789474
sample_count 75 Sample index 16
 i 0:0.60547 i 1:0.304495 i 2:0.687702 i 3:0.755994 bias 1
 test_print 3.35366
net matrix:
 -2.46482 0.379896 0.349077
outputs matrix:
 0.0071772 0.681308 0.667778
error matrix:
 -0.0071772 -0.681308 0.332222
delta matrix:
 -0.000102285 -0.295861 0.147407
weights_delta matrix:
 -6.19305e-06 -0.0179135 0.00892506
 -3.11453e-06 -0.00900883 0.00448847
 -7.03416e-06 -0.0203464 0.0101372
 -7.73269e-06 -0.0223669 0.0111439
 -1.02285e-05 -0.0295861 0.0147407
weights matrix:
 -1.06646 0.295679 -0.1054
 1.99228 -2.55425 -0.696452
 -2.58418 1.14955 2.32951
 -2.18079 -1.13051 3.26159
 1.00004 0.968666 -3.40589
regression_error on 'test' 0.0824603
classification_error on 'test' 0.0789474
Save,4944,0.0824603,0.0789474
sample_count 75 Sample index 50
 i 0:0.489992 i 1:0.833841 i 2:0.113105 i 3:0.135476 bias 1
 test_print 2.57241
net matrix:
 1.551 -1.03943 -3.33291
outputs matrix:
 0.956975 0.111168 0.00127208
error matrix:
 0.043025 -0.111168 -0.00127208
delta matrix:
 0.00354301 -0.0219689 -3.23226e-06
weights_delta matrix:
 0.000173605 -0.00107646 -1.58378e-07
 0.000295431 -0.00183186 -2.69519e-07
 4.00732e-05 -0.00024848 -3.65585e-08
 4.79993e-05 -0.000297626 -4.37894e-08
 0.000354301 -0.00219689 -3.23226e-07
weights matrix:
 -1.06629 0.294603 -0.1054
 1.99258 -2.55609 -0.696452
 -2.58414 1.1493 2.32951
 -2.18075 -1.13081 3.26159
 1.00039 0.966469 -3.40589
regression_error on 'test' 0.082304
classification_error on 'test' 0.0789474
Save,4945,0.082304,0.0789474
sample_count 75 Sample index 71
 i 0:0.143558 i 1:0.480944 i 2:0.0979839 i 3:0.0989754 bias 1
 test_print 1.82146
net matrix:
 1.33659 -0.219882 -3.2049
outputs matrix:
 0.935426 0.391797 0.00164265
error matrix:
 0.0645744 -0.391797 -0.00164265
delta matrix:
 0.00780117 -0.186724 -5.38775e-06
weights_delta matrix:
 0.000111992 -0.00268058 -7.73454e-08
 0.000375193 -0.0089804 -2.5912e-07
 7.64389e-05 -0.0018296 -5.27912e-08
 7.72124e-05 -0.00184811 -5.33254e-08
 0.000780117 -0.0186724 -5.38775e-07
weights matrix:
 -1.06618 0.291922 -0.1054
 1.99296 -2.56507 -0.696453
 -2.58406 1.14747 2.32951
 -2.18067 -1.13266 3.26159
 1.00117 0.947797 -3.40589
regression_error on 'test' 0.0813303
classification_error on 'test' 0.0789474
Save,4946,0.0813303,0.0789474
sample_count 75 Sample index 15
 i 0:0.720948 i 1:0.410364 i 2:0.65746 i 3:0.573489 bias 1
 test_print 3.36226
net matrix:
 -1.89916 0.210494 -0.365628
outputs matrix:
 0.0219173 0.60372 0.324919
error matrix:
 -0.0219173 0.39628 -0.324919
delta matrix:
 -0.000939682 0.189614 -0.14254
weights_delta matrix:
 -6.77462e-05 0.0136702 -0.0102764
 -3.85612e-05 0.00778107 -0.00584933
 -6.17804e-05 0.0124664 -0.00937144
 -5.38897e-05 0.0108741 -0.00817451
 -9.39682e-05 0.0189614 -0.014254
weights matrix:
 -1.06625 0.305592 -0.115677
 1.99292 -2.55728 -0.702302
 -2.58412 1.15993 2.32014
 -2.18072 -1.12178 3.25342
 1.00108 0.966758 -3.42014
regression_error on 'test' 0.0834497
classification_error on 'test' 0.105263
Save,4947,0.0834497,0.105263
sample_count 75 Sample index 72
 i 0:0.905713 i 1:0.480944 i 2:0.929637 i 3:0.828996 bias 1
 test_print 4.14529
net matrix:
 -3.21626 0.16199 0.991277
outputs matrix:
 0.0016058 0.580294 0.878953
error matrix:
 -0.0016058 -0.580294 0.121047
delta matrix:
 -5.14892e-06 -0.282665 0.0257574
weights_delta matrix:
 -4.66344e-07 -0.0256013 0.00233288
 -2.47634e-07 -0.0135946 0.00123879
 -4.78663e-07 -0.0262775 0.0023945
 -4.26843e-07 -0.0234328 0.00213528
 -5.14892e-07 -0.0282665 0.00257574
weights matrix:
 -1.06625 0.279991 -0.113344
 1.99292 -2.57088 -0.701063
 -2.58412 1.13366 2.32253
 -2.18072 -1.14522 3.25556
 1.00108 0.938491 -3.41756
regression_error on 'test' 0.0803287
classification_error on 'test' 0.0789474
Save,4948,0.0803287,0.0789474
sample_count 75 Sample index 42
 i 0:0.651661 i 1:0.551523 i 2:0.702823 i 3:0.792495 bias 1
 test_print 3.6985
net matrix:
 -2.13901 -0.407766 0.33426
outputs matrix:
 0.0136804 0.306713 0.661172
error matrix:
 -0.0136804 -0.306713 0.338828
delta matrix:
 -0.000369183 -0.130439 0.151811
weights_delta matrix:
 -2.40582e-05 -0.0085002 0.00989295
 -2.03613e-05 -0.00719401 0.00837274
 -2.59471e-05 -0.00916755 0.0106696
 -2.92576e-05 -0.0103372 0.012031
 -3.69183e-05 -0.0130439 0.0151811
weights matrix:
 -1.06627 0.271491 -0.103451
 1.9929 -2.57807 -0.69269
 -2.58415 1.12449 2.3332
 -2.18075 -1.15555 3.26759
 1.00104 0.925448 -3.40238
regression_error on 'test' 0.0789268
classification_error on 'test' 0.0789474
Save,4949,0.0789268,0.0789474
sample_count 75 Sample index 22
 i 0:0.305227 i 1:0.233915 i 2:0.430645 i 3:0.427485 bias 1
 test_print 2.39727
net matrix:
 -0.903337 0.395538 -1.19437
outputs matrix:
 0.141041 0.688062 0.0840361
error matrix:
 -0.141041 0.311938 -0.0840361
delta matrix:
 -0.0341736 0.133904 -0.0129372
weights_delta matrix:
 -0.00104307 0.00408711 -0.000394878
 -0.000799372 0.00313221 -0.00030262
 -0.00147167 0.00576651 -0.000557133
 -0.00146087 0.00572419 -0.000553045
 -0.00341736 0.0133904 -0.00129372
weights matrix:
 -1.06731 0.275578 -0.103846
 1.9921 -2.57494 -0.692993
 -2.58562 1.13026 2.33264
 -2.18221 -1.14983 3.26703
 0.997623 0.938838 -3.40368
regression_error on 'test' 0.079672
classification_error on 'test' 0.0789474
Save,4950,0.079672,0.0789474
sample_count 75 Sample index 41
 i 0:0.674757 i 1:0.445654 i 2:0.627218 i 3:0.536988 bias 1
 test_print 3.28462
net matrix:
 -1.62834 0.0687257 -0.56515
outputs matrix:
 0.0370876 0.534309 0.244106
error matrix:
 -0.0370876 0.465691 -0.244106
delta matrix:
 -0.00264895 0.231749 -0.0900838
weights_delta matrix:
 -0.00017874 0.0156374 -0.00607847
 -0.000118051 0.010328 -0.00401462
 -0.000166147 0.0145357 -0.00565022
 -0.000142245 0.0124447 -0.00483739
 -0.000264895 0.0231749 -0.00900838
weights matrix:
 -1.06749 0.291215 -0.109924
 1.99198 -2.56461 -0.697008
 -2.58579 1.14479 2.32699
 -2.18236 -1.13738 3.2622
 0.997358 0.962013 -3.41269
regression_error on 'test' 0.0817178
classification_error on 'test' 0.0789474
Save,4951,0.0817178,0.0789474
sample_count 75 Sample index 55
 i 0:0.628566 i 1:0.551523 i 2:0.612097 i 3:0.60999 bias 1
 test_print 3.40218
net matrix:
 -1.48898 -0.262452 -0.451944
outputs matrix:
 0.0484317 0.371706 0.288252
error matrix:
 -0.0484317 0.628294 -0.288252
delta matrix:
 -0.00446406 0.293464 -0.118277
weights_delta matrix:
 -0.000280595 0.0184462 -0.0074345
 -0.000246203 0.0161852 -0.00652326
 -0.000273243 0.0179629 -0.00723971
 -0.000272303 0.017901 -0.00721479
 -0.000446406 0.0293464 -0.0118277
weights matrix:
 -1.06777 0.309662 -0.117359
 1.99173 -2.54843 -0.703531
 -2.58606 1.16275 2.31975
 -2.18263 -1.11948 3.25498
 0.996911 0.991359 -3.42451
regression_error on 'test' 0.0849535
classification_error on 'test' 0.0789474
Save,4952,0.0849535,0.0789474
sample_count 75 Sample index 19
 i 0:0.674757 i 1:0.480944 i 2:0.596976 i 3:0.573489 bias 1
 test_print 3.32617
net matrix:
 -1.56119 0.0267797 -0.590529
outputs matrix:
 0.0421931 0.513387 0.234862
error matrix:
 -0.0421931 0.486613 -0.234862
delta matrix:
 -0.00341029 0.243132 -0.0844103
weights_delta matrix:
 -0.000230112 0.0164055 -0.00569565
 -0.000164016 0.0116933 -0.00405966
 -0.000203586 0.0145144 -0.0050391
 -0.000195577 0.0139434 -0.00484084
 -0.000341029 0.0243132 -0.00844103
weights matrix:
 -1.068 0.326067 -0.123054
 1.99157 -2.53673 -0.707591
 -2.58626 1.17727 2.31471
 -2.18282 -1.10554 3.25014
 0.99657 1.01567 -3.43295
regression_error on 'test' 0.0880216
classification_error on 'test' 0.0526316
Save,4953,0.0880216,0.0526316
sample_count 75 Sample index 42
 i 0:0.651661 i 1:0.551523 i 2:0.702823 i 3:0.792495 bias 1
 test_print 3.6985
net matrix:
 -2.14857 -0.219633 0.299157
outputs matrix:
 0.0134246 0.391916 0.64527
error matrix:
 -0.0134246 -0.391916 0.35473
delta matrix:
 -0.000355604 -0.186801 0.162393
weights_delta matrix:
 -2.31733e-05 -0.0121731 0.0105825
 -1.96124e-05 -0.0103025 0.00895633
 -2.49926e-05 -0.0131288 0.0114133
 -2.81814e-05 -0.0148039 0.0128695
 -3.55604e-05 -0.0186801 0.0162393
weights matrix:
 -1.06803 0.313894 -0.112472
 1.99155 -2.54704 -0.698634
 -2.58629 1.16414 2.32613
 -2.18285 -1.12034 3.26301
 0.996535 0.996992 -3.41672
regression_error on 'test' 0.0851082
classification_error on 'test' 0.0789474
Save,4954,0.0851082,0.0789474
sample_count 75 Sample index 55
 i 0:0.628566 i 1:0.551523 i 2:0.612097 i 3:0.60999 bias 1
 test_print 3.40218
net matrix:
 -1.49098 -0.181286 -0.458506
outputs matrix:
 0.0482472 0.410337 0.285567
error matrix:
 -0.0482472 0.589663 -0.285567
delta matrix:
 -0.00443097 0.28535 -0.116522
weights_delta matrix:
 -0.000278515 0.0179362 -0.00732418
 -0.000244378 0.0157377 -0.00642646
 -0.000271218 0.0174662 -0.00713228
 -0.000270285 0.0174061 -0.00710773
 -0.000443097 0.028535 -0.0116522
weights matrix:
 -1.0683 0.33183 -0.119796
 1.9913 -2.5313 -0.705061
 -2.58656 1.18161 2.31899
 -2.18312 -1.10294 3.2559
 0.996092 1.02553 -3.42837
regression_error on 'test' 0.0888901
classification_error on 'test' 0.0526316
Save,4955,0.0888901,0.0526316
sample_count 75 Sample index 30
 i 0:0.559279 i 1:0.410364 i 2:0.642339 i 3:0.500487 bias 1
 test_print 3.11247
net matrix:
 -1.5383 0.379345 -0.665581
outputs matrix:
 0.0440826 0.681069 0.208967
error matrix:
 -0.0440826 0.318931 -0.208967
delta matrix:
 -0.00371523 0.138553 -0.0690845
weights_delta matrix:
 -0.000207785 0.00774895 -0.00386375
 -0.00015246 0.0056857 -0.00283498
 -0.000238644 0.00889977 -0.00443757
 -0.000185942 0.00693437 -0.00345759
 -0.000371523 0.0138553 -0.00690845
weights matrix:
 -1.06851 0.339579 -0.12366
 1.99115 -2.52561 -0.707896
 -2.5868 1.19051 2.31456
 -2.18331 -1.096 3.25244
 0.99572 1.03938 -3.43528
regression_error on 'test' 0.0908396
classification_error on 'test' 0.0526316
Save,4956,0.0908396,0.0526316
sample_count 75 Sample index 30
 i 0:0.559279 i 1:0.410364 i 2:0.642339 i 3:0.500487 bias 1
 test_print 3.11247
net matrix:
 -1.5391 0.409054 -0.680395
outputs matrix:
 0.0440155 0.693835 0.204112
error matrix:
 -0.0440155 0.306165 -0.204112
delta matrix:
 -0.00370419 0.130076 -0.0663161
weights_delta matrix:
 -0.000207167 0.00727489 -0.00370892
 -0.000152007 0.00533786 -0.00272137
 -0.000237934 0.00835531 -0.00425974
 -0.00018539 0.00651015 -0.00331903
 -0.000370419 0.0130076 -0.00663161
weights matrix:
 -1.06872 0.346854 -0.127369
 1.991 -2.52028 -0.710617
 -2.58704 1.19886 2.3103
 -2.18349 -1.08949 3.24913
 0.99535 1.05239 -3.44191
regression_error on 'test' 0.09279
classification_error on 'test' 0.0526316
Save,4957,0.09279,0.0526316
sample_count 75 Sample index 14
 i 0:0.697853 i 1:0.516233 i 2:0.778427 i 3:0.938499 bias 1
 test_print 3.93101
net matrix:
 -2.78567 -0.0958682 0.950062
outputs matrix:
 0.00379098 0.452212 0.869906
error matrix:
 -0.00379098 -0.452212 0.130094
delta matrix:
 -2.8634e-05 -0.224041 0.0294455
weights_delta matrix:
 -1.99824e-06 -0.0156347 0.00205486
 -1.47818e-06 -0.0115657 0.00152007
 -2.22895e-06 -0.0174399 0.00229212
 -2.6873e-06 -0.0210262 0.00276346
 -2.8634e-06 -0.0224041 0.00294455
weights matrix:
 -1.06872 0.331219 -0.125314
 1.991 -2.53184 -0.709097
 -2.58704 1.18142 2.31259
 -2.1835 -1.11052 3.25189
 0.995347 1.02999 -3.43896
regression_error on 'test' 0.0891142
classification_error on 'test' 0.0526316
Save,4958,0.0891142,0.0526316
sample_count 75 Sample index 46
 i 0:0.928809 i 1:0.480944 i 2:0.854032 i 3:0.901998 bias 1
 test_print 4.16578
net matrix:
 -3.21866 0.127237 1.01183
outputs matrix:
 0.00159814 0.563277 0.883259
error matrix:
 -0.00159814 -0.563277 0.116741
delta matrix:
 -5.09995e-06 -0.277128 0.0240749
weights_delta matrix:
 -4.73688e-07 -0.0257399 0.0022361
 -2.45279e-07 -0.0133283 0.00115787
 -4.35552e-07 -0.0236676 0.00205607
 -4.60014e-07 -0.0249969 0.00217155
 -5.09995e-07 -0.0277128 0.00240749
weights matrix:
 -1.06872 0.305479 -0.123078
 1.991 -2.54517 -0.707939
 -2.58704 1.15775 2.31465
 -2.1835 -1.13552 3.25406
 0.995346 1.00227 -3.43656
regression_error on 'test' 0.0849999
classification_error on 'test' 0.0789474
Save,4959,0.0849999,0.0789474
sample_count 75 Sample index 26
 i 0:0.489992 i 1:0.339785 i 2:0.536492 i 3:0.500487 bias 1
 test_print 2.86676
net matrix:
 -1.33255 0.33996 -0.867006
outputs matrix:
 0.0650649 0.663721 0.150075
error matrix:
 -0.0650649 0.336279 -0.150075
delta matrix:
 -0.00791598 0.150112 -0.0382849
weights_delta matrix:
 -0.000387877 0.00735537 -0.00187593
 -0.000268973 0.00510058 -0.00130086
 -0.000424686 0.00805339 -0.00205396
 -0.000396185 0.00751291 -0.00191611
 -0.000791598 0.0150112 -0.00382849
weights matrix:
 -1.06911 0.312835 -0.124954
 1.99073 -2.54007 -0.70924
 -2.58746 1.16581 2.31259
 -2.18389 -1.128 3.25214
 0.994555 1.01728 -3.44038
regression_error on 'test' 0.086606
classification_error on 'test' 0.0526316
Save,4960,0.086606,0.0526316
sample_count 75 Sample index 63
 i 0:0.420705 i 1:0.904421 i 2:0.143347 i 3:0.135476 bias 1
 test_print 2.60395
net matrix:
 1.67846 -1.1341 -3.36231
outputs matrix:
 0.966331 0.0937913 0.00119953
error matrix:
 0.0336692 -0.0937913 -0.00119953
delta matrix:
 0.00219089 -0.0159435 -2.87428e-06
weights_delta matrix:
 9.21719e-05 -0.000670751 -1.20923e-07
 0.000198149 -0.00144196 -2.59956e-07
 3.14058e-05 -0.000228545 -4.1202e-08
 2.96813e-05 -0.000215996 -3.89396e-08
 0.000219089 -0.00159435 -2.87428e-07
weights matrix:
 -1.06902 0.312164 -0.124954
 1.99093 -2.54151 -0.70924
 -2.58743 1.16558 2.31259
 -2.18386 -1.12822 3.25214
 0.994774 1.01569 -3.44038
regression_error on 'test' 0.0864638
classification_error on 'test' 0.0526316
Save,4961,0.0864638,0.0526316
sample_count 75 Sample index 5
 i 0:0.536183 i 1:0.198626 i 2:0.687702 i 3:0.60999 bias 1
 test_print 3.0325
net matrix:
 -2.29448 0.791625 -0.0741068
outputs matrix:
 0.0100611 0.829664 0.463014
error matrix:
 -0.0100611 -0.829664 0.536986
delta matrix:
 -0.000200414 -0.234499 0.267024
weights_delta matrix:
 -1.07459e-05 -0.0125734 0.0143174
 -3.98075e-06 -0.00465775 0.00530379
 -1.37825e-05 -0.0161265 0.0183633
 -1.22251e-05 -0.0143042 0.0162882
 -2.00414e-05 -0.0234499 0.0267024
weights matrix:
 -1.06903 0.299591 -0.110636
 1.99092 -2.54617 -0.703936
 -2.58745 1.14945 2.33095
 -2.18388 -1.14252 3.26843
 0.994754 0.99224 -3.41368
regression_error on 'test' 0.0833251
classification_error on 'test' 0.0789474
Save,4962,0.0833251,0.0789474
sample_count 75 Sample index 8
 i 0:0.489992 i 1:0.375074 i 2:0.702823 i 3:0.755994 bias 1
 test_print 3.32388
net matrix:
 -2.25183 0.128156 0.377243
outputs matrix:
 0.0109472 0.56373 0.680155
error matrix:
 -0.0109472 -0.56373 0.319845
delta matrix:
 -0.000237058 -0.277286 0.139161
weights_delta matrix:
 -1.16156e-05 -0.0135868 0.00681876
 -8.89142e-06 -0.0104003 0.00521956
 -1.6661e-05 -0.0194883 0.00978053
 -1.79214e-05 -0.0209626 0.0105205
 -2.37058e-05 -0.0277286 0.0139161
weights matrix:
 -1.06904 0.286004 -0.103818
 1.99091 -2.55657 -0.698717
 -2.58746 1.12996 2.34073
 -2.18389 -1.16349 3.27895
 0.99473 0.964512 -3.39977
regression_error on 'test' 0.0804668
classification_error on 'test' 0.0789474
Save,4963,0.0804668,0.0789474
sample_count 75 Sample index 67
 i 0:0.443801 i 1:0.375074 i 2:0.566734 i 3:0.536988 bias 1
 test_print 2.9226
net matrix:
 -1.3721 0.148149 -0.620578
outputs matrix:
 0.0604151 0.573537 0.224235
error matrix:
 -0.0604151 0.426463 -0.224235
delta matrix:
 -0.00685894 0.208619 -0.0780129
weights_delta matrix:
 -0.000304401 0.00925853 -0.00346222
 -0.000257261 0.00782476 -0.00292606
 -0.00038872 0.0118231 -0.00442125
 -0.000368317 0.0112026 -0.0041892
 -0.000685894 0.0208619 -0.00780129
weights matrix:
 -1.06934 0.295262 -0.10728
 1.99066 -2.54874 -0.701643
 -2.58785 1.14179 2.33631
 -2.18426 -1.15228 3.27476
 0.994044 0.985374 -3.40757
regression_error on 'test' 0.0822582
classification_error on 'test' 0.0789474
Save,4964,0.0822582,0.0789474
sample_count 75 Sample index 4
 i 0:0.212844 i 1:0.516233 i 2:0.158468 i 3:0.135476 bias 1
 test_print 2.02302
net matrix:
 1.08808 -0.242698 -2.97873
outputs matrix:
 0.898088 0.380979 0.0025798
error matrix:
 0.101912 -0.380979 -0.0025798
delta matrix:
 0.0186553 -0.179696 -1.32764e-05
weights_delta matrix:
 0.000397068 -0.00382471 -2.82581e-07
 0.00096305 -0.00927648 -6.85374e-07
 0.000295628 -0.0028476 -2.10389e-07
 0.000252735 -0.00243444 -1.79864e-07
 0.00186553 -0.0179696 -1.32764e-06
weights matrix:
 -1.06895 0.291438 -0.10728
 1.99162 -2.55802 -0.701644
 -2.58756 1.13894 2.33631
 -2.18401 -1.15472 3.27476
 0.99591 0.967404 -3.40757
regression_error on 'test' 0.0812113
classification_error on 'test' 0.0789474
Save,4965,0.0812113,0.0789474
sample_count 75 Sample index 32
 i 0:0.697853 i 1:0.516233 i 2:0.642339 i 3:0.60999 bias 1
 test_print 3.46642
net matrix:
 -1.71623 -0.122531 -0.346367
outputs matrix:
 0.0312962 0.439039 0.333425
error matrix:
 -0.0312962 0.560961 -0.333425
delta matrix:
 -0.0018976 0.276311 -0.148209
weights_delta matrix:
 -0.000132424 0.0192825 -0.0103428
 -9.79602e-05 0.0142641 -0.00765105
 -0.00012189 0.0177485 -0.00952006
 -0.000115752 0.0168547 -0.00904061
 -0.00018976 0.0276311 -0.0148209
weights matrix:
 -1.06908 0.31072 -0.117623
 1.99152 -2.54376 -0.709295
 -2.58768 1.15669 2.32679
 -2.18413 -1.13786 3.26572
 0.99572 0.995035 -3.42239
regression_error on 'test' 0.0843135
classification_error on 'test' 0.0789474
Save,4966,0.0843135,0.0789474
sample_count 75 Sample index 5
 i 0:0.536183 i 1:0.198626 i 2:0.687702 i 3:0.60999 bias 1
 test_print 3.0325
net matrix:
 -2.29378 0.757753 -0.0341423
outputs matrix:
 0.0100751 0.819876 0.482935
error matrix:
 -0.0100751 -0.819876 0.517065
delta matrix:
 -0.00020097 -0.242158 0.258231
weights_delta matrix:
 -1.07757e-05 -0.0129841 0.0138459
 -3.99178e-06 -0.00480988 0.00512914
 -1.38207e-05 -0.0166532 0.0177586
 -1.2259e-05 -0.0147714 0.0157518
 -2.0097e-05 -0.0242158 0.0258231
weights matrix:
 -1.06909 0.297736 -0.103777
 1.99152 -2.54857 -0.704166
 -2.58769 1.14003 2.34455
 -2.18414 -1.15263 3.28147
 0.9957 0.97082 -3.39657
regression_error on 'test' 0.0815521
classification_error on 'test' 0.0789474
Save,4967,0.0815521,0.0789474
sample_count 75 Sample index 59
 i 0:0.60547 i 1:0.233915 i 2:0.596976 i 3:0.536988 bias 1
 test_print 2.97335
net matrix:
 -1.9034 0.616564 -0.462361
outputs matrix:
 0.0217361 0.774366 0.283997
error matrix:
 -0.0217361 0.225634 -0.283997
delta matrix:
 -0.000924377 0.0788473 -0.115497
weights_delta matrix:
 -5.59682e-05 0.00477396 -0.00699301
 -2.16226e-05 0.00184436 -0.00270165
 -5.51831e-05 0.00470699 -0.00689491
 -4.96379e-05 0.004234 -0.00620206
 -9.24377e-05 0.00788473 -0.0115497
weights matrix:
 -1.06915 0.30251 -0.11077
 1.9915 -2.54672 -0.706867
 -2.58775 1.14474 2.33766
 -2.18419 -1.1484 3.27527
 0.995607 0.978704 -3.40812
regression_error on 'test' 0.0824118
classification_error on 'test' 0.0789474
Save,4968,0.0824118,0.0789474
sample_count 75 Sample index 12
 i 0:0.166653 i 1:0.480944 i 2:0.128226 i 3:0.135476 bias 1
 test_print 1.9113
net matrix:
 1.14751 -0.204507 -3.02307
outputs matrix:
 0.908463 0.399148 0.00236139
error matrix:
 0.0915366 -0.399148 -0.00236139
delta matrix:
 0.0152239 -0.191455 -1.1126e-05
weights_delta matrix:
 0.000253711 -0.00319065 -1.85418e-07
 0.000732186 -0.0092079 -5.35098e-07
 0.00019521 -0.00245495 -1.42664e-07
 0.000206248 -0.00259375 -1.50731e-07
 0.00152239 -0.0191455 -1.1126e-06
weights matrix:
 -1.06889 0.299319 -0.11077
 1.99223 -2.55593 -0.706868
 -2.58755 1.14229 2.33766
 -2.18398 -1.15099 3.27527
 0.99713 0.959559 -3.40812
regression_error on 'test' 0.0813393
classification_error on 'test' 0.0789474
Save,4969,0.0813393,0.0789474
sample_count 75 Sample index 33
 i 0:0.559279 i 1:0.480944 i 2:0.672581 i 3:0.719493 bias 1
 test_print 3.4323
net matrix:
 -1.95423 -0.16215 0.118767
outputs matrix:
 0.0196766 0.419628 0.559106
error matrix:
 -0.0196766 -0.419628 0.440894
delta matrix:
 -0.000759099 -0.204393 0.217367
weights_delta matrix:
 -4.24548e-05 -0.0114313 0.0121569
 -3.65084e-05 -0.00983016 0.0104541
 -5.10555e-05 -0.0137471 0.0146197
 -5.46166e-05 -0.0147059 0.0156394
 -7.59099e-05 -0.0204393 0.0217367
weights matrix:
 -1.06894 0.287888 -0.0986133
 1.99219 -2.56576 -0.696414
 -2.5876 1.12854 2.35228
 -2.18404 -1.1657 3.29091
 0.997054 0.93912 -3.38638
regression_error on 'test' 0.0793203
classification_error on 'test' 0.0789474
Save,4970,0.0793203,0.0789474
sample_count 75 Sample index 44
 i 0:0.536183 i 1:0.375074 i 2:0.702823 i 3:0.646491 bias 1
 test_print 3.26057
net matrix:
 -2.05946 0.170679 0.0803172
outputs matrix:
 0.0160019 0.58452 0.540072
error matrix:
 -0.0160019 0.41548 -0.540072
delta matrix:
 -0.000503927 0.201804 -0.268302
weights_delta matrix:
 -2.70197e-05 0.0108204 -0.0143859
 -1.8901e-05 0.00756913 -0.0100633
 -3.54171e-05 0.0141832 -0.0188569
 -3.25784e-05 0.0130464 -0.0173455
 -5.03927e-05 0.0201804 -0.0268302
weights matrix:
 -1.06896 0.298708 -0.112999
 1.99217 -2.55819 -0.706477
 -2.58764 1.14272 2.33342
 -2.18407 -1.15265 3.27357
 0.997004 0.9593 -3.41321
regression_error on 'test' 0.0813381
classification_error on 'test' 0.0789474
Save,4971,0.0813381,0.0789474
sample_count 75 Sample index 42
 i 0:0.651661 i 1:0.551523 i 2:0.702823 i 3:0.792495 bias 1
 test_print 3.6985
net matrix:
 -2.15038 -0.367285 0.35778
outputs matrix:
 0.0133768 0.324193 0.671629
error matrix:
 -0.0133768 -0.324193 0.328371
delta matrix:
 -0.00035309 -0.142056 0.14484
weights_delta matrix:
 -2.30095e-05 -0.00925722 0.00943869
 -1.94737e-05 -0.00783471 0.00798828
 -2.4816e-05 -0.00998401 0.0101797
 -2.79822e-05 -0.0112579 0.0114785
 -3.5309e-05 -0.0142056 0.014484
weights matrix:
 -1.06899 0.289451 -0.10356
 1.99215 -2.56603 -0.698489
 -2.58766 1.13274 2.3436
 -2.1841 -1.16391 3.28504
 0.996968 0.945094 -3.39873
regression_error on 'test' 0.0797753
classification_error on 'test' 0.0789474
Save,4972,0.0797753,0.0789474
sample_count 75 Sample index 0
 i 0:0.282131 i 1:0.269205 i 2:0.430645 i 3:0.427485 bias 1
 test_print 2.40947
net matrix:
 -0.816361 0.326224 -1.20241
outputs matrix:
 0.163458 0.657562 0.0828053
error matrix:
 -0.163458 0.342438 -0.0828053
delta matrix:
 -0.0447023 0.154216 -0.0125779
weights_delta matrix:
 -0.00126119 0.00435093 -0.000354861
 -0.00120341 0.00415158 -0.000338603
 -0.00192508 0.00664126 -0.00054166
 -0.00191095 0.00659252 -0.000537686
 -0.00447023 0.0154216 -0.00125779
weights matrix:
 -1.07025 0.293802 -0.103915
 1.99095 -2.56187 -0.698827
 -2.58959 1.13938 2.34306
 -2.18601 -1.15732 3.28451
 0.992498 0.960516 -3.39998
regression_error on 'test' 0.0807522
classification_error on 'test' 0.0789474
Save,4973,0.0807522,0.0789474
sample_count 75 Sample index 20
 i 0:0.489992 i 1:0.375074 i 2:0.521371 i 3:0.500487 bias 1
 test_print 2.88692
net matrix:
 -1.22937 0.158401 -0.847558
outputs matrix:
 0.0788024 0.578545 0.155104
error matrix:
 -0.0788024 0.421455 -0.155104
delta matrix:
 -0.0114409 0.205528 -0.0406518
weights_delta matrix:
 -0.000560597 0.0100707 -0.00199191
 -0.00042912 0.00770881 -0.00152474
 -0.000596498 0.0107156 -0.00211947
 -0.000572605 0.0102864 -0.00203457
 -0.00114409 0.0205528 -0.00406518
weights matrix:
 -1.07081 0.303873 -0.105907
 1.99052 -2.55417 -0.700352
 -2.59019 1.15009 2.34094
 -2.18658 -1.14703 3.28247
 0.991354 0.981069 -3.40405
regression_error on 'test' 0.0824647
classification_error on 'test' 0.0789474
Save,4974,0.0824647,0.0789474
sample_count 75 Sample index 36
 i 0:0.744044 i 1:0.516233 i 2:0.702823 i 3:0.901998 bias 1
 test_print 3.8651
net matrix:
 -2.57053 -0.337689 0.761655
outputs matrix:
 0.0058174 0.337294 0.821025
error matrix:
 -0.0058174 -0.337294 0.178975
delta matrix:
 -6.72906e-05 -0.150788 0.052598
weights_delta matrix:
 -5.00672e-06 -0.0112193 0.00391352
 -3.47376e-06 -0.00778419 0.00271528
 -4.72934e-06 -0.0105978 0.00369671
 -6.0696e-06 -0.0136011 0.00474433
 -6.72906e-06 -0.0150788 0.0052598
weights matrix:
 -1.07081 0.292653 -0.101994
 1.99052 -2.56195 -0.697637
 -2.59019 1.1395 2.34463
 -2.18659 -1.16063 3.28722
 0.991347 0.96599 -3.39879
regression_error on 'test' 0.0807965
classification_error on 'test' 0.0789474
Save,4975,0.0807965,0.0789474
sample_count 75 Sample index 27
 i 0:0.328323 i 1:0.622103 i 2:0.158468 i 3:0.135476 bias 1
 test_print 2.24437
net matrix:
 1.17139 -0.508386 -3.04939
outputs matrix:
 0.912359 0.265657 0.00224058
error matrix:
 0.0876414 -0.265657 -0.00224058
delta matrix:
 0.0140157 -0.10365 -1.00179e-05
weights_delta matrix:
 0.000460167 -0.00340308 -3.28909e-07
 0.000871919 -0.00644811 -6.23214e-07
 0.000222104 -0.00164253 -1.58751e-07
 0.000189879 -0.00140421 -1.35718e-07
 0.00140157 -0.010365 -1.00179e-06
weights matrix:
 -1.07035 0.28925 -0.101994
 1.99139 -2.5684 -0.697637
 -2.58997 1.13785 2.34463
 -2.1864 -1.16204 3.28722
 0.992749 0.955625 -3.39879
regression_error on 'test' 0.0802062
classification_error on 'test' 0.0789474
Save,4976,0.0802062,0.0789474
sample_count 75 Sample index 17
 i 0:0.443801 i 1:0.304495 i 2:0.521371 i 3:0.463986 bias 1
 test_print 2.73365
net matrix:
 -1.2407 0.356006 -0.908836
outputs matrix:
 0.0771728 0.670845 0.139714
error matrix:
 -0.0771728 0.329155 -0.139714
delta matrix:
 -0.010992 0.145362 -0.0335854
weights_delta matrix:
 -0.000487828 0.0064512 -0.00149052
 -0.000334702 0.00442621 -0.00102266
 -0.000573093 0.00757878 -0.00175104
 -0.000510015 0.00674462 -0.00155831
 -0.0010992 0.0145362 -0.00335854
weights matrix:
 -1.07084 0.295702 -0.103485
 1.99106 -2.56397 -0.69866
 -2.59054 1.14543 2.34288
 -2.18691 -1.15529 3.28566
 0.99165 0.970161 -3.40215
regression_error on 'test' 0.081297
classification_error on 'test' 0.0789474
Save,4977,0.081297,0.0789474
sample_count 75 Sample index 51
 i 0:0.628566 i 1:0.516233 i 2:0.763306 i 3:0.719493 bias 1
 test_print 3.6276
net matrix:
 -2.20443 -0.124487 0.324478
outputs matrix:
 0.0120226 0.438076 0.656775
error matrix:
 -0.0120226 -0.438076 0.343225
delta matrix:
 -0.000285611 -0.215678 0.154741
weights_delta matrix:
 -1.79526e-05 -0.0135568 0.00972646
 -1.47442e-05 -0.011134 0.00798822
 -2.18009e-05 -0.0164629 0.0118114
 -2.05495e-05 -0.0155179 0.0111335
 -2.85611e-05 -0.0215678 0.0154741
weights matrix:
 -1.07086 0.282145 -0.0937581
 1.99104 -2.57511 -0.690672
 -2.59056 1.12897 2.3547
 -2.18693 -1.17081 3.29679
 0.991621 0.948593 -3.38668
regression_error on 'test' 0.0792271
classification_error on 'test' 0.0789474
Save,4978,0.0792271,0.0789474
sample_count 75 Sample index 25
 i 0:0.628566 i 1:0.410364 i 2:0.778427 i 3:0.865497 bias 1
 test_print 3.68285
net matrix:
 -2.77378 -0.0653027 0.957287
outputs matrix:
 0.00388186 0.467395 0.871532
error matrix:
 -0.00388186 -0.467395 0.128468
delta matrix:
 -3.00208e-05 -0.232704 0.0287675
weights_delta matrix:
 -1.887e-06 -0.014627 0.00180823
 -1.23194e-06 -0.00954932 0.00118052
 -2.3369e-06 -0.0181143 0.00223934
 -2.59829e-06 -0.0201404 0.00248982
 -3.00208e-06 -0.0232704 0.00287675
weights matrix:
 -1.07086 0.267518 -0.0919499
 1.99104 -2.58466 -0.689491
 -2.59057 1.11086 2.35693
 -2.18693 -1.19095 3.29928
 0.991618 0.925323 -3.3838
regression_error on 'test' 0.0774993
classification_error on 'test' 0.0789474
Save,4979,0.0774993,0.0789474
sample_count 75 Sample index 36
 i 0:0.744044 i 1:0.516233 i 2:0.702823 i 3:0.901998 bias 1
 test_print 3.8651
net matrix:
 -2.57062 -0.503416 0.824302
outputs matrix:
 0.00581636 0.2676 0.838702
error matrix:
 -0.00581636 -0.2676 0.161298
delta matrix:
 -6.72666e-05 -0.104894 0.0436409
weights_delta matrix:
 -5.00493e-06 -0.00780458 0.00324708
 -3.47253e-06 -0.00541498 0.00225289
 -4.72765e-06 -0.00737219 0.00306719
 -6.06744e-06 -0.00946142 0.0039364
 -6.72666e-06 -0.0104894 0.00436409
weights matrix:
 -1.07086 0.259713 -0.0887028
 1.99104 -2.59007 -0.687238
 -2.59057 1.10348 2.36
 -2.18694 -1.20041 3.30322
 0.991611 0.914834 -3.37943
regression_error on 'test' 0.0768259
classification_error on 'test' 0.0526316
Save,4980,0.0768259,0.0526316
sample_count 75 Sample index 50
 i 0:0.489992 i 1:0.833841 i 2:0.113105 i 3:0.135476 bias 1
 test_print 2.57241
net matrix:
 1.53782 -1.15543 -3.28151
outputs matrix:
 0.955877 0.090227 0.00140962
error matrix:
 0.0441234 -0.090227 -0.00140962
delta matrix:
 0.00372194 -0.0148128 -3.96848e-06
weights_delta matrix:
 0.000182372 -0.000725813 -1.94452e-07
 0.00031035 -0.00123515 -3.30908e-07
 4.2097e-05 -0.00016754 -4.48855e-08
 5.04233e-05 -0.000200677 -5.37634e-08
 0.000372194 -0.00148128 -3.96848e-07
weights matrix:
 -1.07068 0.258987 -0.088703
 1.99135 -2.59131 -0.687239
 -2.59053 1.10332 2.36
 -2.18688 -1.20061 3.30322
 0.991983 0.913352 -3.37943
regression_error on 'test' 0.0767715
classification_error on 'test' 0.0526316
Save,4981,0.0767715,0.0526316
sample_count 75 Sample index 66
 i 0:0.60547 i 1:0.304495 i 2:0.672581 i 3:0.60999 bias 1
 test_print 3.19254
net matrix:
 -2.12625 0.29083 -0.0401801
outputs matrix:
 0.0140291 0.641449 0.479921
error matrix:
 -0.0140291 0.358551 -0.479921
delta matrix:
 -0.000388111 0.164928 -0.239573
weights_delta matrix:
 -2.34989e-05 0.00998588 -0.0145055
 -1.18178e-05 0.00502197 -0.00729489
 -2.61036e-05 0.0110927 -0.0161133
 -2.36744e-05 0.0100604 -0.0146137
 -3.88111e-05 0.0164928 -0.0239573
weights matrix:
 -1.07071 0.268973 -0.103208
 1.99133 -2.58628 -0.694534
 -2.59055 1.11441 2.34389
 -2.18691 -1.19055 3.2886
 0.991945 0.929845 -3.40339
regression_error on 'test' 0.0778393
classification_error on 'test' 0.0789474
Save,4982,0.0778393,0.0789474
sample_count 75 Sample index 16
 i 0:0.60547 i 1:0.304495 i 2:0.687702 i 3:0.755994 bias 1
 test_print 3.35366
net matrix:
 -2.4848 0.171521 0.420698
outputs matrix:
 0.00689797 0.584929 0.698759
error matrix:
 -0.00689797 -0.584929 0.301241
delta matrix:
 -9.45075e-05 -0.284026 0.126819
weights_delta matrix:
 -5.72214e-06 -0.0171969 0.00767852
 -2.87771e-06 -0.00864846 0.00386158
 -6.4993e-06 -0.0195326 0.00872138
 -7.14471e-06 -0.0214722 0.00958745
 -9.45075e-06 -0.0284026 0.0126819
weights matrix:
 -1.07071 0.251776 -0.0955299
 1.99133 -2.59493 -0.690672
 -2.59056 1.09488 2.35261
 -2.18692 -1.21202 3.29819
 0.991935 0.901442 -3.39071
regression_error on 'test' 0.0762087
classification_error on 'test' 0.0526316
Save,4983,0.0762087,0.0526316
sample_count 75 Sample index 46
 i 0:0.928809 i 1:0.480944 i 2:0.854032 i 3:0.901998 bias 1
 test_print 4.16578
net matrix:
 -3.22985 -0.270907 1.17255
outputs matrix:
 0.00156283 0.367766 0.912544
error matrix:
 -0.00156283 -0.367766 0.0874556
delta matrix:
 -4.87722e-06 -0.171022 0.0139592
weights_delta matrix:
 -4.53e-07 -0.0158846 0.00129654
 -2.34567e-07 -0.00822518 0.000671357
 -4.1653e-07 -0.0146058 0.00119216
 -4.39924e-07 -0.0154261 0.00125911
 -4.87722e-07 -0.0171022 0.00139592
weights matrix:
 -1.07071 0.235892 -0.0942334
 1.99133 -2.60316 -0.690001
 -2.59056 1.08027 2.3538
 -2.18692 -1.22745 3.29945
 0.991935 0.88434 -3.38931
regression_error on 'test' 0.0754219
classification_error on 'test' 0.0789474
Save,4984,0.0754219,0.0789474
sample_count 75 Sample index 11
 i 0:0.536183 i 1:0.198626 i 2:0.536492 i 3:0.427485 bias 1
 test_print 2.69879
net matrix:
 -1.51132 0.548607 -0.903631
outputs matrix:
 0.0464133 0.749738 0.140969
error matrix:
 -0.0464133 0.250262 -0.140969
delta matrix:
 -0.00410843 0.0939141 -0.034142
weights_delta matrix:
 -0.000220287 0.00503551 -0.00183063
 -8.1604e-05 0.00186538 -0.000678148
 -0.000220414 0.00503841 -0.00183169
 -0.000175629 0.00401469 -0.00145952
 -0.000410843 0.00939141 -0.0034142
weights matrix:
 -1.07093 0.240927 -0.096064
 1.99125 -2.60129 -0.690679
 -2.59078 1.08531 2.35197
 -2.18709 -1.22344 3.29799
 0.991524 0.893732 -3.39273
regression_error on 'test' 0.0756975
classification_error on 'test' 0.0789474
Save,4985,0.0756975,0.0789474
sample_count 75 Sample index 48
 i 0:0.744044 i 1:0.516233 i 2:0.748185 i 3:0.828996 bias 1
 test_print 3.83746
net matrix:
 -2.52882 -0.472092 0.672975
outputs matrix:
 0.00632032 0.280056 0.793467
error matrix:
 -0.00632032 -0.280056 0.206533
delta matrix:
 -7.9388e-05 -0.112932 0.0676922
weights_delta matrix:
 -5.90682e-06 -0.00840266 0.0050366
 -4.09827e-06 -0.00582994 0.00349449
 -5.93969e-06 -0.00844943 0.00506463
 -6.58123e-06 -0.00936204 0.00561166
 -7.9388e-06 -0.0112932 0.00676922
weights matrix:
 -1.07094 0.232525 -0.0910274
 1.99125 -2.60712 -0.687184
 -2.59079 1.07686 2.35703
 -2.1871 -1.2328 3.3036
 0.991516 0.882438 -3.38596
regression_error on 'test' 0.075249
classification_error on 'test' 0.0789474
Save,4986,0.075249,0.0789474
sample_count 75 Sample index 1
 i 0:0.582374 i 1:0.445654 i 2:0.581855 i 3:0.536988 bias 1
 test_print 3.14687
net matrix:
 -1.42667 -0.179441 -0.59977
outputs matrix:
 0.0545087 0.41123 0.231557
error matrix:
 -0.0545087 0.58877 -0.231557
delta matrix:
 -0.00561848 0.285106 -0.0824058
weights_delta matrix:
 -0.000327206 0.0166038 -0.0047991
 -0.00025039 0.0127059 -0.00367245
 -0.000326914 0.016589 -0.00479482
 -0.000301706 0.0153098 -0.00442509
 -0.000561848 0.0285106 -0.00824058
weights matrix:
 -1.07127 0.249128 -0.0958265
 1.991 -2.59442 -0.690857
 -2.59111 1.09345 2.35224
 -2.1874 -1.21749 3.29918
 0.990954 0.910949 -3.3942
regression_error on 'test' 0.076238
classification_error on 'test' 0.0526316
Save,4987,0.076238,0.0526316
sample_count 75 Sample index 18
 i 0:0.513088 i 1:0.480944 i 2:0.566734 i 3:0.60999 bias 1
 test_print 3.17076
net matrix:
 -1.40391 -0.331956 -0.430071
outputs matrix:
 0.0569034 0.339861 0.29731
error matrix:
 -0.0569034 0.660139 -0.29731
delta matrix:
 -0.00610749 0.296212 -0.124226
weights_delta matrix:
 -0.000313368 0.0151983 -0.00637389
 -0.000293736 0.0142461 -0.00597458
 -0.000346132 0.0167873 -0.00704031
 -0.00037255 0.0180686 -0.00757766
 -0.000610749 0.0296212 -0.0124226
weights matrix:
 -1.07158 0.264327 -0.1022
 1.9907 -2.58017 -0.696831
 -2.59146 1.11024 2.3452
 -2.18777 -1.19942 3.2916
 0.990343 0.94057 -3.40662
regression_error on 'test' 0.077826
classification_error on 'test' 0.0789474
Save,4988,0.077826,0.0789474
sample_count 75 Sample index 40
 i 0:0.328323 i 1:0.763262 i 2:0.158468 i 3:0.171977 bias 1
 test_print 2.42203
net matrix:
 1.37104 -0.972327 -3.03432
outputs matrix:
 0.939464 0.125138 0.00230896
error matrix:
 0.060536 -0.125138 -0.00230896
delta matrix:
 0.00688553 -0.0273997 -1.0638e-05
weights_delta matrix:
 0.000226068 -0.000899594 -3.49269e-07
 0.000525546 -0.00209131 -8.11956e-07
 0.000109114 -0.000434197 -1.68578e-07
 0.000118415 -0.000471211 -1.82949e-07
 0.000688553 -0.00273997 -1.0638e-06
weights matrix:
 -1.07135 0.263427 -0.102201
 1.99123 -2.58226 -0.696832
 -2.59135 1.1098 2.3452
 -2.18765 -1.19989 3.2916
 0.991032 0.93783 -3.40662
regression_error on 'test' 0.0777089
classification_error on 'test' 0.0789474
Save,4989,0.0777089,0.0789474
sample_count 75 Sample index 48
 i 0:0.744044 i 1:0.516233 i 2:0.748185 i 3:0.828996 bias 1
 test_print 3.83746
net matrix:
 -2.53053 -0.363584 0.640974
outputs matrix:
 0.00629889 0.325816 0.782781
error matrix:
 -0.00629889 -0.325816 0.217219
delta matrix:
 -7.88522e-05 -0.143138 0.0738696
weights_delta matrix:
 -5.86695e-06 -0.0106501 0.00549622
 -4.07061e-06 -0.00738924 0.00381339
 -5.89961e-06 -0.0107093 0.00552681
 -6.53682e-06 -0.0118661 0.00612376
 -7.88522e-06 -0.0143138 0.00738696
weights matrix:
 -1.07136 0.252777 -0.0967045
 1.99122 -2.58965 -0.693019
 -2.59136 1.09909 2.35073
 -2.18766 -1.21176 3.29772
 0.991024 0.923516 -3.39924
regression_error on 'test' 0.0767206
classification_error on 'test' 0.0526316
Save,4990,0.0767206,0.0526316
sample_count 75 Sample index 22
 i 0:0.305227 i 1:0.233915 i 2:0.430645 i 3:0.427485 bias 1
 test_print 2.39727
net matrix:
 -0.921354 0.350224 -1.1688
outputs matrix:
 0.136731 0.668287 0.0880557
error matrix:
 -0.136731 0.331713 -0.0880557
delta matrix:
 -0.0322784 0.147068 -0.0141421
weights_delta matrix:
 -0.000985225 0.00448891 -0.000431655
 -0.000755041 0.00344014 -0.000330805
 -0.00139005 0.00633341 -0.000609022
 -0.00137985 0.00628694 -0.000604553
 -0.00322784 0.0147068 -0.00141421
weights matrix:
 -1.07234 0.257266 -0.0971362
 1.99047 -2.58621 -0.69335
 -2.59275 1.10543 2.35012
 -2.18904 -1.20547 3.29712
 0.987796 0.938223 -3.40065
regression_error on 'test' 0.0773265
classification_error on 'test' 0.0789474
Save,4991,0.0773265,0.0789474
sample_count 75 Sample index 5
 i 0:0.536183 i 1:0.198626 i 2:0.687702 i 3:0.60999 bias 1
 test_print 3.0325
net matrix:
 -2.31015 0.587355 0.0369396
outputs matrix:
 0.0097538 0.763995 0.518461
error matrix:
 -0.0097538 -0.763995 0.481539
delta matrix:
 -0.000188418 -0.275507 0.240441
weights_delta matrix:
 -1.01026e-05 -0.0147722 0.012892
 -3.74246e-06 -0.00547228 0.00477578
 -1.29575e-05 -0.0189466 0.0165352
 -1.14933e-05 -0.0168056 0.0146667
 -1.88418e-05 -0.0275507 0.0240441
weights matrix:
 -1.07235 0.242494 -0.0842441
 1.99046 -2.59168 -0.688574
 -2.59276 1.08648 2.36665
 -2.18905 -1.22228 3.31179
 0.987777 0.910673 -3.37661
regression_error on 'test' 0.0759512
classification_error on 'test' 0.0789474
Save,4992,0.0759512,0.0789474
sample_count 75 Sample index 30
 i 0:0.559279 i 1:0.410364 i 2:0.642339 i 3:0.500487 bias 1
 test_print 3.11247
net matrix:
 -1.55618 0.0689161 -0.528589
outputs matrix:
 0.0426006 0.534404 0.257849
error matrix:
 -0.0426006 0.465596 -0.257849
delta matrix:
 -0.003475 0.231696 -0.0986855
weights_delta matrix:
 -0.000194349 0.0129583 -0.00551927
 -0.000142601 0.00950797 -0.0040497
 -0.000223213 0.0148827 -0.00633895
 -0.000173919 0.0115961 -0.00493908
 -0.0003475 0.0231696 -0.00986855
weights matrix:
 -1.07255 0.255452 -0.0897634
 1.99032 -2.58217 -0.692623
 -2.59298 1.10136 2.36031
 -2.18923 -1.21068 3.30685
 0.98743 0.933842 -3.38647
regression_error on 'test' 0.0769898
classification_error on 'test' 0.0526316
Save,4993,0.0769898,0.0526316
sample_count 75 Sample index 30
 i 0:0.559279 i 1:0.410364 i 2:0.642339 i 3:0.500487 bias 1
 test_print 3.11247
net matrix:
 -1.55692 0.118598 -0.54975
outputs matrix:
 0.0425399 0.559023 0.249834
error matrix:
 -0.0425399 0.440977 -0.249834
delta matrix:
 -0.00346532 0.217416 -0.093646
weights_delta matrix:
 -0.000193808 0.0121596 -0.00523742
 -0.000142204 0.00892198 -0.00384289
 -0.000222591 0.0139655 -0.00601525
 -0.000173435 0.0108814 -0.00468686
 -0.000346532 0.0217416 -0.0093646
weights matrix:
 -1.07274 0.267612 -0.0950008
 1.99018 -2.57325 -0.696466
 -2.59321 1.11533 2.3543
 -2.1894 -1.1998 3.30216
 0.987083 0.955584 -3.39584
regression_error on 'test' 0.0782765
classification_error on 'test' 0.0789474
Save,4994,0.0782765,0.0789474
sample_count 75 Sample index 72
 i 0:0.905713 i 1:0.480944 i 2:0.929637 i 3:0.828996 bias 1
 test_print 4.14529
net matrix:
 -3.25309 0.00259471 1.10928
outputs matrix:
 0.00149194 0.501297 0.901903
error matrix:
 -0.00149194 -0.501297 0.0980969
delta matrix:
 -4.44513e-06 -0.250647 0.017358
weights_delta matrix:
 -4.02602e-07 -0.0227014 0.00157214
 -2.13786e-07 -0.0120547 0.000834823
 -4.13236e-07 -0.0233011 0.00161367
 -3.685e-07 -0.0207785 0.00143897
 -4.44513e-07 -0.0250647 0.0017358
weights matrix:
 -1.07274 0.24491 -0.0934287
 1.99018 -2.58531 -0.695632
 -2.59321 1.09203 2.35591
 -2.1894 -1.22058 3.3036
 0.987083 0.930519 -3.3941
regression_error on 'test' 0.0764842
classification_error on 'test' 0.0526316
Save,4995,0.0764842,0.0526316
sample_count 75 Sample index 34
 i 0:0.767139 i 1:0.551523 i 2:0.642339 i 3:0.573489 bias 1
 test_print 3.53449
net matrix:
 -1.65954 -0.305993 -0.441562
outputs matrix:
 0.0349221 0.351606 0.292531
error matrix:
 -0.0349221 0.648394 -0.292531
delta matrix:
 -0.00235393 0.295641 -0.121082
weights_delta matrix:
 -0.000180579 0.0226798 -0.00928871
 -0.000129824 0.0163053 -0.00667798
 -0.000151202 0.0189902 -0.0077776
 -0.000134995 0.0169547 -0.00694395
 -0.000235393 0.0295641 -0.0121082
weights matrix:
 -1.07292 0.26759 -0.102717
 1.99005 -2.569 -0.70231
 -2.59336 1.11102 2.34813
 -2.18953 -1.20362 3.29665
 0.986847 0.960083 -3.40621
regression_error on 'test' 0.0783857
classification_error on 'test' 0.0789474
Save,4996,0.0783857,0.0789474
sample_count 75 Sample index 39
 i 0:0.397609 i 1:0.622103 i 2:0.18871 i 3:0.135476 bias 1
 test_print 2.3439
net matrix:
 1.01224 -0.485106 -2.99423
outputs matrix:
 0.883343 0.274838 0.00250126
error matrix:
 0.116657 -0.274838 -0.00250126
delta matrix:
 0.0240426 -0.109552 -1.24813e-05
weights_delta matrix:
 0.000955956 -0.00435587 -4.96268e-07
 0.0014957 -0.00681524 -7.76466e-07
 0.000453708 -0.00206735 -2.35535e-07
 0.00032572 -0.00148416 -1.69092e-07
 0.00240426 -0.0109552 -1.24813e-06
weights matrix:
 -1.07197 0.263234 -0.102718
 1.99154 -2.57582 -0.70231
 -2.5929 1.10895 2.34813
 -2.18921 -1.20511 3.29665
 0.989252 0.949128 -3.40621
regression_error on 'test' 0.0778833
classification_error on 'test' 0.0789474
Save,4997,0.0778833,0.0789474
sample_count 75 Sample index 2
 i 0:0.466896 i 1:0.480944 i 2:0.566734 i 3:0.500487 bias 1
 test_print 3.01506
net matrix:
 -1.11858 -0.141454 -0.811243
outputs matrix:
 0.0964625 0.429741 0.164862
error matrix:
 -0.0964625 0.570259 -0.164862
delta matrix:
 -0.0168149 0.279499 -0.0453973
weights_delta matrix:
 -0.00078508 0.0130497 -0.00211958
 -0.000808701 0.0134424 -0.00218336
 -0.000952956 0.0158402 -0.00257282
 -0.000841563 0.0139886 -0.00227208
 -0.00168149 0.0279499 -0.00453973
weights matrix:
 -1.07275 0.276284 -0.104837
 1.99074 -2.56237 -0.704494
 -2.59386 1.12479 2.34556
 -2.19005 -1.19112 3.29438
 0.98757 0.977078 -3.41075
regression_error on 'test' 0.07974
classification_error on 'test' 0.0789474
Save,4998,0.07974,0.0789474
sample_count 75 Sample index 70
 i 0:0.259036 i 1:0.622103 i 2:0.173589 i 3:0.135476 bias 1
 test_print 2.1902
net matrix:
 1.20117 -0.511532 -3.0227
outputs matrix:
 0.917005 0.264431 0.00236312
error matrix:
 0.0829948 -0.264431 -0.00236312
delta matrix:
 0.0126329 -0.102867 -1.11423e-05
weights_delta matrix:
 0.000327238 -0.00266464 -2.88625e-07
 0.000785898 -0.00639941 -6.93163e-07
 0.000219294 -0.00178566 -1.93417e-07
 0.000171146 -0.00139361 -1.50951e-07
 0.00126329 -0.0102867 -1.11423e-06
weights matrix:
 -1.07243 0.273619 -0.104838
 1.99152 -2.56877 -0.704494
 -2.59364 1.123 2.34556
 -2.18988 -1.19251 3.29438
 0.988834 0.966791 -3.41075
regression_error on 'test' 0.0792135
classification_error on 'test' 0.0789474
Save,4999,0.0792135,0.0789474
blap exiting, run time 1 seconds
